2026-08-01 05:27:31.025461 DBG,RX,t=553960,event=CRC,bytes=495796,parsed=10054,accepted=5948,len=383,crc=3548,field=175,dup=0,old=1,ovf=0
2026-08-01 05:27:31.026965 DBG,RX,t=554020,event=CRC,bytes=495847,parsed=10055,accepted=5948,len=383,crc=3549,field=175,dup=0,old=1,ovf=0
2026-08-01 05:27:31.027981 DBG,RX,t=554120,event=CRC,bytes=495948,parsed=10057,accepted=5949,len=383,crc=3550,field=175,dup=0,old=1,ovf=0
2026-08-01 05:27:34.224120 DBG,RX,t=554280,event=CRC,bytes=496099,parsed=10060,accepted=5951,len=383,crc=3551,field=175,dup=0,old=1,ovf=0
2026-08-01 05:27:34.225161 DBG,RX,t=554340,event=CRC,bytes=496150,parsed=10061,accepted=5951,len=383,crc=3552,field=175,dup=0,old=1,ovf=0
2026-08-01 05:27:34.226160 DBG,RX,t=554460,event=CRC,bytes=496251,parsed=10063,accepted=5952,len=383,crc=3553,field=175,dup=0,old=1,ovf=0
2026-08-01 05:27:34.228760 DBG,RX,t=554500,event=CRC,bytes=496303,parsed=10064,accepted=5952,len=383,crc=3554,field=175,dup=0,old=1,ovf=0
2026-08-01 05:27:34.230342 DBG,RX,t=554560,event=CRC,bytes=496354,parsed=10065,accepted=5952,len=383,crc=3555,field=175,dup=0,old=1,ovf=0
2026-08-01 05:27:34.231354 DBG,RX,t=554660,event=CRC,bytes=496455,parsed=10067,accepted=5953,len=383,crc=3556,field=175,dup=0,old=1,ovf=0
2026-08-01 05:27:34.232363 DBG,RX,t=554780,event=FIELD,bytes=496558,parsed=10069,accepted=5954,len=383,crc=3556,field=176,dup=0,old=1,ovf=0
2026-08-01 05:27:34.233364 DBG,RX,t=554980,event=CRC,bytes=496759,parsed=10073,accepted=5957,len=383,crc=3557,field=176,dup=0,old=1,ovf=0
2026-08-01 05:27:34.234687 DBG,RX,t=555140,event=CRC,bytes=496910,parsed=10076,accepted=5959,len=383,crc=3558,field=176,dup=0,old=1,ovf=0
2026-08-01 05:27:34.235799 DBG,RX,t=555240,event=CRC,bytes=497012,parsed=10078,accepted=5960,len=383,crc=3559,field=176,dup=0,old=1,ovf=0
2026-08-01 05:27:34.237138 DBG,RX,t=555360,event=CRC,bytes=497114,parsed=10080,accepted=5961,len=383,crc=3560,field=176,dup=0,old=1,ovf=0
2026-08-01 05:27:34.238148 DBG,RX,t=555420,event=CRC,bytes=497166,parsed=10081,accepted=5961,len=383,crc=3561,field=176,dup=0,old=1,ovf=0
2026-08-01 05:27:34.238148 DBG,RX,t=555680,event=CRC,bytes=497417,parsed=10086,accepted=5965,len=383,crc=3562,field=176,dup=0,old=1,ovf=0
2026-08-01 05:27:34.240049 DBG,RX,t=555780,event=CRC,bytes=497519,parsed=10088,accepted=5966,len=383,crc=3563,field=176,dup=0,old=1,ovf=0
2026-08-01 05:27:34.240586 DBG,RX,t=555840,event=FIELD,bytes=497571,parsed=10089,accepted=5966,len=383,crc=3563,field=177,dup=0,old=1,ovf=0
2026-08-01 05:27:34.242601 DBG,RX,t=555960,event=CRC,bytes=497672,parsed=10091,accepted=5967,len=383,crc=3564,field=177,dup=0,old=1,ovf=0
2026-08-01 05:27:34.243421 DBG,RX,t=556000,event=CRC,bytes=497724,parsed=10092,accepted=5967,len=383,crc=3565,field=177,dup=0,old=1,ovf=0
2026-08-01 05:27:34.243421 DBG,RX,t=556060,event=CRC,bytes=497775,parsed=10093,accepted=5967,len=383,crc=3566,field=177,dup=0,old=1,ovf=0
2026-08-01 05:27:34.243421 DBG,RX,t=556100,event=CRC,bytes=497828,parsed=10094,accepted=5967,len=383,crc=3567,field=177,dup=0,old=1,ovf=0
2026-08-01 05:27:34.245994 DBG,RX,t=556160,event=CRC,bytes=497879,parsed=10095,accepted=5967,len=383,crc=3568,field=177,dup=0,old=1,ovf=0
2026-08-01 05:27:34.247050 DBG,RX,t=556280,event=CRC,bytes=497980,parsed=10097,accepted=5968,len=383,crc=3569,field=177,dup=0,old=1,ovf=0
2026-08-01 05:27:34.248054 DBG,RX,t=556540,event=CRC,bytes=498233,parsed=10102,accepted=5972,len=383,crc=3570,field=177,dup=0,old=1,ovf=0
2026-08-01 05:27:34.249051 DBG,RX,t=556600,event=CRC,bytes=498284,parsed=10103,accepted=5972,len=383,crc=3571,field=177,dup=0,old=1,ovf=0
2026-08-01 05:27:34.250054 DBG,RX,t=556660,event=CRC,bytes=498335,parsed=10104,accepted=5972,len=383,crc=3572,field=177,dup=0,old=1,ovf=0
2026-08-01 05:27:34.251070 DBG,RX,t=556700,event=CRC,bytes=498388,parsed=10105,accepted=5972,len=383,crc=3573,field=177,dup=0,old=1,ovf=0
2026-08-01 05:27:34.251070 DBG,RX,t=556820,event=CRC,bytes=498489,parsed=10107,accepted=5973,len=383,crc=3574,field=177,dup=0,old=1,ovf=0
2026-08-01 05:27:34.252081 DBG,RX,t=556860,event=CRC,bytes=498541,parsed=10108,accepted=5973,len=383,crc=3575,field=177,dup=0,old=1,ovf=0
2026-08-01 05:27:34.253082 DBG,RX,t=556960,event=CRC,bytes=498642,parsed=10110,accepted=5974,len=383,crc=3576,field=177,dup=0,old=1,ovf=0
2026-08-01 05:27:34.254085 DBG,RX,t=557020,event=CRC,bytes=498693,parsed=10111,accepted=5974,len=383,crc=3577,field=177,dup=0,old=1,ovf=0
2026-08-01 05:27:34.255083 DBG,RX,t=557180,event=CRC,bytes=498845,parsed=10114,accepted=5976,len=383,crc=3578,field=177,dup=0,old=1,ovf=0
2026-08-01 05:27:34.256083 DBG,RX,t=557240,event=CRC,bytes=498896,parsed=10115,accepted=5976,len=383,crc=3579,field=177,dup=0,old=1,ovf=0
2026-08-01 05:27:34.257083 DBG,RX,t=557340,event=LENGTH,bytes=498998,parsed=10117,accepted=5977,len=384,crc=3579,field=177,dup=0,old=1,ovf=0
2026-08-01 05:27:34.478286 DBG,RX,t=557500,event=CRC,bytes=499151,parsed=10120,accepted=5979,len=384,crc=3580,field=177,dup=0,old=1,ovf=0
2026-08-01 05:27:34.479282 DBG,RX,t=557680,event=CRC,bytes=499302,parsed=10123,accepted=5981,len=384,crc=3581,field=177,dup=0,old=1,ovf=0
2026-08-01 05:27:34.480794 DBG,RX,t=557720,event=CRC,bytes=499353,parsed=10124,accepted=5981,len=384,crc=3582,field=177,dup=0,old=1,ovf=0
2026-08-01 05:27:34.740499 DBG,RX,t=557820,event=LENGTH,bytes=499455,parsed=10126,accepted=5982,len=385,crc=3582,field=177,dup=0,old=1,ovf=0
2026-08-01 05:27:34.741518 DBG,RX,t=557880,event=CRC,bytes=499507,parsed=10127,accepted=5982,len=385,crc=3583,field=177,dup=0,old=1,ovf=0
2026-08-01 05:27:34.975834 DBG,RX,t=558140,event=CRC,bytes=499759,parsed=10132,accepted=5986,len=385,crc=3584,field=177,dup=0,old=1,ovf=0
2026-08-01 05:27:35.229844 DBG,RX,t=558300,event=CRC,bytes=499910,parsed=10135,accepted=5988,len=385,crc=3585,field=177,dup=0,old=1,ovf=0
2026-08-01 05:27:35.232024 DBG,RX,t=558360,event=CRC,bytes=499961,parsed=10136,accepted=5988,len=385,crc=3586,field=177,dup=0,old=1,ovf=0
2026-08-01 05:27:35.233037 DBG,RX,t=558420,event=CRC,bytes=500013,parsed=10137,accepted=5988,len=385,crc=3587,field=177,dup=0,old=1,ovf=0
2026-08-01 05:27:35.456493 DBG,RX,t=558580,event=LENGTH,bytes=500164,parsed=10140,accepted=5990,len=386,crc=3587,field=177,dup=0,old=1,ovf=0
2026-08-01 05:27:35.458692 DBG,RX,t=558680,event=LENGTH,bytes=500267,parsed=10142,accepted=5991,len=387,crc=3587,field=177,dup=0,old=1,ovf=0
2026-08-01 05:27:35.704020 DBG,RX,t=558740,event=CRC,bytes=500318,parsed=10143,accepted=5991,len=387,crc=3588,field=177,dup=0,old=1,ovf=0
2026-08-01 05:27:35.706018 DBG,RX,t=558860,event=CRC,bytes=500419,parsed=10145,accepted=5992,len=387,crc=3589,field=177,dup=0,old=1,ovf=0
2026-08-01 05:27:35.935221 DBG,RX,t=559000,event=CRC,bytes=500570,parsed=10148,accepted=5994,len=387,crc=3590,field=177,dup=0,old=1,ovf=0
2026-08-01 05:27:35.936235 DBG,RX,t=559160,event=CRC,bytes=500721,parsed=10151,accepted=5996,len=387,crc=3591,field=177,dup=0,old=1,ovf=0
2026-08-01 05:27:36.154499 DBG,RX,t=559320,event=CRC,bytes=500872,parsed=10154,accepted=5998,len=387,crc=3592,field=177,dup=0,old=1,ovf=0
2026-08-01 05:27:36.378414 DBG,RX,t=559540,event=CRC,bytes=501073,parsed=10158,accepted=6001,len=387,crc=3593,field=177,dup=0,old=1,ovf=0
2026-08-01 05:27:36.379922 DBG,RX,t=559640,event=CRC,bytes=501174,parsed=10160,accepted=6002,len=387,crc=3594,field=177,dup=0,old=1,ovf=0
2026-08-01 05:27:36.604790 DBG,RX,t=559700,event=FIELD,bytes=501226,parsed=10161,accepted=6002,len=387,crc=3594,field=178,dup=0,old=1,ovf=0
2026-08-01 05:27:36.605868 DBG,RX,t=559820,event=CRC,bytes=501328,parsed=10163,accepted=6003,len=387,crc=3595,field=178,dup=0,old=1,ovf=0
2026-08-01 05:27:36.605868 DBG,RX,t=559860,event=CRC,bytes=501379,parsed=10164,accepted=6003,len=387,crc=3596,field=178,dup=0,old=1,ovf=0
2026-08-01 05:27:37.284204 DBG,RX,t=560400,event=CRC,bytes=501880,parsed=10174,accepted=6012,len=387,crc=3597,field=178,dup=0,old=1,ovf=0
2026-08-01 05:27:37.285199 DBG,RX,t=560440,event=LENGTH,bytes=501933,parsed=10175,accepted=6012,len=388,crc=3597,field=178,dup=0,old=1,ovf=0
2026-08-01 05:27:37.286199 DBG,RX,t=560500,event=CRC,bytes=501984,parsed=10176,accepted=6012,len=388,crc=3598,field=178,dup=0,old=1,ovf=0
2026-08-01 05:27:37.532499 DBG,RX,t=560760,event=CRC,bytes=502236,parsed=10181,accepted=6016,len=388,crc=3599,field=178,dup=0,old=1,ovf=0
2026-08-01 05:27:37.743761 DBG,RX,t=560820,event=CRC,bytes=502287,parsed=10182,accepted=6016,len=388,crc=3600,field=178,dup=0,old=1,ovf=0
2026-08-01 05:27:37.745000 DBG,RX,t=560980,event=CRC,bytes=502438,parsed=10185,accepted=6018,len=388,crc=3601,field=178,dup=0,old=1,ovf=0
2026-08-01 05:27:37.996371 DBG,RX,t=561080,event=CRC,bytes=502539,parsed=10187,accepted=6019,len=388,crc=3602,field=178,dup=0,old=1,ovf=0
2026-08-01 05:27:37.997773 DBG,RX,t=561240,event=LENGTH,bytes=502690,parsed=10190,accepted=6021,len=389,crc=3602,field=178,dup=0,old=1,ovf=0
2026-08-01 05:27:38.218434 DBG,RX,t=561340,event=CRC,bytes=502791,parsed=10192,accepted=6022,len=389,crc=3603,field=178,dup=0,old=1,ovf=0
2026-08-01 05:27:38.219949 DBG,RX,t=561420,event=CRC,bytes=502842,parsed=10193,accepted=6022,len=389,crc=3604,field=178,dup=0,old=1,ovf=0
2026-08-01 05:27:38.492493 DBG,CTRL,t=561640,old=LOST,new=VIS,mage=14,rxage=0,seq=10198,valid=1,meas=1,streak=1,event=TARGET
2026-08-01 05:27:38.494837 DBG,FILTER,t=561640,result=ACCEPT,seq=10198,valid=1,meas=1,pos=6,accepted=3280,jump=0,hold=19
2026-08-01 05:27:38.496507 DBG,RX,t=561680,event=CRC,bytes=503093,parsed=10198,accepted=6026,len=389,crc=3605,field=178,dup=0,old=1,ovf=0
2026-08-01 05:27:38.740349 DBG,CTRL,t=561820,old=VIS,new=ACT,mage=13,rxage=0,seq=10201,valid=1,meas=1,streak=3,event=TARGET
2026-08-01 05:27:38.740349 DBG,RX,t=561860,event=CRC,bytes=503235,parsed=10201,accepted=6028,len=389,crc=3606,field=178,dup=0,old=1,ovf=0
2026-08-01 05:27:38.991027 DBG,RX,t=562080,event=CRC,bytes=503424,parsed=10205,accepted=6031,len=389,crc=3607,field=178,dup=0,old=1,ovf=0
2026-08-01 05:27:38.992019 DBG,RX,t=562180,event=CRC,bytes=503519,parsed=10207,accepted=6032,len=389,crc=3608,field=178,dup=0,old=1,ovf=0
2026-08-01 05:27:38.992019 DBG,RX,t=562240,event=CRC,bytes=503567,parsed=10208,accepted=6032,len=389,crc=3609,field=178,dup=0,old=1,ovf=0
2026-08-01 05:27:38.993503 DBG,CTRL,t=562280,old=ACT,new=VIS,mage=154,rxage=40,seq=10207,valid=1,meas=1,streak=0,event=CRC
2026-08-01 05:27:39.259305 DBG,RX,t=562400,event=CRC,bytes=503709,parsed=10211,accepted=6034,len=389,crc=3610,field=178,dup=0,old=1,ovf=0
2026-08-01 05:27:39.260310 DBG,RX,t=562460,event=CRC,bytes=503758,parsed=10212,accepted=6034,len=389,crc=3611,field=178,dup=0,old=1,ovf=0
2026-08-01 05:27:39.261884 DBG,CTRL,t=562500,old=VIS,new=ACT,mage=1,rxage=0,seq=10214,valid=1,meas=1,streak=3,event=TARGET
2026-08-01 05:27:39.493091 DBG,RX,t=562660,event=CRC,bytes=503947,parsed=10216,accepted=6037,len=389,crc=3612,field=178,dup=0,old=1,ovf=0
2026-08-01 05:27:39.496083 DBG,RX,t=562720,event=CRC,bytes=503995,parsed=10217,accepted=6037,len=389,crc=3613,field=178,dup=0,old=1,ovf=0
2026-08-01 05:27:39.496615 DBG,CTRL,t=562760,old=ACT,new=VIS,mage=153,rxage=0,seq=10216,valid=1,meas=1,streak=0,event=CRC
2026-08-01 05:27:39.738326 DBG,RX,t=562880,event=CRC,bytes=504137,parsed=10220,accepted=6039,len=389,crc=3614,field=178,dup=0,old=1,ovf=0
2026-08-01 05:27:39.739833 DBG,RX,t=562940,event=CRC,bytes=504186,parsed=10221,accepted=6039,len=389,crc=3615,field=178,dup=0,old=1,ovf=0
2026-08-01 05:27:39.985866 DBG,CTRL,t=563100,old=VIS,new=ACT,mage=12,rxage=0,seq=10225,valid=1,meas=1,streak=3,event=TARGET
2026-08-01 05:27:40.229951 DBG,RX,t=563360,event=CRC,bytes=504564,parsed=10229,accepted=6046,len=389,crc=3616,field=178,dup=0,old=1,ovf=0
2026-08-01 05:27:40.232130 DBG,RX,t=563420,event=CRC,bytes=504612,parsed=10230,accepted=6046,len=389,crc=3617,field=178,dup=0,old=1,ovf=0
2026-08-01 05:27:40.233472 DBG,CTRL,t=563460,old=ACT,new=VIS,mage=153,rxage=40,seq=10229,valid=1,meas=1,streak=0,event=CRC
2026-08-01 05:27:40.479984 DBG,CTRL,t=563600,old=VIS,new=ACT,mage=11,rxage=0,seq=10234,valid=1,meas=1,streak=3,event=TARGET
2026-08-01 05:27:40.480992 DBG,RX,t=563660,event=CRC,bytes=504801,parsed=10234,accepted=6049,len=389,crc=3618,field=178,dup=0,old=1,ovf=0
2026-08-01 05:27:40.481993 DBG,RX,t=563700,event=CRC,bytes=504849,parsed=10235,accepted=6049,len=389,crc=3619,field=178,dup=0,old=1,ovf=0
2026-08-01 05:27:40.483004 DBG,CTRL,t=563740,old=ACT,new=VIS,mage=151,rxage=40,seq=10234,valid=1,meas=1,streak=0,event=CRC
2026-08-01 05:27:40.720265 DBG,RX,t=563860,event=FIELD,bytes=504993,parsed=10238,accepted=6051,len=389,crc=3619,field=179,dup=0,old=1,ovf=0
2026-08-01 05:27:40.721275 DBG,CTRL,t=563920,old=VIS,new=ACT,mage=13,rxage=0,seq=10240,valid=1,meas=1,streak=3,event=TARGET
2026-08-01 05:27:40.722272 DBG,RX,t=564020,event=CRC,bytes=505137,parsed=10241,accepted=6053,len=389,crc=3620,field=179,dup=0,old=1,ovf=0
2026-08-01 05:27:40.963630 DBG,RX,t=564080,event=CRC,bytes=505185,parsed=10242,accepted=6053,len=389,crc=3621,field=179,dup=0,old=1,ovf=0
2026-08-01 05:27:40.963630 DBG,CTRL,t=564120,old=ACT,new=VIS,mage=154,rxage=40,seq=10241,valid=1,meas=1,streak=0,event=CRC
2026-08-01 05:27:40.965073 DBG,CTRL,t=564240,old=VIS,new=ACT,mage=7,rxage=0,seq=10246,valid=1,meas=1,streak=3,event=TARGET
2026-08-01 05:27:41.420210 DBG,RX,t=564660,event=CRC,bytes=505704,parsed=10253,accepted=6063,len=389,crc=3622,field=179,dup=0,old=1,ovf=0
2026-08-01 05:27:41.739057 DBG,RX,t=564820,event=FIELD,bytes=505848,parsed=10256,accepted=6065,len=389,crc=3622,field=180,dup=0,old=1,ovf=0
2026-08-01 05:27:41.741731 DBG,RX,t=565000,event=CRC,bytes=505990,parsed=10259,accepted=6067,len=389,crc=3623,field=180,dup=0,old=1,ovf=0
2026-08-01 05:27:42.138514 DBG,RX,t=565160,event=CRC,bytes=506135,parsed=10262,accepted=6069,len=389,crc=3624,field=180,dup=0,old=1,ovf=0
2026-08-01 05:27:42.141109 DBG,RX,t=565220,event=CRC,bytes=506185,parsed=10263,accepted=6069,len=389,crc=3625,field=180,dup=0,old=1,ovf=0
2026-08-01 05:27:42.142106 DBG,CTRL,t=565260,old=ACT,new=VIS,mage=153,rxage=0,seq=10262,valid=1,meas=1,streak=0,event=CRC
2026-08-01 05:27:42.143115 DBG,RX,t=565280,event=CRC,bytes=506233,parsed=10264,accepted=6069,len=389,crc=3626,field=180,dup=0,old=1,ovf=0
2026-08-01 05:27:42.144115 DBG,RX,t=565380,event=CRC,bytes=506329,parsed=10266,accepted=6070,len=389,crc=3627,field=180,dup=0,old=1,ovf=0
2026-08-01 05:27:42.540439 DBG,RX,t=565480,event=CRC,bytes=506426,parsed=10268,accepted=6071,len=389,crc=3628,field=180,dup=0,old=1,ovf=0
2026-08-01 05:27:42.542170 DBG,CTRL,t=565540,old=VIS,new=ACT,mage=7,rxage=0,seq=10270,valid=1,meas=1,streak=3,event=TARGET
2026-08-01 05:27:42.544750 DBG,RX,t=565700,event=CRC,bytes=506619,parsed=10272,accepted=6074,len=389,crc=3629,field=180,dup=0,old=1,ovf=0
2026-08-01 05:27:42.545765 DBG,RX,t=565800,event=LENGTH,bytes=506716,parsed=10274,accepted=6075,len=390,crc=3629,field=180,dup=0,old=1,ovf=0
2026-08-01 05:27:42.547807 DBG,RX,t=565860,event=CRC,bytes=506765,parsed=10275,accepted=6075,len=390,crc=3630,field=180,dup=0,old=1,ovf=0
2026-08-01 05:27:42.959077 DBG,CTRL,t=565900,old=ACT,new=VIS,mage=154,rxage=0,seq=10274,valid=1,meas=1,streak=0,event=CRC
2026-08-01 05:27:42.960108 DBG,RX,t=565920,event=CRC,bytes=506814,parsed=10276,accepted=6075,len=390,crc=3631,field=180,dup=0,old=1,ovf=0
2026-08-01 05:27:42.961642 DBG,CTRL,t=566080,old=VIS,new=ACT,mage=14,rxage=0,seq=10280,valid=1,meas=1,streak=3,event=TARGET
2026-08-01 05:27:42.962664 DBG,RX,t=566140,event=FIELD,bytes=507007,parsed=10280,accepted=6078,len=390,crc=3631,field=181,dup=0,old=1,ovf=0
2026-08-01 05:27:42.964141 DBG,RX,t=566180,event=LENGTH,bytes=507058,parsed=10281,accepted=6078,len=391,crc=3631,field=181,dup=0,old=1,ovf=0
2026-08-01 05:27:42.966559 DBG,CTRL,t=566220,old=ACT,new=VIS,mage=154,rxage=40,seq=10280,valid=1,meas=1,streak=0,event=LENGTH
2026-08-01 05:27:43.369752 DBG,CTRL,t=566340,old=VIS,new=ACT,mage=9,rxage=0,seq=10285,valid=1,meas=1,streak=3,event=TARGET
2026-08-01 05:27:43.370838 DBG,RX,t=566440,event=CRC,bytes=507296,parsed=10286,accepted=6082,len=391,crc=3632,field=181,dup=0,old=1,ovf=0
2026-08-01 05:27:43.371952 DBG,RX,t=566660,event=CRC,bytes=507488,parsed=10290,accepted=6085,len=391,crc=3633,field=181,dup=0,old=1,ovf=0
2026-08-01 05:27:43.722530 DBG,RX,t=567040,event=CRC,bytes=507826,parsed=10297,accepted=6091,len=391,crc=3634,field=181,dup=0,old=1,ovf=0
2026-08-01 05:27:44.053359 DBG,RX,t=567100,event=CRC,bytes=507875,parsed=10298,accepted=6091,len=391,crc=3635,field=181,dup=0,old=1,ovf=0
2026-08-01 05:27:44.054356 DBG,CTRL,t=567140,old=ACT,new=VIS,mage=166,rxage=0,seq=10297,valid=1,meas=1,streak=0,event=CRC
2026-08-01 05:27:44.055884 DBG,RX,t=567140,event=CRC,bytes=507925,parsed=10299,accepted=6091,len=391,crc=3636,field=181,dup=0,old=1,ovf=0
2026-08-01 05:27:44.057416 DBG,CTRL,t=567320,old=VIS,new=ACT,mage=12,rxage=0,seq=10303,valid=1,meas=1,streak=3,event=TARGET
2026-08-01 05:27:44.412317 DBG,RX,t=567420,event=CRC,bytes=508166,parsed=10304,accepted=6095,len=391,crc=3637,field=181,dup=0,old=1,ovf=0
2026-08-01 05:27:44.413948 DBG,RX,t=567580,event=CRC,bytes=508311,parsed=10307,accepted=6097,len=391,crc=3638,field=181,dup=0,old=1,ovf=0
2026-08-01 05:27:44.415601 DBG,RX,t=567740,event=CRC,bytes=508456,parsed=10310,accepted=6099,len=391,crc=3639,field=181,dup=0,old=1,ovf=0
2026-08-01 05:27:44.794033 DBG,RX,t=567800,event=CRC,bytes=508506,parsed=10311,accepted=6099,len=391,crc=3640,field=181,dup=0,old=1,ovf=0
2026-08-01 05:27:44.796183 DBG,CTRL,t=567840,old=ACT,new=VIS,mage=154,rxage=0,seq=10310,valid=1,meas=1,streak=0,event=CRC
2026-08-01 05:27:44.797179 DBG,CTRL,t=567960,old=VIS,new=ACT,mage=11,rxage=0,seq=10315,valid=1,meas=1,streak=3,event=TARGET
2026-08-01 05:27:44.798179 DBG,RX,t=568060,event=LENGTH,bytes=508748,parsed=10316,accepted=6103,len=392,crc=3640,field=181,dup=0,old=1,ovf=0
2026-08-01 05:27:44.800413 DBG,RX,t=568120,event=CRC,bytes=508797,parsed=10317,accepted=6103,len=392,crc=3641,field=181,dup=0,old=1,ovf=0
2026-08-01 05:27:44.802528 DBG,CTRL,t=568160,old=ACT,new=VIS,mage=153,rxage=0,seq=10316,valid=1,meas=1,streak=0,event=CRC
2026-08-01 05:27:45.123865 DBG,RX,t=568240,event=CRC,bytes=508894,parsed=10319,accepted=6104,len=392,crc=3642,field=181,dup=0,old=1,ovf=0
2026-08-01 05:27:45.125869 DBG,CTRL,t=568360,old=VIS,new=ACT,mage=14,rxage=0,seq=10322,valid=1,meas=1,streak=3,event=TARGET
2026-08-01 05:27:45.126870 DBG,RX,t=568460,event=CRC,bytes=509087,parsed=10323,accepted=6107,len=392,crc=3643,field=181,dup=0,old=1,ovf=0
2026-08-01 05:27:45.437327 DBG,RX,t=568560,event=CRC,bytes=509184,parsed=10325,accepted=6108,len=392,crc=3644,field=181,dup=0,old=1,ovf=0
2026-08-01 05:27:45.437327 DBG,RX,t=568780,event=CRC,bytes=509378,parsed=10329,accepted=6111,len=392,crc=3645,field=181,dup=0,old=1,ovf=0
2026-08-01 05:27:45.747601 DBG,RX,t=569040,event=CRC,bytes=509619,parsed=10334,accepted=6115,len=392,crc=3646,field=181,dup=0,old=1,ovf=0
2026-08-01 05:27:46.133081 DBG,RX,t=569160,event=CRC,bytes=509716,parsed=10336,accepted=6116,len=392,crc=3647,field=181,dup=0,old=1,ovf=0
2026-08-01 05:27:46.134589 DBG,RX,t=569200,event=CRC,bytes=509765,parsed=10337,accepted=6116,len=392,crc=3648,field=181,dup=0,old=1,ovf=0
2026-08-01 05:27:46.136595 DBG,CTRL,t=569260,old=ACT,new=VIS,mage=168,rxage=0,seq=10336,valid=1,meas=1,streak=0,event=CRC
2026-08-01 05:27:46.137600 DBG,RX,t=569260,event=CRC,bytes=509814,parsed=10338,accepted=6116,len=392,crc=3649,field=181,dup=0,old=1,ovf=0
2026-08-01 05:27:46.138601 DBG,RX,t=569420,event=CRC,bytes=509959,parsed=10341,accepted=6118,len=392,crc=3650,field=181,dup=0,old=1,ovf=0
2026-08-01 05:27:46.138601 DBG,CTRL,t=569480,old=VIS,new=ACT,mage=14,rxage=0,seq=10343,valid=1,meas=1,streak=3,event=TARGET
2026-08-01 05:27:46.465837 DBG,RX,t=569580,event=CRC,bytes=510105,parsed=10344,accepted=6120,len=392,crc=3651,field=181,dup=0,old=1,ovf=0
2026-08-01 05:27:46.467343 DBG,RX,t=569640,event=CRC,bytes=510154,parsed=10345,accepted=6120,len=392,crc=3652,field=181,dup=0,old=1,ovf=0
2026-08-01 05:27:46.468809 DBG,CTRL,t=569680,old=ACT,new=VIS,mage=154,rxage=0,seq=10344,valid=1,meas=1,streak=0,event=CRC
2026-08-01 05:27:46.470214 DBG,CTRL,t=569800,old=VIS,new=ACT,mage=13,rxage=0,seq=10349,valid=1,meas=1,streak=3,event=TARGET
2026-08-01 05:27:47.121456 DBG,RX,t=570280,event=CRC,bytes=510732,parsed=10357,accepted=6131,len=392,crc=3653,field=181,dup=0,old=1,ovf=0
2026-08-01 05:27:47.122453 DBG,RX,t=570400,event=CRC,bytes=510829,parsed=10359,accepted=6132,len=392,crc=3654,field=181,dup=0,old=1,ovf=0
2026-08-01 05:27:47.124462 DBG,RX,t=570440,event=LENGTH,bytes=510878,parsed=10360,accepted=6132,len=393,crc=3654,field=181,dup=0,old=1,ovf=0
2026-08-01 05:27:47.125972 DBG,CTRL,t=570480,old=ACT,new=VIS,mage=154,rxage=40,seq=10359,valid=1,meas=1,streak=0,event=LENGTH
2026-08-01 05:27:47.126985 DBG,RX,t=570500,event=FIELD,bytes=510928,parsed=10361,accepted=6132,len=393,crc=3654,field=182,dup=0,old=1,ovf=0
2026-08-01 05:27:47.504940 DBG,CTRL,t=570660,old=VIS,new=ACT,mage=12,rxage=0,seq=10365,valid=1,meas=1,streak=3,event=TARGET
2026-08-01 05:27:47.506429 DBG,RX,t=570760,event=CRC,bytes=511170,parsed=10366,accepted=6136,len=393,crc=3655,field=182,dup=0,old=1,ovf=0
2026-08-01 05:27:47.507489 DBG,RX,t=570820,event=FIELD,bytes=511220,parsed=10367,accepted=6136,len=393,crc=3655,field=183,dup=0,old=1,ovf=0
2026-08-01 05:27:47.509727 DBG,CTRL,t=570860,old=ACT,new=VIS,mage=153,rxage=0,seq=10366,valid=1,meas=1,streak=0,event=FIELD
2026-08-01 05:27:47.875820 DBG,RX,t=570920,event=CRC,bytes=511317,parsed=10369,accepted=6137,len=393,crc=3656,field=183,dup=0,old=1,ovf=0
2026-08-01 05:27:47.877135 DBG,RX,t=570980,event=CRC,bytes=511366,parsed=10370,accepted=6137,len=393,crc=3657,field=183,dup=0,old=1,ovf=0
2026-08-01 05:27:47.878147 DBG,CTRL,t=571140,old=VIS,new=ACT,mage=7,rxage=0,seq=10374,valid=1,meas=1,streak=3,event=TARGET
2026-08-01 05:27:47.880145 DBG,RX,t=571260,event=CRC,bytes=511607,parsed=10375,accepted=6141,len=393,crc=3658,field=183,dup=0,old=1,ovf=0
2026-08-01 05:27:48.242984 DBG,RX,t=571300,event=CRC,bytes=511656,parsed=10376,accepted=6141,len=393,crc=3659,field=183,dup=0,old=1,ovf=0
2026-08-01 05:27:48.242984 DBG,CTRL,t=571340,old=ACT,new=VIS,mage=154,rxage=40,seq=10375,valid=1,meas=1,streak=0,event=CRC
2026-08-01 05:27:48.245516 DBG,RX,t=571400,event=CRC,bytes=511753,parsed=10378,accepted=6142,len=393,crc=3660,field=183,dup=0,old=1,ovf=0
2026-08-01 05:27:48.246193 DBG,RX,t=571460,event=CRC,bytes=511802,parsed=10379,accepted=6142,len=393,crc=3661,field=183,dup=0,old=1,ovf=0
2026-08-01 05:27:48.247863 DBG,CTRL,t=571640,old=VIS,new=ACT,mage=13,rxage=0,seq=10383,valid=1,meas=1,streak=3,event=TARGET
2026-08-01 05:27:48.604362 DBG,RX,t=571740,event=CRC,bytes=512043,parsed=10384,accepted=6146,len=393,crc=3662,field=183,dup=0,old=1,ovf=0
2026-08-01 05:27:48.605636 DBG,RX,t=571900,event=CRC,bytes=512187,parsed=10387,accepted=6148,len=393,crc=3663,field=183,dup=0,old=1,ovf=0
2026-08-01 05:27:48.607041 DBG,RX,t=571960,event=CRC,bytes=512235,parsed=10388,accepted=6148,len=393,crc=3664,field=183,dup=0,old=1,ovf=0
2026-08-01 05:27:48.608552 DBG,CTRL,t=572000,old=ACT,new=VIS,mage=154,rxage=40,seq=10387,valid=1,meas=1,streak=0,event=CRC
2026-08-01 05:27:49.000804 DBG,RX,t=572060,event=CRC,bytes=512331,parsed=10390,accepted=6149,len=393,crc=3665,field=183,dup=0,old=1,ovf=0
2026-08-01 05:27:49.002959 DBG,CTRL,t=572180,old=VIS,new=ACT,mage=14,rxage=0,seq=10393,valid=1,meas=1,streak=3,event=TARGET
2026-08-01 05:27:49.003963 DBG,RX,t=572220,event=CRC,bytes=512475,parsed=10393,accepted=6151,len=393,crc=3666,field=183,dup=0,old=1,ovf=0
2026-08-01 05:27:49.004961 DBG,RX,t=572280,event=CRC,bytes=512524,parsed=10394,accepted=6151,len=393,crc=3667,field=183,dup=0,old=1,ovf=0
2026-08-01 05:27:49.006470 DBG,CTRL,t=572320,old=ACT,new=VIS,mage=154,rxage=40,seq=10393,valid=1,meas=1,streak=0,event=CRC
2026-08-01 05:27:49.007176 DBG,RX,t=572380,event=CRC,bytes=512621,parsed=10396,accepted=6152,len=393,crc=3668,field=183,dup=0,old=1,ovf=0
2026-08-01 05:27:49.353248 DBG,CTRL,t=572500,old=VIS,new=ACT,mage=14,rxage=0,seq=10399,valid=1,meas=1,streak=3,event=TARGET
2026-08-01 05:27:49.354261 DBG,RX,t=572560,event=CRC,bytes=512766,parsed=10399,accepted=6154,len=393,crc=3669,field=183,dup=0,old=1,ovf=0
2026-08-01 05:27:49.355257 DBG,RX,t=572660,event=CRC,bytes=512863,parsed=10401,accepted=6155,len=393,crc=3670,field=183,dup=0,old=1,ovf=0
2026-08-01 05:27:49.996752 DBG,RX,t=573140,event=LENGTH,bytes=513297,parsed=10410,accepted=6163,len=394,crc=3670,field=183,dup=0,old=1,ovf=0
2026-08-01 05:27:49.998065 DBG,RX,t=573200,event=CRC,bytes=513347,parsed=10411,accepted=6163,len=394,crc=3671,field=183,dup=0,old=1,ovf=0
2026-08-01 05:27:50.000065 DBG,CTRL,t=573240,old=ACT,new=VIS,mage=154,rxage=40,seq=10410,valid=1,meas=1,streak=0,event=CRC
2026-08-01 05:27:50.001120 DBG,RX,t=573300,event=LENGTH,bytes=513445,parsed=10413,accepted=6164,len=395,crc=3671,field=183,dup=0,old=1,ovf=0
2026-08-01 05:27:50.003009 DBG,CTRL,t=573420,old=VIS,new=ACT,mage=13,rxage=0,seq=10416,valid=1,meas=1,streak=3,event=TARGET
2026-08-01 05:27:50.414112 DBG,RX,t=573460,event=CRC,bytes=513591,parsed=10416,accepted=6166,len=395,crc=3672,field=183,dup=0,old=1,ovf=0
2026-08-01 05:27:50.416125 DBG,RX,t=573520,event=CRC,bytes=513640,parsed=10417,accepted=6166,len=395,crc=3673,field=183,dup=0,old=1,ovf=0
2026-08-01 05:27:50.416125 DBG,CTRL,t=573560,old=ACT,new=VIS,mage=153,rxage=40,seq=10416,valid=1,meas=1,streak=0,event=CRC
2026-08-01 05:27:50.418820 DBG,RX,t=573640,event=CRC,bytes=513737,parsed=10419,accepted=6167,len=395,crc=3674,field=183,dup=0,old=1,ovf=0
2026-08-01 05:27:50.419832 DBG,RX,t=573680,event=CRC,bytes=513786,parsed=10420,accepted=6167,len=395,crc=3675,field=183,dup=0,old=1,ovf=0
2026-08-01 05:27:50.421508 DBG,RX,t=573740,event=CRC,bytes=513835,parsed=10421,accepted=6167,len=395,crc=3676,field=183,dup=0,old=1,ovf=0
2026-08-01 05:27:50.798311 DBG,RX,t=573900,event=CRC,bytes=513980,parsed=10424,accepted=6169,len=395,crc=3677,field=183,dup=0,old=1,ovf=0
2026-08-01 05:27:50.799481 DBG,CTRL,t=573960,old=VIS,new=ACT,mage=14,rxage=0,seq=10426,valid=1,meas=1,streak=3,event=TARGET
2026-08-01 05:27:50.801011 DBG,RX,t=574000,event=CRC,bytes=514078,parsed=10426,accepted=6170,len=395,crc=3678,field=183,dup=0,old=1,ovf=0
2026-08-01 05:27:50.801011 DBG,RX,t=574060,event=CRC,bytes=514126,parsed=10427,accepted=6170,len=395,crc=3679,field=183,dup=0,old=1,ovf=0
2026-08-01 05:27:50.803536 DBG,CTRL,t=574100,old=ACT,new=VIS,mage=154,rxage=40,seq=10426,valid=1,meas=1,streak=0,event=CRC
2026-08-01 05:27:50.804440 DBG,RX,t=574160,event=CRC,bytes=514221,parsed=10429,accepted=6171,len=395,crc=3680,field=183,dup=0,old=1,ovf=0
2026-08-01 05:27:51.183715 DBG,CTRL,t=574280,old=VIS,new=ACT,mage=13,rxage=0,seq=10432,valid=1,meas=1,streak=3,event=TARGET
2026-08-01 05:27:51.185301 DBG,RX,t=574320,event=CRC,bytes=514364,parsed=10432,accepted=6173,len=395,crc=3681,field=183,dup=0,old=1,ovf=0
2026-08-01 05:27:51.187886 DBG,RX,t=574540,event=CRC,bytes=514553,parsed=10436,accepted=6176,len=395,crc=3682,field=183,dup=0,old=1,ovf=0
2026-08-01 05:27:51.187886 DBG,RX,t=574600,event=CRC,bytes=514602,parsed=10437,accepted=6176,len=395,crc=3683,field=183,dup=0,old=1,ovf=0
2026-08-01 05:27:51.539071 DBG,CTRL,t=574640,old=ACT,new=VIS,mage=154,rxage=0,seq=10436,valid=1,meas=1,streak=0,event=LENGTH
2026-08-01 05:27:51.540287 DBG,RX,t=574640,event=LENGTH,bytes=514650,parsed=10438,accepted=6176,len=396,crc=3683,field=183,dup=0,old=1,ovf=0
2026-08-01 05:27:51.540287 DBG,RX,t=574700,event=CRC,bytes=514698,parsed=10439,accepted=6176,len=396,crc=3684,field=183,dup=0,old=1,ovf=0
2026-08-01 05:27:51.540287 DBG,RX,t=574840,event=CRC,bytes=514795,parsed=10441,accepted=6177,len=396,crc=3685,field=183,dup=0,old=1,ovf=0
2026-08-01 05:27:51.544866 DBG,RX,t=574880,event=CRC,bytes=514844,parsed=10442,accepted=6177,len=396,crc=3686,field=183,dup=0,old=1,ovf=0
2026-08-01 05:27:51.931290 DBG,CTRL,t=575040,old=VIS,new=ACT,mage=6,rxage=0,seq=10446,valid=1,meas=1,streak=3,event=TARGET
2026-08-01 05:27:51.932800 DBG,RX,t=575200,event=CRC,bytes=515127,parsed=10448,accepted=6182,len=396,crc=3687,field=183,dup=0,old=1,ovf=0
2026-08-01 05:27:51.934963 DBG,RX,t=575360,event=CRC,bytes=515269,parsed=10451,accepted=6184,len=396,crc=3688,field=183,dup=0,old=1,ovf=0
2026-08-01 05:27:52.270093 DBG,RX,t=575420,event=LENGTH,bytes=515317,parsed=10452,accepted=6184,len=397,crc=3688,field=183,dup=0,old=1,ovf=0
2026-08-01 05:27:52.270093 DBG,CTRL,t=575460,old=ACT,new=VIS,mage=153,rxage=40,seq=10451,valid=1,meas=1,streak=0,event=LENGTH
2026-08-01 05:27:52.270093 DBG,RX,t=575580,event=CRC,bytes=515459,parsed=10455,accepted=6186,len=397,crc=3689,field=183,dup=0,old=1,ovf=0
2026-08-01 05:27:52.273527 DBG,CTRL,t=575640,old=VIS,new=ACT,mage=14,rxage=0,seq=10457,valid=1,meas=1,streak=3,event=TARGET
2026-08-01 05:27:52.275575 DBG,RX,t=575700,event=CRC,bytes=515554,parsed=10457,accepted=6187,len=397,crc=3690,field=183,dup=0,old=1,ovf=0
2026-08-01 05:27:52.612270 DBG,RX,t=575900,event=CRC,bytes=515744,parsed=10461,accepted=6190,len=397,crc=3691,field=183,dup=0,old=1,ovf=0
2026-08-01 05:27:52.613907 DBG,RX,t=575960,event=CRC,bytes=515793,parsed=10462,accepted=6190,len=397,crc=3692,field=183,dup=0,old=1,ovf=0
2026-08-01 05:27:52.615210 DBG,CTRL,t=576000,old=ACT,new=VIS,mage=154,rxage=40,seq=10461,valid=1,meas=1,streak=0,event=CRC
2026-08-01 05:27:52.616208 DBG,RX,t=576060,event=FIELD,bytes=515888,parsed=10464,accepted=6191,len=397,crc=3692,field=184,dup=0,old=1,ovf=0
2026-08-01 05:27:52.942717 DBG,RX,t=576120,event=CRC,bytes=515936,parsed=10465,accepted=6191,len=397,crc=3693,field=184,dup=0,old=1,ovf=0
2026-08-01 05:27:52.943713 DBG,CTRL,t=576280,old=VIS,new=ACT,mage=9,rxage=0,seq=10469,valid=1,meas=1,streak=3,event=TARGET
2026-08-01 05:27:52.944719 DBG,RX,t=576380,event=CRC,bytes=516172,parsed=10470,accepted=6195,len=397,crc=3694,field=184,dup=0,old=1,ovf=0
2026-08-01 05:27:53.332254 DBG,RX,t=576440,event=CRC,bytes=516220,parsed=10471,accepted=6195,len=397,crc=3695,field=184,dup=0,old=1,ovf=0
2026-08-01 05:27:53.333767 DBG,CTRL,t=576480,old=ACT,new=VIS,mage=154,rxage=40,seq=10470,valid=1,meas=1,streak=0,event=CRC
2026-08-01 05:27:53.334781 DBG,CTRL,t=576600,old=VIS,new=ACT,mage=8,rxage=0,seq=10475,valid=1,meas=1,streak=3,event=TARGET
2026-08-01 05:27:53.336843 DBG,RX,t=576660,event=CRC,bytes=516409,parsed=10475,accepted=6198,len=397,crc=3696,field=184,dup=0,old=1,ovf=0
2026-08-01 05:27:53.337897 DBG,RX,t=576760,event=CRC,bytes=516504,parsed=10477,accepted=6199,len=397,crc=3697,field=184,dup=0,old=1,ovf=0
2026-08-01 05:27:54.030080 DBG,RX,t=577260,event=CRC,bytes=516929,parsed=10486,accepted=6207,len=397,crc=3698,field=184,dup=0,old=1,ovf=0
2026-08-01 05:27:54.031096 DBG,RX,t=577360,event=LENGTH,bytes=517025,parsed=10488,accepted=6208,len=398,crc=3698,field=184,dup=0,old=1,ovf=0
2026-08-01 05:27:54.032091 DBG,RX,t=577460,event=CRC,bytes=517120,parsed=10490,accepted=6209,len=398,crc=3699,field=184,dup=0,old=1,ovf=0
2026-08-01 05:27:54.364083 DBG,RX,t=577680,event=CRC,bytes=517309,parsed=10494,accepted=6212,len=398,crc=3700,field=184,dup=0,old=1,ovf=0
2026-08-01 05:27:54.365127 DBG,RX,t=577780,event=CRC,bytes=517404,parsed=10496,accepted=6213,len=398,crc=3701,field=184,dup=0,old=1,ovf=0
2026-08-01 05:27:54.366130 DBG,RX,t=577840,event=CRC,bytes=517452,parsed=10497,accepted=6213,len=398,crc=3702,field=184,dup=0,old=1,ovf=0
2026-08-01 05:27:54.756352 DBG,CTRL,t=577880,old=ACT,new=VIS,mage=154,rxage=0,seq=10496,valid=1,meas=1,streak=0,event=CRC
2026-08-01 05:27:54.757286 DBG,RX,t=577940,event=CRC,bytes=517547,parsed=10499,accepted=6214,len=398,crc=3703,field=184,dup=0,old=1,ovf=0
2026-08-01 05:27:54.758490 DBG,CTRL,t=578080,old=VIS,new=ACT,mage=6,rxage=0,seq=10502,valid=1,meas=1,streak=3,event=TARGET
2026-08-01 05:27:55.137545 DBG,RX,t=578340,event=CRC,bytes=517879,parsed=10506,accepted=6220,len=398,crc=3704,field=184,dup=0,old=1,ovf=0
2026-08-01 05:27:55.138545 DBG,RX,t=578400,event=CRC,bytes=517927,parsed=10507,accepted=6220,len=398,crc=3705,field=184,dup=0,old=1,ovf=0
2026-08-01 05:27:55.140241 DBG,CTRL,t=578440,old=ACT,new=VIS,mage=151,rxage=40,seq=10506,valid=1,meas=1,streak=0,event=CRC
2026-08-01 05:27:55.140241 DBG,RX,t=578560,event=LENGTH,bytes=518069,parsed=10510,accepted=6222,len=399,crc=3705,field=184,dup=0,old=1,ovf=0
2026-08-01 05:27:55.144558 DBG,CTRL,t=578620,old=VIS,new=ACT,mage=10,rxage=0,seq=10512,valid=1,meas=1,streak=3,event=TARGET
2026-08-01 05:27:55.531124 DBG,RX,t=578720,event=FIELD,bytes=518212,parsed=10513,accepted=6224,len=399,crc=3705,field=185,dup=0,old=1,ovf=0
2026-08-01 05:27:55.532123 DBG,RX,t=578880,event=CRC,bytes=518354,parsed=10516,accepted=6226,len=399,crc=3706,field=185,dup=0,old=1,ovf=0
2026-08-01 05:27:55.534154 DBG,RX,t=578940,event=CRC,bytes=518402,parsed=10517,accepted=6226,len=399,crc=3707,field=185,dup=0,old=1,ovf=0
2026-08-01 05:27:55.535812 DBG,CTRL,t=578980,old=ACT,new=VIS,mage=154,rxage=0,seq=10516,valid=1,meas=1,streak=0,event=CRC
2026-08-01 05:27:55.537853 DBG,RX,t=579000,event=CRC,bytes=518450,parsed=10518,accepted=6226,len=399,crc=3708,field=185,dup=0,old=1,ovf=0
2026-08-01 05:27:55.925576 DBG,RX,t=579160,event=CRC,bytes=518593,parsed=10521,accepted=6228,len=399,crc=3709,field=185,dup=0,old=1,ovf=0
2026-08-01 05:27:55.927120 DBG,RX,t=579220,event=CRC,bytes=518641,parsed=10522,accepted=6228,len=399,crc=3710,field=185,dup=0,old=1,ovf=0
2026-08-01 05:27:55.928167 DBG,RX,t=579260,event=CRC,bytes=518689,parsed=10523,accepted=6228,len=399,crc=3711,field=185,dup=0,old=1,ovf=0
2026-08-01 05:27:55.928167 DBG,RX,t=579420,event=CRC,bytes=518832,parsed=10526,accepted=6230,len=399,crc=3712,field=185,dup=0,old=1,ovf=0
2026-08-01 05:27:56.294509 DBG,RX,t=579480,event=CRC,bytes=518881,parsed=10527,accepted=6230,len=399,crc=3713,field=185,dup=0,old=1,ovf=0
2026-08-01 05:27:56.296509 DBG,RX,t=579540,event=FIELD,bytes=518929,parsed=10528,accepted=6230,len=399,crc=3713,field=186,dup=0,old=1,ovf=0
2026-08-01 05:27:56.298029 DBG,CTRL,t=579700,old=VIS,new=ACT,mage=14,rxage=0,seq=10532,valid=1,meas=1,streak=3,event=TARGET
2026-08-01 05:27:56.299030 DBG,RX,t=579800,event=CRC,bytes=519165,parsed=10533,accepted=6234,len=399,crc=3714,field=186,dup=0,old=1,ovf=0
2026-08-01 05:27:56.633287 DBG,RX,t=580060,event=CRC,bytes=519401,parsed=10538,accepted=6238,len=399,crc=3715,field=186,dup=0,old=1,ovf=0
2026-08-01 05:27:56.987512 DBG,RX,t=580240,event=CRC,bytes=519543,parsed=10541,accepted=6240,len=399,crc=3716,field=186,dup=0,old=1,ovf=0
2026-08-01 05:27:56.989483 DBG,RX,t=580380,event=CRC,bytes=519685,parsed=10544,accepted=6242,len=399,crc=3717,field=186,dup=0,old=1,ovf=0
2026-08-01 05:27:56.990074 DBG,RX,t=580440,event=CRC,bytes=519733,parsed=10545,accepted=6242,len=399,crc=3718,field=186,dup=0,old=1,ovf=0
2026-08-01 05:27:56.991978 DBG,CTRL,t=580480,old=ACT,new=VIS,mage=153,rxage=0,seq=10544,valid=1,meas=1,streak=0,event=CRC
2026-08-01 05:27:57.306209 DBG,RX,t=580540,event=CRC,bytes=519828,parsed=10547,accepted=6243,len=399,crc=3719,field=186,dup=0,old=1,ovf=0
2026-08-01 05:27:57.307340 DBG,CTRL,t=580660,old=VIS,new=ACT,mage=14,rxage=0,seq=10550,valid=1,meas=1,streak=3,event=TARGET
2026-08-01 05:27:57.308376 DBG,RX,t=580700,event=LENGTH,bytes=519971,parsed=10550,accepted=6245,len=400,crc=3719,field=186,dup=0,old=1,ovf=0
2026-08-01 05:27:57.674476 DBG,RX,t=581200,event=CRC,bytes=520400,parsed=10559,accepted=6253,len=400,crc=3720,field=186,dup=0,old=1,ovf=0
2026-08-01 05:27:58.028413 DBG,RX,t=581260,event=CRC,bytes=520449,parsed=10560,accepted=6253,len=400,crc=3721,field=186,dup=0,old=1,ovf=0
2026-08-01 05:27:58.029961 DBG,CTRL,t=581280,old=ACT,new=VIS,mage=153,rxage=20,seq=10559,valid=1,meas=1,streak=0,event=CRC
2026-08-01 05:27:58.032149 DBG,RX,t=581360,event=CRC,bytes=520546,parsed=10562,accepted=6254,len=400,crc=3722,field=186,dup=0,old=1,ovf=0
2026-08-01 05:27:58.033150 DBG,RX,t=581420,event=CRC,bytes=520596,parsed=10563,accepted=6254,len=400,crc=3723,field=186,dup=0,old=1,ovf=0
2026-08-01 05:27:58.406537 DBG,CTRL,t=581580,old=VIS,new=ACT,mage=6,rxage=0,seq=10567,valid=1,meas=1,streak=3,event=TARGET
2026-08-01 05:27:58.407533 DBG,RX,t=581900,event=CRC,bytes=521030,parsed=10572,accepted=6262,len=400,crc=3724,field=186,dup=0,old=1,ovf=0
2026-08-01 05:27:58.800987 DBG,RX,t=582060,event=CRC,bytes=521175,parsed=10575,accepted=6264,len=400,crc=3725,field=186,dup=0,old=1,ovf=0
2026-08-01 05:27:58.802066 DBG,RX,t=582280,event=CRC,bytes=521368,parsed=10579,accepted=6267,len=400,crc=3726,field=186,dup=0,old=1,ovf=0
2026-08-01 05:27:59.232143 DBG,RX,t=582440,event=CRC,bytes=521514,parsed=10582,accepted=6269,len=400,crc=3727,field=186,dup=0,old=1,ovf=0
2026-08-01 05:27:59.233434 DBG,RX,t=582500,event=CRC,bytes=521563,parsed=10583,accepted=6269,len=400,crc=3728,field=186,dup=0,old=1,ovf=0
2026-08-01 05:27:59.234444 DBG,CTRL,t=582540,old=ACT,new=VIS,mage=154,rxage=0,seq=10582,valid=1,meas=1,streak=0,event=CRC
2026-08-01 05:27:59.235446 DBG,RX,t=582560,event=CRC,bytes=521612,parsed=10584,accepted=6269,len=400,crc=3729,field=186,dup=0,old=1,ovf=0
2026-08-01 05:27:59.237447 DBG,RX,t=582620,event=CRC,bytes=521663,parsed=10585,accepted=6269,len=400,crc=3730,field=186,dup=0,old=1,ovf=0
2026-08-01 05:27:59.238125 DBG,RX,t=582760,event=CRC,bytes=521809,parsed=10588,accepted=6271,len=400,crc=3731,field=186,dup=0,old=1,ovf=0
2026-08-01 05:27:59.578145 DBG,RX,t=582820,event=CRC,bytes=521858,parsed=10589,accepted=6271,len=400,crc=3732,field=186,dup=0,old=1,ovf=0
2026-08-01 05:27:59.579683 DBG,RX,t=582940,event=CRC,bytes=521955,parsed=10591,accepted=6272,len=400,crc=3733,field=186,dup=0,old=1,ovf=0
2026-08-01 05:27:59.579683 DBG,RX,t=583040,event=CRC,bytes=522052,parsed=10593,accepted=6273,len=400,crc=3734,field=186,dup=0,old=1,ovf=0
2026-08-01 05:27:59.579683 DBG,RX,t=583080,event=CRC,bytes=522102,parsed=10594,accepted=6273,len=400,crc=3735,field=186,dup=0,old=1,ovf=0
2026-08-01 05:27:59.939765 DBG,RX,t=583140,event=CRC,bytes=522151,parsed=10595,accepted=6273,len=400,crc=3736,field=186,dup=0,old=1,ovf=0
2026-08-01 05:27:59.940811 DBG,RX,t=583300,event=FIELD,bytes=522295,parsed=10598,accepted=6275,len=400,crc=3736,field=187,dup=0,old=1,ovf=0
2026-08-01 05:27:59.942114 DBG,RX,t=583360,event=CRC,bytes=522344,parsed=10599,accepted=6275,len=400,crc=3737,field=187,dup=0,old=1,ovf=0
2026-08-01 05:27:59.943554 DBG,RX,t=583420,event=CRC,bytes=522394,parsed=10600,accepted=6275,len=400,crc=3738,field=187,dup=0,old=1,ovf=0
2026-08-01 05:27:59.943554 DBG,RX,t=583480,event=CRC,bytes=522444,parsed=10601,accepted=6275,len=400,crc=3739,field=187,dup=0,old=1,ovf=0
2026-08-01 05:28:00.288013 DBG,CTRL,t=583640,old=VIS,new=ACT,mage=10,rxage=0,seq=10605,valid=1,meas=1,streak=3,event=TARGET
2026-08-01 05:28:00.289604 DBG,RX,t=583800,event=CRC,bytes=522734,parsed=10607,accepted=6280,len=400,crc=3740,field=187,dup=0,old=1,ovf=0
2026-08-01 05:28:00.679586 DBG,RX,t=583920,event=CRC,bytes=522833,parsed=10609,accepted=6281,len=400,crc=3741,field=187,dup=0,old=1,ovf=0
2026-08-01 05:28:00.680635 DBG,RX,t=583960,event=FIELD,bytes=522883,parsed=10610,accepted=6281,len=400,crc=3741,field=188,dup=0,old=1,ovf=0
2026-08-01 05:28:00.682635 DBG,CTRL,t=584000,old=ACT,new=VIS,mage=154,rxage=40,seq=10609,valid=1,meas=1,streak=0,event=FIELD
2026-08-01 05:28:00.683643 DBG,RX,t=584060,event=LENGTH,bytes=522980,parsed=10612,accepted=6282,len=401,crc=3741,field=188,dup=0,old=1,ovf=0
2026-08-01 05:28:00.685149 DBG,RX,t=584120,event=CRC,bytes=523030,parsed=10613,accepted=6282,len=401,crc=3742,field=188,dup=0,old=1,ovf=0
2026-08-01 05:28:00.687187 DBG,RX,t=584240,event=CRC,bytes=523127,parsed=10615,accepted=6283,len=401,crc=3743,field=188,dup=0,old=1,ovf=0
2026-08-01 05:28:01.035474 DBG,RX,t=584280,event=CRC,bytes=523177,parsed=10616,accepted=6283,len=401,crc=3744,field=188,dup=0,old=1,ovf=0
2026-08-01 05:28:01.038155 DBG,RX,t=584400,event=CRC,bytes=523274,parsed=10618,accepted=6284,len=401,crc=3745,field=188,dup=0,old=1,ovf=0
2026-08-01 05:28:01.039743 DBG,CTRL,t=584520,old=VIS,new=ACT,mage=13,rxage=0,seq=10621,valid=1,meas=1,streak=3,event=TARGET
2026-08-01 05:28:01.041253 DBG,RX,t=584580,event=CRC,bytes=523419,parsed=10621,accepted=6286,len=401,crc=3746,field=188,dup=0,old=1,ovf=0
2026-08-01 05:28:01.407778 DBG,RX,t=584620,event=CRC,bytes=523469,parsed=10622,accepted=6286,len=401,crc=3747,field=188,dup=0,old=1,ovf=0
2026-08-01 05:28:01.409785 DBG,CTRL,t=584660,old=ACT,new=VIS,mage=153,rxage=40,seq=10621,valid=1,meas=1,streak=0,event=CRC
2026-08-01 05:28:01.410300 DBG,RX,t=584720,event=CRC,bytes=523568,parsed=10624,accepted=6287,len=401,crc=3748,field=188,dup=0,old=1,ovf=0
2026-08-01 05:28:01.411337 DBG,RX,t=584780,event=CRC,bytes=523617,parsed=10625,accepted=6287,len=401,crc=3749,field=188,dup=0,old=1,ovf=0
2026-08-01 05:28:01.413938 DBG,RX,t=584940,event=CRC,bytes=523762,parsed=10628,accepted=6289,len=401,crc=3750,field=188,dup=0,old=1,ovf=0
2026-08-01 05:28:01.762772 DBG,CTRL,t=585000,old=VIS,new=ACT,mage=11,rxage=0,seq=10630,valid=1,meas=1,streak=3,event=TARGET
2026-08-01 05:28:01.765110 DBG,RX,t=585100,event=CRC,bytes=523910,parsed=10631,accepted=6291,len=401,crc=3751,field=188,dup=0,old=1,ovf=0
2026-08-01 05:28:02.143626 DBG,RX,t=585420,event=CRC,bytes=524199,parsed=10637,accepted=6296,len=401,crc=3752,field=188,dup=0,old=1,ovf=0
2026-08-01 05:28:02.144628 DBG,RX,t=585640,event=CRC,bytes=524392,parsed=10641,accepted=6299,len=401,crc=3753,field=188,dup=0,old=1,ovf=0
2026-08-01 05:28:02.486351 DBG,RX,t=585800,event=CRC,bytes=524537,parsed=10644,accepted=6301,len=401,crc=3754,field=188,dup=0,old=1,ovf=0
2026-08-01 05:28:02.487869 DBG,RX,t=585860,event=LENGTH,bytes=524587,parsed=10645,accepted=6301,len=402,crc=3754,field=188,dup=0,old=1,ovf=0
2026-08-01 05:28:02.488862 DBG,CTRL,t=585900,old=ACT,new=VIS,mage=154,rxage=0,seq=10644,valid=1,meas=1,streak=0,event=LENGTH
2026-08-01 05:28:02.490382 DBG,CTRL,t=586020,old=VIS,new=ACT,mage=12,rxage=0,seq=10649,valid=1,meas=1,streak=3,event=TARGET
2026-08-01 05:28:02.848135 DBG,RX,t=586300,event=CRC,bytes=524972,parsed=10653,accepted=6308,len=402,crc=3755,field=188,dup=0,old=1,ovf=0
2026-08-01 05:28:02.849678 DBG,RX,t=586340,event=CRC,bytes=525021,parsed=10654,accepted=6308,len=402,crc=3756,field=188,dup=0,old=1,ovf=0
2026-08-01 05:28:02.851161 DBG,CTRL,t=586380,old=ACT,new=VIS,mage=154,rxage=40,seq=10653,valid=1,meas=1,streak=0,event=CRC
2026-08-01 05:28:02.852200 DBG,RX,t=586440,event=LENGTH,bytes=525119,parsed=10656,accepted=6309,len=403,crc=3756,field=188,dup=0,old=1,ovf=0
2026-08-01 05:28:03.233671 DBG,RX,t=586500,event=CRC,bytes=525168,parsed=10657,accepted=6309,len=403,crc=3757,field=188,dup=0,old=1,ovf=0
2026-08-01 05:28:03.233671 DBG,RX,t=586620,event=CRC,bytes=525265,parsed=10659,accepted=6310,len=403,crc=3758,field=188,dup=0,old=1,ovf=0
2026-08-01 05:28:03.237534 DBG,CTRL,t=586720,old=VIS,new=ACT,mage=8,rxage=0,seq=10662,valid=1,meas=1,streak=3,event=TARGET
2026-08-01 05:28:03.239207 DBG,RX,t=586780,event=CRC,bytes=525410,parsed=10662,accepted=6312,len=403,crc=3759,field=188,dup=0,old=1,ovf=0
2026-08-01 05:28:03.651924 DBG,RX,t=586980,event=LENGTH,bytes=525604,parsed=10666,accepted=6315,len=404,crc=3759,field=188,dup=0,old=1,ovf=0
2026-08-01 05:28:03.653740 DBG,RX,t=587040,event=CRC,bytes=525653,parsed=10667,accepted=6315,len=404,crc=3760,field=188,dup=0,old=1,ovf=0
2026-08-01 05:28:03.654740 DBG,CTRL,t=587080,old=ACT,new=VIS,mage=154,rxage=0,seq=10666,valid=1,meas=1,streak=0,event=CRC
2026-08-01 05:28:03.657492 DBG,RX,t=587200,event=CRC,bytes=525798,parsed=10670,accepted=6317,len=404,crc=3761,field=188,dup=0,old=1,ovf=0
2026-08-01 05:28:04.016698 DBG,CTRL,t=587260,old=VIS,new=ACT,mage=14,rxage=0,seq=10672,valid=1,meas=1,streak=3,event=TARGET
2026-08-01 05:28:04.017822 DBG,RX,t=587360,event=LENGTH,bytes=525944,parsed=10673,accepted=6319,len=405,crc=3761,field=188,dup=0,old=1,ovf=0
2026-08-01 05:28:04.018817 DBG,RX,t=587480,event=CRC,bytes=526041,parsed=10675,accepted=6320,len=405,crc=3762,field=188,dup=0,old=1,ovf=0
2026-08-01 05:28:04.357919 DBG,RX,t=587680,event=CRC,bytes=526232,parsed=10679,accepted=6323,len=405,crc=3763,field=188,dup=0,old=1,ovf=0
2026-08-01 05:28:04.359941 DBG,RX,t=587860,event=CRC,bytes=526378,parsed=10682,accepted=6325,len=405,crc=3764,field=188,dup=0,old=1,ovf=0
2026-08-01 05:28:04.767811 DBG,RX,t=587980,event=CRC,bytes=526478,parsed=10684,accepted=6326,len=405,crc=3765,field=188,dup=0,old=1,ovf=0
2026-08-01 05:28:04.769617 DBG,RX,t=588140,event=CRC,bytes=526623,parsed=10687,accepted=6328,len=405,crc=3766,field=188,dup=0,old=1,ovf=0
2026-08-01 05:28:04.770754 DBG,RX,t=588280,event=CRC,bytes=526768,parsed=10690,accepted=6330,len=405,crc=3767,field=188,dup=0,old=1,ovf=0
2026-08-01 05:28:04.772297 DBG,RX,t=588340,event=CRC,bytes=526817,parsed=10691,accepted=6330,len=405,crc=3768,field=188,dup=0,old=1,ovf=0
2026-08-01 05:28:04.773864 DBG,CTRL,t=588380,old=ACT,new=VIS,mage=152,rxage=40,seq=10690,valid=1,meas=1,streak=0,event=CRC
2026-08-01 05:28:05.166415 DBG,RX,t=588500,event=CRC,bytes=526963,parsed=10694,accepted=6332,len=405,crc=3769,field=188,dup=0,old=1,ovf=0
2026-08-01 05:28:05.167959 DBG,CTRL,t=588560,old=VIS,new=ACT,mage=12,rxage=0,seq=10696,valid=1,meas=1,streak=3,event=TARGET
2026-08-01 05:28:05.169462 DBG,RX,t=588620,event=CRC,bytes=527060,parsed=10696,accepted=6333,len=405,crc=3770,field=188,dup=0,old=1,ovf=0
2026-08-01 05:28:05.170957 DBG,RX,t=588660,event=CRC,bytes=527109,parsed=10697,accepted=6333,len=405,crc=3771,field=188,dup=0,old=1,ovf=0
2026-08-01 05:28:05.172564 DBG,CTRL,t=588700,old=ACT,new=VIS,mage=152,rxage=40,seq=10696,valid=1,meas=1,streak=0,event=CRC
2026-08-01 05:28:05.502390 DBG,CTRL,t=588840,old=VIS,new=ACT,mage=14,rxage=0,seq=10701,valid=1,meas=1,streak=3,event=TARGET
2026-08-01 05:28:05.504404 DBG,RX,t=588940,event=CRC,bytes=527347,parsed=10702,accepted=6337,len=405,crc=3772,field=188,dup=0,old=1,ovf=0
2026-08-01 05:28:05.504404 DBG,RX,t=589060,event=CRC,bytes=527445,parsed=10704,accepted=6338,len=405,crc=3773,field=188,dup=0,old=1,ovf=0
2026-08-01 05:28:05.833607 DBG,RX,t=589160,event=CRC,bytes=527542,parsed=10706,accepted=6339,len=405,crc=3774,field=188,dup=0,old=1,ovf=0
2026-08-01 05:28:06.158055 DBG,RX,t=589580,event=CRC,bytes=527924,parsed=10714,accepted=6346,len=405,crc=3775,field=188,dup=0,old=1,ovf=0
2026-08-01 05:28:06.532846 DBG,RX,t=589800,event=LENGTH,bytes=528121,parsed=10718,accepted=6349,len=406,crc=3775,field=188,dup=0,old=1,ovf=0
2026-08-01 05:28:06.535464 DBG,RX,t=589960,event=CRC,bytes=528265,parsed=10721,accepted=6351,len=406,crc=3776,field=188,dup=0,old=1,ovf=0
2026-08-01 05:28:06.536465 DBG,RX,t=590020,event=FIELD,bytes=528314,parsed=10722,accepted=6351,len=406,crc=3776,field=189,dup=0,old=1,ovf=0
2026-08-01 05:28:06.538463 DBG,CTRL,t=590060,old=ACT,new=VIS,mage=153,rxage=40,seq=10721,valid=1,meas=1,streak=0,event=FIELD
2026-08-01 05:28:06.539463 DBG,RX,t=590120,event=CRC,bytes=528409,parsed=10724,accepted=6352,len=406,crc=3777,field=189,dup=0,old=1,ovf=0
2026-08-01 05:28:06.915084 DBG,RX,t=590180,event=CRC,bytes=528460,parsed=10725,accepted=6352,len=406,crc=3778,field=189,dup=0,old=1,ovf=0
2026-08-01 05:28:06.916084 DBG,CTRL,t=590340,old=VIS,new=ACT,mage=7,rxage=0,seq=10729,valid=1,meas=1,streak=3,event=TARGET
2026-08-01 05:28:07.268474 DBG,RX,t=590620,event=CRC,bytes=528842,parsed=10733,accepted=6359,len=406,crc=3779,field=189,dup=0,old=1,ovf=0
2026-08-01 05:28:07.271012 DBG,RX,t=590780,event=LENGTH,bytes=528985,parsed=10736,accepted=6361,len=407,crc=3779,field=189,dup=0,old=1,ovf=0
2026-08-01 05:28:07.605337 DBG,RX,t=590940,event=CRC,bytes=529128,parsed=10739,accepted=6363,len=407,crc=3780,field=189,dup=0,old=1,ovf=0
2026-08-01 05:28:07.607087 DBG,RX,t=591060,event=CRC,bytes=529225,parsed=10741,accepted=6364,len=407,crc=3781,field=189,dup=0,old=1,ovf=0
2026-08-01 05:28:07.607087 DBG,RX,t=591160,event=CRC,bytes=529323,parsed=10743,accepted=6365,len=407,crc=3782,field=189,dup=0,old=1,ovf=0
2026-08-01 05:28:07.989396 DBG,RX,t=591280,event=FIELD,bytes=529421,parsed=10745,accepted=6366,len=407,crc=3782,field=190,dup=0,old=1,ovf=0
2026-08-01 05:28:07.991798 DBG,RX,t=591320,event=CRC,bytes=529472,parsed=10746,accepted=6366,len=407,crc=3783,field=190,dup=0,old=1,ovf=0
2026-08-01 05:28:07.992812 DBG,CTRL,t=591360,old=ACT,new=VIS,mage=153,rxage=40,seq=10745,valid=1,meas=1,streak=0,event=CRC
2026-08-01 05:28:07.993812 DBG,CTRL,t=591480,old=VIS,new=ACT,mage=5,rxage=0,seq=10750,valid=1,meas=1,streak=3,event=TARGET
2026-08-01 05:28:07.995320 DBG,RX,t=591640,event=LENGTH,bytes=529761,parsed=10752,accepted=6371,len=408,crc=3783,field=190,dup=0,old=1,ovf=0
2026-08-01 05:28:08.336800 DBG,RX,t=591700,event=CRC,bytes=529810,parsed=10753,accepted=6371,len=408,crc=3784,field=190,dup=0,old=1,ovf=0
2026-08-01 05:28:08.337798 DBG,RX,t=591960,event=CRC,bytes=530047,parsed=10758,accepted=6375,len=408,crc=3785,field=190,dup=0,old=1,ovf=0
2026-08-01 05:28:08.710395 DBG,RX,t=592140,event=FIELD,bytes=530189,parsed=10761,accepted=6377,len=408,crc=3785,field=191,dup=0,old=1,ovf=0
2026-08-01 05:28:08.714708 DBG,RX,t=592180,event=CRC,bytes=530238,parsed=10762,accepted=6377,len=408,crc=3786,field=191,dup=0,old=1,ovf=0
2026-08-01 05:28:08.715991 DBG,CTRL,t=592220,old=ACT,new=VIS,mage=153,rxage=40,seq=10761,valid=1,meas=1,streak=0,event=CRC
2026-08-01 05:28:08.717004 DBG,RX,t=592240,event=CRC,bytes=530286,parsed=10763,accepted=6377,len=408,crc=3787,field=191,dup=0,old=1,ovf=0
2026-08-01 05:28:08.718002 DBG,RX,t=592280,event=CRC,bytes=530334,parsed=10764,accepted=6377,len=408,crc=3788,field=191,dup=0,old=1,ovf=0
2026-08-01 05:28:08.719513 DBG,RX,t=592340,event=CRC,bytes=530383,parsed=10765,accepted=6377,len=408,crc=3789,field=191,dup=0,old=1,ovf=0
2026-08-01 05:28:09.066314 DBG,RX,t=592500,event=CRC,bytes=530525,parsed=10768,accepted=6379,len=408,crc=3790,field=191,dup=0,old=1,ovf=0
2026-08-01 05:28:09.068068 DBG,CTRL,t=592560,old=VIS,new=ACT,mage=10,rxage=0,seq=10770,valid=1,meas=1,streak=3,event=TARGET
2026-08-01 05:28:09.440186 DBG,RX,t=592820,event=CRC,bytes=530808,parsed=10774,accepted=6384,len=408,crc=3791,field=191,dup=0,old=1,ovf=0
2026-08-01 05:28:09.440186 DBG,RX,t=592880,event=CRC,bytes=530857,parsed=10775,accepted=6384,len=408,crc=3792,field=191,dup=0,old=1,ovf=0
2026-08-01 05:28:09.440186 DBG,CTRL,t=592920,old=ACT,new=VIS,mage=154,rxage=0,seq=10774,valid=1,meas=1,streak=0,event=CRC
2026-08-01 05:28:09.440186 DBG,RX,t=592940,event=CRC,bytes=530905,parsed=10776,accepted=6384,len=408,crc=3793,field=191,dup=0,old=1,ovf=0
2026-08-01 05:28:09.445531 DBG,CTRL,t=593100,old=VIS,new=ACT,mage=14,rxage=0,seq=10780,valid=1,meas=1,streak=3,event=TARGET
2026-08-01 05:28:09.812414 DBG,RX,t=593220,event=CRC,bytes=531144,parsed=10781,accepted=6388,len=408,crc=3794,field=191,dup=0,old=1,ovf=0
2026-08-01 05:28:09.814461 DBG,RX,t=593260,event=CRC,bytes=531194,parsed=10782,accepted=6388,len=408,crc=3795,field=191,dup=0,old=1,ovf=0
2026-08-01 05:28:09.815463 DBG,CTRL,t=593300,old=ACT,new=VIS,mage=154,rxage=40,seq=10781,valid=1,meas=1,streak=0,event=CRC
2026-08-01 05:28:09.816461 DBG,CTRL,t=593420,old=VIS,new=ACT,mage=4,rxage=0,seq=10786,valid=1,meas=1,streak=3,event=TARGET
2026-08-01 05:28:10.180896 DBG,RX,t=593580,event=CRC,bytes=531479,parsed=10788,accepted=6393,len=408,crc=3796,field=191,dup=0,old=1,ovf=0
2026-08-01 05:28:10.182409 DBG,RX,t=593700,event=CRC,bytes=531574,parsed=10790,accepted=6394,len=408,crc=3797,field=191,dup=0,old=1,ovf=0
2026-08-01 05:28:10.183452 DBG,RX,t=593740,event=CRC,bytes=531623,parsed=10791,accepted=6394,len=408,crc=3798,field=191,dup=0,old=1,ovf=0
2026-08-01 05:28:10.185499 DBG,CTRL,t=593800,old=ACT,new=VIS,mage=168,rxage=0,seq=10790,valid=1,meas=1,streak=0,event=CRC
2026-08-01 05:28:10.186499 DBG,RX,t=593800,event=CRC,bytes=531671,parsed=10792,accepted=6394,len=408,crc=3799,field=191,dup=0,old=1,ovf=0
2026-08-01 05:28:10.511320 DBG,CTRL,t=593960,old=VIS,new=ACT,mage=7,rxage=0,seq=10796,valid=1,meas=1,streak=3,event=TARGET
2026-08-01 05:28:10.892141 DBG,RX,t=594360,event=CRC,bytes=532143,parsed=10802,accepted=6403,len=408,crc=3800,field=191,dup=0,old=1,ovf=0
2026-08-01 05:28:10.892141 DBG,RX,t=594420,event=CRC,bytes=532191,parsed=10803,accepted=6403,len=408,crc=3801,field=191,dup=0,old=1,ovf=0
2026-08-01 05:28:10.896295 DBG,CTRL,t=594460,old=ACT,new=VIS,mage=153,rxage=0,seq=10802,valid=1,meas=1,streak=0,event=CRC
2026-08-01 05:28:10.897474 DBG,RX,t=594480,event=CRC,bytes=532239,parsed=10804,accepted=6403,len=408,crc=3802,field=191,dup=0,old=1,ovf=0
2026-08-01 05:28:11.266551 DBG,CTRL,t=594640,old=VIS,new=ACT,mage=14,rxage=0,seq=10808,valid=1,meas=1,streak=3,event=TARGET
2026-08-01 05:28:11.266551 DBG,RX,t=594680,event=CRC,bytes=532429,parsed=10808,accepted=6406,len=408,crc=3803,field=191,dup=0,old=1,ovf=0
2026-08-01 05:28:11.269775 DBG,RX,t=594780,event=CRC,bytes=532526,parsed=10810,accepted=6407,len=408,crc=3804,field=191,dup=0,old=1,ovf=0
2026-08-01 05:28:11.269775 DBG,RX,t=594960,event=CRC,bytes=532669,parsed=10813,accepted=6409,len=408,crc=3805,field=191,dup=0,old=1,ovf=0
2026-08-01 05:28:11.606998 DBG,RX,t=595000,event=CRC,bytes=532718,parsed=10814,accepted=6409,len=408,crc=3806,field=191,dup=0,old=1,ovf=0
2026-08-01 05:28:11.609539 DBG,CTRL,t=595040,old=ACT,new=VIS,mage=153,rxage=40,seq=10813,valid=1,meas=1,streak=0,event=CRC
2026-08-01 05:28:11.610586 DBG,RX,t=595060,event=CRC,bytes=532768,parsed=10815,accepted=6409,len=408,crc=3807,field=191,dup=0,old=1,ovf=0
2026-08-01 05:28:11.613932 DBG,CTRL,t=595220,old=VIS,new=ACT,mage=12,rxage=0,seq=10819,valid=1,meas=1,streak=3,event=TARGET
2026-08-01 05:28:11.952758 DBG,RX,t=595380,event=CRC,bytes=533058,parsed=10821,accepted=6414,len=408,crc=3808,field=191,dup=0,old=1,ovf=0
2026-08-01 05:28:11.953759 DBG,RX,t=595540,event=CRC,bytes=533202,parsed=10824,accepted=6416,len=408,crc=3809,field=191,dup=0,old=1,ovf=0
2026-08-01 05:28:11.954758 DBG,RX,t=595640,event=CRC,bytes=533299,parsed=10826,accepted=6417,len=408,crc=3810,field=191,dup=0,old=1,ovf=0
2026-08-01 05:28:12.322958 DBG,RX,t=595700,event=CRC,bytes=533348,parsed=10827,accepted=6417,len=408,crc=3811,field=191,dup=0,old=1,ovf=0
2026-08-01 05:28:12.327226 DBG,CTRL,t=595740,old=ACT,new=VIS,mage=152,rxage=40,seq=10826,valid=1,meas=1,streak=0,event=CRC
2026-08-01 05:28:12.328663 DBG,CTRL,t=595860,old=VIS,new=ACT,mage=8,rxage=0,seq=10831,valid=1,meas=1,streak=3,event=TARGET
2026-08-01 05:28:12.330690 DBG,RX,t=595980,event=CRC,bytes=533584,parsed=10832,accepted=6421,len=408,crc=3812,field=191,dup=0,old=1,ovf=0
2026-08-01 05:28:12.678751 DBG,RX,t=596180,event=CRC,bytes=533773,parsed=10836,accepted=6424,len=408,crc=3813,field=191,dup=0,old=1,ovf=0
2026-08-01 05:28:12.680329 DBG,RX,t=596240,event=CRC,bytes=533822,parsed=10837,accepted=6424,len=408,crc=3814,field=191,dup=0,old=1,ovf=0
2026-08-01 05:28:12.681279 DBG,CTRL,t=596280,old=ACT,new=VIS,mage=154,rxage=0,seq=10836,valid=1,meas=1,streak=0,event=CRC
2026-08-01 05:28:12.683309 DBG,RX,t=596340,event=CRC,bytes=533918,parsed=10839,accepted=6425,len=408,crc=3815,field=191,dup=0,old=1,ovf=0
2026-08-01 05:28:13.027931 DBG,RX,t=596400,event=CRC,bytes=533966,parsed=10840,accepted=6425,len=408,crc=3816,field=191,dup=0,old=1,ovf=0
2026-08-01 05:28:13.029474 DBG,RX,t=596560,event=CRC,bytes=534108,parsed=10843,accepted=6427,len=408,crc=3817,field=191,dup=0,old=1,ovf=0
2026-08-01 05:28:13.030520 DBG,CTRL,t=596620,old=VIS,new=ACT,mage=13,rxage=0,seq=10845,valid=1,meas=1,streak=3,event=TARGET
2026-08-01 05:28:13.031523 DBG,RX,t=596720,event=LENGTH,bytes=534255,parsed=10846,accepted=6429,len=409,crc=3817,field=191,dup=0,old=1,ovf=0
2026-08-01 05:28:13.376837 DBG,RX,t=596840,event=CRC,bytes=534350,parsed=10848,accepted=6430,len=409,crc=3818,field=191,dup=0,old=1,ovf=0
2026-08-01 05:28:13.377836 DBG,RX,t=597040,event=CRC,bytes=534540,parsed=10852,accepted=6433,len=409,crc=3819,field=191,dup=0,old=1,ovf=0
2026-08-01 05:28:13.750457 DBG,RX,t=597100,event=CRC,bytes=534588,parsed=10853,accepted=6433,len=409,crc=3820,field=191,dup=0,old=1,ovf=0
2026-08-01 05:28:13.751959 DBG,CTRL,t=597140,old=ACT,new=VIS,mage=154,rxage=0,seq=10852,valid=1,meas=1,streak=0,event=CRC
2026-08-01 05:28:13.752969 DBG,RX,t=597260,event=LENGTH,bytes=534730,parsed=10856,accepted=6435,len=410,crc=3820,field=191,dup=0,old=1,ovf=0
2026-08-01 05:28:13.754333 DBG,CTRL,t=597320,old=VIS,new=ACT,mage=13,rxage=0,seq=10858,valid=1,meas=1,streak=3,event=TARGET
2026-08-01 05:28:13.755641 DBG,RX,t=597360,event=LENGTH,bytes=534827,parsed=10858,accepted=6436,len=411,crc=3820,field=191,dup=0,old=1,ovf=0
2026-08-01 05:28:13.756946 DBG,RX,t=597420,event=CRC,bytes=534875,parsed=10859,accepted=6436,len=411,crc=3821,field=191,dup=0,old=1,ovf=0
2026-08-01 05:28:13.757979 DBG,CTRL,t=597460,old=ACT,new=VIS,mage=153,rxage=40,seq=10858,valid=1,meas=1,streak=0,event=CRC
2026-08-01 05:28:14.135014 DBG,RX,t=597540,event=CRC,bytes=534970,parsed=10861,accepted=6437,len=411,crc=3822,field=191,dup=0,old=1,ovf=0
2026-08-01 05:28:14.136012 DBG,CTRL,t=597660,old=VIS,new=ACT,mage=14,rxage=0,seq=10864,valid=1,meas=1,streak=3,event=TARGET
2026-08-01 05:28:14.485190 DBG,RX,t=597880,event=CRC,bytes=535254,parsed=10867,accepted=6442,len=411,crc=3823,field=191,dup=0,old=1,ovf=0
2026-08-01 05:28:14.486182 DBG,RX,t=597920,event=CRC,bytes=535302,parsed=10868,accepted=6442,len=411,crc=3824,field=191,dup=0,old=1,ovf=0
2026-08-01 05:28:14.487182 DBG,CTRL,t=597960,old=ACT,new=VIS,mage=153,rxage=40,seq=10867,valid=1,meas=1,streak=0,event=CRC
2026-08-01 05:28:14.488176 DBG,RX,t=597980,event=CRC,bytes=535351,parsed=10869,accepted=6442,len=411,crc=3825,field=191,dup=0,old=1,ovf=0
2026-08-01 05:28:14.489690 DBG,RX,t=598080,event=CRC,bytes=535447,parsed=10871,accepted=6443,len=411,crc=3826,field=191,dup=0,old=1,ovf=0
2026-08-01 05:28:14.491060 DBG,CTRL,t=598200,old=VIS,new=ACT,mage=14,rxage=0,seq=10874,valid=1,meas=1,streak=3,event=TARGET
2026-08-01 05:28:14.837756 DBG,RX,t=598300,event=CRC,bytes=535639,parsed=10875,accepted=6446,len=411,crc=3827,field=191,dup=0,old=1,ovf=0
2026-08-01 05:28:14.839375 DBG,CTRL,t=598360,old=ACT,new=VIS,mage=14,rxage=0,seq=10877,valid=1,meas=1,streak=1,event=NEW_SESSION
2026-08-01 05:28:14.839887 DBG,RX,t=598460,event=CRC,bytes=535782,parsed=10878,accepted=6448,len=411,crc=3828,field=191,dup=0,old=1,ovf=0
2026-08-01 05:28:14.843135 DBG,CTRL,t=598520,old=VIS,new=ACT,mage=13,rxage=0,seq=10880,valid=1,meas=1,streak=3,event=TARGET
2026-08-01 05:28:15.198380 DBG,RX,t=598780,event=CRC,bytes=536068,parsed=10884,accepted=6453,len=411,crc=3829,field=191,dup=0,old=1,ovf=0
2026-08-01 05:28:15.546740 DBG,CTRL,t=599000,old=ACT,new=VIS,mage=11,rxage=0,seq=10889,valid=1,meas=1,streak=1,event=NEW_SESSION
2026-08-01 05:28:15.547752 DBG,CTRL,t=599100,old=VIS,new=ACT,mage=4,rxage=0,seq=10891,valid=1,meas=1,streak=3,event=TARGET
2026-08-01 05:28:15.549755 DBG,RX,t=599260,event=CRC,bytes=536502,parsed=10893,accepted=6461,len=411,crc=3830,field=191,dup=0,old=1,ovf=0
2026-08-01 05:28:15.869897 DBG,RX,t=599320,event=CRC,bytes=536551,parsed=10894,accepted=6461,len=411,crc=3831,field=191,dup=0,old=1,ovf=0
2026-08-01 05:28:15.869897 DBG,CTRL,t=599360,old=ACT,new=VIS,mage=153,rxage=40,seq=10893,valid=1,meas=1,streak=0,event=CRC
2026-08-01 05:28:15.875735 DBG,CTRL,t=599480,old=VIS,new=ACT,mage=6,rxage=0,seq=10898,valid=1,meas=1,streak=3,event=TARGET
2026-08-01 05:28:15.876730 DBG,RX,t=599580,event=FIELD,bytes=536789,parsed=10899,accepted=6465,len=411,crc=3831,field=192,dup=0,old=1,ovf=0
2026-08-01 05:28:16.199690 DBG,RX,t=599860,event=LENGTH,bytes=537028,parsed=10904,accepted=6469,len=412,crc=3831,field=192,dup=0,old=1,ovf=0
2026-08-01 05:28:16.531481 DBG,RX,t=600040,event=CRC,bytes=537170,parsed=10907,accepted=6471,len=412,crc=3832,field=192,dup=0,old=1,ovf=0
2026-08-01 05:28:16.532485 DBG,RX,t=600240,event=LENGTH,bytes=537362,parsed=10911,accepted=6474,len=413,crc=3832,field=192,dup=0,old=1,ovf=0
2026-08-01 05:28:16.909247 DBG,FILTER,t=600300,result=VALID_0,seq=10913,valid=0,meas=0,pos=0,accepted=3728,jump=0,hold=20
2026-08-01 05:28:16.909762 DBG,CTRL,t=600340,old=ACT,new=VIS,mage=154,rxage=0,seq=10913,valid=0,meas=0,streak=0,event=NO_TARGET
2026-08-01 05:28:16.911304 DBG,RX,t=600400,event=CRC,bytes=537501,parsed=10914,accepted=6476,len=413,crc=3833,field=192,dup=0,old=1,ovf=0
2026-08-01 05:28:16.913201 DBG,CTRL,t=600600,old=VIS,new=LOST,cause=VALID_0,mage=414,rxage=0,seq=10918,valid=0,meas=0,streak=0,event=NO_TARGET
2026-08-01 05:28:16.914329 DBG,FILTER,t=600600,result=VALID_0,seq=10918,valid=0,meas=0,pos=0,accepted=3728,jump=0,hold=20
2026-08-01 05:28:16.914872 DBG,RX,t=600600,event=NO_TARGET,bytes=537685,parsed=10917,accepted=6479,len=413,crc=3833,field=192,dup=0,old=1,ovf=0
2026-08-01 05:28:16.916919 DBG,RX,t=600660,event=CRC,bytes=537732,parsed=10919,accepted=6480,len=413,crc=3834,field=192,dup=0,old=1,ovf=0
2026-08-01 05:28:17.329326 DBG,RX,t=600840,event=CRC,bytes=537871,parsed=10922,accepted=6482,len=413,crc=3835,field=192,dup=0,old=1,ovf=0
2026-08-01 05:28:17.329326 DBG,RX,t=601000,event=CRC,bytes=538011,parsed=10925,accepted=6484,len=413,crc=3836,field=192,dup=0,old=1,ovf=0
2026-08-01 05:28:17.654006 DBG,RX,t=601100,event=CRC,bytes=538104,parsed=10927,accepted=6485,len=413,crc=3837,field=192,dup=0,old=1,ovf=0
2026-08-01 05:28:17.660829 DBG,RX,t=601160,event=LENGTH,bytes=538151,parsed=10928,accepted=6485,len=414,crc=3837,field=192,dup=0,old=1,ovf=0
2026-08-01 05:28:17.661878 DBG,RX,t=601260,event=CRC,bytes=538245,parsed=10930,accepted=6486,len=414,crc=3838,field=192,dup=0,old=1,ovf=0
2026-08-01 05:28:17.662876 DBG,RX,t=601420,event=CRC,bytes=538384,parsed=10933,accepted=6488,len=414,crc=3839,field=192,dup=0,old=1,ovf=0
2026-08-01 05:28:18.019650 DBG,RX,t=601520,event=CRC,bytes=538478,parsed=10935,accepted=6489,len=414,crc=3840,field=192,dup=0,old=1,ovf=0
2026-08-01 05:28:18.020698 DBG,RX,t=601740,event=CRC,bytes=538663,parsed=10939,accepted=6492,len=414,crc=3841,field=192,dup=0,old=1,ovf=0
2026-08-01 05:28:18.383444 DBG,RX,t=601840,event=LENGTH,bytes=538757,parsed=10941,accepted=6493,len=415,crc=3841,field=192,dup=0,old=1,ovf=0
2026-08-01 05:28:18.384481 DBG,RX,t=601900,event=CRC,bytes=538804,parsed=10942,accepted=6493,len=415,crc=3842,field=192,dup=0,old=1,ovf=0
2026-08-01 05:28:18.386481 DBG,RX,t=602000,event=CRC,bytes=538897,parsed=10944,accepted=6494,len=415,crc=3843,field=192,dup=0,old=1,ovf=0
2026-08-01 05:28:18.387482 DBG,RX,t=602120,event=CRC,bytes=538990,parsed=10946,accepted=6495,len=415,crc=3844,field=192,dup=0,old=1,ovf=0
2026-08-01 05:28:18.755869 DBG,RX,t=602380,event=CRC,bytes=539221,parsed=10951,accepted=6499,len=415,crc=3845,field=192,dup=0,old=1,ovf=0
2026-08-01 05:28:18.756871 DBG,RX,t=602420,event=FIELD,bytes=539268,parsed=10952,accepted=6499,len=415,crc=3845,field=193,dup=0,old=1,ovf=0
2026-08-01 05:28:19.120637 DBG,RX,t=602580,event=CRC,bytes=539408,parsed=10955,accepted=6501,len=415,crc=3846,field=193,dup=0,old=1,ovf=0
2026-08-01 05:28:19.122649 DBG,RX,t=602740,event=CRC,bytes=539547,parsed=10958,accepted=6503,len=415,crc=3847,field=193,dup=0,old=1,ovf=0
2026-08-01 05:28:19.124184 DBG,RX,t=602800,event=CRC,bytes=539596,parsed=10959,accepted=6503,len=415,crc=3848,field=193,dup=0,old=1,ovf=0
2026-08-01 05:28:19.125262 DBG,RX,t=602860,event=CRC,bytes=539643,parsed=10960,accepted=6503,len=415,crc=3849,field=193,dup=0,old=1,ovf=0
2026-08-01 05:28:19.127281 DBG,RX,t=602900,event=CRC,bytes=539691,parsed=10961,accepted=6503,len=415,crc=3850,field=193,dup=0,old=1,ovf=0
2026-08-01 05:28:19.530415 DBG,RX,t=603020,event=CRC,bytes=539785,parsed=10963,accepted=6504,len=415,crc=3851,field=193,dup=0,old=1,ovf=0
2026-08-01 05:28:19.531927 DBG,RX,t=603060,event=LENGTH,bytes=539832,parsed=10964,accepted=6504,len=416,crc=3851,field=193,dup=0,old=1,ovf=0
2026-08-01 05:28:19.531927 DBG,RX,t=603160,event=CRC,bytes=539925,parsed=10966,accepted=6505,len=416,crc=3852,field=193,dup=0,old=1,ovf=0
2026-08-01 05:28:19.531927 DBG,RX,t=603220,event=CRC,bytes=539973,parsed=10967,accepted=6505,len=416,crc=3853,field=193,dup=0,old=1,ovf=0
2026-08-01 05:28:19.920614 DBG,RX,t=603380,event=CRC,bytes=540114,parsed=10970,accepted=6507,len=416,crc=3854,field=193,dup=0,old=1,ovf=0
2026-08-01 05:28:19.921612 DBG,RX,t=603480,event=CRC,bytes=540207,parsed=10972,accepted=6508,len=416,crc=3855,field=193,dup=0,old=1,ovf=0
2026-08-01 05:28:19.922614 DBG,RX,t=603600,event=FIELD,bytes=540301,parsed=10974,accepted=6509,len=416,crc=3855,field=194,dup=0,old=1,ovf=0
2026-08-01 05:28:19.924614 DBG,RX,t=603640,event=LENGTH,bytes=540349,parsed=10975,accepted=6509,len=417,crc=3855,field=194,dup=0,old=1,ovf=0
2026-08-01 05:28:20.289719 DBG,RX,t=603760,event=FIELD,bytes=540443,parsed=10977,accepted=6510,len=417,crc=3855,field=195,dup=0,old=1,ovf=0
2026-08-01 05:28:20.290759 DBG,RX,t=603800,event=CRC,bytes=540491,parsed=10978,accepted=6510,len=417,crc=3856,field=195,dup=0,old=1,ovf=0
2026-08-01 05:28:20.657770 DBG,RX,t=604140,event=CRC,bytes=540768,parsed=10984,accepted=6515,len=417,crc=3857,field=195,dup=0,old=1,ovf=0
2026-08-01 05:28:20.659279 DBG,RX,t=604180,event=CRC,bytes=540815,parsed=10985,accepted=6515,len=417,crc=3858,field=195,dup=0,old=1,ovf=0
2026-08-01 05:28:20.661712 DBG,RX,t=604240,event=CRC,bytes=540863,parsed=10986,accepted=6515,len=417,crc=3859,field=195,dup=0,old=1,ovf=0
2026-08-01 05:28:20.662815 DBG,RX,t=604300,event=CRC,bytes=540910,parsed=10987,accepted=6515,len=417,crc=3860,field=195,dup=0,old=1,ovf=0
2026-08-01 05:28:20.663818 DBG,RX,t=604340,event=CRC,bytes=540958,parsed=10988,accepted=6515,len=417,crc=3861,field=195,dup=0,old=1,ovf=0
2026-08-01 05:28:20.666353 DBG,RX,t=604440,event=CRC,bytes=541051,parsed=10990,accepted=6516,len=417,crc=3862,field=195,dup=0,old=1,ovf=0
2026-08-01 05:28:21.073901 DBG,RX,t=604500,event=CRC,bytes=541099,parsed=10991,accepted=6516,len=417,crc=3863,field=195,dup=0,old=1,ovf=0
2026-08-01 05:28:21.075397 DBG,RX,t=604600,event=CRC,bytes=541192,parsed=10993,accepted=6517,len=417,crc=3864,field=195,dup=0,old=1,ovf=0
2026-08-01 05:28:21.076787 DBG,RX,t=604860,event=LENGTH,bytes=541424,parsed=10998,accepted=6521,len=418,crc=3864,field=195,dup=0,old=1,ovf=0
2026-08-01 05:28:21.465283 DBG,RX,t=604920,event=FIELD,bytes=541473,parsed=10999,accepted=6521,len=418,crc=3864,field=196,dup=0,old=1,ovf=0
2026-08-01 05:28:21.466408 DBG,RX,t=604980,event=CRC,bytes=541520,parsed=11000,accepted=6521,len=418,crc=3865,field=196,dup=0,old=1,ovf=0
2026-08-01 05:28:21.467244 DBG,RX,t=605140,event=CRC,bytes=541659,parsed=11003,accepted=6523,len=418,crc=3866,field=196,dup=0,old=1,ovf=0
2026-08-01 05:28:21.845914 DBG,RX,t=605300,event=LENGTH,bytes=541801,parsed=11006,accepted=6525,len=419,crc=3866,field=196,dup=0,old=1,ovf=0
2026-08-01 05:28:21.846932 DBG,RX,t=605400,event=CRC,bytes=541895,parsed=11008,accepted=6526,len=419,crc=3867,field=196,dup=0,old=1,ovf=0
2026-08-01 05:28:22.234175 DBG,RX,t=605680,event=CRC,bytes=542126,parsed=11013,accepted=6530,len=419,crc=3868,field=196,dup=0,old=1,ovf=0
2026-08-01 05:28:22.235480 DBG,RX,t=605780,event=CRC,bytes=542220,parsed=11015,accepted=6531,len=419,crc=3869,field=196,dup=0,old=1,ovf=0
2026-08-01 05:28:22.236478 DBG,RX,t=606040,event=CRC,bytes=542451,parsed=11020,accepted=6535,len=419,crc=3870,field=196,dup=0,old=1,ovf=0
2026-08-01 05:28:22.631288 DBG,RX,t=606220,event=CRC,bytes=542590,parsed=11023,accepted=6537,len=419,crc=3871,field=196,dup=0,old=1,ovf=0
2026-08-01 05:28:22.633048 DBG,RX,t=606360,event=CRC,bytes=542729,parsed=11026,accepted=6539,len=419,crc=3872,field=196,dup=0,old=1,ovf=0
2026-08-01 05:28:23.018614 DBG,RX,t=606680,event=CRC,bytes=543007,parsed=11032,accepted=6544,len=419,crc=3873,field=196,dup=0,old=1,ovf=0
2026-08-01 05:28:23.356856 DBG,RX,t=606940,event=CRC,bytes=543238,parsed=11037,accepted=6548,len=419,crc=3874,field=196,dup=0,old=1,ovf=0
2026-08-01 05:28:23.714886 DBG,RX,t=607280,event=CRC,bytes=543516,parsed=11043,accepted=6553,len=419,crc=3875,field=196,dup=0,old=1,ovf=0
2026-08-01 05:28:23.715887 DBG,RX,t=607380,event=CRC,bytes=543610,parsed=11045,accepted=6554,len=419,crc=3876,field=196,dup=0,old=1,ovf=0
2026-08-01 05:28:23.716887 DBG,RX,t=607500,event=CRC,bytes=543703,parsed=11047,accepted=6555,len=419,crc=3877,field=196,dup=0,old=1,ovf=0
2026-08-01 05:28:23.718400 DBG,RX,t=607540,event=CRC,bytes=543751,parsed=11048,accepted=6555,len=419,crc=3878,field=196,dup=0,old=1,ovf=0
2026-08-01 05:28:24.106535 DBG,RX,t=607640,event=CRC,bytes=543844,parsed=11050,accepted=6556,len=419,crc=3879,field=196,dup=0,old=1,ovf=0
2026-08-01 05:28:24.109140 DBG,RX,t=607700,event=CRC,bytes=543892,parsed=11051,accepted=6556,len=419,crc=3880,field=196,dup=0,old=1,ovf=0
2026-08-01 05:28:24.111152 DBG,RX,t=607800,event=CRC,bytes=543985,parsed=11053,accepted=6557,len=419,crc=3881,field=196,dup=0,old=1,ovf=0
2026-08-01 05:28:24.112151 DBG,RX,t=607860,event=CRC,bytes=544032,parsed=11054,accepted=6557,len=419,crc=3882,field=196,dup=0,old=1,ovf=0
2026-08-01 05:28:24.114151 DBG,RX,t=607960,event=CRC,bytes=544125,parsed=11056,accepted=6558,len=419,crc=3883,field=196,dup=0,old=1,ovf=0
2026-08-01 05:28:24.488680 DBG,RX,t=608060,event=CRC,bytes=544219,parsed=11058,accepted=6559,len=419,crc=3884,field=196,dup=0,old=1,ovf=0
2026-08-01 05:28:24.489186 DBG,RX,t=608120,event=CRC,bytes=544266,parsed=11059,accepted=6559,len=419,crc=3885,field=196,dup=0,old=1,ovf=0
2026-08-01 05:28:24.490602 DBG,RX,t=608220,event=LENGTH,bytes=544359,parsed=11061,accepted=6560,len=420,crc=3885,field=196,dup=0,old=1,ovf=0
2026-08-01 05:28:24.857785 DBG,RX,t=608380,event=LENGTH,bytes=544498,parsed=11064,accepted=6562,len=421,crc=3885,field=196,dup=0,old=1,ovf=0
2026-08-01 05:28:24.859298 DBG,RX,t=608440,event=FIELD,bytes=544546,parsed=11065,accepted=6562,len=421,crc=3885,field=197,dup=0,old=1,ovf=0
2026-08-01 05:28:24.861005 DBG,RX,t=608480,event=LENGTH,bytes=544593,parsed=11066,accepted=6562,len=422,crc=3885,field=197,dup=0,old=1,ovf=0
2026-08-01 05:28:24.862284 DBG,RX,t=608540,event=CRC,bytes=544641,parsed=11067,accepted=6562,len=422,crc=3886,field=197,dup=0,old=1,ovf=0
2026-08-01 05:28:24.863292 DBG,RX,t=608660,event=CRC,bytes=544734,parsed=11069,accepted=6563,len=422,crc=3887,field=197,dup=0,old=1,ovf=0
2026-08-01 05:28:24.864294 DBG,RX,t=608700,event=CRC,bytes=544781,parsed=11070,accepted=6563,len=422,crc=3888,field=197,dup=0,old=1,ovf=0
2026-08-01 05:28:25.217522 DBG,RX,t=608800,event=CRC,bytes=544874,parsed=11072,accepted=6564,len=422,crc=3889,field=197,dup=0,old=1,ovf=0
2026-08-01 05:28:25.218521 DBG,RX,t=608860,event=CRC,bytes=544922,parsed=11073,accepted=6564,len=422,crc=3890,field=197,dup=0,old=1,ovf=0
2026-08-01 05:28:25.584882 DBG,RX,t=609440,event=CRC,bytes=545429,parsed=11084,accepted=6574,len=422,crc=3891,field=197,dup=0,old=1,ovf=0
2026-08-01 05:28:25.929504 DBG,RX,t=609540,event=CRC,bytes=545522,parsed=11086,accepted=6575,len=422,crc=3892,field=197,dup=0,old=1,ovf=0
2026-08-01 05:28:25.931271 DBG,RX,t=609600,event=CRC,bytes=545569,parsed=11087,accepted=6575,len=422,crc=3893,field=197,dup=0,old=1,ovf=0
2026-08-01 05:28:25.932316 DBG,RX,t=609700,event=CRC,bytes=545663,parsed=11089,accepted=6576,len=422,crc=3894,field=197,dup=0,old=1,ovf=0
2026-08-01 05:28:25.933316 DBG,RX,t=609760,event=CRC,bytes=545710,parsed=11090,accepted=6576,len=422,crc=3895,field=197,dup=0,old=1,ovf=0
2026-08-01 05:28:26.303060 DBG,RX,t=609860,event=CRC,bytes=545803,parsed=11092,accepted=6577,len=422,crc=3896,field=197,dup=0,old=1,ovf=0
2026-08-01 05:28:26.304061 DBG,RX,t=609980,event=CRC,bytes=545897,parsed=11094,accepted=6578,len=422,crc=3897,field=197,dup=0,old=1,ovf=0
2026-08-01 05:28:26.305061 DBG,RX,t=610020,event=CRC,bytes=545944,parsed=11095,accepted=6578,len=422,crc=3898,field=197,dup=0,old=1,ovf=0
2026-08-01 05:28:26.308059 DBG,RX,t=610080,event=CRC,bytes=545991,parsed=11096,accepted=6578,len=422,crc=3899,field=197,dup=0,old=1,ovf=0
2026-08-01 05:28:26.643102 DBG,RX,t=610300,event=CRC,bytes=546176,parsed=11100,accepted=6581,len=422,crc=3900,field=197,dup=0,old=1,ovf=0
2026-08-01 05:28:26.643616 DBG,RX,t=610360,event=CRC,bytes=546223,parsed=11101,accepted=6581,len=422,crc=3901,field=197,dup=0,old=1,ovf=0
2026-08-01 05:28:26.645653 DBG,RX,t=610460,event=CRC,bytes=546316,parsed=11103,accepted=6582,len=422,crc=3902,field=197,dup=0,old=1,ovf=0
2026-08-01 05:28:26.646114 DBG,RX,t=610520,event=CRC,bytes=546364,parsed=11104,accepted=6582,len=422,crc=3903,field=197,dup=0,old=1,ovf=0
2026-08-01 05:28:27.052921 DBG,RX,t=610620,event=CRC,bytes=546457,parsed=11106,accepted=6583,len=422,crc=3904,field=197,dup=0,old=1,ovf=0
2026-08-01 05:28:27.054823 DBG,RX,t=610680,event=CRC,bytes=546504,parsed=11107,accepted=6583,len=422,crc=3905,field=197,dup=0,old=1,ovf=0
2026-08-01 05:28:27.056237 DBG,RX,t=610720,event=CRC,bytes=546551,parsed=11108,accepted=6583,len=422,crc=3906,field=197,dup=0,old=1,ovf=0
2026-08-01 05:28:27.057244 DBG,RX,t=610780,event=CRC,bytes=546598,parsed=11109,accepted=6583,len=422,crc=3907,field=197,dup=0,old=1,ovf=0
2026-08-01 05:28:27.058252 DBG,RX,t=610880,event=CRC,bytes=546691,parsed=11111,accepted=6584,len=422,crc=3908,field=197,dup=0,old=1,ovf=0
2026-08-01 05:28:27.417109 DBG,RX,t=611040,event=CRC,bytes=546832,parsed=11114,accepted=6586,len=422,crc=3909,field=197,dup=0,old=1,ovf=0
2026-08-01 05:28:27.419121 DBG,RX,t=611200,event=CRC,bytes=546972,parsed=11117,accepted=6588,len=422,crc=3910,field=197,dup=0,old=1,ovf=0
2026-08-01 05:28:27.420249 DBG,RX,t=611300,event=CRC,bytes=547067,parsed=11119,accepted=6589,len=422,crc=3911,field=197,dup=0,old=1,ovf=0
2026-08-01 05:28:27.770777 DBG,RX,t=611360,event=CRC,bytes=547114,parsed=11120,accepted=6589,len=422,crc=3912,field=197,dup=0,old=1,ovf=0
2026-08-01 05:28:27.772297 DBG,RX,t=611460,event=FIELD,bytes=547208,parsed=11122,accepted=6590,len=422,crc=3912,field=198,dup=0,old=1,ovf=0
2026-08-01 05:28:27.774061 DBG,RX,t=611580,event=CRC,bytes=547301,parsed=11124,accepted=6591,len=422,crc=3913,field=198,dup=0,old=1,ovf=0
2026-08-01 05:28:27.775457 DBG,RX,t=611620,event=CRC,bytes=547349,parsed=11125,accepted=6591,len=422,crc=3914,field=198,dup=0,old=1,ovf=0
2026-08-01 05:28:28.119611 DBG,RX,t=611840,event=LENGTH,bytes=547537,parsed=11129,accepted=6594,len=423,crc=3914,field=198,dup=0,old=1,ovf=0
2026-08-01 05:28:28.513717 DBG,RX,t=612260,event=CRC,bytes=547906,parsed=11137,accepted=6601,len=423,crc=3915,field=198,dup=0,old=1,ovf=0
2026-08-01 05:28:28.515188 DBG,RX,t=612320,event=CRC,bytes=547953,parsed=11138,accepted=6601,len=423,crc=3916,field=198,dup=0,old=1,ovf=0
2026-08-01 05:28:28.516187 DBG,RX,t=612420,event=CRC,bytes=548047,parsed=11140,accepted=6602,len=423,crc=3917,field=198,dup=0,old=1,ovf=0
2026-08-01 05:28:28.857587 DBG,RX,t=612580,event=CRC,bytes=548189,parsed=11143,accepted=6604,len=423,crc=3918,field=198,dup=0,old=1,ovf=0
2026-08-01 05:28:28.859096 DBG,RX,t=612680,event=CRC,bytes=548282,parsed=11145,accepted=6605,len=423,crc=3919,field=198,dup=0,old=1,ovf=0
2026-08-01 05:28:28.861108 DBG,RX,t=612740,event=CRC,bytes=548329,parsed=11146,accepted=6605,len=423,crc=3920,field=198,dup=0,old=1,ovf=0
2026-08-01 05:28:29.210464 DBG,RX,t=612840,event=LENGTH,bytes=548423,parsed=11148,accepted=6606,len=424,crc=3920,field=198,dup=0,old=1,ovf=0
2026-08-01 05:28:29.212061 DBG,RX,t=612960,event=CRC,bytes=548516,parsed=11150,accepted=6607,len=424,crc=3921,field=198,dup=0,old=1,ovf=0
2026-08-01 05:28:29.213106 DBG,RX,t=613000,event=FIELD,bytes=548563,parsed=11151,accepted=6607,len=424,crc=3921,field=199,dup=0,old=1,ovf=0
2026-08-01 05:28:29.214526 DBG,RX,t=613120,event=CRC,bytes=548656,parsed=11153,accepted=6608,len=424,crc=3922,field=199,dup=0,old=1,ovf=0
2026-08-01 05:28:29.538197 DBG,RX,t=613160,event=CRC,bytes=548703,parsed=11154,accepted=6608,len=424,crc=3923,field=199,dup=0,old=1,ovf=0
