******************************************************************************
            TI ARM Clang Linker PC v4.0.4                      
******************************************************************************
>> Linked Sat Jul 25 23:23:47 2026

OUTPUT FILE NAME:   <diansaikaishi.out>
ENTRY POINT SYMBOL: "_c_int00_noargs"  address: 000120d9


MEMORY CONFIGURATION

         name            origin    length      used     unused   attr    fill
----------------------  --------  ---------  --------  --------  ----  --------
  FLASH                 00000000   00020000  000131f0  0000ce10  R  X
  SRAM                  20200000   00008000  000013a2  00006c5e  RW X
  BCR_CONFIG            41c00000   000000ff  00000000  000000ff  R   
  BSL_CONFIG            41c00100   00000080  00000000  00000080  R   


SEGMENT ALLOCATION MAP

run origin  load origin   length   init length attrs members
----------  ----------- ---------- ----------- ----- -------
00000000    00000000    000131f0   000131f0    r-x
  00000000    00000000    000000c0   000000c0    r-- .intvecs
  000000c0    000000c0    000128a0   000128a0    r-x .text
  00012960    00012960    00000860   00000860    r-- .rodata
  000131c0    000131c0    00000030   00000030    r-- .cinit
20200000    20200000    000011a2   00000000    rw-
  20200000    20200000    000011a1   00000000    rw- .bss
  202011a1    202011a1    00000001   00000000    rw- .data
20207e00    20207e00    00000200   00000000    rw-
  20207e00    20207e00    00000200   00000000    rw- .stack


SECTION ALLOCATION MAP

 output                                  attributes/
section   page    origin      length       input sections
--------  ----  ----------  ----------   ----------------
.intvecs   0    00000000    000000c0     
                  00000000    000000c0     startup_mspm0g350x_ticlang.o (.intvecs)

.text      0    000000c0    000128a0     
                  000000c0    000034dc     oled_ui.o (.text.OledUi_Update_20ms)
                  0000359c    00001dd4     vision_tuning_console.o (.text.VisionTuningConsole_Process)
                  00005370    00000570     app_config.o (.text.AppConfig_LimitAll)
                  000058e0    000004f0     line_controller.o (.text.LineController_Update)
                  00005dd0    00000488     menu.o (.text.Menu_HandleKeyEvent)
                  00006258    00000480     runtime_snapshot.o (.text.RuntimeSnapshot_Update)
                  000066d8    0000047c     gimbal_tracker.o (.text.GimbalTracker_Update)
                  00006b54    0000044c     motor_control.o (.text.update_wheel)
                  00006fa0    00000424     wheel_speed_estimator.o (.text.WheelSpeedEstimator_Update)
                  000073c4    000003e0     imu.o (.text.Imu_Update)
                  000077a4    000003b0     vision_receiver.o (.text.VisionReceiver_Process)
                  00007b54    00000388     gimbal_vision_yaw_tracker.o (.text.GimbalVisionYawTracker_Update10ms)
                  00007edc    00000374     imu.o (.text.Imu_Init)
                  00008250    00000370     gimbal.o (.text.gimbal_update_feedback)
                  000085c0    00000344     obstacle_avoidance.o (.text.ObstacleAvoidance_Update_20ms)
                  00008904    00000310     vision_tuning_console.o (.text.append_scaled)
                  00008c14    000002f0     imu.o (.text.mpu6050_read_regs)
                  00008f04    000002d0     motion_action.o (.text.MotionAction_Update_20ms)
                  000091d4    000002a8     gimbal_tracker.o (.text.update_feedback)
                  0000947c    00000298     gimbal.o (.text.Gimbal_YawSetWrappedTargetDeg)
                  00009714    00000294     gimbal.o (.text.Gimbal_YawUpdate5ms)
                  000099a8    00000290     gimbal.o (.text.Gimbal_PitchSetTrackingSpeedDegS)
                  00009c38    0000028c     motor_control.o (.text.MotorControl_Update)
                  00009ec4    00000260     gimbal.o (.text.gimbal_pitch_set_target_steps)
                  0000a124    00000244     car_controller.o (.text.handle_drive_distance)
                  0000a368    00000238     gimbal.o (.text.gimbal_pitch_update_feedback)
                  0000a5a0    00000230     imu.o (.text.Imu_CalibrateGyroBias)
                  0000a7d0    00000228     gimbal_vision_pitch_tracker.o (.text.GimbalVisionPitchTracker_Update10ms)
                  0000a9f8    00000204     motor.o (.text.Motor_SetSpeed)
                  0000abfc    000001f4     vision_protocol.o (.text.VisionProtocol_ParseV1TargetFrame)
                  0000adf0    000001f0     app_config.o (.text.AppConfig_InitDefault)
                  0000afe0    000001e8     motor_control.o (.text.config_is_valid)
                  0000b1c8    000001e8     car_controller.o (.text.handle_turn_to_yaw)
                  0000b3b0    000001d4     car_controller.o (.text.CarController_StartDriveDistanceAtYaw)
                  0000b584    000001cc     imu.o (.text.imu_i2c_write_byte)
                  0000b750    000001bc     gimbal.o (.text.Gimbal_PitchUpdate5ms)
                  0000b90c    000001b8     oled.o (.text.oled_i2c_write_byte)
                  0000bac4    000001ac     car_controller.o (.text.CarController_Update_20ms)
                  0000bc70    000001a0     ultrasonic.o (.text.Ultrasonic_Tick100us)
                  0000be10    00000194     gimbal_stepper.o (.text.GimbalStepper_Tick100us)
                  0000bfa4    00000188     gimbal_vision_yaw_tracker.o (.text.GimbalVisionYawTracker_Enable)
                  0000c12c    00000188     motion_action.o (.text.MotionAction_Start)
                  0000c2b4    00000180     gimbal.o (.text.Gimbal_PitchTick100us)
                  0000c434    0000017c     gimbal_stepper.o (.text.GimbalStepper_MoveToEstimatedSteps)
                  0000c5b0    00000174     key.o (.text.Key_Update_20ms)
                  0000c724    00000170     oled.o (.text.OLED_FlushPage)
                  0000c894    0000016c     gimbal.o (.text.Gimbal_Init)
                  0000ca00    0000016c     oled.o (.text.OLED_PrintInt16)
                  0000cb6c    00000168     empty.o (.text.main)
                  0000ccd4    00000160     gimbal.o (.text.gimbal_yaw_set_target_x10)
                  0000ce34    00000160     car_controller.o (.text.handle_lost_recover)
                  0000cf94    00000158     vision_tuning_console.o (.text.send_parameter_reply)
                  0000d0ec    00000158     vision_tuning_console.o (.text.send_yaw_parameter_reply)
                  0000d244    0000012c     imu.o (.text.imu_i2c_recover_bus)
                  0000d370    00000128     gimbal.o (.text.Gimbal_YawEnableWorldLock)
                  0000d498    00000124     oled.o (.text.OLED_Init)
                  0000d5bc    00000124     vision_tuning_console.o (.text.send_simple_reply)
                  0000d6e0    00000124     gimbal_vision_yaw_tracker.o (.text.sync_target_from_yaw)
                  0000d804    00000120     car_controller.o (.text.handle_drive_heading)
                  0000d924    0000011c     car_controller.o (.text.CarController_StartDriveDistance)
                  0000da40    0000011c     line_controller.o (.text.LineController_Reset)
                  0000db5c    00000118     app.o (.text.App_Update_20ms)
                  0000dc74    0000010c     mission_library.o (.text.MissionLibrary_Validate)
                  0000dd80    0000010c     car_controller.o (.text.handle_follow_line)
                  0000de8c    00000108     car_controller.o (.text.handle_turn_90)
                  0000df94    00000104     driverlib.a : dl_timer.o (.text.DL_Timer_initFourCCPWMMode)
                  0000e098    00000104     line_controller.o (.text.LineController_ResetControlState)
                  0000e19c    00000104     mission_manager.o (.text.MissionManager_Update_20ms)
                  0000e2a0    00000100     motor_control.o (.text.MotorControl_SetNormalizedTarget)
                  0000e3a0    000000fc     gimbal.o (.text.Gimbal_PitchRelease)
                  0000e49c    000000fc     empty.o (.text.SysTick_Handler)
                  0000e598    000000f8     line_controller.o (.text.LineController_Init)
                  0000e690    000000f0     gimbal.o (.text.Gimbal_PitchStopHold)
                  0000e780    000000ec     car_controller.o (.text.CarController_StartTurnToYawRelative)
                  0000e86c    000000ec     heading_control.o (.text.HeadingControl_Update)
                  0000e958    000000ec     gimbal_tracker.o (.text.sync_targets_from_gimbal)
                  0000ea44    000000e8     vision_protocol.o (.text.fields_are_valid)
                  0000eb2c    000000e4     car_controller.o (.text.CarController_StartDriveHeading)
                  0000ec10    000000e4     mission_manager.o (.text.MissionManager_SelectNext)
                  0000ecf4    000000e0     obstacle_safety.o (.text.ObstacleSafety_Update_20ms)
                  0000edd4    000000e0     wheel_speed_estimator.o (.text.WheelSpeedEstimator_Init)
                  0000eeb4    000000dc     gimbal.o (.text.Gimbal_PitchConfirmZero)
                  0000ef90    000000dc     ti_msp_dl_config.o (.text.SYSCFG_DL_GPIO_init)
                  0000f06c    000000dc     oled_ui.o (.text.print_tuning_change_value)
                  0000f148    000000d8     oled.o (.text.OLED_PrintUInt16)
                  0000f220    000000d8     libclang_rt.builtins.a : addsf3.S.obj (.text)
                  0000f2f8    000000cc     mission_manager.o (.text.MissionManager_SelectPrevious)
                  0000f3c4    000000c8     fault.o (.text.FaultCode_ToShortString)
                  0000f48c    000000c8     gimbal.o (.text.Gimbal_YawConfirmZero)
                  0000f554    000000c0     angle_utils.o (.text.Angle_Normalize180)
                  0000f614    000000c0     car_controller.o (.text.CarController_StartFollowLine)
                  0000f6d4    000000b4     car_controller.o (.text.CarController_StartTurnLeft90)
                  0000f788    000000b4     car_controller.o (.text.CarController_StartTurnRight90)
                  0000f83c    000000b4     gimbal_stepper.o (.text.GimbalStepper_StopHold)
                  0000f8f0    000000b4     gimbal_vision_adapter.o (.text.GimbalVisionAdapter_Update)
                  0000f9a4    000000b0     gimbal_stepper.o (.text.GimbalStepper_Init)
                  0000fa54    000000b0     gimbal.o (.text.Gimbal_PitchMoveRelativeDeg)
                  0000fb04    000000a8     gimbal_vision_pitch_tracker.o (.text.GimbalVisionPitchTracker_Enable)
                  0000fbac    000000a4     car_controller.o (.text.CarController_ResetRuntime)
                  0000fc50    000000a4     encoder.o (.text.Encoder_HandleGpioInterrupt)
                  0000fcf4    000000a4     gimbal_vision_yaw_tracker.o (.text.wrap_deg_360)
                  0000fd98    000000a2     libclang_rt.builtins.a : udivmoddi4.S.obj (.text)
                  0000fe3a    00000002     startup_mspm0g350x_ticlang.o (.text.Default_Handler)
                  0000fe3c    0000009c     obstacle_monitor.o (.text.ObstacleMonitor_Update_20ms)
                  0000fed8    0000009a     libc.a : memcpy16.S.obj (.text:memcpy)
                  0000ff72    00000002     track_sensor.o (.text.TrackSensor_Init)
                  0000ff74    00000098     car_controller.o (.text.handle_seek_line)
                  0001000c    00000098     imu.o (.text.mpu6050_write_reg)
                  000100a4    0000008c     gimbal.o (.text.Gimbal_YawDisableWorldLock)
                  00010130    0000008c     gimbal.o (.text.Gimbal_YawStopHold)
                  000101bc    0000008c     ti_msp_dl_config.o (.text.SYSCFG_DL_PWM_MOTOR_init)
                  00010248    0000008c     libclang_rt.builtins.a : mulsf3.S.obj (.text.__mulsf3)
                  000102d4    0000008c     car_controller.o (.text.heading_imu_wait_or_fail)
                  00010360    00000088     libc.a : strcmp-armv6m.S.obj (.text:strcmp)
                  000103e8    00000084     car_controller.o (.text.CarController_SetSafetyHold)
                  0001046c    00000084     gimbal_stepper.o (.text.GimbalStepper_ConfirmZero)
                  000104f0    00000084     gimbal_tracker.o (.text.GimbalTracker_PushObservation)
                  00010574    00000084     motor.o (.text.Motor_Init)
                  000105f8    00000082     app.o (.text.App_Init)
                  0001067a    00000002     libclang_rt.builtins.a : aeabi_div0.c.obj (.text.__aeabi_idiv0)
                  0001067c    00000082                            : divsf3.S.obj (.text.__divsf3)
                  000106fe    00000002                            : aeabi_div0.c.obj (.text.__aeabi_ldiv0)
                  00010700    00000080     gimbal_tracker.o (.text.GimbalTracker_Init)
                  00010780    00000080     motor.o (.text.Motor_Stop)
                  00010800    0000007c     vision_pitch_tuning.o (.text.VisionPitchTuning_Set)
                  0001087c    0000007c     libc.a : copy_decompress_lzss.c.obj (.text:decompress:lzss)
                  000108f8    00000078     oled.o (.text.oled_write_command)
                  00010970    00000074     motor_control.o (.text.latch_control_error)
                  000109e4    00000070     gimbal_stepper.o (.text.GimbalStepper_Release)
                  00010a54    00000070     ti_msp_dl_config.o (.text.SYSCFG_DL_UART_VISION_init)
                  00010ac4    00000070     vision_yaw_tuning.o (.text.VisionYawTuning_Set)
                  00010b34    0000006e     track_sensor.o (.text.TrackSensor_DetectTurn)
                  00010ba2    00000002     --HOLE-- [fill = 0]
                  00010ba4    0000006c     gimbal_vision_yaw_tracker.o (.text.GimbalVisionYawTracker_Init)
                  00010c10    00000068     mission_manager.o (.text.MissionManager_GetSelectedMissionIndex)
                  00010c78    00000068     car_controller.o (.text.set_output_speed)
                  00010ce0    00000066     track_sensor.o (.text.TrackSensor_GetErrorFromRaw)
                  00010d46    00000002     --HOLE-- [fill = 0]
                  00010d48    00000064     gimbal.o (.text.Gimbal_YawRelease)
                  00010dac    00000064     menu.o (.text.Menu_GetParamValue)
                  00010e10    00000062     libclang_rt.builtins.a : aeabi_fcmp.S.obj (.text.__aeabi_fcmp)
                  00010e72    00000062     libc.a : memset16.S.obj (.text:memset)
                  00010ed4    00000060     gimbal_tracker.o (.text.GimbalTracker_Enable)
                  00010f34    00000060     gimbal_tracker.o (.text.GimbalTracker_GetFeedback)
                  00010f94    00000060     vision_tuning_console.o (.text.VisionTuningConsole_Init)
                  00010ff4    00000060     libclang_rt.builtins.a : fixsfdi.S.obj (.text.__fixsfdi)
                  00011054    0000005c     vision_uart.o (.text.UART3_IRQHandler)
                  000110b0    0000005c     ultrasonic.o (.text.Ultrasonic_Update_20ms)
                  0001110c    0000005c     obstacle_avoidance.o (.text.avoid_fail)
                  00011168    00000058     gimbal.o (.text.Gimbal_YawMoveRelativeDeg)
                  000111c0    00000058     oled.o (.text.OLED_PrintChar)
                  00011218    00000056     libclang_rt.builtins.a : aeabi_idivmod.S.obj (.text.__aeabi_idivmod)
                  0001126e    00000002     --HOLE-- [fill = 0]
                  00011270    00000054     car_controller.o (.text.CarController_Stop)
                  000112c4    00000054     track_sensor.o (.text.TrackSensor_ReadRaw)
                  00011318    00000054     gimbal_vision_yaw_tracker.o (.text.float_to_scaled_i16)
                  0001136c    00000054     gimbal_vision_yaw_tracker.o (.text.stop_owned_tracking)
                  000113c0    00000050     ultrasonic.o (.text.Ultrasonic_Init)
                  00011410    00000050     watchdog_monitor.o (.text.WatchdogMonitor_ApplyFaultIfNeeded)
                  00011460    0000004e     libclang_rt.builtins.a : floatdisf.S.obj (.text.__floatdisf)
                  000114ae    00000002     --HOLE-- [fill = 0]
                  000114b0    0000004c     mission_manager.o (.text.MissionManager_Start)
                  000114fc    0000004c     motor_control.o (.text.MotorControl_Stop)
                  00011548    0000004c     watchdog_monitor.o (.text.WatchdogMonitor_Tick1msFromIsr)
                  00011594    0000004a     obstacle_avoidance.o (.text.avoid_can_start)
                  000115de    00000002     --HOLE-- [fill = 0]
                  000115e0    00000048     driverlib.a : dl_uart.o (.text.DL_UART_init)
                  00011628    00000048     motion_action.o (.text.MotionAction_ReapplyControllerTarget)
                  00011670    00000044     encoder.o (.text.Encoder_GetAndClearPulseDeltas)
                  000116b4    00000044     imu.o (.text.Imu_ResetYaw)
                  000116f8    00000044     servo.o (.text.Servo_Tick100us)
                  0001173c    00000040     emergency_stop.o (.text.EmergencyStop_Reset)
                  0001177c    00000040     gimbal_vision_pitch_tracker.o (.text.GimbalVisionPitchTracker_Init)
                  000117bc    00000040     mission_manager.o (.text.MissionManager_Init)
                  000117fc    00000040     ti_msp_dl_config.o (.text.SYSCFG_DL_SYSCTL_init)
                  0001183c    00000040     ti_msp_dl_config.o (.text.SYSCFG_DL_initPower)
                  0001187c    00000040     vision_receiver.o (.text.VisionReceiver_PushByteFromIsr)
                  000118bc    00000040     libclang_rt.builtins.a : aeabi_uidivmod.S.obj (.text.__aeabi_uidivmod)
                  000118fc    0000003e                            : divmoddi4.c.obj (.text.__divmoddi4)
                  0001193a    00000002     --HOLE-- [fill = 0]
                  0001193c    0000003c     gimbal_tracker.o (.text.GimbalTracker_ClearObservation)
                  00011978    0000003c     servo.o (.text.Servo_SetAngleDeg)
                  000119b4    0000003c     vision_tuning_console.o (.text.VisionTuningConsole_PushByteFromIsr)
                  000119f0    0000003c     libclang_rt.builtins.a : floatsisf.S.obj (.text.__floatsisf)
                  00011a2c    0000003c                            : comparesf2.S.obj (.text.__gtsf2)
                  00011a68    0000003c     motion_action.o (.text.motion_action_start_imu_controller)
                  00011aa4    0000003c     libc.a : autoinit.c.obj (.text:__TI_auto_init_nobinit_nopinit)
                  00011ae0    0000003a     libclang_rt.builtins.a : comparesf2.S.obj (.text.__eqsf2)
                  00011b1a    00000002     --HOLE-- [fill = 0]
                  00011b1c    0000003a                            : muldsi3.S.obj (.text.__muldsi3)
                  00011b56    00000002     --HOLE-- [fill = 0]
                  00011b58    00000038     vision_receiver.o (.text.VisionReceiver_Init)
                  00011b90    00000038     libclang_rt.builtins.a : fixsfsi.S.obj (.text.__fixsfsi)
                  00011bc8    00000034     emergency_stop.o (.text.EmergencyStop_Trigger)
                  00011bfc    00000034     imu.o (.text.Imu_IsReady)
                  00011c30    00000034     vision_tuning_console.o (.text.VisionTuningConsole_TryPopTxByte)
                  00011c64    00000034     vision_uart.o (.text.VisionUart_Process)
                  00011c98    00000034     obstacle_avoidance.o (.text.avoid_start)
                  00011ccc    00000032     oled.o (.text.OLED_PrintString)
                  00011cfe    00000002     --HOLE-- [fill = 0]
                  00011d00    00000030     car_controller.o (.text.CarController_StartSeekLine)
                  00011d30    00000030     fault.o (.text.Fault_Raise)
                  00011d60    00000030     gimbal_vision_yaw_tracker.o (.text.GimbalVisionYawTracker_GetFeedback)
                  00011d90    00000030     gimbal.o (.text.Gimbal_PitchGetFeedback)
                  00011dc0    00000030     key.o (.text.Key_Init)
                  00011df0    00000030     line_controller.o (.text.LineController_ObserveSensors)
                  00011e20    00000030     mission_manager.o (.text.MissionManager_Resume)
                  00011e50    00000030     vision_pitch_tuning.o (.text.VisionPitchTuning_RestoreDefault)
                  00011e80    00000030     watchdog_monitor.o (.text.WatchdogMonitor_Init)
                  00011eb0    00000030     gimbal_vision_yaw_tracker.o (.text.refresh_yaw_feedback)
                  00011ee0    0000002c     encoder.o (.text.Encoder_Reset)
                  00011f0c    0000002c     mission_manager.o (.text.MissionManager_Cancel)
                  00011f38    0000002c     mission_manager.o (.text.MissionManager_Reset)
                  00011f64    0000002c     track_sensor.o (.text.TrackSensor_CountBlack)
                  00011f90    0000002c     vision_yaw_tuning.o (.text.VisionYawTuning_RestoreDefault)
                  00011fbc    0000002c     gimbal_vision_pitch_tracker.o (.text.speed_to_x10)
                  00011fe8    00000028     obstacle_avoidance.o (.text.ObstacleAvoidance_Init)
                  00012010    00000028     servo.o (.text.Servo_Init)
                  00012038    00000028     vision_pitch_tuning.o (.text.VisionPitchTuning_Init)
                  00012060    00000028     watchdog_monitor.o (.text.WatchdogMonitor_Reset)
                  00012088    00000028     libclang_rt.builtins.a : floatunsisf.S.obj (.text.__floatunsisf)
                  000120b0    00000028     libc.a : memmov.c.obj (.text.memmove)
                  000120d8    00000028            : boot_cortex_m.c.obj (.text:_c_int00_noargs)
                  00012100    00000024     emergency_stop.o (.text.EmergencyStop_Enforce)
                  00012124    00000024     gimbal_vision_pitch_tracker.o (.text.GimbalVisionPitchTracker_GetFeedback)
                  00012148    00000024     mission_library.o (.text.MissionLibrary_FindById)
                  0001216c    00000024     mission_manager.o (.text.MissionManager_ReportExternalFailure)
                  00012190    00000024     motor_control.o (.text.MotorControl_Init)
                  000121b4    00000024     motor_control.o (.text.MotorControl_Reset)
                  000121d8    00000024     oled.o (.text.OLED_ClearBuffer)
                  000121fc    00000024     ti_msp_dl_config.o (.text.SYSCFG_DL_init)
                  00012220    00000024     vision_yaw_tuning.o (.text.VisionYawTuning_Init)
                  00012244    00000024     libclang_rt.builtins.a : muldi3.S.obj (.text.__muldi3)
                  00012268    00000020     driverlib.a : dl_timer.o (.text.DL_Timer_overrideCCPOut)
                  00012288    00000020     debug_telemetry.o (.text.DebugTelemetry_Update)
                  000122a8    00000020     mission_manager.o (.text.MissionManager_Pause)
                  000122c8    00000020     motion_action.o (.text.MotionAction_GetCurrentBypassDirection)
                  000122e8    00000020     motion_action.o (.text.MotionAction_GetCurrentObstaclePolicy)
                  00012308    00000020     oled.o (.text.OLED_SetCursor)
                  00012328    00000020     empty.o (.text.SchedulerMonitor_GetStats)
                  00012348    00000020     vision_receiver.o (.text.VisionReceiver_GetProtocolErrorCount)
                  00012368    00000020     mission_manager.o (.text.mission_finish_error)
                  00012388    0000001e     libclang_rt.builtins.a : ashldi3.S.obj (.text.__ashldi3)
                  000123a6    00000002     --HOLE-- [fill = 0]
                  000123a8    0000001c     driverlib.a : dl_timer.o (.text.DL_Timer_setCaptCompUpdateMethod)
                  000123c4    0000001c                 : dl_timer.o (.text.DL_Timer_setClockConfig)
                  000123e0    0000001c     gimbal_vision_adapter.o (.text.GimbalVisionAdapter_Init)
                  000123fc    0000001c     heading_control.o (.text.HeadingControl_SetTargetYaw)
                  00012418    0000001c     menu.o (.text.Menu_Init)
                  00012434    0000001c     motion_action.o (.text.MotionAction_Cancel)
                  00012450    0000001c     obstacle_monitor.o (.text.ObstacleMonitor_Init)
                  0001246c    0000001c     obstacle_safety.o (.text.ObstacleSafety_Init)
                  00012488    0000001c     vision_pitch_tuning.o (.text.VisionPitchTuning_ParamName)
                  000124a4    0000001c     vision_yaw_tuning.o (.text.VisionYawTuning_GetSnapshot)
                  000124c0    0000001c     vision_yaw_tuning.o (.text.VisionYawTuning_ParamName)
                  000124dc    0000001c     watchdog_monitor.o (.text.WatchdogMonitor_NotifyControlCycleComplete)
                  000124f8    0000001c     mission_manager.o (.text.mission_finish_success)
                  00012514    00000018     driverlib.a : dl_timer.o (.text.DL_Timer_setCaptureCompareOutCtl)
                  0001252c    00000018     debug_telemetry.o (.text.DebugTelemetry_Init)
                  00012544    00000018     heading_control.o (.text.HeadingControl_Init)
                  0001255c    00000018     heading_control.o (.text.HeadingControl_Reset)
                  00012574    00000018     menu.o (.text.Menu_ParamItemToString)
                  0001258c    00000018     motion_action.o (.text.MotionAction_Init)
                  000125a4    00000018     runtime_snapshot.o (.text.RuntimeSnapshot_Init)
                  000125bc    00000016     libclang_rt.builtins.a : comparesf2.S.obj (.text.__unordsf2)
                  000125d2    00000002     --HOLE-- [fill = 0]
                  000125d4    00000014     fault.o (.text.Fault_Clear)
                  000125e8    00000014     fault.o (.text.Fault_Init)
                  000125fc    00000014     empty.o (.text.GROUP1_IRQHandler)
                  00012610    00000014     gimbal_stepper.o (.text.GimbalStepper_SetStepHalfPeriodTicks)
                  00012624    00000014     heading_control.o (.text.HeadingControl_Enable)
                  00012638    00000014     mission_library.o (.text.MissionLibrary_GetByIndex)
                  0001264c    00000014     mission_manager.o (.text.MissionManager_GetSelectedMissionId)
                  00012660    00000014     vision_pitch_tuning.o (.text.VisionPitchTuning_GetSnapshot)
                  00012674    00000014     vision_uart.o (.text.VisionUart_Init)
                  00012688    00000014     libclang_rt.builtins.a : aeabi_ldivmod.S.obj (.text.__aeabi_ldivmod)
                  0001269c    00000014                            : aeabi_uldivmod.S.obj (.text.__aeabi_uldivmod)
                  000126b0    00000012     driverlib.a : dl_uart.o (.text.DL_UART_setClockConfig)
                  000126c2    00000012     libc.a : copy_decompress_none.c.obj (.text:decompress:none)
                  000126d4    00000010     driverlib.a : dl_timer.o (.text.DL_Timer_setCaptureCompareValue)
                  000126e4    00000010     gimbal.o (.text.Gimbal_YawGetFeedback)
                  000126f4    00000010     key.o (.text.Key_GetEvent)
                  00012704    00000010     obstacle_avoidance.o (.text.ObstacleAvoidance_IsResumeGraceActive)
                  00012714    00000010     libc.a : copy_zero_init.c.obj (.text:decompress:ZI)
                  00012724    0000000c     car_controller.o (.text.CarController_GetRunMode)
                  00012730    0000000c     car_controller.o (.text.CarController_Init)
                  0001273c    0000000c     car_controller.o (.text.CarController_IsSafetyHoldActive)
                  00012748    0000000c     car_state.o (.text.CarState_Get)
                  00012754    0000000c     car_state.o (.text.CarState_Init)
                  00012760    0000000c     car_state.o (.text.CarState_Set)
                  0001276c    0000000c     emergency_stop.o (.text.EmergencyStop_Init)
                  00012778    0000000c     emergency_stop.o (.text.EmergencyStop_IsActive)
                  00012784    0000000c     gimbal_vision_adapter.o (.text.GimbalVisionAdapter_GetObservation)
                  00012790    0000000c     gimbal.o (.text.Gimbal_Tick100us)
                  0001279c    0000000c     gimbal.o (.text.Gimbal_Update5ms)
                  000127a8    0000000c     imu.o (.text.Imu_GetCorrectedGyroZDps)
                  000127b4    0000000c     imu.o (.text.Imu_GetYaw)
                  000127c0    0000000c     menu.o (.text.Menu_GetPage)
                  000127cc    0000000c     menu.o (.text.Menu_GetParamItem)
                  000127d8    0000000c     mission_manager.o (.text.MissionManager_IsExternallyHeld)
                  000127e4    0000000c     mission_manager.o (.text.MissionManager_SetExternalHold)
                  000127f0    0000000c     obstacle_avoidance.o (.text.ObstacleAvoidance_IsActive)
                  000127fc    0000000c     obstacle_avoidance.o (.text.ObstacleAvoidance_IsFailed)
                  00012808    0000000c     obstacle_safety.o (.text.ObstacleSafety_IsHolding)
                  00012814    0000000c     empty.o (.text.SystemTime_GetMs)
                  00012820    0000000c     watchdog_monitor.o (.text.WatchdogMonitor_HasTripped)
                  0001282c    0000000c     libclang_rt.builtins.a : aeabi_memset.S.obj (.text.__aeabi_memclr)
                  00012838    0000000a     driverlib.a : dl_common.o (.text.DL_Common_delayCycles)
                  00012842    0000000a     track_sensor.o (.text.TrackSensor_IsCenterDetected)
                  0001284c    0000000a     track_sensor.o (.text.TrackSensor_IsLineDetected)
                  00012856    0000000a     track_sensor.o (.text.TrackSensor_IsLineLost)
                  00012860    00000008     car_controller.o (.text.CarController_GetFeedback)
                  00012868    00000008     fault.o (.text.Fault_GetRecord)
                  00012870    00000008     gimbal_stepper.o (.text.GimbalStepper_GetFeedback)
                  00012878    00000008     gimbal_vision_adapter.o (.text.GimbalVisionAdapter_GetFeedback)
                  00012880    00000008     gimbal.o (.text.Gimbal_PitchStopTrackingHold)
                  00012888    00000008     heading_control.o (.text.HeadingControl_GetRuntime)
                  00012890    00000008     imu.o (.text.Imu_GetRuntime)
                  00012898    00000008     line_controller.o (.text.LineController_GetRuntime)
                  000128a0    00000008     mission_manager.o (.text.MissionManager_GetMissionCount)
                  000128a8    00000008     mission_manager.o (.text.MissionManager_GetRuntime)
                  000128b0    00000008     motion_action.o (.text.MotionAction_GetRuntime)
                  000128b8    00000008     motor_control.o (.text.MotorControl_GetRuntime)
                  000128c0    00000008     obstacle_avoidance.o (.text.ObstacleAvoidance_GetFeedback)
                  000128c8    00000008     obstacle_monitor.o (.text.ObstacleMonitor_GetFeedback)
                  000128d0    00000008     oled_ui.o (.text.OledUi_Init)
                  000128d8    00000008     runtime_snapshot.o (.text.RuntimeSnapshot_Get)
                  000128e0    00000008     servo.o (.text.Servo_GetFeedback)
                  000128e8    00000008     ultrasonic.o (.text.Ultrasonic_GetFeedback)
                  000128f0    00000008     vision_pitch_tuning.o (.text.VisionPitchTuning_GetStatus)
                  000128f8    00000008     vision_receiver.o (.text.VisionReceiver_GetObservation)
                  00012900    00000008     vision_receiver.o (.text.VisionReceiver_GetStatus)
                  00012908    00000008     vision_tuning_console.o (.text.VisionTuningConsole_GetStatus)
                  00012910    00000008     watchdog_monitor.o (.text.WatchdogMonitor_GetStatus)
                  00012918    00000008     wheel_speed_estimator.o (.text.WheelSpeedEstimator_GetRuntime)
                  00012920    00000008     libclang_rt.builtins.a : aeabi_memcpy.S.obj (.text.__aeabi_memcpy)
                  00012928    00000008                            : aeabi_memmove.S.obj (.text.__aeabi_memmove)
                  00012930    00000006     libc.a : exit.c.obj (.text:abort)
                  00012936    00000004     libsysbm.a : hostexit.c.obj (.text.HOSTexit)
                  0001293a    00000004     mission_library.o (.text.MissionLibrary_GetCount)
                  0001293e    00000004     startup_mspm0g350x_ticlang.o (.text.Reset_Handler)
                  00012942    00000002     --HOLE-- [fill = 0]
                  00012944    00000010     libc.a : boot_cortex_m.c.obj (.tramp._c_int00_noargs.1)
                  00012954    00000004            : pre_init.c.obj (.text._system_pre_init)
                  00012958    00000008     --HOLE-- [fill = 0]

.cinit     0    000131c0    00000030     
                  000131c0    0000000c     (__TI_handler_table)
                  000131cc    00000008     (.cinit..bss.load) [load image, compression = zero_init]
                  000131d4    00000005     (.cinit..data.load) [load image, compression = lzss]
                  000131d9    00000003     --HOLE-- [fill = 0]
                  000131dc    00000010     (__TI_cinit_table)
                  000131ec    00000004     --HOLE-- [fill = 0]

.rodata    0    00012960    00000860     
                  00012960    000000d8     oled.o (.rodata..Lswitch.table.OLED_PrintChar)
                  00012a38    00000048     mission_library.o (.rodata.g_missionTestDistance20)
                  00012a80    00000048     mission_library.o (.rodata.g_missionTestLine)
                  00012ac8    00000048     mission_library.o (.rodata.g_missionTestTurn)
                  00012b10    00000030     oled_ui.o (.rodata..Lswitch.table.OledUi_Update_20ms.191)
                  00012b40    00000030     mission_library.o (.rodata.g_missionRegistry)
                  00012b70    00000028     oled_ui.o (.rodata..Lswitch.table.OledUi_Update_20ms.197)
                  00012b98    00000024     oled_ui.o (.rodata..Lswitch.table.OledUi_Update_20ms.195)
                  00012bbc    00000020     oled_ui.o (.rodata..Lswitch.table.OledUi_Update_20ms.196)
                  00012bdc    0000001c     menu.o (.rodata..Lswitch.table.Menu_ParamItemToString)
                  00012bf8    0000001c     vision_tuning_console.o (.rodata.str1.1836208005852235077.1)
                  00012c14    00000018     oled_ui.o (.rodata..Lswitch.table.OledUi_Update_20ms.188)
                  00012c2c    00000018     oled_ui.o (.rodata..Lswitch.table.OledUi_Update_20ms.198)
                  00012c44    00000018     vision_pitch_tuning.o (.rodata..Lswitch.table.VisionPitchTuning_ParamName)
                  00012c5c    00000014     oled_ui.o (.rodata..Lswitch.table.OledUi_Update_20ms.199)
                  00012c70    00000014     vision_yaw_tuning.o (.rodata..Lswitch.table.VisionYawTuning_ParamName)
                  00012c84    0000000e     oled_ui.o (.rodata.str1.10416366799939242409.1)
                  00012c92    00000002     ti_msp_dl_config.o (.rodata.gUART_VISIONClockConfig)
                  00012c94    0000000c     oled_ui.o (.rodata..Lswitch.table.OledUi_Update_20ms.190)
                  00012ca0    0000000c     oled_ui.o (.rodata..Lswitch.table.OledUi_Update_20ms.192)
                  00012cac    0000000c     oled_ui.o (.rodata..Lswitch.table.OledUi_Update_20ms)
                  00012cb8    0000000a     ti_msp_dl_config.o (.rodata.gUART_VISIONConfig)
                  00012cc2    0000000a     mission_library.o (.rodata.str1.13636476544574750902.1)
                  00012ccc    0000000a     mission_library.o (.rodata.str1.15668266851434757964.1)
                  00012cd6    0000000a     mission_library.o (.rodata.str1.199678142196697465.1)
                  00012ce0    0000000a     oled_ui.o (.rodata.str1.2002540315216928218.1)
                  00012cea    0000000a     vision_tuning_console.o (.rodata.str1.4859846923128959820.1)
                  00012cf4    0000000a     vision_tuning_console.o (.rodata.str1.7225688704195888286.1)
                  00012cfe    00000002     oled_ui.o (.rodata.str1.12504350857748951577.1)
                  00012d00    00000008     ti_msp_dl_config.o (.rodata.gPWM_MOTORConfig)
                  00012d08    00000008     vision_tuning_console.o (.rodata.str1.11718269490974306969.1)
                  00012d10    00000008     oled_ui.o (.rodata.str1.13871579367539052597.1)
                  00012d18    00000008     oled_ui.o (.rodata.str1.14142815821055334776.1)
                  00012d20    00000008     oled_ui.o (.rodata.str1.17719310104486814868.1)
                  00012d28    00000008     vision_tuning_console.o (.rodata.str1.3293472937029561918.1)
                  00012d30    00000008     oled_ui.o (.rodata.str1.9159586779647977165.1)
                  00012d38    00000008     oled_ui.o (.rodata.str1.9611283282870761829.1)
                  00012d40    00000008     oled_ui.o (.rodata.str1.9646571805098343045.1)
                  00012d48    00000008     oled_ui.o (.rodata.str1.9822857334037886482.1)
                  00012d50    00000007     menu.o (.rodata..Lswitch.table.Menu_HandleKeyEvent.8)
                  00012d57    00000007     vision_tuning_console.o (.rodata.str1.10860306953068020798.1)
                  00012d5e    00000007     oled_ui.o (.rodata.str1.14168333168339663346.1)
                  00012d65    00000007     oled_ui.o (.rodata.str1.7219546930854689545.1)
                  00012d6c    00000006     vision_tuning_console.o (.rodata.str1.10319329813075420582.1)
                  00012d72    00000006     oled_ui.o (.rodata.str1.10568433575767188072.1)
                  00012d78    00000006     oled_ui.o (.rodata.str1.11049990970699464748.1)
                  00012d7e    00000006     oled_ui.o (.rodata.str1.1108652269057166745.1)
                  00012d84    00000006     oled_ui.o (.rodata.str1.11388022865931857840.1)
                  00012d8a    00000006     oled_ui.o (.rodata.str1.1445687256832830955.1)
                  00012d90    00000006     oled_ui.o (.rodata.str1.14711868471336838103.1)
                  00012d96    00000006     oled_ui.o (.rodata.str1.15132332204781002199.1)
                  00012d9c    00000006     oled_ui.o (.rodata.str1.16526439943277383452.1)
                  00012da2    00000006     oled_ui.o (.rodata.str1.17540787658903907660.1)
                  00012da8    00000006     oled_ui.o (.rodata.str1.17678525341650131470.1)
                  00012dae    00000006     oled_ui.o (.rodata.str1.18128648927899109887.1)
                  00012db4    00000006     oled_ui.o (.rodata.str1.2308938766145545715.1)
                  00012dba    00000006     vision_tuning_console.o (.rodata.str1.4028100529439820245.1)
                  00012dc0    00000006     oled_ui.o (.rodata.str1.5948326995020184415.1)
                  00012dc6    00000006     oled_ui.o (.rodata.str1.8236579331345056500.1)
                  00012dcc    00000005     menu.o (.rodata..Lswitch.table.Menu_HandleKeyEvent)
                  00012dd1    00000005     motion_action.o (.rodata..Lswitch.table.MotionAction_Update_20ms)
                  00012dd6    00000005     oled.o (.rodata.oled_get_glyph.colon)
                  00012ddb    00000005     oled.o (.rodata.oled_get_glyph.eight)
                  00012de0    00000005     oled.o (.rodata.oled_get_glyph.five)
                  00012de5    00000005     oled.o (.rodata.oled_get_glyph.four)
                  00012dea    00000005     oled.o (.rodata.oled_get_glyph.glyphA)
                  00012def    00000005     oled.o (.rodata.oled_get_glyph.glyphB)
                  00012df4    00000005     oled.o (.rodata.oled_get_glyph.glyphC)
                  00012df9    00000005     oled.o (.rodata.oled_get_glyph.glyphD)
                  00012dfe    00000005     oled.o (.rodata.oled_get_glyph.glyphE)
                  00012e03    00000005     oled.o (.rodata.oled_get_glyph.glyphF)
                  00012e08    00000005     oled.o (.rodata.oled_get_glyph.glyphG)
                  00012e0d    00000005     oled.o (.rodata.oled_get_glyph.glyphH)
                  00012e12    00000005     oled.o (.rodata.oled_get_glyph.glyphI)
                  00012e17    00000005     oled.o (.rodata.oled_get_glyph.glyphK)
                  00012e1c    00000005     oled.o (.rodata.oled_get_glyph.glyphL)
                  00012e21    00000005     oled.o (.rodata.oled_get_glyph.glyphM)
                  00012e26    00000005     oled.o (.rodata.oled_get_glyph.glyphN)
                  00012e2b    00000005     oled.o (.rodata.oled_get_glyph.glyphO)
                  00012e30    00000005     oled.o (.rodata.oled_get_glyph.glyphP)
                  00012e35    00000005     oled.o (.rodata.oled_get_glyph.glyphR)
                  00012e3a    00000005     oled.o (.rodata.oled_get_glyph.glyphS)
                  00012e3f    00000005     oled.o (.rodata.oled_get_glyph.glyphT)
                  00012e44    00000005     oled.o (.rodata.oled_get_glyph.glyphU)
                  00012e49    00000005     oled.o (.rodata.oled_get_glyph.glyphV)
                  00012e4e    00000005     oled.o (.rodata.oled_get_glyph.glyphW)
                  00012e53    00000005     oled.o (.rodata.oled_get_glyph.glyphX)
                  00012e58    00000005     oled.o (.rodata.oled_get_glyph.glyphY)
                  00012e5d    00000005     oled.o (.rodata.oled_get_glyph.glyphb)
                  00012e62    00000005     oled.o (.rodata.oled_get_glyph.gt)
                  00012e67    00000005     oled.o (.rodata.oled_get_glyph.minus)
                  00012e6c    00000005     oled.o (.rodata.oled_get_glyph.nine)
                  00012e71    00000005     oled.o (.rodata.oled_get_glyph.one)
                  00012e76    00000005     oled.o (.rodata.oled_get_glyph.seven)
                  00012e7b    00000005     oled.o (.rodata.oled_get_glyph.six)
                  00012e80    00000005     oled.o (.rodata.oled_get_glyph.space)
                  00012e85    00000005     oled.o (.rodata.oled_get_glyph.three)
                  00012e8a    00000005     oled.o (.rodata.oled_get_glyph.two)
                  00012e8f    00000005     oled.o (.rodata.oled_get_glyph.zero)
                  00012e94    00000005     oled_ui.o (.rodata.str1.11178346780556493352.1)
                  00012e99    00000005     oled_ui.o (.rodata.str1.11794000050372113979.1)
                  00012e9e    00000005     oled_ui.o (.rodata.str1.12182588061437138428.1)
                  00012ea3    00000005     oled_ui.o (.rodata.str1.12447783896598192203.1)
                  00012ea8    00000005     oled_ui.o (.rodata.str1.13567883086814673087.1)
                  00012ead    00000005     oled_ui.o (.rodata.str1.13790669171379415506.1)
                  00012eb2    00000005     vision_pitch_tuning.o (.rodata.str1.13915893147848268398.1)
                  00012eb7    00000005     oled_ui.o (.rodata.str1.14132186318895045592.1)
                  00012ebc    00000005     oled_ui.o (.rodata.str1.14358698208395374265.1)
                  00012ec1    00000005     fault.o (.rodata.str1.14435905801345341244.1)
                  00012ec6    00000005     oled_ui.o (.rodata.str1.14521350379984854626.1)
                  00012ecb    00000005     oled_ui.o (.rodata.str1.14675223611663555778.1)
                  00012ed0    00000005     oled_ui.o (.rodata.str1.14740362735394205067.1)
                  00012ed5    00000005     fault.o (.rodata.str1.1506612114648992996.1)
                  00012eda    00000005     oled_ui.o (.rodata.str1.15613891207764622616.1)
                  00012edf    00000005     oled_ui.o (.rodata.str1.15817398807211891688.1)
                  00012ee4    00000005     oled_ui.o (.rodata.str1.15935041339501476673.1)
                  00012ee9    00000005     oled_ui.o (.rodata.str1.16411631209783952401.1)
                  00012eee    00000005     oled_ui.o (.rodata.str1.16554583589798097927.1)
                  00012ef3    00000005     oled_ui.o (.rodata.str1.16635595130967924751.1)
                  00012ef8    00000005     oled_ui.o (.rodata.str1.16931641404301806744.1)
                  00012efd    00000005     oled_ui.o (.rodata.str1.16939060351352778619.1)
                  00012f02    00000005     fault.o (.rodata.str1.17097894860660336008.1)
                  00012f07    00000005     fault.o (.rodata.str1.17155043670132108083.1)
                  00012f0c    00000005     vision_tuning_console.o (.rodata.str1.17265544270347038021.1)
                  00012f11    00000005     oled_ui.o (.rodata.str1.17464849429964608858.1)
                  00012f16    00000005     oled_ui.o (.rodata.str1.18190418239766617312.1)
                  00012f1b    00000005     oled_ui.o (.rodata.str1.1974573040514735405.1)
                  00012f20    00000005     fault.o (.rodata.str1.2104670281202025270.1)
                  00012f25    00000005     oled_ui.o (.rodata.str1.240075016795266086.1)
                  00012f2a    00000005     oled_ui.o (.rodata.str1.2522137003438374266.1)
                  00012f2f    00000005     oled_ui.o (.rodata.str1.2603845803395459882.1)
                  00012f34    00000005     oled_ui.o (.rodata.str1.2714695401222167146.1)
                  00012f39    00000005     oled_ui.o (.rodata.str1.3702290527496711532.1)
                  00012f3e    00000005     fault.o (.rodata.str1.4453281041433270631.1)
                  00012f43    00000005     fault.o (.rodata.str1.4549004730087743662.1)
                  00012f48    00000005     oled_ui.o (.rodata.str1.4581472623415959594.1)
                  00012f4d    00000005     oled_ui.o (.rodata.str1.4582914374586912483.1)
                  00012f52    00000005     oled_ui.o (.rodata.str1.4610220316623841660.1)
                  00012f57    00000005     menu.o (.rodata.str1.4862307748908978627.1)
                  00012f5c    00000005     oled_ui.o (.rodata.str1.5004483696121082904.1)
                  00012f61    00000005     fault.o (.rodata.str1.6372787129294360447.1)
                  00012f66    00000005     fault.o (.rodata.str1.6437946768974223044.1)
                  00012f6b    00000005     oled_ui.o (.rodata.str1.6473435968988645044.1)
                  00012f70    00000005     oled_ui.o (.rodata.str1.7419768602719733415.1)
                  00012f75    00000005     vision_yaw_tuning.o (.rodata.str1.7764041101441114269.1)
                  00012f7a    00000005     oled_ui.o (.rodata.str1.7774807581888385879.1)
                  00012f7f    00000005     fault.o (.rodata.str1.8185770893384132067.1)
                  00012f84    00000005     oled_ui.o (.rodata.str1.8403269972884532600.1)
                  00012f89    00000005     oled_ui.o (.rodata.str1.8426569189266129334.1)
                  00012f8e    00000005     oled_ui.o (.rodata.str1.8449035241871861290.1)
                  00012f93    00000005     oled_ui.o (.rodata.str1.8460525935980491721.1)
                  00012f98    00000005     oled_ui.o (.rodata.str1.8615431116298670950.1)
                  00012f9d    00000005     oled_ui.o (.rodata.str1.8693388333057100694.1)
                  00012fa2    00000005     oled_ui.o (.rodata.str1.9044019526854345694.1)
                  00012fa7    00000005     oled_ui.o (.rodata.str1.9102528229756940648.1)
                  00012fac    00000005     oled_ui.o (.rodata.str1.9295666102996717355.1)
                  00012fb1    00000005     oled_ui.o (.rodata.str1.9351772214919528733.1)
                  00012fb6    00000005     oled_ui.o (.rodata.str1.9554470707595806150.1)
                  00012fbb    00000005     oled_ui.o (.rodata.str1.9584387800903135389.1)
                  00012fc0    00000004     oled_ui.o (.rodata.str1.10077435089618835710.1)
                  00012fc4    00000004     oled_ui.o (.rodata.str1.10163600690795753232.1)
                  00012fc8    00000004     oled_ui.o (.rodata.str1.1019225241002246410.1)
                  00012fcc    00000004     oled_ui.o (.rodata.str1.10263419832828250601.1)
                  00012fd0    00000004     oled_ui.o (.rodata.str1.10430294223631918979.1)
                  00012fd4    00000004     oled_ui.o (.rodata.str1.10907125332684471422.1)
                  00012fd8    00000004     oled_ui.o (.rodata.str1.11149198520117834688.1)
                  00012fdc    00000004     oled_ui.o (.rodata.str1.11232419324784801130.1)
                  00012fe0    00000004     oled_ui.o (.rodata.str1.11428648044669318875.1)
                  00012fe4    00000004     oled_ui.o (.rodata.str1.11614055506586029288.1)
                  00012fe8    00000004     oled_ui.o (.rodata.str1.11627403558423016802.1)
                  00012fec    00000004     oled_ui.o (.rodata.str1.12043213579996415112.1)
                  00012ff0    00000004     menu.o (.rodata.str1.12110183915172842339.1)
                  00012ff4    00000004     oled_ui.o (.rodata.str1.12493748764729730277.1)
                  00012ff8    00000004     oled_ui.o (.rodata.str1.12571791089077708471.1)
                  00012ffc    00000004     oled_ui.o (.rodata.str1.12617122458660443890.1)
                  00013000    00000004     oled_ui.o (.rodata.str1.1276391367487699528.1)
                  00013004    00000004     oled_ui.o (.rodata.str1.12888220461447056082.1)
                  00013008    00000004     oled_ui.o (.rodata.str1.12928245060369742404.1)
                  0001300c    00000004     oled_ui.o (.rodata.str1.12983537867572525563.1)
                  00013010    00000004     oled_ui.o (.rodata.str1.13244290092665904221.1)
                  00013014    00000004     oled_ui.o (.rodata.str1.13271657277589579873.1)
                  00013018    00000004     fault.o (.rodata.str1.13582094816268305212.1)
                  0001301c    00000004     oled_ui.o (.rodata.str1.13875148296791986931.1)
                  00013020    00000004     oled_ui.o (.rodata.str1.13882251010780863896.1)
                  00013024    00000004     oled_ui.o (.rodata.str1.13892659840332223045.1)
                  00013028    00000004     vision_tuning_console.o (.rodata.str1.14084955404328172175.1)
                  0001302c    00000004     oled_ui.o (.rodata.str1.14134189893851348960.1)
                  00013030    00000004     oled_ui.o (.rodata.str1.14265077442249237877.1)
                  00013034    00000004     oled_ui.o (.rodata.str1.15008238333949226094.1)
                  00013038    00000004     oled_ui.o (.rodata.str1.15575624326185233262.1)
                  0001303c    00000004     oled_ui.o (.rodata.str1.15577080202403550426.1)
                  00013040    00000004     oled_ui.o (.rodata.str1.15802367878353263018.1)
                  00013044    00000004     oled_ui.o (.rodata.str1.15829239520183577662.1)
                  00013048    00000004     menu.o (.rodata.str1.16312125044762562515.1)
                  0001304c    00000004     fault.o (.rodata.str1.16482347271627360806.1)
                  00013050    00000004     oled_ui.o (.rodata.str1.16496169091617228061.1)
                  00013054    00000004     vision_pitch_tuning.o (.rodata.str1.16579632732967443104.1)
                  00013058    00000004     oled_ui.o (.rodata.str1.16849766574302683489.1)
                  0001305c    00000004     oled_ui.o (.rodata.str1.16895433903389883335.1)
                  00013060    00000004     menu.o (.rodata.str1.17041139162815566052.1)
                  00013064    00000004     oled_ui.o (.rodata.str1.17067061841413117831.1)
                  00013068    00000004     oled_ui.o (.rodata.str1.17274519358952562110.1)
                  0001306c    00000004     oled_ui.o (.rodata.str1.17747339173178619492.1)
                  00013070    00000004     oled_ui.o (.rodata.str1.17763996158807330232.1)
                  00013074    00000004     oled_ui.o (.rodata.str1.17881291656140238186.1)
                  00013078    00000004     oled_ui.o (.rodata.str1.182352409660151230.1)
                  0001307c    00000004     oled_ui.o (.rodata.str1.18266126048138325213.1)
                  00013080    00000004     oled_ui.o (.rodata.str1.18379317056176403938.1)
                  00013084    00000004     oled_ui.o (.rodata.str1.2193316011307952170.1)
                  00013088    00000004     oled_ui.o (.rodata.str1.2608729314174233125.1)
                  0001308c    00000004     oled_ui.o (.rodata.str1.270145429241168923.1)
                  00013090    00000004     oled_ui.o (.rodata.str1.2742282290834473644.1)
                  00013094    00000004     oled_ui.o (.rodata.str1.2983744876309220570.1)
                  00013098    00000004     oled_ui.o (.rodata.str1.3407221357956504873.1)
                  0001309c    00000004     oled_ui.o (.rodata.str1.3455423528827705371.1)
                  000130a0    00000004     oled_ui.o (.rodata.str1.4193589846040060630.1)
                  000130a4    00000004     oled_ui.o (.rodata.str1.4402311448527872260.1)
                  000130a8    00000004     oled_ui.o (.rodata.str1.4581686099848791648.1)
                  000130ac    00000004     oled_ui.o (.rodata.str1.4691821198597473371.1)
                  000130b0    00000004     oled_ui.o (.rodata.str1.4723632947289500520.1)
                  000130b4    00000004     oled_ui.o (.rodata.str1.4932371652560868037.1)
                  000130b8    00000004     oled_ui.o (.rodata.str1.5376340479846291137.1)
                  000130bc    00000004     oled_ui.o (.rodata.str1.5689016102676777062.1)
                  000130c0    00000004     oled_ui.o (.rodata.str1.5853739094453432564.1)
                  000130c4    00000004     oled_ui.o (.rodata.str1.58703915094955230.1)
                  000130c8    00000004     oled_ui.o (.rodata.str1.5965450730569173784.1)
                  000130cc    00000004     oled_ui.o (.rodata.str1.6350830172869379626.1)
                  000130d0    00000004     oled_ui.o (.rodata.str1.6398192001994169976.1)
                  000130d4    00000004     oled_ui.o (.rodata.str1.6744096065564390185.1)
                  000130d8    00000004     oled_ui.o (.rodata.str1.6806727740681590176.1)
                  000130dc    00000004     oled_ui.o (.rodata.str1.6835749436006845616.1)
                  000130e0    00000004     menu.o (.rodata.str1.6857549598058878762.1)
                  000130e4    00000004     oled_ui.o (.rodata.str1.6954814719705590448.1)
                  000130e8    00000004     oled_ui.o (.rodata.str1.7185587941321649510.1)
                  000130ec    00000004     oled_ui.o (.rodata.str1.7205245123442117851.1)
                  000130f0    00000004     fault.o (.rodata.str1.7255546073596598018.1)
                  000130f4    00000004     oled_ui.o (.rodata.str1.7481335054564682966.1)
                  000130f8    00000004     oled_ui.o (.rodata.str1.8018480777946742726.1)
                  000130fc    00000004     oled_ui.o (.rodata.str1.8124536758062367015.1)
                  00013100    00000004     oled_ui.o (.rodata.str1.8399051469953744892.1)
                  00013104    00000004     oled_ui.o (.rodata.str1.8703997732205428909.1)
                  00013108    00000004     oled_ui.o (.rodata.str1.8783421139296713095.1)
                  0001310c    00000004     oled_ui.o (.rodata.str1.8950259614286592359.1)
                  00013110    00000004     oled_ui.o (.rodata.str1.9229350655415085.1)
                  00013114    00000004     vision_tuning_console.o (.rodata.str1.9292707793305368794.1)
                  00013118    00000004     vision_yaw_tuning.o (.rodata.str1.9489746196023004463.1)
                  0001311c    00000004     oled_ui.o (.rodata.str1.967006512144173535.1)
                  00013120    00000004     oled_ui.o (.rodata.str1.9854382722193312766.1)
                  00013124    00000004     oled_ui.o (.rodata.str1.9992244628984851027.1)
                  00013128    00000003     ti_msp_dl_config.o (.rodata.gPWM_MOTORClockConfig)
                  0001312b    00000003     oled_ui.o (.rodata.str1.10509309789429088155.1)
                  0001312e    00000003     vision_pitch_tuning.o (.rodata.str1.10553819018306626402.1)
                  00013131    00000003     oled_ui.o (.rodata.str1.10600688730180713177.1)
                  00013134    00000003     vision_tuning_console.o (.rodata.str1.12197883643583142124.1)
                  00013137    00000003     oled_ui.o (.rodata.str1.12359577037488465078.1)
                  0001313a    00000003     oled_ui.o (.rodata.str1.12595606217184830646.1)
                  0001313d    00000003     oled_ui.o (.rodata.str1.12697925274637991987.1)
                  00013140    00000003     oled_ui.o (.rodata.str1.130772507669342127.1)
                  00013143    00000003     menu.o (.rodata.str1.13124720451672825294.1)
                  00013146    00000003     oled_ui.o (.rodata.str1.13750180467131823662.1)
                  00013149    00000003     menu.o (.rodata.str1.14098755746347272832.1)
                  0001314c    00000003     oled_ui.o (.rodata.str1.14556837007311414654.1)
                  0001314f    00000003     oled_ui.o (.rodata.str1.14774750633985060196.1)
                  00013152    00000003     vision_pitch_tuning.o (.rodata.str1.15082469624955958926.1)
                  00013155    00000003     vision_yaw_tuning.o (.rodata.str1.15455206247194842411.1)
                  00013158    00000003     oled_ui.o (.rodata.str1.15859922799842739878.1)
                  0001315b    00000003     oled_ui.o (.rodata.str1.16290499236105125126.1)
                  0001315e    00000003     vision_tuning_console.o (.rodata.str1.16336339630363933256.1)
                  00013161    00000003     vision_pitch_tuning.o (.rodata.str1.17185918124541117546.1)
                  00013164    00000003     oled_ui.o (.rodata.str1.17242430504649735449.1)
                  00013167    00000003     oled_ui.o (.rodata.str1.17436941090773226089.1)
                  0001316a    00000003     oled_ui.o (.rodata.str1.17717236995185551183.1)
                  0001316d    00000003     oled_ui.o (.rodata.str1.17763087492223448992.1)
                  00013170    00000003     oled_ui.o (.rodata.str1.17812014771544466701.1)
                  00013173    00000003     oled_ui.o (.rodata.str1.17884296644359297425.1)
                  00013176    00000003     vision_pitch_tuning.o (.rodata.str1.18308346119964257230.1)
                  00013179    00000003     vision_pitch_tuning.o (.rodata.str1.2353024170771920291.1)
                  0001317c    00000003     oled_ui.o (.rodata.str1.2656948373757303877.1)
                  0001317f    00000003     oled_ui.o (.rodata.str1.3025253791635144717.1)
                  00013182    00000003     oled_ui.o (.rodata.str1.344790106308886506.1)
                  00013185    00000003     oled_ui.o (.rodata.str1.3467953211977455017.1)
                  00013188    00000003     vision_yaw_tuning.o (.rodata.str1.4032468970572441659.1)
                  0001318b    00000003     oled_ui.o (.rodata.str1.4082595774073207366.1)
                  0001318e    00000003     oled_ui.o (.rodata.str1.4551794666512319153.1)
                  00013191    00000003     menu.o (.rodata.str1.4646809750356241979.1)
                  00013194    00000003     oled_ui.o (.rodata.str1.5291836437463020264.1)
                  00013197    00000003     oled_ui.o (.rodata.str1.5463568455719735.1)
                  0001319a    00000003     oled_ui.o (.rodata.str1.5965888106848176421.1)
                  0001319d    00000003     vision_yaw_tuning.o (.rodata.str1.6393086909333857079.1)
                  000131a0    00000003     vision_yaw_tuning.o (.rodata.str1.6657421771701333087.1)
                  000131a3    00000003     oled_ui.o (.rodata.str1.7050595558965647569.1)
                  000131a6    00000003     fault.o (.rodata.str1.8193046109637024842.1)
                  000131a9    00000003     oled_ui.o (.rodata.str1.8471462185882660445.1)
                  000131ac    00000003     oled_ui.o (.rodata.str1.9135818829835424837.1)
                  000131af    00000003     oled_ui.o (.rodata.str1.9250665025187963892.1)
                  000131b2    00000003     oled_ui.o (.rodata.str1.9544068167406571052.1)
                  000131b5    00000002     oled_ui.o (.rodata.str1.15917848551323629232.1)
                  000131b7    00000002     oled_ui.o (.rodata.str1.35417727660486075.1)
                  000131b9    00000002     oled_ui.o (.rodata.str1.763101100280173925.1)
                  000131bb    00000002     oled_ui.o (.rodata.str1.799718701096035713.1)
                  000131bd    00000002     oled_ui.o (.rodata.str1.8709745090823444516.1)
                  000131bf    00000001     --HOLE-- [fill = 0]

.init_array 
*          0    00000000    00000000     UNINITIALIZED

.binit     0    00000000    00000000     

.bss       0    20200000    000011a1     UNINITIALIZED
                  20200000    00000400     oled.o (.bss.g_oledFrame)
                  20200400    00000200     vision_receiver.o (.bss.g_ring)
                  20200600    000001c8     runtime_snapshot.o (.bss.g_snapshot)
                  202007c8    00000100     vision_tuning_console.o (.bss.g_rxRing)
                  202008c8    00000100     vision_tuning_console.o (.bss.g_txRing)
                  202009c8    00000100     (.common:g_appConfig)
                  20200ac8    00000084     (.common:g_imuRuntime)
                  20200b4c    0000007c     motor_control.o (.bss.g_runtime)
                  20200bc8    00000060     (.common:g_appRuntime)
                  20200c28    00000058     vision_receiver.o (.bss.g_status)
                  20200c80    00000058     (.common:g_wheelSpeedEstimatorRuntime)
                  20200cd8    00000048     gimbal_vision_adapter.o (.bss.g_feedback)
                  20200d20    00000040     gimbal.o (.bss.g_feedback)
                  20200d60    00000040     vision_tuning_console.o (.bss.g_line)
                  20200da0    00000040     line_controller.o (.bss.g_lineRuntime)
                  20200de0    00000040     gimbal.o (.bss.g_pitchFeedback)
                  20200e20    00000030     (.common:gUART_VISIONBackup)
                  20200e50    0000002c     vision_receiver.o (.bss.g_observation)
                  20200e7c    0000002c     empty.o (.bss.g_schedulerStats)
                  20200ea8    00000028     gimbal_tracker.o (.bss.g_feedback)
                  20200ed0    00000028     vision_receiver.o (.bss.g_frame)
                  20200ef8    00000024     gimbal_vision_yaw_tracker.o (.bss.g_feedback)
                  20200f1c    0000001c     mission_manager.o (.bss.g_missionRuntime)
                  20200f38    0000001c     (.common:g_headingRuntime)
                  20200f54    00000018     obstacle_avoidance.o (.bss.g_avoidFeedback)
                  20200f6c    00000004     imu.o (.bss.g_elapsedSinceValidSampleMs)
                  20200f70    00000018     gimbal_stepper.o (.bss.g_feedback)
                  20200f88    00000018     gimbal_vision_pitch_tracker.o (.bss.g_feedback)
                  20200fa0    00000018     vision_pitch_tuning.o (.bss.g_status)
                  20200fb8    00000018     vision_tuning_console.o (.bss.g_status)
                  20200fd0    00000014     motion_action.o (.bss.g_motionActionRuntime)
                  20200fe4    00000004     gimbal_tracker.o (.bss.g_filteredErrorX)
                  20200fe8    00000014     vision_yaw_tuning.o (.bss.g_status)
                  20200ffc    00000014     watchdog_monitor.o (.bss.g_status)
                  20201010    00000010     fault.o (.bss.g_faultRecord)
                  20201020    00000010     motor.o (.bss.g_motorRuntime)
                  20201030    0000000e     car_controller.o (.bss.g_carControllerFeedback)
                  2020103e    00000002     ultrasonic.o (.bss.g_echoTicks)
                  20201040    0000000e     ultrasonic.o (.bss.g_ultrasonicFeedback)
                  2020104e    00000002     gimbal.o (.bss.g_pitchHalfPeriodTicks)
                  20201050    0000000c     gimbal_tracker.o (.bss.g_observation)
                  2020105c    0000000c     debug_telemetry.o (.bss.g_status)
                  20201068    00000008     obstacle_monitor.o (.bss.g_obstacleFeedback)
                  20201070    00000008     gimbal.o (.bss.g_pitchContinuousDegX10)
                  20201078    00000008     gimbal.o (.bss.g_pitchEstimatedSteps)
                  20201080    00000008     gimbal.o (.bss.g_pitchTargetDegX10)
                  20201088    00000008     gimbal.o (.bss.g_pitchTargetEstimatedSteps)
                  20201090    00000008     gimbal_stepper.o (.bss.g_stepperEstimatedSteps)
                  20201098    00000008     gimbal_stepper.o (.bss.g_stepperTargetEstimatedSteps)
                  202010a0    00000008     gimbal.o (.bss.g_yawContinuousDegX10)
                  202010a8    00000008     gimbal.o (.bss.g_yawLockedWorldYawDegX10)
                  202010b0    00000008     gimbal.o (.bss.g_yawTargetContinuousDegX10)
                  202010b8    00000008     gimbal.o (.bss.g_yawWorldTargetDegX10)
                  202010c0    00000008     gimbal.o (.bss.g_yawWrappedDegX10)
                  202010c8    00000006     ultrasonic.o (.bss.g_distanceSamples)
                  202010ce    00000006     key.o (.bss.g_key1)
                  202010d4    00000006     key.o (.bss.g_key2)
                  202010da    00000006     key.o (.bss.g_key3)
                  202010e0    00000004     gimbal_tracker.o (.bss.g_filteredErrorY)
                  202010e4    00000004     gimbal_vision_adapter.o (.bss.g_lastAcceptedFrameCount)
                  202010e8    00000004     debug_telemetry.o (.bss.g_lastFrameMs)
                  202010ec    00000004     watchdog_monitor.o (.bss.g_lastTickMs)
                  202010f0    00000004     wheel_speed_estimator.o (.bss.g_latchedErrorFlags)
                  202010f4    00000004     empty.o (.bss.g_localTimeMs)
                  202010f8    00000004     encoder.o (.bss.g_motorAPulses)
                  202010fc    00000004     encoder.o (.bss.g_motorBPulses)
                  20201100    00000004     gimbal.o (.bss.g_pitchCommandedRpm)
                  20201104    00000004     gimbal.o (.bss.g_pitchCompletedSteps)
                  20201108    00000004     gimbal_tracker.o (.bss.g_pitchTargetDeg)
                  2020110c    00000004     gimbal.o (.bss.g_pitchTargetRpm)
                  20201110    00000004     gimbal.o (.bss.g_pitchTrackingTargetRpm)
                  20201114    00000004     imu.o (.bss.g_previousValidCorrectedGyroZDps)
                  20201118    00000004     servo.o (.bss.g_servoFeedback)
                  2020111c    00000004     gimbal_vision_yaw_tracker.o (.bss.g_sessionId)
                  20201120    00000004     gimbal_stepper.o (.bss.g_stepperCompletedSteps)
                  20201124    00000004     gimbal_vision_yaw_tracker.o (.bss.g_targetWrappedDeg)
                  20201128    00000004     gimbal.o (.bss.g_yawCommandedRpm)
                  2020112c    00000004     gimbal.o (.bss.g_yawTargetRpm)
                  20201130    00000004     gimbal_tracker.o (.bss.g_yawTargetWrappedDeg)
                  20201134    00000004     empty.o (.bss.main.lastAppUpdateMs)
                  20201138    00000002     gimbal.o (.bss.g_pitchStepHalfPeriodTicks)
                  2020113a    00000002     obstacle_avoidance.o (.bss.g_resumeGraceMs)
                  2020113c    00000002     vision_receiver.o (.bss.g_ringHead)
                  2020113e    00000002     vision_receiver.o (.bss.g_ringTail)
                  20201140    00000002     vision_tuning_console.o (.bss.g_rxHead)
                  20201142    00000002     vision_tuning_console.o (.bss.g_rxTail)
                  20201144    00000002     servo.o (.bss.g_servoPwmPhase)
                  20201146    00000002     ultrasonic.o (.bss.g_stateTicks)
                  20201148    00000002     gimbal_stepper.o (.bss.g_stepperHalfPeriodTicks)
                  2020114a    00000002     gimbal_stepper.o (.bss.g_stepperStepHalfPeriodTicks)
                  2020114c    00000002     vision_tuning_console.o (.bss.g_txHead)
                  2020114e    00000002     vision_tuning_console.o (.bss.g_txTail)
                  20201150    00000002     menu.o (.bss.menu_handle_status_key.trackerSequence)
                  20201152    00000002     (.common:g_trackError)
                  20201154    00000001     oled_ui.o (.bss.OledUi_Update_20ms.flushRow)
                  20201155    00000001     oled_ui.o (.bss.OledUi_Update_20ms.refreshDivider)
                  20201156    00000001     empty.o (.bss.SysTick_Handler.controlMsCount)
                  20201157    00000001     empty.o (.bss.SysTick_Handler.gimbalMsCount)
                  20201158    00000001     empty.o (.bss.SysTick_Handler.tick100usCount)
                  20201159    00000001     empty.o (.bss.SysTick_Handler.trackerMsCount)
                  2020115a    00000001     ultrasonic.o (.bss.Ultrasonic_Update_20ms.triggerDivider)
                  2020115b    00000001     empty.o (.bss.g_appUpdatePending)
                  2020115c    00000001     vision_tuning_console.o (.bss.g_capturing)
                  2020115d    00000001     car_state.o (.bss.g_carState)
                  2020115e    00000001     obstacle_monitor.o (.bss.g_centerSettleTicks)
                  2020115f    00000001     vision_tuning_console.o (.bss.g_commandTarget)
                  20201160    00000001     ultrasonic.o (.bss.g_distanceSampleCount)
                  20201161    00000001     ultrasonic.o (.bss.g_distanceSampleIndex)
                  20201162    00000001     emergency_stop.o (.bss.g_emergencyStopActive)
                  20201163    00000001     gimbal_tracker.o (.bss.g_enabled)
                  20201164    00000001     gimbal_vision_pitch_tracker.o (.bss.g_enabled)
                  20201165    00000001     gimbal_vision_yaw_tracker.o (.bss.g_enabled)
                  20201166    00000001     watchdog_monitor.o (.bss.g_faultApplied)
                  20201167    00000001     watchdog_monitor.o (.bss.g_faultPending)
                  20201168    00000001     gimbal_tracker.o (.bss.g_filterReady)
                  20201169    00000001     vision_receiver.o (.bss.g_frameSize)
                  2020116a    00000001     empty.o (.bss.g_gimbalUpdatePending)
                  2020116b    00000001     imu.o (.bss.g_integrationHistoryValid)
                  2020116c    00000001     wheel_speed_estimator.o (.bss.g_leftFilterInitialized)
                  2020116d    00000001     vision_tuning_console.o (.bss.g_lineSize)
                  2020116e    00000001     obstacle_safety.o (.bss.g_obstacleSafetyHolding)
                  2020116f    00000001     oled.o (.bss.g_oledColumn)
                  20201170    00000001     menu.o (.bss.g_oledPage)
                  20201171    00000001     oled.o (.bss.g_oledPage)
                  20201172    00000001     encoder.o (.bss.g_overflowFlags)
                  20201173    00000001     menu.o (.bss.g_paramItem)
                  20201174    00000001     menu.o (.bss.g_paramReturnPage)
                  20201175    00000001     key.o (.bss.g_pendingEvent)
                  20201176    00000001     gimbal.o (.bss.g_pitchControlMode)
                  20201177    00000001     gimbal.o (.bss.g_pitchDirection)
                  20201178    00000001     gimbal.o (.bss.g_pitchInitialized)
                  20201179    00000001     gimbal.o (.bss.g_pitchLimitClamped)
                  2020117a    00000001     gimbal.o (.bss.g_pitchLimitDirection)
                  2020117b    00000001     gimbal.o (.bss.g_pitchPositionValid)
                  2020117c    00000001     gimbal.o (.bss.g_pitchRunning)
                  2020117d    00000001     gimbal.o (.bss.g_pitchStepHigh)
                  2020117e    00000001     gimbal.o (.bss.g_pitchStopAfterStepLow)
                  2020117f    00000001     vision_tuning_console.o (.bss.g_prefixIndex)
                  20201180    00000001     vision_tuning_console.o (.bss.g_prefixTarget)
                  20201181    00000001     wheel_speed_estimator.o (.bss.g_rightFilterInitialized)
                  20201182    00000001     car_controller.o (.bss.g_safetyHold)
                  20201183    00000001     gimbal_vision_yaw_tracker.o (.bss.g_sessionInitialized)
                  20201184    00000001     imu.o (.bss.g_shortGapPending)
                  20201185    00000001     gimbal_tracker.o (.bss.g_simObservationUpdatesRemaining)
                  20201186    00000001     obstacle_avoidance.o (.bss.g_stateStarted)
                  20201187    00000001     gimbal_stepper.o (.bss.g_stepperDirection)
                  20201188    00000001     gimbal_stepper.o (.bss.g_stepperRunning)
                  20201189    00000001     gimbal_stepper.o (.bss.g_stepperStepHigh)
                  2020118a    00000001     gimbal_stepper.o (.bss.g_stepperStopAfterStepLow)
                  2020118b    00000001     motor_control.o (.bss.g_targetRefreshed)
                  2020118c    00000001     gimbal_vision_yaw_tracker.o (.bss.g_targetSynced)
                  2020118d    00000001     gimbal_tracker.o (.bss.g_targetValid)
                  2020118e    00000001     gimbal_tracker.o (.bss.g_targetsSynced)
                  2020118f    00000001     empty.o (.bss.g_trackerUpdatePending)
                  20201190    00000001     gimbal_tracker.o (.bss.g_trackingActive)
                  20201191    00000001     gimbal_vision_pitch_tracker.o (.bss.g_trackingActive)
                  20201192    00000001     gimbal_vision_yaw_tracker.o (.bss.g_trackingActive)
                  20201193    00000001     ultrasonic.o (.bss.g_triggerRequest)
                  20201194    00000001     ultrasonic.o (.bss.g_ultrasonicState)
                  20201195    00000001     gimbal.o (.bss.g_yawLimitClamped)
                  20201196    00000001     gimbal.o (.bss.g_yawLimitDirection)
                  20201197    00000001     gimbal.o (.bss.g_yawPositionValid)
                  20201198    00000001     gimbal.o (.bss.g_yawWorldLockEnabled)
                  20201199    00000001     (.common:g_carStateDebug)
                  2020119a    00000001     (.common:g_keyEvent)
                  2020119b    00000001     (.common:g_oledPageDebug)
                  2020119c    00000001     (.common:g_paramItemDebug)
                  2020119d    00000001     (.common:g_trackBlackCount)
                  2020119e    00000001     (.common:g_trackModeDebug)
                  2020119f    00000001     (.common:g_trackRaw)
                  202011a0    00000001     (.common:g_trackTurnDebug)

.data      0    202011a1    00000001     UNINITIALIZED
                  202011a1    00000001     car_controller.o (.data.g_followTurnPolicy)

.stack     0    20207e00    00000200     UNINITIALIZED
                  20207e00    00000004     libc.a : boot_cortex_m.c.obj (.stack)
                  20207e04    000001fc     --HOLE--

__llvm_prf_cnts 
*          0    20200000    00000000     UNINITIALIZED

__llvm_prf_bits 
*          0    20200000    00000000     UNINITIALIZED

MODULE SUMMARY

       Module                          code    ro data   rw data
       ------                          ----    -------   -------
    .\
       oled_ui.o                       13760   1089      2      
       vision_tuning_console.o         9616    102       613    
       gimbal.o                        7528    0         241    
       car_controller.o                5304    0         112    
       imu.o                           4252    0         142    
       oled.o                          2006    406       1026   
       motor_control.o                 2768    0         125    
       gimbal_tracker.o                2576    0         74     
       line_controller.o               2112    0         64     
       gimbal_vision_yaw_tracker.o     2124    0         48     
       app_config.o                    1888    0         256    
       vision_receiver.o               1112    0         689    
       runtime_snapshot.o              1184    0         456    
       gimbal_stepper.o                1412    0         52     
       menu.o                          1336    70        5      
       motion_action.o                 1368    5         20     
       wheel_speed_estimator.o         1292    0         94     
       mission_manager.o               1260    0         28     
       obstacle_avoidance.o            1142    0         27     
       gimbal_vision_pitch_tracker.o   864     0         26     
       motor.o                         776     0         16     
       empty.o                         676     0         59     
       vision_protocol.o               732     0         0      
       ti_msp_dl_config.o              636     23        48     
       ultrasonic.o                    596     0         29     
       mission_library.o               328     294       0      
       key.o                           436     0         19     
       app.o                           410     0         10     
       fault.o                         296     65        16     
       track_sensor.o                  372     0         0      
       heading_control.o               340     0         28     
       vision_pitch_tuning.o           268     48        24     
       watchdog_monitor.o              292     0         26     
       vision_yaw_tuning.o             248     41        20     
       gimbal_vision_adapter.o         228     0         76     
       encoder.o                       276     0         9      
       obstacle_safety.o               264     0         1      
       obstacle_monitor.o              192     0         9      
       startup_mspm0g350x_ticlang.o    6       192       0      
       angle_utils.o                   192     0         0      
       servo.o                         176     0         6      
       emergency_stop.o                176     0         1      
       vision_uart.o                   164     0         0      
       debug_telemetry.o               56      0         16     
       car_state.o                     36      0         1      
    +--+-------------------------------+-------+---------+---------+
       Total:                          73076   2335      4514   
                                                                
    C:/TI/mspm0_sdk_2_05_01_00/source/ti/driverlib/lib/ticlang/m0p/mspm0g1x0x_g3x0x/driverlib.a
       dl_timer.o                      388     0         0      
       dl_uart.o                       90      0         0      
       dl_common.o                     10      0         0      
    +--+-------------------------------+-------+---------+---------+
       Total:                          488     0         0      
                                                                
    D:\TI\CCS\ccs\tools\compiler\ti-cgt-armllvm_4.0.4.LTS\lib\armv6m-ti-none-eabi/c/libc.a
       memcpy16.S.obj                  154     0         0      
       strcmp-armv6m.S.obj             136     0         0      
       copy_decompress_lzss.c.obj      124     0         0      
       memset16.S.obj                  98      0         0      
       autoinit.c.obj                  60      0         0      
       boot_cortex_m.c.obj             56      0         0      
       memmov.c.obj                    40      0         0      
       copy_decompress_none.c.obj      18      0         0      
       copy_zero_init.c.obj            16      0         0      
[...]
00005371  AppConfig_LimitAll                        
000058e1  LineController_Update                     
00005dd1  Menu_HandleKeyEvent                       
00006259  RuntimeSnapshot_Update                    
000066d9  GimbalTracker_Update                      
00006fa1  WheelSpeedEstimator_Update                
000073c5  Imu_Update                                
000077a5  VisionReceiver_Process                    
00007b55  GimbalVisionYawTracker_Update10ms         
00007edd  Imu_Init                                  
000085c1  ObstacleAvoidance_Update_20ms             
00008f05  MotionAction_Update_20ms                  
0000947d  Gimbal_YawSetWrappedTargetDeg             
00009715  Gimbal_YawUpdate5ms                       
000099a9  Gimbal_PitchSetTrackingSpeedDegS          
00009c39  MotorControl_Update                       
0000a5a1  Imu_CalibrateGyroBias                     
0000a7d1  GimbalVisionPitchTracker_Update10ms       
0000a9f9  Motor_SetSpeed                            
0000abfd  VisionProtocol_ParseV1TargetFrame         
0000adf1  AppConfig_InitDefault                     
0000b3b1  CarController_StartDriveDistanceAtYaw     
0000b751  Gimbal_PitchUpdate5ms                     
0000bac5  CarController_Update_20ms                 
0000bc71  Ultrasonic_Tick100us                      
0000be11  GimbalStepper_Tick100us                   
0000bfa5  GimbalVisionYawTracker_Enable             
0000c12d  MotionAction_Start                        
0000c2b5  Gimbal_PitchTick100us                     
0000c435  GimbalStepper_MoveToEstimatedSteps        
0000c5b1  Key_Update_20ms                           
0000c725  OLED_FlushPage                            
0000c895  Gimbal_Init                               
0000ca01  OLED_PrintInt16                           
0000cb6d  main                                      
0000d371  Gimbal_YawEnableWorldLock                 
0000d499  OLED_Init                                 
0000d925  CarController_StartDriveDistance          
0000da41  LineController_Reset                      
0000db5d  App_Update_20ms                           
0000dc75  MissionLibrary_Validate                   
0000df95  DL_Timer_initFourCCPWMMode                
0000e099  LineController_ResetControlState          
0000e19d  MissionManager_Update_20ms                
0000e2a1  MotorControl_SetNormalizedTarget          
0000e3a1  Gimbal_PitchRelease                       
0000e49d  SysTick_Handler                           
0000e599  LineController_Init                       
0000e691  Gimbal_PitchStopHold                      
0000e781  CarController_StartTurnToYawRelative      
0000e86d  HeadingControl_Update                     
0000eb2d  CarController_StartDriveHeading           
0000ec11  MissionManager_SelectNext                 
0000ecf5  ObstacleSafety_Update_20ms                
0000edd5  WheelSpeedEstimator_Init                  
0000eeb5  Gimbal_PitchConfirmZero                   
0000ef91  SYSCFG_DL_GPIO_init                       
0000f149  OLED_PrintUInt16                          
0000f221  __aeabi_fsub                              
0000f221  __subsf3                                  
0000f22b  __addsf3                                  
0000f22b  __aeabi_fadd                              
0000f2f9  MissionManager_SelectPrevious             
0000f3c5  FaultCode_ToShortString                   
0000f48d  Gimbal_YawConfirmZero                     
0000f555  Angle_Normalize180                        
0000f615  CarController_StartFollowLine             
0000f6d5  CarController_StartTurnLeft90             
0000f789  CarController_StartTurnRight90            
0000f83d  GimbalStepper_StopHold                    
0000f8f1  GimbalVisionAdapter_Update                
0000f9a5  GimbalStepper_Init                        
0000fa55  Gimbal_PitchMoveRelativeDeg               
0000fb05  GimbalVisionPitchTracker_Enable           
0000fbad  CarController_ResetRuntime                
0000fc51  Encoder_HandleGpioInterrupt               
0000fd99  __udivmoddi4                              
0000fe3b  ADC0_IRQHandler                           
0000fe3b  ADC1_IRQHandler                           
0000fe3b  AES_IRQHandler                            
0000fe3b  CANFD0_IRQHandler                         
0000fe3b  DAC0_IRQHandler                           
0000fe3b  DMA_IRQHandler                            
0000fe3b  Default_Handler                           
0000fe3b  GROUP0_IRQHandler                         
0000fe3b  HardFault_Handler                         
0000fe3b  I2C0_IRQHandler                           
0000fe3b  I2C1_IRQHandler                           
0000fe3b  NMI_Handler                               
0000fe3b  PendSV_Handler                            
0000fe3b  RTC_IRQHandler                            
0000fe3b  SPI0_IRQHandler                           
0000fe3b  SPI1_IRQHandler                           
0000fe3b  SVC_Handler                               
0000fe3b  TIMA0_IRQHandler                          
0000fe3b  TIMA1_IRQHandler                          
0000fe3b  TIMG0_IRQHandler                          
0000fe3b  TIMG12_IRQHandler                         
0000fe3b  TIMG6_IRQHandler                          
0000fe3b  TIMG7_IRQHandler                          
0000fe3b  TIMG8_IRQHandler                          
0000fe3b  UART0_IRQHandler                          
0000fe3b  UART1_IRQHandler                          
0000fe3b  UART2_IRQHandler                          
0000fe3d  ObstacleMonitor_Update_20ms               
0000fed9  memcpy                                    
0000ff73  TrackSensor_Init                          
000100a5  Gimbal_YawDisableWorldLock                
00010131  Gimbal_YawStopHold                        
000101bd  SYSCFG_DL_PWM_MOTOR_init                  
00010249  __aeabi_fmul                              
00010249  __mulsf3                                  
00010361  strcmp                                    
000103e9  CarController_SetSafetyHold               
0001046d  GimbalStepper_ConfirmZero                 
000104f1  GimbalTracker_PushObservation             
00010575  Motor_Init                                
000105f9  App_Init                                  
0001067b  __aeabi_idiv0                             
0001067d  __aeabi_fdiv                              
0001067d  __divsf3                                  
000106ff  __aeabi_ldiv0                             
00010701  GimbalTracker_Init                        
00010781  Motor_Stop                                
00010801  VisionPitchTuning_Set                     
0001087d  __TI_decompress_lzss                      
000109e5  GimbalStepper_Release                     
00010a55  SYSCFG_DL_UART_VISION_init                
00010ac5  VisionYawTuning_Set                       
00010b35  TrackSensor_DetectTurn                    
00010ba5  GimbalVisionYawTracker_Init               
00010c11  MissionManager_GetSelectedMissionIndex    
00010ce1  TrackSensor_GetErrorFromRaw               
00010d49  Gimbal_YawRelease                         
00010dad  Menu_GetParamValue                        
00010e11  __aeabi_fcmpeq                            
00010e25  __aeabi_fcmplt                            
00010e39  __aeabi_fcmple                            
00010e4d  __aeabi_fcmpge                            
00010e61  __aeabi_fcmpgt                            
00010e73  memset                                    
00010ed5  GimbalTracker_Enable                      
00010f35  GimbalTracker_GetFeedback                 
00010f95  VisionTuningConsole_Init                  
00010ff5  __aeabi_f2lz                              
00010ff5  __fixsfdi                                 
00011055  UART3_IRQHandler                          
000110b1  Ultrasonic_Update_20ms                    
00011169  Gimbal_YawMoveRelativeDeg                 
000111c1  OLED_PrintChar                            
00011219  __aeabi_idiv                              
00011219  __aeabi_idivmod                           
00011271  CarController_Stop                        
000112c5  TrackSensor_ReadRaw                       
000113c1  Ultrasonic_Init                           
00011411  WatchdogMonitor_ApplyFaultIfNeeded        
00011461  __aeabi_l2f                               
00011461  __floatdisf                               
000114b1  MissionManager_Start                      
000114fd  MotorControl_Stop                         
00011549  WatchdogMonitor_Tick1msFromIsr            
000115e1  DL_UART_init                              
00011629  MotionAction_ReapplyControllerTarget      
00011671  Encoder_GetAndClearPulseDeltas            
000116b5  Imu_ResetYaw                              
000116f9  Servo_Tick100us                           
0001173d  EmergencyStop_Reset                       
0001177d  GimbalVisionPitchTracker_Init             
000117bd  MissionManager_Init                       
000117fd  SYSCFG_DL_SYSCTL_init                     
0001183d  SYSCFG_DL_initPower                       
0001187d  VisionReceiver_PushByteFromIsr            
000118bd  __aeabi_uidiv                             
000118bd  __aeabi_uidivmod                          
000118fd  __divmoddi4                               
0001193d  GimbalTracker_ClearObservation            
00011979  Servo_SetAngleDeg                         
000119b5  VisionTuningConsole_PushByteFromIsr       
000119f1  __aeabi_i2f                               
000119f1  __floatsisf                               
00011a2d  __gesf2                                   
00011a2d  __gtsf2                                   
00011aa5  __TI_auto_init_nobinit_nopinit            
00011ae1  __cmpsf2                                  
00011ae1  __eqsf2                                   
00011ae1  __lesf2                                   
00011ae1  __ltsf2                                   
00011ae1  __nesf2                                   
00011b1d  __muldsi3                                 
00011b59  VisionReceiver_Init                       
00011b91  __aeabi_f2iz                              
00011b91  __fixsfsi                                 
00011bc9  EmergencyStop_Trigger                     
00011bfd  Imu_IsReady                               
00011c31  VisionTuningConsole_TryPopTxByte          
00011c65  VisionUart_Process                        
00011ccd  OLED_PrintString                          
00011d01  CarController_StartSeekLine               
00011d31  Fault_Raise                               
00011d61  GimbalVisionYawTracker_GetFeedback        
00011d91  Gimbal_PitchGetFeedback                   
00011dc1  Key_Init                                  
00011df1  LineController_ObserveSensors             
00011e21  MissionManager_Resume                     
00011e51  VisionPitchTuning_RestoreDefault          
00011e81  WatchdogMonitor_Init                      
00011ee1  Encoder_Reset                             
00011f0d  MissionManager_Cancel                     
00011f39  MissionManager_Reset                      
00011f65  TrackSensor_CountBlack                    
00011f91  VisionYawTuning_RestoreDefault            
00011fe9  ObstacleAvoidance_Init                    
00012011  Servo_Init                                
00012039  VisionPitchTuning_Init                    
00012061  WatchdogMonitor_Reset                     
00012089  __aeabi_ui2f                              
00012089  __floatunsisf                             
000120b1  memmove                                   
000120d9  _c_int00_noargs                           
00012101  EmergencyStop_Enforce                     
00012125  GimbalVisionPitchTracker_GetFeedback      
00012149  MissionLibrary_FindById                   
0001216d  MissionManager_ReportExternalFailure      
00012191  MotorControl_Init                         
000121b5  MotorControl_Reset                        
000121d9  OLED_ClearBuffer                          
000121fd  SYSCFG_DL_init                            
00012221  VisionYawTuning_Init                      
00012245  __aeabi_lmul                              
00012245  __muldi3                                  
00012269  DL_Timer_overrideCCPOut                   
00012289  DebugTelemetry_Update                     
000122a9  MissionManager_Pause                      
000122c9  MotionAction_GetCurrentBypassDirection    
000122e9  MotionAction_GetCurrentObstaclePolicy     
00012309  OLED_SetCursor                            
00012329  SchedulerMonitor_GetStats                 
00012349  VisionReceiver_GetProtocolErrorCount      
00012389  __aeabi_llsl                              
00012389  __ashldi3                                 
000123a9  DL_Timer_setCaptCompUpdateMethod          
000123c5  DL_Timer_setClockConfig                   
000123e1  GimbalVisionAdapter_Init                  
000123fd  HeadingControl_SetTargetYaw               
00012419  Menu_Init                                 
00012435  MotionAction_Cancel                       
00012451  ObstacleMonitor_Init                      
0001246d  ObstacleSafety_Init                       
00012489  VisionPitchTuning_ParamName               
000124a5  VisionYawTuning_GetSnapshot               
000124c1  VisionYawTuning_ParamName                 
000124dd  WatchdogMonitor_NotifyControlCycleComplete
00012515  DL_Timer_setCaptureCompareOutCtl          
0001252d  DebugTelemetry_Init                       
00012545  HeadingControl_Init                       
0001255d  HeadingControl_Reset                      
00012575  Menu_ParamItemToString                    
0001258d  MotionAction_Init                         
000125a5  RuntimeSnapshot_Init                      
000125bd  __aeabi_fcmpun                            
000125bd  __unordsf2                                
000125d5  Fault_Clear                               
000125e9  Fault_Init                                
000125fd  GROUP1_IRQHandler                         
00012611  GimbalStepper_SetStepHalfPeriodTicks      
00012625  HeadingControl_Enable                     
00012639  MissionLibrary_GetByIndex                 
0001264d  MissionManager_GetSelectedMissionId       
00012661  VisionPitchTuning_GetSnapshot             
00012675  VisionUart_Init                           
00012689  __aeabi_ldivmod                           
0001269d  __aeabi_uldivmod                          
000126b1  DL_UART_setClockConfig                    
000126c3  __TI_decompress_none                      
000126d5  DL_Timer_setCaptureCompareValue           
000126e5  Gimbal_YawGetFeedback                     
000126f5  Key_GetEvent                              
00012705  ObstacleAvoidance_IsResumeGraceActive     
00012715  __TI_zero_init                            
00012725  CarController_GetRunMode                  
00012731  CarController_Init                        
0001273d  CarController_IsSafetyHoldActive          
00012749  CarState_Get                              
00012755  CarState_Init                             
00012761  CarState_Set                              
0001276d  EmergencyStop_Init                        
00012779  EmergencyStop_IsActive                    
00012785  GimbalVisionAdapter_GetObservation        
00012791  Gimbal_Tick100us                          
0001279d  Gimbal_Update5ms                          
000127a9  Imu_GetCorrectedGyroZDps                  
000127b5  Imu_GetYaw                                
000127c1  Menu_GetPage                              
000127cd  Menu_GetParamItem                         
000127d9  MissionManager_IsExternallyHeld           
000127e5  MissionManager_SetExternalHold            
000127f1  ObstacleAvoidance_IsActive                
000127fd  ObstacleAvoidance_IsFailed                
00012809  ObstacleSafety_IsHolding                  
00012815  SystemTime_GetMs                          
00012821  WatchdogMonitor_HasTripped                
0001282d  __aeabi_memclr                            
0001282d  __aeabi_memclr4                           
0001282d  __aeabi_memclr8                           
00012839  DL_Common_delayCycles                     
00012843  TrackSensor_IsCenterDetected              
0001284d  TrackSensor_IsLineDetected                
00012857  TrackSensor_IsLineLost                    
00012861  CarController_GetFeedback                 
00012869  Fault_GetRecord                           
00012871  GimbalStepper_GetFeedback                 
00012879  GimbalVisionAdapter_GetFeedback           
00012881  Gimbal_PitchStopTrackingHold              
00012889  HeadingControl_GetRuntime                 
00012891  Imu_GetRuntime                            
00012899  LineController_GetRuntime                 
000128a1  MissionManager_GetMissionCount            
000128a9  MissionManager_GetRuntime                 
000128b1  MotionAction_GetRuntime                   
000128b9  MotorControl_GetRuntime                   
000128c1  ObstacleAvoidance_GetFeedback             
000128c9  ObstacleMonitor_GetFeedback               
000128d1  OledUi_Init                               
000128d9  RuntimeSnapshot_Get                       
000128e1  Servo_GetFeedback                         
000128e9  Ultrasonic_GetFeedback                    
000128f1  VisionPitchTuning_GetStatus               
000128f9  VisionReceiver_GetObservation             
00012901  VisionReceiver_GetStatus                  
00012909  VisionTuningConsole_GetStatus             
00012911  WatchdogMonitor_GetStatus                 
00012919  WheelSpeedEstimator_GetRuntime            
00012921  __aeabi_memcpy                            
00012921  __aeabi_memcpy4                           
00012921  __aeabi_memcpy8                           
00012929  __aeabi_memmove                           
00012929  __aeabi_memmove4                          
00012929  __aeabi_memmove8                          
00012931  abort                                     
00012936  C$$EXIT                                   
00012937  HOSTexit                                  
0001293b  MissionLibrary_GetCount                   
0001293f  Reset_Handler                             
00012955  _system_pre_init                          
000131c0  __TI_Handler_Table_Base                   
000131cc  __TI_Handler_Table_Limit                  
000131dc  __TI_CINIT_Base                           
000131ec  __TI_CINIT_Limit                          
000131ec  __TI_CINIT_Warm                           
20200000  __start___llvm_prf_bits                   
20200000  __start___llvm_prf_cnts                   
20200000  __stop___llvm_prf_bits                    
20200000  __stop___llvm_prf_cnts                    
202009c8  g_appConfig                               
20200ac8  g_imuRuntime                              
20200bc8  g_appRuntime                              
20200c80  g_wheelSpeedEstimatorRuntime              
20200e20  gUART_VISIONBackup                        
20200f38  g_headingRuntime                          
20201152  g_trackError                              
20201199  g_carStateDebug                           
2020119a  g_keyEvent                                
2020119b  g_oledPageDebug                           
2020119c  g_paramItemDebug                          
2020119d  g_trackBlackCount                         
2020119e  g_trackModeDebug                          
2020119f  g_trackRaw                                
202011a0  g_trackTurnDebug                          
20207e00  __stack                                   
20208000  __STACK_END                               
ffffffff  __TI_pprof_out_hndl                       
ffffffff  __TI_prof_data_size                       
ffffffff  __TI_prof_data_start                      
ffffffff  __binit__                                 
ffffffff  binit                                     
UNDEFED   __mpu_init                                
UNDEFED   _system_post_cinit                        

[391 symbols]
