******************************************************************************
            TI ARM Clang Linker PC v4.0.4                      
******************************************************************************
>> Linked Fri Jul 31 03:14:31 2026

OUTPUT FILE NAME:   <diansaikaishi.out>
ENTRY POINT SYMBOL: "_c_int00_noargs"  address: 00010005


MEMORY CONFIGURATION

         name            origin    length      used     unused   attr    fill
----------------------  --------  ---------  --------  --------  ----  --------
  FLASH                 00000000   00020000  000115d8  0000ea28  R  X
  SRAM                  20200000   00008000  000011ba  00006e46  RW X
  BCR_CONFIG            41c00000   000000ff  00000000  000000ff  R   
  BSL_CONFIG            41c00100   00000080  00000000  00000080  R   


SEGMENT ALLOCATION MAP

run origin  load origin   length   init length attrs members
----------  ----------- ---------- ----------- ----- -------
00000000    00000000    00011138   00011138    r-x
  00000000    00000000    000000c0   000000c0    r-- .intvecs
  000000c0    000000c0    000107b0   000107b0    r-x .text
  00010870    00010870    000008c8   000008c8    r-- .rodata
00011198    00011198    00000040   00000040    r--
  00011198    00011198    00000030   00000030    r-- .cinit
  000111c8    000111c8    00000010   00000010    r-- .binit
0001fc00    0001fc00    00000400   00000400    r--
  0001fc00    0001fc00    00000400   00000400    r-- .TI.bound:g_balanceCalibrationReservedSector
20200000    20200000    00000f5a   00000000    rw-
  20200000    20200000    00000f59   00000000    rw- .bss
  20200f59    20200f59    00000001   00000000    rw- .data
20200f60    00011138    00000060   00000060    r-x
  20200f60    00011138    00000060   00000060    r-x .TI.ramfunc
20207e00    20207e00    00000200   00000000    rw-
  20207e00    20207e00    00000200   00000000    rw- .stack


SECTION ALLOCATION MAP

 output                                  attributes/
section   page    origin      length       input sections
--------  ----  ----------  ----------   ----------------
.intvecs   0    00000000    000000c0     
                  00000000    000000c0     startup_mspm0g350x_ticlang.o (.intvecs)

.text      0    000000c0    000107b0     
                  000000c0    0000171c     oled_ui.o (.text.print_balance_stepper_test_page)
                  000017dc    000011b4     oled_ui.o (.text.OledUi_Update_20ms)
                  00002990    00000ad8     oled_ui.o (.text.print_imu_counters_page)
                  00003468    0000064c     app_config.o (.text.AppConfig_LimitAll)
                  00003ab4    000005ac     imu.o (.text.Imu_CalibrateGyroBias)
                  00004060    00000524     line_controller.o (.text.LineController_Update)
                  00004584    0000049c     runtime_snapshot.o (.text.RuntimeSnapshot_Update)
                  00004a20    00000478     oled_ui.o (.text.print_sensor_page)
                  00004e98    0000044c     motor_control.o (.text.update_wheel)
                  000052e4    00000424     wheel_speed_estimator.o (.text.WheelSpeedEstimator_Update)
                  00005708    00000414     balance_position_control.o (.text.BalancePositionControl_Update20ms)
                  00005b1c    000003e0     imu.o (.text.Imu_Update)
                  00005efc    000003d8     vision_receiver.o (.text.VisionReceiver_Process)
                  000062d4    00000380     imu.o (.text.Imu_Init)
                  00006654    0000037c     oled_ui.o (.text.print_heading_page)
                  000069d0    00000370     gimbal.o (.text.gimbal_update_feedback)
                  00006d40    0000033c     oled_ui.o (.text.print_drive_distance_page)
                  0000707c    00000308     balance_ball_control.o (.text.BalanceBallControl_Update20ms)
                  00007384    00000300     oled_ui.o (.text.print_motor_control_page)
                  00007684    000002f0     imu.o (.text.mpu6050_read_regs)
                  00007974    000002dc     menu.o (.text.Menu_HandleKeyEvent)
                  00007c50    000002cc     car_controller.o (.text.handle_drive_distance)
                  00007f1c    000002b0     motion_action.o (.text.MotionAction_Update_20ms)
                  000081cc    00000290     balance_calibration_store.o (.text.BalanceCalibrationStore_Save)
                  0000845c    0000028c     motor_control.o (.text.MotorControl_Update)
                  000086e8    0000026c     balance_soft_limits.o (.text.BalanceSoftLimits_Update20ms)
                  00008954    00000268     car_controller.o (.text.handle_turn_to_yaw)
                  00008bbc    00000250     menu.o (.text.menu_adjust_param)
                  00008e0c    00000220     app_config.o (.text.AppConfig_InitDefault)
                  0000902c    00000220     motion_action.o (.text.motion_action_start_internal)
                  0000924c    00000204     motor.o (.text.Motor_SetSpeed)
                  00009450    000001f4     vision_protocol.o (.text.VisionProtocol_ParseV2BallPositionFrame)
                  00009644    000001f0     oled_ui.o (.text.print_param_page)
                  00009834    000001e8     motor_control.o (.text.config_is_valid)
                  00009a1c    000001e4     mission_library.o (.text.MissionLibrary_Validate)
                  00009c00    000001cc     imu.o (.text.imu_i2c_write_byte)
                  00009dcc    000001cc     oled_ui.o (.text.print_status_page)
                  00009f98    000001b8     oled.o (.text.oled_i2c_write_byte)
                  0000a150    000001a0     app.o (.text.App_Update_20ms)
                  0000a2f0    000001a0     ultrasonic.o (.text.Ultrasonic_Tick100us)
                  0000a490    0000019c     car_controller.o (.text.CarController_StartDriveDistanceAtYaw)
                  0000a62c    00000194     gimbal_stepper.o (.text.GimbalStepper_Tick100us)
                  0000a7c0    00000190     car_controller.o (.text.CarController_Update_20ms)
                  0000a950    00000188     oled_ui.o (.text.print_imu_page)
                  0000aad8    00000174     key.o (.text.Key_Update_20ms)
                  0000ac4c    00000170     oled.o (.text.OLED_FlushPage)
                  0000adbc    0000016c     oled.o (.text.OLED_PrintInt16)
                  0000af28    00000160     oled_ui.o (.text.print_balance_limit_value)
                  0000b088    0000015c     oled_ui.o (.text.print_signed_total_tail)
                  0000b1e4    0000014c     balance_soft_limits.o (.text.BalanceSoftLimits_CaptureCurrentStage)
                  0000b330    00000140     balance_calibration_store.o (.text.BalanceCalibrationStore_Load)
                  0000b470    0000013c     balance_position_control.o (.text.BalancePositionControl_Start)
                  0000b5ac    0000012c     balance_soft_limits.o (.text.BalanceSoftLimits_StartOscillationTest)
                  0000b6d8    0000012c     imu.o (.text.imu_i2c_recover_bus)
                  0000b804    0000012c     oled_ui.o (.text.print_uint64_decimal)
                  0000b930    00000128     line_controller.o (.text.LineController_Reset)
                  0000ba58    00000128     mission_manager.o (.text.MissionManager_Update_20ms)
                  0000bb80    00000124     oled.o (.text.OLED_Init)
                  0000bca4    00000120     balance_soft_limits.o (.text.BalanceSoftLimits_StartRelativePositionMoveSteps)
                  0000bdc4    00000120     oled_ui.o (.text.print_bluetooth_page)
                  0000bee4    0000011c     car_controller.o (.text.handle_drive_heading)
                  0000c000    00000114     car_controller.o (.text.handle_follow_line)
                  0000c114    0000010c     balance_soft_limits.o (.text.BalanceSoftLimits_BeginAtCurrentAsZero)
                  0000c220    0000010c     line_controller.o (.text.LineController_ResetControlState)
                  0000c32c    00000104     driverlib.a : dl_timer.o (.text.DL_Timer_initFourCCPWMMode)
                  0000c430    00000104     line_controller.o (.text.LineController_Init)
                  0000c534    00000100     motor_control.o (.text.MotorControl_SetNormalizedTarget)
                  0000c634    00000100     ti_msp_dl_config.o (.text.SYSCFG_DL_GPIO_init)
                  0000c734    000000fc     mission_manager.o (.text.MissionManager_SelectNext)
                  0000c830    000000ec     heading_control.o (.text.HeadingControl_Update)
                  0000c91c    000000e8     mission_manager.o (.text.MissionManager_SelectPrevious)
                  0000ca04    000000e8     obstacle_safety.o (.text.ObstacleSafety_Update_20ms)
                  0000caec    000000e4     empty.o (.text.main)
                  0000cbd0    000000e0     wheel_speed_estimator.o (.text.WheelSpeedEstimator_Init)
                  0000ccb0    000000d8     driverlib.a : dl_flashctl.o (.text.DL_FlashCTL_unprotectSector)
                  0000cd88    000000d8     oled.o (.text.OLED_PrintUInt16)
                  0000ce60    000000d8     libclang_rt.builtins.a : addsf3.S.obj (.text)
                  0000cf38    000000d4     car_controller.o (.text.CarController_StartDriveDistance)
                  0000d00c    000000d4     gimbal_stepper.o (.text.GimbalStepper_MoveRelativeSteps)
                  0000d0e0    000000cc     balance_encoder.o (.text.BalanceEncoder_HandleGpioInterrupt)
                  0000d1ac    000000c8     fault.o (.text.FaultCode_ToShortString)
                  0000d274    000000c0     angle_utils.o (.text.Angle_Normalize180)
                  0000d334    000000c0     vision_protocol.o (.text.fields_are_valid)
                  0000d3f4    000000c0     balance_soft_limits.o (.text.oscillation_target_for_phase)
                  0000d4b4    000000bc     balance_soft_limits.o (.text.BalanceSoftLimits_Init)
                  0000d570    000000bc     car_controller.o (.text.CarController_ResetRuntime)
                  0000d62c    000000bc     menu.o (.text.Menu_GetParamValue)
                  0000d6e8    000000b4     gimbal_stepper.o (.text.GimbalStepper_StopHold)
                  0000d79c    000000b0     gimbal_stepper.o (.text.GimbalStepper_Init)
                  0000d84c    000000b0     empty.o (.text.SysTick_Handler)
                  0000d8fc    000000a8     balance_soft_limits.o (.text.BalanceSoftLimits_ArmRecalibration)
                  0000d9a4    000000a4     encoder.o (.text.Encoder_HandleGpioInterrupt)
                  0000da48    000000a4     balance_calibration_store.o (.text.calibration_crc32)
                  0000daec    000000a2     libclang_rt.builtins.a : udivmoddi4.S.obj (.text)
                  0000db8e    00000002     startup_mspm0g350x_ticlang.o (.text.Default_Handler)
                  0000db90    000000a0     balance_soft_limits.o (.text.BalanceSoftLimits_AbortCalibration)
                  0000dc30    000000a0     car_controller.o (.text.drive_distance_high_decel_zone_cm)
                  0000dcd0    0000009c     obstacle_monitor.o (.text.ObstacleMonitor_Update_20ms)
                  0000dd6c    0000009c     balance_ball_control.o (.text.return_toward_zero)
                  0000de08    0000009a     libc.a : memcpy16.S.obj (.text:memcpy)
                  0000dea2    00000002     obstacle_avoidance.o (.text.ObstacleAvoidance_Update_20ms)
                  0000dea4    00000098     balance_soft_limits.o (.text.BalanceSoftLimits_CancelRecalibration)
                  0000df3c    00000098     imu.o (.text.mpu6050_write_reg)
                  0000dfd4    00000094     car_controller.o (.text.CarController_StartTurnToYawRelative)
                  0000e068    00000094     balance_ball_control.o (.text.command_offset)
                  0000e0fc    00000090     car_controller.o (.text.CarController_ResetTransientState)
                  0000e18c    0000008c     ti_msp_dl_config.o (.text.SYSCFG_DL_PWM_MOTOR_init)
                  0000e218    0000008c     libclang_rt.builtins.a : mulsf3.S.obj (.text.__mulsf3)
                  0000e2a4    0000008c     car_controller.o (.text.heading_imu_wait_or_fail)
                  0000e330    00000084     car_controller.o (.text.CarController_SetSafetyHold)
                  0000e3b4    00000084     gimbal_stepper.o (.text.GimbalStepper_ConfirmZero)
                  0000e438    00000084     motor.o (.text.Motor_Init)
                  0000e4bc    00000082     libclang_rt.builtins.a : divsf3.S.obj (.text.__divsf3)
                  0000e53e    00000002     track_sensor.o (.text.TrackSensor_Init)
                  0000e540    00000080     car_controller.o (.text.CarController_StartDriveHeading)
                  0000e5c0    00000080     motor.o (.text.Motor_Stop)
                  0000e640    0000007e     app.o (.text.App_Init)
                  0000e6be    00000002     vision_uart.o (.text.VisionUart_Process)
                  0000e6c0    0000007c     balance_soft_limits.o (.text.BalanceSoftLimits_Enforce100usFromIsr)
                  0000e73c    0000007c     libc.a : copy_decompress_lzss.c.obj (.text:decompress:lzss)
                  0000e7b8    00000078     balance_position_control.o (.text.BalancePositionControl_ResetFault)
                  0000e830    00000078     oled.o (.text.oled_write_command)
                  0000e8a8    00000074     motor_control.o (.text.latch_control_error)
                  0000e91c    00000070     gimbal_stepper.o (.text.GimbalStepper_Release)
                  0000e98c    00000070     ti_msp_dl_config.o (.text.SYSCFG_DL_UART_VISION_init)
                  0000e9fc    0000006e     track_sensor.o (.text.TrackSensor_DetectTurn)
                  0000ea6a    00000002     libclang_rt.builtins.a : aeabi_div0.c.obj (.text.__aeabi_idiv0)
                  0000ea6c    00000068     mission_manager.o (.text.MissionManager_GetSelectedMissionIndex)
                  0000ead4    00000068     car_controller.o (.text.set_output_speed)
                  0000eb3c    00000066     track_sensor.o (.text.TrackSensor_GetErrorFromRaw)
                  0000eba2    00000002     libclang_rt.builtins.a : aeabi_div0.c.obj (.text.__aeabi_ldiv0)
                  0000eba4    00000064     balance_soft_limits.o (.text.BalanceSoftLimits_ResetPositionFault)
                  0000ec08    00000064     mission_manager.o (.text.MissionManager_Start)
                  0000ec6c    00000062     app.o (.text.App_ResetToReady)
                  0000ecce    00000002     --HOLE-- [fill = 0]
                  0000ecd0    00000062     libclang_rt.builtins.a : aeabi_fcmp.S.obj (.text.__aeabi_fcmp)
                  0000ed32    00000062     libc.a : memset16.S.obj (.text:memset)
                  0000ed94    00000060     balance_position_control.o (.text.BalancePositionControl_Init)
                  0000edf4    00000060     libclang_rt.builtins.a : fixsfdi.S.obj (.text.__fixsfdi)
                  0000ee54    0000005c     ultrasonic.o (.text.Ultrasonic_Update_20ms)
                  0000eeb0    0000005c     car_controller.o (.text.speed_cmps_to_normalized_command)
                  0000ef0c    0000005c     balance_soft_limits.o (.text.test_start_target)
                  0000ef68    00000058     balance_encoder.o (.text.BalanceEncoder_Init)
                  0000efc0    00000058     mission_manager.o (.text.MissionManager_Init)
                  0000f018    00000058     oled.o (.text.OLED_PrintChar)
                  0000f070    00000058     balance_ball_control.o (.text.ensure_tracking_started)
                  0000f0c8    00000058     motion_action.o (.text.motion_action_start_imu_controller)
                  0000f120    00000056     libclang_rt.builtins.a : aeabi_idivmod.S.obj (.text.__aeabi_idivmod)
                  0000f176    00000002     --HOLE-- [fill = 0]
                  0000f178    00000054     car_controller.o (.text.CarController_Stop)
                  0000f1cc    00000054     track_sensor.o (.text.TrackSensor_ReadRaw)
                  0000f220    00000054     watchdog_monitor.o (.text.WatchdogMonitor_ApplyFaultIfNeeded)
                  0000f274    00000050     balance_position_control.o (.text.BalancePositionControl_SetTrackingTarget)
                  0000f2c4    00000050     balance_soft_limits.o (.text.BalanceSoftLimits_GetSnapshot)
                  0000f314    00000050     ultrasonic.o (.text.Ultrasonic_Init)
                  0000f364    00000050     watchdog_monitor.o (.text.WatchdogMonitor_Tick1msFromIsr)
                  0000f3b4    00000050     menu.o (.text.menu_next_main_page)
                  0000f404    0000004e     libclang_rt.builtins.a : floatdisf.S.obj (.text.__floatdisf)
                  0000f452    00000002     --HOLE-- [fill = 0]
                  0000f454    0000004c     motor_control.o (.text.MotorControl_Stop)
                  0000f4a0    0000004c     libc.a : cpy_tbl.c.obj (.text.copy_in)
                  0000f4ec    0000004c            : autoinit.c.obj (.text:__TI_auto_init_nopinit)
                  0000f538    00000048     driverlib.a : dl_uart.o (.text.DL_UART_init)
                  0000f580    00000048     mission_manager.o (.text.MissionManager_Cancel)
                  0000f5c8    00000048     vision_receiver.o (.text.VisionReceiver_Init)
                  0000f610    00000044     car_controller.o (.text.CarController_StartFollowLine)
                  0000f654    00000044     emergency_stop.o (.text.EmergencyStop_Reset)
                  0000f698    00000044     encoder.o (.text.Encoder_GetAndClearPulseDeltas)
                  0000f6dc    00000044     imu.o (.text.Imu_ResetYaw)
                  0000f720    00000044     mission_manager.o (.text.MissionManager_Reset)
                  0000f764    00000044     servo.o (.text.Servo_Tick100us)
                  0000f7a8    00000044     vision_uart.o (.text.UART3_IRQHandler)
                  0000f7ec    00000040     balance_ball_control.o (.text.BalanceBallControl_Enable)
                  0000f82c    00000040     balance_encoder.o (.text.BalanceEncoder_GetSnapshot)
                  0000f86c    00000040     balance_soft_limits.o (.text.BalanceSoftLimits_StopMotion)
                  0000f8ac    00000040     car_controller.o (.text.CarController_ResumeFollowLine)
                  0000f8ec    00000040     fault.o (.text.Fault_Raise)
                  0000f92c    00000040     ti_msp_dl_config.o (.text.SYSCFG_DL_SYSCTL_init)
                  0000f96c    00000040     ti_msp_dl_config.o (.text.SYSCFG_DL_initPower)
                  0000f9ac    00000040     vision_receiver.o (.text.VisionReceiver_PushByteFromIsr)
                  0000f9ec    00000040     libclang_rt.builtins.a : aeabi_uidivmod.S.obj (.text.__aeabi_uidivmod)
                  0000fa2c    0000003e                            : divmoddi4.c.obj (.text.__divmoddi4)
                  0000fa6a    00000002     --HOLE-- [fill = 0]
                  0000fa6c    0000003c     balance_ball_control.o (.text.BalanceBallControl_Init)
                  0000faa8    0000003c     mission_manager.o (.text.MissionManager_Resume)
                  0000fae4    0000003c     servo.o (.text.Servo_SetAngleDeg)
                  0000fb20    0000003c     libclang_rt.builtins.a : floatsisf.S.obj (.text.__floatsisf)
                  0000fb5c    0000003c                            : comparesf2.S.obj (.text.__gtsf2)
                  0000fb98    0000003a                            : comparesf2.S.obj (.text.__eqsf2)
                  0000fbd2    00000002     --HOLE-- [fill = 0]
                  0000fbd4    0000003a                            : muldsi3.S.obj (.text.__muldsi3)
                  0000fc0e    00000002     --HOLE-- [fill = 0]
                  0000fc10    00000038     emergency_stop.o (.text.EmergencyStop_Trigger)
                  0000fc48    00000038     libclang_rt.builtins.a : fixsfsi.S.obj (.text.__fixsfsi)
                  0000fc80    00000034     balance_position_control.o (.text.BalancePositionControl_Cancel)
                  0000fcb4    00000034     imu.o (.text.Imu_IsReady)
                  0000fce8    00000034     mission_library.o (.text.MissionLibrary_FindById)
                  0000fd1c    00000032     oled.o (.text.OLED_PrintString)
                  0000fd4e    00000002     --HOLE-- [fill = 0]
                  0000fd50    00000030     key.o (.text.Key_Init)
                  0000fd80    00000030     line_controller.o (.text.LineController_ObserveSensors)
                  0000fdb0    00000030     watchdog_monitor.o (.text.WatchdogMonitor_Init)
                  0000fde0    00000030     watchdog_monitor.o (.text.WatchdogMonitor_Reset)
                  0000fe10    0000002c     balance_position_control.o (.text.BalancePositionControl_GetSnapshot)
                  0000fe3c    0000002c     balance_position_control.o (.text.BalancePositionControl_StartTracking)
                  0000fe68    0000002c     encoder.o (.text.Encoder_Reset)
                  0000fe94    0000002c     mission_manager.o (.text.MissionManager_Pause)
                  0000fec0    0000002c     track_sensor.o (.text.TrackSensor_CountBlack)
                  0000feec    00000028     balance_soft_limits.o (.text.BalanceSoftLimits_CancelTravelTest)
                  0000ff14    00000028     driverlib.a : dl_flashctl.o (.text.DL_FlashCTL_programMemoryFromRAM64WithECCGenerated)
                  0000ff3c    00000028     emergency_stop.o (.text.EmergencyStop_Enforce)
                  0000ff64    00000028     magnet.o (.text.Magnet_ForceOff)
                  0000ff8c    00000028     servo.o (.text.Servo_Init)
                  0000ffb4    00000028     libclang_rt.builtins.a : floatunsisf.S.obj (.text.__floatunsisf)
                  0000ffdc    00000028     libc.a : memmov.c.obj (.text.memmove)
                  00010004    00000028            : boot_cortex_m.c.obj (.text:_c_int00_noargs)
                  0001002c    00000024     balance_encoder.o (.text.BalanceEncoder_SampleSpeed10msFromIsr)
                  00010050    00000024     balance_soft_limits.o (.text.BalanceSoftLimits_CancelOscillationTest)
                  00010074    00000024     gimbal_stepper.o (.text.GimbalStepper_GetFeedbackSnapshot)
                  00010098    00000024     mission_manager.o (.text.MissionManager_ReportExternalFailure)
                  000100bc    00000024     motor_control.o (.text.MotorControl_Init)
                  000100e0    00000024     motor_control.o (.text.MotorControl_Reset)
                  00010104    00000024     oled.o (.text.OLED_ClearBuffer)
                  00010128    00000024     ti_msp_dl_config.o (.text.SYSCFG_DL_init)
                  0001014c    00000024     libclang_rt.builtins.a : muldi3.S.obj (.text.__muldi3)
                  00010170    00000020     driverlib.a : dl_timer.o (.text.DL_Timer_overrideCCPOut)
                  00010190    00000020     debug_telemetry.o (.text.DebugTelemetry_Update)
                  000101b0    00000020     empty.o (.text.GROUP1_IRQHandler)
                  000101d0    00000020     magnet.o (.text.Magnet_Init)
                  000101f0    00000020     oled.o (.text.OLED_SetCursor)
                  00010210    00000020     empty.o (.text.SchedulerMonitor_GetStats)
                  00010230    00000020     vision_receiver.o (.text.VisionReceiver_GetProtocolErrorCount)
                  00010250    00000020     mission_manager.o (.text.mission_finish_error)
                  00010270    0000001e     libclang_rt.builtins.a : ashldi3.S.obj (.text.__ashldi3)
                  0001028e    00000002     --HOLE-- [fill = 0]
                  00010290    0000001c     balance_ball_control.o (.text.BalanceBallControl_Disable)
                  000102ac    0000001c     balance_ball_control.o (.text.BalanceBallControl_ForceStop)
                  000102c8    0000001c     balance_ball_control.o (.text.BalanceBallControl_GetSnapshot)
                  000102e4    0000001c     driverlib.a : dl_timer.o (.text.DL_Timer_setCaptCompUpdateMethod)
                  00010300    0000001c                 : dl_timer.o (.text.DL_Timer_setClockConfig)
                  0001031c    0000001c     heading_control.o (.text.HeadingControl_SetTargetYaw)
                  00010338    0000001c     menu.o (.text.Menu_Init)
                  00010354    0000001c     motion_action.o (.text.MotionAction_Cancel)
                  00010370    0000001c     obstacle_monitor.o (.text.ObstacleMonitor_Init)
                  0001038c    0000001c     obstacle_safety.o (.text.ObstacleSafety_Init)
                  000103a8    0000001c     watchdog_monitor.o (.text.WatchdogMonitor_NotifyControlCycleComplete)
                  000103c4    0000001c     mission_manager.o (.text.mission_finish_success)
                  000103e0    00000018     driverlib.a : dl_flashctl.o (.text.DL_FlashCTL_eraseMemoryFromRAM)
                  000103f8    00000018                 : dl_timer.o (.text.DL_Timer_setCaptureCompareOutCtl)
                  00010410    00000018     debug_telemetry.o (.text.DebugTelemetry_Init)
                  00010428    00000018     heading_control.o (.text.HeadingControl_Init)
                  00010440    00000018     heading_control.o (.text.HeadingControl_Reset)
                  00010458    00000018     menu.o (.text.Menu_ParamItemToString)
                  00010470    00000018     motion_action.o (.text.MotionAction_Init)
                  00010488    00000018     obstacle_avoidance.o (.text.ObstacleAvoidance_Init)
                  000104a0    00000018     runtime_snapshot.o (.text.RuntimeSnapshot_Init)
                  000104b8    00000016     libclang_rt.builtins.a : comparesf2.S.obj (.text.__unordsf2)
                  000104ce    00000002     --HOLE-- [fill = 0]
                  000104d0    00000014     fault.o (.text.Fault_Clear)
                  000104e4    00000014     fault.o (.text.Fault_Init)
                  000104f8    00000014     gimbal_stepper.o (.text.GimbalStepper_SetStepHalfPeriodTicks)
                  0001050c    00000014     heading_control.o (.text.HeadingControl_Enable)
                  00010520    00000014     mission_library.o (.text.MissionLibrary_GetByIndex)
                  00010534    00000014     mission_manager.o (.text.MissionManager_GetSelectedMissionId)
                  00010548    00000014     vision_uart.o (.text.VisionUart_Init)
                  0001055c    00000014     libclang_rt.builtins.a : aeabi_ldivmod.S.obj (.text.__aeabi_ldivmod)
                  00010570    00000014                            : aeabi_uldivmod.S.obj (.text.__aeabi_uldivmod)
                  00010584    00000012     driverlib.a : dl_uart.o (.text.DL_UART_setClockConfig)
                  00010596    00000012     libc.a : copy_decompress_none.c.obj (.text:decompress:none)
                  000105a8    00000010     balance_position_control.o (.text.BalancePositionControl_HasFault)
                  000105b8    00000010     driverlib.a : dl_timer.o (.text.DL_Timer_setCaptureCompareValue)
                  000105c8    00000010     gimbal.o (.text.Gimbal_YawGetFeedback)
                  000105d8    00000010     key.o (.text.Key_GetEvent)
                  000105e8    00000010     libc.a : copy_zero_init.c.obj (.text:decompress:ZI)
                  000105f8    0000000c     balance_encoder.o (.text.BalanceEncoder_GetCountAtomic)
                  00010604    0000000c     balance_position_control.o (.text.BalancePositionControl_IsBusy)
                  00010610    0000000c     balance_soft_limits.o (.text.BalanceSoftLimits_IsCalibrationActive)
                  0001061c    0000000c     balance_soft_limits.o (.text.BalanceSoftLimits_IsOscillationTestActive)
                  00010628    0000000c     balance_soft_limits.o (.text.BalanceSoftLimits_IsTravelTestActive)
                  00010634    0000000c     car_controller.o (.text.CarController_GetRunMode)
                  00010640    0000000c     car_controller.o (.text.CarController_Init)
                  0001064c    0000000c     car_controller.o (.text.CarController_IsSafetyHoldActive)
                  00010658    0000000c     car_state.o (.text.CarState_Get)
                  00010664    0000000c     car_state.o (.text.CarState_Init)
                  00010670    0000000c     car_state.o (.text.CarState_Set)
                  0001067c    0000000c     emergency_stop.o (.text.EmergencyStop_Init)
                  00010688    0000000c     emergency_stop.o (.text.EmergencyStop_IsActive)
                  00010694    0000000c     imu.o (.text.Imu_GetCorrectedGyroZDps)
                  000106a0    0000000c     imu.o (.text.Imu_GetYaw)
                  000106ac    0000000c     menu.o (.text.Menu_GetPage)
                  000106b8    0000000c     menu.o (.text.Menu_GetParamItem)
                  000106c4    0000000c     mission_manager.o (.text.MissionManager_IsExternallyHeld)
                  000106d0    0000000c     mission_manager.o (.text.MissionManager_SetExternalHold)
                  000106dc    0000000c     obstacle_avoidance.o (.text.ObstacleAvoidance_IsActive)
                  000106e8    0000000c     obstacle_avoidance.o (.text.ObstacleAvoidance_IsFailed)
                  000106f4    0000000c     obstacle_safety.o (.text.ObstacleSafety_IsHolding)
                  00010700    0000000c     empty.o (.text.SystemTime_GetMs)
                  0001070c    0000000c     watchdog_monitor.o (.text.WatchdogMonitor_HasTripped)
                  00010718    0000000c     libclang_rt.builtins.a : aeabi_memset.S.obj (.text.__aeabi_memclr)
                  00010724    0000000a     driverlib.a : dl_common.o (.text.DL_Common_delayCycles)
                  0001072e    0000000a     motion_action.o (.text.MotionAction_Resume)
                  00010738    0000000a     motion_action.o (.text.MotionAction_Start)
                  00010742    0000000a     track_sensor.o (.text.TrackSensor_IsCenterDetected)
                  0001074c    0000000a     track_sensor.o (.text.TrackSensor_IsLineDetected)
                  00010756    0000000a     track_sensor.o (.text.TrackSensor_IsLineLost)
                  00010760    00000008     balance_soft_limits.o (.text.BalanceSoftLimits_CancelPositionMove)
                  00010768    00000008     balance_soft_limits.o (.text.BalanceSoftLimits_IsPositionMoveActive)
                  00010770    00000008     bluetooth_uart.o (.text.BluetoothUart_GetRuntime)
                  00010778    00000008     car_controller.o (.text.CarController_GetFeedback)
                  00010780    00000008     fault.o (.text.Fault_GetRecord)
                  00010788    00000008     gimbal_stepper.o (.text.GimbalStepper_GetFeedback)
                  00010790    00000008     heading_control.o (.text.HeadingControl_GetRuntime)
                  00010798    00000008     imu.o (.text.Imu_GetRuntime)
                  000107a0    00000008     line_controller.o (.text.LineController_GetRuntime)
                  000107a8    00000008     mission_manager.o (.text.MissionManager_GetMissionCount)
                  000107b0    00000008     mission_manager.o (.text.MissionManager_GetRuntime)
                  000107b8    00000008     motion_action.o (.text.MotionAction_GetRuntime)
                  000107c0    00000008     motor_control.o (.text.MotorControl_GetRuntime)
                  000107c8    00000008     obstacle_avoidance.o (.text.ObstacleAvoidance_GetFeedback)
                  000107d0    00000008     obstacle_monitor.o (.text.ObstacleMonitor_GetFeedback)
                  000107d8    00000008     oled_ui.o (.text.OledUi_Init)
                  000107e0    00000008     runtime_snapshot.o (.text.RuntimeSnapshot_Get)
                  000107e8    00000008     servo.o (.text.Servo_GetFeedback)
                  000107f0    00000008     ultrasonic.o (.text.Ultrasonic_GetFeedback)
                  000107f8    00000008     vision_receiver.o (.text.VisionReceiver_GetBallPositionObservation)
                  00010800    00000008     vision_receiver.o (.text.VisionReceiver_GetStatus)
                  00010808    00000008     vision_tuning_console.o (.text.VisionTuningConsole_GetStatus)
                  00010810    00000008     watchdog_monitor.o (.text.WatchdogMonitor_GetStatus)
                  00010818    00000008     wheel_speed_estimator.o (.text.WheelSpeedEstimator_GetRuntime)
                  00010820    00000008     libclang_rt.builtins.a : aeabi_memcpy.S.obj (.text.__aeabi_memcpy)
                  00010828    00000008                            : aeabi_memmove.S.obj (.text.__aeabi_memmove)
                  00010830    00000006     libc.a : exit.c.obj (.text:abort)
                  00010836    00000004     libsysbm.a : hostexit.c.obj (.text.HOSTexit)
                  0001083a    00000004     mission_library.o (.text.MissionLibrary_GetCount)
                  0001083e    00000004     obstacle_avoidance.o (.text.ObstacleAvoidance_IsResumeGraceActive)
                  00010842    00000004     startup_mspm0g350x_ticlang.o (.text.Reset_Handler)
                  00010846    00000002     --HOLE-- [fill = 0]
                  00010848    00000010     libc.a : boot_cortex_m.c.obj (.tramp._c_int00_noargs.1)
                  00010858    00000004            : pre_init.c.obj (.text._system_pre_init)
                  0001085c    00000010     driverlib.a : dl_flashctl.o (.tramp.DL_FlashCTL_executeCommandFromRAM.1)
                  0001086c    00000004     --HOLE-- [fill = 0]

.TI.ramfunc 
*          0    00011138    00000060     RUN ADDR = 20200f60
                  00011138    00000060     driverlib.a : dl_flashctl.o (.TI.ramfunc)

.cinit     0    00011198    00000030     
                  00011198    0000000c     (__TI_handler_table)
                  000111a4    00000008     (.cinit..bss.load) [load image, compression = zero_init]
                  000111ac    00000005     (.cinit..data.load) [load image, compression = lzss]
                  000111b1    00000003     --HOLE-- [fill = 0]
                  000111b4    00000010     (__TI_cinit_table)
                  000111c4    00000004     --HOLE-- [fill = 0]

.rodata    0    00010870    000008c8     
                  00010870    000000d8     oled.o (.rodata..Lswitch.table.OLED_PrintChar)
                  00010948    00000048     mission_library.o (.rodata.g_missionCompetitionMain)
                  00010990    00000048     mission_library.o (.rodata.g_missionTestDistance20)
                  000109d8    00000048     mission_library.o (.rodata.g_missionTestLine)
                  00010a20    00000048     mission_library.o (.rodata.g_missionTestTurn)
                  00010a68    00000040     mission_library.o (.rodata.g_missionRegistry)
                  00010aa8    0000002c     oled_ui.o (.rodata..Lswitch.table.print_status_page)
                  00010ad4    00000020     menu.o (.rodata..Lswitch.table.Menu_ParamItemToString)
                  00010af4    0000001c     oled_ui.o (.rodata..Lswitch.table.print_balance_stepper_test_page.187)
                  00010b10    0000001c     oled_ui.o (.rodata..Lswitch.table.print_drive_distance_page)
                  00010b2c    00000018     oled_ui.o (.rodata..Lswitch.table.OledUi_Update_20ms)
                  00010b44    00000018     oled_ui.o (.rodata..Lswitch.table.print_status_page.188)
                  00010b5c    00000014     oled_ui.o (.rodata..Lswitch.table.print_balance_stepper_test_page.181)
                  00010b70    00000014     oled_ui.o (.rodata..Lswitch.table.print_balance_stepper_test_page.183)
                  00010b84    00000014     oled_ui.o (.rodata..Lswitch.table.print_status_page.189)
                  00010b98    00000013     oled_ui.o (.rodata.str1.14774750633985060196.1)
                  00010bab    00000011     oled_ui.o (.rodata.str1.14521350379984854626.1)
                  00010bbc    00000011     oled_ui.o (.rodata.str1.17763087492223448992.1)
                  00010bcd    00000011     oled_ui.o (.rodata.str1.9584387800903135389.1)
                  00010bde    00000002     ti_msp_dl_config.o (.rodata.gUART_VISIONClockConfig)
                  00010be0    00000010     oled_ui.o (.rodata..Lswitch.table.print_balance_stepper_test_page.184)
                  00010bf0    00000010     balance_encoder.o (.rodata.cst16)
                  00010c00    00000010     oled_ui.o (.rodata.str1.12697925274637991987.1)
                  00010c10    00000010     oled_ui.o (.rodata.str1.9351772214919528733.1)
                  00010c20    00000010     oled_ui.o (.rodata.str1.9822857334037886482.1)
                  00010c30    0000000f     oled_ui.o (.rodata.str1.9229350655415085.1)
                  00010c3f    0000000e     oled_ui.o (.rodata.str1.10416366799939242409.1)
                  00010c4d    0000000e     oled_ui.o (.rodata.str1.10430294223631918979.1)
                  00010c5b    0000000e     oled_ui.o (.rodata.str1.14711868471336838103.1)
                  00010c69    00000003     ti_msp_dl_config.o (.rodata.gPWM_MOTORClockConfig)
                  00010c6c    0000000c     oled_ui.o (.rodata..Lswitch.table.print_balance_stepper_test_page.182)
                  00010c78    0000000c     oled_ui.o (.rodata..Lswitch.table.print_balance_stepper_test_page.185)
                  00010c84    0000000c     oled_ui.o (.rodata..Lswitch.table.print_balance_stepper_test_page)
                  00010c90    0000000c     oled_ui.o (.rodata..Lswitch.table.print_sensor_page)
                  00010c9c    0000000c     oled_ui.o (.rodata.str1.16290499236105125126.1)
                  00010ca8    0000000b     oled_ui.o (.rodata.str1.13882251010780863896.1)
                  00010cb3    00000001     --HOLE-- [fill = 0]
                  00010cb4    0000000a     ti_msp_dl_config.o (.rodata.gUART_VISIONConfig)
                  00010cbe    0000000a     mission_library.o (.rodata.str1.13636476544574750902.1)
                  00010cc8    0000000a     mission_library.o (.rodata.str1.15668266851434757964.1)
                  00010cd2    0000000a     oled_ui.o (.rodata.str1.17540787658903907660.1)
                  00010cdc    0000000a     mission_library.o (.rodata.str1.199678142196697465.1)
                  00010ce6    0000000a     oled_ui.o (.rodata.str1.2608729314174233125.1)
                  00010cf0    0000000a     oled_ui.o (.rodata.str1.344790106308886506.1)
                  00010cfa    00000009     oled_ui.o (.rodata.str1.12043213579996415112.1)
                  00010d03    00000009     oled_ui.o (.rodata.str1.15917848551323629232.1)
                  00010d0c    00000009     oled_ui.o (.rodata.str1.4582914374586912483.1)
                  00010d15    00000009     oled_ui.o (.rodata.str1.5965888106848176421.1)
                  00010d1e    00000002     oled_ui.o (.rodata.str1.11178346780556493352.1)
                  00010d20    00000008     ti_msp_dl_config.o (.rodata.gPWM_MOTORConfig)
                  00010d28    00000008     oled_ui.o (.rodata.str1.12504350857748951577.1)
                  00010d30    00000008     oled_ui.o (.rodata.str1.130772507669342127.1)
                  00010d38    00000008     oled_ui.o (.rodata.str1.17464849429964608858.1)
                  00010d40    00000008     oled_ui.o (.rodata.str1.1974573040514735405.1)
                  00010d48    00000008     oled_ui.o (.rodata.str1.4082595774073207366.1)
                  00010d50    00000007     oled_ui.o (.rodata.str1.13871579367539052597.1)
                  00010d57    00000007     mission_library.o (.rodata.str1.1440970855772709381.1)
                  00010d5e    00000007     oled_ui.o (.rodata.str1.4610220316623841660.1)
                  00010d65    00000007     oled_ui.o (.rodata.str1.4723632947289500520.1)
                  00010d6c    00000007     oled_ui.o (.rodata.str1.8709745090823444516.1)
                  00010d73    00000007     oled_ui.o (.rodata.str1.9646571805098343045.1)
                  00010d7a    00000006     oled_ui.o (.rodata.str1.10077435089618835710.1)
                  00010d80    00000006     oled_ui.o (.rodata.str1.1019225241002246410.1)
                  00010d86    00000006     oled_ui.o (.rodata.str1.11149198520117834688.1)
                  00010d8c    00000006     oled_ui.o (.rodata.str1.11232419324784801130.1)
                  00010d92    00000006     oled_ui.o (.rodata.str1.12447783896598192203.1)
                  00010d98    00000006     oled_ui.o (.rodata.str1.12888220461447056082.1)
                  00010d9e    00000006     oled_ui.o (.rodata.str1.1445687256832830955.1)
                  00010da4    00000006     oled_ui.o (.rodata.str1.15817398807211891688.1)
                  00010daa    00000006     oled_ui.o (.rodata.str1.16411631209783952401.1)
                  00010db0    00000006     oled_ui.o (.rodata.str1.17436941090773226089.1)
                  00010db6    00000006     oled_ui.o (.rodata.str1.17717236995185551183.1)
                  00010dbc    00000006     oled_ui.o (.rodata.str1.2002540315216928218.1)
                  00010dc2    00000006     oled_ui.o (.rodata.str1.2656948373757303877.1)
                  00010dc8    00000006     oled_ui.o (.rodata.str1.4932371652560868037.1)
                  00010dce    00000006     oled_ui.o (.rodata.str1.6835749436006845616.1)
                  00010dd4    00000006     oled_ui.o (.rodata.str1.8018480777946742726.1)
                  00010dda    00000006     oled_ui.o (.rodata.str1.8449035241871861290.1)
                  00010de0    00000006     oled_ui.o (.rodata.str1.8783421139296713095.1)
                  00010de6    00000006     oled_ui.o (.rodata.str1.9044019526854345694.1)
                  00010dec    00000006     oled_ui.o (.rodata.str1.9544068167406571052.1)
                  00010df2    00000006     oled_ui.o (.rodata.str1.9992244628984851027.1)
                  00010df8    00000005     motion_action.o (.rodata..Lswitch.table.MotionAction_Update_20ms)
                  00010dfd    00000005     oled.o (.rodata.oled_get_glyph.colon)
                  00010e02    00000005     oled.o (.rodata.oled_get_glyph.eight)
                  00010e07    00000005     oled.o (.rodata.oled_get_glyph.five)
                  00010e0c    00000005     oled.o (.rodata.oled_get_glyph.four)
                  00010e11    00000005     oled.o (.rodata.oled_get_glyph.glyphA)
                  00010e16    00000005     oled.o (.rodata.oled_get_glyph.glyphB)
                  00010e1b    00000005     oled.o (.rodata.oled_get_glyph.glyphC)
                  00010e20    00000005     oled.o (.rodata.oled_get_glyph.glyphD)
                  00010e25    00000005     oled.o (.rodata.oled_get_glyph.glyphE)
                  00010e2a    00000005     oled.o (.rodata.oled_get_glyph.glyphF)
                  00010e2f    00000005     oled.o (.rodata.oled_get_glyph.glyphG)
                  00010e34    00000005     oled.o (.rodata.oled_get_glyph.glyphH)
                  00010e39    00000005     oled.o (.rodata.oled_get_glyph.glyphI)
                  00010e3e    00000005     oled.o (.rodata.oled_get_glyph.glyphK)
                  00010e43    00000005     oled.o (.rodata.oled_get_glyph.glyphL)
                  00010e48    00000005     oled.o (.rodata.oled_get_glyph.glyphM)
                  00010e4d    00000005     oled.o (.rodata.oled_get_glyph.glyphN)
                  00010e52    00000005     oled.o (.rodata.oled_get_glyph.glyphO)
                  00010e57    00000005     oled.o (.rodata.oled_get_glyph.glyphP)
                  00010e5c    00000005     oled.o (.rodata.oled_get_glyph.glyphR)
                  00010e61    00000005     oled.o (.rodata.oled_get_glyph.glyphS)
                  00010e66    00000005     oled.o (.rodata.oled_get_glyph.glyphT)
                  00010e6b    00000005     oled.o (.rodata.oled_get_glyph.glyphU)
                  00010e70    00000005     oled.o (.rodata.oled_get_glyph.glyphV)
                  00010e75    00000005     oled.o (.rodata.oled_get_glyph.glyphW)
                  00010e7a    00000005     oled.o (.rodata.oled_get_glyph.glyphX)
                  00010e7f    00000005     oled.o (.rodata.oled_get_glyph.glyphY)
                  00010e84    00000005     oled.o (.rodata.oled_get_glyph.glyphb)
                  00010e89    00000005     oled.o (.rodata.oled_get_glyph.gt)
                  00010e8e    00000005     oled.o (.rodata.oled_get_glyph.minus)
                  00010e93    00000005     oled.o (.rodata.oled_get_glyph.nine)
                  00010e98    00000005     oled.o (.rodata.oled_get_glyph.one)
                  00010e9d    00000005     oled.o (.rodata.oled_get_glyph.seven)
                  00010ea2    00000005     oled.o (.rodata.oled_get_glyph.six)
                  00010ea7    00000005     oled.o (.rodata.oled_get_glyph.space)
                  00010eac    00000005     oled.o (.rodata.oled_get_glyph.three)
                  00010eb1    00000005     oled.o (.rodata.oled_get_glyph.two)
                  00010eb6    00000005     oled.o (.rodata.oled_get_glyph.zero)
                  00010ebb    00000005     oled_ui.o (.rodata.str1.10163600690795753232.1)
                  00010ec0    00000005     oled_ui.o (.rodata.str1.11388022865931857840.1)
                  00010ec5    00000005     oled_ui.o (.rodata.str1.12182588061437138428.1)
                  00010eca    00000005     oled_ui.o (.rodata.str1.12359577037488465078.1)
                  00010ecf    00000005     oled_ui.o (.rodata.str1.12493748764729730277.1)
                  00010ed4    00000005     oled_ui.o (.rodata.str1.12571791089077708471.1)
                  00010ed9    00000005     oled_ui.o (.rodata.str1.12617122458660443890.1)
                  00010ede    00000005     oled_ui.o (.rodata.str1.13271657277589579873.1)
                  00010ee3    00000005     oled_ui.o (.rodata.str1.13750180467131823662.1)
                  00010ee8    00000005     fault.o (.rodata.str1.14435905801345341244.1)
                  00010eed    00000005     fault.o (.rodata.str1.1506612114648992996.1)
                  00010ef2    00000005     oled_ui.o (.rodata.str1.15132332204781002199.1)
                  00010ef7    00000005     oled_ui.o (.rodata.str1.15575624326185233262.1)
                  00010efc    00000005     oled_ui.o (.rodata.str1.15577080202403550426.1)
                  00010f01    00000005     oled_ui.o (.rodata.str1.15613891207764622616.1)
                  00010f06    00000005     oled_ui.o (.rodata.str1.15802367878353263018.1)
                  00010f0b    00000005     oled_ui.o (.rodata.str1.15829239520183577662.1)
                  00010f10    00000005     oled_ui.o (.rodata.str1.16526439943277383452.1)
                  00010f15    00000005     oled_ui.o (.rodata.str1.16635595130967924751.1)
                  00010f1a    00000005     oled_ui.o (.rodata.str1.16939060351352778619.1)
                  00010f1f    00000005     oled_ui.o (.rodata.str1.17067061841413117831.1)
                  00010f24    00000005     fault.o (.rodata.str1.17097894860660336008.1)
                  00010f29    00000005     fault.o (.rodata.str1.17155043670132108083.1)
                  00010f2e    00000005     oled_ui.o (.rodata.str1.17763996158807330232.1)
                  00010f33    00000005     oled_ui.o (.rodata.str1.17881291656140238186.1)
                  00010f38    00000005     oled_ui.o (.rodata.str1.17884296644359297425.1)
                  00010f3d    00000005     oled_ui.o (.rodata.str1.18128648927899109887.1)
                  00010f42    00000005     oled_ui.o (.rodata.str1.18190418239766617312.1)
                  00010f47    00000005     fault.o (.rodata.str1.2104670281202025270.1)
                  00010f4c    00000005     oled_ui.o (.rodata.str1.2193316011307952170.1)
                  00010f51    00000005     oled_ui.o (.rodata.str1.2308938766145545715.1)
                  00010f56    00000005     oled_ui.o (.rodata.str1.2522137003438374266.1)
                  00010f5b    00000005     oled_ui.o (.rodata.str1.270145429241168923.1)
                  00010f60    00000005     oled_ui.o (.rodata.str1.2714695401222167146.1)
                  00010f65    00000005     oled_ui.o (.rodata.str1.3455423528827705371.1)
                  00010f6a    00000005     oled_ui.o (.rodata.str1.35417727660486075.1)
                  00010f6f    00000005     fault.o (.rodata.str1.4453281041433270631.1)
                  00010f74    00000005     fault.o (.rodata.str1.4549004730087743662.1)
                  00010f79    00000005     oled_ui.o (.rodata.str1.4551794666512319153.1)
                  00010f7e    00000005     oled_ui.o (.rodata.str1.4581472623415959594.1)
                  00010f83    00000005     menu.o (.rodata.str1.4862307748908978627.1)
                  00010f88    00000005     oled_ui.o (.rodata.str1.5376340479846291137.1)
                  00010f8d    00000005     oled_ui.o (.rodata.str1.5689016102676777062.1)
                  00010f92    00000005     oled_ui.o (.rodata.str1.5965450730569173784.1)
                  00010f97    00000005     fault.o (.rodata.str1.6372787129294360447.1)
                  00010f9c    00000005     fault.o (.rodata.str1.6437946768974223044.1)
                  00010fa1    00000005     oled_ui.o (.rodata.str1.6473435968988645044.1)
                  00010fa6    00000005     oled_ui.o (.rodata.str1.6806727740681590176.1)
                  00010fab    00000005     oled_ui.o (.rodata.str1.6954814719705590448.1)
                  00010fb0    00000005     oled_ui.o (.rodata.str1.7050595558965647569.1)
                  00010fb5    00000005     oled_ui.o (.rodata.str1.7481335054564682966.1)
                  00010fba    00000005     oled_ui.o (.rodata.str1.7774807581888385879.1)
                  00010fbf    00000005     oled_ui.o (.rodata.str1.8124536758062367015.1)
                  00010fc4    00000005     fault.o (.rodata.str1.8185770893384132067.1)
                  00010fc9    00000005     oled_ui.o (.rodata.str1.8426569189266129334.1)
                  00010fce    00000005     oled_ui.o (.rodata.str1.8471462185882660445.1)
                  00010fd3    00000005     oled_ui.o (.rodata.str1.8693388333057100694.1)
                  00010fd8    00000005     oled_ui.o (.rodata.str1.8703997732205428909.1)
                  00010fdd    00000005     oled_ui.o (.rodata.str1.9135818829835424837.1)
                  00010fe2    00000005     oled_ui.o (.rodata.str1.9611283282870761829.1)
                  00010fe7    00000004     oled_ui.o (.rodata.str1.10263419832828250601.1)
                  00010feb    00000004     oled_ui.o (.rodata.str1.10568433575767188072.1)
                  00010fef    00000004     oled_ui.o (.rodata.str1.10907125332684471422.1)
                  00010ff3    00000004     oled_ui.o (.rodata.str1.11428648044669318875.1)
                  00010ff7    00000004     oled_ui.o (.rodata.str1.11627403558423016802.1)
                  00010ffb    00000004     oled_ui.o (.rodata.str1.11794000050372113979.1)
                  00010fff    00000004     oled_ui.o (.rodata.str1.12595606217184830646.1)
                  00011003    00000004     oled_ui.o (.rodata.str1.1276391367487699528.1)
                  00011007    00000004     oled_ui.o (.rodata.str1.12928245060369742404.1)
                  0001100b    00000004     oled_ui.o (.rodata.str1.13244290092665904221.1)
                  0001100f    00000004     oled_ui.o (.rodata.str1.13567883086814673087.1)
                  00011013    00000004     fault.o (.rodata.str1.13582094816268305212.1)
                  00011017    00000004     oled_ui.o (.rodata.str1.13790669171379415506.1)
                  0001101b    00000004     oled_ui.o (.rodata.str1.14132186318895045592.1)
                  0001101f    00000004     oled_ui.o (.rodata.str1.14142815821055334776.1)
                  00011023    00000004     oled_ui.o (.rodata.str1.14168333168339663346.1)
                  00011027    00000004     oled_ui.o (.rodata.str1.14265077442249237877.1)
                  0001102b    00000004     oled_ui.o (.rodata.str1.14556837007311414654.1)
                  0001102f    00000004     oled_ui.o (.rodata.str1.14740362735394205067.1)
                  00011033    00000004     oled_ui.o (.rodata.str1.15008238333949226094.1)
                  00011037    00000004     menu.o (.rodata.str1.16312125044762562515.1)
                  0001103b    00000004     fault.o (.rodata.str1.16482347271627360806.1)
                  0001103f    00000004     oled_ui.o (.rodata.str1.16496169091617228061.1)
                  00011043    00000004     oled_ui.o (.rodata.str1.16554583589798097927.1)
                  00011047    00000004     oled_ui.o (.rodata.str1.16849766574302683489.1)
                  0001104b    00000004     oled_ui.o (.rodata.str1.16895433903389883335.1)
                  0001104f    00000004     oled_ui.o (.rodata.str1.16931641404301806744.1)
                  00011053    00000004     menu.o (.rodata.str1.17041139162815566052.1)
                  00011057    00000004     oled_ui.o (.rodata.str1.17242430504649735449.1)
                  0001105b    00000004     oled_ui.o (.rodata.str1.17274519358952562110.1)
                  0001105f    00000004     oled_ui.o (.rodata.str1.17719310104486814868.1)
                  00011063    00000004     oled_ui.o (.rodata.str1.17747339173178619492.1)
                  00011067    00000004     oled_ui.o (.rodata.str1.182352409660151230.1)
                  0001106b    00000004     oled_ui.o (.rodata.str1.18266126048138325213.1)
                  0001106f    00000004     oled_ui.o (.rodata.str1.18379317056176403938.1)
                  00011073    00000004     oled_ui.o (.rodata.str1.3407221357956504873.1)
                  00011077    00000004     oled_ui.o (.rodata.str1.3467953211977455017.1)
                  0001107b    00000004     oled_ui.o (.rodata.str1.3702290527496711532.1)
                  0001107f    00000004     oled_ui.o (.rodata.str1.4193589846040060630.1)
                  00011083    00000004     oled_ui.o (.rodata.str1.4581686099848791648.1)
                  00011087    00000004     menu.o (.rodata.str1.4646809750356241979.1)
                  0001108b    00000004     oled_ui.o (.rodata.str1.4691821198597473371.1)
                  0001108f    00000004     oled_ui.o (.rodata.str1.5004483696121082904.1)
                  00011093    00000004     oled_ui.o (.rodata.str1.5291836437463020264.1)
                  00011097    00000004     oled_ui.o (.rodata.str1.5463568455719735.1)
                  0001109b    00000004     oled_ui.o (.rodata.str1.5853739094453432564.1)
                  0001109f    00000004     oled_ui.o (.rodata.str1.6350830172869379626.1)
                  000110a3    00000004     oled_ui.o (.rodata.str1.6744096065564390185.1)
                  000110a7    00000004     oled_ui.o (.rodata.str1.7185587941321649510.1)
                  000110ab    00000004     oled_ui.o (.rodata.str1.7219546930854689545.1)
                  000110af    00000004     fault.o (.rodata.str1.7255546073596598018.1)
                  000110b3    00000004     oled_ui.o (.rodata.str1.7419768602719733415.1)
                  000110b7    00000004     oled_ui.o (.rodata.str1.8236579331345056500.1)
                  000110bb    00000004     oled_ui.o (.rodata.str1.8399051469953744892.1)
                  000110bf    00000004     oled_ui.o (.rodata.str1.8403269972884532600.1)
                  000110c3    00000004     oled_ui.o (.rodata.str1.8460525935980491721.1)
                  000110c7    00000004     oled_ui.o (.rodata.str1.9102528229756940648.1)
                  000110cb    00000004     oled_ui.o (.rodata.str1.9159586779647977165.1)
                  000110cf    00000004     oled_ui.o (.rodata.str1.9250665025187963892.1)
                  000110d3    00000004     oled_ui.o (.rodata.str1.9295666102996717355.1)
                  000110d7    00000004     menu.o (.rodata.str1.9546740394641817443.1)
                  000110db    00000004     oled_ui.o (.rodata.str1.967006512144173535.1)
                  000110df    00000004     oled_ui.o (.rodata.str1.9854382722193312766.1)
                  000110e3    00000003     oled_ui.o (.rodata.str1.10509309789429088155.1)
                  000110e6    00000003     oled_ui.o (.rodata.str1.10600688730180713177.1)
                  000110e9    00000003     oled_ui.o (.rodata.str1.1108652269057166745.1)
                  000110ec    00000003     oled_ui.o (.rodata.str1.11614055506586029288.1)
                  000110ef    00000003     menu.o (.rodata.str1.12110183915172842339.1)
                  000110f2    00000003     oled_ui.o (.rodata.str1.12983537867572525563.1)
                  000110f5    00000003     menu.o (.rodata.str1.13124720451672825294.1)
                  000110f8    00000003     oled_ui.o (.rodata.str1.13875148296791986931.1)
                  000110fb    00000003     menu.o (.rodata.str1.14098755746347272832.1)
                  000110fe    00000003     oled_ui.o (.rodata.str1.14134189893851348960.1)
                  00011101    00000003     oled_ui.o (.rodata.str1.14358698208395374265.1)
                  00011104    00000003     oled_ui.o (.rodata.str1.15859922799842739878.1)
                  00011107    00000003     oled_ui.o (.rodata.str1.15935041339501476673.1)
                  0001110a    00000003     oled_ui.o (.rodata.str1.17812014771544466701.1)
                  0001110d    00000003     oled_ui.o (.rodata.str1.240075016795266086.1)
                  00011110    00000003     oled_ui.o (.rodata.str1.2603845803395459882.1)
                  00011113    00000003     oled_ui.o (.rodata.str1.2742282290834473644.1)
                  00011116    00000003     oled_ui.o (.rodata.str1.2983744876309220570.1)
                  00011119    00000003     oled_ui.o (.rodata.str1.4402311448527872260.1)
                  0001111c    00000003     oled_ui.o (.rodata.str1.58703915094955230.1)
                  0001111f    00000003     menu.o (.rodata.str1.6857549598058878762.1)
                  00011122    00000003     oled_ui.o (.rodata.str1.763101100280173925.1)
                  00011125    00000003     oled_ui.o (.rodata.str1.799718701096035713.1)
                  00011128    00000003     fault.o (.rodata.str1.8193046109637024842.1)
                  0001112b    00000003     oled_ui.o (.rodata.str1.8950259614286592359.1)
                  0001112e    00000003     oled_ui.o (.rodata.str1.9554470707595806150.1)
                  00011131    00000002     oled_ui.o (.rodata.str1.3025253791635144717.1)
                  00011133    00000005     --HOLE-- [fill = 0]

.init_array 
*          0    00000000    00000000     UNINITIALIZED

.binit     0    000111c8    00000010     
                  000111c8    00000010     (.binit)

.TI.bound:g_balanceCalibrationReservedSector 
*          0    0001fc00    00000400     
                  0001fc00    00000400     balance_calibration_store.o (.TI.bound:g_balanceCalibrationReservedSector)

.bss       0    20200000    00000f59     UNINITIALIZED
                  20200000    00000400     oled.o (.bss.g_oledFrame)
                  20200400    00000200     vision_receiver.o (.bss.g_ring)
                  20200600    000001d0     runtime_snapshot.o (.bss.g_snapshot)
                  202007d0    00000110     (.common:g_appConfig)
                  202008e0    00000084     (.common:g_imuRuntime)
                  20200964    0000007c     motor_control.o (.bss.g_runtime)
                  202009e0    00000070     (.common:g_appRuntime)
                  20200a50    0000005c     balance_soft_limits.o (.bss.g_runtime)
                  20200aac    00000058     vision_receiver.o (.bss.g_status)
                  20200b04    00000004     imu.o (.bss.g_elapsedSinceValidSampleMs)
                  20200b08    00000058     (.common:g_wheelSpeedEstimatorRuntime)
                  20200b60    00000040     gimbal.o (.bss.g_feedback)
                  20200ba0    00000040     line_controller.o (.bss.g_lineRuntime)
                  20200be0    0000003c     balance_position_control.o (.bss.g_runtime)
                  20200c1c    00000030     balance_ball_control.o (.bss.g_runtime)
                  20200c4c    00000030     (.common:gUART_VISIONBackup)
                  20200c7c    0000002c     vision_receiver.o (.bss.g_observation)
                  20200ca8    0000002c     empty.o (.bss.g_schedulerStats)
                  20200cd4    00000028     vision_receiver.o (.bss.g_frame)
                  20200cfc    00000020     bluetooth_uart.o (.bss.g_runtime)
                  20200d1c    0000001c     mission_manager.o (.bss.g_missionRuntime)
                  20200d38    0000001c     balance_encoder.o (.bss.g_runtime)
                  20200d54    0000001c     (.common:g_headingRuntime)
                  20200d70    00000018     obstacle_avoidance.o (.bss.g_avoidFeedback)
                  20200d88    00000018     vision_receiver.o (.bss.g_ballPositionObservation)
                  20200da0    00000018     gimbal_stepper.o (.bss.g_feedback)
                  20200db8    00000018     vision_tuning_console.o (.bss.g_status)
                  20200dd0    00000014     motion_action.o (.bss.g_motionActionRuntime)
                  20200de4    00000014     watchdog_monitor.o (.bss.g_status)
                  20200df8    00000010     fault.o (.bss.g_faultRecord)
                  20200e08    00000010     motor.o (.bss.g_motorRuntime)
                  20200e18    0000000e     car_controller.o (.bss.g_carControllerFeedback)
                  20200e26    00000002     ultrasonic.o (.bss.g_echoTicks)
                  20200e28    0000000e     ultrasonic.o (.bss.g_ultrasonicFeedback)
                  20200e36    00000002     balance_ball_control.o (.bss.g_lastPositionMm)
                  20200e38    0000000c     magnet.o (.bss.g_runtime)
                  20200e44    0000000c     debug_telemetry.o (.bss.g_status)
                  20200e50    0000000c     balance_soft_limits.o (.bss.g_storedLimits)
                  20200e5c    00000004     balance_position_control.o (.bss.g_lastEncoderCount)
                  20200e60    00000008     balance_position_control.o (.bss.g_lastStepCount)
                  20200e68    00000008     balance_position_control.o (.bss.g_moveStartStepCount)
                  20200e70    00000008     obstacle_monitor.o (.bss.g_obstacleFeedback)
                  20200e78    00000008     gimbal_stepper.o (.bss.g_stepperEstimatedSteps)
                  20200e80    00000008     gimbal_stepper.o (.bss.g_stepperTargetEstimatedSteps)
                  20200e88    00000008     gimbal.o (.bss.g_yawContinuousDegX10)
                  20200e90    00000008     gimbal.o (.bss.g_yawLockedWorldYawDegX10)
                  20200e98    00000008     gimbal.o (.bss.g_yawTargetContinuousDegX10)
                  20200ea0    00000008     gimbal.o (.bss.g_yawWorldTargetDegX10)
                  20200ea8    00000008     gimbal.o (.bss.g_yawWrappedDegX10)
                  20200eb0    00000006     ultrasonic.o (.bss.g_distanceSamples)
                  20200eb6    00000006     key.o (.bss.g_key1)
                  20200ebc    00000006     key.o (.bss.g_key2)
                  20200ec2    00000006     key.o (.bss.g_key3)
                  20200ec8    00000004     debug_telemetry.o (.bss.g_lastFrameMs)
                  20200ecc    00000004     balance_ball_control.o (.bss.g_lastObservationUpdateCount)
                  20200ed0    00000004     balance_ball_control.o (.bss.g_lastPositionTimeMs)
                  20200ed4    00000004     balance_calibration_store.o (.bss.g_lastSequence)
                  20200ed8    00000004     balance_ball_control.o (.bss.g_lastSessionId)
                  20200edc    00000004     watchdog_monitor.o (.bss.g_lastTickMs)
                  20200ee0    00000004     wheel_speed_estimator.o (.bss.g_latchedErrorFlags)
                  20200ee4    00000004     empty.o (.bss.g_localTimeMs)
                  20200ee8    00000004     encoder.o (.bss.g_motorAPulses)
                  20200eec    00000004     encoder.o (.bss.g_motorBPulses)
                  20200ef0    00000004     balance_position_control.o (.bss.g_moveStartEncoderCount)
                  20200ef4    00000004     imu.o (.bss.g_previousValidCorrectedGyroZDps)
                  20200ef8    00000004     mission_manager.o (.bss.g_selectedDefinition)
                  20200efc    00000004     servo.o (.bss.g_servoFeedback)
                  20200f00    00000004     balance_encoder.o (.bss.g_speedLastCount)
                  20200f04    00000004     balance_position_control.o (.bss.g_startSoftLimitClampCount)
                  20200f08    00000004     gimbal_stepper.o (.bss.g_stepperCompletedSteps)
                  20200f0c    00000004     gimbal.o (.bss.g_yawCommandedRpm)
                  20200f10    00000004     gimbal.o (.bss.g_yawTargetRpm)
                  20200f14    00000004     empty.o (.bss.main.lastAppUpdateMs)
                  20200f18    00000002     vision_receiver.o (.bss.g_ringHead)
                  20200f1a    00000002     vision_receiver.o (.bss.g_ringTail)
                  20200f1c    00000002     servo.o (.bss.g_servoPwmPhase)
                  20200f1e    00000002     ultrasonic.o (.bss.g_stateTicks)
                  20200f20    00000002     gimbal_stepper.o (.bss.g_stepperHalfPeriodTicks)
                  20200f22    00000002     gimbal_stepper.o (.bss.g_stepperStepHalfPeriodTicks)
                  20200f24    00000002     (.common:g_trackError)
                  20200f26    00000001     oled_ui.o (.bss.OledUi_Update_20ms.flushRow)
                  20200f27    00000001     oled_ui.o (.bss.OledUi_Update_20ms.refreshDivider)
                  20200f28    00000001     empty.o (.bss.SysTick_Handler.balanceEncoderSpeedMsCount)
                  20200f29    00000001     empty.o (.bss.SysTick_Handler.controlMsCount)
                  20200f2a    00000001     empty.o (.bss.SysTick_Handler.tick100usCount)
                  20200f2b    00000001     ultrasonic.o (.bss.Ultrasonic_Update_20ms.triggerDivider)
                  20200f2c    00000001     empty.o (.bss.g_appUpdatePending)
                  20200f2d    00000001     car_state.o (.bss.g_carState)
                  20200f2e    00000001     obstacle_monitor.o (.bss.g_centerSettleTicks)
                  20200f2f    00000001     ultrasonic.o (.bss.g_distanceSampleCount)
                  20200f30    00000001     ultrasonic.o (.bss.g_distanceSampleIndex)
                  20200f31    00000001     emergency_stop.o (.bss.g_emergencyStopActive)
                  20200f32    00000001     watchdog_monitor.o (.bss.g_faultApplied)
                  20200f33    00000001     watchdog_monitor.o (.bss.g_faultPending)
                  20200f34    00000001     vision_receiver.o (.bss.g_frameSize)
                  20200f35    00000001     imu.o (.bss.g_integrationHistoryValid)
                  20200f36    00000001     wheel_speed_estimator.o (.bss.g_leftFilterInitialized)
                  20200f37    00000001     obstacle_safety.o (.bss.g_obstacleSafetyHolding)
                  20200f38    00000001     oled.o (.bss.g_oledColumn)
                  20200f39    00000001     menu.o (.bss.g_oledPage)
                  20200f3a    00000001     oled.o (.bss.g_oledPage)
                  20200f3b    00000001     encoder.o (.bss.g_overflowFlags)
                  20200f3c    00000001     menu.o (.bss.g_paramItem)
                  20200f3d    00000001     menu.o (.bss.g_paramReturnPage)
                  20200f3e    00000001     key.o (.bss.g_pendingEvent)
                  20200f3f    00000001     mission_manager.o (.bss.g_resumeCurrentAction)
                  20200f40    00000001     wheel_speed_estimator.o (.bss.g_rightFilterInitialized)
                  20200f41    00000001     car_controller.o (.bss.g_safetyHold)
                  20200f42    00000001     imu.o (.bss.g_shortGapPending)
                  20200f43    00000001     gimbal_stepper.o (.bss.g_stepperDirection)
                  20200f44    00000001     gimbal_stepper.o (.bss.g_stepperRunning)
                  20200f45    00000001     gimbal_stepper.o (.bss.g_stepperStepHigh)
                  20200f46    00000001     gimbal_stepper.o (.bss.g_stepperStopAfterStepLow)
                  20200f47    00000001     balance_soft_limits.o (.bss.g_storedLimitsValid)
                  20200f48    00000001     motor_control.o (.bss.g_targetRefreshed)
                  20200f49    00000001     mission_manager.o (.bss.g_transientActionActive)
                  20200f4a    00000001     ultrasonic.o (.bss.g_triggerRequest)
                  20200f4b    00000001     ultrasonic.o (.bss.g_ultrasonicState)
                  20200f4c    00000001     balance_ball_control.o (.bss.g_velocityInitialized)
                  20200f4d    00000001     gimbal.o (.bss.g_yawLimitClamped)
                  20200f4e    00000001     gimbal.o (.bss.g_yawLimitDirection)
                  20200f4f    00000001     gimbal.o (.bss.g_yawPositionValid)
                  20200f50    00000001     gimbal.o (.bss.g_yawWorldLockEnabled)
                  20200f51    00000001     (.common:g_carStateDebug)
                  20200f52    00000001     (.common:g_keyEvent)
                  20200f53    00000001     (.common:g_oledPageDebug)
                  20200f54    00000001     (.common:g_paramItemDebug)
                  20200f55    00000001     (.common:g_trackBlackCount)
                  20200f56    00000001     (.common:g_trackModeDebug)
                  20200f57    00000001     (.common:g_trackRaw)
                  20200f58    00000001     (.common:g_trackTurnDebug)

.data      0    20200f59    00000001     UNINITIALIZED
                  20200f59    00000001     car_controller.o (.data.g_followTurnPolicy)

.stack     0    20207e00    00000200     UNINITIALIZED
                  20207e00    00000004     libc.a : boot_cortex_m.c.obj (.stack)
                  20207e04    000001fc     --HOLE--

__llvm_prf_cnts 
*          0    20200000    00000000     UNINITIALIZED

__llvm_prf_bits 
*          0    20200000    00000000     UNINITIALIZED

MODULE SUMMARY

       Module                         code    ro data   rw data
       ------                         ----    -------   -------
    .\
       oled_ui.o                      19500   1273      2      
       imu.o                          5156    0         142    
       car_controller.o               4412    0         128    
       oled.o                         2006    406       1026   
       balance_soft_limits.o          3256    0         105    
       motor_control.o                2768    0         125    
       app_config.o                   2156    0         272    
       line_controller.o              2196    0         64     
       balance_calibration_store.o    1140    1024      4      
       balance_position_control.o     1824    0         88     
       vision_receiver.o              1168    0         713    
       menu.o                         1668    65        3      
       runtime_snapshot.o             1212    0         464    
       mission_manager.o              1472    0         34     
       balance_ball_control.o         1376    0         63     
       motion_action.o                1400    5         20     
       wheel_speed_estimator.o        1292    0         94     
       gimbal_stepper.o               1280    0         52     
       gimbal.o                       896     0         116    
       mission_library.o              560     389       0      
       motor.o                        776     0         16     
       ti_msp_dl_config.o             672     23        48     
       vision_protocol.o              692     0         0      
       app.o                          640     0         10     
       ultrasonic.o                   596     0         29     
       empty.o                        480     0         56     
       key.o                          436     0         19     
       balance_encoder.o              404     16        32     
       fault.o                        312     65        16     
       track_sensor.o                 372     0         0      
       heading_control.o              340     0         28     
       watchdog_monitor.o             308     0         26     
       encoder.o                      276     0         9      
       obstacle_safety.o              272     0         1      
       obstacle_monitor.o             192     0         9      
       startup_mspm0g350x_ticlang.o   6       192       0      
       angle_utils.o                  192     0         0      
       emergency_stop.o               188     0         1      
       servo.o                        176     0         6      
       vision_uart.o                  90      0         0      
       obstacle_avoidance.o           62      0         24     
       magnet.o                       72      0         12     
       debug_telemetry.o              56      0         16     
       bluetooth_uart.o               8       0         32     
       car_state.o                    36      0         1      
       vision_tuning_console.o        8       0         24     
    +--+------------------------------+-------+---------+---------+
       Total:                         64400   3458      3930   
                                                               
    C:/TI/mspm0_sdk_2_05_01_00/source/ti/driverlib/lib/ticlang/m0p/mspm0g1x0x_g3x0x/driverlib.a
       dl_flashctl.o                  488     0         0      
       dl_timer.o                     388     0         0      
       dl_uart.o                      90      0         0      
       dl_common.o                    10      0         0      
    +--+------------------------------+-------+---------+---------+
       Total:                         976     0         0      
                                                               
    D:\TI\CCS\ccs\tools\compiler\ti-cgt-armllvm_4.0.4.LTS\lib\armv6m-ti-none-eabi/c/libc.a
       memcpy16.S.obj                 154     0         0      
       copy_decompress_lzss.c.obj     124     0         0      
       memset16.S.obj                 98      0         0      
       autoinit.c.obj                 76      0         0      
       cpy_tbl.c.obj                  76      0         0      
       boot_cortex_m.c.obj            56      0         0      
       memmov.c.obj                   40      0         0      
       copy_decompress_none.c.obj     18      0         0      
       copy_zero_init.c.obj           16      0         0      
       exit.c.obj                     6       0         0      
       pre_init.c.obj                 4       0         0      
    +--+------------------------------+-------+---------+---------+
       Total:                         668     0         0      
                                                               
    D:\TI\CCS\ccs\tools\compiler\ti-cgt-armllvm_4.0.4.LTS\lib\armv6m-ti-none-eabi/c/libsysbm.a
       hostexit.c.obj                 4       0         0      
    +--+------------------------------+-------+---------+---------+
       Total:                         4       0         0      
                                                               
    D:\TI\CCS\ccs\tools\compiler\ti-cgt-armllvm_4.0.4.LTS\lib\armv6m-ti-none-eabi/libclang_rt.builtins.a
       addsf3.S.obj                   216     0         0      
       udivmoddi4.S.obj               162     0         0      
       comparesf2.S.obj               140     0         0      
       mulsf3.S.obj                   140     0         0      
       divsf3.S.obj                   130     0         0      
       aeabi_fcmp.S.obj               98      0         0      
       fixsfdi.S.obj                  96      0         0      
       aeabi_idivmod.S.obj            86      0         0      
       floatdisf.S.obj                78      0         0      
       aeabi_uidivmod.S.obj           64      0         0      
       divmoddi4.c.obj                62      0         0      
       floatsisf.S.obj                60      0         0      
       muldsi3.S.obj                  58      0         0      
       fixsfsi.S.obj                  56      0         0      
       floatunsisf.S.obj              40      0         0      
       muldi3.S.obj                   36      0         0      
       ashldi3.S.obj                  30      0         0      
       aeabi_ldivmod.S.obj            20      0         0      
       aeabi_uldivmod.S.obj           20      0         0      
       aeabi_memset.S.obj             12      0         0      
       aeabi_memcpy.S.obj             8       0         0      
       aeabi_memmove.S.obj            8       0         0      
       aeabi_div0.c.obj               4       0         0      
    +--+------------------------------+-------+---------+---------+
       Total:                         1624    0         0      
                                                               
       Stack:                         0       0         512    
       Linker Generated:              0       57        0      
    +--+------------------------------+-------+---------+---------+
       Grand Total:                   67672   3515      4442   


LINKER GENERATED COPY TABLES

__TI_cinit_table @ 000111b4 records: 2, size/record: 8, table size: 16
	.bss: load addr=000111a4, load size=00000008 bytes, run addr=20200000, run size=00000f59 bytes, compression=zero_init
	.data: load addr=000111ac, load size=00000005 bytes, run addr=20200f59, run size=00000001 bytes, compression=lzss
binit @ 000111c8 records: 1, size/record: 12, table size: 16
	.TI.ramfunc: load addr=00011138, load size=00000060, run addr=20200f60, run size=00000060, compression=none


LINKER GENERATED HANDLER TABLE

__TI_handler_table @ 00011198 records: 3, size/record: 4, table size: 12
	index: 0, handler: __TI_decompress_lzss
	index: 1, handler: __TI_decompress_none
	index: 2, handler: __TI_zero_init


FAR CALL TRAMPOLINES

callee name               trampoline name
   callee addr  tramp addr   call addr  call info
--------------  -----------  ---------  ----------------
_c_int00_noargs           $Tramp$TT$L$PI$$_c_int00_noargs
   00010005     00010848     00010842   startup_mspm0g350x_ticlang.o (.text.Reset_Handler)
DL_FlashCTL_executeCommandFromRAM  $Tramp$TT$L$PI$$DL_FlashCTL_executeCommandFromRAM
   20200f61     0001085c     0000ff2c   driverlib.a : dl_flashctl.o (.text.DL_FlashCTL_programMemoryFromRAM64WithECCGenerated)
                             000103ee               : dl_flashctl.o (.text.DL_FlashCTL_eraseMemoryFromRAM)

[2 trampolines]
[3 trampoline calls]


SEGMENT ATTRIBUTES

    id tag       seg value 
    -- ---       --- ----- 
     0 PHA_BOUND 3   (null)


GLOBAL SYMBOLS: SORTED ALPHABETICALLY BY Name 

address   name                                              
-------   ----                                              
0000db8f  ADC0_IRQHandler                                   
0000db8f  ADC1_IRQHandler                                   
0000db8f  AES_IRQHandler                                    
0000d275  Angle_Normalize180                                
00008e0d  AppConfig_InitDefault                             
00003469  AppConfig_LimitAll                                
0000e641  App_Init                                          
0000ec6d  App_ResetToReady                                  
0000a151  App_Update_20ms                                   
00010291  BalanceBallControl_Disable                        
0000f7ed  BalanceBallControl_Enable                         
000102ad  BalanceBallControl_ForceStop                      
000102c9  BalanceBallControl_GetSnapshot                    
0000fa6d  BalanceBallControl_Init                           
0000707d  BalanceBallControl_Update20ms                     
[...]
0000cd89  OLED_PrintUInt16                                  
0000ce61  __aeabi_fsub                                      
0000ce61  __subsf3                                          
0000ce6b  __addsf3                                          
0000ce6b  __aeabi_fadd                                      
0000cf39  CarController_StartDriveDistance                  
0000d00d  GimbalStepper_MoveRelativeSteps                   
0000d0e1  BalanceEncoder_HandleGpioInterrupt                
0000d1ad  FaultCode_ToShortString                           
0000d275  Angle_Normalize180                                
0000d4b5  BalanceSoftLimits_Init                            
0000d571  CarController_ResetRuntime                        
0000d62d  Menu_GetParamValue                                
0000d6e9  GimbalStepper_StopHold                            
0000d79d  GimbalStepper_Init                                
0000d84d  SysTick_Handler                                   
0000d8fd  BalanceSoftLimits_ArmRecalibration                
0000d9a5  Encoder_HandleGpioInterrupt                       
0000daed  __udivmoddi4                                      
0000db8f  ADC0_IRQHandler                                   
0000db8f  ADC1_IRQHandler                                   
0000db8f  AES_IRQHandler                                    
0000db8f  CANFD0_IRQHandler                                 
0000db8f  DAC0_IRQHandler                                   
0000db8f  DMA_IRQHandler                                    
0000db8f  Default_Handler                                   
0000db8f  GROUP0_IRQHandler                                 
0000db8f  HardFault_Handler                                 
0000db8f  I2C0_IRQHandler                                   
0000db8f  I2C1_IRQHandler                                   
0000db8f  NMI_Handler                                       
0000db8f  PendSV_Handler                                    
0000db8f  RTC_IRQHandler                                    
0000db8f  SPI0_IRQHandler                                   
0000db8f  SPI1_IRQHandler                                   
0000db8f  SVC_Handler                                       
0000db8f  TIMA0_IRQHandler                                  
0000db8f  TIMA1_IRQHandler                                  
0000db8f  TIMG0_IRQHandler                                  
0000db8f  TIMG12_IRQHandler                                 
0000db8f  TIMG6_IRQHandler                                  
0000db8f  TIMG7_IRQHandler                                  
0000db8f  TIMG8_IRQHandler                                  
0000db8f  UART0_IRQHandler                                  
0000db8f  UART1_IRQHandler                                  
0000db8f  UART2_IRQHandler                                  
0000db91  BalanceSoftLimits_AbortCalibration                
0000dcd1  ObstacleMonitor_Update_20ms                       
0000de09  memcpy                                            
0000dea3  ObstacleAvoidance_Update_20ms                     
0000dea5  BalanceSoftLimits_CancelRecalibration             
0000dfd5  CarController_StartTurnToYawRelative              
0000e0fd  CarController_ResetTransientState                 
0000e18d  SYSCFG_DL_PWM_MOTOR_init                          
0000e219  __aeabi_fmul                                      
0000e219  __mulsf3                                          
0000e331  CarController_SetSafetyHold                       
0000e3b5  GimbalStepper_ConfirmZero                         
0000e439  Motor_Init                                        
0000e4bd  __aeabi_fdiv                                      
0000e4bd  __divsf3                                          
0000e53f  TrackSensor_Init                                  
0000e541  CarController_StartDriveHeading                   
0000e5c1  Motor_Stop                                        
0000e641  App_Init                                          
0000e6bf  VisionUart_Process                                
0000e6c1  BalanceSoftLimits_Enforce100usFromIsr             
0000e73d  __TI_decompress_lzss                              
0000e7b9  BalancePositionControl_ResetFault                 
0000e91d  GimbalStepper_Release                             
0000e98d  SYSCFG_DL_UART_VISION_init                        
0000e9fd  TrackSensor_DetectTurn                            
0000ea6b  __aeabi_idiv0                                     
0000ea6d  MissionManager_GetSelectedMissionIndex            
0000eb3d  TrackSensor_GetErrorFromRaw                       
0000eba3  __aeabi_ldiv0                                     
0000eba5  BalanceSoftLimits_ResetPositionFault              
0000ec09  MissionManager_Start                              
0000ec6d  App_ResetToReady                                  
0000ecd1  __aeabi_fcmpeq                                    
0000ece5  __aeabi_fcmplt                                    
0000ecf9  __aeabi_fcmple                                    
0000ed0d  __aeabi_fcmpge                                    
0000ed21  __aeabi_fcmpgt                                    
0000ed33  memset                                            
0000ed95  BalancePositionControl_Init                       
0000edf5  __aeabi_f2lz                                      
0000edf5  __fixsfdi                                         
0000ee55  Ultrasonic_Update_20ms                            
0000ef69  BalanceEncoder_Init                               
0000efc1  MissionManager_Init                               
0000f019  OLED_PrintChar                                    
0000f121  __aeabi_idiv                                      
0000f121  __aeabi_idivmod                                   
0000f179  CarController_Stop                                
0000f1cd  TrackSensor_ReadRaw                               
0000f221  WatchdogMonitor_ApplyFaultIfNeeded                
0000f275  BalancePositionControl_SetTrackingTarget          
0000f2c5  BalanceSoftLimits_GetSnapshot                     
0000f315  Ultrasonic_Init                                   
0000f365  WatchdogMonitor_Tick1msFromIsr                    
0000f405  __aeabi_l2f                                       
0000f405  __floatdisf                                       
0000f455  MotorControl_Stop                                 
0000f4a1  copy_in                                           
0000f4ed  __TI_auto_init_nopinit                            
0000f539  DL_UART_init                                      
0000f581  MissionManager_Cancel                             
0000f5c9  VisionReceiver_Init                               
0000f611  CarController_StartFollowLine                     
0000f655  EmergencyStop_Reset                               
0000f699  Encoder_GetAndClearPulseDeltas                    
0000f6dd  Imu_ResetYaw                                      
0000f721  MissionManager_Reset                              
0000f765  Servo_Tick100us                                   
0000f7a9  UART3_IRQHandler                                  
0000f7ed  BalanceBallControl_Enable                         
0000f82d  BalanceEncoder_GetSnapshot                        
0000f86d  BalanceSoftLimits_StopMotion                      
0000f8ad  CarController_ResumeFollowLine                    
0000f8ed  Fault_Raise                                       
0000f92d  SYSCFG_DL_SYSCTL_init                             
0000f96d  SYSCFG_DL_initPower                               
0000f9ad  VisionReceiver_PushByteFromIsr                    
0000f9ed  __aeabi_uidiv                                     
0000f9ed  __aeabi_uidivmod                                  
0000fa2d  __divmoddi4                                       
0000fa6d  BalanceBallControl_Init                           
0000faa9  MissionManager_Resume                             
0000fae5  Servo_SetAngleDeg                                 
0000fb21  __aeabi_i2f                                       
0000fb21  __floatsisf                                       
0000fb5d  __gesf2                                           
0000fb5d  __gtsf2                                           
0000fb99  __cmpsf2                                          
0000fb99  __eqsf2                                           
0000fb99  __lesf2                                           
0000fb99  __ltsf2                                           
0000fb99  __nesf2                                           
0000fbd5  __muldsi3                                         
0000fc11  EmergencyStop_Trigger                             
0000fc49  __aeabi_f2iz                                      
0000fc49  __fixsfsi                                         
0000fc81  BalancePositionControl_Cancel                     
0000fcb5  Imu_IsReady                                       
0000fce9  MissionLibrary_FindById                           
0000fd1d  OLED_PrintString                                  
0000fd51  Key_Init                                          
0000fd81  LineController_ObserveSensors                     
0000fdb1  WatchdogMonitor_Init                              
0000fde1  WatchdogMonitor_Reset                             
0000fe11  BalancePositionControl_GetSnapshot                
0000fe3d  BalancePositionControl_StartTracking              
0000fe69  Encoder_Reset                                     
0000fe95  MissionManager_Pause                              
0000fec1  TrackSensor_CountBlack                            
0000feed  BalanceSoftLimits_CancelTravelTest                
0000ff15  DL_FlashCTL_programMemoryFromRAM64WithECCGenerated
0000ff3d  EmergencyStop_Enforce                             
0000ff65  Magnet_ForceOff                                   
0000ff8d  Servo_Init                                        
0000ffb5  __aeabi_ui2f                                      
0000ffb5  __floatunsisf                                     
0000ffdd  memmove                                           
00010005  _c_int00_noargs                                   
0001002d  BalanceEncoder_SampleSpeed10msFromIsr             
00010051  BalanceSoftLimits_CancelOscillationTest           
00010075  GimbalStepper_GetFeedbackSnapshot                 
00010099  MissionManager_ReportExternalFailure              
000100bd  MotorControl_Init                                 
000100e1  MotorControl_Reset                                
00010105  OLED_ClearBuffer                                  
00010129  SYSCFG_DL_init                                    
0001014d  __aeabi_lmul                                      
0001014d  __muldi3                                          
00010171  DL_Timer_overrideCCPOut                           
00010191  DebugTelemetry_Update                             
000101b1  GROUP1_IRQHandler                                 
000101d1  Magnet_Init                                       
000101f1  OLED_SetCursor                                    
00010211  SchedulerMonitor_GetStats                         
00010231  VisionReceiver_GetProtocolErrorCount              
00010271  __aeabi_llsl                                      
00010271  __ashldi3                                         
00010291  BalanceBallControl_Disable                        
000102ad  BalanceBallControl_ForceStop                      
000102c9  BalanceBallControl_GetSnapshot                    
000102e5  DL_Timer_setCaptCompUpdateMethod                  
00010301  DL_Timer_setClockConfig                           
0001031d  HeadingControl_SetTargetYaw                       
00010339  Menu_Init                                         
00010355  MotionAction_Cancel                               
00010371  ObstacleMonitor_Init                              
0001038d  ObstacleSafety_Init                               
000103a9  WatchdogMonitor_NotifyControlCycleComplete        
000103e1  DL_FlashCTL_eraseMemoryFromRAM                    
000103f9  DL_Timer_setCaptureCompareOutCtl                  
00010411  DebugTelemetry_Init                               
00010429  HeadingControl_Init                               
00010441  HeadingControl_Reset                              
00010459  Menu_ParamItemToString                            
00010471  MotionAction_Init                                 
00010489  ObstacleAvoidance_Init                            
000104a1  RuntimeSnapshot_Init                              
000104b9  __aeabi_fcmpun                                    
000104b9  __unordsf2                                        
000104d1  Fault_Clear                                       
000104e5  Fault_Init                                        
000104f9  GimbalStepper_SetStepHalfPeriodTicks              
0001050d  HeadingControl_Enable                             
00010521  MissionLibrary_GetByIndex                         
00010535  MissionManager_GetSelectedMissionId               
00010549  VisionUart_Init                                   
0001055d  __aeabi_ldivmod                                   
00010571  __aeabi_uldivmod                                  
00010585  DL_UART_setClockConfig                            
00010597  __TI_decompress_none                              
000105a9  BalancePositionControl_HasFault                   
000105b9  DL_Timer_setCaptureCompareValue                   
000105c9  Gimbal_YawGetFeedback                             
000105d9  Key_GetEvent                                      
000105e9  __TI_zero_init                                    
000105f9  BalanceEncoder_GetCountAtomic                     
00010605  BalancePositionControl_IsBusy                     
00010611  BalanceSoftLimits_IsCalibrationActive             
0001061d  BalanceSoftLimits_IsOscillationTestActive         
00010629  BalanceSoftLimits_IsTravelTestActive              
00010635  CarController_GetRunMode                          
00010641  CarController_Init                                
0001064d  CarController_IsSafetyHoldActive                  
00010659  CarState_Get                                      
00010665  CarState_Init                                     
00010671  CarState_Set                                      
0001067d  EmergencyStop_Init                                
00010689  EmergencyStop_IsActive                            
00010695  Imu_GetCorrectedGyroZDps                          
000106a1  Imu_GetYaw                                        
000106ad  Menu_GetPage                                      
000106b9  Menu_GetParamItem                                 
000106c5  MissionManager_IsExternallyHeld                   
000106d1  MissionManager_SetExternalHold                    
000106dd  ObstacleAvoidance_IsActive                        
000106e9  ObstacleAvoidance_IsFailed                        
000106f5  ObstacleSafety_IsHolding                          
00010701  SystemTime_GetMs                                  
0001070d  WatchdogMonitor_HasTripped                        
00010719  __aeabi_memclr                                    
00010719  __aeabi_memclr4                                   
00010719  __aeabi_memclr8                                   
00010725  DL_Common_delayCycles                             
0001072f  MotionAction_Resume                               
00010739  MotionAction_Start                                
00010743  TrackSensor_IsCenterDetected                      
0001074d  TrackSensor_IsLineDetected                        
00010757  TrackSensor_IsLineLost                            
00010761  BalanceSoftLimits_CancelPositionMove              
00010769  BalanceSoftLimits_IsPositionMoveActive            
00010771  BluetoothUart_GetRuntime                          
00010779  CarController_GetFeedback                         
00010781  Fault_GetRecord                                   
00010789  GimbalStepper_GetFeedback                         
00010791  HeadingControl_GetRuntime                         
00010799  Imu_GetRuntime                                    
000107a1  LineController_GetRuntime                         
000107a9  MissionManager_GetMissionCount                    
000107b1  MissionManager_GetRuntime                         
000107b9  MotionAction_GetRuntime                           
000107c1  MotorControl_GetRuntime                           
000107c9  ObstacleAvoidance_GetFeedback                     
000107d1  ObstacleMonitor_GetFeedback                       
000107d9  OledUi_Init                                       
000107e1  RuntimeSnapshot_Get                               
000107e9  Servo_GetFeedback                                 
000107f1  Ultrasonic_GetFeedback                            
000107f9  VisionReceiver_GetBallPositionObservation         
00010801  VisionReceiver_GetStatus                          
00010809  VisionTuningConsole_GetStatus                     
00010811  WatchdogMonitor_GetStatus                         
00010819  WheelSpeedEstimator_GetRuntime                    
00010821  __aeabi_memcpy                                    
00010821  __aeabi_memcpy4                                   
00010821  __aeabi_memcpy8                                   
00010829  __aeabi_memmove                                   
00010829  __aeabi_memmove4                                  
00010829  __aeabi_memmove8                                  
00010831  abort                                             
00010836  C$$EXIT                                           
00010837  HOSTexit                                          
0001083b  MissionLibrary_GetCount                           
0001083f  ObstacleAvoidance_IsResumeGraceActive             
00010843  Reset_Handler                                     
00010859  _system_pre_init                                  
00011198  __TI_Handler_Table_Base                           
000111a4  __TI_Handler_Table_Limit                          
000111b4  __TI_CINIT_Base                                   
000111c4  __TI_CINIT_Limit                                  
000111c4  __TI_CINIT_Warm                                   
000111c8  __TI_table_binit                                  
000111c8  __binit__                                         
000111c8  binit                                             
0001fc00  g_balanceCalibrationReservedSector                
20200000  __start___llvm_prf_bits                           
20200000  __start___llvm_prf_cnts                           
20200000  __stop___llvm_prf_bits                            
20200000  __stop___llvm_prf_cnts                            
202007d0  g_appConfig                                       
202008e0  g_imuRuntime                                      
202009e0  g_appRuntime                                      
20200b08  g_wheelSpeedEstimatorRuntime                      
20200c4c  gUART_VISIONBackup                                
20200d54  g_headingRuntime                                  
20200f24  g_trackError                                      
20200f51  g_carStateDebug                                   
20200f52  g_keyEvent                                        
20200f53  g_oledPageDebug                                   
20200f54  g_paramItemDebug                                  
20200f55  g_trackBlackCount                                 
20200f56  g_trackModeDebug                                  
20200f57  g_trackRaw                                        
20200f58  g_trackTurnDebug                                  
20207e00  __stack                                           
20208000  __STACK_END                                       
ffffffff  __TI_pprof_out_hndl                               
ffffffff  __TI_prof_data_size                               
ffffffff  __TI_prof_data_start                              
UNDEFED   __mpu_init                                        
UNDEFED   _system_post_cinit                                

[388 symbols]
