******************************************************************************
            TI ARM Clang Linker PC v4.0.4                      
******************************************************************************
>> Linked Wed Jul 22 20:19:19 2026

OUTPUT FILE NAME:   <diansaikaishi.out>
ENTRY POINT SYMBOL: "_c_int00_noargs"  address: 0000e201


MEMORY CONFIGURATION

         name            origin    length      used     unused   attr    fill
----------------------  --------  ---------  --------  --------  ----  --------
  FLASH                 00000000   00020000  0000f308  00010cf8  R  X
  SRAM                  20200000   00008000  00000ca1  0000735f  RW X
  BCR_CONFIG            41c00000   000000ff  00000000  000000ff  R   
  BSL_CONFIG            41c00100   00000080  00000000  00000080  R   


SEGMENT ALLOCATION MAP

run origin  load origin   length   init length attrs members
----------  ----------- ---------- ----------- ----- -------
00000000    00000000    0000f308   0000f308    r-x
  00000000    00000000    000000c0   000000c0    r-- .intvecs
  000000c0    000000c0    0000e950   0000e950    r-x .text
  0000ea10    0000ea10    000008c8   000008c8    r-- .rodata
  0000f2d8    0000f2d8    00000030   00000030    r-- .cinit
20200000    20200000    00000aa1   00000000    rw-
  20200000    20200000    00000aa0   00000000    rw- .bss
  20200aa0    20200aa0    00000001   00000000    rw- .data
20207e00    20207e00    00000200   00000000    rw-
  20207e00    20207e00    00000200   00000000    rw- .stack


SECTION ALLOCATION MAP

 output                                  attributes/
section   page    origin      length       input sections
--------  ----  ----------  ----------   ----------------
.intvecs   0    00000000    000000c0     
                  00000000    000000c0     startup_mspm0g350x_ticlang.o (.intvecs)

.text      0    000000c0    0000e950     
                  000000c0    00001dd4     vision_tuning_console.o (.text.VisionTuningConsole_Process)
                  00001e94    00001850     oled_ui.o (.text.OledUi_Update_20ms)
                  000036e4    0000047c     gimbal_tracker.o (.text.GimbalTracker_Update)
                  00003b60    0000041c     wheel_speed_estimator.o (.text.WheelSpeedEstimator_Update)
                  00003f7c    000003b0     vision_receiver.o (.text.VisionReceiver_Process)
                  0000432c    00000388     gimbal_vision_yaw_tracker.o (.text.GimbalVisionYawTracker_Update10ms)
                  000046b4    00000380     menu.o (.text.Menu_HandleKeyEvent)
                  00004a34    00000370     gimbal.o (.text.gimbal_update_feedback)
                  00004da4    00000340     obstacle_avoidance.o (.text.ObstacleAvoidance_Update_20ms)
                  000050e4    00000310     vision_tuning_console.o (.text.append_scaled)
                  000053f4    000002f0     imu.o (.text.mpu6050_read_regs)
                  000056e4    000002d8     imu.o (.text.Imu_Init)
                  000059bc    000002c4     app_config.o (.text.AppConfig_LimitAll)
                  00005c80    000002a8     gimbal_tracker.o (.text.update_feedback)
                  00005f28    00000298     gimbal.o (.text.Gimbal_YawSetWrappedTargetDeg)
                  000061c0    00000294     gimbal.o (.text.Gimbal_YawUpdate5ms)
                  00006454    00000290     gimbal.o (.text.Gimbal_PitchSetTrackingSpeedDegS)
                  000066e4    00000278     car_controller.o (.text.handle_turn_to_yaw)
                  0000695c    00000260     gimbal.o (.text.gimbal_pitch_set_target_steps)
                  00006bbc    00000254     oled.o (.text.OLED_Clear)
                  00006e10    00000238     gimbal.o (.text.gimbal_pitch_update_feedback)
                  00007048    00000234     motion_action.o (.text.MotionAction_Update_20ms)
                  0000727c    00000228     gimbal_vision_pitch_tracker.o (.text.GimbalVisionPitchTracker_Update10ms)
                  000074a4    00000214     imu.o (.text.Imu_CalibrateGyroBias)
                  000076b8    0000020c     car_controller.o (.text.handle_follow_line)
                  000078c4    00000204     motor.o (.text.Motor_SetSpeed)
                  00007ac8    000001f4     vision_protocol.o (.text.VisionProtocol_ParseV1TargetFrame)
                  00007cbc    000001cc     imu.o (.text.imu_i2c_write_byte)
                  00007e88    000001bc     gimbal.o (.text.Gimbal_PitchUpdate5ms)
                  00008044    000001b8     oled.o (.text.oled_i2c_write_byte)
                  000081fc    000001a0     ultrasonic.o (.text.Ultrasonic_Tick100us)
                  0000839c    00000194     gimbal_stepper.o (.text.GimbalStepper_Tick100us)
                  00008530    00000188     gimbal_vision_yaw_tracker.o (.text.GimbalVisionYawTracker_Enable)
                  000086b8    00000180     gimbal.o (.text.Gimbal_PitchTick100us)
                  00008838    0000017c     gimbal_stepper.o (.text.GimbalStepper_MoveToEstimatedSteps)
                  000089b4    00000174     key.o (.text.Key_Update_20ms)
                  00008b28    0000016c     gimbal.o (.text.Gimbal_Init)
                  00008c94    00000168     empty.o (.text.main)
                  00008dfc    00000164     heading_control.o (.text.HeadingControl_Update)
                  00008f60    00000160     runtime_snapshot.o (.text.RuntimeSnapshot_Update)
                  000090c0    00000160     gimbal.o (.text.gimbal_yaw_set_target_x10)
                  00009220    0000015c     car_controller.o (.text.handle_lost_recover)
                  0000937c    00000158     vision_tuning_console.o (.text.send_parameter_reply)
                  000094d4    00000158     vision_tuning_console.o (.text.send_yaw_parameter_reply)
                  0000962c    00000150     car_controller.o (.text.handle_seek_line)
                  0000977c    00000144     car_controller.o (.text.CarController_Update_20ms)
                  000098c0    0000013c     oled.o (.text.OLED_PrintInt16)
                  000099fc    00000134     imu.o (.text.Imu_Update)
                  00009b30    00000134     car_controller.o (.text.handle_drive_heading)
                  00009c64    0000012c     imu.o (.text.imu_i2c_recover_bus)
                  00009d90    00000128     gimbal.o (.text.Gimbal_YawEnableWorldLock)
                  00009eb8    00000128     motion_action.o (.text.MotionAction_Start)
                  00009fe0    00000124     vision_tuning_console.o (.text.send_simple_reply)
                  0000a104    00000124     gimbal_vision_yaw_tracker.o (.text.sync_target_from_yaw)
                  0000a228    0000011c     app.o (.text.App_Update_20ms)
                  0000a344    00000104     driverlib.a : dl_timer.o (.text.DL_Timer_initFourCCPWMMode)
                  0000a448    00000104     car_controller.o (.text.handle_turn_90)
                  0000a54c    000000fc     gimbal.o (.text.Gimbal_PitchRelease)
                  0000a648    000000fc     mission_manager.o (.text.MissionManager_Update_20ms)
                  0000a744    000000fc     empty.o (.text.SysTick_Handler)
                  0000a840    000000f0     gimbal.o (.text.Gimbal_PitchStopHold)
                  0000a930    000000f0     mission_manager.o (.text.MissionManager_SelectNext)
                  0000aa20    000000ec     gimbal_tracker.o (.text.sync_targets_from_gimbal)
                  0000ab0c    000000e8     vision_protocol.o (.text.fields_are_valid)
                  0000abf4    000000e0     obstacle_safety.o (.text.ObstacleSafety_Update_20ms)
                  0000acd4    000000dc     gimbal.o (.text.Gimbal_PitchConfirmZero)
                  0000adb0    000000dc     ti_msp_dl_config.o (.text.SYSCFG_DL_GPIO_init)
                  0000ae8c    000000dc     oled_ui.o (.text.print_tuning_change_value)
                  0000af68    000000d8     app_config.o (.text.AppConfig_InitDefault)
                  0000b040    000000d8     mission_manager.o (.text.MissionManager_SelectPrevious)
                  0000b118    000000d8     oled.o (.text.OLED_PrintUInt16)
                  0000b1f0    000000d8     wheel_speed_estimator.o (.text.WheelSpeedEstimator_Init)
                  0000b2c8    000000d8     menu.o (.text.menu_adjust_param)
                  0000b3a0    000000d8     libclang_rt.builtins.a : addsf3.S.obj (.text)
                  0000b478    000000d4     oled.o (.text.OLED_Init)
                  0000b54c    000000d0     oled.o (.text.OLED_PrintChar)
                  0000b61c    000000c8     gimbal.o (.text.Gimbal_YawConfirmZero)
                  0000b6e4    000000b8     car_controller.o (.text.CarController_StartTurnToYawRelative)
                  0000b79c    000000b4     car_controller.o (.text.CarController_StartSeekLine)
                  0000b850    000000b4     gimbal_stepper.o (.text.GimbalStepper_StopHold)
                  0000b904    000000b4     gimbal_vision_adapter.o (.text.GimbalVisionAdapter_Update)
                  0000b9b8    000000b0     car_controller.o (.text.CarController_StartDriveHeading)
                  0000ba68    000000b0     fault.o (.text.FaultCode_ToShortString)
                  0000bb18    000000b0     gimbal_stepper.o (.text.GimbalStepper_Init)
                  0000bbc8    000000b0     gimbal.o (.text.Gimbal_PitchMoveRelativeDeg)
                  0000bc78    000000aa     mission_library.o (.text.MissionLibrary_Validate)
                  0000bd22    00000002     startup_mspm0g350x_ticlang.o (.text.Default_Handler)
                  0000bd24    000000a8     gimbal_vision_pitch_tracker.o (.text.GimbalVisionPitchTracker_Enable)
                  0000bdcc    000000a4     encoder.o (.text.Encoder_HandleGpioInterrupt)
                  0000be70    000000a4     gimbal_vision_yaw_tracker.o (.text.wrap_deg_360)
                  0000bf14    000000a2     libclang_rt.builtins.a : udivmoddi4.S.obj (.text)
                  0000bfb6    00000002     track_sensor.o (.text.TrackSensor_Init)
                  0000bfb8    0000009c     obstacle_monitor.o (.text.ObstacleMonitor_Update_20ms)
                  0000c054    0000009a     libc.a : memcpy16.S.obj (.text:memcpy)
                  0000c0ee    00000002     libclang_rt.builtins.a : aeabi_div0.c.obj (.text.__aeabi_idiv0)
                  0000c0f0    00000098     car_controller.o (.text.CarController_StartFollowLine)
                  0000c188    00000098     imu.o (.text.mpu6050_write_reg)
                  0000c220    0000008c     car_controller.o (.text.CarController_StartTurnRight90)
                  0000c2ac    0000008c     gimbal.o (.text.Gimbal_YawDisableWorldLock)
                  0000c338    0000008c     gimbal.o (.text.Gimbal_YawStopHold)
                  0000c3c4    0000008c     ti_msp_dl_config.o (.text.SYSCFG_DL_PWM_MOTOR_init)
                  0000c450    0000008c     libclang_rt.builtins.a : mulsf3.S.obj (.text.__mulsf3)
                  0000c4dc    00000088     car_controller.o (.text.CarController_StartTurnLeft90)
                  0000c564    0000000c     car_controller.o (.text.CarController_GetRunMode)
                  0000c570    00000088     libc.a : strcmp-armv6m.S.obj (.text:strcmp)
                  0000c5f8    00000084     gimbal_stepper.o (.text.GimbalStepper_ConfirmZero)
                  0000c67c    00000084     gimbal_tracker.o (.text.GimbalTracker_PushObservation)
                  0000c700    00000084     motor.o (.text.Motor_Init)
                  0000c784    00000082     libclang_rt.builtins.a : divsf3.S.obj (.text.__divsf3)
                  0000c806    00000002                            : aeabi_div0.c.obj (.text.__aeabi_ldiv0)
                  0000c808    00000080     car_controller.o (.text.CarController_Init)
                  0000c888    00000080     car_controller.o (.text.CarController_ResetRuntime)
                  0000c908    00000080     gimbal_tracker.o (.text.GimbalTracker_Init)
                  0000c988    00000080     motor.o (.text.Motor_Stop)
                  0000ca08    0000007e     app.o (.text.App_Init)
                  0000ca86    00000002     --HOLE-- [fill = 0]
                  0000ca88    0000007c     vision_pitch_tuning.o (.text.VisionPitchTuning_Set)
                  0000cb04    0000007c     libc.a : copy_decompress_lzss.c.obj (.text:decompress:lzss)
                  0000cb80    00000078     oled.o (.text.oled_write_command)
                  0000cbf8    00000074     car_controller.o (.text.CarController_SetSafetyHold)
                  0000cc6c    00000070     gimbal_stepper.o (.text.GimbalStepper_Release)
                  0000ccdc    00000070     menu.o (.text.Menu_GetParamValue)
                  0000cd4c    00000070     ti_msp_dl_config.o (.text.SYSCFG_DL_UART_VISION_init)
                  0000cdbc    00000070     vision_yaw_tuning.o (.text.VisionYawTuning_Set)
                  0000ce2c    0000006e     track_sensor.o (.text.TrackSensor_DetectTurn)
                  0000ce9a    00000002     --HOLE-- [fill = 0]
                  0000ce9c    0000006c     gimbal_vision_yaw_tracker.o (.text.GimbalVisionYawTracker_Init)
                  0000cf08    00000068     mission_manager.o (.text.MissionManager_GetSelectedMissionIndex)
                  0000cf70    00000066     track_sensor.o (.text.TrackSensor_GetErrorFromRaw)
                  0000cfd6    00000002     --HOLE-- [fill = 0]
                  0000cfd8    00000064     gimbal.o (.text.Gimbal_YawRelease)
                  0000d03c    00000062     libclang_rt.builtins.a : aeabi_fcmp.S.obj (.text.__aeabi_fcmp)
                  0000d09e    00000062     libc.a : memset16.S.obj (.text:memset)
                  0000d100    00000060     gimbal_tracker.o (.text.GimbalTracker_Enable)
                  0000d160    00000060     gimbal_tracker.o (.text.GimbalTracker_GetFeedback)
                  0000d1c0    00000060     vision_tuning_console.o (.text.VisionTuningConsole_Init)
                  0000d220    00000060     libclang_rt.builtins.a : fixsfdi.S.obj (.text.__fixsfdi)
                  0000d280    00000060     motion_action.o (.text.motion_action_resolve_yaw_target)
                  0000d2e0    0000005e     oled.o (.text.OLED_PrintBinary7)
                  0000d33e    00000002     --HOLE-- [fill = 0]
                  0000d340    0000005c     vision_uart.o (.text.UART3_IRQHandler)
                  0000d39c    0000005c     ultrasonic.o (.text.Ultrasonic_Update_20ms)
                  0000d3f8    0000005c     obstacle_avoidance.o (.text.avoid_fail)
                  0000d454    00000058     gimbal.o (.text.Gimbal_YawMoveRelativeDeg)
                  0000d4ac    00000056     libclang_rt.builtins.a : aeabi_idivmod.S.obj (.text.__aeabi_idivmod)
                  0000d502    00000002     --HOLE-- [fill = 0]
                  0000d504    00000054     track_sensor.o (.text.TrackSensor_ReadRaw)
                  0000d558    00000054     gimbal_vision_yaw_tracker.o (.text.float_to_scaled_i16)
                  0000d5ac    00000054     gimbal_vision_yaw_tracker.o (.text.stop_owned_tracking)
                  0000d600    00000050     mission_manager.o (.text.MissionManager_Start)
                  0000d650    00000050     ultrasonic.o (.text.Ultrasonic_Init)
                  0000d6a0    00000050     watchdog_monitor.o (.text.WatchdogMonitor_ApplyFaultIfNeeded)
                  0000d6f0    0000004e     libclang_rt.builtins.a : floatdisf.S.obj (.text.__floatdisf)
                  0000d73e    00000002     --HOLE-- [fill = 0]
                  0000d740    0000004c     watchdog_monitor.o (.text.WatchdogMonitor_Tick1msFromIsr)
                  0000d78c    0000004a     obstacle_avoidance.o (.text.avoid_can_start)
                  0000d7d6    00000002     --HOLE-- [fill = 0]
                  0000d7d8    00000048     driverlib.a : dl_uart.o (.text.DL_UART_init)
                  0000d820    00000048     mission_manager.o (.text.MissionManager_Init)
                  0000d868    00000048     motion_action.o (.text.MotionAction_ReapplyControllerTarget)
                  0000d8b0    00000044     encoder.o (.text.Encoder_GetAndClearPulseDeltas)
                  0000d8f4    00000044     servo.o (.text.Servo_Tick100us)
                  0000d938    00000040     gimbal_vision_pitch_tracker.o (.text.GimbalVisionPitchTracker_Init)
                  0000d978    00000040     ti_msp_dl_config.o (.text.SYSCFG_DL_SYSCTL_init)
                  0000d9b8    00000040     ti_msp_dl_config.o (.text.SYSCFG_DL_initPower)
                  0000d9f8    00000040     vision_receiver.o (.text.VisionReceiver_PushByteFromIsr)
                  0000da38    00000040     libclang_rt.builtins.a : aeabi_uidivmod.S.obj (.text.__aeabi_uidivmod)
                  0000da78    0000003e                            : divmoddi4.c.obj (.text.__divmoddi4)
                  0000dab6    00000002     --HOLE-- [fill = 0]
                  0000dab8    0000003c     emergency_stop.o (.text.EmergencyStop_Reset)
                  0000daf4    0000003c     gimbal_tracker.o (.text.GimbalTracker_ClearObservation)
                  0000db30    0000003c     servo.o (.text.Servo_SetAngleDeg)
                  0000db6c    0000003c     vision_tuning_console.o (.text.VisionTuningConsole_PushByteFromIsr)
                  0000dba8    0000003c     libclang_rt.builtins.a : floatsisf.S.obj (.text.__floatsisf)
                  0000dbe4    0000003c                            : comparesf2.S.obj (.text.__gtsf2)
                  0000dc20    0000003c     libc.a : autoinit.c.obj (.text:__TI_auto_init_nobinit_nopinit)
                  0000dc5c    0000003a     libclang_rt.builtins.a : comparesf2.S.obj (.text.__eqsf2)
                  0000dc96    00000002     --HOLE-- [fill = 0]
                  0000dc98    0000003a                            : muldsi3.S.obj (.text.__muldsi3)
                  0000dcd2    00000002     --HOLE-- [fill = 0]
                  0000dcd4    00000038     vision_receiver.o (.text.VisionReceiver_Init)
                  0000dd0c    00000038     libclang_rt.builtins.a : fixsfsi.S.obj (.text.__fixsfsi)
                  0000dd44    00000034     emergency_stop.o (.text.EmergencyStop_Trigger)
                  0000dd78    00000034     mission_manager.o (.text.MissionManager_Cancel)
                  0000ddac    00000034     oled.o (.text.OLED_SetCursor)
                  0000dde0    00000034     vision_tuning_console.o (.text.VisionTuningConsole_TryPopTxByte)
                  0000de14    00000034     vision_uart.o (.text.VisionUart_Process)
                  0000de48    00000034     obstacle_avoidance.o (.text.avoid_start)
                  0000de7c    00000032     oled.o (.text.OLED_PrintString)
                  0000deae    00000002     --HOLE-- [fill = 0]
                  0000deb0    00000030     fault.o (.text.Fault_Raise)
                  0000dee0    00000030     gimbal_vision_yaw_tracker.o (.text.GimbalVisionYawTracker_GetFeedback)
                  0000df10    00000030     gimbal.o (.text.Gimbal_PitchGetFeedback)
                  0000df40    00000030     key.o (.text.Key_Init)
                  0000df70    00000030     mission_manager.o (.text.MissionManager_Reset)
                  0000dfa0    00000030     mission_manager.o (.text.MissionManager_Resume)
                  0000dfd0    00000030     vision_pitch_tuning.o (.text.VisionPitchTuning_RestoreDefault)
                  0000e000    00000030     watchdog_monitor.o (.text.WatchdogMonitor_Init)
                  0000e030    00000030     gimbal_vision_yaw_tracker.o (.text.refresh_yaw_feedback)
                  0000e060    0000002c     encoder.o (.text.Encoder_Reset)
                  0000e08c    0000002c     track_sensor.o (.text.TrackSensor_CountBlack)
                  0000e0b8    0000002c     vision_yaw_tuning.o (.text.VisionYawTuning_RestoreDefault)
                  0000e0e4    0000002c     gimbal_vision_pitch_tracker.o (.text.speed_to_x10)
                  0000e110    00000028     obstacle_avoidance.o (.text.ObstacleAvoidance_Init)
                  0000e138    00000028     servo.o (.text.Servo_Init)
                  0000e160    00000028     vision_pitch_tuning.o (.text.VisionPitchTuning_Init)
                  0000e188    00000028     watchdog_monitor.o (.text.WatchdogMonitor_Reset)
                  0000e1b0    00000028     libclang_rt.builtins.a : floatunsisf.S.obj (.text.__floatunsisf)
                  0000e1d8    00000028     libc.a : memmov.c.obj (.text.memmove)
                  0000e200    00000028            : boot_cortex_m.c.obj (.text:_c_int00_noargs)
                  0000e228    00000024     emergency_stop.o (.text.EmergencyStop_Enforce)
                  0000e24c    00000024     gimbal_vision_pitch_tracker.o (.text.GimbalVisionPitchTracker_GetFeedback)
                  0000e270    00000024     mission_manager.o (.text.MissionManager_ReportExternalFailure)
                  0000e294    00000024     ti_msp_dl_config.o (.text.SYSCFG_DL_init)
                  0000e2b8    00000024     vision_yaw_tuning.o (.text.VisionYawTuning_Init)
                  0000e2dc    00000024     libclang_rt.builtins.a : muldi3.S.obj (.text.__muldi3)
                  0000e300    00000020     car_controller.o (.text.CarController_Stop)
                  0000e320    00000020     driverlib.a : dl_timer.o (.text.DL_Timer_overrideCCPOut)
                  0000e340    00000020     debug_telemetry.o (.text.DebugTelemetry_Update)
                  0000e360    00000020     mission_manager.o (.text.MissionManager_Pause)
                  0000e380    00000020     motion_action.o (.text.MotionAction_GetCurrentBypassDirection)
                  0000e3a0    00000020     motion_action.o (.text.MotionAction_GetCurrentObstaclePolicy)
                  0000e3c0    00000020     motion_action.o (.text.MotionAction_Init)
                  0000e3e0    00000020     empty.o (.text.SchedulerMonitor_GetStats)
                  0000e400    00000020     vision_receiver.o (.text.VisionReceiver_GetProtocolErrorCount)
                  0000e420    00000020     mission_manager.o (.text.mission_finish_error)
                  0000e440    0000001e     libclang_rt.builtins.a : ashldi3.S.obj (.text.__ashldi3)
                  0000e45e    00000002     --HOLE-- [fill = 0]
                  0000e460    0000001c     driverlib.a : dl_timer.o (.text.DL_Timer_setCaptCompUpdateMethod)
                  0000e47c    0000001c                 : dl_timer.o (.text.DL_Timer_setClockConfig)
                  0000e498    0000001c     gimbal_vision_adapter.o (.text.GimbalVisionAdapter_Init)
                  0000e4b4    0000001c     imu.o (.text.Imu_IsReady)
                  0000e4d0    0000001c     menu.o (.text.Menu_Init)
                  0000e4ec    0000001c     obstacle_monitor.o (.text.ObstacleMonitor_Init)
                  0000e508    0000001c     obstacle_safety.o (.text.ObstacleSafety_Init)
                  0000e524    0000001c     vision_pitch_tuning.o (.text.VisionPitchTuning_ParamName)
                  0000e540    0000001c     vision_yaw_tuning.o (.text.VisionYawTuning_GetSnapshot)
                  0000e55c    0000001c     vision_yaw_tuning.o (.text.VisionYawTuning_ParamName)
                  0000e578    0000001c     watchdog_monitor.o (.text.WatchdogMonitor_NotifyControlCycleComplete)
                  0000e594    0000001c     mission_manager.o (.text.mission_finish_success)
                  0000e5b0    00000018     car_controller.o (.text.CarController_RunModeToString)
                  0000e5c8    00000018     driverlib.a : dl_timer.o (.text.DL_Timer_setCaptureCompareOutCtl)
                  0000e5e0    00000018     debug_telemetry.o (.text.DebugTelemetry_Init)
                  0000e5f8    00000018     heading_control.o (.text.HeadingControl_LockCurrentYaw)
                  0000e610    00000018     heading_control.o (.text.HeadingControl_SetTargetYaw)
                  0000e628    00000018     menu.o (.text.Menu_ParamItemToString)
                  0000e640    00000018     mission_library.o (.text.MissionLibrary_FindById)
                  0000e658    00000018     motion_action.o (.text.MotionAction_Cancel)
                  0000e670    00000018     runtime_snapshot.o (.text.RuntimeSnapshot_Init)
                  0000e688    00000014     fault.o (.text.Fault_Clear)
                  0000e69c    00000014     fault.o (.text.Fault_Init)
                  0000e6b0    00000014     empty.o (.text.GROUP1_IRQHandler)
                  0000e6c4    00000014     gimbal_stepper.o (.text.GimbalStepper_SetStepHalfPeriodTicks)
                  0000e6d8    00000014     heading_control.o (.text.HeadingControl_Enable)
                  0000e6ec    00000014     heading_control.o (.text.HeadingControl_Init)
                  0000e700    00000014     heading_control.o (.text.HeadingControl_Reset)
                  0000e714    00000014     mission_library.o (.text.MissionLibrary_GetByIndex)
                  0000e728    00000014     mission_manager.o (.text.MissionManager_GetSelectedMissionId)
                  0000e73c    00000014     vision_pitch_tuning.o (.text.VisionPitchTuning_GetSnapshot)
                  0000e750    00000014     vision_uart.o (.text.VisionUart_Init)
                  0000e764    00000014     libclang_rt.builtins.a : aeabi_ldivmod.S.obj (.text.__aeabi_ldivmod)
                  0000e778    00000014                            : aeabi_uldivmod.S.obj (.text.__aeabi_uldivmod)
                  0000e78c    00000012     driverlib.a : dl_uart.o (.text.DL_UART_setClockConfig)
                  0000e79e    00000012     libc.a : copy_decompress_none.c.obj (.text:decompress:none)
                  0000e7b0    00000010     driverlib.a : dl_timer.o (.text.DL_Timer_setCaptureCompareValue)
                  0000e7c0    00000010     gimbal.o (.text.Gimbal_YawGetFeedback)
                  0000e7d0    00000010     key.o (.text.Key_GetEvent)
                  0000e7e0    00000010     obstacle_avoidance.o (.text.ObstacleAvoidance_IsResumeGraceActive)
                  0000e7f0    00000010     libc.a : copy_zero_init.c.obj (.text:decompress:ZI)
                  0000e800    0000000c     car_controller.o (.text.CarController_IsSafetyHoldActive)
                  0000e80c    0000000c     car_state.o (.text.CarState_Get)
                  0000e818    0000000c     car_state.o (.text.CarState_Init)
                  0000e824    0000000c     car_state.o (.text.CarState_Set)
                  0000e830    0000000c     emergency_stop.o (.text.EmergencyStop_Init)
                  0000e83c    0000000c     emergency_stop.o (.text.EmergencyStop_IsActive)
                  0000e848    0000000c     gimbal_vision_adapter.o (.text.GimbalVisionAdapter_GetObservation)
                  0000e854    0000000c     gimbal.o (.text.Gimbal_Tick100us)
                  0000e860    0000000c     gimbal.o (.text.Gimbal_Update5ms)
                  0000e86c    0000000c     imu.o (.text.Imu_GetCorrectedGyroZDps)
                  0000e878    0000000c     imu.o (.text.Imu_GetYaw)
                  0000e884    0000000c     imu.o (.text.Imu_ResetYaw)
                  0000e890    0000000c     menu.o (.text.Menu_GetPage)
                  0000e89c    0000000c     menu.o (.text.Menu_GetParamItem)
                  0000e8a8    0000000c     mission_manager.o (.text.MissionManager_IsExternallyHeld)
                  0000e8b4    0000000c     mission_manager.o (.text.MissionManager_SetExternalHold)
                  0000e8c0    0000000c     obstacle_avoidance.o (.text.ObstacleAvoidance_IsActive)
                  0000e8cc    0000000c     obstacle_avoidance.o (.text.ObstacleAvoidance_IsFailed)
                  0000e8d8    0000000c     obstacle_safety.o (.text.ObstacleSafety_IsHolding)
                  0000e8e4    0000000c     oled_ui.o (.text.OledUi_Init)
                  0000e8f0    0000000c     empty.o (.text.SystemTime_GetMs)
                  0000e8fc    0000000c     watchdog_monitor.o (.text.WatchdogMonitor_HasTripped)
                  0000e908    0000000c     libclang_rt.builtins.a : aeabi_memset.S.obj (.text.__aeabi_memclr)
                  0000e914    0000000a     driverlib.a : dl_common.o (.text.DL_Common_delayCycles)
                  0000e91e    0000000a     track_sensor.o (.text.TrackSensor_IsCenterDetected)
                  0000e928    0000000a     track_sensor.o (.text.TrackSensor_IsLineDetected)
                  0000e932    0000000a     track_sensor.o (.text.TrackSensor_IsLineLost)
                  0000e93c    00000008     car_controller.o (.text.CarController_GetFeedback)
                  0000e944    00000008     fault.o (.text.Fault_GetRecord)
                  0000e94c    00000008     gimbal_stepper.o (.text.GimbalStepper_GetFeedback)
                  0000e954    00000008     gimbal_vision_adapter.o (.text.GimbalVisionAdapter_GetFeedback)
                  0000e95c    00000008     gimbal.o (.text.Gimbal_PitchStopTrackingHold)
                  0000e964    00000008     heading_control.o (.text.HeadingControl_GetRuntime)
                  0000e96c    00000008     imu.o (.text.Imu_GetRuntime)
                  0000e974    00000008     mission_manager.o (.text.MissionManager_GetMissionCount)
                  0000e97c    00000008     mission_manager.o (.text.MissionManager_GetRuntime)
                  0000e984    00000008     motion_action.o (.text.MotionAction_GetRuntime)
                  0000e98c    00000008     obstacle_avoidance.o (.text.ObstacleAvoidance_GetFeedback)
                  0000e994    00000008     obstacle_monitor.o (.text.ObstacleMonitor_GetFeedback)
                  0000e99c    00000008     servo.o (.text.Servo_GetFeedback)
                  0000e9a4    00000008     ultrasonic.o (.text.Ultrasonic_GetFeedback)
                  0000e9ac    00000008     vision_pitch_tuning.o (.text.VisionPitchTuning_GetStatus)
                  0000e9b4    00000008     vision_receiver.o (.text.VisionReceiver_GetObservation)
                  0000e9bc    00000008     vision_receiver.o (.text.VisionReceiver_GetStatus)
                  0000e9c4    00000008     vision_tuning_console.o (.text.VisionTuningConsole_GetStatus)
                  0000e9cc    00000008     watchdog_monitor.o (.text.WatchdogMonitor_GetStatus)
                  0000e9d4    00000008     wheel_speed_estimator.o (.text.WheelSpeedEstimator_GetRuntime)
                  0000e9dc    00000008     libclang_rt.builtins.a : aeabi_memcpy.S.obj (.text.__aeabi_memcpy)
                  0000e9e4    00000008                            : aeabi_memmove.S.obj (.text.__aeabi_memmove)
                  0000e9ec    00000006     libc.a : exit.c.obj (.text:abort)
                  0000e9f2    00000004     libsysbm.a : hostexit.c.obj (.text.HOSTexit)
                  0000e9f6    00000004     mission_library.o (.text.MissionLibrary_GetCount)
                  0000e9fa    00000004     startup_mspm0g350x_ticlang.o (.text.Reset_Handler)
                  0000e9fe    00000004     libc.a : pre_init.c.obj (.text._system_pre_init)
                  0000ea02    0000000e     --HOLE-- [fill = 0]

.cinit     0    0000f2d8    00000030     
                  0000f2d8    0000000c     (__TI_handler_table)
                  0000f2e4    00000008     (.cinit..bss.load) [load image, compression = zero_init]
                  0000f2ec    00000005     (.cinit..data.load) [load image, compression = lzss]
                  0000f2f1    00000003     --HOLE-- [fill = 0]
                  0000f2f4    00000010     (__TI_cinit_table)
                  0000f304    00000004     --HOLE-- [fill = 0]

.rodata    0    0000ea10    000008c8     
                  0000ea10    000000d8     oled.o (.rodata..Lswitch.table.OLED_PrintChar)
                  0000eae8    000000a8     mission_library.o (.rodata.g_missionMapA)
                  0000eb90    000000a8     mission_library.o (.rodata.g_missionMapB)
                  0000ec38    00000078     mission_library.o (.rodata.g_missionMapC)
                  0000ecb0    00000030     oled_ui.o (.rodata..Lswitch.table.OledUi_Update_20ms.156)
                  0000ece0    00000030     mission_library.o (.rodata.g_missionRegistry)
                  0000ed10    00000024     menu.o (.rodata..Lswitch.table.Menu_ParamItemToString)
                  0000ed34    00000024     oled_ui.o (.rodata..Lswitch.table.OledUi_Update_20ms.160)
                  0000ed58    00000024     oled_ui.o (.rodata..Lswitch.table.OledUi_Update_20ms.162)
                  0000ed7c    00000020     oled_ui.o (.rodata..Lswitch.table.OledUi_Update_20ms.161)
                  0000ed9c    0000001c     car_controller.o (.rodata..Lswitch.table.CarController_RunModeToString)
                  0000edb8    0000001c     vision_tuning_console.o (.rodata.str1.1836208005852235077.1)
                  0000edd4    00000018     oled_ui.o (.rodata..Lswitch.table.OledUi_Update_20ms.163)
                  0000edec    00000018     vision_pitch_tuning.o (.rodata..Lswitch.table.VisionPitchTuning_ParamName)
                  0000ee04    00000014     vision_yaw_tuning.o (.rodata..Lswitch.table.VisionYawTuning_ParamName)
                  0000ee18    0000000e     oled_ui.o (.rodata.str1.10416366799939242409.1)
                  0000ee26    00000002     ti_msp_dl_config.o (.rodata.gUART_VISIONClockConfig)
                  0000ee28    0000000c     mission_library.o (.rodata..Lswitch.table.MissionLibrary_FindById)
                  0000ee34    0000000c     oled_ui.o (.rodata..Lswitch.table.OledUi_Update_20ms.155)
                  0000ee40    0000000c     oled_ui.o (.rodata..Lswitch.table.OledUi_Update_20ms.157)
                  0000ee4c    0000000b     menu.o (.rodata..Lswitch.table.Menu_HandleKeyEvent)
                  0000ee57    00000001     --HOLE-- [fill = 0]
                  0000ee58    0000000a     ti_msp_dl_config.o (.rodata.gUART_VISIONConfig)
                  0000ee62    0000000a     vision_tuning_console.o (.rodata.str1.4859846923128959820.1)
                  0000ee6c    0000000a     vision_tuning_console.o (.rodata.str1.7225688704195888286.1)
                  0000ee76    00000009     oled_ui.o (.rodata.str1.15008238333949226094.1)
                  0000ee7f    00000001     --HOLE-- [fill = 0]
                  0000ee80    00000008     ti_msp_dl_config.o (.rodata.gPWM_MOTORConfig)
                  0000ee88    00000008     vision_tuning_console.o (.rodata.str1.11718269490974306969.1)
                  0000ee90    00000008     oled_ui.o (.rodata.str1.15613891207764622616.1)
                  0000ee98    00000008     oled_ui.o (.rodata.str1.17763996158807330232.1)
                  0000eea0    00000008     vision_tuning_console.o (.rodata.str1.3293472937029561918.1)
                  0000eea8    00000008     oled_ui.o (.rodata.str1.35417727660486075.1)
                  0000eeb0    00000008     oled_ui.o (.rodata.str1.7774807581888385879.1)
                  0000eeb8    00000007     vision_tuning_console.o (.rodata.str1.10860306953068020798.1)
                  0000eebf    00000007     oled_ui.o (.rodata.str1.13882251010780863896.1)
                  0000eec6    00000007     oled_ui.o (.rodata.str1.17242430504649735449.1)
                  0000eecd    00000007     oled_ui.o (.rodata.str1.4193589846040060630.1)
                  0000eed4    00000006     menu.o (.rodata..Lswitch.table.Menu_HandleKeyEvent.10)
                  0000eeda    00000006     vision_tuning_console.o (.rodata.str1.10319329813075420582.1)
                  0000eee0    00000006     oled_ui.o (.rodata.str1.11627403558423016802.1)
                  0000eee6    00000006     oled_ui.o (.rodata.str1.12983537867572525563.1)
                  0000eeec    00000006     mission_library.o (.rodata.str1.13636476544574750902.1)
                  0000eef2    00000006     oled_ui.o (.rodata.str1.14358698208395374265.1)
                  0000eef8    00000006     oled_ui.o (.rodata.str1.1445687256832830955.1)
                  0000eefe    00000006     mission_library.o (.rodata.str1.15668266851434757964.1)
                  0000ef04    00000006     mission_library.o (.rodata.str1.199678142196697465.1)
                  0000ef0a    00000006     oled_ui.o (.rodata.str1.3455423528827705371.1)
                  0000ef10    00000006     oled_ui.o (.rodata.str1.3702290527496711532.1)
                  0000ef16    00000006     vision_tuning_console.o (.rodata.str1.4028100529439820245.1)
                  0000ef1c    00000006     oled_ui.o (.rodata.str1.6350830172869379626.1)
                  0000ef22    00000006     oled_ui.o (.rodata.str1.8449035241871861290.1)
                  0000ef28    00000006     oled_ui.o (.rodata.str1.8783421139296713095.1)
                  0000ef2e    00000006     oled_ui.o (.rodata.str1.9250665025187963892.1)
                  0000ef34    00000006     oled_ui.o (.rodata.str1.9295666102996717355.1)
                  0000ef3a    00000006     oled_ui.o (.rodata.str1.9554470707595806150.1)
                  0000ef40    00000005     oled.o (.rodata.oled_get_glyph.colon)
                  0000ef45    00000005     oled.o (.rodata.oled_get_glyph.eight)
                  0000ef4a    00000005     oled.o (.rodata.oled_get_glyph.five)
                  0000ef4f    00000005     oled.o (.rodata.oled_get_glyph.four)
                  0000ef54    00000005     oled.o (.rodata.oled_get_glyph.glyphA)
                  0000ef59    00000005     oled.o (.rodata.oled_get_glyph.glyphB)
                  0000ef5e    00000005     oled.o (.rodata.oled_get_glyph.glyphC)
                  0000ef63    00000005     oled.o (.rodata.oled_get_glyph.glyphD)
                  0000ef68    00000005     oled.o (.rodata.oled_get_glyph.glyphE)
                  0000ef6d    00000005     oled.o (.rodata.oled_get_glyph.glyphG)
                  0000ef72    00000005     oled.o (.rodata.oled_get_glyph.glyphH)
                  0000ef77    00000005     oled.o (.rodata.oled_get_glyph.glyphI)
                  0000ef7c    00000005     oled.o (.rodata.oled_get_glyph.glyphK)
                  0000ef81    00000005     oled.o (.rodata.oled_get_glyph.glyphL)
                  0000ef86    00000005     oled.o (.rodata.oled_get_glyph.glyphM)
                  0000ef8b    00000005     oled.o (.rodata.oled_get_glyph.glyphN)
                  0000ef90    00000005     oled.o (.rodata.oled_get_glyph.glyphO)
                  0000ef95    00000005     oled.o (.rodata.oled_get_glyph.glyphP)
                  0000ef9a    00000005     oled.o (.rodata.oled_get_glyph.glyphR)
                  0000ef9f    00000005     oled.o (.rodata.oled_get_glyph.glyphS)
                  0000efa4    00000005     oled.o (.rodata.oled_get_glyph.glyphT)
                  0000efa9    00000005     oled.o (.rodata.oled_get_glyph.glyphU)
                  0000efae    00000005     oled.o (.rodata.oled_get_glyph.glyphV)
                  0000efb3    00000005     oled.o (.rodata.oled_get_glyph.glyphW)
                  0000efb8    00000005     oled.o (.rodata.oled_get_glyph.glyphX)
                  0000efbd    00000005     oled.o (.rodata.oled_get_glyph.glyphY)
                  0000efc2    00000005     oled.o (.rodata.oled_get_glyph.glyphb)
                  0000efc7    00000005     oled.o (.rodata.oled_get_glyph.gt)
                  0000efcc    00000005     oled.o (.rodata.oled_get_glyph.minus)
                  0000efd1    00000005     oled.o (.rodata.oled_get_glyph.nine)
                  0000efd6    00000005     oled.o (.rodata.oled_get_glyph.one)
                  0000efdb    00000005     oled.o (.rodata.oled_get_glyph.seven)
                  0000efe0    00000005     oled.o (.rodata.oled_get_glyph.six)
                  0000efe5    00000005     oled.o (.rodata.oled_get_glyph.space)
                  0000efea    00000005     oled.o (.rodata.oled_get_glyph.three)
                  0000efef    00000005     oled.o (.rodata.oled_get_glyph.two)
                  0000eff4    00000005     oled.o (.rodata.oled_get_glyph.zero)
                  0000eff9    00000005     oled_ui.o (.rodata.str1.11178346780556493352.1)
                  0000effe    00000005     oled_ui.o (.rodata.str1.11428648044669318875.1)
                  0000f003    00000005     oled_ui.o (.rodata.str1.12043213579996415112.1)
                  0000f008    00000005     oled_ui.o (.rodata.str1.12888220461447056082.1)
                  0000f00d    00000005     oled_ui.o (.rodata.str1.13271657277589579873.1)
                  0000f012    00000005     vision_pitch_tuning.o (.rodata.str1.13915893147848268398.1)
                  0000f017    00000005     oled_ui.o (.rodata.str1.14134189893851348960.1)
                  0000f01c    00000005     fault.o (.rodata.str1.14435905801345341244.1)
                  0000f021    00000005     fault.o (.rodata.str1.1506612114648992996.1)
                  0000f026    00000005     oled_ui.o (.rodata.str1.15577080202403550426.1)
                  0000f02b    00000005     oled_ui.o (.rodata.str1.15817398807211891688.1)
                  0000f030    00000005     oled_ui.o (.rodata.str1.15859922799842739878.1)
                  0000f035    00000005     oled_ui.o (.rodata.str1.15935041339501476673.1)
                  0000f03a    00000005     car_controller.o (.rodata.str1.1652194605229746967.1)
                  0000f03f    00000005     oled_ui.o (.rodata.str1.16526439943277383452.1)
                  0000f044    00000005     oled_ui.o (.rodata.str1.16554583589798097927.1)
                  0000f049    00000005     fault.o (.rodata.str1.17097894860660336008.1)
                  0000f04e    00000005     fault.o (.rodata.str1.17155043670132108083.1)
                  0000f053    00000005     vision_tuning_console.o (.rodata.str1.17265544270347038021.1)
                  0000f058    00000005     oled_ui.o (.rodata.str1.17274519358952562110.1)
                  0000f05d    00000005     oled_ui.o (.rodata.str1.17540787658903907660.1)
                  0000f062    00000005     fault.o (.rodata.str1.2104670281202025270.1)
                  0000f067    00000005     oled_ui.o (.rodata.str1.2193316011307952170.1)
                  0000f06c    00000005     oled_ui.o (.rodata.str1.2308938766145545715.1)
                  0000f071    00000005     oled_ui.o (.rodata.str1.2983744876309220570.1)
                  0000f076    00000005     oled_ui.o (.rodata.str1.4082595774073207366.1)
                  0000f07b    00000005     car_controller.o (.rodata.str1.4164979912472006574.1)
                  0000f080    00000005     fault.o (.rodata.str1.4453281041433270631.1)
                  0000f085    00000005     oled_ui.o (.rodata.str1.4581472623415959594.1)
                  0000f08a    00000005     oled_ui.o (.rodata.str1.4581686099848791648.1)
                  0000f08f    00000005     menu.o (.rodata.str1.4862307748908978627.1)
                  0000f094    00000005     oled_ui.o (.rodata.str1.5463568455719735.1)
                  0000f099    00000005     oled_ui.o (.rodata.str1.5689016102676777062.1)
                  0000f09e    00000005     oled_ui.o (.rodata.str1.58703915094955230.1)
                  0000f0a3    00000005     fault.o (.rodata.str1.6372787129294360447.1)
                  0000f0a8    00000005     fault.o (.rodata.str1.6437946768974223044.1)
                  0000f0ad    00000005     oled_ui.o (.rodata.str1.6473435968988645044.1)
                  0000f0b2    00000005     oled_ui.o (.rodata.str1.6806727740681590176.1)
                  0000f0b7    00000005     oled_ui.o (.rodata.str1.7050595558965647569.1)
                  0000f0bc    00000005     oled_ui.o (.rodata.str1.7419768602719733415.1)
                  0000f0c1    00000005     vision_yaw_tuning.o (.rodata.str1.7764041101441114269.1)
                  0000f0c6    00000005     oled_ui.o (.rodata.str1.8124536758062367015.1)
                  0000f0cb    00000005     fault.o (.rodata.str1.8185770893384132067.1)
                  0000f0d0    00000005     oled_ui.o (.rodata.str1.8426569189266129334.1)
                  0000f0d5    00000005     oled_ui.o (.rodata.str1.8471462185882660445.1)
                  0000f0da    00000005     oled_ui.o (.rodata.str1.8950259614286592359.1)
                  0000f0df    00000005     oled_ui.o (.rodata.str1.9159586779647977165.1)
                  0000f0e4    00000005     car_controller.o (.rodata.str1.9234375891235759983.1)
                  0000f0e9    00000005     oled_ui.o (.rodata.str1.9611283282870761829.1)
                  0000f0ee    00000005     car_controller.o (.rodata.str1.9981487771679760427.1)
                  0000f0f3    00000004     oled_ui.o (.rodata.str1.1019225241002246410.1)
                  0000f0f7    00000004     oled_ui.o (.rodata.str1.10263419832828250601.1)
                  0000f0fb    00000004     oled_ui.o (.rodata.str1.10430294223631918979.1)
                  0000f0ff    00000004     oled_ui.o (.rodata.str1.10568433575767188072.1)
                  0000f103    00000004     oled_ui.o (.rodata.str1.10907125332684471422.1)
                  0000f107    00000004     oled_ui.o (.rodata.str1.1108652269057166745.1)
                  0000f10b    00000004     oled_ui.o (.rodata.str1.11149198520117834688.1)
                  0000f10f    00000004     oled_ui.o (.rodata.str1.11232419324784801130.1)
                  0000f113    00000004     menu.o (.rodata.str1.12110183915172842339.1)
                  0000f117    00000004     oled_ui.o (.rodata.str1.12182588061437138428.1)
                  0000f11b    00000004     car_controller.o (.rodata.str1.12442237994239546032.1)
                  0000f11f    00000004     oled_ui.o (.rodata.str1.12617122458660443890.1)
                  0000f123    00000004     oled_ui.o (.rodata.str1.12697925274637991987.1)
                  0000f127    00000004     oled_ui.o (.rodata.str1.1276391367487699528.1)
                  0000f12b    00000004     oled_ui.o (.rodata.str1.12928245060369742404.1)
                  0000f12f    00000004     menu.o (.rodata.str1.13124720451672825294.1)
                  0000f133    00000004     oled_ui.o (.rodata.str1.13244290092665904221.1)
                  0000f137    00000004     oled_ui.o (.rodata.str1.13750180467131823662.1)
                  0000f13b    00000004     oled_ui.o (.rodata.str1.13875148296791986931.1)
                  0000f13f    00000004     vision_tuning_console.o (.rodata.str1.14084955404328172175.1)
                  0000f143    00000004     menu.o (.rodata.str1.14098755746347272832.1)
                  0000f147    00000004     oled_ui.o (.rodata.str1.14265077442249237877.1)
                  0000f14b    00000004     oled_ui.o (.rodata.str1.14711868471336838103.1)
                  0000f14f    00000004     oled_ui.o (.rodata.str1.14740362735394205067.1)
                  0000f153    00000004     oled_ui.o (.rodata.str1.14774750633985060196.1)
                  0000f157    00000004     oled_ui.o (.rodata.str1.15132332204781002199.1)
                  0000f15b    00000004     oled_ui.o (.rodata.str1.15575624326185233262.1)
                  0000f15f    00000004     oled_ui.o (.rodata.str1.15829239520183577662.1)
                  0000f163    00000004     oled_ui.o (.rodata.str1.15917848551323629232.1)
                  0000f167    00000004     oled_ui.o (.rodata.str1.16290499236105125126.1)
                  0000f16b    00000004     oled_ui.o (.rodata.str1.16411631209783952401.1)
                  0000f16f    00000004     fault.o (.rodata.str1.16482347271627360806.1)
                  0000f173    00000004     vision_pitch_tuning.o (.rodata.str1.16579632732967443104.1)
                  0000f177    00000004     oled_ui.o (.rodata.str1.16635595130967924751.1)
                  0000f17b    00000004     oled_ui.o (.rodata.str1.16849766574302683489.1)
                  0000f17f    00000004     oled_ui.o (.rodata.str1.16895433903389883335.1)
                  0000f183    00000004     oled_ui.o (.rodata.str1.16931641404301806744.1)
                  0000f187    00000004     oled_ui.o (.rodata.str1.16939060351352778619.1)
                  0000f18b    00000004     menu.o (.rodata.str1.17041139162815566052.1)
                  0000f18f    00000004     car_controller.o (.rodata.str1.17172356789460551389.1)
                  0000f193    00000004     oled_ui.o (.rodata.str1.17436941090773226089.1)
                  0000f197    00000004     oled_ui.o (.rodata.str1.17464849429964608858.1)
                  0000f19b    00000004     oled_ui.o (.rodata.str1.17717236995185551183.1)
                  0000f19f    00000004     oled_ui.o (.rodata.str1.17881291656140238186.1)
                  0000f1a3    00000004     oled_ui.o (.rodata.str1.17884296644359297425.1)
                  0000f1a7    00000004     car_controller.o (.rodata.str1.18191498530309206443.1)
                  0000f1ab    00000004     oled_ui.o (.rodata.str1.182352409660151230.1)
                  0000f1af    00000004     oled_ui.o (.rodata.str1.18266126048138325213.1)
                  0000f1b3    00000004     oled_ui.o (.rodata.str1.18379317056176403938.1)
                  0000f1b7    00000004     oled_ui.o (.rodata.str1.240075016795266086.1)
                  0000f1bb    00000004     oled_ui.o (.rodata.str1.2522137003438374266.1)
                  0000f1bf    00000004     oled_ui.o (.rodata.str1.2603845803395459882.1)
                  0000f1c3    00000004     oled_ui.o (.rodata.str1.2608729314174233125.1)
                  0000f1c7    00000004     oled_ui.o (.rodata.str1.2742282290834473644.1)
                  0000f1cb    00000004     oled_ui.o (.rodata.str1.3407221357956504873.1)
                  0000f1cf    00000004     oled_ui.o (.rodata.str1.3467953211977455017.1)
                  0000f1d3    00000004     oled_ui.o (.rodata.str1.4402311448527872260.1)
                  0000f1d7    00000004     fault.o (.rodata.str1.4549004730087743662.1)
                  0000f1db    00000004     oled_ui.o (.rodata.str1.4610220316623841660.1)
                  0000f1df    00000004     oled_ui.o (.rodata.str1.4932371652560868037.1)
                  0000f1e3    00000004     oled_ui.o (.rodata.str1.5004483696121082904.1)
                  0000f1e7    00000004     menu.o (.rodata.str1.5155000645726596423.1)
                  0000f1eb    00000004     oled_ui.o (.rodata.str1.5291836437463020264.1)
                  0000f1ef    00000004     oled_ui.o (.rodata.str1.5853739094453432564.1)
                  0000f1f3    00000004     oled_ui.o (.rodata.str1.5965450730569173784.1)
                  0000f1f7    00000004     oled_ui.o (.rodata.str1.5965888106848176421.1)
                  0000f1fb    00000004     oled_ui.o (.rodata.str1.6954814719705590448.1)
                  0000f1ff    00000004     car_controller.o (.rodata.str1.702403006289709404.1)
                  0000f203    00000004     oled_ui.o (.rodata.str1.7219546930854689545.1)
                  0000f207    00000004     fault.o (.rodata.str1.7255546073596598018.1)
                  0000f20b    00000004     oled_ui.o (.rodata.str1.8236579331345056500.1)
                  0000f20f    00000004     oled_ui.o (.rodata.str1.8399051469953744892.1)
                  0000f213    00000004     oled_ui.o (.rodata.str1.8403269972884532600.1)
                  0000f217    00000004     oled_ui.o (.rodata.str1.8693388333057100694.1)
                  0000f21b    00000004     oled_ui.o (.rodata.str1.8709745090823444516.1)
                  0000f21f    00000004     oled_ui.o (.rodata.str1.9102528229756940648.1)
                  0000f223    00000004     oled_ui.o (.rodata.str1.9229350655415085.1)
                  0000f227    00000004     vision_tuning_console.o (.rodata.str1.9292707793305368794.1)
                  0000f22b    00000004     vision_yaw_tuning.o (.rodata.str1.9489746196023004463.1)
                  0000f22f    00000004     menu.o (.rodata.str1.9546740394641817443.1)
                  0000f233    00000004     oled_ui.o (.rodata.str1.967006512144173535.1)
                  0000f237    00000004     oled_ui.o (.rodata.str1.9822857334037886482.1)
                  0000f23b    00000004     oled_ui.o (.rodata.str1.9854382722193312766.1)
                  0000f23f    00000004     oled_ui.o (.rodata.str1.9992244628984851027.1)
                  0000f243    00000003     ti_msp_dl_config.o (.rodata.gPWM_MOTORClockConfig)
                  0000f246    00000003     oled_ui.o (.rodata.str1.10077435089618835710.1)
                  0000f249    00000003     vision_pitch_tuning.o (.rodata.str1.10553819018306626402.1)
                  0000f24c    00000003     oled_ui.o (.rodata.str1.11794000050372113979.1)
                  0000f24f    00000003     vision_tuning_console.o (.rodata.str1.12197883643583142124.1)
                  0000f252    00000003     oled_ui.o (.rodata.str1.12359577037488465078.1)
                  0000f255    00000003     oled_ui.o (.rodata.str1.12493748764729730277.1)
                  0000f258    00000003     oled_ui.o (.rodata.str1.12595606217184830646.1)
                  0000f25b    00000003     oled_ui.o (.rodata.str1.130772507669342127.1)
                  0000f25e    00000003     oled_ui.o (.rodata.str1.13567883086814673087.1)
                  0000f261    00000003     oled_ui.o (.rodata.str1.13790669171379415506.1)
                  0000f264    00000003     oled_ui.o (.rodata.str1.13871579367539052597.1)
                  0000f267    00000003     oled_ui.o (.rodata.str1.14521350379984854626.1)
                  0000f26a    00000003     oled_ui.o (.rodata.str1.14556837007311414654.1)
                  0000f26d    00000003     vision_pitch_tuning.o (.rodata.str1.15082469624955958926.1)
                  0000f270    00000003     vision_yaw_tuning.o (.rodata.str1.15455206247194842411.1)
                  0000f273    00000003     oled_ui.o (.rodata.str1.15802367878353263018.1)
                  0000f276    00000003     menu.o (.rodata.str1.16312125044762562515.1)
                  0000f279    00000003     vision_tuning_console.o (.rodata.str1.16336339630363933256.1)
                  0000f27c    00000003     oled_ui.o (.rodata.str1.16496169091617228061.1)
                  0000f27f    00000003     vision_pitch_tuning.o (.rodata.str1.17185918124541117546.1)
                  0000f282    00000003     oled_ui.o (.rodata.str1.17763087492223448992.1)
                  0000f285    00000003     oled_ui.o (.rodata.str1.17812014771544466701.1)
                  0000f288    00000003     vision_pitch_tuning.o (.rodata.str1.18308346119964257230.1)
                  0000f28b    00000003     oled_ui.o (.rodata.str1.1974573040514735405.1)
                  0000f28e    00000003     vision_pitch_tuning.o (.rodata.str1.2353024170771920291.1)
                  0000f291    00000003     oled_ui.o (.rodata.str1.2656948373757303877.1)
                  0000f294    00000003     oled_ui.o (.rodata.str1.270145429241168923.1)
                  0000f297    00000003     oled_ui.o (.rodata.str1.3025253791635144717.1)
                  0000f29a    00000003     vision_yaw_tuning.o (.rodata.str1.4032468970572441659.1)
                  0000f29d    00000003     oled_ui.o (.rodata.str1.4582914374586912483.1)
                  0000f2a0    00000003     menu.o (.rodata.str1.4646809750356241979.1)
                  0000f2a3    00000003     oled_ui.o (.rodata.str1.4691821198597473371.1)
                  0000f2a6    00000003     oled_ui.o (.rodata.str1.5376340479846291137.1)
                  0000f2a9    00000003     vision_yaw_tuning.o (.rodata.str1.6393086909333857079.1)
                  0000f2ac    00000003     vision_yaw_tuning.o (.rodata.str1.6657421771701333087.1)
                  0000f2af    00000003     menu.o (.rodata.str1.6857549598058878762.1)
                  0000f2b2    00000003     oled_ui.o (.rodata.str1.7185587941321649510.1)
                  0000f2b5    00000003     oled_ui.o (.rodata.str1.7481335054564682966.1)
                  0000f2b8    00000003     oled_ui.o (.rodata.str1.8018480777946742726.1)
                  0000f2bb    00000003     fault.o (.rodata.str1.8193046109637024842.1)
                  0000f2be    00000003     oled_ui.o (.rodata.str1.8460525935980491721.1)
                  0000f2c1    00000003     oled_ui.o (.rodata.str1.9351772214919528733.1)
                  0000f2c4    00000003     oled_ui.o (.rodata.str1.9544068167406571052.1)
                  0000f2c7    00000003     oled_ui.o (.rodata.str1.9584387800903135389.1)
                  0000f2ca    00000002     oled_ui.o (.rodata.str1.10509309789429088155.1)
                  0000f2cc    00000002     oled_ui.o (.rodata.str1.12571791089077708471.1)
                  0000f2ce    00000002     oled_ui.o (.rodata.str1.4723632947289500520.1)
                  0000f2d0    00000002     oled_ui.o (.rodata.str1.6835749436006845616.1)
                  0000f2d2    00000002     oled_ui.o (.rodata.str1.9646571805098343045.1)
                  0000f2d4    00000004     --HOLE-- [fill = 0]

.init_array 
*          0    00000000    00000000     UNINITIALIZED

.binit     0    00000000    00000000     

.bss       0    20200000    00000aa0     UNINITIALIZED
                  20200000    00000200     vision_receiver.o (.bss.g_ring)
                  20200200    00000100     vision_tuning_console.o (.bss.g_rxRing)
                  20200300    00000100     vision_tuning_console.o (.bss.g_txRing)
                  20200400    00000098     runtime_snapshot.o (.bss.g_snapshot)
                  20200498    00000074     (.common:g_appConfig)
                  2020050c    00000058     vision_receiver.o (.bss.g_status)
                  20200564    00000004     gimbal_tracker.o (.bss.g_filteredErrorX)
                  20200568    00000058     (.common:g_wheelSpeedEstimatorRuntime)
                  202005c0    00000048     gimbal_vision_adapter.o (.bss.g_feedback)
                  20200608    00000040     gimbal.o (.bss.g_feedback)
                  20200648    00000040     vision_tuning_console.o (.bss.g_line)
                  20200688    00000040     gimbal.o (.bss.g_pitchFeedback)
                  202006c8    00000040     (.common:g_appRuntime)
                  20200708    00000030     (.common:gUART_VISIONBackup)
                  20200738    0000002c     vision_receiver.o (.bss.g_observation)
                  20200764    0000002c     empty.o (.bss.g_schedulerStats)
                  20200790    00000028     gimbal_tracker.o (.bss.g_feedback)
                  202007b8    00000028     vision_receiver.o (.bss.g_frame)
                  202007e0    00000028     (.common:g_imuRuntime)
                  20200808    00000024     gimbal_vision_yaw_tracker.o (.bss.g_feedback)
                  2020082c    00000020     mission_manager.o (.bss.g_missionRuntime)
                  2020084c    00000018     obstacle_avoidance.o (.bss.g_avoidFeedback)
                  20200864    00000004     gimbal_tracker.o (.bss.g_filteredErrorY)
                  20200868    00000018     gimbal_stepper.o (.bss.g_feedback)
                  20200880    00000018     gimbal_vision_pitch_tracker.o (.bss.g_feedback)
                  20200898    00000018     vision_pitch_tuning.o (.bss.g_status)
                  202008b0    00000018     vision_tuning_console.o (.bss.g_status)
                  202008c8    00000014     motion_action.o (.bss.g_motionActionRuntime)
                  202008dc    00000004     gimbal_vision_adapter.o (.bss.g_lastAcceptedFrameCount)
                  202008e0    00000014     vision_yaw_tuning.o (.bss.g_status)
                  202008f4    00000014     watchdog_monitor.o (.bss.g_status)
                  20200908    00000014     (.common:g_headingRuntime)
                  2020091c    00000010     fault.o (.bss.g_faultRecord)
                  2020092c    00000010     motor.o (.bss.g_motorRuntime)
                  2020093c    0000000e     car_controller.o (.bss.g_carControllerFeedback)
                  2020094a    00000002     ultrasonic.o (.bss.g_echoTicks)
                  2020094c    0000000e     ultrasonic.o (.bss.g_ultrasonicFeedback)
                  2020095a    00000002     gimbal.o (.bss.g_pitchHalfPeriodTicks)
                  2020095c    0000000c     gimbal_tracker.o (.bss.g_observation)
                  20200968    0000000c     debug_telemetry.o (.bss.g_status)
                  20200974    00000008     obstacle_monitor.o (.bss.g_obstacleFeedback)
                  2020097c    00000004     debug_telemetry.o (.bss.g_lastFrameMs)
                  20200980    00000008     gimbal.o (.bss.g_pitchContinuousDegX10)
                  20200988    00000008     gimbal.o (.bss.g_pitchEstimatedSteps)
                  20200990    00000008     gimbal.o (.bss.g_pitchTargetDegX10)
                  20200998    00000008     gimbal.o (.bss.g_pitchTargetEstimatedSteps)
                  202009a0    00000008     gimbal_stepper.o (.bss.g_stepperEstimatedSteps)
                  202009a8    00000008     gimbal_stepper.o (.bss.g_stepperTargetEstimatedSteps)
                  202009b0    00000008     gimbal.o (.bss.g_yawContinuousDegX10)
                  202009b8    00000008     gimbal.o (.bss.g_yawLockedWorldYawDegX10)
                  202009c0    00000008     gimbal.o (.bss.g_yawTargetContinuousDegX10)
                  202009c8    00000008     gimbal.o (.bss.g_yawWorldTargetDegX10)
                  202009d0    00000008     gimbal.o (.bss.g_yawWrappedDegX10)
                  202009d8    00000006     ultrasonic.o (.bss.g_distanceSamples)
                  202009de    00000006     key.o (.bss.g_key1)
                  202009e4    00000006     key.o (.bss.g_key2)
                  202009ea    00000006     key.o (.bss.g_key3)
                  202009f0    00000004     watchdog_monitor.o (.bss.g_lastTickMs)
                  202009f4    00000004     wheel_speed_estimator.o (.bss.g_latchedErrorFlags)
                  202009f8    00000004     empty.o (.bss.g_localTimeMs)
                  202009fc    00000004     motion_action.o (.bss.g_motionActionStartYawDeg)
                  20200a00    00000004     encoder.o (.bss.g_motorAPulses)
                  20200a04    00000004     encoder.o (.bss.g_motorBPulses)
                  20200a08    00000004     gimbal.o (.bss.g_pitchCommandedRpm)
                  20200a0c    00000004     gimbal.o (.bss.g_pitchCompletedSteps)
                  20200a10    00000004     gimbal_tracker.o (.bss.g_pitchTargetDeg)
                  20200a14    00000004     gimbal.o (.bss.g_pitchTargetRpm)
                  20200a18    00000004     gimbal.o (.bss.g_pitchTrackingTargetRpm)
                  20200a1c    00000004     servo.o (.bss.g_servoFeedback)
                  20200a20    00000004     gimbal_vision_yaw_tracker.o (.bss.g_sessionId)
                  20200a24    00000004     gimbal_stepper.o (.bss.g_stepperCompletedSteps)
                  20200a28    00000004     gimbal_vision_yaw_tracker.o (.bss.g_targetWrappedDeg)
                  20200a2c    00000004     gimbal.o (.bss.g_yawCommandedRpm)
                  20200a30    00000004     gimbal.o (.bss.g_yawTargetRpm)
                  20200a34    00000004     gimbal_tracker.o (.bss.g_yawTargetWrappedDeg)
                  20200a38    00000004     empty.o (.bss.main.lastAppUpdateMs)
                  20200a3c    00000002     gimbal.o (.bss.g_pitchStepHalfPeriodTicks)
                  20200a3e    00000002     obstacle_avoidance.o (.bss.g_resumeGraceMs)
                  20200a40    00000002     vision_receiver.o (.bss.g_ringHead)
                  20200a42    00000002     vision_receiver.o (.bss.g_ringTail)
                  20200a44    00000002     vision_tuning_console.o (.bss.g_rxHead)
                  20200a46    00000002     vision_tuning_console.o (.bss.g_rxTail)
                  20200a48    00000002     servo.o (.bss.g_servoPwmPhase)
                  20200a4a    00000002     ultrasonic.o (.bss.g_stateTicks)
                  20200a4c    00000002     gimbal_stepper.o (.bss.g_stepperHalfPeriodTicks)
                  20200a4e    00000002     gimbal_stepper.o (.bss.g_stepperStepHalfPeriodTicks)
                  20200a50    00000002     vision_tuning_console.o (.bss.g_txHead)
                  20200a52    00000002     vision_tuning_console.o (.bss.g_txTail)
                  20200a54    00000002     menu.o (.bss.menu_handle_status_key.trackerSequence)
                  20200a56    00000002     (.common:g_trackError)
                  20200a58    00000001     oled_ui.o (.bss.OledUi_Update_20ms.refreshDivider)
                  20200a59    00000001     empty.o (.bss.SysTick_Handler.controlMsCount)
                  20200a5a    00000001     empty.o (.bss.SysTick_Handler.gimbalMsCount)
                  20200a5b    00000001     empty.o (.bss.SysTick_Handler.tick100usCount)
                  20200a5c    00000001     empty.o (.bss.SysTick_Handler.trackerMsCount)
                  20200a5d    00000001     ultrasonic.o (.bss.Ultrasonic_Update_20ms.triggerDivider)
                  20200a5e    00000001     empty.o (.bss.g_appUpdatePending)
                  20200a5f    00000001     vision_tuning_console.o (.bss.g_capturing)
                  20200a60    00000001     car_state.o (.bss.g_carState)
                  20200a61    00000001     obstacle_monitor.o (.bss.g_centerSettleTicks)
                  20200a62    00000001     vision_tuning_console.o (.bss.g_commandTarget)
                  20200a63    00000001     ultrasonic.o (.bss.g_distanceSampleCount)
                  20200a64    00000001     ultrasonic.o (.bss.g_distanceSampleIndex)
                  20200a65    00000001     emergency_stop.o (.bss.g_emergencyStopActive)
                  20200a66    00000001     gimbal_tracker.o (.bss.g_enabled)
                  20200a67    00000001     gimbal_vision_pitch_tracker.o (.bss.g_enabled)
                  20200a68    00000001     gimbal_vision_yaw_tracker.o (.bss.g_enabled)
                  20200a69    00000001     watchdog_monitor.o (.bss.g_faultApplied)
                  20200a6a    00000001     watchdog_monitor.o (.bss.g_faultPending)
                  20200a6b    00000001     gimbal_tracker.o (.bss.g_filterReady)
                  20200a6c    00000001     vision_receiver.o (.bss.g_frameSize)
                  20200a6d    00000001     empty.o (.bss.g_gimbalUpdatePending)
                  20200a6e    00000001     wheel_speed_estimator.o (.bss.g_leftFilterInitialized)
                  20200a6f    00000001     vision_tuning_console.o (.bss.g_lineSize)
                  20200a70    00000001     obstacle_safety.o (.bss.g_obstacleSafetyHolding)
                  20200a71    00000001     oled.o (.bss.g_oledColumn)
                  20200a72    00000001     menu.o (.bss.g_oledPage)
                  20200a73    00000001     encoder.o (.bss.g_overflowFlags)
                  20200a74    00000001     menu.o (.bss.g_paramItem)
                  20200a75    00000001     menu.o (.bss.g_paramReturnPage)
                  20200a76    00000001     key.o (.bss.g_pendingEvent)
                  20200a77    00000001     gimbal.o (.bss.g_pitchControlMode)
                  20200a78    00000001     gimbal.o (.bss.g_pitchDirection)
                  20200a79    00000001     gimbal.o (.bss.g_pitchInitialized)
                  20200a7a    00000001     gimbal.o (.bss.g_pitchLimitClamped)
                  20200a7b    00000001     gimbal.o (.bss.g_pitchLimitDirection)
                  20200a7c    00000001     gimbal.o (.bss.g_pitchPositionValid)
                  20200a7d    00000001     gimbal.o (.bss.g_pitchRunning)
                  20200a7e    00000001     gimbal.o (.bss.g_pitchStepHigh)
                  20200a7f    00000001     gimbal.o (.bss.g_pitchStopAfterStepLow)
                  20200a80    00000001     vision_tuning_console.o (.bss.g_prefixIndex)
                  20200a81    00000001     vision_tuning_console.o (.bss.g_prefixTarget)
                  20200a82    00000001     wheel_speed_estimator.o (.bss.g_rightFilterInitialized)
                  20200a83    00000001     car_controller.o (.bss.g_safetyHold)
                  20200a84    00000001     gimbal_vision_yaw_tracker.o (.bss.g_sessionInitialized)
                  20200a85    00000001     gimbal_tracker.o (.bss.g_simObservationUpdatesRemaining)
                  20200a86    00000001     obstacle_avoidance.o (.bss.g_stateStarted)
                  20200a87    00000001     gimbal_stepper.o (.bss.g_stepperDirection)
                  20200a88    00000001     gimbal_stepper.o (.bss.g_stepperRunning)
                  20200a89    00000001     gimbal_stepper.o (.bss.g_stepperStepHigh)
                  20200a8a    00000001     gimbal_stepper.o (.bss.g_stepperStopAfterStepLow)
                  20200a8b    00000001     gimbal_vision_yaw_tracker.o (.bss.g_targetSynced)
                  20200a8c    00000001     gimbal_tracker.o (.bss.g_targetValid)
                  20200a8d    00000001     gimbal_tracker.o (.bss.g_targetsSynced)
                  20200a8e    00000001     empty.o (.bss.g_trackerUpdatePending)
                  20200a8f    00000001     gimbal_tracker.o (.bss.g_trackingActive)
                  20200a90    00000001     gimbal_vision_pitch_tracker.o (.bss.g_trackingActive)
                  20200a91    00000001     gimbal_vision_yaw_tracker.o (.bss.g_trackingActive)
                  20200a92    00000001     ultrasonic.o (.bss.g_triggerRequest)
                  20200a93    00000001     ultrasonic.o (.bss.g_ultrasonicState)
                  20200a94    00000001     gimbal.o (.bss.g_yawLimitClamped)
                  20200a95    00000001     gimbal.o (.bss.g_yawLimitDirection)
                  20200a96    00000001     gimbal.o (.bss.g_yawPositionValid)
                  20200a97    00000001     gimbal.o (.bss.g_yawWorldLockEnabled)
                  20200a98    00000001     (.common:g_carStateDebug)
                  20200a99    00000001     (.common:g_keyEvent)
                  20200a9a    00000001     (.common:g_oledPageDebug)
                  20200a9b    00000001     (.common:g_paramItemDebug)
                  20200a9c    00000001     (.common:g_trackBlackCount)
                  20200a9d    00000001     (.common:g_trackModeDebug)
                  20200a9e    00000001     (.common:g_trackRaw)
                  20200a9f    00000001     (.common:g_trackTurnDebug)

.data      0    20200aa0    00000001     UNINITIALIZED
                  20200aa0    00000001     car_controller.o (.data.g_followTurnPolicy)

.stack     0    20207e00    00000200     UNINITIALIZED
                  20207e00    00000004     libc.a : boot_cortex_m.c.obj (.stack)
                  20207e04    000001fc     --HOLE--

__llvm_prf_cnts 
*          0    20200000    00000000     UNINITIALIZED

__llvm_prf_bits 
*          0    20200000    00000000     UNINITIALIZED

MODULE SUMMARY

       Module                          code    ro data   rw data
       ------                          ----    -------   -------
    .\
       vision_tuning_console.o         9616    102       613    
       gimbal.o                        7528    0         241    
       oled_ui.o                       6456    878       1      
       car_controller.o                4160    64        80     
       imu.o                           3304    0         40     
       oled.o                          2304    401       1      
       gimbal_tracker.o                2576    0         74     
       gimbal_vision_yaw_tracker.o     2124    0         48     
       vision_receiver.o               1112    0         689    
       gimbal_stepper.o                1412    0         52     
       menu.o                          1300    91        5      
       wheel_speed_estimator.o         1276    0         94     
       mission_manager.o               1300    0         32     
       motion_action.o                 1156    0         24     
       obstacle_avoidance.o            1138    0         27     
       app_config.o                    924     0         116    
       gimbal_vision_pitch_tracker.o   864     0         26     
       motor.o                         776     0         16     
       mission_library.o               218     534       0      
       empty.o                         676     0         59     
       vision_protocol.o               732     0         0      
       ti_msp_dl_config.o              636     23        48     
       ultrasonic.o                    596     0         29     
       runtime_snapshot.o              376     0         152    
       heading_control.o               472     0         20     
       key.o                           436     0         19     
       app.o                           410     0         10     
       track_sensor.o                  372     0         0      
       fault.o                         272     60        16     
       vision_pitch_tuning.o           268     48        24     
       watchdog_monitor.o              292     0         26     
       vision_yaw_tuning.o             248     41        20     
       gimbal_vision_adapter.o         228     0         76     
       encoder.o                       276     0         9      
       obstacle_safety.o               264     0         1      
       obstacle_monitor.o              192     0         9      
       startup_mspm0g350x_ticlang.o    6       192       0      
       servo.o                         176     0         6      
       emergency_stop.o                172     0         1      
       vision_uart.o                   164     0         0      
       debug_telemetry.o               56      0         16     
       car_state.o                     36      0         1      
    +--+-------------------------------+-------+---------+---------+
       Total:                          56900   2434      2721   
                                                                
    C:/TI/mspm0_sdk_2_05_01_00/source/ti/driverlib/lib/ticlang/m0p/mspm0g1x0x_g3x0x/driverlib.a
       dl_timer.o                      388     0         0      
       dl_uart.o                       90      0         0      
       dl_common.o                     10      0         0      
    +--+-------------------------------+-------+---------+---------+
       Total:                          488     0         0      
                                                                
    D:\TI\CCS\ccs\tools\compiler\ti-cgt-armllvm_4.0.4.LTS\lib\armv6m-ti-none-eabi/c/libc.a
       memcpy16.S.obj                  154     0         0      
       strcmp-armv6m.S.obj             136     0         0      
       copy_decompress_lzss.c.obj      124     0         0      
       memset16.S.obj                  98      0         0      
       autoinit.c.obj                  60      0         0      
       boot_cortex_m.c.obj             40      0         0      
       memmov.c.obj                    40      0         0      
       copy_decompress_none.c.obj      18      0         0      
       copy_zero_init.c.obj            16      0         0      
       exit.c.obj                      6       0         0      
       pre_init.c.obj                  4       0         0      
    +--+-------------------------------+-------+---------+---------+
       Total:                          696     0         0      
                                                                
    D:\TI\CCS\ccs\tools\compiler\ti-cgt-armllvm_4.0.4.LTS\lib\armv6m-ti-none-eabi/c/libsysbm.a
       hostexit.c.obj                  4       0         0      
    +--+-------------------------------+-------+---------+---------+
       Total:                          4       0         0      
                                                                
    D:\TI\CCS\ccs\tools\compiler\ti-cgt-armllvm_4.0.4.LTS\lib\armv6m-ti-none-eabi/libclang_rt.builtins.a
       addsf3.S.obj                    216     0         0      
       udivmoddi4.S.obj                162     0         0      
       mulsf3.S.obj                    140     0         0      
       divsf3.S.obj                    130     0         0      
       comparesf2.S.obj                118     0         0      
       aeabi_fcmp.S.obj                98      0         0      
       fixsfdi.S.obj                   96      0         0      
       aeabi_idivmod.S.obj             86      0         0      
       floatdisf.S.obj                 78      0         0      
       aeabi_uidivmod.S.obj            64      0         0      
       divmoddi4.c.obj                 62      0         0      
       floatsisf.S.obj                 60      0         0      
       muldsi3.S.obj                   58      0         0      
       fixsfsi.S.obj                   56      0         0      
       floatunsisf.S.obj               40      0         0      
       muldi3.S.obj                    36      0         0      
       ashldi3.S.obj                   30      0         0      
       aeabi_ldivmod.S.obj             20      0         0      
       aeabi_uldivmod.S.obj            20      0         0      
       aeabi_memset.S.obj              12      0         0      
       aeabi_memcpy.S.obj              8       0         0      
       aeabi_memmove.S.obj             8       0         0      
       aeabi_div0.c.obj                4       0         0      
    +--+-------------------------------+-------+---------+---------+
       Total:                          1602    0         0      
                                                                
       Stack:                          0       0         512    
       Linker Generated:               0       41        0      
    +--+-------------------------------+-------+---------+---------+
       Grand Total:                    59690   2475      3233   


LINKER GENERATED COPY TABLES

__TI_cinit_table @ 0000f2f4 records: 2, size/record: 8, table size: 16
	.bss: load addr=0000f2e4, load size=00000008 bytes, run addr=20200000, run size=00000aa0 bytes, compression=zero_init
	.data: load addr=0000f2ec, load size=00000005 bytes, run addr=20200aa0, run size=00000001 bytes, compression=lzss


LINKER GENERATED HANDLER TABLE

__TI_handler_table @ 0000f2d8 records: 3, size/record: 4, table size: 12
	index: 0, handler: __TI_decompress_lzss
	index: 1, handler: __TI_decompress_none
	index: 2, handler: __TI_zero_init


GLOBAL SYMBOLS: SORTED ALPHABETICALLY BY Name 

address   name                                      
-------   ----                                      
0000bd23  ADC0_IRQHandler                           
0000bd23  ADC1_IRQHandler                           
0000bd23  AES_IRQHandler                            
0000af69  AppConfig_InitDefault                     
000059bd  AppConfig_LimitAll                        
0000ca09  App_Init                                  
0000a229  App_Update_20ms                           
0000e9f2  C$$EXIT                                   
0000bd23  CANFD0_IRQHandler                         
0000e93d  CarController_GetFeedback                 
0000c565  CarController_GetRunMode                  
0000c809  CarController_Init                        
0000e801  CarController_IsSafetyHoldActive          
0000c889  CarController_ResetRuntime                
0000e5b1  CarController_RunModeToString             
0000cbf9  CarController_SetSafetyHold               
0000b9b9  CarController_StartDriveHeading           
0000c0f1  CarController_StartFollowLine             
0000b79d  CarController_StartSeekLine               
0000c4dd  CarController_StartTurnLeft90             
0000c221  CarController_StartTurnRight90            
0000b6e5  CarController_StartTurnToYawRelative      
0000e301  CarController_Stop                        
0000977d  CarController_Update_20ms                 
0000e80d  CarState_Get                              
0000e819  CarState_Init                             
0000e825  CarState_Set                              
0000bd23  DAC0_IRQHandler                           
0000e915  DL_Common_delayCycles                     
0000a345  DL_Timer_initFourCCPWMMode                
[...]

address   name                                      
-------   ----                                      
00000000  __TI_ATRegion0_region_sz                  
00000000  __TI_ATRegion0_src_addr                   
00000000  __TI_ATRegion0_trg_addr                   
00000000  __TI_ATRegion1_region_sz                  
00000000  __TI_ATRegion1_src_addr                   
00000000  __TI_ATRegion1_trg_addr                   
00000000  __TI_ATRegion2_region_sz                  
00000000  __TI_ATRegion2_src_addr                   
00000000  __TI_ATRegion2_trg_addr                   
00000000  __TI_static_base__                        
00000000  interruptVectors                          
000000c1  VisionTuningConsole_Process               
00000200  __STACK_SIZE                              
00001e95  OledUi_Update_20ms                        
000036e5  GimbalTracker_Update                      
00003b61  WheelSpeedEstimator_Update                
00003f7d  VisionReceiver_Process                    
0000432d  GimbalVisionYawTracker_Update10ms         
000046b5  Menu_HandleKeyEvent                       
00004da5  ObstacleAvoidance_Update_20ms             
000056e5  Imu_Init                                  
000059bd  AppConfig_LimitAll                        
00005f29  Gimbal_YawSetWrappedTargetDeg             
000061c1  Gimbal_YawUpdate5ms                       
00006455  Gimbal_PitchSetTrackingSpeedDegS          
00006bbd  OLED_Clear                                
00007049  MotionAction_Update_20ms                  
0000727d  GimbalVisionPitchTracker_Update10ms       
000074a5  Imu_CalibrateGyroBias                     
000078c5  Motor_SetSpeed                            
00007ac9  VisionProtocol_ParseV1TargetFrame         
00007e89  Gimbal_PitchUpdate5ms                     
000081fd  Ultrasonic_Tick100us                      
0000839d  GimbalStepper_Tick100us                   
00008531  GimbalVisionYawTracker_Enable             
000086b9  Gimbal_PitchTick100us                     
00008839  GimbalStepper_MoveToEstimatedSteps        
000089b5  Key_Update_20ms                           
00008b29  Gimbal_Init                               
00008c95  main                                      
00008dfd  HeadingControl_Update                     
00008f61  RuntimeSnapshot_Update                    
0000977d  CarController_Update_20ms                 
000098c1  OLED_PrintInt16                           
000099fd  Imu_Update                                
00009d91  Gimbal_YawEnableWorldLock                 
00009eb9  MotionAction_Start                        
0000a229  App_Update_20ms                           
0000a345  DL_Timer_initFourCCPWMMode                
0000a54d  Gimbal_PitchRelease                       
0000a649  MissionManager_Update_20ms                
0000a745  SysTick_Handler                           
0000a841  Gimbal_PitchStopHold                      
0000a931  MissionManager_SelectNext                 
0000abf5  ObstacleSafety_Update_20ms                
0000acd5  Gimbal_PitchConfirmZero                   
0000adb1  SYSCFG_DL_GPIO_init                       
0000af69  AppConfig_InitDefault                     
0000b041  MissionManager_SelectPrevious             
0000b119  OLED_PrintUInt16                          
0000b1f1  WheelSpeedEstimator_Init                  
0000b3a1  __aeabi_fsub                              
0000b3a1  __subsf3                                  
0000b3ab  __addsf3                                  
0000b3ab  __aeabi_fadd                              
0000b479  OLED_Init                                 
0000b54d  OLED_PrintChar                            
0000b61d  Gimbal_YawConfirmZero                     
0000b6e5  CarController_StartTurnToYawRelative      
0000b79d  CarController_StartSeekLine               
0000b851  GimbalStepper_StopHold                    
0000b905  GimbalVisionAdapter_Update                
0000b9b9  CarController_StartDriveHeading           
0000ba69  FaultCode_ToShortString                   
0000bb19  GimbalStepper_Init                        
0000bbc9  Gimbal_PitchMoveRelativeDeg               
0000bc79  MissionLibrary_Validate                   
0000bd23  ADC0_IRQHandler                           
0000bd23  ADC1_IRQHandler                           
0000bd23  AES_IRQHandler                            
0000bd23  CANFD0_IRQHandler                         
0000bd23  DAC0_IRQHandler                           
0000bd23  DMA_IRQHandler                            
0000bd23  Default_Handler                           
0000bd23  GROUP0_IRQHandler                         
0000bd23  HardFault_Handler                         
0000bd23  I2C0_IRQHandler                           
0000bd23  I2C1_IRQHandler                           
0000bd23  NMI_Handler                               
0000bd23  PendSV_Handler                            
0000bd23  RTC_IRQHandler                            
0000bd23  SPI0_IRQHandler                           
0000bd23  SPI1_IRQHandler                           
0000bd23  SVC_Handler                               
0000bd23  TIMA0_IRQHandler                          
0000bd23  TIMA1_IRQHandler                          
0000bd23  TIMG0_IRQHandler                          
0000bd23  TIMG12_IRQHandler                         
0000bd23  TIMG6_IRQHandler                          
0000bd23  TIMG7_IRQHandler                          
0000bd23  TIMG8_IRQHandler                          
0000bd23  UART0_IRQHandler                          
0000bd23  UART1_IRQHandler                          
0000bd23  UART2_IRQHandler                          
0000bd25  GimbalVisionPitchTracker_Enable           
0000bdcd  Encoder_HandleGpioInterrupt               
0000bf15  __udivmoddi4                              
0000bfb7  TrackSensor_Init                          
0000bfb9  ObstacleMonitor_Update_20ms               
0000c055  memcpy                                    
0000c0ef  __aeabi_idiv0                             
0000c0f1  CarController_StartFollowLine             
0000c221  CarController_StartTurnRight90            
0000c2ad  Gimbal_YawDisableWorldLock                
0000c339  Gimbal_YawStopHold                        
0000c3c5  SYSCFG_DL_PWM_MOTOR_init                  
0000c451  __aeabi_fmul                              
0000c451  __mulsf3                                  
0000c4dd  CarController_StartTurnLeft90             
0000c565  CarController_GetRunMode                  
0000c571  strcmp                                    
0000c5f9  GimbalStepper_ConfirmZero                 
0000c67d  GimbalTracker_PushObservation             
0000c701  Motor_Init                                
0000c785  __aeabi_fdiv                              
0000c785  __divsf3                                  
0000c807  __aeabi_ldiv0                             
0000c809  CarController_Init                        
0000c889  CarController_ResetRuntime                
0000c909  GimbalTracker_Init                        
0000c989  Motor_Stop                                
0000ca09  App_Init                                  
0000ca89  VisionPitchTuning_Set                     
0000cb05  __TI_decompress_lzss                      
0000cbf9  CarController_SetSafetyHold               
0000cc6d  GimbalStepper_Release                     
0000ccdd  Menu_GetParamValue                        
0000cd4d  SYSCFG_DL_UART_VISION_init                
0000cdbd  VisionYawTuning_Set                       
0000ce2d  TrackSensor_DetectTurn                    
0000ce9d  GimbalVisionYawTracker_Init               
0000cf09  MissionManager_GetSelectedMissionIndex    
0000cf71  TrackSensor_GetErrorFromRaw               
0000cfd9  Gimbal_YawRelease                         
0000d03d  __aeabi_fcmpeq                            
0000d051  __aeabi_fcmplt                            
0000d065  __aeabi_fcmple                            
0000d079  __aeabi_fcmpge                            
0000d08d  __aeabi_fcmpgt                            
0000d09f  memset                                    
0000d101  GimbalTracker_Enable                      
0000d161  GimbalTracker_GetFeedback                 
0000d1c1  VisionTuningConsole_Init                  
0000d221  __aeabi_f2lz                              
0000d221  __fixsfdi                                 
0000d2e1  OLED_PrintBinary7                         
0000d341  UART3_IRQHandler                          
0000d39d  Ultrasonic_Update_20ms                    
0000d455  Gimbal_YawMoveRelativeDeg                 
0000d4ad  __aeabi_idiv                              
0000d4ad  __aeabi_idivmod                           
0000d505  TrackSensor_ReadRaw                       
0000d601  MissionManager_Start                      
0000d651  Ultrasonic_Init                           
0000d6a1  WatchdogMonitor_ApplyFaultIfNeeded        
0000d6f1  __aeabi_l2f                               
0000d6f1  __floatdisf                               
0000d741  WatchdogMonitor_Tick1msFromIsr            
0000d7d9  DL_UART_init                              
0000d821  MissionManager_Init                       
0000d869  MotionAction_ReapplyControllerTarget      
0000d8b1  Encoder_GetAndClearPulseDeltas            
0000d8f5  Servo_Tick100us                           
0000d939  GimbalVisionPitchTracker_Init             
0000d979  SYSCFG_DL_SYSCTL_init                     
0000d9b9  SYSCFG_DL_initPower                       
0000d9f9  VisionReceiver_PushByteFromIsr            
0000da39  __aeabi_uidiv                             
0000da39  __aeabi_uidivmod                          
0000da79  __divmoddi4                               
0000dab9  EmergencyStop_Reset                       
0000daf5  GimbalTracker_ClearObservation            
0000db31  Servo_SetAngleDeg                         
0000db6d  VisionTuningConsole_PushByteFromIsr       
0000dba9  __aeabi_i2f                               
0000dba9  __floatsisf                               
0000dbe5  __gesf2                                   
0000dbe5  __gtsf2                                   
0000dc21  __TI_auto_init_nobinit_nopinit            
0000dc5d  __cmpsf2                                  
0000dc5d  __eqsf2                                   
0000dc5d  __lesf2                                   
0000dc5d  __ltsf2                                   
0000dc5d  __nesf2                                   
0000dc99  __muldsi3                                 
0000dcd5  VisionReceiver_Init                       
0000dd0d  __aeabi_f2iz                              
0000dd0d  __fixsfsi                                 
0000dd45  EmergencyStop_Trigger                     
0000dd79  MissionManager_Cancel                     
0000ddad  OLED_SetCursor                            
0000dde1  VisionTuningConsole_TryPopTxByte          
0000de15  VisionUart_Process                        
0000de7d  OLED_PrintString                          
0000deb1  Fault_Raise                               
0000dee1  GimbalVisionYawTracker_GetFeedback        
0000df11  Gimbal_PitchGetFeedback                   
0000df41  Key_Init                                  
0000df71  MissionManager_Reset                      
0000dfa1  MissionManager_Resume                     
0000dfd1  VisionPitchTuning_RestoreDefault          
0000e001  WatchdogMonitor_Init                      
0000e061  Encoder_Reset                             
0000e08d  TrackSensor_CountBlack                    
0000e0b9  VisionYawTuning_RestoreDefault            
0000e111  ObstacleAvoidance_Init                    
0000e139  Servo_Init                                
0000e161  VisionPitchTuning_Init                    
0000e189  WatchdogMonitor_Reset                     
0000e1b1  __aeabi_ui2f                              
0000e1b1  __floatunsisf                             
0000e1d9  memmove                                   
0000e201  _c_int00_noargs                           
0000e229  EmergencyStop_Enforce                     
0000e24d  GimbalVisionPitchTracker_GetFeedback      
0000e271  MissionManager_ReportExternalFailure      
0000e295  SYSCFG_DL_init                            
0000e2b9  VisionYawTuning_Init                      
0000e2dd  __aeabi_lmul                              
0000e2dd  __muldi3                                  
0000e301  CarController_Stop                        
0000e321  DL_Timer_overrideCCPOut                   
0000e341  DebugTelemetry_Update                     
0000e361  MissionManager_Pause                      
0000e381  MotionAction_GetCurrentBypassDirection    
0000e3a1  MotionAction_GetCurrentObstaclePolicy     
0000e3c1  MotionAction_Init                         
0000e3e1  SchedulerMonitor_GetStats                 
0000e401  VisionReceiver_GetProtocolErrorCount      
0000e441  __aeabi_llsl                              
0000e441  __ashldi3                                 
0000e461  DL_Timer_setCaptCompUpdateMethod          
0000e47d  DL_Timer_setClockConfig                   
0000e499  GimbalVisionAdapter_Init                  
0000e4b5  Imu_IsReady                               
0000e4d1  Menu_Init                                 
0000e4ed  ObstacleMonitor_Init                      
0000e509  ObstacleSafety_Init                       
0000e525  VisionPitchTuning_ParamName               
0000e541  VisionYawTuning_GetSnapshot               
0000e55d  VisionYawTuning_ParamName                 
0000e579  WatchdogMonitor_NotifyControlCycleComplete
0000e5b1  CarController_RunModeToString             
0000e5c9  DL_Timer_setCaptureCompareOutCtl          
0000e5e1  DebugTelemetry_Init                       
0000e5f9  HeadingControl_LockCurrentYaw             
0000e611  HeadingControl_SetTargetYaw               
0000e629  Menu_ParamItemToString                    
0000e641  MissionLibrary_FindById                   
0000e659  MotionAction_Cancel                       
0000e671  RuntimeSnapshot_Init                      
0000e689  Fault_Clear                               
0000e69d  Fault_Init                                
0000e6b1  GROUP1_IRQHandler                         
0000e6c5  GimbalStepper_SetStepHalfPeriodTicks      
0000e6d9  HeadingControl_Enable                     
0000e6ed  HeadingControl_Init                       
0000e701  HeadingControl_Reset                      
0000e715  MissionLibrary_GetByIndex                 
0000e729  MissionManager_GetSelectedMissionId       
0000e73d  VisionPitchTuning_GetSnapshot             
0000e751  VisionUart_Init                           
0000e765  __aeabi_ldivmod                           
0000e779  __aeabi_uldivmod                          
0000e78d  DL_UART_setClockConfig                    
0000e79f  __TI_decompress_none                      
0000e7b1  DL_Timer_setCaptureCompareValue           
0000e7c1  Gimbal_YawGetFeedback                     
0000e7d1  Key_GetEvent                              
0000e7e1  ObstacleAvoidance_IsResumeGraceActive     
0000e7f1  __TI_zero_init                            
0000e801  CarController_IsSafetyHoldActive          
0000e80d  CarState_Get                              
0000e819  CarState_Init                             
0000e825  CarState_Set                              
0000e831  EmergencyStop_Init                        
0000e83d  EmergencyStop_IsActive                    
0000e849  GimbalVisionAdapter_GetObservation        
0000e855  Gimbal_Tick100us                          
0000e861  Gimbal_Update5ms                          
0000e86d  Imu_GetCorrectedGyroZDps                  
0000e879  Imu_GetYaw                                
0000e885  Imu_ResetYaw                              
0000e891  Menu_GetPage                              
0000e89d  Menu_GetParamItem                         
0000e8a9  MissionManager_IsExternallyHeld           
0000e8b5  MissionManager_SetExternalHold            
0000e8c1  ObstacleAvoidance_IsActive                
0000e8cd  ObstacleAvoidance_IsFailed                
0000e8d9  ObstacleSafety_IsHolding                  
0000e8e5  OledUi_Init                               
0000e8f1  SystemTime_GetMs                          
0000e8fd  WatchdogMonitor_HasTripped                
0000e909  __aeabi_memclr                            
0000e909  __aeabi_memclr4                           
0000e909  __aeabi_memclr8                           
0000e915  DL_Common_delayCycles                     
0000e91f  TrackSensor_IsCenterDetected              
0000e929  TrackSensor_IsLineDetected                
0000e933  TrackSensor_IsLineLost                    
0000e93d  CarController_GetFeedback                 
0000e945  Fault_GetRecord                           
0000e94d  GimbalStepper_GetFeedback                 
0000e955  GimbalVisionAdapter_GetFeedback           
0000e95d  Gimbal_PitchStopTrackingHold              
0000e965  HeadingControl_GetRuntime                 
0000e96d  Imu_GetRuntime                            
0000e975  MissionManager_GetMissionCount            
0000e97d  MissionManager_GetRuntime                 
0000e985  MotionAction_GetRuntime                   
0000e98d  ObstacleAvoidance_GetFeedback             
0000e995  ObstacleMonitor_GetFeedback               
0000e99d  Servo_GetFeedback                         
0000e9a5  Ultrasonic_GetFeedback                    
0000e9ad  VisionPitchTuning_GetStatus               
0000e9b5  VisionReceiver_GetObservation             
0000e9bd  VisionReceiver_GetStatus                  
0000e9c5  VisionTuningConsole_GetStatus             
0000e9cd  WatchdogMonitor_GetStatus                 
0000e9d5  WheelSpeedEstimator_GetRuntime            
0000e9dd  __aeabi_memcpy                            
0000e9dd  __aeabi_memcpy4                           
0000e9dd  __aeabi_memcpy8                           
0000e9e5  __aeabi_memmove                           
0000e9e5  __aeabi_memmove4                          
0000e9e5  __aeabi_memmove8                          
0000e9ed  abort                                     
0000e9f2  C$$EXIT                                   
0000e9f3  HOSTexit                                  
0000e9f7  MissionLibrary_GetCount                   
0000e9fb  Reset_Handler                             
0000e9ff  _system_pre_init                          
0000f2d8  __TI_Handler_Table_Base                   
0000f2e4  __TI_Handler_Table_Limit                  
0000f2f4  __TI_CINIT_Base                           
0000f304  __TI_CINIT_Limit                          
0000f304  __TI_CINIT_Warm                           
20200000  __start___llvm_prf_bits                   
20200000  __start___llvm_prf_cnts                   
20200000  __stop___llvm_prf_bits                    
20200000  __stop___llvm_prf_cnts                    
20200498  g_appConfig                               
20200568  g_wheelSpeedEstimatorRuntime              
202006c8  g_appRuntime                              
20200708  gUART_VISIONBackup                        
202007e0  g_imuRuntime                              
20200908  g_headingRuntime                          
20200a56  g_trackError                              
20200a98  g_carStateDebug                           
20200a99  g_keyEvent                                
20200a9a  g_oledPageDebug                           
20200a9b  g_paramItemDebug                          
20200a9c  g_trackBlackCount                         
20200a9d  g_trackModeDebug                          
20200a9e  g_trackRaw                                
20200a9f  g_trackTurnDebug                          
20207e00  __stack                                   
20208000  __STACK_END                               
ffffffff  __TI_pprof_out_hndl                       
ffffffff  __TI_prof_data_size                       
ffffffff  __TI_prof_data_start                      
ffffffff  __binit__                                 
ffffffff  binit                                     
UNDEFED   __mpu_init                                
UNDEFED   _system_post_cinit                        

[375 symbols]
