******************************************************************************
            TI ARM Clang Linker PC v4.0.4                      
******************************************************************************
>> Linked Thu Jul 16 18:12:35 2026

OUTPUT FILE NAME:   <diansaikaishi.out>
ENTRY POINT SYMBOL: "_c_int00_noargs"  address: 00004ce5


MEMORY CONFIGURATION

         name            origin    length      used     unused   attr    fill
----------------------  --------  ---------  --------  --------  ----  --------
  FLASH                 00000000   00020000  00005710  0001a8f0  R  X
  SRAM                  20200000   00008000  00000382  00007c7e  RW X
  BCR_CONFIG            41c00000   000000ff  00000000  000000ff  R   
  BSL_CONFIG            41c00100   00000080  00000000  00000080  R   


SEGMENT ALLOCATION MAP

run origin  load origin   length   init length attrs members
----------  ----------- ---------- ----------- ----- -------
00000000    00000000    00005710   00005710    r-x
  00000000    00000000    000000c0   000000c0    r-- .intvecs
  000000c0    000000c0    000050a8   000050a8    r-x .text
  00005168    00005168    00000578   00000578    r-- .rodata
  000056e0    000056e0    00000030   00000030    r-- .cinit
20200000    20200000    00000182   00000000    rw-
  20200000    20200000    00000181   00000000    rw- .bss
  20200181    20200181    00000001   00000000    rw- .data
20207e00    20207e00    00000200   00000000    rw-
  20207e00    20207e00    00000200   00000000    rw- .stack


SECTION ALLOCATION MAP

 output                                  attributes/
section   page    origin      length       input sections
--------  ----  ----------  ----------   ----------------
.intvecs   0    00000000    000000c0     
                  00000000    000000c0     startup_mspm0g350x_ticlang.o (.intvecs)

.text      0    000000c0    000050a8     
                  000000c0    000006f4     car_controller.o (.text.CarController_Update_20ms)
                  000007b4    00000618     oled_ui.o (.text.OledUi_Update_20ms)
                  00000dcc    000002f0     imu.o (.text.mpu6050_read_regs)
                  000010bc    000002d8     imu.o (.text.Imu_Init)
                  00001394    00000288     app_config.o (.text.AppConfig_LimitAll)
                  0000161c    00000278     obstacle_avoidance.o (.text.ObstacleAvoidance_Update_20ms)
                  00001894    00000254     oled.o (.text.OLED_Clear)
                  00001ae8    00000228     menu.o (.text.Menu_HandleKeyEvent)
                  00001d10    00000214     imu.o (.text.Imu_CalibrateGyroBias)
                  00001f24    00000208     motion_action.o (.text.MotionAction_Update_20ms)
                  0000212c    000001cc     imu.o (.text.imu_i2c_write_byte)
                  000022f8    000001b8     oled.o (.text.oled_i2c_write_byte)
                  000024b0    000001a0     ultrasonic.o (.text.Ultrasonic_Tick100us)
                  00002650    00000174     key.o (.text.Key_Update_20ms)
                  000027c4    00000160     heading_control.o (.text.HeadingControl_Update)
                  00002924    00000140     motion_action.o (.text.MotionAction_Start)
                  00002a64    0000013c     oled.o (.text.OLED_PrintInt16)
                  00002ba0    00000134     imu.o (.text.Imu_Update)
                  00002cd4    0000012c     imu.o (.text.imu_i2c_recover_bus)
                  00002e00    000000f8     mission_manager.o (.text.MissionManager_Update_20ms)
                  00002ef8    000000f0     mission_manager.o (.text.MissionManager_SelectNext)
                  00002fe8    000000ec     car_controller.o (.text.handle_turn_90)
                  000030d4    000000d8     mission_manager.o (.text.MissionManager_SelectPrevious)
                  000031ac    000000d8     libclang_rt.builtins.a : addsf3.S.obj (.text)
                  00003284    000000d4     oled.o (.text.OLED_Init)
                  00003358    000000d0     oled.o (.text.OLED_PrintChar)
                  00003428    000000c4     app.o (.text.App_Update_20ms)
                  000034ec    000000c0     ti_msp_dl_config.o (.text.SYSCFG_DL_GPIO_init)
                  000035ac    000000bc     obstacle_safety.o (.text.ObstacleSafety_Update_20ms)
                  00003668    000000b8     app_config.o (.text.AppConfig_InitDefault)
                  00003720    000000b0     motor.o (.text.Motor_SetSpeed)
                  000037d0    000000aa     mission_library.o (.text.MissionLibrary_Validate)
                  0000387a    00000002     startup_mspm0g350x_ticlang.o (.text.Default_Handler)
                  0000387c    000000a2     libclang_rt.builtins.a : udivmoddi4.S.obj (.text)
                  0000391e    00000002     track_sensor.o (.text.TrackSensor_Init)
                  00003920    0000009c     obstacle_monitor.o (.text.ObstacleMonitor_Update_20ms)
                  000039bc    0000009a     libc.a : memcpy16.S.obj (.text:memcpy)
                  00003a56    00000002     libclang_rt.builtins.a : aeabi_div0.c.obj (.text.__aeabi_idiv0)
                  00003a58    00000098     car_controller.o (.text.CarController_StartSeekLine)
                  00003af0    00000098     imu.o (.text.mpu6050_write_reg)
                  00003b88    00000094     car_controller.o (.text.CarController_StartDriveHeading)
                  00003c1c    0000008c     libclang_rt.builtins.a : mulsf3.S.obj (.text.__mulsf3)
                  00003ca8    00000088     car_controller.o (.text.CarController_StartTurnToYawRelative)
                  00003d30    00000082     libclang_rt.builtins.a : divsf3.S.obj (.text.__divsf3)
                  00003db2    00000002                            : aeabi_div0.c.obj (.text.__aeabi_ldiv0)
                  00003db4    0000007c     car_controller.o (.text.CarController_Init)
                  00003e30    0000007c     car_controller.o (.text.CarController_ResetRuntime)
                  00003eac    0000007c     car_controller.o (.text.CarController_StartFollowLine)
                  00003f28    0000007c     libc.a : copy_decompress_lzss.c.obj (.text:decompress:lzss)
                  00003fa4    00000078     oled.o (.text.oled_write_command)
                  0000401c    00000074     car_controller.o (.text.CarController_StartTurnRight90)
                  00004090    00000070     car_controller.o (.text.CarController_StartTurnLeft90)
                  00004100    0000006e     track_sensor.o (.text.TrackSensor_DetectTurn)
                  0000416e    00000002     --HOLE-- [fill = 0]
                  00004170    0000006c     encoder.o (.text.Encoder_HandleGpioInterrupt)
                  000041dc    0000006c     empty.o (.text.main)
                  00004248    00000068     mission_manager.o (.text.MissionManager_GetSelectedMissionIndex)
                  000042b0    00000066     track_sensor.o (.text.TrackSensor_GetErrorFromRaw)
                  00004316    00000002     --HOLE-- [fill = 0]
                  00004318    00000064     menu.o (.text.Menu_GetParamValue)
                  0000437c    00000062     libclang_rt.builtins.a : aeabi_fcmp.S.obj (.text.__aeabi_fcmp)
                  000043de    0000005e     app.o (.text.App_Init)
                  0000443c    0000005e     oled.o (.text.OLED_PrintBinary7)
                  0000449a    00000002     --HOLE-- [fill = 0]
                  0000449c    0000005c     gimbal_stepper_test.o (.text.GimbalStepperTest_Init)
                  000044f8    0000005c     ultrasonic.o (.text.Ultrasonic_Update_20ms)
                  00004554    00000056     libclang_rt.builtins.a : aeabi_idivmod.S.obj (.text.__aeabi_idivmod)
                  000045aa    00000002     --HOLE-- [fill = 0]
                  000045ac    00000054     track_sensor.o (.text.TrackSensor_ReadRaw)
                  00004600    00000050     car_controller.o (.text.CarController_SetSafetyHold)
                  00004650    00000050     motor.o (.text.Motor_PwmTick100us)
                  000046a0    00000050     ultrasonic.o (.text.Ultrasonic_Init)
                  000046f0    00000048     mission_manager.o (.text.MissionManager_Init)
                  00004738    00000048     empty.o (.text.SysTick_Handler)
                  00004780    00000044     gimbal_stepper_test.o (.text.GimbalStepperTest_Tick100us)
                  000047c4    00000044     servo.o (.text.Servo_Tick100us)
                  00004808    00000040     mission_manager.o (.text.MissionManager_Start)
                  00004848    00000040     ti_msp_dl_config.o (.text.SYSCFG_DL_SYSCTL_init)
                  00004888    00000040     libclang_rt.builtins.a : aeabi_uidivmod.S.obj (.text.__aeabi_uidivmod)
                  000048c8    0000003e                            : divmoddi4.c.obj (.text.__divmoddi4)
                  00004906    00000002     --HOLE-- [fill = 0]
                  00004908    0000003c     servo.o (.text.Servo_SetAngleDeg)
                  00004944    0000003c     libclang_rt.builtins.a : floatsisf.S.obj (.text.__floatsisf)
                  00004980    0000003c                            : comparesf2.S.obj (.text.__gtsf2)
                  000049bc    0000003c     libc.a : autoinit.c.obj (.text:__TI_auto_init_nobinit_nopinit)
                  000049f8    0000003a     libclang_rt.builtins.a : comparesf2.S.obj (.text.__eqsf2)
                  00004a32    00000002     --HOLE-- [fill = 0]
                  00004a34    0000003a                            : muldsi3.S.obj (.text.__muldsi3)
                  00004a6e    00000002     --HOLE-- [fill = 0]
                  00004a70    00000038     motion_action.o (.text.MotionAction_ReapplyControllerTarget)
                  00004aa8    00000038     motor.o (.text.Motor_Init)
                  00004ae0    00000038     libclang_rt.builtins.a : fixsfsi.S.obj (.text.__fixsfsi)
                  00004b18    00000034     oled.o (.text.OLED_SetCursor)
                  00004b4c    00000032     oled.o (.text.OLED_PrintString)
                  00004b7e    00000002     --HOLE-- [fill = 0]
                  00004b80    00000030     key.o (.text.Key_Init)
                  00004bb0    00000030     mission_manager.o (.text.MissionManager_Cancel)
                  00004be0    00000030     mission_manager.o (.text.MissionManager_Reset)
                  00004c10    0000002c     motor.o (.text.Motor_Stop)
                  00004c3c    0000002c     ti_msp_dl_config.o (.text.SYSCFG_DL_initPower)
                  00004c68    0000002c     track_sensor.o (.text.TrackSensor_CountBlack)
                  00004c94    00000028     servo.o (.text.Servo_Init)
                  00004cbc    00000028     obstacle_avoidance.o (.text.avoid_fail)
                  00004ce4    00000028     libc.a : boot_cortex_m.c.obj (.text:_c_int00_noargs)
                  00004d0c    00000024     encoder.o (.text.Encoder_Reset)
                  00004d30    00000020     car_controller.o (.text.CarController_Stop)
                  00004d50    00000020     mission_manager.o (.text.MissionManager_Pause)
                  00004d70    00000020     mission_manager.o (.text.MissionManager_Resume)
                  00004d90    00000020     motion_action.o (.text.MotionAction_GetCurrentBypassDirection)
                  00004db0    00000020     motion_action.o (.text.MotionAction_GetCurrentObstaclePolicy)
                  00004dd0    00000020     obstacle_avoidance.o (.text.ObstacleAvoidance_Init)
                  00004df0    00000020     mission_manager.o (.text.mission_finish_error)
                  00004e10    0000001e     libclang_rt.builtins.a : ashldi3.S.obj (.text.__ashldi3)
                  00004e2e    00000002     --HOLE-- [fill = 0]
                  00004e30    0000001c     imu.o (.text.Imu_IsReady)
                  00004e4c    0000001c     obstacle_monitor.o (.text.ObstacleMonitor_Init)
                  00004e68    0000001c     obstacle_safety.o (.text.ObstacleSafety_Init)
                  00004e84    00000018     car_controller.o (.text.CarController_RunModeToString)
                  00004e9c    00000018     heading_control.o (.text.HeadingControl_LockCurrentYaw)
                  00004eb4    00000018     heading_control.o (.text.HeadingControl_SetTargetYaw)
                  00004ecc    00000018     menu.o (.text.Menu_ParamItemToString)
                  00004ee4    00000018     mission_library.o (.text.MissionLibrary_FindById)
                  00004efc    00000018     motion_action.o (.text.MotionAction_Cancel)
                  00004f14    00000018     motion_action.o (.text.MotionAction_Init)
                  00004f2c    00000016     libc.a : copy_zero_init.c.obj (.text:decompress:ZI:__TI_zero_init_nomemset)
                  00004f42    00000002     --HOLE-- [fill = 0]
                  00004f44    00000014     empty.o (.text.GROUP1_IRQHandler)
                  00004f58    00000014     heading_control.o (.text.HeadingControl_Enable)
                  00004f6c    00000014     heading_control.o (.text.HeadingControl_Init)
                  00004f80    00000014     heading_control.o (.text.HeadingControl_Reset)
                  00004f94    00000014     menu.o (.text.Menu_Init)
                  00004fa8    00000014     mission_library.o (.text.MissionLibrary_GetByIndex)
                  00004fbc    00000014     mission_manager.o (.text.MissionManager_GetSelectedMissionId)
                  00004fd0    00000014     libclang_rt.builtins.a : aeabi_ldivmod.S.obj (.text.__aeabi_ldivmod)
                  00004fe4    00000012     libc.a : copy_decompress_none.c.obj (.text:decompress:none)
                  00004ff6    00000002     --HOLE-- [fill = 0]
                  00004ff8    00000010     key.o (.text.Key_GetEvent)
                  00005008    00000010     obstacle_avoidance.o (.text.ObstacleAvoidance_IsResumeGraceActive)
                  00005018    00000010     ti_msp_dl_config.o (.text.SYSCFG_DL_init)
                  00005028    0000000c     car_controller.o (.text.CarController_GetRunMode)
                  00005034    0000000c     car_state.o (.text.CarState_Get)
                  00005040    0000000c     car_state.o (.text.CarState_Init)
                  0000504c    0000000c     car_state.o (.text.CarState_Set)
                  00005058    0000000c     imu.o (.text.Imu_GetCorrectedGyroZDps)
                  00005064    0000000c     imu.o (.text.Imu_GetYaw)
                  00005070    0000000c     imu.o (.text.Imu_ResetYaw)
                  0000507c    0000000c     menu.o (.text.Menu_GetPage)
                  00005088    0000000c     menu.o (.text.Menu_GetParamItem)
                  00005094    0000000c     mission_manager.o (.text.MissionManager_SetExternalHold)
                  000050a0    0000000c     obstacle_avoidance.o (.text.ObstacleAvoidance_IsActive)
                  000050ac    0000000c     obstacle_avoidance.o (.text.ObstacleAvoidance_IsFailed)
                  000050b8    0000000c     obstacle_safety.o (.text.ObstacleSafety_IsHolding)
                  000050c4    0000000c     oled_ui.o (.text.OledUi_Init)
                  000050d0    0000000a     driverlib.a : dl_common.o (.text.DL_Common_delayCycles)
                  000050da    0000000a     track_sensor.o (.text.TrackSensor_IsCenterDetected)
                  000050e4    0000000a     track_sensor.o (.text.TrackSensor_IsLineDetected)
                  000050ee    0000000a     track_sensor.o (.text.TrackSensor_IsLineLost)
                  000050f8    00000008     car_controller.o (.text.CarController_GetFeedback)
                  00005100    00000008     heading_control.o (.text.HeadingControl_GetRuntime)
                  00005108    00000008     imu.o (.text.Imu_GetRuntime)
                  00005110    00000008     mission_manager.o (.text.MissionManager_GetMissionCount)
                  00005118    00000008     mission_manager.o (.text.MissionManager_GetRuntime)
                  00005120    00000008     motion_action.o (.text.MotionAction_GetRuntime)
                  00005128    00000008     obstacle_avoidance.o (.text.ObstacleAvoidance_GetFeedback)
                  00005130    00000008     obstacle_monitor.o (.text.ObstacleMonitor_GetFeedback)
                  00005138    00000008     servo.o (.text.Servo_GetFeedback)
                  00005140    00000008     ultrasonic.o (.text.Ultrasonic_GetFeedback)
                  00005148    00000008     libclang_rt.builtins.a : aeabi_memcpy.S.obj (.text.__aeabi_memcpy)
                  00005150    00000006     libc.a : exit.c.obj (.text:abort)
                  00005156    00000004     libsysbm.a : hostexit.c.obj (.text.HOSTexit)
                  0000515a    00000004     mission_library.o (.text.MissionLibrary_GetCount)
                  0000515e    00000004     startup_mspm0g350x_ticlang.o (.text.Reset_Handler)
                  00005162    00000004     libc.a : pre_init.c.obj (.text._system_pre_init)
                  00005166    00000002     --HOLE-- [fill = 0]

.cinit     0    000056e0    00000030     
                  000056e0    0000000c     (__TI_handler_table)
                  000056ec    00000008     (.cinit..bss.load) [load image, compression = zero_init]
                  000056f4    00000005     (.cinit..data.load) [load image, compression = lzss]
                  000056f9    00000003     --HOLE-- [fill = 0]
                  000056fc    00000010     (__TI_cinit_table)
                  0000570c    00000004     --HOLE-- [fill = 0]

.rodata    0    00005168    00000578     
                  00005168    000000d8     oled.o (.rodata..Lswitch.table.OLED_PrintChar)
                  00005240    000000a8     mission_library.o (.rodata.g_missionMapA)
                  000052e8    000000a8     mission_library.o (.rodata.g_missionMapB)
                  00005390    00000078     mission_library.o (.rodata.g_missionMapC)
                  00005408    00000030     mission_library.o (.rodata.g_missionRegistry)
                  00005438    00000024     oled_ui.o (.rodata..Lswitch.table.OledUi_Update_20ms)
                  0000545c    00000020     menu.o (.rodata..Lswitch.table.Menu_ParamItemToString)
                  0000547c    0000001c     car_controller.o (.rodata..Lswitch.table.CarController_RunModeToString)
                  00005498    00000018     oled_ui.o (.rodata..Lswitch.table.OledUi_Update_20ms.58)
                  000054b0    0000000c     mission_library.o (.rodata..Lswitch.table.MissionLibrary_FindById)
                  000054bc    00000009     oled_ui.o (.rodata.str1.18266126048138325213.1)
                  000054c5    00000007     oled_ui.o (.rodata.str1.9544068167406571052.1)
                  000054cc    00000006     oled_ui.o (.rodata.str1.13567883086814673087.1)
                  000054d2    00000006     mission_library.o (.rodata.str1.13636476544574750902.1)
                  000054d8    00000006     oled_ui.o (.rodata.str1.1445687256832830955.1)
                  000054de    00000006     oled_ui.o (.rodata.str1.15008238333949226094.1)
                  000054e4    00000006     mission_library.o (.rodata.str1.15668266851434757964.1)
                  000054ea    00000006     oled_ui.o (.rodata.str1.15802367878353263018.1)
                  000054f0    00000006     oled_ui.o (.rodata.str1.16939060351352778619.1)
                  000054f6    00000006     oled_ui.o (.rodata.str1.17540787658903907660.1)
                  000054fc    00000006     oled_ui.o (.rodata.str1.17884296644359297425.1)
                  00005502    00000006     oled_ui.o (.rodata.str1.18379317056176403938.1)
                  00005508    00000006     mission_library.o (.rodata.str1.199678142196697465.1)
                  0000550e    00000006     oled_ui.o (.rodata.str1.5965450730569173784.1)
                  00005514    00000005     oled.o (.rodata.oled_get_glyph.colon)
                  00005519    00000005     oled.o (.rodata.oled_get_glyph.eight)
                  0000551e    00000005     oled.o (.rodata.oled_get_glyph.five)
                  00005523    00000005     oled.o (.rodata.oled_get_glyph.four)
                  00005528    00000005     oled.o (.rodata.oled_get_glyph.glyphA)
                  0000552d    00000005     oled.o (.rodata.oled_get_glyph.glyphB)
                  00005532    00000005     oled.o (.rodata.oled_get_glyph.glyphC)
                  00005537    00000005     oled.o (.rodata.oled_get_glyph.glyphD)
                  0000553c    00000005     oled.o (.rodata.oled_get_glyph.glyphE)
                  00005541    00000005     oled.o (.rodata.oled_get_glyph.glyphG)
                  00005546    00000005     oled.o (.rodata.oled_get_glyph.glyphH)
                  0000554b    00000005     oled.o (.rodata.oled_get_glyph.glyphI)
                  00005550    00000005     oled.o (.rodata.oled_get_glyph.glyphK)
                  00005555    00000005     oled.o (.rodata.oled_get_glyph.glyphL)
                  0000555a    00000005     oled.o (.rodata.oled_get_glyph.glyphM)
                  0000555f    00000005     oled.o (.rodata.oled_get_glyph.glyphN)
                  00005564    00000005     oled.o (.rodata.oled_get_glyph.glyphO)
                  00005569    00000005     oled.o (.rodata.oled_get_glyph.glyphP)
                  0000556e    00000005     oled.o (.rodata.oled_get_glyph.glyphR)
                  00005573    00000005     oled.o (.rodata.oled_get_glyph.glyphS)
                  00005578    00000005     oled.o (.rodata.oled_get_glyph.glyphT)
                  0000557d    00000005     oled.o (.rodata.oled_get_glyph.glyphU)
                  00005582    00000005     oled.o (.rodata.oled_get_glyph.glyphV)
                  00005587    00000005     oled.o (.rodata.oled_get_glyph.glyphW)
                  0000558c    00000005     oled.o (.rodata.oled_get_glyph.glyphX)
                  00005591    00000005     oled.o (.rodata.oled_get_glyph.glyphY)
                  00005596    00000005     oled.o (.rodata.oled_get_glyph.glyphb)
                  0000559b    00000005     oled.o (.rodata.oled_get_glyph.gt)
                  000055a0    00000005     oled.o (.rodata.oled_get_glyph.minus)
                  000055a5    00000005     oled.o (.rodata.oled_get_glyph.nine)
                  000055aa    00000005     oled.o (.rodata.oled_get_glyph.one)
                  000055af    00000005     oled.o (.rodata.oled_get_glyph.seven)
                  000055b4    00000005     oled.o (.rodata.oled_get_glyph.six)
                  000055b9    00000005     oled.o (.rodata.oled_get_glyph.space)
                  000055be    00000005     oled.o (.rodata.oled_get_glyph.three)
                  000055c3    00000005     oled.o (.rodata.oled_get_glyph.two)
                  000055c8    00000005     oled.o (.rodata.oled_get_glyph.zero)
                  000055cd    00000005     oled_ui.o (.rodata.str1.1108652269057166745.1)
                  000055d2    00000005     oled_ui.o (.rodata.str1.12617122458660443890.1)
                  000055d7    00000005     oled_ui.o (.rodata.str1.12983537867572525563.1)
                  000055dc    00000005     oled_ui.o (.rodata.str1.13882251010780863896.1)
                  000055e1    00000005     oled_ui.o (.rodata.str1.14134189893851348960.1)
                  000055e6    00000005     oled_ui.o (.rodata.str1.15577080202403550426.1)
                  000055eb    00000005     oled_ui.o (.rodata.str1.15917848551323629232.1)
                  000055f0    00000005     oled_ui.o (.rodata.str1.16411631209783952401.1)
                  000055f5    00000005     car_controller.o (.rodata.str1.1652194605229746967.1)
                  000055fa    00000005     oled_ui.o (.rodata.str1.16526439943277383452.1)
                  000055ff    00000005     oled_ui.o (.rodata.str1.17274519358952562110.1)
                  00005604    00000005     oled_ui.o (.rodata.str1.270145429241168923.1)
                  00005609    00000005     car_controller.o (.rodata.str1.4164979912472006574.1)
                  0000560e    00000005     oled_ui.o (.rodata.str1.4402311448527872260.1)
                  00005613    00000005     oled_ui.o (.rodata.str1.4581472623415959594.1)
                  00005618    00000005     menu.o (.rodata.str1.4862307748908978627.1)
                  0000561d    00000005     oled_ui.o (.rodata.str1.7219546930854689545.1)
                  00005622    00000005     oled_ui.o (.rodata.str1.7419768602719733415.1)
                  00005627    00000005     oled_ui.o (.rodata.str1.8403269972884532600.1)
                  0000562c    00000005     oled_ui.o (.rodata.str1.8426569189266129334.1)
                  00005631    00000005     car_controller.o (.rodata.str1.9234375891235759983.1)
                  00005636    00000005     oled_ui.o (.rodata.str1.9611283282870761829.1)
                  0000563b    00000005     car_controller.o (.rodata.str1.9981487771679760427.1)
                  00005640    00000004     oled_ui.o (.rodata.str1.1019225241002246410.1)
                  00005644    00000004     oled_ui.o (.rodata.str1.10416366799939242409.1)
                  00005648    00000004     menu.o (.rodata.str1.12110183915172842339.1)
                  0000564c    00000004     car_controller.o (.rodata.str1.12442237994239546032.1)
                  00005650    00000004     oled_ui.o (.rodata.str1.130772507669342127.1)
                  00005654    00000004     menu.o (.rodata.str1.13124720451672825294.1)
                  00005658    00000004     oled_ui.o (.rodata.str1.13244290092665904221.1)
                  0000565c    00000004     oled_ui.o (.rodata.str1.13790669171379415506.1)
                  00005660    00000004     menu.o (.rodata.str1.14098755746347272832.1)
                  00005664    00000004     oled_ui.o (.rodata.str1.15817398807211891688.1)
                  00005668    00000004     oled_ui.o (.rodata.str1.15859922799842739878.1)
                  0000566c    00000004     menu.o (.rodata.str1.17041139162815566052.1)
                  00005670    00000004     car_controller.o (.rodata.str1.17172356789460551389.1)
                  00005674    00000004     car_controller.o (.rodata.str1.18191498530309206443.1)
                  00005678    00000004     oled_ui.o (.rodata.str1.2308938766145545715.1)
                  0000567c    00000004     oled_ui.o (.rodata.str1.3025253791635144717.1)
                  00005680    00000004     oled_ui.o (.rodata.str1.3407221357956504873.1)
                  00005684    00000004     oled_ui.o (.rodata.str1.3455423528827705371.1)
                  00005688    00000004     oled_ui.o (.rodata.str1.3702290527496711532.1)
                  0000568c    00000004     oled_ui.o (.rodata.str1.4581686099848791648.1)
                  00005690    00000004     oled_ui.o (.rodata.str1.4610220316623841660.1)
                  00005694    00000004     oled_ui.o (.rodata.str1.5853739094453432564.1)
                  00005698    00000004     car_controller.o (.rodata.str1.702403006289709404.1)
                  0000569c    00000004     oled_ui.o (.rodata.str1.8236579331345056500.1)
                  000056a0    00000004     oled_ui.o (.rodata.str1.8460525935980491721.1)
                  000056a4    00000004     oled_ui.o (.rodata.str1.8693388333057100694.1)
                  000056a8    00000004     oled_ui.o (.rodata.str1.8783421139296713095.1)
                  000056ac    00000004     oled_ui.o (.rodata.str1.9159586779647977165.1)
                  000056b0    00000004     oled_ui.o (.rodata.str1.9295666102996717355.1)
                  000056b4    00000004     menu.o (.rodata.str1.9546740394641817443.1)
                  000056b8    00000004     oled_ui.o (.rodata.str1.967006512144173535.1)
                  000056bc    00000004     oled_ui.o (.rodata.str1.9854382722193312766.1)
                  000056c0    00000003     oled_ui.o (.rodata.str1.11232419324784801130.1)
                  000056c3    00000003     oled_ui.o (.rodata.str1.14358698208395374265.1)
                  000056c6    00000003     oled_ui.o (.rodata.str1.14556837007311414654.1)
                  000056c9    00000003     menu.o (.rodata.str1.16312125044762562515.1)
                  000056cc    00000003     oled_ui.o (.rodata.str1.16849766574302683489.1)
                  000056cf    00000003     oled_ui.o (.rodata.str1.16931641404301806744.1)
                  000056d2    00000003     oled_ui.o (.rodata.str1.17812014771544466701.1)
                  000056d5    00000003     menu.o (.rodata.str1.4646809750356241979.1)
                  000056d8    00000003     menu.o (.rodata.str1.6857549598058878762.1)
                  000056db    00000005     --HOLE-- [fill = 0]

.init_array 
*          0    00000000    00000000     UNINITIALIZED

.binit     0    00000000    00000000     

.bss       0    20200000    00000181     UNINITIALIZED
                  20200000    0000005c     (.common:g_appConfig)
                  2020005c    00000038     (.common:g_appRuntime)
                  20200094    00000028     (.common:g_imuRuntime)
                  202000bc    00000020     mission_manager.o (.bss.g_missionRuntime)
                  202000dc    00000014     motion_action.o (.bss.g_motionActionRuntime)
                  202000f0    00000014     (.common:g_headingRuntime)
                  20200104    0000000e     car_controller.o (.bss.g_carControllerFeedback)
                  20200112    00000002     ultrasonic.o (.bss.g_echoTicks)
                  20200114    0000000e     ultrasonic.o (.bss.g_ultrasonicFeedback)
                  20200122    00000002     gimbal_stepper_test.o (.bss.g_pitchHalfPeriodTicks)
                  20200124    0000000a     obstacle_avoidance.o (.bss.g_avoidFeedback)
                  2020012e    00000008     obstacle_monitor.o (.bss.g_obstacleFeedback)
                  20200136    00000006     ultrasonic.o (.bss.g_distanceSamples)
                  2020013c    00000006     key.o (.bss.g_key1)
                  20200142    00000006     key.o (.bss.g_key2)
                  20200148    00000006     key.o (.bss.g_key3)
                  2020014e    00000002     obstacle_avoidance.o (.bss.g_resumeGraceMs)
                  20200150    00000004     encoder.o (.bss.g_motorAPulses)
                  20200154    00000004     encoder.o (.bss.g_motorBPulses)
                  20200158    00000004     servo.o (.bss.g_servoFeedback)
                  2020015c    00000002     servo.o (.bss.g_servoPwmPhase)
                  2020015e    00000002     ultrasonic.o (.bss.g_stateTicks)
                  20200160    00000002     (.common:g_trackError)
                  20200162    00000001     oled_ui.o (.bss.OledUi_Update_20ms.refreshDivider)
                  20200163    00000001     empty.o (.bss.SysTick_Handler.controlMsCount)
                  20200164    00000001     empty.o (.bss.SysTick_Handler.tick100usCount)
                  20200165    00000001     ultrasonic.o (.bss.Ultrasonic_Update_20ms.triggerDivider)
                  20200166    00000001     empty.o (.bss.g_appUpdateDue)
                  20200167    00000001     car_state.o (.bss.g_carState)
                  20200168    00000001     obstacle_monitor.o (.bss.g_centerSettleTicks)
                  20200169    00000001     ultrasonic.o (.bss.g_distanceSampleCount)
                  2020016a    00000001     ultrasonic.o (.bss.g_distanceSampleIndex)
                  2020016b    00000001     motor.o (.bss.g_motorADutyLevel)
                  2020016c    00000001     motor.o (.bss.g_motorBDutyLevel)
                  2020016d    00000001     obstacle_safety.o (.bss.g_obstacleSafetyHolding)
                  2020016e    00000001     oled.o (.bss.g_oledColumn)
                  2020016f    00000001     menu.o (.bss.g_oledPage)
                  20200170    00000001     menu.o (.bss.g_paramItem)
                  20200171    00000001     key.o (.bss.g_pendingEvent)
                  20200172    00000001     gimbal_stepper_test.o (.bss.g_pitchRunning)
                  20200173    00000001     gimbal_stepper_test.o (.bss.g_pitchStepHigh)
                  20200174    00000001     motor.o (.bss.g_pwmPhase)
                  20200175    00000001     car_controller.o (.bss.g_safetyHold)
                  20200176    00000001     obstacle_avoidance.o (.bss.g_stateStarted)
                  20200177    00000001     ultrasonic.o (.bss.g_triggerRequest)
                  20200178    00000001     ultrasonic.o (.bss.g_ultrasonicState)
                  20200179    00000001     (.common:g_carStateDebug)
                  2020017a    00000001     (.common:g_keyEvent)
                  2020017b    00000001     (.common:g_oledPageDebug)
                  2020017c    00000001     (.common:g_paramItemDebug)
                  2020017d    00000001     (.common:g_trackBlackCount)
                  2020017e    00000001     (.common:g_trackModeDebug)
                  2020017f    00000001     (.common:g_trackRaw)
                  20200180    00000001     (.common:g_trackTurnDebug)

.data      0    20200181    00000001     UNINITIALIZED
                  20200181    00000001     car_controller.o (.data.g_followTurnPolicy)

.stack     0    20207e00    00000200     UNINITIALIZED
                  20207e00    00000004     libc.a : boot_cortex_m.c.obj (.stack)
                  20207e04    000001fc     --HOLE--

__llvm_prf_cnts 
*          0    20200000    00000000     UNINITIALIZED

__llvm_prf_bits 
*          0    20200000    00000000     UNINITIALIZED

MODULE SUMMARY

       Module                         code    ro data   rw data
       ------                         ----    -------   -------
    .\
       car_controller.o               3208    64        72     
       imu.o                          3304    0         40     
       oled.o                         2088    401       1      
       oled_ui.o                      1572    330       1      
       mission_manager.o              1184    0         32     
       motion_action.o                1016    0         20     
       app_config.o                   832     0         92     
       menu.o                         720     66        2      
       obstacle_avoidance.o           752     0         13     
       mission_library.o              218     534       0      
       ultrasonic.o                   596     0         29     
       heading_control.o              468     0         20     
       key.o                          436     0         19     
       track_sensor.o                 372     0         0      
       motor.o                        356     0         3      
       ti_msp_dl_config.o             316     0         0      
       app.o                          290     0         10     
       obstacle_safety.o              228     0         1      
       empty.o                        200     0         3      
       obstacle_monitor.o             192     0         9      
       startup_mspm0g350x_ticlang.o   6       192       0      
       servo.o                        176     0         6      
       gimbal_stepper_test.o          160     0         4      
       encoder.o                      144     0         8      
       car_state.o                    36      0         1      
    +--+------------------------------+-------+---------+---------+
       Total:                         18870   1587      386    
                                                               
    C:/TI/mspm0_sdk_2_05_01_00/source/ti/driverlib/lib/ticlang/m0p/mspm0g1x0x_g3x0x/driverlib.a
       dl_common.o                    10      0         0      
    +--+------------------------------+-------+---------+---------+
       Total:                         10      0         0      
                                                               
    D:\TI\CCS\ccs\tools\compiler\ti-cgt-armllvm_4.0.4.LTS\lib\armv6m-ti-none-eabi/c/libc.a
       memcpy16.S.obj                 154     0         0      
       copy_decompress_lzss.c.obj     124     0         0      
       autoinit.c.obj                 60      0         0      
       boot_cortex_m.c.obj            40      0         0      
       copy_zero_init.c.obj           22      0         0      
       copy_decompress_none.c.obj     18      0         0      
       exit.c.obj                     6       0         0      
       pre_init.c.obj                 4       0         0      
    +--+------------------------------+-------+---------+---------+
       Total:                         428     0         0      
                                                               
    D:\TI\CCS\ccs\tools\compiler\ti-cgt-armllvm_4.0.4.LTS\lib\armv6m-ti-none-eabi/c/libsysbm.a
       hostexit.c.obj                 4       0         0      
    +--+------------------------------+-------+---------+---------+
       Total:                         4       0         0      
                                                               
    D:\TI\CCS\ccs\tools\compiler\ti-cgt-armllvm_4.0.4.LTS\lib\armv6m-ti-none-eabi/libclang_rt.builtins.a
       addsf3.S.obj                   216     0         0      
       udivmoddi4.S.obj               162     0         0      
       mulsf3.S.obj                   140     0         0      
       divsf3.S.obj                   130     0         0      
       comparesf2.S.obj               118     0         0      
       aeabi_fcmp.S.obj               98      0         0      
       aeabi_idivmod.S.obj            86      0         0      
       aeabi_uidivmod.S.obj           64      0         0      
       divmoddi4.c.obj                62      0         0      
       floatsisf.S.obj                60      0         0      
       muldsi3.S.obj                  58      0         0      
       fixsfsi.S.obj                  56      0         0      
       ashldi3.S.obj                  30      0         0      
       aeabi_ldivmod.S.obj            20      0         0      
       aeabi_memcpy.S.obj             8       0         0      
       aeabi_div0.c.obj               4       0         0      
    +--+------------------------------+-------+---------+---------+
       Total:                         1312    0         0      
                                                               
       Stack:                         0       0         512    
       Linker Generated:              0       41        0      
    +--+------------------------------+-------+---------+---------+
       Grand Total:                   20624   1628      898    


LINKER GENERATED COPY TABLES

__TI_cinit_table @ 000056fc records: 2, size/record: 8, table size: 16
	.bss: load addr=000056ec, load size=00000008 bytes, run addr=20200000, run size=00000181 bytes, compression=zero_init
	.data: load addr=000056f4, load size=00000005 bytes, run addr=20200181, run size=00000001 bytes, compression=lzss


LINKER GENERATED HANDLER TABLE

__TI_handler_table @ 000056e0 records: 3, size/record: 4, table size: 12
	index: 0, handler: __TI_decompress_lzss
	index: 1, handler: __TI_decompress_none
	index: 2, handler: __TI_zero_init


GLOBAL SYMBOLS: SORTED ALPHABETICALLY BY Name 

address   name                                  
-------   ----                                  
0000387b  ADC0_IRQHandler                       
0000387b  ADC1_IRQHandler                       
0000387b  AES_IRQHandler                        
00003669  AppConfig_InitDefault                 
00001395  AppConfig_LimitAll                    
000043df  App_Init                              
00003429  App_Update_20ms                       
00005156  C$$EXIT                               
0000387b  CANFD0_IRQHandler                     
000050f9  CarController_GetFeedback             
00005029  CarController_GetRunMode              
00003db5  CarController_Init                    
00003e31  CarController_ResetRuntime            
00004e85  CarController_RunModeToString         
00004601  CarController_SetSafetyHold           
00003b89  CarController_StartDriveHeading       
00003ead  CarController_StartFollowLine         
00003a59  CarController_StartSeekLine           
00004091  CarController_StartTurnLeft90         
0000401d  CarController_StartTurnRight90        
00003ca9  CarController_StartTurnToYawRelative  
00004d31  CarController_Stop                    
000000c1  CarController_Update_20ms             
00005035  CarState_Get                          
00005041  CarState_Init                         
0000504d  CarState_Set                          
0000387b  DAC0_IRQHandler                       
000050d1  DL_Common_delayCycles                 
0000387b  DMA_IRQHandler                        
0000387b  Default_Handler                       
00004171  Encoder_HandleGpioInterrupt           
00004d0d  Encoder_Reset                         
0000387b  GROUP0_IRQHandler                     
00004f45  GROUP1_IRQHandler                     
0000449d  GimbalStepperTest_Init                
00004781  GimbalStepperTest_Tick100us           
00005157  HOSTexit                              
0000387b  HardFault_Handler                     
00004f59  HeadingControl_Enable                 
00005101  HeadingControl_GetRuntime             
00004f6d  HeadingControl_Init                   
00004e9d  HeadingControl_LockCurrentYaw         
00004f81  HeadingControl_Reset                  
00004eb5  HeadingControl_SetTargetYaw           
000027c5  HeadingControl_Update                 
0000387b  I2C0_IRQHandler                       
0000387b  I2C1_IRQHandler                       
00001d11  Imu_CalibrateGyroBias                 
00005059  Imu_GetCorrectedGyroZDps              
00005109  Imu_GetRuntime                        
00005065  Imu_GetYaw                            
000010bd  Imu_Init                              
00004e31  Imu_IsReady                           
00005071  Imu_ResetYaw                          
00002ba1  Imu_Update                            
00004ff9  Key_GetEvent                          
00004b81  Key_Init                              
00002651  Key_Update_20ms                       
0000507d  Menu_GetPage                          
00005089  Menu_GetParamItem                     
00004319  Menu_GetParamValue                    
00001ae9  Menu_HandleKeyEvent                   
00004f95  Menu_Init                             
00004ecd  Menu_ParamItemToString                
00004ee5  MissionLibrary_FindById               
00004fa9  MissionLibrary_GetByIndex             
0000515b  MissionLibrary_GetCount               
000037d1  MissionLibrary_Validate               
00004bb1  MissionManager_Cancel                 
00005111  MissionManager_GetMissionCount        
00005119  MissionManager_GetRuntime             
00004fbd  MissionManager_GetSelectedMissionId   
00004249  MissionManager_GetSelectedMissionIndex
000046f1  MissionManager_Init                   
00004d51  MissionManager_Pause                  
00004be1  MissionManager_Reset                  
00004d71  MissionManager_Resume                 
00002ef9  MissionManager_SelectNext             
000030d5  MissionManager_SelectPrevious         
00005095  MissionManager_SetExternalHold        
00004809  MissionManager_Start                  
00002e01  MissionManager_Update_20ms            
00004efd  MotionAction_Cancel                   
00004d91  MotionAction_GetCurrentBypassDirection
00004db1  MotionAction_GetCurrentObstaclePolicy 
00005121  MotionAction_GetRuntime               
00004f15  MotionAction_Init                     
00004a71  MotionAction_ReapplyControllerTarget  
00002925  MotionAction_Start                    
00001f25  MotionAction_Update_20ms              
00004aa9  Motor_Init                            
00004651  Motor_PwmTick100us                    
00003721  Motor_SetSpeed                        
00004c11  Motor_Stop                            
0000387b  NMI_Handler                           
00001895  OLED_Clear                            
00003285  OLED_Init                             
0000443d  OLED_PrintBinary7                     
00003359  OLED_PrintChar                        
00002a65  OLED_PrintInt16                       
00004b4d  OLED_PrintString                      
00004b19  OLED_SetCursor                        
00005129  ObstacleAvoidance_GetFeedback         
00004dd1  ObstacleAvoidance_Init                
000050a1  ObstacleAvoidance_IsActive            
000050ad  ObstacleAvoidance_IsFailed            
00005009  ObstacleAvoidance_IsResumeGraceActive 
0000161d  ObstacleAvoidance_Update_20ms         
00005131  ObstacleMonitor_GetFeedback           
00004e4d  ObstacleMonitor_Init                  
00003921  ObstacleMonitor_Update_20ms           
00004e69  ObstacleSafety_Init                   
000050b9  ObstacleSafety_IsHolding              
000035ad  ObstacleSafety_Update_20ms            
000050c5  OledUi_Init                           
000007b5  OledUi_Update_20ms                    
0000387b  PendSV_Handler                        
0000387b  RTC_IRQHandler                        
0000515f  Reset_Handler                         
0000387b  SPI0_IRQHandler                       
0000387b  SPI1_IRQHandler                       
0000387b  SVC_Handler                           
000034ed  SYSCFG_DL_GPIO_init                   
00004849  SYSCFG_DL_SYSCTL_init                 
00005019  SYSCFG_DL_init                        
00004c3d  SYSCFG_DL_initPower                   
00005139  Servo_GetFeedback                     
00004c95  Servo_Init                            
00004909  Servo_SetAngleDeg                     
000047c5  Servo_Tick100us                       
00004739  SysTick_Handler                       
0000387b  TIMA0_IRQHandler                      
0000387b  TIMA1_IRQHandler                      
0000387b  TIMG0_IRQHandler                      
0000387b  TIMG12_IRQHandler                     
0000387b  TIMG6_IRQHandler                      
0000387b  TIMG7_IRQHandler                      
0000387b  TIMG8_IRQHandler                      
00004c69  TrackSensor_CountBlack                
00004101  TrackSensor_DetectTurn                
000042b1  TrackSensor_GetErrorFromRaw           
0000391f  TrackSensor_Init                      
000050db  TrackSensor_IsCenterDetected          
000050e5  TrackSensor_IsLineDetected            
000050ef  TrackSensor_IsLineLost                
000045ad  TrackSensor_ReadRaw                   
0000387b  UART0_IRQHandler                      
0000387b  UART1_IRQHandler                      
0000387b  UART2_IRQHandler                      
0000387b  UART3_IRQHandler                      
00005141  Ultrasonic_GetFeedback                
000046a1  Ultrasonic_Init                       
000024b1  Ultrasonic_Tick100us                  
000044f9  Ultrasonic_Update_20ms                
20208000  __STACK_END                           
00000200  __STACK_SIZE                          
00000000  __TI_ATRegion0_region_sz              
00000000  __TI_ATRegion0_src_addr               
00000000  __TI_ATRegion0_trg_addr               
00000000  __TI_ATRegion1_region_sz              
00000000  __TI_ATRegion1_src_addr               
00000000  __TI_ATRegion1_trg_addr               
00000000  __TI_ATRegion2_region_sz              
00000000  __TI_ATRegion2_src_addr               
00000000  __TI_ATRegion2_trg_addr               
000056fc  __TI_CINIT_Base                       
0000570c  __TI_CINIT_Limit                      
0000570c  __TI_CINIT_Warm                       
000056e0  __TI_Handler_Table_Base               
000056ec  __TI_Handler_Table_Limit              
000049bd  __TI_auto_init_nobinit_nopinit        
00003f29  __TI_decompress_lzss                  
00004fe5  __TI_decompress_none                  
ffffffff  __TI_pprof_out_hndl                   
ffffffff  __TI_prof_data_size                   
ffffffff  __TI_prof_data_start                  
00000000  __TI_static_base__                    
00004f2d  __TI_zero_init_nomemset               
000031b7  __addsf3                              
00004ae1  __aeabi_f2iz                          
000031b7  __aeabi_fadd                          
0000437d  __aeabi_fcmpeq                        
000043b9  __aeabi_fcmpge                        
000043cd  __aeabi_fcmpgt                        
000043a5  __aeabi_fcmple                        
00004391  __aeabi_fcmplt                        
00003d31  __aeabi_fdiv                          
00003c1d  __aeabi_fmul                          
000031ad  __aeabi_fsub                          
00004945  __aeabi_i2f                           
00004555  __aeabi_idiv                          
00003a57  __aeabi_idiv0                         
00004555  __aeabi_idivmod                       
00003db3  __aeabi_ldiv0                         
00004fd1  __aeabi_ldivmod                       
00004e11  __aeabi_llsl                          
00005149  __aeabi_memcpy                        
00005149  __aeabi_memcpy4                       
00005149  __aeabi_memcpy8                       
00004889  __aeabi_uidiv                         
00004889  __aeabi_uidivmod                      
00004e11  __ashldi3                             
ffffffff  __binit__                             
000049f9  __cmpsf2                              
000048c9  __divmoddi4                           
00003d31  __divsf3                              
000049f9  __eqsf2                               
00004ae1  __fixsfsi                             
00004945  __floatsisf                           
00004981  __gesf2                               
00004981  __gtsf2                               
000049f9  __lesf2                               
000049f9  __ltsf2                               
UNDEFED   __mpu_init                            
00004a35  __muldsi3                             
00003c1d  __mulsf3                              
000049f9  __nesf2                               
20207e00  __stack                               
20200000  __start___llvm_prf_bits               
20200000  __start___llvm_prf_cnts               
20200000  __stop___llvm_prf_bits                
20200000  __stop___llvm_prf_cnts                
000031ad  __subsf3                              
0000387d  __udivmoddi4                          
00004ce5  _c_int00_noargs                       
UNDEFED   _system_post_cinit                    
00005163  _system_pre_init                      
00005151  abort                                 
ffffffff  binit                                 
20200000  g_appConfig                           
2020005c  g_appRuntime                          
20200179  g_carStateDebug                       
202000f0  g_headingRuntime                      
20200094  g_imuRuntime                          
2020017a  g_keyEvent                            
2020017b  g_oledPageDebug                       
2020017c  g_paramItemDebug                      
2020017d  g_trackBlackCount                     
20200160  g_trackError                          
2020017e  g_trackModeDebug                      
2020017f  g_trackRaw                            
20200180  g_trackTurnDebug                      
00000000  interruptVectors                      
000041dd  main                                  
000039bd  memcpy                                


GLOBAL SYMBOLS: SORTED BY Symbol Address 

address   name                                  
-------   ----                                  
00000000  __TI_ATRegion0_region_sz              
00000000  __TI_ATRegion0_src_addr               
00000000  __TI_ATRegion0_trg_addr               
00000000  __TI_ATRegion1_region_sz              
00000000  __TI_ATRegion1_src_addr               
00000000  __TI_ATRegion1_trg_addr               
00000000  __TI_ATRegion2_region_sz              
00000000  __TI_ATRegion2_src_addr               
00000000  __TI_ATRegion2_trg_addr               
00000000  __TI_static_base__                    
00000000  interruptVectors                      
000000c1  CarController_Update_20ms             
00000200  __STACK_SIZE                          
000007b5  OledUi_Update_20ms                    
000010bd  Imu_Init                              
00001395  AppConfig_LimitAll                    
0000161d  ObstacleAvoidance_Update_20ms         
00001895  OLED_Clear                            
00001ae9  Menu_HandleKeyEvent                   
00001d11  Imu_CalibrateGyroBias                 
00001f25  MotionAction_Update_20ms              
000024b1  Ultrasonic_Tick100us                  
00002651  Key_Update_20ms                       
000027c5  HeadingControl_Update                 
00002925  MotionAction_Start                    
00002a65  OLED_PrintInt16                       
00002ba1  Imu_Update                            
00002e01  MissionManager_Update_20ms            
00002ef9  MissionManager_SelectNext             
000030d5  MissionManager_SelectPrevious         
000031ad  __aeabi_fsub                          
000031ad  __subsf3                              
000031b7  __addsf3                              
000031b7  __aeabi_fadd                          
00003285  OLED_Init                             
00003359  OLED_PrintChar                        
00003429  App_Update_20ms                       
000034ed  SYSCFG_DL_GPIO_init                   
000035ad  ObstacleSafety_Update_20ms            
00003669  AppConfig_InitDefault                 
00003721  Motor_SetSpeed                        
000037d1  MissionLibrary_Validate               
0000387b  ADC0_IRQHandler                       
0000387b  ADC1_IRQHandler                       
0000387b  AES_IRQHandler                        
0000387b  CANFD0_IRQHandler                     
0000387b  DAC0_IRQHandler                       
0000387b  DMA_IRQHandler                        
0000387b  Default_Handler                       
0000387b  GROUP0_IRQHandler                     
0000387b  HardFault_Handler                     
0000387b  I2C0_IRQHandler                       
0000387b  I2C1_IRQHandler                       
0000387b  NMI_Handler                           
0000387b  PendSV_Handler                        
0000387b  RTC_IRQHandler                        
0000387b  SPI0_IRQHandler                       
0000387b  SPI1_IRQHandler                       
0000387b  SVC_Handler                           
0000387b  TIMA0_IRQHandler                      
0000387b  TIMA1_IRQHandler                      
0000387b  TIMG0_IRQHandler                      
0000387b  TIMG12_IRQHandler                     
0000387b  TIMG6_IRQHandler                      
0000387b  TIMG7_IRQHandler                      
0000387b  TIMG8_IRQHandler                      
0000387b  UART0_IRQHandler                      
0000387b  UART1_IRQHandler                      
0000387b  UART2_IRQHandler                      
0000387b  UART3_IRQHandler                      
0000387d  __udivmoddi4                          
0000391f  TrackSensor_Init                      
00003921  ObstacleMonitor_Update_20ms           
000039bd  memcpy                                
00003a57  __aeabi_idiv0                         
00003a59  CarController_StartSeekLine           
00003b89  CarController_StartDriveHeading       
00003c1d  __aeabi_fmul                          
00003c1d  __mulsf3                              
00003ca9  CarController_StartTurnToYawRelative  
00003d31  __aeabi_fdiv                          
00003d31  __divsf3                              
00003db3  __aeabi_ldiv0                         
00003db5  CarController_Init                    
00003e31  CarController_ResetRuntime            
00003ead  CarController_StartFollowLine         
00003f29  __TI_decompress_lzss                  
0000401d  CarController_StartTurnRight90        
00004091  CarController_StartTurnLeft90         
00004101  TrackSensor_DetectTurn                
00004171  Encoder_HandleGpioInterrupt           
000041dd  main                                  
00004249  MissionManager_GetSelectedMissionIndex
000042b1  TrackSensor_GetErrorFromRaw           
00004319  Menu_GetParamValue                    
0000437d  __aeabi_fcmpeq                        
00004391  __aeabi_fcmplt                        
000043a5  __aeabi_fcmple                        
000043b9  __aeabi_fcmpge                        
000043cd  __aeabi_fcmpgt                        
000043df  App_Init                              
0000443d  OLED_PrintBinary7                     
0000449d  GimbalStepperTest_Init                
000044f9  Ultrasonic_Update_20ms                
00004555  __aeabi_idiv                          
00004555  __aeabi_idivmod                       
000045ad  TrackSensor_ReadRaw                   
00004601  CarController_SetSafetyHold           
00004651  Motor_PwmTick100us                    
000046a1  Ultrasonic_Init                       
000046f1  MissionManager_Init                   
00004739  SysTick_Handler                       
00004781  GimbalStepperTest_Tick100us           
000047c5  Servo_Tick100us                       
00004809  MissionManager_Start                  
00004849  SYSCFG_DL_SYSCTL_init                 
00004889  __aeabi_uidiv                         
00004889  __aeabi_uidivmod                      
000048c9  __divmoddi4                           
00004909  Servo_SetAngleDeg                     
00004945  __aeabi_i2f                           
00004945  __floatsisf                           
00004981  __gesf2                               
00004981  __gtsf2                               
000049bd  __TI_auto_init_nobinit_nopinit        
000049f9  __cmpsf2                              
000049f9  __eqsf2                               
000049f9  __lesf2                               
000049f9  __ltsf2                               
000049f9  __nesf2                               
00004a35  __muldsi3                             
00004a71  MotionAction_ReapplyControllerTarget  
00004aa9  Motor_Init                            
00004ae1  __aeabi_f2iz                          
00004ae1  __fixsfsi                             
00004b19  OLED_SetCursor                        
00004b4d  OLED_PrintString                      
00004b81  Key_Init                              
00004bb1  MissionManager_Cancel                 
00004be1  MissionManager_Reset                  
00004c11  Motor_Stop                            
00004c3d  SYSCFG_DL_initPower                   
00004c69  TrackSensor_CountBlack                
00004c95  Servo_Init                            
00004ce5  _c_int00_noargs                       
00004d0d  Encoder_Reset                         
00004d31  CarController_Stop                    
00004d51  MissionManager_Pause                  
00004d71  MissionManager_Resume                 
00004d91  MotionAction_GetCurrentBypassDirection
00004db1  MotionAction_GetCurrentObstaclePolicy 
00004dd1  ObstacleAvoidance_Init                
00004e11  __aeabi_llsl                          
00004e11  __ashldi3                             
00004e31  Imu_IsReady                           
00004e4d  ObstacleMonitor_Init                  
00004e69  ObstacleSafety_Init                   
00004e85  CarController_RunModeToString         
00004e9d  HeadingControl_LockCurrentYaw         
00004eb5  HeadingControl_SetTargetYaw           
00004ecd  Menu_ParamItemToString                
00004ee5  MissionLibrary_FindById               
00004efd  MotionAction_Cancel                   
00004f15  MotionAction_Init                     
00004f2d  __TI_zero_init_nomemset               
00004f45  GROUP1_IRQHandler                     
00004f59  HeadingControl_Enable                 
00004f6d  HeadingControl_Init                   
00004f81  HeadingControl_Reset                  
00004f95  Menu_Init                             
00004fa9  MissionLibrary_GetByIndex             
00004fbd  MissionManager_GetSelectedMissionId   
00004fd1  __aeabi_ldivmod                       
00004fe5  __TI_decompress_none                  
00004ff9  Key_GetEvent                          
00005009  ObstacleAvoidance_IsResumeGraceActive 
00005019  SYSCFG_DL_init                        
00005029  CarController_GetRunMode              
00005035  CarState_Get                          
00005041  CarState_Init                         
0000504d  CarState_Set                          
00005059  Imu_GetCorrectedGyroZDps              
00005065  Imu_GetYaw                            
00005071  Imu_ResetYaw                          
0000507d  Menu_GetPage                          
00005089  Menu_GetParamItem                     
00005095  MissionManager_SetExternalHold        
000050a1  ObstacleAvoidance_IsActive            
000050ad  ObstacleAvoidance_IsFailed            
000050b9  ObstacleSafety_IsHolding              
000050c5  OledUi_Init                           
000050d1  DL_Common_delayCycles                 
000050db  TrackSensor_IsCenterDetected          
000050e5  TrackSensor_IsLineDetected            
000050ef  TrackSensor_IsLineLost                
000050f9  CarController_GetFeedback             
00005101  HeadingControl_GetRuntime             
00005109  Imu_GetRuntime                        
00005111  MissionManager_GetMissionCount        
00005119  MissionManager_GetRuntime             
00005121  MotionAction_GetRuntime               
00005129  ObstacleAvoidance_GetFeedback         
00005131  ObstacleMonitor_GetFeedback           
00005139  Servo_GetFeedback                     
00005141  Ultrasonic_GetFeedback                
00005149  __aeabi_memcpy                        
00005149  __aeabi_memcpy4                       
00005149  __aeabi_memcpy8                       
00005151  abort                                 
00005156  C$$EXIT                               
00005157  HOSTexit                              
0000515b  MissionLibrary_GetCount               
0000515f  Reset_Handler                         
00005163  _system_pre_init                      
000056e0  __TI_Handler_Table_Base               
000056ec  __TI_Handler_Table_Limit              
000056fc  __TI_CINIT_Base                       
0000570c  __TI_CINIT_Limit                      
0000570c  __TI_CINIT_Warm                       
20200000  __start___llvm_prf_bits               
20200000  __start___llvm_prf_cnts               
20200000  __stop___llvm_prf_bits                
20200000  __stop___llvm_prf_cnts                
20200000  g_appConfig                           
2020005c  g_appRuntime                          
20200094  g_imuRuntime                          
202000f0  g_headingRuntime                      
20200160  g_trackError                          
20200179  g_carStateDebug                       
2020017a  g_keyEvent                            
2020017b  g_oledPageDebug                       
2020017c  g_paramItemDebug                      
2020017d  g_trackBlackCount                     
2020017e  g_trackModeDebug                      
2020017f  g_trackRaw                            
20200180  g_trackTurnDebug                      
20207e00  __stack                               
20208000  __STACK_END                           
ffffffff  __TI_pprof_out_hndl                   
ffffffff  __TI_prof_data_size                   
ffffffff  __TI_prof_data_start                  
ffffffff  __binit__                             
ffffffff  binit                                 
UNDEFED   __mpu_init                            
UNDEFED   _system_post_cinit                    

[245 symbols]
