******************************************************************************
            TI ARM Clang Linker PC v4.0.4                      
******************************************************************************
>> Linked Tue Jul 14 02:26:10 2026

OUTPUT FILE NAME:   <diansaikaishi.out>
ENTRY POINT SYMBOL: "_c_int00_noargs"  address: 00004c2d


MEMORY CONFIGURATION

         name            origin    length      used     unused   attr    fill
----------------------  --------  ---------  --------  --------  ----  --------
  FLASH                 00000000   00020000  00005658  0001a9a8  R  X
  SRAM                  20200000   00008000  0000037e  00007c82  RW X
  BCR_CONFIG            41c00000   000000ff  00000000  000000ff  R   
  BSL_CONFIG            41c00100   00000080  00000000  00000080  R   


SEGMENT ALLOCATION MAP

run origin  load origin   length   init length attrs members
----------  ----------- ---------- ----------- ----- -------
00000000    00000000    00005658   00005658    r-x
  00000000    00000000    000000c0   000000c0    r-- .intvecs
  000000c0    000000c0    00004ff0   00004ff0    r-x .text
  000050b0    000050b0    00000578   00000578    r-- .rodata
  00005628    00005628    00000030   00000030    r-- .cinit
20200000    20200000    0000017e   00000000    rw-
  20200000    20200000    0000017d   00000000    rw- .bss
  2020017d    2020017d    00000001   00000000    rw- .data
20207e00    20207e00    00000200   00000000    rw-
  20207e00    20207e00    00000200   00000000    rw- .stack


SECTION ALLOCATION MAP

 output                                  attributes/
section   page    origin      length       input sections
--------  ----  ----------  ----------   ----------------
.intvecs   0    00000000    000000c0     
                  00000000    000000c0     startup_mspm0g350x_ticlang.o (.intvecs)

.text      0    000000c0    00004ff0     
                  000000c0    000006f4     car_controller.o (.text.CarController_Update_20ms)
                  000007b4    00000618     oled_ui.o (.text.OledUi_Update_20ms)
                  00000dcc    000002f0     imu.o (.text.mpu6050_read_regs)
                  000010bc    000002d8     imu.o (.text.Imu_Init)
                  00001394    00000288     app_config.o (.text.AppConfig_LimitAll)
                  0000161c    00000278     obstacle_avoidance.o (.text.ObstacleAvoidance_Update_20ms)
                  00001894    00000254     oled.o (.text.OLED_Clear)
                  00001ae8    00000228     menu.o (.text.Menu_HandleKeyEvent)
                  00001d10    00000214     imu.o (.text.Imu_CalibrateGyroBias)
                  00001f24    00000208     motion_action.o (.text.MotionAction_Update_20ms)
                  0000212c    000001cc     imu.o (.text.imu_i2c_write_byte)
                  000022f8    000001b8     oled.o (.text.oled_i2c_write_byte)
                  000024b0    000001a0     ultrasonic.o (.text.Ultrasonic_Tick100us)
                  00002650    00000174     key.o (.text.Key_Update_20ms)
                  000027c4    00000160     heading_control.o (.text.HeadingControl_Update)
                  00002924    00000140     motion_action.o (.text.MotionAction_Start)
                  00002a64    0000013c     oled.o (.text.OLED_PrintInt16)
                  00002ba0    00000134     imu.o (.text.Imu_Update)
                  00002cd4    0000012c     imu.o (.text.imu_i2c_recover_bus)
                  00002e00    000000f8     mission_manager.o (.text.MissionManager_Update_20ms)
                  00002ef8    000000f0     mission_manager.o (.text.MissionManager_SelectNext)
                  00002fe8    000000ec     car_controller.o (.text.handle_turn_90)
                  000030d4    000000d8     mission_manager.o (.text.MissionManager_SelectPrevious)
                  000031ac    000000d8     libclang_rt.builtins.a : addsf3.S.obj (.text)
                  00003284    000000d4     oled.o (.text.OLED_Init)
                  00003358    000000d0     oled.o (.text.OLED_PrintChar)
                  00003428    000000c4     app.o (.text.App_Update_20ms)
                  000034ec    000000bc     obstacle_safety.o (.text.ObstacleSafety_Update_20ms)
                  000035a8    000000b8     app_config.o (.text.AppConfig_InitDefault)
                  00003660    000000b0     motor.o (.text.Motor_SetSpeed)
                  00003710    000000b0     ti_msp_dl_config.o (.text.SYSCFG_DL_GPIO_init)
                  000037c0    000000aa     mission_library.o (.text.MissionLibrary_Validate)
                  0000386a    00000002     startup_mspm0g350x_ticlang.o (.text.Default_Handler)
                  0000386c    000000a2     libclang_rt.builtins.a : udivmoddi4.S.obj (.text)
                  0000390e    00000002     track_sensor.o (.text.TrackSensor_Init)
                  00003910    0000009c     obstacle_monitor.o (.text.ObstacleMonitor_Update_20ms)
                  000039ac    0000009a     libc.a : memcpy16.S.obj (.text:memcpy)
                  00003a46    00000002     libclang_rt.builtins.a : aeabi_div0.c.obj (.text.__aeabi_idiv0)
                  00003a48    00000098     car_controller.o (.text.CarController_StartSeekLine)
                  00003ae0    00000098     imu.o (.text.mpu6050_write_reg)
                  00003b78    00000094     car_controller.o (.text.CarController_StartDriveHeading)
                  00003c0c    0000008c     libclang_rt.builtins.a : mulsf3.S.obj (.text.__mulsf3)
                  00003c98    00000088     car_controller.o (.text.CarController_StartTurnToYawRelative)
                  00003d20    00000082     libclang_rt.builtins.a : divsf3.S.obj (.text.__divsf3)
                  00003da2    00000002                            : aeabi_div0.c.obj (.text.__aeabi_ldiv0)
                  00003da4    0000007c     car_controller.o (.text.CarController_Init)
                  00003e20    0000007c     car_controller.o (.text.CarController_ResetRuntime)
                  00003e9c    0000007c     car_controller.o (.text.CarController_StartFollowLine)
                  00003f18    0000007c     libc.a : copy_decompress_lzss.c.obj (.text:decompress:lzss)
                  00003f94    00000078     oled.o (.text.oled_write_command)
                  0000400c    00000074     car_controller.o (.text.CarController_StartTurnRight90)
                  00004080    00000070     car_controller.o (.text.CarController_StartTurnLeft90)
                  000040f0    0000006e     track_sensor.o (.text.TrackSensor_DetectTurn)
                  0000415e    00000002     --HOLE-- [fill = 0]
                  00004160    0000006c     encoder.o (.text.Encoder_HandleGpioInterrupt)
                  000041cc    0000006c     empty.o (.text.main)
                  00004238    00000068     mission_manager.o (.text.MissionManager_GetSelectedMissionIndex)
                  000042a0    00000066     track_sensor.o (.text.TrackSensor_GetErrorFromRaw)
                  00004306    00000002     --HOLE-- [fill = 0]
                  00004308    00000064     menu.o (.text.Menu_GetParamValue)
                  0000436c    00000062     libclang_rt.builtins.a : aeabi_fcmp.S.obj (.text.__aeabi_fcmp)
                  000043ce    0000005e     oled.o (.text.OLED_PrintBinary7)
                  0000442c    0000005c     ultrasonic.o (.text.Ultrasonic_Update_20ms)
                  00004488    0000005a     app.o (.text.App_Init)
                  000044e2    00000002     --HOLE-- [fill = 0]
                  000044e4    00000056     libclang_rt.builtins.a : aeabi_idivmod.S.obj (.text.__aeabi_idivmod)
                  0000453a    00000002     --HOLE-- [fill = 0]
                  0000453c    00000054     track_sensor.o (.text.TrackSensor_ReadRaw)
                  00004590    00000050     car_controller.o (.text.CarController_SetSafetyHold)
                  000045e0    00000050     motor.o (.text.Motor_PwmTick100us)
                  00004630    00000050     ultrasonic.o (.text.Ultrasonic_Init)
                  00004680    00000048     mission_manager.o (.text.MissionManager_Init)
                  000046c8    00000044     servo.o (.text.Servo_Tick100us)
                  0000470c    00000044     empty.o (.text.SysTick_Handler)
                  00004750    00000040     mission_manager.o (.text.MissionManager_Start)
                  00004790    00000040     ti_msp_dl_config.o (.text.SYSCFG_DL_SYSCTL_init)
                  000047d0    00000040     libclang_rt.builtins.a : aeabi_uidivmod.S.obj (.text.__aeabi_uidivmod)
                  00004810    0000003e                            : divmoddi4.c.obj (.text.__divmoddi4)
                  0000484e    00000002     --HOLE-- [fill = 0]
                  00004850    0000003c     servo.o (.text.Servo_SetAngleDeg)
                  0000488c    0000003c     libclang_rt.builtins.a : floatsisf.S.obj (.text.__floatsisf)
                  000048c8    0000003c                            : comparesf2.S.obj (.text.__gtsf2)
                  00004904    0000003c     libc.a : autoinit.c.obj (.text:__TI_auto_init_nobinit_nopinit)
                  00004940    0000003a     libclang_rt.builtins.a : comparesf2.S.obj (.text.__eqsf2)
                  0000497a    00000002     --HOLE-- [fill = 0]
                  0000497c    0000003a                            : muldsi3.S.obj (.text.__muldsi3)
                  000049b6    00000002     --HOLE-- [fill = 0]
                  000049b8    00000038     motion_action.o (.text.MotionAction_ReapplyControllerTarget)
                  000049f0    00000038     motor.o (.text.Motor_Init)
                  00004a28    00000038     libclang_rt.builtins.a : fixsfsi.S.obj (.text.__fixsfsi)
                  00004a60    00000034     oled.o (.text.OLED_SetCursor)
                  00004a94    00000032     oled.o (.text.OLED_PrintString)
                  00004ac6    00000002     --HOLE-- [fill = 0]
                  00004ac8    00000030     key.o (.text.Key_Init)
                  00004af8    00000030     mission_manager.o (.text.MissionManager_Cancel)
                  00004b28    00000030     mission_manager.o (.text.MissionManager_Reset)
                  00004b58    0000002c     motor.o (.text.Motor_Stop)
                  00004b84    0000002c     ti_msp_dl_config.o (.text.SYSCFG_DL_initPower)
                  00004bb0    0000002c     track_sensor.o (.text.TrackSensor_CountBlack)
                  00004bdc    00000028     servo.o (.text.Servo_Init)
                  00004c04    00000028     obstacle_avoidance.o (.text.avoid_fail)
                  00004c2c    00000028     libc.a : boot_cortex_m.c.obj (.text:_c_int00_noargs)
                  00004c54    00000024     encoder.o (.text.Encoder_Reset)
                  00004c78    00000020     car_controller.o (.text.CarController_Stop)
                  00004c98    00000020     mission_manager.o (.text.MissionManager_Pause)
                  00004cb8    00000020     mission_manager.o (.text.MissionManager_Resume)
                  00004cd8    00000020     motion_action.o (.text.MotionAction_GetCurrentBypassDirection)
                  00004cf8    00000020     motion_action.o (.text.MotionAction_GetCurrentObstaclePolicy)
                  00004d18    00000020     obstacle_avoidance.o (.text.ObstacleAvoidance_Init)
                  00004d38    00000020     mission_manager.o (.text.mission_finish_error)
                  00004d58    0000001e     libclang_rt.builtins.a : ashldi3.S.obj (.text.__ashldi3)
                  00004d76    00000002     --HOLE-- [fill = 0]
                  00004d78    0000001c     imu.o (.text.Imu_IsReady)
                  00004d94    0000001c     obstacle_monitor.o (.text.ObstacleMonitor_Init)
                  00004db0    0000001c     obstacle_safety.o (.text.ObstacleSafety_Init)
                  00004dcc    00000018     car_controller.o (.text.CarController_RunModeToString)
                  00004de4    00000018     heading_control.o (.text.HeadingControl_LockCurrentYaw)
                  00004dfc    00000018     heading_control.o (.text.HeadingControl_SetTargetYaw)
                  00004e14    00000018     menu.o (.text.Menu_ParamItemToString)
                  00004e2c    00000018     mission_library.o (.text.MissionLibrary_FindById)
                  00004e44    00000018     motion_action.o (.text.MotionAction_Cancel)
                  00004e5c    00000018     motion_action.o (.text.MotionAction_Init)
                  00004e74    00000016     libc.a : copy_zero_init.c.obj (.text:decompress:ZI:__TI_zero_init_nomemset)
                  00004e8a    00000002     --HOLE-- [fill = 0]
                  00004e8c    00000014     empty.o (.text.GROUP1_IRQHandler)
                  00004ea0    00000014     heading_control.o (.text.HeadingControl_Enable)
                  00004eb4    00000014     heading_control.o (.text.HeadingControl_Init)
                  00004ec8    00000014     heading_control.o (.text.HeadingControl_Reset)
                  00004edc    00000014     menu.o (.text.Menu_Init)
                  00004ef0    00000014     mission_library.o (.text.MissionLibrary_GetByIndex)
                  00004f04    00000014     mission_manager.o (.text.MissionManager_GetSelectedMissionId)
                  00004f18    00000014     libclang_rt.builtins.a : aeabi_ldivmod.S.obj (.text.__aeabi_ldivmod)
                  00004f2c    00000012     libc.a : copy_decompress_none.c.obj (.text:decompress:none)
                  00004f3e    00000002     --HOLE-- [fill = 0]
                  00004f40    00000010     key.o (.text.Key_GetEvent)
                  00004f50    00000010     obstacle_avoidance.o (.text.ObstacleAvoidance_IsResumeGraceActive)
                  00004f60    00000010     ti_msp_dl_config.o (.text.SYSCFG_DL_init)
                  00004f70    0000000c     car_controller.o (.text.CarController_GetRunMode)
                  00004f7c    0000000c     car_state.o (.text.CarState_Get)
                  00004f88    0000000c     car_state.o (.text.CarState_Init)
                  00004f94    0000000c     car_state.o (.text.CarState_Set)
                  00004fa0    0000000c     imu.o (.text.Imu_GetCorrectedGyroZDps)
                  00004fac    0000000c     imu.o (.text.Imu_GetYaw)
                  00004fb8    0000000c     imu.o (.text.Imu_ResetYaw)
                  00004fc4    0000000c     menu.o (.text.Menu_GetPage)
                  00004fd0    0000000c     menu.o (.text.Menu_GetParamItem)
                  00004fdc    0000000c     mission_manager.o (.text.MissionManager_SetExternalHold)
                  00004fe8    0000000c     obstacle_avoidance.o (.text.ObstacleAvoidance_IsActive)
                  00004ff4    0000000c     obstacle_avoidance.o (.text.ObstacleAvoidance_IsFailed)
                  00005000    0000000c     obstacle_safety.o (.text.ObstacleSafety_IsHolding)
                  0000500c    0000000c     oled_ui.o (.text.OledUi_Init)
                  00005018    0000000a     driverlib.a : dl_common.o (.text.DL_Common_delayCycles)
                  00005022    0000000a     track_sensor.o (.text.TrackSensor_IsCenterDetected)
                  0000502c    0000000a     track_sensor.o (.text.TrackSensor_IsLineDetected)
                  00005036    0000000a     track_sensor.o (.text.TrackSensor_IsLineLost)
                  00005040    00000008     car_controller.o (.text.CarController_GetFeedback)
                  00005048    00000008     heading_control.o (.text.HeadingControl_GetRuntime)
                  00005050    00000008     imu.o (.text.Imu_GetRuntime)
                  00005058    00000008     mission_manager.o (.text.MissionManager_GetMissionCount)
                  00005060    00000008     mission_manager.o (.text.MissionManager_GetRuntime)
                  00005068    00000008     motion_action.o (.text.MotionAction_GetRuntime)
                  00005070    00000008     obstacle_avoidance.o (.text.ObstacleAvoidance_GetFeedback)
                  00005078    00000008     obstacle_monitor.o (.text.ObstacleMonitor_GetFeedback)
                  00005080    00000008     servo.o (.text.Servo_GetFeedback)
                  00005088    00000008     ultrasonic.o (.text.Ultrasonic_GetFeedback)
                  00005090    00000008     libclang_rt.builtins.a : aeabi_memcpy.S.obj (.text.__aeabi_memcpy)
                  00005098    00000006     libc.a : exit.c.obj (.text:abort)
                  0000509e    00000004     libsysbm.a : hostexit.c.obj (.text.HOSTexit)
                  000050a2    00000004     mission_library.o (.text.MissionLibrary_GetCount)
                  000050a6    00000004     startup_mspm0g350x_ticlang.o (.text.Reset_Handler)
                  000050aa    00000004     libc.a : pre_init.c.obj (.text._system_pre_init)
                  000050ae    00000002     --HOLE-- [fill = 0]

.cinit     0    00005628    00000030     
                  00005628    0000000c     (__TI_handler_table)
                  00005634    00000008     (.cinit..bss.load) [load image, compression = zero_init]
                  0000563c    00000005     (.cinit..data.load) [load image, compression = lzss]
                  00005641    00000003     --HOLE-- [fill = 0]
                  00005644    00000010     (__TI_cinit_table)
                  00005654    00000004     --HOLE-- [fill = 0]

.rodata    0    000050b0    00000578     
                  000050b0    000000d8     oled.o (.rodata..Lswitch.table.OLED_PrintChar)
                  00005188    000000a8     mission_library.o (.rodata.g_missionMapA)
                  00005230    000000a8     mission_library.o (.rodata.g_missionMapB)
                  000052d8    00000078     mission_library.o (.rodata.g_missionMapC)
                  00005350    00000030     mission_library.o (.rodata.g_missionRegistry)
                  00005380    00000024     oled_ui.o (.rodata..Lswitch.table.OledUi_Update_20ms)
                  000053a4    00000020     menu.o (.rodata..Lswitch.table.Menu_ParamItemToString)
                  000053c4    0000001c     car_controller.o (.rodata..Lswitch.table.CarController_RunModeToString)
                  000053e0    00000018     oled_ui.o (.rodata..Lswitch.table.OledUi_Update_20ms.58)
                  000053f8    0000000c     mission_library.o (.rodata..Lswitch.table.MissionLibrary_FindById)
                  00005404    00000009     oled_ui.o (.rodata.str1.18266126048138325213.1)
                  0000540d    00000007     oled_ui.o (.rodata.str1.9544068167406571052.1)
                  00005414    00000006     oled_ui.o (.rodata.str1.13567883086814673087.1)
                  0000541a    00000006     mission_library.o (.rodata.str1.13636476544574750902.1)
                  00005420    00000006     oled_ui.o (.rodata.str1.1445687256832830955.1)
                  00005426    00000006     oled_ui.o (.rodata.str1.15008238333949226094.1)
                  0000542c    00000006     mission_library.o (.rodata.str1.15668266851434757964.1)
                  00005432    00000006     oled_ui.o (.rodata.str1.15802367878353263018.1)
                  00005438    00000006     oled_ui.o (.rodata.str1.16939060351352778619.1)
                  0000543e    00000006     oled_ui.o (.rodata.str1.17540787658903907660.1)
                  00005444    00000006     oled_ui.o (.rodata.str1.17884296644359297425.1)
                  0000544a    00000006     oled_ui.o (.rodata.str1.18379317056176403938.1)
                  00005450    00000006     mission_library.o (.rodata.str1.199678142196697465.1)
                  00005456    00000006     oled_ui.o (.rodata.str1.5965450730569173784.1)
                  0000545c    00000005     oled.o (.rodata.oled_get_glyph.colon)
                  00005461    00000005     oled.o (.rodata.oled_get_glyph.eight)
                  00005466    00000005     oled.o (.rodata.oled_get_glyph.five)
                  0000546b    00000005     oled.o (.rodata.oled_get_glyph.four)
                  00005470    00000005     oled.o (.rodata.oled_get_glyph.glyphA)
                  00005475    00000005     oled.o (.rodata.oled_get_glyph.glyphB)
                  0000547a    00000005     oled.o (.rodata.oled_get_glyph.glyphC)
                  0000547f    00000005     oled.o (.rodata.oled_get_glyph.glyphD)
                  00005484    00000005     oled.o (.rodata.oled_get_glyph.glyphE)
                  00005489    00000005     oled.o (.rodata.oled_get_glyph.glyphG)
                  0000548e    00000005     oled.o (.rodata.oled_get_glyph.glyphH)
                  00005493    00000005     oled.o (.rodata.oled_get_glyph.glyphI)
                  00005498    00000005     oled.o (.rodata.oled_get_glyph.glyphK)
                  0000549d    00000005     oled.o (.rodata.oled_get_glyph.glyphL)
                  000054a2    00000005     oled.o (.rodata.oled_get_glyph.glyphM)
                  000054a7    00000005     oled.o (.rodata.oled_get_glyph.glyphN)
                  000054ac    00000005     oled.o (.rodata.oled_get_glyph.glyphO)
                  000054b1    00000005     oled.o (.rodata.oled_get_glyph.glyphP)
                  000054b6    00000005     oled.o (.rodata.oled_get_glyph.glyphR)
                  000054bb    00000005     oled.o (.rodata.oled_get_glyph.glyphS)
                  000054c0    00000005     oled.o (.rodata.oled_get_glyph.glyphT)
                  000054c5    00000005     oled.o (.rodata.oled_get_glyph.glyphU)
                  000054ca    00000005     oled.o (.rodata.oled_get_glyph.glyphV)
                  000054cf    00000005     oled.o (.rodata.oled_get_glyph.glyphW)
                  000054d4    00000005     oled.o (.rodata.oled_get_glyph.glyphX)
                  000054d9    00000005     oled.o (.rodata.oled_get_glyph.glyphY)
                  000054de    00000005     oled.o (.rodata.oled_get_glyph.glyphb)
                  000054e3    00000005     oled.o (.rodata.oled_get_glyph.gt)
                  000054e8    00000005     oled.o (.rodata.oled_get_glyph.minus)
                  000054ed    00000005     oled.o (.rodata.oled_get_glyph.nine)
                  000054f2    00000005     oled.o (.rodata.oled_get_glyph.one)
                  000054f7    00000005     oled.o (.rodata.oled_get_glyph.seven)
                  000054fc    00000005     oled.o (.rodata.oled_get_glyph.six)
                  00005501    00000005     oled.o (.rodata.oled_get_glyph.space)
                  00005506    00000005     oled.o (.rodata.oled_get_glyph.three)
                  0000550b    00000005     oled.o (.rodata.oled_get_glyph.two)
                  00005510    00000005     oled.o (.rodata.oled_get_glyph.zero)
                  00005515    00000005     oled_ui.o (.rodata.str1.1108652269057166745.1)
                  0000551a    00000005     oled_ui.o (.rodata.str1.12617122458660443890.1)
                  0000551f    00000005     oled_ui.o (.rodata.str1.12983537867572525563.1)
                  00005524    00000005     oled_ui.o (.rodata.str1.13882251010780863896.1)
                  00005529    00000005     oled_ui.o (.rodata.str1.14134189893851348960.1)
                  0000552e    00000005     oled_ui.o (.rodata.str1.15577080202403550426.1)
                  00005533    00000005     oled_ui.o (.rodata.str1.15917848551323629232.1)
                  00005538    00000005     oled_ui.o (.rodata.str1.16411631209783952401.1)
                  0000553d    00000005     car_controller.o (.rodata.str1.1652194605229746967.1)
                  00005542    00000005     oled_ui.o (.rodata.str1.16526439943277383452.1)
                  00005547    00000005     oled_ui.o (.rodata.str1.17274519358952562110.1)
                  0000554c    00000005     oled_ui.o (.rodata.str1.270145429241168923.1)
                  00005551    00000005     car_controller.o (.rodata.str1.4164979912472006574.1)
                  00005556    00000005     oled_ui.o (.rodata.str1.4402311448527872260.1)
                  0000555b    00000005     oled_ui.o (.rodata.str1.4581472623415959594.1)
                  00005560    00000005     menu.o (.rodata.str1.4862307748908978627.1)
                  00005565    00000005     oled_ui.o (.rodata.str1.7219546930854689545.1)
                  0000556a    00000005     oled_ui.o (.rodata.str1.7419768602719733415.1)
                  0000556f    00000005     oled_ui.o (.rodata.str1.8403269972884532600.1)
                  00005574    00000005     oled_ui.o (.rodata.str1.8426569189266129334.1)
                  00005579    00000005     car_controller.o (.rodata.str1.9234375891235759983.1)
                  0000557e    00000005     oled_ui.o (.rodata.str1.9611283282870761829.1)
                  00005583    00000005     car_controller.o (.rodata.str1.9981487771679760427.1)
                  00005588    00000004     oled_ui.o (.rodata.str1.1019225241002246410.1)
                  0000558c    00000004     oled_ui.o (.rodata.str1.10416366799939242409.1)
                  00005590    00000004     menu.o (.rodata.str1.12110183915172842339.1)
                  00005594    00000004     car_controller.o (.rodata.str1.12442237994239546032.1)
                  00005598    00000004     oled_ui.o (.rodata.str1.130772507669342127.1)
                  0000559c    00000004     menu.o (.rodata.str1.13124720451672825294.1)
                  000055a0    00000004     oled_ui.o (.rodata.str1.13244290092665904221.1)
                  000055a4    00000004     oled_ui.o (.rodata.str1.13790669171379415506.1)
                  000055a8    00000004     menu.o (.rodata.str1.14098755746347272832.1)
                  000055ac    00000004     oled_ui.o (.rodata.str1.15817398807211891688.1)
                  000055b0    00000004     oled_ui.o (.rodata.str1.15859922799842739878.1)
                  000055b4    00000004     menu.o (.rodata.str1.17041139162815566052.1)
                  000055b8    00000004     car_controller.o (.rodata.str1.17172356789460551389.1)
                  000055bc    00000004     car_controller.o (.rodata.str1.18191498530309206443.1)
                  000055c0    00000004     oled_ui.o (.rodata.str1.2308938766145545715.1)
                  000055c4    00000004     oled_ui.o (.rodata.str1.3025253791635144717.1)
                  000055c8    00000004     oled_ui.o (.rodata.str1.3407221357956504873.1)
                  000055cc    00000004     oled_ui.o (.rodata.str1.3455423528827705371.1)
                  000055d0    00000004     oled_ui.o (.rodata.str1.3702290527496711532.1)
                  000055d4    00000004     oled_ui.o (.rodata.str1.4581686099848791648.1)
                  000055d8    00000004     oled_ui.o (.rodata.str1.4610220316623841660.1)
                  000055dc    00000004     oled_ui.o (.rodata.str1.5853739094453432564.1)
                  000055e0    00000004     car_controller.o (.rodata.str1.702403006289709404.1)
                  000055e4    00000004     oled_ui.o (.rodata.str1.8236579331345056500.1)
                  000055e8    00000004     oled_ui.o (.rodata.str1.8460525935980491721.1)
                  000055ec    00000004     oled_ui.o (.rodata.str1.8693388333057100694.1)
                  000055f0    00000004     oled_ui.o (.rodata.str1.8783421139296713095.1)
                  000055f4    00000004     oled_ui.o (.rodata.str1.9159586779647977165.1)
                  000055f8    00000004     oled_ui.o (.rodata.str1.9295666102996717355.1)
                  000055fc    00000004     menu.o (.rodata.str1.9546740394641817443.1)
                  00005600    00000004     oled_ui.o (.rodata.str1.967006512144173535.1)
                  00005604    00000004     oled_ui.o (.rodata.str1.9854382722193312766.1)
                  00005608    00000003     oled_ui.o (.rodata.str1.11232419324784801130.1)
                  0000560b    00000003     oled_ui.o (.rodata.str1.14358698208395374265.1)
                  0000560e    00000003     oled_ui.o (.rodata.str1.14556837007311414654.1)
                  00005611    00000003     menu.o (.rodata.str1.16312125044762562515.1)
                  00005614    00000003     oled_ui.o (.rodata.str1.16849766574302683489.1)
                  00005617    00000003     oled_ui.o (.rodata.str1.16931641404301806744.1)
                  0000561a    00000003     oled_ui.o (.rodata.str1.17812014771544466701.1)
                  0000561d    00000003     menu.o (.rodata.str1.4646809750356241979.1)
                  00005620    00000003     menu.o (.rodata.str1.6857549598058878762.1)
                  00005623    00000005     --HOLE-- [fill = 0]

.init_array 
*          0    00000000    00000000     UNINITIALIZED

.binit     0    00000000    00000000     

.bss       0    20200000    0000017d     UNINITIALIZED
                  20200000    0000005c     (.common:g_appConfig)
                  2020005c    00000038     (.common:g_appRuntime)
                  20200094    00000028     (.common:g_imuRuntime)
                  202000bc    00000020     mission_manager.o (.bss.g_missionRuntime)
                  202000dc    00000014     motion_action.o (.bss.g_motionActionRuntime)
                  202000f0    00000014     (.common:g_headingRuntime)
                  20200104    0000000e     car_controller.o (.bss.g_carControllerFeedback)
                  20200112    00000002     ultrasonic.o (.bss.g_echoTicks)
                  20200114    0000000e     ultrasonic.o (.bss.g_ultrasonicFeedback)
                  20200122    00000002     obstacle_avoidance.o (.bss.g_resumeGraceMs)
                  20200124    0000000a     obstacle_avoidance.o (.bss.g_avoidFeedback)
                  2020012e    00000008     obstacle_monitor.o (.bss.g_obstacleFeedback)
                  20200136    00000006     ultrasonic.o (.bss.g_distanceSamples)
                  2020013c    00000006     key.o (.bss.g_key1)
                  20200142    00000006     key.o (.bss.g_key2)
                  20200148    00000006     key.o (.bss.g_key3)
                  2020014e    00000002     servo.o (.bss.g_servoPwmPhase)
                  20200150    00000004     encoder.o (.bss.g_motorAPulses)
                  20200154    00000004     encoder.o (.bss.g_motorBPulses)
                  20200158    00000004     servo.o (.bss.g_servoFeedback)
                  2020015c    00000002     ultrasonic.o (.bss.g_stateTicks)
                  2020015e    00000002     (.common:g_trackError)
                  20200160    00000001     oled_ui.o (.bss.OledUi_Update_20ms.refreshDivider)
                  20200161    00000001     empty.o (.bss.SysTick_Handler.controlMsCount)
                  20200162    00000001     empty.o (.bss.SysTick_Handler.tick100usCount)
                  20200163    00000001     ultrasonic.o (.bss.Ultrasonic_Update_20ms.triggerDivider)
                  20200164    00000001     empty.o (.bss.g_appUpdateDue)
                  20200165    00000001     car_state.o (.bss.g_carState)
                  20200166    00000001     obstacle_monitor.o (.bss.g_centerSettleTicks)
                  20200167    00000001     ultrasonic.o (.bss.g_distanceSampleCount)
                  20200168    00000001     ultrasonic.o (.bss.g_distanceSampleIndex)
                  20200169    00000001     motor.o (.bss.g_motorADutyLevel)
                  2020016a    00000001     motor.o (.bss.g_motorBDutyLevel)
                  2020016b    00000001     obstacle_safety.o (.bss.g_obstacleSafetyHolding)
                  2020016c    00000001     oled.o (.bss.g_oledColumn)
                  2020016d    00000001     menu.o (.bss.g_oledPage)
                  2020016e    00000001     menu.o (.bss.g_paramItem)
                  2020016f    00000001     key.o (.bss.g_pendingEvent)
                  20200170    00000001     motor.o (.bss.g_pwmPhase)
                  20200171    00000001     car_controller.o (.bss.g_safetyHold)
                  20200172    00000001     obstacle_avoidance.o (.bss.g_stateStarted)
                  20200173    00000001     ultrasonic.o (.bss.g_triggerRequest)
                  20200174    00000001     ultrasonic.o (.bss.g_ultrasonicState)
                  20200175    00000001     (.common:g_carStateDebug)
                  20200176    00000001     (.common:g_keyEvent)
                  20200177    00000001     (.common:g_oledPageDebug)
                  20200178    00000001     (.common:g_paramItemDebug)
                  20200179    00000001     (.common:g_trackBlackCount)
                  2020017a    00000001     (.common:g_trackModeDebug)
                  2020017b    00000001     (.common:g_trackRaw)
                  2020017c    00000001     (.common:g_trackTurnDebug)

.data      0    2020017d    00000001     UNINITIALIZED
                  2020017d    00000001     car_controller.o (.data.g_followTurnPolicy)

.stack     0    20207e00    00000200     UNINITIALIZED
                  20207e00    00000004     libc.a : boot_cortex_m.c.obj (.stack)
                  20207e04    000001fc     --HOLE--

__llvm_prf_cnts 
*          0    20200000    00000000     UNINITIALIZED

__llvm_prf_bits 
*          0    20200000    00000000     UNINITIALIZED

MODULE SUMMARY

       Module                         code    ro data   rw data
       ------                         ----    -------   -------
    .\
       car_controller.o               3208    64        72     
       imu.o                          3304    0         40     
       oled.o                         2088    401       1      
       oled_ui.o                      1572    330       1      
       mission_manager.o              1184    0         32     
       motion_action.o                1016    0         20     
       app_config.o                   832     0         92     
       menu.o                         720     66        2      
       obstacle_avoidance.o           752     0         13     
       mission_library.o              218     534       0      
       ultrasonic.o                   596     0         29     
       heading_control.o              468     0         20     
       key.o                          436     0         19     
       track_sensor.o                 372     0         0      
       motor.o                        356     0         3      
       ti_msp_dl_config.o             300     0         0      
       app.o                          286     0         10     
       obstacle_safety.o              228     0         1      
       obstacle_monitor.o             192     0         9      
       empty.o                        196     0         3      
       startup_mspm0g350x_ticlang.o   6       192       0      
       servo.o                        176     0         6      
       encoder.o                      144     0         8      
       car_state.o                    36      0         1      
    +--+------------------------------+-------+---------+---------+
       Total:                         18686   1587      382    
                                                               
    C:/TI/mspm0_sdk_2_05_01_00/source/ti/driverlib/lib/ticlang/m0p/mspm0g1x0x_g3x0x/driverlib.a
       dl_common.o                    10      0         0      
    +--+------------------------------+-------+---------+---------+
       Total:                         10      0         0      
                                                               
    D:\TI\CCS\ccs\tools\compiler\ti-cgt-armllvm_4.0.4.LTS\lib\armv6m-ti-none-eabi/c/libc.a
       memcpy16.S.obj                 154     0         0      
       copy_decompress_lzss.c.obj     124     0         0      
       autoinit.c.obj                 60      0         0      
       boot_cortex_m.c.obj            40      0         0      
       copy_zero_init.c.obj           22      0         0      
       copy_decompress_none.c.obj     18      0         0      
       exit.c.obj                     6       0         0      
       pre_init.c.obj                 4       0         0      
    +--+------------------------------+-------+---------+---------+
       Total:                         428     0         0      
                                                               
    D:\TI\CCS\ccs\tools\compiler\ti-cgt-armllvm_4.0.4.LTS\lib\armv6m-ti-none-eabi/c/libsysbm.a
       hostexit.c.obj                 4       0         0      
    +--+------------------------------+-------+---------+---------+
       Total:                         4       0         0      
                                                               
    D:\TI\CCS\ccs\tools\compiler\ti-cgt-armllvm_4.0.4.LTS\lib\armv6m-ti-none-eabi/libclang_rt.builtins.a
       addsf3.S.obj                   216     0         0      
       udivmoddi4.S.obj               162     0         0      
       mulsf3.S.obj                   140     0         0      
       divsf3.S.obj                   130     0         0      
       comparesf2.S.obj               118     0         0      
       aeabi_fcmp.S.obj               98      0         0      
       aeabi_idivmod.S.obj            86      0         0      
       aeabi_uidivmod.S.obj           64      0         0      
       divmoddi4.c.obj                62      0         0      
       floatsisf.S.obj                60      0         0      
       muldsi3.S.obj                  58      0         0      
       fixsfsi.S.obj                  56      0         0      
       ashldi3.S.obj                  30      0         0      
       aeabi_ldivmod.S.obj            20      0         0      
       aeabi_memcpy.S.obj             8       0         0      
       aeabi_div0.c.obj               4       0         0      
    +--+------------------------------+-------+---------+---------+
       Total:                         1312    0         0      
                                                               
       Stack:                         0       0         512    
       Linker Generated:              0       41        0      
    +--+------------------------------+-------+---------+---------+
       Grand Total:                   20440   1628      894    


LINKER GENERATED COPY TABLES

__TI_cinit_table @ 00005644 records: 2, size/record: 8, table size: 16
	.bss: load addr=00005634, load size=00000008 bytes, run addr=20200000, run size=0000017d bytes, compression=zero_init
	.data: load addr=0000563c, load size=00000005 bytes, run addr=2020017d, run size=00000001 bytes, compression=lzss


LINKER GENERATED HANDLER TABLE

__TI_handler_table @ 00005628 records: 3, size/record: 4, table size: 12
	index: 0, handler: __TI_decompress_lzss
	index: 1, handler: __TI_decompress_none
	index: 2, handler: __TI_zero_init


GLOBAL SYMBOLS: SORTED ALPHABETICALLY BY Name 

address   name                                  
-------   ----                                  
0000386b  ADC0_IRQHandler                       
0000386b  ADC1_IRQHandler                       
0000386b  AES_IRQHandler                        
000035a9  AppConfig_InitDefault                 
00001395  AppConfig_LimitAll                    
00004489  App_Init                              
00003429  App_Update_20ms                       
0000509e  C$$EXIT                               
0000386b  CANFD0_IRQHandler                     
00005041  CarController_GetFeedback             
00004f71  CarController_GetRunMode              
00003da5  CarController_Init                    
00003e21  CarController_ResetRuntime            
00004dcd  CarController_RunModeToString         
00004591  CarController_SetSafetyHold           
00003b79  CarController_StartDriveHeading       
00003e9d  CarController_StartFollowLine         
00003a49  CarController_StartSeekLine           
00004081  CarController_StartTurnLeft90         
0000400d  CarController_StartTurnRight90        
00003c99  CarController_StartTurnToYawRelative  
00004c79  CarController_Stop                    
000000c1  CarController_Update_20ms             
00004f7d  CarState_Get                          
00004f89  CarState_Init                         
00004f95  CarState_Set                          
0000386b  DAC0_IRQHandler                       
00005019  DL_Common_delayCycles                 
0000386b  DMA_IRQHandler                        
0000386b  Default_Handler                       
00004161  Encoder_HandleGpioInterrupt           
00004c55  Encoder_Reset                         
0000386b  GROUP0_IRQHandler                     
00004e8d  GROUP1_IRQHandler                     
0000509f  HOSTexit                              
0000386b  HardFault_Handler                     
00004ea1  HeadingControl_Enable                 
00005049  HeadingControl_GetRuntime             
00004eb5  HeadingControl_Init                   
00004de5  HeadingControl_LockCurrentYaw         
00004ec9  HeadingControl_Reset                  
00004dfd  HeadingControl_SetTargetYaw           
000027c5  HeadingControl_Update                 
0000386b  I2C0_IRQHandler                       
0000386b  I2C1_IRQHandler                       
00001d11  Imu_CalibrateGyroBias                 
00004fa1  Imu_GetCorrectedGyroZDps              
00005051  Imu_GetRuntime                        
00004fad  Imu_GetYaw                            
000010bd  Imu_Init                              
00004d79  Imu_IsReady                           
00004fb9  Imu_ResetYaw                          
00002ba1  Imu_Update                            
00004f41  Key_GetEvent                          
00004ac9  Key_Init                              
00002651  Key_Update_20ms                       
00004fc5  Menu_GetPage                          
00004fd1  Menu_GetParamItem                     
00004309  Menu_GetParamValue                    
00001ae9  Menu_HandleKeyEvent                   
00004edd  Menu_Init                             
00004e15  Menu_ParamItemToString                
00004e2d  MissionLibrary_FindById               
00004ef1  MissionLibrary_GetByIndex             
000050a3  MissionLibrary_GetCount               
000037c1  MissionLibrary_Validate               
00004af9  MissionManager_Cancel                 
00005059  MissionManager_GetMissionCount        
00005061  MissionManager_GetRuntime             
00004f05  MissionManager_GetSelectedMissionId   
00004239  MissionManager_GetSelectedMissionIndex
00004681  MissionManager_Init                   
00004c99  MissionManager_Pause                  
00004b29  MissionManager_Reset                  
00004cb9  MissionManager_Resume                 
00002ef9  MissionManager_SelectNext             
000030d5  MissionManager_SelectPrevious         
00004fdd  MissionManager_SetExternalHold        
00004751  MissionManager_Start                  
00002e01  MissionManager_Update_20ms            
00004e45  MotionAction_Cancel                   
00004cd9  MotionAction_GetCurrentBypassDirection
00004cf9  MotionAction_GetCurrentObstaclePolicy 
00005069  MotionAction_GetRuntime               
00004e5d  MotionAction_Init                     
000049b9  MotionAction_ReapplyControllerTarget  
00002925  MotionAction_Start                    
00001f25  MotionAction_Update_20ms              
000049f1  Motor_Init                            
000045e1  Motor_PwmTick100us                    
00003661  Motor_SetSpeed                        
00004b59  Motor_Stop                            
0000386b  NMI_Handler                           
00001895  OLED_Clear                            
00003285  OLED_Init                             
000043cf  OLED_PrintBinary7                     
00003359  OLED_PrintChar                        
00002a65  OLED_PrintInt16                       
00004a95  OLED_PrintString                      
00004a61  OLED_SetCursor                        
00005071  ObstacleAvoidance_GetFeedback         
00004d19  ObstacleAvoidance_Init                
00004fe9  ObstacleAvoidance_IsActive            
00004ff5  ObstacleAvoidance_IsFailed            
00004f51  ObstacleAvoidance_IsResumeGraceActive 
0000161d  ObstacleAvoidance_Update_20ms         
00005079  ObstacleMonitor_GetFeedback           
00004d95  ObstacleMonitor_Init                  
00003911  ObstacleMonitor_Update_20ms           
00004db1  ObstacleSafety_Init                   
00005001  ObstacleSafety_IsHolding              
000034ed  ObstacleSafety_Update_20ms            
0000500d  OledUi_Init                           
000007b5  OledUi_Update_20ms                    
0000386b  PendSV_Handler                        
0000386b  RTC_IRQHandler                        
000050a7  Reset_Handler                         
0000386b  SPI0_IRQHandler                       
0000386b  SPI1_IRQHandler                       
0000386b  SVC_Handler                           
00003711  SYSCFG_DL_GPIO_init                   
00004791  SYSCFG_DL_SYSCTL_init                 
00004f61  SYSCFG_DL_init                        
00004b85  SYSCFG_DL_initPower                   
00005081  Servo_GetFeedback                     
00004bdd  Servo_Init                            
00004851  Servo_SetAngleDeg                     
000046c9  Servo_Tick100us                       
0000470d  SysTick_Handler                       
0000386b  TIMA0_IRQHandler                      
0000386b  TIMA1_IRQHandler                      
0000386b  TIMG0_IRQHandler                      
0000386b  TIMG12_IRQHandler                     
0000386b  TIMG6_IRQHandler                      
0000386b  TIMG7_IRQHandler                      
0000386b  TIMG8_IRQHandler                      
00004bb1  TrackSensor_CountBlack                
000040f1  TrackSensor_DetectTurn                
000042a1  TrackSensor_GetErrorFromRaw           
0000390f  TrackSensor_Init                      
00005023  TrackSensor_IsCenterDetected          
0000502d  TrackSensor_IsLineDetected            
00005037  TrackSensor_IsLineLost                
0000453d  TrackSensor_ReadRaw                   
0000386b  UART0_IRQHandler                      
0000386b  UART1_IRQHandler                      
0000386b  UART2_IRQHandler                      
0000386b  UART3_IRQHandler                      
00005089  Ultrasonic_GetFeedback                
00004631  Ultrasonic_Init                       
000024b1  Ultrasonic_Tick100us                  
0000442d  Ultrasonic_Update_20ms                
20208000  __STACK_END                           
00000200  __STACK_SIZE                          
00000000  __TI_ATRegion0_region_sz              
00000000  __TI_ATRegion0_src_addr               
00000000  __TI_ATRegion0_trg_addr               
00000000  __TI_ATRegion1_region_sz              
00000000  __TI_ATRegion1_src_addr               
00000000  __TI_ATRegion1_trg_addr               
00000000  __TI_ATRegion2_region_sz              
00000000  __TI_ATRegion2_src_addr               
00000000  __TI_ATRegion2_trg_addr               
00005644  __TI_CINIT_Base                       
00005654  __TI_CINIT_Limit                      
00005654  __TI_CINIT_Warm                       
00005628  __TI_Handler_Table_Base               
00005634  __TI_Handler_Table_Limit              
00004905  __TI_auto_init_nobinit_nopinit        
00003f19  __TI_decompress_lzss                  
00004f2d  __TI_decompress_none                  
ffffffff  __TI_pprof_out_hndl                   
ffffffff  __TI_prof_data_size                   
ffffffff  __TI_prof_data_start                  
00000000  __TI_static_base__                    
00004e75  __TI_zero_init_nomemset               
000031b7  __addsf3                              
00004a29  __aeabi_f2iz                          
000031b7  __aeabi_fadd                          
0000436d  __aeabi_fcmpeq                        
000043a9  __aeabi_fcmpge                        
000043bd  __aeabi_fcmpgt                        
00004395  __aeabi_fcmple                        
00004381  __aeabi_fcmplt                        
00003d21  __aeabi_fdiv                          
00003c0d  __aeabi_fmul                          
000031ad  __aeabi_fsub                          
0000488d  __aeabi_i2f                           
000044e5  __aeabi_idiv                          
00003a47  __aeabi_idiv0                         
000044e5  __aeabi_idivmod                       
00003da3  __aeabi_ldiv0                         
00004f19  __aeabi_ldivmod                       
00004d59  __aeabi_llsl                          
00005091  __aeabi_memcpy                        
00005091  __aeabi_memcpy4                       
00005091  __aeabi_memcpy8                       
000047d1  __aeabi_uidiv                         
000047d1  __aeabi_uidivmod                      
00004d59  __ashldi3                             
ffffffff  __binit__                             
00004941  __cmpsf2                              
00004811  __divmoddi4                           
00003d21  __divsf3                              
00004941  __eqsf2                               
00004a29  __fixsfsi                             
0000488d  __floatsisf                           
000048c9  __gesf2                               
000048c9  __gtsf2                               
00004941  __lesf2                               
00004941  __ltsf2                               
UNDEFED   __mpu_init                            
0000497d  __muldsi3                             
00003c0d  __mulsf3                              
00004941  __nesf2                               
20207e00  __stack                               
20200000  __start___llvm_prf_bits               
20200000  __start___llvm_prf_cnts               
20200000  __stop___llvm_prf_bits                
20200000  __stop___llvm_prf_cnts                
000031ad  __subsf3                              
0000386d  __udivmoddi4                          
00004c2d  _c_int00_noargs                       
UNDEFED   _system_post_cinit                    
000050ab  _system_pre_init                      
00005099  abort                                 
ffffffff  binit                                 
20200000  g_appConfig                           
2020005c  g_appRuntime                          
20200175  g_carStateDebug                       
202000f0  g_headingRuntime                      
20200094  g_imuRuntime                          
20200176  g_keyEvent                            
20200177  g_oledPageDebug                       
20200178  g_paramItemDebug                      
20200179  g_trackBlackCount                     
2020015e  g_trackError                          
2020017a  g_trackModeDebug                      
2020017b  g_trackRaw                            
2020017c  g_trackTurnDebug                      
00000000  interruptVectors                      
000041cd  main                                  
000039ad  memcpy                                


GLOBAL SYMBOLS: SORTED BY Symbol Address 

address   name                                  
-------   ----                                  
00000000  __TI_ATRegion0_region_sz              
00000000  __TI_ATRegion0_src_addr               
00000000  __TI_ATRegion0_trg_addr               
00000000  __TI_ATRegion1_region_sz              
00000000  __TI_ATRegion1_src_addr               
00000000  __TI_ATRegion1_trg_addr               
00000000  __TI_ATRegion2_region_sz              
00000000  __TI_ATRegion2_src_addr               
00000000  __TI_ATRegion2_trg_addr               
00000000  __TI_static_base__                    
00000000  interruptVectors                      
000000c1  CarController_Update_20ms             
00000200  __STACK_SIZE                          
000007b5  OledUi_Update_20ms                    
000010bd  Imu_Init                              
00001395  AppConfig_LimitAll                    
0000161d  ObstacleAvoidance_Update_20ms         
00001895  OLED_Clear                            
00001ae9  Menu_HandleKeyEvent                   
00001d11  Imu_CalibrateGyroBias                 
00001f25  MotionAction_Update_20ms              
000024b1  Ultrasonic_Tick100us                  
00002651  Key_Update_20ms                       
000027c5  HeadingControl_Update                 
00002925  MotionAction_Start                    
00002a65  OLED_PrintInt16                       
00002ba1  Imu_Update                            
00002e01  MissionManager_Update_20ms            
00002ef9  MissionManager_SelectNext             
000030d5  MissionManager_SelectPrevious         
000031ad  __aeabi_fsub                          
000031ad  __subsf3                              
000031b7  __addsf3                              
000031b7  __aeabi_fadd                          
00003285  OLED_Init                             
00003359  OLED_PrintChar                        
00003429  App_Update_20ms                       
000034ed  ObstacleSafety_Update_20ms            
000035a9  AppConfig_InitDefault                 
00003661  Motor_SetSpeed                        
00003711  SYSCFG_DL_GPIO_init                   
000037c1  MissionLibrary_Validate               
0000386b  ADC0_IRQHandler                       
0000386b  ADC1_IRQHandler                       
0000386b  AES_IRQHandler                        
0000386b  CANFD0_IRQHandler                     
0000386b  DAC0_IRQHandler                       
0000386b  DMA_IRQHandler                        
0000386b  Default_Handler                       
0000386b  GROUP0_IRQHandler                     
0000386b  HardFault_Handler                     
0000386b  I2C0_IRQHandler                       
0000386b  I2C1_IRQHandler                       
0000386b  NMI_Handler                           
0000386b  PendSV_Handler                        
0000386b  RTC_IRQHandler                        
0000386b  SPI0_IRQHandler                       
0000386b  SPI1_IRQHandler                       
0000386b  SVC_Handler                           
0000386b  TIMA0_IRQHandler                      
0000386b  TIMA1_IRQHandler                      
0000386b  TIMG0_IRQHandler                      
0000386b  TIMG12_IRQHandler                     
0000386b  TIMG6_IRQHandler                      
0000386b  TIMG7_IRQHandler                      
0000386b  TIMG8_IRQHandler                      
0000386b  UART0_IRQHandler                      
0000386b  UART1_IRQHandler                      
0000386b  UART2_IRQHandler                      
0000386b  UART3_IRQHandler                      
0000386d  __udivmoddi4                          
0000390f  TrackSensor_Init                      
00003911  ObstacleMonitor_Update_20ms           
000039ad  memcpy                                
00003a47  __aeabi_idiv0                         
00003a49  CarController_StartSeekLine           
00003b79  CarController_StartDriveHeading       
00003c0d  __aeabi_fmul                          
00003c0d  __mulsf3                              
00003c99  CarController_StartTurnToYawRelative  
00003d21  __aeabi_fdiv                          
00003d21  __divsf3                              
00003da3  __aeabi_ldiv0                         
00003da5  CarController_Init                    
00003e21  CarController_ResetRuntime            
00003e9d  CarController_StartFollowLine         
00003f19  __TI_decompress_lzss                  
0000400d  CarController_StartTurnRight90        
00004081  CarController_StartTurnLeft90         
000040f1  TrackSensor_DetectTurn                
00004161  Encoder_HandleGpioInterrupt           
000041cd  main                                  
00004239  MissionManager_GetSelectedMissionIndex
000042a1  TrackSensor_GetErrorFromRaw           
00004309  Menu_GetParamValue                    
0000436d  __aeabi_fcmpeq                        
00004381  __aeabi_fcmplt                        
00004395  __aeabi_fcmple                        
000043a9  __aeabi_fcmpge                        
000043bd  __aeabi_fcmpgt                        
000043cf  OLED_PrintBinary7                     
0000442d  Ultrasonic_Update_20ms                
00004489  App_Init                              
000044e5  __aeabi_idiv                          
000044e5  __aeabi_idivmod                       
0000453d  TrackSensor_ReadRaw                   
00004591  CarController_SetSafetyHold           
000045e1  Motor_PwmTick100us                    
00004631  Ultrasonic_Init                       
00004681  MissionManager_Init                   
000046c9  Servo_Tick100us                       
0000470d  SysTick_Handler                       
00004751  MissionManager_Start                  
00004791  SYSCFG_DL_SYSCTL_init                 
000047d1  __aeabi_uidiv                         
000047d1  __aeabi_uidivmod                      
00004811  __divmoddi4                           
00004851  Servo_SetAngleDeg                     
0000488d  __aeabi_i2f                           
0000488d  __floatsisf                           
000048c9  __gesf2                               
000048c9  __gtsf2                               
00004905  __TI_auto_init_nobinit_nopinit        
00004941  __cmpsf2                              
00004941  __eqsf2                               
00004941  __lesf2                               
00004941  __ltsf2                               
00004941  __nesf2                               
0000497d  __muldsi3                             
000049b9  MotionAction_ReapplyControllerTarget  
000049f1  Motor_Init                            
00004a29  __aeabi_f2iz                          
00004a29  __fixsfsi                             
00004a61  OLED_SetCursor                        
00004a95  OLED_PrintString                      
00004ac9  Key_Init                              
00004af9  MissionManager_Cancel                 
00004b29  MissionManager_Reset                  
00004b59  Motor_Stop                            
00004b85  SYSCFG_DL_initPower                   
00004bb1  TrackSensor_CountBlack                
00004bdd  Servo_Init                            
00004c2d  _c_int00_noargs                       
00004c55  Encoder_Reset                         
00004c79  CarController_Stop                    
00004c99  MissionManager_Pause                  
00004cb9  MissionManager_Resume                 
00004cd9  MotionAction_GetCurrentBypassDirection
00004cf9  MotionAction_GetCurrentObstaclePolicy 
00004d19  ObstacleAvoidance_Init                
00004d59  __aeabi_llsl                          
00004d59  __ashldi3                             
00004d79  Imu_IsReady                           
00004d95  ObstacleMonitor_Init                  
00004db1  ObstacleSafety_Init                   
00004dcd  CarController_RunModeToString         
00004de5  HeadingControl_LockCurrentYaw         
00004dfd  HeadingControl_SetTargetYaw           
00004e15  Menu_ParamItemToString                
00004e2d  MissionLibrary_FindById               
00004e45  MotionAction_Cancel                   
00004e5d  MotionAction_Init                     
00004e75  __TI_zero_init_nomemset               
00004e8d  GROUP1_IRQHandler                     
00004ea1  HeadingControl_Enable                 
00004eb5  HeadingControl_Init                   
00004ec9  HeadingControl_Reset                  
00004edd  Menu_Init                             
00004ef1  MissionLibrary_GetByIndex             
00004f05  MissionManager_GetSelectedMissionId   
00004f19  __aeabi_ldivmod                       
00004f2d  __TI_decompress_none                  
00004f41  Key_GetEvent                          
00004f51  ObstacleAvoidance_IsResumeGraceActive 
00004f61  SYSCFG_DL_init                        
00004f71  CarController_GetRunMode              
00004f7d  CarState_Get                          
00004f89  CarState_Init                         
00004f95  CarState_Set                          
00004fa1  Imu_GetCorrectedGyroZDps              
00004fad  Imu_GetYaw                            
00004fb9  Imu_ResetYaw                          
00004fc5  Menu_GetPage                          
00004fd1  Menu_GetParamItem                     
00004fdd  MissionManager_SetExternalHold        
00004fe9  ObstacleAvoidance_IsActive            
00004ff5  ObstacleAvoidance_IsFailed            
00005001  ObstacleSafety_IsHolding              
0000500d  OledUi_Init                           
00005019  DL_Common_delayCycles                 
00005023  TrackSensor_IsCenterDetected          
0000502d  TrackSensor_IsLineDetected            
00005037  TrackSensor_IsLineLost                
00005041  CarController_GetFeedback             
00005049  HeadingControl_GetRuntime             
00005051  Imu_GetRuntime                        
00005059  MissionManager_GetMissionCount        
00005061  MissionManager_GetRuntime             
00005069  MotionAction_GetRuntime               
00005071  ObstacleAvoidance_GetFeedback         
00005079  ObstacleMonitor_GetFeedback           
00005081  Servo_GetFeedback                     
00005089  Ultrasonic_GetFeedback                
00005091  __aeabi_memcpy                        
00005091  __aeabi_memcpy4                       
00005091  __aeabi_memcpy8                       
00005099  abort                                 
0000509e  C$$EXIT                               
0000509f  HOSTexit                              
000050a3  MissionLibrary_GetCount               
000050a7  Reset_Handler                         
000050ab  _system_pre_init                      
00005628  __TI_Handler_Table_Base               
00005634  __TI_Handler_Table_Limit              
00005644  __TI_CINIT_Base                       
00005654  __TI_CINIT_Limit                      
00005654  __TI_CINIT_Warm                       
20200000  __start___llvm_prf_bits               
20200000  __start___llvm_prf_cnts               
20200000  __stop___llvm_prf_bits                
20200000  __stop___llvm_prf_cnts                
20200000  g_appConfig                           
2020005c  g_appRuntime                          
20200094  g_imuRuntime                          
202000f0  g_headingRuntime                      
2020015e  g_trackError                          
20200175  g_carStateDebug                       
20200176  g_keyEvent                            
20200177  g_oledPageDebug                       
20200178  g_paramItemDebug                      
20200179  g_trackBlackCount                     
2020017a  g_trackModeDebug                      
2020017b  g_trackRaw                            
2020017c  g_trackTurnDebug                      
20207e00  __stack                               
20208000  __STACK_END                           
ffffffff  __TI_pprof_out_hndl                   
ffffffff  __TI_prof_data_size                   
ffffffff  __TI_prof_data_start                  
ffffffff  __binit__                             
ffffffff  binit                                 
UNDEFED   __mpu_init                            
UNDEFED   _system_post_cinit                    

[243 symbols]
