******************************************************************************
            TI ARM Clang Linker PC v4.0.4                      
******************************************************************************
>> Linked Sat Aug  1 18:53:13 2026

OUTPUT FILE NAME:   <diansaikaishi.out>
ENTRY POINT SYMBOL: "_c_int00_noargs"  address: 0001c3c5


MEMORY CONFIGURATION

         name            origin    length      used     unused   attr    fill
----------------------  --------  ---------  --------  --------  ----  --------
  FLASH                 00000000   00020000  0001e0a0  00001f60  R  X
  SRAM                  20200000   00008000  00001cd8  00006328  RW X
  BCR_CONFIG            41c00000   000000ff  00000000  000000ff  R   
  BSL_CONFIG            41c00100   00000080  00000000  00000080  R   


SEGMENT ALLOCATION MAP

run origin  load origin   length   init length attrs members
----------  ----------- ---------- ----------- ----- -------
00000000    00000000    0001dc00   0001dc00    r-x
  00000000    00000000    000000c0   000000c0    r-- .intvecs
  000000c0    000000c0    0001cc60   0001cc60    r-x .text
  0001cd20    0001cd20    00000ee0   00000ee0    r-- .rodata
0001dc60    0001dc60    00000040   00000040    r--
  0001dc60    0001dc60    00000030   00000030    r-- .cinit
  0001dc90    0001dc90    00000010   00000010    r-- .binit
0001fc00    0001fc00    00000400   00000400    r--
  0001fc00    0001fc00    00000400   00000400    r-- .TI.bound:g_balanceCalibrationReservedSector
20200000    20200000    00001a78   00000000    rw-
  20200000    20200000    00001a77   00000000    rw- .bss
  20201a77    20201a77    00000001   00000000    rw- .data
20201a78    0001dc00    00000060   00000060    r-x
  20201a78    0001dc00    00000060   00000060    r-x .TI.ramfunc
20207e00    20207e00    00000200   00000000    rw-
  20207e00    20207e00    00000200   00000000    rw- .stack


SECTION ALLOCATION MAP

 output                                  attributes/
section   page    origin      length       input sections
--------  ----  ----------  ----------   ----------------
.intvecs   0    00000000    000000c0     
                  00000000    000000c0     startup_mspm0g350x_ticlang.o (.intvecs)

.text      0    000000c0    0001cc60     
                  000000c0    00001910     balance_tuning.o (.text.send_debug_filter)
                  000019d0    00001700     oled_ui.o (.text.print_balance_stepper_test_page)
                  000030d0    0000166c     balance_tuning.o (.text.send_debug_receiver)
                  0000473c    00001000     balance_tuning.o (.text.send_config)
                  0000573c    00000f6c     balance_tuning.o (.text.send_debug_controller)
                  000066a8    00000ad8     oled_ui.o (.text.print_imu_counters_page)
                  00007180    00000ac4     balance_tuning.o (.text.send_debug_position_fault)
                  00007c44    00000a5c     balance_tuning.o (.text.send_calibration_status)
                  000086a0    00000a34     balance_tuning.o (.text.consume_rx_byte)
                  000090d4    00000884     balance_tuning.o (.text.send_debug_axis)
                  00009958    00000820     balance_tuning.o (.text.send_debug_limit)
                  0000a178    0000081c     oled_ui.o (.text.print_balance_vision_page)
                  0000a994    0000064c     app_config.o (.text.AppConfig_LimitAll)
                  0000afe0    00000638     balance_ball_control.o (.text.BalanceBallControl_Update20ms)
                  0000b618    000005ac     imu.o (.text.Imu_CalibrateGyroBias)
                  0000bbc4    00000528     line_controller.o (.text.LineController_Update)
                  0000c0ec    000004bc     oled_ui.o (.text.print_encoder_page)
                  0000c5a8    000004a0     runtime_snapshot.o (.text.RuntimeSnapshot_Update)
                  0000ca48    00000498     balance_tuning.o (.text.BalanceTuning_Update20ms)
                  0000cee0    00000480     vision_receiver.o (.text.VisionReceiver_Process)
                  0000d360    00000478     menu.o (.text.Menu_HandleKeyEvent)
                  0000d7d8    00000474     motion_action.o (.text.MotionAction_Update_20ms)
                  0000dc4c    00000458     menu.o (.text.menu_adjust_param)
                  0000e0a4    0000044c     motor_control.o (.text.update_wheel)
                  0000e4f0    00000424     wheel_speed_estimator.o (.text.WheelSpeedEstimator_Update)
                  0000e914    000003f4     vision_protocol.o (.text.VisionProtocol_ParseBallAsciiLine)
                  0000ed08    000003e0     balance_position_control.o (.text.BalancePositionControl_Update20ms)
                  0000f0e8    000003e0     imu.o (.text.Imu_Update)
                  0000f4c8    000003c4     oled_ui.o (.text.print_motor_control_detail_page)
                  0000f88c    00000394     balance_tuning.o (.text.apply_parameter)
                  0000fc20    00000380     imu.o (.text.Imu_Init)
                  0000ffa0    0000037c     oled_ui.o (.text.print_heading_page)
                  0001031c    00000370     gimbal.o (.text.gimbal_update_feedback)
                  0001068c    00000364     motion_action.o (.text.motion_action_start_internal)
                  000109f0    0000033c     oled_ui.o (.text.print_drive_distance_page)
                  00010d2c    0000032c     balance_ball_control.o (.text.calculate_cascade_request)
                  00011058    0000032c     h_task_controller.o (.text.h_update_vehicle_supervision)
                  00011384    00000324     oled_ui.o (.text.print_imu_detail_page)
                  000116a8    00000300     oled_ui.o (.text.print_motor_control_page)
                  000119a8    000002f0     imu.o (.text.mpu6050_read_regs)
                  00011c98    000002cc     car_controller.o (.text.handle_drive_distance)
                  00011f64    000002bc     oled_ui.o (.text.print_elapsed_mm_ss_t)
                  00012220    000002b4     motor_control.o (.text.MotorControl_Update)
                  000124d4    00000290     balance_calibration_store.o (.text.BalanceCalibrationStore_Save)
                  00012764    0000028c     balance_soft_limits.o (.text.BalanceSoftLimits_Update20ms)
                  000129f0    00000288     oled_ui.o (.text.print_param_page)
                  00012c78    00000284     h_task_controller.o (.text.HTaskController_Update20ms)
                  00012efc    00000268     car_controller.o (.text.handle_turn_to_yaw)
                  00013164    00000260     mission_library.o (.text.MissionLibrary_Validate)
                  000133c4    00000230     oled_ui.o (.text.print_status_page)
                  000135f4    00000224     app_config.o (.text.AppConfig_InitDefault)
                  00013818    0000021c     balance_tuning.o (.text.BalanceTuning_Process)
                  00013a34    00000204     motor.o (.text.Motor_SetSpeed)
                  00013c38    000001f8     h_task_controller.o (.text.HTaskController_Start)
                  00013e30    000001e8     motor_control.o (.text.config_is_valid)
                  00014018    000001d0     oled_ui.o (.text.print_sensor_page)
                  000141e8    000001cc     imu.o (.text.imu_i2c_write_byte)
                  000143b4    000001b8     oled.o (.text.oled_i2c_write_byte)
                  0001456c    000001a8     app.o (.text.App_Update_20ms)
                  00014714    000001a8     key.o (.text.Key_Update_20ms)
                  000148bc    000001a0     ultrasonic.o (.text.Ultrasonic_Tick100us)
                  00014a5c    0000019c     car_controller.o (.text.CarController_StartDriveDistanceAtYaw)
                  00014bf8    00000194     gimbal_stepper.o (.text.GimbalStepper_Tick100us)
                  00014d8c    00000190     car_controller.o (.text.CarController_Update_20ms)
                  00014f1c    00000188     oled_ui.o (.text.print_imu_page)
                  000150a4    00000174     oled_ui.o (.text.print_h_task_status_page)
                  00015218    00000170     oled.o (.text.OLED_FlushPage)
                  00015388    0000016c     oled.o (.text.OLED_PrintInt16)
                  000154f4    0000016c     balance_tuning.o (.text.parse_x100)
                  00015660    00000168     h_task_controller.o (.text.h_update_start_verify)
                  000157c8    00000160     oled_ui.o (.text.print_balance_limit_value)
                  00015928    0000015c     oled_ui.o (.text.print_signed_total_tail)
                  00015a84    00000158     balance_ball_control.o (.text.BalanceBallControl_SetConfig)
                  00015bdc    00000150     vision_protocol.o (.text.parse_decimal_x1000)
                  00015d2c    0000014c     balance_position_control.o (.text.BalancePositionControl_Start)
                  00015e78    0000014c     balance_soft_limits.o (.text.BalanceSoftLimits_CaptureCurrentStage)
                  00015fc4    00000140     balance_calibration_store.o (.text.BalanceCalibrationStore_Load)
                  00016104    0000013c     oled_ui.o (.text.print_balance_vision_rx_debug_page)
                  00016240    0000012c     imu.o (.text.imu_i2c_recover_bus)
                  0001636c    0000012c     oled_ui.o (.text.print_uint64_decimal)
                  00016498    00000128     line_controller.o (.text.LineController_Reset)
                  000165c0    00000128     mission_manager.o (.text.MissionManager_Update_20ms)
                  000166e8    00000128     balance_ball_control.o (.text.return_toward_zero)
                  00016810    00000124     oled.o (.text.OLED_Init)
                  00016934    00000120     line_controller.o (.text.LineController_Init)
                  00016a54    00000120     car_controller.o (.text.handle_follow_line)
                  00016b74    00000120     oled_ui.o (.text.print_bluetooth_page)
                  00016c94    0000011c     balance_ball_control.o (.text.BalanceBallControl_Enable)
                  00016db0    0000011c     car_controller.o (.text.handle_drive_heading)
                  00016ecc    00000118     vision_receiver.o (.text.accept_packet)
                  00016fe4    00000118     oled_ui.o (.text.print_obstacle_page)
                  000170fc    0000010c     balance_soft_limits.o (.text.BalanceSoftLimits_BeginAtCurrentAsZero)
                  00017208    0000010c     line_controller.o (.text.LineController_ResetControlState)
                  00017314    0000010c     h_task_controller.o (.text.h_update_h3)
                  00017420    00000104     driverlib.a : dl_timer.o (.text.DL_Timer_initFourCCPWMMode)
                  00017524    00000104     menu.o (.text.Menu_GetParamValue)
                  00017628    00000104     ti_msp_dl_config.o (.text.SYSCFG_DL_GPIO_init)
                  0001772c    00000104     balance_tuning.o (.text.send_text)
                  00017830    00000100     motor_control.o (.text.MotorControl_SetNormalizedTarget)
                  00017930    000000fc     mission_manager.o (.text.MissionManager_SelectNext)
                  00017a2c    000000f4     empty.o (.text.main)
                  00017b20    000000ec     heading_control.o (.text.HeadingControl_Update)
                  00017c0c    000000e8     balance_soft_limits.o (.text.BalanceSoftLimits_StartRelativePositionMoveSteps)
                  00017cf4    000000e8     mission_manager.o (.text.MissionManager_SelectPrevious)
                  00017ddc    000000e8     obstacle_safety.o (.text.ObstacleSafety_Update_20ms)
                  00017ec4    000000e4     h_task_controller.o (.text.h_update_vision_hold)
                  00017fa8    000000e0     balance_ball_control.o (.text.BalanceBallControl_Init)
                  00018088    000000e0     wheel_speed_estimator.o (.text.WheelSpeedEstimator_Init)
                  00018168    000000d8     driverlib.a : dl_flashctl.o (.text.DL_FlashCTL_unprotectSector)
                  00018240    000000d8     oled.o (.text.OLED_PrintUInt16)
                  00018318    000000d8     libclang_rt.builtins.a : addsf3.S.obj (.text)
                  000183f0    000000d4     car_controller.o (.text.CarController_StartDriveDistance)
                  000184c4    000000d4     gimbal_stepper.o (.text.GimbalStepper_MoveRelativeSteps)
                  00018598    000000cc     balance_encoder.o (.text.BalanceEncoder_HandleGpioInterrupt)
                  00018664    000000cc     oled_ui.o (.text.OledUi_Update_20ms)
                  00018730    000000c8     car_controller.o (.text.CarController_ResetRuntime)
                  000187f8    000000c8     fault.o (.text.FaultCode_ToShortString)
                  000188c0    000000c4     balance_soft_limits.o (.text.BalanceSoftLimits_Init)
                  00018984    000000c0     angle_utils.o (.text.Angle_Normalize180)
                  00018a44    000000c0     balance_soft_limits.o (.text.oscillation_target_for_phase)
                  00018b04    000000b4     gimbal_stepper.o (.text.GimbalStepper_StopHold)
                  00018bb8    000000b4     h_task_controller.o (.text.h_apply_chassis_profile)
                  00018c6c    000000b0     gimbal_stepper.o (.text.GimbalStepper_Init)
                  00018d1c    000000b0     empty.o (.text.SysTick_Handler)
                  00018dcc    000000ac     balance_soft_limits.o (.text.BalanceSoftLimits_StartPositionMoveToLogicalCount)
                  00018e78    000000ac     balance_ball_control.o (.text.command_offset)
                  00018f24    000000a8     balance_soft_limits.o (.text.BalanceSoftLimits_ArmRecalibration)
                  00018fcc    000000a4     encoder.o (.text.Encoder_HandleGpioInterrupt)
                  00019070    000000a4     balance_calibration_store.o (.text.calibration_crc32)
                  00019114    000000a2     libclang_rt.builtins.a : udivmoddi4.S.obj (.text)
                  000191b6    00000002     startup_mspm0g350x_ticlang.o (.text.Default_Handler)
                  000191b8    000000a0     balance_soft_limits.o (.text.BalanceSoftLimits_AbortCalibration)
                  00019258    000000a0     h_task_controller.o (.text.HTaskController_Init)
                  000192f8    000000a0     car_controller.o (.text.drive_distance_high_decel_zone_cm)
                  00019398    0000009c     obstacle_monitor.o (.text.ObstacleMonitor_Update_20ms)
                  00019434    0000009a     libc.a : memcpy16.S.obj (.text:memcpy)
                  000194ce    00000002     obstacle_avoidance.o (.text.ObstacleAvoidance_Update_20ms)
                  000194d0    00000098     balance_position_control.o (.text.BalancePositionControl_ResetFault)
                  00019568    00000098     balance_soft_limits.o (.text.BalanceSoftLimits_CancelRecalibration)
                  00019600    00000098     car_controller.o (.text.CarController_ResetTransientState)
                  00019698    00000098     imu.o (.text.mpu6050_write_reg)
                  00019730    00000094     car_controller.o (.text.CarController_StartTurnToYawRelative)
                  000197c4    00000090     balance_tuning.o (.text.BalanceTuning_Init)
                  00019854    00000090     ti_msp_dl_config.o (.text.SYSCFG_DL_UART_VISION_init)
                  000198e4    0000008c     motion_action.o (.text.MotionAction_RefreshFollowLineTuning)
                  00019970    0000008c     ti_msp_dl_config.o (.text.SYSCFG_DL_PWM_MOTOR_init)
                  000199fc    0000008c     ti_msp_dl_config.o (.text.SYSCFG_DL_UART_BALANCE_TUNING_init)
                  00019a88    0000008c     libclang_rt.builtins.a : mulsf3.S.obj (.text.__mulsf3)
                  00019b14    0000008c     h_task_controller.o (.text.h_start_car)
                  00019ba0    0000008c     car_controller.o (.text.heading_imu_wait_or_fail)
                  00019c2c    00000088     balance_soft_limits.o (.text.BalanceSoftLimits_Enforce100usFromIsr)
                  00019cb4    0000000c     balance_encoder.o (.text.BalanceEncoder_GetCountAtomic)
                  00019cc0    00000088     libc.a : strcmp-armv6m.S.obj (.text:strcmp)
                  00019d48    00000084     app.o (.text.App_Init)
                  00019dcc    00000084     car_controller.o (.text.CarController_SetSafetyHold)
                  00019e50    00000084     gimbal_stepper.o (.text.GimbalStepper_ConfirmZero)
                  00019ed4    00000084     h_task_controller.o (.text.HTaskController_Reset)
                  00019f58    00000084     line_controller.o (.text.LineController_SetProfileOverride)
                  00019fdc    00000084     motor.o (.text.Motor_Init)
                  0001a060    00000084     balance_tuning.o (.text.parse_i16)
                  0001a0e4    00000082     libclang_rt.builtins.a : divsf3.S.obj (.text.__divsf3)
                  0001a166    00000002     track_sensor.o (.text.TrackSensor_Init)
                  0001a168    00000080     balance_ball_control.o (.text.BalanceBallControl_SetTransferAssist)
                  0001a1e8    00000080     balance_position_control.o (.text.BalancePositionControl_Init)
                  0001a268    00000080     car_controller.o (.text.CarController_StartDriveHeading)
                  0001a2e8    00000080     motor.o (.text.Motor_Stop)
                  0001a368    00000080     vision_uart.o (.text.UART3_IRQHandler)
                  0001a3e8    0000007c     mission_manager.o (.text.MissionManager_Pause)
                  0001a464    0000007c     oled_ui.o (.text.OledUi_ShowBootStatus)
                  0001a4e0    0000007c     h_task_controller.o (.text.h_release_chassis_profile)
                  0001a55c    0000007c     libc.a : copy_decompress_lzss.c.obj (.text:decompress:lzss)
                  0001a5d8    00000078     oled.o (.text.oled_write_command)
                  0001a650    00000074     balance_ball_control.o (.text.command_offset_limited)
                  0001a6c4    00000074     motor_control.o (.text.latch_control_error)
                  0001a738    00000070     gimbal_stepper.o (.text.GimbalStepper_Release)
                  0001a7a8    00000070     h_task_controller.o (.text.HTaskController_SetChassisTuning)
                  0001a818    00000070     balance_tuning.o (.text.serial_calibration_confirm)
                  0001a888    0000006e     track_sensor.o (.text.TrackSensor_DetectTurn)
                  0001a8f6    00000002     vision_uart.o (.text.VisionUart_Process)
                  0001a8f8    00000068     mission_manager.o (.text.MissionManager_GetSelectedMissionIndex)
                  0001a960    00000068     motor_control.o (.text.MotorControl_SetFeedforwardOverride)
                  0001a9c8    00000068     car_controller.o (.text.set_output_speed)
                  0001aa30    00000066     track_sensor.o (.text.TrackSensor_GetErrorFromRaw)
                  0001aa96    00000002     libclang_rt.builtins.a : aeabi_div0.c.obj (.text.__aeabi_idiv0)
                  0001aa98    00000064     balance_soft_limits.o (.text.BalanceSoftLimits_ResetPositionFault)
                  0001aafc    00000064     balance_soft_limits.o (.text.BalanceSoftLimits_StartCalibrationJogSteps)
                  0001ab60    00000064     mission_manager.o (.text.MissionManager_Start)
                  0001abc4    00000062     app.o (.text.App_ResetToReady)
                  0001ac26    00000002     libclang_rt.builtins.a : aeabi_div0.c.obj (.text.__aeabi_ldiv0)
                  0001ac28    00000062                            : aeabi_fcmp.S.obj (.text.__aeabi_fcmp)
                  0001ac8a    00000062     libc.a : memset16.S.obj (.text:memset)
                  0001acec    00000060     balance_tuning.o (.text.UART2_IRQHandler)
                  0001ad4c    00000060     libclang_rt.builtins.a : fixsfdi.S.obj (.text.__fixsfdi)
                  0001adac    0000005c     ultrasonic.o (.text.Ultrasonic_Update_20ms)
                  0001ae08    0000005c     vision_receiver.o (.text.VisionReceiver_Init)
                  0001ae64    0000005c     motion_action.o (.text.motion_action_start_imu_controller)
                  0001aec0    0000005c     vision_protocol.o (.text.parse_u32)
                  0001af1c    0000005c     car_controller.o (.text.speed_cmps_to_normalized_command)
                  0001af78    0000005c     balance_soft_limits.o (.text.test_start_target)
                  0001afd4    00000058     balance_encoder.o (.text.BalanceEncoder_Init)
                  0001b02c    00000058     car_controller.o (.text.CarController_StartFollowLineAtCommand)
                  0001b084    00000058     mission_manager.o (.text.MissionManager_Init)
                  0001b0dc    00000058     mission_manager.o (.text.MissionManager_Reset)
                  0001b134    00000058     oled.o (.text.OLED_PrintChar)
                  0001b18c    00000058     balance_ball_control.o (.text.ensure_tracking_started)
                  0001b1e4    00000058     menu.o (.text.menu_recover_balance_axis_after_reset)
                  0001b23c    00000056     libclang_rt.builtins.a : aeabi_idivmod.S.obj (.text.__aeabi_idivmod)
                  0001b292    00000002     --HOLE-- [fill = 0]
                  0001b294    00000054     balance_soft_limits.o (.text.BalanceSoftLimits_BeginFullCalibrationAtCurrentAsZero)
                  0001b2e8    00000054     car_controller.o (.text.CarController_Stop)
                  0001b33c    00000054     track_sensor.o (.text.TrackSensor_ReadRaw)
                  0001b390    00000054     watchdog_monitor.o (.text.WatchdogMonitor_ApplyFaultIfNeeded)
                  0001b3e4    00000050     balance_position_control.o (.text.BalancePositionControl_SetTrackingTarget)
                  0001b434    00000050     balance_soft_limits.o (.text.BalanceSoftLimits_GetSnapshot)
                  0001b484    00000050     ultrasonic.o (.text.Ultrasonic_Init)
                  0001b4d4    00000050     watchdog_monitor.o (.text.WatchdogMonitor_Tick1msFromIsr)
                  0001b524    0000004e     libclang_rt.builtins.a : floatdisf.S.obj (.text.__floatdisf)
                  0001b572    00000002     --HOLE-- [fill = 0]
                  0001b574    0000004c     car_controller.o (.text.CarController_StartFollowLine)
                  0001b5c0    0000004c     mission_manager.o (.text.MissionManager_Cancel)
                  0001b60c    0000004c     motor_control.o (.text.MotorControl_Stop)
                  0001b658    0000004c     libc.a : cpy_tbl.c.obj (.text.copy_in)
                  0001b6a4    0000004c     vision_protocol.o (.text.state_is_valid)
                  0001b6f0    0000004c     libc.a : autoinit.c.obj (.text:__TI_auto_init_nopinit)
                  0001b73c    00000048     balance_ball_control.o (.text.BalanceBallControl_ResetConfig)
                  0001b784    00000048     car_controller.o (.text.CarController_ResumeFollowLine)
                  0001b7cc    00000048     driverlib.a : dl_uart.o (.text.DL_UART_init)
                  0001b814    00000048     ti_msp_dl_config.o (.text.SYSCFG_DL_initPower)
                  0001b85c    00000046     balance_tuning.o (.text.parse_u16)
                  0001b8a2    00000002     --HOLE-- [fill = 0]
                  0001b8a4    00000044     balance_tuning.o (.text.BalanceTuning_AbortCalibrationSession)
                  0001b8e8    00000044     emergency_stop.o (.text.EmergencyStop_Reset)
                  0001b92c    00000044     encoder.o (.text.Encoder_GetAndClearPulseDeltas)
                  0001b970    00000044     imu.o (.text.Imu_ResetYaw)
                  0001b9b4    00000044     servo.o (.text.Servo_Tick100us)
                  0001b9f8    00000040     balance_encoder.o (.text.BalanceEncoder_GetSnapshot)
                  0001ba38    00000040     balance_soft_limits.o (.text.BalanceSoftLimits_StopMotion)
                  0001ba78    00000040     fault.o (.text.Fault_Raise)
                  0001bab8    00000040     ti_msp_dl_config.o (.text.SYSCFG_DL_SYSCTL_init)
                  0001baf8    00000040     vision_receiver.o (.text.VisionReceiver_PushByteFromIsr)
                  0001bb38    00000040     vision_uart.o (.text.VisionUart_Init)
                  0001bb78    00000040     libclang_rt.builtins.a : aeabi_uidivmod.S.obj (.text.__aeabi_uidivmod)
                  0001bbb8    00000040     balance_tuning.o (.text.abort_serial_calibration)
                  0001bbf8    00000040     vision_protocol.o (.text.parse_confidence)
                  0001bc38    0000003e     libclang_rt.builtins.a : divmoddi4.c.obj (.text.__divmoddi4)
                  0001bc76    00000002     --HOLE-- [fill = 0]
                  0001bc78    0000003c     balance_position_control.o (.text.BalancePositionControl_Cancel)
                  0001bcb4    0000003c     mission_manager.o (.text.MissionManager_Resume)
                  0001bcf0    0000003c     motor_control.o (.text.MotorControl_Init)
                  0001bd2c    0000003c     servo.o (.text.Servo_SetAngleDeg)
                  0001bd68    0000003c     libclang_rt.builtins.a : floatsisf.S.obj (.text.__floatsisf)
                  0001bda4    0000003c                            : comparesf2.S.obj (.text.__gtsf2)
                  0001bde0    0000003c     balance_position_control.o (.text.latch_fault)
                  0001be1c    0000003a     libclang_rt.builtins.a : comparesf2.S.obj (.text.__eqsf2)
                  0001be56    00000002     --HOLE-- [fill = 0]
                  0001be58    0000003a                            : muldsi3.S.obj (.text.__muldsi3)
                  0001be92    00000002     --HOLE-- [fill = 0]
                  0001be94    00000038     balance_ball_control.o (.text.BalanceBallControl_ForceStop)
                  0001becc    00000038     balance_ball_control.o (.text.BalanceBallControl_SetTargetMm)
                  0001bf04    00000038     emergency_stop.o (.text.EmergencyStop_Trigger)
                  0001bf3c    00000038     motion_action.o (.text.MotionAction_Cancel)
                  0001bf74    00000038     libclang_rt.builtins.a : fixsfsi.S.obj (.text.__fixsfsi)
                  0001bfac    00000034     balance_position_control.o (.text.BalancePositionControl_SetTrackingThresholds)
                  0001bfe0    00000034     imu.o (.text.Imu_IsReady)
                  0001c014    00000034     h_task_controller.o (.text.h_enter_vision_hold)
                  0001c048    00000034     balance_tuning.o (.text.serial_calibration_jog)
                  0001c07c    00000032     oled.o (.text.OLED_PrintString)
                  0001c0ae    00000002     --HOLE-- [fill = 0]
                  0001c0b0    00000030     key.o (.text.Key_Init)
                  0001c0e0    00000030     line_controller.o (.text.LineController_ObserveSensors)
                  0001c110    00000030     watchdog_monitor.o (.text.WatchdogMonitor_Init)
                  0001c140    00000030     watchdog_monitor.o (.text.WatchdogMonitor_Reset)
                  0001c170    0000002c     balance_position_control.o (.text.BalancePositionControl_StartTracking)
                  0001c19c    0000002c     car_controller.o (.text.CarController_SetFollowLineBaseCommand)
                  0001c1c8    0000002c     encoder.o (.text.Encoder_Reset)
                  0001c1f4    0000002c     motion_action.o (.text.MotionAction_Init)
                  0001c220    0000002c     track_sensor.o (.text.TrackSensor_CountBlack)
                  0001c24c    00000028     balance_ball_control.o (.text.BalanceBallControl_SetAngleFeedforwardCount)
                  0001c274    00000028     balance_soft_limits.o (.text.BalanceSoftLimits_CancelTravelTest)
                  0001c29c    00000028     driverlib.a : dl_flashctl.o (.text.DL_FlashCTL_programMemoryFromRAM64WithECCGenerated)
                  0001c2c4    00000010                 : dl_flashctl.o (.tramp.DL_FlashCTL_executeCommandFromRAM.1)
                  0001c2d4    00000028     emergency_stop.o (.text.EmergencyStop_Enforce)
                  0001c2fc    00000028     h_task_controller.o (.text.HTaskController_RequestNormalStop)
                  0001c324    00000028     magnet.o (.text.Magnet_ForceOff)
                  0001c34c    00000028     ti_msp_dl_config.o (.text.SYSCFG_DL_init)
                  0001c374    00000028     servo.o (.text.Servo_Init)
                  0001c39c    00000028     libclang_rt.builtins.a : floatunsisf.S.obj (.text.__floatunsisf)
                  0001c3c4    00000028     libc.a : boot_cortex_m.c.obj (.text:_c_int00_noargs)
                  0001c3ec    00000024     balance_encoder.o (.text.BalanceEncoder_SampleSpeed10msFromIsr)
                  0001c410    00000024     balance_position_control.o (.text.BalancePositionControl_GetSnapshot)
                  0001c434    00000024     balance_soft_limits.o (.text.BalanceSoftLimits_CancelOscillationTest)
                  0001c458    00000024     gimbal_stepper.o (.text.GimbalStepper_GetFeedbackSnapshot)
                  0001c47c    00000024     h_task_controller.o (.text.HTaskController_VehicleToString)
                  0001c4a0    00000024     line_controller.o (.text.LineController_ClearProfileOverride)
                  0001c4c4    00000024     menu.o (.text.Menu_Init)
                  0001c4e8    00000024     mission_manager.o (.text.MissionManager_ReportExternalFailure)
                  0001c50c    00000024     motor_control.o (.text.MotorControl_Reset)
                  0001c530    00000024     oled.o (.text.OLED_ClearBuffer)
                  0001c554    00000024     libclang_rt.builtins.a : muldi3.S.obj (.text.__muldi3)
                  0001c578    00000024     h_task_controller.o (.text.h_fault)
                  0001c59c    00000020     driverlib.a : dl_timer.o (.text.DL_Timer_overrideCCPOut)
                  0001c5bc    00000020     debug_telemetry.o (.text.DebugTelemetry_Update)
                  0001c5dc    00000020     empty.o (.text.GROUP1_IRQHandler)
                  0001c5fc    00000020     magnet.o (.text.Magnet_Init)
                  0001c61c    00000020     oled.o (.text.OLED_SetCursor)
                  0001c63c    00000020     empty.o (.text.SchedulerMonitor_GetStats)
                  0001c65c    00000020     vision_receiver.o (.text.VisionReceiver_GetProtocolErrorCount)
                  0001c67c    00000020     libc.a : memcmp.c.obj (.text.memcmp)
                  0001c69c    00000020     mission_manager.o (.text.mission_finish_error)
                  0001c6bc    0000001e     libclang_rt.builtins.a : ashldi3.S.obj (.text.__ashldi3)
                  0001c6da    00000002     --HOLE-- [fill = 0]
                  0001c6dc    0000001c     balance_ball_control.o (.text.BalanceBallControl_Disable)
                  0001c6f8    0000001c     balance_ball_control.o (.text.BalanceBallControl_GetConfig)
                  0001c714    0000001c     driverlib.a : dl_timer.o (.text.DL_Timer_setCaptCompUpdateMethod)
                  0001c730    0000001c                 : dl_timer.o (.text.DL_Timer_setClockConfig)
                  0001c74c    0000001c     h_task_controller.o (.text.HTaskController_GetSnapshot)
                  0001c768    0000001c     h_task_controller.o (.text.HTaskController_IsActive)
                  0001c784    0000001c     h_task_controller.o (.text.HTaskController_StateToString)
                  0001c7a0    0000001c     heading_control.o (.text.HeadingControl_SetTargetYaw)
                  0001c7bc    0000001c     motor_control.o (.text.MotorControl_ClearFeedforwardOverride)
                  0001c7d8    0000001c     obstacle_monitor.o (.text.ObstacleMonitor_Init)
                  0001c7f4    0000001c     obstacle_safety.o (.text.ObstacleSafety_Init)
                  0001c810    0000001c     watchdog_monitor.o (.text.WatchdogMonitor_NotifyControlCycleComplete)
                  0001c82c    0000001c     mission_manager.o (.text.mission_finish_success)
                  0001c848    00000018     driverlib.a : dl_flashctl.o (.text.DL_FlashCTL_eraseMemoryFromRAM)
                  0001c860    00000018                 : dl_timer.o (.text.DL_Timer_setCaptureCompareOutCtl)
                  0001c878    00000018     debug_telemetry.o (.text.DebugTelemetry_Init)
                  0001c890    00000018     heading_control.o (.text.HeadingControl_Init)
                  0001c8a8    00000018     heading_control.o (.text.HeadingControl_Reset)
                  0001c8c0    00000018     menu.o (.text.Menu_ParamItemToString)
                  0001c8d8    00000018     mission_library.o (.text.MissionLibrary_FindById)
                  0001c8f0    00000018     obstacle_avoidance.o (.text.ObstacleAvoidance_Init)
                  0001c908    00000018     runtime_snapshot.o (.text.RuntimeSnapshot_Init)
                  0001c920    00000016     libclang_rt.builtins.a : comparesf2.S.obj (.text.__unordsf2)
                  0001c936    00000002     --HOLE-- [fill = 0]
                  0001c938    00000014     balance_ball_control.o (.text.BalanceBallControl_GetSnapshot)
                  0001c94c    00000014     fault.o (.text.Fault_Clear)
                  0001c960    00000014     fault.o (.text.Fault_Init)
                  0001c974    00000014     gimbal_stepper.o (.text.GimbalStepper_SetStepHalfPeriodTicks)
                  0001c988    00000014     h_task_controller.o (.text.HTaskController_GetChassisTuning)
                  0001c99c    00000014     heading_control.o (.text.HeadingControl_Enable)
                  0001c9b0    00000014     mission_library.o (.text.MissionLibrary_GetByIndex)
                  0001c9c4    00000014     mission_manager.o (.text.MissionManager_GetSelectedMissionId)
                  0001c9d8    00000014     libclang_rt.builtins.a : aeabi_ldivmod.S.obj (.text.__aeabi_ldivmod)
                  0001c9ec    00000014                            : aeabi_uldivmod.S.obj (.text.__aeabi_uldivmod)
                  0001ca00    00000012     driverlib.a : dl_uart.o (.text.DL_UART_setClockConfig)
                  0001ca12    00000012     libc.a : copy_decompress_none.c.obj (.text:decompress:none)
                  0001ca24    00000010     balance_position_control.o (.text.BalancePositionControl_HasFault)
                  0001ca34    00000010     driverlib.a : dl_timer.o (.text.DL_Timer_setCaptureCompareValue)
                  0001ca44    00000010     gimbal.o (.text.Gimbal_YawGetFeedback)
                  0001ca54    00000010     h_task_controller.o (.text.HTaskController_HasFault)
                  0001ca64    00000010     key.o (.text.Key_GetEvent)
                  0001ca74    00000010     vision_receiver.o (.text.VisionReceiver_RecordUartBreakErrorFromIsr)
                  0001ca84    00000010     vision_receiver.o (.text.VisionReceiver_RecordUartFramingErrorFromIsr)
                  0001ca94    00000010     vision_receiver.o (.text.VisionReceiver_RecordUartOverrunFromIsr)
                  0001caa4    00000010     vision_receiver.o (.text.VisionReceiver_RecordUartParityErrorFromIsr)
                  0001cab4    00000010     libc.a : copy_zero_init.c.obj (.text:decompress:ZI)
                  0001cac4    0000000c     balance_position_control.o (.text.BalancePositionControl_IsBusy)
                  0001cad0    0000000c     balance_soft_limits.o (.text.BalanceSoftLimits_CancelCalibrationJog)
                  0001cadc    0000000c     balance_soft_limits.o (.text.BalanceSoftLimits_IsCalibrationActive)
                  0001cae8    0000000c     balance_soft_limits.o (.text.BalanceSoftLimits_IsOscillationTestActive)
                  0001caf4    0000000c     balance_soft_limits.o (.text.BalanceSoftLimits_IsTravelTestActive)
                  0001cb00    0000000c     car_controller.o (.text.CarController_GetRunMode)
                  0001cb0c    0000000c     car_controller.o (.text.CarController_Init)
                  0001cb18    0000000c     car_controller.o (.text.CarController_IsSafetyHoldActive)
                  0001cb24    0000000c     car_state.o (.text.CarState_Get)
                  0001cb30    0000000c     car_state.o (.text.CarState_Init)
                  0001cb3c    0000000c     car_state.o (.text.CarState_Set)
                  0001cb48    0000000c     emergency_stop.o (.text.EmergencyStop_Init)
                  0001cb54    0000000c     emergency_stop.o (.text.EmergencyStop_IsActive)
                  0001cb60    0000000c     imu.o (.text.Imu_GetCorrectedGyroZDps)
                  0001cb6c    0000000c     imu.o (.text.Imu_GetYaw)
                  0001cb78    0000000c     menu.o (.text.Menu_GetPage)
                  0001cb84    0000000c     menu.o (.text.Menu_GetParamItem)
                  0001cb90    0000000c     mission_manager.o (.text.MissionManager_IsExternallyHeld)
                  0001cb9c    0000000c     mission_manager.o (.text.MissionManager_SetExternalHold)
                  0001cba8    0000000c     obstacle_avoidance.o (.text.ObstacleAvoidance_IsActive)
                  0001cbb4    0000000c     obstacle_avoidance.o (.text.ObstacleAvoidance_IsFailed)
                  0001cbc0    0000000c     obstacle_safety.o (.text.ObstacleSafety_IsHolding)
                  0001cbcc    0000000c     empty.o (.text.SystemTime_GetMs)
                  0001cbd8    0000000c     watchdog_monitor.o (.text.WatchdogMonitor_HasTripped)
                  0001cbe4    0000000c     libclang_rt.builtins.a : aeabi_memset.S.obj (.text.__aeabi_memclr)
                  0001cbf0    0000000a     driverlib.a : dl_common.o (.text.DL_Common_delayCycles)
                  0001cbfa    0000000a     motion_action.o (.text.MotionAction_Resume)
                  0001cc04    0000000a     motion_action.o (.text.MotionAction_Start)
                  0001cc0e    0000000a     track_sensor.o (.text.TrackSensor_IsCenterDetected)
                  0001cc18    0000000a     track_sensor.o (.text.TrackSensor_IsLineDetected)
                  0001cc22    0000000a     track_sensor.o (.text.TrackSensor_IsLineLost)
                  0001cc2c    00000008     balance_soft_limits.o (.text.BalanceSoftLimits_CancelPositionMove)
                  0001cc34    00000008     balance_soft_limits.o (.text.BalanceSoftLimits_IsPositionMoveActive)
                  0001cc3c    00000008     bluetooth_uart.o (.text.BluetoothUart_GetRuntime)
                  0001cc44    00000008     car_controller.o (.text.CarController_GetFeedback)
                  0001cc4c    00000008     fault.o (.text.Fault_GetRecord)
                  0001cc54    00000008     gimbal_stepper.o (.text.GimbalStepper_GetFeedback)
                  0001cc5c    00000008     heading_control.o (.text.HeadingControl_GetRuntime)
                  0001cc64    00000008     imu.o (.text.Imu_GetRuntime)
                  0001cc6c    00000008     line_controller.o (.text.LineController_GetRuntime)
                  0001cc74    00000008     mission_manager.o (.text.MissionManager_GetMissionCount)
                  0001cc7c    00000008     mission_manager.o (.text.MissionManager_GetRuntime)
                  0001cc84    00000008     motion_action.o (.text.MotionAction_GetRuntime)
                  0001cc8c    00000008     motor_control.o (.text.MotorControl_GetRuntime)
                  0001cc94    00000008     obstacle_avoidance.o (.text.ObstacleAvoidance_GetFeedback)
                  0001cc9c    00000008     obstacle_monitor.o (.text.ObstacleMonitor_GetFeedback)
                  0001cca4    00000008     oled_ui.o (.text.OledUi_Init)
                  0001ccac    00000008     runtime_snapshot.o (.text.RuntimeSnapshot_Get)
                  0001ccb4    00000008     servo.o (.text.Servo_GetFeedback)
                  0001ccbc    00000008     ultrasonic.o (.text.Ultrasonic_GetFeedback)
                  0001ccc4    00000008     vision_receiver.o (.text.VisionReceiver_GetBallPositionObservation)
                  0001cccc    00000008     vision_receiver.o (.text.VisionReceiver_GetStatus)
                  0001ccd4    00000008     vision_tuning_console.o (.text.VisionTuningConsole_GetStatus)
                  0001ccdc    00000008     watchdog_monitor.o (.text.WatchdogMonitor_GetStatus)
                  0001cce4    00000008     wheel_speed_estimator.o (.text.WheelSpeedEstimator_GetRuntime)
                  0001ccec    00000008     libclang_rt.builtins.a : aeabi_memcpy.S.obj (.text.__aeabi_memcpy)
                  0001ccf4    00000006     libc.a : exit.c.obj (.text:abort)
                  0001ccfa    00000004     libsysbm.a : hostexit.c.obj (.text.HOSTexit)
                  0001ccfe    00000004     mission_library.o (.text.MissionLibrary_GetCount)
                  0001cd02    00000004     obstacle_avoidance.o (.text.ObstacleAvoidance_IsResumeGraceActive)
                  0001cd06    00000004     startup_mspm0g350x_ticlang.o (.text.Reset_Handler)
                  0001cd0a    00000002     --HOLE-- [fill = 0]
                  0001cd0c    00000010     libc.a : boot_cortex_m.c.obj (.tramp._c_int00_noargs.1)
                  0001cd1c    00000004            : pre_init.c.obj (.text._system_pre_init)

.TI.ramfunc 
*          0    0001dc00    00000060     RUN ADDR = 20201a78
                  0001dc00    00000060     driverlib.a : dl_flashctl.o (.TI.ramfunc)

.cinit     0    0001dc60    00000030     
                  0001dc60    0000000c     (__TI_handler_table)
                  0001dc6c    00000008     (.cinit..bss.load) [load image, compression = zero_init]
                  0001dc74    00000005     (.cinit..data.load) [load image, compression = lzss]
                  0001dc79    00000003     --HOLE-- [fill = 0]
                  0001dc7c    00000010     (__TI_cinit_table)
                  0001dc8c    00000004     --HOLE-- [fill = 0]

.rodata    0    0001cd20    00000ee0     
                  0001cd20    000000d8     oled.o (.rodata..Lswitch.table.OLED_PrintChar)
                  0001cdf8    00000050     mission_library.o (.rodata.g_missionRegistry)
                  0001ce48    00000048     menu.o (.rodata..Lswitch.table.Menu_ParamItemToString)
                  0001ce90    0000003c     balance_tuning.o (.rodata..Lswitch.table.send_debug_receiver)
                  0001cecc    00000038     oled_ui.o (.rodata..Lswitch.table.print_balance_vision_rx_debug_page)
                  0001cf04    00000038     mission_library.o (.rodata.g_missionH3)
                  0001cf3c    00000038     mission_library.o (.rodata.g_missionH4)
                  0001cf74    00000038     mission_library.o (.rodata.g_missionH5)
                  0001cfac    00000038     mission_library.o (.rodata.g_missionH6)
                  0001cfe4    00000038     mission_library.o (.rodata.g_missionTask1)
                  0001d01c    00000034     oled_ui.o (.rodata..Lswitch.table.print_status_page)
                  0001d050    0000002c     balance_tuning.o (.rodata..Lswitch.table.send_debug_controller.182)
                  0001d07c    00000028     oled_ui.o (.rodata..Lswitch.table.print_h_task_status_page.230)
                  0001d0a4    00000024     h_task_controller.o (.rodata..Lswitch.table.HTaskController_StateToString)
                  0001d0c8    00000020     oled_ui.o (.rodata..Lswitch.table.print_balance_vision_page)
                  0001d0e8    00000020     balance_tuning.o (.rodata..Lswitch.table.send_debug_controller.181)
                  0001d108    00000020     balance_tuning.o (.rodata..Lswitch.table.send_debug_filter)
                  0001d128    0000001c     oled_ui.o (.rodata..Lswitch.table.print_balance_stepper_test_page.226)
                  0001d144    0000001c     oled_ui.o (.rodata..Lswitch.table.print_balance_vision_page.227)
                  0001d160    0000001c     oled_ui.o (.rodata..Lswitch.table.print_drive_distance_page)
                  0001d17c    0000001c     oled_ui.o (.rodata..Lswitch.table.print_h_task_status_page)
                  0001d198    00000018     oled_ui.o (.rodata..Lswitch.table.print_status_page.228)
                  0001d1b0    00000018     balance_tuning.o (.rodata..Lswitch.table.send_debug_position_fault)
                  0001d1c8    00000018     balance_tuning.o (.rodata.str1.12203727298384633765.1)
                  0001d1e0    00000017     balance_tuning.o (.rodata.str1.7429938449141376701.1)
                  0001d1f7    00000015     balance_tuning.o (.rodata.str1.12153495617120739732.1)
                  0001d20c    00000014     mission_library.o (.rodata..Lswitch.table.MissionLibrary_FindById)
                  0001d220    00000014     oled_ui.o (.rodata..Lswitch.table.print_balance_stepper_test_page.220)
                  0001d234    00000014     oled_ui.o (.rodata..Lswitch.table.print_balance_stepper_test_page.222)
                  0001d248    00000014     oled_ui.o (.rodata..Lswitch.table.print_status_page.229)
                  0001d25c    00000014     balance_tuning.o (.rodata.str1.16828945227823925029.1)
                  0001d270    00000013     oled_ui.o (.rodata.str1.13871579367539052597.1)
                  0001d283    00000013     balance_tuning.o (.rodata.str1.14264142961881584424.1)
                  0001d296    00000012     balance_tuning.o (.rodata.str1.8563474565901259281.1)
                  0001d2a8    00000011     oled_ui.o (.rodata.str1.15132332204781002199.1)
                  0001d2b9    00000011     oled_ui.o (.rodata.str1.17436941090773226089.1)
                  0001d2ca    00000011     oled_ui.o (.rodata.str1.2603845803395459882.1)
                  0001d2db    00000011     oled_ui.o (.rodata.str1.2608729314174233125.1)
                  0001d2ec    00000011     oled_ui.o (.rodata.str1.9992244628984851027.1)
                  0001d2fd    00000003     ti_msp_dl_config.o (.rodata.gPWM_MOTORClockConfig)
                  0001d300    00000010     oled_ui.o (.rodata..Lswitch.table.print_balance_stepper_test_page.223)
                  0001d310    00000010     balance_encoder.o (.rodata.cst16)
                  0001d320    00000010     oled_ui.o (.rodata.str1.2656948373757303877.1)
                  0001d330    0000000f     menu.o (.rodata..Lswitch.table.Menu_HandleKeyEvent)
                  0001d33f    0000000f     oled_ui.o (.rodata.str1.17274519358952562110.1)
                  0001d34e    0000000f     oled_ui.o (.rodata.str1.2397705740312973058.1)
                  0001d35d    0000000f     oled_ui.o (.rodata.str1.9351772214919528733.1)
                  0001d36c    0000000f     oled_ui.o (.rodata.str1.9854382722193312766.1)
                  0001d37b    0000000e     oled_ui.o (.rodata.str1.11232419324784801130.1)
                  0001d389    0000000e     balance_tuning.o (.rodata.str1.1264218299910966159.1)
                  0001d397    0000000e     balance_tuning.o (.rodata.str1.12833110812472946424.1)
                  0001d3a5    0000000e     mission_library.o (.rodata.str1.1440970855772709381.1)
                  0001d3b3    0000000e     oled_ui.o (.rodata.str1.14556837007311414654.1)
                  0001d3c1    0000000e     oled_ui.o (.rodata.str1.15917848551323629232.1)
                  0001d3cf    0000000e     oled_ui.o (.rodata.str1.18266126048138325213.1)
                  0001d3dd    0000000e     oled_ui.o (.rodata.str1.2193316011307952170.1)
                  0001d3eb    0000000e     balance_tuning.o (.rodata.str1.3233384059104302595.1)
                  0001d3f9    0000000e     oled_ui.o (.rodata.str1.8124536758062367015.1)
                  0001d407    0000000d     balance_tuning.o (.rodata.str1.12787636963787307533.1)
                  0001d414    0000000d     mission_library.o (.rodata.str1.15668266851434757964.1)
                  0001d421    0000000d     balance_tuning.o (.rodata.str1.2068070733339245865.1)
                  0001d42e    0000000d     balance_tuning.o (.rodata.str1.7303502640274702539.1)
                  0001d43b    0000000d     balance_tuning.o (.rodata.str1.7805572866881257290.1)
                  0001d448    0000000c     oled_ui.o (.rodata..Lswitch.table.print_balance_stepper_test_page.221)
                  0001d454    0000000c     oled_ui.o (.rodata..Lswitch.table.print_balance_stepper_test_page.224)
                  0001d460    0000000c     oled_ui.o (.rodata..Lswitch.table.print_balance_stepper_test_page)
                  0001d46c    0000000c     oled_ui.o (.rodata..Lswitch.table.print_sensor_page)
                  0001d478    0000000c     balance_tuning.o (.rodata..Lswitch.table.send_calibration_status)
                  0001d484    0000000c     oled_ui.o (.rodata.str1.1019225241002246410.1)
                  0001d490    0000000c     balance_tuning.o (.rodata.str1.11153751536558257278.1)
                  0001d49c    0000000c     mission_library.o (.rodata.str1.11682660667400632204.1)
                  0001d4a8    0000000c     oled_ui.o (.rodata.str1.12043213579996415112.1)
                  0001d4b4    0000000c     balance_tuning.o (.rodata.str1.14379570804519814092.1)
                  0001d4c0    0000000c     oled_ui.o (.rodata.str1.5965450730569173784.1)
                  0001d4cc    0000000b     oled_ui.o (.rodata.str1.130772507669342127.1)
                  0001d4d7    0000000b     balance_tuning.o (.rodata.str1.13927408975829028648.1)
                  0001d4e2    0000000b     balance_tuning.o (.rodata.str1.16995373371140357553.1)
                  0001d4ed    0000000b     balance_tuning.o (.rodata.str1.2700731884220140365.1)
                  0001d4f8    0000000b     oled_ui.o (.rodata.str1.3455423528827705371.1)
                  0001d503    0000000b     oled_ui.o (.rodata.str1.3702290527496711532.1)
                  0001d50e    0000000b     balance_tuning.o (.rodata.str1.4113204610233820215.1)
                  0001d519    0000000b     balance_tuning.o (.rodata.str1.9462028229935726468.1)
                  0001d524    0000000a     ti_msp_dl_config.o (.rodata.gUART_BALANCE_TUNINGConfig)
                  0001d52e    0000000a     ti_msp_dl_config.o (.rodata.gUART_VISIONConfig)
                  0001d538    0000000a     oled_ui.o (.rodata.str1.1108652269057166745.1)
                  0001d542    0000000a     balance_tuning.o (.rodata.str1.11429545149414127667.1)
                  0001d54c    0000000a     balance_tuning.o (.rodata.str1.11965935882277854026.1)
                  0001d556    0000000a     balance_tuning.o (.rodata.str1.1225708768031363644.1)
                  0001d560    0000000a     balance_tuning.o (.rodata.str1.12662652760121154555.1)
                  0001d56a    0000000a     mission_library.o (.rodata.str1.13636476544574750902.1)
                  0001d574    0000000a     balance_tuning.o (.rodata.str1.14407532796619091063.1)
                  0001d57e    0000000a     oled_ui.o (.rodata.str1.16931641404301806744.1)
                  0001d588    0000000a     balance_tuning.o (.rodata.str1.190387033829999932.1)
                  0001d592    0000000a     oled_ui.o (.rodata.str1.1974573040514735405.1)
                  0001d59c    0000000a     mission_library.o (.rodata.str1.199678142196697465.1)
                  0001d5a6    0000000a     oled_ui.o (.rodata.str1.5291836437463020264.1)
                  0001d5b0    0000000a     oled_ui.o (.rodata.str1.6381889798382488904.1)
                  0001d5ba    00000009     balance_tuning.o (.rodata.str1.13060521858833474728.1)
                  0001d5c3    00000009     balance_tuning.o (.rodata.str1.16006537837561361483.1)
                  0001d5cc    00000009     oled_ui.o (.rodata.str1.240075016795266086.1)
                  0001d5d5    00000009     oled_ui.o (.rodata.str1.4402311448527872260.1)
                  0001d5de    00000009     balance_tuning.o (.rodata.str1.9007449870089704693.1)
                  0001d5e7    00000009     oled_ui.o (.rodata.str1.9646571805098343045.1)
                  0001d5f0    00000008     ti_msp_dl_config.o (.rodata.gPWM_MOTORConfig)
                  0001d5f8    00000008     balance_tuning.o (.rodata.str1.10864470326470540157.1)
                  0001d600    00000008     balance_tuning.o (.rodata.str1.12637522976786142932.1)
                  0001d608    00000008     balance_tuning.o (.rodata.str1.12835793291258929699.1)
                  0001d610    00000008     oled_ui.o (.rodata.str1.12928245060369742404.1)
                  0001d618    00000008     app.o (.rodata.str1.13935281678674483141.1)
                  0001d620    00000008     balance_tuning.o (.rodata.str1.15818174819141905252.1)
                  0001d628    00000008     oled_ui.o (.rodata.str1.270145429241168923.1)
                  0001d630    00000008     balance_tuning.o (.rodata.str1.3392284968516405332.1)
                  0001d638    00000008     balance_tuning.o (.rodata.str1.7071644105955104486.1)
                  0001d640    00000008     oled_ui.o (.rodata.str1.8703997732205428909.1)
                  0001d648    00000007     oled_ui.o (.rodata.str1.10263419832828250601.1)
                  0001d64f    00000007     balance_tuning.o (.rodata.str1.11690988241288759035.1)
                  0001d656    00000007     oled_ui.o (.rodata.str1.12571791089077708471.1)
                  0001d65d    00000007     oled_ui.o (.rodata.str1.13750180467131823662.1)
                  0001d664    00000007     oled_ui.o (.rodata.str1.14132186318895045592.1)
                  0001d66b    00000007     oled_ui.o (.rodata.str1.15613891207764622616.1)
                  0001d672    00000007     h_task_controller.o (.rodata.str1.15725356076850704266.1)
                  0001d679    00000007     balance_tuning.o (.rodata.str1.15769814967733252227.1)
                  0001d680    00000007     oled_ui.o (.rodata.str1.16635595130967924751.1)
                  0001d687    00000007     oled_ui.o (.rodata.str1.16767111097834273992.1)
                  0001d68e    00000007     h_task_controller.o (.rodata.str1.3267964509806984770.1)
                  0001d695    00000007     balance_tuning.o (.rodata.str1.3829160663182747675.1)
                  0001d69c    00000007     oled_ui.o (.rodata.str1.6473435968988645044.1)
                  0001d6a3    00000007     oled_ui.o (.rodata.str1.6744096065564390185.1)
                  0001d6aa    00000007     balance_tuning.o (.rodata.str1.7224754546233542076.1)
                  0001d6b1    00000007     oled_ui.o (.rodata.str1.9135818829835424837.1)
                  0001d6b8    00000007     balance_tuning.o (.rodata.str1.9755989949770481844.1)
                  0001d6bf    00000006     oled_ui.o (.rodata.str1.11178346780556493352.1)
                  0001d6c5    00000006     oled_ui.o (.rodata.str1.11388022865931857840.1)
                  0001d6cb    00000006     oled_ui.o (.rodata.str1.11794000050372113979.1)
                  0001d6d1    00000006     oled_ui.o (.rodata.str1.12617122458660443890.1)
                  0001d6d7    00000006     oled_ui.o (.rodata.str1.1276391367487699528.1)
                  0001d6dd    00000006     balance_tuning.o (.rodata.str1.12987821060827392178.1)
                  0001d6e3    00000006     balance_tuning.o (.rodata.str1.13102443532555841901.1)
                  0001d6e9    00000006     menu.o (.rodata.str1.13617062986815958976.1)
                  0001d6ef    00000006     oled_ui.o (.rodata.str1.13790669171379415506.1)
                  0001d6f5    00000006     oled_ui.o (.rodata.str1.13875148296791986931.1)
                  0001d6fb    00000006     oled_ui.o (.rodata.str1.14824331111526742204.1)
                  0001d701    00000006     oled_ui.o (.rodata.str1.15802367878353263018.1)
                  0001d707    00000006     oled_ui.o (.rodata.str1.15859922799842739878.1)
                  0001d70d    00000006     balance_tuning.o (.rodata.str1.16284837996370273307.1)
                  0001d713    00000006     balance_tuning.o (.rodata.str1.16612448349671680203.1)
                  0001d719    00000006     oled_ui.o (.rodata.str1.17300182281883965258.1)
                  0001d71f    00000006     oled_ui.o (.rodata.str1.17540787658903907660.1)
                  0001d725    00000006     balance_tuning.o (.rodata.str1.18012996296540459495.1)
                  0001d72b    00000006     oled_ui.o (.rodata.str1.182352409660151230.1)
                  0001d731    00000006     balance_tuning.o (.rodata.str1.1862446224603202915.1)
                  0001d737    00000006     oled_ui.o (.rodata.str1.2742282290834473644.1)
                  0001d73d    00000006     oled_ui.o (.rodata.str1.3407221357956504873.1)
                  0001d743    00000006     oled_ui.o (.rodata.str1.35417727660486075.1)
                  0001d749    00000006     oled_ui.o (.rodata.str1.4206774382274784027.1)
                  0001d74f    00000006     oled_ui.o (.rodata.str1.4723632947289500520.1)
                  0001d755    00000006     oled_ui.o (.rodata.str1.5359389153162985499.1)
                  0001d75b    00000006     h_task_controller.o (.rodata.str1.6296723155108836847.1)
                  0001d761    00000006     oled_ui.o (.rodata.str1.6398192001994169976.1)
                  0001d767    00000006     oled_ui.o (.rodata.str1.7050595558965647569.1)
                  0001d76d    00000006     oled_ui.o (.rodata.str1.8709745090823444516.1)
                  0001d773    00000006     oled_ui.o (.rodata.str1.967006512144173535.1)
                  0001d779    00000005     motion_action.o (.rodata..Lswitch.table.MotionAction_Update_20ms)
                  0001d77e    00000005     oled.o (.rodata.oled_get_glyph.colon)
                  0001d783    00000005     oled.o (.rodata.oled_get_glyph.eight)
                  0001d788    00000005     oled.o (.rodata.oled_get_glyph.five)
                  0001d78d    00000005     oled.o (.rodata.oled_get_glyph.four)
                  0001d792    00000005     oled.o (.rodata.oled_get_glyph.glyphA)
                  0001d797    00000005     oled.o (.rodata.oled_get_glyph.glyphB)
                  0001d79c    00000005     oled.o (.rodata.oled_get_glyph.glyphC)
                  0001d7a1    00000005     oled.o (.rodata.oled_get_glyph.glyphD)
                  0001d7a6    00000005     oled.o (.rodata.oled_get_glyph.glyphE)
                  0001d7ab    00000005     oled.o (.rodata.oled_get_glyph.glyphF)
                  0001d7b0    00000005     oled.o (.rodata.oled_get_glyph.glyphG)
                  0001d7b5    00000005     oled.o (.rodata.oled_get_glyph.glyphH)
                  0001d7ba    00000005     oled.o (.rodata.oled_get_glyph.glyphI)
                  0001d7bf    00000005     oled.o (.rodata.oled_get_glyph.glyphK)
                  0001d7c4    00000005     oled.o (.rodata.oled_get_glyph.glyphL)
                  0001d7c9    00000005     oled.o (.rodata.oled_get_glyph.glyphM)
                  0001d7ce    00000005     oled.o (.rodata.oled_get_glyph.glyphN)
                  0001d7d3    00000005     oled.o (.rodata.oled_get_glyph.glyphO)
                  0001d7d8    00000005     oled.o (.rodata.oled_get_glyph.glyphP)
                  0001d7dd    00000005     oled.o (.rodata.oled_get_glyph.glyphR)
                  0001d7e2    00000005     oled.o (.rodata.oled_get_glyph.glyphS)
                  0001d7e7    00000005     oled.o (.rodata.oled_get_glyph.glyphT)
                  0001d7ec    00000005     oled.o (.rodata.oled_get_glyph.glyphU)
                  0001d7f1    00000005     oled.o (.rodata.oled_get_glyph.glyphV)
                  0001d7f6    00000005     oled.o (.rodata.oled_get_glyph.glyphW)
                  0001d7fb    00000005     oled.o (.rodata.oled_get_glyph.glyphX)
                  0001d800    00000005     oled.o (.rodata.oled_get_glyph.glyphY)
                  0001d805    00000005     oled.o (.rodata.oled_get_glyph.glyphb)
                  0001d80a    00000005     oled.o (.rodata.oled_get_glyph.gt)
                  0001d80f    00000005     oled.o (.rodata.oled_get_glyph.minus)
                  0001d814    00000005     oled.o (.rodata.oled_get_glyph.nine)
                  0001d819    00000005     oled.o (.rodata.oled_get_glyph.one)
                  0001d81e    00000005     oled.o (.rodata.oled_get_glyph.seven)
                  0001d823    00000005     oled.o (.rodata.oled_get_glyph.six)
                  0001d828    00000005     oled.o (.rodata.oled_get_glyph.space)
                  0001d82d    00000005     oled.o (.rodata.oled_get_glyph.three)
                  0001d832    00000005     oled.o (.rodata.oled_get_glyph.two)
                  0001d837    00000005     oled.o (.rodata.oled_get_glyph.zero)
                  0001d83c    00000005     oled_ui.o (.rodata.str1.10077435089618835710.1)
                  0001d841    00000005     oled_ui.o (.rodata.str1.10509309789429088155.1)
                  0001d846    00000005     oled_ui.o (.rodata.str1.10568433575767188072.1)
                  0001d84b    00000005     oled_ui.o (.rodata.str1.10600688730180713177.1)
                  0001d850    00000005     balance_tuning.o (.rodata.str1.10969382713942392268.1)
                  0001d855    00000005     oled_ui.o (.rodata.str1.11428648044669318875.1)
                  0001d85a    00000005     oled_ui.o (.rodata.str1.1144361573494598876.1)
                  0001d85f    00000005     balance_tuning.o (.rodata.str1.11520738983365952627.1)
                  0001d864    00000005     oled_ui.o (.rodata.str1.11614055506586029288.1)
                  0001d869    00000005     oled_ui.o (.rodata.str1.11627403558423016802.1)
                  0001d86e    00000005     oled_ui.o (.rodata.str1.11733562463285951762.1)
                  0001d873    00000005     balance_tuning.o (.rodata.str1.11920933488914742755.1)
                  0001d878    00000005     menu.o (.rodata.str1.12110183915172842339.1)
                  0001d87d    00000005     oled_ui.o (.rodata.str1.12182588061437138428.1)
                  0001d882    00000005     oled_ui.o (.rodata.str1.12493748764729730277.1)
                  0001d887    00000005     oled_ui.o (.rodata.str1.12595606217184830646.1)
                  0001d88c    00000005     oled_ui.o (.rodata.str1.12888220461447056082.1)
                  0001d891    00000005     oled_ui.o (.rodata.str1.12983537867572525563.1)
                  0001d896    00000005     oled_ui.o (.rodata.str1.13244290092665904221.1)
                  0001d89b    00000005     oled_ui.o (.rodata.str1.13455707389137064912.1)
                  0001d8a0    00000005     oled_ui.o (.rodata.str1.13892659840332223045.1)
                  0001d8a5    00000005     balance_tuning.o (.rodata.str1.14000290760835785496.1)
                  0001d8aa    00000005     oled_ui.o (.rodata.str1.14059743082376491124.1)
                  0001d8af    00000005     fault.o (.rodata.str1.14435905801345341244.1)
                  0001d8b4    00000005     oled_ui.o (.rodata.str1.1445687256832830955.1)
                  0001d8b9    00000005     oled_ui.o (.rodata.str1.14711868471336838103.1)
                  0001d8be    00000005     oled_ui.o (.rodata.str1.14740362735394205067.1)
                  0001d8c3    00000005     oled_ui.o (.rodata.str1.14774750633985060196.1)
                  0001d8c8    00000005     fault.o (.rodata.str1.1506612114648992996.1)
                  0001d8cd    00000005     balance_tuning.o (.rodata.str1.15919845898950636588.1)
                  0001d8d2    00000005     oled_ui.o (.rodata.str1.15935041339501476673.1)
                  0001d8d7    00000005     balance_tuning.o (.rodata.str1.16068706543213351269.1)
                  0001d8dc    00000005     balance_tuning.o (.rodata.str1.16276113701240659636.1)
                  0001d8e1    00000005     menu.o (.rodata.str1.1645282505431347711.1)
                  0001d8e6    00000005     oled_ui.o (.rodata.str1.16496169091617228061.1)
                  0001d8eb    00000005     oled_ui.o (.rodata.str1.16895433903389883335.1)
                  0001d8f0    00000005     fault.o (.rodata.str1.17097894860660336008.1)
                  0001d8f5    00000005     fault.o (.rodata.str1.17155043670132108083.1)
                  0001d8fa    00000005     oled_ui.o (.rodata.str1.17464849429964608858.1)
                  0001d8ff    00000005     balance_tuning.o (.rodata.str1.17549480707308297090.1)
                  0001d904    00000005     oled_ui.o (.rodata.str1.17678525341650131470.1)
                  0001d909    00000005     oled_ui.o (.rodata.str1.17719310104486814868.1)
                  0001d90e    00000005     oled_ui.o (.rodata.str1.17763996158807330232.1)
                  0001d913    00000005     balance_tuning.o (.rodata.str1.17777434972134067752.1)
                  0001d918    00000005     oled_ui.o (.rodata.str1.17812014771544466701.1)
                  0001d91d    00000005     oled_ui.o (.rodata.str1.18190418239766617312.1)
                  0001d922    00000005     fault.o (.rodata.str1.2104670281202025270.1)
                  0001d927    00000005     h_task_controller.o (.rodata.str1.2316076610917938976.1)
                  0001d92c    00000005     oled_ui.o (.rodata.str1.2522137003438374266.1)
                  0001d931    00000005     balance_tuning.o (.rodata.str1.3025565282533664955.1)
                  0001d936    00000005     oled_ui.o (.rodata.str1.3247264562726604308.1)
                  0001d93b    00000005     balance_tuning.o (.rodata.str1.3946804622114928529.1)
                  0001d940    00000005     oled_ui.o (.rodata.str1.4145722311425911355.1)
                  0001d945    00000005     oled_ui.o (.rodata.str1.4193589846040060630.1)
                  0001d94a    00000005     balance_tuning.o (.rodata.str1.4303511908001058520.1)
                  0001d94f    00000005     fault.o (.rodata.str1.4453281041433270631.1)
                  0001d954    00000005     h_task_controller.o (.rodata.str1.4521604808130619732.1)
                  0001d959    00000005     fault.o (.rodata.str1.4549004730087743662.1)
                  0001d95e    00000005     oled_ui.o (.rodata.str1.4551794666512319153.1)
                  0001d963    00000005     oled_ui.o (.rodata.str1.4581472623415959594.1)
                  0001d968    00000005     balance_tuning.o (.rodata.str1.4612574170956397295.1)
                  0001d96d    00000005     menu.o (.rodata.str1.4862307748908978627.1)
                  0001d972    00000005     oled_ui.o (.rodata.str1.4932371652560868037.1)
                  0001d977    00000005     balance_tuning.o (.rodata.str1.504352846468954294.1)
                  0001d97c    00000005     balance_tuning.o (.rodata.str1.533910187409029848.1)
                  0001d981    00000005     oled_ui.o (.rodata.str1.5806700949489897179.1)
                  0001d986    00000005     oled_ui.o (.rodata.str1.583767485161932155.1)
                  0001d98b    00000005     oled_ui.o (.rodata.str1.5853739094453432564.1)
                  0001d990    00000005     oled_ui.o (.rodata.str1.58703915094955230.1)
                  0001d995    00000005     oled_ui.o (.rodata.str1.5948326995020184415.1)
                  0001d99a    00000005     h_task_controller.o (.rodata.str1.6223731695138908434.1)
                  0001d99f    00000005     fault.o (.rodata.str1.6372787129294360447.1)
                  0001d9a4    00000005     fault.o (.rodata.str1.6437946768974223044.1)
                  0001d9a9    00000005     oled_ui.o (.rodata.str1.6806727740681590176.1)
                  0001d9ae    00000005     oled_ui.o (.rodata.str1.7058381418100166061.1)
                  0001d9b3    00000005     oled_ui.o (.rodata.str1.7419768602719733415.1)
                  0001d9b8    00000005     fault.o (.rodata.str1.8185770893384132067.1)
                  0001d9bd    00000005     oled_ui.o (.rodata.str1.8236579331345056500.1)
                  0001d9c2    00000005     oled_ui.o (.rodata.str1.8353780705845994846.1)
                  0001d9c7    00000005     oled_ui.o (.rodata.str1.8449035241871861290.1)
                  0001d9cc    00000005     oled_ui.o (.rodata.str1.8471462185882660445.1)
                  0001d9d1    00000005     oled_ui.o (.rodata.str1.8615431116298670950.1)
                  0001d9d6    00000005     oled_ui.o (.rodata.str1.8693388333057100694.1)
                  0001d9db    00000005     menu.o (.rodata.str1.8935930992971773687.1)
                  0001d9e0    00000005     oled_ui.o (.rodata.str1.9044019526854345694.1)
                  0001d9e5    00000005     oled_ui.o (.rodata.str1.9159586779647977165.1)
                  0001d9ea    00000005     oled_ui.o (.rodata.str1.9229350655415085.1)
                  0001d9ef    00000005     h_task_controller.o (.rodata.str1.9476182539875367558.1)
                  0001d9f4    00000005     balance_tuning.o (.rodata.str1.9478990218017967919.1)
                  0001d9f9    00000005     oled_ui.o (.rodata.str1.9554470707595806150.1)
                  0001d9fe    00000005     oled_ui.o (.rodata.str1.9584387800903135389.1)
                  0001da03    00000005     oled_ui.o (.rodata.str1.9822857334037886482.1)
                  0001da08    00000004     oled_ui.o (.rodata.str1.10163600690795753232.1)
                  0001da0c    00000004     oled_ui.o (.rodata.str1.10416366799939242409.1)
                  0001da10    00000004     oled_ui.o (.rodata.str1.10418495993736659646.1)
                  0001da14    00000004     oled_ui.o (.rodata.str1.10430294223631918979.1)
                  0001da18    00000004     balance_tuning.o (.rodata.str1.10719393435742183532.1)
                  0001da1c    00000004     oled_ui.o (.rodata.str1.11049990970699464748.1)
                  0001da20    00000004     oled_ui.o (.rodata.str1.11149198520117834688.1)
                  0001da24    00000004     oled_ui.o (.rodata.str1.11385560076888697311.1)
                  0001da28    00000004     oled_ui.o (.rodata.str1.12359577037488465078.1)
                  0001da2c    00000004     oled_ui.o (.rodata.str1.12447783896598192203.1)
                  0001da30    00000004     menu.o (.rodata.str1.12621154128155039063.1)
                  0001da34    00000004     oled_ui.o (.rodata.str1.12697925274637991987.1)
                  0001da38    00000004     h_task_controller.o (.rodata.str1.13154793040940860060.1)
                  0001da3c    00000004     oled_ui.o (.rodata.str1.13271657277589579873.1)
                  0001da40    00000004     oled_ui.o (.rodata.str1.13567883086814673087.1)
                  0001da44    00000004     fault.o (.rodata.str1.13582094816268305212.1)
                  0001da48    00000004     h_task_controller.o (.rodata.str1.13677751924825772483.1)
                  0001da4c    00000004     oled_ui.o (.rodata.str1.14134189893851348960.1)
                  0001da50    00000004     oled_ui.o (.rodata.str1.14168333168339663346.1)
                  0001da54    00000004     oled_ui.o (.rodata.str1.14358698208395374265.1)
                  0001da58    00000004     oled_ui.o (.rodata.str1.14521350379984854626.1)
                  0001da5c    00000004     oled_ui.o (.rodata.str1.14675223611663555778.1)
                  0001da60    00000004     oled_ui.o (.rodata.str1.14705090427839013503.1)
                  0001da64    00000004     oled_ui.o (.rodata.str1.14748562464132904299.1)
                  0001da68    00000004     h_task_controller.o (.rodata.str1.15447513579622963267.1)
                  0001da6c    00000004     oled_ui.o (.rodata.str1.15575624326185233262.1)
                  0001da70    00000004     oled_ui.o (.rodata.str1.15577080202403550426.1)
                  0001da74    00000004     oled_ui.o (.rodata.str1.15829239520183577662.1)
                  0001da78    00000004     oled_ui.o (.rodata.str1.16290499236105125126.1)
                  0001da7c    00000004     menu.o (.rodata.str1.16312125044762562515.1)
                  0001da80    00000004     oled_ui.o (.rodata.str1.16411631209783952401.1)
                  0001da84    00000004     fault.o (.rodata.str1.16482347271627360806.1)
                  0001da88    00000004     oled_ui.o (.rodata.str1.16526439943277383452.1)
                  0001da8c    00000004     oled_ui.o (.rodata.str1.16554583589798097927.1)
                  0001da90    00000004     oled_ui.o (.rodata.str1.16849766574302683489.1)
                  0001da94    00000004     menu.o (.rodata.str1.17041139162815566052.1)
                  0001da98    00000004     oled_ui.o (.rodata.str1.17067061841413117831.1)
                  0001da9c    00000004     oled_ui.o (.rodata.str1.17242430504649735449.1)
                  0001daa0    00000004     oled_ui.o (.rodata.str1.17717236995185551183.1)
                  0001daa4    00000004     oled_ui.o (.rodata.str1.17747339173178619492.1)
                  0001daa8    00000004     oled_ui.o (.rodata.str1.17881291656140238186.1)
                  0001daac    00000004     oled_ui.o (.rodata.str1.18128648927899109887.1)
                  0001dab0    00000004     menu.o (.rodata.str1.1955320522770775823.1)
                  0001dab4    00000004     oled_ui.o (.rodata.str1.2002540315216928218.1)
                  0001dab8    00000004     balance_tuning.o (.rodata.str1.212598471458399308.1)
                  0001dabc    00000004     oled_ui.o (.rodata.str1.2308938766145545715.1)
                  0001dac0    00000004     balance_tuning.o (.rodata.str1.2518525128920481353.1)
                  0001dac4    00000004     oled_ui.o (.rodata.str1.2714695401222167146.1)
                  0001dac8    00000004     oled_ui.o (.rodata.str1.3025253791635144717.1)
                  0001dacc    00000004     balance_tuning.o (.rodata.str1.3044366246123777871.1)
                  0001dad0    00000004     oled_ui.o (.rodata.str1.344790106308886506.1)
                  0001dad4    00000004     oled_ui.o (.rodata.str1.3467953211977455017.1)
                  0001dad8    00000004     balance_tuning.o (.rodata.str1.3496791163923278892.1)
                  0001dadc    00000004     oled_ui.o (.rodata.str1.4082595774073207366.1)
                  0001dae0    00000004     oled_ui.o (.rodata.str1.4333660085836505987.1)
                  0001dae4    00000004     oled_ui.o (.rodata.str1.4581686099848791648.1)
                  0001dae8    00000004     oled_ui.o (.rodata.str1.4610220316623841660.1)
                  0001daec    00000004     menu.o (.rodata.str1.4646809750356241979.1)
                  0001daf0    00000004     menu.o (.rodata.str1.5102509094067202407.1)
                  0001daf4    00000004     menu.o (.rodata.str1.5155000645726596423.1)
                  0001daf8    00000004     balance_tuning.o (.rodata.str1.5425032234050588950.1)
                  0001dafc    00000004     oled_ui.o (.rodata.str1.5689016102676777062.1)
                  0001db00    00000004     balance_tuning.o (.rodata.str1.5712957265389193314.1)
                  0001db04    00000004     oled_ui.o (.rodata.str1.5965888106848176421.1)
                  0001db08    00000004     oled_ui.o (.rodata.str1.6350830172869379626.1)
                  0001db0c    00000004     balance_tuning.o (.rodata.str1.6600389014628918663.1)
                  0001db10    00000004     menu.o (.rodata.str1.6617442809723977961.1)
                  0001db14    00000004     oled_ui.o (.rodata.str1.6765272904519285768.1)
                  0001db18    00000004     oled_ui.o (.rodata.str1.6835749436006845616.1)
                  0001db1c    00000004     oled_ui.o (.rodata.str1.6954814719705590448.1)
                  0001db20    00000004     oled_ui.o (.rodata.str1.7047564630061872329.1)
                  0001db24    00000004     oled_ui.o (.rodata.str1.7185587941321649510.1)
                  0001db28    00000004     oled_ui.o (.rodata.str1.7205245123442117851.1)
                  0001db2c    00000004     oled_ui.o (.rodata.str1.7219546930854689545.1)
                  0001db30    00000004     fault.o (.rodata.str1.7255546073596598018.1)
                  0001db34    00000004     oled_ui.o (.rodata.str1.7481335054564682966.1)
                  0001db38    00000004     oled_ui.o (.rodata.str1.763101100280173925.1)
                  0001db3c    00000004     oled_ui.o (.rodata.str1.7995683487334987046.1)
                  0001db40    00000004     oled_ui.o (.rodata.str1.799718701096035713.1)
                  0001db44    00000004     oled_ui.o (.rodata.str1.8018480777946742726.1)
                  0001db48    00000004     oled_ui.o (.rodata.str1.8403269972884532600.1)
                  0001db4c    00000004     oled_ui.o (.rodata.str1.8426569189266129334.1)
                  0001db50    00000004     oled_ui.o (.rodata.str1.8460525935980491721.1)
                  0001db54    00000004     oled_ui.o (.rodata.str1.8950259614286592359.1)
                  0001db58    00000004     oled_ui.o (.rodata.str1.9102528229756940648.1)
                  0001db5c    00000004     oled_ui.o (.rodata.str1.9295666102996717355.1)
                  0001db60    00000004     menu.o (.rodata.str1.9335743632997171283.1)
                  0001db64    00000004     oled_ui.o (.rodata.str1.9544068167406571052.1)
                  0001db68    00000004     menu.o (.rodata.str1.9546740394641817443.1)
                  0001db6c    00000004     oled_ui.o (.rodata.str1.9611283282870761829.1)
                  0001db70    00000003     oled_ui.o (.rodata.str1.10767072398481191905.1)
                  0001db73    00000003     oled_ui.o (.rodata.str1.10907125332684471422.1)
                  0001db76    00000003     oled_ui.o (.rodata.str1.11044102588127922728.1)
                  0001db79    00000003     balance_tuning.o (.rodata.str1.11278905947013221575.1)
                  0001db7c    00000003     balance_tuning.o (.rodata.str1.11637300377853929957.1)
                  0001db7f    00000003     oled_ui.o (.rodata.str1.12504350857748951577.1)
                  0001db82    00000003     balance_tuning.o (.rodata.str1.12635714987897210726.1)
                  0001db85    00000003     balance_tuning.o (.rodata.str1.12734032557881089407.1)
                  0001db88    00000003     menu.o (.rodata.str1.13124720451672825294.1)
                  0001db8b    00000003     oled_ui.o (.rodata.str1.13882251010780863896.1)
                  0001db8e    00000003     balance_tuning.o (.rodata.str1.13887619254000044375.1)
                  0001db91    00000003     menu.o (.rodata.str1.14098755746347272832.1)
                  0001db94    00000003     oled_ui.o (.rodata.str1.14142815821055334776.1)
                  0001db97    00000003     oled_ui.o (.rodata.str1.14265077442249237877.1)
                  0001db9a    00000003     balance_tuning.o (.rodata.str1.14528236570236992956.1)
                  0001db9d    00000003     oled_ui.o (.rodata.str1.15008238333949226094.1)
                  0001dba0    00000003     menu.o (.rodata.str1.15382373691547772653.1)
                  0001dba3    00000003     oled_ui.o (.rodata.str1.16133855533230012141.1)
                  0001dba6    00000003     balance_tuning.o (.rodata.str1.16296215605590053309.1)
                  0001dba9    00000003     balance_tuning.o (.rodata.str1.16547832629819082202.1)
                  0001dbac    00000003     oled_ui.o (.rodata.str1.16583701629962107131.1)
                  0001dbaf    00000003     oled_ui.o (.rodata.str1.16939060351352778619.1)
                  0001dbb2    00000003     oled_ui.o (.rodata.str1.17763087492223448992.1)
                  0001dbb5    00000003     oled_ui.o (.rodata.str1.17884296644359297425.1)
                  0001dbb8    00000003     oled_ui.o (.rodata.str1.18379317056176403938.1)
                  0001dbbb    00000003     balance_tuning.o (.rodata.str1.2615500520006570324.1)
                  0001dbbe    00000003     oled_ui.o (.rodata.str1.2983744876309220570.1)
                  0001dbc1    00000003     oled_ui.o (.rodata.str1.4582914374586912483.1)
                  0001dbc4    00000003     balance_tuning.o (.rodata.str1.4682479169720033769.1)
                  0001dbc7    00000003     oled_ui.o (.rodata.str1.4691821198597473371.1)
                  0001dbca    00000003     oled_ui.o (.rodata.str1.5004483696121082904.1)
[...]
000191b9  BalanceSoftLimits_AbortCalibration                   
00019259  HTaskController_Init                                 
00019399  ObstacleMonitor_Update_20ms                          
00019435  memcpy                                               
000194cf  ObstacleAvoidance_Update_20ms                        
000194d1  BalancePositionControl_ResetFault                    
00019569  BalanceSoftLimits_CancelRecalibration                
00019601  CarController_ResetTransientState                    
00019731  CarController_StartTurnToYawRelative                 
000197c5  BalanceTuning_Init                                   
00019855  SYSCFG_DL_UART_VISION_init                           
000198e5  MotionAction_RefreshFollowLineTuning                 
00019971  SYSCFG_DL_PWM_MOTOR_init                             
000199fd  SYSCFG_DL_UART_BALANCE_TUNING_init                   
00019a89  __aeabi_fmul                                         
00019a89  __mulsf3                                             
00019c2d  BalanceSoftLimits_Enforce100usFromIsr                
00019cb5  BalanceEncoder_GetCountAtomic                        
00019cc1  strcmp                                               
00019d49  App_Init                                             
00019dcd  CarController_SetSafetyHold                          
00019e51  GimbalStepper_ConfirmZero                            
00019ed5  HTaskController_Reset                                
00019f59  LineController_SetProfileOverride                    
00019fdd  Motor_Init                                           
0001a0e5  __aeabi_fdiv                                         
0001a0e5  __divsf3                                             
0001a167  TrackSensor_Init                                     
0001a169  BalanceBallControl_SetTransferAssist                 
0001a1e9  BalancePositionControl_Init                          
0001a269  CarController_StartDriveHeading                      
0001a2e9  Motor_Stop                                           
0001a369  UART3_IRQHandler                                     
0001a3e9  MissionManager_Pause                                 
0001a465  OledUi_ShowBootStatus                                
0001a55d  __TI_decompress_lzss                                 
0001a739  GimbalStepper_Release                                
0001a7a9  HTaskController_SetChassisTuning                     
0001a889  TrackSensor_DetectTurn                               
0001a8f7  VisionUart_Process                                   
0001a8f9  MissionManager_GetSelectedMissionIndex               
0001a961  MotorControl_SetFeedforwardOverride                  
0001aa31  TrackSensor_GetErrorFromRaw                          
0001aa97  __aeabi_idiv0                                        
0001aa99  BalanceSoftLimits_ResetPositionFault                 
0001aafd  BalanceSoftLimits_StartCalibrationJogSteps           
0001ab61  MissionManager_Start                                 
0001abc5  App_ResetToReady                                     
0001ac27  __aeabi_ldiv0                                        
0001ac29  __aeabi_fcmpeq                                       
0001ac3d  __aeabi_fcmplt                                       
0001ac51  __aeabi_fcmple                                       
0001ac65  __aeabi_fcmpge                                       
0001ac79  __aeabi_fcmpgt                                       
0001ac8b  memset                                               
0001aced  UART2_IRQHandler                                     
0001ad4d  __aeabi_f2lz                                         
0001ad4d  __fixsfdi                                            
0001adad  Ultrasonic_Update_20ms                               
0001ae09  VisionReceiver_Init                                  
0001afd5  BalanceEncoder_Init                                  
0001b02d  CarController_StartFollowLineAtCommand               
0001b085  MissionManager_Init                                  
0001b0dd  MissionManager_Reset                                 
0001b135  OLED_PrintChar                                       
0001b23d  __aeabi_idiv                                         
0001b23d  __aeabi_idivmod                                      
0001b295  BalanceSoftLimits_BeginFullCalibrationAtCurrentAsZero
0001b2e9  CarController_Stop                                   
0001b33d  TrackSensor_ReadRaw                                  
0001b391  WatchdogMonitor_ApplyFaultIfNeeded                   
0001b3e5  BalancePositionControl_SetTrackingTarget             
0001b435  BalanceSoftLimits_GetSnapshot                        
0001b485  Ultrasonic_Init                                      
0001b4d5  WatchdogMonitor_Tick1msFromIsr                       
0001b525  __aeabi_l2f                                          
0001b525  __floatdisf                                          
0001b575  CarController_StartFollowLine                        
0001b5c1  MissionManager_Cancel                                
0001b60d  MotorControl_Stop                                    
0001b659  copy_in                                              
0001b6f1  __TI_auto_init_nopinit                               
0001b73d  BalanceBallControl_ResetConfig                       
0001b785  CarController_ResumeFollowLine                       
0001b7cd  DL_UART_init                                         
0001b815  SYSCFG_DL_initPower                                  
0001b8a5  BalanceTuning_AbortCalibrationSession                
0001b8e9  EmergencyStop_Reset                                  
0001b92d  Encoder_GetAndClearPulseDeltas                       
0001b971  Imu_ResetYaw                                         
0001b9b5  Servo_Tick100us                                      
0001b9f9  BalanceEncoder_GetSnapshot                           
0001ba39  BalanceSoftLimits_StopMotion                         
0001ba79  Fault_Raise                                          
0001bab9  SYSCFG_DL_SYSCTL_init                                
0001baf9  VisionReceiver_PushByteFromIsr                       
0001bb39  VisionUart_Init                                      
0001bb79  __aeabi_uidiv                                        
0001bb79  __aeabi_uidivmod                                     
0001bc39  __divmoddi4                                          
0001bc79  BalancePositionControl_Cancel                        
0001bcb5  MissionManager_Resume                                
0001bcf1  MotorControl_Init                                    
0001bd2d  Servo_SetAngleDeg                                    
0001bd69  __aeabi_i2f                                          
0001bd69  __floatsisf                                          
0001bda5  __gesf2                                              
0001bda5  __gtsf2                                              
0001be1d  __cmpsf2                                             
0001be1d  __eqsf2                                              
0001be1d  __lesf2                                              
0001be1d  __ltsf2                                              
0001be1d  __nesf2                                              
0001be59  __muldsi3                                            
0001be95  BalanceBallControl_ForceStop                         
0001becd  BalanceBallControl_SetTargetMm                       
0001bf05  EmergencyStop_Trigger                                
0001bf3d  MotionAction_Cancel                                  
0001bf75  __aeabi_f2iz                                         
0001bf75  __fixsfsi                                            
0001bfad  BalancePositionControl_SetTrackingThresholds         
0001bfe1  Imu_IsReady                                          
0001c07d  OLED_PrintString                                     
0001c0b1  Key_Init                                             
0001c0e1  LineController_ObserveSensors                        
0001c111  WatchdogMonitor_Init                                 
0001c141  WatchdogMonitor_Reset                                
0001c171  BalancePositionControl_StartTracking                 
0001c19d  CarController_SetFollowLineBaseCommand               
0001c1c9  Encoder_Reset                                        
0001c1f5  MotionAction_Init                                    
0001c221  TrackSensor_CountBlack                               
0001c24d  BalanceBallControl_SetAngleFeedforwardCount          
0001c275  BalanceSoftLimits_CancelTravelTest                   
0001c29d  DL_FlashCTL_programMemoryFromRAM64WithECCGenerated   
0001c2d5  EmergencyStop_Enforce                                
0001c2fd  HTaskController_RequestNormalStop                    
0001c325  Magnet_ForceOff                                      
0001c34d  SYSCFG_DL_init                                       
0001c375  Servo_Init                                           
0001c39d  __aeabi_ui2f                                         
0001c39d  __floatunsisf                                        
0001c3c5  _c_int00_noargs                                      
0001c3ed  BalanceEncoder_SampleSpeed10msFromIsr                
0001c411  BalancePositionControl_GetSnapshot                   
0001c435  BalanceSoftLimits_CancelOscillationTest              
0001c459  GimbalStepper_GetFeedbackSnapshot                    
0001c47d  HTaskController_VehicleToString                      
0001c4a1  LineController_ClearProfileOverride                  
0001c4c5  Menu_Init                                            
0001c4e9  MissionManager_ReportExternalFailure                 
0001c50d  MotorControl_Reset                                   
0001c531  OLED_ClearBuffer                                     
0001c555  __aeabi_lmul                                         
0001c555  __muldi3                                             
0001c59d  DL_Timer_overrideCCPOut                              
0001c5bd  DebugTelemetry_Update                                
0001c5dd  GROUP1_IRQHandler                                    
0001c5fd  Magnet_Init                                          
0001c61d  OLED_SetCursor                                       
0001c63d  SchedulerMonitor_GetStats                            
0001c65d  VisionReceiver_GetProtocolErrorCount                 
0001c67d  memcmp                                               
0001c6bd  __aeabi_llsl                                         
0001c6bd  __ashldi3                                            
0001c6dd  BalanceBallControl_Disable                           
0001c6f9  BalanceBallControl_GetConfig                         
0001c715  DL_Timer_setCaptCompUpdateMethod                     
0001c731  DL_Timer_setClockConfig                              
0001c74d  HTaskController_GetSnapshot                          
0001c769  HTaskController_IsActive                             
0001c785  HTaskController_StateToString                        
0001c7a1  HeadingControl_SetTargetYaw                          
0001c7bd  MotorControl_ClearFeedforwardOverride                
0001c7d9  ObstacleMonitor_Init                                 
0001c7f5  ObstacleSafety_Init                                  
0001c811  WatchdogMonitor_NotifyControlCycleComplete           
0001c849  DL_FlashCTL_eraseMemoryFromRAM                       
0001c861  DL_Timer_setCaptureCompareOutCtl                     
0001c879  DebugTelemetry_Init                                  
0001c891  HeadingControl_Init                                  
0001c8a9  HeadingControl_Reset                                 
0001c8c1  Menu_ParamItemToString                               
0001c8d9  MissionLibrary_FindById                              
0001c8f1  ObstacleAvoidance_Init                               
0001c909  RuntimeSnapshot_Init                                 
0001c921  __aeabi_fcmpun                                       
0001c921  __unordsf2                                           
0001c939  BalanceBallControl_GetSnapshot                       
0001c94d  Fault_Clear                                          
0001c961  Fault_Init                                           
0001c975  GimbalStepper_SetStepHalfPeriodTicks                 
0001c989  HTaskController_GetChassisTuning                     
0001c99d  HeadingControl_Enable                                
0001c9b1  MissionLibrary_GetByIndex                            
0001c9c5  MissionManager_GetSelectedMissionId                  
0001c9d9  __aeabi_ldivmod                                      
0001c9ed  __aeabi_uldivmod                                     
0001ca01  DL_UART_setClockConfig                               
0001ca13  __TI_decompress_none                                 
0001ca25  BalancePositionControl_HasFault                      
0001ca35  DL_Timer_setCaptureCompareValue                      
0001ca45  Gimbal_YawGetFeedback                                
0001ca55  HTaskController_HasFault                             
0001ca65  Key_GetEvent                                         
0001ca75  VisionReceiver_RecordUartBreakErrorFromIsr           
0001ca85  VisionReceiver_RecordUartFramingErrorFromIsr         
0001ca95  VisionReceiver_RecordUartOverrunFromIsr              
0001caa5  VisionReceiver_RecordUartParityErrorFromIsr          
0001cab5  __TI_zero_init                                       
0001cac5  BalancePositionControl_IsBusy                        
0001cad1  BalanceSoftLimits_CancelCalibrationJog               
0001cadd  BalanceSoftLimits_IsCalibrationActive                
0001cae9  BalanceSoftLimits_IsOscillationTestActive            
0001caf5  BalanceSoftLimits_IsTravelTestActive                 
0001cb01  CarController_GetRunMode                             
0001cb0d  CarController_Init                                   
0001cb19  CarController_IsSafetyHoldActive                     
0001cb25  CarState_Get                                         
0001cb31  CarState_Init                                        
0001cb3d  CarState_Set                                         
0001cb49  EmergencyStop_Init                                   
0001cb55  EmergencyStop_IsActive                               
0001cb61  Imu_GetCorrectedGyroZDps                             
0001cb6d  Imu_GetYaw                                           
0001cb79  Menu_GetPage                                         
0001cb85  Menu_GetParamItem                                    
0001cb91  MissionManager_IsExternallyHeld                      
0001cb9d  MissionManager_SetExternalHold                       
0001cba9  ObstacleAvoidance_IsActive                           
0001cbb5  ObstacleAvoidance_IsFailed                           
0001cbc1  ObstacleSafety_IsHolding                             
0001cbcd  SystemTime_GetMs                                     
0001cbd9  WatchdogMonitor_HasTripped                           
0001cbe5  __aeabi_memclr                                       
0001cbe5  __aeabi_memclr4                                      
0001cbe5  __aeabi_memclr8                                      
0001cbf1  DL_Common_delayCycles                                
0001cbfb  MotionAction_Resume                                  
0001cc05  MotionAction_Start                                   
0001cc0f  TrackSensor_IsCenterDetected                         
0001cc19  TrackSensor_IsLineDetected                           
0001cc23  TrackSensor_IsLineLost                               
0001cc2d  BalanceSoftLimits_CancelPositionMove                 
0001cc35  BalanceSoftLimits_IsPositionMoveActive               
0001cc3d  BluetoothUart_GetRuntime                             
0001cc45  CarController_GetFeedback                            
0001cc4d  Fault_GetRecord                                      
0001cc55  GimbalStepper_GetFeedback                            
0001cc5d  HeadingControl_GetRuntime                            
0001cc65  Imu_GetRuntime                                       
0001cc6d  LineController_GetRuntime                            
0001cc75  MissionManager_GetMissionCount                       
0001cc7d  MissionManager_GetRuntime                            
0001cc85  MotionAction_GetRuntime                              
0001cc8d  MotorControl_GetRuntime                              
0001cc95  ObstacleAvoidance_GetFeedback                        
0001cc9d  ObstacleMonitor_GetFeedback                          
0001cca5  OledUi_Init                                          
0001ccad  RuntimeSnapshot_Get                                  
0001ccb5  Servo_GetFeedback                                    
0001ccbd  Ultrasonic_GetFeedback                               
0001ccc5  VisionReceiver_GetBallPositionObservation            
0001cccd  VisionReceiver_GetStatus                             
0001ccd5  VisionTuningConsole_GetStatus                        
0001ccdd  WatchdogMonitor_GetStatus                            
0001cce5  WheelSpeedEstimator_GetRuntime                       
0001cced  __aeabi_memcpy                                       
0001cced  __aeabi_memcpy4                                      
0001cced  __aeabi_memcpy8                                      
0001ccf5  abort                                                
0001ccfa  C$$EXIT                                              
0001ccfb  HOSTexit                                             
0001ccff  MissionLibrary_GetCount                              
0001cd03  ObstacleAvoidance_IsResumeGraceActive                
0001cd07  Reset_Handler                                        
0001cd1d  _system_pre_init                                     
0001dc60  __TI_Handler_Table_Base                              
0001dc6c  __TI_Handler_Table_Limit                             
0001dc7c  __TI_CINIT_Base                                      
0001dc8c  __TI_CINIT_Limit                                     
0001dc8c  __TI_CINIT_Warm                                      
0001dc90  __TI_table_binit                                     
0001dc90  __binit__                                            
0001dc90  binit                                                
0001fc00  g_balanceCalibrationReservedSector                   
20200000  __start___llvm_prf_bits                              
20200000  __start___llvm_prf_cnts                              
20200000  __stop___llvm_prf_bits                               
20200000  __stop___llvm_prf_cnts                               
20200fd0  g_appConfig                                          
202011e0  g_imuRuntime                                         
202013c4  g_appRuntime                                         
202014f0  g_wheelSpeedEstimatorRuntime                         
202016a8  gUART_VISIONBackup                                   
2020181c  g_headingRuntime                                     
20201a30  g_trackError                                         
20201a6f  g_carStateDebug                                      
20201a70  g_keyEvent                                           
20201a71  g_oledPageDebug                                      
20201a72  g_paramItemDebug                                     
20201a73  g_trackBlackCount                                    
20201a74  g_trackModeDebug                                     
20201a75  g_trackRaw                                           
20201a76  g_trackTurnDebug                                     
20207e00  __stack                                              
20208000  __STACK_END                                          
ffffffff  __TI_pprof_out_hndl                                  
ffffffff  __TI_prof_data_size                                  
ffffffff  __TI_prof_data_start                                 
UNDEFED   __mpu_init                                           
UNDEFED   _system_post_cinit                                   

[425 symbols]
