******************************************************************************
            TI ARM Clang Linker PC v4.0.4                      
******************************************************************************
>> Linked Sat Aug  1 20:00:38 2026

OUTPUT FILE NAME:   <diansaikaishi.out>
ENTRY POINT SYMBOL: "_c_int00_noargs"  address: 0001c829


MEMORY CONFIGURATION

         name            origin    length      used     unused   attr    fill
----------------------  --------  ---------  --------  --------  ----  --------
  FLASH                 00000000   00020000  0001e4e0  00001b20  R  X
  SRAM                  20200000   00008000  00001d0b  000062f5  RW X
  BCR_CONFIG            41c00000   000000ff  00000000  000000ff  R   
  BSL_CONFIG            41c00100   00000080  00000000  00000080  R   


SEGMENT ALLOCATION MAP

run origin  load origin   length   init length attrs members
----------  ----------- ---------- ----------- ----- -------
00000000    00000000    0001e040   0001e040    r-x
  00000000    00000000    000000c0   000000c0    r-- .intvecs
  000000c0    000000c0    0001d0a0   0001d0a0    r-x .text
  0001d160    0001d160    00000ee0   00000ee0    r-- .rodata
0001e0a0    0001e0a0    00000040   00000040    r--
  0001e0a0    0001e0a0    00000030   00000030    r-- .cinit
  0001e0d0    0001e0d0    00000010   00000010    r-- .binit
0001fc00    0001fc00    00000400   00000400    r--
  0001fc00    0001fc00    00000400   00000400    r-- .TI.bound:g_balanceCalibrationReservedSector
20200000    20200000    00001aab   00000000    rw-
  20200000    20200000    00001aaa   00000000    rw- .bss
  20201aaa    20201aaa    00000001   00000000    rw- .data
20201ab0    0001e040    00000060   00000060    r-x
  20201ab0    0001e040    00000060   00000060    r-x .TI.ramfunc
20207e00    20207e00    00000200   00000000    rw-
  20207e00    20207e00    00000200   00000000    rw- .stack


SECTION ALLOCATION MAP

 output                                  attributes/
section   page    origin      length       input sections
--------  ----  ----------  ----------   ----------------
.intvecs   0    00000000    000000c0     
                  00000000    000000c0     startup_mspm0g350x_ticlang.o (.intvecs)

.text      0    000000c0    0001d0a0     
                  000000c0    00001910     balance_tuning.o (.text.send_debug_filter)
                  000019d0    00001700     oled_ui.o (.text.print_balance_stepper_test_page)
                  000030d0    0000166c     balance_tuning.o (.text.send_debug_receiver)
                  0000473c    00001000     balance_tuning.o (.text.send_config)
                  0000573c    00000f6c     balance_tuning.o (.text.send_debug_controller)
                  000066a8    00000ad8     oled_ui.o (.text.print_imu_counters_page)
                  00007180    00000ac4     balance_tuning.o (.text.send_debug_position_fault)
                  00007c44    00000a5c     balance_tuning.o (.text.send_calibration_status)
                  000086a0    00000a34     balance_tuning.o (.text.consume_rx_byte)
                  000090d4    00000884     balance_tuning.o (.text.send_debug_axis)
                  00009958    00000820     balance_tuning.o (.text.send_debug_limit)
                  0000a178    0000081c     oled_ui.o (.text.print_balance_vision_page)
                  0000a994    0000064c     app_config.o (.text.AppConfig_LimitAll)
                  0000afe0    00000638     balance_ball_control.o (.text.BalanceBallControl_Update20ms)
                  0000b618    000005ac     imu.o (.text.Imu_CalibrateGyroBias)
                  0000bbc4    00000528     line_controller.o (.text.LineController_Update)
                  0000c0ec    000004bc     oled_ui.o (.text.print_encoder_page)
                  0000c5a8    000004a0     runtime_snapshot.o (.text.RuntimeSnapshot_Update)
                  0000ca48    00000498     balance_tuning.o (.text.BalanceTuning_Update20ms)
                  0000cee0    00000480     vision_receiver.o (.text.VisionReceiver_Process)
                  0000d360    00000478     menu.o (.text.Menu_HandleKeyEvent)
                  0000d7d8    00000474     motion_action.o (.text.MotionAction_Update_20ms)
                  0000dc4c    00000458     menu.o (.text.menu_adjust_param)
                  0000e0a4    0000044c     motor_control.o (.text.update_wheel)
                  0000e4f0    00000424     wheel_speed_estimator.o (.text.WheelSpeedEstimator_Update)
                  0000e914    000003f4     vision_protocol.o (.text.VisionProtocol_ParseBallAsciiLine)
                  0000ed08    000003e0     balance_position_control.o (.text.BalancePositionControl_Update20ms)
                  0000f0e8    000003e0     imu.o (.text.Imu_Update)
                  0000f4c8    000003c4     oled_ui.o (.text.print_motor_control_detail_page)
                  0000f88c    00000394     balance_tuning.o (.text.apply_parameter)
                  0000fc20    00000380     imu.o (.text.Imu_Init)
                  0000ffa0    0000037c     oled_ui.o (.text.print_heading_page)
                  0001031c    00000370     gimbal.o (.text.gimbal_update_feedback)
                  0001068c    00000364     motion_action.o (.text.motion_action_start_internal)
                  000109f0    00000360     h_task_controller.o (.text.h_update_vehicle_supervision)
                  00010d50    0000033c     oled_ui.o (.text.print_drive_distance_page)
                  0001108c    0000032c     balance_ball_control.o (.text.calculate_cascade_request)
                  000113b8    00000324     oled_ui.o (.text.print_imu_detail_page)
                  000116dc    00000300     oled_ui.o (.text.print_motor_control_page)
                  000119dc    000002f8     h_task_controller.o (.text.HTaskController_Update20ms)
                  00011cd4    000002f0     imu.o (.text.mpu6050_read_regs)
                  00011fc4    000002cc     car_controller.o (.text.handle_drive_distance)
                  00012290    000002bc     oled_ui.o (.text.print_elapsed_mm_ss_t)
                  0001254c    000002b8     h_task_controller.o (.text.HTaskController_Start)
                  00012804    000002b4     motor_control.o (.text.MotorControl_Update)
                  00012ab8    00000290     balance_calibration_store.o (.text.BalanceCalibrationStore_Save)
                  00012d48    0000028c     balance_soft_limits.o (.text.BalanceSoftLimits_Update20ms)
                  00012fd4    00000288     oled_ui.o (.text.print_param_page)
                  0001325c    00000268     car_controller.o (.text.handle_turn_to_yaw)
                  000134c4    00000260     mission_library.o (.text.MissionLibrary_Validate)
                  00013724    00000260     h_task_controller.o (.text.h_update_h3)
                  00013984    00000230     oled_ui.o (.text.print_status_page)
                  00013bb4    00000224     app_config.o (.text.AppConfig_InitDefault)
                  00013dd8    0000021c     balance_tuning.o (.text.BalanceTuning_Process)
                  00013ff4    00000204     motor.o (.text.Motor_SetSpeed)
                  000141f8    000001e8     motor_control.o (.text.config_is_valid)
                  000143e0    000001d0     oled_ui.o (.text.print_sensor_page)
                  000145b0    000001cc     imu.o (.text.imu_i2c_write_byte)
                  0001477c    000001b8     oled.o (.text.oled_i2c_write_byte)
                  00014934    000001a8     app.o (.text.App_Update_20ms)
                  00014adc    000001a8     key.o (.text.Key_Update_20ms)
                  00014c84    000001a0     ultrasonic.o (.text.Ultrasonic_Tick100us)
                  00014e24    0000019c     car_controller.o (.text.CarController_StartDriveDistanceAtYaw)
                  00014fc0    00000194     gimbal_stepper.o (.text.GimbalStepper_Tick100us)
                  00015154    00000190     car_controller.o (.text.CarController_Update_20ms)
                  000152e4    00000188     oled_ui.o (.text.print_imu_page)
                  0001546c    00000174     oled_ui.o (.text.print_h_task_status_page)
                  000155e0    00000170     oled.o (.text.OLED_FlushPage)
                  00015750    0000016c     oled.o (.text.OLED_PrintInt16)
                  000158bc    0000016c     balance_tuning.o (.text.parse_x100)
                  00015a28    00000160     h_task_controller.o (.text.h_update_start_verify)
                  00015b88    00000160     oled_ui.o (.text.print_balance_limit_value)
                  00015ce8    0000015c     oled_ui.o (.text.print_signed_total_tail)
                  00015e44    00000158     balance_ball_control.o (.text.BalanceBallControl_SetConfig)
                  00015f9c    00000150     vision_protocol.o (.text.parse_decimal_x1000)
                  000160ec    0000014c     balance_position_control.o (.text.BalancePositionControl_Start)
                  00016238    0000014c     balance_soft_limits.o (.text.BalanceSoftLimits_CaptureCurrentStage)
                  00016384    00000140     balance_calibration_store.o (.text.BalanceCalibrationStore_Load)
                  000164c4    0000013c     oled_ui.o (.text.print_balance_vision_rx_debug_page)
                  00016600    0000012c     imu.o (.text.imu_i2c_recover_bus)
                  0001672c    0000012c     oled_ui.o (.text.print_uint64_decimal)
                  00016858    00000128     line_controller.o (.text.LineController_Reset)
                  00016980    00000128     mission_manager.o (.text.MissionManager_Update_20ms)
                  00016aa8    00000128     balance_ball_control.o (.text.return_toward_zero)
                  00016bd0    00000124     oled.o (.text.OLED_Init)
                  00016cf4    00000124     h_task_controller.o (.text.h_update_vision_hold)
                  00016e18    00000120     line_controller.o (.text.LineController_Init)
                  00016f38    00000120     car_controller.o (.text.handle_follow_line)
                  00017058    00000120     oled_ui.o (.text.print_bluetooth_page)
                  00017178    0000011c     balance_ball_control.o (.text.BalanceBallControl_Enable)
                  00017294    0000011c     car_controller.o (.text.handle_drive_heading)
                  000173b0    00000118     vision_receiver.o (.text.accept_packet)
                  000174c8    00000118     oled_ui.o (.text.print_obstacle_page)
                  000175e0    0000010c     balance_soft_limits.o (.text.BalanceSoftLimits_BeginAtCurrentAsZero)
                  000176ec    0000010c     line_controller.o (.text.LineController_ResetControlState)
                  000177f8    00000104     driverlib.a : dl_timer.o (.text.DL_Timer_initFourCCPWMMode)
                  000178fc    00000104     menu.o (.text.Menu_GetParamValue)
                  00017a00    00000104     ti_msp_dl_config.o (.text.SYSCFG_DL_GPIO_init)
                  00017b04    00000104     balance_tuning.o (.text.send_text)
                  00017c08    00000100     motor_control.o (.text.MotorControl_SetNormalizedTarget)
                  00017d08    000000fc     mission_manager.o (.text.MissionManager_SelectNext)
                  00017e04    000000f4     empty.o (.text.main)
                  00017ef8    000000ec     heading_control.o (.text.HeadingControl_Update)
                  00017fe4    000000e8     balance_soft_limits.o (.text.BalanceSoftLimits_StartRelativePositionMoveSteps)
                  000180cc    000000e8     mission_manager.o (.text.MissionManager_SelectPrevious)
                  000181b4    000000e8     obstacle_safety.o (.text.ObstacleSafety_Update_20ms)
                  0001829c    000000e0     balance_ball_control.o (.text.BalanceBallControl_Init)
                  0001837c    000000e0     wheel_speed_estimator.o (.text.WheelSpeedEstimator_Init)
                  0001845c    000000d8     driverlib.a : dl_flashctl.o (.text.DL_FlashCTL_unprotectSector)
                  00018534    000000d8     oled.o (.text.OLED_PrintUInt16)
                  0001860c    000000d8     libclang_rt.builtins.a : addsf3.S.obj (.text)
                  000186e4    000000d4     car_controller.o (.text.CarController_StartDriveDistance)
                  000187b8    000000d4     gimbal_stepper.o (.text.GimbalStepper_MoveRelativeSteps)
                  0001888c    000000d4     h_task_controller.o (.text.h_start_car)
                  00018960    000000d0     h_task_controller.o (.text.HTaskController_Reset)
                  00018a30    000000cc     balance_encoder.o (.text.BalanceEncoder_HandleGpioInterrupt)
                  00018afc    000000cc     oled_ui.o (.text.OledUi_Update_20ms)
                  00018bc8    000000c8     car_controller.o (.text.CarController_ResetRuntime)
                  00018c90    000000c8     fault.o (.text.FaultCode_ToShortString)
                  00018d58    000000c4     balance_soft_limits.o (.text.BalanceSoftLimits_Init)
                  00018e1c    000000c0     angle_utils.o (.text.Angle_Normalize180)
                  00018edc    000000c0     balance_soft_limits.o (.text.oscillation_target_for_phase)
                  00018f9c    000000b4     gimbal_stepper.o (.text.GimbalStepper_StopHold)
                  00019050    000000b4     h_task_controller.o (.text.h_apply_chassis_profile)
                  00019104    000000b0     gimbal_stepper.o (.text.GimbalStepper_Init)
                  000191b4    000000b0     empty.o (.text.SysTick_Handler)
                  00019264    000000ac     balance_soft_limits.o (.text.BalanceSoftLimits_StartPositionMoveToLogicalCount)
                  00019310    000000ac     balance_ball_control.o (.text.command_offset)
                  000193bc    000000a8     balance_soft_limits.o (.text.BalanceSoftLimits_ArmRecalibration)
                  00019464    000000a4     encoder.o (.text.Encoder_HandleGpioInterrupt)
                  00019508    000000a4     balance_calibration_store.o (.text.calibration_crc32)
                  000195ac    000000a2     libclang_rt.builtins.a : udivmoddi4.S.obj (.text)
                  0001964e    00000002     startup_mspm0g350x_ticlang.o (.text.Default_Handler)
                  00019650    000000a0     balance_soft_limits.o (.text.BalanceSoftLimits_AbortCalibration)
                  000196f0    000000a0     car_controller.o (.text.drive_distance_high_decel_zone_cm)
                  00019790    0000009c     obstacle_monitor.o (.text.ObstacleMonitor_Update_20ms)
                  0001982c    0000009a     libc.a : memcpy16.S.obj (.text:memcpy)
                  000198c6    00000002     obstacle_avoidance.o (.text.ObstacleAvoidance_Update_20ms)
                  000198c8    00000098     balance_position_control.o (.text.BalancePositionControl_ResetFault)
                  00019960    00000098     balance_soft_limits.o (.text.BalanceSoftLimits_CancelRecalibration)
                  000199f8    00000098     car_controller.o (.text.CarController_ResetTransientState)
                  00019a90    00000098     imu.o (.text.mpu6050_write_reg)
                  00019b28    00000094     car_controller.o (.text.CarController_StartTurnToYawRelative)
                  00019bbc    00000094     h_task_controller.o (.text.h_release_chassis_profile)
                  00019c50    00000090     balance_tuning.o (.text.BalanceTuning_Init)
                  00019ce0    00000090     ti_msp_dl_config.o (.text.SYSCFG_DL_UART_VISION_init)
                  00019d70    0000008c     motion_action.o (.text.MotionAction_RefreshFollowLineTuning)
                  00019dfc    0000008c     ti_msp_dl_config.o (.text.SYSCFG_DL_PWM_MOTOR_init)
                  00019e88    0000008c     ti_msp_dl_config.o (.text.SYSCFG_DL_UART_BALANCE_TUNING_init)
                  00019f14    0000008c     libclang_rt.builtins.a : mulsf3.S.obj (.text.__mulsf3)
                  00019fa0    0000008c     car_controller.o (.text.heading_imu_wait_or_fail)
                  0001a02c    00000088     balance_soft_limits.o (.text.BalanceSoftLimits_Enforce100usFromIsr)
                  0001a0b4    0000000c     balance_encoder.o (.text.BalanceEncoder_GetCountAtomic)
                  0001a0c0    00000088     libc.a : strcmp-armv6m.S.obj (.text:strcmp)
                  0001a148    00000084     app.o (.text.App_Init)
                  0001a1cc    00000084     car_controller.o (.text.CarController_SetSafetyHold)
                  0001a250    00000084     gimbal_stepper.o (.text.GimbalStepper_ConfirmZero)
                  0001a2d4    00000084     line_controller.o (.text.LineController_SetProfileOverride)
                  0001a358    00000084     motor.o (.text.Motor_Init)
                  0001a3dc    00000084     balance_tuning.o (.text.parse_i16)
                  0001a460    00000082     libclang_rt.builtins.a : divsf3.S.obj (.text.__divsf3)
                  0001a4e2    00000002     track_sensor.o (.text.TrackSensor_Init)
                  0001a4e4    00000080     balance_ball_control.o (.text.BalanceBallControl_SetTransferAssist)
                  0001a564    00000080     balance_position_control.o (.text.BalancePositionControl_Init)
                  0001a5e4    00000080     car_controller.o (.text.CarController_StartDriveHeading)
                  0001a664    00000080     motor.o (.text.Motor_Stop)
                  0001a6e4    00000080     vision_uart.o (.text.UART3_IRQHandler)
                  0001a764    0000007c     mission_manager.o (.text.MissionManager_Pause)
                  0001a7e0    0000007c     oled_ui.o (.text.OledUi_ShowBootStatus)
                  0001a85c    0000007c     libc.a : copy_decompress_lzss.c.obj (.text:decompress:lzss)
                  0001a8d8    00000078     oled.o (.text.oled_write_command)
                  0001a950    00000074     balance_ball_control.o (.text.command_offset_limited)
                  0001a9c4    00000074     motor_control.o (.text.latch_control_error)
                  0001aa38    00000070     gimbal_stepper.o (.text.GimbalStepper_Release)
                  0001aaa8    00000070     h_task_controller.o (.text.HTaskController_SetChassisTuning)
                  0001ab18    00000070     h_task_controller.o (.text.h_apply_car_ball_config)
                  0001ab88    00000070     balance_tuning.o (.text.serial_calibration_confirm)
                  0001abf8    0000006e     track_sensor.o (.text.TrackSensor_DetectTurn)
                  0001ac66    00000002     vision_uart.o (.text.VisionUart_Process)
                  0001ac68    0000006c     h_task_controller.o (.text.h_fault)
                  0001acd4    00000068     mission_manager.o (.text.MissionManager_GetSelectedMissionIndex)
                  0001ad3c    00000068     motor_control.o (.text.MotorControl_SetFeedforwardOverride)
                  0001ada4    00000068     car_controller.o (.text.set_output_speed)
                  0001ae0c    00000066     track_sensor.o (.text.TrackSensor_GetErrorFromRaw)
                  0001ae72    00000002     libclang_rt.builtins.a : aeabi_div0.c.obj (.text.__aeabi_idiv0)
                  0001ae74    00000064     balance_soft_limits.o (.text.BalanceSoftLimits_ResetPositionFault)
                  0001aed8    00000064     balance_soft_limits.o (.text.BalanceSoftLimits_StartCalibrationJogSteps)
                  0001af3c    00000064     mission_manager.o (.text.MissionManager_Start)
                  0001afa0    00000062     app.o (.text.App_ResetToReady)
                  0001b002    00000002     libclang_rt.builtins.a : aeabi_div0.c.obj (.text.__aeabi_ldiv0)
                  0001b004    00000062                            : aeabi_fcmp.S.obj (.text.__aeabi_fcmp)
                  0001b066    00000062     libc.a : memset16.S.obj (.text:memset)
                  0001b0c8    00000060     balance_tuning.o (.text.UART2_IRQHandler)
                  0001b128    00000060     libclang_rt.builtins.a : fixsfdi.S.obj (.text.__fixsfdi)
                  0001b188    00000060     h_task_controller.o (.text.h_arm_h3_transfer)
                  0001b1e8    0000005c     ultrasonic.o (.text.Ultrasonic_Update_20ms)
                  0001b244    0000005c     vision_receiver.o (.text.VisionReceiver_Init)
                  0001b2a0    0000005c     motion_action.o (.text.motion_action_start_imu_controller)
                  0001b2fc    0000005c     vision_protocol.o (.text.parse_u32)
                  0001b358    0000005c     car_controller.o (.text.speed_cmps_to_normalized_command)
                  0001b3b4    0000005c     balance_soft_limits.o (.text.test_start_target)
                  0001b410    00000058     balance_encoder.o (.text.BalanceEncoder_Init)
                  0001b468    00000058     car_controller.o (.text.CarController_StartFollowLineAtCommand)
                  0001b4c0    00000058     mission_manager.o (.text.MissionManager_Init)
                  0001b518    00000058     mission_manager.o (.text.MissionManager_Reset)
                  0001b570    00000058     oled.o (.text.OLED_PrintChar)
                  0001b5c8    00000058     balance_ball_control.o (.text.ensure_tracking_started)
                  0001b620    00000058     menu.o (.text.menu_recover_balance_axis_after_reset)
                  0001b678    00000056     libclang_rt.builtins.a : aeabi_idivmod.S.obj (.text.__aeabi_idivmod)
                  0001b6ce    00000002     --HOLE-- [fill = 0]
                  0001b6d0    00000054     balance_soft_limits.o (.text.BalanceSoftLimits_BeginFullCalibrationAtCurrentAsZero)
                  0001b724    00000054     car_controller.o (.text.CarController_Stop)
                  0001b778    00000054     track_sensor.o (.text.TrackSensor_ReadRaw)
                  0001b7cc    00000054     watchdog_monitor.o (.text.WatchdogMonitor_ApplyFaultIfNeeded)
                  0001b820    00000050     balance_position_control.o (.text.BalancePositionControl_SetTrackingTarget)
                  0001b870    00000050     balance_soft_limits.o (.text.BalanceSoftLimits_GetSnapshot)
                  0001b8c0    00000050     ultrasonic.o (.text.Ultrasonic_Init)
                  0001b910    00000050     watchdog_monitor.o (.text.WatchdogMonitor_Tick1msFromIsr)
                  0001b960    0000004e     libclang_rt.builtins.a : floatdisf.S.obj (.text.__floatdisf)
                  0001b9ae    00000002     --HOLE-- [fill = 0]
                  0001b9b0    0000004c     car_controller.o (.text.CarController_StartFollowLine)
                  0001b9fc    0000004c     mission_manager.o (.text.MissionManager_Cancel)
                  0001ba48    0000004c     motor_control.o (.text.MotorControl_Stop)
                  0001ba94    0000004c     libc.a : cpy_tbl.c.obj (.text.copy_in)
                  0001bae0    0000004c     vision_protocol.o (.text.state_is_valid)
                  0001bb2c    0000004c     libc.a : autoinit.c.obj (.text:__TI_auto_init_nopinit)
                  0001bb78    00000048     balance_ball_control.o (.text.BalanceBallControl_ResetConfig)
                  0001bbc0    00000048     car_controller.o (.text.CarController_ResumeFollowLine)
                  0001bc08    00000048     driverlib.a : dl_uart.o (.text.DL_UART_init)
                  0001bc50    00000048     ti_msp_dl_config.o (.text.SYSCFG_DL_initPower)
                  0001bc98    00000046     balance_tuning.o (.text.parse_u16)
                  0001bcde    00000002     --HOLE-- [fill = 0]
                  0001bce0    00000044     balance_tuning.o (.text.BalanceTuning_AbortCalibrationSession)
                  0001bd24    00000044     emergency_stop.o (.text.EmergencyStop_Reset)
                  0001bd68    00000044     encoder.o (.text.Encoder_GetAndClearPulseDeltas)
                  0001bdac    00000044     imu.o (.text.Imu_ResetYaw)
                  0001bdf0    00000044     servo.o (.text.Servo_Tick100us)
                  0001be34    00000040     balance_encoder.o (.text.BalanceEncoder_GetSnapshot)
                  0001be74    00000040     balance_soft_limits.o (.text.BalanceSoftLimits_StopMotion)
                  0001beb4    00000040     fault.o (.text.Fault_Raise)
                  0001bef4    00000040     ti_msp_dl_config.o (.text.SYSCFG_DL_SYSCTL_init)
                  0001bf34    00000040     vision_receiver.o (.text.VisionReceiver_PushByteFromIsr)
                  0001bf74    00000040     vision_uart.o (.text.VisionUart_Init)
                  0001bfb4    00000040     libclang_rt.builtins.a : aeabi_uidivmod.S.obj (.text.__aeabi_uidivmod)
                  0001bff4    00000040     balance_tuning.o (.text.abort_serial_calibration)
                  0001c034    00000040     vision_protocol.o (.text.parse_confidence)
                  0001c074    0000003e     libclang_rt.builtins.a : divmoddi4.c.obj (.text.__divmoddi4)
                  0001c0b2    00000002     --HOLE-- [fill = 0]
                  0001c0b4    0000003c     balance_position_control.o (.text.BalancePositionControl_Cancel)
                  0001c0f0    0000003c     mission_manager.o (.text.MissionManager_Resume)
                  0001c12c    0000003c     motor_control.o (.text.MotorControl_Init)
                  0001c168    0000003c     servo.o (.text.Servo_SetAngleDeg)
                  0001c1a4    0000003c     libclang_rt.builtins.a : floatsisf.S.obj (.text.__floatsisf)
                  0001c1e0    0000003c                            : comparesf2.S.obj (.text.__gtsf2)
                  0001c21c    0000003c     balance_position_control.o (.text.latch_fault)
                  0001c258    0000003a     libclang_rt.builtins.a : comparesf2.S.obj (.text.__eqsf2)
                  0001c292    00000002     --HOLE-- [fill = 0]
                  0001c294    0000003a                            : muldsi3.S.obj (.text.__muldsi3)
                  0001c2ce    00000002     --HOLE-- [fill = 0]
                  0001c2d0    00000038     balance_ball_control.o (.text.BalanceBallControl_ForceStop)
                  0001c308    00000038     balance_ball_control.o (.text.BalanceBallControl_SetTargetMm)
                  0001c340    00000038     emergency_stop.o (.text.EmergencyStop_Trigger)
                  0001c378    00000038     motion_action.o (.text.MotionAction_Cancel)
                  0001c3b0    00000038     libclang_rt.builtins.a : fixsfsi.S.obj (.text.__fixsfsi)
                  0001c3e8    00000034     balance_position_control.o (.text.BalancePositionControl_SetTrackingThresholds)
                  0001c41c    00000034     imu.o (.text.Imu_IsReady)
                  0001c450    00000034     h_task_controller.o (.text.h_enter_vision_hold)
                  0001c484    00000034     balance_tuning.o (.text.serial_calibration_jog)
                  0001c4b8    00000032     oled.o (.text.OLED_PrintString)
                  0001c4ea    00000002     --HOLE-- [fill = 0]
                  0001c4ec    00000030     key.o (.text.Key_Init)
                  0001c51c    00000030     line_controller.o (.text.LineController_ObserveSensors)
                  0001c54c    00000030     watchdog_monitor.o (.text.WatchdogMonitor_Init)
                  0001c57c    00000030     watchdog_monitor.o (.text.WatchdogMonitor_Reset)
                  0001c5ac    0000002c     balance_position_control.o (.text.BalancePositionControl_StartTracking)
                  0001c5d8    0000002c     car_controller.o (.text.CarController_SetFollowLineBaseCommand)
                  0001c604    0000002c     encoder.o (.text.Encoder_Reset)
                  0001c630    0000002c     motion_action.o (.text.MotionAction_Init)
                  0001c65c    0000002c     track_sensor.o (.text.TrackSensor_CountBlack)
                  0001c688    00000028     balance_ball_control.o (.text.BalanceBallControl_SetAngleFeedforwardCount)
                  0001c6b0    00000028     balance_soft_limits.o (.text.BalanceSoftLimits_CancelTravelTest)
                  0001c6d8    00000028     driverlib.a : dl_flashctl.o (.text.DL_FlashCTL_programMemoryFromRAM64WithECCGenerated)
                  0001c700    00000010                 : dl_flashctl.o (.tramp.DL_FlashCTL_executeCommandFromRAM.1)
                  0001c710    00000028     emergency_stop.o (.text.EmergencyStop_Enforce)
                  0001c738    00000028     h_task_controller.o (.text.HTaskController_Init)
                  0001c760    00000028     h_task_controller.o (.text.HTaskController_RequestNormalStop)
                  0001c788    00000028     magnet.o (.text.Magnet_ForceOff)
                  0001c7b0    00000028     ti_msp_dl_config.o (.text.SYSCFG_DL_init)
                  0001c7d8    00000028     servo.o (.text.Servo_Init)
                  0001c800    00000028     libclang_rt.builtins.a : floatunsisf.S.obj (.text.__floatunsisf)
                  0001c828    00000028     libc.a : boot_cortex_m.c.obj (.text:_c_int00_noargs)
                  0001c850    00000024     balance_encoder.o (.text.BalanceEncoder_SampleSpeed10msFromIsr)
                  0001c874    00000024     balance_position_control.o (.text.BalancePositionControl_GetSnapshot)
                  0001c898    00000024     balance_soft_limits.o (.text.BalanceSoftLimits_CancelOscillationTest)
                  0001c8bc    00000024     gimbal_stepper.o (.text.GimbalStepper_GetFeedbackSnapshot)
                  0001c8e0    00000024     h_task_controller.o (.text.HTaskController_VehicleToString)
                  0001c904    00000024     line_controller.o (.text.LineController_ClearProfileOverride)
                  0001c928    00000024     menu.o (.text.Menu_Init)
                  0001c94c    00000024     mission_manager.o (.text.MissionManager_ReportExternalFailure)
                  0001c970    00000024     motor_control.o (.text.MotorControl_Reset)
                  0001c994    00000024     oled.o (.text.OLED_ClearBuffer)
                  0001c9b8    00000024     libclang_rt.builtins.a : muldi3.S.obj (.text.__muldi3)
                  0001c9dc    00000020     driverlib.a : dl_timer.o (.text.DL_Timer_overrideCCPOut)
                  0001c9fc    00000020     debug_telemetry.o (.text.DebugTelemetry_Update)
                  0001ca1c    00000020     empty.o (.text.GROUP1_IRQHandler)
                  0001ca3c    00000020     magnet.o (.text.Magnet_Init)
                  0001ca5c    00000020     oled.o (.text.OLED_SetCursor)
                  0001ca7c    00000020     empty.o (.text.SchedulerMonitor_GetStats)
                  0001ca9c    00000020     vision_receiver.o (.text.VisionReceiver_GetProtocolErrorCount)
                  0001cabc    00000020     libc.a : memcmp.c.obj (.text.memcmp)
                  0001cadc    00000020     mission_manager.o (.text.mission_finish_error)
                  0001cafc    0000001e     libclang_rt.builtins.a : ashldi3.S.obj (.text.__ashldi3)
                  0001cb1a    00000002     --HOLE-- [fill = 0]
                  0001cb1c    0000001c     balance_ball_control.o (.text.BalanceBallControl_Disable)
                  0001cb38    0000001c     balance_ball_control.o (.text.BalanceBallControl_GetConfig)
                  0001cb54    0000001c     driverlib.a : dl_timer.o (.text.DL_Timer_setCaptCompUpdateMethod)
                  0001cb70    0000001c                 : dl_timer.o (.text.DL_Timer_setClockConfig)
                  0001cb8c    0000001c     h_task_controller.o (.text.HTaskController_GetSnapshot)
                  0001cba8    0000001c     h_task_controller.o (.text.HTaskController_IsActive)
                  0001cbc4    0000001c     h_task_controller.o (.text.HTaskController_StateToString)
                  0001cbe0    0000001c     heading_control.o (.text.HeadingControl_SetTargetYaw)
                  0001cbfc    0000001c     motor_control.o (.text.MotorControl_ClearFeedforwardOverride)
                  0001cc18    0000001c     obstacle_monitor.o (.text.ObstacleMonitor_Init)
                  0001cc34    0000001c     obstacle_safety.o (.text.ObstacleSafety_Init)
                  0001cc50    0000001c     watchdog_monitor.o (.text.WatchdogMonitor_NotifyControlCycleComplete)
                  0001cc6c    0000001c     mission_manager.o (.text.mission_finish_success)
                  0001cc88    00000018     driverlib.a : dl_flashctl.o (.text.DL_FlashCTL_eraseMemoryFromRAM)
                  0001cca0    00000018                 : dl_timer.o (.text.DL_Timer_setCaptureCompareOutCtl)
                  0001ccb8    00000018     debug_telemetry.o (.text.DebugTelemetry_Init)
                  0001ccd0    00000018     heading_control.o (.text.HeadingControl_Init)
                  0001cce8    00000018     heading_control.o (.text.HeadingControl_Reset)
                  0001cd00    00000018     menu.o (.text.Menu_ParamItemToString)
                  0001cd18    00000018     mission_library.o (.text.MissionLibrary_FindById)
                  0001cd30    00000018     obstacle_avoidance.o (.text.ObstacleAvoidance_Init)
                  0001cd48    00000018     runtime_snapshot.o (.text.RuntimeSnapshot_Init)
                  0001cd60    00000016     libclang_rt.builtins.a : comparesf2.S.obj (.text.__unordsf2)
                  0001cd76    00000002     --HOLE-- [fill = 0]
                  0001cd78    00000014     balance_ball_control.o (.text.BalanceBallControl_GetSnapshot)
                  0001cd8c    00000014     fault.o (.text.Fault_Clear)
                  0001cda0    00000014     fault.o (.text.Fault_Init)
                  0001cdb4    00000014     gimbal_stepper.o (.text.GimbalStepper_SetStepHalfPeriodTicks)
                  0001cdc8    00000014     h_task_controller.o (.text.HTaskController_GetChassisTuning)
                  0001cddc    00000014     heading_control.o (.text.HeadingControl_Enable)
                  0001cdf0    00000014     mission_library.o (.text.MissionLibrary_GetByIndex)
                  0001ce04    00000014     mission_manager.o (.text.MissionManager_GetSelectedMissionId)
                  0001ce18    00000014     libclang_rt.builtins.a : aeabi_ldivmod.S.obj (.text.__aeabi_ldivmod)
                  0001ce2c    00000014                            : aeabi_uldivmod.S.obj (.text.__aeabi_uldivmod)
                  0001ce40    00000012     driverlib.a : dl_uart.o (.text.DL_UART_setClockConfig)
                  0001ce52    00000012     libc.a : copy_decompress_none.c.obj (.text:decompress:none)
                  0001ce64    00000010     balance_position_control.o (.text.BalancePositionControl_HasFault)
                  0001ce74    00000010     driverlib.a : dl_timer.o (.text.DL_Timer_setCaptureCompareValue)
                  0001ce84    00000010     gimbal.o (.text.Gimbal_YawGetFeedback)
                  0001ce94    00000010     h_task_controller.o (.text.HTaskController_HasFault)
                  0001cea4    00000010     key.o (.text.Key_GetEvent)
                  0001ceb4    00000010     vision_receiver.o (.text.VisionReceiver_RecordUartBreakErrorFromIsr)
                  0001cec4    00000010     vision_receiver.o (.text.VisionReceiver_RecordUartFramingErrorFromIsr)
                  0001ced4    00000010     vision_receiver.o (.text.VisionReceiver_RecordUartOverrunFromIsr)
                  0001cee4    00000010     vision_receiver.o (.text.VisionReceiver_RecordUartParityErrorFromIsr)
                  0001cef4    00000010     libc.a : copy_zero_init.c.obj (.text:decompress:ZI)
                  0001cf04    0000000c     balance_position_control.o (.text.BalancePositionControl_IsBusy)
                  0001cf10    0000000c     balance_soft_limits.o (.text.BalanceSoftLimits_CancelCalibrationJog)
                  0001cf1c    0000000c     balance_soft_limits.o (.text.BalanceSoftLimits_IsCalibrationActive)
                  0001cf28    0000000c     balance_soft_limits.o (.text.BalanceSoftLimits_IsOscillationTestActive)
                  0001cf34    0000000c     balance_soft_limits.o (.text.BalanceSoftLimits_IsTravelTestActive)
                  0001cf40    0000000c     car_controller.o (.text.CarController_GetRunMode)
                  0001cf4c    0000000c     car_controller.o (.text.CarController_Init)
                  0001cf58    0000000c     car_controller.o (.text.CarController_IsSafetyHoldActive)
                  0001cf64    0000000c     car_state.o (.text.CarState_Get)
                  0001cf70    0000000c     car_state.o (.text.CarState_Init)
                  0001cf7c    0000000c     car_state.o (.text.CarState_Set)
                  0001cf88    0000000c     emergency_stop.o (.text.EmergencyStop_Init)
                  0001cf94    0000000c     emergency_stop.o (.text.EmergencyStop_IsActive)
                  0001cfa0    0000000c     imu.o (.text.Imu_GetCorrectedGyroZDps)
                  0001cfac    0000000c     imu.o (.text.Imu_GetYaw)
                  0001cfb8    0000000c     menu.o (.text.Menu_GetPage)
                  0001cfc4    0000000c     menu.o (.text.Menu_GetParamItem)
                  0001cfd0    0000000c     mission_manager.o (.text.MissionManager_IsExternallyHeld)
                  0001cfdc    0000000c     mission_manager.o (.text.MissionManager_SetExternalHold)
                  0001cfe8    0000000c     obstacle_avoidance.o (.text.ObstacleAvoidance_IsActive)
                  0001cff4    0000000c     obstacle_avoidance.o (.text.ObstacleAvoidance_IsFailed)
                  0001d000    0000000c     obstacle_safety.o (.text.ObstacleSafety_IsHolding)
                  0001d00c    0000000c     empty.o (.text.SystemTime_GetMs)
                  0001d018    0000000c     watchdog_monitor.o (.text.WatchdogMonitor_HasTripped)
                  0001d024    0000000c     libclang_rt.builtins.a : aeabi_memset.S.obj (.text.__aeabi_memclr)
                  0001d030    0000000a     driverlib.a : dl_common.o (.text.DL_Common_delayCycles)
                  0001d03a    0000000a     motion_action.o (.text.MotionAction_Resume)
                  0001d044    0000000a     motion_action.o (.text.MotionAction_Start)
                  0001d04e    0000000a     track_sensor.o (.text.TrackSensor_IsCenterDetected)
                  0001d058    0000000a     track_sensor.o (.text.TrackSensor_IsLineDetected)
                  0001d062    0000000a     track_sensor.o (.text.TrackSensor_IsLineLost)
                  0001d06c    00000008     balance_soft_limits.o (.text.BalanceSoftLimits_CancelPositionMove)
                  0001d074    00000008     balance_soft_limits.o (.text.BalanceSoftLimits_IsPositionMoveActive)
                  0001d07c    00000008     bluetooth_uart.o (.text.BluetoothUart_GetRuntime)
                  0001d084    00000008     car_controller.o (.text.CarController_GetFeedback)
                  0001d08c    00000008     fault.o (.text.Fault_GetRecord)
                  0001d094    00000008     gimbal_stepper.o (.text.GimbalStepper_GetFeedback)
                  0001d09c    00000008     heading_control.o (.text.HeadingControl_GetRuntime)
                  0001d0a4    00000008     imu.o (.text.Imu_GetRuntime)
                  0001d0ac    00000008     line_controller.o (.text.LineController_GetRuntime)
                  0001d0b4    00000008     mission_manager.o (.text.MissionManager_GetMissionCount)
                  0001d0bc    00000008     mission_manager.o (.text.MissionManager_GetRuntime)
                  0001d0c4    00000008     motion_action.o (.text.MotionAction_GetRuntime)
                  0001d0cc    00000008     motor_control.o (.text.MotorControl_GetRuntime)
                  0001d0d4    00000008     obstacle_avoidance.o (.text.ObstacleAvoidance_GetFeedback)
                  0001d0dc    00000008     obstacle_monitor.o (.text.ObstacleMonitor_GetFeedback)
                  0001d0e4    00000008     oled_ui.o (.text.OledUi_Init)
                  0001d0ec    00000008     runtime_snapshot.o (.text.RuntimeSnapshot_Get)
                  0001d0f4    00000008     servo.o (.text.Servo_GetFeedback)
                  0001d0fc    00000008     ultrasonic.o (.text.Ultrasonic_GetFeedback)
                  0001d104    00000008     vision_receiver.o (.text.VisionReceiver_GetBallPositionObservation)
                  0001d10c    00000008     vision_receiver.o (.text.VisionReceiver_GetStatus)
                  0001d114    00000008     vision_tuning_console.o (.text.VisionTuningConsole_GetStatus)
                  0001d11c    00000008     watchdog_monitor.o (.text.WatchdogMonitor_GetStatus)
                  0001d124    00000008     wheel_speed_estimator.o (.text.WheelSpeedEstimator_GetRuntime)
                  0001d12c    00000008     libclang_rt.builtins.a : aeabi_memcpy.S.obj (.text.__aeabi_memcpy)
                  0001d134    00000006     libc.a : exit.c.obj (.text:abort)
                  0001d13a    00000004     libsysbm.a : hostexit.c.obj (.text.HOSTexit)
                  0001d13e    00000004     mission_library.o (.text.MissionLibrary_GetCount)
                  0001d142    00000004     obstacle_avoidance.o (.text.ObstacleAvoidance_IsResumeGraceActive)
                  0001d146    00000004     startup_mspm0g350x_ticlang.o (.text.Reset_Handler)
                  0001d14a    00000002     --HOLE-- [fill = 0]
                  0001d14c    00000010     libc.a : boot_cortex_m.c.obj (.tramp._c_int00_noargs.1)
                  0001d15c    00000004            : pre_init.c.obj (.text._system_pre_init)

.TI.ramfunc 
*          0    0001e040    00000060     RUN ADDR = 20201ab0
                  0001e040    00000060     driverlib.a : dl_flashctl.o (.TI.ramfunc)

.cinit     0    0001e0a0    00000030     
                  0001e0a0    0000000c     (__TI_handler_table)
                  0001e0ac    00000008     (.cinit..bss.load) [load image, compression = zero_init]
                  0001e0b4    00000005     (.cinit..data.load) [load image, compression = lzss]
                  0001e0b9    00000003     --HOLE-- [fill = 0]
                  0001e0bc    00000010     (__TI_cinit_table)
                  0001e0cc    00000004     --HOLE-- [fill = 0]

.rodata    0    0001d160    00000ee0     
                  0001d160    000000d8     oled.o (.rodata..Lswitch.table.OLED_PrintChar)
                  0001d238    00000050     mission_library.o (.rodata.g_missionRegistry)
                  0001d288    00000048     menu.o (.rodata..Lswitch.table.Menu_ParamItemToString)
                  0001d2d0    0000003c     balance_tuning.o (.rodata..Lswitch.table.send_debug_receiver)
                  0001d30c    00000038     oled_ui.o (.rodata..Lswitch.table.print_balance_vision_rx_debug_page)
                  0001d344    00000038     mission_library.o (.rodata.g_missionH3)
                  0001d37c    00000038     mission_library.o (.rodata.g_missionH4)
                  0001d3b4    00000038     mission_library.o (.rodata.g_missionH5)
                  0001d3ec    00000038     mission_library.o (.rodata.g_missionH6)
                  0001d424    00000038     mission_library.o (.rodata.g_missionTask1)
                  0001d45c    00000034     oled_ui.o (.rodata..Lswitch.table.print_status_page)
                  0001d490    0000002c     balance_tuning.o (.rodata..Lswitch.table.send_debug_controller.182)
                  0001d4bc    00000028     oled_ui.o (.rodata..Lswitch.table.print_h_task_status_page.230)
                  0001d4e4    00000024     h_task_controller.o (.rodata..Lswitch.table.HTaskController_StateToString)
                  0001d508    00000020     oled_ui.o (.rodata..Lswitch.table.print_balance_vision_page)
                  0001d528    00000020     balance_tuning.o (.rodata..Lswitch.table.send_debug_controller.181)
                  0001d548    00000020     balance_tuning.o (.rodata..Lswitch.table.send_debug_filter)
                  0001d568    0000001c     oled_ui.o (.rodata..Lswitch.table.print_balance_stepper_test_page.226)
                  0001d584    0000001c     oled_ui.o (.rodata..Lswitch.table.print_balance_vision_page.227)
                  0001d5a0    0000001c     oled_ui.o (.rodata..Lswitch.table.print_drive_distance_page)
                  0001d5bc    0000001c     oled_ui.o (.rodata..Lswitch.table.print_h_task_status_page)
                  0001d5d8    00000018     oled_ui.o (.rodata..Lswitch.table.print_status_page.228)
                  0001d5f0    00000018     balance_tuning.o (.rodata..Lswitch.table.send_debug_position_fault)
                  0001d608    00000018     balance_tuning.o (.rodata.str1.12203727298384633765.1)
                  0001d620    00000017     balance_tuning.o (.rodata.str1.7429938449141376701.1)
                  0001d637    00000015     balance_tuning.o (.rodata.str1.12153495617120739732.1)
                  0001d64c    00000014     mission_library.o (.rodata..Lswitch.table.MissionLibrary_FindById)
                  0001d660    00000014     oled_ui.o (.rodata..Lswitch.table.print_balance_stepper_test_page.220)
                  0001d674    00000014     oled_ui.o (.rodata..Lswitch.table.print_balance_stepper_test_page.222)
                  0001d688    00000014     oled_ui.o (.rodata..Lswitch.table.print_status_page.229)
                  0001d69c    00000014     balance_tuning.o (.rodata.str1.16828945227823925029.1)
                  0001d6b0    00000013     oled_ui.o (.rodata.str1.13871579367539052597.1)
                  0001d6c3    00000013     balance_tuning.o (.rodata.str1.14264142961881584424.1)
                  0001d6d6    00000012     balance_tuning.o (.rodata.str1.8563474565901259281.1)
                  0001d6e8    00000011     oled_ui.o (.rodata.str1.15132332204781002199.1)
                  0001d6f9    00000011     oled_ui.o (.rodata.str1.17436941090773226089.1)
                  0001d70a    00000011     oled_ui.o (.rodata.str1.2603845803395459882.1)
                  0001d71b    00000011     oled_ui.o (.rodata.str1.2608729314174233125.1)
                  0001d72c    00000011     oled_ui.o (.rodata.str1.9992244628984851027.1)
                  0001d73d    00000003     ti_msp_dl_config.o (.rodata.gPWM_MOTORClockConfig)
                  0001d740    00000010     oled_ui.o (.rodata..Lswitch.table.print_balance_stepper_test_page.223)
                  0001d750    00000010     balance_encoder.o (.rodata.cst16)
                  0001d760    00000010     oled_ui.o (.rodata.str1.2656948373757303877.1)
                  0001d770    0000000f     menu.o (.rodata..Lswitch.table.Menu_HandleKeyEvent)
                  0001d77f    0000000f     oled_ui.o (.rodata.str1.17274519358952562110.1)
                  0001d78e    0000000f     oled_ui.o (.rodata.str1.2397705740312973058.1)
                  0001d79d    0000000f     oled_ui.o (.rodata.str1.9351772214919528733.1)
                  0001d7ac    0000000f     oled_ui.o (.rodata.str1.9854382722193312766.1)
                  0001d7bb    0000000e     oled_ui.o (.rodata.str1.11232419324784801130.1)
                  0001d7c9    0000000e     balance_tuning.o (.rodata.str1.1264218299910966159.1)
                  0001d7d7    0000000e     balance_tuning.o (.rodata.str1.12833110812472946424.1)
                  0001d7e5    0000000e     mission_library.o (.rodata.str1.1440970855772709381.1)
                  0001d7f3    0000000e     oled_ui.o (.rodata.str1.14556837007311414654.1)
                  0001d801    0000000e     oled_ui.o (.rodata.str1.15917848551323629232.1)
                  0001d80f    0000000e     oled_ui.o (.rodata.str1.18266126048138325213.1)
                  0001d81d    0000000e     oled_ui.o (.rodata.str1.2193316011307952170.1)
                  0001d82b    0000000e     balance_tuning.o (.rodata.str1.3233384059104302595.1)
                  0001d839    0000000e     oled_ui.o (.rodata.str1.8124536758062367015.1)
                  0001d847    0000000d     balance_tuning.o (.rodata.str1.12787636963787307533.1)
                  0001d854    0000000d     mission_library.o (.rodata.str1.15668266851434757964.1)
                  0001d861    0000000d     balance_tuning.o (.rodata.str1.2068070733339245865.1)
                  0001d86e    0000000d     balance_tuning.o (.rodata.str1.7303502640274702539.1)
                  0001d87b    0000000d     balance_tuning.o (.rodata.str1.7805572866881257290.1)
                  0001d888    0000000c     oled_ui.o (.rodata..Lswitch.table.print_balance_stepper_test_page.221)
                  0001d894    0000000c     oled_ui.o (.rodata..Lswitch.table.print_balance_stepper_test_page.224)
                  0001d8a0    0000000c     oled_ui.o (.rodata..Lswitch.table.print_balance_stepper_test_page)
                  0001d8ac    0000000c     oled_ui.o (.rodata..Lswitch.table.print_sensor_page)
                  0001d8b8    0000000c     balance_tuning.o (.rodata..Lswitch.table.send_calibration_status)
                  0001d8c4    0000000c     oled_ui.o (.rodata.str1.1019225241002246410.1)
                  0001d8d0    0000000c     balance_tuning.o (.rodata.str1.11153751536558257278.1)
                  0001d8dc    0000000c     mission_library.o (.rodata.str1.11682660667400632204.1)
                  0001d8e8    0000000c     oled_ui.o (.rodata.str1.12043213579996415112.1)
                  0001d8f4    0000000c     balance_tuning.o (.rodata.str1.14379570804519814092.1)
                  0001d900    0000000c     oled_ui.o (.rodata.str1.5965450730569173784.1)
                  0001d90c    0000000b     oled_ui.o (.rodata.str1.130772507669342127.1)
                  0001d917    0000000b     balance_tuning.o (.rodata.str1.13927408975829028648.1)
                  0001d922    0000000b     balance_tuning.o (.rodata.str1.16995373371140357553.1)
                  0001d92d    0000000b     balance_tuning.o (.rodata.str1.2700731884220140365.1)
                  0001d938    0000000b     oled_ui.o (.rodata.str1.3455423528827705371.1)
                  0001d943    0000000b     oled_ui.o (.rodata.str1.3702290527496711532.1)
                  0001d94e    0000000b     balance_tuning.o (.rodata.str1.4113204610233820215.1)
                  0001d959    0000000b     balance_tuning.o (.rodata.str1.9462028229935726468.1)
                  0001d964    0000000a     ti_msp_dl_config.o (.rodata.gUART_BALANCE_TUNINGConfig)
                  0001d96e    0000000a     ti_msp_dl_config.o (.rodata.gUART_VISIONConfig)
                  0001d978    0000000a     oled_ui.o (.rodata.str1.1108652269057166745.1)
                  0001d982    0000000a     balance_tuning.o (.rodata.str1.11429545149414127667.1)
                  0001d98c    0000000a     balance_tuning.o (.rodata.str1.11965935882277854026.1)
                  0001d996    0000000a     balance_tuning.o (.rodata.str1.1225708768031363644.1)
                  0001d9a0    0000000a     balance_tuning.o (.rodata.str1.12662652760121154555.1)
                  0001d9aa    0000000a     mission_library.o (.rodata.str1.13636476544574750902.1)
                  0001d9b4    0000000a     balance_tuning.o (.rodata.str1.14407532796619091063.1)
                  0001d9be    0000000a     oled_ui.o (.rodata.str1.16931641404301806744.1)
                  0001d9c8    0000000a     balance_tuning.o (.rodata.str1.190387033829999932.1)
                  0001d9d2    0000000a     oled_ui.o (.rodata.str1.1974573040514735405.1)
                  0001d9dc    0000000a     mission_library.o (.rodata.str1.199678142196697465.1)
                  0001d9e6    0000000a     oled_ui.o (.rodata.str1.5291836437463020264.1)
                  0001d9f0    0000000a     oled_ui.o (.rodata.str1.6381889798382488904.1)
                  0001d9fa    00000009     balance_tuning.o (.rodata.str1.13060521858833474728.1)
                  0001da03    00000009     balance_tuning.o (.rodata.str1.16006537837561361483.1)
                  0001da0c    00000009     oled_ui.o (.rodata.str1.240075016795266086.1)
                  0001da15    00000009     oled_ui.o (.rodata.str1.4402311448527872260.1)
                  0001da1e    00000009     balance_tuning.o (.rodata.str1.9007449870089704693.1)
                  0001da27    00000009     oled_ui.o (.rodata.str1.9646571805098343045.1)
                  0001da30    00000008     ti_msp_dl_config.o (.rodata.gPWM_MOTORConfig)
                  0001da38    00000008     balance_tuning.o (.rodata.str1.10864470326470540157.1)
                  0001da40    00000008     balance_tuning.o (.rodata.str1.12637522976786142932.1)
                  0001da48    00000008     balance_tuning.o (.rodata.str1.12835793291258929699.1)
                  0001da50    00000008     oled_ui.o (.rodata.str1.12928245060369742404.1)
                  0001da58    00000008     app.o (.rodata.str1.13935281678674483141.1)
                  0001da60    00000008     balance_tuning.o (.rodata.str1.15818174819141905252.1)
                  0001da68    00000008     oled_ui.o (.rodata.str1.270145429241168923.1)
                  0001da70    00000008     balance_tuning.o (.rodata.str1.3392284968516405332.1)
                  0001da78    00000008     balance_tuning.o (.rodata.str1.7071644105955104486.1)
                  0001da80    00000008     oled_ui.o (.rodata.str1.8703997732205428909.1)
                  0001da88    00000007     oled_ui.o (.rodata.str1.10263419832828250601.1)
                  0001da8f    00000007     balance_tuning.o (.rodata.str1.11690988241288759035.1)
                  0001da96    00000007     oled_ui.o (.rodata.str1.12571791089077708471.1)
                  0001da9d    00000007     oled_ui.o (.rodata.str1.13750180467131823662.1)
                  0001daa4    00000007     oled_ui.o (.rodata.str1.14132186318895045592.1)
                  0001daab    00000007     oled_ui.o (.rodata.str1.15613891207764622616.1)
                  0001dab2    00000007     h_task_controller.o (.rodata.str1.15725356076850704266.1)
                  0001dab9    00000007     balance_tuning.o (.rodata.str1.15769814967733252227.1)
                  0001dac0    00000007     oled_ui.o (.rodata.str1.16635595130967924751.1)
                  0001dac7    00000007     oled_ui.o (.rodata.str1.16767111097834273992.1)
                  0001dace    00000007     h_task_controller.o (.rodata.str1.3267964509806984770.1)
                  0001dad5    00000007     balance_tuning.o (.rodata.str1.3829160663182747675.1)
                  0001dadc    00000007     oled_ui.o (.rodata.str1.6473435968988645044.1)
                  0001dae3    00000007     oled_ui.o (.rodata.str1.6744096065564390185.1)
                  0001daea    00000007     balance_tuning.o (.rodata.str1.7224754546233542076.1)
                  0001daf1    00000007     oled_ui.o (.rodata.str1.9135818829835424837.1)
                  0001daf8    00000007     balance_tuning.o (.rodata.str1.9755989949770481844.1)
                  0001daff    00000006     oled_ui.o (.rodata.str1.11178346780556493352.1)
                  0001db05    00000006     oled_ui.o (.rodata.str1.11388022865931857840.1)
                  0001db0b    00000006     oled_ui.o (.rodata.str1.11794000050372113979.1)
                  0001db11    00000006     oled_ui.o (.rodata.str1.12617122458660443890.1)
                  0001db17    00000006     oled_ui.o (.rodata.str1.1276391367487699528.1)
                  0001db1d    00000006     balance_tuning.o (.rodata.str1.12987821060827392178.1)
                  0001db23    00000006     balance_tuning.o (.rodata.str1.13102443532555841901.1)
                  0001db29    00000006     menu.o (.rodata.str1.13617062986815958976.1)
                  0001db2f    00000006     oled_ui.o (.rodata.str1.13790669171379415506.1)
                  0001db35    00000006     oled_ui.o (.rodata.str1.13875148296791986931.1)
                  0001db3b    00000006     oled_ui.o (.rodata.str1.14824331111526742204.1)
                  0001db41    00000006     oled_ui.o (.rodata.str1.15802367878353263018.1)
                  0001db47    00000006     oled_ui.o (.rodata.str1.15859922799842739878.1)
                  0001db4d    00000006     balance_tuning.o (.rodata.str1.16284837996370273307.1)
                  0001db53    00000006     balance_tuning.o (.rodata.str1.16612448349671680203.1)
                  0001db59    00000006     oled_ui.o (.rodata.str1.17300182281883965258.1)
                  0001db5f    00000006     oled_ui.o (.rodata.str1.17540787658903907660.1)
                  0001db65    00000006     balance_tuning.o (.rodata.str1.18012996296540459495.1)
                  0001db6b    00000006     oled_ui.o (.rodata.str1.182352409660151230.1)
                  0001db71    00000006     balance_tuning.o (.rodata.str1.1862446224603202915.1)
                  0001db77    00000006     oled_ui.o (.rodata.str1.2742282290834473644.1)
                  0001db7d    00000006     oled_ui.o (.rodata.str1.3407221357956504873.1)
                  0001db83    00000006     oled_ui.o (.rodata.str1.35417727660486075.1)
                  0001db89    00000006     oled_ui.o (.rodata.str1.4206774382274784027.1)
                  0001db8f    00000006     oled_ui.o (.rodata.str1.4723632947289500520.1)
                  0001db95    00000006     oled_ui.o (.rodata.str1.5359389153162985499.1)
                  0001db9b    00000006     h_task_controller.o (.rodata.str1.6296723155108836847.1)
                  0001dba1    00000006     oled_ui.o (.rodata.str1.6398192001994169976.1)
                  0001dba7    00000006     oled_ui.o (.rodata.str1.7050595558965647569.1)
                  0001dbad    00000006     oled_ui.o (.rodata.str1.8709745090823444516.1)
                  0001dbb3    00000006     oled_ui.o (.rodata.str1.967006512144173535.1)
                  0001dbb9    00000005     motion_action.o (.rodata..Lswitch.table.MotionAction_Update_20ms)
                  0001dbbe    00000005     oled.o (.rodata.oled_get_glyph.colon)
                  0001dbc3    00000005     oled.o (.rodata.oled_get_glyph.eight)
                  0001dbc8    00000005     oled.o (.rodata.oled_get_glyph.five)
                  0001dbcd    00000005     oled.o (.rodata.oled_get_glyph.four)
                  0001dbd2    00000005     oled.o (.rodata.oled_get_glyph.glyphA)
                  0001dbd7    00000005     oled.o (.rodata.oled_get_glyph.glyphB)
                  0001dbdc    00000005     oled.o (.rodata.oled_get_glyph.glyphC)
                  0001dbe1    00000005     oled.o (.rodata.oled_get_glyph.glyphD)
                  0001dbe6    00000005     oled.o (.rodata.oled_get_glyph.glyphE)
                  0001dbeb    00000005     oled.o (.rodata.oled_get_glyph.glyphF)
                  0001dbf0    00000005     oled.o (.rodata.oled_get_glyph.glyphG)
                  0001dbf5    00000005     oled.o (.rodata.oled_get_glyph.glyphH)
                  0001dbfa    00000005     oled.o (.rodata.oled_get_glyph.glyphI)
                  0001dbff    00000005     oled.o (.rodata.oled_get_glyph.glyphK)
                  0001dc04    00000005     oled.o (.rodata.oled_get_glyph.glyphL)
                  0001dc09    00000005     oled.o (.rodata.oled_get_glyph.glyphM)
                  0001dc0e    00000005     oled.o (.rodata.oled_get_glyph.glyphN)
                  0001dc13    00000005     oled.o (.rodata.oled_get_glyph.glyphO)
                  0001dc18    00000005     oled.o (.rodata.oled_get_glyph.glyphP)
                  0001dc1d    00000005     oled.o (.rodata.oled_get_glyph.glyphR)
                  0001dc22    00000005     oled.o (.rodata.oled_get_glyph.glyphS)
                  0001dc27    00000005     oled.o (.rodata.oled_get_glyph.glyphT)
                  0001dc2c    00000005     oled.o (.rodata.oled_get_glyph.glyphU)
                  0001dc31    00000005     oled.o (.rodata.oled_get_glyph.glyphV)
                  0001dc36    00000005     oled.o (.rodata.oled_get_glyph.glyphW)
                  0001dc3b    00000005     oled.o (.rodata.oled_get_glyph.glyphX)
                  0001dc40    00000005     oled.o (.rodata.oled_get_glyph.glyphY)
                  0001dc45    00000005     oled.o (.rodata.oled_get_glyph.glyphb)
                  0001dc4a    00000005     oled.o (.rodata.oled_get_glyph.gt)
                  0001dc4f    00000005     oled.o (.rodata.oled_get_glyph.minus)
                  0001dc54    00000005     oled.o (.rodata.oled_get_glyph.nine)
                  0001dc59    00000005     oled.o (.rodata.oled_get_glyph.one)
                  0001dc5e    00000005     oled.o (.rodata.oled_get_glyph.seven)
                  0001dc63    00000005     oled.o (.rodata.oled_get_glyph.six)
                  0001dc68    00000005     oled.o (.rodata.oled_get_glyph.space)
                  0001dc6d    00000005     oled.o (.rodata.oled_get_glyph.three)
                  0001dc72    00000005     oled.o (.rodata.oled_get_glyph.two)
                  0001dc77    00000005     oled.o (.rodata.oled_get_glyph.zero)
                  0001dc7c    00000005     oled_ui.o (.rodata.str1.10077435089618835710.1)
                  0001dc81    00000005     oled_ui.o (.rodata.str1.10509309789429088155.1)
                  0001dc86    00000005     oled_ui.o (.rodata.str1.10568433575767188072.1)
                  0001dc8b    00000005     oled_ui.o (.rodata.str1.10600688730180713177.1)
                  0001dc90    00000005     balance_tuning.o (.rodata.str1.10969382713942392268.1)
                  0001dc95    00000005     oled_ui.o (.rodata.str1.11428648044669318875.1)
                  0001dc9a    00000005     oled_ui.o (.rodata.str1.1144361573494598876.1)
                  0001dc9f    00000005     balance_tuning.o (.rodata.str1.11520738983365952627.1)
                  0001dca4    00000005     oled_ui.o (.rodata.str1.11614055506586029288.1)
                  0001dca9    00000005     oled_ui.o (.rodata.str1.11627403558423016802.1)
                  0001dcae    00000005     oled_ui.o (.rodata.str1.11733562463285951762.1)
                  0001dcb3    00000005     balance_tuning.o (.rodata.str1.11920933488914742755.1)
                  0001dcb8    00000005     menu.o (.rodata.str1.12110183915172842339.1)
                  0001dcbd    00000005     oled_ui.o (.rodata.str1.12182588061437138428.1)
                  0001dcc2    00000005     oled_ui.o (.rodata.str1.12493748764729730277.1)
                  0001dcc7    00000005     oled_ui.o (.rodata.str1.12595606217184830646.1)
                  0001dccc    00000005     oled_ui.o (.rodata.str1.12888220461447056082.1)
                  0001dcd1    00000005     oled_ui.o (.rodata.str1.12983537867572525563.1)
                  0001dcd6    00000005     oled_ui.o (.rodata.str1.13244290092665904221.1)
                  0001dcdb    00000005     oled_ui.o (.rodata.str1.13455707389137064912.1)
                  0001dce0    00000005     oled_ui.o (.rodata.str1.13892659840332223045.1)
                  0001dce5    00000005     balance_tuning.o (.rodata.str1.14000290760835785496.1)
                  0001dcea    00000005     oled_ui.o (.rodata.str1.14059743082376491124.1)
                  0001dcef    00000005     fault.o (.rodata.str1.14435905801345341244.1)
                  0001dcf4    00000005     oled_ui.o (.rodata.str1.1445687256832830955.1)
                  0001dcf9    00000005     oled_ui.o (.rodata.str1.14711868471336838103.1)
                  0001dcfe    00000005     oled_ui.o (.rodata.str1.14740362735394205067.1)
                  0001dd03    00000005     oled_ui.o (.rodata.str1.14774750633985060196.1)
                  0001dd08    00000005     fault.o (.rodata.str1.1506612114648992996.1)
                  0001dd0d    00000005     balance_tuning.o (.rodata.str1.15919845898950636588.1)
                  0001dd12    00000005     oled_ui.o (.rodata.str1.15935041339501476673.1)
                  0001dd17    00000005     balance_tuning.o (.rodata.str1.16068706543213351269.1)
                  0001dd1c    00000005     balance_tuning.o (.rodata.str1.16276113701240659636.1)
                  0001dd21    00000005     menu.o (.rodata.str1.1645282505431347711.1)
                  0001dd26    00000005     oled_ui.o (.rodata.str1.16496169091617228061.1)
                  0001dd2b    00000005     oled_ui.o (.rodata.str1.16895433903389883335.1)
                  0001dd30    00000005     fault.o (.rodata.str1.17097894860660336008.1)
                  0001dd35    00000005     fault.o (.rodata.str1.17155043670132108083.1)
                  0001dd3a    00000005     oled_ui.o (.rodata.str1.17464849429964608858.1)
                  0001dd3f    00000005     balance_tuning.o (.rodata.str1.17549480707308297090.1)
                  0001dd44    00000005     oled_ui.o (.rodata.str1.17678525341650131470.1)
                  0001dd49    00000005     oled_ui.o (.rodata.str1.17719310104486814868.1)
                  0001dd4e    00000005     oled_ui.o (.rodata.str1.17763996158807330232.1)
                  0001dd53    00000005     balance_tuning.o (.rodata.str1.17777434972134067752.1)
                  0001dd58    00000005     oled_ui.o (.rodata.str1.17812014771544466701.1)
                  0001dd5d    00000005     oled_ui.o (.rodata.str1.18190418239766617312.1)
                  0001dd62    00000005     fault.o (.rodata.str1.2104670281202025270.1)
                  0001dd67    00000005     h_task_controller.o (.rodata.str1.2316076610917938976.1)
                  0001dd6c    00000005     oled_ui.o (.rodata.str1.2522137003438374266.1)
                  0001dd71    00000005     balance_tuning.o (.rodata.str1.3025565282533664955.1)
                  0001dd76    00000005     oled_ui.o (.rodata.str1.3247264562726604308.1)
                  0001dd7b    00000005     balance_tuning.o (.rodata.str1.3946804622114928529.1)
                  0001dd80    00000005     oled_ui.o (.rodata.str1.4145722311425911355.1)
                  0001dd85    00000005     oled_ui.o (.rodata.str1.4193589846040060630.1)
                  0001dd8a    00000005     balance_tuning.o (.rodata.str1.4303511908001058520.1)
                  0001dd8f    00000005     fault.o (.rodata.str1.4453281041433270631.1)
                  0001dd94    00000005     h_task_controller.o (.rodata.str1.4521604808130619732.1)
                  0001dd99    00000005     fault.o (.rodata.str1.4549004730087743662.1)
                  0001dd9e    00000005     oled_ui.o (.rodata.str1.4551794666512319153.1)
                  0001dda3    00000005     oled_ui.o (.rodata.str1.4581472623415959594.1)
                  0001dda8    00000005     balance_tuning.o (.rodata.str1.4612574170956397295.1)
                  0001ddad    00000005     menu.o (.rodata.str1.4862307748908978627.1)
                  0001ddb2    00000005     oled_ui.o (.rodata.str1.4932371652560868037.1)
                  0001ddb7    00000005     balance_tuning.o (.rodata.str1.504352846468954294.1)
                  0001ddbc    00000005     balance_tuning.o (.rodata.str1.533910187409029848.1)
                  0001ddc1    00000005     oled_ui.o (.rodata.str1.5806700949489897179.1)
                  0001ddc6    00000005     oled_ui.o (.rodata.str1.583767485161932155.1)
                  0001ddcb    00000005     oled_ui.o (.rodata.str1.5853739094453432564.1)
                  0001ddd0    00000005     oled_ui.o (.rodata.str1.58703915094955230.1)
                  0001ddd5    00000005     oled_ui.o (.rodata.str1.5948326995020184415.1)
                  0001ddda    00000005     h_task_controller.o (.rodata.str1.6223731695138908434.1)
                  0001dddf    00000005     fault.o (.rodata.str1.6372787129294360447.1)
                  0001dde4    00000005     fault.o (.rodata.str1.6437946768974223044.1)
                  0001dde9    00000005     oled_ui.o (.rodata.str1.6806727740681590176.1)
                  0001ddee    00000005     oled_ui.o (.rodata.str1.7058381418100166061.1)
                  0001ddf3    00000005     oled_ui.o (.rodata.str1.7419768602719733415.1)
                  0001ddf8    00000005     fault.o (.rodata.str1.8185770893384132067.1)
                  0001ddfd    00000005     oled_ui.o (.rodata.str1.8236579331345056500.1)
                  0001de02    00000005     oled_ui.o (.rodata.str1.8353780705845994846.1)
                  0001de07    00000005     oled_ui.o (.rodata.str1.8449035241871861290.1)
                  0001de0c    00000005     oled_ui.o (.rodata.str1.8471462185882660445.1)
                  0001de11    00000005     oled_ui.o (.rodata.str1.8615431116298670950.1)
                  0001de16    00000005     oled_ui.o (.rodata.str1.8693388333057100694.1)
                  0001de1b    00000005     menu.o (.rodata.str1.8935930992971773687.1)
                  0001de20    00000005     oled_ui.o (.rodata.str1.9044019526854345694.1)
                  0001de25    00000005     oled_ui.o (.rodata.str1.9159586779647977165.1)
                  0001de2a    00000005     oled_ui.o (.rodata.str1.9229350655415085.1)
                  0001de2f    00000005     h_task_controller.o (.rodata.str1.9476182539875367558.1)
                  0001de34    00000005     balance_tuning.o (.rodata.str1.9478990218017967919.1)
                  0001de39    00000005     oled_ui.o (.rodata.str1.9554470707595806150.1)
                  0001de3e    00000005     oled_ui.o (.rodata.str1.9584387800903135389.1)
                  0001de43    00000005     oled_ui.o (.rodata.str1.9822857334037886482.1)
                  0001de48    00000004     oled_ui.o (.rodata.str1.10163600690795753232.1)
                  0001de4c    00000004     oled_ui.o (.rodata.str1.10416366799939242409.1)
                  0001de50    00000004     oled_ui.o (.rodata.str1.10418495993736659646.1)
                  0001de54    00000004     oled_ui.o (.rodata.str1.10430294223631918979.1)
                  0001de58    00000004     balance_tuning.o (.rodata.str1.10719393435742183532.1)
                  0001de5c    00000004     oled_ui.o (.rodata.str1.11049990970699464748.1)
                  0001de60    00000004     oled_ui.o (.rodata.str1.11149198520117834688.1)
                  0001de64    00000004     oled_ui.o (.rodata.str1.11385560076888697311.1)
                  0001de68    00000004     oled_ui.o (.rodata.str1.12359577037488465078.1)
                  0001de6c    00000004     oled_ui.o (.rodata.str1.12447783896598192203.1)
                  0001de70    00000004     menu.o (.rodata.str1.12621154128155039063.1)
                  0001de74    00000004     oled_ui.o (.rodata.str1.12697925274637991987.1)
                  0001de78    00000004     h_task_controller.o (.rodata.str1.13154793040940860060.1)
                  0001de7c    00000004     oled_ui.o (.rodata.str1.13271657277589579873.1)
                  0001de80    00000004     oled_ui.o (.rodata.str1.13567883086814673087.1)
                  0001de84    00000004     fault.o (.rodata.str1.13582094816268305212.1)
                  0001de88    00000004     h_task_controller.o (.rodata.str1.13677751924825772483.1)
                  0001de8c    00000004     oled_ui.o (.rodata.str1.14134189893851348960.1)
                  0001de90    00000004     oled_ui.o (.rodata.str1.14168333168339663346.1)
                  0001de94    00000004     oled_ui.o (.rodata.str1.14358698208395374265.1)
                  0001de98    00000004     oled_ui.o (.rodata.str1.14521350379984854626.1)
                  0001de9c    00000004     oled_ui.o (.rodata.str1.14675223611663555778.1)
                  0001dea0    00000004     oled_ui.o (.rodata.str1.14705090427839013503.1)
                  0001dea4    00000004     oled_ui.o (.rodata.str1.14748562464132904299.1)
                  0001dea8    00000004     h_task_controller.o (.rodata.str1.15447513579622963267.1)
                  0001deac    00000004     oled_ui.o (.rodata.str1.15575624326185233262.1)
                  0001deb0    00000004     oled_ui.o (.rodata.str1.15577080202403550426.1)
                  0001deb4    00000004     oled_ui.o (.rodata.str1.15829239520183577662.1)
                  0001deb8    00000004     oled_ui.o (.rodata.str1.16290499236105125126.1)
                  0001debc    00000004     menu.o (.rodata.str1.16312125044762562515.1)
                  0001dec0    00000004     oled_ui.o (.rodata.str1.16411631209783952401.1)
                  0001dec4    00000004     fault.o (.rodata.str1.16482347271627360806.1)
                  0001dec8    00000004     oled_ui.o (.rodata.str1.16526439943277383452.1)
                  0001decc    00000004     oled_ui.o (.rodata.str1.16554583589798097927.1)
                  0001ded0    00000004     oled_ui.o (.rodata.str1.16849766574302683489.1)
                  0001ded4    00000004     menu.o (.rodata.str1.17041139162815566052.1)
                  0001ded8    00000004     oled_ui.o (.rodata.str1.17067061841413117831.1)
                  0001dedc    00000004     oled_ui.o (.rodata.str1.17242430504649735449.1)
                  0001dee0    00000004     oled_ui.o (.rodata.str1.17717236995185551183.1)
                  0001dee4    00000004     oled_ui.o (.rodata.str1.17747339173178619492.1)
                  0001dee8    00000004     oled_ui.o (.rodata.str1.17881291656140238186.1)
                  0001deec    00000004     oled_ui.o (.rodata.str1.18128648927899109887.1)
                  0001def0    00000004     menu.o (.rodata.str1.1955320522770775823.1)
                  0001def4    00000004     oled_ui.o (.rodata.str1.2002540315216928218.1)
                  0001def8    00000004     balance_tuning.o (.rodata.str1.212598471458399308.1)
                  0001defc    00000004     oled_ui.o (.rodata.str1.2308938766145545715.1)
                  0001df00    00000004     balance_tuning.o (.rodata.str1.2518525128920481353.1)
                  0001df04    00000004     oled_ui.o (.rodata.str1.2714695401222167146.1)
                  0001df08    00000004     oled_ui.o (.rodata.str1.3025253791635144717.1)
                  0001df0c    00000004     balance_tuning.o (.rodata.str1.3044366246123777871.1)
                  0001df10    00000004     oled_ui.o (.rodata.str1.344790106308886506.1)
                  0001df14    00000004     oled_ui.o (.rodata.str1.3467953211977455017.1)
                  0001df18    00000004     balance_tuning.o (.rodata.str1.3496791163923278892.1)
                  0001df1c    00000004     oled_ui.o (.rodata.str1.4082595774073207366.1)
                  0001df20    00000004     oled_ui.o (.rodata.str1.4333660085836505987.1)
                  0001df24    00000004     oled_ui.o (.rodata.str1.4581686099848791648.1)
                  0001df28    00000004     oled_ui.o (.rodata.str1.4610220316623841660.1)
                  0001df2c    00000004     menu.o (.rodata.str1.4646809750356241979.1)
                  0001df30    00000004     menu.o (.rodata.str1.5102509094067202407.1)
                  0001df34    00000004     menu.o (.rodata.str1.5155000645726596423.1)
                  0001df38    00000004     balance_tuning.o (.rodata.str1.5425032234050588950.1)
                  0001df3c    00000004     oled_ui.o (.rodata.str1.5689016102676777062.1)
                  0001df40    00000004     balance_tuning.o (.rodata.str1.5712957265389193314.1)
                  0001df44    00000004     oled_ui.o (.rodata.str1.5965888106848176421.1)
                  0001df48    00000004     oled_ui.o (.rodata.str1.6350830172869379626.1)
                  0001df4c    00000004     balance_tuning.o (.rodata.str1.6600389014628918663.1)
                  0001df50    00000004     menu.o (.rodata.str1.6617442809723977961.1)
                  0001df54    00000004     oled_ui.o (.rodata.str1.6765272904519285768.1)
                  0001df58    00000004     oled_ui.o (.rodata.str1.6835749436006845616.1)
                  0001df5c    00000004     oled_ui.o (.rodata.str1.6954814719705590448.1)
                  0001df60    00000004     oled_ui.o (.rodata.str1.7047564630061872329.1)
                  0001df64    00000004     oled_ui.o (.rodata.str1.7185587941321649510.1)
                  0001df68    00000004     oled_ui.o (.rodata.str1.7205245123442117851.1)
                  0001df6c    00000004     oled_ui.o (.rodata.str1.7219546930854689545.1)
                  0001df70    00000004     fault.o (.rodata.str1.7255546073596598018.1)
                  0001df74    00000004     oled_ui.o (.rodata.str1.7481335054564682966.1)
                  0001df78    00000004     oled_ui.o (.rodata.str1.763101100280173925.1)
                  0001df7c    00000004     oled_ui.o (.rodata.str1.7995683487334987046.1)
                  0001df80    00000004     oled_ui.o (.rodata.str1.799718701096035713.1)
                  0001df84    00000004     oled_ui.o (.rodata.str1.8018480777946742726.1)
                  0001df88    00000004     oled_ui.o (.rodata.str1.8403269972884532600.1)
                  0001df8c    00000004     oled_ui.o (.rodata.str1.8426569189266129334.1)
                  0001df90    00000004     oled_ui.o (.rodata.str1.8460525935980491721.1)
                  0001df94    00000004     oled_ui.o (.rodata.str1.8950259614286592359.1)
                  0001df98    00000004     oled_ui.o (.rodata.str1.9102528229756940648.1)
                  0001df9c    00000004     oled_ui.o (.rodata.str1.9295666102996717355.1)
                  0001dfa0    00000004     menu.o (.rodata.str1.9335743632997171283.1)
                  0001dfa4    00000004     oled_ui.o (.rodata.str1.9544068167406571052.1)
                  0001dfa8    00000004     menu.o (.rodata.str1.9546740394641817443.1)
                  0001dfac    00000004     oled_ui.o (.rodata.str1.9611283282870761829.1)
                  0001dfb0    00000003     oled_ui.o (.rodata.str1.10767072398481191905.1)
                  0001dfb3    00000003     oled_ui.o (.rodata.str1.10907125332684471422.1)
                  0001dfb6    00000003     oled_ui.o (.rodata.str1.11044102588127922728.1)
                  0001dfb9    00000003     balance_tuning.o (.rodata.str1.11278905947013221575.1)
                  0001dfbc    00000003     balance_tuning.o (.rodata.str1.11637300377853929957.1)
                  0001dfbf    00000003     oled_ui.o (.rodata.str1.12504350857748951577.1)
                  0001dfc2    00000003     balance_tuning.o (.rodata.str1.12635714987897210726.1)
                  0001dfc5    00000003     balance_tuning.o (.rodata.str1.12734032557881089407.1)
                  0001dfc8    00000003     menu.o (.rodata.str1.13124720451672825294.1)
                  0001dfcb    00000003     oled_ui.o (.rodata.str1.13882251010780863896.1)
                  0001dfce    00000003     balance_tuning.o (.rodata.str1.13887619254000044375.1)
                  0001dfd1    00000003     menu.o (.rodata.str1.14098755746347272832.1)
                  0001dfd4    00000003     oled_ui.o (.rodata.str1.14142815821055334776.1)
                  0001dfd7    00000003     oled_ui.o (.rodata.str1.14265077442249237877.1)
                  0001dfda    00000003     balance_tuning.o (.rodata.str1.14528236570236992956.1)
                  0001dfdd    00000003     oled_ui.o (.rodata.str1.15008238333949226094.1)
                  0001dfe0    00000003     menu.o (.rodata.str1.15382373691547772653.1)
                  0001dfe3    00000003     oled_ui.o (.rodata.str1.16133855533230012141.1)
                  0001dfe6    00000003     balance_tuning.o (.rodata.str1.16296215605590053309.1)
                  0001dfe9    00000003     balance_tuning.o (.rodata.str1.16547832629819082202.1)
                  0001dfec    00000003     oled_ui.o (.rodata.str1.16583701629962107131.1)
                  0001dfef    00000003     oled_ui.o (.rodata.str1.16939060351352778619.1)
                  0001dff2    00000003     oled_ui.o (.rodata.str1.17763087492223448992.1)
                  0001dff5    00000003     oled_ui.o (.rodata.str1.17884296644359297425.1)
                  0001dff8    00000003     oled_ui.o (.rodata.str1.18379317056176403938.1)
                  0001dffb    00000003     balance_tuning.o (.rodata.str1.2615500520006570324.1)
                  0001dffe    00000003     oled_ui.o (.rodata.str1.2983744876309220570.1)
                  0001e001    00000003     oled_ui.o (.rodata.str1.4582914374586912483.1)
                  0001e004    00000003     balance_tuning.o (.rodata.str1.4682479169720033769.1)
[...]
0001964f  UART1_IRQHandler                                     
00019651  BalanceSoftLimits_AbortCalibration                   
00019791  ObstacleMonitor_Update_20ms                          
0001982d  memcpy                                               
000198c7  ObstacleAvoidance_Update_20ms                        
000198c9  BalancePositionControl_ResetFault                    
00019961  BalanceSoftLimits_CancelRecalibration                
000199f9  CarController_ResetTransientState                    
00019b29  CarController_StartTurnToYawRelative                 
00019c51  BalanceTuning_Init                                   
00019ce1  SYSCFG_DL_UART_VISION_init                           
00019d71  MotionAction_RefreshFollowLineTuning                 
00019dfd  SYSCFG_DL_PWM_MOTOR_init                             
00019e89  SYSCFG_DL_UART_BALANCE_TUNING_init                   
00019f15  __aeabi_fmul                                         
00019f15  __mulsf3                                             
0001a02d  BalanceSoftLimits_Enforce100usFromIsr                
0001a0b5  BalanceEncoder_GetCountAtomic                        
0001a0c1  strcmp                                               
0001a149  App_Init                                             
0001a1cd  CarController_SetSafetyHold                          
0001a251  GimbalStepper_ConfirmZero                            
0001a2d5  LineController_SetProfileOverride                    
0001a359  Motor_Init                                           
0001a461  __aeabi_fdiv                                         
0001a461  __divsf3                                             
0001a4e3  TrackSensor_Init                                     
0001a4e5  BalanceBallControl_SetTransferAssist                 
0001a565  BalancePositionControl_Init                          
0001a5e5  CarController_StartDriveHeading                      
0001a665  Motor_Stop                                           
0001a6e5  UART3_IRQHandler                                     
0001a765  MissionManager_Pause                                 
0001a7e1  OledUi_ShowBootStatus                                
0001a85d  __TI_decompress_lzss                                 
0001aa39  GimbalStepper_Release                                
0001aaa9  HTaskController_SetChassisTuning                     
0001abf9  TrackSensor_DetectTurn                               
0001ac67  VisionUart_Process                                   
0001acd5  MissionManager_GetSelectedMissionIndex               
0001ad3d  MotorControl_SetFeedforwardOverride                  
0001ae0d  TrackSensor_GetErrorFromRaw                          
0001ae73  __aeabi_idiv0                                        
0001ae75  BalanceSoftLimits_ResetPositionFault                 
0001aed9  BalanceSoftLimits_StartCalibrationJogSteps           
0001af3d  MissionManager_Start                                 
0001afa1  App_ResetToReady                                     
0001b003  __aeabi_ldiv0                                        
0001b005  __aeabi_fcmpeq                                       
0001b019  __aeabi_fcmplt                                       
0001b02d  __aeabi_fcmple                                       
0001b041  __aeabi_fcmpge                                       
0001b055  __aeabi_fcmpgt                                       
0001b067  memset                                               
0001b0c9  UART2_IRQHandler                                     
0001b129  __aeabi_f2lz                                         
0001b129  __fixsfdi                                            
0001b1e9  Ultrasonic_Update_20ms                               
0001b245  VisionReceiver_Init                                  
0001b411  BalanceEncoder_Init                                  
0001b469  CarController_StartFollowLineAtCommand               
0001b4c1  MissionManager_Init                                  
0001b519  MissionManager_Reset                                 
0001b571  OLED_PrintChar                                       
0001b679  __aeabi_idiv                                         
0001b679  __aeabi_idivmod                                      
0001b6d1  BalanceSoftLimits_BeginFullCalibrationAtCurrentAsZero
0001b725  CarController_Stop                                   
0001b779  TrackSensor_ReadRaw                                  
0001b7cd  WatchdogMonitor_ApplyFaultIfNeeded                   
0001b821  BalancePositionControl_SetTrackingTarget             
0001b871  BalanceSoftLimits_GetSnapshot                        
0001b8c1  Ultrasonic_Init                                      
0001b911  WatchdogMonitor_Tick1msFromIsr                       
0001b961  __aeabi_l2f                                          
0001b961  __floatdisf                                          
0001b9b1  CarController_StartFollowLine                        
0001b9fd  MissionManager_Cancel                                
0001ba49  MotorControl_Stop                                    
0001ba95  copy_in                                              
0001bb2d  __TI_auto_init_nopinit                               
0001bb79  BalanceBallControl_ResetConfig                       
0001bbc1  CarController_ResumeFollowLine                       
0001bc09  DL_UART_init                                         
0001bc51  SYSCFG_DL_initPower                                  
0001bce1  BalanceTuning_AbortCalibrationSession                
0001bd25  EmergencyStop_Reset                                  
0001bd69  Encoder_GetAndClearPulseDeltas                       
0001bdad  Imu_ResetYaw                                         
0001bdf1  Servo_Tick100us                                      
0001be35  BalanceEncoder_GetSnapshot                           
0001be75  BalanceSoftLimits_StopMotion                         
0001beb5  Fault_Raise                                          
0001bef5  SYSCFG_DL_SYSCTL_init                                
0001bf35  VisionReceiver_PushByteFromIsr                       
0001bf75  VisionUart_Init                                      
0001bfb5  __aeabi_uidiv                                        
0001bfb5  __aeabi_uidivmod                                     
0001c075  __divmoddi4                                          
0001c0b5  BalancePositionControl_Cancel                        
0001c0f1  MissionManager_Resume                                
0001c12d  MotorControl_Init                                    
0001c169  Servo_SetAngleDeg                                    
0001c1a5  __aeabi_i2f                                          
0001c1a5  __floatsisf                                          
0001c1e1  __gesf2                                              
0001c1e1  __gtsf2                                              
0001c259  __cmpsf2                                             
0001c259  __eqsf2                                              
0001c259  __lesf2                                              
0001c259  __ltsf2                                              
0001c259  __nesf2                                              
0001c295  __muldsi3                                            
0001c2d1  BalanceBallControl_ForceStop                         
0001c309  BalanceBallControl_SetTargetMm                       
0001c341  EmergencyStop_Trigger                                
0001c379  MotionAction_Cancel                                  
0001c3b1  __aeabi_f2iz                                         
0001c3b1  __fixsfsi                                            
0001c3e9  BalancePositionControl_SetTrackingThresholds         
0001c41d  Imu_IsReady                                          
0001c4b9  OLED_PrintString                                     
0001c4ed  Key_Init                                             
0001c51d  LineController_ObserveSensors                        
0001c54d  WatchdogMonitor_Init                                 
0001c57d  WatchdogMonitor_Reset                                
0001c5ad  BalancePositionControl_StartTracking                 
0001c5d9  CarController_SetFollowLineBaseCommand               
0001c605  Encoder_Reset                                        
0001c631  MotionAction_Init                                    
0001c65d  TrackSensor_CountBlack                               
0001c689  BalanceBallControl_SetAngleFeedforwardCount          
0001c6b1  BalanceSoftLimits_CancelTravelTest                   
0001c6d9  DL_FlashCTL_programMemoryFromRAM64WithECCGenerated   
0001c711  EmergencyStop_Enforce                                
0001c739  HTaskController_Init                                 
0001c761  HTaskController_RequestNormalStop                    
0001c789  Magnet_ForceOff                                      
0001c7b1  SYSCFG_DL_init                                       
0001c7d9  Servo_Init                                           
0001c801  __aeabi_ui2f                                         
0001c801  __floatunsisf                                        
0001c829  _c_int00_noargs                                      
0001c851  BalanceEncoder_SampleSpeed10msFromIsr                
0001c875  BalancePositionControl_GetSnapshot                   
0001c899  BalanceSoftLimits_CancelOscillationTest              
0001c8bd  GimbalStepper_GetFeedbackSnapshot                    
0001c8e1  HTaskController_VehicleToString                      
0001c905  LineController_ClearProfileOverride                  
0001c929  Menu_Init                                            
0001c94d  MissionManager_ReportExternalFailure                 
0001c971  MotorControl_Reset                                   
0001c995  OLED_ClearBuffer                                     
0001c9b9  __aeabi_lmul                                         
0001c9b9  __muldi3                                             
0001c9dd  DL_Timer_overrideCCPOut                              
0001c9fd  DebugTelemetry_Update                                
0001ca1d  GROUP1_IRQHandler                                    
0001ca3d  Magnet_Init                                          
0001ca5d  OLED_SetCursor                                       
0001ca7d  SchedulerMonitor_GetStats                            
0001ca9d  VisionReceiver_GetProtocolErrorCount                 
0001cabd  memcmp                                               
0001cafd  __aeabi_llsl                                         
0001cafd  __ashldi3                                            
0001cb1d  BalanceBallControl_Disable                           
0001cb39  BalanceBallControl_GetConfig                         
0001cb55  DL_Timer_setCaptCompUpdateMethod                     
0001cb71  DL_Timer_setClockConfig                              
0001cb8d  HTaskController_GetSnapshot                          
0001cba9  HTaskController_IsActive                             
0001cbc5  HTaskController_StateToString                        
0001cbe1  HeadingControl_SetTargetYaw                          
0001cbfd  MotorControl_ClearFeedforwardOverride                
0001cc19  ObstacleMonitor_Init                                 
0001cc35  ObstacleSafety_Init                                  
0001cc51  WatchdogMonitor_NotifyControlCycleComplete           
0001cc89  DL_FlashCTL_eraseMemoryFromRAM                       
0001cca1  DL_Timer_setCaptureCompareOutCtl                     
0001ccb9  DebugTelemetry_Init                                  
0001ccd1  HeadingControl_Init                                  
0001cce9  HeadingControl_Reset                                 
0001cd01  Menu_ParamItemToString                               
0001cd19  MissionLibrary_FindById                              
0001cd31  ObstacleAvoidance_Init                               
0001cd49  RuntimeSnapshot_Init                                 
0001cd61  __aeabi_fcmpun                                       
0001cd61  __unordsf2                                           
0001cd79  BalanceBallControl_GetSnapshot                       
0001cd8d  Fault_Clear                                          
0001cda1  Fault_Init                                           
0001cdb5  GimbalStepper_SetStepHalfPeriodTicks                 
0001cdc9  HTaskController_GetChassisTuning                     
0001cddd  HeadingControl_Enable                                
0001cdf1  MissionLibrary_GetByIndex                            
0001ce05  MissionManager_GetSelectedMissionId                  
0001ce19  __aeabi_ldivmod                                      
0001ce2d  __aeabi_uldivmod                                     
0001ce41  DL_UART_setClockConfig                               
0001ce53  __TI_decompress_none                                 
0001ce65  BalancePositionControl_HasFault                      
0001ce75  DL_Timer_setCaptureCompareValue                      
0001ce85  Gimbal_YawGetFeedback                                
0001ce95  HTaskController_HasFault                             
0001cea5  Key_GetEvent                                         
0001ceb5  VisionReceiver_RecordUartBreakErrorFromIsr           
0001cec5  VisionReceiver_RecordUartFramingErrorFromIsr         
0001ced5  VisionReceiver_RecordUartOverrunFromIsr              
0001cee5  VisionReceiver_RecordUartParityErrorFromIsr          
0001cef5  __TI_zero_init                                       
0001cf05  BalancePositionControl_IsBusy                        
0001cf11  BalanceSoftLimits_CancelCalibrationJog               
0001cf1d  BalanceSoftLimits_IsCalibrationActive                
0001cf29  BalanceSoftLimits_IsOscillationTestActive            
0001cf35  BalanceSoftLimits_IsTravelTestActive                 
0001cf41  CarController_GetRunMode                             
0001cf4d  CarController_Init                                   
0001cf59  CarController_IsSafetyHoldActive                     
0001cf65  CarState_Get                                         
0001cf71  CarState_Init                                        
0001cf7d  CarState_Set                                         
0001cf89  EmergencyStop_Init                                   
0001cf95  EmergencyStop_IsActive                               
0001cfa1  Imu_GetCorrectedGyroZDps                             
0001cfad  Imu_GetYaw                                           
0001cfb9  Menu_GetPage                                         
0001cfc5  Menu_GetParamItem                                    
0001cfd1  MissionManager_IsExternallyHeld                      
0001cfdd  MissionManager_SetExternalHold                       
0001cfe9  ObstacleAvoidance_IsActive                           
0001cff5  ObstacleAvoidance_IsFailed                           
0001d001  ObstacleSafety_IsHolding                             
0001d00d  SystemTime_GetMs                                     
0001d019  WatchdogMonitor_HasTripped                           
0001d025  __aeabi_memclr                                       
0001d025  __aeabi_memclr4                                      
0001d025  __aeabi_memclr8                                      
0001d031  DL_Common_delayCycles                                
0001d03b  MotionAction_Resume                                  
0001d045  MotionAction_Start                                   
0001d04f  TrackSensor_IsCenterDetected                         
0001d059  TrackSensor_IsLineDetected                           
0001d063  TrackSensor_IsLineLost                               
0001d06d  BalanceSoftLimits_CancelPositionMove                 
0001d075  BalanceSoftLimits_IsPositionMoveActive               
0001d07d  BluetoothUart_GetRuntime                             
0001d085  CarController_GetFeedback                            
0001d08d  Fault_GetRecord                                      
0001d095  GimbalStepper_GetFeedback                            
0001d09d  HeadingControl_GetRuntime                            
0001d0a5  Imu_GetRuntime                                       
0001d0ad  LineController_GetRuntime                            
0001d0b5  MissionManager_GetMissionCount                       
0001d0bd  MissionManager_GetRuntime                            
0001d0c5  MotionAction_GetRuntime                              
0001d0cd  MotorControl_GetRuntime                              
0001d0d5  ObstacleAvoidance_GetFeedback                        
0001d0dd  ObstacleMonitor_GetFeedback                          
0001d0e5  OledUi_Init                                          
0001d0ed  RuntimeSnapshot_Get                                  
0001d0f5  Servo_GetFeedback                                    
0001d0fd  Ultrasonic_GetFeedback                               
0001d105  VisionReceiver_GetBallPositionObservation            
0001d10d  VisionReceiver_GetStatus                             
0001d115  VisionTuningConsole_GetStatus                        
0001d11d  WatchdogMonitor_GetStatus                            
0001d125  WheelSpeedEstimator_GetRuntime                       
0001d12d  __aeabi_memcpy                                       
0001d12d  __aeabi_memcpy4                                      
0001d12d  __aeabi_memcpy8                                      
0001d135  abort                                                
0001d13a  C$$EXIT                                              
0001d13b  HOSTexit                                             
0001d13f  MissionLibrary_GetCount                              
0001d143  ObstacleAvoidance_IsResumeGraceActive                
0001d147  Reset_Handler                                        
0001d15d  _system_pre_init                                     
0001e0a0  __TI_Handler_Table_Base                              
0001e0ac  __TI_Handler_Table_Limit                             
0001e0bc  __TI_CINIT_Base                                      
0001e0cc  __TI_CINIT_Limit                                     
0001e0cc  __TI_CINIT_Warm                                      
0001e0d0  __TI_table_binit                                     
0001e0d0  __binit__                                            
0001e0d0  binit                                                
0001fc00  g_balanceCalibrationReservedSector                   
20200000  __start___llvm_prf_bits                              
20200000  __start___llvm_prf_cnts                              
20200000  __stop___llvm_prf_bits                               
20200000  __stop___llvm_prf_cnts                               
20200fd0  g_appConfig                                          
202011e0  g_imuRuntime                                         
202013c4  g_appRuntime                                         
202014f0  g_wheelSpeedEstimatorRuntime                         
202016a8  gUART_VISIONBackup                                   
20201848  g_headingRuntime                                     
20201a60  g_trackError                                         
20201aa2  g_carStateDebug                                      
20201aa3  g_keyEvent                                           
20201aa4  g_oledPageDebug                                      
20201aa5  g_paramItemDebug                                     
20201aa6  g_trackBlackCount                                    
20201aa7  g_trackModeDebug                                     
20201aa8  g_trackRaw                                           
20201aa9  g_trackTurnDebug                                     
20207e00  __stack                                              
20208000  __STACK_END                                          
ffffffff  __TI_pprof_out_hndl                                  
ffffffff  __TI_prof_data_size                                  
ffffffff  __TI_prof_data_start                                 
UNDEFED   __mpu_init                                           
UNDEFED   _system_post_cinit                                   

[425 symbols]
