******************************************************************************
            TI ARM Clang Linker PC v4.0.4                      
******************************************************************************
>> Linked Sat Aug  1 05:14:17 2026

OUTPUT FILE NAME:   <diansaikaishi.out>
ENTRY POINT SYMBOL: "_c_int00_noargs"  address: 00016eb1


MEMORY CONFIGURATION

         name            origin    length      used     unused   attr    fill
----------------------  --------  ---------  --------  --------  ----  --------
  FLASH                 00000000   00020000  00018778  00007888  R  X
  SRAM                  20200000   00008000  00001bc3  0000643d  RW X
  BCR_CONFIG            41c00000   000000ff  00000000  000000ff  R   
  BSL_CONFIG            41c00100   00000080  00000000  00000080  R   


SEGMENT ALLOCATION MAP

run origin  load origin   length   init length attrs members
----------  ----------- ---------- ----------- ----- -------
00000000    00000000    000182d8   000182d8    r-x
  00000000    00000000    000000c0   000000c0    r-- .intvecs
  000000c0    000000c0    00017690   00017690    r-x .text
  00017750    00017750    00000b88   00000b88    r-- .rodata
00018338    00018338    00000040   00000040    r--
  00018338    00018338    00000030   00000030    r-- .cinit
  00018368    00018368    00000010   00000010    r-- .binit
0001fc00    0001fc00    00000400   00000400    r--
  0001fc00    0001fc00    00000400   00000400    r-- .TI.bound:g_balanceCalibrationReservedSector
20200000    20200000    00001963   00000000    rw-
  20200000    20200000    00001962   00000000    rw- .bss
  20201962    20201962    00000001   00000000    rw- .data
20201968    000182d8    00000060   00000060    r-x
  20201968    000182d8    00000060   00000060    r-x .TI.ramfunc
20207e00    20207e00    00000200   00000000    rw-
  20207e00    20207e00    00000200   00000000    rw- .stack


SECTION ALLOCATION MAP

 output                                  attributes/
section   page    origin      length       input sections
--------  ----  ----------  ----------   ----------------
.intvecs   0    00000000    000000c0     
                  00000000    000000c0     startup_mspm0g350x_ticlang.o (.intvecs)

.text      0    000000c0    00017690     
                  000000c0    00001700     oled_ui.o (.text.print_balance_stepper_test_page)
                  000017c0    00001030     balance_tuning.o (.text.send_debug_receiver)
                  000027f0    00000f60     balance_tuning.o (.text.send_debug_controller)
                  00003750    00000d34     balance_tuning.o (.text.send_debug_filter)
                  00004484    00000ad8     oled_ui.o (.text.print_imu_counters_page)
                  00004f5c    00000ac4     balance_tuning.o (.text.send_debug_position_fault)
                  00005a20    00000884     balance_tuning.o (.text.send_debug_axis)
                  000062a4    00000834     balance_tuning.o (.text.send_config)
                  00006ad8    00000820     balance_tuning.o (.text.send_debug_limit)
                  000072f8    000007ec     oled_ui.o (.text.print_balance_vision_page)
                  00007ae4    0000064c     app_config.o (.text.AppConfig_LimitAll)
                  00008130    000005b8     balance_tuning.o (.text.consume_rx_byte)
                  000086e8    000005ac     imu.o (.text.Imu_CalibrateGyroBias)
                  00008c94    00000524     line_controller.o (.text.LineController_Update)
                  000091b8    000004bc     oled_ui.o (.text.print_encoder_page)
                  00009674    0000049c     runtime_snapshot.o (.text.RuntimeSnapshot_Update)
                  00009b10    00000478     oled_ui.o (.text.print_sensor_page)
                  00009f88    00000474     balance_ball_control.o (.text.BalanceBallControl_Update20ms)
                  0000a3fc    00000460     balance_tuning.o (.text.BalanceTuning_Update20ms)
                  0000a85c    0000044c     motor_control.o (.text.update_wheel)
                  0000aca8    00000424     wheel_speed_estimator.o (.text.WheelSpeedEstimator_Update)
                  0000b0cc    000003f4     vision_protocol.o (.text.VisionProtocol_ParseBallAsciiLine)
                  0000b4c0    000003e0     balance_position_control.o (.text.BalancePositionControl_Update20ms)
                  0000b8a0    000003e0     imu.o (.text.Imu_Update)
                  0000bc80    000003c4     oled_ui.o (.text.print_motor_control_detail_page)
                  0000c044    00000380     imu.o (.text.Imu_Init)
                  0000c3c4    0000037c     oled_ui.o (.text.print_heading_page)
                  0000c740    00000370     gimbal.o (.text.gimbal_update_feedback)
                  0000cab0    0000033c     oled_ui.o (.text.print_drive_distance_page)
                  0000cdec    00000324     oled_ui.o (.text.print_imu_detail_page)
                  0000d110    00000314     menu.o (.text.Menu_HandleKeyEvent)
                  0000d424    00000300     oled_ui.o (.text.print_motor_control_page)
                  0000d724    000002f0     imu.o (.text.mpu6050_read_regs)
                  0000da14    000002cc     car_controller.o (.text.handle_drive_distance)
                  0000dce0    000002b0     motion_action.o (.text.MotionAction_Update_20ms)
                  0000df90    00000290     balance_calibration_store.o (.text.BalanceCalibrationStore_Save)
                  0000e220    0000028c     motor_control.o (.text.MotorControl_Update)
                  0000e4ac    0000026c     balance_soft_limits.o (.text.BalanceSoftLimits_Update20ms)
                  0000e718    00000268     car_controller.o (.text.handle_turn_to_yaw)
                  0000e980    00000250     menu.o (.text.menu_adjust_param)
                  0000ebd0    00000248     vision_receiver.o (.text.VisionReceiver_Process)
                  0000ee18    00000220     app_config.o (.text.AppConfig_InitDefault)
                  0000f038    00000220     motion_action.o (.text.motion_action_start_internal)
                  0000f258    0000021c     balance_tuning.o (.text.BalanceTuning_Process)
                  0000f474    00000204     motor.o (.text.Motor_SetSpeed)
                  0000f678    00000200     balance_tuning.o (.text.apply_parameter)
                  0000f878    000001f0     oled_ui.o (.text.print_param_page)
                  0000fa68    000001e8     motor_control.o (.text.config_is_valid)
                  0000fc50    000001e4     mission_library.o (.text.MissionLibrary_Validate)
                  0000fe34    000001cc     imu.o (.text.imu_i2c_write_byte)
                  00010000    000001cc     oled_ui.o (.text.print_status_page)
                  000101cc    000001b8     oled.o (.text.oled_i2c_write_byte)
                  00010384    000001a8     app.o (.text.App_Update_20ms)
                  0001052c    000001a0     ultrasonic.o (.text.Ultrasonic_Tick100us)
                  000106cc    0000019c     car_controller.o (.text.CarController_StartDriveDistanceAtYaw)
                  00010868    00000194     gimbal_stepper.o (.text.GimbalStepper_Tick100us)
                  000109fc    00000190     car_controller.o (.text.CarController_Update_20ms)
                  00010b8c    00000188     oled_ui.o (.text.print_imu_page)
                  00010d14    00000174     key.o (.text.Key_Update_20ms)
                  00010e88    00000170     oled.o (.text.OLED_FlushPage)
                  00010ff8    0000016c     oled.o (.text.OLED_PrintInt16)
                  00011164    0000016c     balance_tuning.o (.text.parse_x100)
                  000112d0    00000160     oled_ui.o (.text.print_balance_limit_value)
                  00011430    0000015c     oled_ui.o (.text.print_signed_total_tail)
                  0001158c    00000150     vision_protocol.o (.text.parse_decimal_x1000)
                  000116dc    0000014c     balance_position_control.o (.text.BalancePositionControl_Start)
                  00011828    0000014c     balance_soft_limits.o (.text.BalanceSoftLimits_CaptureCurrentStage)
                  00011974    00000140     balance_calibration_store.o (.text.BalanceCalibrationStore_Load)
                  00011ab4    0000013c     vision_receiver.o (.text.accept_packet)
                  00011bf0    0000013c     oled_ui.o (.text.print_balance_vision_rx_debug_page)
                  00011d2c    0000012c     imu.o (.text.imu_i2c_recover_bus)
                  00011e58    0000012c     oled_ui.o (.text.print_uint64_decimal)
                  00011f84    00000128     line_controller.o (.text.LineController_Reset)
                  000120ac    00000128     mission_manager.o (.text.MissionManager_Update_20ms)
                  000121d4    00000124     oled.o (.text.OLED_Init)
                  000122f8    00000120     oled_ui.o (.text.print_bluetooth_page)
                  00012418    0000011c     car_controller.o (.text.handle_drive_heading)
                  00012534    00000118     oled_ui.o (.text.print_obstacle_page)
                  0001264c    00000114     car_controller.o (.text.handle_follow_line)
                  00012760    0000010c     balance_soft_limits.o (.text.BalanceSoftLimits_BeginAtCurrentAsZero)
                  0001286c    0000010c     line_controller.o (.text.LineController_ResetControlState)
                  00012978    00000104     driverlib.a : dl_timer.o (.text.DL_Timer_initFourCCPWMMode)
                  00012a7c    00000104     line_controller.o (.text.LineController_Init)
                  00012b80    00000104     ti_msp_dl_config.o (.text.SYSCFG_DL_GPIO_init)
                  00012c84    00000104     balance_tuning.o (.text.send_text)
                  00012d88    00000100     motor_control.o (.text.MotorControl_SetNormalizedTarget)
                  00012e88    000000fc     mission_manager.o (.text.MissionManager_SelectNext)
                  00012f84    000000f8     vision_uart.o (.text.VisionUart_Process)
                  0001307c    000000ec     heading_control.o (.text.HeadingControl_Update)
                  00013168    000000ec     empty.o (.text.main)
                  00013254    000000e8     balance_soft_limits.o (.text.BalanceSoftLimits_StartRelativePositionMoveSteps)
                  0001333c    000000e8     mission_manager.o (.text.MissionManager_SelectPrevious)
                  00013424    000000e8     obstacle_safety.o (.text.ObstacleSafety_Update_20ms)
                  0001350c    000000e0     wheel_speed_estimator.o (.text.WheelSpeedEstimator_Init)
                  000135ec    000000d8     driverlib.a : dl_flashctl.o (.text.DL_FlashCTL_unprotectSector)
                  000136c4    000000d8     oled.o (.text.OLED_PrintUInt16)
                  0001379c    000000d8     balance_ball_control.o (.text.return_toward_zero)
                  00013874    000000d8     libclang_rt.builtins.a : addsf3.S.obj (.text)
                  0001394c    000000d4     car_controller.o (.text.CarController_StartDriveDistance)
                  00013a20    000000d4     gimbal_stepper.o (.text.GimbalStepper_MoveRelativeSteps)
                  00013af4    000000cc     balance_encoder.o (.text.BalanceEncoder_HandleGpioInterrupt)
                  00013bc0    000000cc     oled_ui.o (.text.OledUi_Update_20ms)
                  00013c8c    000000c8     fault.o (.text.FaultCode_ToShortString)
                  00013d54    000000c0     angle_utils.o (.text.Angle_Normalize180)
                  00013e14    000000c0     balance_soft_limits.o (.text.oscillation_target_for_phase)
                  00013ed4    000000bc     balance_ball_control.o (.text.BalanceBallControl_SetConfig)
                  00013f90    000000bc     balance_soft_limits.o (.text.BalanceSoftLimits_Init)
                  0001404c    000000bc     car_controller.o (.text.CarController_ResetRuntime)
                  00014108    000000bc     menu.o (.text.Menu_GetParamValue)
                  000141c4    000000b4     gimbal_stepper.o (.text.GimbalStepper_StopHold)
                  00014278    000000b0     gimbal_stepper.o (.text.GimbalStepper_Init)
                  00014328    000000b0     empty.o (.text.SysTick_Handler)
                  000143d8    000000ac     balance_soft_limits.o (.text.BalanceSoftLimits_StartPositionMoveToLogicalCount)
                  00014484    000000a8     balance_soft_limits.o (.text.BalanceSoftLimits_ArmRecalibration)
                  0001452c    000000a4     encoder.o (.text.Encoder_HandleGpioInterrupt)
                  000145d0    000000a4     balance_calibration_store.o (.text.calibration_crc32)
                  00014674    000000a2     libclang_rt.builtins.a : udivmoddi4.S.obj (.text)
                  00014716    00000002     startup_mspm0g350x_ticlang.o (.text.Default_Handler)
                  00014718    000000a0     balance_soft_limits.o (.text.BalanceSoftLimits_AbortCalibration)
                  000147b8    000000a0     car_controller.o (.text.drive_distance_high_decel_zone_cm)
                  00014858    0000009c     obstacle_monitor.o (.text.ObstacleMonitor_Update_20ms)
                  000148f4    0000009a     libc.a : memcpy16.S.obj (.text:memcpy)
                  0001498e    00000002     obstacle_avoidance.o (.text.ObstacleAvoidance_Update_20ms)
                  00014990    00000098     balance_position_control.o (.text.BalancePositionControl_ResetFault)
                  00014a28    00000098     balance_soft_limits.o (.text.BalanceSoftLimits_CancelRecalibration)
                  00014ac0    00000098     imu.o (.text.mpu6050_write_reg)
                  00014b58    00000094     car_controller.o (.text.CarController_StartTurnToYawRelative)
                  00014bec    00000090     car_controller.o (.text.CarController_ResetTransientState)
                  00014c7c    0000008c     ti_msp_dl_config.o (.text.SYSCFG_DL_PWM_MOTOR_init)
                  00014d08    0000008c     ti_msp_dl_config.o (.text.SYSCFG_DL_UART_BALANCE_TUNING_init)
                  00014d94    0000008c     libclang_rt.builtins.a : mulsf3.S.obj (.text.__mulsf3)
                  00014e20    0000008c     car_controller.o (.text.heading_imu_wait_or_fail)
                  00014eac    00000004     libsysbm.a : hostexit.c.obj (.text.HOSTexit)
                  00014eb0    00000088     libc.a : strcmp-armv6m.S.obj (.text:strcmp)
                  00014f38    00000084     car_controller.o (.text.CarController_SetSafetyHold)
                  00014fbc    00000084     gimbal_stepper.o (.text.GimbalStepper_ConfirmZero)
                  00015040    00000084     motor.o (.text.Motor_Init)
                  000150c4    00000082     libclang_rt.builtins.a : divsf3.S.obj (.text.__divsf3)
                  00015146    00000002     track_sensor.o (.text.TrackSensor_Init)
                  00015148    00000080     balance_position_control.o (.text.BalancePositionControl_Init)
                  000151c8    00000080     balance_tuning.o (.text.BalanceTuning_Init)
                  00015248    00000080     car_controller.o (.text.CarController_StartDriveHeading)
                  000152c8    00000080     motor.o (.text.Motor_Stop)
                  00015348    0000007e     app.o (.text.App_Init)
                  000153c6    00000002     libclang_rt.builtins.a : aeabi_div0.c.obj (.text.__aeabi_idiv0)
                  000153c8    0000007c     balance_soft_limits.o (.text.BalanceSoftLimits_Enforce100usFromIsr)
                  00015444    0000007c     libc.a : copy_decompress_lzss.c.obj (.text:decompress:lzss)
                  000154c0    00000078     oled.o (.text.oled_write_command)
                  00015538    00000074     balance_ball_control.o (.text.command_offset)
                  000155ac    00000074     motor_control.o (.text.latch_control_error)
                  00015620    00000070     gimbal_stepper.o (.text.GimbalStepper_Release)
                  00015690    00000070     ti_msp_dl_config.o (.text.SYSCFG_DL_UART_VISION_init)
                  00015700    0000006e     track_sensor.o (.text.TrackSensor_DetectTurn)
                  0001576e    00000002     libclang_rt.builtins.a : aeabi_div0.c.obj (.text.__aeabi_ldiv0)
                  00015770    00000068     mission_manager.o (.text.MissionManager_GetSelectedMissionIndex)
                  000157d8    00000068     car_controller.o (.text.set_output_speed)
                  00015840    00000066     track_sensor.o (.text.TrackSensor_GetErrorFromRaw)
                  000158a6    00000002     --HOLE-- [fill = 0]
                  000158a8    00000064     balance_ball_control.o (.text.BalanceBallControl_Init)
                  0001590c    00000064     balance_soft_limits.o (.text.BalanceSoftLimits_ResetPositionFault)
                  00015970    00000064     mission_manager.o (.text.MissionManager_Start)
                  000159d4    00000062     app.o (.text.App_ResetToReady)
                  00015a36    00000002     --HOLE-- [fill = 0]
                  00015a38    00000062     libclang_rt.builtins.a : aeabi_fcmp.S.obj (.text.__aeabi_fcmp)
                  00015a9a    00000062     libc.a : memset16.S.obj (.text:memset)
                  00015afc    00000060     balance_tuning.o (.text.UART2_IRQHandler)
                  00015b5c    00000060     libclang_rt.builtins.a : fixsfdi.S.obj (.text.__fixsfdi)
                  00015bbc    0000005c     ultrasonic.o (.text.Ultrasonic_Update_20ms)
                  00015c18    0000005c     vision_receiver.o (.text.VisionReceiver_Init)
                  00015c74    0000005c     vision_protocol.o (.text.parse_u32)
                  00015cd0    0000005c     car_controller.o (.text.speed_cmps_to_normalized_command)
                  00015d2c    0000005c     balance_soft_limits.o (.text.test_start_target)
                  00015d88    00000058     balance_encoder.o (.text.BalanceEncoder_Init)
                  00015de0    00000058     mission_manager.o (.text.MissionManager_Init)
                  00015e38    00000058     oled.o (.text.OLED_PrintChar)
                  00015e90    00000058     balance_ball_control.o (.text.ensure_tracking_started)
                  00015ee8    00000058     motion_action.o (.text.motion_action_start_imu_controller)
                  00015f40    00000056     libclang_rt.builtins.a : aeabi_idivmod.S.obj (.text.__aeabi_idivmod)
                  00015f96    00000002     --HOLE-- [fill = 0]
                  00015f98    00000054     car_controller.o (.text.CarController_Stop)
                  00015fec    00000054     track_sensor.o (.text.TrackSensor_ReadRaw)
                  00016040    00000054     watchdog_monitor.o (.text.WatchdogMonitor_ApplyFaultIfNeeded)
                  00016094    00000054     menu.o (.text.menu_next_main_page)
                  000160e8    00000050     balance_position_control.o (.text.BalancePositionControl_SetTrackingTarget)
                  00016138    00000050     balance_soft_limits.o (.text.BalanceSoftLimits_GetSnapshot)
                  00016188    00000050     ultrasonic.o (.text.Ultrasonic_Init)
                  000161d8    00000050     watchdog_monitor.o (.text.WatchdogMonitor_Tick1msFromIsr)
                  00016228    0000004e     libclang_rt.builtins.a : floatdisf.S.obj (.text.__floatdisf)
                  00016276    00000002     --HOLE-- [fill = 0]
                  00016278    0000004c     motor_control.o (.text.MotorControl_Stop)
                  000162c4    0000004c     libc.a : cpy_tbl.c.obj (.text.copy_in)
                  00016310    0000004c     vision_protocol.o (.text.state_is_valid)
                  0001635c    0000004c     libc.a : autoinit.c.obj (.text:__TI_auto_init_nopinit)
                  000163a8    00000048     driverlib.a : dl_uart.o (.text.DL_UART_init)
                  000163f0    00000048     mission_manager.o (.text.MissionManager_Cancel)
                  00016438    00000048     ti_msp_dl_config.o (.text.SYSCFG_DL_initPower)
                  00016480    00000044     car_controller.o (.text.CarController_StartFollowLine)
                  000164c4    00000044     emergency_stop.o (.text.EmergencyStop_Reset)
                  00016508    00000044     encoder.o (.text.Encoder_GetAndClearPulseDeltas)
                  0001654c    00000044     imu.o (.text.Imu_ResetYaw)
                  00016590    00000044     mission_manager.o (.text.MissionManager_Reset)
                  000165d4    00000044     servo.o (.text.Servo_Tick100us)
                  00016618    00000044     vision_uart.o (.text.UART3_IRQHandler)
                  0001665c    00000040     balance_encoder.o (.text.BalanceEncoder_GetSnapshot)
                  0001669c    00000040     balance_soft_limits.o (.text.BalanceSoftLimits_StopMotion)
                  000166dc    00000040     car_controller.o (.text.CarController_ResumeFollowLine)
                  0001671c    00000040     fault.o (.text.Fault_Raise)
                  0001675c    00000040     ti_msp_dl_config.o (.text.SYSCFG_DL_SYSCTL_init)
                  0001679c    00000040     vision_receiver.o (.text.VisionReceiver_PushByteFromIsr)
                  000167dc    00000040     libclang_rt.builtins.a : aeabi_uidivmod.S.obj (.text.__aeabi_uidivmod)
                  0001681c    00000040     vision_protocol.o (.text.parse_confidence)
                  0001685c    0000003e     libclang_rt.builtins.a : divmoddi4.c.obj (.text.__divmoddi4)
                  0001689a    00000002     --HOLE-- [fill = 0]
                  0001689c    0000003c     balance_ball_control.o (.text.BalanceBallControl_Enable)
                  000168d8    0000003c     balance_position_control.o (.text.BalancePositionControl_Cancel)
                  00016914    0000003c     mission_library.o (.text.MissionLibrary_FindById)
                  00016950    0000003c     mission_manager.o (.text.MissionManager_Resume)
                  0001698c    0000003c     servo.o (.text.Servo_SetAngleDeg)
                  000169c8    0000003c     libclang_rt.builtins.a : floatsisf.S.obj (.text.__floatsisf)
                  00016a04    0000003c                            : comparesf2.S.obj (.text.__gtsf2)
                  00016a40    0000003c     balance_position_control.o (.text.latch_fault)
                  00016a7c    0000003a     libclang_rt.builtins.a : comparesf2.S.obj (.text.__eqsf2)
                  00016ab6    00000002     --HOLE-- [fill = 0]
                  00016ab8    0000003a                            : muldsi3.S.obj (.text.__muldsi3)
                  00016af2    00000002     --HOLE-- [fill = 0]
                  00016af4    00000038     emergency_stop.o (.text.EmergencyStop_Trigger)
                  00016b2c    00000038     libclang_rt.builtins.a : fixsfsi.S.obj (.text.__fixsfsi)
                  00016b64    00000034     balance_position_control.o (.text.BalancePositionControl_SetTrackingThresholds)
                  00016b98    00000034     imu.o (.text.Imu_IsReady)
                  00016bcc    00000032     oled.o (.text.OLED_PrintString)
                  00016bfe    00000002     --HOLE-- [fill = 0]
                  00016c00    00000030     key.o (.text.Key_Init)
                  00016c30    00000030     line_controller.o (.text.LineController_ObserveSensors)
                  00016c60    00000030     watchdog_monitor.o (.text.WatchdogMonitor_Init)
                  00016c90    00000030     watchdog_monitor.o (.text.WatchdogMonitor_Reset)
                  00016cc0    0000002c     balance_position_control.o (.text.BalancePositionControl_StartTracking)
                  00016cec    0000002c     encoder.o (.text.Encoder_Reset)
                  00016d18    0000002c     mission_manager.o (.text.MissionManager_Pause)
                  00016d44    0000002c     track_sensor.o (.text.TrackSensor_CountBlack)
                  00016d70    00000028     balance_ball_control.o (.text.BalanceBallControl_ResetConfig)
                  00016d98    00000028     balance_soft_limits.o (.text.BalanceSoftLimits_CancelTravelTest)
                  00016dc0    00000028     driverlib.a : dl_flashctl.o (.text.DL_FlashCTL_programMemoryFromRAM64WithECCGenerated)
                  00016de8    00000028     emergency_stop.o (.text.EmergencyStop_Enforce)
                  00016e10    00000028     magnet.o (.text.Magnet_ForceOff)
                  00016e38    00000028     ti_msp_dl_config.o (.text.SYSCFG_DL_init)
                  00016e60    00000028     servo.o (.text.Servo_Init)
                  00016e88    00000028     libclang_rt.builtins.a : floatunsisf.S.obj (.text.__floatunsisf)
                  00016eb0    00000028     libc.a : boot_cortex_m.c.obj (.text:_c_int00_noargs)
                  00016ed8    00000024     balance_encoder.o (.text.BalanceEncoder_SampleSpeed10msFromIsr)
                  00016efc    00000024     balance_position_control.o (.text.BalancePositionControl_GetSnapshot)
                  00016f20    00000024     balance_soft_limits.o (.text.BalanceSoftLimits_CancelOscillationTest)
                  00016f44    00000024     gimbal_stepper.o (.text.GimbalStepper_GetFeedbackSnapshot)
                  00016f68    00000024     mission_manager.o (.text.MissionManager_ReportExternalFailure)
                  00016f8c    00000024     motor_control.o (.text.MotorControl_Init)
                  00016fb0    00000024     motor_control.o (.text.MotorControl_Reset)
                  00016fd4    00000024     oled.o (.text.OLED_ClearBuffer)
                  00016ff8    00000024     libclang_rt.builtins.a : muldi3.S.obj (.text.__muldi3)
                  0001701c    00000020     balance_ball_control.o (.text.BalanceBallControl_GetSnapshot)
                  0001703c    00000020     driverlib.a : dl_timer.o (.text.DL_Timer_overrideCCPOut)
                  0001705c    00000020     debug_telemetry.o (.text.DebugTelemetry_Update)
                  0001707c    00000020     empty.o (.text.GROUP1_IRQHandler)
                  0001709c    00000020     magnet.o (.text.Magnet_Init)
                  000170bc    00000020     oled.o (.text.OLED_SetCursor)
                  000170dc    00000020     empty.o (.text.SchedulerMonitor_GetStats)
                  000170fc    00000020     vision_receiver.o (.text.VisionReceiver_GetProtocolErrorCount)
                  0001711c    00000020     libc.a : memcmp.c.obj (.text.memcmp)
                  0001713c    00000020     mission_manager.o (.text.mission_finish_error)
                  0001715c    0000001e     libclang_rt.builtins.a : ashldi3.S.obj (.text.__ashldi3)
                  0001717a    00000002     --HOLE-- [fill = 0]
                  0001717c    0000001c     balance_ball_control.o (.text.BalanceBallControl_Disable)
                  00017198    0000001c     balance_ball_control.o (.text.BalanceBallControl_ForceStop)
                  000171b4    0000001c     driverlib.a : dl_timer.o (.text.DL_Timer_setCaptCompUpdateMethod)
                  000171d0    0000001c                 : dl_timer.o (.text.DL_Timer_setClockConfig)
                  000171ec    0000001c     heading_control.o (.text.HeadingControl_SetTargetYaw)
                  00017208    0000001c     menu.o (.text.Menu_Init)
                  00017224    0000001c     motion_action.o (.text.MotionAction_Cancel)
                  00017240    0000001c     obstacle_monitor.o (.text.ObstacleMonitor_Init)
                  0001725c    0000001c     obstacle_safety.o (.text.ObstacleSafety_Init)
                  00017278    0000001c     watchdog_monitor.o (.text.WatchdogMonitor_NotifyControlCycleComplete)
                  00017294    0000001c     mission_manager.o (.text.mission_finish_success)
                  000172b0    00000018     balance_ball_control.o (.text.BalanceBallControl_GetConfig)
                  000172c8    00000018     driverlib.a : dl_flashctl.o (.text.DL_FlashCTL_eraseMemoryFromRAM)
                  000172e0    00000018                 : dl_timer.o (.text.DL_Timer_setCaptureCompareOutCtl)
                  000172f8    00000018     debug_telemetry.o (.text.DebugTelemetry_Init)
                  00017310    00000018     heading_control.o (.text.HeadingControl_Init)
                  00017328    00000018     heading_control.o (.text.HeadingControl_Reset)
                  00017340    00000018     menu.o (.text.Menu_ParamItemToString)
                  00017358    00000018     motion_action.o (.text.MotionAction_Init)
                  00017370    00000018     obstacle_avoidance.o (.text.ObstacleAvoidance_Init)
                  00017388    00000018     runtime_snapshot.o (.text.RuntimeSnapshot_Init)
                  000173a0    00000016     libclang_rt.builtins.a : comparesf2.S.obj (.text.__unordsf2)
                  000173b6    00000002     --HOLE-- [fill = 0]
                  000173b8    00000014     fault.o (.text.Fault_Clear)
                  000173cc    00000014     fault.o (.text.Fault_Init)
                  000173e0    00000014     gimbal_stepper.o (.text.GimbalStepper_SetStepHalfPeriodTicks)
                  000173f4    00000014     heading_control.o (.text.HeadingControl_Enable)
                  00017408    00000014     mission_library.o (.text.MissionLibrary_GetByIndex)
                  0001741c    00000014     mission_manager.o (.text.MissionManager_GetSelectedMissionId)
                  00017430    00000014     vision_uart.o (.text.VisionUart_Init)
                  00017444    00000014     libclang_rt.builtins.a : aeabi_ldivmod.S.obj (.text.__aeabi_ldivmod)
                  00017458    00000014                            : aeabi_uldivmod.S.obj (.text.__aeabi_uldivmod)
                  0001746c    00000012     driverlib.a : dl_uart.o (.text.DL_UART_setClockConfig)
                  0001747e    00000012     libc.a : copy_decompress_none.c.obj (.text:decompress:none)
                  00017490    00000010     balance_position_control.o (.text.BalancePositionControl_HasFault)
                  000174a0    00000010     driverlib.a : dl_timer.o (.text.DL_Timer_setCaptureCompareValue)
                  000174b0    00000010     gimbal.o (.text.Gimbal_YawGetFeedback)
                  000174c0    00000010     key.o (.text.Key_GetEvent)
                  000174d0    00000010     libc.a : copy_zero_init.c.obj (.text:decompress:ZI)
                  000174e0    0000000c     balance_encoder.o (.text.BalanceEncoder_GetCountAtomic)
                  000174ec    0000000c     balance_position_control.o (.text.BalancePositionControl_IsBusy)
                  000174f8    0000000c     balance_soft_limits.o (.text.BalanceSoftLimits_IsCalibrationActive)
                  00017504    0000000c     balance_soft_limits.o (.text.BalanceSoftLimits_IsOscillationTestActive)
                  00017510    0000000c     balance_soft_limits.o (.text.BalanceSoftLimits_IsTravelTestActive)
                  0001751c    0000000c     car_controller.o (.text.CarController_GetRunMode)
                  00017528    0000000c     car_controller.o (.text.CarController_Init)
                  00017534    0000000c     car_controller.o (.text.CarController_IsSafetyHoldActive)
                  00017540    0000000c     car_state.o (.text.CarState_Get)
                  0001754c    0000000c     car_state.o (.text.CarState_Init)
                  00017558    0000000c     car_state.o (.text.CarState_Set)
                  00017564    0000000c     emergency_stop.o (.text.EmergencyStop_Init)
                  00017570    0000000c     emergency_stop.o (.text.EmergencyStop_IsActive)
                  0001757c    0000000c     imu.o (.text.Imu_GetCorrectedGyroZDps)
                  00017588    0000000c     imu.o (.text.Imu_GetYaw)
                  00017594    0000000c     menu.o (.text.Menu_GetPage)
                  000175a0    0000000c     menu.o (.text.Menu_GetParamItem)
                  000175ac    0000000c     mission_manager.o (.text.MissionManager_IsExternallyHeld)
                  000175b8    0000000c     mission_manager.o (.text.MissionManager_SetExternalHold)
                  000175c4    0000000c     obstacle_avoidance.o (.text.ObstacleAvoidance_IsActive)
                  000175d0    0000000c     obstacle_avoidance.o (.text.ObstacleAvoidance_IsFailed)
                  000175dc    0000000c     obstacle_safety.o (.text.ObstacleSafety_IsHolding)
                  000175e8    0000000c     empty.o (.text.SystemTime_GetMs)
                  000175f4    0000000c     watchdog_monitor.o (.text.WatchdogMonitor_HasTripped)
                  00017600    0000000c     libclang_rt.builtins.a : aeabi_memset.S.obj (.text.__aeabi_memclr)
                  0001760c    0000000a     driverlib.a : dl_common.o (.text.DL_Common_delayCycles)
                  00017616    0000000a     motion_action.o (.text.MotionAction_Resume)
                  00017620    0000000a     motion_action.o (.text.MotionAction_Start)
                  0001762a    0000000a     track_sensor.o (.text.TrackSensor_IsCenterDetected)
                  00017634    0000000a     track_sensor.o (.text.TrackSensor_IsLineDetected)
                  0001763e    0000000a     track_sensor.o (.text.TrackSensor_IsLineLost)
                  00017648    00000008     balance_soft_limits.o (.text.BalanceSoftLimits_CancelPositionMove)
                  00017650    00000008     balance_soft_limits.o (.text.BalanceSoftLimits_IsPositionMoveActive)
                  00017658    00000008     bluetooth_uart.o (.text.BluetoothUart_GetRuntime)
                  00017660    00000008     car_controller.o (.text.CarController_GetFeedback)
                  00017668    00000008     fault.o (.text.Fault_GetRecord)
                  00017670    00000008     gimbal_stepper.o (.text.GimbalStepper_GetFeedback)
                  00017678    00000008     heading_control.o (.text.HeadingControl_GetRuntime)
                  00017680    00000008     imu.o (.text.Imu_GetRuntime)
                  00017688    00000008     line_controller.o (.text.LineController_GetRuntime)
                  00017690    00000008     mission_manager.o (.text.MissionManager_GetMissionCount)
                  00017698    00000008     mission_manager.o (.text.MissionManager_GetRuntime)
                  000176a0    00000008     motion_action.o (.text.MotionAction_GetRuntime)
                  000176a8    00000008     motor_control.o (.text.MotorControl_GetRuntime)
                  000176b0    00000008     obstacle_avoidance.o (.text.ObstacleAvoidance_GetFeedback)
                  000176b8    00000008     obstacle_monitor.o (.text.ObstacleMonitor_GetFeedback)
                  000176c0    00000008     oled_ui.o (.text.OledUi_Init)
                  000176c8    00000008     runtime_snapshot.o (.text.RuntimeSnapshot_Get)
                  000176d0    00000008     servo.o (.text.Servo_GetFeedback)
                  000176d8    00000008     ultrasonic.o (.text.Ultrasonic_GetFeedback)
                  000176e0    00000008     vision_receiver.o (.text.VisionReceiver_GetBallPositionObservation)
                  000176e8    00000008     vision_receiver.o (.text.VisionReceiver_GetStatus)
                  000176f0    00000008     vision_tuning_console.o (.text.VisionTuningConsole_GetStatus)
                  000176f8    00000008     watchdog_monitor.o (.text.WatchdogMonitor_GetStatus)
                  00017700    00000008     wheel_speed_estimator.o (.text.WheelSpeedEstimator_GetRuntime)
                  00017708    00000008     libclang_rt.builtins.a : aeabi_memcpy.S.obj (.text.__aeabi_memcpy)
                  00017710    00000006     libc.a : exit.c.obj (.text:abort)
                  00017716    00000004     mission_library.o (.text.MissionLibrary_GetCount)
                  0001771a    00000004     obstacle_avoidance.o (.text.ObstacleAvoidance_IsResumeGraceActive)
                  0001771e    00000004     startup_mspm0g350x_ticlang.o (.text.Reset_Handler)
                  00017722    00000002     --HOLE-- [fill = 0]
                  00017724    00000010     libc.a : boot_cortex_m.c.obj (.tramp._c_int00_noargs.1)
                  00017734    00000004            : pre_init.c.obj (.text._system_pre_init)
                  00017738    00000010     driverlib.a : dl_flashctl.o (.tramp.DL_FlashCTL_executeCommandFromRAM.1)
                  00017748    00000008     --HOLE-- [fill = 0]

.TI.ramfunc 
*          0    000182d8    00000060     RUN ADDR = 20201968
                  000182d8    00000060     driverlib.a : dl_flashctl.o (.TI.ramfunc)

.cinit     0    00018338    00000030     
                  00018338    0000000c     (__TI_handler_table)
                  00018344    00000008     (.cinit..bss.load) [load image, compression = zero_init]
                  0001834c    00000005     (.cinit..data.load) [load image, compression = lzss]
                  00018351    00000003     --HOLE-- [fill = 0]
                  00018354    00000010     (__TI_cinit_table)
                  00018364    00000004     --HOLE-- [fill = 0]

.rodata    0    00017750    00000b88     
                  00017750    000000d8     oled.o (.rodata..Lswitch.table.OLED_PrintChar)
                  00017828    00000050     mission_library.o (.rodata.g_missionRegistry)
                  00017878    00000048     mission_library.o (.rodata.g_missionCompetitionMain)
                  000178c0    00000048     mission_library.o (.rodata.g_missionTestDistance20)
                  00017908    00000048     mission_library.o (.rodata.g_missionTestLine)
                  00017950    00000048     mission_library.o (.rodata.g_missionTestTurn)
                  00017998    00000038     balance_tuning.o (.rodata..Lswitch.table.send_debug_receiver)
                  000179d0    00000034     oled_ui.o (.rodata..Lswitch.table.print_balance_vision_rx_debug_page)
                  00017a04    0000002c     oled_ui.o (.rodata..Lswitch.table.print_status_page)
                  00017a30    00000028     balance_tuning.o (.rodata..Lswitch.table.send_debug_controller.118)
                  00017a58    00000020     menu.o (.rodata..Lswitch.table.Menu_ParamItemToString)
                  00017a78    0000001c     oled_ui.o (.rodata..Lswitch.table.print_balance_stepper_test_page.197)
                  00017a94    0000001c     oled_ui.o (.rodata..Lswitch.table.print_drive_distance_page)
                  00017ab0    0000001c     balance_tuning.o (.rodata..Lswitch.table.send_debug_controller.117)
                  00017acc    00000018     oled_ui.o (.rodata..Lswitch.table.print_balance_vision_page)
                  00017ae4    00000018     oled_ui.o (.rodata..Lswitch.table.print_status_page.198)
                  00017afc    00000018     balance_tuning.o (.rodata..Lswitch.table.send_debug_position_fault)
                  00017b14    00000018     mission_library.o (.rodata.g_missionTestBallCenter)
                  00017b2c    00000014     oled_ui.o (.rodata..Lswitch.table.print_balance_stepper_test_page.191)
                  00017b40    00000014     oled_ui.o (.rodata..Lswitch.table.print_balance_stepper_test_page.193)
                  00017b54    00000014     oled_ui.o (.rodata..Lswitch.table.print_status_page.199)
                  00017b68    00000014     balance_tuning.o (.rodata..Lswitch.table.send_debug_filter)
                  00017b7c    00000014     balance_tuning.o (.rodata.str1.12203727298384633765.1)
                  00017b90    00000013     oled_ui.o (.rodata.str1.14774750633985060196.1)
                  00017ba3    00000012     balance_tuning.o (.rodata.str1.14324971085387262535.1)
                  00017bb5    00000011     oled_ui.o (.rodata.str1.14521350379984854626.1)
                  00017bc6    00000011     oled_ui.o (.rodata.str1.17763087492223448992.1)
                  00017bd7    00000011     oled_ui.o (.rodata.str1.1974573040514735405.1)
                  00017be8    00000011     oled_ui.o (.rodata.str1.9351772214919528733.1)
                  00017bf9    00000011     oled_ui.o (.rodata.str1.9584387800903135389.1)
                  00017c0a    00000002     ti_msp_dl_config.o (.rodata.gUART_BALANCE_TUNINGClockConfig)
                  00017c0c    00000010     oled_ui.o (.rodata..Lswitch.table.print_balance_stepper_test_page.194)
                  00017c1c    00000010     balance_encoder.o (.rodata.cst16)
                  00017c2c    00000010     oled_ui.o (.rodata.str1.12697925274637991987.1)
                  00017c3c    0000000f     oled_ui.o (.rodata.str1.9229350655415085.1)
                  00017c4b    0000000e     oled_ui.o (.rodata.str1.10416366799939242409.1)
                  00017c59    0000000e     oled_ui.o (.rodata.str1.10430294223631918979.1)
                  00017c67    0000000e     oled_ui.o (.rodata.str1.14711868471336838103.1)
                  00017c75    0000000e     balance_tuning.o (.rodata.str1.15238033161365484872.1)
                  00017c83    0000000d     balance_tuning.o (.rodata.str1.3977118008905300976.1)
                  00017c90    0000000d     balance_tuning.o (.rodata.str1.5894753939286773293.1)
                  00017c9d    0000000d     balance_tuning.o (.rodata.str1.7107703467260193608.1)
                  00017caa    00000002     ti_msp_dl_config.o (.rodata.gUART_VISIONClockConfig)
                  00017cac    0000000c     oled_ui.o (.rodata..Lswitch.table.print_balance_stepper_test_page.192)
                  00017cb8    0000000c     oled_ui.o (.rodata..Lswitch.table.print_balance_stepper_test_page.195)
                  00017cc4    0000000c     oled_ui.o (.rodata..Lswitch.table.print_balance_stepper_test_page)
                  00017cd0    0000000c     oled_ui.o (.rodata..Lswitch.table.print_sensor_page)
                  00017cdc    0000000c     balance_tuning.o (.rodata.str1.11007857853088784365.1)
                  00017ce8    0000000c     balance_tuning.o (.rodata.str1.11520738983365952627.1)
                  00017cf4    0000000c     mission_library.o (.rodata.str1.11682660667400632204.1)
                  00017d00    0000000c     oled_ui.o (.rodata.str1.16290499236105125126.1)
                  00017d0c    0000000b     balance_tuning.o (.rodata.str1.10633870927600830234.1)
                  00017d17    0000000b     oled_ui.o (.rodata.str1.13882251010780863896.1)
                  00017d22    0000000b     balance_tuning.o (.rodata.str1.14867730425649151644.1)
                  00017d2d    0000000b     balance_tuning.o (.rodata.str1.2493145903068608615.1)
                  00017d38    0000000a     ti_msp_dl_config.o (.rodata.gUART_BALANCE_TUNINGConfig)
                  00017d42    0000000a     ti_msp_dl_config.o (.rodata.gUART_VISIONConfig)
                  00017d4c    0000000a     oled_ui.o (.rodata.str1.12447783896598192203.1)
                  00017d56    0000000a     mission_library.o (.rodata.str1.13636476544574750902.1)
                  00017d60    0000000a     mission_library.o (.rodata.str1.15668266851434757964.1)
                  00017d6a    0000000a     oled_ui.o (.rodata.str1.17540787658903907660.1)
                  00017d74    0000000a     mission_library.o (.rodata.str1.199678142196697465.1)
                  00017d7e    0000000a     oled_ui.o (.rodata.str1.2608729314174233125.1)
                  00017d88    0000000a     balance_tuning.o (.rodata.str1.3025565282533664955.1)
                  00017d92    0000000a     oled_ui.o (.rodata.str1.4582914374586912483.1)
                  00017d9c    0000000a     balance_tuning.o (.rodata.str1.533910187409029848.1)
                  00017da6    0000000a     balance_tuning.o (.rodata.str1.8659531508871313437.1)
                  00017db0    00000009     balance_tuning.o (.rodata.str1.10719393435742183532.1)
                  00017db9    00000009     oled_ui.o (.rodata.str1.12043213579996415112.1)
                  00017dc2    00000009     balance_tuning.o (.rodata.str1.12734032557881089407.1)
                  00017dcb    00000009     oled_ui.o (.rodata.str1.15917848551323629232.1)
                  00017dd4    00000009     oled_ui.o (.rodata.str1.5965888106848176421.1)
                  00017ddd    00000003     ti_msp_dl_config.o (.rodata.gPWM_MOTORClockConfig)
                  00017de0    00000008     ti_msp_dl_config.o (.rodata.gPWM_MOTORConfig)
                  00017de8    00000008     oled_ui.o (.rodata.str1.10163600690795753232.1)
                  00017df0    00000008     balance_tuning.o (.rodata.str1.11637300377853929957.1)
                  00017df8    00000008     oled_ui.o (.rodata.str1.130772507669342127.1)
                  00017e00    00000008     oled_ui.o (.rodata.str1.13271657277589579873.1)
                  00017e08    00000008     oled_ui.o (.rodata.str1.17464849429964608858.1)
                  00017e10    00000008     balance_tuning.o (.rodata.str1.212598471458399308.1)
                  00017e18    00000008     balance_tuning.o (.rodata.str1.4787913558422352643.1)
                  00017e20    00000008     balance_tuning.o (.rodata.str1.6698858527707543766.1)
                  00017e28    00000008     balance_tuning.o (.rodata.str1.6917382548022814571.1)
                  00017e30    00000008     balance_tuning.o (.rodata.str1.947389025480374218.1)
                  00017e38    00000007     oled_ui.o (.rodata.str1.1276391367487699528.1)
                  00017e3f    00000007     oled_ui.o (.rodata.str1.13871579367539052597.1)
                  00017e46    00000007     mission_library.o (.rodata.str1.1440970855772709381.1)
                  00017e4d    00000007     balance_tuning.o (.rodata.str1.4034695520341852388.1)
                  00017e54    00000007     oled_ui.o (.rodata.str1.4610220316623841660.1)
                  00017e5b    00000007     balance_tuning.o (.rodata.str1.5223853263922667930.1)
                  00017e62    00000007     balance_tuning.o (.rodata.str1.5712957265389193314.1)
                  00017e69    00000007     balance_tuning.o (.rodata.str1.9478990218017967919.1)
                  00017e70    00000007     oled_ui.o (.rodata.str1.9646571805098343045.1)
                  00017e77    00000007     oled_ui.o (.rodata.str1.9992244628984851027.1)
                  00017e7e    00000006     oled_ui.o (.rodata.str1.10077435089618835710.1)
                  00017e84    00000006     oled_ui.o (.rodata.str1.1019225241002246410.1)
                  00017e8a    00000006     oled_ui.o (.rodata.str1.10600688730180713177.1)
                  00017e90    00000006     balance_tuning.o (.rodata.str1.10969382713942392268.1)
                  00017e96    00000006     oled_ui.o (.rodata.str1.11232419324784801130.1)
                  00017e9c    00000006     balance_tuning.o (.rodata.str1.11812704373018521324.1)
                  00017ea2    00000006     oled_ui.o (.rodata.str1.12571791089077708471.1)
                  00017ea8    00000006     balance_tuning.o (.rodata.str1.13887619254000044375.1)
                  00017eae    00000006     oled_ui.o (.rodata.str1.1445687256832830955.1)
                  00017eb4    00000006     oled_ui.o (.rodata.str1.14748562464132904299.1)
                  00017eba    00000006     oled_ui.o (.rodata.str1.15817398807211891688.1)
                  00017ec0    00000006     oled_ui.o (.rodata.str1.16411631209783952401.1)
                  00017ec6    00000006     balance_tuning.o (.rodata.str1.17166399224375095386.1)
                  00017ecc    00000006     oled_ui.o (.rodata.str1.17717236995185551183.1)
                  00017ed2    00000006     oled_ui.o (.rodata.str1.240075016795266086.1)
                  00017ed8    00000006     oled_ui.o (.rodata.str1.2656948373757303877.1)
                  00017ede    00000006     oled_ui.o (.rodata.str1.3247264562726604308.1)
                  00017ee4    00000006     balance_tuning.o (.rodata.str1.437153270038012910.1)
                  00017eea    00000006     oled_ui.o (.rodata.str1.4932371652560868037.1)
                  00017ef0    00000006     oled_ui.o (.rodata.str1.5376340479846291137.1)
                  00017ef6    00000006     oled_ui.o (.rodata.str1.5948326995020184415.1)
                  00017efc    00000006     oled_ui.o (.rodata.str1.7050595558965647569.1)
                  00017f02    00000006     oled_ui.o (.rodata.str1.7481335054564682966.1)
                  00017f08    00000006     oled_ui.o (.rodata.str1.8018480777946742726.1)
                  00017f0e    00000006     oled_ui.o (.rodata.str1.8783421139296713095.1)
                  00017f14    00000006     oled_ui.o (.rodata.str1.9544068167406571052.1)
                  00017f1a    00000005     motion_action.o (.rodata..Lswitch.table.MotionAction_Update_20ms)
                  00017f1f    00000005     oled.o (.rodata.oled_get_glyph.colon)
                  00017f24    00000005     oled.o (.rodata.oled_get_glyph.eight)
                  00017f29    00000005     oled.o (.rodata.oled_get_glyph.five)
                  00017f2e    00000005     oled.o (.rodata.oled_get_glyph.four)
                  00017f33    00000005     oled.o (.rodata.oled_get_glyph.glyphA)
                  00017f38    00000005     oled.o (.rodata.oled_get_glyph.glyphB)
                  00017f3d    00000005     oled.o (.rodata.oled_get_glyph.glyphC)
                  00017f42    00000005     oled.o (.rodata.oled_get_glyph.glyphD)
                  00017f47    00000005     oled.o (.rodata.oled_get_glyph.glyphE)
                  00017f4c    00000005     oled.o (.rodata.oled_get_glyph.glyphF)
                  00017f51    00000005     oled.o (.rodata.oled_get_glyph.glyphG)
                  00017f56    00000005     oled.o (.rodata.oled_get_glyph.glyphH)
                  00017f5b    00000005     oled.o (.rodata.oled_get_glyph.glyphI)
                  00017f60    00000005     oled.o (.rodata.oled_get_glyph.glyphK)
                  00017f65    00000005     oled.o (.rodata.oled_get_glyph.glyphL)
                  00017f6a    00000005     oled.o (.rodata.oled_get_glyph.glyphM)
                  00017f6f    00000005     oled.o (.rodata.oled_get_glyph.glyphN)
                  00017f74    00000005     oled.o (.rodata.oled_get_glyph.glyphO)
                  00017f79    00000005     oled.o (.rodata.oled_get_glyph.glyphP)
                  00017f7e    00000005     oled.o (.rodata.oled_get_glyph.glyphR)
                  00017f83    00000005     oled.o (.rodata.oled_get_glyph.glyphS)
                  00017f88    00000005     oled.o (.rodata.oled_get_glyph.glyphT)
                  00017f8d    00000005     oled.o (.rodata.oled_get_glyph.glyphU)
                  00017f92    00000005     oled.o (.rodata.oled_get_glyph.glyphV)
                  00017f97    00000005     oled.o (.rodata.oled_get_glyph.glyphW)
                  00017f9c    00000005     oled.o (.rodata.oled_get_glyph.glyphX)
                  00017fa1    00000005     oled.o (.rodata.oled_get_glyph.glyphY)
                  00017fa6    00000005     oled.o (.rodata.oled_get_glyph.glyphb)
                  00017fab    00000005     oled.o (.rodata.oled_get_glyph.gt)
                  00017fb0    00000005     oled.o (.rodata.oled_get_glyph.minus)
                  00017fb5    00000005     oled.o (.rodata.oled_get_glyph.nine)
                  00017fba    00000005     oled.o (.rodata.oled_get_glyph.one)
                  00017fbf    00000005     oled.o (.rodata.oled_get_glyph.seven)
                  00017fc4    00000005     oled.o (.rodata.oled_get_glyph.six)
                  00017fc9    00000005     oled.o (.rodata.oled_get_glyph.space)
                  00017fce    00000005     oled.o (.rodata.oled_get_glyph.three)
                  00017fd3    00000005     oled.o (.rodata.oled_get_glyph.two)
                  00017fd8    00000005     oled.o (.rodata.oled_get_glyph.zero)
                  00017fdd    00000005     oled_ui.o (.rodata.str1.11049990970699464748.1)
                  00017fe2    00000005     oled_ui.o (.rodata.str1.11627403558423016802.1)
                  00017fe7    00000005     oled_ui.o (.rodata.str1.12182588061437138428.1)
                  00017fec    00000005     oled_ui.o (.rodata.str1.12359577037488465078.1)
                  00017ff1    00000005     oled_ui.o (.rodata.str1.12493748764729730277.1)
                  00017ff6    00000005     oled_ui.o (.rodata.str1.12504350857748951577.1)
                  00017ffb    00000005     oled_ui.o (.rodata.str1.12617122458660443890.1)
                  00018000    00000005     balance_tuning.o (.rodata.str1.12635714987897210726.1)
                  00018005    00000005     balance_tuning.o (.rodata.str1.14000290760835785496.1)
                  0001800a    00000005     balance_tuning.o (.rodata.str1.14427035260820240747.1)
                  0001800f    00000005     fault.o (.rodata.str1.14435905801345341244.1)
                  00018014    00000005     fault.o (.rodata.str1.1506612114648992996.1)
                  00018019    00000005     balance_tuning.o (.rodata.str1.15069732734787989725.1)
                  0001801e    00000005     oled_ui.o (.rodata.str1.15132332204781002199.1)
                  00018023    00000005     oled_ui.o (.rodata.str1.15575624326185233262.1)
                  00018028    00000005     oled_ui.o (.rodata.str1.15577080202403550426.1)
                  0001802d    00000005     oled_ui.o (.rodata.str1.15613891207764622616.1)
                  00018032    00000005     oled_ui.o (.rodata.str1.15802367878353263018.1)
                  00018037    00000005     oled_ui.o (.rodata.str1.15829239520183577662.1)
                  0001803c    00000005     balance_tuning.o (.rodata.str1.16296215605590053309.1)
                  00018041    00000005     oled_ui.o (.rodata.str1.16526439943277383452.1)
                  00018046    00000005     balance_tuning.o (.rodata.str1.16624360291371912819.1)
                  0001804b    00000005     oled_ui.o (.rodata.str1.16939060351352778619.1)
                  00018050    00000005     oled_ui.o (.rodata.str1.17067061841413117831.1)
                  00018055    00000005     fault.o (.rodata.str1.17097894860660336008.1)
                  0001805a    00000005     fault.o (.rodata.str1.17155043670132108083.1)
                  0001805f    00000005     oled_ui.o (.rodata.str1.17436941090773226089.1)
                  00018064    00000005     oled_ui.o (.rodata.str1.17678525341650131470.1)
                  00018069    00000005     oled_ui.o (.rodata.str1.17763996158807330232.1)
                  0001806e    00000005     oled_ui.o (.rodata.str1.17884296644359297425.1)
                  00018073    00000005     oled_ui.o (.rodata.str1.2002540315216928218.1)
                  00018078    00000005     fault.o (.rodata.str1.2104670281202025270.1)
                  0001807d    00000005     oled_ui.o (.rodata.str1.2193316011307952170.1)
                  00018082    00000005     oled_ui.o (.rodata.str1.2308938766145545715.1)
                  00018087    00000005     oled_ui.o (.rodata.str1.2522137003438374266.1)
                  0001808c    00000005     oled_ui.o (.rodata.str1.270145429241168923.1)
                  00018091    00000005     oled_ui.o (.rodata.str1.2714695401222167146.1)
                  00018096    00000005     oled_ui.o (.rodata.str1.344790106308886506.1)
                  0001809b    00000005     oled_ui.o (.rodata.str1.3455423528827705371.1)
                  000180a0    00000005     oled_ui.o (.rodata.str1.35417727660486075.1)
                  000180a5    00000005     oled_ui.o (.rodata.str1.4082595774073207366.1)
                  000180aa    00000005     fault.o (.rodata.str1.4453281041433270631.1)
                  000180af    00000005     fault.o (.rodata.str1.4549004730087743662.1)
                  000180b4    00000005     oled_ui.o (.rodata.str1.4581472623415959594.1)
                  000180b9    00000005     oled_ui.o (.rodata.str1.4723632947289500520.1)
                  000180be    00000005     menu.o (.rodata.str1.4862307748908978627.1)
                  000180c3    00000005     oled_ui.o (.rodata.str1.5291836437463020264.1)
                  000180c8    00000005     oled_ui.o (.rodata.str1.5965450730569173784.1)
                  000180cd    00000005     fault.o (.rodata.str1.6372787129294360447.1)
                  000180d2    00000005     oled_ui.o (.rodata.str1.6398192001994169976.1)
                  000180d7    00000005     fault.o (.rodata.str1.6437946768974223044.1)
                  000180dc    00000005     oled_ui.o (.rodata.str1.6473435968988645044.1)
                  000180e1    00000005     oled_ui.o (.rodata.str1.6744096065564390185.1)
                  000180e6    00000005     oled_ui.o (.rodata.str1.6806727740681590176.1)
                  000180eb    00000005     oled_ui.o (.rodata.str1.6954814719705590448.1)
                  000180f0    00000005     oled_ui.o (.rodata.str1.763101100280173925.1)
                  000180f5    00000005     oled_ui.o (.rodata.str1.7774807581888385879.1)
                  000180fa    00000005     balance_tuning.o (.rodata.str1.7805572866881257290.1)
                  000180ff    00000005     balance_tuning.o (.rodata.str1.7922330767575921184.1)
                  00018104    00000005     oled_ui.o (.rodata.str1.8124536758062367015.1)
                  00018109    00000005     fault.o (.rodata.str1.8185770893384132067.1)
                  0001810e    00000005     oled_ui.o (.rodata.str1.8399051469953744892.1)
                  00018113    00000005     oled_ui.o (.rodata.str1.8426569189266129334.1)
                  00018118    00000005     oled_ui.o (.rodata.str1.8449035241871861290.1)
                  0001811d    00000005     oled_ui.o (.rodata.str1.8471462185882660445.1)
                  00018122    00000005     oled_ui.o (.rodata.str1.8615431116298670950.1)
                  00018127    00000005     oled_ui.o (.rodata.str1.8693388333057100694.1)
                  0001812c    00000005     oled_ui.o (.rodata.str1.9044019526854345694.1)
                  00018131    00000005     oled_ui.o (.rodata.str1.9135818829835424837.1)
                  00018136    00000005     oled_ui.o (.rodata.str1.9611283282870761829.1)
                  0001813b    00000004     oled_ui.o (.rodata.str1.10568433575767188072.1)
                  0001813f    00000004     oled_ui.o (.rodata.str1.11149198520117834688.1)
                  00018143    00000004     oled_ui.o (.rodata.str1.11388022865931857840.1)
                  00018147    00000004     oled_ui.o (.rodata.str1.11428648044669318875.1)
                  0001814b    00000004     oled_ui.o (.rodata.str1.11614055506586029288.1)
                  0001814f    00000004     oled_ui.o (.rodata.str1.11794000050372113979.1)
                  00018153    00000004     oled_ui.o (.rodata.str1.12595606217184830646.1)
                  00018157    00000004     oled_ui.o (.rodata.str1.12888220461447056082.1)
                  0001815b    00000004     oled_ui.o (.rodata.str1.12928245060369742404.1)
                  0001815f    00000004     oled_ui.o (.rodata.str1.13244290092665904221.1)
                  00018163    00000004     balance_tuning.o (.rodata.str1.13554789348763976691.1)
                  00018167    00000004     oled_ui.o (.rodata.str1.13567883086814673087.1)
                  0001816b    00000004     fault.o (.rodata.str1.13582094816268305212.1)
                  0001816f    00000004     oled_ui.o (.rodata.str1.13750180467131823662.1)
                  00018173    00000004     oled_ui.o (.rodata.str1.13790669171379415506.1)
                  00018177    00000004     oled_ui.o (.rodata.str1.13875148296791986931.1)
                  0001817b    00000004     oled_ui.o (.rodata.str1.13892659840332223045.1)
                  0001817f    00000004     oled_ui.o (.rodata.str1.14132186318895045592.1)
                  00018183    00000004     oled_ui.o (.rodata.str1.14168333168339663346.1)
                  00018187    00000004     oled_ui.o (.rodata.str1.14265077442249237877.1)
                  0001818b    00000004     oled_ui.o (.rodata.str1.14556837007311414654.1)
                  0001818f    00000004     oled_ui.o (.rodata.str1.14675223611663555778.1)
                  00018193    00000004     oled_ui.o (.rodata.str1.14740362735394205067.1)
                  00018197    00000004     oled_ui.o (.rodata.str1.15008238333949226094.1)
                  0001819b    00000004     menu.o (.rodata.str1.16312125044762562515.1)
                  0001819f    00000004     fault.o (.rodata.str1.16482347271627360806.1)
                  000181a3    00000004     oled_ui.o (.rodata.str1.16554583589798097927.1)
                  000181a7    00000004     balance_tuning.o (.rodata.str1.16687097882701048688.1)
                  000181ab    00000004     oled_ui.o (.rodata.str1.16849766574302683489.1)
                  000181af    00000004     oled_ui.o (.rodata.str1.16895433903389883335.1)
                  000181b3    00000004     oled_ui.o (.rodata.str1.16931641404301806744.1)
                  000181b7    00000004     menu.o (.rodata.str1.17041139162815566052.1)
                  000181bb    00000004     oled_ui.o (.rodata.str1.17242430504649735449.1)
                  000181bf    00000004     oled_ui.o (.rodata.str1.17274519358952562110.1)
                  000181c3    00000004     balance_tuning.o (.rodata.str1.17389270080926788623.1)
                  000181c7    00000004     oled_ui.o (.rodata.str1.17881291656140238186.1)
                  000181cb    00000004     oled_ui.o (.rodata.str1.18128648927899109887.1)
                  000181cf    00000004     oled_ui.o (.rodata.str1.18190418239766617312.1)
                  000181d3    00000004     oled_ui.o (.rodata.str1.182352409660151230.1)
                  000181d7    00000004     oled_ui.o (.rodata.str1.18266126048138325213.1)
                  000181db    00000004     oled_ui.o (.rodata.str1.18379317056176403938.1)
                  000181df    00000004     balance_tuning.o (.rodata.str1.2615500520006570324.1)
                  000181e3    00000004     oled_ui.o (.rodata.str1.2742282290834473644.1)
                  000181e7    00000004     balance_tuning.o (.rodata.str1.3233384059104302595.1)
                  000181eb    00000004     oled_ui.o (.rodata.str1.3407221357956504873.1)
                  000181ef    00000004     oled_ui.o (.rodata.str1.3467953211977455017.1)
                  000181f3    00000004     oled_ui.o (.rodata.str1.3702290527496711532.1)
                  000181f7    00000004     oled_ui.o (.rodata.str1.4551794666512319153.1)
                  000181fb    00000004     oled_ui.o (.rodata.str1.4581686099848791648.1)
                  000181ff    00000004     balance_tuning.o (.rodata.str1.4612574170956397295.1)
                  00018203    00000004     menu.o (.rodata.str1.4646809750356241979.1)
                  00018207    00000004     oled_ui.o (.rodata.str1.4691821198597473371.1)
                  0001820b    00000004     oled_ui.o (.rodata.str1.5004483696121082904.1)
                  0001820f    00000004     oled_ui.o (.rodata.str1.5463568455719735.1)
                  00018213    00000004     oled_ui.o (.rodata.str1.5689016102676777062.1)
                  00018217    00000004     oled_ui.o (.rodata.str1.5853739094453432564.1)
                  0001821b    00000004     oled_ui.o (.rodata.str1.58703915094955230.1)
                  0001821f    00000004     oled_ui.o (.rodata.str1.6835749436006845616.1)
                  00018223    00000004     oled_ui.o (.rodata.str1.7185587941321649510.1)
                  00018227    00000004     oled_ui.o (.rodata.str1.7205245123442117851.1)
                  0001822b    00000004     oled_ui.o (.rodata.str1.7219546930854689545.1)
                  0001822f    00000004     fault.o (.rodata.str1.7255546073596598018.1)
                  00018233    00000004     oled_ui.o (.rodata.str1.7419768602719733415.1)
                  00018237    00000004     oled_ui.o (.rodata.str1.799718701096035713.1)
                  0001823b    00000004     oled_ui.o (.rodata.str1.8236579331345056500.1)
                  0001823f    00000004     oled_ui.o (.rodata.str1.8403269972884532600.1)
                  00018243    00000004     oled_ui.o (.rodata.str1.8460525935980491721.1)
                  00018247    00000004     oled_ui.o (.rodata.str1.8709745090823444516.1)
                  0001824b    00000004     oled_ui.o (.rodata.str1.9102528229756940648.1)
                  0001824f    00000004     oled_ui.o (.rodata.str1.9159586779647977165.1)
                  00018253    00000004     oled_ui.o (.rodata.str1.9250665025187963892.1)
                  00018257    00000004     oled_ui.o (.rodata.str1.9295666102996717355.1)
                  0001825b    00000004     menu.o (.rodata.str1.9546740394641817443.1)
                  0001825f    00000004     oled_ui.o (.rodata.str1.967006512144173535.1)
                  00018263    00000004     oled_ui.o (.rodata.str1.9822857334037886482.1)
                  00018267    00000004     oled_ui.o (.rodata.str1.9854382722193312766.1)
                  0001826b    00000003     oled_ui.o (.rodata.str1.10263419832828250601.1)
                  0001826e    00000003     oled_ui.o (.rodata.str1.10509309789429088155.1)
                  00018271    00000003     oled_ui.o (.rodata.str1.10907125332684471422.1)
                  00018274    00000003     oled_ui.o (.rodata.str1.1108652269057166745.1)
                  00018277    00000003     oled_ui.o (.rodata.str1.11178346780556493352.1)
                  0001827a    00000003     menu.o (.rodata.str1.12110183915172842339.1)
                  0001827d    00000003     balance_tuning.o (.rodata.str1.12233546741183254892.1)
                  00018280    00000003     oled_ui.o (.rodata.str1.12983537867572525563.1)
                  00018283    00000003     menu.o (.rodata.str1.13124720451672825294.1)
                  00018286    00000003     balance_tuning.o (.rodata.str1.14081320955337914945.1)
                  00018289    00000003     menu.o (.rodata.str1.14098755746347272832.1)
                  0001828c    00000003     oled_ui.o (.rodata.str1.14134189893851348960.1)
                  0001828f    00000003     oled_ui.o (.rodata.str1.14142815821055334776.1)
                  00018292    00000003     oled_ui.o (.rodata.str1.14358698208395374265.1)
                  00018295    00000003     oled_ui.o (.rodata.str1.15859922799842739878.1)
                  00018298    00000003     oled_ui.o (.rodata.str1.15935041339501476673.1)
                  0001829b    00000003     balance_tuning.o (.rodata.str1.16612448349671680203.1)
                  0001829e    00000003     oled_ui.o (.rodata.str1.16635595130967924751.1)
                  000182a1    00000003     oled_ui.o (.rodata.str1.17719310104486814868.1)
                  000182a4    00000003     oled_ui.o (.rodata.str1.17747339173178619492.1)
                  000182a7    00000003     oled_ui.o (.rodata.str1.17812014771544466701.1)
                  000182aa    00000003     balance_tuning.o (.rodata.str1.190387033829999932.1)
                  000182ad    00000003     oled_ui.o (.rodata.str1.2603845803395459882.1)
                  000182b0    00000003     oled_ui.o (.rodata.str1.2983744876309220570.1)
                  000182b3    00000003     balance_tuning.o (.rodata.str1.3558965309215986498.1)
                  000182b6    00000003     oled_ui.o (.rodata.str1.4193589846040060630.1)
                  000182b9    00000003     oled_ui.o (.rodata.str1.4402311448527872260.1)
                  000182bc    00000003     oled_ui.o (.rodata.str1.6350830172869379626.1)
                  000182bf    00000003     menu.o (.rodata.str1.6857549598058878762.1)
                  000182c2    00000003     fault.o (.rodata.str1.8193046109637024842.1)
                  000182c5    00000003     oled_ui.o (.rodata.str1.8703997732205428909.1)
                  000182c8    00000003     oled_ui.o (.rodata.str1.8950259614286592359.1)
                  000182cb    00000003     oled_ui.o (.rodata.str1.9554470707595806150.1)
                  000182ce    00000002     balance_tuning.o (.rodata.str1.12833110812472946424.1)
                  000182d0    00000002     oled_ui.o (.rodata.str1.16496169091617228061.1)
                  000182d2    00000002     oled_ui.o (.rodata.str1.3025253791635144717.1)
                  000182d4    00000004     --HOLE-- [fill = 0]

.init_array 
*          0    00000000    00000000     UNINITIALIZED

.binit     0    00018368    00000010     
                  00018368    00000010     (.binit)

.TI.bound:g_balanceCalibrationReservedSector 
*          0    0001fc00    00000400     
                  0001fc00    00000400     balance_calibration_store.o (.TI.bound:g_balanceCalibrationReservedSector)

.bss       0    20200000    00001962     UNINITIALIZED
                  20200000    00000800     balance_tuning.o (.bss.g_txRing)
                  20200800    00000400     oled.o (.bss.g_oledFrame)
                  20200c00    00000200     vision_receiver.o (.bss.g_ring)
                  20200e00    000001d0     runtime_snapshot.o (.bss.g_snapshot)
                  20200fd0    00000110     (.common:g_appConfig)
                  202010e0    00000100     balance_tuning.o (.bss.g_rxRing)
                  202011e0    00000084     (.common:g_imuRuntime)
                  20201264    0000007c     motor_control.o (.bss.g_runtime)
                  202012e0    00000070     (.common:g_appRuntime)
                  20201350    00000060     vision_receiver.o (.bss.g_line)
                  202013b0    0000005c     balance_soft_limits.o (.bss.g_runtime)
                  2020140c    00000058     vision_receiver.o (.bss.g_status)
                  20201464    00000004     imu.o (.bss.g_elapsedSinceValidSampleMs)
                  20201468    00000058     (.common:g_wheelSpeedEstimatorRuntime)
                  202014c0    00000044     balance_position_control.o (.bss.g_runtime)
                  20201504    00000004     balance_position_control.o (.bss.g_lastEncoderCount)
                  20201508    00000040     gimbal.o (.bss.g_feedback)
                  20201548    00000040     line_controller.o (.bss.g_lineRuntime)
                  20201588    00000040     balance_ball_control.o (.bss.g_runtime)
                  202015c8    00000030     balance_tuning.o (.bss.g_line)
                  202015f8    00000030     (.common:gUART_VISIONBackup)
                  20201628    0000002c     vision_receiver.o (.bss.g_observation)
                  20201654    0000002c     empty.o (.bss.g_schedulerStats)
                  20201680    00000028     vision_receiver.o (.bss.g_ballPositionObservation)
                  202016a8    00000028     balance_tuning.o (.bss.g_debug)
                  202016d0    00000020     bluetooth_uart.o (.bss.g_runtime)
                  202016f0    0000001c     mission_manager.o (.bss.g_missionRuntime)
                  2020170c    0000001c     balance_encoder.o (.bss.g_runtime)
                  20201728    0000001c     balance_tuning.o (.bss.g_status)
                  20201744    0000001c     (.common:g_headingRuntime)
                  20201760    00000018     obstacle_avoidance.o (.bss.g_avoidFeedback)
                  20201778    00000018     balance_ball_control.o (.bss.g_config)
                  20201790    00000018     gimbal_stepper.o (.bss.g_feedback)
                  202017a8    00000018     vision_tuning_console.o (.bss.g_status)
                  202017c0    00000014     motion_action.o (.bss.g_motionActionRuntime)
                  202017d4    00000014     watchdog_monitor.o (.bss.g_status)
                  202017e8    00000010     fault.o (.bss.g_faultRecord)
                  202017f8    00000010     motor.o (.bss.g_motorRuntime)
                  20201808    0000000e     car_controller.o (.bss.g_carControllerFeedback)
                  20201816    00000002     ultrasonic.o (.bss.g_echoTicks)
                  20201818    0000000e     ultrasonic.o (.bss.g_ultrasonicFeedback)
                  20201826    00000002     balance_ball_control.o (.bss.g_lastPositionMm)
                  20201828    0000000c     magnet.o (.bss.g_runtime)
                  20201834    0000000c     debug_telemetry.o (.bss.g_status)
                  20201840    0000000c     balance_soft_limits.o (.bss.g_storedLimits)
                  2020184c    00000004     debug_telemetry.o (.bss.g_lastFrameMs)
                  20201850    00000008     balance_position_control.o (.bss.g_lastStepCount)
                  20201858    00000008     balance_position_control.o (.bss.g_moveStartStepCount)
                  20201860    00000008     obstacle_monitor.o (.bss.g_obstacleFeedback)
                  20201868    00000008     gimbal_stepper.o (.bss.g_stepperEstimatedSteps)
                  20201870    00000008     gimbal_stepper.o (.bss.g_stepperTargetEstimatedSteps)
                  20201878    00000008     gimbal.o (.bss.g_yawContinuousDegX10)
                  20201880    00000008     gimbal.o (.bss.g_yawLockedWorldYawDegX10)
                  20201888    00000008     gimbal.o (.bss.g_yawTargetContinuousDegX10)
                  20201890    00000008     gimbal.o (.bss.g_yawWorldTargetDegX10)
                  20201898    00000008     gimbal.o (.bss.g_yawWrappedDegX10)
                  202018a0    00000006     ultrasonic.o (.bss.g_distanceSamples)
                  202018a6    00000006     key.o (.bss.g_key1)
                  202018ac    00000006     key.o (.bss.g_key2)
                  202018b2    00000006     key.o (.bss.g_key3)
                  202018b8    00000004     balance_ball_control.o (.bss.g_lastObservationUpdateCount)
                  202018bc    00000004     balance_ball_control.o (.bss.g_lastPositionTimeMs)
                  202018c0    00000004     balance_calibration_store.o (.bss.g_lastSequence)
                  202018c4    00000004     balance_ball_control.o (.bss.g_lastSessionId)
                  202018c8    00000004     vision_receiver.o (.bss.g_lastSourceTimestampMs)
                  202018cc    00000004     watchdog_monitor.o (.bss.g_lastTickMs)
                  202018d0    00000004     wheel_speed_estimator.o (.bss.g_latchedErrorFlags)
                  202018d4    00000004     vision_receiver.o (.bss.g_localSessionId)
                  202018d8    00000004     empty.o (.bss.g_localTimeMs)
                  202018dc    00000004     encoder.o (.bss.g_motorAPulses)
                  202018e0    00000004     encoder.o (.bss.g_motorBPulses)
                  202018e4    00000004     balance_position_control.o (.bss.g_moveStartEncoderCount)
                  202018e8    00000004     imu.o (.bss.g_previousValidCorrectedGyroZDps)
                  202018ec    00000004     mission_manager.o (.bss.g_selectedDefinition)
                  202018f0    00000004     servo.o (.bss.g_servoFeedback)
                  202018f4    00000004     balance_encoder.o (.bss.g_speedLastCount)
                  202018f8    00000004     balance_position_control.o (.bss.g_startSoftLimitClampCount)
                  202018fc    00000004     balance_position_control.o (.bss.g_stepConversionResidualNumerator)
                  20201900    00000004     gimbal_stepper.o (.bss.g_stepperCompletedSteps)
                  20201904    00000004     gimbal.o (.bss.g_yawCommandedRpm)
                  20201908    00000004     gimbal.o (.bss.g_yawTargetRpm)
                  2020190c    00000004     empty.o (.bss.main.lastAppUpdateMs)
                  20201910    00000002     vision_receiver.o (.bss.g_lineSize)
                  20201912    00000002     vision_receiver.o (.bss.g_ringHead)
                  20201914    00000002     vision_receiver.o (.bss.g_ringTail)
                  20201916    00000002     balance_tuning.o (.bss.g_rxHead)
                  20201918    00000002     balance_tuning.o (.bss.g_rxTail)
                  2020191a    00000002     servo.o (.bss.g_servoPwmPhase)
                  2020191c    00000002     ultrasonic.o (.bss.g_stateTicks)
                  2020191e    00000002     gimbal_stepper.o (.bss.g_stepperHalfPeriodTicks)
                  20201920    00000002     gimbal_stepper.o (.bss.g_stepperStepHalfPeriodTicks)
                  20201922    00000002     balance_position_control.o (.bss.g_trackingDeadbandCount)
                  20201924    00000002     balance_position_control.o (.bss.g_trackingReengageCount)
                  20201926    00000002     balance_tuning.o (.bss.g_txHead)
                  20201928    00000002     balance_tuning.o (.bss.g_txTail)
                  2020192a    00000002     (.common:g_trackError)
                  2020192c    00000001     oled_ui.o (.bss.OledUi_Update_20ms.flushRow)
                  2020192d    00000001     oled_ui.o (.bss.OledUi_Update_20ms.refreshDivider)
                  2020192e    00000001     empty.o (.bss.SysTick_Handler.balanceEncoderSpeedMsCount)
                  2020192f    00000001     empty.o (.bss.SysTick_Handler.controlMsCount)
                  20201930    00000001     empty.o (.bss.SysTick_Handler.tick100usCount)
                  20201931    00000001     ultrasonic.o (.bss.Ultrasonic_Update_20ms.triggerDivider)
                  20201932    00000001     empty.o (.bss.g_appUpdatePending)
                  20201933    00000001     car_state.o (.bss.g_carState)
                  20201934    00000001     obstacle_monitor.o (.bss.g_centerSettleTicks)
                  20201935    00000001     balance_tuning.o (.bss.g_discardLine)
                  20201936    00000001     vision_receiver.o (.bss.g_discardUntilNewline)
                  20201937    00000001     ultrasonic.o (.bss.g_distanceSampleCount)
                  20201938    00000001     ultrasonic.o (.bss.g_distanceSampleIndex)
                  20201939    00000001     emergency_stop.o (.bss.g_emergencyStopActive)
                  2020193a    00000001     watchdog_monitor.o (.bss.g_faultApplied)
                  2020193b    00000001     watchdog_monitor.o (.bss.g_faultPending)
                  2020193c    00000001     balance_tuning.o (.bss.g_forceDebugSnapshot)
                  2020193d    00000001     imu.o (.bss.g_integrationHistoryValid)
                  2020193e    00000001     wheel_speed_estimator.o (.bss.g_leftFilterInitialized)
                  2020193f    00000001     balance_tuning.o (.bss.g_lineLength)
                  20201940    00000001     obstacle_safety.o (.bss.g_obstacleSafetyHolding)
                  20201941    00000001     oled.o (.bss.g_oledColumn)
                  20201942    00000001     menu.o (.bss.g_oledPage)
                  20201943    00000001     oled.o (.bss.g_oledPage)
                  20201944    00000001     encoder.o (.bss.g_overflowFlags)
                  20201945    00000001     menu.o (.bss.g_paramItem)
                  20201946    00000001     menu.o (.bss.g_paramReturnPage)
                  20201947    00000001     key.o (.bss.g_pendingEvent)
                  20201948    00000001     mission_manager.o (.bss.g_resumeCurrentAction)
                  20201949    00000001     wheel_speed_estimator.o (.bss.g_rightFilterInitialized)
                  2020194a    00000001     car_controller.o (.bss.g_safetyHold)
                  2020194b    00000001     imu.o (.bss.g_shortGapPending)
                  2020194c    00000001     gimbal_stepper.o (.bss.g_stepperDirection)
                  2020194d    00000001     gimbal_stepper.o (.bss.g_stepperRunning)
                  2020194e    00000001     gimbal_stepper.o (.bss.g_stepperStepHigh)
                  2020194f    00000001     gimbal_stepper.o (.bss.g_stepperStopAfterStepLow)
                  20201950    00000001     balance_soft_limits.o (.bss.g_storedLimitsValid)
                  20201951    00000001     motor_control.o (.bss.g_targetRefreshed)
                  20201952    00000001     mission_manager.o (.bss.g_transientActionActive)
                  20201953    00000001     ultrasonic.o (.bss.g_triggerRequest)
                  20201954    00000001     ultrasonic.o (.bss.g_ultrasonicState)
[...]
0001394d  CarController_StartDriveDistance                  
00013a21  GimbalStepper_MoveRelativeSteps                   
00013af5  BalanceEncoder_HandleGpioInterrupt                
00013bc1  OledUi_Update_20ms                                
00013c8d  FaultCode_ToShortString                           
00013d55  Angle_Normalize180                                
00013ed5  BalanceBallControl_SetConfig                      
00013f91  BalanceSoftLimits_Init                            
0001404d  CarController_ResetRuntime                        
00014109  Menu_GetParamValue                                
000141c5  GimbalStepper_StopHold                            
00014279  GimbalStepper_Init                                
00014329  SysTick_Handler                                   
000143d9  BalanceSoftLimits_StartPositionMoveToLogicalCount 
00014485  BalanceSoftLimits_ArmRecalibration                
0001452d  Encoder_HandleGpioInterrupt                       
00014675  __udivmoddi4                                      
00014717  ADC0_IRQHandler                                   
00014717  ADC1_IRQHandler                                   
00014717  AES_IRQHandler                                    
00014717  CANFD0_IRQHandler                                 
00014717  DAC0_IRQHandler                                   
00014717  DMA_IRQHandler                                    
00014717  Default_Handler                                   
00014717  GROUP0_IRQHandler                                 
00014717  HardFault_Handler                                 
00014717  I2C0_IRQHandler                                   
00014717  I2C1_IRQHandler                                   
00014717  NMI_Handler                                       
00014717  PendSV_Handler                                    
00014717  RTC_IRQHandler                                    
00014717  SPI0_IRQHandler                                   
00014717  SPI1_IRQHandler                                   
00014717  SVC_Handler                                       
00014717  TIMA0_IRQHandler                                  
00014717  TIMA1_IRQHandler                                  
00014717  TIMG0_IRQHandler                                  
00014717  TIMG12_IRQHandler                                 
00014717  TIMG6_IRQHandler                                  
00014717  TIMG7_IRQHandler                                  
00014717  TIMG8_IRQHandler                                  
00014717  UART0_IRQHandler                                  
00014717  UART1_IRQHandler                                  
00014719  BalanceSoftLimits_AbortCalibration                
00014859  ObstacleMonitor_Update_20ms                       
000148f5  memcpy                                            
0001498f  ObstacleAvoidance_Update_20ms                     
00014991  BalancePositionControl_ResetFault                 
00014a29  BalanceSoftLimits_CancelRecalibration             
00014b59  CarController_StartTurnToYawRelative              
00014bed  CarController_ResetTransientState                 
00014c7d  SYSCFG_DL_PWM_MOTOR_init                          
00014d09  SYSCFG_DL_UART_BALANCE_TUNING_init                
00014d95  __aeabi_fmul                                      
00014d95  __mulsf3                                          
00014eac  C$$EXIT                                           
00014ead  HOSTexit                                          
00014eb1  strcmp                                            
00014f39  CarController_SetSafetyHold                       
00014fbd  GimbalStepper_ConfirmZero                         
00015041  Motor_Init                                        
000150c5  __aeabi_fdiv                                      
000150c5  __divsf3                                          
00015147  TrackSensor_Init                                  
00015149  BalancePositionControl_Init                       
000151c9  BalanceTuning_Init                                
00015249  CarController_StartDriveHeading                   
000152c9  Motor_Stop                                        
00015349  App_Init                                          
000153c7  __aeabi_idiv0                                     
000153c9  BalanceSoftLimits_Enforce100usFromIsr             
00015445  __TI_decompress_lzss                              
00015621  GimbalStepper_Release                             
00015691  SYSCFG_DL_UART_VISION_init                        
00015701  TrackSensor_DetectTurn                            
0001576f  __aeabi_ldiv0                                     
00015771  MissionManager_GetSelectedMissionIndex            
00015841  TrackSensor_GetErrorFromRaw                       
000158a9  BalanceBallControl_Init                           
0001590d  BalanceSoftLimits_ResetPositionFault              
00015971  MissionManager_Start                              
000159d5  App_ResetToReady                                  
00015a39  __aeabi_fcmpeq                                    
00015a4d  __aeabi_fcmplt                                    
00015a61  __aeabi_fcmple                                    
00015a75  __aeabi_fcmpge                                    
00015a89  __aeabi_fcmpgt                                    
00015a9b  memset                                            
00015afd  UART2_IRQHandler                                  
00015b5d  __aeabi_f2lz                                      
00015b5d  __fixsfdi                                         
00015bbd  Ultrasonic_Update_20ms                            
00015c19  VisionReceiver_Init                               
00015d89  BalanceEncoder_Init                               
00015de1  MissionManager_Init                               
00015e39  OLED_PrintChar                                    
00015f41  __aeabi_idiv                                      
00015f41  __aeabi_idivmod                                   
00015f99  CarController_Stop                                
00015fed  TrackSensor_ReadRaw                               
00016041  WatchdogMonitor_ApplyFaultIfNeeded                
000160e9  BalancePositionControl_SetTrackingTarget          
00016139  BalanceSoftLimits_GetSnapshot                     
00016189  Ultrasonic_Init                                   
000161d9  WatchdogMonitor_Tick1msFromIsr                    
00016229  __aeabi_l2f                                       
00016229  __floatdisf                                       
00016279  MotorControl_Stop                                 
000162c5  copy_in                                           
0001635d  __TI_auto_init_nopinit                            
000163a9  DL_UART_init                                      
000163f1  MissionManager_Cancel                             
00016439  SYSCFG_DL_initPower                               
00016481  CarController_StartFollowLine                     
000164c5  EmergencyStop_Reset                               
00016509  Encoder_GetAndClearPulseDeltas                    
0001654d  Imu_ResetYaw                                      
00016591  MissionManager_Reset                              
000165d5  Servo_Tick100us                                   
00016619  UART3_IRQHandler                                  
0001665d  BalanceEncoder_GetSnapshot                        
0001669d  BalanceSoftLimits_StopMotion                      
000166dd  CarController_ResumeFollowLine                    
0001671d  Fault_Raise                                       
0001675d  SYSCFG_DL_SYSCTL_init                             
0001679d  VisionReceiver_PushByteFromIsr                    
000167dd  __aeabi_uidiv                                     
000167dd  __aeabi_uidivmod                                  
0001685d  __divmoddi4                                       
0001689d  BalanceBallControl_Enable                         
000168d9  BalancePositionControl_Cancel                     
00016915  MissionLibrary_FindById                           
00016951  MissionManager_Resume                             
0001698d  Servo_SetAngleDeg                                 
000169c9  __aeabi_i2f                                       
000169c9  __floatsisf                                       
00016a05  __gesf2                                           
00016a05  __gtsf2                                           
00016a7d  __cmpsf2                                          
00016a7d  __eqsf2                                           
00016a7d  __lesf2                                           
00016a7d  __ltsf2                                           
00016a7d  __nesf2                                           
00016ab9  __muldsi3                                         
00016af5  EmergencyStop_Trigger                             
00016b2d  __aeabi_f2iz                                      
00016b2d  __fixsfsi                                         
00016b65  BalancePositionControl_SetTrackingThresholds      
00016b99  Imu_IsReady                                       
00016bcd  OLED_PrintString                                  
00016c01  Key_Init                                          
00016c31  LineController_ObserveSensors                     
00016c61  WatchdogMonitor_Init                              
00016c91  WatchdogMonitor_Reset                             
00016cc1  BalancePositionControl_StartTracking              
00016ced  Encoder_Reset                                     
00016d19  MissionManager_Pause                              
00016d45  TrackSensor_CountBlack                            
00016d71  BalanceBallControl_ResetConfig                    
00016d99  BalanceSoftLimits_CancelTravelTest                
00016dc1  DL_FlashCTL_programMemoryFromRAM64WithECCGenerated
00016de9  EmergencyStop_Enforce                             
00016e11  Magnet_ForceOff                                   
00016e39  SYSCFG_DL_init                                    
00016e61  Servo_Init                                        
00016e89  __aeabi_ui2f                                      
00016e89  __floatunsisf                                     
00016eb1  _c_int00_noargs                                   
00016ed9  BalanceEncoder_SampleSpeed10msFromIsr             
00016efd  BalancePositionControl_GetSnapshot                
00016f21  BalanceSoftLimits_CancelOscillationTest           
00016f45  GimbalStepper_GetFeedbackSnapshot                 
00016f69  MissionManager_ReportExternalFailure              
00016f8d  MotorControl_Init                                 
00016fb1  MotorControl_Reset                                
00016fd5  OLED_ClearBuffer                                  
00016ff9  __aeabi_lmul                                      
00016ff9  __muldi3                                          
0001701d  BalanceBallControl_GetSnapshot                    
0001703d  DL_Timer_overrideCCPOut                           
0001705d  DebugTelemetry_Update                             
0001707d  GROUP1_IRQHandler                                 
0001709d  Magnet_Init                                       
000170bd  OLED_SetCursor                                    
000170dd  SchedulerMonitor_GetStats                         
000170fd  VisionReceiver_GetProtocolErrorCount              
0001711d  memcmp                                            
0001715d  __aeabi_llsl                                      
0001715d  __ashldi3                                         
0001717d  BalanceBallControl_Disable                        
00017199  BalanceBallControl_ForceStop                      
000171b5  DL_Timer_setCaptCompUpdateMethod                  
000171d1  DL_Timer_setClockConfig                           
000171ed  HeadingControl_SetTargetYaw                       
00017209  Menu_Init                                         
00017225  MotionAction_Cancel                               
00017241  ObstacleMonitor_Init                              
0001725d  ObstacleSafety_Init                               
00017279  WatchdogMonitor_NotifyControlCycleComplete        
000172b1  BalanceBallControl_GetConfig                      
000172c9  DL_FlashCTL_eraseMemoryFromRAM                    
000172e1  DL_Timer_setCaptureCompareOutCtl                  
000172f9  DebugTelemetry_Init                               
00017311  HeadingControl_Init                               
00017329  HeadingControl_Reset                              
00017341  Menu_ParamItemToString                            
00017359  MotionAction_Init                                 
00017371  ObstacleAvoidance_Init                            
00017389  RuntimeSnapshot_Init                              
000173a1  __aeabi_fcmpun                                    
000173a1  __unordsf2                                        
000173b9  Fault_Clear                                       
000173cd  Fault_Init                                        
000173e1  GimbalStepper_SetStepHalfPeriodTicks              
000173f5  HeadingControl_Enable                             
00017409  MissionLibrary_GetByIndex                         
0001741d  MissionManager_GetSelectedMissionId               
00017431  VisionUart_Init                                   
00017445  __aeabi_ldivmod                                   
00017459  __aeabi_uldivmod                                  
0001746d  DL_UART_setClockConfig                            
0001747f  __TI_decompress_none                              
00017491  BalancePositionControl_HasFault                   
000174a1  DL_Timer_setCaptureCompareValue                   
000174b1  Gimbal_YawGetFeedback                             
000174c1  Key_GetEvent                                      
000174d1  __TI_zero_init                                    
000174e1  BalanceEncoder_GetCountAtomic                     
000174ed  BalancePositionControl_IsBusy                     
000174f9  BalanceSoftLimits_IsCalibrationActive             
00017505  BalanceSoftLimits_IsOscillationTestActive         
00017511  BalanceSoftLimits_IsTravelTestActive              
0001751d  CarController_GetRunMode                          
00017529  CarController_Init                                
00017535  CarController_IsSafetyHoldActive                  
00017541  CarState_Get                                      
0001754d  CarState_Init                                     
00017559  CarState_Set                                      
00017565  EmergencyStop_Init                                
00017571  EmergencyStop_IsActive                            
0001757d  Imu_GetCorrectedGyroZDps                          
00017589  Imu_GetYaw                                        
00017595  Menu_GetPage                                      
000175a1  Menu_GetParamItem                                 
000175ad  MissionManager_IsExternallyHeld                   
000175b9  MissionManager_SetExternalHold                    
000175c5  ObstacleAvoidance_IsActive                        
000175d1  ObstacleAvoidance_IsFailed                        
000175dd  ObstacleSafety_IsHolding                          
000175e9  SystemTime_GetMs                                  
000175f5  WatchdogMonitor_HasTripped                        
00017601  __aeabi_memclr                                    
00017601  __aeabi_memclr4                                   
00017601  __aeabi_memclr8                                   
0001760d  DL_Common_delayCycles                             
00017617  MotionAction_Resume                               
00017621  MotionAction_Start                                
0001762b  TrackSensor_IsCenterDetected                      
00017635  TrackSensor_IsLineDetected                        
0001763f  TrackSensor_IsLineLost                            
00017649  BalanceSoftLimits_CancelPositionMove              
00017651  BalanceSoftLimits_IsPositionMoveActive            
00017659  BluetoothUart_GetRuntime                          
00017661  CarController_GetFeedback                         
00017669  Fault_GetRecord                                   
00017671  GimbalStepper_GetFeedback                         
00017679  HeadingControl_GetRuntime                         
00017681  Imu_GetRuntime                                    
00017689  LineController_GetRuntime                         
00017691  MissionManager_GetMissionCount                    
00017699  MissionManager_GetRuntime                         
000176a1  MotionAction_GetRuntime                           
000176a9  MotorControl_GetRuntime                           
000176b1  ObstacleAvoidance_GetFeedback                     
000176b9  ObstacleMonitor_GetFeedback                       
000176c1  OledUi_Init                                       
000176c9  RuntimeSnapshot_Get                               
000176d1  Servo_GetFeedback                                 
000176d9  Ultrasonic_GetFeedback                            
000176e1  VisionReceiver_GetBallPositionObservation         
000176e9  VisionReceiver_GetStatus                          
000176f1  VisionTuningConsole_GetStatus                     
000176f9  WatchdogMonitor_GetStatus                         
00017701  WheelSpeedEstimator_GetRuntime                    
00017709  __aeabi_memcpy                                    
00017709  __aeabi_memcpy4                                   
00017709  __aeabi_memcpy8                                   
00017711  abort                                             
00017717  MissionLibrary_GetCount                           
0001771b  ObstacleAvoidance_IsResumeGraceActive             
0001771f  Reset_Handler                                     
00017735  _system_pre_init                                  
00018338  __TI_Handler_Table_Base                           
00018344  __TI_Handler_Table_Limit                          
00018354  __TI_CINIT_Base                                   
00018364  __TI_CINIT_Limit                                  
00018364  __TI_CINIT_Warm                                   
00018368  __TI_table_binit                                  
00018368  __binit__                                         
00018368  binit                                             
0001fc00  g_balanceCalibrationReservedSector                
20200000  __start___llvm_prf_bits                           
20200000  __start___llvm_prf_cnts                           
20200000  __stop___llvm_prf_bits                            
20200000  __stop___llvm_prf_cnts                            
20200fd0  g_appConfig                                       
202011e0  g_imuRuntime                                      
202012e0  g_appRuntime                                      
20201468  g_wheelSpeedEstimatorRuntime                      
202015f8  gUART_VISIONBackup                                
20201744  g_headingRuntime                                  
2020192a  g_trackError                                      
2020195a  g_carStateDebug                                   
2020195b  g_keyEvent                                        
2020195c  g_oledPageDebug                                   
2020195d  g_paramItemDebug                                  
2020195e  g_trackBlackCount                                 
2020195f  g_trackModeDebug                                  
20201960  g_trackRaw                                        
20201961  g_trackTurnDebug                                  
20207e00  __stack                                           
20208000  __STACK_END                                       
ffffffff  __TI_pprof_out_hndl                               
ffffffff  __TI_prof_data_size                               
ffffffff  __TI_prof_data_start                              
UNDEFED   __mpu_init                                        
UNDEFED   _system_post_cinit                                

[394 symbols]
