******************************************************************************
            TI ARM Clang Linker PC v4.0.4                      
******************************************************************************
>> Linked Sat Jul 11 21:40:58 2026

OUTPUT FILE NAME:   <diansaikaishi.out>
ENTRY POINT SYMBOL: "_c_int00_noargs"  address: 000037a9


MEMORY CONFIGURATION

         name            origin    length      used     unused   attr    fill
----------------------  --------  ---------  --------  --------  ----  --------
  FLASH                 00000000   00020000  00003f20  0001c0e0  R  X
  SRAM                  20200000   00008000  0000030c  00007cf4  RW X
  BCR_CONFIG            41c00000   000000ff  00000000  000000ff  R   
  BSL_CONFIG            41c00100   00000080  00000000  00000080  R   


SEGMENT ALLOCATION MAP

run origin  load origin   length   init length attrs members
----------  ----------- ---------- ----------- ----- -------
00000000    00000000    00003f20   00003f20    r-x
  00000000    00000000    000000c0   000000c0    r-- .intvecs
  000000c0    000000c0    00003a80   00003a80    r-x .text
  00003b40    00003b40    000003c8   000003c8    r-- .rodata
  00003f08    00003f08    00000018   00000018    r-- .cinit
20200000    20200000    0000010c   00000000    rw-
  20200000    20200000    0000010c   00000000    rw- .bss
20207e00    20207e00    00000200   00000000    rw-
  20207e00    20207e00    00000200   00000000    rw- .stack


SECTION ALLOCATION MAP

 output                                  attributes/
section   page    origin      length       input sections
--------  ----  ----------  ----------   ----------------
.intvecs   0    00000000    000000c0     
                  00000000    000000c0     startup_mspm0g350x_ticlang.o (.intvecs)

.text      0    000000c0    00003a80     
                  000000c0    00000430     oled_ui.o (.text.OledUi_Update_20ms)
                  000004f0    000003c8     car_controller.o (.text.CarController_Update_20ms)
                  000008b8    000002f0     imu.o (.text.mpu6050_read_regs)
                  00000ba8    000002d8     imu.o (.text.Imu_Init)
                  00000e80    00000254     oled.o (.text.OLED_Clear)
                  000010d4    00000214     imu.o (.text.Imu_CalibrateGyroBias)
                  000012e8    00000208     app_config.o (.text.AppConfig_LimitAll)
                  000014f0    000001cc     imu.o (.text.imu_i2c_write_byte)
                  000016bc    000001b8     oled.o (.text.oled_i2c_write_byte)
                  00001874    00000174     key.o (.text.Key_Update_20ms)
                  000019e8    00000160     heading_control.o (.text.HeadingControl_Update)
                  00001b48    0000013c     oled.o (.text.OLED_PrintInt16)
                  00001c84    00000134     imu.o (.text.Imu_Update)
                  00001db8    0000012c     imu.o (.text.imu_i2c_recover_bus)
                  00001ee4    000000f8     motion_action.o (.text.MotionAction_Update_20ms)
                  00001fdc    000000f4     mission_manager.o (.text.MissionManager_Update_20ms)
                  000020d0    000000f0     mission_manager.o (.text.MissionManager_SelectNext)
                  000021c0    000000dc     motion_action.o (.text.MotionAction_Start)
                  0000229c    000000d8     libclang_rt.builtins.a : addsf3.S.obj (.text)
                  00002374    000000d4     mission_manager.o (.text.MissionManager_SelectPrevious)
                  00002448    000000d4     oled.o (.text.OLED_Init)
                  0000251c    000000d0     oled.o (.text.OLED_PrintChar)
                  000025ec    000000cc     menu.o (.text.Menu_HandleKeyEvent)
                  000026b8    000000c4     car_controller.o (.text.handle_turn_90)
                  0000277c    000000c4     menu.o (.text.menu_adjust_param)
                  00002840    000000b0     motor.o (.text.Motor_SetSpeed)
                  000028f0    000000a8     app.o (.text.App_Update_20ms)
                  00002998    000000a8     ti_msp_dl_config.o (.text.SYSCFG_DL_GPIO_init)
                  00002a40    000000a2     libclang_rt.builtins.a : udivmoddi4.S.obj (.text)
                  00002ae2    00000002     startup_mspm0g350x_ticlang.o (.text.Default_Handler)
                  00002ae4    00000098     imu.o (.text.mpu6050_write_reg)
                  00002b7c    00000090     app_config.o (.text.AppConfig_InitDefault)
                  00002c0c    0000008c     libclang_rt.builtins.a : mulsf3.S.obj (.text.__mulsf3)
                  00002c98    00000082                            : divsf3.S.obj (.text.__divsf3)
                  00002d1a    00000080     mission_library.o (.text.MissionLibrary_Validate)
                  00002d9a    00000002     track_sensor.o (.text.TrackSensor_Init)
                  00002d9c    00000078     oled.o (.text.oled_write_command)
                  00002e14    00000074     menu.o (.text.Menu_GetParamValue)
                  00002e88    0000006c     encoder.o (.text.Encoder_HandleGpioInterrupt)
                  00002ef4    0000006c     empty.o (.text.main)
                  00002f60    00000066     track_sensor.o (.text.TrackSensor_GetErrorFromRaw)
                  00002fc6    00000002     libclang_rt.builtins.a : aeabi_div0.c.obj (.text.__aeabi_idiv0)
                  00002fc8    00000062                            : aeabi_fcmp.S.obj (.text.__aeabi_fcmp)
                  0000302a    0000005e     oled.o (.text.OLED_PrintBinary7)
                  00003088    00000056     libclang_rt.builtins.a : aeabi_idivmod.S.obj (.text.__aeabi_idivmod)
                  000030de    00000002                            : aeabi_div0.c.obj (.text.__aeabi_ldiv0)
                  000030e0    00000054     track_sensor.o (.text.TrackSensor_ReadRaw)
                  00003134    00000050     car_controller.o (.text.CarController_StartSeekLine)
                  00003184    00000050     motor.o (.text.Motor_PwmTick100us)
                  000031d4    00000048     mission_manager.o (.text.MissionManager_Init)
                  0000321c    00000046     app.o (.text.App_Init)
                  00003262    00000002     --HOLE-- [fill = 0]
                  00003264    00000040     ti_msp_dl_config.o (.text.SYSCFG_DL_SYSCTL_init)
                  000032a4    0000003e     libclang_rt.builtins.a : divmoddi4.c.obj (.text.__divmoddi4)
                  000032e2    00000002     --HOLE-- [fill = 0]
                  000032e4    0000003c     mission_manager.o (.text.MissionManager_Start)
                  00003320    0000003c     empty.o (.text.SysTick_Handler)
                  0000335c    0000003c     libclang_rt.builtins.a : floatsisf.S.obj (.text.__floatsisf)
                  00003398    0000003c                            : comparesf2.S.obj (.text.__gtsf2)
                  000033d4    0000003c     libc.a : autoinit.c.obj (.text:__TI_auto_init_nobinit_nopinit)
                  00003410    0000003a     libclang_rt.builtins.a : comparesf2.S.obj (.text.__eqsf2)
                  0000344a    00000002     --HOLE-- [fill = 0]
                  0000344c    0000003a                            : muldsi3.S.obj (.text.__muldsi3)
                  00003486    00000002     --HOLE-- [fill = 0]
                  00003488    00000038     car_controller.o (.text.CarController_Init)
                  000034c0    00000038     car_controller.o (.text.CarController_ResetRuntime)
                  000034f8    00000038     motor.o (.text.Motor_Init)
                  00003530    00000038     libclang_rt.builtins.a : fixsfsi.S.obj (.text.__fixsfsi)
                  00003568    00000036     track_sensor.o (.text.TrackSensor_DetectTurn)
                  0000359e    00000002     --HOLE-- [fill = 0]
                  000035a0    00000034     car_controller.o (.text.CarController_StartFollowLine)
                  000035d4    00000034     oled.o (.text.OLED_SetCursor)
                  00003608    00000032     oled.o (.text.OLED_PrintString)
                  0000363a    00000002     --HOLE-- [fill = 0]
                  0000363c    00000030     car_controller.o (.text.CarController_StartTurnRight90)
                  0000366c    00000030     key.o (.text.Key_Init)
                  0000369c    00000030     mission_manager.o (.text.MissionManager_Reset)
                  000036cc    0000002c     car_controller.o (.text.CarController_StartTurnLeft90)
                  000036f8    0000002c     mission_manager.o (.text.MissionManager_Cancel)
                  00003724    0000002c     motor.o (.text.Motor_Stop)
                  00003750    0000002c     ti_msp_dl_config.o (.text.SYSCFG_DL_initPower)
                  0000377c    0000002c     track_sensor.o (.text.TrackSensor_CountBlack)
                  000037a8    00000028     libc.a : boot_cortex_m.c.obj (.text:_c_int00_noargs)
                  000037d0    00000024     encoder.o (.text.Encoder_Reset)
                  000037f4    00000020     car_controller.o (.text.CarController_Stop)
                  00003814    00000020     mission_library.o (.text.MissionLibrary_FindById)
                  00003834    00000020     mission_manager.o (.text.MissionManager_Pause)
                  00003854    00000020     mission_manager.o (.text.MissionManager_Resume)
                  00003874    00000020     mission_manager.o (.text.mission_finish_error)
                  00003894    0000001e     libclang_rt.builtins.a : ashldi3.S.obj (.text.__ashldi3)
                  000038b2    00000002     --HOLE-- [fill = 0]
                  000038b4    0000001c     imu.o (.text.Imu_IsReady)
                  000038d0    00000018     car_controller.o (.text.CarController_RunModeToString)
                  000038e8    00000018     car_state.o (.text.CarState_ToString)
                  00003900    00000018     heading_control.o (.text.HeadingControl_LockCurrentYaw)
                  00003918    00000018     heading_control.o (.text.HeadingControl_SetTargetYaw)
                  00003930    00000018     menu.o (.text.Menu_ParamItemToString)
                  00003948    00000018     motion_action.o (.text.MotionAction_Cancel)
                  00003960    00000016     libc.a : copy_zero_init.c.obj (.text:decompress:ZI:__TI_zero_init_nomemset)
                  00003976    00000002     --HOLE-- [fill = 0]
                  00003978    00000014     app_config.o (.text.AppConfig_DecreaseTargetLap)
                  0000398c    00000014     app_config.o (.text.AppConfig_IncreaseTargetLap)
                  000039a0    00000014     empty.o (.text.GROUP1_IRQHandler)
                  000039b4    00000014     heading_control.o (.text.HeadingControl_Enable)
                  000039c8    00000014     heading_control.o (.text.HeadingControl_Init)
                  000039dc    00000014     heading_control.o (.text.HeadingControl_Reset)
                  000039f0    00000014     menu.o (.text.Menu_Init)
                  00003a04    00000014     mission_library.o (.text.MissionLibrary_GetByIndex)
                  00003a18    00000014     mission_manager.o (.text.MissionManager_GetSelectedMissionId)
                  00003a2c    00000014     motion_action.o (.text.MotionAction_Init)
                  00003a40    00000014     libclang_rt.builtins.a : aeabi_ldivmod.S.obj (.text.__aeabi_ldivmod)
                  00003a54    00000010     key.o (.text.Key_GetEvent)
                  00003a64    00000010     ti_msp_dl_config.o (.text.SYSCFG_DL_init)
                  00003a74    0000000c     car_controller.o (.text.CarController_GetRunMode)
                  00003a80    0000000c     car_state.o (.text.CarState_Get)
                  00003a8c    0000000c     car_state.o (.text.CarState_Init)
                  00003a98    0000000c     car_state.o (.text.CarState_Set)
                  00003aa4    0000000c     imu.o (.text.Imu_GetCorrectedGyroZDps)
                  00003ab0    0000000c     imu.o (.text.Imu_GetYaw)
                  00003abc    0000000c     imu.o (.text.Imu_ResetYaw)
                  00003ac8    0000000c     menu.o (.text.Menu_GetPage)
                  00003ad4    0000000c     menu.o (.text.Menu_GetParamItem)
                  00003ae0    0000000c     oled_ui.o (.text.OledUi_Init)
                  00003aec    0000000a     driverlib.a : dl_common.o (.text.DL_Common_delayCycles)
                  00003af6    0000000a     track_sensor.o (.text.TrackSensor_IsCenterDetected)
                  00003b00    0000000a     track_sensor.o (.text.TrackSensor_IsLineLost)
                  00003b0a    00000002     --HOLE-- [fill = 0]
                  00003b0c    00000008     heading_control.o (.text.HeadingControl_GetRuntime)
                  00003b14    00000008     imu.o (.text.Imu_GetRuntime)
                  00003b1c    00000008     motion_action.o (.text.MotionAction_GetRuntime)
                  00003b24    00000006     libc.a : exit.c.obj (.text:abort)
                  00003b2a    00000004     libsysbm.a : hostexit.c.obj (.text.HOSTexit)
                  00003b2e    00000004     mission_library.o (.text.MissionLibrary_GetCount)
                  00003b32    00000004     startup_mspm0g350x_ticlang.o (.text.Reset_Handler)
                  00003b36    00000004     libc.a : pre_init.c.obj (.text._system_pre_init)
                  00003b3a    00000006     --HOLE-- [fill = 0]

.cinit     0    00003f08    00000018     
                  00003f08    00000008     (.cinit..bss.load) [load image, compression = zero_init]
                  00003f10    00000004     (__TI_handler_table)
                  00003f14    00000008     (__TI_cinit_table)
                  00003f1c    00000004     --HOLE-- [fill = 0]

.rodata    0    00003b40    000003c8     
                  00003b40    000000d8     oled.o (.rodata..Lswitch.table.OLED_PrintChar)
                  00003c18    00000078     mission_library.o (.rodata.g_missionTestSeekFollow)
                  00003c90    00000048     mission_library.o (.rodata.g_missionLegacy)
                  00003cd8    00000028     menu.o (.rodata..Lswitch.table.Menu_ParamItemToString)
                  00003d00    00000020     mission_library.o (.rodata.g_missionRegistry)
                  00003d20    00000018     car_state.o (.rodata..Lswitch.table.CarState_ToString)
                  00003d38    00000014     car_controller.o (.rodata..Lswitch.table.CarController_RunModeToString)
                  00003d4c    00000009     oled_ui.o (.rodata.str1.3455423528827705371.1)
                  00003d55    00000008     mission_library.o (.rodata.str1.13636476544574750902.1)
                  00003d5d    00000007     mission_library.o (.rodata.str1.199678142196697465.1)
                  00003d64    00000007     oled_ui.o (.rodata.str1.8426569189266129334.1)
                  00003d6b    00000006     oled_ui.o (.rodata.str1.1108652269057166745.1)
                  00003d71    00000006     menu.o (.rodata.str1.12110183915172842339.1)
                  00003d77    00000006     oled_ui.o (.rodata.str1.1445687256832830955.1)
                  00003d7d    00000006     car_state.o (.rodata.str1.1675797584173499143.1)
                  00003d83    00000006     oled_ui.o (.rodata.str1.3025253791635144717.1)
                  00003d89    00000006     car_state.o (.rodata.str1.41590466491370331.1)
                  00003d8f    00000006     oled_ui.o (.rodata.str1.5853739094453432564.1)
                  00003d95    00000005     oled.o (.rodata.oled_get_glyph.colon)
                  00003d9a    00000005     oled.o (.rodata.oled_get_glyph.eight)
                  00003d9f    00000005     oled.o (.rodata.oled_get_glyph.five)
                  00003da4    00000005     oled.o (.rodata.oled_get_glyph.four)
                  00003da9    00000005     oled.o (.rodata.oled_get_glyph.glyphA)
                  00003dae    00000005     oled.o (.rodata.oled_get_glyph.glyphB)
                  00003db3    00000005     oled.o (.rodata.oled_get_glyph.glyphC)
                  00003db8    00000005     oled.o (.rodata.oled_get_glyph.glyphD)
                  00003dbd    00000005     oled.o (.rodata.oled_get_glyph.glyphE)
                  00003dc2    00000005     oled.o (.rodata.oled_get_glyph.glyphG)
                  00003dc7    00000005     oled.o (.rodata.oled_get_glyph.glyphH)
                  00003dcc    00000005     oled.o (.rodata.oled_get_glyph.glyphI)
                  00003dd1    00000005     oled.o (.rodata.oled_get_glyph.glyphK)
                  00003dd6    00000005     oled.o (.rodata.oled_get_glyph.glyphL)
                  00003ddb    00000005     oled.o (.rodata.oled_get_glyph.glyphM)
                  00003de0    00000005     oled.o (.rodata.oled_get_glyph.glyphN)
                  00003de5    00000005     oled.o (.rodata.oled_get_glyph.glyphO)
                  00003dea    00000005     oled.o (.rodata.oled_get_glyph.glyphP)
                  00003def    00000005     oled.o (.rodata.oled_get_glyph.glyphR)
                  00003df4    00000005     oled.o (.rodata.oled_get_glyph.glyphS)
                  00003df9    00000005     oled.o (.rodata.oled_get_glyph.glyphT)
                  00003dfe    00000005     oled.o (.rodata.oled_get_glyph.glyphU)
                  00003e03    00000005     oled.o (.rodata.oled_get_glyph.glyphV)
                  00003e08    00000005     oled.o (.rodata.oled_get_glyph.glyphW)
                  00003e0d    00000005     oled.o (.rodata.oled_get_glyph.glyphX)
                  00003e12    00000005     oled.o (.rodata.oled_get_glyph.glyphY)
                  00003e17    00000005     oled.o (.rodata.oled_get_glyph.glyphb)
                  00003e1c    00000005     oled.o (.rodata.oled_get_glyph.gt)
                  00003e21    00000005     oled.o (.rodata.oled_get_glyph.minus)
                  00003e26    00000005     oled.o (.rodata.oled_get_glyph.nine)
                  00003e2b    00000005     oled.o (.rodata.oled_get_glyph.one)
                  00003e30    00000005     oled.o (.rodata.oled_get_glyph.seven)
                  00003e35    00000005     oled.o (.rodata.oled_get_glyph.six)
                  00003e3a    00000005     oled.o (.rodata.oled_get_glyph.space)
                  00003e3f    00000005     oled.o (.rodata.oled_get_glyph.three)
                  00003e44    00000005     oled.o (.rodata.oled_get_glyph.two)
                  00003e49    00000005     oled.o (.rodata.oled_get_glyph.zero)
                  00003e4e    00000005     oled_ui.o (.rodata.str1.10416366799939242409.1)
                  00003e53    00000005     oled_ui.o (.rodata.str1.130772507669342127.1)
                  00003e58    00000005     oled_ui.o (.rodata.str1.14556837007311414654.1)
                  00003e5d    00000005     oled_ui.o (.rodata.str1.15008238333949226094.1)
                  00003e62    00000005     menu.o (.rodata.str1.16312125044762562515.1)
                  00003e67    00000005     oled_ui.o (.rodata.str1.17540787658903907660.1)
                  00003e6c    00000005     car_controller.o (.rodata.str1.18191498530309206443.1)
                  00003e71    00000005     oled_ui.o (.rodata.str1.18266126048138325213.1)
                  00003e76    00000005     car_controller.o (.rodata.str1.4164979912472006574.1)
                  00003e7b    00000005     oled_ui.o (.rodata.str1.4581472623415959594.1)
                  00003e80    00000005     menu.o (.rodata.str1.4862307748908978627.1)
                  00003e85    00000005     car_state.o (.rodata.str1.8223341253983108753.1)
                  00003e8a    00000005     car_state.o (.rodata.str1.8698975129455933903.1)
                  00003e8f    00000005     oled_ui.o (.rodata.str1.9544068167406571052.1)
                  00003e94    00000005     car_controller.o (.rodata.str1.9981487771679760427.1)
                  00003e99    00000004     oled_ui.o (.rodata.str1.11232419324784801130.1)
                  00003e9d    00000004     car_controller.o (.rodata.str1.12442237994239546032.1)
                  00003ea1    00000004     oled_ui.o (.rodata.str1.13882251010780863896.1)
                  00003ea5    00000004     car_state.o (.rodata.str1.13986535679874659196.1)
                  00003ea9    00000004     oled_ui.o (.rodata.str1.14358698208395374265.1)
                  00003ead    00000004     oled_ui.o (.rodata.str1.15917848551323629232.1)
                  00003eb1    00000004     oled_ui.o (.rodata.str1.16931641404301806744.1)
                  00003eb5    00000004     menu.o (.rodata.str1.17041139162815566052.1)
                  00003eb9    00000004     car_controller.o (.rodata.str1.17172356789460551389.1)
                  00003ebd    00000004     oled_ui.o (.rodata.str1.17274519358952562110.1)
                  00003ec1    00000004     oled_ui.o (.rodata.str1.17812014771544466701.1)
                  00003ec5    00000004     car_state.o (.rodata.str1.3601627812925153765.1)
                  00003ec9    00000004     oled_ui.o (.rodata.str1.3702290527496711532.1)
                  00003ecd    00000004     oled_ui.o (.rodata.str1.4402311448527872260.1)
                  00003ed1    00000004     menu.o (.rodata.str1.4646809750356241979.1)
                  00003ed5    00000004     menu.o (.rodata.str1.5155000645726596423.1)
                  00003ed9    00000004     oled_ui.o (.rodata.str1.5965450730569173784.1)
                  00003edd    00000004     menu.o (.rodata.str1.6857549598058878762.1)
                  00003ee1    00000004     menu.o (.rodata.str1.8935930992971773687.1)
                  00003ee5    00000004     car_controller.o (.rodata.str1.9234375891235759983.1)
                  00003ee9    00000004     menu.o (.rodata.str1.9546740394641817443.1)
                  00003eed    00000004     oled_ui.o (.rodata.str1.967006512144173535.1)
                  00003ef1    00000003     oled_ui.o (.rodata.str1.1019225241002246410.1)
                  00003ef4    00000003     menu.o (.rodata.str1.13124720451672825294.1)
                  00003ef7    00000003     menu.o (.rodata.str1.14098755746347272832.1)
                  00003efa    00000003     oled_ui.o (.rodata.str1.14134189893851348960.1)
                  00003efd    00000003     oled_ui.o (.rodata.str1.2308938766145545715.1)
                  00003f00    00000003     oled_ui.o (.rodata.str1.9159586779647977165.1)
                  00003f03    00000003     oled_ui.o (.rodata.str1.9854382722193312766.1)
                  00003f06    00000002     --HOLE-- [fill = 0]

.init_array 
*          0    00000000    00000000     UNINITIALIZED

.binit     0    00000000    00000000     

.bss       0    20200000    0000010c     UNINITIALIZED
                  20200000    0000004c     (.common:g_appConfig)
                  2020004c    00000028     (.common:g_appRuntime)
                  20200074    00000028     (.common:g_imuRuntime)
                  2020009c    0000001c     mission_manager.o (.bss.g_missionRuntime)
                  202000b8    00000014     (.common:g_headingRuntime)
                  202000cc    00000010     motion_action.o (.bss.g_motionActionRuntime)
                  202000dc    00000006     key.o (.bss.g_key1)
                  202000e2    00000006     key.o (.bss.g_key2)
                  202000e8    00000006     key.o (.bss.g_key3)
                  202000ee    00000002     (.common:g_trackError)
                  202000f0    00000004     encoder.o (.bss.g_motorAPulses)
                  202000f4    00000004     encoder.o (.bss.g_motorBPulses)
                  202000f8    00000001     oled_ui.o (.bss.OledUi_Update_20ms.refreshDivider)
                  202000f9    00000001     empty.o (.bss.SysTick_Handler.controlMsCount)
                  202000fa    00000001     empty.o (.bss.SysTick_Handler.tick100usCount)
                  202000fb    00000001     empty.o (.bss.g_appUpdateDue)
                  202000fc    00000001     car_state.o (.bss.g_carState)
                  202000fd    00000001     motor.o (.bss.g_motorADutyLevel)
                  202000fe    00000001     motor.o (.bss.g_motorBDutyLevel)
                  202000ff    00000001     oled.o (.bss.g_oledColumn)
                  20200100    00000001     menu.o (.bss.g_oledPage)
                  20200101    00000001     menu.o (.bss.g_paramItem)
                  20200102    00000001     key.o (.bss.g_pendingEvent)
                  20200103    00000001     motor.o (.bss.g_pwmPhase)
                  20200104    00000001     (.common:g_carStateDebug)
                  20200105    00000001     (.common:g_keyEvent)
                  20200106    00000001     (.common:g_oledPageDebug)
                  20200107    00000001     (.common:g_paramItemDebug)
                  20200108    00000001     (.common:g_trackBlackCount)
                  20200109    00000001     (.common:g_trackModeDebug)
                  2020010a    00000001     (.common:g_trackRaw)
                  2020010b    00000001     (.common:g_trackTurnDebug)

.stack     0    20207e00    00000200     UNINITIALIZED
                  20207e00    00000004     libc.a : boot_cortex_m.c.obj (.stack)
                  20207e04    000001fc     --HOLE--

__llvm_prf_cnts 
*          0    20200000    00000000     UNINITIALIZED

__llvm_prf_bits 
*          0    20200000    00000000     UNINITIALIZED

MODULE SUMMARY

       Module                         code    ro data   rw data
       ------                         ----    -------   -------
    .\
       imu.o                          3304    0         40     
       oled.o                         2088    401       1      
       car_controller.o               1568    47        40     
       oled_ui.o                      1084    139       1      
       mission_manager.o              1036    0         28     
       app_config.o                   704     0         76     
       menu.o                         584     86        2      
       motion_action.o                520     0         16     
       heading_control.o              468     0         20     
       key.o                          436     0         19     
       mission_library.o              184     239       0      
       motor.o                        356     0         3      
       track_sensor.o                 306     0         0      
       ti_msp_dl_config.o             292     0         0      
       app.o                          238     0         10     
       startup_mspm0g350x_ticlang.o   6       192       0      
       empty.o                        188     0         3      
       encoder.o                      144     0         8      
       car_state.o                    60      54        1      
    +--+------------------------------+-------+---------+---------+
       Total:                         13566   1158      268    
                                                               
    C:/TI/mspm0_sdk_2_05_01_00/source/ti/driverlib/lib/ticlang/m0p/mspm0g1x0x_g3x0x/driverlib.a
       dl_common.o                    10      0         0      
    +--+------------------------------+-------+---------+---------+
       Total:                         10      0         0      
                                                               
    D:\TI\CCS\ccs\tools\compiler\ti-cgt-armllvm_4.0.4.LTS\lib\armv6m-ti-none-eabi/c/libc.a
       autoinit.c.obj                 60      0         0      
       boot_cortex_m.c.obj            40      0         0      
       copy_zero_init.c.obj           22      0         0      
       exit.c.obj                     6       0         0      
       pre_init.c.obj                 4       0         0      
    +--+------------------------------+-------+---------+---------+
       Total:                         132     0         0      
                                                               
    D:\TI\CCS\ccs\tools\compiler\ti-cgt-armllvm_4.0.4.LTS\lib\armv6m-ti-none-eabi/c/libsysbm.a
       hostexit.c.obj                 4       0         0      
    +--+------------------------------+-------+---------+---------+
       Total:                         4       0         0      
                                                               
    D:\TI\CCS\ccs\tools\compiler\ti-cgt-armllvm_4.0.4.LTS\lib\armv6m-ti-none-eabi/libclang_rt.builtins.a
       addsf3.S.obj                   216     0         0      
       udivmoddi4.S.obj               162     0         0      
       mulsf3.S.obj                   140     0         0      
       divsf3.S.obj                   130     0         0      
       comparesf2.S.obj               118     0         0      
       aeabi_fcmp.S.obj               98      0         0      
       aeabi_idivmod.S.obj            86      0         0      
       divmoddi4.c.obj                62      0         0      
       floatsisf.S.obj                60      0         0      
       muldsi3.S.obj                  58      0         0      
       fixsfsi.S.obj                  56      0         0      
       ashldi3.S.obj                  30      0         0      
       aeabi_ldivmod.S.obj            20      0         0      
       aeabi_div0.c.obj               4       0         0      
    +--+------------------------------+-------+---------+---------+
       Total:                         1240    0         0      
                                                               
       Stack:                         0       0         512    
       Linker Generated:              0       20        0      
    +--+------------------------------+-------+---------+---------+
       Grand Total:                   14952   1178      780    


LINKER GENERATED COPY TABLES

__TI_cinit_table @ 00003f14 records: 1, size/record: 8, table size: 8
	.bss: load addr=00003f08, load size=00000008 bytes, run addr=20200000, run size=0000010c bytes, compression=zero_init


LINKER GENERATED HANDLER TABLE

__TI_handler_table @ 00003f10 records: 1, size/record: 4, table size: 4
	index: 0, handler: __TI_zero_init


GLOBAL SYMBOLS: SORTED ALPHABETICALLY BY Name 

address   name                               
-------   ----                               
00002ae3  ADC0_IRQHandler                    
00002ae3  ADC1_IRQHandler                    
00002ae3  AES_IRQHandler                     
00003979  AppConfig_DecreaseTargetLap        
0000398d  AppConfig_IncreaseTargetLap        
00002b7d  AppConfig_InitDefault              
000012e9  AppConfig_LimitAll                 
0000321d  App_Init                           
000028f1  App_Update_20ms                    
00003b2a  C$$EXIT                            
00002ae3  CANFD0_IRQHandler                  
00003a75  CarController_GetRunMode           
00003489  CarController_Init                 
000034c1  CarController_ResetRuntime         
000038d1  CarController_RunModeToString      
000035a1  CarController_StartFollowLine      
00003135  CarController_StartSeekLine        
000036cd  CarController_StartTurnLeft90      
0000363d  CarController_StartTurnRight90     
000037f5  CarController_Stop                 
000004f1  CarController_Update_20ms          
00003a81  CarState_Get                       
00003a8d  CarState_Init                      
00003a99  CarState_Set                       
000038e9  CarState_ToString                  
00002ae3  DAC0_IRQHandler                    
00003aed  DL_Common_delayCycles              
00002ae3  DMA_IRQHandler                     
00002ae3  Default_Handler                    
00002e89  Encoder_HandleGpioInterrupt        
000037d1  Encoder_Reset                      
00002ae3  GROUP0_IRQHandler                  
000039a1  GROUP1_IRQHandler                  
00003b2b  HOSTexit                           
00002ae3  HardFault_Handler                  
000039b5  HeadingControl_Enable              
00003b0d  HeadingControl_GetRuntime          
000039c9  HeadingControl_Init                
00003901  HeadingControl_LockCurrentYaw      
000039dd  HeadingControl_Reset               
00003919  HeadingControl_SetTargetYaw        
000019e9  HeadingControl_Update              
00002ae3  I2C0_IRQHandler                    
00002ae3  I2C1_IRQHandler                    
000010d5  Imu_CalibrateGyroBias              
00003aa5  Imu_GetCorrectedGyroZDps           
00003b15  Imu_GetRuntime                     
00003ab1  Imu_GetYaw                         
00000ba9  Imu_Init                           
000038b5  Imu_IsReady                        
00003abd  Imu_ResetYaw                       
00001c85  Imu_Update                         
00003a55  Key_GetEvent                       
0000366d  Key_Init                           
00001875  Key_Update_20ms                    
00003ac9  Menu_GetPage                       
00003ad5  Menu_GetParamItem                  
00002e15  Menu_GetParamValue                 
000025ed  Menu_HandleKeyEvent                
000039f1  Menu_Init                          
00003931  Menu_ParamItemToString             
00003815  MissionLibrary_FindById            
00003a05  MissionLibrary_GetByIndex          
00003b2f  MissionLibrary_GetCount            
00002d1b  MissionLibrary_Validate            
000036f9  MissionManager_Cancel              
00003a19  MissionManager_GetSelectedMissionId
000031d5  MissionManager_Init                
00003835  MissionManager_Pause               
0000369d  MissionManager_Reset               
00003855  MissionManager_Resume              
000020d1  MissionManager_SelectNext          
00002375  MissionManager_SelectPrevious      
000032e5  MissionManager_Start               
00001fdd  MissionManager_Update_20ms         
00003949  MotionAction_Cancel                
00003b1d  MotionAction_GetRuntime            
00003a2d  MotionAction_Init                  
000021c1  MotionAction_Start                 
00001ee5  MotionAction_Update_20ms           
000034f9  Motor_Init                         
00003185  Motor_PwmTick100us                 
00002841  Motor_SetSpeed                     
00003725  Motor_Stop                         
00002ae3  NMI_Handler                        
00000e81  OLED_Clear                         
00002449  OLED_Init                          
0000302b  OLED_PrintBinary7                  
0000251d  OLED_PrintChar                     
00001b49  OLED_PrintInt16                    
00003609  OLED_PrintString                   
000035d5  OLED_SetCursor                     
00003ae1  OledUi_Init                        
000000c1  OledUi_Update_20ms                 
00002ae3  PendSV_Handler                     
00002ae3  RTC_IRQHandler                     
00003b33  Reset_Handler                      
00002ae3  SPI0_IRQHandler                    
00002ae3  SPI1_IRQHandler                    
00002ae3  SVC_Handler                        
00002999  SYSCFG_DL_GPIO_init                
00003265  SYSCFG_DL_SYSCTL_init              
00003a65  SYSCFG_DL_init                     
00003751  SYSCFG_DL_initPower                
00003321  SysTick_Handler                    
00002ae3  TIMA0_IRQHandler                   
00002ae3  TIMA1_IRQHandler                   
00002ae3  TIMG0_IRQHandler                   
00002ae3  TIMG12_IRQHandler                  
00002ae3  TIMG6_IRQHandler                   
00002ae3  TIMG7_IRQHandler                   
00002ae3  TIMG8_IRQHandler                   
0000377d  TrackSensor_CountBlack             
00003569  TrackSensor_DetectTurn             
00002f61  TrackSensor_GetErrorFromRaw        
00002d9b  TrackSensor_Init                   
00003af7  TrackSensor_IsCenterDetected       
00003b01  TrackSensor_IsLineLost             
000030e1  TrackSensor_ReadRaw                
00002ae3  UART0_IRQHandler                   
00002ae3  UART1_IRQHandler                   
00002ae3  UART2_IRQHandler                   
00002ae3  UART3_IRQHandler                   
20208000  __STACK_END                        
00000200  __STACK_SIZE                       
00000000  __TI_ATRegion0_region_sz           
00000000  __TI_ATRegion0_src_addr            
00000000  __TI_ATRegion0_trg_addr            
00000000  __TI_ATRegion1_region_sz           
00000000  __TI_ATRegion1_src_addr            
00000000  __TI_ATRegion1_trg_addr            
00000000  __TI_ATRegion2_region_sz           
00000000  __TI_ATRegion2_src_addr            
00000000  __TI_ATRegion2_trg_addr            
00003f14  __TI_CINIT_Base                    
00003f1c  __TI_CINIT_Limit                   
00003f1c  __TI_CINIT_Warm                    
00003f10  __TI_Handler_Table_Base            
00003f14  __TI_Handler_Table_Limit           
000033d5  __TI_auto_init_nobinit_nopinit     
ffffffff  __TI_pprof_out_hndl                
ffffffff  __TI_prof_data_size                
ffffffff  __TI_prof_data_start               
00000000  __TI_static_base__                 
00003961  __TI_zero_init_nomemset            
000022a7  __addsf3                           
00003531  __aeabi_f2iz                       
000022a7  __aeabi_fadd                       
00002fc9  __aeabi_fcmpeq                     
00003005  __aeabi_fcmpge                     
00003019  __aeabi_fcmpgt                     
00002ff1  __aeabi_fcmple                     
00002fdd  __aeabi_fcmplt                     
00002c99  __aeabi_fdiv                       
00002c0d  __aeabi_fmul                       
0000229d  __aeabi_fsub                       
0000335d  __aeabi_i2f                        
00003089  __aeabi_idiv                       
00002fc7  __aeabi_idiv0                      
00003089  __aeabi_idivmod                    
000030df  __aeabi_ldiv0                      
00003a41  __aeabi_ldivmod                    
00003895  __aeabi_llsl                       
00003895  __ashldi3                          
ffffffff  __binit__                          
00003411  __cmpsf2                           
000032a5  __divmoddi4                        
00002c99  __divsf3                           
00003411  __eqsf2                            
00003531  __fixsfsi                          
0000335d  __floatsisf                        
00003399  __gesf2                            
00003399  __gtsf2                            
00003411  __lesf2                            
00003411  __ltsf2                            
UNDEFED   __mpu_init                         
0000344d  __muldsi3                          
00002c0d  __mulsf3                           
00003411  __nesf2                            
20207e00  __stack                            
20200000  __start___llvm_prf_bits            
20200000  __start___llvm_prf_cnts            
20200000  __stop___llvm_prf_bits             
20200000  __stop___llvm_prf_cnts             
0000229d  __subsf3                           
00002a41  __udivmoddi4                       
000037a9  _c_int00_noargs                    
UNDEFED   _system_post_cinit                 
00003b37  _system_pre_init                   
00003b25  abort                              
ffffffff  binit                              
20200000  g_appConfig                        
2020004c  g_appRuntime                       
20200104  g_carStateDebug                    
202000b8  g_headingRuntime                   
20200074  g_imuRuntime                       
20200105  g_keyEvent                         
20200106  g_oledPageDebug                    
20200107  g_paramItemDebug                   
20200108  g_trackBlackCount                  
202000ee  g_trackError                       
20200109  g_trackModeDebug                   
2020010a  g_trackRaw                         
2020010b  g_trackTurnDebug                   
00000000  interruptVectors                   
00002ef5  main                               


GLOBAL SYMBOLS: SORTED BY Symbol Address 

address   name                               
-------   ----                               
00000000  __TI_ATRegion0_region_sz           
00000000  __TI_ATRegion0_src_addr            
00000000  __TI_ATRegion0_trg_addr            
00000000  __TI_ATRegion1_region_sz           
00000000  __TI_ATRegion1_src_addr            
00000000  __TI_ATRegion1_trg_addr            
00000000  __TI_ATRegion2_region_sz           
00000000  __TI_ATRegion2_src_addr            
00000000  __TI_ATRegion2_trg_addr            
00000000  __TI_static_base__                 
00000000  interruptVectors                   
000000c1  OledUi_Update_20ms                 
00000200  __STACK_SIZE                       
000004f1  CarController_Update_20ms          
00000ba9  Imu_Init                           
00000e81  OLED_Clear                         
000010d5  Imu_CalibrateGyroBias              
000012e9  AppConfig_LimitAll                 
00001875  Key_Update_20ms                    
000019e9  HeadingControl_Update              
00001b49  OLED_PrintInt16                    
00001c85  Imu_Update                         
00001ee5  MotionAction_Update_20ms           
00001fdd  MissionManager_Update_20ms         
000020d1  MissionManager_SelectNext          
000021c1  MotionAction_Start                 
0000229d  __aeabi_fsub                       
0000229d  __subsf3                           
000022a7  __addsf3                           
000022a7  __aeabi_fadd                       
00002375  MissionManager_SelectPrevious      
00002449  OLED_Init                          
0000251d  OLED_PrintChar                     
000025ed  Menu_HandleKeyEvent                
00002841  Motor_SetSpeed                     
000028f1  App_Update_20ms                    
00002999  SYSCFG_DL_GPIO_init                
00002a41  __udivmoddi4                       
00002ae3  ADC0_IRQHandler                    
00002ae3  ADC1_IRQHandler                    
00002ae3  AES_IRQHandler                     
00002ae3  CANFD0_IRQHandler                  
00002ae3  DAC0_IRQHandler                    
00002ae3  DMA_IRQHandler                     
00002ae3  Default_Handler                    
00002ae3  GROUP0_IRQHandler                  
00002ae3  HardFault_Handler                  
00002ae3  I2C0_IRQHandler                    
00002ae3  I2C1_IRQHandler                    
00002ae3  NMI_Handler                        
00002ae3  PendSV_Handler                     
00002ae3  RTC_IRQHandler                     
00002ae3  SPI0_IRQHandler                    
00002ae3  SPI1_IRQHandler                    
00002ae3  SVC_Handler                        
00002ae3  TIMA0_IRQHandler                   
00002ae3  TIMA1_IRQHandler                   
00002ae3  TIMG0_IRQHandler                   
00002ae3  TIMG12_IRQHandler                  
00002ae3  TIMG6_IRQHandler                   
00002ae3  TIMG7_IRQHandler                   
00002ae3  TIMG8_IRQHandler                   
00002ae3  UART0_IRQHandler                   
00002ae3  UART1_IRQHandler                   
00002ae3  UART2_IRQHandler                   
00002ae3  UART3_IRQHandler                   
00002b7d  AppConfig_InitDefault              
00002c0d  __aeabi_fmul                       
00002c0d  __mulsf3                           
00002c99  __aeabi_fdiv                       
00002c99  __divsf3                           
00002d1b  MissionLibrary_Validate            
00002d9b  TrackSensor_Init                   
00002e15  Menu_GetParamValue                 
00002e89  Encoder_HandleGpioInterrupt        
00002ef5  main                               
00002f61  TrackSensor_GetErrorFromRaw        
00002fc7  __aeabi_idiv0                      
00002fc9  __aeabi_fcmpeq                     
00002fdd  __aeabi_fcmplt                     
00002ff1  __aeabi_fcmple                     
00003005  __aeabi_fcmpge                     
00003019  __aeabi_fcmpgt                     
0000302b  OLED_PrintBinary7                  
00003089  __aeabi_idiv                       
00003089  __aeabi_idivmod                    
000030df  __aeabi_ldiv0                      
000030e1  TrackSensor_ReadRaw                
00003135  CarController_StartSeekLine        
00003185  Motor_PwmTick100us                 
000031d5  MissionManager_Init                
0000321d  App_Init                           
00003265  SYSCFG_DL_SYSCTL_init              
000032a5  __divmoddi4                        
000032e5  MissionManager_Start               
00003321  SysTick_Handler                    
0000335d  __aeabi_i2f                        
0000335d  __floatsisf                        
00003399  __gesf2                            
00003399  __gtsf2                            
000033d5  __TI_auto_init_nobinit_nopinit     
00003411  __cmpsf2                           
00003411  __eqsf2                            
00003411  __lesf2                            
00003411  __ltsf2                            
00003411  __nesf2                            
0000344d  __muldsi3                          
00003489  CarController_Init                 
000034c1  CarController_ResetRuntime         
000034f9  Motor_Init                         
00003531  __aeabi_f2iz                       
00003531  __fixsfsi                          
00003569  TrackSensor_DetectTurn             
000035a1  CarController_StartFollowLine      
000035d5  OLED_SetCursor                     
00003609  OLED_PrintString                   
0000363d  CarController_StartTurnRight90     
0000366d  Key_Init                           
0000369d  MissionManager_Reset               
000036cd  CarController_StartTurnLeft90      
000036f9  MissionManager_Cancel              
00003725  Motor_Stop                         
00003751  SYSCFG_DL_initPower                
0000377d  TrackSensor_CountBlack             
000037a9  _c_int00_noargs                    
000037d1  Encoder_Reset                      
000037f5  CarController_Stop                 
00003815  MissionLibrary_FindById            
00003835  MissionManager_Pause               
00003855  MissionManager_Resume              
00003895  __aeabi_llsl                       
00003895  __ashldi3                          
000038b5  Imu_IsReady                        
000038d1  CarController_RunModeToString      
000038e9  CarState_ToString                  
00003901  HeadingControl_LockCurrentYaw      
00003919  HeadingControl_SetTargetYaw        
00003931  Menu_ParamItemToString             
00003949  MotionAction_Cancel                
00003961  __TI_zero_init_nomemset            
00003979  AppConfig_DecreaseTargetLap        
0000398d  AppConfig_IncreaseTargetLap        
000039a1  GROUP1_IRQHandler                  
000039b5  HeadingControl_Enable              
000039c9  HeadingControl_Init                
000039dd  HeadingControl_Reset               
000039f1  Menu_Init                          
00003a05  MissionLibrary_GetByIndex          
00003a19  MissionManager_GetSelectedMissionId
00003a2d  MotionAction_Init                  
00003a41  __aeabi_ldivmod                    
00003a55  Key_GetEvent                       
00003a65  SYSCFG_DL_init                     
00003a75  CarController_GetRunMode           
00003a81  CarState_Get                       
00003a8d  CarState_Init                      
00003a99  CarState_Set                       
00003aa5  Imu_GetCorrectedGyroZDps           
00003ab1  Imu_GetYaw                         
00003abd  Imu_ResetYaw                       
00003ac9  Menu_GetPage                       
00003ad5  Menu_GetParamItem                  
00003ae1  OledUi_Init                        
00003aed  DL_Common_delayCycles              
00003af7  TrackSensor_IsCenterDetected       
00003b01  TrackSensor_IsLineLost             
00003b0d  HeadingControl_GetRuntime          
00003b15  Imu_GetRuntime                     
00003b1d  MotionAction_GetRuntime            
00003b25  abort                              
00003b2a  C$$EXIT                            
00003b2b  HOSTexit                           
00003b2f  MissionLibrary_GetCount            
00003b33  Reset_Handler                      
00003b37  _system_pre_init                   
00003f10  __TI_Handler_Table_Base            
00003f14  __TI_CINIT_Base                    
00003f14  __TI_Handler_Table_Limit           
00003f1c  __TI_CINIT_Limit                   
00003f1c  __TI_CINIT_Warm                    
20200000  __start___llvm_prf_bits            
20200000  __start___llvm_prf_cnts            
20200000  __stop___llvm_prf_bits             
20200000  __stop___llvm_prf_cnts             
20200000  g_appConfig                        
2020004c  g_appRuntime                       
20200074  g_imuRuntime                       
202000b8  g_headingRuntime                   
202000ee  g_trackError                       
20200104  g_carStateDebug                    
20200105  g_keyEvent                         
20200106  g_oledPageDebug                    
20200107  g_paramItemDebug                   
20200108  g_trackBlackCount                  
20200109  g_trackModeDebug                   
2020010a  g_trackRaw                         
2020010b  g_trackTurnDebug                   
20207e00  __stack                            
20208000  __STACK_END                        
ffffffff  __TI_pprof_out_hndl                
ffffffff  __TI_prof_data_size                
ffffffff  __TI_prof_data_start               
ffffffff  __binit__                          
ffffffff  binit                              
UNDEFED   __mpu_init                         
UNDEFED   _system_post_cinit                 

[206 symbols]
