******************************************************************************
            TI ARM Clang Linker PC v4.0.4                      
******************************************************************************
>> Linked Sat Jul 18 15:46:59 2026

OUTPUT FILE NAME:   <diansaikaishi.out>
ENTRY POINT SYMBOL: "_c_int00_noargs"  address: 00006629


MEMORY CONFIGURATION

         name            origin    length      used     unused   attr    fill
----------------------  --------  ---------  --------  --------  ----  --------
  FLASH                 00000000   00020000  00007138  00018ec8  R  X
  SRAM                  20200000   00008000  0000048c  00007b74  RW X
  BCR_CONFIG            41c00000   000000ff  00000000  000000ff  R   
  BSL_CONFIG            41c00100   00000080  00000000  00000080  R   


SEGMENT ALLOCATION MAP

run origin  load origin   length   init length attrs members
----------  ----------- ---------- ----------- ----- -------
00000000    00000000    00007138   00007138    r-x
  00000000    00000000    000000c0   000000c0    r-- .intvecs
  000000c0    000000c0    00006a78   00006a78    r-x .text
  00006b38    00006b38    000005d0   000005d0    r-- .rodata
  00007108    00007108    00000030   00000030    r-- .cinit
20200000    20200000    0000028c   00000000    rw-
  20200000    20200000    0000028b   00000000    rw- .bss
  2020028b    2020028b    00000001   00000000    rw- .data
20207e00    20207e00    00000200   00000000    rw-
  20207e00    20207e00    00000200   00000000    rw- .stack


SECTION ALLOCATION MAP

 output                                  attributes/
section   page    origin      length       input sections
--------  ----  ----------  ----------   ----------------
.intvecs   0    00000000    000000c0     
                  00000000    000000c0     startup_mspm0g350x_ticlang.o (.intvecs)

.text      0    000000c0    00006a78     
                  000000c0    00000788     oled_ui.o (.text.OledUi_Update_20ms)
                  00000848    000006f4     car_controller.o (.text.CarController_Update_20ms)
                  00000f3c    0000031c     gimbal.o (.text.gimbal_update_feedback)
                  00001258    000002f0     imu.o (.text.mpu6050_read_regs)
                  00001548    000002d8     imu.o (.text.Imu_Init)
                  00001820    00000298     menu.o (.text.Menu_HandleKeyEvent)
                  00001ab8    00000288     app_config.o (.text.AppConfig_LimitAll)
                  00001d40    00000278     obstacle_avoidance.o (.text.ObstacleAvoidance_Update_20ms)
                  00001fb8    00000254     oled.o (.text.OLED_Clear)
                  0000220c    0000022c     gimbal.o (.text.Gimbal_YawUpdate5ms)
                  00002438    00000214     imu.o (.text.Imu_CalibrateGyroBias)
                  0000264c    00000208     motion_action.o (.text.MotionAction_Update_20ms)
                  00002854    000001e8     gimbal.o (.text.gimbal_pitch_set_target_x10)
                  00002a3c    000001e0     gimbal.o (.text.gimbal_pitch_update_feedback)
                  00002c1c    000001cc     imu.o (.text.imu_i2c_write_byte)
                  00002de8    000001b8     oled.o (.text.oled_i2c_write_byte)
                  00002fa0    000001ac     gimbal.o (.text.Gimbal_PitchUpdate5ms)
                  0000314c    000001a0     ultrasonic.o (.text.Ultrasonic_Tick100us)
                  000032ec    00000194     gimbal_stepper.o (.text.GimbalStepper_Tick100us)
                  00003480    0000017c     gimbal_stepper.o (.text.GimbalStepper_MoveToEstimatedSteps)
                  000035fc    00000174     key.o (.text.Key_Update_20ms)
                  00003770    00000160     heading_control.o (.text.HeadingControl_Update)
                  000038d0    00000144     gimbal.o (.text.Gimbal_PitchTick100us)
                  00003a14    00000140     motion_action.o (.text.MotionAction_Start)
                  00003b54    0000013c     gimbal.o (.text.Gimbal_Init)
                  00003c90    0000013c     oled.o (.text.OLED_PrintInt16)
                  00003dcc    00000134     imu.o (.text.Imu_Update)
                  00003f00    0000012c     imu.o (.text.imu_i2c_recover_bus)
                  0000402c    000000f8     mission_manager.o (.text.MissionManager_Update_20ms)
                  00004124    000000f0     mission_manager.o (.text.MissionManager_SelectNext)
                  00004214    000000ec     car_controller.o (.text.handle_turn_90)
                  00004300    000000d8     mission_manager.o (.text.MissionManager_SelectPrevious)
                  000043d8    000000d8     libclang_rt.builtins.a : addsf3.S.obj (.text)
                  000044b0    000000d4     oled.o (.text.OLED_Init)
                  00004584    000000d0     oled.o (.text.OLED_PrintChar)
                  00004654    000000c4     app.o (.text.App_Update_20ms)
                  00004718    000000c4     gimbal.o (.text.Gimbal_PitchRelease)
                  000047dc    000000c0     ti_msp_dl_config.o (.text.SYSCFG_DL_GPIO_init)
                  0000489c    000000bc     gimbal.o (.text.Gimbal_PitchStopHold)
                  00004958    000000bc     obstacle_safety.o (.text.ObstacleSafety_Update_20ms)
                  00004a14    000000b8     app_config.o (.text.AppConfig_InitDefault)
                  00004acc    000000b4     gimbal_stepper.o (.text.GimbalStepper_StopHold)
                  00004b80    000000b4     gimbal.o (.text.Gimbal_YawMoveRelativeDeg)
                  00004c34    000000b0     gimbal_stepper.o (.text.GimbalStepper_Init)
                  00004ce4    000000b0     motor.o (.text.Motor_SetSpeed)
                  00004d94    000000aa     mission_library.o (.text.MissionLibrary_Validate)
                  00004e3e    00000002     startup_mspm0g350x_ticlang.o (.text.Default_Handler)
                  00004e40    000000a4     gimbal.o (.text.Gimbal_YawEnableWorldLock)
                  00004ee4    000000a2     libclang_rt.builtins.a : udivmoddi4.S.obj (.text)
                  00004f86    00000002     track_sensor.o (.text.TrackSensor_Init)
                  00004f88    0000009c     obstacle_monitor.o (.text.ObstacleMonitor_Update_20ms)
                  00005024    0000009c     empty.o (.text.main)
                  000050c0    0000009a     libc.a : memcpy16.S.obj (.text:memcpy)
                  0000515a    00000002     libclang_rt.builtins.a : aeabi_div0.c.obj (.text.__aeabi_idiv0)
                  0000515c    00000098     car_controller.o (.text.CarController_StartSeekLine)
                  000051f4    00000098     imu.o (.text.mpu6050_write_reg)
                  0000528c    00000094     car_controller.o (.text.CarController_StartDriveHeading)
                  00005320    0000008c     libclang_rt.builtins.a : mulsf3.S.obj (.text.__mulsf3)
                  000053ac    00000088     car_controller.o (.text.CarController_StartTurnToYawRelative)
                  00005434    00000088     gimbal.o (.text.Gimbal_YawToggleWorldLock)
                  000054bc    00000082     libclang_rt.builtins.a : divsf3.S.obj (.text.__divsf3)
                  0000553e    00000002                            : aeabi_div0.c.obj (.text.__aeabi_ldiv0)
                  00005540    0000007c     car_controller.o (.text.CarController_Init)
                  000055bc    0000007c     car_controller.o (.text.CarController_ResetRuntime)
                  00005638    0000007c     car_controller.o (.text.CarController_StartFollowLine)
                  000056b4    0000007c     gimbal.o (.text.Gimbal_YawStopHold)
                  00005730    0000007c     libc.a : copy_decompress_lzss.c.obj (.text:decompress:lzss)
                  000057ac    00000078     oled.o (.text.oled_write_command)
                  00005824    00000074     car_controller.o (.text.CarController_StartTurnRight90)
                  00005898    00000074     gimbal.o (.text.Gimbal_PitchMoveRelativeDeg)
                  0000590c    00000070     car_controller.o (.text.CarController_StartTurnLeft90)
                  0000597c    00000070     gimbal_stepper.o (.text.GimbalStepper_Release)
                  000059ec    00000070     empty.o (.text.SysTick_Handler)
                  00005a5c    0000006e     track_sensor.o (.text.TrackSensor_DetectTurn)
                  00005aca    00000002     --HOLE-- [fill = 0]
                  00005acc    0000006c     encoder.o (.text.Encoder_HandleGpioInterrupt)
                  00005b38    00000068     mission_manager.o (.text.MissionManager_GetSelectedMissionIndex)
                  00005ba0    00000066     track_sensor.o (.text.TrackSensor_GetErrorFromRaw)
                  00005c06    00000002     --HOLE-- [fill = 0]
                  00005c08    00000064     menu.o (.text.Menu_GetParamValue)
                  00005c6c    00000062     libclang_rt.builtins.a : aeabi_fcmp.S.obj (.text.__aeabi_fcmp)
                  00005cce    00000062     libc.a : memset16.S.obj (.text:memset)
                  00005d30    00000060     libclang_rt.builtins.a : fixsfdi.S.obj (.text.__fixsfdi)
                  00005d90    0000005e     app.o (.text.App_Init)
                  00005dee    0000005e     oled.o (.text.OLED_PrintBinary7)
                  00005e4c    0000005c     ultrasonic.o (.text.Ultrasonic_Update_20ms)
                  00005ea8    00000056     libclang_rt.builtins.a : aeabi_idivmod.S.obj (.text.__aeabi_idivmod)
                  00005efe    00000002     --HOLE-- [fill = 0]
                  00005f00    00000054     track_sensor.o (.text.TrackSensor_ReadRaw)
                  00005f54    00000050     car_controller.o (.text.CarController_SetSafetyHold)
                  00005fa4    00000050     motor.o (.text.Motor_PwmTick100us)
                  00005ff4    00000050     ultrasonic.o (.text.Ultrasonic_Init)
                  00006044    0000004c     gimbal.o (.text.Gimbal_YawRelease)
                  00006090    00000048     mission_manager.o (.text.MissionManager_Init)
                  000060d8    00000044     servo.o (.text.Servo_Tick100us)
                  0000611c    00000040     mission_manager.o (.text.MissionManager_Start)
                  0000615c    00000040     ti_msp_dl_config.o (.text.SYSCFG_DL_SYSCTL_init)
                  0000619c    00000040     libclang_rt.builtins.a : aeabi_uidivmod.S.obj (.text.__aeabi_uidivmod)
                  000061dc    0000003e                            : divmoddi4.c.obj (.text.__divmoddi4)
                  0000621a    00000002     --HOLE-- [fill = 0]
                  0000621c    0000003c     servo.o (.text.Servo_SetAngleDeg)
                  00006258    0000003c     libclang_rt.builtins.a : floatsisf.S.obj (.text.__floatsisf)
                  00006294    0000003c                            : comparesf2.S.obj (.text.__gtsf2)
                  000062d0    0000003c     libc.a : autoinit.c.obj (.text:__TI_auto_init_nobinit_nopinit)
                  0000630c    0000003a     libclang_rt.builtins.a : comparesf2.S.obj (.text.__eqsf2)
                  00006346    00000002     --HOLE-- [fill = 0]
                  00006348    0000003a                            : muldsi3.S.obj (.text.__muldsi3)
                  00006382    00000002     --HOLE-- [fill = 0]
                  00006384    00000038     motion_action.o (.text.MotionAction_ReapplyControllerTarget)
                  000063bc    00000038     motor.o (.text.Motor_Init)
                  000063f4    00000038     libclang_rt.builtins.a : fixsfsi.S.obj (.text.__fixsfsi)
                  0000642c    00000034     oled.o (.text.OLED_SetCursor)
                  00006460    00000032     oled.o (.text.OLED_PrintString)
                  00006492    00000002     --HOLE-- [fill = 0]
                  00006494    00000030     gimbal.o (.text.Gimbal_PitchGetFeedback)
                  000064c4    00000030     key.o (.text.Key_Init)
                  000064f4    00000030     mission_manager.o (.text.MissionManager_Cancel)
                  00006524    00000030     mission_manager.o (.text.MissionManager_Reset)
                  00006554    0000002c     motor.o (.text.Motor_Stop)
                  00006580    0000002c     ti_msp_dl_config.o (.text.SYSCFG_DL_initPower)
                  000065ac    0000002c     track_sensor.o (.text.TrackSensor_CountBlack)
                  000065d8    00000028     servo.o (.text.Servo_Init)
                  00006600    00000028     obstacle_avoidance.o (.text.avoid_fail)
                  00006628    00000028     libc.a : boot_cortex_m.c.obj (.text:_c_int00_noargs)
                  00006650    00000024     encoder.o (.text.Encoder_Reset)
                  00006674    00000024     libclang_rt.builtins.a : muldi3.S.obj (.text.__muldi3)
                  00006698    00000020     car_controller.o (.text.CarController_Stop)
                  000066b8    00000020     mission_manager.o (.text.MissionManager_Pause)
                  000066d8    00000020     mission_manager.o (.text.MissionManager_Resume)
                  000066f8    00000020     motion_action.o (.text.MotionAction_GetCurrentBypassDirection)
                  00006718    00000020     motion_action.o (.text.MotionAction_GetCurrentObstaclePolicy)
                  00006738    00000020     obstacle_avoidance.o (.text.ObstacleAvoidance_Init)
                  00006758    00000020     mission_manager.o (.text.mission_finish_error)
                  00006778    0000001e     libclang_rt.builtins.a : ashldi3.S.obj (.text.__ashldi3)
                  00006796    00000002     --HOLE-- [fill = 0]
                  00006798    0000001c     imu.o (.text.Imu_IsReady)
                  000067b4    0000001c     obstacle_monitor.o (.text.ObstacleMonitor_Init)
                  000067d0    0000001c     obstacle_safety.o (.text.ObstacleSafety_Init)
                  000067ec    00000018     car_controller.o (.text.CarController_RunModeToString)
                  00006804    00000018     heading_control.o (.text.HeadingControl_LockCurrentYaw)
                  0000681c    00000018     heading_control.o (.text.HeadingControl_SetTargetYaw)
                  00006834    00000018     menu.o (.text.Menu_ParamItemToString)
                  0000684c    00000018     mission_library.o (.text.MissionLibrary_FindById)
                  00006864    00000018     motion_action.o (.text.MotionAction_Cancel)
                  0000687c    00000018     motion_action.o (.text.MotionAction_Init)
                  00006894    00000016     libc.a : copy_zero_init.c.obj (.text:decompress:ZI:__TI_zero_init_nomemset)
                  000068aa    00000002     --HOLE-- [fill = 0]
                  000068ac    00000014     empty.o (.text.GROUP1_IRQHandler)
                  000068c0    00000014     gimbal_stepper.o (.text.GimbalStepper_SetStepHalfPeriodTicks)
                  000068d4    00000014     heading_control.o (.text.HeadingControl_Enable)
                  000068e8    00000014     heading_control.o (.text.HeadingControl_Init)
                  000068fc    00000014     heading_control.o (.text.HeadingControl_Reset)
                  00006910    00000014     menu.o (.text.Menu_Init)
                  00006924    00000014     mission_library.o (.text.MissionLibrary_GetByIndex)
                  00006938    00000014     mission_manager.o (.text.MissionManager_GetSelectedMissionId)
                  0000694c    00000014     libclang_rt.builtins.a : aeabi_ldivmod.S.obj (.text.__aeabi_ldivmod)
                  00006960    00000014                            : aeabi_uldivmod.S.obj (.text.__aeabi_uldivmod)
                  00006974    00000012     libc.a : copy_decompress_none.c.obj (.text:decompress:none)
                  00006986    00000002     --HOLE-- [fill = 0]
                  00006988    00000010     gimbal.o (.text.Gimbal_YawGetFeedback)
                  00006998    00000010     key.o (.text.Key_GetEvent)
                  000069a8    00000010     obstacle_avoidance.o (.text.ObstacleAvoidance_IsResumeGraceActive)
                  000069b8    00000010     ti_msp_dl_config.o (.text.SYSCFG_DL_init)
                  000069c8    0000000c     car_controller.o (.text.CarController_GetRunMode)
                  000069d4    0000000c     car_state.o (.text.CarState_Get)
                  000069e0    0000000c     car_state.o (.text.CarState_Init)
                  000069ec    0000000c     car_state.o (.text.CarState_Set)
                  000069f8    0000000c     gimbal.o (.text.Gimbal_Tick100us)
                  00006a04    0000000c     gimbal.o (.text.Gimbal_Update5ms)
                  00006a10    0000000c     imu.o (.text.Imu_GetCorrectedGyroZDps)
                  00006a1c    0000000c     imu.o (.text.Imu_GetYaw)
                  00006a28    0000000c     imu.o (.text.Imu_ResetYaw)
                  00006a34    0000000c     menu.o (.text.Menu_GetPage)
                  00006a40    0000000c     menu.o (.text.Menu_GetParamItem)
                  00006a4c    0000000c     mission_manager.o (.text.MissionManager_SetExternalHold)
                  00006a58    0000000c     obstacle_avoidance.o (.text.ObstacleAvoidance_IsActive)
                  00006a64    0000000c     obstacle_avoidance.o (.text.ObstacleAvoidance_IsFailed)
                  00006a70    0000000c     obstacle_safety.o (.text.ObstacleSafety_IsHolding)
                  00006a7c    0000000c     oled_ui.o (.text.OledUi_Init)
                  00006a88    0000000c     libclang_rt.builtins.a : aeabi_memset.S.obj (.text.__aeabi_memclr)
                  00006a94    0000000a     driverlib.a : dl_common.o (.text.DL_Common_delayCycles)
                  00006a9e    0000000a     track_sensor.o (.text.TrackSensor_IsCenterDetected)
                  00006aa8    0000000a     track_sensor.o (.text.TrackSensor_IsLineDetected)
                  00006ab2    0000000a     track_sensor.o (.text.TrackSensor_IsLineLost)
                  00006abc    00000008     car_controller.o (.text.CarController_GetFeedback)
                  00006ac4    00000008     gimbal_stepper.o (.text.GimbalStepper_GetFeedback)
                  00006acc    00000008     heading_control.o (.text.HeadingControl_GetRuntime)
                  00006ad4    00000008     imu.o (.text.Imu_GetRuntime)
                  00006adc    00000008     mission_manager.o (.text.MissionManager_GetMissionCount)
                  00006ae4    00000008     mission_manager.o (.text.MissionManager_GetRuntime)
                  00006aec    00000008     motion_action.o (.text.MotionAction_GetRuntime)
                  00006af4    00000008     obstacle_avoidance.o (.text.ObstacleAvoidance_GetFeedback)
                  00006afc    00000008     obstacle_monitor.o (.text.ObstacleMonitor_GetFeedback)
                  00006b04    00000008     servo.o (.text.Servo_GetFeedback)
                  00006b0c    00000008     ultrasonic.o (.text.Ultrasonic_GetFeedback)
                  00006b14    00000008     libclang_rt.builtins.a : aeabi_memcpy.S.obj (.text.__aeabi_memcpy)
                  00006b1c    00000006     libc.a : exit.c.obj (.text:abort)
                  00006b22    00000004     libsysbm.a : hostexit.c.obj (.text.HOSTexit)
                  00006b26    00000004     mission_library.o (.text.MissionLibrary_GetCount)
                  00006b2a    00000004     startup_mspm0g350x_ticlang.o (.text.Reset_Handler)
                  00006b2e    00000004     libc.a : pre_init.c.obj (.text._system_pre_init)
                  00006b32    00000006     --HOLE-- [fill = 0]

.cinit     0    00007108    00000030     
                  00007108    0000000c     (__TI_handler_table)
                  00007114    00000008     (.cinit..bss.load) [load image, compression = zero_init]
                  0000711c    00000005     (.cinit..data.load) [load image, compression = lzss]
                  00007121    00000003     --HOLE-- [fill = 0]
                  00007124    00000010     (__TI_cinit_table)
                  00007134    00000004     --HOLE-- [fill = 0]

.rodata    0    00006b38    000005d0     
                  00006b38    000000d8     oled.o (.rodata..Lswitch.table.OLED_PrintChar)
                  00006c10    000000a8     mission_library.o (.rodata.g_missionMapA)
                  00006cb8    000000a8     mission_library.o (.rodata.g_missionMapB)
                  00006d60    00000078     mission_library.o (.rodata.g_missionMapC)
                  00006dd8    00000030     mission_library.o (.rodata.g_missionRegistry)
                  00006e08    00000024     oled_ui.o (.rodata..Lswitch.table.OledUi_Update_20ms.73)
                  00006e2c    00000020     menu.o (.rodata..Lswitch.table.Menu_ParamItemToString)
                  00006e4c    0000001c     car_controller.o (.rodata..Lswitch.table.CarController_RunModeToString)
                  00006e68    00000018     oled_ui.o (.rodata..Lswitch.table.OledUi_Update_20ms.74)
                  00006e80    0000000d     oled_ui.o (.rodata.str1.16526439943277383452.1)
                  00006e8d    00000003     oled_ui.o (.rodata.str1.11232419324784801130.1)
                  00006e90    0000000c     mission_library.o (.rodata..Lswitch.table.MissionLibrary_FindById)
                  00006e9c    0000000c     oled_ui.o (.rodata..Lswitch.table.OledUi_Update_20ms.72)
                  00006ea8    00000009     oled_ui.o (.rodata.str1.18266126048138325213.1)
                  00006eb1    00000009     oled_ui.o (.rodata.str1.8460525935980491721.1)
                  00006eba    00000007     menu.o (.rodata..Lswitch.table.Menu_HandleKeyEvent)
                  00006ec1    00000007     oled_ui.o (.rodata.str1.9544068167406571052.1)
                  00006ec8    00000006     oled_ui.o (.rodata.str1.12928245060369742404.1)
                  00006ece    00000006     mission_library.o (.rodata.str1.13636476544574750902.1)
                  00006ed4    00000006     oled_ui.o (.rodata.str1.1445687256832830955.1)
                  00006eda    00000006     oled_ui.o (.rodata.str1.15008238333949226094.1)
                  00006ee0    00000006     mission_library.o (.rodata.str1.15668266851434757964.1)
                  00006ee6    00000006     oled_ui.o (.rodata.str1.16939060351352778619.1)
                  00006eec    00000006     oled_ui.o (.rodata.str1.17540787658903907660.1)
                  00006ef2    00000006     oled_ui.o (.rodata.str1.17884296644359297425.1)
                  00006ef8    00000006     mission_library.o (.rodata.str1.199678142196697465.1)
                  00006efe    00000006     oled_ui.o (.rodata.str1.5965450730569173784.1)
                  00006f04    00000006     oled_ui.o (.rodata.str1.8403269972884532600.1)
                  00006f0a    00000006     oled_ui.o (.rodata.str1.8471462185882660445.1)
                  00006f10    00000005     oled.o (.rodata.oled_get_glyph.colon)
                  00006f15    00000005     oled.o (.rodata.oled_get_glyph.eight)
                  00006f1a    00000005     oled.o (.rodata.oled_get_glyph.five)
                  00006f1f    00000005     oled.o (.rodata.oled_get_glyph.four)
                  00006f24    00000005     oled.o (.rodata.oled_get_glyph.glyphA)
                  00006f29    00000005     oled.o (.rodata.oled_get_glyph.glyphB)
                  00006f2e    00000005     oled.o (.rodata.oled_get_glyph.glyphC)
                  00006f33    00000005     oled.o (.rodata.oled_get_glyph.glyphD)
                  00006f38    00000005     oled.o (.rodata.oled_get_glyph.glyphE)
                  00006f3d    00000005     oled.o (.rodata.oled_get_glyph.glyphG)
                  00006f42    00000005     oled.o (.rodata.oled_get_glyph.glyphH)
                  00006f47    00000005     oled.o (.rodata.oled_get_glyph.glyphI)
                  00006f4c    00000005     oled.o (.rodata.oled_get_glyph.glyphK)
                  00006f51    00000005     oled.o (.rodata.oled_get_glyph.glyphL)
                  00006f56    00000005     oled.o (.rodata.oled_get_glyph.glyphM)
                  00006f5b    00000005     oled.o (.rodata.oled_get_glyph.glyphN)
                  00006f60    00000005     oled.o (.rodata.oled_get_glyph.glyphO)
                  00006f65    00000005     oled.o (.rodata.oled_get_glyph.glyphP)
                  00006f6a    00000005     oled.o (.rodata.oled_get_glyph.glyphR)
                  00006f6f    00000005     oled.o (.rodata.oled_get_glyph.glyphS)
                  00006f74    00000005     oled.o (.rodata.oled_get_glyph.glyphT)
                  00006f79    00000005     oled.o (.rodata.oled_get_glyph.glyphU)
                  00006f7e    00000005     oled.o (.rodata.oled_get_glyph.glyphV)
                  00006f83    00000005     oled.o (.rodata.oled_get_glyph.glyphW)
                  00006f88    00000005     oled.o (.rodata.oled_get_glyph.glyphX)
                  00006f8d    00000005     oled.o (.rodata.oled_get_glyph.glyphY)
                  00006f92    00000005     oled.o (.rodata.oled_get_glyph.glyphb)
                  00006f97    00000005     oled.o (.rodata.oled_get_glyph.gt)
                  00006f9c    00000005     oled.o (.rodata.oled_get_glyph.minus)
                  00006fa1    00000005     oled.o (.rodata.oled_get_glyph.nine)
                  00006fa6    00000005     oled.o (.rodata.oled_get_glyph.one)
                  00006fab    00000005     oled.o (.rodata.oled_get_glyph.seven)
                  00006fb0    00000005     oled.o (.rodata.oled_get_glyph.six)
                  00006fb5    00000005     oled.o (.rodata.oled_get_glyph.space)
                  00006fba    00000005     oled.o (.rodata.oled_get_glyph.three)
                  00006fbf    00000005     oled.o (.rodata.oled_get_glyph.two)
                  00006fc4    00000005     oled.o (.rodata.oled_get_glyph.zero)
                  00006fc9    00000005     oled_ui.o (.rodata.str1.1108652269057166745.1)
                  00006fce    00000005     oled_ui.o (.rodata.str1.11428648044669318875.1)
                  00006fd3    00000005     oled_ui.o (.rodata.str1.13882251010780863896.1)
                  00006fd8    00000005     oled_ui.o (.rodata.str1.14134189893851348960.1)
                  00006fdd    00000005     oled_ui.o (.rodata.str1.15575624326185233262.1)
                  00006fe2    00000005     oled_ui.o (.rodata.str1.15613891207764622616.1)
                  00006fe7    00000005     oled_ui.o (.rodata.str1.15802367878353263018.1)
                  00006fec    00000005     oled_ui.o (.rodata.str1.15829239520183577662.1)
                  00006ff1    00000005     oled_ui.o (.rodata.str1.15917848551323629232.1)
                  00006ff6    00000005     oled_ui.o (.rodata.str1.15935041339501476673.1)
                  00006ffb    00000005     car_controller.o (.rodata.str1.1652194605229746967.1)
                  00007000    00000005     oled_ui.o (.rodata.str1.17274519358952562110.1)
                  00007005    00000005     oled_ui.o (.rodata.str1.17464849429964608858.1)
                  0000700a    00000005     oled_ui.o (.rodata.str1.270145429241168923.1)
                  0000700f    00000005     car_controller.o (.rodata.str1.4164979912472006574.1)
                  00007014    00000005     oled_ui.o (.rodata.str1.4402311448527872260.1)
                  00007019    00000005     oled_ui.o (.rodata.str1.4581472623415959594.1)
                  0000701e    00000005     menu.o (.rodata.str1.4862307748908978627.1)
                  00007023    00000005     oled_ui.o (.rodata.str1.7219546930854689545.1)
                  00007028    00000005     oled_ui.o (.rodata.str1.8426569189266129334.1)
                  0000702d    00000005     oled_ui.o (.rodata.str1.9102528229756940648.1)
                  00007032    00000005     car_controller.o (.rodata.str1.9234375891235759983.1)
                  00007037    00000005     oled_ui.o (.rodata.str1.9611283282870761829.1)
                  0000703c    00000005     car_controller.o (.rodata.str1.9981487771679760427.1)
                  00007041    00000004     oled_ui.o (.rodata.str1.1019225241002246410.1)
                  00007045    00000004     oled_ui.o (.rodata.str1.10416366799939242409.1)
                  00007049    00000004     menu.o (.rodata.str1.12110183915172842339.1)
                  0000704d    00000004     car_controller.o (.rodata.str1.12442237994239546032.1)
                  00007051    00000004     oled_ui.o (.rodata.str1.12617122458660443890.1)
                  00007055    00000004     oled_ui.o (.rodata.str1.130772507669342127.1)
                  00007059    00000004     menu.o (.rodata.str1.13124720451672825294.1)
                  0000705d    00000004     oled_ui.o (.rodata.str1.13244290092665904221.1)
                  00007061    00000004     oled_ui.o (.rodata.str1.13567883086814673087.1)
                  00007065    00000004     oled_ui.o (.rodata.str1.13790669171379415506.1)
                  00007069    00000004     menu.o (.rodata.str1.14098755746347272832.1)
                  0000706d    00000004     oled_ui.o (.rodata.str1.15577080202403550426.1)
                  00007071    00000004     oled_ui.o (.rodata.str1.15817398807211891688.1)
                  00007075    00000004     oled_ui.o (.rodata.str1.16411631209783952401.1)
                  00007079    00000004     menu.o (.rodata.str1.17041139162815566052.1)
                  0000707d    00000004     car_controller.o (.rodata.str1.17172356789460551389.1)
                  00007081    00000004     oled_ui.o (.rodata.str1.17763996158807330232.1)
                  00007085    00000004     car_controller.o (.rodata.str1.18191498530309206443.1)
                  00007089    00000004     oled_ui.o (.rodata.str1.18379317056176403938.1)
                  0000708d    00000004     oled_ui.o (.rodata.str1.2308938766145545715.1)
                  00007091    00000004     oled_ui.o (.rodata.str1.2522137003438374266.1)
                  00007095    00000004     oled_ui.o (.rodata.str1.3025253791635144717.1)
                  00007099    00000004     oled_ui.o (.rodata.str1.3407221357956504873.1)
                  0000709d    00000004     oled_ui.o (.rodata.str1.3455423528827705371.1)
                  000070a1    00000004     oled_ui.o (.rodata.str1.3702290527496711532.1)
                  000070a5    00000004     oled_ui.o (.rodata.str1.4581686099848791648.1)
                  000070a9    00000004     oled_ui.o (.rodata.str1.4610220316623841660.1)
                  000070ad    00000004     oled_ui.o (.rodata.str1.5853739094453432564.1)
                  000070b1    00000004     oled_ui.o (.rodata.str1.6806727740681590176.1)
                  000070b5    00000004     car_controller.o (.rodata.str1.702403006289709404.1)
                  000070b9    00000004     oled_ui.o (.rodata.str1.7185587941321649510.1)
                  000070bd    00000004     oled_ui.o (.rodata.str1.7419768602719733415.1)
                  000070c1    00000004     oled_ui.o (.rodata.str1.7774807581888385879.1)
                  000070c5    00000004     oled_ui.o (.rodata.str1.8236579331345056500.1)
                  000070c9    00000004     oled_ui.o (.rodata.str1.8783421139296713095.1)
                  000070cd    00000004     oled_ui.o (.rodata.str1.9159586779647977165.1)
                  000070d1    00000004     oled_ui.o (.rodata.str1.9295666102996717355.1)
                  000070d5    00000004     menu.o (.rodata.str1.9546740394641817443.1)
                  000070d9    00000004     oled_ui.o (.rodata.str1.967006512144173535.1)
                  000070dd    00000004     oled_ui.o (.rodata.str1.9854382722193312766.1)
                  000070e1    00000003     oled_ui.o (.rodata.str1.12983537867572525563.1)
                  000070e4    00000003     oled_ui.o (.rodata.str1.14358698208395374265.1)
                  000070e7    00000003     oled_ui.o (.rodata.str1.14556837007311414654.1)
                  000070ea    00000003     oled_ui.o (.rodata.str1.15859922799842739878.1)
                  000070ed    00000003     menu.o (.rodata.str1.16312125044762562515.1)
                  000070f0    00000003     oled_ui.o (.rodata.str1.16849766574302683489.1)
                  000070f3    00000003     oled_ui.o (.rodata.str1.16931641404301806744.1)
                  000070f6    00000003     oled_ui.o (.rodata.str1.17812014771544466701.1)
                  000070f9    00000003     menu.o (.rodata.str1.4646809750356241979.1)
                  000070fc    00000003     menu.o (.rodata.str1.6857549598058878762.1)
                  000070ff    00000003     oled_ui.o (.rodata.str1.8693388333057100694.1)
                  00007102    00000006     --HOLE-- [fill = 0]

.init_array 
*          0    00000000    00000000     UNINITIALIZED

.binit     0    00000000    00000000     

.bss       0    20200000    0000028b     UNINITIALIZED
                  20200000    0000005c     (.common:g_appConfig)
                  2020005c    00000004     encoder.o (.bss.g_motorAPulses)
                  20200060    00000038     gimbal.o (.bss.g_feedback)
                  20200098    00000038     gimbal.o (.bss.g_pitchFeedback)
                  202000d0    00000038     (.common:g_appRuntime)
                  20200108    00000028     (.common:g_imuRuntime)
                  20200130    00000020     mission_manager.o (.bss.g_missionRuntime)
                  20200150    00000018     gimbal_stepper.o (.bss.g_feedback)
                  20200168    00000014     motion_action.o (.bss.g_motionActionRuntime)
                  2020017c    00000014     (.common:g_headingRuntime)
                  20200190    0000000e     car_controller.o (.bss.g_carControllerFeedback)
                  2020019e    00000002     ultrasonic.o (.bss.g_echoTicks)
                  202001a0    0000000e     ultrasonic.o (.bss.g_ultrasonicFeedback)
                  202001ae    00000002     gimbal.o (.bss.g_pitchHalfPeriodTicks)
                  202001b0    0000000a     obstacle_avoidance.o (.bss.g_avoidFeedback)
                  202001ba    00000008     obstacle_monitor.o (.bss.g_obstacleFeedback)
                  202001c2    00000006     ultrasonic.o (.bss.g_distanceSamples)
                  202001c8    00000008     gimbal.o (.bss.g_pitchContinuousDegX10)
                  202001d0    00000008     gimbal.o (.bss.g_pitchEstimatedSteps)
                  202001d8    00000008     gimbal.o (.bss.g_pitchTargetDegX10)
                  202001e0    00000008     gimbal.o (.bss.g_pitchTargetEstimatedSteps)
                  202001e8    00000008     gimbal_stepper.o (.bss.g_stepperEstimatedSteps)
                  202001f0    00000008     gimbal_stepper.o (.bss.g_stepperTargetEstimatedSteps)
                  202001f8    00000008     gimbal.o (.bss.g_yawContinuousDegX10)
                  20200200    00000008     gimbal.o (.bss.g_yawLockedWorldYawDegX10)
                  20200208    00000008     gimbal.o (.bss.g_yawTargetContinuousDegX10)
                  20200210    00000008     gimbal.o (.bss.g_yawWorldTargetDegX10)
                  20200218    00000008     gimbal.o (.bss.g_yawWrappedDegX10)
                  20200220    00000006     key.o (.bss.g_key1)
                  20200226    00000006     key.o (.bss.g_key2)
                  2020022c    00000006     key.o (.bss.g_key3)
                  20200232    00000002     gimbal.o (.bss.g_pitchStepHalfPeriodTicks)
                  20200234    00000004     encoder.o (.bss.g_motorBPulses)
                  20200238    00000004     gimbal.o (.bss.g_pitchCommandedRpm)
                  2020023c    00000004     gimbal.o (.bss.g_pitchCompletedSteps)
                  20200240    00000004     gimbal.o (.bss.g_pitchTargetRpm)
                  20200244    00000004     servo.o (.bss.g_servoFeedback)
                  20200248    00000004     gimbal_stepper.o (.bss.g_stepperCompletedSteps)
                  2020024c    00000004     gimbal.o (.bss.g_yawCommandedRpm)
                  20200250    00000004     gimbal.o (.bss.g_yawTargetRpm)
                  20200254    00000002     obstacle_avoidance.o (.bss.g_resumeGraceMs)
                  20200256    00000002     servo.o (.bss.g_servoPwmPhase)
                  20200258    00000002     ultrasonic.o (.bss.g_stateTicks)
                  2020025a    00000002     gimbal_stepper.o (.bss.g_stepperHalfPeriodTicks)
                  2020025c    00000002     gimbal_stepper.o (.bss.g_stepperStepHalfPeriodTicks)
                  2020025e    00000002     (.common:g_trackError)
                  20200260    00000001     oled_ui.o (.bss.OledUi_Update_20ms.refreshDivider)
                  20200261    00000001     empty.o (.bss.SysTick_Handler.controlMsCount)
                  20200262    00000001     empty.o (.bss.SysTick_Handler.gimbalMsCount)
                  20200263    00000001     empty.o (.bss.SysTick_Handler.tick100usCount)
                  20200264    00000001     ultrasonic.o (.bss.Ultrasonic_Update_20ms.triggerDivider)
                  20200265    00000001     empty.o (.bss.g_appUpdateDue)
                  20200266    00000001     car_state.o (.bss.g_carState)
                  20200267    00000001     obstacle_monitor.o (.bss.g_centerSettleTicks)
                  20200268    00000001     ultrasonic.o (.bss.g_distanceSampleCount)
                  20200269    00000001     ultrasonic.o (.bss.g_distanceSampleIndex)
                  2020026a    00000001     empty.o (.bss.g_gimbalUpdatePending)
                  2020026b    00000001     motor.o (.bss.g_motorADutyLevel)
                  2020026c    00000001     motor.o (.bss.g_motorBDutyLevel)
                  2020026d    00000001     obstacle_safety.o (.bss.g_obstacleSafetyHolding)
                  2020026e    00000001     oled.o (.bss.g_oledColumn)
                  2020026f    00000001     menu.o (.bss.g_oledPage)
                  20200270    00000001     menu.o (.bss.g_paramItem)
                  20200271    00000001     key.o (.bss.g_pendingEvent)
                  20200272    00000001     gimbal.o (.bss.g_pitchDirection)
                  20200273    00000001     gimbal.o (.bss.g_pitchInitialized)
                  20200274    00000001     gimbal.o (.bss.g_pitchLimitClamped)
                  20200275    00000001     gimbal.o (.bss.g_pitchRunning)
                  20200276    00000001     gimbal.o (.bss.g_pitchStepHigh)
                  20200277    00000001     gimbal.o (.bss.g_pitchStopAfterStepLow)
                  20200278    00000001     motor.o (.bss.g_pwmPhase)
                  20200279    00000001     car_controller.o (.bss.g_safetyHold)
                  2020027a    00000001     obstacle_avoidance.o (.bss.g_stateStarted)
                  2020027b    00000001     gimbal_stepper.o (.bss.g_stepperDirection)
                  2020027c    00000001     gimbal_stepper.o (.bss.g_stepperRunning)
                  2020027d    00000001     gimbal_stepper.o (.bss.g_stepperStepHigh)
                  2020027e    00000001     gimbal_stepper.o (.bss.g_stepperStopAfterStepLow)
                  2020027f    00000001     ultrasonic.o (.bss.g_triggerRequest)
                  20200280    00000001     ultrasonic.o (.bss.g_ultrasonicState)
                  20200281    00000001     gimbal.o (.bss.g_yawPositionValid)
                  20200282    00000001     gimbal.o (.bss.g_yawWorldLockEnabled)
                  20200283    00000001     (.common:g_carStateDebug)
                  20200284    00000001     (.common:g_keyEvent)
                  20200285    00000001     (.common:g_oledPageDebug)
                  20200286    00000001     (.common:g_paramItemDebug)
                  20200287    00000001     (.common:g_trackBlackCount)
                  20200288    00000001     (.common:g_trackModeDebug)
                  20200289    00000001     (.common:g_trackRaw)
                  2020028a    00000001     (.common:g_trackTurnDebug)

.data      0    2020028b    00000001     UNINITIALIZED
                  2020028b    00000001     car_controller.o (.data.g_followTurnPolicy)

.stack     0    20207e00    00000200     UNINITIALIZED
                  20207e00    00000004     libc.a : boot_cortex_m.c.obj (.stack)
                  20207e04    000001fc     --HOLE--

__llvm_prf_cnts 
*          0    20200000    00000000     UNINITIALIZED

__llvm_prf_bits 
*          0    20200000    00000000     UNINITIALIZED

MODULE SUMMARY

       Module                         code    ro data   rw data
       ------                         ----    -------   -------
    .\
       gimbal.o                       4656    0         216    
       car_controller.o               3208    64        72     
       imu.o                          3304    0         40     
       oled.o                         2088    401       1      
       oled_ui.o                      1940    410       1      
       gimbal_stepper.o               1280    0         52     
       mission_manager.o              1184    0         32     
       motion_action.o                1016    0         20     
       app_config.o                   832     0         92     
       menu.o                         832     73        2      
       obstacle_avoidance.o           752     0         13     
       mission_library.o              218     534       0      
       ultrasonic.o                   596     0         29     
       heading_control.o              468     0         20     
       key.o                          436     0         19     
       track_sensor.o                 372     0         0      
       motor.o                        356     0         3      
       ti_msp_dl_config.o             316     0         0      
       app.o                          290     0         10     
       empty.o                        288     0         5      
       obstacle_safety.o              228     0         1      
       obstacle_monitor.o             192     0         9      
       startup_mspm0g350x_ticlang.o   6       192       0      
       servo.o                        176     0         6      
       encoder.o                      144     0         8      
       car_state.o                    36      0         1      
    +--+------------------------------+-------+---------+---------+
       Total:                         25214   1674      652    
                                                               
    C:/TI/mspm0_sdk_2_05_01_00/source/ti/driverlib/lib/ticlang/m0p/mspm0g1x0x_g3x0x/driverlib.a
       dl_common.o                    10      0         0      
    +--+------------------------------+-------+---------+---------+
       Total:                         10      0         0      
                                                               
    D:\TI\CCS\ccs\tools\compiler\ti-cgt-armllvm_4.0.4.LTS\lib\armv6m-ti-none-eabi/c/libc.a
       memcpy16.S.obj                 154     0         0      
       copy_decompress_lzss.c.obj     124     0         0      
       memset16.S.obj                 98      0         0      
       autoinit.c.obj                 60      0         0      
       boot_cortex_m.c.obj            40      0         0      
       copy_zero_init.c.obj           22      0         0      
       copy_decompress_none.c.obj     18      0         0      
       exit.c.obj                     6       0         0      
       pre_init.c.obj                 4       0         0      
    +--+------------------------------+-------+---------+---------+
       Total:                         526     0         0      
                                                               
    D:\TI\CCS\ccs\tools\compiler\ti-cgt-armllvm_4.0.4.LTS\lib\armv6m-ti-none-eabi/c/libsysbm.a
       hostexit.c.obj                 4       0         0      
    +--+------------------------------+-------+---------+---------+
       Total:                         4       0         0      
                                                               
    D:\TI\CCS\ccs\tools\compiler\ti-cgt-armllvm_4.0.4.LTS\lib\armv6m-ti-none-eabi/libclang_rt.builtins.a
       addsf3.S.obj                   216     0         0      
       udivmoddi4.S.obj               162     0         0      
       mulsf3.S.obj                   140     0         0      
       divsf3.S.obj                   130     0         0      
       comparesf2.S.obj               118     0         0      
       aeabi_fcmp.S.obj               98      0         0      
       fixsfdi.S.obj                  96      0         0      
       aeabi_idivmod.S.obj            86      0         0      
       aeabi_uidivmod.S.obj           64      0         0      
       divmoddi4.c.obj                62      0         0      
       floatsisf.S.obj                60      0         0      
       muldsi3.S.obj                  58      0         0      
       fixsfsi.S.obj                  56      0         0      
       muldi3.S.obj                   36      0         0      
       ashldi3.S.obj                  30      0         0      
       aeabi_ldivmod.S.obj            20      0         0      
       aeabi_uldivmod.S.obj           20      0         0      
       aeabi_memset.S.obj             12      0         0      
       aeabi_memcpy.S.obj             8       0         0      
       aeabi_div0.c.obj               4       0         0      
    +--+------------------------------+-------+---------+---------+
       Total:                         1476    0         0      
                                                               
       Stack:                         0       0         512    
       Linker Generated:              0       41        0      
    +--+------------------------------+-------+---------+---------+
       Grand Total:                   27230   1715      1164   


LINKER GENERATED COPY TABLES

__TI_cinit_table @ 00007124 records: 2, size/record: 8, table size: 16
	.bss: load addr=00007114, load size=00000008 bytes, run addr=20200000, run size=0000028b bytes, compression=zero_init
	.data: load addr=0000711c, load size=00000005 bytes, run addr=2020028b, run size=00000001 bytes, compression=lzss


LINKER GENERATED HANDLER TABLE

__TI_handler_table @ 00007108 records: 3, size/record: 4, table size: 12
	index: 0, handler: __TI_decompress_lzss
	index: 1, handler: __TI_decompress_none
	index: 2, handler: __TI_zero_init


GLOBAL SYMBOLS: SORTED ALPHABETICALLY BY Name 

address   name                                  
-------   ----                                  
00004e3f  ADC0_IRQHandler                       
00004e3f  ADC1_IRQHandler                       
00004e3f  AES_IRQHandler                        
00004a15  AppConfig_InitDefault                 
00001ab9  AppConfig_LimitAll                    
00005d91  App_Init                              
00004655  App_Update_20ms                       
00006b22  C$$EXIT                               
00004e3f  CANFD0_IRQHandler                     
00006abd  CarController_GetFeedback             
000069c9  CarController_GetRunMode              
00005541  CarController_Init                    
000055bd  CarController_ResetRuntime            
000067ed  CarController_RunModeToString         
00005f55  CarController_SetSafetyHold           
0000528d  CarController_StartDriveHeading       
00005639  CarController_StartFollowLine         
0000515d  CarController_StartSeekLine           
0000590d  CarController_StartTurnLeft90         
00005825  CarController_StartTurnRight90        
000053ad  CarController_StartTurnToYawRelative  
00006699  CarController_Stop                    
00000849  CarController_Update_20ms             
000069d5  CarState_Get                          
000069e1  CarState_Init                         
000069ed  CarState_Set                          
00004e3f  DAC0_IRQHandler                       
00006a95  DL_Common_delayCycles                 
00004e3f  DMA_IRQHandler                        
00004e3f  Default_Handler                       
00005acd  Encoder_HandleGpioInterrupt           
00006651  Encoder_Reset                         
00004e3f  GROUP0_IRQHandler                     
000068ad  GROUP1_IRQHandler                     
00006ac5  GimbalStepper_GetFeedback             
00004c35  GimbalStepper_Init                    
00003481  GimbalStepper_MoveToEstimatedSteps    
0000597d  GimbalStepper_Release                 
000068c1  GimbalStepper_SetStepHalfPeriodTicks  
00004acd  GimbalStepper_StopHold                
000032ed  GimbalStepper_Tick100us               
00003b55  Gimbal_Init                           
00006495  Gimbal_PitchGetFeedback               
00005899  Gimbal_PitchMoveRelativeDeg           
00004719  Gimbal_PitchRelease                   
0000489d  Gimbal_PitchStopHold                  
000038d1  Gimbal_PitchTick100us                 
00002fa1  Gimbal_PitchUpdate5ms                 
000069f9  Gimbal_Tick100us                      
00006a05  Gimbal_Update5ms                      
00004e41  Gimbal_YawEnableWorldLock             
00006989  Gimbal_YawGetFeedback                 
00004b81  Gimbal_YawMoveRelativeDeg             
00006045  Gimbal_YawRelease                     
000056b5  Gimbal_YawStopHold                    
00005435  Gimbal_YawToggleWorldLock             
0000220d  Gimbal_YawUpdate5ms                   
00006b23  HOSTexit                              
00004e3f  HardFault_Handler                     
000068d5  HeadingControl_Enable                 
00006acd  HeadingControl_GetRuntime             
000068e9  HeadingControl_Init                   
00006805  HeadingControl_LockCurrentYaw         
000068fd  HeadingControl_Reset                  
0000681d  HeadingControl_SetTargetYaw           
00003771  HeadingControl_Update                 
00004e3f  I2C0_IRQHandler                       
00004e3f  I2C1_IRQHandler                       
00002439  Imu_CalibrateGyroBias                 
00006a11  Imu_GetCorrectedGyroZDps              
00006ad5  Imu_GetRuntime                        
00006a1d  Imu_GetYaw                            
00001549  Imu_Init                              
00006799  Imu_IsReady                           
00006a29  Imu_ResetYaw                          
00003dcd  Imu_Update                            
00006999  Key_GetEvent                          
000064c5  Key_Init                              
000035fd  Key_Update_20ms                       
00006a35  Menu_GetPage                          
00006a41  Menu_GetParamItem                     
00005c09  Menu_GetParamValue                    
00001821  Menu_HandleKeyEvent                   
00006911  Menu_Init                             
00006835  Menu_ParamItemToString                
0000684d  MissionLibrary_FindById               
00006925  MissionLibrary_GetByIndex             
00006b27  MissionLibrary_GetCount               
00004d95  MissionLibrary_Validate               
000064f5  MissionManager_Cancel                 
00006add  MissionManager_GetMissionCount        
00006ae5  MissionManager_GetRuntime             
00006939  MissionManager_GetSelectedMissionId   
00005b39  MissionManager_GetSelectedMissionIndex
00006091  MissionManager_Init                   
000066b9  MissionManager_Pause                  
00006525  MissionManager_Reset                  
000066d9  MissionManager_Resume                 
00004125  MissionManager_SelectNext             
00004301  MissionManager_SelectPrevious         
00006a4d  MissionManager_SetExternalHold        
0000611d  MissionManager_Start                  
0000402d  MissionManager_Update_20ms            
00006865  MotionAction_Cancel                   
000066f9  MotionAction_GetCurrentBypassDirection
00006719  MotionAction_GetCurrentObstaclePolicy 
00006aed  MotionAction_GetRuntime               
0000687d  MotionAction_Init                     
00006385  MotionAction_ReapplyControllerTarget  
00003a15  MotionAction_Start                    
0000264d  MotionAction_Update_20ms              
000063bd  Motor_Init                            
00005fa5  Motor_PwmTick100us                    
00004ce5  Motor_SetSpeed                        
00006555  Motor_Stop                            
00004e3f  NMI_Handler                           
00001fb9  OLED_Clear                            
000044b1  OLED_Init                             
00005def  OLED_PrintBinary7                     
00004585  OLED_PrintChar                        
00003c91  OLED_PrintInt16                       
00006461  OLED_PrintString                      
0000642d  OLED_SetCursor                        
00006af5  ObstacleAvoidance_GetFeedback         
00006739  ObstacleAvoidance_Init                
00006a59  ObstacleAvoidance_IsActive            
00006a65  ObstacleAvoidance_IsFailed            
000069a9  ObstacleAvoidance_IsResumeGraceActive 
00001d41  ObstacleAvoidance_Update_20ms         
00006afd  ObstacleMonitor_GetFeedback           
000067b5  ObstacleMonitor_Init                  
00004f89  ObstacleMonitor_Update_20ms           
000067d1  ObstacleSafety_Init                   
00006a71  ObstacleSafety_IsHolding              
00004959  ObstacleSafety_Update_20ms            
00006a7d  OledUi_Init                           
000000c1  OledUi_Update_20ms                    
00004e3f  PendSV_Handler                        
00004e3f  RTC_IRQHandler                        
00006b2b  Reset_Handler                         
00004e3f  SPI0_IRQHandler                       
00004e3f  SPI1_IRQHandler                       
00004e3f  SVC_Handler                           
000047dd  SYSCFG_DL_GPIO_init                   
0000615d  SYSCFG_DL_SYSCTL_init                 
000069b9  SYSCFG_DL_init                        
00006581  SYSCFG_DL_initPower                   
00006b05  Servo_GetFeedback                     
000065d9  Servo_Init                            
0000621d  Servo_SetAngleDeg                     
000060d9  Servo_Tick100us                       
000059ed  SysTick_Handler                       
00004e3f  TIMA0_IRQHandler                      
00004e3f  TIMA1_IRQHandler                      
00004e3f  TIMG0_IRQHandler                      
00004e3f  TIMG12_IRQHandler                     
00004e3f  TIMG6_IRQHandler                      
00004e3f  TIMG7_IRQHandler                      
00004e3f  TIMG8_IRQHandler                      
000065ad  TrackSensor_CountBlack                
00005a5d  TrackSensor_DetectTurn                
00005ba1  TrackSensor_GetErrorFromRaw           
00004f87  TrackSensor_Init                      
00006a9f  TrackSensor_IsCenterDetected          
00006aa9  TrackSensor_IsLineDetected            
00006ab3  TrackSensor_IsLineLost                
00005f01  TrackSensor_ReadRaw                   
00004e3f  UART0_IRQHandler                      
00004e3f  UART1_IRQHandler                      
00004e3f  UART2_IRQHandler                      
00004e3f  UART3_IRQHandler                      
00006b0d  Ultrasonic_GetFeedback                
00005ff5  Ultrasonic_Init                       
0000314d  Ultrasonic_Tick100us                  
00005e4d  Ultrasonic_Update_20ms                
20208000  __STACK_END                           
00000200  __STACK_SIZE                          
00000000  __TI_ATRegion0_region_sz              
00000000  __TI_ATRegion0_src_addr               
00000000  __TI_ATRegion0_trg_addr               
00000000  __TI_ATRegion1_region_sz              
00000000  __TI_ATRegion1_src_addr               
00000000  __TI_ATRegion1_trg_addr               
00000000  __TI_ATRegion2_region_sz              
00000000  __TI_ATRegion2_src_addr               
00000000  __TI_ATRegion2_trg_addr               
00007124  __TI_CINIT_Base                       
00007134  __TI_CINIT_Limit                      
00007134  __TI_CINIT_Warm                       
00007108  __TI_Handler_Table_Base               
00007114  __TI_Handler_Table_Limit              
000062d1  __TI_auto_init_nobinit_nopinit        
00005731  __TI_decompress_lzss                  
00006975  __TI_decompress_none                  
ffffffff  __TI_pprof_out_hndl                   
ffffffff  __TI_prof_data_size                   
ffffffff  __TI_prof_data_start                  
00000000  __TI_static_base__                    
00006895  __TI_zero_init_nomemset               
000043e3  __addsf3                              
000063f5  __aeabi_f2iz                          
00005d31  __aeabi_f2lz                          
000043e3  __aeabi_fadd                          
00005c6d  __aeabi_fcmpeq                        
00005ca9  __aeabi_fcmpge                        
00005cbd  __aeabi_fcmpgt                        
00005c95  __aeabi_fcmple                        
00005c81  __aeabi_fcmplt                        
000054bd  __aeabi_fdiv                          
00005321  __aeabi_fmul                          
000043d9  __aeabi_fsub                          
00006259  __aeabi_i2f                           
00005ea9  __aeabi_idiv                          
0000515b  __aeabi_idiv0                         
00005ea9  __aeabi_idivmod                       
0000553f  __aeabi_ldiv0                         
0000694d  __aeabi_ldivmod                       
00006779  __aeabi_llsl                          
00006675  __aeabi_lmul                          
00006a89  __aeabi_memclr                        
00006a89  __aeabi_memclr4                       
00006a89  __aeabi_memclr8                       
00006b15  __aeabi_memcpy                        
00006b15  __aeabi_memcpy4                       
00006b15  __aeabi_memcpy8                       
0000619d  __aeabi_uidiv                         
0000619d  __aeabi_uidivmod                      
00006961  __aeabi_uldivmod                      
00006779  __ashldi3                             
ffffffff  __binit__                             
0000630d  __cmpsf2                              
000061dd  __divmoddi4                           
000054bd  __divsf3                              
0000630d  __eqsf2                               
00005d31  __fixsfdi                             
000063f5  __fixsfsi                             
00006259  __floatsisf                           
00006295  __gesf2                               
00006295  __gtsf2                               
0000630d  __lesf2                               
0000630d  __ltsf2                               
UNDEFED   __mpu_init                            
00006675  __muldi3                              
00006349  __muldsi3                             
00005321  __mulsf3                              
0000630d  __nesf2                               
20207e00  __stack                               
20200000  __start___llvm_prf_bits               
20200000  __start___llvm_prf_cnts               
20200000  __stop___llvm_prf_bits                
20200000  __stop___llvm_prf_cnts                
000043d9  __subsf3                              
00004ee5  __udivmoddi4                          
00006629  _c_int00_noargs                       
UNDEFED   _system_post_cinit                    
00006b2f  _system_pre_init                      
00006b1d  abort                                 
ffffffff  binit                                 
20200000  g_appConfig                           
202000d0  g_appRuntime                          
20200283  g_carStateDebug                       
2020017c  g_headingRuntime                      
20200108  g_imuRuntime                          
20200284  g_keyEvent                            
20200285  g_oledPageDebug                       
20200286  g_paramItemDebug                      
20200287  g_trackBlackCount                     
2020025e  g_trackError                          
20200288  g_trackModeDebug                      
20200289  g_trackRaw                            
2020028a  g_trackTurnDebug                      
00000000  interruptVectors                      
00005025  main                                  
000050c1  memcpy                                
00005ccf  memset                                


GLOBAL SYMBOLS: SORTED BY Symbol Address 

address   name                                  
-------   ----                                  
00000000  __TI_ATRegion0_region_sz              
00000000  __TI_ATRegion0_src_addr               
00000000  __TI_ATRegion0_trg_addr               
00000000  __TI_ATRegion1_region_sz              
00000000  __TI_ATRegion1_src_addr               
00000000  __TI_ATRegion1_trg_addr               
00000000  __TI_ATRegion2_region_sz              
00000000  __TI_ATRegion2_src_addr               
00000000  __TI_ATRegion2_trg_addr               
00000000  __TI_static_base__                    
00000000  interruptVectors                      
000000c1  OledUi_Update_20ms                    
00000200  __STACK_SIZE                          
00000849  CarController_Update_20ms             
00001549  Imu_Init                              
00001821  Menu_HandleKeyEvent                   
00001ab9  AppConfig_LimitAll                    
00001d41  ObstacleAvoidance_Update_20ms         
00001fb9  OLED_Clear                            
0000220d  Gimbal_YawUpdate5ms                   
00002439  Imu_CalibrateGyroBias                 
0000264d  MotionAction_Update_20ms              
00002fa1  Gimbal_PitchUpdate5ms                 
0000314d  Ultrasonic_Tick100us                  
000032ed  GimbalStepper_Tick100us               
00003481  GimbalStepper_MoveToEstimatedSteps    
000035fd  Key_Update_20ms                       
00003771  HeadingControl_Update                 
000038d1  Gimbal_PitchTick100us                 
00003a15  MotionAction_Start                    
00003b55  Gimbal_Init                           
00003c91  OLED_PrintInt16                       
00003dcd  Imu_Update                            
0000402d  MissionManager_Update_20ms            
00004125  MissionManager_SelectNext             
00004301  MissionManager_SelectPrevious         
000043d9  __aeabi_fsub                          
000043d9  __subsf3                              
000043e3  __addsf3                              
000043e3  __aeabi_fadd                          
000044b1  OLED_Init                             
00004585  OLED_PrintChar                        
00004655  App_Update_20ms                       
00004719  Gimbal_PitchRelease                   
000047dd  SYSCFG_DL_GPIO_init                   
0000489d  Gimbal_PitchStopHold                  
00004959  ObstacleSafety_Update_20ms            
00004a15  AppConfig_InitDefault                 
00004acd  GimbalStepper_StopHold                
00004b81  Gimbal_YawMoveRelativeDeg             
00004c35  GimbalStepper_Init                    
00004ce5  Motor_SetSpeed                        
00004d95  MissionLibrary_Validate               
00004e3f  ADC0_IRQHandler                       
00004e3f  ADC1_IRQHandler                       
00004e3f  AES_IRQHandler                        
00004e3f  CANFD0_IRQHandler                     
00004e3f  DAC0_IRQHandler                       
00004e3f  DMA_IRQHandler                        
00004e3f  Default_Handler                       
00004e3f  GROUP0_IRQHandler                     
00004e3f  HardFault_Handler                     
00004e3f  I2C0_IRQHandler                       
00004e3f  I2C1_IRQHandler                       
00004e3f  NMI_Handler                           
00004e3f  PendSV_Handler                        
00004e3f  RTC_IRQHandler                        
00004e3f  SPI0_IRQHandler                       
00004e3f  SPI1_IRQHandler                       
00004e3f  SVC_Handler                           
00004e3f  TIMA0_IRQHandler                      
00004e3f  TIMA1_IRQHandler                      
00004e3f  TIMG0_IRQHandler                      
00004e3f  TIMG12_IRQHandler                     
00004e3f  TIMG6_IRQHandler                      
00004e3f  TIMG7_IRQHandler                      
00004e3f  TIMG8_IRQHandler                      
00004e3f  UART0_IRQHandler                      
00004e3f  UART1_IRQHandler                      
00004e3f  UART2_IRQHandler                      
00004e3f  UART3_IRQHandler                      
00004e41  Gimbal_YawEnableWorldLock             
00004ee5  __udivmoddi4                          
00004f87  TrackSensor_Init                      
00004f89  ObstacleMonitor_Update_20ms           
00005025  main                                  
000050c1  memcpy                                
0000515b  __aeabi_idiv0                         
0000515d  CarController_StartSeekLine           
0000528d  CarController_StartDriveHeading       
00005321  __aeabi_fmul                          
00005321  __mulsf3                              
000053ad  CarController_StartTurnToYawRelative  
00005435  Gimbal_YawToggleWorldLock             
000054bd  __aeabi_fdiv                          
000054bd  __divsf3                              
0000553f  __aeabi_ldiv0                         
00005541  CarController_Init                    
000055bd  CarController_ResetRuntime            
00005639  CarController_StartFollowLine         
000056b5  Gimbal_YawStopHold                    
00005731  __TI_decompress_lzss                  
00005825  CarController_StartTurnRight90        
00005899  Gimbal_PitchMoveRelativeDeg           
0000590d  CarController_StartTurnLeft90         
0000597d  GimbalStepper_Release                 
000059ed  SysTick_Handler                       
00005a5d  TrackSensor_DetectTurn                
00005acd  Encoder_HandleGpioInterrupt           
00005b39  MissionManager_GetSelectedMissionIndex
00005ba1  TrackSensor_GetErrorFromRaw           
00005c09  Menu_GetParamValue                    
00005c6d  __aeabi_fcmpeq                        
00005c81  __aeabi_fcmplt                        
00005c95  __aeabi_fcmple                        
00005ca9  __aeabi_fcmpge                        
00005cbd  __aeabi_fcmpgt                        
00005ccf  memset                                
00005d31  __aeabi_f2lz                          
00005d31  __fixsfdi                             
00005d91  App_Init                              
00005def  OLED_PrintBinary7                     
00005e4d  Ultrasonic_Update_20ms                
00005ea9  __aeabi_idiv                          
00005ea9  __aeabi_idivmod                       
00005f01  TrackSensor_ReadRaw                   
00005f55  CarController_SetSafetyHold           
00005fa5  Motor_PwmTick100us                    
00005ff5  Ultrasonic_Init                       
00006045  Gimbal_YawRelease                     
00006091  MissionManager_Init                   
000060d9  Servo_Tick100us                       
0000611d  MissionManager_Start                  
0000615d  SYSCFG_DL_SYSCTL_init                 
0000619d  __aeabi_uidiv                         
0000619d  __aeabi_uidivmod                      
000061dd  __divmoddi4                           
0000621d  Servo_SetAngleDeg                     
00006259  __aeabi_i2f                           
00006259  __floatsisf                           
00006295  __gesf2                               
00006295  __gtsf2                               
000062d1  __TI_auto_init_nobinit_nopinit        
0000630d  __cmpsf2                              
0000630d  __eqsf2                               
0000630d  __lesf2                               
0000630d  __ltsf2                               
0000630d  __nesf2                               
00006349  __muldsi3                             
00006385  MotionAction_ReapplyControllerTarget  
000063bd  Motor_Init                            
000063f5  __aeabi_f2iz                          
000063f5  __fixsfsi                             
0000642d  OLED_SetCursor                        
00006461  OLED_PrintString                      
00006495  Gimbal_PitchGetFeedback               
000064c5  Key_Init                              
000064f5  MissionManager_Cancel                 
00006525  MissionManager_Reset                  
00006555  Motor_Stop                            
00006581  SYSCFG_DL_initPower                   
000065ad  TrackSensor_CountBlack                
000065d9  Servo_Init                            
00006629  _c_int00_noargs                       
00006651  Encoder_Reset                         
00006675  __aeabi_lmul                          
00006675  __muldi3                              
00006699  CarController_Stop                    
000066b9  MissionManager_Pause                  
000066d9  MissionManager_Resume                 
000066f9  MotionAction_GetCurrentBypassDirection
00006719  MotionAction_GetCurrentObstaclePolicy 
00006739  ObstacleAvoidance_Init                
00006779  __aeabi_llsl                          
00006779  __ashldi3                             
00006799  Imu_IsReady                           
000067b5  ObstacleMonitor_Init                  
000067d1  ObstacleSafety_Init                   
000067ed  CarController_RunModeToString         
00006805  HeadingControl_LockCurrentYaw         
0000681d  HeadingControl_SetTargetYaw           
00006835  Menu_ParamItemToString                
0000684d  MissionLibrary_FindById               
00006865  MotionAction_Cancel                   
0000687d  MotionAction_Init                     
00006895  __TI_zero_init_nomemset               
000068ad  GROUP1_IRQHandler                     
000068c1  GimbalStepper_SetStepHalfPeriodTicks  
000068d5  HeadingControl_Enable                 
000068e9  HeadingControl_Init                   
000068fd  HeadingControl_Reset                  
00006911  Menu_Init                             
00006925  MissionLibrary_GetByIndex             
00006939  MissionManager_GetSelectedMissionId   
0000694d  __aeabi_ldivmod                       
00006961  __aeabi_uldivmod                      
00006975  __TI_decompress_none                  
00006989  Gimbal_YawGetFeedback                 
00006999  Key_GetEvent                          
000069a9  ObstacleAvoidance_IsResumeGraceActive 
000069b9  SYSCFG_DL_init                        
000069c9  CarController_GetRunMode              
000069d5  CarState_Get                          
000069e1  CarState_Init                         
000069ed  CarState_Set                          
000069f9  Gimbal_Tick100us                      
00006a05  Gimbal_Update5ms                      
00006a11  Imu_GetCorrectedGyroZDps              
00006a1d  Imu_GetYaw                            
00006a29  Imu_ResetYaw                          
00006a35  Menu_GetPage                          
00006a41  Menu_GetParamItem                     
00006a4d  MissionManager_SetExternalHold        
00006a59  ObstacleAvoidance_IsActive            
00006a65  ObstacleAvoidance_IsFailed            
00006a71  ObstacleSafety_IsHolding              
00006a7d  OledUi_Init                           
00006a89  __aeabi_memclr                        
00006a89  __aeabi_memclr4                       
00006a89  __aeabi_memclr8                       
00006a95  DL_Common_delayCycles                 
00006a9f  TrackSensor_IsCenterDetected          
00006aa9  TrackSensor_IsLineDetected            
00006ab3  TrackSensor_IsLineLost                
00006abd  CarController_GetFeedback             
00006ac5  GimbalStepper_GetFeedback             
00006acd  HeadingControl_GetRuntime             
00006ad5  Imu_GetRuntime                        
00006add  MissionManager_GetMissionCount        
00006ae5  MissionManager_GetRuntime             
00006aed  MotionAction_GetRuntime               
00006af5  ObstacleAvoidance_GetFeedback         
00006afd  ObstacleMonitor_GetFeedback           
00006b05  Servo_GetFeedback                     
00006b0d  Ultrasonic_GetFeedback                
00006b15  __aeabi_memcpy                        
00006b15  __aeabi_memcpy4                       
00006b15  __aeabi_memcpy8                       
00006b1d  abort                                 
00006b22  C$$EXIT                               
00006b23  HOSTexit                              
00006b27  MissionLibrary_GetCount               
00006b2b  Reset_Handler                         
00006b2f  _system_pre_init                      
00007108  __TI_Handler_Table_Base               
00007114  __TI_Handler_Table_Limit              
00007124  __TI_CINIT_Base                       
00007134  __TI_CINIT_Limit                      
00007134  __TI_CINIT_Warm                       
20200000  __start___llvm_prf_bits               
20200000  __start___llvm_prf_cnts               
20200000  __stop___llvm_prf_bits                
20200000  __stop___llvm_prf_cnts                
20200000  g_appConfig                           
202000d0  g_appRuntime                          
20200108  g_imuRuntime                          
2020017c  g_headingRuntime                      
2020025e  g_trackError                          
20200283  g_carStateDebug                       
20200284  g_keyEvent                            
20200285  g_oledPageDebug                       
20200286  g_paramItemDebug                      
20200287  g_trackBlackCount                     
20200288  g_trackModeDebug                      
20200289  g_trackRaw                            
2020028a  g_trackTurnDebug                      
20207e00  __stack                               
20208000  __STACK_END                           
ffffffff  __TI_pprof_out_hndl                   
ffffffff  __TI_prof_data_size                   
ffffffff  __TI_prof_data_start                  
ffffffff  __binit__                             
ffffffff  binit                                 
UNDEFED   __mpu_init                            
UNDEFED   _system_post_cinit                    

[275 symbols]
