******************************************************************************
            TI ARM Clang Linker PC v4.0.4                      
******************************************************************************
>> Linked Thu Jul 16 19:54:29 2026

OUTPUT FILE NAME:   <diansaikaishi.out>
ENTRY POINT SYMBOL: "_c_int00_noargs"  address: 00004d69


MEMORY CONFIGURATION

         name            origin    length      used     unused   attr    fill
----------------------  --------  ---------  --------  --------  ----  --------
  FLASH                 00000000   00020000  00005798  0001a868  R  X
  SRAM                  20200000   00008000  00000393  00007c6d  RW X
  BCR_CONFIG            41c00000   000000ff  00000000  000000ff  R   
  BSL_CONFIG            41c00100   00000080  00000000  00000080  R   


SEGMENT ALLOCATION MAP

run origin  load origin   length   init length attrs members
----------  ----------- ---------- ----------- ----- -------
00000000    00000000    00005798   00005798    r-x
  00000000    00000000    000000c0   000000c0    r-- .intvecs
  000000c0    000000c0    00005130   00005130    r-x .text
  000051f0    000051f0    00000578   00000578    r-- .rodata
  00005768    00005768    00000030   00000030    r-- .cinit
20200000    20200000    00000193   00000000    rw-
  20200000    20200000    00000192   00000000    rw- .bss
  20200192    20200192    00000001   00000000    rw- .data
20207e00    20207e00    00000200   00000000    rw-
  20207e00    20207e00    00000200   00000000    rw- .stack


SECTION ALLOCATION MAP

 output                                  attributes/
section   page    origin      length       input sections
--------  ----  ----------  ----------   ----------------
.intvecs   0    00000000    000000c0     
                  00000000    000000c0     startup_mspm0g350x_ticlang.o (.intvecs)

.text      0    000000c0    00005130     
                  000000c0    000006f4     car_controller.o (.text.CarController_Update_20ms)
                  000007b4    00000618     oled_ui.o (.text.OledUi_Update_20ms)
                  00000dcc    000002f0     imu.o (.text.mpu6050_read_regs)
                  000010bc    000002d8     imu.o (.text.Imu_Init)
                  00001394    00000288     app_config.o (.text.AppConfig_LimitAll)
                  0000161c    00000278     obstacle_avoidance.o (.text.ObstacleAvoidance_Update_20ms)
                  00001894    00000254     oled.o (.text.OLED_Clear)
                  00001ae8    00000228     menu.o (.text.Menu_HandleKeyEvent)
                  00001d10    00000214     imu.o (.text.Imu_CalibrateGyroBias)
                  00001f24    00000208     motion_action.o (.text.MotionAction_Update_20ms)
                  0000212c    000001cc     imu.o (.text.imu_i2c_write_byte)
                  000022f8    000001b8     oled.o (.text.oled_i2c_write_byte)
                  000024b0    000001a0     ultrasonic.o (.text.Ultrasonic_Tick100us)
                  00002650    00000174     key.o (.text.Key_Update_20ms)
                  000027c4    00000160     heading_control.o (.text.HeadingControl_Update)
                  00002924    00000140     motion_action.o (.text.MotionAction_Start)
                  00002a64    0000013c     oled.o (.text.OLED_PrintInt16)
                  00002ba0    00000134     imu.o (.text.Imu_Update)
                  00002cd4    0000012c     imu.o (.text.imu_i2c_recover_bus)
                  00002e00    000000f8     mission_manager.o (.text.MissionManager_Update_20ms)
                  00002ef8    000000f0     mission_manager.o (.text.MissionManager_SelectNext)
                  00002fe8    000000ec     car_controller.o (.text.handle_turn_90)
                  000030d4    000000d8     mission_manager.o (.text.MissionManager_SelectPrevious)
                  000031ac    000000d8     libclang_rt.builtins.a : addsf3.S.obj (.text)
                  00003284    000000d4     oled.o (.text.OLED_Init)
                  00003358    000000d0     oled.o (.text.OLED_PrintChar)
                  00003428    000000c4     app.o (.text.App_Update_20ms)
                  000034ec    000000bc     obstacle_safety.o (.text.ObstacleSafety_Update_20ms)
                  000035a8    000000b8     app_config.o (.text.AppConfig_InitDefault)
                  00003660    000000b8     ti_msp_dl_config.o (.text.SYSCFG_DL_GPIO_init)
                  00003718    000000b0     gimbal_stepper_test.o (.text.GimbalStepperTest_Tick100us)
                  000037c8    000000b0     motor.o (.text.Motor_SetSpeed)
                  00003878    000000aa     mission_library.o (.text.MissionLibrary_Validate)
                  00003922    00000002     startup_mspm0g350x_ticlang.o (.text.Default_Handler)
                  00003924    000000a2     libclang_rt.builtins.a : udivmoddi4.S.obj (.text)
                  000039c6    00000002     track_sensor.o (.text.TrackSensor_Init)
                  000039c8    0000009c     obstacle_monitor.o (.text.ObstacleMonitor_Update_20ms)
                  00003a64    0000009a     libc.a : memcpy16.S.obj (.text:memcpy)
                  00003afe    00000002     libclang_rt.builtins.a : aeabi_div0.c.obj (.text.__aeabi_idiv0)
                  00003b00    00000098     car_controller.o (.text.CarController_StartSeekLine)
                  00003b98    00000098     imu.o (.text.mpu6050_write_reg)
                  00003c30    00000094     car_controller.o (.text.CarController_StartDriveHeading)
                  00003cc4    0000008c     libclang_rt.builtins.a : mulsf3.S.obj (.text.__mulsf3)
                  00003d50    00000088     car_controller.o (.text.CarController_StartTurnToYawRelative)
                  00003dd8    00000082     libclang_rt.builtins.a : divsf3.S.obj (.text.__divsf3)
                  00003e5a    00000002                            : aeabi_div0.c.obj (.text.__aeabi_ldiv0)
                  00003e5c    0000007c     car_controller.o (.text.CarController_Init)
                  00003ed8    0000007c     car_controller.o (.text.CarController_ResetRuntime)
                  00003f54    0000007c     car_controller.o (.text.CarController_StartFollowLine)
                  00003fd0    0000007c     gimbal_stepper_test.o (.text.GimbalStepperTest_Init)
                  0000404c    0000007c     libc.a : copy_decompress_lzss.c.obj (.text:decompress:lzss)
                  000040c8    00000078     oled.o (.text.oled_write_command)
                  00004140    00000074     car_controller.o (.text.CarController_StartTurnRight90)
                  000041b4    00000070     car_controller.o (.text.CarController_StartTurnLeft90)
                  00004224    0000006e     track_sensor.o (.text.TrackSensor_DetectTurn)
                  00004292    00000002     --HOLE-- [fill = 0]
                  00004294    0000006c     encoder.o (.text.Encoder_HandleGpioInterrupt)
                  00004300    0000006c     empty.o (.text.main)
                  0000436c    00000068     mission_manager.o (.text.MissionManager_GetSelectedMissionIndex)
                  000043d4    00000066     track_sensor.o (.text.TrackSensor_GetErrorFromRaw)
                  0000443a    00000002     --HOLE-- [fill = 0]
                  0000443c    00000064     menu.o (.text.Menu_GetParamValue)
                  000044a0    00000062     libclang_rt.builtins.a : aeabi_fcmp.S.obj (.text.__aeabi_fcmp)
                  00004502    0000005e     app.o (.text.App_Init)
                  00004560    0000005e     oled.o (.text.OLED_PrintBinary7)
                  000045be    00000002     --HOLE-- [fill = 0]
                  000045c0    0000005c     ultrasonic.o (.text.Ultrasonic_Update_20ms)
                  0000461c    00000056     libclang_rt.builtins.a : aeabi_idivmod.S.obj (.text.__aeabi_idivmod)
                  00004672    00000002     --HOLE-- [fill = 0]
                  00004674    00000054     track_sensor.o (.text.TrackSensor_ReadRaw)
                  000046c8    00000050     car_controller.o (.text.CarController_SetSafetyHold)
                  00004718    00000050     motor.o (.text.Motor_PwmTick100us)
                  00004768    00000050     ultrasonic.o (.text.Ultrasonic_Init)
                  000047b8    00000048     mission_manager.o (.text.MissionManager_Init)
                  00004800    00000048     empty.o (.text.SysTick_Handler)
                  00004848    00000044     servo.o (.text.Servo_Tick100us)
                  0000488c    00000040     mission_manager.o (.text.MissionManager_Start)
                  000048cc    00000040     ti_msp_dl_config.o (.text.SYSCFG_DL_SYSCTL_init)
                  0000490c    00000040     libclang_rt.builtins.a : aeabi_uidivmod.S.obj (.text.__aeabi_uidivmod)
                  0000494c    0000003e                            : divmoddi4.c.obj (.text.__divmoddi4)
                  0000498a    00000002     --HOLE-- [fill = 0]
                  0000498c    0000003c     servo.o (.text.Servo_SetAngleDeg)
                  000049c8    0000003c     libclang_rt.builtins.a : floatsisf.S.obj (.text.__floatsisf)
                  00004a04    0000003c                            : comparesf2.S.obj (.text.__gtsf2)
                  00004a40    0000003c     libc.a : autoinit.c.obj (.text:__TI_auto_init_nobinit_nopinit)
                  00004a7c    0000003a     libclang_rt.builtins.a : comparesf2.S.obj (.text.__eqsf2)
                  00004ab6    00000002     --HOLE-- [fill = 0]
                  00004ab8    0000003a                            : muldsi3.S.obj (.text.__muldsi3)
                  00004af2    00000002     --HOLE-- [fill = 0]
                  00004af4    00000038     motion_action.o (.text.MotionAction_ReapplyControllerTarget)
                  00004b2c    00000038     motor.o (.text.Motor_Init)
                  00004b64    00000038     libclang_rt.builtins.a : fixsfsi.S.obj (.text.__fixsfsi)
                  00004b9c    00000034     oled.o (.text.OLED_SetCursor)
                  00004bd0    00000032     oled.o (.text.OLED_PrintString)
                  00004c02    00000002     --HOLE-- [fill = 0]
                  00004c04    00000030     key.o (.text.Key_Init)
                  00004c34    00000030     mission_manager.o (.text.MissionManager_Cancel)
                  00004c64    00000030     mission_manager.o (.text.MissionManager_Reset)
                  00004c94    0000002c     motor.o (.text.Motor_Stop)
                  00004cc0    0000002c     ti_msp_dl_config.o (.text.SYSCFG_DL_initPower)
                  00004cec    0000002c     track_sensor.o (.text.TrackSensor_CountBlack)
                  00004d18    00000028     servo.o (.text.Servo_Init)
                  00004d40    00000028     obstacle_avoidance.o (.text.avoid_fail)
                  00004d68    00000028     libc.a : boot_cortex_m.c.obj (.text:_c_int00_noargs)
                  00004d90    00000024     encoder.o (.text.Encoder_Reset)
                  00004db4    00000020     car_controller.o (.text.CarController_Stop)
                  00004dd4    00000020     mission_manager.o (.text.MissionManager_Pause)
                  00004df4    00000020     mission_manager.o (.text.MissionManager_Resume)
                  00004e14    00000020     motion_action.o (.text.MotionAction_GetCurrentBypassDirection)
                  00004e34    00000020     motion_action.o (.text.MotionAction_GetCurrentObstaclePolicy)
                  00004e54    00000020     obstacle_avoidance.o (.text.ObstacleAvoidance_Init)
                  00004e74    00000020     mission_manager.o (.text.mission_finish_error)
                  00004e94    0000001e     libclang_rt.builtins.a : ashldi3.S.obj (.text.__ashldi3)
                  00004eb2    00000002     --HOLE-- [fill = 0]
                  00004eb4    0000001c     imu.o (.text.Imu_IsReady)
                  00004ed0    0000001c     obstacle_monitor.o (.text.ObstacleMonitor_Init)
                  00004eec    0000001c     obstacle_safety.o (.text.ObstacleSafety_Init)
                  00004f08    00000018     car_controller.o (.text.CarController_RunModeToString)
                  00004f20    00000018     heading_control.o (.text.HeadingControl_LockCurrentYaw)
                  00004f38    00000018     heading_control.o (.text.HeadingControl_SetTargetYaw)
                  00004f50    00000018     menu.o (.text.Menu_ParamItemToString)
                  00004f68    00000018     mission_library.o (.text.MissionLibrary_FindById)
                  00004f80    00000018     motion_action.o (.text.MotionAction_Cancel)
                  00004f98    00000018     motion_action.o (.text.MotionAction_Init)
                  00004fb0    00000016     libc.a : copy_zero_init.c.obj (.text:decompress:ZI:__TI_zero_init_nomemset)
                  00004fc6    00000002     --HOLE-- [fill = 0]
                  00004fc8    00000014     empty.o (.text.GROUP1_IRQHandler)
                  00004fdc    00000014     heading_control.o (.text.HeadingControl_Enable)
                  00004ff0    00000014     heading_control.o (.text.HeadingControl_Init)
                  00005004    00000014     heading_control.o (.text.HeadingControl_Reset)
                  00005018    00000014     menu.o (.text.Menu_Init)
                  0000502c    00000014     mission_library.o (.text.MissionLibrary_GetByIndex)
                  00005040    00000014     mission_manager.o (.text.MissionManager_GetSelectedMissionId)
                  00005054    00000014     libclang_rt.builtins.a : aeabi_ldivmod.S.obj (.text.__aeabi_ldivmod)
                  00005068    00000012     libc.a : copy_decompress_none.c.obj (.text:decompress:none)
                  0000507a    00000002     --HOLE-- [fill = 0]
                  0000507c    00000010     key.o (.text.Key_GetEvent)
                  0000508c    00000010     obstacle_avoidance.o (.text.ObstacleAvoidance_IsResumeGraceActive)
                  0000509c    00000010     ti_msp_dl_config.o (.text.SYSCFG_DL_init)
                  000050ac    0000000c     car_controller.o (.text.CarController_GetRunMode)
                  000050b8    0000000c     car_state.o (.text.CarState_Get)
                  000050c4    0000000c     car_state.o (.text.CarState_Init)
                  000050d0    0000000c     car_state.o (.text.CarState_Set)
                  000050dc    0000000c     imu.o (.text.Imu_GetCorrectedGyroZDps)
                  000050e8    0000000c     imu.o (.text.Imu_GetYaw)
                  000050f4    0000000c     imu.o (.text.Imu_ResetYaw)
                  00005100    0000000c     menu.o (.text.Menu_GetPage)
                  0000510c    0000000c     menu.o (.text.Menu_GetParamItem)
                  00005118    0000000c     mission_manager.o (.text.MissionManager_SetExternalHold)
                  00005124    0000000c     obstacle_avoidance.o (.text.ObstacleAvoidance_IsActive)
                  00005130    0000000c     obstacle_avoidance.o (.text.ObstacleAvoidance_IsFailed)
                  0000513c    0000000c     obstacle_safety.o (.text.ObstacleSafety_IsHolding)
                  00005148    0000000c     oled_ui.o (.text.OledUi_Init)
                  00005154    0000000a     driverlib.a : dl_common.o (.text.DL_Common_delayCycles)
                  0000515e    0000000a     track_sensor.o (.text.TrackSensor_IsCenterDetected)
                  00005168    0000000a     track_sensor.o (.text.TrackSensor_IsLineDetected)
                  00005172    0000000a     track_sensor.o (.text.TrackSensor_IsLineLost)
                  0000517c    00000008     car_controller.o (.text.CarController_GetFeedback)
                  00005184    00000008     heading_control.o (.text.HeadingControl_GetRuntime)
                  0000518c    00000008     imu.o (.text.Imu_GetRuntime)
                  00005194    00000008     mission_manager.o (.text.MissionManager_GetMissionCount)
                  0000519c    00000008     mission_manager.o (.text.MissionManager_GetRuntime)
                  000051a4    00000008     motion_action.o (.text.MotionAction_GetRuntime)
                  000051ac    00000008     obstacle_avoidance.o (.text.ObstacleAvoidance_GetFeedback)
                  000051b4    00000008     obstacle_monitor.o (.text.ObstacleMonitor_GetFeedback)
                  000051bc    00000008     servo.o (.text.Servo_GetFeedback)
                  000051c4    00000008     ultrasonic.o (.text.Ultrasonic_GetFeedback)
                  000051cc    00000008     libclang_rt.builtins.a : aeabi_memcpy.S.obj (.text.__aeabi_memcpy)
                  000051d4    00000006     libc.a : exit.c.obj (.text:abort)
                  000051da    00000004     libsysbm.a : hostexit.c.obj (.text.HOSTexit)
                  000051de    00000004     mission_library.o (.text.MissionLibrary_GetCount)
                  000051e2    00000004     startup_mspm0g350x_ticlang.o (.text.Reset_Handler)
                  000051e6    00000004     libc.a : pre_init.c.obj (.text._system_pre_init)
                  000051ea    00000006     --HOLE-- [fill = 0]

.cinit     0    00005768    00000030     
                  00005768    0000000c     (__TI_handler_table)
                  00005774    00000008     (.cinit..bss.load) [load image, compression = zero_init]
                  0000577c    00000005     (.cinit..data.load) [load image, compression = lzss]
                  00005781    00000003     --HOLE-- [fill = 0]
                  00005784    00000010     (__TI_cinit_table)
                  00005794    00000004     --HOLE-- [fill = 0]

.rodata    0    000051f0    00000578     
                  000051f0    000000d8     oled.o (.rodata..Lswitch.table.OLED_PrintChar)
                  000052c8    000000a8     mission_library.o (.rodata.g_missionMapA)
                  00005370    000000a8     mission_library.o (.rodata.g_missionMapB)
                  00005418    00000078     mission_library.o (.rodata.g_missionMapC)
                  00005490    00000030     mission_library.o (.rodata.g_missionRegistry)
                  000054c0    00000024     oled_ui.o (.rodata..Lswitch.table.OledUi_Update_20ms)
                  000054e4    00000020     menu.o (.rodata..Lswitch.table.Menu_ParamItemToString)
                  00005504    0000001c     car_controller.o (.rodata..Lswitch.table.CarController_RunModeToString)
                  00005520    00000018     oled_ui.o (.rodata..Lswitch.table.OledUi_Update_20ms.58)
                  00005538    0000000c     mission_library.o (.rodata..Lswitch.table.MissionLibrary_FindById)
                  00005544    00000009     oled_ui.o (.rodata.str1.18266126048138325213.1)
                  0000554d    00000007     oled_ui.o (.rodata.str1.9544068167406571052.1)
                  00005554    00000006     oled_ui.o (.rodata.str1.13567883086814673087.1)
                  0000555a    00000006     mission_library.o (.rodata.str1.13636476544574750902.1)
                  00005560    00000006     oled_ui.o (.rodata.str1.1445687256832830955.1)
                  00005566    00000006     oled_ui.o (.rodata.str1.15008238333949226094.1)
                  0000556c    00000006     mission_library.o (.rodata.str1.15668266851434757964.1)
                  00005572    00000006     oled_ui.o (.rodata.str1.15802367878353263018.1)
                  00005578    00000006     oled_ui.o (.rodata.str1.16939060351352778619.1)
                  0000557e    00000006     oled_ui.o (.rodata.str1.17540787658903907660.1)
                  00005584    00000006     oled_ui.o (.rodata.str1.17884296644359297425.1)
                  0000558a    00000006     oled_ui.o (.rodata.str1.18379317056176403938.1)
                  00005590    00000006     mission_library.o (.rodata.str1.199678142196697465.1)
                  00005596    00000006     oled_ui.o (.rodata.str1.5965450730569173784.1)
                  0000559c    00000005     oled.o (.rodata.oled_get_glyph.colon)
                  000055a1    00000005     oled.o (.rodata.oled_get_glyph.eight)
                  000055a6    00000005     oled.o (.rodata.oled_get_glyph.five)
                  000055ab    00000005     oled.o (.rodata.oled_get_glyph.four)
                  000055b0    00000005     oled.o (.rodata.oled_get_glyph.glyphA)
                  000055b5    00000005     oled.o (.rodata.oled_get_glyph.glyphB)
                  000055ba    00000005     oled.o (.rodata.oled_get_glyph.glyphC)
                  000055bf    00000005     oled.o (.rodata.oled_get_glyph.glyphD)
                  000055c4    00000005     oled.o (.rodata.oled_get_glyph.glyphE)
                  000055c9    00000005     oled.o (.rodata.oled_get_glyph.glyphG)
                  000055ce    00000005     oled.o (.rodata.oled_get_glyph.glyphH)
                  000055d3    00000005     oled.o (.rodata.oled_get_glyph.glyphI)
                  000055d8    00000005     oled.o (.rodata.oled_get_glyph.glyphK)
                  000055dd    00000005     oled.o (.rodata.oled_get_glyph.glyphL)
                  000055e2    00000005     oled.o (.rodata.oled_get_glyph.glyphM)
                  000055e7    00000005     oled.o (.rodata.oled_get_glyph.glyphN)
                  000055ec    00000005     oled.o (.rodata.oled_get_glyph.glyphO)
                  000055f1    00000005     oled.o (.rodata.oled_get_glyph.glyphP)
                  000055f6    00000005     oled.o (.rodata.oled_get_glyph.glyphR)
                  000055fb    00000005     oled.o (.rodata.oled_get_glyph.glyphS)
                  00005600    00000005     oled.o (.rodata.oled_get_glyph.glyphT)
                  00005605    00000005     oled.o (.rodata.oled_get_glyph.glyphU)
                  0000560a    00000005     oled.o (.rodata.oled_get_glyph.glyphV)
                  0000560f    00000005     oled.o (.rodata.oled_get_glyph.glyphW)
                  00005614    00000005     oled.o (.rodata.oled_get_glyph.glyphX)
                  00005619    00000005     oled.o (.rodata.oled_get_glyph.glyphY)
                  0000561e    00000005     oled.o (.rodata.oled_get_glyph.glyphb)
                  00005623    00000005     oled.o (.rodata.oled_get_glyph.gt)
                  00005628    00000005     oled.o (.rodata.oled_get_glyph.minus)
                  0000562d    00000005     oled.o (.rodata.oled_get_glyph.nine)
                  00005632    00000005     oled.o (.rodata.oled_get_glyph.one)
                  00005637    00000005     oled.o (.rodata.oled_get_glyph.seven)
                  0000563c    00000005     oled.o (.rodata.oled_get_glyph.six)
                  00005641    00000005     oled.o (.rodata.oled_get_glyph.space)
                  00005646    00000005     oled.o (.rodata.oled_get_glyph.three)
                  0000564b    00000005     oled.o (.rodata.oled_get_glyph.two)
                  00005650    00000005     oled.o (.rodata.oled_get_glyph.zero)
                  00005655    00000005     oled_ui.o (.rodata.str1.1108652269057166745.1)
                  0000565a    00000005     oled_ui.o (.rodata.str1.12617122458660443890.1)
                  0000565f    00000005     oled_ui.o (.rodata.str1.12983537867572525563.1)
                  00005664    00000005     oled_ui.o (.rodata.str1.13882251010780863896.1)
                  00005669    00000005     oled_ui.o (.rodata.str1.14134189893851348960.1)
                  0000566e    00000005     oled_ui.o (.rodata.str1.15577080202403550426.1)
                  00005673    00000005     oled_ui.o (.rodata.str1.15917848551323629232.1)
                  00005678    00000005     oled_ui.o (.rodata.str1.16411631209783952401.1)
                  0000567d    00000005     car_controller.o (.rodata.str1.1652194605229746967.1)
                  00005682    00000005     oled_ui.o (.rodata.str1.16526439943277383452.1)
                  00005687    00000005     oled_ui.o (.rodata.str1.17274519358952562110.1)
                  0000568c    00000005     oled_ui.o (.rodata.str1.270145429241168923.1)
                  00005691    00000005     car_controller.o (.rodata.str1.4164979912472006574.1)
                  00005696    00000005     oled_ui.o (.rodata.str1.4402311448527872260.1)
                  0000569b    00000005     oled_ui.o (.rodata.str1.4581472623415959594.1)
                  000056a0    00000005     menu.o (.rodata.str1.4862307748908978627.1)
                  000056a5    00000005     oled_ui.o (.rodata.str1.7219546930854689545.1)
                  000056aa    00000005     oled_ui.o (.rodata.str1.7419768602719733415.1)
                  000056af    00000005     oled_ui.o (.rodata.str1.8403269972884532600.1)
                  000056b4    00000005     oled_ui.o (.rodata.str1.8426569189266129334.1)
                  000056b9    00000005     car_controller.o (.rodata.str1.9234375891235759983.1)
                  000056be    00000005     oled_ui.o (.rodata.str1.9611283282870761829.1)
                  000056c3    00000005     car_controller.o (.rodata.str1.9981487771679760427.1)
                  000056c8    00000004     oled_ui.o (.rodata.str1.1019225241002246410.1)
                  000056cc    00000004     oled_ui.o (.rodata.str1.10416366799939242409.1)
                  000056d0    00000004     menu.o (.rodata.str1.12110183915172842339.1)
                  000056d4    00000004     car_controller.o (.rodata.str1.12442237994239546032.1)
                  000056d8    00000004     oled_ui.o (.rodata.str1.130772507669342127.1)
                  000056dc    00000004     menu.o (.rodata.str1.13124720451672825294.1)
                  000056e0    00000004     oled_ui.o (.rodata.str1.13244290092665904221.1)
                  000056e4    00000004     oled_ui.o (.rodata.str1.13790669171379415506.1)
                  000056e8    00000004     menu.o (.rodata.str1.14098755746347272832.1)
                  000056ec    00000004     oled_ui.o (.rodata.str1.15817398807211891688.1)
                  000056f0    00000004     oled_ui.o (.rodata.str1.15859922799842739878.1)
                  000056f4    00000004     menu.o (.rodata.str1.17041139162815566052.1)
                  000056f8    00000004     car_controller.o (.rodata.str1.17172356789460551389.1)
                  000056fc    00000004     car_controller.o (.rodata.str1.18191498530309206443.1)
                  00005700    00000004     oled_ui.o (.rodata.str1.2308938766145545715.1)
                  00005704    00000004     oled_ui.o (.rodata.str1.3025253791635144717.1)
                  00005708    00000004     oled_ui.o (.rodata.str1.3407221357956504873.1)
                  0000570c    00000004     oled_ui.o (.rodata.str1.3455423528827705371.1)
                  00005710    00000004     oled_ui.o (.rodata.str1.3702290527496711532.1)
                  00005714    00000004     oled_ui.o (.rodata.str1.4581686099848791648.1)
                  00005718    00000004     oled_ui.o (.rodata.str1.4610220316623841660.1)
                  0000571c    00000004     oled_ui.o (.rodata.str1.5853739094453432564.1)
                  00005720    00000004     car_controller.o (.rodata.str1.702403006289709404.1)
                  00005724    00000004     oled_ui.o (.rodata.str1.8236579331345056500.1)
                  00005728    00000004     oled_ui.o (.rodata.str1.8460525935980491721.1)
                  0000572c    00000004     oled_ui.o (.rodata.str1.8693388333057100694.1)
                  00005730    00000004     oled_ui.o (.rodata.str1.8783421139296713095.1)
                  00005734    00000004     oled_ui.o (.rodata.str1.9159586779647977165.1)
                  00005738    00000004     oled_ui.o (.rodata.str1.9295666102996717355.1)
                  0000573c    00000004     menu.o (.rodata.str1.9546740394641817443.1)
                  00005740    00000004     oled_ui.o (.rodata.str1.967006512144173535.1)
                  00005744    00000004     oled_ui.o (.rodata.str1.9854382722193312766.1)
                  00005748    00000003     oled_ui.o (.rodata.str1.11232419324784801130.1)
                  0000574b    00000003     oled_ui.o (.rodata.str1.14358698208395374265.1)
                  0000574e    00000003     oled_ui.o (.rodata.str1.14556837007311414654.1)
                  00005751    00000003     menu.o (.rodata.str1.16312125044762562515.1)
                  00005754    00000003     oled_ui.o (.rodata.str1.16849766574302683489.1)
                  00005757    00000003     oled_ui.o (.rodata.str1.16931641404301806744.1)
                  0000575a    00000003     oled_ui.o (.rodata.str1.17812014771544466701.1)
                  0000575d    00000003     menu.o (.rodata.str1.4646809750356241979.1)
                  00005760    00000003     menu.o (.rodata.str1.6857549598058878762.1)
                  00005763    00000005     --HOLE-- [fill = 0]

.init_array 
*          0    00000000    00000000     UNINITIALIZED

.binit     0    00000000    00000000     

.bss       0    20200000    00000192     UNINITIALIZED
                  20200000    0000005c     (.common:g_appConfig)
                  2020005c    00000038     (.common:g_appRuntime)
                  20200094    00000028     (.common:g_imuRuntime)
                  202000bc    00000020     mission_manager.o (.bss.g_missionRuntime)
                  202000dc    00000014     motion_action.o (.bss.g_motionActionRuntime)
                  202000f0    00000014     (.common:g_headingRuntime)
                  20200104    0000000e     car_controller.o (.bss.g_carControllerFeedback)
                  20200112    00000002     ultrasonic.o (.bss.g_echoTicks)
                  20200114    0000000e     ultrasonic.o (.bss.g_ultrasonicFeedback)
                  20200122    00000002     gimbal_stepper_test.o (.bss.g_pitchHalfPeriodTicks)
                  20200124    0000000c     gimbal_stepper_test.o (.bss.g_feedback)
                  20200130    0000000a     obstacle_avoidance.o (.bss.g_avoidFeedback)
                  2020013a    00000008     obstacle_monitor.o (.bss.g_obstacleFeedback)
                  20200142    00000006     ultrasonic.o (.bss.g_distanceSamples)
                  20200148    00000006     key.o (.bss.g_key1)
                  2020014e    00000006     key.o (.bss.g_key2)
                  20200154    00000006     key.o (.bss.g_key3)
                  2020015a    00000002     obstacle_avoidance.o (.bss.g_resumeGraceMs)
                  2020015c    00000004     encoder.o (.bss.g_motorAPulses)
                  20200160    00000004     encoder.o (.bss.g_motorBPulses)
                  20200164    00000004     gimbal_stepper_test.o (.bss.g_pitchCompletedSteps)
                  20200168    00000004     servo.o (.bss.g_servoFeedback)
                  2020016c    00000002     servo.o (.bss.g_servoPwmPhase)
                  2020016e    00000002     ultrasonic.o (.bss.g_stateTicks)
                  20200170    00000002     (.common:g_trackError)
                  20200172    00000001     oled_ui.o (.bss.OledUi_Update_20ms.refreshDivider)
                  20200173    00000001     empty.o (.bss.SysTick_Handler.controlMsCount)
                  20200174    00000001     empty.o (.bss.SysTick_Handler.tick100usCount)
                  20200175    00000001     ultrasonic.o (.bss.Ultrasonic_Update_20ms.triggerDivider)
                  20200176    00000001     empty.o (.bss.g_appUpdateDue)
                  20200177    00000001     car_state.o (.bss.g_carState)
                  20200178    00000001     obstacle_monitor.o (.bss.g_centerSettleTicks)
                  20200179    00000001     ultrasonic.o (.bss.g_distanceSampleCount)
                  2020017a    00000001     ultrasonic.o (.bss.g_distanceSampleIndex)
                  2020017b    00000001     motor.o (.bss.g_motorADutyLevel)
                  2020017c    00000001     motor.o (.bss.g_motorBDutyLevel)
                  2020017d    00000001     obstacle_safety.o (.bss.g_obstacleSafetyHolding)
                  2020017e    00000001     oled.o (.bss.g_oledColumn)
                  2020017f    00000001     menu.o (.bss.g_oledPage)
                  20200180    00000001     menu.o (.bss.g_paramItem)
                  20200181    00000001     key.o (.bss.g_pendingEvent)
                  20200182    00000001     gimbal_stepper_test.o (.bss.g_pitchRunning)
                  20200183    00000001     gimbal_stepper_test.o (.bss.g_pitchStepHigh)
                  20200184    00000001     gimbal_stepper_test.o (.bss.g_pitchTargetSteps)
                  20200185    00000001     motor.o (.bss.g_pwmPhase)
                  20200186    00000001     car_controller.o (.bss.g_safetyHold)
                  20200187    00000001     obstacle_avoidance.o (.bss.g_stateStarted)
                  20200188    00000001     ultrasonic.o (.bss.g_triggerRequest)
                  20200189    00000001     ultrasonic.o (.bss.g_ultrasonicState)
                  2020018a    00000001     (.common:g_carStateDebug)
                  2020018b    00000001     (.common:g_keyEvent)
                  2020018c    00000001     (.common:g_oledPageDebug)
                  2020018d    00000001     (.common:g_paramItemDebug)
                  2020018e    00000001     (.common:g_trackBlackCount)
                  2020018f    00000001     (.common:g_trackModeDebug)
                  20200190    00000001     (.common:g_trackRaw)
                  20200191    00000001     (.common:g_trackTurnDebug)

.data      0    20200192    00000001     UNINITIALIZED
                  20200192    00000001     car_controller.o (.data.g_followTurnPolicy)

.stack     0    20207e00    00000200     UNINITIALIZED
                  20207e00    00000004     libc.a : boot_cortex_m.c.obj (.stack)
                  20207e04    000001fc     --HOLE--

__llvm_prf_cnts 
*          0    20200000    00000000     UNINITIALIZED

__llvm_prf_bits 
*          0    20200000    00000000     UNINITIALIZED

MODULE SUMMARY

       Module                         code    ro data   rw data
       ------                         ----    -------   -------
    .\
       car_controller.o               3208    64        72     
       imu.o                          3304    0         40     
       oled.o                         2088    401       1      
       oled_ui.o                      1572    330       1      
       mission_manager.o              1184    0         32     
       motion_action.o                1016    0         20     
       app_config.o                   832     0         92     
       menu.o                         720     66        2      
       obstacle_avoidance.o           752     0         13     
       mission_library.o              218     534       0      
       ultrasonic.o                   596     0         29     
       heading_control.o              468     0         20     
       key.o                          436     0         19     
       track_sensor.o                 372     0         0      
       motor.o                        356     0         3      
       gimbal_stepper_test.o          300     0         21     
       ti_msp_dl_config.o             308     0         0      
       app.o                          290     0         10     
       obstacle_safety.o              228     0         1      
       empty.o                        200     0         3      
       obstacle_monitor.o             192     0         9      
       startup_mspm0g350x_ticlang.o   6       192       0      
       servo.o                        176     0         6      
       encoder.o                      144     0         8      
       car_state.o                    36      0         1      
    +--+------------------------------+-------+---------+---------+
       Total:                         19002   1587      403    
                                                               
    C:/TI/mspm0_sdk_2_05_01_00/source/ti/driverlib/lib/ticlang/m0p/mspm0g1x0x_g3x0x/driverlib.a
       dl_common.o                    10      0         0      
    +--+------------------------------+-------+---------+---------+
       Total:                         10      0         0      
                                                               
    D:\TI\CCS\ccs\tools\compiler\ti-cgt-armllvm_4.0.4.LTS\lib\armv6m-ti-none-eabi/c/libc.a
       memcpy16.S.obj                 154     0         0      
       copy_decompress_lzss.c.obj     124     0         0      
       autoinit.c.obj                 60      0         0      
       boot_cortex_m.c.obj            40      0         0      
       copy_zero_init.c.obj           22      0         0      
       copy_decompress_none.c.obj     18      0         0      
       exit.c.obj                     6       0         0      
       pre_init.c.obj                 4       0         0      
    +--+------------------------------+-------+---------+---------+
       Total:                         428     0         0      
                                                               
    D:\TI\CCS\ccs\tools\compiler\ti-cgt-armllvm_4.0.4.LTS\lib\armv6m-ti-none-eabi/c/libsysbm.a
       hostexit.c.obj                 4       0         0      
    +--+------------------------------+-------+---------+---------+
       Total:                         4       0         0      
                                                               
    D:\TI\CCS\ccs\tools\compiler\ti-cgt-armllvm_4.0.4.LTS\lib\armv6m-ti-none-eabi/libclang_rt.builtins.a
       addsf3.S.obj                   216     0         0      
       udivmoddi4.S.obj               162     0         0      
       mulsf3.S.obj                   140     0         0      
       divsf3.S.obj                   130     0         0      
       comparesf2.S.obj               118     0         0      
       aeabi_fcmp.S.obj               98      0         0      
       aeabi_idivmod.S.obj            86      0         0      
       aeabi_uidivmod.S.obj           64      0         0      
       divmoddi4.c.obj                62      0         0      
       floatsisf.S.obj                60      0         0      
       muldsi3.S.obj                  58      0         0      
       fixsfsi.S.obj                  56      0         0      
       ashldi3.S.obj                  30      0         0      
       aeabi_ldivmod.S.obj            20      0         0      
       aeabi_memcpy.S.obj             8       0         0      
       aeabi_div0.c.obj               4       0         0      
    +--+------------------------------+-------+---------+---------+
       Total:                         1312    0         0      
                                                               
       Stack:                         0       0         512    
       Linker Generated:              0       41        0      
    +--+------------------------------+-------+---------+---------+
       Grand Total:                   20756   1628      915    


LINKER GENERATED COPY TABLES

__TI_cinit_table @ 00005784 records: 2, size/record: 8, table size: 16
	.bss: load addr=00005774, load size=00000008 bytes, run addr=20200000, run size=00000192 bytes, compression=zero_init
	.data: load addr=0000577c, load size=00000005 bytes, run addr=20200192, run size=00000001 bytes, compression=lzss


LINKER GENERATED HANDLER TABLE

__TI_handler_table @ 00005768 records: 3, size/record: 4, table size: 12
	index: 0, handler: __TI_decompress_lzss
	index: 1, handler: __TI_decompress_none
	index: 2, handler: __TI_zero_init


GLOBAL SYMBOLS: SORTED ALPHABETICALLY BY Name 

address   name                                  
-------   ----                                  
00003923  ADC0_IRQHandler                       
00003923  ADC1_IRQHandler                       
00003923  AES_IRQHandler                        
000035a9  AppConfig_InitDefault                 
00001395  AppConfig_LimitAll                    
00004503  App_Init                              
00003429  App_Update_20ms                       
000051da  C$$EXIT                               
00003923  CANFD0_IRQHandler                     
0000517d  CarController_GetFeedback             
000050ad  CarController_GetRunMode              
00003e5d  CarController_Init                    
00003ed9  CarController_ResetRuntime            
00004f09  CarController_RunModeToString         
000046c9  CarController_SetSafetyHold           
00003c31  CarController_StartDriveHeading       
00003f55  CarController_StartFollowLine         
00003b01  CarController_StartSeekLine           
000041b5  CarController_StartTurnLeft90         
00004141  CarController_StartTurnRight90        
00003d51  CarController_StartTurnToYawRelative  
00004db5  CarController_Stop                    
000000c1  CarController_Update_20ms             
000050b9  CarState_Get                          
000050c5  CarState_Init                         
000050d1  CarState_Set                          
00003923  DAC0_IRQHandler                       
00005155  DL_Common_delayCycles                 
00003923  DMA_IRQHandler                        
00003923  Default_Handler                       
00004295  Encoder_HandleGpioInterrupt           
00004d91  Encoder_Reset                         
00003923  GROUP0_IRQHandler                     
00004fc9  GROUP1_IRQHandler                     
00003fd1  GimbalStepperTest_Init                
00003719  GimbalStepperTest_Tick100us           
000051db  HOSTexit                              
00003923  HardFault_Handler                     
00004fdd  HeadingControl_Enable                 
00005185  HeadingControl_GetRuntime             
00004ff1  HeadingControl_Init                   
00004f21  HeadingControl_LockCurrentYaw         
00005005  HeadingControl_Reset                  
00004f39  HeadingControl_SetTargetYaw           
000027c5  HeadingControl_Update                 
00003923  I2C0_IRQHandler                       
00003923  I2C1_IRQHandler                       
00001d11  Imu_CalibrateGyroBias                 
000050dd  Imu_GetCorrectedGyroZDps              
0000518d  Imu_GetRuntime                        
000050e9  Imu_GetYaw                            
000010bd  Imu_Init                              
00004eb5  Imu_IsReady                           
000050f5  Imu_ResetYaw                          
00002ba1  Imu_Update                            
0000507d  Key_GetEvent                          
00004c05  Key_Init                              
00002651  Key_Update_20ms                       
00005101  Menu_GetPage                          
0000510d  Menu_GetParamItem                     
0000443d  Menu_GetParamValue                    
00001ae9  Menu_HandleKeyEvent                   
00005019  Menu_Init                             
00004f51  Menu_ParamItemToString                
00004f69  MissionLibrary_FindById               
0000502d  MissionLibrary_GetByIndex             
000051df  MissionLibrary_GetCount               
00003879  MissionLibrary_Validate               
00004c35  MissionManager_Cancel                 
00005195  MissionManager_GetMissionCount        
0000519d  MissionManager_GetRuntime             
00005041  MissionManager_GetSelectedMissionId   
0000436d  MissionManager_GetSelectedMissionIndex
000047b9  MissionManager_Init                   
00004dd5  MissionManager_Pause                  
00004c65  MissionManager_Reset                  
00004df5  MissionManager_Resume                 
00002ef9  MissionManager_SelectNext             
000030d5  MissionManager_SelectPrevious         
00005119  MissionManager_SetExternalHold        
0000488d  MissionManager_Start                  
00002e01  MissionManager_Update_20ms            
00004f81  MotionAction_Cancel                   
00004e15  MotionAction_GetCurrentBypassDirection
00004e35  MotionAction_GetCurrentObstaclePolicy 
000051a5  MotionAction_GetRuntime               
00004f99  MotionAction_Init                     
00004af5  MotionAction_ReapplyControllerTarget  
00002925  MotionAction_Start                    
00001f25  MotionAction_Update_20ms              
00004b2d  Motor_Init                            
00004719  Motor_PwmTick100us                    
000037c9  Motor_SetSpeed                        
00004c95  Motor_Stop                            
00003923  NMI_Handler                           
00001895  OLED_Clear                            
00003285  OLED_Init                             
00004561  OLED_PrintBinary7                     
00003359  OLED_PrintChar                        
00002a65  OLED_PrintInt16                       
00004bd1  OLED_PrintString                      
00004b9d  OLED_SetCursor                        
000051ad  ObstacleAvoidance_GetFeedback         
00004e55  ObstacleAvoidance_Init                
00005125  ObstacleAvoidance_IsActive            
00005131  ObstacleAvoidance_IsFailed            
0000508d  ObstacleAvoidance_IsResumeGraceActive 
0000161d  ObstacleAvoidance_Update_20ms         
000051b5  ObstacleMonitor_GetFeedback           
00004ed1  ObstacleMonitor_Init                  
000039c9  ObstacleMonitor_Update_20ms           
00004eed  ObstacleSafety_Init                   
0000513d  ObstacleSafety_IsHolding              
000034ed  ObstacleSafety_Update_20ms            
00005149  OledUi_Init                           
000007b5  OledUi_Update_20ms                    
00003923  PendSV_Handler                        
00003923  RTC_IRQHandler                        
000051e3  Reset_Handler                         
00003923  SPI0_IRQHandler                       
00003923  SPI1_IRQHandler                       
00003923  SVC_Handler                           
00003661  SYSCFG_DL_GPIO_init                   
000048cd  SYSCFG_DL_SYSCTL_init                 
0000509d  SYSCFG_DL_init                        
00004cc1  SYSCFG_DL_initPower                   
000051bd  Servo_GetFeedback                     
00004d19  Servo_Init                            
0000498d  Servo_SetAngleDeg                     
00004849  Servo_Tick100us                       
00004801  SysTick_Handler                       
00003923  TIMA0_IRQHandler                      
00003923  TIMA1_IRQHandler                      
00003923  TIMG0_IRQHandler                      
00003923  TIMG12_IRQHandler                     
00003923  TIMG6_IRQHandler                      
00003923  TIMG7_IRQHandler                      
00003923  TIMG8_IRQHandler                      
00004ced  TrackSensor_CountBlack                
00004225  TrackSensor_DetectTurn                
000043d5  TrackSensor_GetErrorFromRaw           
000039c7  TrackSensor_Init                      
0000515f  TrackSensor_IsCenterDetected          
00005169  TrackSensor_IsLineDetected            
00005173  TrackSensor_IsLineLost                
00004675  TrackSensor_ReadRaw                   
00003923  UART0_IRQHandler                      
00003923  UART1_IRQHandler                      
00003923  UART2_IRQHandler                      
00003923  UART3_IRQHandler                      
000051c5  Ultrasonic_GetFeedback                
00004769  Ultrasonic_Init                       
000024b1  Ultrasonic_Tick100us                  
000045c1  Ultrasonic_Update_20ms                
20208000  __STACK_END                           
00000200  __STACK_SIZE                          
00000000  __TI_ATRegion0_region_sz              
00000000  __TI_ATRegion0_src_addr               
00000000  __TI_ATRegion0_trg_addr               
00000000  __TI_ATRegion1_region_sz              
00000000  __TI_ATRegion1_src_addr               
00000000  __TI_ATRegion1_trg_addr               
00000000  __TI_ATRegion2_region_sz              
00000000  __TI_ATRegion2_src_addr               
00000000  __TI_ATRegion2_trg_addr               
00005784  __TI_CINIT_Base                       
00005794  __TI_CINIT_Limit                      
00005794  __TI_CINIT_Warm                       
00005768  __TI_Handler_Table_Base               
00005774  __TI_Handler_Table_Limit              
00004a41  __TI_auto_init_nobinit_nopinit        
0000404d  __TI_decompress_lzss                  
00005069  __TI_decompress_none                  
ffffffff  __TI_pprof_out_hndl                   
ffffffff  __TI_prof_data_size                   
ffffffff  __TI_prof_data_start                  
00000000  __TI_static_base__                    
00004fb1  __TI_zero_init_nomemset               
000031b7  __addsf3                              
00004b65  __aeabi_f2iz                          
000031b7  __aeabi_fadd                          
000044a1  __aeabi_fcmpeq                        
000044dd  __aeabi_fcmpge                        
000044f1  __aeabi_fcmpgt                        
000044c9  __aeabi_fcmple                        
000044b5  __aeabi_fcmplt                        
00003dd9  __aeabi_fdiv                          
00003cc5  __aeabi_fmul                          
000031ad  __aeabi_fsub                          
000049c9  __aeabi_i2f                           
0000461d  __aeabi_idiv                          
00003aff  __aeabi_idiv0                         
0000461d  __aeabi_idivmod                       
00003e5b  __aeabi_ldiv0                         
00005055  __aeabi_ldivmod                       
00004e95  __aeabi_llsl                          
000051cd  __aeabi_memcpy                        
000051cd  __aeabi_memcpy4                       
000051cd  __aeabi_memcpy8                       
0000490d  __aeabi_uidiv                         
0000490d  __aeabi_uidivmod                      
00004e95  __ashldi3                             
ffffffff  __binit__                             
00004a7d  __cmpsf2                              
0000494d  __divmoddi4                           
00003dd9  __divsf3                              
00004a7d  __eqsf2                               
00004b65  __fixsfsi                             
000049c9  __floatsisf                           
00004a05  __gesf2                               
00004a05  __gtsf2                               
00004a7d  __lesf2                               
00004a7d  __ltsf2                               
UNDEFED   __mpu_init                            
00004ab9  __muldsi3                             
00003cc5  __mulsf3                              
00004a7d  __nesf2                               
20207e00  __stack                               
20200000  __start___llvm_prf_bits               
20200000  __start___llvm_prf_cnts               
20200000  __stop___llvm_prf_bits                
20200000  __stop___llvm_prf_cnts                
000031ad  __subsf3                              
00003925  __udivmoddi4                          
00004d69  _c_int00_noargs                       
UNDEFED   _system_post_cinit                    
000051e7  _system_pre_init                      
000051d5  abort                                 
ffffffff  binit                                 
20200000  g_appConfig                           
2020005c  g_appRuntime                          
2020018a  g_carStateDebug                       
202000f0  g_headingRuntime                      
20200094  g_imuRuntime                          
2020018b  g_keyEvent                            
2020018c  g_oledPageDebug                       
2020018d  g_paramItemDebug                      
2020018e  g_trackBlackCount                     
20200170  g_trackError                          
2020018f  g_trackModeDebug                      
20200190  g_trackRaw                            
20200191  g_trackTurnDebug                      
00000000  interruptVectors                      
00004301  main                                  
00003a65  memcpy                                


GLOBAL SYMBOLS: SORTED BY Symbol Address 

address   name                                  
-------   ----                                  
00000000  __TI_ATRegion0_region_sz              
00000000  __TI_ATRegion0_src_addr               
00000000  __TI_ATRegion0_trg_addr               
00000000  __TI_ATRegion1_region_sz              
00000000  __TI_ATRegion1_src_addr               
00000000  __TI_ATRegion1_trg_addr               
00000000  __TI_ATRegion2_region_sz              
00000000  __TI_ATRegion2_src_addr               
00000000  __TI_ATRegion2_trg_addr               
00000000  __TI_static_base__                    
00000000  interruptVectors                      
000000c1  CarController_Update_20ms             
00000200  __STACK_SIZE                          
000007b5  OledUi_Update_20ms                    
000010bd  Imu_Init                              
00001395  AppConfig_LimitAll                    
0000161d  ObstacleAvoidance_Update_20ms         
00001895  OLED_Clear                            
00001ae9  Menu_HandleKeyEvent                   
00001d11  Imu_CalibrateGyroBias                 
00001f25  MotionAction_Update_20ms              
000024b1  Ultrasonic_Tick100us                  
00002651  Key_Update_20ms                       
000027c5  HeadingControl_Update                 
00002925  MotionAction_Start                    
00002a65  OLED_PrintInt16                       
00002ba1  Imu_Update                            
00002e01  MissionManager_Update_20ms            
00002ef9  MissionManager_SelectNext             
000030d5  MissionManager_SelectPrevious         
000031ad  __aeabi_fsub                          
000031ad  __subsf3                              
000031b7  __addsf3                              
000031b7  __aeabi_fadd                          
00003285  OLED_Init                             
00003359  OLED_PrintChar                        
00003429  App_Update_20ms                       
000034ed  ObstacleSafety_Update_20ms            
000035a9  AppConfig_InitDefault                 
00003661  SYSCFG_DL_GPIO_init                   
00003719  GimbalStepperTest_Tick100us           
000037c9  Motor_SetSpeed                        
00003879  MissionLibrary_Validate               
00003923  ADC0_IRQHandler                       
00003923  ADC1_IRQHandler                       
00003923  AES_IRQHandler                        
00003923  CANFD0_IRQHandler                     
00003923  DAC0_IRQHandler                       
00003923  DMA_IRQHandler                        
00003923  Default_Handler                       
00003923  GROUP0_IRQHandler                     
00003923  HardFault_Handler                     
00003923  I2C0_IRQHandler                       
00003923  I2C1_IRQHandler                       
00003923  NMI_Handler                           
00003923  PendSV_Handler                        
00003923  RTC_IRQHandler                        
00003923  SPI0_IRQHandler                       
00003923  SPI1_IRQHandler                       
00003923  SVC_Handler                           
00003923  TIMA0_IRQHandler                      
00003923  TIMA1_IRQHandler                      
00003923  TIMG0_IRQHandler                      
00003923  TIMG12_IRQHandler                     
00003923  TIMG6_IRQHandler                      
00003923  TIMG7_IRQHandler                      
00003923  TIMG8_IRQHandler                      
00003923  UART0_IRQHandler                      
00003923  UART1_IRQHandler                      
00003923  UART2_IRQHandler                      
00003923  UART3_IRQHandler                      
00003925  __udivmoddi4                          
000039c7  TrackSensor_Init                      
000039c9  ObstacleMonitor_Update_20ms           
00003a65  memcpy                                
00003aff  __aeabi_idiv0                         
00003b01  CarController_StartSeekLine           
00003c31  CarController_StartDriveHeading       
00003cc5  __aeabi_fmul                          
00003cc5  __mulsf3                              
00003d51  CarController_StartTurnToYawRelative  
00003dd9  __aeabi_fdiv                          
00003dd9  __divsf3                              
00003e5b  __aeabi_ldiv0                         
00003e5d  CarController_Init                    
00003ed9  CarController_ResetRuntime            
00003f55  CarController_StartFollowLine         
00003fd1  GimbalStepperTest_Init                
0000404d  __TI_decompress_lzss                  
00004141  CarController_StartTurnRight90        
000041b5  CarController_StartTurnLeft90         
00004225  TrackSensor_DetectTurn                
00004295  Encoder_HandleGpioInterrupt           
00004301  main                                  
0000436d  MissionManager_GetSelectedMissionIndex
000043d5  TrackSensor_GetErrorFromRaw           
0000443d  Menu_GetParamValue                    
000044a1  __aeabi_fcmpeq                        
000044b5  __aeabi_fcmplt                        
000044c9  __aeabi_fcmple                        
000044dd  __aeabi_fcmpge                        
000044f1  __aeabi_fcmpgt                        
00004503  App_Init                              
00004561  OLED_PrintBinary7                     
000045c1  Ultrasonic_Update_20ms                
0000461d  __aeabi_idiv                          
0000461d  __aeabi_idivmod                       
00004675  TrackSensor_ReadRaw                   
000046c9  CarController_SetSafetyHold           
00004719  Motor_PwmTick100us                    
00004769  Ultrasonic_Init                       
000047b9  MissionManager_Init                   
00004801  SysTick_Handler                       
00004849  Servo_Tick100us                       
0000488d  MissionManager_Start                  
000048cd  SYSCFG_DL_SYSCTL_init                 
0000490d  __aeabi_uidiv                         
0000490d  __aeabi_uidivmod                      
0000494d  __divmoddi4                           
0000498d  Servo_SetAngleDeg                     
000049c9  __aeabi_i2f                           
000049c9  __floatsisf                           
00004a05  __gesf2                               
00004a05  __gtsf2                               
00004a41  __TI_auto_init_nobinit_nopinit        
00004a7d  __cmpsf2                              
00004a7d  __eqsf2                               
00004a7d  __lesf2                               
00004a7d  __ltsf2                               
00004a7d  __nesf2                               
00004ab9  __muldsi3                             
00004af5  MotionAction_ReapplyControllerTarget  
00004b2d  Motor_Init                            
00004b65  __aeabi_f2iz                          
00004b65  __fixsfsi                             
00004b9d  OLED_SetCursor                        
00004bd1  OLED_PrintString                      
00004c05  Key_Init                              
00004c35  MissionManager_Cancel                 
00004c65  MissionManager_Reset                  
00004c95  Motor_Stop                            
00004cc1  SYSCFG_DL_initPower                   
00004ced  TrackSensor_CountBlack                
00004d19  Servo_Init                            
00004d69  _c_int00_noargs                       
00004d91  Encoder_Reset                         
00004db5  CarController_Stop                    
00004dd5  MissionManager_Pause                  
00004df5  MissionManager_Resume                 
00004e15  MotionAction_GetCurrentBypassDirection
00004e35  MotionAction_GetCurrentObstaclePolicy 
00004e55  ObstacleAvoidance_Init                
00004e95  __aeabi_llsl                          
00004e95  __ashldi3                             
00004eb5  Imu_IsReady                           
00004ed1  ObstacleMonitor_Init                  
00004eed  ObstacleSafety_Init                   
00004f09  CarController_RunModeToString         
00004f21  HeadingControl_LockCurrentYaw         
00004f39  HeadingControl_SetTargetYaw           
00004f51  Menu_ParamItemToString                
00004f69  MissionLibrary_FindById               
00004f81  MotionAction_Cancel                   
00004f99  MotionAction_Init                     
00004fb1  __TI_zero_init_nomemset               
00004fc9  GROUP1_IRQHandler                     
00004fdd  HeadingControl_Enable                 
00004ff1  HeadingControl_Init                   
00005005  HeadingControl_Reset                  
00005019  Menu_Init                             
0000502d  MissionLibrary_GetByIndex             
00005041  MissionManager_GetSelectedMissionId   
00005055  __aeabi_ldivmod                       
00005069  __TI_decompress_none                  
0000507d  Key_GetEvent                          
0000508d  ObstacleAvoidance_IsResumeGraceActive 
0000509d  SYSCFG_DL_init                        
000050ad  CarController_GetRunMode              
000050b9  CarState_Get                          
000050c5  CarState_Init                         
000050d1  CarState_Set                          
000050dd  Imu_GetCorrectedGyroZDps              
000050e9  Imu_GetYaw                            
000050f5  Imu_ResetYaw                          
00005101  Menu_GetPage                          
0000510d  Menu_GetParamItem                     
00005119  MissionManager_SetExternalHold        
00005125  ObstacleAvoidance_IsActive            
00005131  ObstacleAvoidance_IsFailed            
0000513d  ObstacleSafety_IsHolding              
00005149  OledUi_Init                           
00005155  DL_Common_delayCycles                 
0000515f  TrackSensor_IsCenterDetected          
00005169  TrackSensor_IsLineDetected            
00005173  TrackSensor_IsLineLost                
0000517d  CarController_GetFeedback             
00005185  HeadingControl_GetRuntime             
0000518d  Imu_GetRuntime                        
00005195  MissionManager_GetMissionCount        
0000519d  MissionManager_GetRuntime             
000051a5  MotionAction_GetRuntime               
000051ad  ObstacleAvoidance_GetFeedback         
000051b5  ObstacleMonitor_GetFeedback           
000051bd  Servo_GetFeedback                     
000051c5  Ultrasonic_GetFeedback                
000051cd  __aeabi_memcpy                        
000051cd  __aeabi_memcpy4                       
000051cd  __aeabi_memcpy8                       
000051d5  abort                                 
000051da  C$$EXIT                               
000051db  HOSTexit                              
000051df  MissionLibrary_GetCount               
000051e3  Reset_Handler                         
000051e7  _system_pre_init                      
00005768  __TI_Handler_Table_Base               
00005774  __TI_Handler_Table_Limit              
00005784  __TI_CINIT_Base                       
00005794  __TI_CINIT_Limit                      
00005794  __TI_CINIT_Warm                       
20200000  __start___llvm_prf_bits               
20200000  __start___llvm_prf_cnts               
20200000  __stop___llvm_prf_bits                
20200000  __stop___llvm_prf_cnts                
20200000  g_appConfig                           
2020005c  g_appRuntime                          
20200094  g_imuRuntime                          
202000f0  g_headingRuntime                      
20200170  g_trackError                          
2020018a  g_carStateDebug                       
2020018b  g_keyEvent                            
2020018c  g_oledPageDebug                       
2020018d  g_paramItemDebug                      
2020018e  g_trackBlackCount                     
2020018f  g_trackModeDebug                      
20200190  g_trackRaw                            
20200191  g_trackTurnDebug                      
20207e00  __stack                               
20208000  __STACK_END                           
ffffffff  __TI_pprof_out_hndl                   
ffffffff  __TI_prof_data_size                   
ffffffff  __TI_prof_data_start                  
ffffffff  __binit__                             
ffffffff  binit                                 
UNDEFED   __mpu_init                            
UNDEFED   _system_post_cinit                    

[245 symbols]
