******************************************************************************
            TI ARM Clang Linker PC v4.0.4                      
******************************************************************************
>> Linked Sat Jul 11 01:31:56 2026

OUTPUT FILE NAME:   <diansaikaishi.out>
ENTRY POINT SYMBOL: "_c_int00_noargs"  address: 000030d9


MEMORY CONFIGURATION

         name            origin    length      used     unused   attr    fill
----------------------  --------  ---------  --------  --------  ----  --------
  FLASH                 00000000   00020000  00003660  0001c9a0  R  X
  SRAM                  20200000   00008000  000002e0  00007d20  RW X
  BCR_CONFIG            41c00000   000000ff  00000000  000000ff  R   
  BSL_CONFIG            41c00100   00000080  00000000  00000080  R   


SEGMENT ALLOCATION MAP

run origin  load origin   length   init length attrs members
----------  ----------- ---------- ----------- ----- -------
00000000    00000000    00003660   00003660    r-x
  00000000    00000000    000000c0   000000c0    r-- .intvecs
  000000c0    000000c0    000032b8   000032b8    r-x .text
  00003378    00003378    000002d0   000002d0    r-- .rodata
  00003648    00003648    00000018   00000018    r-- .cinit
20200000    20200000    000000e0   00000000    rw-
  20200000    20200000    000000e0   00000000    rw- .bss
20207e00    20207e00    00000200   00000000    rw-
  20207e00    20207e00    00000200   00000000    rw- .stack


SECTION ALLOCATION MAP

 output                                  attributes/
section   page    origin      length       input sections
--------  ----  ----------  ----------   ----------------
.intvecs   0    00000000    000000c0     
                  00000000    000000c0     startup_mspm0g350x_ticlang.o (.intvecs)

.text      0    000000c0    000032b8     
                  000000c0    00000430     oled_ui.o (.text.OledUi_Update_20ms)
                  000004f0    0000039c     car_controller.o (.text.CarController_Update_20ms)
                  0000088c    000002f0     imu.o (.text.mpu6050_read_regs)
                  00000b7c    000002d8     imu.o (.text.Imu_Init)
                  00000e54    00000254     oled.o (.text.OLED_Clear)
                  000010a8    00000214     imu.o (.text.Imu_CalibrateGyroBias)
                  000012bc    0000020c     app_config.o (.text.AppConfig_LimitAll)
                  000014c8    000001cc     imu.o (.text.imu_i2c_write_byte)
                  00001694    000001bc     menu.o (.text.Menu_HandleKeyEvent)
                  00001850    000001b8     oled.o (.text.oled_i2c_write_byte)
                  00001a08    00000174     key.o (.text.Key_Update_20ms)
                  00001b7c    00000160     heading_control.o (.text.HeadingControl_Update)
                  00001cdc    0000013c     oled.o (.text.OLED_PrintInt16)
                  00001e18    00000134     imu.o (.text.Imu_Update)
                  00001f4c    0000012c     imu.o (.text.imu_i2c_recover_bus)
                  00002078    000000d8     libclang_rt.builtins.a : addsf3.S.obj (.text)
                  00002150    000000d4     oled.o (.text.OLED_Init)
                  00002224    000000d0     oled.o (.text.OLED_PrintChar)
                  000022f4    000000c4     car_controller.o (.text.handle_turn_90)
                  000023b8    000000b0     motor.o (.text.Motor_SetSpeed)
                  00002468    000000a8     ti_msp_dl_config.o (.text.SYSCFG_DL_GPIO_init)
                  00002510    000000a4     app.o (.text.App_Update_20ms)
                  000025b4    000000a2     libclang_rt.builtins.a : udivmoddi4.S.obj (.text)
                  00002656    00000002     startup_mspm0g350x_ticlang.o (.text.Default_Handler)
                  00002658    0000009c     app_config.o (.text.AppConfig_InitDefault)
                  000026f4    00000098     imu.o (.text.mpu6050_write_reg)
                  0000278c    0000008c     libclang_rt.builtins.a : mulsf3.S.obj (.text.__mulsf3)
                  00002818    00000082                            : divsf3.S.obj (.text.__divsf3)
                  0000289a    00000002     track_sensor.o (.text.TrackSensor_Init)
                  0000289c    00000078     oled.o (.text.oled_write_command)
                  00002914    00000070     car_controller.o (.text.CarController_ResetRuntime)
                  00002984    0000006c     encoder.o (.text.Encoder_HandleGpioInterrupt)
                  000029f0    0000006c     empty.o (.text.main)
                  00002a5c    00000068     menu.o (.text.Menu_GetParamValue)
                  00002ac4    00000066     track_sensor.o (.text.TrackSensor_GetErrorFromRaw)
                  00002b2a    00000002     libclang_rt.builtins.a : aeabi_div0.c.obj (.text.__aeabi_idiv0)
                  00002b2c    00000062                            : aeabi_fcmp.S.obj (.text.__aeabi_fcmp)
                  00002b8e    0000005e     oled.o (.text.OLED_PrintBinary7)
                  00002bec    00000056     libclang_rt.builtins.a : aeabi_idivmod.S.obj (.text.__aeabi_idivmod)
                  00002c42    00000002                            : aeabi_div0.c.obj (.text.__aeabi_ldiv0)
                  00002c44    00000054     track_sensor.o (.text.TrackSensor_ReadRaw)
                  00002c98    00000050     motor.o (.text.Motor_PwmTick100us)
                  00002ce8    00000042     app.o (.text.App_Init)
                  00002d2a    00000002     --HOLE-- [fill = 0]
                  00002d2c    00000040     ti_msp_dl_config.o (.text.SYSCFG_DL_SYSCTL_init)
                  00002d6c    0000003e     libclang_rt.builtins.a : divmoddi4.c.obj (.text.__divmoddi4)
                  00002daa    00000002     --HOLE-- [fill = 0]
                  00002dac    0000003c     empty.o (.text.SysTick_Handler)
                  00002de8    0000003c     libclang_rt.builtins.a : floatsisf.S.obj (.text.__floatsisf)
                  00002e24    0000003c                            : comparesf2.S.obj (.text.__gtsf2)
                  00002e60    0000003c     libc.a : autoinit.c.obj (.text:__TI_auto_init_nobinit_nopinit)
                  00002e9c    0000003a     libclang_rt.builtins.a : comparesf2.S.obj (.text.__eqsf2)
                  00002ed6    00000002     --HOLE-- [fill = 0]
                  00002ed8    0000003a                            : muldsi3.S.obj (.text.__muldsi3)
                  00002f12    00000002     --HOLE-- [fill = 0]
                  00002f14    00000038     motor.o (.text.Motor_Init)
                  00002f4c    00000038     libclang_rt.builtins.a : fixsfsi.S.obj (.text.__fixsfsi)
                  00002f84    00000036     track_sensor.o (.text.TrackSensor_DetectTurn)
                  00002fba    00000002     --HOLE-- [fill = 0]
                  00002fbc    00000034     oled.o (.text.OLED_SetCursor)
                  00002ff0    00000032     oled.o (.text.OLED_PrintString)
                  00003022    00000002     --HOLE-- [fill = 0]
                  00003024    00000030     key.o (.text.Key_Init)
                  00003054    0000002c     motor.o (.text.Motor_Stop)
                  00003080    0000002c     ti_msp_dl_config.o (.text.SYSCFG_DL_initPower)
                  000030ac    0000002c     track_sensor.o (.text.TrackSensor_CountBlack)
                  000030d8    00000028     libc.a : boot_cortex_m.c.obj (.text:_c_int00_noargs)
                  00003100    00000024     encoder.o (.text.Encoder_Reset)
                  00003124    0000001e     libclang_rt.builtins.a : ashldi3.S.obj (.text.__ashldi3)
                  00003142    00000002     --HOLE-- [fill = 0]
                  00003144    0000001c     imu.o (.text.Imu_IsReady)
                  00003160    00000018     car_controller.o (.text.CarController_RunModeToString)
                  00003178    00000018     car_state.o (.text.CarState_ToString)
                  00003190    00000018     heading_control.o (.text.HeadingControl_LockCurrentYaw)
                  000031a8    00000018     heading_control.o (.text.HeadingControl_SetTargetYaw)
                  000031c0    00000018     menu.o (.text.Menu_ParamItemToString)
                  000031d8    00000016     libc.a : copy_zero_init.c.obj (.text:decompress:ZI:__TI_zero_init_nomemset)
                  000031ee    00000002     --HOLE-- [fill = 0]
                  000031f0    00000014     app_config.o (.text.AppConfig_DecreaseTargetLap)
                  00003204    00000014     app_config.o (.text.AppConfig_IncreaseTargetLap)
                  00003218    00000014     empty.o (.text.GROUP1_IRQHandler)
                  0000322c    00000014     heading_control.o (.text.HeadingControl_Enable)
                  00003240    00000014     heading_control.o (.text.HeadingControl_Init)
                  00003254    00000014     heading_control.o (.text.HeadingControl_Reset)
                  00003268    00000014     menu.o (.text.Menu_Init)
                  0000327c    00000014     libclang_rt.builtins.a : aeabi_ldivmod.S.obj (.text.__aeabi_ldivmod)
                  00003290    00000010     key.o (.text.Key_GetEvent)
                  000032a0    00000010     ti_msp_dl_config.o (.text.SYSCFG_DL_init)
                  000032b0    0000000c     car_controller.o (.text.CarController_GetRunMode)
                  000032bc    0000000c     car_state.o (.text.CarState_Get)
                  000032c8    0000000c     car_state.o (.text.CarState_Init)
                  000032d4    0000000c     car_state.o (.text.CarState_Set)
                  000032e0    0000000c     imu.o (.text.Imu_GetCorrectedGyroZDps)
                  000032ec    0000000c     imu.o (.text.Imu_GetYaw)
                  000032f8    0000000c     imu.o (.text.Imu_ResetYaw)
                  00003304    0000000c     menu.o (.text.Menu_GetPage)
                  00003310    0000000c     menu.o (.text.Menu_GetParamItem)
                  0000331c    0000000c     oled_ui.o (.text.OledUi_Init)
                  00003328    0000000a     driverlib.a : dl_common.o (.text.DL_Common_delayCycles)
                  00003332    0000000a     track_sensor.o (.text.TrackSensor_IsCenterDetected)
                  0000333c    0000000a     track_sensor.o (.text.TrackSensor_IsLineLost)
                  00003346    00000008     car_controller.o (.text.CarController_Init)
                  0000334e    00000002     --HOLE-- [fill = 0]
                  00003350    00000008     heading_control.o (.text.HeadingControl_GetRuntime)
                  00003358    00000008     imu.o (.text.Imu_GetRuntime)
                  00003360    00000006     libc.a : exit.c.obj (.text:abort)
                  00003366    00000004     libsysbm.a : hostexit.c.obj (.text.HOSTexit)
                  0000336a    00000004     startup_mspm0g350x_ticlang.o (.text.Reset_Handler)
                  0000336e    00000004     libc.a : pre_init.c.obj (.text._system_pre_init)
                  00003372    00000006     --HOLE-- [fill = 0]

.cinit     0    00003648    00000018     
                  00003648    00000008     (.cinit..bss.load) [load image, compression = zero_init]
                  00003650    00000004     (__TI_handler_table)
                  00003654    00000008     (__TI_cinit_table)
                  0000365c    00000004     --HOLE-- [fill = 0]

.rodata    0    00003378    000002d0     
                  00003378    000000d8     oled.o (.rodata..Lswitch.table.OLED_PrintChar)
                  00003450    00000024     menu.o (.rodata..Lswitch.table.Menu_ParamItemToString)
                  00003474    00000018     car_state.o (.rodata..Lswitch.table.CarState_ToString)
                  0000348c    00000014     car_controller.o (.rodata..Lswitch.table.CarController_RunModeToString)
                  000034a0    00000009     oled_ui.o (.rodata.str1.3455423528827705371.1)
                  000034a9    00000007     oled_ui.o (.rodata.str1.8426569189266129334.1)
                  000034b0    00000006     oled_ui.o (.rodata.str1.1108652269057166745.1)
                  000034b6    00000006     oled_ui.o (.rodata.str1.1445687256832830955.1)
                  000034bc    00000006     car_state.o (.rodata.str1.1675797584173499143.1)
                  000034c2    00000006     oled_ui.o (.rodata.str1.3025253791635144717.1)
                  000034c8    00000006     car_state.o (.rodata.str1.41590466491370331.1)
                  000034ce    00000006     menu.o (.rodata.str1.4646809750356241979.1)
                  000034d4    00000006     oled_ui.o (.rodata.str1.5853739094453432564.1)
                  000034da    00000005     oled.o (.rodata.oled_get_glyph.colon)
                  000034df    00000005     oled.o (.rodata.oled_get_glyph.eight)
                  000034e4    00000005     oled.o (.rodata.oled_get_glyph.five)
                  000034e9    00000005     oled.o (.rodata.oled_get_glyph.four)
                  000034ee    00000005     oled.o (.rodata.oled_get_glyph.glyphA)
                  000034f3    00000005     oled.o (.rodata.oled_get_glyph.glyphB)
                  000034f8    00000005     oled.o (.rodata.oled_get_glyph.glyphC)
                  000034fd    00000005     oled.o (.rodata.oled_get_glyph.glyphD)
                  00003502    00000005     oled.o (.rodata.oled_get_glyph.glyphE)
                  00003507    00000005     oled.o (.rodata.oled_get_glyph.glyphG)
                  0000350c    00000005     oled.o (.rodata.oled_get_glyph.glyphH)
                  00003511    00000005     oled.o (.rodata.oled_get_glyph.glyphI)
                  00003516    00000005     oled.o (.rodata.oled_get_glyph.glyphK)
                  0000351b    00000005     oled.o (.rodata.oled_get_glyph.glyphL)
                  00003520    00000005     oled.o (.rodata.oled_get_glyph.glyphM)
                  00003525    00000005     oled.o (.rodata.oled_get_glyph.glyphN)
                  0000352a    00000005     oled.o (.rodata.oled_get_glyph.glyphO)
                  0000352f    00000005     oled.o (.rodata.oled_get_glyph.glyphP)
                  00003534    00000005     oled.o (.rodata.oled_get_glyph.glyphR)
                  00003539    00000005     oled.o (.rodata.oled_get_glyph.glyphS)
                  0000353e    00000005     oled.o (.rodata.oled_get_glyph.glyphT)
                  00003543    00000005     oled.o (.rodata.oled_get_glyph.glyphU)
                  00003548    00000005     oled.o (.rodata.oled_get_glyph.glyphV)
                  0000354d    00000005     oled.o (.rodata.oled_get_glyph.glyphW)
                  00003552    00000005     oled.o (.rodata.oled_get_glyph.glyphX)
                  00003557    00000005     oled.o (.rodata.oled_get_glyph.glyphY)
                  0000355c    00000005     oled.o (.rodata.oled_get_glyph.glyphb)
                  00003561    00000005     oled.o (.rodata.oled_get_glyph.gt)
                  00003566    00000005     oled.o (.rodata.oled_get_glyph.minus)
                  0000356b    00000005     oled.o (.rodata.oled_get_glyph.nine)
                  00003570    00000005     oled.o (.rodata.oled_get_glyph.one)
                  00003575    00000005     oled.o (.rodata.oled_get_glyph.seven)
                  0000357a    00000005     oled.o (.rodata.oled_get_glyph.six)
                  0000357f    00000005     oled.o (.rodata.oled_get_glyph.space)
                  00003584    00000005     oled.o (.rodata.oled_get_glyph.three)
                  00003589    00000005     oled.o (.rodata.oled_get_glyph.two)
                  0000358e    00000005     oled.o (.rodata.oled_get_glyph.zero)
                  00003593    00000005     oled_ui.o (.rodata.str1.10416366799939242409.1)
                  00003598    00000005     menu.o (.rodata.str1.12110183915172842339.1)
                  0000359d    00000005     oled_ui.o (.rodata.str1.130772507669342127.1)
                  000035a2    00000005     oled_ui.o (.rodata.str1.14556837007311414654.1)
                  000035a7    00000005     oled_ui.o (.rodata.str1.15008238333949226094.1)
                  000035ac    00000005     oled_ui.o (.rodata.str1.17540787658903907660.1)
                  000035b1    00000005     car_controller.o (.rodata.str1.18191498530309206443.1)
                  000035b6    00000005     oled_ui.o (.rodata.str1.18266126048138325213.1)
                  000035bb    00000005     car_controller.o (.rodata.str1.4164979912472006574.1)
                  000035c0    00000005     oled_ui.o (.rodata.str1.4581472623415959594.1)
                  000035c5    00000005     car_state.o (.rodata.str1.8223341253983108753.1)
                  000035ca    00000005     car_state.o (.rodata.str1.8698975129455933903.1)
                  000035cf    00000005     oled_ui.o (.rodata.str1.9544068167406571052.1)
                  000035d4    00000005     menu.o (.rodata.str1.9546740394641817443.1)
                  000035d9    00000005     car_controller.o (.rodata.str1.9981487771679760427.1)
                  000035de    00000004     oled_ui.o (.rodata.str1.11232419324784801130.1)
                  000035e2    00000004     car_controller.o (.rodata.str1.12442237994239546032.1)
                  000035e6    00000004     menu.o (.rodata.str1.13124720451672825294.1)
                  000035ea    00000004     oled_ui.o (.rodata.str1.13882251010780863896.1)
                  000035ee    00000004     car_state.o (.rodata.str1.13986535679874659196.1)
                  000035f2    00000004     oled_ui.o (.rodata.str1.14358698208395374265.1)
                  000035f6    00000004     oled_ui.o (.rodata.str1.15917848551323629232.1)
                  000035fa    00000004     menu.o (.rodata.str1.16312125044762562515.1)
                  000035fe    00000004     oled_ui.o (.rodata.str1.16931641404301806744.1)
                  00003602    00000004     car_controller.o (.rodata.str1.17172356789460551389.1)
                  00003606    00000004     oled_ui.o (.rodata.str1.17274519358952562110.1)
                  0000360a    00000004     oled_ui.o (.rodata.str1.17812014771544466701.1)
                  0000360e    00000004     car_state.o (.rodata.str1.3601627812925153765.1)
                  00003612    00000004     oled_ui.o (.rodata.str1.3702290527496711532.1)
                  00003616    00000004     oled_ui.o (.rodata.str1.4402311448527872260.1)
                  0000361a    00000004     menu.o (.rodata.str1.4862307748908978627.1)
                  0000361e    00000004     menu.o (.rodata.str1.5155000645726596423.1)
                  00003622    00000004     oled_ui.o (.rodata.str1.5965450730569173784.1)
                  00003626    00000004     menu.o (.rodata.str1.6857549598058878762.1)
                  0000362a    00000004     car_controller.o (.rodata.str1.9234375891235759983.1)
                  0000362e    00000004     oled_ui.o (.rodata.str1.967006512144173535.1)
                  00003632    00000003     oled_ui.o (.rodata.str1.1019225241002246410.1)
                  00003635    00000003     menu.o (.rodata.str1.14098755746347272832.1)
                  00003638    00000003     oled_ui.o (.rodata.str1.14134189893851348960.1)
                  0000363b    00000003     menu.o (.rodata.str1.17041139162815566052.1)
                  0000363e    00000003     oled_ui.o (.rodata.str1.2308938766145545715.1)
                  00003641    00000003     oled_ui.o (.rodata.str1.9159586779647977165.1)
                  00003644    00000003     oled_ui.o (.rodata.str1.9854382722193312766.1)
                  00003647    00000001     --HOLE-- [fill = 0]

.init_array 
*          0    00000000    00000000     UNINITIALIZED

.binit     0    00000000    00000000     

.bss       0    20200000    000000e0     UNINITIALIZED
                  20200000    0000004c     (.common:g_appConfig)
                  2020004c    00000028     (.common:g_appRuntime)
                  20200074    00000028     (.common:g_imuRuntime)
                  2020009c    00000014     (.common:g_headingRuntime)
                  202000b0    00000006     key.o (.bss.g_key1)
                  202000b6    00000006     key.o (.bss.g_key2)
                  202000bc    00000006     key.o (.bss.g_key3)
                  202000c2    00000002     (.common:g_trackError)
                  202000c4    00000004     encoder.o (.bss.g_motorAPulses)
                  202000c8    00000004     encoder.o (.bss.g_motorBPulses)
                  202000cc    00000001     oled_ui.o (.bss.OledUi_Update_20ms.refreshDivider)
                  202000cd    00000001     empty.o (.bss.SysTick_Handler.controlMsCount)
                  202000ce    00000001     empty.o (.bss.SysTick_Handler.tick100usCount)
                  202000cf    00000001     empty.o (.bss.g_appUpdateDue)
                  202000d0    00000001     car_state.o (.bss.g_carState)
                  202000d1    00000001     motor.o (.bss.g_motorADutyLevel)
                  202000d2    00000001     motor.o (.bss.g_motorBDutyLevel)
                  202000d3    00000001     oled.o (.bss.g_oledColumn)
                  202000d4    00000001     menu.o (.bss.g_oledPage)
                  202000d5    00000001     menu.o (.bss.g_paramItem)
                  202000d6    00000001     key.o (.bss.g_pendingEvent)
                  202000d7    00000001     motor.o (.bss.g_pwmPhase)
                  202000d8    00000001     (.common:g_carStateDebug)
                  202000d9    00000001     (.common:g_keyEvent)
                  202000da    00000001     (.common:g_oledPageDebug)
                  202000db    00000001     (.common:g_paramItemDebug)
                  202000dc    00000001     (.common:g_trackBlackCount)
                  202000dd    00000001     (.common:g_trackModeDebug)
                  202000de    00000001     (.common:g_trackRaw)
                  202000df    00000001     (.common:g_trackTurnDebug)

.stack     0    20207e00    00000200     UNINITIALIZED
                  20207e00    00000004     libc.a : boot_cortex_m.c.obj (.stack)
                  20207e04    000001fc     --HOLE--

__llvm_prf_cnts 
*          0    20200000    00000000     UNINITIALIZED

__llvm_prf_bits 
*          0    20200000    00000000     UNINITIALIZED

MODULE SUMMARY

       Module                         code    ro data   rw data
       ------                         ----    -------   -------
    .\
       imu.o                          3304    0         40     
       oled.o                         2088    401       1      
       car_controller.o               1276    47        40     
       oled_ui.o                      1084    139       1      
       app_config.o                   720     0         76     
       menu.o                         616     78        2      
       heading_control.o              468     0         20     
       key.o                          436     0         19     
       motor.o                        356     0         3      
       track_sensor.o                 306     0         0      
       ti_msp_dl_config.o             292     0         0      
       app.o                          230     0         10     
       startup_mspm0g350x_ticlang.o   6       192       0      
       empty.o                        188     0         3      
       encoder.o                      144     0         8      
       car_state.o                    60      54        1      
    +--+------------------------------+-------+---------+---------+
       Total:                         11574   911       224    
                                                               
    C:/TI/mspm0_sdk_2_05_01_00/source/ti/driverlib/lib/ticlang/m0p/mspm0g1x0x_g3x0x/driverlib.a
       dl_common.o                    10      0         0      
    +--+------------------------------+-------+---------+---------+
       Total:                         10      0         0      
                                                               
    D:\TI\CCS\ccs\tools\compiler\ti-cgt-armllvm_4.0.4.LTS\lib\armv6m-ti-none-eabi/c/libc.a
       autoinit.c.obj                 60      0         0      
       boot_cortex_m.c.obj            40      0         0      
       copy_zero_init.c.obj           22      0         0      
       exit.c.obj                     6       0         0      
       pre_init.c.obj                 4       0         0      
    +--+------------------------------+-------+---------+---------+
       Total:                         132     0         0      
                                                               
    D:\TI\CCS\ccs\tools\compiler\ti-cgt-armllvm_4.0.4.LTS\lib\armv6m-ti-none-eabi/c/libsysbm.a
       hostexit.c.obj                 4       0         0      
    +--+------------------------------+-------+---------+---------+
       Total:                         4       0         0      
                                                               
    D:\TI\CCS\ccs\tools\compiler\ti-cgt-armllvm_4.0.4.LTS\lib\armv6m-ti-none-eabi/libclang_rt.builtins.a
       addsf3.S.obj                   216     0         0      
       udivmoddi4.S.obj               162     0         0      
       mulsf3.S.obj                   140     0         0      
       divsf3.S.obj                   130     0         0      
       comparesf2.S.obj               118     0         0      
       aeabi_fcmp.S.obj               98      0         0      
       aeabi_idivmod.S.obj            86      0         0      
       divmoddi4.c.obj                62      0         0      
       floatsisf.S.obj                60      0         0      
       muldsi3.S.obj                  58      0         0      
       fixsfsi.S.obj                  56      0         0      
       ashldi3.S.obj                  30      0         0      
       aeabi_ldivmod.S.obj            20      0         0      
       aeabi_div0.c.obj               4       0         0      
    +--+------------------------------+-------+---------+---------+
       Total:                         1240    0         0      
                                                               
       Stack:                         0       0         512    
       Linker Generated:              0       20        0      
    +--+------------------------------+-------+---------+---------+
       Grand Total:                   12960   931       736    


LINKER GENERATED COPY TABLES

__TI_cinit_table @ 00003654 records: 1, size/record: 8, table size: 8
	.bss: load addr=00003648, load size=00000008 bytes, run addr=20200000, run size=000000e0 bytes, compression=zero_init


LINKER GENERATED HANDLER TABLE

__TI_handler_table @ 00003650 records: 1, size/record: 4, table size: 4
	index: 0, handler: __TI_zero_init


GLOBAL SYMBOLS: SORTED ALPHABETICALLY BY Name 

address   name                          
-------   ----                          
00002657  ADC0_IRQHandler               
00002657  ADC1_IRQHandler               
00002657  AES_IRQHandler                
000031f1  AppConfig_DecreaseTargetLap   
00003205  AppConfig_IncreaseTargetLap   
00002659  AppConfig_InitDefault         
000012bd  AppConfig_LimitAll            
00002ce9  App_Init                      
00002511  App_Update_20ms               
00003366  C$$EXIT                       
00002657  CANFD0_IRQHandler             
000032b1  CarController_GetRunMode      
00003347  CarController_Init            
00002915  CarController_ResetRuntime    
00003161  CarController_RunModeToString 
000004f1  CarController_Update_20ms     
000032bd  CarState_Get                  
000032c9  CarState_Init                 
000032d5  CarState_Set                  
00003179  CarState_ToString             
00002657  DAC0_IRQHandler               
00003329  DL_Common_delayCycles         
00002657  DMA_IRQHandler                
00002657  Default_Handler               
00002985  Encoder_HandleGpioInterrupt   
00003101  Encoder_Reset                 
00002657  GROUP0_IRQHandler             
00003219  GROUP1_IRQHandler             
00003367  HOSTexit                      
00002657  HardFault_Handler             
0000322d  HeadingControl_Enable         
00003351  HeadingControl_GetRuntime     
00003241  HeadingControl_Init           
00003191  HeadingControl_LockCurrentYaw 
00003255  HeadingControl_Reset          
000031a9  HeadingControl_SetTargetYaw   
00001b7d  HeadingControl_Update         
00002657  I2C0_IRQHandler               
00002657  I2C1_IRQHandler               
000010a9  Imu_CalibrateGyroBias         
000032e1  Imu_GetCorrectedGyroZDps      
00003359  Imu_GetRuntime                
000032ed  Imu_GetYaw                    
00000b7d  Imu_Init                      
00003145  Imu_IsReady                   
000032f9  Imu_ResetYaw                  
00001e19  Imu_Update                    
00003291  Key_GetEvent                  
00003025  Key_Init                      
00001a09  Key_Update_20ms               
00003305  Menu_GetPage                  
00003311  Menu_GetParamItem             
00002a5d  Menu_GetParamValue            
00001695  Menu_HandleKeyEvent           
00003269  Menu_Init                     
000031c1  Menu_ParamItemToString        
00002f15  Motor_Init                    
00002c99  Motor_PwmTick100us            
000023b9  Motor_SetSpeed                
00003055  Motor_Stop                    
00002657  NMI_Handler                   
00000e55  OLED_Clear                    
00002151  OLED_Init                     
00002b8f  OLED_PrintBinary7             
00002225  OLED_PrintChar                
00001cdd  OLED_PrintInt16               
00002ff1  OLED_PrintString              
00002fbd  OLED_SetCursor                
0000331d  OledUi_Init                   
000000c1  OledUi_Update_20ms            
00002657  PendSV_Handler                
00002657  RTC_IRQHandler                
0000336b  Reset_Handler                 
00002657  SPI0_IRQHandler               
00002657  SPI1_IRQHandler               
00002657  SVC_Handler                   
00002469  SYSCFG_DL_GPIO_init           
00002d2d  SYSCFG_DL_SYSCTL_init         
000032a1  SYSCFG_DL_init                
00003081  SYSCFG_DL_initPower           
00002dad  SysTick_Handler               
00002657  TIMA0_IRQHandler              
00002657  TIMA1_IRQHandler              
00002657  TIMG0_IRQHandler              
00002657  TIMG12_IRQHandler             
00002657  TIMG6_IRQHandler              
00002657  TIMG7_IRQHandler              
00002657  TIMG8_IRQHandler              
000030ad  TrackSensor_CountBlack        
00002f85  TrackSensor_DetectTurn        
00002ac5  TrackSensor_GetErrorFromRaw   
0000289b  TrackSensor_Init              
00003333  TrackSensor_IsCenterDetected  
0000333d  TrackSensor_IsLineLost        
00002c45  TrackSensor_ReadRaw           
00002657  UART0_IRQHandler              
00002657  UART1_IRQHandler              
00002657  UART2_IRQHandler              
00002657  UART3_IRQHandler              
20208000  __STACK_END                   
00000200  __STACK_SIZE                  
00000000  __TI_ATRegion0_region_sz      
00000000  __TI_ATRegion0_src_addr       
00000000  __TI_ATRegion0_trg_addr       
00000000  __TI_ATRegion1_region_sz      
00000000  __TI_ATRegion1_src_addr       
00000000  __TI_ATRegion1_trg_addr       
00000000  __TI_ATRegion2_region_sz      
00000000  __TI_ATRegion2_src_addr       
00000000  __TI_ATRegion2_trg_addr       
00003654  __TI_CINIT_Base               
0000365c  __TI_CINIT_Limit              
0000365c  __TI_CINIT_Warm               
00003650  __TI_Handler_Table_Base       
00003654  __TI_Handler_Table_Limit      
00002e61  __TI_auto_init_nobinit_nopinit
ffffffff  __TI_pprof_out_hndl           
ffffffff  __TI_prof_data_size           
ffffffff  __TI_prof_data_start          
00000000  __TI_static_base__            
000031d9  __TI_zero_init_nomemset       
00002083  __addsf3                      
00002f4d  __aeabi_f2iz                  
00002083  __aeabi_fadd                  
00002b2d  __aeabi_fcmpeq                
00002b69  __aeabi_fcmpge                
00002b7d  __aeabi_fcmpgt                
00002b55  __aeabi_fcmple                
00002b41  __aeabi_fcmplt                
00002819  __aeabi_fdiv                  
0000278d  __aeabi_fmul                  
00002079  __aeabi_fsub                  
00002de9  __aeabi_i2f                   
00002bed  __aeabi_idiv                  
00002b2b  __aeabi_idiv0                 
00002bed  __aeabi_idivmod               
00002c43  __aeabi_ldiv0                 
0000327d  __aeabi_ldivmod               
00003125  __aeabi_llsl                  
00003125  __ashldi3                     
ffffffff  __binit__                     
00002e9d  __cmpsf2                      
00002d6d  __divmoddi4                   
00002819  __divsf3                      
00002e9d  __eqsf2                       
00002f4d  __fixsfsi                     
00002de9  __floatsisf                   
00002e25  __gesf2                       
00002e25  __gtsf2                       
00002e9d  __lesf2                       
00002e9d  __ltsf2                       
UNDEFED   __mpu_init                    
00002ed9  __muldsi3                     
0000278d  __mulsf3                      
00002e9d  __nesf2                       
20207e00  __stack                       
20200000  __start___llvm_prf_bits       
20200000  __start___llvm_prf_cnts       
20200000  __stop___llvm_prf_bits        
20200000  __stop___llvm_prf_cnts        
00002079  __subsf3                      
000025b5  __udivmoddi4                  
000030d9  _c_int00_noargs               
UNDEFED   _system_post_cinit            
0000336f  _system_pre_init              
00003361  abort                         
ffffffff  binit                         
20200000  g_appConfig                   
2020004c  g_appRuntime                  
202000d8  g_carStateDebug               
2020009c  g_headingRuntime              
20200074  g_imuRuntime                  
202000d9  g_keyEvent                    
202000da  g_oledPageDebug               
202000db  g_paramItemDebug              
202000dc  g_trackBlackCount             
202000c2  g_trackError                  
202000dd  g_trackModeDebug              
202000de  g_trackRaw                    
202000df  g_trackTurnDebug              
00000000  interruptVectors              
000029f1  main                          


GLOBAL SYMBOLS: SORTED BY Symbol Address 

address   name                          
-------   ----                          
00000000  __TI_ATRegion0_region_sz      
00000000  __TI_ATRegion0_src_addr       
00000000  __TI_ATRegion0_trg_addr       
00000000  __TI_ATRegion1_region_sz      
00000000  __TI_ATRegion1_src_addr       
00000000  __TI_ATRegion1_trg_addr       
00000000  __TI_ATRegion2_region_sz      
00000000  __TI_ATRegion2_src_addr       
00000000  __TI_ATRegion2_trg_addr       
00000000  __TI_static_base__            
00000000  interruptVectors              
000000c1  OledUi_Update_20ms            
00000200  __STACK_SIZE                  
000004f1  CarController_Update_20ms     
00000b7d  Imu_Init                      
00000e55  OLED_Clear                    
000010a9  Imu_CalibrateGyroBias         
000012bd  AppConfig_LimitAll            
00001695  Menu_HandleKeyEvent           
00001a09  Key_Update_20ms               
00001b7d  HeadingControl_Update         
00001cdd  OLED_PrintInt16               
00001e19  Imu_Update                    
00002079  __aeabi_fsub                  
00002079  __subsf3                      
00002083  __addsf3                      
00002083  __aeabi_fadd                  
00002151  OLED_Init                     
00002225  OLED_PrintChar                
000023b9  Motor_SetSpeed                
00002469  SYSCFG_DL_GPIO_init           
00002511  App_Update_20ms               
000025b5  __udivmoddi4                  
00002657  ADC0_IRQHandler               
00002657  ADC1_IRQHandler               
00002657  AES_IRQHandler                
00002657  CANFD0_IRQHandler             
00002657  DAC0_IRQHandler               
00002657  DMA_IRQHandler                
00002657  Default_Handler               
00002657  GROUP0_IRQHandler             
00002657  HardFault_Handler             
00002657  I2C0_IRQHandler               
00002657  I2C1_IRQHandler               
00002657  NMI_Handler                   
00002657  PendSV_Handler                
00002657  RTC_IRQHandler                
00002657  SPI0_IRQHandler               
00002657  SPI1_IRQHandler               
00002657  SVC_Handler                   
00002657  TIMA0_IRQHandler              
00002657  TIMA1_IRQHandler              
00002657  TIMG0_IRQHandler              
00002657  TIMG12_IRQHandler             
00002657  TIMG6_IRQHandler              
00002657  TIMG7_IRQHandler              
00002657  TIMG8_IRQHandler              
00002657  UART0_IRQHandler              
00002657  UART1_IRQHandler              
00002657  UART2_IRQHandler              
00002657  UART3_IRQHandler              
00002659  AppConfig_InitDefault         
0000278d  __aeabi_fmul                  
0000278d  __mulsf3                      
00002819  __aeabi_fdiv                  
00002819  __divsf3                      
0000289b  TrackSensor_Init              
00002915  CarController_ResetRuntime    
00002985  Encoder_HandleGpioInterrupt   
000029f1  main                          
00002a5d  Menu_GetParamValue            
00002ac5  TrackSensor_GetErrorFromRaw   
00002b2b  __aeabi_idiv0                 
00002b2d  __aeabi_fcmpeq                
00002b41  __aeabi_fcmplt                
00002b55  __aeabi_fcmple                
00002b69  __aeabi_fcmpge                
00002b7d  __aeabi_fcmpgt                
00002b8f  OLED_PrintBinary7             
00002bed  __aeabi_idiv                  
00002bed  __aeabi_idivmod               
00002c43  __aeabi_ldiv0                 
00002c45  TrackSensor_ReadRaw           
00002c99  Motor_PwmTick100us            
00002ce9  App_Init                      
00002d2d  SYSCFG_DL_SYSCTL_init         
00002d6d  __divmoddi4                   
00002dad  SysTick_Handler               
00002de9  __aeabi_i2f                   
00002de9  __floatsisf                   
00002e25  __gesf2                       
00002e25  __gtsf2                       
00002e61  __TI_auto_init_nobinit_nopinit
00002e9d  __cmpsf2                      
00002e9d  __eqsf2                       
00002e9d  __lesf2                       
00002e9d  __ltsf2                       
00002e9d  __nesf2                       
00002ed9  __muldsi3                     
00002f15  Motor_Init                    
00002f4d  __aeabi_f2iz                  
00002f4d  __fixsfsi                     
00002f85  TrackSensor_DetectTurn        
00002fbd  OLED_SetCursor                
00002ff1  OLED_PrintString              
00003025  Key_Init                      
00003055  Motor_Stop                    
00003081  SYSCFG_DL_initPower           
000030ad  TrackSensor_CountBlack        
000030d9  _c_int00_noargs               
00003101  Encoder_Reset                 
00003125  __aeabi_llsl                  
00003125  __ashldi3                     
00003145  Imu_IsReady                   
00003161  CarController_RunModeToString 
00003179  CarState_ToString             
00003191  HeadingControl_LockCurrentYaw 
000031a9  HeadingControl_SetTargetYaw   
000031c1  Menu_ParamItemToString        
000031d9  __TI_zero_init_nomemset       
000031f1  AppConfig_DecreaseTargetLap   
00003205  AppConfig_IncreaseTargetLap   
00003219  GROUP1_IRQHandler             
0000322d  HeadingControl_Enable         
00003241  HeadingControl_Init           
00003255  HeadingControl_Reset          
00003269  Menu_Init                     
0000327d  __aeabi_ldivmod               
00003291  Key_GetEvent                  
000032a1  SYSCFG_DL_init                
000032b1  CarController_GetRunMode      
000032bd  CarState_Get                  
000032c9  CarState_Init                 
000032d5  CarState_Set                  
000032e1  Imu_GetCorrectedGyroZDps      
000032ed  Imu_GetYaw                    
000032f9  Imu_ResetYaw                  
00003305  Menu_GetPage                  
00003311  Menu_GetParamItem             
0000331d  OledUi_Init                   
00003329  DL_Common_delayCycles         
00003333  TrackSensor_IsCenterDetected  
0000333d  TrackSensor_IsLineLost        
00003347  CarController_Init            
00003351  HeadingControl_GetRuntime     
00003359  Imu_GetRuntime                
00003361  abort                         
00003366  C$$EXIT                       
00003367  HOSTexit                      
0000336b  Reset_Handler                 
0000336f  _system_pre_init              
00003650  __TI_Handler_Table_Base       
00003654  __TI_CINIT_Base               
00003654  __TI_Handler_Table_Limit      
0000365c  __TI_CINIT_Limit              
0000365c  __TI_CINIT_Warm               
20200000  __start___llvm_prf_bits       
20200000  __start___llvm_prf_cnts       
20200000  __stop___llvm_prf_bits        
20200000  __stop___llvm_prf_cnts        
20200000  g_appConfig                   
2020004c  g_appRuntime                  
20200074  g_imuRuntime                  
2020009c  g_headingRuntime              
202000c2  g_trackError                  
202000d8  g_carStateDebug               
202000d9  g_keyEvent                    
202000da  g_oledPageDebug               
202000db  g_paramItemDebug              
202000dc  g_trackBlackCount             
202000dd  g_trackModeDebug              
202000de  g_trackRaw                    
202000df  g_trackTurnDebug              
20207e00  __stack                       
20208000  __STACK_END                   
ffffffff  __TI_pprof_out_hndl           
ffffffff  __TI_prof_data_size           
ffffffff  __TI_prof_data_start          
ffffffff  __binit__                     
ffffffff  binit                         
UNDEFED   __mpu_init                    
UNDEFED   _system_post_cinit            

[182 symbols]
