******************************************************************************
            TI ARM Clang Linker PC v4.0.4                      
******************************************************************************
>> Linked Thu Jul 16 22:25:30 2026

OUTPUT FILE NAME:   <diansaikaishi.out>
ENTRY POINT SYMBOL: "_c_int00_noargs"  address: 000052f5


MEMORY CONFIGURATION

         name            origin    length      used     unused   attr    fill
----------------------  --------  ---------  --------  --------  ----  --------
  FLASH                 00000000   00020000  00005d88  0001a278  R  X
  SRAM                  20200000   00008000  000003b0  00007c50  RW X
  BCR_CONFIG            41c00000   000000ff  00000000  000000ff  R   
  BSL_CONFIG            41c00100   00000080  00000000  00000080  R   


SEGMENT ALLOCATION MAP

run origin  load origin   length   init length attrs members
----------  ----------- ---------- ----------- ----- -------
00000000    00000000    00005d88   00005d88    r-x
  00000000    00000000    000000c0   000000c0    r-- .intvecs
  000000c0    000000c0    000056d8   000056d8    r-x .text
  00005798    00005798    000005c0   000005c0    r-- .rodata
  00005d58    00005d58    00000030   00000030    r-- .cinit
20200000    20200000    000001b0   00000000    rw-
  20200000    20200000    000001af   00000000    rw- .bss
  202001af    202001af    00000001   00000000    rw- .data
20207e00    20207e00    00000200   00000000    rw-
  20207e00    20207e00    00000200   00000000    rw- .stack


SECTION ALLOCATION MAP

 output                                  attributes/
section   page    origin      length       input sections
--------  ----  ----------  ----------   ----------------
.intvecs   0    00000000    000000c0     
                  00000000    000000c0     startup_mspm0g350x_ticlang.o (.intvecs)

.text      0    000000c0    000056d8     
                  000000c0    000006f4     car_controller.o (.text.CarController_Update_20ms)
                  000007b4    000006dc     oled_ui.o (.text.OledUi_Update_20ms)
                  00000e90    000002f0     imu.o (.text.mpu6050_read_regs)
                  00001180    000002d8     imu.o (.text.Imu_Init)
                  00001458    00000288     app_config.o (.text.AppConfig_LimitAll)
                  000016e0    00000278     obstacle_avoidance.o (.text.ObstacleAvoidance_Update_20ms)
                  00001958    0000025c     menu.o (.text.Menu_HandleKeyEvent)
                  00001bb4    00000254     oled.o (.text.OLED_Clear)
                  00001e08    00000214     imu.o (.text.Imu_CalibrateGyroBias)
                  0000201c    00000208     motion_action.o (.text.MotionAction_Update_20ms)
                  00002224    000001cc     imu.o (.text.imu_i2c_write_byte)
                  000023f0    000001b8     oled.o (.text.oled_i2c_write_byte)
                  000025a8    000001a0     ultrasonic.o (.text.Ultrasonic_Tick100us)
                  00002748    00000174     key.o (.text.Key_Update_20ms)
                  000028bc    00000160     heading_control.o (.text.HeadingControl_Update)
                  00002a1c    00000140     motion_action.o (.text.MotionAction_Start)
                  00002b5c    0000013c     oled.o (.text.OLED_PrintInt16)
                  00002c98    00000134     imu.o (.text.Imu_Update)
                  00002dcc    0000012c     imu.o (.text.imu_i2c_recover_bus)
                  00002ef8    000000f8     mission_manager.o (.text.MissionManager_Update_20ms)
                  00002ff0    000000f0     mission_manager.o (.text.MissionManager_SelectNext)
                  000030e0    000000ec     car_controller.o (.text.handle_turn_90)
                  000031cc    000000d8     mission_manager.o (.text.MissionManager_SelectPrevious)
                  000032a4    000000d8     libclang_rt.builtins.a : addsf3.S.obj (.text)
                  0000337c    000000d4     oled.o (.text.OLED_Init)
                  00003450    000000d0     oled.o (.text.OLED_PrintChar)
                  00003520    000000c4     app.o (.text.App_Update_20ms)
                  000035e4    000000bc     obstacle_safety.o (.text.ObstacleSafety_Update_20ms)
                  000036a0    000000b8     app_config.o (.text.AppConfig_InitDefault)
                  00003758    000000b8     gimbal_stepper_test.o (.text.GimbalStepperTest_MoveRelativeDeg)
                  00003810    000000b8     ti_msp_dl_config.o (.text.SYSCFG_DL_GPIO_init)
                  000038c8    000000b0     motor.o (.text.Motor_SetSpeed)
                  00003978    000000aa     mission_library.o (.text.MissionLibrary_Validate)
                  00003a22    00000002     startup_mspm0g350x_ticlang.o (.text.Default_Handler)
                  00003a24    000000a2     libclang_rt.builtins.a : udivmoddi4.S.obj (.text)
                  00003ac6    00000002     track_sensor.o (.text.TrackSensor_Init)
                  00003ac8    000000a0     gimbal.o (.text.Gimbal_Init)
                  00003b68    0000009c     obstacle_monitor.o (.text.ObstacleMonitor_Update_20ms)
                  00003c04    0000009c     empty.o (.text.main)
                  00003ca0    0000009a     libc.a : memcpy16.S.obj (.text:memcpy)
                  00003d3a    00000002     libclang_rt.builtins.a : aeabi_div0.c.obj (.text.__aeabi_idiv0)
                  00003d3c    00000098     car_controller.o (.text.CarController_StartSeekLine)
                  00003dd4    00000098     imu.o (.text.mpu6050_write_reg)
                  00003e6c    00000094     car_controller.o (.text.CarController_StartDriveHeading)
                  00003f00    00000094     gimbal.o (.text.Gimbal_MoveRelativeDeg)
                  00003f94    00000094     gimbal.o (.text.Gimbal_Release)
                  00004028    00000094     gimbal.o (.text.Gimbal_StopHold)
                  000040bc    00000090     gimbal_stepper_test.o (.text.GimbalStepperTest_Tick100us)
                  0000414c    00000090     gimbal.o (.text.Gimbal_GetFeedback)
                  000041dc    0000008c     libclang_rt.builtins.a : mulsf3.S.obj (.text.__mulsf3)
                  00004268    00000088     car_controller.o (.text.CarController_StartTurnToYawRelative)
                  000042f0    00000084     gimbal_stepper_test.o (.text.GimbalStepperTest_Init)
                  00004374    00000082     libclang_rt.builtins.a : divsf3.S.obj (.text.__divsf3)
                  000043f6    00000002                            : aeabi_div0.c.obj (.text.__aeabi_ldiv0)
                  000043f8    0000007c     car_controller.o (.text.CarController_Init)
                  00004474    0000007c     car_controller.o (.text.CarController_ResetRuntime)
                  000044f0    0000007c     car_controller.o (.text.CarController_StartFollowLine)
                  0000456c    0000007c     libc.a : copy_decompress_lzss.c.obj (.text:decompress:lzss)
                  000045e8    00000078     oled.o (.text.oled_write_command)
                  00004660    00000074     car_controller.o (.text.CarController_StartTurnRight90)
                  000046d4    00000070     car_controller.o (.text.CarController_StartTurnLeft90)
                  00004744    00000070     empty.o (.text.SysTick_Handler)
                  000047b4    0000006e     track_sensor.o (.text.TrackSensor_DetectTurn)
                  00004822    00000002     --HOLE-- [fill = 0]
                  00004824    0000006c     encoder.o (.text.Encoder_HandleGpioInterrupt)
                  00004890    00000068     mission_manager.o (.text.MissionManager_GetSelectedMissionIndex)
                  000048f8    00000066     track_sensor.o (.text.TrackSensor_GetErrorFromRaw)
                  0000495e    00000002     --HOLE-- [fill = 0]
                  00004960    00000064     menu.o (.text.Menu_GetParamValue)
                  000049c4    00000062     libclang_rt.builtins.a : aeabi_fcmp.S.obj (.text.__aeabi_fcmp)
                  00004a26    0000005e     app.o (.text.App_Init)
                  00004a84    0000005e     oled.o (.text.OLED_PrintBinary7)
                  00004ae2    00000002     --HOLE-- [fill = 0]
                  00004ae4    0000005c     ultrasonic.o (.text.Ultrasonic_Update_20ms)
                  00004b40    00000058     gimbal_stepper_test.o (.text.GimbalStepperTest_Release)
                  00004b98    00000058     gimbal_stepper_test.o (.text.GimbalStepperTest_StopHold)
                  00004bf0    00000056     libclang_rt.builtins.a : aeabi_idivmod.S.obj (.text.__aeabi_idivmod)
                  00004c46    00000002     --HOLE-- [fill = 0]
                  00004c48    00000054     track_sensor.o (.text.TrackSensor_ReadRaw)
                  00004c9c    00000050     car_controller.o (.text.CarController_SetSafetyHold)
                  00004cec    00000050     motor.o (.text.Motor_PwmTick100us)
                  00004d3c    00000050     ultrasonic.o (.text.Ultrasonic_Init)
                  00004d8c    00000048     mission_manager.o (.text.MissionManager_Init)
                  00004dd4    00000044     servo.o (.text.Servo_Tick100us)
                  00004e18    00000040     mission_manager.o (.text.MissionManager_Start)
                  00004e58    00000040     ti_msp_dl_config.o (.text.SYSCFG_DL_SYSCTL_init)
                  00004e98    00000040     libclang_rt.builtins.a : aeabi_uidivmod.S.obj (.text.__aeabi_uidivmod)
                  00004ed8    0000003e                            : divmoddi4.c.obj (.text.__divmoddi4)
                  00004f16    00000002     --HOLE-- [fill = 0]
                  00004f18    0000003c     servo.o (.text.Servo_SetAngleDeg)
                  00004f54    0000003c     libclang_rt.builtins.a : floatsisf.S.obj (.text.__floatsisf)
                  00004f90    0000003c                            : comparesf2.S.obj (.text.__gtsf2)
                  00004fcc    0000003c     libc.a : autoinit.c.obj (.text:__TI_auto_init_nobinit_nopinit)
                  00005008    0000003a     libclang_rt.builtins.a : comparesf2.S.obj (.text.__eqsf2)
                  00005042    00000002     --HOLE-- [fill = 0]
                  00005044    0000003a                            : muldsi3.S.obj (.text.__muldsi3)
                  0000507e    00000002     --HOLE-- [fill = 0]
                  00005080    00000038     motion_action.o (.text.MotionAction_ReapplyControllerTarget)
                  000050b8    00000038     motor.o (.text.Motor_Init)
                  000050f0    00000038     libclang_rt.builtins.a : fixsfsi.S.obj (.text.__fixsfsi)
                  00005128    00000034     oled.o (.text.OLED_SetCursor)
                  0000515c    00000032     oled.o (.text.OLED_PrintString)
                  0000518e    00000002     --HOLE-- [fill = 0]
                  00005190    00000030     key.o (.text.Key_Init)
                  000051c0    00000030     mission_manager.o (.text.MissionManager_Cancel)
                  000051f0    00000030     mission_manager.o (.text.MissionManager_Reset)
                  00005220    0000002c     motor.o (.text.Motor_Stop)
                  0000524c    0000002c     ti_msp_dl_config.o (.text.SYSCFG_DL_initPower)
                  00005278    0000002c     track_sensor.o (.text.TrackSensor_CountBlack)
                  000052a4    00000028     servo.o (.text.Servo_Init)
                  000052cc    00000028     obstacle_avoidance.o (.text.avoid_fail)
                  000052f4    00000028     libc.a : boot_cortex_m.c.obj (.text:_c_int00_noargs)
                  0000531c    00000024     encoder.o (.text.Encoder_Reset)
                  00005340    00000020     car_controller.o (.text.CarController_Stop)
                  00005360    00000020     mission_manager.o (.text.MissionManager_Pause)
                  00005380    00000020     mission_manager.o (.text.MissionManager_Resume)
                  000053a0    00000020     motion_action.o (.text.MotionAction_GetCurrentBypassDirection)
                  000053c0    00000020     motion_action.o (.text.MotionAction_GetCurrentObstaclePolicy)
                  000053e0    00000020     obstacle_avoidance.o (.text.ObstacleAvoidance_Init)
                  00005400    00000020     mission_manager.o (.text.mission_finish_error)
                  00005420    0000001e     libclang_rt.builtins.a : ashldi3.S.obj (.text.__ashldi3)
                  0000543e    00000002     --HOLE-- [fill = 0]
                  00005440    0000001c     imu.o (.text.Imu_IsReady)
                  0000545c    0000001c     obstacle_monitor.o (.text.ObstacleMonitor_Init)
                  00005478    0000001c     obstacle_safety.o (.text.ObstacleSafety_Init)
                  00005494    00000018     car_controller.o (.text.CarController_RunModeToString)
                  000054ac    00000018     heading_control.o (.text.HeadingControl_LockCurrentYaw)
                  000054c4    00000018     heading_control.o (.text.HeadingControl_SetTargetYaw)
                  000054dc    00000018     menu.o (.text.Menu_ParamItemToString)
                  000054f4    00000018     mission_library.o (.text.MissionLibrary_FindById)
                  0000550c    00000018     motion_action.o (.text.MotionAction_Cancel)
                  00005524    00000018     motion_action.o (.text.MotionAction_Init)
                  0000553c    00000016     libc.a : copy_zero_init.c.obj (.text:decompress:ZI:__TI_zero_init_nomemset)
                  00005552    00000002     --HOLE-- [fill = 0]
                  00005554    00000014     empty.o (.text.GROUP1_IRQHandler)
                  00005568    00000014     heading_control.o (.text.HeadingControl_Enable)
                  0000557c    00000014     heading_control.o (.text.HeadingControl_Init)
                  00005590    00000014     heading_control.o (.text.HeadingControl_Reset)
                  000055a4    00000014     menu.o (.text.Menu_Init)
                  000055b8    00000014     mission_library.o (.text.MissionLibrary_GetByIndex)
                  000055cc    00000014     mission_manager.o (.text.MissionManager_GetSelectedMissionId)
                  000055e0    00000014     libclang_rt.builtins.a : aeabi_ldivmod.S.obj (.text.__aeabi_ldivmod)
                  000055f4    00000012     libc.a : copy_decompress_none.c.obj (.text:decompress:none)
                  00005606    00000002     --HOLE-- [fill = 0]
                  00005608    00000010     gimbal.o (.text.Gimbal_Update5ms)
                  00005618    00000010     key.o (.text.Key_GetEvent)
                  00005628    00000010     obstacle_avoidance.o (.text.ObstacleAvoidance_IsResumeGraceActive)
                  00005638    00000010     ti_msp_dl_config.o (.text.SYSCFG_DL_init)
                  00005648    0000000c     car_controller.o (.text.CarController_GetRunMode)
                  00005654    0000000c     car_state.o (.text.CarState_Get)
                  00005660    0000000c     car_state.o (.text.CarState_Init)
                  0000566c    0000000c     car_state.o (.text.CarState_Set)
                  00005678    0000000c     imu.o (.text.Imu_GetCorrectedGyroZDps)
                  00005684    0000000c     imu.o (.text.Imu_GetYaw)
                  00005690    0000000c     imu.o (.text.Imu_ResetYaw)
                  0000569c    0000000c     menu.o (.text.Menu_GetPage)
                  000056a8    0000000c     menu.o (.text.Menu_GetParamItem)
                  000056b4    0000000c     mission_manager.o (.text.MissionManager_SetExternalHold)
                  000056c0    0000000c     obstacle_avoidance.o (.text.ObstacleAvoidance_IsActive)
                  000056cc    0000000c     obstacle_avoidance.o (.text.ObstacleAvoidance_IsFailed)
                  000056d8    0000000c     obstacle_safety.o (.text.ObstacleSafety_IsHolding)
                  000056e4    0000000c     oled_ui.o (.text.OledUi_Init)
                  000056f0    0000000a     driverlib.a : dl_common.o (.text.DL_Common_delayCycles)
                  000056fa    0000000a     track_sensor.o (.text.TrackSensor_IsCenterDetected)
                  00005704    0000000a     track_sensor.o (.text.TrackSensor_IsLineDetected)
                  0000570e    0000000a     track_sensor.o (.text.TrackSensor_IsLineLost)
                  00005718    00000008     car_controller.o (.text.CarController_GetFeedback)
                  00005720    00000008     gimbal_stepper_test.o (.text.GimbalStepperTest_GetFeedback)
                  00005728    00000008     gimbal.o (.text.Gimbal_Tick100us)
                  00005730    00000008     heading_control.o (.text.HeadingControl_GetRuntime)
                  00005738    00000008     imu.o (.text.Imu_GetRuntime)
                  00005740    00000008     mission_manager.o (.text.MissionManager_GetMissionCount)
                  00005748    00000008     mission_manager.o (.text.MissionManager_GetRuntime)
                  00005750    00000008     motion_action.o (.text.MotionAction_GetRuntime)
                  00005758    00000008     obstacle_avoidance.o (.text.ObstacleAvoidance_GetFeedback)
                  00005760    00000008     obstacle_monitor.o (.text.ObstacleMonitor_GetFeedback)
                  00005768    00000008     servo.o (.text.Servo_GetFeedback)
                  00005770    00000008     ultrasonic.o (.text.Ultrasonic_GetFeedback)
                  00005778    00000008     libclang_rt.builtins.a : aeabi_memcpy.S.obj (.text.__aeabi_memcpy)
                  00005780    00000006     libc.a : exit.c.obj (.text:abort)
                  00005786    00000004     libsysbm.a : hostexit.c.obj (.text.HOSTexit)
                  0000578a    00000004     mission_library.o (.text.MissionLibrary_GetCount)
                  0000578e    00000004     startup_mspm0g350x_ticlang.o (.text.Reset_Handler)
                  00005792    00000004     libc.a : pre_init.c.obj (.text._system_pre_init)
                  00005796    00000002     --HOLE-- [fill = 0]

.cinit     0    00005d58    00000030     
                  00005d58    0000000c     (__TI_handler_table)
                  00005d64    00000008     (.cinit..bss.load) [load image, compression = zero_init]
                  00005d6c    00000005     (.cinit..data.load) [load image, compression = lzss]
                  00005d71    00000003     --HOLE-- [fill = 0]
                  00005d74    00000010     (__TI_cinit_table)
                  00005d84    00000004     --HOLE-- [fill = 0]

.rodata    0    00005798    000005c0     
                  00005798    000000d8     oled.o (.rodata..Lswitch.table.OLED_PrintChar)
                  00005870    000000a8     mission_library.o (.rodata.g_missionMapA)
                  00005918    000000a8     mission_library.o (.rodata.g_missionMapB)
                  000059c0    00000078     mission_library.o (.rodata.g_missionMapC)
                  00005a38    00000030     mission_library.o (.rodata.g_missionRegistry)
                  00005a68    00000024     oled_ui.o (.rodata..Lswitch.table.OledUi_Update_20ms.67)
                  00005a8c    00000020     menu.o (.rodata..Lswitch.table.Menu_ParamItemToString)
                  00005aac    0000001c     car_controller.o (.rodata..Lswitch.table.CarController_RunModeToString)
                  00005ac8    00000018     oled_ui.o (.rodata..Lswitch.table.OledUi_Update_20ms.68)
                  00005ae0    0000000d     oled_ui.o (.rodata.str1.16526439943277383452.1)
                  00005aed    00000003     oled_ui.o (.rodata.str1.11232419324784801130.1)
                  00005af0    0000000c     mission_library.o (.rodata..Lswitch.table.MissionLibrary_FindById)
                  00005afc    0000000c     oled_ui.o (.rodata..Lswitch.table.OledUi_Update_20ms)
                  00005b08    0000000c     oled_ui.o (.rodata.str1.13567883086814673087.1)
                  00005b14    00000009     oled_ui.o (.rodata.str1.18266126048138325213.1)
                  00005b1d    00000007     oled_ui.o (.rodata.str1.9544068167406571052.1)
                  00005b24    00000006     menu.o (.rodata..Lswitch.table.Menu_HandleKeyEvent)
                  00005b2a    00000006     mission_library.o (.rodata.str1.13636476544574750902.1)
                  00005b30    00000006     oled_ui.o (.rodata.str1.1445687256832830955.1)
                  00005b36    00000006     oled_ui.o (.rodata.str1.15008238333949226094.1)
                  00005b3c    00000006     mission_library.o (.rodata.str1.15668266851434757964.1)
                  00005b42    00000006     oled_ui.o (.rodata.str1.15829239520183577662.1)
                  00005b48    00000006     oled_ui.o (.rodata.str1.17540787658903907660.1)
                  00005b4e    00000006     oled_ui.o (.rodata.str1.17884296644359297425.1)
                  00005b54    00000006     mission_library.o (.rodata.str1.199678142196697465.1)
                  00005b5a    00000006     oled_ui.o (.rodata.str1.5965450730569173784.1)
                  00005b60    00000006     oled_ui.o (.rodata.str1.7419768602719733415.1)
                  00005b66    00000006     oled_ui.o (.rodata.str1.8460525935980491721.1)
                  00005b6c    00000006     oled_ui.o (.rodata.str1.8783421139296713095.1)
                  00005b72    00000006     oled_ui.o (.rodata.str1.9102528229756940648.1)
                  00005b78    00000005     oled.o (.rodata.oled_get_glyph.colon)
                  00005b7d    00000005     oled.o (.rodata.oled_get_glyph.eight)
                  00005b82    00000005     oled.o (.rodata.oled_get_glyph.five)
                  00005b87    00000005     oled.o (.rodata.oled_get_glyph.four)
                  00005b8c    00000005     oled.o (.rodata.oled_get_glyph.glyphA)
                  00005b91    00000005     oled.o (.rodata.oled_get_glyph.glyphB)
                  00005b96    00000005     oled.o (.rodata.oled_get_glyph.glyphC)
                  00005b9b    00000005     oled.o (.rodata.oled_get_glyph.glyphD)
                  00005ba0    00000005     oled.o (.rodata.oled_get_glyph.glyphE)
                  00005ba5    00000005     oled.o (.rodata.oled_get_glyph.glyphG)
                  00005baa    00000005     oled.o (.rodata.oled_get_glyph.glyphH)
                  00005baf    00000005     oled.o (.rodata.oled_get_glyph.glyphI)
                  00005bb4    00000005     oled.o (.rodata.oled_get_glyph.glyphK)
                  00005bb9    00000005     oled.o (.rodata.oled_get_glyph.glyphL)
                  00005bbe    00000005     oled.o (.rodata.oled_get_glyph.glyphM)
                  00005bc3    00000005     oled.o (.rodata.oled_get_glyph.glyphN)
                  00005bc8    00000005     oled.o (.rodata.oled_get_glyph.glyphO)
                  00005bcd    00000005     oled.o (.rodata.oled_get_glyph.glyphP)
                  00005bd2    00000005     oled.o (.rodata.oled_get_glyph.glyphR)
                  00005bd7    00000005     oled.o (.rodata.oled_get_glyph.glyphS)
                  00005bdc    00000005     oled.o (.rodata.oled_get_glyph.glyphT)
                  00005be1    00000005     oled.o (.rodata.oled_get_glyph.glyphU)
                  00005be6    00000005     oled.o (.rodata.oled_get_glyph.glyphV)
                  00005beb    00000005     oled.o (.rodata.oled_get_glyph.glyphW)
                  00005bf0    00000005     oled.o (.rodata.oled_get_glyph.glyphX)
                  00005bf5    00000005     oled.o (.rodata.oled_get_glyph.glyphY)
                  00005bfa    00000005     oled.o (.rodata.oled_get_glyph.glyphb)
                  00005bff    00000005     oled.o (.rodata.oled_get_glyph.gt)
                  00005c04    00000005     oled.o (.rodata.oled_get_glyph.minus)
                  00005c09    00000005     oled.o (.rodata.oled_get_glyph.nine)
                  00005c0e    00000005     oled.o (.rodata.oled_get_glyph.one)
                  00005c13    00000005     oled.o (.rodata.oled_get_glyph.seven)
                  00005c18    00000005     oled.o (.rodata.oled_get_glyph.six)
                  00005c1d    00000005     oled.o (.rodata.oled_get_glyph.space)
                  00005c22    00000005     oled.o (.rodata.oled_get_glyph.three)
                  00005c27    00000005     oled.o (.rodata.oled_get_glyph.two)
                  00005c2c    00000005     oled.o (.rodata.oled_get_glyph.zero)
                  00005c31    00000005     oled_ui.o (.rodata.str1.1108652269057166745.1)
                  00005c36    00000005     oled_ui.o (.rodata.str1.11428648044669318875.1)
                  00005c3b    00000005     oled_ui.o (.rodata.str1.12983537867572525563.1)
                  00005c40    00000005     oled_ui.o (.rodata.str1.13882251010780863896.1)
                  00005c45    00000005     oled_ui.o (.rodata.str1.14134189893851348960.1)
                  00005c4a    00000005     oled_ui.o (.rodata.str1.15802367878353263018.1)
                  00005c4f    00000005     oled_ui.o (.rodata.str1.15859922799842739878.1)
                  00005c54    00000005     oled_ui.o (.rodata.str1.15917848551323629232.1)
                  00005c59    00000005     car_controller.o (.rodata.str1.1652194605229746967.1)
                  00005c5e    00000005     oled_ui.o (.rodata.str1.17274519358952562110.1)
                  00005c63    00000005     oled_ui.o (.rodata.str1.17464849429964608858.1)
                  00005c68    00000005     oled_ui.o (.rodata.str1.2522137003438374266.1)
                  00005c6d    00000005     oled_ui.o (.rodata.str1.270145429241168923.1)
                  00005c72    00000005     car_controller.o (.rodata.str1.4164979912472006574.1)
                  00005c77    00000005     oled_ui.o (.rodata.str1.4402311448527872260.1)
                  00005c7c    00000005     oled_ui.o (.rodata.str1.4581472623415959594.1)
                  00005c81    00000005     oled_ui.o (.rodata.str1.4581686099848791648.1)
                  00005c86    00000005     menu.o (.rodata.str1.4862307748908978627.1)
                  00005c8b    00000005     oled_ui.o (.rodata.str1.7185587941321649510.1)
                  00005c90    00000005     oled_ui.o (.rodata.str1.7219546930854689545.1)
                  00005c95    00000005     oled_ui.o (.rodata.str1.7774807581888385879.1)
                  00005c9a    00000005     oled_ui.o (.rodata.str1.8403269972884532600.1)
                  00005c9f    00000005     oled_ui.o (.rodata.str1.8426569189266129334.1)
                  00005ca4    00000005     car_controller.o (.rodata.str1.9234375891235759983.1)
                  00005ca9    00000005     car_controller.o (.rodata.str1.9981487771679760427.1)
                  00005cae    00000004     oled_ui.o (.rodata.str1.1019225241002246410.1)
                  00005cb2    00000004     oled_ui.o (.rodata.str1.10416366799939242409.1)
                  00005cb6    00000004     menu.o (.rodata.str1.12110183915172842339.1)
                  00005cba    00000004     car_controller.o (.rodata.str1.12442237994239546032.1)
                  00005cbe    00000004     oled_ui.o (.rodata.str1.12617122458660443890.1)
                  00005cc2    00000004     oled_ui.o (.rodata.str1.130772507669342127.1)
                  00005cc6    00000004     menu.o (.rodata.str1.13124720451672825294.1)
                  00005cca    00000004     oled_ui.o (.rodata.str1.13244290092665904221.1)
                  00005cce    00000004     oled_ui.o (.rodata.str1.13790669171379415506.1)
                  00005cd2    00000004     menu.o (.rodata.str1.14098755746347272832.1)
                  00005cd6    00000004     oled_ui.o (.rodata.str1.15577080202403550426.1)
                  00005cda    00000004     oled_ui.o (.rodata.str1.15613891207764622616.1)
                  00005cde    00000004     oled_ui.o (.rodata.str1.15817398807211891688.1)
                  00005ce2    00000004     oled_ui.o (.rodata.str1.16411631209783952401.1)
                  00005ce6    00000004     oled_ui.o (.rodata.str1.16939060351352778619.1)
                  00005cea    00000004     menu.o (.rodata.str1.17041139162815566052.1)
                  00005cee    00000004     car_controller.o (.rodata.str1.17172356789460551389.1)
                  00005cf2    00000004     car_controller.o (.rodata.str1.18191498530309206443.1)
                  00005cf6    00000004     oled_ui.o (.rodata.str1.2308938766145545715.1)
                  00005cfa    00000004     oled_ui.o (.rodata.str1.3025253791635144717.1)
                  00005cfe    00000004     oled_ui.o (.rodata.str1.3407221357956504873.1)
                  00005d02    00000004     oled_ui.o (.rodata.str1.3455423528827705371.1)
                  00005d06    00000004     oled_ui.o (.rodata.str1.3702290527496711532.1)
                  00005d0a    00000004     oled_ui.o (.rodata.str1.4610220316623841660.1)
                  00005d0e    00000004     oled_ui.o (.rodata.str1.5853739094453432564.1)
                  00005d12    00000004     oled_ui.o (.rodata.str1.6806727740681590176.1)
                  00005d16    00000004     car_controller.o (.rodata.str1.702403006289709404.1)
                  00005d1a    00000004     oled_ui.o (.rodata.str1.8236579331345056500.1)
                  00005d1e    00000004     oled_ui.o (.rodata.str1.8693388333057100694.1)
                  00005d22    00000004     oled_ui.o (.rodata.str1.9159586779647977165.1)
                  00005d26    00000004     oled_ui.o (.rodata.str1.9295666102996717355.1)
                  00005d2a    00000004     menu.o (.rodata.str1.9546740394641817443.1)
                  00005d2e    00000004     oled_ui.o (.rodata.str1.9611283282870761829.1)
                  00005d32    00000004     oled_ui.o (.rodata.str1.967006512144173535.1)
                  00005d36    00000004     oled_ui.o (.rodata.str1.9854382722193312766.1)
                  00005d3a    00000003     oled_ui.o (.rodata.str1.14358698208395374265.1)
                  00005d3d    00000003     oled_ui.o (.rodata.str1.14556837007311414654.1)
                  00005d40    00000003     menu.o (.rodata.str1.16312125044762562515.1)
                  00005d43    00000003     oled_ui.o (.rodata.str1.16849766574302683489.1)
                  00005d46    00000003     oled_ui.o (.rodata.str1.16931641404301806744.1)
                  00005d49    00000003     oled_ui.o (.rodata.str1.17812014771544466701.1)
                  00005d4c    00000003     oled_ui.o (.rodata.str1.18379317056176403938.1)
                  00005d4f    00000003     menu.o (.rodata.str1.4646809750356241979.1)
                  00005d52    00000003     menu.o (.rodata.str1.6857549598058878762.1)
                  00005d55    00000003     --HOLE-- [fill = 0]

.init_array 
*          0    00000000    00000000     UNINITIALIZED

.binit     0    00000000    00000000     

.bss       0    20200000    000001af     UNINITIALIZED
                  20200000    0000005c     (.common:g_appConfig)
                  2020005c    00000038     (.common:g_appRuntime)
                  20200094    00000028     (.common:g_imuRuntime)
                  202000bc    00000020     mission_manager.o (.bss.g_missionRuntime)
                  202000dc    00000018     gimbal.o (.bss.g_feedback)
                  202000f4    00000014     motion_action.o (.bss.g_motionActionRuntime)
                  20200108    00000014     (.common:g_headingRuntime)
                  2020011c    0000000e     car_controller.o (.bss.g_carControllerFeedback)
                  2020012a    00000002     ultrasonic.o (.bss.g_echoTicks)
                  2020012c    0000000e     ultrasonic.o (.bss.g_ultrasonicFeedback)
                  2020013a    00000002     gimbal_stepper_test.o (.bss.g_pitchHalfPeriodTicks)
                  2020013c    0000000c     gimbal_stepper_test.o (.bss.g_feedback)
                  20200148    0000000a     obstacle_avoidance.o (.bss.g_avoidFeedback)
                  20200152    00000008     obstacle_monitor.o (.bss.g_obstacleFeedback)
                  2020015a    00000006     ultrasonic.o (.bss.g_distanceSamples)
                  20200160    00000006     key.o (.bss.g_key1)
                  20200166    00000006     key.o (.bss.g_key2)
                  2020016c    00000006     key.o (.bss.g_key3)
                  20200172    00000002     obstacle_avoidance.o (.bss.g_resumeGraceMs)
                  20200174    00000004     encoder.o (.bss.g_motorAPulses)
                  20200178    00000004     encoder.o (.bss.g_motorBPulses)
                  2020017c    00000004     gimbal_stepper_test.o (.bss.g_pitchCompletedSteps)
                  20200180    00000004     gimbal_stepper_test.o (.bss.g_pitchTargetSteps)
                  20200184    00000004     servo.o (.bss.g_servoFeedback)
                  20200188    00000002     servo.o (.bss.g_servoPwmPhase)
                  2020018a    00000002     ultrasonic.o (.bss.g_stateTicks)
                  2020018c    00000002     (.common:g_trackError)
                  2020018e    00000001     oled_ui.o (.bss.OledUi_Update_20ms.refreshDivider)
                  2020018f    00000001     empty.o (.bss.SysTick_Handler.controlMsCount)
                  20200190    00000001     empty.o (.bss.SysTick_Handler.gimbalMsCount)
                  20200191    00000001     empty.o (.bss.SysTick_Handler.tick100usCount)
                  20200192    00000001     ultrasonic.o (.bss.Ultrasonic_Update_20ms.triggerDivider)
                  20200193    00000001     empty.o (.bss.g_appUpdateDue)
                  20200194    00000001     car_state.o (.bss.g_carState)
                  20200195    00000001     obstacle_monitor.o (.bss.g_centerSettleTicks)
                  20200196    00000001     ultrasonic.o (.bss.g_distanceSampleCount)
                  20200197    00000001     ultrasonic.o (.bss.g_distanceSampleIndex)
                  20200198    00000001     empty.o (.bss.g_gimbalUpdatePending)
                  20200199    00000001     motor.o (.bss.g_motorADutyLevel)
                  2020019a    00000001     motor.o (.bss.g_motorBDutyLevel)
                  2020019b    00000001     obstacle_safety.o (.bss.g_obstacleSafetyHolding)
                  2020019c    00000001     oled.o (.bss.g_oledColumn)
                  2020019d    00000001     menu.o (.bss.g_oledPage)
                  2020019e    00000001     menu.o (.bss.g_paramItem)
                  2020019f    00000001     key.o (.bss.g_pendingEvent)
                  202001a0    00000001     gimbal_stepper_test.o (.bss.g_pitchRunning)
                  202001a1    00000001     gimbal_stepper_test.o (.bss.g_pitchStepHigh)
                  202001a2    00000001     motor.o (.bss.g_pwmPhase)
                  202001a3    00000001     car_controller.o (.bss.g_safetyHold)
                  202001a4    00000001     obstacle_avoidance.o (.bss.g_stateStarted)
                  202001a5    00000001     ultrasonic.o (.bss.g_triggerRequest)
                  202001a6    00000001     ultrasonic.o (.bss.g_ultrasonicState)
                  202001a7    00000001     (.common:g_carStateDebug)
                  202001a8    00000001     (.common:g_keyEvent)
                  202001a9    00000001     (.common:g_oledPageDebug)
                  202001aa    00000001     (.common:g_paramItemDebug)
                  202001ab    00000001     (.common:g_trackBlackCount)
                  202001ac    00000001     (.common:g_trackModeDebug)
                  202001ad    00000001     (.common:g_trackRaw)
                  202001ae    00000001     (.common:g_trackTurnDebug)

.data      0    202001af    00000001     UNINITIALIZED
                  202001af    00000001     car_controller.o (.data.g_followTurnPolicy)

.stack     0    20207e00    00000200     UNINITIALIZED
                  20207e00    00000004     libc.a : boot_cortex_m.c.obj (.stack)
                  20207e04    000001fc     --HOLE--

__llvm_prf_cnts 
*          0    20200000    00000000     UNINITIALIZED

__llvm_prf_bits 
*          0    20200000    00000000     UNINITIALIZED

MODULE SUMMARY

       Module                         code    ro data   rw data
       ------                         ----    -------   -------
    .\
       car_controller.o               3208    64        72     
       imu.o                          3304    0         40     
       oled.o                         2088    401       1      
       oled_ui.o                      1768    398       1      
       mission_manager.o              1184    0         32     
       motion_action.o                1016    0         20     
       app_config.o                   832     0         92     
       menu.o                         772     72        2      
       gimbal.o                       772     0         24     
       obstacle_avoidance.o           752     0         13     
       mission_library.o              218     534       0      
       gimbal_stepper_test.o          644     0         24     
       ultrasonic.o                   596     0         29     
       heading_control.o              468     0         20     
       key.o                          436     0         19     
       track_sensor.o                 372     0         0      
       motor.o                        356     0         3      
       ti_msp_dl_config.o             308     0         0      
       app.o                          290     0         10     
       empty.o                        288     0         5      
       obstacle_safety.o              228     0         1      
       obstacle_monitor.o             192     0         9      
       startup_mspm0g350x_ticlang.o   6       192       0      
       servo.o                        176     0         6      
       encoder.o                      144     0         8      
       car_state.o                    36      0         1      
    +--+------------------------------+-------+---------+---------+
       Total:                         20454   1661      432    
                                                               
    C:/TI/mspm0_sdk_2_05_01_00/source/ti/driverlib/lib/ticlang/m0p/mspm0g1x0x_g3x0x/driverlib.a
       dl_common.o                    10      0         0      
    +--+------------------------------+-------+---------+---------+
       Total:                         10      0         0      
                                                               
    D:\TI\CCS\ccs\tools\compiler\ti-cgt-armllvm_4.0.4.LTS\lib\armv6m-ti-none-eabi/c/libc.a
       memcpy16.S.obj                 154     0         0      
       copy_decompress_lzss.c.obj     124     0         0      
       autoinit.c.obj                 60      0         0      
       boot_cortex_m.c.obj            40      0         0      
       copy_zero_init.c.obj           22      0         0      
       copy_decompress_none.c.obj     18      0         0      
       exit.c.obj                     6       0         0      
       pre_init.c.obj                 4       0         0      
    +--+------------------------------+-------+---------+---------+
       Total:                         428     0         0      
                                                               
    D:\TI\CCS\ccs\tools\compiler\ti-cgt-armllvm_4.0.4.LTS\lib\armv6m-ti-none-eabi/c/libsysbm.a
       hostexit.c.obj                 4       0         0      
    +--+------------------------------+-------+---------+---------+
       Total:                         4       0         0      
                                                               
    D:\TI\CCS\ccs\tools\compiler\ti-cgt-armllvm_4.0.4.LTS\lib\armv6m-ti-none-eabi/libclang_rt.builtins.a
       addsf3.S.obj                   216     0         0      
       udivmoddi4.S.obj               162     0         0      
       mulsf3.S.obj                   140     0         0      
       divsf3.S.obj                   130     0         0      
       comparesf2.S.obj               118     0         0      
       aeabi_fcmp.S.obj               98      0         0      
       aeabi_idivmod.S.obj            86      0         0      
       aeabi_uidivmod.S.obj           64      0         0      
       divmoddi4.c.obj                62      0         0      
       floatsisf.S.obj                60      0         0      
       muldsi3.S.obj                  58      0         0      
       fixsfsi.S.obj                  56      0         0      
       ashldi3.S.obj                  30      0         0      
       aeabi_ldivmod.S.obj            20      0         0      
       aeabi_memcpy.S.obj             8       0         0      
       aeabi_div0.c.obj               4       0         0      
    +--+------------------------------+-------+---------+---------+
       Total:                         1312    0         0      
                                                               
       Stack:                         0       0         512    
       Linker Generated:              0       41        0      
    +--+------------------------------+-------+---------+---------+
       Grand Total:                   22208   1702      944    


LINKER GENERATED COPY TABLES

__TI_cinit_table @ 00005d74 records: 2, size/record: 8, table size: 16
	.bss: load addr=00005d64, load size=00000008 bytes, run addr=20200000, run size=000001af bytes, compression=zero_init
	.data: load addr=00005d6c, load size=00000005 bytes, run addr=202001af, run size=00000001 bytes, compression=lzss


LINKER GENERATED HANDLER TABLE

__TI_handler_table @ 00005d58 records: 3, size/record: 4, table size: 12
	index: 0, handler: __TI_decompress_lzss
	index: 1, handler: __TI_decompress_none
	index: 2, handler: __TI_zero_init


GLOBAL SYMBOLS: SORTED ALPHABETICALLY BY Name 

address   name                                  
-------   ----                                  
00003a23  ADC0_IRQHandler                       
00003a23  ADC1_IRQHandler                       
00003a23  AES_IRQHandler                        
000036a1  AppConfig_InitDefault                 
00001459  AppConfig_LimitAll                    
00004a27  App_Init                              
00003521  App_Update_20ms                       
00005786  C$$EXIT                               
00003a23  CANFD0_IRQHandler                     
00005719  CarController_GetFeedback             
00005649  CarController_GetRunMode              
000043f9  CarController_Init                    
00004475  CarController_ResetRuntime            
00005495  CarController_RunModeToString         
00004c9d  CarController_SetSafetyHold           
00003e6d  CarController_StartDriveHeading       
000044f1  CarController_StartFollowLine         
00003d3d  CarController_StartSeekLine           
000046d5  CarController_StartTurnLeft90         
00004661  CarController_StartTurnRight90        
00004269  CarController_StartTurnToYawRelative  
00005341  CarController_Stop                    
000000c1  CarController_Update_20ms             
00005655  CarState_Get                          
00005661  CarState_Init                         
0000566d  CarState_Set                          
00003a23  DAC0_IRQHandler                       
000056f1  DL_Common_delayCycles                 
00003a23  DMA_IRQHandler                        
00003a23  Default_Handler                       
00004825  Encoder_HandleGpioInterrupt           
0000531d  Encoder_Reset                         
00003a23  GROUP0_IRQHandler                     
00005555  GROUP1_IRQHandler                     
00005721  GimbalStepperTest_GetFeedback         
000042f1  GimbalStepperTest_Init                
00003759  GimbalStepperTest_MoveRelativeDeg     
00004b41  GimbalStepperTest_Release             
00004b99  GimbalStepperTest_StopHold            
000040bd  GimbalStepperTest_Tick100us           
0000414d  Gimbal_GetFeedback                    
00003ac9  Gimbal_Init                           
00003f01  Gimbal_MoveRelativeDeg                
00003f95  Gimbal_Release                        
00004029  Gimbal_StopHold                       
00005729  Gimbal_Tick100us                      
00005609  Gimbal_Update5ms                      
00005787  HOSTexit                              
00003a23  HardFault_Handler                     
00005569  HeadingControl_Enable                 
00005731  HeadingControl_GetRuntime             
0000557d  HeadingControl_Init                   
000054ad  HeadingControl_LockCurrentYaw         
00005591  HeadingControl_Reset                  
000054c5  HeadingControl_SetTargetYaw           
000028bd  HeadingControl_Update                 
00003a23  I2C0_IRQHandler                       
00003a23  I2C1_IRQHandler                       
00001e09  Imu_CalibrateGyroBias                 
00005679  Imu_GetCorrectedGyroZDps              
00005739  Imu_GetRuntime                        
00005685  Imu_GetYaw                            
00001181  Imu_Init                              
00005441  Imu_IsReady                           
00005691  Imu_ResetYaw                          
00002c99  Imu_Update                            
00005619  Key_GetEvent                          
00005191  Key_Init                              
00002749  Key_Update_20ms                       
0000569d  Menu_GetPage                          
000056a9  Menu_GetParamItem                     
00004961  Menu_GetParamValue                    
00001959  Menu_HandleKeyEvent                   
000055a5  Menu_Init                             
000054dd  Menu_ParamItemToString                
000054f5  MissionLibrary_FindById               
000055b9  MissionLibrary_GetByIndex             
0000578b  MissionLibrary_GetCount               
00003979  MissionLibrary_Validate               
000051c1  MissionManager_Cancel                 
00005741  MissionManager_GetMissionCount        
00005749  MissionManager_GetRuntime             
000055cd  MissionManager_GetSelectedMissionId   
00004891  MissionManager_GetSelectedMissionIndex
00004d8d  MissionManager_Init                   
00005361  MissionManager_Pause                  
000051f1  MissionManager_Reset                  
00005381  MissionManager_Resume                 
00002ff1  MissionManager_SelectNext             
000031cd  MissionManager_SelectPrevious         
000056b5  MissionManager_SetExternalHold        
00004e19  MissionManager_Start                  
00002ef9  MissionManager_Update_20ms            
0000550d  MotionAction_Cancel                   
000053a1  MotionAction_GetCurrentBypassDirection
000053c1  MotionAction_GetCurrentObstaclePolicy 
00005751  MotionAction_GetRuntime               
00005525  MotionAction_Init                     
00005081  MotionAction_ReapplyControllerTarget  
00002a1d  MotionAction_Start                    
0000201d  MotionAction_Update_20ms              
000050b9  Motor_Init                            
00004ced  Motor_PwmTick100us                    
000038c9  Motor_SetSpeed                        
00005221  Motor_Stop                            
00003a23  NMI_Handler                           
00001bb5  OLED_Clear                            
0000337d  OLED_Init                             
00004a85  OLED_PrintBinary7                     
00003451  OLED_PrintChar                        
00002b5d  OLED_PrintInt16                       
0000515d  OLED_PrintString                      
00005129  OLED_SetCursor                        
00005759  ObstacleAvoidance_GetFeedback         
000053e1  ObstacleAvoidance_Init                
000056c1  ObstacleAvoidance_IsActive            
000056cd  ObstacleAvoidance_IsFailed            
00005629  ObstacleAvoidance_IsResumeGraceActive 
000016e1  ObstacleAvoidance_Update_20ms         
00005761  ObstacleMonitor_GetFeedback           
0000545d  ObstacleMonitor_Init                  
00003b69  ObstacleMonitor_Update_20ms           
00005479  ObstacleSafety_Init                   
000056d9  ObstacleSafety_IsHolding              
000035e5  ObstacleSafety_Update_20ms            
000056e5  OledUi_Init                           
000007b5  OledUi_Update_20ms                    
00003a23  PendSV_Handler                        
00003a23  RTC_IRQHandler                        
0000578f  Reset_Handler                         
00003a23  SPI0_IRQHandler                       
00003a23  SPI1_IRQHandler                       
00003a23  SVC_Handler                           
00003811  SYSCFG_DL_GPIO_init                   
00004e59  SYSCFG_DL_SYSCTL_init                 
00005639  SYSCFG_DL_init                        
0000524d  SYSCFG_DL_initPower                   
00005769  Servo_GetFeedback                     
000052a5  Servo_Init                            
00004f19  Servo_SetAngleDeg                     
00004dd5  Servo_Tick100us                       
00004745  SysTick_Handler                       
00003a23  TIMA0_IRQHandler                      
00003a23  TIMA1_IRQHandler                      
00003a23  TIMG0_IRQHandler                      
00003a23  TIMG12_IRQHandler                     
00003a23  TIMG6_IRQHandler                      
00003a23  TIMG7_IRQHandler                      
00003a23  TIMG8_IRQHandler                      
00005279  TrackSensor_CountBlack                
000047b5  TrackSensor_DetectTurn                
000048f9  TrackSensor_GetErrorFromRaw           
00003ac7  TrackSensor_Init                      
000056fb  TrackSensor_IsCenterDetected          
00005705  TrackSensor_IsLineDetected            
0000570f  TrackSensor_IsLineLost                
00004c49  TrackSensor_ReadRaw                   
00003a23  UART0_IRQHandler                      
00003a23  UART1_IRQHandler                      
00003a23  UART2_IRQHandler                      
00003a23  UART3_IRQHandler                      
00005771  Ultrasonic_GetFeedback                
00004d3d  Ultrasonic_Init                       
000025a9  Ultrasonic_Tick100us                  
00004ae5  Ultrasonic_Update_20ms                
20208000  __STACK_END                           
00000200  __STACK_SIZE                          
00000000  __TI_ATRegion0_region_sz              
00000000  __TI_ATRegion0_src_addr               
00000000  __TI_ATRegion0_trg_addr               
00000000  __TI_ATRegion1_region_sz              
00000000  __TI_ATRegion1_src_addr               
00000000  __TI_ATRegion1_trg_addr               
00000000  __TI_ATRegion2_region_sz              
00000000  __TI_ATRegion2_src_addr               
00000000  __TI_ATRegion2_trg_addr               
00005d74  __TI_CINIT_Base                       
00005d84  __TI_CINIT_Limit                      
00005d84  __TI_CINIT_Warm                       
00005d58  __TI_Handler_Table_Base               
00005d64  __TI_Handler_Table_Limit              
00004fcd  __TI_auto_init_nobinit_nopinit        
0000456d  __TI_decompress_lzss                  
000055f5  __TI_decompress_none                  
ffffffff  __TI_pprof_out_hndl                   
ffffffff  __TI_prof_data_size                   
ffffffff  __TI_prof_data_start                  
00000000  __TI_static_base__                    
0000553d  __TI_zero_init_nomemset               
000032af  __addsf3                              
000050f1  __aeabi_f2iz                          
000032af  __aeabi_fadd                          
000049c5  __aeabi_fcmpeq                        
00004a01  __aeabi_fcmpge                        
00004a15  __aeabi_fcmpgt                        
000049ed  __aeabi_fcmple                        
000049d9  __aeabi_fcmplt                        
00004375  __aeabi_fdiv                          
000041dd  __aeabi_fmul                          
000032a5  __aeabi_fsub                          
00004f55  __aeabi_i2f                           
00004bf1  __aeabi_idiv                          
00003d3b  __aeabi_idiv0                         
00004bf1  __aeabi_idivmod                       
000043f7  __aeabi_ldiv0                         
000055e1  __aeabi_ldivmod                       
00005421  __aeabi_llsl                          
00005779  __aeabi_memcpy                        
00005779  __aeabi_memcpy4                       
00005779  __aeabi_memcpy8                       
00004e99  __aeabi_uidiv                         
00004e99  __aeabi_uidivmod                      
00005421  __ashldi3                             
ffffffff  __binit__                             
00005009  __cmpsf2                              
00004ed9  __divmoddi4                           
00004375  __divsf3                              
00005009  __eqsf2                               
000050f1  __fixsfsi                             
00004f55  __floatsisf                           
00004f91  __gesf2                               
00004f91  __gtsf2                               
00005009  __lesf2                               
00005009  __ltsf2                               
UNDEFED   __mpu_init                            
00005045  __muldsi3                             
000041dd  __mulsf3                              
00005009  __nesf2                               
20207e00  __stack                               
20200000  __start___llvm_prf_bits               
20200000  __start___llvm_prf_cnts               
20200000  __stop___llvm_prf_bits                
20200000  __stop___llvm_prf_cnts                
000032a5  __subsf3                              
00003a25  __udivmoddi4                          
000052f5  _c_int00_noargs                       
UNDEFED   _system_post_cinit                    
00005793  _system_pre_init                      
00005781  abort                                 
ffffffff  binit                                 
20200000  g_appConfig                           
2020005c  g_appRuntime                          
202001a7  g_carStateDebug                       
20200108  g_headingRuntime                      
20200094  g_imuRuntime                          
202001a8  g_keyEvent                            
202001a9  g_oledPageDebug                       
202001aa  g_paramItemDebug                      
202001ab  g_trackBlackCount                     
2020018c  g_trackError                          
202001ac  g_trackModeDebug                      
202001ad  g_trackRaw                            
202001ae  g_trackTurnDebug                      
00000000  interruptVectors                      
00003c05  main                                  
00003ca1  memcpy                                


GLOBAL SYMBOLS: SORTED BY Symbol Address 

address   name                                  
-------   ----                                  
00000000  __TI_ATRegion0_region_sz              
00000000  __TI_ATRegion0_src_addr               
00000000  __TI_ATRegion0_trg_addr               
00000000  __TI_ATRegion1_region_sz              
00000000  __TI_ATRegion1_src_addr               
00000000  __TI_ATRegion1_trg_addr               
00000000  __TI_ATRegion2_region_sz              
00000000  __TI_ATRegion2_src_addr               
00000000  __TI_ATRegion2_trg_addr               
00000000  __TI_static_base__                    
00000000  interruptVectors                      
000000c1  CarController_Update_20ms             
00000200  __STACK_SIZE                          
000007b5  OledUi_Update_20ms                    
00001181  Imu_Init                              
00001459  AppConfig_LimitAll                    
000016e1  ObstacleAvoidance_Update_20ms         
00001959  Menu_HandleKeyEvent                   
00001bb5  OLED_Clear                            
00001e09  Imu_CalibrateGyroBias                 
0000201d  MotionAction_Update_20ms              
000025a9  Ultrasonic_Tick100us                  
00002749  Key_Update_20ms                       
000028bd  HeadingControl_Update                 
00002a1d  MotionAction_Start                    
00002b5d  OLED_PrintInt16                       
00002c99  Imu_Update                            
00002ef9  MissionManager_Update_20ms            
00002ff1  MissionManager_SelectNext             
000031cd  MissionManager_SelectPrevious         
000032a5  __aeabi_fsub                          
000032a5  __subsf3                              
000032af  __addsf3                              
000032af  __aeabi_fadd                          
0000337d  OLED_Init                             
00003451  OLED_PrintChar                        
00003521  App_Update_20ms                       
000035e5  ObstacleSafety_Update_20ms            
000036a1  AppConfig_InitDefault                 
00003759  GimbalStepperTest_MoveRelativeDeg     
00003811  SYSCFG_DL_GPIO_init                   
000038c9  Motor_SetSpeed                        
00003979  MissionLibrary_Validate               
00003a23  ADC0_IRQHandler                       
00003a23  ADC1_IRQHandler                       
00003a23  AES_IRQHandler                        
00003a23  CANFD0_IRQHandler                     
00003a23  DAC0_IRQHandler                       
00003a23  DMA_IRQHandler                        
00003a23  Default_Handler                       
00003a23  GROUP0_IRQHandler                     
00003a23  HardFault_Handler                     
00003a23  I2C0_IRQHandler                       
00003a23  I2C1_IRQHandler                       
00003a23  NMI_Handler                           
00003a23  PendSV_Handler                        
00003a23  RTC_IRQHandler                        
00003a23  SPI0_IRQHandler                       
00003a23  SPI1_IRQHandler                       
00003a23  SVC_Handler                           
00003a23  TIMA0_IRQHandler                      
00003a23  TIMA1_IRQHandler                      
00003a23  TIMG0_IRQHandler                      
00003a23  TIMG12_IRQHandler                     
00003a23  TIMG6_IRQHandler                      
00003a23  TIMG7_IRQHandler                      
00003a23  TIMG8_IRQHandler                      
00003a23  UART0_IRQHandler                      
00003a23  UART1_IRQHandler                      
00003a23  UART2_IRQHandler                      
00003a23  UART3_IRQHandler                      
00003a25  __udivmoddi4                          
00003ac7  TrackSensor_Init                      
00003ac9  Gimbal_Init                           
00003b69  ObstacleMonitor_Update_20ms           
00003c05  main                                  
00003ca1  memcpy                                
00003d3b  __aeabi_idiv0                         
00003d3d  CarController_StartSeekLine           
00003e6d  CarController_StartDriveHeading       
00003f01  Gimbal_MoveRelativeDeg                
00003f95  Gimbal_Release                        
00004029  Gimbal_StopHold                       
000040bd  GimbalStepperTest_Tick100us           
0000414d  Gimbal_GetFeedback                    
000041dd  __aeabi_fmul                          
000041dd  __mulsf3                              
00004269  CarController_StartTurnToYawRelative  
000042f1  GimbalStepperTest_Init                
00004375  __aeabi_fdiv                          
00004375  __divsf3                              
000043f7  __aeabi_ldiv0                         
000043f9  CarController_Init                    
00004475  CarController_ResetRuntime            
000044f1  CarController_StartFollowLine         
0000456d  __TI_decompress_lzss                  
00004661  CarController_StartTurnRight90        
000046d5  CarController_StartTurnLeft90         
00004745  SysTick_Handler                       
000047b5  TrackSensor_DetectTurn                
00004825  Encoder_HandleGpioInterrupt           
00004891  MissionManager_GetSelectedMissionIndex
000048f9  TrackSensor_GetErrorFromRaw           
00004961  Menu_GetParamValue                    
000049c5  __aeabi_fcmpeq                        
000049d9  __aeabi_fcmplt                        
000049ed  __aeabi_fcmple                        
00004a01  __aeabi_fcmpge                        
00004a15  __aeabi_fcmpgt                        
00004a27  App_Init                              
00004a85  OLED_PrintBinary7                     
00004ae5  Ultrasonic_Update_20ms                
00004b41  GimbalStepperTest_Release             
00004b99  GimbalStepperTest_StopHold            
00004bf1  __aeabi_idiv                          
00004bf1  __aeabi_idivmod                       
00004c49  TrackSensor_ReadRaw                   
00004c9d  CarController_SetSafetyHold           
00004ced  Motor_PwmTick100us                    
00004d3d  Ultrasonic_Init                       
00004d8d  MissionManager_Init                   
00004dd5  Servo_Tick100us                       
00004e19  MissionManager_Start                  
00004e59  SYSCFG_DL_SYSCTL_init                 
00004e99  __aeabi_uidiv                         
00004e99  __aeabi_uidivmod                      
00004ed9  __divmoddi4                           
00004f19  Servo_SetAngleDeg                     
00004f55  __aeabi_i2f                           
00004f55  __floatsisf                           
00004f91  __gesf2                               
00004f91  __gtsf2                               
00004fcd  __TI_auto_init_nobinit_nopinit        
00005009  __cmpsf2                              
00005009  __eqsf2                               
00005009  __lesf2                               
00005009  __ltsf2                               
00005009  __nesf2                               
00005045  __muldsi3                             
00005081  MotionAction_ReapplyControllerTarget  
000050b9  Motor_Init                            
000050f1  __aeabi_f2iz                          
000050f1  __fixsfsi                             
00005129  OLED_SetCursor                        
0000515d  OLED_PrintString                      
00005191  Key_Init                              
000051c1  MissionManager_Cancel                 
000051f1  MissionManager_Reset                  
00005221  Motor_Stop                            
0000524d  SYSCFG_DL_initPower                   
00005279  TrackSensor_CountBlack                
000052a5  Servo_Init                            
000052f5  _c_int00_noargs                       
0000531d  Encoder_Reset                         
00005341  CarController_Stop                    
00005361  MissionManager_Pause                  
00005381  MissionManager_Resume                 
000053a1  MotionAction_GetCurrentBypassDirection
000053c1  MotionAction_GetCurrentObstaclePolicy 
000053e1  ObstacleAvoidance_Init                
00005421  __aeabi_llsl                          
00005421  __ashldi3                             
00005441  Imu_IsReady                           
0000545d  ObstacleMonitor_Init                  
00005479  ObstacleSafety_Init                   
00005495  CarController_RunModeToString         
000054ad  HeadingControl_LockCurrentYaw         
000054c5  HeadingControl_SetTargetYaw           
000054dd  Menu_ParamItemToString                
000054f5  MissionLibrary_FindById               
0000550d  MotionAction_Cancel                   
00005525  MotionAction_Init                     
0000553d  __TI_zero_init_nomemset               
00005555  GROUP1_IRQHandler                     
00005569  HeadingControl_Enable                 
0000557d  HeadingControl_Init                   
00005591  HeadingControl_Reset                  
000055a5  Menu_Init                             
000055b9  MissionLibrary_GetByIndex             
000055cd  MissionManager_GetSelectedMissionId   
000055e1  __aeabi_ldivmod                       
000055f5  __TI_decompress_none                  
00005609  Gimbal_Update5ms                      
00005619  Key_GetEvent                          
00005629  ObstacleAvoidance_IsResumeGraceActive 
00005639  SYSCFG_DL_init                        
00005649  CarController_GetRunMode              
00005655  CarState_Get                          
00005661  CarState_Init                         
0000566d  CarState_Set                          
00005679  Imu_GetCorrectedGyroZDps              
00005685  Imu_GetYaw                            
00005691  Imu_ResetYaw                          
0000569d  Menu_GetPage                          
000056a9  Menu_GetParamItem                     
000056b5  MissionManager_SetExternalHold        
000056c1  ObstacleAvoidance_IsActive            
000056cd  ObstacleAvoidance_IsFailed            
000056d9  ObstacleSafety_IsHolding              
000056e5  OledUi_Init                           
000056f1  DL_Common_delayCycles                 
000056fb  TrackSensor_IsCenterDetected          
00005705  TrackSensor_IsLineDetected            
0000570f  TrackSensor_IsLineLost                
00005719  CarController_GetFeedback             
00005721  GimbalStepperTest_GetFeedback         
00005729  Gimbal_Tick100us                      
00005731  HeadingControl_GetRuntime             
00005739  Imu_GetRuntime                        
00005741  MissionManager_GetMissionCount        
00005749  MissionManager_GetRuntime             
00005751  MotionAction_GetRuntime               
00005759  ObstacleAvoidance_GetFeedback         
00005761  ObstacleMonitor_GetFeedback           
00005769  Servo_GetFeedback                     
00005771  Ultrasonic_GetFeedback                
00005779  __aeabi_memcpy                        
00005779  __aeabi_memcpy4                       
00005779  __aeabi_memcpy8                       
00005781  abort                                 
00005786  C$$EXIT                               
00005787  HOSTexit                              
0000578b  MissionLibrary_GetCount               
0000578f  Reset_Handler                         
00005793  _system_pre_init                      
00005d58  __TI_Handler_Table_Base               
00005d64  __TI_Handler_Table_Limit              
00005d74  __TI_CINIT_Base                       
00005d84  __TI_CINIT_Limit                      
00005d84  __TI_CINIT_Warm                       
20200000  __start___llvm_prf_bits               
20200000  __start___llvm_prf_cnts               
20200000  __stop___llvm_prf_bits                
20200000  __stop___llvm_prf_cnts                
20200000  g_appConfig                           
2020005c  g_appRuntime                          
20200094  g_imuRuntime                          
20200108  g_headingRuntime                      
2020018c  g_trackError                          
202001a7  g_carStateDebug                       
202001a8  g_keyEvent                            
202001a9  g_oledPageDebug                       
202001aa  g_paramItemDebug                      
202001ab  g_trackBlackCount                     
202001ac  g_trackModeDebug                      
202001ad  g_trackRaw                            
202001ae  g_trackTurnDebug                      
20207e00  __stack                               
20208000  __STACK_END                           
ffffffff  __TI_pprof_out_hndl                   
ffffffff  __TI_prof_data_size                   
ffffffff  __TI_prof_data_start                  
ffffffff  __binit__                             
ffffffff  binit                                 
UNDEFED   __mpu_init                            
UNDEFED   _system_post_cinit                    

[256 symbols]
