******************************************************************************
            TI ARM Clang Linker PC v4.0.4                      
******************************************************************************
>> Linked Mon Jul 13 02:01:13 2026

OUTPUT FILE NAME:   <diansaikaishi.out>
ENTRY POINT SYMBOL: "_c_int00_noargs"  address: 00003e7d


MEMORY CONFIGURATION

         name            origin    length      used     unused   attr    fill
----------------------  --------  ---------  --------  --------  ----  --------
  FLASH                 00000000   00020000  00004a08  0001b5f8  R  X
  SRAM                  20200000   00008000  0000032e  00007cd2  RW X
  BCR_CONFIG            41c00000   000000ff  00000000  000000ff  R   
  BSL_CONFIG            41c00100   00000080  00000000  00000080  R   


SEGMENT ALLOCATION MAP

run origin  load origin   length   init length attrs members
----------  ----------- ---------- ----------- ----- -------
00000000    00000000    00004a08   00004a08    r-x
  00000000    00000000    000000c0   000000c0    r-- .intvecs
  000000c0    000000c0    00004148   00004148    r-x .text
  00004208    00004208    000007d0   000007d0    r-- .rodata
  000049d8    000049d8    00000030   00000030    r-- .cinit
20200000    20200000    0000012e   00000000    rw-
  20200000    20200000    0000012d   00000000    rw- .bss
  2020012d    2020012d    00000001   00000000    rw- .data
20207e00    20207e00    00000200   00000000    rw-
  20207e00    20207e00    00000200   00000000    rw- .stack


SECTION ALLOCATION MAP

 output                                  attributes/
section   page    origin      length       input sections
--------  ----  ----------  ----------   ----------------
.intvecs   0    00000000    000000c0     
                  00000000    000000c0     startup_mspm0g350x_ticlang.o (.intvecs)

.text      0    000000c0    00004148     
                  000000c0    00000528     oled_ui.o (.text.OledUi_Update_20ms)
                  000005e8    00000454     car_controller.o (.text.CarController_Update_20ms)
                  00000a3c    000002f0     imu.o (.text.mpu6050_read_regs)
                  00000d2c    000002d8     imu.o (.text.Imu_Init)
                  00001004    00000254     oled.o (.text.OLED_Clear)
                  00001258    00000214     imu.o (.text.Imu_CalibrateGyroBias)
                  0000146c    00000208     app_config.o (.text.AppConfig_LimitAll)
                  00001674    000001cc     imu.o (.text.imu_i2c_write_byte)
                  00001840    000001b8     oled.o (.text.oled_i2c_write_byte)
                  000019f8    00000190     menu.o (.text.Menu_HandleKeyEvent)
                  00001b88    00000174     key.o (.text.Key_Update_20ms)
                  00001cfc    00000160     heading_control.o (.text.HeadingControl_Update)
                  00001e5c    0000013c     oled.o (.text.OLED_PrintInt16)
                  00001f98    00000134     imu.o (.text.Imu_Update)
                  000020cc    0000012c     imu.o (.text.imu_i2c_recover_bus)
                  000021f8    00000124     ultrasonic.o (.text.Ultrasonic_Tick100us)
                  0000231c    0000011c     motion_action.o (.text.MotionAction_Update_20ms)
                  00002438    000000f4     mission_manager.o (.text.MissionManager_Update_20ms)
                  0000252c    000000f0     mission_manager.o (.text.MissionManager_SelectNext)
                  0000261c    000000e8     motion_action.o (.text.MotionAction_Start)
                  00002704    000000d8     libclang_rt.builtins.a : addsf3.S.obj (.text)
                  000027dc    000000d4     mission_manager.o (.text.MissionManager_SelectPrevious)
                  000028b0    000000d4     oled.o (.text.OLED_Init)
                  00002984    000000d0     oled.o (.text.OLED_PrintChar)
                  00002a54    000000cc     car_controller.o (.text.handle_turn_90)
                  00002b20    000000b0     motor.o (.text.Motor_SetSpeed)
                  00002bd0    000000b0     ti_msp_dl_config.o (.text.SYSCFG_DL_GPIO_init)
                  00002c80    000000ac     app.o (.text.App_Update_20ms)
                  00002d2c    000000a2     libclang_rt.builtins.a : udivmoddi4.S.obj (.text)
                  00002dce    0000009a     libc.a : memcpy16.S.obj (.text:memcpy)
                  00002e68    00000098     app_config.o (.text.AppConfig_InitDefault)
                  00002f00    00000098     imu.o (.text.mpu6050_write_reg)
                  00002f98    0000008c     libclang_rt.builtins.a : mulsf3.S.obj (.text.__mulsf3)
                  00003024    00000088     car_controller.o (.text.CarController_StartSeekLine)
                  000030ac    00000082     libclang_rt.builtins.a : divsf3.S.obj (.text.__divsf3)
                  0000312e    00000080     mission_library.o (.text.MissionLibrary_Validate)
                  000031ae    00000002     startup_mspm0g350x_ticlang.o (.text.Default_Handler)
                  000031b0    0000007c     libc.a : copy_decompress_lzss.c.obj (.text:decompress:lzss)
                  0000322c    00000078     car_controller.o (.text.CarController_StartFollowLine)
                  000032a4    00000078     oled.o (.text.oled_write_command)
                  0000331c    0000006e     track_sensor.o (.text.TrackSensor_DetectTurn)
                  0000338a    00000002     track_sensor.o (.text.TrackSensor_Init)
                  0000338c    0000006c     car_controller.o (.text.CarController_Init)
                  000033f8    0000006c     car_controller.o (.text.CarController_ResetRuntime)
                  00003464    0000006c     car_controller.o (.text.CarController_StartTurnLeft90)
                  000034d0    0000006c     car_controller.o (.text.CarController_StartTurnRight90)
                  0000353c    0000006c     encoder.o (.text.Encoder_HandleGpioInterrupt)
                  000035a8    0000006c     empty.o (.text.main)
                  00003614    00000068     mission_manager.o (.text.MissionManager_GetSelectedMissionIndex)
                  0000367c    00000066     track_sensor.o (.text.TrackSensor_GetErrorFromRaw)
                  000036e2    00000002     libclang_rt.builtins.a : aeabi_div0.c.obj (.text.__aeabi_idiv0)
                  000036e4    00000062                            : aeabi_fcmp.S.obj (.text.__aeabi_fcmp)
                  00003746    0000005e     oled.o (.text.OLED_PrintBinary7)
                  000037a4    0000005c     menu.o (.text.Menu_GetParamValue)
                  00003800    0000005c     ultrasonic.o (.text.Ultrasonic_Update_20ms)
                  0000385c    00000056     libclang_rt.builtins.a : aeabi_idivmod.S.obj (.text.__aeabi_idivmod)
                  000038b2    00000002                            : aeabi_div0.c.obj (.text.__aeabi_ldiv0)
                  000038b4    00000054     track_sensor.o (.text.TrackSensor_ReadRaw)
                  00003908    00000050     motor.o (.text.Motor_PwmTick100us)
                  00003958    0000004a     app.o (.text.App_Init)
                  000039a2    00000002     --HOLE-- [fill = 0]
                  000039a4    00000048     mission_manager.o (.text.MissionManager_Init)
                  000039ec    00000040     ti_msp_dl_config.o (.text.SYSCFG_DL_SYSCTL_init)
                  00003a2c    00000040     empty.o (.text.SysTick_Handler)
                  00003a6c    00000040     ultrasonic.o (.text.Ultrasonic_Init)
                  00003aac    00000040     libclang_rt.builtins.a : aeabi_uidivmod.S.obj (.text.__aeabi_uidivmod)
                  00003aec    0000003e                            : divmoddi4.c.obj (.text.__divmoddi4)
                  00003b2a    00000002     --HOLE-- [fill = 0]
                  00003b2c    0000003c     mission_manager.o (.text.MissionManager_Start)
                  00003b68    0000003c     libclang_rt.builtins.a : floatsisf.S.obj (.text.__floatsisf)
                  00003ba4    0000003c                            : comparesf2.S.obj (.text.__gtsf2)
                  00003be0    0000003c     libc.a : autoinit.c.obj (.text:__TI_auto_init_nobinit_nopinit)
                  00003c1c    0000003a     libclang_rt.builtins.a : comparesf2.S.obj (.text.__eqsf2)
                  00003c56    00000002     --HOLE-- [fill = 0]
                  00003c58    0000003a                            : muldsi3.S.obj (.text.__muldsi3)
                  00003c92    00000002     --HOLE-- [fill = 0]
                  00003c94    00000038     motor.o (.text.Motor_Init)
                  00003ccc    00000038     libclang_rt.builtins.a : fixsfsi.S.obj (.text.__fixsfsi)
                  00003d04    00000034     oled.o (.text.OLED_SetCursor)
                  00003d38    00000032     oled.o (.text.OLED_PrintString)
                  00003d6a    00000002     --HOLE-- [fill = 0]
                  00003d6c    00000030     key.o (.text.Key_Init)
                  00003d9c    00000030     mission_manager.o (.text.MissionManager_Reset)
                  00003dcc    0000002c     mission_manager.o (.text.MissionManager_Cancel)
                  00003df8    0000002c     motor.o (.text.Motor_Stop)
                  00003e24    0000002c     ti_msp_dl_config.o (.text.SYSCFG_DL_initPower)
                  00003e50    0000002c     track_sensor.o (.text.TrackSensor_CountBlack)
                  00003e7c    00000028     libc.a : boot_cortex_m.c.obj (.text:_c_int00_noargs)
                  00003ea4    00000024     encoder.o (.text.Encoder_Reset)
                  00003ec8    00000020     car_controller.o (.text.CarController_Stop)
                  00003ee8    00000020     mission_manager.o (.text.MissionManager_Pause)
                  00003f08    00000020     mission_manager.o (.text.MissionManager_Resume)
                  00003f28    00000020     mission_manager.o (.text.mission_finish_error)
                  00003f48    0000001e     libclang_rt.builtins.a : ashldi3.S.obj (.text.__ashldi3)
                  00003f66    00000002     --HOLE-- [fill = 0]
                  00003f68    0000001c     imu.o (.text.Imu_IsReady)
                  00003f84    00000018     car_controller.o (.text.CarController_RunModeToString)
                  00003f9c    00000018     heading_control.o (.text.HeadingControl_LockCurrentYaw)
                  00003fb4    00000018     heading_control.o (.text.HeadingControl_SetTargetYaw)
                  00003fcc    00000018     menu.o (.text.Menu_ParamItemToString)
                  00003fe4    00000018     motion_action.o (.text.MotionAction_Cancel)
                  00003ffc    00000016     libc.a : copy_zero_init.c.obj (.text:decompress:ZI:__TI_zero_init_nomemset)
                  00004012    00000002     --HOLE-- [fill = 0]
                  00004014    00000014     empty.o (.text.GROUP1_IRQHandler)
                  00004028    00000014     heading_control.o (.text.HeadingControl_Enable)
                  0000403c    00000014     heading_control.o (.text.HeadingControl_Init)
                  00004050    00000014     heading_control.o (.text.HeadingControl_Reset)
                  00004064    00000014     menu.o (.text.Menu_Init)
                  00004078    00000014     mission_library.o (.text.MissionLibrary_FindById)
                  0000408c    00000014     mission_library.o (.text.MissionLibrary_GetByIndex)
                  000040a0    00000014     mission_manager.o (.text.MissionManager_GetSelectedMissionId)
                  000040b4    00000014     motion_action.o (.text.MotionAction_Init)
                  000040c8    00000014     libclang_rt.builtins.a : aeabi_ldivmod.S.obj (.text.__aeabi_ldivmod)
                  000040dc    00000012     libc.a : copy_decompress_none.c.obj (.text:decompress:none)
                  000040ee    00000002     --HOLE-- [fill = 0]
                  000040f0    00000010     key.o (.text.Key_GetEvent)
                  00004100    00000010     ti_msp_dl_config.o (.text.SYSCFG_DL_init)
                  00004110    0000000c     car_controller.o (.text.CarController_GetRunMode)
                  0000411c    0000000c     car_state.o (.text.CarState_Get)
                  00004128    0000000c     car_state.o (.text.CarState_Init)
                  00004134    0000000c     car_state.o (.text.CarState_Set)
                  00004140    0000000c     imu.o (.text.Imu_GetCorrectedGyroZDps)
                  0000414c    0000000c     imu.o (.text.Imu_GetYaw)
                  00004158    0000000c     imu.o (.text.Imu_ResetYaw)
                  00004164    0000000c     menu.o (.text.Menu_GetPage)
                  00004170    0000000c     menu.o (.text.Menu_GetParamItem)
                  0000417c    0000000c     oled_ui.o (.text.OledUi_Init)
                  00004188    0000000a     driverlib.a : dl_common.o (.text.DL_Common_delayCycles)
                  00004192    0000000a     track_sensor.o (.text.TrackSensor_IsCenterDetected)
                  0000419c    0000000a     track_sensor.o (.text.TrackSensor_IsLineDetected)
                  000041a6    0000000a     track_sensor.o (.text.TrackSensor_IsLineLost)
                  000041b0    00000008     car_controller.o (.text.CarController_GetFeedback)
                  000041b8    00000008     heading_control.o (.text.HeadingControl_GetRuntime)
                  000041c0    00000008     imu.o (.text.Imu_GetRuntime)
                  000041c8    00000008     mission_manager.o (.text.MissionManager_GetMissionCount)
                  000041d0    00000008     mission_manager.o (.text.MissionManager_GetRuntime)
                  000041d8    00000008     motion_action.o (.text.MotionAction_GetRuntime)
                  000041e0    00000008     ultrasonic.o (.text.Ultrasonic_GetFeedback)
                  000041e8    00000008     libclang_rt.builtins.a : aeabi_memcpy.S.obj (.text.__aeabi_memcpy)
                  000041f0    00000006     libc.a : exit.c.obj (.text:abort)
                  000041f6    00000004     libsysbm.a : hostexit.c.obj (.text.HOSTexit)
                  000041fa    00000004     mission_library.o (.text.MissionLibrary_GetCount)
                  000041fe    00000004     startup_mspm0g350x_ticlang.o (.text.Reset_Handler)
                  00004202    00000004     libc.a : pre_init.c.obj (.text._system_pre_init)
                  00004206    00000002     --HOLE-- [fill = 0]

.cinit     0    000049d8    00000030     
                  000049d8    0000000c     (__TI_handler_table)
                  000049e4    00000008     (.cinit..bss.load) [load image, compression = zero_init]
                  000049ec    00000005     (.cinit..data.load) [load image, compression = lzss]
                  000049f1    00000003     --HOLE-- [fill = 0]
                  000049f4    00000010     (__TI_cinit_table)
                  00004a04    00000004     --HOLE-- [fill = 0]

.rodata    0    00004208    000007d0     
                  00004208    000000d8     oled.o (.rodata..Lswitch.table.OLED_PrintChar)
                  000042e0    000000a8     mission_library.o (.rodata.g_missionMapA)
                  00004388    000000a8     mission_library.o (.rodata.g_missionMapB)
                  00004430    00000090     mission_library.o (.rodata.g_missionRegistry)
                  000044c0    00000078     mission_library.o (.rodata.g_missionMapC)
                  00004538    00000078     mission_library.o (.rodata.g_missionTestRight90Turn)
                  000045b0    00000078     mission_library.o (.rodata.g_missionTestSeekFollow)
                  00004628    00000048     mission_library.o (.rodata.g_missionLegacy)
                  00004670    00000048     mission_library.o (.rodata.g_missionTestRight90Stop)
                  000046b8    00000048     mission_library.o (.rodata.g_missionTestSeekThenFollow)
                  00004700    00000034     mission_library.o (.rodata..Lswitch.table.MissionLibrary_FindById)
                  00004734    00000030     mission_library.o (.rodata.g_missionTestSeekThenStop)
                  00004764    0000001c     menu.o (.rodata..Lswitch.table.Menu_ParamItemToString)
                  00004780    00000018     oled_ui.o (.rodata..Lswitch.table.OledUi_Update_20ms.46)
                  00004798    00000018     oled_ui.o (.rodata..Lswitch.table.OledUi_Update_20ms)
                  000047b0    00000014     car_controller.o (.rodata..Lswitch.table.CarController_RunModeToString)
                  000047c4    0000000b     mission_library.o (.rodata.str1.1440970855772709381.1)
                  000047cf    0000000a     mission_library.o (.rodata.str1.11682660667400632204.1)
                  000047d9    0000000a     mission_library.o (.rodata.str1.15604890807705439409.1)
                  000047e3    00000009     mission_library.o (.rodata.str1.15668266851434757964.1)
                  000047ec    00000009     oled_ui.o (.rodata.str1.18266126048138325213.1)
                  000047f5    00000008     mission_library.o (.rodata.str1.13636476544574750902.1)
                  000047fd    00000007     mission_library.o (.rodata.str1.199678142196697465.1)
                  00004804    00000007     oled_ui.o (.rodata.str1.9544068167406571052.1)
                  0000480b    00000006     oled_ui.o (.rodata.str1.1445687256832830955.1)
                  00004811    00000006     oled_ui.o (.rodata.str1.15008238333949226094.1)
                  00004817    00000006     oled_ui.o (.rodata.str1.15817398807211891688.1)
                  0000481d    00000006     oled_ui.o (.rodata.str1.16411631209783952401.1)
                  00004823    00000006     mission_library.o (.rodata.str1.1642528554392422750.1)
                  00004829    00000006     oled_ui.o (.rodata.str1.17540787658903907660.1)
                  0000482f    00000006     oled_ui.o (.rodata.str1.18379317056176403938.1)
                  00004835    00000006     mission_library.o (.rodata.str1.4251661066630729623.1)
                  0000483b    00000006     mission_library.o (.rodata.str1.4392264057376583881.1)
                  00004841    00000006     oled_ui.o (.rodata.str1.5965450730569173784.1)
                  00004847    00000005     oled.o (.rodata.oled_get_glyph.colon)
                  0000484c    00000005     oled.o (.rodata.oled_get_glyph.eight)
                  00004851    00000005     oled.o (.rodata.oled_get_glyph.five)
                  00004856    00000005     oled.o (.rodata.oled_get_glyph.four)
                  0000485b    00000005     oled.o (.rodata.oled_get_glyph.glyphA)
                  00004860    00000005     oled.o (.rodata.oled_get_glyph.glyphB)
                  00004865    00000005     oled.o (.rodata.oled_get_glyph.glyphC)
                  0000486a    00000005     oled.o (.rodata.oled_get_glyph.glyphD)
                  0000486f    00000005     oled.o (.rodata.oled_get_glyph.glyphE)
                  00004874    00000005     oled.o (.rodata.oled_get_glyph.glyphG)
                  00004879    00000005     oled.o (.rodata.oled_get_glyph.glyphH)
                  0000487e    00000005     oled.o (.rodata.oled_get_glyph.glyphI)
                  00004883    00000005     oled.o (.rodata.oled_get_glyph.glyphK)
                  00004888    00000005     oled.o (.rodata.oled_get_glyph.glyphL)
                  0000488d    00000005     oled.o (.rodata.oled_get_glyph.glyphM)
                  00004892    00000005     oled.o (.rodata.oled_get_glyph.glyphN)
                  00004897    00000005     oled.o (.rodata.oled_get_glyph.glyphO)
                  0000489c    00000005     oled.o (.rodata.oled_get_glyph.glyphP)
                  000048a1    00000005     oled.o (.rodata.oled_get_glyph.glyphR)
                  000048a6    00000005     oled.o (.rodata.oled_get_glyph.glyphS)
                  000048ab    00000005     oled.o (.rodata.oled_get_glyph.glyphT)
                  000048b0    00000005     oled.o (.rodata.oled_get_glyph.glyphU)
                  000048b5    00000005     oled.o (.rodata.oled_get_glyph.glyphV)
                  000048ba    00000005     oled.o (.rodata.oled_get_glyph.glyphW)
                  000048bf    00000005     oled.o (.rodata.oled_get_glyph.glyphX)
                  000048c4    00000005     oled.o (.rodata.oled_get_glyph.glyphY)
                  000048c9    00000005     oled.o (.rodata.oled_get_glyph.glyphb)
                  000048ce    00000005     oled.o (.rodata.oled_get_glyph.gt)
                  000048d3    00000005     oled.o (.rodata.oled_get_glyph.minus)
                  000048d8    00000005     oled.o (.rodata.oled_get_glyph.nine)
                  000048dd    00000005     oled.o (.rodata.oled_get_glyph.one)
                  000048e2    00000005     oled.o (.rodata.oled_get_glyph.seven)
                  000048e7    00000005     oled.o (.rodata.oled_get_glyph.six)
                  000048ec    00000005     oled.o (.rodata.oled_get_glyph.space)
                  000048f1    00000005     oled.o (.rodata.oled_get_glyph.three)
                  000048f6    00000005     oled.o (.rodata.oled_get_glyph.two)
                  000048fb    00000005     oled.o (.rodata.oled_get_glyph.zero)
                  00004900    00000005     oled_ui.o (.rodata.str1.1108652269057166745.1)
                  00004905    00000005     oled_ui.o (.rodata.str1.13567883086814673087.1)
                  0000490a    00000005     oled_ui.o (.rodata.str1.13790669171379415506.1)
                  0000490f    00000005     oled_ui.o (.rodata.str1.13882251010780863896.1)
                  00004914    00000005     oled_ui.o (.rodata.str1.14134189893851348960.1)
                  00004919    00000005     oled_ui.o (.rodata.str1.14358698208395374265.1)
                  0000491e    00000005     oled_ui.o (.rodata.str1.15577080202403550426.1)
                  00004923    00000005     oled_ui.o (.rodata.str1.15917848551323629232.1)
                  00004928    00000005     oled_ui.o (.rodata.str1.17274519358952562110.1)
                  0000492d    00000005     car_controller.o (.rodata.str1.18191498530309206443.1)
                  00004932    00000005     oled_ui.o (.rodata.str1.270145429241168923.1)
                  00004937    00000005     car_controller.o (.rodata.str1.4164979912472006574.1)
                  0000493c    00000005     oled_ui.o (.rodata.str1.4402311448527872260.1)
                  00004941    00000005     oled_ui.o (.rodata.str1.4581472623415959594.1)
                  00004946    00000005     menu.o (.rodata.str1.4862307748908978627.1)
                  0000494b    00000005     oled_ui.o (.rodata.str1.7219546930854689545.1)
                  00004950    00000005     oled_ui.o (.rodata.str1.8236579331345056500.1)
                  00004955    00000005     oled_ui.o (.rodata.str1.8426569189266129334.1)
                  0000495a    00000005     oled_ui.o (.rodata.str1.8783421139296713095.1)
                  0000495f    00000005     car_controller.o (.rodata.str1.9981487771679760427.1)
                  00004964    00000004     oled_ui.o (.rodata.str1.1019225241002246410.1)
                  00004968    00000004     oled_ui.o (.rodata.str1.10416366799939242409.1)
                  0000496c    00000004     menu.o (.rodata.str1.12110183915172842339.1)
                  00004970    00000004     car_controller.o (.rodata.str1.12442237994239546032.1)
                  00004974    00000004     oled_ui.o (.rodata.str1.130772507669342127.1)
                  00004978    00000004     menu.o (.rodata.str1.13124720451672825294.1)
                  0000497c    00000004     menu.o (.rodata.str1.14098755746347272832.1)
                  00004980    00000004     oled_ui.o (.rodata.str1.15859922799842739878.1)
                  00004984    00000004     menu.o (.rodata.str1.16312125044762562515.1)
                  00004988    00000004     oled_ui.o (.rodata.str1.16526439943277383452.1)
                  0000498c    00000004     oled_ui.o (.rodata.str1.16849766574302683489.1)
                  00004990    00000004     menu.o (.rodata.str1.17041139162815566052.1)
                  00004994    00000004     car_controller.o (.rodata.str1.17172356789460551389.1)
                  00004998    00000004     oled_ui.o (.rodata.str1.17884296644359297425.1)
                  0000499c    00000004     oled_ui.o (.rodata.str1.2308938766145545715.1)
                  000049a0    00000004     oled_ui.o (.rodata.str1.3025253791635144717.1)
                  000049a4    00000004     oled_ui.o (.rodata.str1.3407221357956504873.1)
                  000049a8    00000004     oled_ui.o (.rodata.str1.3455423528827705371.1)
                  000049ac    00000004     oled_ui.o (.rodata.str1.3702290527496711532.1)
                  000049b0    00000004     oled_ui.o (.rodata.str1.5853739094453432564.1)
                  000049b4    00000004     oled_ui.o (.rodata.str1.9159586779647977165.1)
                  000049b8    00000004     car_controller.o (.rodata.str1.9234375891235759983.1)
                  000049bc    00000004     oled_ui.o (.rodata.str1.967006512144173535.1)
                  000049c0    00000003     oled_ui.o (.rodata.str1.11232419324784801130.1)
                  000049c3    00000003     oled_ui.o (.rodata.str1.13244290092665904221.1)
                  000049c6    00000003     oled_ui.o (.rodata.str1.14556837007311414654.1)
                  000049c9    00000003     oled_ui.o (.rodata.str1.16931641404301806744.1)
                  000049cc    00000003     oled_ui.o (.rodata.str1.17812014771544466701.1)
                  000049cf    00000003     menu.o (.rodata.str1.4646809750356241979.1)
                  000049d2    00000003     menu.o (.rodata.str1.6857549598058878762.1)
                  000049d5    00000003     oled_ui.o (.rodata.str1.9854382722193312766.1)

.init_array 
*          0    00000000    00000000     UNINITIALIZED

.binit     0    00000000    00000000     

.bss       0    20200000    0000012d     UNINITIALIZED
                  20200000    0000004c     (.common:g_appConfig)
                  2020004c    00000028     (.common:g_appRuntime)
                  20200074    00000028     (.common:g_imuRuntime)
                  2020009c    0000001c     mission_manager.o (.bss.g_missionRuntime)
                  202000b8    00000014     (.common:g_headingRuntime)
                  202000cc    00000010     motion_action.o (.bss.g_motionActionRuntime)
                  202000dc    0000000e     car_controller.o (.bss.g_carControllerFeedback)
                  202000ea    00000002     ultrasonic.o (.bss.g_echoTicks)
                  202000ec    0000000c     ultrasonic.o (.bss.g_ultrasonicFeedback)
                  202000f8    00000006     key.o (.bss.g_key1)
                  202000fe    00000006     key.o (.bss.g_key2)
                  20200104    00000006     key.o (.bss.g_key3)
                  2020010a    00000002     ultrasonic.o (.bss.g_stateTicks)
                  2020010c    00000004     encoder.o (.bss.g_motorAPulses)
                  20200110    00000004     encoder.o (.bss.g_motorBPulses)
                  20200114    00000002     (.common:g_trackError)
                  20200116    00000001     oled_ui.o (.bss.OledUi_Update_20ms.refreshDivider)
                  20200117    00000001     empty.o (.bss.SysTick_Handler.controlMsCount)
                  20200118    00000001     empty.o (.bss.SysTick_Handler.tick100usCount)
                  20200119    00000001     ultrasonic.o (.bss.Ultrasonic_Update_20ms.triggerDivider)
                  2020011a    00000001     empty.o (.bss.g_appUpdateDue)
                  2020011b    00000001     car_state.o (.bss.g_carState)
                  2020011c    00000001     motor.o (.bss.g_motorADutyLevel)
                  2020011d    00000001     motor.o (.bss.g_motorBDutyLevel)
                  2020011e    00000001     oled.o (.bss.g_oledColumn)
                  2020011f    00000001     menu.o (.bss.g_oledPage)
                  20200120    00000001     menu.o (.bss.g_paramItem)
                  20200121    00000001     key.o (.bss.g_pendingEvent)
                  20200122    00000001     motor.o (.bss.g_pwmPhase)
                  20200123    00000001     ultrasonic.o (.bss.g_triggerRequest)
                  20200124    00000001     ultrasonic.o (.bss.g_ultrasonicState)
                  20200125    00000001     (.common:g_carStateDebug)
                  20200126    00000001     (.common:g_keyEvent)
                  20200127    00000001     (.common:g_oledPageDebug)
                  20200128    00000001     (.common:g_paramItemDebug)
                  20200129    00000001     (.common:g_trackBlackCount)
                  2020012a    00000001     (.common:g_trackModeDebug)
                  2020012b    00000001     (.common:g_trackRaw)
                  2020012c    00000001     (.common:g_trackTurnDebug)

.data      0    2020012d    00000001     UNINITIALIZED
                  2020012d    00000001     car_controller.o (.data.g_followTurnPolicy)

.stack     0    20207e00    00000200     UNINITIALIZED
                  20207e00    00000004     libc.a : boot_cortex_m.c.obj (.stack)
                  20207e04    000001fc     --HOLE--

__llvm_prf_cnts 
*          0    20200000    00000000     UNINITIALIZED

__llvm_prf_bits 
*          0    20200000    00000000     UNINITIALIZED

MODULE SUMMARY

       Module                         code    ro data   rw data
       ------                         ----    -------   -------
    .\
       imu.o                          3304    0         40     
       oled.o                         2088    401       1      
       car_controller.o               2076    47        55     
       oled_ui.o                      1332    264       1      
       mission_library.o              172     1229      0      
       mission_manager.o              1156    0         28     
       app_config.o                   672     0         76     
       menu.o                         560     59        2      
       motion_action.o                568     0         16     
       heading_control.o              468     0         20     
       ultrasonic.o                   456     0         19     
       key.o                          436     0         19     
       track_sensor.o                 372     0         0      
       motor.o                        356     0         3      
       ti_msp_dl_config.o             300     0         0      
       app.o                          246     0         10     
       startup_mspm0g350x_ticlang.o   6       192       0      
       empty.o                        192     0         3      
       encoder.o                      144     0         8      
       car_state.o                    36      0         1      
    +--+------------------------------+-------+---------+---------+
       Total:                         14940   2192      302    
                                                               
    C:/TI/mspm0_sdk_2_05_01_00/source/ti/driverlib/lib/ticlang/m0p/mspm0g1x0x_g3x0x/driverlib.a
       dl_common.o                    10      0         0      
    +--+------------------------------+-------+---------+---------+
       Total:                         10      0         0      
                                                               
    D:\TI\CCS\ccs\tools\compiler\ti-cgt-armllvm_4.0.4.LTS\lib\armv6m-ti-none-eabi/c/libc.a
       memcpy16.S.obj                 154     0         0      
       copy_decompress_lzss.c.obj     124     0         0      
       autoinit.c.obj                 60      0         0      
       boot_cortex_m.c.obj            40      0         0      
       copy_zero_init.c.obj           22      0         0      
       copy_decompress_none.c.obj     18      0         0      
       exit.c.obj                     6       0         0      
       pre_init.c.obj                 4       0         0      
    +--+------------------------------+-------+---------+---------+
       Total:                         428     0         0      
                                                               
    D:\TI\CCS\ccs\tools\compiler\ti-cgt-armllvm_4.0.4.LTS\lib\armv6m-ti-none-eabi/c/libsysbm.a
       hostexit.c.obj                 4       0         0      
    +--+------------------------------+-------+---------+---------+
       Total:                         4       0         0      
                                                               
    D:\TI\CCS\ccs\tools\compiler\ti-cgt-armllvm_4.0.4.LTS\lib\armv6m-ti-none-eabi/libclang_rt.builtins.a
       addsf3.S.obj                   216     0         0      
       udivmoddi4.S.obj               162     0         0      
       mulsf3.S.obj                   140     0         0      
       divsf3.S.obj                   130     0         0      
       comparesf2.S.obj               118     0         0      
       aeabi_fcmp.S.obj               98      0         0      
       aeabi_idivmod.S.obj            86      0         0      
       aeabi_uidivmod.S.obj           64      0         0      
       divmoddi4.c.obj                62      0         0      
       floatsisf.S.obj                60      0         0      
       muldsi3.S.obj                  58      0         0      
       fixsfsi.S.obj                  56      0         0      
       ashldi3.S.obj                  30      0         0      
       aeabi_ldivmod.S.obj            20      0         0      
       aeabi_memcpy.S.obj             8       0         0      
       aeabi_div0.c.obj               4       0         0      
    +--+------------------------------+-------+---------+---------+
       Total:                         1312    0         0      
                                                               
       Stack:                         0       0         512    
       Linker Generated:              0       41        0      
    +--+------------------------------+-------+---------+---------+
       Grand Total:                   16694   2233      814    


LINKER GENERATED COPY TABLES

__TI_cinit_table @ 000049f4 records: 2, size/record: 8, table size: 16
	.bss: load addr=000049e4, load size=00000008 bytes, run addr=20200000, run size=0000012d bytes, compression=zero_init
	.data: load addr=000049ec, load size=00000005 bytes, run addr=2020012d, run size=00000001 bytes, compression=lzss


LINKER GENERATED HANDLER TABLE

__TI_handler_table @ 000049d8 records: 3, size/record: 4, table size: 12
	index: 0, handler: __TI_decompress_lzss
	index: 1, handler: __TI_decompress_none
	index: 2, handler: __TI_zero_init


GLOBAL SYMBOLS: SORTED ALPHABETICALLY BY Name 

address   name                                  
-------   ----                                  
000031af  ADC0_IRQHandler                       
000031af  ADC1_IRQHandler                       
000031af  AES_IRQHandler                        
00002e69  AppConfig_InitDefault                 
0000146d  AppConfig_LimitAll                    
00003959  App_Init                              
00002c81  App_Update_20ms                       
000041f6  C$$EXIT                               
000031af  CANFD0_IRQHandler                     
000041b1  CarController_GetFeedback             
00004111  CarController_GetRunMode              
0000338d  CarController_Init                    
000033f9  CarController_ResetRuntime            
00003f85  CarController_RunModeToString         
0000322d  CarController_StartFollowLine         
00003025  CarController_StartSeekLine           
00003465  CarController_StartTurnLeft90         
000034d1  CarController_StartTurnRight90        
00003ec9  CarController_Stop                    
000005e9  CarController_Update_20ms             
0000411d  CarState_Get                          
00004129  CarState_Init                         
00004135  CarState_Set                          
000031af  DAC0_IRQHandler                       
00004189  DL_Common_delayCycles                 
000031af  DMA_IRQHandler                        
000031af  Default_Handler                       
0000353d  Encoder_HandleGpioInterrupt           
00003ea5  Encoder_Reset                         
000031af  GROUP0_IRQHandler                     
00004015  GROUP1_IRQHandler                     
000041f7  HOSTexit                              
000031af  HardFault_Handler                     
00004029  HeadingControl_Enable                 
000041b9  HeadingControl_GetRuntime             
0000403d  HeadingControl_Init                   
00003f9d  HeadingControl_LockCurrentYaw         
00004051  HeadingControl_Reset                  
00003fb5  HeadingControl_SetTargetYaw           
00001cfd  HeadingControl_Update                 
000031af  I2C0_IRQHandler                       
000031af  I2C1_IRQHandler                       
00001259  Imu_CalibrateGyroBias                 
00004141  Imu_GetCorrectedGyroZDps              
000041c1  Imu_GetRuntime                        
0000414d  Imu_GetYaw                            
00000d2d  Imu_Init                              
00003f69  Imu_IsReady                           
00004159  Imu_ResetYaw                          
00001f99  Imu_Update                            
000040f1  Key_GetEvent                          
00003d6d  Key_Init                              
00001b89  Key_Update_20ms                       
00004165  Menu_GetPage                          
00004171  Menu_GetParamItem                     
000037a5  Menu_GetParamValue                    
000019f9  Menu_HandleKeyEvent                   
00004065  Menu_Init                             
00003fcd  Menu_ParamItemToString                
00004079  MissionLibrary_FindById               
0000408d  MissionLibrary_GetByIndex             
000041fb  MissionLibrary_GetCount               
0000312f  MissionLibrary_Validate               
00003dcd  MissionManager_Cancel                 
000041c9  MissionManager_GetMissionCount        
000041d1  MissionManager_GetRuntime             
000040a1  MissionManager_GetSelectedMissionId   
00003615  MissionManager_GetSelectedMissionIndex
000039a5  MissionManager_Init                   
00003ee9  MissionManager_Pause                  
00003d9d  MissionManager_Reset                  
00003f09  MissionManager_Resume                 
0000252d  MissionManager_SelectNext             
000027dd  MissionManager_SelectPrevious         
00003b2d  MissionManager_Start                  
00002439  MissionManager_Update_20ms            
00003fe5  MotionAction_Cancel                   
000041d9  MotionAction_GetRuntime               
000040b5  MotionAction_Init                     
0000261d  MotionAction_Start                    
0000231d  MotionAction_Update_20ms              
00003c95  Motor_Init                            
00003909  Motor_PwmTick100us                    
00002b21  Motor_SetSpeed                        
00003df9  Motor_Stop                            
000031af  NMI_Handler                           
00001005  OLED_Clear                            
000028b1  OLED_Init                             
00003747  OLED_PrintBinary7                     
00002985  OLED_PrintChar                        
00001e5d  OLED_PrintInt16                       
00003d39  OLED_PrintString                      
00003d05  OLED_SetCursor                        
0000417d  OledUi_Init                           
000000c1  OledUi_Update_20ms                    
000031af  PendSV_Handler                        
000031af  RTC_IRQHandler                        
000041ff  Reset_Handler                         
000031af  SPI0_IRQHandler                       
000031af  SPI1_IRQHandler                       
000031af  SVC_Handler                           
00002bd1  SYSCFG_DL_GPIO_init                   
000039ed  SYSCFG_DL_SYSCTL_init                 
00004101  SYSCFG_DL_init                        
00003e25  SYSCFG_DL_initPower                   
00003a2d  SysTick_Handler                       
000031af  TIMA0_IRQHandler                      
000031af  TIMA1_IRQHandler                      
000031af  TIMG0_IRQHandler                      
000031af  TIMG12_IRQHandler                     
000031af  TIMG6_IRQHandler                      
000031af  TIMG7_IRQHandler                      
000031af  TIMG8_IRQHandler                      
00003e51  TrackSensor_CountBlack                
0000331d  TrackSensor_DetectTurn                
0000367d  TrackSensor_GetErrorFromRaw           
0000338b  TrackSensor_Init                      
00004193  TrackSensor_IsCenterDetected          
0000419d  TrackSensor_IsLineDetected            
000041a7  TrackSensor_IsLineLost                
000038b5  TrackSensor_ReadRaw                   
000031af  UART0_IRQHandler                      
000031af  UART1_IRQHandler                      
000031af  UART2_IRQHandler                      
000031af  UART3_IRQHandler                      
000041e1  Ultrasonic_GetFeedback                
00003a6d  Ultrasonic_Init                       
000021f9  Ultrasonic_Tick100us                  
00003801  Ultrasonic_Update_20ms                
20208000  __STACK_END                           
00000200  __STACK_SIZE                          
00000000  __TI_ATRegion0_region_sz              
00000000  __TI_ATRegion0_src_addr               
00000000  __TI_ATRegion0_trg_addr               
00000000  __TI_ATRegion1_region_sz              
00000000  __TI_ATRegion1_src_addr               
00000000  __TI_ATRegion1_trg_addr               
00000000  __TI_ATRegion2_region_sz              
00000000  __TI_ATRegion2_src_addr               
00000000  __TI_ATRegion2_trg_addr               
000049f4  __TI_CINIT_Base                       
00004a04  __TI_CINIT_Limit                      
00004a04  __TI_CINIT_Warm                       
000049d8  __TI_Handler_Table_Base               
000049e4  __TI_Handler_Table_Limit              
00003be1  __TI_auto_init_nobinit_nopinit        
000031b1  __TI_decompress_lzss                  
000040dd  __TI_decompress_none                  
ffffffff  __TI_pprof_out_hndl                   
ffffffff  __TI_prof_data_size                   
ffffffff  __TI_prof_data_start                  
00000000  __TI_static_base__                    
00003ffd  __TI_zero_init_nomemset               
0000270f  __addsf3                              
00003ccd  __aeabi_f2iz                          
0000270f  __aeabi_fadd                          
000036e5  __aeabi_fcmpeq                        
00003721  __aeabi_fcmpge                        
00003735  __aeabi_fcmpgt                        
0000370d  __aeabi_fcmple                        
000036f9  __aeabi_fcmplt                        
000030ad  __aeabi_fdiv                          
00002f99  __aeabi_fmul                          
00002705  __aeabi_fsub                          
00003b69  __aeabi_i2f                           
0000385d  __aeabi_idiv                          
000036e3  __aeabi_idiv0                         
0000385d  __aeabi_idivmod                       
000038b3  __aeabi_ldiv0                         
000040c9  __aeabi_ldivmod                       
00003f49  __aeabi_llsl                          
000041e9  __aeabi_memcpy                        
000041e9  __aeabi_memcpy4                       
000041e9  __aeabi_memcpy8                       
00003aad  __aeabi_uidiv                         
00003aad  __aeabi_uidivmod                      
00003f49  __ashldi3                             
ffffffff  __binit__                             
00003c1d  __cmpsf2                              
00003aed  __divmoddi4                           
000030ad  __divsf3                              
00003c1d  __eqsf2                               
00003ccd  __fixsfsi                             
00003b69  __floatsisf                           
00003ba5  __gesf2                               
00003ba5  __gtsf2                               
00003c1d  __lesf2                               
00003c1d  __ltsf2                               
UNDEFED   __mpu_init                            
00003c59  __muldsi3                             
00002f99  __mulsf3                              
00003c1d  __nesf2                               
20207e00  __stack                               
20200000  __start___llvm_prf_bits               
20200000  __start___llvm_prf_cnts               
20200000  __stop___llvm_prf_bits                
20200000  __stop___llvm_prf_cnts                
00002705  __subsf3                              
00002d2d  __udivmoddi4                          
00003e7d  _c_int00_noargs                       
UNDEFED   _system_post_cinit                    
00004203  _system_pre_init                      
000041f1  abort                                 
ffffffff  binit                                 
20200000  g_appConfig                           
2020004c  g_appRuntime                          
20200125  g_carStateDebug                       
202000b8  g_headingRuntime                      
20200074  g_imuRuntime                          
20200126  g_keyEvent                            
20200127  g_oledPageDebug                       
20200128  g_paramItemDebug                      
20200129  g_trackBlackCount                     
20200114  g_trackError                          
2020012a  g_trackModeDebug                      
2020012b  g_trackRaw                            
2020012c  g_trackTurnDebug                      
00000000  interruptVectors                      
000035a9  main                                  
00002dcf  memcpy                                


GLOBAL SYMBOLS: SORTED BY Symbol Address 

address   name                                  
-------   ----                                  
00000000  __TI_ATRegion0_region_sz              
00000000  __TI_ATRegion0_src_addr               
00000000  __TI_ATRegion0_trg_addr               
00000000  __TI_ATRegion1_region_sz              
00000000  __TI_ATRegion1_src_addr               
00000000  __TI_ATRegion1_trg_addr               
00000000  __TI_ATRegion2_region_sz              
00000000  __TI_ATRegion2_src_addr               
00000000  __TI_ATRegion2_trg_addr               
00000000  __TI_static_base__                    
00000000  interruptVectors                      
000000c1  OledUi_Update_20ms                    
00000200  __STACK_SIZE                          
000005e9  CarController_Update_20ms             
00000d2d  Imu_Init                              
00001005  OLED_Clear                            
00001259  Imu_CalibrateGyroBias                 
0000146d  AppConfig_LimitAll                    
000019f9  Menu_HandleKeyEvent                   
00001b89  Key_Update_20ms                       
00001cfd  HeadingControl_Update                 
00001e5d  OLED_PrintInt16                       
00001f99  Imu_Update                            
000021f9  Ultrasonic_Tick100us                  
0000231d  MotionAction_Update_20ms              
00002439  MissionManager_Update_20ms            
0000252d  MissionManager_SelectNext             
0000261d  MotionAction_Start                    
00002705  __aeabi_fsub                          
00002705  __subsf3                              
0000270f  __addsf3                              
0000270f  __aeabi_fadd                          
000027dd  MissionManager_SelectPrevious         
000028b1  OLED_Init                             
00002985  OLED_PrintChar                        
00002b21  Motor_SetSpeed                        
00002bd1  SYSCFG_DL_GPIO_init                   
00002c81  App_Update_20ms                       
00002d2d  __udivmoddi4                          
00002dcf  memcpy                                
00002e69  AppConfig_InitDefault                 
00002f99  __aeabi_fmul                          
00002f99  __mulsf3                              
00003025  CarController_StartSeekLine           
000030ad  __aeabi_fdiv                          
000030ad  __divsf3                              
0000312f  MissionLibrary_Validate               
000031af  ADC0_IRQHandler                       
000031af  ADC1_IRQHandler                       
000031af  AES_IRQHandler                        
000031af  CANFD0_IRQHandler                     
000031af  DAC0_IRQHandler                       
000031af  DMA_IRQHandler                        
000031af  Default_Handler                       
000031af  GROUP0_IRQHandler                     
000031af  HardFault_Handler                     
000031af  I2C0_IRQHandler                       
000031af  I2C1_IRQHandler                       
000031af  NMI_Handler                           
000031af  PendSV_Handler                        
000031af  RTC_IRQHandler                        
000031af  SPI0_IRQHandler                       
000031af  SPI1_IRQHandler                       
000031af  SVC_Handler                           
000031af  TIMA0_IRQHandler                      
000031af  TIMA1_IRQHandler                      
000031af  TIMG0_IRQHandler                      
000031af  TIMG12_IRQHandler                     
000031af  TIMG6_IRQHandler                      
000031af  TIMG7_IRQHandler                      
000031af  TIMG8_IRQHandler                      
000031af  UART0_IRQHandler                      
000031af  UART1_IRQHandler                      
000031af  UART2_IRQHandler                      
000031af  UART3_IRQHandler                      
000031b1  __TI_decompress_lzss                  
0000322d  CarController_StartFollowLine         
0000331d  TrackSensor_DetectTurn                
0000338b  TrackSensor_Init                      
0000338d  CarController_Init                    
000033f9  CarController_ResetRuntime            
00003465  CarController_StartTurnLeft90         
000034d1  CarController_StartTurnRight90        
0000353d  Encoder_HandleGpioInterrupt           
000035a9  main                                  
00003615  MissionManager_GetSelectedMissionIndex
0000367d  TrackSensor_GetErrorFromRaw           
000036e3  __aeabi_idiv0                         
000036e5  __aeabi_fcmpeq                        
000036f9  __aeabi_fcmplt                        
0000370d  __aeabi_fcmple                        
00003721  __aeabi_fcmpge                        
00003735  __aeabi_fcmpgt                        
00003747  OLED_PrintBinary7                     
000037a5  Menu_GetParamValue                    
00003801  Ultrasonic_Update_20ms                
0000385d  __aeabi_idiv                          
0000385d  __aeabi_idivmod                       
000038b3  __aeabi_ldiv0                         
000038b5  TrackSensor_ReadRaw                   
00003909  Motor_PwmTick100us                    
00003959  App_Init                              
000039a5  MissionManager_Init                   
000039ed  SYSCFG_DL_SYSCTL_init                 
00003a2d  SysTick_Handler                       
00003a6d  Ultrasonic_Init                       
00003aad  __aeabi_uidiv                         
00003aad  __aeabi_uidivmod                      
00003aed  __divmoddi4                           
00003b2d  MissionManager_Start                  
00003b69  __aeabi_i2f                           
00003b69  __floatsisf                           
00003ba5  __gesf2                               
00003ba5  __gtsf2                               
00003be1  __TI_auto_init_nobinit_nopinit        
00003c1d  __cmpsf2                              
00003c1d  __eqsf2                               
00003c1d  __lesf2                               
00003c1d  __ltsf2                               
00003c1d  __nesf2                               
00003c59  __muldsi3                             
00003c95  Motor_Init                            
00003ccd  __aeabi_f2iz                          
00003ccd  __fixsfsi                             
00003d05  OLED_SetCursor                        
00003d39  OLED_PrintString                      
00003d6d  Key_Init                              
00003d9d  MissionManager_Reset                  
00003dcd  MissionManager_Cancel                 
00003df9  Motor_Stop                            
00003e25  SYSCFG_DL_initPower                   
00003e51  TrackSensor_CountBlack                
00003e7d  _c_int00_noargs                       
00003ea5  Encoder_Reset                         
00003ec9  CarController_Stop                    
00003ee9  MissionManager_Pause                  
00003f09  MissionManager_Resume                 
00003f49  __aeabi_llsl                          
00003f49  __ashldi3                             
00003f69  Imu_IsReady                           
00003f85  CarController_RunModeToString         
00003f9d  HeadingControl_LockCurrentYaw         
00003fb5  HeadingControl_SetTargetYaw           
00003fcd  Menu_ParamItemToString                
00003fe5  MotionAction_Cancel                   
00003ffd  __TI_zero_init_nomemset               
00004015  GROUP1_IRQHandler                     
00004029  HeadingControl_Enable                 
0000403d  HeadingControl_Init                   
00004051  HeadingControl_Reset                  
00004065  Menu_Init                             
00004079  MissionLibrary_FindById               
0000408d  MissionLibrary_GetByIndex             
000040a1  MissionManager_GetSelectedMissionId   
000040b5  MotionAction_Init                     
000040c9  __aeabi_ldivmod                       
000040dd  __TI_decompress_none                  
000040f1  Key_GetEvent                          
00004101  SYSCFG_DL_init                        
00004111  CarController_GetRunMode              
0000411d  CarState_Get                          
00004129  CarState_Init                         
00004135  CarState_Set                          
00004141  Imu_GetCorrectedGyroZDps              
0000414d  Imu_GetYaw                            
00004159  Imu_ResetYaw                          
00004165  Menu_GetPage                          
00004171  Menu_GetParamItem                     
0000417d  OledUi_Init                           
00004189  DL_Common_delayCycles                 
00004193  TrackSensor_IsCenterDetected          
0000419d  TrackSensor_IsLineDetected            
000041a7  TrackSensor_IsLineLost                
000041b1  CarController_GetFeedback             
000041b9  HeadingControl_GetRuntime             
000041c1  Imu_GetRuntime                        
000041c9  MissionManager_GetMissionCount        
000041d1  MissionManager_GetRuntime             
000041d9  MotionAction_GetRuntime               
000041e1  Ultrasonic_GetFeedback                
000041e9  __aeabi_memcpy                        
000041e9  __aeabi_memcpy4                       
000041e9  __aeabi_memcpy8                       
000041f1  abort                                 
000041f6  C$$EXIT                               
000041f7  HOSTexit                              
000041fb  MissionLibrary_GetCount               
000041ff  Reset_Handler                         
00004203  _system_pre_init                      
000049d8  __TI_Handler_Table_Base               
000049e4  __TI_Handler_Table_Limit              
000049f4  __TI_CINIT_Base                       
00004a04  __TI_CINIT_Limit                      
00004a04  __TI_CINIT_Warm                       
20200000  __start___llvm_prf_bits               
20200000  __start___llvm_prf_cnts               
20200000  __stop___llvm_prf_bits                
20200000  __stop___llvm_prf_cnts                
20200000  g_appConfig                           
2020004c  g_appRuntime                          
20200074  g_imuRuntime                          
202000b8  g_headingRuntime                      
20200114  g_trackError                          
20200125  g_carStateDebug                       
20200126  g_keyEvent                            
20200127  g_oledPageDebug                       
20200128  g_paramItemDebug                      
20200129  g_trackBlackCount                     
2020012a  g_trackModeDebug                      
2020012b  g_trackRaw                            
2020012c  g_trackTurnDebug                      
20207e00  __stack                               
20208000  __STACK_END                           
ffffffff  __TI_pprof_out_hndl                   
ffffffff  __TI_prof_data_size                   
ffffffff  __TI_prof_data_start                  
ffffffff  __binit__                             
ffffffff  binit                                 
UNDEFED   __mpu_init                            
UNDEFED   _system_post_cinit                    

[220 symbols]
