******************************************************************************
            TI ARM Clang Linker PC v4.0.4                      
******************************************************************************
>> Linked Fri Jul 24 00:21:14 2026

OUTPUT FILE NAME:   <diansaikaishi.out>
ENTRY POINT SYMBOL: "_c_int00_noargs"  address: 0000f95d


MEMORY CONFIGURATION

         name            origin    length      used     unused   attr    fill
----------------------  --------  ---------  --------  --------  ----  --------
  FLASH                 00000000   00020000  00010d60  0000f2a0  R  X
  SRAM                  20200000   00008000  00000eda  00007126  RW X
  BCR_CONFIG            41c00000   000000ff  00000000  000000ff  R   
  BSL_CONFIG            41c00100   00000080  00000000  00000080  R   


SEGMENT ALLOCATION MAP

run origin  load origin   length   init length attrs members
----------  ----------- ---------- ----------- ----- -------
00000000    00000000    00010d60   00010d60    r-x
  00000000    00000000    000000c0   000000c0    r-- .intvecs
  000000c0    000000c0    000100f0   000100f0    r-x .text
  000101b0    000101b0    00000b80   00000b80    r-- .rodata
  00010d30    00010d30    00000030   00000030    r-- .cinit
20200000    20200000    00000cda   00000000    rw-
  20200000    20200000    00000cd9   00000000    rw- .bss
  20200cd9    20200cd9    00000001   00000000    rw- .data
20207e00    20207e00    00000200   00000000    rw-
  20207e00    20207e00    00000200   00000000    rw- .stack


SECTION ALLOCATION MAP

 output                                  attributes/
section   page    origin      length       input sections
--------  ----  ----------  ----------   ----------------
.intvecs   0    00000000    000000c0     
                  00000000    000000c0     startup_mspm0g350x_ticlang.o (.intvecs)

.text      0    000000c0    000100f0     
                  000000c0    00002394     oled_ui.o (.text.OledUi_Update_20ms)
                  00002454    00001dd4     vision_tuning_console.o (.text.VisionTuningConsole_Process)
                  00004228    000004f0     line_controller.o (.text.LineController_Update)
                  00004718    0000047c     gimbal_tracker.o (.text.GimbalTracker_Update)
                  00004b94    0000044c     motor_control.o (.text.update_wheel)
                  00004fe0    00000448     app_config.o (.text.AppConfig_LimitAll)
                  00005428    00000430     wheel_speed_estimator.o (.text.WheelSpeedEstimator_Update)
                  00005858    000003b4     runtime_snapshot.o (.text.RuntimeSnapshot_Update)
                  00005c0c    000003b0     vision_receiver.o (.text.VisionReceiver_Process)
                  00005fbc    00000388     gimbal_vision_yaw_tracker.o (.text.GimbalVisionYawTracker_Update10ms)
                  00006344    0000037c     imu.o (.text.Imu_Init)
                  000066c0    00000370     gimbal.o (.text.gimbal_update_feedback)
                  00006a30    00000350     imu.o (.text.Imu_Update)
                  00006d80    00000340     obstacle_avoidance.o (.text.ObstacleAvoidance_Update_20ms)
                  000070c0    00000310     vision_tuning_console.o (.text.append_scaled)
                  000073d0    000002f0     imu.o (.text.mpu6050_read_regs)
                  000076c0    000002a8     gimbal_tracker.o (.text.update_feedback)
                  00007968    00000298     gimbal.o (.text.Gimbal_YawSetWrappedTargetDeg)
                  00007c00    00000294     gimbal.o (.text.Gimbal_YawUpdate5ms)
                  00007e94    00000290     gimbal.o (.text.Gimbal_PitchSetTrackingSpeedDegS)
                  00008124    0000028c     motor_control.o (.text.MotorControl_Update)
                  000083b0    00000254     oled.o (.text.OLED_Clear)
                  00008604    00000238     gimbal.o (.text.gimbal_pitch_update_feedback)
                  0000883c    00000234     imu.o (.text.Imu_CalibrateGyroBias)
                  00008a70    00000234     motion_action.o (.text.MotionAction_Update_20ms)
                  00008ca4    00000228     gimbal_vision_pitch_tracker.o (.text.GimbalVisionPitchTracker_Update10ms)
                  00008ecc    00000204     motor.o (.text.Motor_SetSpeed)
                  000090d0    000001f4     vision_protocol.o (.text.VisionProtocol_ParseV1TargetFrame)
                  000092c4    000001e8     motor_control.o (.text.config_is_valid)
                  000094ac    000001cc     car_controller.o (.text.handle_turn_to_yaw)
                  00009678    000001cc     imu.o (.text.imu_i2c_write_byte)
                  00009844    000001bc     app_config.o (.text.AppConfig_InitDefault)
                  00009a00    000001bc     gimbal.o (.text.Gimbal_PitchUpdate5ms)
                  00009bbc    000001b8     oled.o (.text.oled_i2c_write_byte)
                  00009d74    000001a0     ultrasonic.o (.text.Ultrasonic_Tick100us)
                  00009f14    00000194     gimbal_stepper.o (.text.GimbalStepper_Tick100us)
                  0000a0a8    00000180     gimbal.o (.text.Gimbal_PitchTick100us)
                  0000a228    0000017c     gimbal_stepper.o (.text.GimbalStepper_MoveToEstimatedSteps)
                  0000a3a4    00000174     key.o (.text.Key_Update_20ms)
                  0000a518    0000016c     gimbal.o (.text.Gimbal_Init)
                  0000a684    00000168     empty.o (.text.main)
                  0000a7ec    00000160     gimbal.o (.text.gimbal_yaw_set_target_x10)
                  0000a94c    00000160     car_controller.o (.text.handle_lost_recover)
                  0000aaac    00000158     vision_tuning_console.o (.text.send_parameter_reply)
                  0000ac04    00000158     vision_tuning_console.o (.text.send_yaw_parameter_reply)
                  0000ad5c    00000154     car_controller.o (.text.handle_seek_line)
                  0000aeb0    00000150     car_controller.o (.text.CarController_Update_20ms)
                  0000b000    0000013c     oled.o (.text.OLED_PrintInt16)
                  0000b13c    00000134     car_controller.o (.text.handle_drive_heading)
                  0000b270    0000012c     imu.o (.text.imu_i2c_recover_bus)
                  0000b39c    00000128     gimbal.o (.text.Gimbal_YawEnableWorldLock)
                  0000b4c4    00000128     motion_action.o (.text.MotionAction_Start)
                  0000b5ec    00000124     vision_tuning_console.o (.text.send_simple_reply)
                  0000b710    00000124     gimbal_vision_yaw_tracker.o (.text.sync_target_from_yaw)
                  0000b834    00000120     menu.o (.text.Menu_HandleKeyEvent)
                  0000b954    0000011c     line_controller.o (.text.LineController_Reset)
                  0000ba70    00000118     app.o (.text.App_Update_20ms)
                  0000bb88    0000010c     car_controller.o (.text.handle_follow_line)
                  0000bc94    00000108     car_controller.o (.text.handle_turn_90)
                  0000bd9c    00000104     driverlib.a : dl_timer.o (.text.DL_Timer_initFourCCPWMMode)
                  0000bea0    00000104     line_controller.o (.text.LineController_ResetControlState)
                  0000bfa4    00000100     motor_control.o (.text.MotorControl_SetNormalizedTarget)
                  0000c0a4    000000fc     mission_manager.o (.text.MissionManager_Update_20ms)
                  0000c1a0    000000fc     empty.o (.text.SysTick_Handler)
                  0000c29c    000000f8     line_controller.o (.text.LineController_Init)
                  0000c394    000000f0     gimbal.o (.text.Gimbal_PitchStopHold)
                  0000c484    000000f0     mission_manager.o (.text.MissionManager_SelectNext)
                  0000c574    000000ec     gimbal_tracker.o (.text.sync_targets_from_gimbal)
                  0000c660    000000e8     vision_protocol.o (.text.fields_are_valid)
                  0000c748    000000e0     obstacle_safety.o (.text.ObstacleSafety_Update_20ms)
                  0000c828    000000dc     ti_msp_dl_config.o (.text.SYSCFG_DL_GPIO_init)
                  0000c904    000000dc     oled_ui.o (.text.print_tuning_change_value)
                  0000c9e0    000000d8     mission_manager.o (.text.MissionManager_SelectPrevious)
                  0000cab8    000000d8     oled.o (.text.OLED_PrintUInt16)
                  0000cb90    000000d8     wheel_speed_estimator.o (.text.WheelSpeedEstimator_Init)
                  0000cc68    000000d8     menu.o (.text.menu_adjust_param)
                  0000cd40    000000d8     libclang_rt.builtins.a : addsf3.S.obj (.text)
                  0000ce18    000000d4     oled.o (.text.OLED_Init)
                  0000ceec    000000d0     oled.o (.text.OLED_PrintChar)
                  0000cfbc    000000c8     fault.o (.text.FaultCode_ToShortString)
                  0000d084    000000c0     angle_utils.o (.text.Angle_Normalize180)
                  0000d144    000000c0     car_controller.o (.text.CarController_StartSeekLine)
                  0000d204    000000bc     car_controller.o (.text.CarController_StartTurnToYawRelative)
                  0000d2c0    000000bc     heading_control.o (.text.HeadingControl_Update)
                  0000d37c    000000b4     car_controller.o (.text.CarController_StartDriveHeading)
                  0000d430    000000b4     gimbal_stepper.o (.text.GimbalStepper_StopHold)
                  0000d4e4    000000b4     gimbal_vision_adapter.o (.text.GimbalVisionAdapter_Update)
                  0000d598    000000b0     gimbal_stepper.o (.text.GimbalStepper_Init)
                  0000d648    000000a4     encoder.o (.text.Encoder_HandleGpioInterrupt)
                  0000d6ec    000000a4     gimbal_vision_yaw_tracker.o (.text.wrap_deg_360)
                  0000d790    000000a2     libclang_rt.builtins.a : udivmoddi4.S.obj (.text)
                  0000d832    00000002     startup_mspm0g350x_ticlang.o (.text.Default_Handler)
                  0000d834    0000009c     car_controller.o (.text.CarController_StartFollowLine)
                  0000d8d0    0000009c     obstacle_monitor.o (.text.ObstacleMonitor_Update_20ms)
                  0000d96c    0000009a     libc.a : memcpy16.S.obj (.text:memcpy)
                  0000da06    00000002     track_sensor.o (.text.TrackSensor_Init)
                  0000da08    00000098     imu.o (.text.mpu6050_write_reg)
                  0000daa0    00000090     car_controller.o (.text.CarController_Init)
                  0000db30    00000090     car_controller.o (.text.CarController_StartTurnRight90)
                  0000dbc0    0000008c     car_controller.o (.text.CarController_ResetRuntime)
                  0000dc4c    0000008c     car_controller.o (.text.CarController_StartTurnLeft90)
                  0000dcd8    0000008c     gimbal.o (.text.Gimbal_YawDisableWorldLock)
                  0000dd64    0000008c     gimbal.o (.text.Gimbal_YawStopHold)
                  0000ddf0    0000008c     ti_msp_dl_config.o (.text.SYSCFG_DL_PWM_MOTOR_init)
                  0000de7c    0000008c     libclang_rt.builtins.a : mulsf3.S.obj (.text.__mulsf3)
                  0000df08    00000008     car_controller.o (.text.CarController_GetFeedback)
                  0000df10    00000088     libc.a : strcmp-armv6m.S.obj (.text:strcmp)
                  0000df98    00000084     motor.o (.text.Motor_Init)
                  0000e01c    00000082     app.o (.text.App_Init)
                  0000e09e    00000082     mission_library.o (.text.MissionLibrary_Validate)
                  0000e120    00000082     libclang_rt.builtins.a : divsf3.S.obj (.text.__divsf3)
                  0000e1a2    00000002                            : aeabi_div0.c.obj (.text.__aeabi_idiv0)
                  0000e1a4    00000080     gimbal_tracker.o (.text.GimbalTracker_Init)
                  0000e224    00000080     motor.o (.text.Motor_Stop)
                  0000e2a4    0000007c     car_controller.o (.text.CarController_SetSafetyHold)
                  0000e320    0000007c     vision_pitch_tuning.o (.text.VisionPitchTuning_Set)
                  0000e39c    0000007c     libc.a : copy_decompress_lzss.c.obj (.text:decompress:lzss)
                  0000e418    00000078     oled.o (.text.oled_write_command)
                  0000e490    00000074     motor_control.o (.text.latch_control_error)
                  0000e504    00000070     menu.o (.text.Menu_GetParamValue)
                  0000e574    00000070     ti_msp_dl_config.o (.text.SYSCFG_DL_UART_VISION_init)
                  0000e5e4    00000070     vision_yaw_tuning.o (.text.VisionYawTuning_Set)
                  0000e654    0000006e     track_sensor.o (.text.TrackSensor_DetectTurn)
                  0000e6c2    00000002     libclang_rt.builtins.a : aeabi_div0.c.obj (.text.__aeabi_ldiv0)
                  0000e6c4    0000006c     gimbal_vision_yaw_tracker.o (.text.GimbalVisionYawTracker_Init)
                  0000e730    00000068     mission_manager.o (.text.MissionManager_GetSelectedMissionIndex)
                  0000e798    00000066     track_sensor.o (.text.TrackSensor_GetErrorFromRaw)
                  0000e7fe    00000002     --HOLE-- [fill = 0]
                  0000e800    00000062     libclang_rt.builtins.a : aeabi_fcmp.S.obj (.text.__aeabi_fcmp)
                  0000e862    00000062     libc.a : memset16.S.obj (.text:memset)
                  0000e8c4    00000060     gimbal_tracker.o (.text.GimbalTracker_GetFeedback)
                  0000e924    00000060     vision_tuning_console.o (.text.VisionTuningConsole_Init)
                  0000e984    00000060     libclang_rt.builtins.a : fixsfdi.S.obj (.text.__fixsfdi)
                  0000e9e4    00000060     motion_action.o (.text.motion_action_resolve_yaw_target)
                  0000ea44    0000005c     vision_uart.o (.text.UART3_IRQHandler)
                  0000eaa0    0000005c     ultrasonic.o (.text.Ultrasonic_Update_20ms)
                  0000eafc    0000005c     obstacle_avoidance.o (.text.avoid_fail)
                  0000eb58    00000056     libclang_rt.builtins.a : aeabi_idivmod.S.obj (.text.__aeabi_idivmod)
                  0000ebae    00000002     --HOLE-- [fill = 0]
                  0000ebb0    00000054     track_sensor.o (.text.TrackSensor_ReadRaw)
                  0000ec04    00000054     gimbal_vision_yaw_tracker.o (.text.float_to_scaled_i16)
                  0000ec58    00000054     gimbal_vision_yaw_tracker.o (.text.stop_owned_tracking)
                  0000ecac    00000050     mission_manager.o (.text.MissionManager_Start)
                  0000ecfc    00000050     ultrasonic.o (.text.Ultrasonic_Init)
                  0000ed4c    00000050     watchdog_monitor.o (.text.WatchdogMonitor_ApplyFaultIfNeeded)
                  0000ed9c    0000004e     libclang_rt.builtins.a : floatdisf.S.obj (.text.__floatdisf)
                  0000edea    00000002     --HOLE-- [fill = 0]
                  0000edec    0000004c     motor_control.o (.text.MotorControl_Stop)
                  0000ee38    0000004c     watchdog_monitor.o (.text.WatchdogMonitor_Tick1msFromIsr)
                  0000ee84    0000004a     obstacle_avoidance.o (.text.avoid_can_start)
                  0000eece    00000002     --HOLE-- [fill = 0]
                  0000eed0    00000048     driverlib.a : dl_uart.o (.text.DL_UART_init)
                  0000ef18    00000048     mission_manager.o (.text.MissionManager_Init)
                  0000ef60    00000048     motion_action.o (.text.MotionAction_ReapplyControllerTarget)
                  0000efa8    00000044     encoder.o (.text.Encoder_GetAndClearPulseDeltas)
                  0000efec    00000044     servo.o (.text.Servo_Tick100us)
                  0000f030    00000040     emergency_stop.o (.text.EmergencyStop_Reset)
                  0000f070    00000040     gimbal_vision_pitch_tracker.o (.text.GimbalVisionPitchTracker_Init)
                  0000f0b0    00000040     ti_msp_dl_config.o (.text.SYSCFG_DL_SYSCTL_init)
                  0000f0f0    00000040     ti_msp_dl_config.o (.text.SYSCFG_DL_initPower)
                  0000f130    00000040     vision_receiver.o (.text.VisionReceiver_PushByteFromIsr)
                  0000f170    00000040     libclang_rt.builtins.a : aeabi_uidivmod.S.obj (.text.__aeabi_uidivmod)
                  0000f1b0    0000003e                            : divmoddi4.c.obj (.text.__divmoddi4)
                  0000f1ee    00000002     --HOLE-- [fill = 0]
                  0000f1f0    0000003c     servo.o (.text.Servo_SetAngleDeg)
                  0000f22c    0000003c     vision_tuning_console.o (.text.VisionTuningConsole_PushByteFromIsr)
                  0000f268    0000003c     libclang_rt.builtins.a : floatsisf.S.obj (.text.__floatsisf)
                  0000f2a4    0000003c                            : comparesf2.S.obj (.text.__gtsf2)
                  0000f2e0    0000003c     libc.a : autoinit.c.obj (.text:__TI_auto_init_nobinit_nopinit)
                  0000f31c    0000003a     libclang_rt.builtins.a : comparesf2.S.obj (.text.__eqsf2)
                  0000f356    00000002     --HOLE-- [fill = 0]
                  0000f358    0000003a                            : muldsi3.S.obj (.text.__muldsi3)
                  0000f392    00000002     --HOLE-- [fill = 0]
                  0000f394    00000038     imu.o (.text.Imu_ResetYaw)
                  0000f3cc    00000038     vision_receiver.o (.text.VisionReceiver_Init)
                  0000f404    00000038     libclang_rt.builtins.a : fixsfsi.S.obj (.text.__fixsfsi)
                  0000f43c    00000034     emergency_stop.o (.text.EmergencyStop_Trigger)
                  0000f470    00000034     imu.o (.text.Imu_IsReady)
                  0000f4a4    00000034     mission_manager.o (.text.MissionManager_Cancel)
                  0000f4d8    00000034     oled.o (.text.OLED_SetCursor)
                  0000f50c    00000034     vision_tuning_console.o (.text.VisionTuningConsole_TryPopTxByte)
                  0000f540    00000034     vision_uart.o (.text.VisionUart_Process)
                  0000f574    00000034     obstacle_avoidance.o (.text.avoid_start)
                  0000f5a8    00000032     oled.o (.text.OLED_PrintString)
                  0000f5da    00000002     --HOLE-- [fill = 0]
                  0000f5dc    00000030     fault.o (.text.Fault_Raise)
                  0000f60c    00000030     gimbal_vision_yaw_tracker.o (.text.GimbalVisionYawTracker_GetFeedback)
                  0000f63c    00000030     gimbal.o (.text.Gimbal_PitchGetFeedback)
                  0000f66c    00000030     key.o (.text.Key_Init)
                  0000f69c    00000030     line_controller.o (.text.LineController_ObserveSensors)
                  0000f6cc    00000030     mission_manager.o (.text.MissionManager_Reset)
                  0000f6fc    00000030     mission_manager.o (.text.MissionManager_Resume)
                  0000f72c    00000030     vision_pitch_tuning.o (.text.VisionPitchTuning_RestoreDefault)
                  0000f75c    00000030     watchdog_monitor.o (.text.WatchdogMonitor_Init)
                  0000f78c    00000030     gimbal_vision_yaw_tracker.o (.text.refresh_yaw_feedback)
                  0000f7bc    0000002c     encoder.o (.text.Encoder_Reset)
                  0000f7e8    0000002c     track_sensor.o (.text.TrackSensor_CountBlack)
                  0000f814    0000002c     vision_yaw_tuning.o (.text.VisionYawTuning_RestoreDefault)
                  0000f840    0000002c     gimbal_vision_pitch_tracker.o (.text.speed_to_x10)
                  0000f86c    00000028     obstacle_avoidance.o (.text.ObstacleAvoidance_Init)
                  0000f894    00000028     servo.o (.text.Servo_Init)
                  0000f8bc    00000028     vision_pitch_tuning.o (.text.VisionPitchTuning_Init)
                  0000f8e4    00000028     watchdog_monitor.o (.text.WatchdogMonitor_Reset)
                  0000f90c    00000028     libclang_rt.builtins.a : floatunsisf.S.obj (.text.__floatunsisf)
                  0000f934    00000028     libc.a : memmov.c.obj (.text.memmove)
                  0000f95c    00000028            : boot_cortex_m.c.obj (.text:_c_int00_noargs)
                  0000f984    00000024     car_controller.o (.text.CarController_Stop)
                  0000f9a8    00000024     emergency_stop.o (.text.EmergencyStop_Enforce)
                  0000f9cc    00000024     gimbal_vision_pitch_tracker.o (.text.GimbalVisionPitchTracker_GetFeedback)
                  0000f9f0    00000024     mission_manager.o (.text.MissionManager_ReportExternalFailure)
                  0000fa14    00000024     motor_control.o (.text.MotorControl_Init)
                  0000fa38    00000024     motor_control.o (.text.MotorControl_Reset)
                  0000fa5c    00000024     ti_msp_dl_config.o (.text.SYSCFG_DL_init)
                  0000fa80    00000024     vision_yaw_tuning.o (.text.VisionYawTuning_Init)
                  0000faa4    00000024     libclang_rt.builtins.a : muldi3.S.obj (.text.__muldi3)
                  0000fac8    00000020     driverlib.a : dl_timer.o (.text.DL_Timer_overrideCCPOut)
                  0000fae8    00000020     debug_telemetry.o (.text.DebugTelemetry_Update)
                  0000fb08    00000020     mission_manager.o (.text.MissionManager_Pause)
                  0000fb28    00000020     motion_action.o (.text.MotionAction_GetCurrentBypassDirection)
                  0000fb48    00000020     motion_action.o (.text.MotionAction_GetCurrentObstaclePolicy)
                  0000fb68    00000020     motion_action.o (.text.MotionAction_Init)
                  0000fb88    00000020     empty.o (.text.SchedulerMonitor_GetStats)
                  0000fba8    00000020     vision_receiver.o (.text.VisionReceiver_GetProtocolErrorCount)
                  0000fbc8    00000020     mission_manager.o (.text.mission_finish_error)
                  0000fbe8    0000001e     libclang_rt.builtins.a : ashldi3.S.obj (.text.__ashldi3)
                  0000fc06    00000002     --HOLE-- [fill = 0]
                  0000fc08    0000001c     driverlib.a : dl_timer.o (.text.DL_Timer_setCaptCompUpdateMethod)
                  0000fc24    0000001c                 : dl_timer.o (.text.DL_Timer_setClockConfig)
                  0000fc40    0000001c     gimbal_vision_adapter.o (.text.GimbalVisionAdapter_Init)
                  0000fc5c    0000001c     menu.o (.text.Menu_Init)
                  0000fc78    0000001c     obstacle_monitor.o (.text.ObstacleMonitor_Init)
                  0000fc94    0000001c     obstacle_safety.o (.text.ObstacleSafety_Init)
                  0000fcb0    0000001c     vision_pitch_tuning.o (.text.VisionPitchTuning_ParamName)
                  0000fccc    0000001c     vision_yaw_tuning.o (.text.VisionYawTuning_GetSnapshot)
                  0000fce8    0000001c     vision_yaw_tuning.o (.text.VisionYawTuning_ParamName)
                  0000fd04    0000001c     watchdog_monitor.o (.text.WatchdogMonitor_NotifyControlCycleComplete)
                  0000fd20    0000001c     mission_manager.o (.text.mission_finish_success)
                  0000fd3c    00000018     car_controller.o (.text.CarController_RunModeToString)
                  0000fd54    00000018     driverlib.a : dl_timer.o (.text.DL_Timer_setCaptureCompareOutCtl)
                  0000fd6c    00000018     debug_telemetry.o (.text.DebugTelemetry_Init)
                  0000fd84    00000018     heading_control.o (.text.HeadingControl_SetTargetYaw)
                  0000fd9c    00000018     menu.o (.text.Menu_ParamItemToString)
                  0000fdb4    00000018     motion_action.o (.text.MotionAction_Cancel)
                  0000fdcc    00000018     runtime_snapshot.o (.text.RuntimeSnapshot_Init)
                  0000fde4    00000016     libclang_rt.builtins.a : comparesf2.S.obj (.text.__unordsf2)
                  0000fdfa    00000002     --HOLE-- [fill = 0]
                  0000fdfc    00000014     fault.o (.text.Fault_Clear)
                  0000fe10    00000014     fault.o (.text.Fault_Init)
                  0000fe24    00000014     empty.o (.text.GROUP1_IRQHandler)
                  0000fe38    00000014     gimbal_stepper.o (.text.GimbalStepper_SetStepHalfPeriodTicks)
                  0000fe4c    00000014     heading_control.o (.text.HeadingControl_Enable)
                  0000fe60    00000014     heading_control.o (.text.HeadingControl_Init)
                  0000fe74    00000014     heading_control.o (.text.HeadingControl_Reset)
                  0000fe88    00000014     mission_library.o (.text.MissionLibrary_FindById)
                  0000fe9c    00000014     mission_library.o (.text.MissionLibrary_GetByIndex)
                  0000feb0    00000014     mission_manager.o (.text.MissionManager_GetSelectedMissionId)
                  0000fec4    00000014     vision_pitch_tuning.o (.text.VisionPitchTuning_GetSnapshot)
                  0000fed8    00000014     vision_uart.o (.text.VisionUart_Init)
                  0000feec    00000014     libclang_rt.builtins.a : aeabi_ldivmod.S.obj (.text.__aeabi_ldivmod)
                  0000ff00    00000014                            : aeabi_uldivmod.S.obj (.text.__aeabi_uldivmod)
                  0000ff14    00000012     driverlib.a : dl_uart.o (.text.DL_UART_setClockConfig)
                  0000ff26    00000012     libc.a : copy_decompress_none.c.obj (.text:decompress:none)
                  0000ff38    00000010     driverlib.a : dl_timer.o (.text.DL_Timer_setCaptureCompareValue)
                  0000ff48    00000010     gimbal.o (.text.Gimbal_YawGetFeedback)
                  0000ff58    00000010     key.o (.text.Key_GetEvent)
                  0000ff68    00000010     obstacle_avoidance.o (.text.ObstacleAvoidance_IsResumeGraceActive)
                  0000ff78    00000010     libc.a : copy_zero_init.c.obj (.text:decompress:ZI)
                  0000ff88    0000000c     car_controller.o (.text.CarController_GetRunMode)
                  0000ff94    0000000c     car_controller.o (.text.CarController_IsSafetyHoldActive)
                  0000ffa0    0000000c     car_state.o (.text.CarState_Get)
                  0000ffac    0000000c     car_state.o (.text.CarState_Init)
                  0000ffb8    0000000c     car_state.o (.text.CarState_Set)
                  0000ffc4    0000000c     emergency_stop.o (.text.EmergencyStop_Init)
                  0000ffd0    0000000c     emergency_stop.o (.text.EmergencyStop_IsActive)
                  0000ffdc    0000000c     gimbal_vision_adapter.o (.text.GimbalVisionAdapter_GetObservation)
                  0000ffe8    0000000c     gimbal.o (.text.Gimbal_Tick100us)
                  0000fff4    0000000c     gimbal.o (.text.Gimbal_Update5ms)
                  00010000    0000000c     imu.o (.text.Imu_GetCorrectedGyroZDps)
                  0001000c    0000000c     imu.o (.text.Imu_GetYaw)
                  00010018    0000000c     menu.o (.text.Menu_GetPage)
                  00010024    0000000c     menu.o (.text.Menu_GetParamItem)
                  00010030    0000000c     mission_manager.o (.text.MissionManager_IsExternallyHeld)
                  0001003c    0000000c     mission_manager.o (.text.MissionManager_SetExternalHold)
                  00010048    0000000c     obstacle_avoidance.o (.text.ObstacleAvoidance_IsActive)
                  00010054    0000000c     obstacle_avoidance.o (.text.ObstacleAvoidance_IsFailed)
                  00010060    0000000c     obstacle_safety.o (.text.ObstacleSafety_IsHolding)
                  0001006c    0000000c     oled_ui.o (.text.OledUi_Init)
                  00010078    0000000c     empty.o (.text.SystemTime_GetMs)
                  00010084    0000000c     watchdog_monitor.o (.text.WatchdogMonitor_HasTripped)
                  00010090    0000000c     libclang_rt.builtins.a : aeabi_memset.S.obj (.text.__aeabi_memclr)
                  0001009c    0000000a     driverlib.a : dl_common.o (.text.DL_Common_delayCycles)
                  000100a6    0000000a     track_sensor.o (.text.TrackSensor_IsCenterDetected)
                  000100b0    0000000a     track_sensor.o (.text.TrackSensor_IsLineDetected)
                  000100ba    0000000a     track_sensor.o (.text.TrackSensor_IsLineLost)
                  000100c4    00000008     fault.o (.text.Fault_GetRecord)
                  000100cc    00000008     gimbal_stepper.o (.text.GimbalStepper_GetFeedback)
                  000100d4    00000008     gimbal_vision_adapter.o (.text.GimbalVisionAdapter_GetFeedback)
                  000100dc    00000008     gimbal.o (.text.Gimbal_PitchStopTrackingHold)
                  000100e4    00000008     heading_control.o (.text.HeadingControl_GetRuntime)
                  000100ec    00000008     imu.o (.text.Imu_GetRuntime)
                  000100f4    00000008     line_controller.o (.text.LineController_GetRuntime)
                  000100fc    00000008     mission_manager.o (.text.MissionManager_GetMissionCount)
                  00010104    00000008     mission_manager.o (.text.MissionManager_GetRuntime)
                  0001010c    00000008     motion_action.o (.text.MotionAction_GetRuntime)
                  00010114    00000008     motor_control.o (.text.MotorControl_GetRuntime)
                  0001011c    00000008     obstacle_avoidance.o (.text.ObstacleAvoidance_GetFeedback)
                  00010124    00000008     obstacle_monitor.o (.text.ObstacleMonitor_GetFeedback)
                  0001012c    00000008     servo.o (.text.Servo_GetFeedback)
                  00010134    00000008     ultrasonic.o (.text.Ultrasonic_GetFeedback)
                  0001013c    00000008     vision_pitch_tuning.o (.text.VisionPitchTuning_GetStatus)
                  00010144    00000008     vision_receiver.o (.text.VisionReceiver_GetObservation)
                  0001014c    00000008     vision_receiver.o (.text.VisionReceiver_GetStatus)
                  00010154    00000008     vision_tuning_console.o (.text.VisionTuningConsole_GetStatus)
                  0001015c    00000008     watchdog_monitor.o (.text.WatchdogMonitor_GetStatus)
                  00010164    00000008     wheel_speed_estimator.o (.text.WheelSpeedEstimator_GetRuntime)
                  0001016c    00000008     libclang_rt.builtins.a : aeabi_memcpy.S.obj (.text.__aeabi_memcpy)
                  00010174    00000008                            : aeabi_memmove.S.obj (.text.__aeabi_memmove)
                  0001017c    00000006     libc.a : exit.c.obj (.text:abort)
                  00010182    00000004     libsysbm.a : hostexit.c.obj (.text.HOSTexit)
                  00010186    00000004     mission_library.o (.text.MissionLibrary_GetCount)
                  0001018a    00000004     startup_mspm0g350x_ticlang.o (.text.Reset_Handler)
                  0001018e    00000002     --HOLE-- [fill = 0]
                  00010190    00000010     libc.a : boot_cortex_m.c.obj (.tramp._c_int00_noargs.1)
                  000101a0    00000004            : pre_init.c.obj (.text._system_pre_init)
                  000101a4    0000000c     --HOLE-- [fill = 0]

.cinit     0    00010d30    00000030     
                  00010d30    0000000c     (__TI_handler_table)
                  00010d3c    00000008     (.cinit..bss.load) [load image, compression = zero_init]
                  00010d44    00000005     (.cinit..data.load) [load image, compression = lzss]
                  00010d49    00000003     --HOLE-- [fill = 0]
                  00010d4c    00000010     (__TI_cinit_table)
                  00010d5c    00000004     --HOLE-- [fill = 0]

.rodata    0    000101b0    00000b80     
                  000101b0    000000d8     oled.o (.rodata..Lswitch.table.OLED_PrintChar)
                  00010288    000000a8     mission_library.o (.rodata.g_missionMapA)
                  00010330    000000a8     mission_library.o (.rodata.g_missionMapB)
                  000103d8    00000080     mission_library.o (.rodata.g_missionRegistry)
                  00010458    00000078     mission_library.o (.rodata.g_missionMapC)
                  000104d0    00000078     mission_library.o (.rodata.g_missionTestRight90Turn)
                  00010548    00000060     mission_library.o (.rodata.g_missionTestYawHeading)
                  000105a8    00000048     mission_library.o (.rodata.g_missionTestObstacleFixed)
                  000105f0    00000048     mission_library.o (.rodata.g_missionTestSeekThenFollow)
                  00010638    00000048     mission_library.o (.rodata.g_missionTestStopOnly)
                  00010680    00000034     mission_library.o (.rodata..Lswitch.table.MissionLibrary_FindById)
                  000106b4    00000030     oled_ui.o (.rodata..Lswitch.table.OledUi_Update_20ms.176)
                  000106e4    00000024     menu.o (.rodata..Lswitch.table.Menu_ParamItemToString)
                  00010708    00000024     oled_ui.o (.rodata..Lswitch.table.OledUi_Update_20ms.180)
                  0001072c    00000024     oled_ui.o (.rodata..Lswitch.table.OledUi_Update_20ms.182)
                  00010750    00000020     oled_ui.o (.rodata..Lswitch.table.OledUi_Update_20ms.181)
                  00010770    0000001c     car_controller.o (.rodata..Lswitch.table.CarController_RunModeToString)
                  0001078c    0000001c     vision_tuning_console.o (.rodata.str1.1836208005852235077.1)
                  000107a8    00000018     oled_ui.o (.rodata..Lswitch.table.OledUi_Update_20ms.183)
                  000107c0    00000018     vision_pitch_tuning.o (.rodata..Lswitch.table.VisionPitchTuning_ParamName)
                  000107d8    00000014     vision_yaw_tuning.o (.rodata..Lswitch.table.VisionYawTuning_ParamName)
                  000107ec    0000000e     oled_ui.o (.rodata.str1.10416366799939242409.1)
                  000107fa    00000002     ti_msp_dl_config.o (.rodata.gUART_VISIONClockConfig)
                  000107fc    0000000c     oled_ui.o (.rodata..Lswitch.table.OledUi_Update_20ms.175)
                  00010808    0000000c     oled_ui.o (.rodata..Lswitch.table.OledUi_Update_20ms.177)
                  00010814    0000000c     oled_ui.o (.rodata..Lswitch.table.OledUi_Update_20ms)
                  00010820    0000000b     mission_library.o (.rodata.str1.1440970855772709381.1)
                  0001082b    0000000b     mission_library.o (.rodata.str1.199678142196697465.1)
                  00010836    0000000a     ti_msp_dl_config.o (.rodata.gUART_VISIONConfig)
                  00010840    0000000a     mission_library.o (.rodata.str1.11682660667400632204.1)
                  0001084a    0000000a     vision_tuning_console.o (.rodata.str1.4859846923128959820.1)
                  00010854    0000000a     vision_tuning_console.o (.rodata.str1.7225688704195888286.1)
                  0001085e    00000009     menu.o (.rodata..Lswitch.table.Menu_HandleKeyEvent)
                  00010867    00000009     mission_library.o (.rodata.str1.13636476544574750902.1)
                  00010870    00000009     oled_ui.o (.rodata.str1.15859922799842739878.1)
                  00010879    00000003     ti_msp_dl_config.o (.rodata.gPWM_MOTORClockConfig)
                  0001087c    00000008     ti_msp_dl_config.o (.rodata.gPWM_MOTORConfig)
                  00010884    00000008     oled_ui.o (.rodata.str1.10430294223631918979.1)
                  0001088c    00000008     vision_tuning_console.o (.rodata.str1.11718269490974306969.1)
                  00010894    00000008     oled_ui.o (.rodata.str1.13271657277589579873.1)
                  0001089c    00000008     oled_ui.o (.rodata.str1.14521350379984854626.1)
                  000108a4    00000008     mission_library.o (.rodata.str1.15668266851434757964.1)
                  000108ac    00000008     oled_ui.o (.rodata.str1.16931641404301806744.1)
                  000108b4    00000008     vision_tuning_console.o (.rodata.str1.3293472937029561918.1)
                  000108bc    00000008     oled_ui.o (.rodata.str1.5004483696121082904.1)
                  000108c4    00000007     vision_tuning_console.o (.rodata.str1.10860306953068020798.1)
                  000108cb    00000007     oled_ui.o (.rodata.str1.13882251010780863896.1)
                  000108d2    00000007     oled_ui.o (.rodata.str1.17540787658903907660.1)
                  000108d9    00000007     oled_ui.o (.rodata.str1.2308938766145545715.1)
                  000108e0    00000007     oled_ui.o (.rodata.str1.4402311448527872260.1)
                  000108e7    00000007     oled_ui.o (.rodata.str1.5689016102676777062.1)
                  000108ee    00000007     oled_ui.o (.rodata.str1.8783421139296713095.1)
                  000108f5    00000007     oled_ui.o (.rodata.str1.9135818829835424837.1)
                  000108fc    00000006     vision_tuning_console.o (.rodata.str1.10319329813075420582.1)
                  00010902    00000006     oled_ui.o (.rodata.str1.10568433575767188072.1)
                  00010908    00000006     oled_ui.o (.rodata.str1.11614055506586029288.1)
                  0001090e    00000006     oled_ui.o (.rodata.str1.11627403558423016802.1)
                  00010914    00000006     oled_ui.o (.rodata.str1.13567883086814673087.1)
                  0001091a    00000006     oled_ui.o (.rodata.str1.14142815821055334776.1)
                  00010920    00000006     oled_ui.o (.rodata.str1.1445687256832830955.1)
                  00010926    00000006     oled_ui.o (.rodata.str1.14740362735394205067.1)
                  0001092c    00000006     oled_ui.o (.rodata.str1.15577080202403550426.1)
                  00010932    00000006     mission_library.o (.rodata.str1.15604890807705439409.1)
                  00010938    00000006     oled_ui.o (.rodata.str1.15802367878353263018.1)
                  0001093e    00000006     mission_library.o (.rodata.str1.1642528554392422750.1)
                  00010944    00000006     oled_ui.o (.rodata.str1.17719310104486814868.1)
                  0001094a    00000006     oled_ui.o (.rodata.str1.18266126048138325213.1)
                  00010950    00000006     oled_ui.o (.rodata.str1.270145429241168923.1)
                  00010956    00000006     vision_tuning_console.o (.rodata.str1.4028100529439820245.1)
                  0001095c    00000006     mission_library.o (.rodata.str1.4392264057376583881.1)
                  00010962    00000006     oled_ui.o (.rodata.str1.9250665025187963892.1)
                  00010968    00000005     oled.o (.rodata.oled_get_glyph.colon)
                  0001096d    00000005     oled.o (.rodata.oled_get_glyph.eight)
                  00010972    00000005     oled.o (.rodata.oled_get_glyph.five)
                  00010977    00000005     oled.o (.rodata.oled_get_glyph.four)
                  0001097c    00000005     oled.o (.rodata.oled_get_glyph.glyphA)
                  00010981    00000005     oled.o (.rodata.oled_get_glyph.glyphB)
                  00010986    00000005     oled.o (.rodata.oled_get_glyph.glyphC)
                  0001098b    00000005     oled.o (.rodata.oled_get_glyph.glyphD)
                  00010990    00000005     oled.o (.rodata.oled_get_glyph.glyphE)
                  00010995    00000005     oled.o (.rodata.oled_get_glyph.glyphG)
                  0001099a    00000005     oled.o (.rodata.oled_get_glyph.glyphH)
                  0001099f    00000005     oled.o (.rodata.oled_get_glyph.glyphI)
                  000109a4    00000005     oled.o (.rodata.oled_get_glyph.glyphK)
                  000109a9    00000005     oled.o (.rodata.oled_get_glyph.glyphL)
                  000109ae    00000005     oled.o (.rodata.oled_get_glyph.glyphM)
                  000109b3    00000005     oled.o (.rodata.oled_get_glyph.glyphN)
                  000109b8    00000005     oled.o (.rodata.oled_get_glyph.glyphO)
                  000109bd    00000005     oled.o (.rodata.oled_get_glyph.glyphP)
                  000109c2    00000005     oled.o (.rodata.oled_get_glyph.glyphR)
                  000109c7    00000005     oled.o (.rodata.oled_get_glyph.glyphS)
                  000109cc    00000005     oled.o (.rodata.oled_get_glyph.glyphT)
                  000109d1    00000005     oled.o (.rodata.oled_get_glyph.glyphU)
                  000109d6    00000005     oled.o (.rodata.oled_get_glyph.glyphV)
                  000109db    00000005     oled.o (.rodata.oled_get_glyph.glyphW)
                  000109e0    00000005     oled.o (.rodata.oled_get_glyph.glyphX)
                  000109e5    00000005     oled.o (.rodata.oled_get_glyph.glyphY)
                  000109ea    00000005     oled.o (.rodata.oled_get_glyph.glyphb)
                  000109ef    00000005     oled.o (.rodata.oled_get_glyph.gt)
                  000109f4    00000005     oled.o (.rodata.oled_get_glyph.minus)
                  000109f9    00000005     oled.o (.rodata.oled_get_glyph.nine)
                  000109fe    00000005     oled.o (.rodata.oled_get_glyph.one)
                  00010a03    00000005     oled.o (.rodata.oled_get_glyph.seven)
                  00010a08    00000005     oled.o (.rodata.oled_get_glyph.six)
                  00010a0d    00000005     oled.o (.rodata.oled_get_glyph.space)
                  00010a12    00000005     oled.o (.rodata.oled_get_glyph.three)
                  00010a17    00000005     oled.o (.rodata.oled_get_glyph.two)
                  00010a1c    00000005     oled.o (.rodata.oled_get_glyph.zero)
                  00010a21    00000005     oled_ui.o (.rodata.str1.11149198520117834688.1)
                  00010a26    00000005     oled_ui.o (.rodata.str1.11388022865931857840.1)
                  00010a2b    00000005     oled_ui.o (.rodata.str1.11428648044669318875.1)
                  00010a30    00000005     oled_ui.o (.rodata.str1.11794000050372113979.1)
                  00010a35    00000005     oled_ui.o (.rodata.str1.12493748764729730277.1)
                  00010a3a    00000005     oled_ui.o (.rodata.str1.12697925274637991987.1)
                  00010a3f    00000005     oled_ui.o (.rodata.str1.13790669171379415506.1)
                  00010a44    00000005     vision_pitch_tuning.o (.rodata.str1.13915893147848268398.1)
                  00010a49    00000005     fault.o (.rodata.str1.14435905801345341244.1)
                  00010a4e    00000005     fault.o (.rodata.str1.1506612114648992996.1)
                  00010a53    00000005     oled_ui.o (.rodata.str1.15132332204781002199.1)
                  00010a58    00000005     oled_ui.o (.rodata.str1.15817398807211891688.1)
                  00010a5d    00000005     oled_ui.o (.rodata.str1.15917848551323629232.1)
                  00010a62    00000005     oled_ui.o (.rodata.str1.16290499236105125126.1)
                  00010a67    00000005     oled_ui.o (.rodata.str1.16411631209783952401.1)
                  00010a6c    00000005     car_controller.o (.rodata.str1.1652194605229746967.1)
                  00010a71    00000005     oled_ui.o (.rodata.str1.16554583589798097927.1)
                  00010a76    00000005     oled_ui.o (.rodata.str1.16939060351352778619.1)
                  00010a7b    00000005     fault.o (.rodata.str1.17097894860660336008.1)
                  00010a80    00000005     fault.o (.rodata.str1.17155043670132108083.1)
                  00010a85    00000005     vision_tuning_console.o (.rodata.str1.17265544270347038021.1)
                  00010a8a    00000005     oled_ui.o (.rodata.str1.17464849429964608858.1)
                  00010a8f    00000005     oled_ui.o (.rodata.str1.17881291656140238186.1)
                  00010a94    00000005     oled_ui.o (.rodata.str1.18128648927899109887.1)
                  00010a99    00000005     fault.o (.rodata.str1.2104670281202025270.1)
                  00010a9e    00000005     oled_ui.o (.rodata.str1.2983744876309220570.1)
                  00010aa3    00000005     oled_ui.o (.rodata.str1.3407221357956504873.1)
                  00010aa8    00000005     oled_ui.o (.rodata.str1.344790106308886506.1)
                  00010aad    00000005     oled_ui.o (.rodata.str1.3702290527496711532.1)
                  00010ab2    00000005     car_controller.o (.rodata.str1.4164979912472006574.1)
                  00010ab7    00000005     fault.o (.rodata.str1.4453281041433270631.1)
                  00010abc    00000005     fault.o (.rodata.str1.4549004730087743662.1)
                  00010ac1    00000005     oled_ui.o (.rodata.str1.4581472623415959594.1)
                  00010ac6    00000005     oled_ui.o (.rodata.str1.4610220316623841660.1)
                  00010acb    00000005     menu.o (.rodata.str1.4862307748908978627.1)
                  00010ad0    00000005     oled_ui.o (.rodata.str1.5291836437463020264.1)
                  00010ad5    00000005     fault.o (.rodata.str1.6372787129294360447.1)
                  00010ada    00000005     fault.o (.rodata.str1.6437946768974223044.1)
                  00010adf    00000005     oled_ui.o (.rodata.str1.6806727740681590176.1)
                  00010ae4    00000005     oled_ui.o (.rodata.str1.7185587941321649510.1)
                  00010ae9    00000005     oled_ui.o (.rodata.str1.7219546930854689545.1)
                  00010aee    00000005     oled_ui.o (.rodata.str1.763101100280173925.1)
                  00010af3    00000005     vision_yaw_tuning.o (.rodata.str1.7764041101441114269.1)
                  00010af8    00000005     oled_ui.o (.rodata.str1.799718701096035713.1)
                  00010afd    00000005     fault.o (.rodata.str1.8185770893384132067.1)
                  00010b02    00000005     oled_ui.o (.rodata.str1.8426569189266129334.1)
                  00010b07    00000005     oled_ui.o (.rodata.str1.8449035241871861290.1)
                  00010b0c    00000005     oled_ui.o (.rodata.str1.8703997732205428909.1)
                  00010b11    00000005     oled_ui.o (.rodata.str1.8709745090823444516.1)
                  00010b16    00000005     oled_ui.o (.rodata.str1.9229350655415085.1)
                  00010b1b    00000005     car_controller.o (.rodata.str1.9234375891235759983.1)
                  00010b20    00000005     oled_ui.o (.rodata.str1.9611283282870761829.1)
                  00010b25    00000005     car_controller.o (.rodata.str1.9981487771679760427.1)
                  00010b2a    00000004     oled_ui.o (.rodata.str1.10077435089618835710.1)
                  00010b2e    00000004     oled_ui.o (.rodata.str1.1019225241002246410.1)
                  00010b32    00000004     oled_ui.o (.rodata.str1.10263419832828250601.1)
                  00010b36    00000004     oled_ui.o (.rodata.str1.10509309789429088155.1)
                  00010b3a    00000004     oled_ui.o (.rodata.str1.10907125332684471422.1)
                  00010b3e    00000004     oled_ui.o (.rodata.str1.11178346780556493352.1)
                  00010b42    00000004     oled_ui.o (.rodata.str1.11232419324784801130.1)
                  00010b46    00000004     menu.o (.rodata.str1.12110183915172842339.1)
                  00010b4a    00000004     oled_ui.o (.rodata.str1.12182588061437138428.1)
                  00010b4e    00000004     car_controller.o (.rodata.str1.12442237994239546032.1)
                  00010b52    00000004     oled_ui.o (.rodata.str1.12504350857748951577.1)
                  00010b56    00000004     oled_ui.o (.rodata.str1.12595606217184830646.1)
                  00010b5a    00000004     oled_ui.o (.rodata.str1.12617122458660443890.1)
                  00010b5e    00000004     oled_ui.o (.rodata.str1.12888220461447056082.1)
                  00010b62    00000004     oled_ui.o (.rodata.str1.12983537867572525563.1)
                  00010b66    00000004     oled_ui.o (.rodata.str1.130772507669342127.1)
                  00010b6a    00000004     menu.o (.rodata.str1.13124720451672825294.1)
                  00010b6e    00000004     oled_ui.o (.rodata.str1.13244290092665904221.1)
                  00010b72    00000004     fault.o (.rodata.str1.13582094816268305212.1)
                  00010b76    00000004     oled_ui.o (.rodata.str1.13871579367539052597.1)
                  00010b7a    00000004     oled_ui.o (.rodata.str1.13875148296791986931.1)
                  00010b7e    00000004     vision_tuning_console.o (.rodata.str1.14084955404328172175.1)
                  00010b82    00000004     menu.o (.rodata.str1.14098755746347272832.1)
                  00010b86    00000004     oled_ui.o (.rodata.str1.14132186318895045592.1)
                  00010b8a    00000004     oled_ui.o (.rodata.str1.14134189893851348960.1)
                  00010b8e    00000004     oled_ui.o (.rodata.str1.14168333168339663346.1)
                  00010b92    00000004     oled_ui.o (.rodata.str1.14358698208395374265.1)
                  00010b96    00000004     oled_ui.o (.rodata.str1.14556837007311414654.1)
                  00010b9a    00000004     oled_ui.o (.rodata.str1.14711868471336838103.1)
                  00010b9e    00000004     oled_ui.o (.rodata.str1.14774750633985060196.1)
                  00010ba2    00000004     oled_ui.o (.rodata.str1.15008238333949226094.1)
                  00010ba6    00000004     oled_ui.o (.rodata.str1.15613891207764622616.1)
                  00010baa    00000004     oled_ui.o (.rodata.str1.15829239520183577662.1)
                  00010bae    00000004     fault.o (.rodata.str1.16482347271627360806.1)
                  00010bb2    00000004     oled_ui.o (.rodata.str1.16496169091617228061.1)
                  00010bb6    00000004     vision_pitch_tuning.o (.rodata.str1.16579632732967443104.1)
                  00010bba    00000004     oled_ui.o (.rodata.str1.16635595130967924751.1)
                  00010bbe    00000004     oled_ui.o (.rodata.str1.16849766574302683489.1)
                  00010bc2    00000004     oled_ui.o (.rodata.str1.16895433903389883335.1)
                  00010bc6    00000004     menu.o (.rodata.str1.17041139162815566052.1)
                  00010bca    00000004     oled_ui.o (.rodata.str1.17067061841413117831.1)
                  00010bce    00000004     car_controller.o (.rodata.str1.17172356789460551389.1)
                  00010bd2    00000004     oled_ui.o (.rodata.str1.17242430504649735449.1)
                  00010bd6    00000004     oled_ui.o (.rodata.str1.17274519358952562110.1)
                  00010bda    00000004     oled_ui.o (.rodata.str1.17717236995185551183.1)
                  00010bde    00000004     oled_ui.o (.rodata.str1.17747339173178619492.1)
                  00010be2    00000004     oled_ui.o (.rodata.str1.17884296644359297425.1)
                  00010be6    00000004     car_controller.o (.rodata.str1.18191498530309206443.1)
                  00010bea    00000004     oled_ui.o (.rodata.str1.18379317056176403938.1)
                  00010bee    00000004     oled_ui.o (.rodata.str1.1974573040514735405.1)
                  00010bf2    00000004     oled_ui.o (.rodata.str1.2193316011307952170.1)
                  00010bf6    00000004     oled_ui.o (.rodata.str1.240075016795266086.1)
                  00010bfa    00000004     oled_ui.o (.rodata.str1.2522137003438374266.1)
                  00010bfe    00000004     oled_ui.o (.rodata.str1.2603845803395459882.1)
                  00010c02    00000004     oled_ui.o (.rodata.str1.2608729314174233125.1)
                  00010c06    00000004     oled_ui.o (.rodata.str1.2656948373757303877.1)
                  00010c0a    00000004     oled_ui.o (.rodata.str1.2714695401222167146.1)
                  00010c0e    00000004     oled_ui.o (.rodata.str1.2742282290834473644.1)
                  00010c12    00000004     oled_ui.o (.rodata.str1.35417727660486075.1)
                  00010c16    00000004     oled_ui.o (.rodata.str1.4193589846040060630.1)
                  00010c1a    00000004     oled_ui.o (.rodata.str1.4551794666512319153.1)
                  00010c1e    00000004     oled_ui.o (.rodata.str1.4582914374586912483.1)
                  00010c22    00000004     oled_ui.o (.rodata.str1.4932371652560868037.1)
                  00010c26    00000004     menu.o (.rodata.str1.5155000645726596423.1)
                  00010c2a    00000004     oled_ui.o (.rodata.str1.5463568455719735.1)
                  00010c2e    00000004     oled_ui.o (.rodata.str1.5853739094453432564.1)
                  00010c32    00000004     oled_ui.o (.rodata.str1.5965450730569173784.1)
                  00010c36    00000004     oled_ui.o (.rodata.str1.5965888106848176421.1)
                  00010c3a    00000004     oled_ui.o (.rodata.str1.6473435968988645044.1)
                  00010c3e    00000004     oled_ui.o (.rodata.str1.6954814719705590448.1)
                  00010c42    00000004     car_controller.o (.rodata.str1.702403006289709404.1)
                  00010c46    00000004     fault.o (.rodata.str1.7255546073596598018.1)
                  00010c4a    00000004     oled_ui.o (.rodata.str1.7419768602719733415.1)
                  00010c4e    00000004     oled_ui.o (.rodata.str1.8236579331345056500.1)
                  00010c52    00000004     oled_ui.o (.rodata.str1.8399051469953744892.1)
                  00010c56    00000004     oled_ui.o (.rodata.str1.8460525935980491721.1)
                  00010c5a    00000004     oled_ui.o (.rodata.str1.8471462185882660445.1)
                  00010c5e    00000004     oled_ui.o (.rodata.str1.8950259614286592359.1)
                  00010c62    00000004     oled_ui.o (.rodata.str1.9102528229756940648.1)
                  00010c66    00000004     oled_ui.o (.rodata.str1.9159586779647977165.1)
                  00010c6a    00000004     vision_tuning_console.o (.rodata.str1.9292707793305368794.1)
                  00010c6e    00000004     oled_ui.o (.rodata.str1.9295666102996717355.1)
                  00010c72    00000004     vision_yaw_tuning.o (.rodata.str1.9489746196023004463.1)
                  00010c76    00000004     menu.o (.rodata.str1.9546740394641817443.1)
                  00010c7a    00000004     oled_ui.o (.rodata.str1.9554470707595806150.1)
                  00010c7e    00000004     oled_ui.o (.rodata.str1.9584387800903135389.1)
                  00010c82    00000004     oled_ui.o (.rodata.str1.967006512144173535.1)
                  00010c86    00000004     oled_ui.o (.rodata.str1.9822857334037886482.1)
                  00010c8a    00000004     oled_ui.o (.rodata.str1.9854382722193312766.1)
                  00010c8e    00000004     oled_ui.o (.rodata.str1.9992244628984851027.1)
                  00010c92    00000003     vision_pitch_tuning.o (.rodata.str1.10553819018306626402.1)
                  00010c95    00000003     oled_ui.o (.rodata.str1.10600688730180713177.1)
                  00010c98    00000003     oled_ui.o (.rodata.str1.1108652269057166745.1)
                  00010c9b    00000003     vision_tuning_console.o (.rodata.str1.12197883643583142124.1)
                  00010c9e    00000003     oled_ui.o (.rodata.str1.12359577037488465078.1)
                  00010ca1    00000003     oled_ui.o (.rodata.str1.12571791089077708471.1)
                  00010ca4    00000003     oled_ui.o (.rodata.str1.1276391367487699528.1)
                  00010ca7    00000003     oled_ui.o (.rodata.str1.12928245060369742404.1)
                  00010caa    00000003     oled_ui.o (.rodata.str1.13750180467131823662.1)
                  00010cad    00000003     vision_pitch_tuning.o (.rodata.str1.15082469624955958926.1)
                  00010cb0    00000003     vision_yaw_tuning.o (.rodata.str1.15455206247194842411.1)
                  00010cb3    00000003     oled_ui.o (.rodata.str1.15575624326185233262.1)
                  00010cb6    00000003     oled_ui.o (.rodata.str1.15935041339501476673.1)
                  00010cb9    00000003     menu.o (.rodata.str1.16312125044762562515.1)
                  00010cbc    00000003     vision_tuning_console.o (.rodata.str1.16336339630363933256.1)
                  00010cbf    00000003     oled_ui.o (.rodata.str1.16526439943277383452.1)
                  00010cc2    00000003     vision_pitch_tuning.o (.rodata.str1.17185918124541117546.1)
                  00010cc5    00000003     oled_ui.o (.rodata.str1.17436941090773226089.1)
                  00010cc8    00000003     oled_ui.o (.rodata.str1.17763087492223448992.1)
                  00010ccb    00000003     oled_ui.o (.rodata.str1.17763996158807330232.1)
                  00010cce    00000003     oled_ui.o (.rodata.str1.17812014771544466701.1)
                  00010cd1    00000003     vision_pitch_tuning.o (.rodata.str1.18308346119964257230.1)
                  00010cd4    00000003     vision_pitch_tuning.o (.rodata.str1.2353024170771920291.1)
                  00010cd7    00000003     oled_ui.o (.rodata.str1.3025253791635144717.1)
                  00010cda    00000003     oled_ui.o (.rodata.str1.3455423528827705371.1)
                  00010cdd    00000003     oled_ui.o (.rodata.str1.3467953211977455017.1)
                  00010ce0    00000003     vision_yaw_tuning.o (.rodata.str1.4032468970572441659.1)
                  00010ce3    00000003     oled_ui.o (.rodata.str1.4082595774073207366.1)
                  00010ce6    00000003     oled_ui.o (.rodata.str1.4581686099848791648.1)
                  00010ce9    00000003     menu.o (.rodata.str1.4646809750356241979.1)
                  00010cec    00000003     oled_ui.o (.rodata.str1.4691821198597473371.1)
                  00010cef    00000003     oled_ui.o (.rodata.str1.4723632947289500520.1)
                  00010cf2    00000003     oled_ui.o (.rodata.str1.5376340479846291137.1)
                  00010cf5    00000003     oled_ui.o (.rodata.str1.6350830172869379626.1)
                  00010cf8    00000003     vision_yaw_tuning.o (.rodata.str1.6393086909333857079.1)
                  00010cfb    00000003     vision_yaw_tuning.o (.rodata.str1.6657421771701333087.1)
                  00010cfe    00000003     oled_ui.o (.rodata.str1.6744096065564390185.1)
                  00010d01    00000003     oled_ui.o (.rodata.str1.6835749436006845616.1)
                  00010d04    00000003     menu.o (.rodata.str1.6857549598058878762.1)
                  00010d07    00000003     oled_ui.o (.rodata.str1.7481335054564682966.1)
                  00010d0a    00000003     oled_ui.o (.rodata.str1.7774807581888385879.1)
                  00010d0d    00000003     oled_ui.o (.rodata.str1.8018480777946742726.1)
                  00010d10    00000003     oled_ui.o (.rodata.str1.8124536758062367015.1)
                  00010d13    00000003     fault.o (.rodata.str1.8193046109637024842.1)
                  00010d16    00000003     oled_ui.o (.rodata.str1.8403269972884532600.1)
                  00010d19    00000003     oled_ui.o (.rodata.str1.8693388333057100694.1)
                  00010d1c    00000003     oled_ui.o (.rodata.str1.9351772214919528733.1)
                  00010d1f    00000003     oled_ui.o (.rodata.str1.9544068167406571052.1)
                  00010d22    00000003     oled_ui.o (.rodata.str1.9646571805098343045.1)
                  00010d25    00000002     oled_ui.o (.rodata.str1.12043213579996415112.1)
                  00010d27    00000002     oled_ui.o (.rodata.str1.14265077442249237877.1)
                  00010d29    00000002     oled_ui.o (.rodata.str1.182352409660151230.1)
                  00010d2b    00000002     oled_ui.o (.rodata.str1.58703915094955230.1)
                  00010d2d    00000002     oled_ui.o (.rodata.str1.7050595558965647569.1)
                  00010d2f    00000001     --HOLE-- [fill = 0]

.init_array 
*          0    00000000    00000000     UNINITIALIZED

.binit     0    00000000    00000000     

.bss       0    20200000    00000cd9     UNINITIALIZED
                  20200000    00000200     vision_receiver.o (.bss.g_ring)
                  20200200    00000170     runtime_snapshot.o (.bss.g_snapshot)
                  20200370    00000100     vision_tuning_console.o (.bss.g_rxRing)
                  20200470    00000100     vision_tuning_console.o (.bss.g_txRing)
                  20200570    000000dc     (.common:g_appConfig)
                  2020064c    0000007c     motor_control.o (.bss.g_runtime)
                  202006c8    0000005c     (.common:g_imuRuntime)
                  20200724    00000058     vision_receiver.o (.bss.g_status)
                  2020077c    00000004     imu.o (.bss.g_elapsedSinceValidSampleMs)
                  20200780    00000058     (.common:g_wheelSpeedEstimatorRuntime)
                  202007d8    00000048     gimbal_vision_adapter.o (.bss.g_feedback)
                  20200820    00000040     gimbal.o (.bss.g_feedback)
                  20200860    00000040     vision_tuning_console.o (.bss.g_line)
                  202008a0    00000040     line_controller.o (.bss.g_lineRuntime)
                  202008e0    00000040     gimbal.o (.bss.g_pitchFeedback)
                  20200920    00000040     (.common:g_appRuntime)
                  20200960    00000030     (.common:gUART_VISIONBackup)
                  20200990    0000002c     vision_receiver.o (.bss.g_observation)
                  202009bc    0000002c     empty.o (.bss.g_schedulerStats)
                  202009e8    00000028     gimbal_tracker.o (.bss.g_feedback)
                  20200a10    00000028     vision_receiver.o (.bss.g_frame)
                  20200a38    00000024     gimbal_vision_yaw_tracker.o (.bss.g_feedback)
                  20200a5c    00000020     mission_manager.o (.bss.g_missionRuntime)
                  20200a7c    00000018     obstacle_avoidance.o (.bss.g_avoidFeedback)
                  20200a94    00000004     gimbal_tracker.o (.bss.g_filteredErrorX)
                  20200a98    00000018     gimbal_stepper.o (.bss.g_feedback)
                  20200ab0    00000018     gimbal_vision_pitch_tracker.o (.bss.g_feedback)
                  20200ac8    00000018     vision_pitch_tuning.o (.bss.g_status)
                  20200ae0    00000018     vision_tuning_console.o (.bss.g_status)
                  20200af8    00000014     motion_action.o (.bss.g_motionActionRuntime)
                  20200b0c    00000004     gimbal_tracker.o (.bss.g_filteredErrorY)
                  20200b10    00000014     vision_yaw_tuning.o (.bss.g_status)
                  20200b24    00000014     watchdog_monitor.o (.bss.g_status)
                  20200b38    00000014     (.common:g_headingRuntime)
                  20200b4c    00000010     fault.o (.bss.g_faultRecord)
                  20200b5c    00000010     motor.o (.bss.g_motorRuntime)
                  20200b6c    0000000e     car_controller.o (.bss.g_carControllerFeedback)
                  20200b7a    00000002     ultrasonic.o (.bss.g_echoTicks)
                  20200b7c    0000000e     ultrasonic.o (.bss.g_ultrasonicFeedback)
                  20200b8a    00000002     gimbal.o (.bss.g_pitchHalfPeriodTicks)
                  20200b8c    0000000c     gimbal_tracker.o (.bss.g_observation)
                  20200b98    0000000c     debug_telemetry.o (.bss.g_status)
                  20200ba4    00000008     obstacle_monitor.o (.bss.g_obstacleFeedback)
                  20200bac    00000004     gimbal_vision_adapter.o (.bss.g_lastAcceptedFrameCount)
                  20200bb0    00000008     gimbal.o (.bss.g_pitchContinuousDegX10)
                  20200bb8    00000008     gimbal.o (.bss.g_pitchEstimatedSteps)
                  20200bc0    00000008     gimbal.o (.bss.g_pitchTargetDegX10)
                  20200bc8    00000008     gimbal.o (.bss.g_pitchTargetEstimatedSteps)
                  20200bd0    00000008     gimbal_stepper.o (.bss.g_stepperEstimatedSteps)
                  20200bd8    00000008     gimbal_stepper.o (.bss.g_stepperTargetEstimatedSteps)
                  20200be0    00000008     gimbal.o (.bss.g_yawContinuousDegX10)
                  20200be8    00000008     gimbal.o (.bss.g_yawLockedWorldYawDegX10)
                  20200bf0    00000008     gimbal.o (.bss.g_yawTargetContinuousDegX10)
                  20200bf8    00000008     gimbal.o (.bss.g_yawWorldTargetDegX10)
                  20200c00    00000008     gimbal.o (.bss.g_yawWrappedDegX10)
                  20200c08    00000006     ultrasonic.o (.bss.g_distanceSamples)
                  20200c0e    00000006     key.o (.bss.g_key1)
                  20200c14    00000006     key.o (.bss.g_key2)
                  20200c1a    00000006     key.o (.bss.g_key3)
                  20200c20    00000004     debug_telemetry.o (.bss.g_lastFrameMs)
                  20200c24    00000004     watchdog_monitor.o (.bss.g_lastTickMs)
                  20200c28    00000004     wheel_speed_estimator.o (.bss.g_latchedErrorFlags)
                  20200c2c    00000004     empty.o (.bss.g_localTimeMs)
                  20200c30    00000004     motion_action.o (.bss.g_motionActionStartYawDeg)
                  20200c34    00000004     encoder.o (.bss.g_motorAPulses)
                  20200c38    00000004     encoder.o (.bss.g_motorBPulses)
                  20200c3c    00000004     gimbal.o (.bss.g_pitchCommandedRpm)
                  20200c40    00000004     gimbal.o (.bss.g_pitchCompletedSteps)
                  20200c44    00000004     gimbal_tracker.o (.bss.g_pitchTargetDeg)
                  20200c48    00000004     gimbal.o (.bss.g_pitchTargetRpm)
                  20200c4c    00000004     gimbal.o (.bss.g_pitchTrackingTargetRpm)
                  20200c50    00000004     imu.o (.bss.g_previousValidCorrectedGyroZDps)
                  20200c54    00000004     servo.o (.bss.g_servoFeedback)
                  20200c58    00000004     gimbal_vision_yaw_tracker.o (.bss.g_sessionId)
                  20200c5c    00000004     gimbal_stepper.o (.bss.g_stepperCompletedSteps)
                  20200c60    00000004     gimbal_vision_yaw_tracker.o (.bss.g_targetWrappedDeg)
                  20200c64    00000004     gimbal.o (.bss.g_yawCommandedRpm)
                  20200c68    00000004     gimbal.o (.bss.g_yawTargetRpm)
                  20200c6c    00000004     gimbal_tracker.o (.bss.g_yawTargetWrappedDeg)
                  20200c70    00000004     empty.o (.bss.main.lastAppUpdateMs)
                  20200c74    00000002     gimbal.o (.bss.g_pitchStepHalfPeriodTicks)
                  20200c76    00000002     obstacle_avoidance.o (.bss.g_resumeGraceMs)
                  20200c78    00000002     vision_receiver.o (.bss.g_ringHead)
                  20200c7a    00000002     vision_receiver.o (.bss.g_ringTail)
                  20200c7c    00000002     vision_tuning_console.o (.bss.g_rxHead)
                  20200c7e    00000002     vision_tuning_console.o (.bss.g_rxTail)
                  20200c80    00000002     servo.o (.bss.g_servoPwmPhase)
                  20200c82    00000002     ultrasonic.o (.bss.g_stateTicks)
                  20200c84    00000002     gimbal_stepper.o (.bss.g_stepperHalfPeriodTicks)
                  20200c86    00000002     gimbal_stepper.o (.bss.g_stepperStepHalfPeriodTicks)
                  20200c88    00000002     vision_tuning_console.o (.bss.g_txHead)
                  20200c8a    00000002     vision_tuning_console.o (.bss.g_txTail)
                  20200c8c    00000002     (.common:g_trackError)
                  20200c8e    00000001     oled_ui.o (.bss.OledUi_Update_20ms.refreshDivider)
                  20200c8f    00000001     empty.o (.bss.SysTick_Handler.controlMsCount)
                  20200c90    00000001     empty.o (.bss.SysTick_Handler.gimbalMsCount)
                  20200c91    00000001     empty.o (.bss.SysTick_Handler.tick100usCount)
                  20200c92    00000001     empty.o (.bss.SysTick_Handler.trackerMsCount)
                  20200c93    00000001     ultrasonic.o (.bss.Ultrasonic_Update_20ms.triggerDivider)
                  20200c94    00000001     empty.o (.bss.g_appUpdatePending)
                  20200c95    00000001     vision_tuning_console.o (.bss.g_capturing)
                  20200c96    00000001     car_state.o (.bss.g_carState)
                  20200c97    00000001     obstacle_monitor.o (.bss.g_centerSettleTicks)
                  20200c98    00000001     vision_tuning_console.o (.bss.g_commandTarget)
                  20200c99    00000001     ultrasonic.o (.bss.g_distanceSampleCount)
                  20200c9a    00000001     ultrasonic.o (.bss.g_distanceSampleIndex)
                  20200c9b    00000001     emergency_stop.o (.bss.g_emergencyStopActive)
                  20200c9c    00000001     gimbal_tracker.o (.bss.g_enabled)
                  20200c9d    00000001     gimbal_vision_pitch_tracker.o (.bss.g_enabled)
                  20200c9e    00000001     gimbal_vision_yaw_tracker.o (.bss.g_enabled)
                  20200c9f    00000001     watchdog_monitor.o (.bss.g_faultApplied)
                  20200ca0    00000001     watchdog_monitor.o (.bss.g_faultPending)
                  20200ca1    00000001     gimbal_tracker.o (.bss.g_filterReady)
                  20200ca2    00000001     vision_receiver.o (.bss.g_frameSize)
                  20200ca3    00000001     empty.o (.bss.g_gimbalUpdatePending)
                  20200ca4    00000001     imu.o (.bss.g_integrationHistoryValid)
                  20200ca5    00000001     wheel_speed_estimator.o (.bss.g_leftFilterInitialized)
                  20200ca6    00000001     vision_tuning_console.o (.bss.g_lineSize)
                  20200ca7    00000001     obstacle_safety.o (.bss.g_obstacleSafetyHolding)
                  20200ca8    00000001     oled.o (.bss.g_oledColumn)
                  20200ca9    00000001     menu.o (.bss.g_oledPage)
                  20200caa    00000001     encoder.o (.bss.g_overflowFlags)
                  20200cab    00000001     menu.o (.bss.g_paramItem)
                  20200cac    00000001     menu.o (.bss.g_paramReturnPage)
                  20200cad    00000001     key.o (.bss.g_pendingEvent)
                  20200cae    00000001     gimbal.o (.bss.g_pitchControlMode)
                  20200caf    00000001     gimbal.o (.bss.g_pitchDirection)
                  20200cb0    00000001     gimbal.o (.bss.g_pitchInitialized)
                  20200cb1    00000001     gimbal.o (.bss.g_pitchLimitClamped)
                  20200cb2    00000001     gimbal.o (.bss.g_pitchLimitDirection)
                  20200cb3    00000001     gimbal.o (.bss.g_pitchPositionValid)
                  20200cb4    00000001     gimbal.o (.bss.g_pitchRunning)
                  20200cb5    00000001     gimbal.o (.bss.g_pitchStepHigh)
                  20200cb6    00000001     gimbal.o (.bss.g_pitchStopAfterStepLow)
                  20200cb7    00000001     vision_tuning_console.o (.bss.g_prefixIndex)
                  20200cb8    00000001     vision_tuning_console.o (.bss.g_prefixTarget)
                  20200cb9    00000001     wheel_speed_estimator.o (.bss.g_rightFilterInitialized)
                  20200cba    00000001     car_controller.o (.bss.g_safetyHold)
                  20200cbb    00000001     gimbal_vision_yaw_tracker.o (.bss.g_sessionInitialized)
                  20200cbc    00000001     imu.o (.bss.g_shortGapPending)
                  20200cbd    00000001     gimbal_tracker.o (.bss.g_simObservationUpdatesRemaining)
                  20200cbe    00000001     obstacle_avoidance.o (.bss.g_stateStarted)
                  20200cbf    00000001     gimbal_stepper.o (.bss.g_stepperDirection)
                  20200cc0    00000001     gimbal_stepper.o (.bss.g_stepperRunning)
                  20200cc1    00000001     gimbal_stepper.o (.bss.g_stepperStepHigh)
                  20200cc2    00000001     gimbal_stepper.o (.bss.g_stepperStopAfterStepLow)
                  20200cc3    00000001     motor_control.o (.bss.g_targetRefreshed)
                  20200cc4    00000001     gimbal_vision_yaw_tracker.o (.bss.g_targetSynced)
                  20200cc5    00000001     gimbal_tracker.o (.bss.g_targetValid)
                  20200cc6    00000001     gimbal_tracker.o (.bss.g_targetsSynced)
                  20200cc7    00000001     empty.o (.bss.g_trackerUpdatePending)
                  20200cc8    00000001     gimbal_tracker.o (.bss.g_trackingActive)
                  20200cc9    00000001     gimbal_vision_pitch_tracker.o (.bss.g_trackingActive)
                  20200cca    00000001     gimbal_vision_yaw_tracker.o (.bss.g_trackingActive)
                  20200ccb    00000001     ultrasonic.o (.bss.g_triggerRequest)
                  20200ccc    00000001     ultrasonic.o (.bss.g_ultrasonicState)
                  20200ccd    00000001     gimbal.o (.bss.g_yawLimitClamped)
                  20200cce    00000001     gimbal.o (.bss.g_yawLimitDirection)
                  20200ccf    00000001     gimbal.o (.bss.g_yawPositionValid)
                  20200cd0    00000001     gimbal.o (.bss.g_yawWorldLockEnabled)
                  20200cd1    00000001     (.common:g_carStateDebug)
                  20200cd2    00000001     (.common:g_keyEvent)
                  20200cd3    00000001     (.common:g_oledPageDebug)
                  20200cd4    00000001     (.common:g_paramItemDebug)
                  20200cd5    00000001     (.common:g_trackBlackCount)
                  20200cd6    00000001     (.common:g_trackModeDebug)
                  20200cd7    00000001     (.common:g_trackRaw)
                  20200cd8    00000001     (.common:g_trackTurnDebug)

.data      0    20200cd9    00000001     UNINITIALIZED
                  20200cd9    00000001     car_controller.o (.data.g_followTurnPolicy)

.stack     0    20207e00    00000200     UNINITIALIZED
                  20207e00    00000004     libc.a : boot_cortex_m.c.obj (.stack)
                  20207e04    000001fc     --HOLE--

__llvm_prf_cnts 
*          0    20200000    00000000     UNINITIALIZED

__llvm_prf_bits 
*          0    20200000    00000000     UNINITIALIZED

MODULE SUMMARY

       Module                          code    ro data   rw data
       ------                          ----    -------   -------
    .\
       vision_tuning_console.o         9616    102       613    
       oled_ui.o                       9340    981       1      
       gimbal.o                        5884    0         241    
       imu.o                           4108    0         102    
       car_controller.o                3828    64        80     
       motor_control.o                 2768    0         125    
       oled.o                          2210    401       1      
       gimbal_tracker.o                2288    0         74     
       line_controller.o               2112    0         64     
       vision_receiver.o               1112    0         689    
       gimbal_vision_yaw_tracker.o     1732    0         48     
       app_config.o                    1540    0         220    
       wheel_speed_estimator.o         1296    0         94     
       runtime_snapshot.o              972     0         368    
       mission_manager.o               1300    0         32     
       mission_library.o               174     1135      0      
       gimbal_stepper.o                1168    0         52     
       motion_action.o                 1156    0         24     
       obstacle_avoidance.o            1138    0         27     
       motor.o                         776     0         16     
       menu.o                          692     83        3      
       empty.o                         676     0         59     
       vision_protocol.o               732     0         0      
       gimbal_vision_pitch_tracker.o   696     0         26     
       ti_msp_dl_config.o              636     23        48     
       ultrasonic.o                    596     0         29     
       key.o                           436     0         19     
       app.o                           410     0         10     
       fault.o                         296     65        16     
       track_sensor.o                  372     0         0      
       vision_pitch_tuning.o           268     48        24     
       watchdog_monitor.o              292     0         26     
       vision_yaw_tuning.o             248     41        20     
       gimbal_vision_adapter.o         228     0         76     
       heading_control.o               280     0         20     
       encoder.o                       276     0         9      
       obstacle_safety.o               264     0         1      
       obstacle_monitor.o              192     0         9      
       startup_mspm0g350x_ticlang.o    6       192       0      
       angle_utils.o                   192     0         0      
       servo.o                         176     0         6      
       emergency_stop.o                176     0         1      
       vision_uart.o                   164     0         0      
       debug_telemetry.o               56      0         16     
       car_state.o                     36      0         1      
    +--+-------------------------------+-------+---------+---------+
       Total:                          62914   3135      3290   
                                                                
    C:/TI/mspm0_sdk_2_05_01_00/source/ti/driverlib/lib/ticlang/m0p/mspm0g1x0x_g3x0x/driverlib.a
       dl_timer.o                      388     0         0      
       dl_uart.o                       90      0         0      
       dl_common.o                     10      0         0      
    +--+-------------------------------+-------+---------+---------+
       Total:                          488     0         0      
                                                                
    D:\TI\CCS\ccs\tools\compiler\ti-cgt-armllvm_4.0.4.LTS\lib\armv6m-ti-none-eabi/c/libc.a
       memcpy16.S.obj                  154     0         0      
       strcmp-armv6m.S.obj             136     0         0      
       copy_decompress_lzss.c.obj      124     0         0      
       memset16.S.obj                  98      0         0      
       autoinit.c.obj                  60      0         0      
       boot_cortex_m.c.obj             56      0         0      
       memmov.c.obj                    40      0         0      
       copy_decompress_none.c.obj      18      0         0      
       copy_zero_init.c.obj            16      0         0      
       exit.c.obj                      6       0         0      
       pre_init.c.obj                  4       0         0      
    +--+-------------------------------+-------+---------+---------+
       Total:                          712     0         0      
                                                                
    D:\TI\CCS\ccs\tools\compiler\ti-cgt-armllvm_4.0.4.LTS\lib\armv6m-ti-none-eabi/c/libsysbm.a
       hostexit.c.obj                  4       0         0      
    +--+-------------------------------+-------+---------+---------+
       Total:                          4       0         0      
                                                                
    D:\TI\CCS\ccs\tools\compiler\ti-cgt-armllvm_4.0.4.LTS\lib\armv6m-ti-none-eabi/libclang_rt.builtins.a
       addsf3.S.obj                    216     0         0      
       udivmoddi4.S.obj                162     0         0      
       comparesf2.S.obj                140     0         0      
       mulsf3.S.obj                    140     0         0      
       divsf3.S.obj                    130     0         0      
       aeabi_fcmp.S.obj                98      0         0      
       fixsfdi.S.obj                   96      0         0      
       aeabi_idivmod.S.obj             86      0         0      
       floatdisf.S.obj                 78      0         0      
       aeabi_uidivmod.S.obj            64      0         0      
       divmoddi4.c.obj                 62      0         0      
       floatsisf.S.obj                 60      0         0      
[...]

address   name                                      
-------   ----                                      
00000000  __TI_ATRegion0_region_sz                  
00000000  __TI_ATRegion0_src_addr                   
00000000  __TI_ATRegion0_trg_addr                   
00000000  __TI_ATRegion1_region_sz                  
00000000  __TI_ATRegion1_src_addr                   
00000000  __TI_ATRegion1_trg_addr                   
00000000  __TI_ATRegion2_region_sz                  
00000000  __TI_ATRegion2_src_addr                   
00000000  __TI_ATRegion2_trg_addr                   
00000000  __TI_static_base__                        
00000000  interruptVectors                          
000000c1  OledUi_Update_20ms                        
00000200  __STACK_SIZE                              
00002455  VisionTuningConsole_Process               
00004229  LineController_Update                     
00004719  GimbalTracker_Update                      
00004fe1  AppConfig_LimitAll                        
00005429  WheelSpeedEstimator_Update                
00005859  RuntimeSnapshot_Update                    
00005c0d  VisionReceiver_Process                    
00005fbd  GimbalVisionYawTracker_Update10ms         
00006345  Imu_Init                                  
00006a31  Imu_Update                                
00006d81  ObstacleAvoidance_Update_20ms             
00007969  Gimbal_YawSetWrappedTargetDeg             
00007c01  Gimbal_YawUpdate5ms                       
00007e95  Gimbal_PitchSetTrackingSpeedDegS          
00008125  MotorControl_Update                       
000083b1  OLED_Clear                                
0000883d  Imu_CalibrateGyroBias                     
00008a71  MotionAction_Update_20ms                  
00008ca5  GimbalVisionPitchTracker_Update10ms       
00008ecd  Motor_SetSpeed                            
000090d1  VisionProtocol_ParseV1TargetFrame         
00009845  AppConfig_InitDefault                     
00009a01  Gimbal_PitchUpdate5ms                     
00009d75  Ultrasonic_Tick100us                      
00009f15  GimbalStepper_Tick100us                   
0000a0a9  Gimbal_PitchTick100us                     
0000a229  GimbalStepper_MoveToEstimatedSteps        
0000a3a5  Key_Update_20ms                           
0000a519  Gimbal_Init                               
0000a685  main                                      
0000aeb1  CarController_Update_20ms                 
0000b001  OLED_PrintInt16                           
0000b39d  Gimbal_YawEnableWorldLock                 
0000b4c5  MotionAction_Start                        
0000b835  Menu_HandleKeyEvent                       
0000b955  LineController_Reset                      
0000ba71  App_Update_20ms                           
0000bd9d  DL_Timer_initFourCCPWMMode                
0000bea1  LineController_ResetControlState          
0000bfa5  MotorControl_SetNormalizedTarget          
0000c0a5  MissionManager_Update_20ms                
0000c1a1  SysTick_Handler                           
0000c29d  LineController_Init                       
0000c395  Gimbal_PitchStopHold                      
0000c485  MissionManager_SelectNext                 
0000c749  ObstacleSafety_Update_20ms                
0000c829  SYSCFG_DL_GPIO_init                       
0000c9e1  MissionManager_SelectPrevious             
0000cab9  OLED_PrintUInt16                          
0000cb91  WheelSpeedEstimator_Init                  
0000cd41  __aeabi_fsub                              
0000cd41  __subsf3                                  
0000cd4b  __addsf3                                  
0000cd4b  __aeabi_fadd                              
0000ce19  OLED_Init                                 
0000ceed  OLED_PrintChar                            
0000cfbd  FaultCode_ToShortString                   
0000d085  Angle_Normalize180                        
0000d145  CarController_StartSeekLine               
0000d205  CarController_StartTurnToYawRelative      
0000d2c1  HeadingControl_Update                     
0000d37d  CarController_StartDriveHeading           
0000d431  GimbalStepper_StopHold                    
0000d4e5  GimbalVisionAdapter_Update                
0000d599  GimbalStepper_Init                        
0000d649  Encoder_HandleGpioInterrupt               
0000d791  __udivmoddi4                              
0000d833  ADC0_IRQHandler                           
0000d833  ADC1_IRQHandler                           
0000d833  AES_IRQHandler                            
0000d833  CANFD0_IRQHandler                         
0000d833  DAC0_IRQHandler                           
0000d833  DMA_IRQHandler                            
0000d833  Default_Handler                           
0000d833  GROUP0_IRQHandler                         
0000d833  HardFault_Handler                         
0000d833  I2C0_IRQHandler                           
0000d833  I2C1_IRQHandler                           
0000d833  NMI_Handler                               
0000d833  PendSV_Handler                            
0000d833  RTC_IRQHandler                            
0000d833  SPI0_IRQHandler                           
0000d833  SPI1_IRQHandler                           
0000d833  SVC_Handler                               
0000d833  TIMA0_IRQHandler                          
0000d833  TIMA1_IRQHandler                          
0000d833  TIMG0_IRQHandler                          
0000d833  TIMG12_IRQHandler                         
0000d833  TIMG6_IRQHandler                          
0000d833  TIMG7_IRQHandler                          
0000d833  TIMG8_IRQHandler                          
0000d833  UART0_IRQHandler                          
0000d833  UART1_IRQHandler                          
0000d833  UART2_IRQHandler                          
0000d835  CarController_StartFollowLine             
0000d8d1  ObstacleMonitor_Update_20ms               
0000d96d  memcpy                                    
0000da07  TrackSensor_Init                          
0000daa1  CarController_Init                        
0000db31  CarController_StartTurnRight90            
0000dbc1  CarController_ResetRuntime                
0000dc4d  CarController_StartTurnLeft90             
0000dcd9  Gimbal_YawDisableWorldLock                
0000dd65  Gimbal_YawStopHold                        
0000ddf1  SYSCFG_DL_PWM_MOTOR_init                  
0000de7d  __aeabi_fmul                              
0000de7d  __mulsf3                                  
0000df09  CarController_GetFeedback                 
0000df11  strcmp                                    
0000df99  Motor_Init                                
0000e01d  App_Init                                  
0000e09f  MissionLibrary_Validate                   
0000e121  __aeabi_fdiv                              
0000e121  __divsf3                                  
0000e1a3  __aeabi_idiv0                             
0000e1a5  GimbalTracker_Init                        
0000e225  Motor_Stop                                
0000e2a5  CarController_SetSafetyHold               
0000e321  VisionPitchTuning_Set                     
0000e39d  __TI_decompress_lzss                      
0000e505  Menu_GetParamValue                        
0000e575  SYSCFG_DL_UART_VISION_init                
0000e5e5  VisionYawTuning_Set                       
0000e655  TrackSensor_DetectTurn                    
0000e6c3  __aeabi_ldiv0                             
0000e6c5  GimbalVisionYawTracker_Init               
0000e731  MissionManager_GetSelectedMissionIndex    
0000e799  TrackSensor_GetErrorFromRaw               
0000e801  __aeabi_fcmpeq                            
0000e815  __aeabi_fcmplt                            
0000e829  __aeabi_fcmple                            
0000e83d  __aeabi_fcmpge                            
0000e851  __aeabi_fcmpgt                            
0000e863  memset                                    
0000e8c5  GimbalTracker_GetFeedback                 
0000e925  VisionTuningConsole_Init                  
0000e985  __aeabi_f2lz                              
0000e985  __fixsfdi                                 
0000ea45  UART3_IRQHandler                          
0000eaa1  Ultrasonic_Update_20ms                    
0000eb59  __aeabi_idiv                              
0000eb59  __aeabi_idivmod                           
0000ebb1  TrackSensor_ReadRaw                       
0000ecad  MissionManager_Start                      
0000ecfd  Ultrasonic_Init                           
0000ed4d  WatchdogMonitor_ApplyFaultIfNeeded        
0000ed9d  __aeabi_l2f                               
0000ed9d  __floatdisf                               
0000eded  MotorControl_Stop                         
0000ee39  WatchdogMonitor_Tick1msFromIsr            
0000eed1  DL_UART_init                              
0000ef19  MissionManager_Init                       
0000ef61  MotionAction_ReapplyControllerTarget      
0000efa9  Encoder_GetAndClearPulseDeltas            
0000efed  Servo_Tick100us                           
0000f031  EmergencyStop_Reset                       
0000f071  GimbalVisionPitchTracker_Init             
0000f0b1  SYSCFG_DL_SYSCTL_init                     
0000f0f1  SYSCFG_DL_initPower                       
0000f131  VisionReceiver_PushByteFromIsr            
0000f171  __aeabi_uidiv                             
0000f171  __aeabi_uidivmod                          
0000f1b1  __divmoddi4                               
0000f1f1  Servo_SetAngleDeg                         
0000f22d  VisionTuningConsole_PushByteFromIsr       
0000f269  __aeabi_i2f                               
0000f269  __floatsisf                               
0000f2a5  __gesf2                                   
0000f2a5  __gtsf2                                   
0000f2e1  __TI_auto_init_nobinit_nopinit            
0000f31d  __cmpsf2                                  
0000f31d  __eqsf2                                   
0000f31d  __lesf2                                   
0000f31d  __ltsf2                                   
0000f31d  __nesf2                                   
0000f359  __muldsi3                                 
0000f395  Imu_ResetYaw                              
0000f3cd  VisionReceiver_Init                       
0000f405  __aeabi_f2iz                              
0000f405  __fixsfsi                                 
0000f43d  EmergencyStop_Trigger                     
0000f471  Imu_IsReady                               
0000f4a5  MissionManager_Cancel                     
0000f4d9  OLED_SetCursor                            
0000f50d  VisionTuningConsole_TryPopTxByte          
0000f541  VisionUart_Process                        
0000f5a9  OLED_PrintString                          
0000f5dd  Fault_Raise                               
0000f60d  GimbalVisionYawTracker_GetFeedback        
0000f63d  Gimbal_PitchGetFeedback                   
0000f66d  Key_Init                                  
0000f69d  LineController_ObserveSensors             
0000f6cd  MissionManager_Reset                      
0000f6fd  MissionManager_Resume                     
0000f72d  VisionPitchTuning_RestoreDefault          
0000f75d  WatchdogMonitor_Init                      
0000f7bd  Encoder_Reset                             
0000f7e9  TrackSensor_CountBlack                    
0000f815  VisionYawTuning_RestoreDefault            
0000f86d  ObstacleAvoidance_Init                    
0000f895  Servo_Init                                
0000f8bd  VisionPitchTuning_Init                    
0000f8e5  WatchdogMonitor_Reset                     
0000f90d  __aeabi_ui2f                              
0000f90d  __floatunsisf                             
0000f935  memmove                                   
0000f95d  _c_int00_noargs                           
0000f985  CarController_Stop                        
0000f9a9  EmergencyStop_Enforce                     
0000f9cd  GimbalVisionPitchTracker_GetFeedback      
0000f9f1  MissionManager_ReportExternalFailure      
0000fa15  MotorControl_Init                         
0000fa39  MotorControl_Reset                        
0000fa5d  SYSCFG_DL_init                            
0000fa81  VisionYawTuning_Init                      
0000faa5  __aeabi_lmul                              
0000faa5  __muldi3                                  
0000fac9  DL_Timer_overrideCCPOut                   
0000fae9  DebugTelemetry_Update                     
0000fb09  MissionManager_Pause                      
0000fb29  MotionAction_GetCurrentBypassDirection    
0000fb49  MotionAction_GetCurrentObstaclePolicy     
0000fb69  MotionAction_Init                         
0000fb89  SchedulerMonitor_GetStats                 
0000fba9  VisionReceiver_GetProtocolErrorCount      
0000fbe9  __aeabi_llsl                              
0000fbe9  __ashldi3                                 
0000fc09  DL_Timer_setCaptCompUpdateMethod          
0000fc25  DL_Timer_setClockConfig                   
0000fc41  GimbalVisionAdapter_Init                  
0000fc5d  Menu_Init                                 
0000fc79  ObstacleMonitor_Init                      
0000fc95  ObstacleSafety_Init                       
0000fcb1  VisionPitchTuning_ParamName               
0000fccd  VisionYawTuning_GetSnapshot               
0000fce9  VisionYawTuning_ParamName                 
0000fd05  WatchdogMonitor_NotifyControlCycleComplete
0000fd3d  CarController_RunModeToString             
0000fd55  DL_Timer_setCaptureCompareOutCtl          
0000fd6d  DebugTelemetry_Init                       
0000fd85  HeadingControl_SetTargetYaw               
0000fd9d  Menu_ParamItemToString                    
0000fdb5  MotionAction_Cancel                       
0000fdcd  RuntimeSnapshot_Init                      
0000fde5  __aeabi_fcmpun                            
0000fde5  __unordsf2                                
0000fdfd  Fault_Clear                               
0000fe11  Fault_Init                                
0000fe25  GROUP1_IRQHandler                         
0000fe39  GimbalStepper_SetStepHalfPeriodTicks      
0000fe4d  HeadingControl_Enable                     
0000fe61  HeadingControl_Init                       
0000fe75  HeadingControl_Reset                      
0000fe89  MissionLibrary_FindById                   
0000fe9d  MissionLibrary_GetByIndex                 
0000feb1  MissionManager_GetSelectedMissionId       
0000fec5  VisionPitchTuning_GetSnapshot             
0000fed9  VisionUart_Init                           
0000feed  __aeabi_ldivmod                           
0000ff01  __aeabi_uldivmod                          
0000ff15  DL_UART_setClockConfig                    
0000ff27  __TI_decompress_none                      
0000ff39  DL_Timer_setCaptureCompareValue           
0000ff49  Gimbal_YawGetFeedback                     
0000ff59  Key_GetEvent                              
0000ff69  ObstacleAvoidance_IsResumeGraceActive     
0000ff79  __TI_zero_init                            
0000ff89  CarController_GetRunMode                  
0000ff95  CarController_IsSafetyHoldActive          
0000ffa1  CarState_Get                              
0000ffad  CarState_Init                             
0000ffb9  CarState_Set                              
0000ffc5  EmergencyStop_Init                        
0000ffd1  EmergencyStop_IsActive                    
0000ffdd  GimbalVisionAdapter_GetObservation        
0000ffe9  Gimbal_Tick100us                          
0000fff5  Gimbal_Update5ms                          
00010001  Imu_GetCorrectedGyroZDps                  
0001000d  Imu_GetYaw                                
00010019  Menu_GetPage                              
00010025  Menu_GetParamItem                         
00010031  MissionManager_IsExternallyHeld           
0001003d  MissionManager_SetExternalHold            
00010049  ObstacleAvoidance_IsActive                
00010055  ObstacleAvoidance_IsFailed                
00010061  ObstacleSafety_IsHolding                  
0001006d  OledUi_Init                               
00010079  SystemTime_GetMs                          
00010085  WatchdogMonitor_HasTripped                
00010091  __aeabi_memclr                            
00010091  __aeabi_memclr4                           
00010091  __aeabi_memclr8                           
0001009d  DL_Common_delayCycles                     
000100a7  TrackSensor_IsCenterDetected              
000100b1  TrackSensor_IsLineDetected                
000100bb  TrackSensor_IsLineLost                    
000100c5  Fault_GetRecord                           
000100cd  GimbalStepper_GetFeedback                 
000100d5  GimbalVisionAdapter_GetFeedback           
000100dd  Gimbal_PitchStopTrackingHold              
000100e5  HeadingControl_GetRuntime                 
000100ed  Imu_GetRuntime                            
000100f5  LineController_GetRuntime                 
000100fd  MissionManager_GetMissionCount            
00010105  MissionManager_GetRuntime                 
0001010d  MotionAction_GetRuntime                   
00010115  MotorControl_GetRuntime                   
0001011d  ObstacleAvoidance_GetFeedback             
00010125  ObstacleMonitor_GetFeedback               
0001012d  Servo_GetFeedback                         
00010135  Ultrasonic_GetFeedback                    
0001013d  VisionPitchTuning_GetStatus               
00010145  VisionReceiver_GetObservation             
0001014d  VisionReceiver_GetStatus                  
00010155  VisionTuningConsole_GetStatus             
0001015d  WatchdogMonitor_GetStatus                 
00010165  WheelSpeedEstimator_GetRuntime            
0001016d  __aeabi_memcpy                            
0001016d  __aeabi_memcpy4                           
0001016d  __aeabi_memcpy8                           
00010175  __aeabi_memmove                           
00010175  __aeabi_memmove4                          
00010175  __aeabi_memmove8                          
0001017d  abort                                     
00010182  C$$EXIT                                   
00010183  HOSTexit                                  
00010187  MissionLibrary_GetCount                   
0001018b  Reset_Handler                             
000101a1  _system_pre_init                          
00010d30  __TI_Handler_Table_Base                   
00010d3c  __TI_Handler_Table_Limit                  
00010d4c  __TI_CINIT_Base                           
00010d5c  __TI_CINIT_Limit                          
00010d5c  __TI_CINIT_Warm                           
20200000  __start___llvm_prf_bits                   
20200000  __start___llvm_prf_cnts                   
20200000  __stop___llvm_prf_bits                    
20200000  __stop___llvm_prf_cnts                    
20200570  g_appConfig                               
202006c8  g_imuRuntime                              
20200780  g_wheelSpeedEstimatorRuntime              
20200920  g_appRuntime                              
20200960  gUART_VISIONBackup                        
20200b38  g_headingRuntime                          
20200c8c  g_trackError                              
20200cd1  g_carStateDebug                           
20200cd2  g_keyEvent                                
20200cd3  g_oledPageDebug                           
20200cd4  g_paramItemDebug                          
20200cd5  g_trackBlackCount                         
20200cd6  g_trackModeDebug                          
20200cd7  g_trackRaw                                
20200cd8  g_trackTurnDebug                          
20207e00  __stack                                   
20208000  __STACK_END                               
ffffffff  __TI_pprof_out_hndl                       
ffffffff  __TI_prof_data_size                       
ffffffff  __TI_prof_data_start                      
ffffffff  __binit__                                 
ffffffff  binit                                     
UNDEFED   __mpu_init                                
UNDEFED   _system_post_cinit                        

[375 symbols]
