******************************************************************************
            TI ARM Clang Linker PC v4.0.4                      
******************************************************************************
>> Linked Mon Jul 20 19:23:40 2026

OUTPUT FILE NAME:   <diansaikaishi.out>
ENTRY POINT SYMBOL: "_c_int00_noargs"  address: 0000bb81


MEMORY CONFIGURATION

         name            origin    length      used     unused   attr    fill
----------------------  --------  ---------  --------  --------  ----  --------
  FLASH                 00000000   00020000  0000c9f0  00013610  R  X
  SRAM                  20200000   00008000  00000aea  00007516  RW X
  BCR_CONFIG            41c00000   000000ff  00000000  000000ff  R   
  BSL_CONFIG            41c00100   00000080  00000000  00000080  R   


SEGMENT ALLOCATION MAP

run origin  load origin   length   init length attrs members
----------  ----------- ---------- ----------- ----- -------
00000000    00000000    0000c9f0   0000c9f0    r-x
  00000000    00000000    000000c0   000000c0    r-- .intvecs
  000000c0    000000c0    0000c0d0   0000c0d0    r-x .text
  0000c190    0000c190    00000830   00000830    r-- .rodata
  0000c9c0    0000c9c0    00000030   00000030    r-- .cinit
20200000    20200000    000008ea   00000000    rw-
  20200000    20200000    000008e9   00000000    rw- .bss
  202008e9    202008e9    00000001   00000000    rw- .data
20207e00    20207e00    00000200   00000000    rw-
  20207e00    20207e00    00000200   00000000    rw- .stack


SECTION ALLOCATION MAP

 output                                  attributes/
section   page    origin      length       input sections
--------  ----  ----------  ----------   ----------------
.intvecs   0    00000000    000000c0     
                  00000000    000000c0     startup_mspm0g350x_ticlang.o (.intvecs)

.text      0    000000c0    0000c0d0     
                  000000c0    000017b0     vision_tuning_console.o (.text.VisionTuningConsole_Process)
                  00001870    000012fc     oled_ui.o (.text.OledUi_Update_20ms)
                  00002b6c    000006f4     car_controller.o (.text.CarController_Update_20ms)
                  00003260    0000047c     gimbal_tracker.o (.text.GimbalTracker_Update)
                  000036dc    000003b0     vision_receiver.o (.text.VisionReceiver_Process)
                  00003a8c    0000037c     menu.o (.text.Menu_HandleKeyEvent)
                  00003e08    00000370     gimbal.o (.text.gimbal_update_feedback)
                  00004178    00000364     gimbal_vision_yaw_tracker.o (.text.GimbalVisionYawTracker_Update10ms)
                  000044dc    000002f0     imu.o (.text.mpu6050_read_regs)
                  000047cc    000002d8     imu.o (.text.Imu_Init)
                  00004aa4    000002a8     gimbal_tracker.o (.text.update_feedback)
                  00004d4c    00000298     gimbal.o (.text.Gimbal_YawSetWrappedTargetDeg)
                  00004fe4    00000294     gimbal.o (.text.Gimbal_YawUpdate5ms)
                  00005278    00000290     gimbal.o (.text.Gimbal_PitchSetTrackingSpeedDegS)
                  00005508    00000288     app_config.o (.text.AppConfig_LimitAll)
                  00005790    00000278     obstacle_avoidance.o (.text.ObstacleAvoidance_Update_20ms)
                  00005a08    00000260     gimbal.o (.text.gimbal_pitch_set_target_steps)
                  00005c68    00000254     oled.o (.text.OLED_Clear)
                  00005ebc    00000238     gimbal.o (.text.gimbal_pitch_update_feedback)
                  000060f4    00000228     gimbal_vision_pitch_tracker.o (.text.GimbalVisionPitchTracker_Update10ms)
                  0000631c    00000214     imu.o (.text.Imu_CalibrateGyroBias)
                  00006530    00000208     motion_action.o (.text.MotionAction_Update_20ms)
                  00006738    000001f4     vision_protocol.o (.text.VisionProtocol_ParseV1TargetFrame)
                  0000692c    000001cc     imu.o (.text.imu_i2c_write_byte)
                  00006af8    000001bc     gimbal.o (.text.Gimbal_PitchUpdate5ms)
                  00006cb4    000001b8     oled.o (.text.oled_i2c_write_byte)
                  00006e6c    000001a0     ultrasonic.o (.text.Ultrasonic_Tick100us)
                  0000700c    00000194     gimbal_stepper.o (.text.GimbalStepper_Tick100us)
                  000071a0    00000188     gimbal_vision_yaw_tracker.o (.text.GimbalVisionYawTracker_Enable)
                  00007328    00000180     gimbal.o (.text.Gimbal_PitchTick100us)
                  000074a8    0000017c     gimbal_stepper.o (.text.GimbalStepper_MoveToEstimatedSteps)
                  00007624    00000174     key.o (.text.Key_Update_20ms)
                  00007798    0000016c     gimbal.o (.text.Gimbal_Init)
                  00007904    00000160     heading_control.o (.text.HeadingControl_Update)
                  00007a64    00000160     gimbal.o (.text.gimbal_yaw_set_target_x10)
                  00007bc4    00000140     motion_action.o (.text.MotionAction_Start)
                  00007d04    0000013c     oled.o (.text.OLED_PrintInt16)
                  00007e40    00000134     imu.o (.text.Imu_Update)
                  00007f74    0000012c     imu.o (.text.imu_i2c_recover_bus)
                  000080a0    00000128     gimbal.o (.text.Gimbal_YawEnableWorldLock)
                  000081c8    00000124     vision_tuning_console.o (.text.send_simple_reply)
                  000082ec    00000124     gimbal_vision_yaw_tracker.o (.text.sync_target_from_yaw)
                  00008410    00000108     empty.o (.text.main)
                  00008518    000000fc     gimbal.o (.text.Gimbal_PitchRelease)
                  00008614    000000f8     mission_manager.o (.text.MissionManager_Update_20ms)
                  0000870c    000000f0     gimbal.o (.text.Gimbal_PitchStopHold)
                  000087fc    000000f0     mission_manager.o (.text.MissionManager_SelectNext)
                  000088ec    000000ec     car_controller.o (.text.handle_turn_90)
                  000089d8    000000ec     gimbal_tracker.o (.text.sync_targets_from_gimbal)
                  00008ac4    000000e8     vision_protocol.o (.text.fields_are_valid)
                  00008bac    000000dc     gimbal.o (.text.Gimbal_PitchConfirmZero)
                  00008c88    000000dc     oled_ui.o (.text.print_tuning_change_value)
                  00008d64    000000d8     mission_manager.o (.text.MissionManager_SelectPrevious)
                  00008e3c    000000d8     oled.o (.text.OLED_PrintUInt16)
                  00008f14    000000d8     menu.o (.text.menu_adjust_param)
                  00008fec    000000d8     libclang_rt.builtins.a : addsf3.S.obj (.text)
                  000090c4    000000d4     oled.o (.text.OLED_Init)
                  00009198    000000d0     oled.o (.text.OLED_PrintChar)
                  00009268    000000cc     ti_msp_dl_config.o (.text.SYSCFG_DL_GPIO_init)
                  00009334    000000c8     gimbal.o (.text.Gimbal_YawConfirmZero)
                  000093fc    000000c4     app.o (.text.App_Update_20ms)
                  000094c0    000000bc     obstacle_safety.o (.text.ObstacleSafety_Update_20ms)
                  0000957c    000000b8     app_config.o (.text.AppConfig_InitDefault)
                  00009634    000000b4     gimbal_stepper.o (.text.GimbalStepper_StopHold)
                  000096e8    000000b4     gimbal_vision_adapter.o (.text.GimbalVisionAdapter_Update)
                  0000979c    000000b0     gimbal_stepper.o (.text.GimbalStepper_Init)
                  0000984c    000000b0     gimbal.o (.text.Gimbal_PitchMoveRelativeDeg)
                  000098fc    000000b0     motor.o (.text.Motor_SetSpeed)
                  000099ac    000000aa     mission_library.o (.text.MissionLibrary_Validate)
                  00009a56    00000002     startup_mspm0g350x_ticlang.o (.text.Default_Handler)
                  00009a58    000000a8     gimbal_vision_pitch_tracker.o (.text.GimbalVisionPitchTracker_Enable)
                  00009b00    000000a4     gimbal_vision_yaw_tracker.o (.text.wrap_deg_360)
                  00009ba4    000000a2     libclang_rt.builtins.a : udivmoddi4.S.obj (.text)
                  00009c46    00000002     track_sensor.o (.text.TrackSensor_Init)
                  00009c48    000000a0     empty.o (.text.SysTick_Handler)
                  00009ce8    0000009c     obstacle_monitor.o (.text.ObstacleMonitor_Update_20ms)
                  00009d84    0000009a     libc.a : memcpy16.S.obj (.text:memcpy)
                  00009e1e    00000002     libclang_rt.builtins.a : aeabi_div0.c.obj (.text.__aeabi_idiv0)
                  00009e20    00000098     car_controller.o (.text.CarController_StartSeekLine)
                  00009eb8    00000098     imu.o (.text.mpu6050_write_reg)
                  00009f50    00000094     car_controller.o (.text.CarController_StartDriveHeading)
                  00009fe4    0000008c     gimbal.o (.text.Gimbal_YawDisableWorldLock)
                  0000a070    0000008c     gimbal.o (.text.Gimbal_YawStopHold)
                  0000a0fc    0000008c     libclang_rt.builtins.a : mulsf3.S.obj (.text.__mulsf3)
                  0000a188    00000088     car_controller.o (.text.CarController_StartTurnToYawRelative)
                  0000a210    00000088     libc.a : strcmp-armv6m.S.obj (.text:strcmp)
                  0000a298    00000084     gimbal_stepper.o (.text.GimbalStepper_ConfirmZero)
                  0000a31c    00000084     gimbal_tracker.o (.text.GimbalTracker_PushObservation)
                  0000a3a0    00000082     libclang_rt.builtins.a : divsf3.S.obj (.text.__divsf3)
                  0000a422    00000002                            : aeabi_div0.c.obj (.text.__aeabi_ldiv0)
                  0000a424    00000080     gimbal_tracker.o (.text.GimbalTracker_Init)
                  0000a4a4    0000007c     car_controller.o (.text.CarController_Init)
                  0000a520    0000007c     car_controller.o (.text.CarController_ResetRuntime)
                  0000a59c    0000007c     car_controller.o (.text.CarController_StartFollowLine)
                  0000a618    0000007c     vision_pitch_tuning.o (.text.VisionPitchTuning_Set)
                  0000a694    0000007c     libc.a : copy_decompress_lzss.c.obj (.text:decompress:lzss)
                  0000a710    00000078     oled.o (.text.oled_write_command)
                  0000a788    00000074     car_controller.o (.text.CarController_StartTurnRight90)
                  0000a7fc    00000070     car_controller.o (.text.CarController_StartTurnLeft90)
                  0000a86c    00000070     gimbal_stepper.o (.text.GimbalStepper_Release)
                  0000a8dc    00000070     menu.o (.text.Menu_GetParamValue)
                  0000a94c    00000070     ti_msp_dl_config.o (.text.SYSCFG_DL_UART_VISION_init)
                  0000a9bc    0000006e     track_sensor.o (.text.TrackSensor_DetectTurn)
                  0000aa2a    00000002     --HOLE-- [fill = 0]
                  0000aa2c    0000006c     encoder.o (.text.Encoder_HandleGpioInterrupt)
                  0000aa98    0000006c     gimbal_vision_yaw_tracker.o (.text.GimbalVisionYawTracker_Init)
                  0000ab04    00000068     mission_manager.o (.text.MissionManager_GetSelectedMissionIndex)
                  0000ab6c    00000066     track_sensor.o (.text.TrackSensor_GetErrorFromRaw)
                  0000abd2    00000002     --HOLE-- [fill = 0]
                  0000abd4    00000064     gimbal.o (.text.Gimbal_YawRelease)
                  0000ac38    00000062     app.o (.text.App_Init)
                  0000ac9a    00000002     --HOLE-- [fill = 0]
                  0000ac9c    00000062     libclang_rt.builtins.a : aeabi_fcmp.S.obj (.text.__aeabi_fcmp)
                  0000acfe    00000062     libc.a : memset16.S.obj (.text:memset)
                  0000ad60    00000060     gimbal_tracker.o (.text.GimbalTracker_Enable)
                  0000adc0    00000060     gimbal_tracker.o (.text.GimbalTracker_GetFeedback)
                  0000ae20    00000060     libclang_rt.builtins.a : fixsfdi.S.obj (.text.__fixsfdi)
                  0000ae80    0000005e     oled.o (.text.OLED_PrintBinary7)
                  0000aede    00000002     --HOLE-- [fill = 0]
                  0000aee0    0000005c     vision_uart.o (.text.UART3_IRQHandler)
                  0000af3c    0000005c     ultrasonic.o (.text.Ultrasonic_Update_20ms)
                  0000af98    00000058     gimbal.o (.text.Gimbal_YawMoveRelativeDeg)
                  0000aff0    00000056     libclang_rt.builtins.a : aeabi_idivmod.S.obj (.text.__aeabi_idivmod)
                  0000b046    00000002     --HOLE-- [fill = 0]
                  0000b048    00000054     track_sensor.o (.text.TrackSensor_ReadRaw)
                  0000b09c    00000054     gimbal_vision_yaw_tracker.o (.text.float_to_scaled_i16)
                  0000b0f0    00000054     gimbal_vision_yaw_tracker.o (.text.stop_owned_tracking)
                  0000b144    00000050     car_controller.o (.text.CarController_SetSafetyHold)
                  0000b194    00000050     motor.o (.text.Motor_PwmTick100us)
                  0000b1e4    00000050     ultrasonic.o (.text.Ultrasonic_Init)
                  0000b234    00000050     vision_tuning_console.o (.text.VisionTuningConsole_Init)
                  0000b284    00000048     driverlib.a : dl_uart.o (.text.DL_UART_init)
                  0000b2cc    00000048     mission_manager.o (.text.MissionManager_Init)
                  0000b314    00000048     menu.o (.text.menu_next_main_page)
                  0000b35c    00000044     servo.o (.text.Servo_Tick100us)
                  0000b3a0    00000040     gimbal_vision_pitch_tracker.o (.text.GimbalVisionPitchTracker_Init)
                  0000b3e0    00000040     mission_manager.o (.text.MissionManager_Start)
                  0000b420    00000040     ti_msp_dl_config.o (.text.SYSCFG_DL_SYSCTL_init)
                  0000b460    00000040     vision_receiver.o (.text.VisionReceiver_PushByteFromIsr)
                  0000b4a0    00000040     libclang_rt.builtins.a : aeabi_uidivmod.S.obj (.text.__aeabi_uidivmod)
                  0000b4e0    0000003e                            : divmoddi4.c.obj (.text.__divmoddi4)
                  0000b51e    00000002     --HOLE-- [fill = 0]
                  0000b520    0000003c     gimbal_tracker.o (.text.GimbalTracker_ClearObservation)
                  0000b55c    0000003c     servo.o (.text.Servo_SetAngleDeg)
                  0000b598    0000003c     vision_tuning_console.o (.text.VisionTuningConsole_PushByteFromIsr)
                  0000b5d4    0000003c     libclang_rt.builtins.a : floatsisf.S.obj (.text.__floatsisf)
                  0000b610    0000003c                            : comparesf2.S.obj (.text.__gtsf2)
                  0000b64c    0000003c     libc.a : autoinit.c.obj (.text:__TI_auto_init_nobinit_nopinit)
                  0000b688    0000003a     libclang_rt.builtins.a : comparesf2.S.obj (.text.__eqsf2)
                  0000b6c2    00000002     --HOLE-- [fill = 0]
                  0000b6c4    0000003a                            : muldsi3.S.obj (.text.__muldsi3)
                  0000b6fe    00000002     --HOLE-- [fill = 0]
                  0000b700    00000038     motion_action.o (.text.MotionAction_ReapplyControllerTarget)
                  0000b738    00000038     motor.o (.text.Motor_Init)
                  0000b770    00000038     vision_receiver.o (.text.VisionReceiver_Init)
                  0000b7a8    00000038     libclang_rt.builtins.a : fixsfsi.S.obj (.text.__fixsfsi)
                  0000b7e0    00000034     oled.o (.text.OLED_SetCursor)
                  0000b814    00000034     ti_msp_dl_config.o (.text.SYSCFG_DL_initPower)
                  0000b848    00000034     vision_tuning_console.o (.text.VisionTuningConsole_TryPopTxByte)
                  0000b87c    00000034     vision_uart.o (.text.VisionUart_Process)
                  0000b8b0    00000032     oled.o (.text.OLED_PrintString)
                  0000b8e2    00000002     --HOLE-- [fill = 0]
                  0000b8e4    00000030     gimbal_vision_yaw_tracker.o (.text.GimbalVisionYawTracker_GetFeedback)
                  0000b914    00000030     gimbal.o (.text.Gimbal_PitchGetFeedback)
                  0000b944    00000030     key.o (.text.Key_Init)
                  0000b974    00000030     mission_manager.o (.text.MissionManager_Cancel)
                  0000b9a4    00000030     mission_manager.o (.text.MissionManager_Reset)
                  0000b9d4    00000030     vision_pitch_tuning.o (.text.VisionPitchTuning_RestoreDefault)
                  0000ba04    00000030     gimbal_vision_yaw_tracker.o (.text.refresh_yaw_feedback)
                  0000ba34    0000002c     motor.o (.text.Motor_Stop)
                  0000ba60    0000002c     track_sensor.o (.text.TrackSensor_CountBlack)
                  0000ba8c    0000002c     gimbal_vision_pitch_tracker.o (.text.speed_to_x10)
                  0000bab8    00000028     servo.o (.text.Servo_Init)
                  0000bae0    00000028     vision_pitch_tuning.o (.text.VisionPitchTuning_Init)
                  0000bb08    00000028     libclang_rt.builtins.a : floatunsisf.S.obj (.text.__floatunsisf)
                  0000bb30    00000028     obstacle_avoidance.o (.text.avoid_fail)
                  0000bb58    00000028     libc.a : memmov.c.obj (.text.memmove)
                  0000bb80    00000028            : boot_cortex_m.c.obj (.text:_c_int00_noargs)
                  0000bba8    00000024     encoder.o (.text.Encoder_Reset)
                  0000bbcc    00000024     gimbal_vision_pitch_tracker.o (.text.GimbalVisionPitchTracker_GetFeedback)
                  0000bbf0    00000024     libclang_rt.builtins.a : muldi3.S.obj (.text.__muldi3)
                  0000bc14    00000020     car_controller.o (.text.CarController_Stop)
                  0000bc34    00000020     mission_manager.o (.text.MissionManager_Pause)
                  0000bc54    00000020     mission_manager.o (.text.MissionManager_Resume)
                  0000bc74    00000020     motion_action.o (.text.MotionAction_GetCurrentBypassDirection)
                  0000bc94    00000020     motion_action.o (.text.MotionAction_GetCurrentObstaclePolicy)
                  0000bcb4    00000020     obstacle_avoidance.o (.text.ObstacleAvoidance_Init)
                  0000bcd4    00000020     ti_msp_dl_config.o (.text.SYSCFG_DL_init)
                  0000bcf4    00000020     vision_receiver.o (.text.VisionReceiver_GetProtocolErrorCount)
                  0000bd14    00000020     mission_manager.o (.text.mission_finish_error)
                  0000bd34    0000001e     libclang_rt.builtins.a : ashldi3.S.obj (.text.__ashldi3)
                  0000bd52    00000002     --HOLE-- [fill = 0]
                  0000bd54    0000001c     gimbal_vision_adapter.o (.text.GimbalVisionAdapter_Init)
                  0000bd70    0000001c     imu.o (.text.Imu_IsReady)
                  0000bd8c    0000001c     menu.o (.text.Menu_Init)
                  0000bda8    0000001c     obstacle_monitor.o (.text.ObstacleMonitor_Init)
                  0000bdc4    0000001c     obstacle_safety.o (.text.ObstacleSafety_Init)
                  0000bde0    0000001c     vision_pitch_tuning.o (.text.VisionPitchTuning_ParamName)
                  0000bdfc    00000018     car_controller.o (.text.CarController_RunModeToString)
                  0000be14    00000018     heading_control.o (.text.HeadingControl_LockCurrentYaw)
                  0000be2c    00000018     heading_control.o (.text.HeadingControl_SetTargetYaw)
                  0000be44    00000018     menu.o (.text.Menu_ParamItemToString)
                  0000be5c    00000018     mission_library.o (.text.MissionLibrary_FindById)
                  0000be74    00000018     motion_action.o (.text.MotionAction_Cancel)
                  0000be8c    00000018     motion_action.o (.text.MotionAction_Init)
                  0000bea4    00000014     empty.o (.text.GROUP1_IRQHandler)
                  0000beb8    00000014     gimbal_stepper.o (.text.GimbalStepper_SetStepHalfPeriodTicks)
                  0000becc    00000014     heading_control.o (.text.HeadingControl_Enable)
                  0000bee0    00000014     heading_control.o (.text.HeadingControl_Init)
                  0000bef4    00000014     heading_control.o (.text.HeadingControl_Reset)
                  0000bf08    00000014     mission_library.o (.text.MissionLibrary_GetByIndex)
                  0000bf1c    00000014     mission_manager.o (.text.MissionManager_GetSelectedMissionId)
                  0000bf30    00000014     vision_pitch_tuning.o (.text.VisionPitchTuning_GetSnapshot)
                  0000bf44    00000014     vision_uart.o (.text.VisionUart_Init)
                  0000bf58    00000014     libclang_rt.builtins.a : aeabi_ldivmod.S.obj (.text.__aeabi_ldivmod)
                  0000bf6c    00000014                            : aeabi_uldivmod.S.obj (.text.__aeabi_uldivmod)
                  0000bf80    00000012     driverlib.a : dl_uart.o (.text.DL_UART_setClockConfig)
                  0000bf92    00000012     libc.a : copy_decompress_none.c.obj (.text:decompress:none)
                  0000bfa4    00000010     gimbal.o (.text.Gimbal_YawGetFeedback)
                  0000bfb4    00000010     key.o (.text.Key_GetEvent)
                  0000bfc4    00000010     obstacle_avoidance.o (.text.ObstacleAvoidance_IsResumeGraceActive)
                  0000bfd4    00000010     libc.a : copy_zero_init.c.obj (.text:decompress:ZI)
                  0000bfe4    0000000c     car_controller.o (.text.CarController_GetRunMode)
                  0000bff0    0000000c     car_state.o (.text.CarState_Get)
                  0000bffc    0000000c     car_state.o (.text.CarState_Init)
                  0000c008    0000000c     car_state.o (.text.CarState_Set)
                  0000c014    0000000c     gimbal_vision_adapter.o (.text.GimbalVisionAdapter_GetObservation)
                  0000c020    0000000c     gimbal.o (.text.Gimbal_Tick100us)
                  0000c02c    0000000c     gimbal.o (.text.Gimbal_Update5ms)
                  0000c038    0000000c     imu.o (.text.Imu_GetCorrectedGyroZDps)
                  0000c044    0000000c     imu.o (.text.Imu_GetYaw)
                  0000c050    0000000c     imu.o (.text.Imu_ResetYaw)
                  0000c05c    0000000c     menu.o (.text.Menu_GetPage)
                  0000c068    0000000c     menu.o (.text.Menu_GetParamItem)
                  0000c074    0000000c     mission_manager.o (.text.MissionManager_SetExternalHold)
                  0000c080    0000000c     obstacle_avoidance.o (.text.ObstacleAvoidance_IsActive)
                  0000c08c    0000000c     obstacle_avoidance.o (.text.ObstacleAvoidance_IsFailed)
                  0000c098    0000000c     obstacle_safety.o (.text.ObstacleSafety_IsHolding)
                  0000c0a4    0000000c     oled_ui.o (.text.OledUi_Init)
                  0000c0b0    0000000c     libclang_rt.builtins.a : aeabi_memset.S.obj (.text.__aeabi_memclr)
                  0000c0bc    0000000a     driverlib.a : dl_common.o (.text.DL_Common_delayCycles)
                  0000c0c6    0000000a     track_sensor.o (.text.TrackSensor_IsCenterDetected)
                  0000c0d0    0000000a     track_sensor.o (.text.TrackSensor_IsLineDetected)
                  0000c0da    0000000a     track_sensor.o (.text.TrackSensor_IsLineLost)
                  0000c0e4    00000008     car_controller.o (.text.CarController_GetFeedback)
                  0000c0ec    00000008     gimbal_stepper.o (.text.GimbalStepper_GetFeedback)
                  0000c0f4    00000008     gimbal_vision_adapter.o (.text.GimbalVisionAdapter_GetFeedback)
                  0000c0fc    00000008     gimbal.o (.text.Gimbal_PitchStopTrackingHold)
                  0000c104    00000008     heading_control.o (.text.HeadingControl_GetRuntime)
                  0000c10c    00000008     imu.o (.text.Imu_GetRuntime)
                  0000c114    00000008     mission_manager.o (.text.MissionManager_GetMissionCount)
                  0000c11c    00000008     mission_manager.o (.text.MissionManager_GetRuntime)
                  0000c124    00000008     motion_action.o (.text.MotionAction_GetRuntime)
                  0000c12c    00000008     obstacle_avoidance.o (.text.ObstacleAvoidance_GetFeedback)
                  0000c134    00000008     obstacle_monitor.o (.text.ObstacleMonitor_GetFeedback)
                  0000c13c    00000008     servo.o (.text.Servo_GetFeedback)
                  0000c144    00000008     ultrasonic.o (.text.Ultrasonic_GetFeedback)
                  0000c14c    00000008     vision_pitch_tuning.o (.text.VisionPitchTuning_GetStatus)
                  0000c154    00000008     vision_receiver.o (.text.VisionReceiver_GetObservation)
                  0000c15c    00000008     vision_receiver.o (.text.VisionReceiver_GetStatus)
                  0000c164    00000008     libclang_rt.builtins.a : aeabi_memcpy.S.obj (.text.__aeabi_memcpy)
                  0000c16c    00000008                            : aeabi_memmove.S.obj (.text.__aeabi_memmove)
                  0000c174    00000006     libc.a : exit.c.obj (.text:abort)
                  0000c17a    00000004     libsysbm.a : hostexit.c.obj (.text.HOSTexit)
                  0000c17e    00000004     mission_library.o (.text.MissionLibrary_GetCount)
                  0000c182    00000004     startup_mspm0g350x_ticlang.o (.text.Reset_Handler)
                  0000c186    00000004     libc.a : pre_init.c.obj (.text._system_pre_init)
                  0000c18a    00000006     --HOLE-- [fill = 0]

.cinit     0    0000c9c0    00000030     
                  0000c9c0    0000000c     (__TI_handler_table)
                  0000c9cc    00000008     (.cinit..bss.load) [load image, compression = zero_init]
                  0000c9d4    00000005     (.cinit..data.load) [load image, compression = lzss]
                  0000c9d9    00000003     --HOLE-- [fill = 0]
                  0000c9dc    00000010     (__TI_cinit_table)
                  0000c9ec    00000004     --HOLE-- [fill = 0]

.rodata    0    0000c190    00000830     
                  0000c190    000000d8     oled.o (.rodata..Lswitch.table.OLED_PrintChar)
                  0000c268    000000a8     mission_library.o (.rodata.g_missionMapA)
                  0000c310    000000a8     mission_library.o (.rodata.g_missionMapB)
                  0000c3b8    00000078     mission_library.o (.rodata.g_missionMapC)
                  0000c430    00000030     oled_ui.o (.rodata..Lswitch.table.OledUi_Update_20ms.149)
                  0000c460    00000030     mission_library.o (.rodata.g_missionRegistry)
                  0000c490    00000024     menu.o (.rodata..Lswitch.table.Menu_ParamItemToString)
                  0000c4b4    00000024     oled_ui.o (.rodata..Lswitch.table.OledUi_Update_20ms.153)
                  0000c4d8    00000024     oled_ui.o (.rodata..Lswitch.table.OledUi_Update_20ms.155)
                  0000c4fc    00000020     oled_ui.o (.rodata..Lswitch.table.OledUi_Update_20ms.154)
                  0000c51c    0000001c     car_controller.o (.rodata..Lswitch.table.CarController_RunModeToString)
                  0000c538    0000001c     vision_tuning_console.o (.rodata.str1.4596246334391183804.1)
                  0000c554    00000018     oled_ui.o (.rodata..Lswitch.table.OledUi_Update_20ms.156)
                  0000c56c    00000018     vision_pitch_tuning.o (.rodata..Lswitch.table.VisionPitchTuning_ParamName)
                  0000c584    0000000e     oled_ui.o (.rodata.str1.10416366799939242409.1)
                  0000c592    00000002     ti_msp_dl_config.o (.rodata.gUART_VISIONClockConfig)
                  0000c594    0000000c     mission_library.o (.rodata..Lswitch.table.MissionLibrary_FindById)
                  0000c5a0    0000000c     oled_ui.o (.rodata..Lswitch.table.OledUi_Update_20ms.148)
                  0000c5ac    0000000c     oled_ui.o (.rodata..Lswitch.table.OledUi_Update_20ms.150)
                  0000c5b8    0000000a     menu.o (.rodata..Lswitch.table.Menu_HandleKeyEvent)
                  0000c5c2    0000000a     ti_msp_dl_config.o (.rodata.gUART_VISIONConfig)
                  0000c5cc    0000000a     vision_tuning_console.o (.rodata.str1.7225688704195888286.1)
                  0000c5d6    00000009     oled_ui.o (.rodata.str1.15008238333949226094.1)
                  0000c5df    00000008     vision_tuning_console.o (.rodata.str1.11718269490974306969.1)
                  0000c5e7    00000008     oled_ui.o (.rodata.str1.12571791089077708471.1)
                  0000c5ef    00000008     vision_tuning_console.o (.rodata.str1.3293472937029561918.1)
                  0000c5f7    00000008     oled_ui.o (.rodata.str1.7185587941321649510.1)
                  0000c5ff    00000008     oled_ui.o (.rodata.str1.8693388333057100694.1)
                  0000c607    00000008     oled_ui.o (.rodata.str1.9611283282870761829.1)
                  0000c60f    00000007     vision_tuning_console.o (.rodata.str1.12197883643583142124.1)
                  0000c616    00000007     oled_ui.o (.rodata.str1.13882251010780863896.1)
                  0000c61d    00000007     oled_ui.o (.rodata.str1.4193589846040060630.1)
                  0000c624    00000007     oled_ui.o (.rodata.str1.5376340479846291137.1)
                  0000c62b    00000006     vision_tuning_console.o (.rodata.str1.10860306953068020798.1)
                  0000c631    00000006     oled_ui.o (.rodata.str1.13567883086814673087.1)
                  0000c637    00000006     mission_library.o (.rodata.str1.13636476544574750902.1)
                  0000c63d    00000006     oled_ui.o (.rodata.str1.13750180467131823662.1)
                  0000c643    00000006     oled_ui.o (.rodata.str1.14265077442249237877.1)
                  0000c649    00000006     oled_ui.o (.rodata.str1.14358698208395374265.1)
                  0000c64f    00000006     oled_ui.o (.rodata.str1.1445687256832830955.1)
                  0000c655    00000006     mission_library.o (.rodata.str1.15668266851434757964.1)
                  0000c65b    00000006     vision_tuning_console.o (.rodata.str1.16844514803809476741.1)
                  0000c661    00000006     mission_library.o (.rodata.str1.199678142196697465.1)
                  0000c667    00000006     oled_ui.o (.rodata.str1.3455423528827705371.1)
                  0000c66d    00000006     oled_ui.o (.rodata.str1.35417727660486075.1)
                  0000c673    00000006     oled_ui.o (.rodata.str1.3702290527496711532.1)
                  0000c679    00000006     vision_tuning_console.o (.rodata.str1.4028100529439820245.1)
                  0000c67f    00000006     oled_ui.o (.rodata.str1.4610220316623841660.1)
                  0000c685    00000006     oled_ui.o (.rodata.str1.4723632947289500520.1)
                  0000c68b    00000006     oled_ui.o (.rodata.str1.4932371652560868037.1)
                  0000c691    00000006     oled_ui.o (.rodata.str1.7219546930854689545.1)
                  0000c697    00000005     oled.o (.rodata.oled_get_glyph.colon)
                  0000c69c    00000005     oled.o (.rodata.oled_get_glyph.eight)
                  0000c6a1    00000005     oled.o (.rodata.oled_get_glyph.five)
                  0000c6a6    00000005     oled.o (.rodata.oled_get_glyph.four)
                  0000c6ab    00000005     oled.o (.rodata.oled_get_glyph.glyphA)
                  0000c6b0    00000005     oled.o (.rodata.oled_get_glyph.glyphB)
                  0000c6b5    00000005     oled.o (.rodata.oled_get_glyph.glyphC)
                  0000c6ba    00000005     oled.o (.rodata.oled_get_glyph.glyphD)
                  0000c6bf    00000005     oled.o (.rodata.oled_get_glyph.glyphE)
                  0000c6c4    00000005     oled.o (.rodata.oled_get_glyph.glyphG)
                  0000c6c9    00000005     oled.o (.rodata.oled_get_glyph.glyphH)
                  0000c6ce    00000005     oled.o (.rodata.oled_get_glyph.glyphI)
                  0000c6d3    00000005     oled.o (.rodata.oled_get_glyph.glyphK)
                  0000c6d8    00000005     oled.o (.rodata.oled_get_glyph.glyphL)
                  0000c6dd    00000005     oled.o (.rodata.oled_get_glyph.glyphM)
                  0000c6e2    00000005     oled.o (.rodata.oled_get_glyph.glyphN)
                  0000c6e7    00000005     oled.o (.rodata.oled_get_glyph.glyphO)
                  0000c6ec    00000005     oled.o (.rodata.oled_get_glyph.glyphP)
                  0000c6f1    00000005     oled.o (.rodata.oled_get_glyph.glyphR)
                  0000c6f6    00000005     oled.o (.rodata.oled_get_glyph.glyphS)
                  0000c6fb    00000005     oled.o (.rodata.oled_get_glyph.glyphT)
                  0000c700    00000005     oled.o (.rodata.oled_get_glyph.glyphU)
                  0000c705    00000005     oled.o (.rodata.oled_get_glyph.glyphV)
                  0000c70a    00000005     oled.o (.rodata.oled_get_glyph.glyphW)
                  0000c70f    00000005     oled.o (.rodata.oled_get_glyph.glyphX)
                  0000c714    00000005     oled.o (.rodata.oled_get_glyph.glyphY)
                  0000c719    00000005     oled.o (.rodata.oled_get_glyph.glyphb)
                  0000c71e    00000005     oled.o (.rodata.oled_get_glyph.gt)
                  0000c723    00000005     oled.o (.rodata.oled_get_glyph.minus)
                  0000c728    00000005     oled.o (.rodata.oled_get_glyph.nine)
                  0000c72d    00000005     oled.o (.rodata.oled_get_glyph.one)
                  0000c732    00000005     oled.o (.rodata.oled_get_glyph.seven)
                  0000c737    00000005     oled.o (.rodata.oled_get_glyph.six)
                  0000c73c    00000005     oled.o (.rodata.oled_get_glyph.space)
                  0000c741    00000005     oled.o (.rodata.oled_get_glyph.three)
                  0000c746    00000005     oled.o (.rodata.oled_get_glyph.two)
                  0000c74b    00000005     oled.o (.rodata.oled_get_glyph.zero)
                  0000c750    00000005     oled_ui.o (.rodata.str1.11428648044669318875.1)
                  0000c755    00000005     oled_ui.o (.rodata.str1.12359577037488465078.1)
                  0000c75a    00000005     oled_ui.o (.rodata.str1.12617122458660443890.1)
                  0000c75f    00000005     oled_ui.o (.rodata.str1.1276391367487699528.1)
                  0000c764    00000005     oled_ui.o (.rodata.str1.13875148296791986931.1)
                  0000c769    00000005     vision_pitch_tuning.o (.rodata.str1.13915893147848268398.1)
                  0000c76e    00000005     oled_ui.o (.rodata.str1.14134189893851348960.1)
                  0000c773    00000005     oled_ui.o (.rodata.str1.14740362735394205067.1)
                  0000c778    00000005     oled_ui.o (.rodata.str1.14774750633985060196.1)
                  0000c77d    00000005     oled_ui.o (.rodata.str1.15132332204781002199.1)
                  0000c782    00000005     oled_ui.o (.rodata.str1.15613891207764622616.1)
                  0000c787    00000005     oled_ui.o (.rodata.str1.15817398807211891688.1)
                  0000c78c    00000005     oled_ui.o (.rodata.str1.15859922799842739878.1)
                  0000c791    00000005     oled_ui.o (.rodata.str1.16290499236105125126.1)
                  0000c796    00000005     car_controller.o (.rodata.str1.1652194605229746967.1)
                  0000c79b    00000005     oled_ui.o (.rodata.str1.16526439943277383452.1)
                  0000c7a0    00000005     oled_ui.o (.rodata.str1.17242430504649735449.1)
                  0000c7a5    00000005     vision_tuning_console.o (.rodata.str1.17265544270347038021.1)
                  0000c7aa    00000005     oled_ui.o (.rodata.str1.17274519358952562110.1)
                  0000c7af    00000005     oled_ui.o (.rodata.str1.17540787658903907660.1)
                  0000c7b4    00000005     oled_ui.o (.rodata.str1.17717236995185551183.1)
                  0000c7b9    00000005     oled_ui.o (.rodata.str1.18379317056176403938.1)
                  0000c7be    00000005     oled_ui.o (.rodata.str1.2308938766145545715.1)
                  0000c7c3    00000005     oled_ui.o (.rodata.str1.2522137003438374266.1)
                  0000c7c8    00000005     oled_ui.o (.rodata.str1.2603845803395459882.1)
                  0000c7cd    00000005     oled_ui.o (.rodata.str1.2742282290834473644.1)
                  0000c7d2    00000005     oled_ui.o (.rodata.str1.4082595774073207366.1)
                  0000c7d7    00000005     car_controller.o (.rodata.str1.4164979912472006574.1)
                  0000c7dc    00000005     oled_ui.o (.rodata.str1.4581472623415959594.1)
                  0000c7e1    00000005     menu.o (.rodata.str1.4862307748908978627.1)
                  0000c7e6    00000005     oled_ui.o (.rodata.str1.5463568455719735.1)
                  0000c7eb    00000005     oled_ui.o (.rodata.str1.58703915094955230.1)
                  0000c7f0    00000005     oled_ui.o (.rodata.str1.8426569189266129334.1)
                  0000c7f5    00000005     oled_ui.o (.rodata.str1.9159586779647977165.1)
                  0000c7fa    00000005     car_controller.o (.rodata.str1.9234375891235759983.1)
                  0000c7ff    00000005     oled_ui.o (.rodata.str1.9295666102996717355.1)
                  0000c804    00000005     car_controller.o (.rodata.str1.9981487771679760427.1)
                  0000c809    00000004     oled_ui.o (.rodata.str1.10077435089618835710.1)
                  0000c80d    00000004     oled_ui.o (.rodata.str1.1019225241002246410.1)
                  0000c811    00000004     oled_ui.o (.rodata.str1.10263419832828250601.1)
                  0000c815    00000004     oled_ui.o (.rodata.str1.10430294223631918979.1)
                  0000c819    00000004     oled_ui.o (.rodata.str1.10509309789429088155.1)
                  0000c81d    00000004     oled_ui.o (.rodata.str1.10907125332684471422.1)
                  0000c821    00000004     oled_ui.o (.rodata.str1.1108652269057166745.1)
                  0000c825    00000004     oled_ui.o (.rodata.str1.11149198520117834688.1)
                  0000c829    00000004     oled_ui.o (.rodata.str1.11232419324784801130.1)
                  0000c82d    00000004     oled_ui.o (.rodata.str1.11794000050372113979.1)
                  0000c831    00000004     oled_ui.o (.rodata.str1.12043213579996415112.1)
                  0000c835    00000004     menu.o (.rodata.str1.12110183915172842339.1)
                  0000c839    00000004     oled_ui.o (.rodata.str1.12182588061437138428.1)
                  0000c83d    00000004     car_controller.o (.rodata.str1.12442237994239546032.1)
                  0000c841    00000004     oled_ui.o (.rodata.str1.12493748764729730277.1)
                  0000c845    00000004     oled_ui.o (.rodata.str1.12595606217184830646.1)
                  0000c849    00000004     oled_ui.o (.rodata.str1.12697925274637991987.1)
                  0000c84d    00000004     oled_ui.o (.rodata.str1.12928245060369742404.1)
                  0000c851    00000004     oled_ui.o (.rodata.str1.12983537867572525563.1)
                  0000c855    00000004     menu.o (.rodata.str1.13124720451672825294.1)
                  0000c859    00000004     oled_ui.o (.rodata.str1.13244290092665904221.1)
                  0000c85d    00000004     vision_tuning_console.o (.rodata.str1.14084955404328172175.1)
                  0000c861    00000004     menu.o (.rodata.str1.14098755746347272832.1)
                  0000c865    00000004     oled_ui.o (.rodata.str1.14521350379984854626.1)
                  0000c869    00000004     oled_ui.o (.rodata.str1.15802367878353263018.1)
                  0000c86d    00000004     oled_ui.o (.rodata.str1.15829239520183577662.1)
                  0000c871    00000004     oled_ui.o (.rodata.str1.15917848551323629232.1)
                  0000c875    00000004     oled_ui.o (.rodata.str1.15935041339501476673.1)
                  0000c879    00000004     oled_ui.o (.rodata.str1.16411631209783952401.1)
                  0000c87d    00000004     vision_pitch_tuning.o (.rodata.str1.16579632732967443104.1)
                  0000c881    00000004     oled_ui.o (.rodata.str1.16635595130967924751.1)
                  0000c885    00000004     oled_ui.o (.rodata.str1.16849766574302683489.1)
                  0000c889    00000004     oled_ui.o (.rodata.str1.16931641404301806744.1)
                  0000c88d    00000004     oled_ui.o (.rodata.str1.16939060351352778619.1)
                  0000c891    00000004     menu.o (.rodata.str1.17041139162815566052.1)
                  0000c895    00000004     car_controller.o (.rodata.str1.17172356789460551389.1)
                  0000c899    00000004     oled_ui.o (.rodata.str1.17464849429964608858.1)
                  0000c89d    00000004     oled_ui.o (.rodata.str1.17763087492223448992.1)
                  0000c8a1    00000004     oled_ui.o (.rodata.str1.17884296644359297425.1)
                  0000c8a5    00000004     car_controller.o (.rodata.str1.18191498530309206443.1)
                  0000c8a9    00000004     oled_ui.o (.rodata.str1.18266126048138325213.1)
                  0000c8ad    00000004     oled_ui.o (.rodata.str1.1974573040514735405.1)
                  0000c8b1    00000004     oled_ui.o (.rodata.str1.2193316011307952170.1)
                  0000c8b5    00000004     oled_ui.o (.rodata.str1.3407221357956504873.1)
                  0000c8b9    00000004     oled_ui.o (.rodata.str1.4402311448527872260.1)
                  0000c8bd    00000004     oled_ui.o (.rodata.str1.4581686099848791648.1)
                  0000c8c1    00000004     oled_ui.o (.rodata.str1.4582914374586912483.1)
                  0000c8c5    00000004     menu.o (.rodata.str1.5155000645726596423.1)
                  0000c8c9    00000004     oled_ui.o (.rodata.str1.5853739094453432564.1)
                  0000c8cd    00000004     oled_ui.o (.rodata.str1.5965450730569173784.1)
                  0000c8d1    00000004     oled_ui.o (.rodata.str1.5965888106848176421.1)
                  0000c8d5    00000004     oled_ui.o (.rodata.str1.6473435968988645044.1)
                  0000c8d9    00000004     oled_ui.o (.rodata.str1.6806727740681590176.1)
                  0000c8dd    00000004     oled_ui.o (.rodata.str1.6835749436006845616.1)
                  0000c8e1    00000004     oled_ui.o (.rodata.str1.6954814719705590448.1)
                  0000c8e5    00000004     car_controller.o (.rodata.str1.702403006289709404.1)
                  0000c8e9    00000004     oled_ui.o (.rodata.str1.7050595558965647569.1)
                  0000c8ed    00000004     oled_ui.o (.rodata.str1.7774807581888385879.1)
                  0000c8f1    00000004     oled_ui.o (.rodata.str1.8018480777946742726.1)
                  0000c8f5    00000004     oled_ui.o (.rodata.str1.8124536758062367015.1)
                  0000c8f9    00000004     oled_ui.o (.rodata.str1.8236579331345056500.1)
                  0000c8fd    00000004     oled_ui.o (.rodata.str1.8399051469953744892.1)
                  0000c901    00000004     oled_ui.o (.rodata.str1.8403269972884532600.1)
                  0000c905    00000004     oled_ui.o (.rodata.str1.8460525935980491721.1)
                  0000c909    00000004     oled_ui.o (.rodata.str1.8471462185882660445.1)
                  0000c90d    00000004     oled_ui.o (.rodata.str1.8709745090823444516.1)
                  0000c911    00000004     oled_ui.o (.rodata.str1.8783421139296713095.1)
                  0000c915    00000004     oled_ui.o (.rodata.str1.8950259614286592359.1)
                  0000c919    00000004     oled_ui.o (.rodata.str1.9102528229756940648.1)
                  0000c91d    00000004     oled_ui.o (.rodata.str1.9250665025187963892.1)
                  0000c921    00000004     vision_tuning_console.o (.rodata.str1.9292707793305368794.1)
                  0000c925    00000004     oled_ui.o (.rodata.str1.9351772214919528733.1)
                  0000c929    00000004     menu.o (.rodata.str1.9546740394641817443.1)
                  0000c92d    00000004     oled_ui.o (.rodata.str1.9584387800903135389.1)
                  0000c931    00000004     oled_ui.o (.rodata.str1.967006512144173535.1)
                  0000c935    00000004     oled_ui.o (.rodata.str1.9822857334037886482.1)
                  0000c939    00000004     oled_ui.o (.rodata.str1.9854382722193312766.1)
                  0000c93d    00000003     vision_pitch_tuning.o (.rodata.str1.10553819018306626402.1)
                  0000c940    00000003     oled_ui.o (.rodata.str1.10568433575767188072.1)
                  0000c943    00000003     oled_ui.o (.rodata.str1.11178346780556493352.1)
                  0000c946    00000003     oled_ui.o (.rodata.str1.130772507669342127.1)
                  0000c949    00000003     oled_ui.o (.rodata.str1.13790669171379415506.1)
                  0000c94c    00000003     oled_ui.o (.rodata.str1.13871579367539052597.1)
                  0000c94f    00000003     oled_ui.o (.rodata.str1.14556837007311414654.1)
                  0000c952    00000003     vision_pitch_tuning.o (.rodata.str1.15082469624955958926.1)
                  0000c955    00000003     oled_ui.o (.rodata.str1.15575624326185233262.1)
                  0000c958    00000003     oled_ui.o (.rodata.str1.15577080202403550426.1)
                  0000c95b    00000003     menu.o (.rodata.str1.16312125044762562515.1)
                  0000c95e    00000003     vision_tuning_console.o (.rodata.str1.16336339630363933256.1)
                  0000c961    00000003     oled_ui.o (.rodata.str1.16496169091617228061.1)
                  0000c964    00000003     oled_ui.o (.rodata.str1.16554583589798097927.1)
                  0000c967    00000003     oled_ui.o (.rodata.str1.16895433903389883335.1)
                  0000c96a    00000003     vision_pitch_tuning.o (.rodata.str1.17185918124541117546.1)
                  0000c96d    00000003     oled_ui.o (.rodata.str1.17763996158807330232.1)
                  0000c970    00000003     oled_ui.o (.rodata.str1.17812014771544466701.1)
                  0000c973    00000003     vision_pitch_tuning.o (.rodata.str1.18308346119964257230.1)
                  0000c976    00000003     vision_tuning_console.o (.rodata.str1.1836208005852235077.1)
                  0000c979    00000003     vision_pitch_tuning.o (.rodata.str1.2353024170771920291.1)
                  0000c97c    00000003     oled_ui.o (.rodata.str1.240075016795266086.1)
                  0000c97f    00000003     oled_ui.o (.rodata.str1.2608729314174233125.1)
                  0000c982    00000003     oled_ui.o (.rodata.str1.2656948373757303877.1)
                  0000c985    00000003     oled_ui.o (.rodata.str1.270145429241168923.1)
                  0000c988    00000003     oled_ui.o (.rodata.str1.2983744876309220570.1)
                  0000c98b    00000003     oled_ui.o (.rodata.str1.3025253791635144717.1)
                  0000c98e    00000003     menu.o (.rodata.str1.4646809750356241979.1)
                  0000c991    00000003     oled_ui.o (.rodata.str1.4691821198597473371.1)
                  0000c994    00000003     oled_ui.o (.rodata.str1.5004483696121082904.1)
                  0000c997    00000003     oled_ui.o (.rodata.str1.5291836437463020264.1)
                  0000c99a    00000003     menu.o (.rodata.str1.6857549598058878762.1)
                  0000c99d    00000003     oled_ui.o (.rodata.str1.7419768602719733415.1)
                  0000c9a0    00000003     oled_ui.o (.rodata.str1.9229350655415085.1)
                  0000c9a3    00000003     oled_ui.o (.rodata.str1.9544068167406571052.1)
                  0000c9a6    00000003     oled_ui.o (.rodata.str1.9554470707595806150.1)
                  0000c9a9    00000003     oled_ui.o (.rodata.str1.9646571805098343045.1)
                  0000c9ac    00000003     oled_ui.o (.rodata.str1.9992244628984851027.1)
                  0000c9af    00000002     oled_ui.o (.rodata.str1.14711868471336838103.1)
                  0000c9b1    00000002     oled_ui.o (.rodata.str1.17436941090773226089.1)
                  0000c9b3    00000002     oled_ui.o (.rodata.str1.3467953211977455017.1)
                  0000c9b5    00000002     oled_ui.o (.rodata.str1.7481335054564682966.1)
                  0000c9b7    00000002     oled_ui.o (.rodata.str1.8449035241871861290.1)
                  0000c9b9    00000007     --HOLE-- [fill = 0]

.init_array 
*          0    00000000    00000000     UNINITIALIZED

.binit     0    00000000    00000000     

.bss       0    20200000    000008e9     UNINITIALIZED
                  20200000    00000200     vision_receiver.o (.bss.g_ring)
                  20200200    00000100     vision_tuning_console.o (.bss.g_rxRing)
                  20200300    00000100     vision_tuning_console.o (.bss.g_txRing)
                  20200400    0000005c     (.common:g_appConfig)
                  2020045c    00000058     vision_receiver.o (.bss.g_status)
                  202004b4    00000048     gimbal_vision_adapter.o (.bss.g_feedback)
                  202004fc    00000004     gimbal_tracker.o (.bss.g_filteredErrorX)
                  20200500    00000040     gimbal.o (.bss.g_feedback)
                  20200540    00000040     vision_tuning_console.o (.bss.g_line)
                  20200580    00000040     gimbal.o (.bss.g_pitchFeedback)
                  202005c0    00000038     (.common:g_appRuntime)
                  202005f8    00000030     (.common:gUART_VISIONBackup)
                  20200628    0000002c     vision_receiver.o (.bss.g_observation)
                  20200654    00000028     gimbal_tracker.o (.bss.g_feedback)
                  2020067c    00000028     vision_receiver.o (.bss.g_frame)
                  202006a4    00000028     (.common:g_imuRuntime)
                  202006cc    00000024     gimbal_vision_yaw_tracker.o (.bss.g_feedback)
                  202006f0    00000020     mission_manager.o (.bss.g_missionRuntime)
                  20200710    00000018     gimbal_stepper.o (.bss.g_feedback)
                  20200728    00000018     gimbal_vision_pitch_tracker.o (.bss.g_feedback)
                  20200740    00000018     vision_pitch_tuning.o (.bss.g_status)
                  20200758    00000018     vision_tuning_console.o (.bss.g_status)
                  20200770    00000014     motion_action.o (.bss.g_motionActionRuntime)
                  20200784    00000014     (.common:g_headingRuntime)
                  20200798    0000000e     car_controller.o (.bss.g_carControllerFeedback)
                  202007a6    00000002     ultrasonic.o (.bss.g_echoTicks)
                  202007a8    0000000e     ultrasonic.o (.bss.g_ultrasonicFeedback)
                  202007b6    00000002     gimbal.o (.bss.g_pitchHalfPeriodTicks)
                  202007b8    0000000c     gimbal_tracker.o (.bss.g_observation)
                  202007c4    0000000a     obstacle_avoidance.o (.bss.g_avoidFeedback)
                  202007ce    00000008     obstacle_monitor.o (.bss.g_obstacleFeedback)
                  202007d6    00000002     gimbal.o (.bss.g_pitchStepHalfPeriodTicks)
                  202007d8    00000008     gimbal.o (.bss.g_pitchContinuousDegX10)
                  202007e0    00000008     gimbal.o (.bss.g_pitchEstimatedSteps)
                  202007e8    00000008     gimbal.o (.bss.g_pitchTargetDegX10)
                  202007f0    00000008     gimbal.o (.bss.g_pitchTargetEstimatedSteps)
                  202007f8    00000008     gimbal_stepper.o (.bss.g_stepperEstimatedSteps)
                  20200800    00000008     gimbal_stepper.o (.bss.g_stepperTargetEstimatedSteps)
                  20200808    00000008     gimbal.o (.bss.g_yawContinuousDegX10)
                  20200810    00000008     gimbal.o (.bss.g_yawLockedWorldYawDegX10)
                  20200818    00000008     gimbal.o (.bss.g_yawTargetContinuousDegX10)
                  20200820    00000008     gimbal.o (.bss.g_yawWorldTargetDegX10)
                  20200828    00000008     gimbal.o (.bss.g_yawWrappedDegX10)
                  20200830    00000006     ultrasonic.o (.bss.g_distanceSamples)
                  20200836    00000006     key.o (.bss.g_key1)
                  2020083c    00000006     key.o (.bss.g_key2)
                  20200842    00000006     key.o (.bss.g_key3)
                  20200848    00000004     gimbal_tracker.o (.bss.g_filteredErrorY)
                  2020084c    00000004     gimbal_vision_adapter.o (.bss.g_lastAcceptedFrameCount)
                  20200850    00000004     empty.o (.bss.g_localTimeMs)
                  20200854    00000004     encoder.o (.bss.g_motorAPulses)
                  20200858    00000004     encoder.o (.bss.g_motorBPulses)
                  2020085c    00000004     gimbal.o (.bss.g_pitchCommandedRpm)
                  20200860    00000004     gimbal.o (.bss.g_pitchCompletedSteps)
                  20200864    00000004     gimbal_tracker.o (.bss.g_pitchTargetDeg)
                  20200868    00000004     gimbal.o (.bss.g_pitchTargetRpm)
                  2020086c    00000004     gimbal.o (.bss.g_pitchTrackingTargetRpm)
                  20200870    00000004     servo.o (.bss.g_servoFeedback)
                  20200874    00000004     gimbal_vision_yaw_tracker.o (.bss.g_sessionId)
                  20200878    00000004     gimbal_stepper.o (.bss.g_stepperCompletedSteps)
                  2020087c    00000004     gimbal_vision_yaw_tracker.o (.bss.g_targetWrappedDeg)
                  20200880    00000004     gimbal.o (.bss.g_yawCommandedRpm)
                  20200884    00000004     gimbal.o (.bss.g_yawTargetRpm)
                  20200888    00000004     gimbal_tracker.o (.bss.g_yawTargetWrappedDeg)
                  2020088c    00000002     obstacle_avoidance.o (.bss.g_resumeGraceMs)
                  2020088e    00000002     vision_receiver.o (.bss.g_ringHead)
                  20200890    00000002     vision_receiver.o (.bss.g_ringTail)
                  20200892    00000002     vision_tuning_console.o (.bss.g_rxHead)
                  20200894    00000002     vision_tuning_console.o (.bss.g_rxTail)
                  20200896    00000002     servo.o (.bss.g_servoPwmPhase)
                  20200898    00000002     ultrasonic.o (.bss.g_stateTicks)
                  2020089a    00000002     gimbal_stepper.o (.bss.g_stepperHalfPeriodTicks)
                  2020089c    00000002     gimbal_stepper.o (.bss.g_stepperStepHalfPeriodTicks)
                  2020089e    00000002     vision_tuning_console.o (.bss.g_txHead)
                  202008a0    00000002     vision_tuning_console.o (.bss.g_txTail)
                  202008a2    00000002     menu.o (.bss.menu_handle_status_key.trackerSequence)
                  202008a4    00000002     (.common:g_trackError)
                  202008a6    00000001     oled_ui.o (.bss.OledUi_Update_20ms.refreshDivider)
                  202008a7    00000001     empty.o (.bss.SysTick_Handler.controlMsCount)
                  202008a8    00000001     empty.o (.bss.SysTick_Handler.gimbalMsCount)
                  202008a9    00000001     empty.o (.bss.SysTick_Handler.tick100usCount)
                  202008aa    00000001     empty.o (.bss.SysTick_Handler.trackerMsCount)
                  202008ab    00000001     ultrasonic.o (.bss.Ultrasonic_Update_20ms.triggerDivider)
                  202008ac    00000001     empty.o (.bss.g_appUpdateDue)
                  202008ad    00000001     vision_tuning_console.o (.bss.g_capturing)
                  202008ae    00000001     car_state.o (.bss.g_carState)
                  202008af    00000001     obstacle_monitor.o (.bss.g_centerSettleTicks)
                  202008b0    00000001     ultrasonic.o (.bss.g_distanceSampleCount)
                  202008b1    00000001     ultrasonic.o (.bss.g_distanceSampleIndex)
                  202008b2    00000001     gimbal_tracker.o (.bss.g_enabled)
                  202008b3    00000001     gimbal_vision_pitch_tracker.o (.bss.g_enabled)
                  202008b4    00000001     gimbal_vision_yaw_tracker.o (.bss.g_enabled)
                  202008b5    00000001     gimbal_tracker.o (.bss.g_filterReady)
                  202008b6    00000001     vision_receiver.o (.bss.g_frameSize)
                  202008b7    00000001     empty.o (.bss.g_gimbalUpdatePending)
                  202008b8    00000001     vision_tuning_console.o (.bss.g_lineSize)
                  202008b9    00000001     motor.o (.bss.g_motorADutyLevel)
                  202008ba    00000001     motor.o (.bss.g_motorBDutyLevel)
                  202008bb    00000001     obstacle_safety.o (.bss.g_obstacleSafetyHolding)
                  202008bc    00000001     oled.o (.bss.g_oledColumn)
                  202008bd    00000001     menu.o (.bss.g_oledPage)
                  202008be    00000001     menu.o (.bss.g_paramItem)
                  202008bf    00000001     menu.o (.bss.g_paramReturnPage)
                  202008c0    00000001     key.o (.bss.g_pendingEvent)
                  202008c1    00000001     gimbal.o (.bss.g_pitchControlMode)
                  202008c2    00000001     gimbal.o (.bss.g_pitchDirection)
                  202008c3    00000001     gimbal.o (.bss.g_pitchInitialized)
                  202008c4    00000001     gimbal.o (.bss.g_pitchLimitClamped)
                  202008c5    00000001     gimbal.o (.bss.g_pitchLimitDirection)
                  202008c6    00000001     gimbal.o (.bss.g_pitchPositionValid)
                  202008c7    00000001     gimbal.o (.bss.g_pitchRunning)
                  202008c8    00000001     gimbal.o (.bss.g_pitchStepHigh)
                  202008c9    00000001     gimbal.o (.bss.g_pitchStopAfterStepLow)
                  202008ca    00000001     vision_tuning_console.o (.bss.g_prefixIndex)
                  202008cb    00000001     motor.o (.bss.g_pwmPhase)
                  202008cc    00000001     car_controller.o (.bss.g_safetyHold)
                  202008cd    00000001     gimbal_vision_yaw_tracker.o (.bss.g_sessionInitialized)
                  202008ce    00000001     gimbal_tracker.o (.bss.g_simObservationUpdatesRemaining)
                  202008cf    00000001     obstacle_avoidance.o (.bss.g_stateStarted)
                  202008d0    00000001     gimbal_stepper.o (.bss.g_stepperDirection)
                  202008d1    00000001     gimbal_stepper.o (.bss.g_stepperRunning)
                  202008d2    00000001     gimbal_stepper.o (.bss.g_stepperStepHigh)
                  202008d3    00000001     gimbal_stepper.o (.bss.g_stepperStopAfterStepLow)
                  202008d4    00000001     gimbal_vision_yaw_tracker.o (.bss.g_targetSynced)
                  202008d5    00000001     gimbal_tracker.o (.bss.g_targetValid)
                  202008d6    00000001     gimbal_tracker.o (.bss.g_targetsSynced)
                  202008d7    00000001     empty.o (.bss.g_trackerUpdatePending)
                  202008d8    00000001     gimbal_tracker.o (.bss.g_trackingActive)
                  202008d9    00000001     gimbal_vision_pitch_tracker.o (.bss.g_trackingActive)
                  202008da    00000001     gimbal_vision_yaw_tracker.o (.bss.g_trackingActive)
                  202008db    00000001     ultrasonic.o (.bss.g_triggerRequest)
                  202008dc    00000001     ultrasonic.o (.bss.g_ultrasonicState)
                  202008dd    00000001     gimbal.o (.bss.g_yawLimitClamped)
                  202008de    00000001     gimbal.o (.bss.g_yawLimitDirection)
                  202008df    00000001     gimbal.o (.bss.g_yawPositionValid)
                  202008e0    00000001     gimbal.o (.bss.g_yawWorldLockEnabled)
                  202008e1    00000001     (.common:g_carStateDebug)
                  202008e2    00000001     (.common:g_keyEvent)
                  202008e3    00000001     (.common:g_oledPageDebug)
                  202008e4    00000001     (.common:g_paramItemDebug)
                  202008e5    00000001     (.common:g_trackBlackCount)
                  202008e6    00000001     (.common:g_trackModeDebug)
                  202008e7    00000001     (.common:g_trackRaw)
                  202008e8    00000001     (.common:g_trackTurnDebug)

.data      0    202008e9    00000001     UNINITIALIZED
                  202008e9    00000001     car_controller.o (.data.g_followTurnPolicy)

.stack     0    20207e00    00000200     UNINITIALIZED
                  20207e00    00000004     libc.a : boot_cortex_m.c.obj (.stack)
                  20207e04    000001fc     --HOLE--

__llvm_prf_cnts 
*          0    20200000    00000000     UNINITIALIZED

__llvm_prf_bits 
*          0    20200000    00000000     UNINITIALIZED

MODULE SUMMARY

       Module                          code    ro data   rw data
       ------                          ----    -------   -------
    .\
       gimbal.o                        7528    0         241    
       vision_tuning_console.o         6548    98        611    
       oled_ui.o                       5092    848       1      
       car_controller.o                3208    64        72     
       imu.o                           3304    0         40     
       oled.o                          2304    401       1      
       gimbal_tracker.o                2576    0         74     
       gimbal_vision_yaw_tracker.o     2088    0         48     
       vision_receiver.o               1112    0         689    
       gimbal_stepper.o                1412    0         52     
       menu.o                          1368    84        5      
       mission_manager.o               1184    0         32     
       motion_action.o                 1016    0         20     
       app_config.o                    832     0         92     
       gimbal_vision_pitch_tracker.o   864     0         26     
       obstacle_avoidance.o            752     0         13     
       mission_library.o               218     534       0      
       vision_protocol.o               732     0         0      
       ultrasonic.o                    596     0         29     
       ti_msp_dl_config.o              464     12        48     
       heading_control.o               468     0         20     
       empty.o                         444     0         11     
       key.o                           436     0         19     
       track_sensor.o                  372     0         0      
       motor.o                         356     0         3      
       vision_pitch_tuning.o           268     48        24     
       app.o                           294     0         10     
       gimbal_vision_adapter.o         228     0         76     
       obstacle_safety.o               228     0         1      
       obstacle_monitor.o              192     0         9      
       startup_mspm0g350x_ticlang.o    6       192       0      
       servo.o                         176     0         6      
       vision_uart.o                   164     0         0      
       encoder.o                       144     0         8      
       car_state.o                     36      0         1      
    +--+-------------------------------+-------+---------+---------+
       Total:                          47010   2281      2282   
                                                                
    C:/TI/mspm0_sdk_2_05_01_00/source/ti/driverlib/lib/ticlang/m0p/mspm0g1x0x_g3x0x/driverlib.a
       dl_uart.o                       90      0         0      
       dl_common.o                     10      0         0      
    +--+-------------------------------+-------+---------+---------+
       Total:                          100     0         0      
                                                                
    D:\TI\CCS\ccs\tools\compiler\ti-cgt-armllvm_4.0.4.LTS\lib\armv6m-ti-none-eabi/c/libc.a
       memcpy16.S.obj                  154     0         0      
       strcmp-armv6m.S.obj             136     0         0      
       copy_decompress_lzss.c.obj      124     0         0      
       memset16.S.obj                  98      0         0      
       autoinit.c.obj                  60      0         0      
       boot_cortex_m.c.obj             40      0         0      
       memmov.c.obj                    40      0         0      
       copy_decompress_none.c.obj      18      0         0      
       copy_zero_init.c.obj            16      0         0      
       exit.c.obj                      6       0         0      
       pre_init.c.obj                  4       0         0      
    +--+-------------------------------+-------+---------+---------+
       Total:                          696     0         0      
                                                                
    D:\TI\CCS\ccs\tools\compiler\ti-cgt-armllvm_4.0.4.LTS\lib\armv6m-ti-none-eabi/c/libsysbm.a
       hostexit.c.obj                  4       0         0      
    +--+-------------------------------+-------+---------+---------+
       Total:                          4       0         0      
                                                                
    D:\TI\CCS\ccs\tools\compiler\ti-cgt-armllvm_4.0.4.LTS\lib\armv6m-ti-none-eabi/libclang_rt.builtins.a
       addsf3.S.obj                    216     0         0      
       udivmoddi4.S.obj                162     0         0      
       mulsf3.S.obj                    140     0         0      
       divsf3.S.obj                    130     0         0      
       comparesf2.S.obj                118     0         0      
       aeabi_fcmp.S.obj                98      0         0      
       fixsfdi.S.obj                   96      0         0      
       aeabi_idivmod.S.obj             86      0         0      
       aeabi_uidivmod.S.obj            64      0         0      
       divmoddi4.c.obj                 62      0         0      
       floatsisf.S.obj                 60      0         0      
       muldsi3.S.obj                   58      0         0      
       fixsfsi.S.obj                   56      0         0      
       floatunsisf.S.obj               40      0         0      
       muldi3.S.obj                    36      0         0      
       ashldi3.S.obj                   30      0         0      
       aeabi_ldivmod.S.obj             20      0         0      
       aeabi_uldivmod.S.obj            20      0         0      
       aeabi_memset.S.obj              12      0         0      
       aeabi_memcpy.S.obj              8       0         0      
       aeabi_memmove.S.obj             8       0         0      
       aeabi_div0.c.obj                4       0         0      
    +--+-------------------------------+-------+---------+---------+
       Total:                          1524    0         0      
                                                                
       Stack:                          0       0         512    
       Linker Generated:               0       41        0      
    +--+-------------------------------+-------+---------+---------+
       Grand Total:                    49334   2322      2794   


LINKER GENERATED COPY TABLES

__TI_cinit_table @ 0000c9dc records: 2, size/record: 8, table size: 16
	.bss: load addr=0000c9cc, load size=00000008 bytes, run addr=20200000, run size=000008e9 bytes, compression=zero_init
	.data: load addr=0000c9d4, load size=00000005 bytes, run addr=202008e9, run size=00000001 bytes, compression=lzss


LINKER GENERATED HANDLER TABLE

__TI_handler_table @ 0000c9c0 records: 3, size/record: 4, table size: 12
	index: 0, handler: __TI_decompress_lzss
	index: 1, handler: __TI_decompress_none
	index: 2, handler: __TI_zero_init


GLOBAL SYMBOLS: SORTED ALPHABETICALLY BY Name 

address   name                                  
-------   ----                                  
00009a57  ADC0_IRQHandler                       
00009a57  ADC1_IRQHandler                       
00009a57  AES_IRQHandler                        
0000957d  AppConfig_InitDefault                 
00005509  AppConfig_LimitAll                    
0000ac39  App_Init                              
000093fd  App_Update_20ms                       
0000c17a  C$$EXIT                               
00009a57  CANFD0_IRQHandler                     
0000c0e5  CarController_GetFeedback             
0000bfe5  CarController_GetRunMode              
0000a4a5  CarController_Init                    
0000a521  CarController_ResetRuntime            
0000bdfd  CarController_RunModeToString         
0000b145  CarController_SetSafetyHold           
00009f51  CarController_StartDriveHeading       
0000a59d  CarController_StartFollowLine         
00009e21  CarController_StartSeekLine           
0000a7fd  CarController_StartTurnLeft90         
0000a789  CarController_StartTurnRight90        
0000a189  CarController_StartTurnToYawRelative  
0000bc15  CarController_Stop                    
00002b6d  CarController_Update_20ms             
0000bff1  CarState_Get                          
0000bffd  CarState_Init                         
0000c009  CarState_Set                          
00009a57  DAC0_IRQHandler                       
0000c0bd  DL_Common_delayCycles                 
0000b285  DL_UART_init                          
0000bf81  DL_UART_setClockConfig                
00009a57  DMA_IRQHandler                        
00009a57  Default_Handler                       
0000aa2d  Encoder_HandleGpioInterrupt           
0000bba9  Encoder_Reset                         
00009a57  GROUP0_IRQHandler                     
0000bea5  GROUP1_IRQHandler                     
0000a299  GimbalStepper_ConfirmZero             
0000c0ed  GimbalStepper_GetFeedback             
0000979d  GimbalStepper_Init                    
000074a9  GimbalStepper_MoveToEstimatedSteps    
0000a86d  GimbalStepper_Release                 
0000beb9  GimbalStepper_SetStepHalfPeriodTicks  
00009635  GimbalStepper_StopHold                
0000700d  GimbalStepper_Tick100us               
0000b521  GimbalTracker_ClearObservation        
0000ad61  GimbalTracker_Enable                  
0000adc1  GimbalTracker_GetFeedback             
0000a425  GimbalTracker_Init                    
0000a31d  GimbalTracker_PushObservation         
00003261  GimbalTracker_Update                  
0000c0f5  GimbalVisionAdapter_GetFeedback       
0000c015  GimbalVisionAdapter_GetObservation    
0000bd55  GimbalVisionAdapter_Init              
000096e9  GimbalVisionAdapter_Update            
00009a59  GimbalVisionPitchTracker_Enable       
0000bbcd  GimbalVisionPitchTracker_GetFeedback  
0000b3a1  GimbalVisionPitchTracker_Init         
000060f5  GimbalVisionPitchTracker_Update10ms   
000071a1  GimbalVisionYawTracker_Enable         
0000b8e5  GimbalVisionYawTracker_GetFeedback    
0000aa99  GimbalVisionYawTracker_Init           
00004179  GimbalVisionYawTracker_Update10ms     
00007799  Gimbal_Init                           
00008bad  Gimbal_PitchConfirmZero               
0000b915  Gimbal_PitchGetFeedback               
0000984d  Gimbal_PitchMoveRelativeDeg           
00008519  Gimbal_PitchRelease                   
00005279  Gimbal_PitchSetTrackingSpeedDegS      
0000870d  Gimbal_PitchStopHold                  
0000c0fd  Gimbal_PitchStopTrackingHold          
00007329  Gimbal_PitchTick100us                 
00006af9  Gimbal_PitchUpdate5ms                 
0000c021  Gimbal_Tick100us                      
0000c02d  Gimbal_Update5ms                      
00009335  Gimbal_YawConfirmZero                 
00009fe5  Gimbal_YawDisableWorldLock            
000080a1  Gimbal_YawEnableWorldLock             
0000bfa5  Gimbal_YawGetFeedback                 
0000af99  Gimbal_YawMoveRelativeDeg             
0000abd5  Gimbal_YawRelease                     
00004d4d  Gimbal_YawSetWrappedTargetDeg         
0000a071  Gimbal_YawStopHold                    
00004fe5  Gimbal_YawUpdate5ms                   
0000c17b  HOSTexit                              
00009a57  HardFault_Handler                     
0000becd  HeadingControl_Enable                 
0000c105  HeadingControl_GetRuntime             
0000bee1  HeadingControl_Init                   
0000be15  HeadingControl_LockCurrentYaw         
0000bef5  HeadingControl_Reset                  
0000be2d  HeadingControl_SetTargetYaw           
00007905  HeadingControl_Update                 
00009a57  I2C0_IRQHandler                       
00009a57  I2C1_IRQHandler                       
0000631d  Imu_CalibrateGyroBias                 
0000c039  Imu_GetCorrectedGyroZDps              
0000c10d  Imu_GetRuntime                        
0000c045  Imu_GetYaw                            
000047cd  Imu_Init                              
0000bd71  Imu_IsReady                           
0000c051  Imu_ResetYaw                          
00007e41  Imu_Update                            
0000bfb5  Key_GetEvent                          
0000b945  Key_Init                              
00007625  Key_Update_20ms                       
0000c05d  Menu_GetPage                          
0000c069  Menu_GetParamItem                     
0000a8dd  Menu_GetParamValue                    
00003a8d  Menu_HandleKeyEvent                   
0000bd8d  Menu_Init                             
0000be45  Menu_ParamItemToString                
0000be5d  MissionLibrary_FindById               
0000bf09  MissionLibrary_GetByIndex             
0000c17f  MissionLibrary_GetCount               
000099ad  MissionLibrary_Validate               
0000b975  MissionManager_Cancel                 
0000c115  MissionManager_GetMissionCount        
0000c11d  MissionManager_GetRuntime             
0000bf1d  MissionManager_GetSelectedMissionId   
0000ab05  MissionManager_GetSelectedMissionIndex
0000b2cd  MissionManager_Init                   
0000bc35  MissionManager_Pause                  
0000b9a5  MissionManager_Reset                  
0000bc55  MissionManager_Resume                 
000087fd  MissionManager_SelectNext             
00008d65  MissionManager_SelectPrevious         
0000c075  MissionManager_SetExternalHold        
0000b3e1  MissionManager_Start                  
00008615  MissionManager_Update_20ms            
0000be75  MotionAction_Cancel                   
0000bc75  MotionAction_GetCurrentBypassDirection
0000bc95  MotionAction_GetCurrentObstaclePolicy 
0000c125  MotionAction_GetRuntime               
0000be8d  MotionAction_Init                     
0000b701  MotionAction_ReapplyControllerTarget  
00007bc5  MotionAction_Start                    
00006531  MotionAction_Update_20ms              
0000b739  Motor_Init                            
0000b195  Motor_PwmTick100us                    
000098fd  Motor_SetSpeed                        
0000ba35  Motor_Stop                            
00009a57  NMI_Handler                           
00005c69  OLED_Clear                            
000090c5  OLED_Init                             
0000ae81  OLED_PrintBinary7                     
00009199  OLED_PrintChar                        
00007d05  OLED_PrintInt16                       
0000b8b1  OLED_PrintString                      
00008e3d  OLED_PrintUInt16                      
0000b7e1  OLED_SetCursor                        
0000c12d  ObstacleAvoidance_GetFeedback         
0000bcb5  ObstacleAvoidance_Init                
0000c081  ObstacleAvoidance_IsActive            
0000c08d  ObstacleAvoidance_IsFailed            
0000bfc5  ObstacleAvoidance_IsResumeGraceActive 
00005791  ObstacleAvoidance_Update_20ms         
0000c135  ObstacleMonitor_GetFeedback           
0000bda9  ObstacleMonitor_Init                  
00009ce9  ObstacleMonitor_Update_20ms           
0000bdc5  ObstacleSafety_Init                   
0000c099  ObstacleSafety_IsHolding              
000094c1  ObstacleSafety_Update_20ms            
0000c0a5  OledUi_Init                           
00001871  OledUi_Update_20ms                    
00009a57  PendSV_Handler                        
00009a57  RTC_IRQHandler                        
0000c183  Reset_Handler                         
00009a57  SPI0_IRQHandler                       
00009a57  SPI1_IRQHandler                       
00009a57  SVC_Handler                           
00009269  SYSCFG_DL_GPIO_init                   
0000b421  SYSCFG_DL_SYSCTL_init                 
0000a94d  SYSCFG_DL_UART_VISION_init            
0000bcd5  SYSCFG_DL_init                        
0000b815  SYSCFG_DL_initPower                   
0000c13d  Servo_GetFeedback                     
0000bab9  Servo_Init                            
0000b55d  Servo_SetAngleDeg                     
0000b35d  Servo_Tick100us                       
00009c49  SysTick_Handler                       
00009a57  TIMA0_IRQHandler                      
00009a57  TIMA1_IRQHandler                      
00009a57  TIMG0_IRQHandler                      
00009a57  TIMG12_IRQHandler                     
00009a57  TIMG6_IRQHandler                      
00009a57  TIMG7_IRQHandler                      
00009a57  TIMG8_IRQHandler                      
0000ba61  TrackSensor_CountBlack                
0000a9bd  TrackSensor_DetectTurn                
0000ab6d  TrackSensor_GetErrorFromRaw           
00009c47  TrackSensor_Init                      
0000c0c7  TrackSensor_IsCenterDetected          
0000c0d1  TrackSensor_IsLineDetected            
0000c0db  TrackSensor_IsLineLost                
0000b049  TrackSensor_ReadRaw                   
00009a57  UART0_IRQHandler                      
00009a57  UART1_IRQHandler                      
00009a57  UART2_IRQHandler                      
0000aee1  UART3_IRQHandler                      
0000c145  Ultrasonic_GetFeedback                
0000b1e5  Ultrasonic_Init                       
00006e6d  Ultrasonic_Tick100us                  
0000af3d  Ultrasonic_Update_20ms                
0000bf31  VisionPitchTuning_GetSnapshot         
0000c14d  VisionPitchTuning_GetStatus           
0000bae1  VisionPitchTuning_Init                
0000bde1  VisionPitchTuning_ParamName           
0000b9d5  VisionPitchTuning_RestoreDefault      
0000a619  VisionPitchTuning_Set                 
00006739  VisionProtocol_ParseV1TargetFrame     
0000c155  VisionReceiver_GetObservation         
0000bcf5  VisionReceiver_GetProtocolErrorCount  
0000c15d  VisionReceiver_GetStatus              
0000b771  VisionReceiver_Init                   
000036dd  VisionReceiver_Process                
0000b461  VisionReceiver_PushByteFromIsr        
0000b235  VisionTuningConsole_Init              
000000c1  VisionTuningConsole_Process           
0000b599  VisionTuningConsole_PushByteFromIsr   
0000b849  VisionTuningConsole_TryPopTxByte      
0000bf45  VisionUart_Init                       
0000b87d  VisionUart_Process                    
20208000  __STACK_END                           
00000200  __STACK_SIZE                          
00000000  __TI_ATRegion0_region_sz              
00000000  __TI_ATRegion0_src_addr               
00000000  __TI_ATRegion0_trg_addr               
00000000  __TI_ATRegion1_region_sz              
00000000  __TI_ATRegion1_src_addr               
00000000  __TI_ATRegion1_trg_addr               
00000000  __TI_ATRegion2_region_sz              
00000000  __TI_ATRegion2_src_addr               
00000000  __TI_ATRegion2_trg_addr               
0000c9dc  __TI_CINIT_Base                       
0000c9ec  __TI_CINIT_Limit                      
0000c9ec  __TI_CINIT_Warm                       
0000c9c0  __TI_Handler_Table_Base               
0000c9cc  __TI_Handler_Table_Limit              
0000b64d  __TI_auto_init_nobinit_nopinit        
0000a695  __TI_decompress_lzss                  
0000bf93  __TI_decompress_none                  
[...]
0000a0fd  __aeabi_fmul                          
00008fed  __aeabi_fsub                          
0000b5d5  __aeabi_i2f                           
0000aff1  __aeabi_idiv                          
00009e1f  __aeabi_idiv0                         
0000aff1  __aeabi_idivmod                       
0000a423  __aeabi_ldiv0                         
0000bf59  __aeabi_ldivmod                       
0000bd35  __aeabi_llsl                          
0000bbf1  __aeabi_lmul                          
0000c0b1  __aeabi_memclr                        
0000c0b1  __aeabi_memclr4                       
0000c0b1  __aeabi_memclr8                       
0000c165  __aeabi_memcpy                        
0000c165  __aeabi_memcpy4                       
0000c165  __aeabi_memcpy8                       
0000c16d  __aeabi_memmove                       
0000c16d  __aeabi_memmove4                      
0000c16d  __aeabi_memmove8                      
0000bb09  __aeabi_ui2f                          
0000b4a1  __aeabi_uidiv                         
0000b4a1  __aeabi_uidivmod                      
0000bf6d  __aeabi_uldivmod                      
0000bd35  __ashldi3                             
ffffffff  __binit__                             
0000b689  __cmpsf2                              
0000b4e1  __divmoddi4                           
0000a3a1  __divsf3                              
0000b689  __eqsf2                               
0000ae21  __fixsfdi                             
0000b7a9  __fixsfsi                             
0000b5d5  __floatsisf                           
0000bb09  __floatunsisf                         
0000b611  __gesf2                               
0000b611  __gtsf2                               
0000b689  __lesf2                               
0000b689  __ltsf2                               
UNDEFED   __mpu_init                            
0000bbf1  __muldi3                              
0000b6c5  __muldsi3                             
0000a0fd  __mulsf3                              
0000b689  __nesf2                               
20207e00  __stack                               
20200000  __start___llvm_prf_bits               
20200000  __start___llvm_prf_cnts               
20200000  __stop___llvm_prf_bits                
20200000  __stop___llvm_prf_cnts                
00008fed  __subsf3                              
00009ba5  __udivmoddi4                          
0000bb81  _c_int00_noargs                       
UNDEFED   _system_post_cinit                    
0000c187  _system_pre_init                      
0000c175  abort                                 
ffffffff  binit                                 
202005f8  gUART_VISIONBackup                    
20200400  g_appConfig                           
202005c0  g_appRuntime                          
202008e1  g_carStateDebug                       
20200784  g_headingRuntime                      
202006a4  g_imuRuntime                          
202008e2  g_keyEvent                            
202008e3  g_oledPageDebug                       
202008e4  g_paramItemDebug                      
202008e5  g_trackBlackCount                     
202008a4  g_trackError                          
202008e6  g_trackModeDebug                      
202008e7  g_trackRaw                            
202008e8  g_trackTurnDebug                      
00000000  interruptVectors                      
00008411  main                                  
00009d85  memcpy                                
0000bb59  memmove                               
0000acff  memset                                
0000a211  strcmp                                


GLOBAL SYMBOLS: SORTED BY Symbol Address 

address   name                                  
-------   ----                                  
00000000  __TI_ATRegion0_region_sz              
00000000  __TI_ATRegion0_src_addr               
00000000  __TI_ATRegion0_trg_addr               
00000000  __TI_ATRegion1_region_sz              
00000000  __TI_ATRegion1_src_addr               
00000000  __TI_ATRegion1_trg_addr               
00000000  __TI_ATRegion2_region_sz              
00000000  __TI_ATRegion2_src_addr               
00000000  __TI_ATRegion2_trg_addr               
00000000  __TI_static_base__                    
00000000  interruptVectors                      
000000c1  VisionTuningConsole_Process           
00000200  __STACK_SIZE                          
00001871  OledUi_Update_20ms                    
00002b6d  CarController_Update_20ms             
00003261  GimbalTracker_Update                  
000036dd  VisionReceiver_Process                
00003a8d  Menu_HandleKeyEvent                   
00004179  GimbalVisionYawTracker_Update10ms     
000047cd  Imu_Init                              
00004d4d  Gimbal_YawSetWrappedTargetDeg         
00004fe5  Gimbal_YawUpdate5ms                   
00005279  Gimbal_PitchSetTrackingSpeedDegS      
00005509  AppConfig_LimitAll                    
00005791  ObstacleAvoidance_Update_20ms         
00005c69  OLED_Clear                            
000060f5  GimbalVisionPitchTracker_Update10ms   
0000631d  Imu_CalibrateGyroBias                 
00006531  MotionAction_Update_20ms              
00006739  VisionProtocol_ParseV1TargetFrame     
00006af9  Gimbal_PitchUpdate5ms                 
00006e6d  Ultrasonic_Tick100us                  
0000700d  GimbalStepper_Tick100us               
000071a1  GimbalVisionYawTracker_Enable         
00007329  Gimbal_PitchTick100us                 
000074a9  GimbalStepper_MoveToEstimatedSteps    
00007625  Key_Update_20ms                       
00007799  Gimbal_Init                           
00007905  HeadingControl_Update                 
00007bc5  MotionAction_Start                    
00007d05  OLED_PrintInt16                       
00007e41  Imu_Update                            
000080a1  Gimbal_YawEnableWorldLock             
00008411  main                                  
00008519  Gimbal_PitchRelease                   
00008615  MissionManager_Update_20ms            
0000870d  Gimbal_PitchStopHold                  
000087fd  MissionManager_SelectNext             
00008bad  Gimbal_PitchConfirmZero               
00008d65  MissionManager_SelectPrevious         
00008e3d  OLED_PrintUInt16                      
00008fed  __aeabi_fsub                          
00008fed  __subsf3                              
00008ff7  __addsf3                              
00008ff7  __aeabi_fadd                          
000090c5  OLED_Init                             
00009199  OLED_PrintChar                        
00009269  SYSCFG_DL_GPIO_init                   
00009335  Gimbal_YawConfirmZero                 
000093fd  App_Update_20ms                       
000094c1  ObstacleSafety_Update_20ms            
0000957d  AppConfig_InitDefault                 
00009635  GimbalStepper_StopHold                
000096e9  GimbalVisionAdapter_Update            
0000979d  GimbalStepper_Init                    
0000984d  Gimbal_PitchMoveRelativeDeg           
000098fd  Motor_SetSpeed                        
000099ad  MissionLibrary_Validate               
00009a57  ADC0_IRQHandler                       
00009a57  ADC1_IRQHandler                       
00009a57  AES_IRQHandler                        
00009a57  CANFD0_IRQHandler                     
00009a57  DAC0_IRQHandler                       
00009a57  DMA_IRQHandler                        
00009a57  Default_Handler                       
00009a57  GROUP0_IRQHandler                     
00009a57  HardFault_Handler                     
00009a57  I2C0_IRQHandler                       
00009a57  I2C1_IRQHandler                       
00009a57  NMI_Handler                           
00009a57  PendSV_Handler                        
00009a57  RTC_IRQHandler                        
00009a57  SPI0_IRQHandler                       
00009a57  SPI1_IRQHandler                       
00009a57  SVC_Handler                           
00009a57  TIMA0_IRQHandler                      
00009a57  TIMA1_IRQHandler                      
00009a57  TIMG0_IRQHandler                      
00009a57  TIMG12_IRQHandler                     
00009a57  TIMG6_IRQHandler                      
00009a57  TIMG7_IRQHandler                      
00009a57  TIMG8_IRQHandler                      
00009a57  UART0_IRQHandler                      
00009a57  UART1_IRQHandler                      
00009a57  UART2_IRQHandler                      
00009a59  GimbalVisionPitchTracker_Enable       
00009ba5  __udivmoddi4                          
00009c47  TrackSensor_Init                      
00009c49  SysTick_Handler                       
00009ce9  ObstacleMonitor_Update_20ms           
00009d85  memcpy                                
00009e1f  __aeabi_idiv0                         
00009e21  CarController_StartSeekLine           
00009f51  CarController_StartDriveHeading       
00009fe5  Gimbal_YawDisableWorldLock            
0000a071  Gimbal_YawStopHold                    
0000a0fd  __aeabi_fmul                          
0000a0fd  __mulsf3                              
0000a189  CarController_StartTurnToYawRelative  
0000a211  strcmp                                
0000a299  GimbalStepper_ConfirmZero             
0000a31d  GimbalTracker_PushObservation         
0000a3a1  __aeabi_fdiv                          
0000a3a1  __divsf3                              
0000a423  __aeabi_ldiv0                         
0000a425  GimbalTracker_Init                    
0000a4a5  CarController_Init                    
0000a521  CarController_ResetRuntime            
0000a59d  CarController_StartFollowLine         
0000a619  VisionPitchTuning_Set                 
0000a695  __TI_decompress_lzss                  
0000a789  CarController_StartTurnRight90        
0000a7fd  CarController_StartTurnLeft90         
0000a86d  GimbalStepper_Release                 
0000a8dd  Menu_GetParamValue                    
0000a94d  SYSCFG_DL_UART_VISION_init            
0000a9bd  TrackSensor_DetectTurn                
0000aa2d  Encoder_HandleGpioInterrupt           
0000aa99  GimbalVisionYawTracker_Init           
0000ab05  MissionManager_GetSelectedMissionIndex
0000ab6d  TrackSensor_GetErrorFromRaw           
0000abd5  Gimbal_YawRelease                     
0000ac39  App_Init                              
0000ac9d  __aeabi_fcmpeq                        
0000acb1  __aeabi_fcmplt                        
0000acc5  __aeabi_fcmple                        
0000acd9  __aeabi_fcmpge                        
0000aced  __aeabi_fcmpgt                        
0000acff  memset                                
0000ad61  GimbalTracker_Enable                  
0000adc1  GimbalTracker_GetFeedback             
0000ae21  __aeabi_f2lz                          
0000ae21  __fixsfdi                             
0000ae81  OLED_PrintBinary7                     
0000aee1  UART3_IRQHandler                      
0000af3d  Ultrasonic_Update_20ms                
0000af99  Gimbal_YawMoveRelativeDeg             
0000aff1  __aeabi_idiv                          
0000aff1  __aeabi_idivmod                       
0000b049  TrackSensor_ReadRaw                   
0000b145  CarController_SetSafetyHold           
0000b195  Motor_PwmTick100us                    
0000b1e5  Ultrasonic_Init                       
0000b235  VisionTuningConsole_Init              
0000b285  DL_UART_init                          
0000b2cd  MissionManager_Init                   
0000b35d  Servo_Tick100us                       
0000b3a1  GimbalVisionPitchTracker_Init         
0000b3e1  MissionManager_Start                  
0000b421  SYSCFG_DL_SYSCTL_init                 
0000b461  VisionReceiver_PushByteFromIsr        
0000b4a1  __aeabi_uidiv                         
0000b4a1  __aeabi_uidivmod                      
0000b4e1  __divmoddi4                           
0000b521  GimbalTracker_ClearObservation        
0000b55d  Servo_SetAngleDeg                     
0000b599  VisionTuningConsole_PushByteFromIsr   
0000b5d5  __aeabi_i2f                           
0000b5d5  __floatsisf                           
0000b611  __gesf2                               
0000b611  __gtsf2                               
0000b64d  __TI_auto_init_nobinit_nopinit        
0000b689  __cmpsf2                              
0000b689  __eqsf2                               
0000b689  __lesf2                               
0000b689  __ltsf2                               
0000b689  __nesf2                               
0000b6c5  __muldsi3                             
0000b701  MotionAction_ReapplyControllerTarget  
0000b739  Motor_Init                            
0000b771  VisionReceiver_Init                   
0000b7a9  __aeabi_f2iz                          
0000b7a9  __fixsfsi                             
0000b7e1  OLED_SetCursor                        
0000b815  SYSCFG_DL_initPower                   
0000b849  VisionTuningConsole_TryPopTxByte      
0000b87d  VisionUart_Process                    
0000b8b1  OLED_PrintString                      
0000b8e5  GimbalVisionYawTracker_GetFeedback    
0000b915  Gimbal_PitchGetFeedback               
0000b945  Key_Init                              
0000b975  MissionManager_Cancel                 
0000b9a5  MissionManager_Reset                  
0000b9d5  VisionPitchTuning_RestoreDefault      
0000ba35  Motor_Stop                            
0000ba61  TrackSensor_CountBlack                
0000bab9  Servo_Init                            
0000bae1  VisionPitchTuning_Init                
0000bb09  __aeabi_ui2f                          
0000bb09  __floatunsisf                         
0000bb59  memmove                               
0000bb81  _c_int00_noargs                       
0000bba9  Encoder_Reset                         
0000bbcd  GimbalVisionPitchTracker_GetFeedback  
0000bbf1  __aeabi_lmul                          
0000bbf1  __muldi3                              
0000bc15  CarController_Stop                    
0000bc35  MissionManager_Pause                  
0000bc55  MissionManager_Resume                 
0000bc75  MotionAction_GetCurrentBypassDirection
0000bc95  MotionAction_GetCurrentObstaclePolicy 
0000bcb5  ObstacleAvoidance_Init                
0000bcd5  SYSCFG_DL_init                        
0000bcf5  VisionReceiver_GetProtocolErrorCount  
0000bd35  __aeabi_llsl                          
0000bd35  __ashldi3                             
0000bd55  GimbalVisionAdapter_Init              
0000bd71  Imu_IsReady                           
0000bd8d  Menu_Init                             
0000bda9  ObstacleMonitor_Init                  
0000bdc5  ObstacleSafety_Init                   
0000bde1  VisionPitchTuning_ParamName           
0000bdfd  CarController_RunModeToString         
0000be15  HeadingControl_LockCurrentYaw         
0000be2d  HeadingControl_SetTargetYaw           
0000be45  Menu_ParamItemToString                
0000be5d  MissionLibrary_FindById               
0000be75  MotionAction_Cancel                   
0000be8d  MotionAction_Init                     
0000bea5  GROUP1_IRQHandler                     
0000beb9  GimbalStepper_SetStepHalfPeriodTicks  
0000becd  HeadingControl_Enable                 
0000bee1  HeadingControl_Init                   
0000bef5  HeadingControl_Reset                  
0000bf09  MissionLibrary_GetByIndex             
0000bf1d  MissionManager_GetSelectedMissionId   
0000bf31  VisionPitchTuning_GetSnapshot         
0000bf45  VisionUart_Init                       
0000bf59  __aeabi_ldivmod                       
0000bf6d  __aeabi_uldivmod                      
0000bf81  DL_UART_setClockConfig                
0000bf93  __TI_decompress_none                  
0000bfa5  Gimbal_YawGetFeedback                 
0000bfb5  Key_GetEvent                          
0000bfc5  ObstacleAvoidance_IsResumeGraceActive 
0000bfd5  __TI_zero_init                        
0000bfe5  CarController_GetRunMode              
0000bff1  CarState_Get                          
0000bffd  CarState_Init                         
0000c009  CarState_Set                          
0000c015  GimbalVisionAdapter_GetObservation    
0000c021  Gimbal_Tick100us                      
0000c02d  Gimbal_Update5ms                      
0000c039  Imu_GetCorrectedGyroZDps              
0000c045  Imu_GetYaw                            
0000c051  Imu_ResetYaw                          
0000c05d  Menu_GetPage                          
0000c069  Menu_GetParamItem                     
0000c075  MissionManager_SetExternalHold        
0000c081  ObstacleAvoidance_IsActive            
0000c08d  ObstacleAvoidance_IsFailed            
0000c099  ObstacleSafety_IsHolding              
0000c0a5  OledUi_Init                           
0000c0b1  __aeabi_memclr                        
0000c0b1  __aeabi_memclr4                       
0000c0b1  __aeabi_memclr8                       
0000c0bd  DL_Common_delayCycles                 
0000c0c7  TrackSensor_IsCenterDetected          
0000c0d1  TrackSensor_IsLineDetected            
0000c0db  TrackSensor_IsLineLost                
0000c0e5  CarController_GetFeedback             
0000c0ed  GimbalStepper_GetFeedback             
0000c0f5  GimbalVisionAdapter_GetFeedback       
0000c0fd  Gimbal_PitchStopTrackingHold          
0000c105  HeadingControl_GetRuntime             
0000c10d  Imu_GetRuntime                        
0000c115  MissionManager_GetMissionCount        
0000c11d  MissionManager_GetRuntime             
0000c125  MotionAction_GetRuntime               
0000c12d  ObstacleAvoidance_GetFeedback         
0000c135  ObstacleMonitor_GetFeedback           
0000c13d  Servo_GetFeedback                     
0000c145  Ultrasonic_GetFeedback                
0000c14d  VisionPitchTuning_GetStatus           
0000c155  VisionReceiver_GetObservation         
0000c15d  VisionReceiver_GetStatus              
0000c165  __aeabi_memcpy                        
0000c165  __aeabi_memcpy4                       
0000c165  __aeabi_memcpy8                       
0000c16d  __aeabi_memmove                       
0000c16d  __aeabi_memmove4                      
0000c16d  __aeabi_memmove8                      
0000c175  abort                                 
0000c17a  C$$EXIT                               
0000c17b  HOSTexit                              
0000c17f  MissionLibrary_GetCount               
0000c183  Reset_Handler                         
0000c187  _system_pre_init                      
0000c9c0  __TI_Handler_Table_Base               
0000c9cc  __TI_Handler_Table_Limit              
0000c9dc  __TI_CINIT_Base                       
0000c9ec  __TI_CINIT_Limit                      
0000c9ec  __TI_CINIT_Warm                       
20200000  __start___llvm_prf_bits               
20200000  __start___llvm_prf_cnts               
20200000  __stop___llvm_prf_bits                
20200000  __stop___llvm_prf_cnts                
20200400  g_appConfig                           
202005c0  g_appRuntime                          
202005f8  gUART_VISIONBackup                    
202006a4  g_imuRuntime                          
20200784  g_headingRuntime                      
202008a4  g_trackError                          
202008e1  g_carStateDebug                       
202008e2  g_keyEvent                            
202008e3  g_oledPageDebug                       
202008e4  g_paramItemDebug                      
202008e5  g_trackBlackCount                     
202008e6  g_trackModeDebug                      
202008e7  g_trackRaw                            
202008e8  g_trackTurnDebug                      
20207e00  __stack                               
20208000  __STACK_END                           
ffffffff  __TI_pprof_out_hndl                   
ffffffff  __TI_prof_data_size                   
ffffffff  __TI_prof_data_start                  
ffffffff  __binit__                             
ffffffff  binit                                 
UNDEFED   __mpu_init                            
UNDEFED   _system_post_cinit                    

[330 symbols]
