******************************************************************************
            TI ARM Clang Linker PC v4.0.4                      
******************************************************************************
>> Linked Sun Jul 19 16:37:04 2026

OUTPUT FILE NAME:   <diansaikaishi.out>
ENTRY POINT SYMBOL: "_c_int00_noargs"  address: 00007f0d


MEMORY CONFIGURATION

         name            origin    length      used     unused   attr    fill
----------------------  --------  ---------  --------  --------  ----  --------
  FLASH                 00000000   00020000  00008a78  00017588  R  X
  SRAM                  20200000   00008000  000004f4  00007b0c  RW X
  BCR_CONFIG            41c00000   000000ff  00000000  000000ff  R   
  BSL_CONFIG            41c00100   00000080  00000000  00000080  R   


SEGMENT ALLOCATION MAP

run origin  load origin   length   init length attrs members
----------  ----------- ---------- ----------- ----- -------
00000000    00000000    00008a78   00008a78    r-x
  00000000    00000000    000000c0   000000c0    r-- .intvecs
  000000c0    000000c0    00008360   00008360    r-x .text
  00008420    00008420    00000628   00000628    r-- .rodata
  00008a48    00008a48    00000030   00000030    r-- .cinit
20200000    20200000    000002f4   00000000    rw-
  20200000    20200000    000002f3   00000000    rw- .bss
  202002f3    202002f3    00000001   00000000    rw- .data
20207e00    20207e00    00000200   00000000    rw-
  20207e00    20207e00    00000200   00000000    rw- .stack


SECTION ALLOCATION MAP

 output                                  attributes/
section   page    origin      length       input sections
--------  ----  ----------  ----------   ----------------
.intvecs   0    00000000    000000c0     
                  00000000    000000c0     startup_mspm0g350x_ticlang.o (.intvecs)

.text      0    000000c0    00008360     
                  000000c0    00000974     oled_ui.o (.text.OledUi_Update_20ms)
                  00000a34    000006f4     car_controller.o (.text.CarController_Update_20ms)
                  00001128    0000047c     gimbal_tracker.o (.text.GimbalTracker_Update)
                  000015a4    00000370     gimbal.o (.text.gimbal_update_feedback)
                  00001914    000002f0     imu.o (.text.mpu6050_read_regs)
                  00001c04    000002d8     imu.o (.text.Imu_Init)
                  00001edc    000002a8     gimbal_tracker.o (.text.update_feedback)
                  00002184    00000298     gimbal.o (.text.Gimbal_YawSetWrappedTargetDeg)
                  0000241c    00000294     gimbal.o (.text.Gimbal_YawUpdate5ms)
                  000026b0    00000290     gimbal.o (.text.Gimbal_PitchSetTrackingSpeedDegS)
                  00002940    00000288     app_config.o (.text.AppConfig_LimitAll)
                  00002bc8    00000278     obstacle_avoidance.o (.text.ObstacleAvoidance_Update_20ms)
                  00002e40    00000260     menu.o (.text.Menu_HandleKeyEvent)
                  000030a0    00000260     gimbal.o (.text.gimbal_pitch_set_target_steps)
                  00003300    00000254     oled.o (.text.OLED_Clear)
                  00003554    00000238     gimbal.o (.text.gimbal_pitch_update_feedback)
                  0000378c    00000214     imu.o (.text.Imu_CalibrateGyroBias)
                  000039a0    00000208     motion_action.o (.text.MotionAction_Update_20ms)
                  00003ba8    000001cc     imu.o (.text.imu_i2c_write_byte)
                  00003d74    000001bc     gimbal.o (.text.Gimbal_PitchUpdate5ms)
                  00003f30    000001b8     oled.o (.text.oled_i2c_write_byte)
                  000040e8    000001a0     ultrasonic.o (.text.Ultrasonic_Tick100us)
                  00004288    00000194     gimbal_stepper.o (.text.GimbalStepper_Tick100us)
                  0000441c    00000180     gimbal.o (.text.Gimbal_PitchTick100us)
                  0000459c    0000017c     gimbal_stepper.o (.text.GimbalStepper_MoveToEstimatedSteps)
                  00004718    00000174     key.o (.text.Key_Update_20ms)
                  0000488c    0000016c     gimbal.o (.text.Gimbal_Init)
                  000049f8    00000160     heading_control.o (.text.HeadingControl_Update)
                  00004b58    00000160     gimbal.o (.text.gimbal_yaw_set_target_x10)
                  00004cb8    00000140     motion_action.o (.text.MotionAction_Start)
                  00004df8    0000013c     oled.o (.text.OLED_PrintInt16)
                  00004f34    00000134     imu.o (.text.Imu_Update)
                  00005068    0000012c     imu.o (.text.imu_i2c_recover_bus)
                  00005194    00000128     gimbal.o (.text.Gimbal_YawEnableWorldLock)
                  000052bc    000000fc     gimbal.o (.text.Gimbal_PitchRelease)
                  000053b8    000000f8     mission_manager.o (.text.MissionManager_Update_20ms)
                  000054b0    000000f8     empty.o (.text.main)
                  000055a8    000000f0     gimbal.o (.text.Gimbal_PitchStopHold)
                  00005698    000000f0     mission_manager.o (.text.MissionManager_SelectNext)
                  00005788    000000ec     car_controller.o (.text.handle_turn_90)
                  00005874    000000ec     gimbal_tracker.o (.text.sync_targets_from_gimbal)
                  00005960    000000dc     gimbal.o (.text.Gimbal_PitchConfirmZero)
                  00005a3c    000000d8     mission_manager.o (.text.MissionManager_SelectPrevious)
                  00005b14    000000d8     menu.o (.text.menu_adjust_param)
                  00005bec    000000d8     libclang_rt.builtins.a : addsf3.S.obj (.text)
                  00005cc4    000000d4     oled.o (.text.OLED_Init)
                  00005d98    000000d0     oled.o (.text.OLED_PrintChar)
                  00005e68    000000c8     gimbal.o (.text.Gimbal_YawConfirmZero)
                  00005f30    000000c4     app.o (.text.App_Update_20ms)
                  00005ff4    000000c0     ti_msp_dl_config.o (.text.SYSCFG_DL_GPIO_init)
                  000060b4    000000bc     obstacle_safety.o (.text.ObstacleSafety_Update_20ms)
                  00006170    000000b8     app_config.o (.text.AppConfig_InitDefault)
                  00006228    000000b4     gimbal_stepper.o (.text.GimbalStepper_StopHold)
                  000062dc    000000b0     gimbal_stepper.o (.text.GimbalStepper_Init)
                  0000638c    000000b0     gimbal.o (.text.Gimbal_PitchMoveRelativeDeg)
                  0000643c    000000b0     motor.o (.text.Motor_SetSpeed)
                  000064ec    000000aa     mission_library.o (.text.MissionLibrary_Validate)
                  00006596    00000002     startup_mspm0g350x_ticlang.o (.text.Default_Handler)
                  00006598    000000a2     libclang_rt.builtins.a : udivmoddi4.S.obj (.text)
                  0000663a    00000002     track_sensor.o (.text.TrackSensor_Init)
                  0000663c    0000009c     obstacle_monitor.o (.text.ObstacleMonitor_Update_20ms)
                  000066d8    0000009a     libc.a : memcpy16.S.obj (.text:memcpy)
                  00006772    00000002     libclang_rt.builtins.a : aeabi_div0.c.obj (.text.__aeabi_idiv0)
                  00006774    00000098     car_controller.o (.text.CarController_StartSeekLine)
                  0000680c    00000098     imu.o (.text.mpu6050_write_reg)
                  000068a4    00000094     car_controller.o (.text.CarController_StartDriveHeading)
                  00006938    00000094     empty.o (.text.SysTick_Handler)
                  000069cc    0000008c     gimbal.o (.text.Gimbal_YawDisableWorldLock)
                  00006a58    0000008c     gimbal.o (.text.Gimbal_YawStopHold)
                  00006ae4    0000008c     libclang_rt.builtins.a : mulsf3.S.obj (.text.__mulsf3)
                  00006b70    00000088     car_controller.o (.text.CarController_StartTurnToYawRelative)
                  00006bf8    00000084     gimbal_stepper.o (.text.GimbalStepper_ConfirmZero)
                  00006c7c    00000084     gimbal_tracker.o (.text.GimbalTracker_PushObservation)
                  00006d00    00000082     libclang_rt.builtins.a : divsf3.S.obj (.text.__divsf3)
                  00006d82    00000002                            : aeabi_div0.c.obj (.text.__aeabi_ldiv0)
                  00006d84    00000080     gimbal_tracker.o (.text.GimbalTracker_Init)
                  00006e04    0000007c     car_controller.o (.text.CarController_Init)
                  00006e80    0000007c     car_controller.o (.text.CarController_ResetRuntime)
                  00006efc    0000007c     car_controller.o (.text.CarController_StartFollowLine)
                  00006f78    0000007c     libc.a : copy_decompress_lzss.c.obj (.text:decompress:lzss)
                  00006ff4    00000078     oled.o (.text.oled_write_command)
                  0000706c    00000074     car_controller.o (.text.CarController_StartTurnRight90)
                  000070e0    00000070     car_controller.o (.text.CarController_StartTurnLeft90)
                  00007150    00000070     gimbal_stepper.o (.text.GimbalStepper_Release)
                  000071c0    00000070     menu.o (.text.Menu_GetParamValue)
                  00007230    0000006e     track_sensor.o (.text.TrackSensor_DetectTurn)
                  0000729e    00000002     --HOLE-- [fill = 0]
                  000072a0    0000006c     encoder.o (.text.Encoder_HandleGpioInterrupt)
                  0000730c    00000068     mission_manager.o (.text.MissionManager_GetSelectedMissionIndex)
                  00007374    00000066     track_sensor.o (.text.TrackSensor_GetErrorFromRaw)
                  000073da    00000002     --HOLE-- [fill = 0]
                  000073dc    00000064     gimbal.o (.text.Gimbal_YawRelease)
                  00007440    00000062     app.o (.text.App_Init)
                  000074a2    00000002     --HOLE-- [fill = 0]
                  000074a4    00000062     libclang_rt.builtins.a : aeabi_fcmp.S.obj (.text.__aeabi_fcmp)
                  00007506    00000062     libc.a : memset16.S.obj (.text:memset)
                  00007568    00000060     gimbal_tracker.o (.text.GimbalTracker_Enable)
                  000075c8    00000060     gimbal_tracker.o (.text.GimbalTracker_GetFeedback)
                  00007628    00000060     libclang_rt.builtins.a : fixsfdi.S.obj (.text.__fixsfdi)
                  00007688    0000005e     oled.o (.text.OLED_PrintBinary7)
                  000076e6    00000002     --HOLE-- [fill = 0]
                  000076e8    0000005c     ultrasonic.o (.text.Ultrasonic_Update_20ms)
                  00007744    00000058     gimbal.o (.text.Gimbal_YawMoveRelativeDeg)
                  0000779c    00000056     libclang_rt.builtins.a : aeabi_idivmod.S.obj (.text.__aeabi_idivmod)
                  000077f2    00000002     --HOLE-- [fill = 0]
                  000077f4    00000054     track_sensor.o (.text.TrackSensor_ReadRaw)
                  00007848    00000050     car_controller.o (.text.CarController_SetSafetyHold)
                  00007898    00000050     motor.o (.text.Motor_PwmTick100us)
                  000078e8    00000050     ultrasonic.o (.text.Ultrasonic_Init)
                  00007938    00000048     mission_manager.o (.text.MissionManager_Init)
                  00007980    00000044     servo.o (.text.Servo_Tick100us)
                  000079c4    00000040     mission_manager.o (.text.MissionManager_Start)
                  00007a04    00000040     ti_msp_dl_config.o (.text.SYSCFG_DL_SYSCTL_init)
                  00007a44    00000040     libclang_rt.builtins.a : aeabi_uidivmod.S.obj (.text.__aeabi_uidivmod)
                  00007a84    0000003e                            : divmoddi4.c.obj (.text.__divmoddi4)
                  00007ac2    00000002     --HOLE-- [fill = 0]
                  00007ac4    0000003c     gimbal_tracker.o (.text.GimbalTracker_ClearObservation)
                  00007b00    0000003c     servo.o (.text.Servo_SetAngleDeg)
                  00007b3c    0000003c     libclang_rt.builtins.a : floatsisf.S.obj (.text.__floatsisf)
                  00007b78    0000003c                            : comparesf2.S.obj (.text.__gtsf2)
                  00007bb4    0000003c     libc.a : autoinit.c.obj (.text:__TI_auto_init_nobinit_nopinit)
                  00007bf0    0000003a     libclang_rt.builtins.a : comparesf2.S.obj (.text.__eqsf2)
                  00007c2a    00000002     --HOLE-- [fill = 0]
                  00007c2c    0000003a                            : muldsi3.S.obj (.text.__muldsi3)
                  00007c66    00000002     --HOLE-- [fill = 0]
                  00007c68    00000038     motion_action.o (.text.MotionAction_ReapplyControllerTarget)
                  00007ca0    00000038     motor.o (.text.Motor_Init)
                  00007cd8    00000038     libclang_rt.builtins.a : fixsfsi.S.obj (.text.__fixsfsi)
                  00007d10    00000034     oled.o (.text.OLED_SetCursor)
                  00007d44    00000032     oled.o (.text.OLED_PrintString)
                  00007d76    00000002     --HOLE-- [fill = 0]
                  00007d78    00000030     gimbal.o (.text.Gimbal_PitchGetFeedback)
                  00007da8    00000030     key.o (.text.Key_Init)
                  00007dd8    00000030     mission_manager.o (.text.MissionManager_Cancel)
                  00007e08    00000030     mission_manager.o (.text.MissionManager_Reset)
                  00007e38    0000002c     motor.o (.text.Motor_Stop)
                  00007e64    0000002c     ti_msp_dl_config.o (.text.SYSCFG_DL_initPower)
                  00007e90    0000002c     track_sensor.o (.text.TrackSensor_CountBlack)
                  00007ebc    00000028     servo.o (.text.Servo_Init)
                  00007ee4    00000028     obstacle_avoidance.o (.text.avoid_fail)
                  00007f0c    00000028     libc.a : boot_cortex_m.c.obj (.text:_c_int00_noargs)
                  00007f34    00000024     encoder.o (.text.Encoder_Reset)
                  00007f58    00000024     libclang_rt.builtins.a : muldi3.S.obj (.text.__muldi3)
                  00007f7c    00000020     car_controller.o (.text.CarController_Stop)
                  00007f9c    00000020     mission_manager.o (.text.MissionManager_Pause)
                  00007fbc    00000020     mission_manager.o (.text.MissionManager_Resume)
                  00007fdc    00000020     motion_action.o (.text.MotionAction_GetCurrentBypassDirection)
                  00007ffc    00000020     motion_action.o (.text.MotionAction_GetCurrentObstaclePolicy)
                  0000801c    00000020     obstacle_avoidance.o (.text.ObstacleAvoidance_Init)
                  0000803c    00000020     mission_manager.o (.text.mission_finish_error)
                  0000805c    0000001e     libclang_rt.builtins.a : ashldi3.S.obj (.text.__ashldi3)
                  0000807a    00000002     --HOLE-- [fill = 0]
                  0000807c    0000001c     imu.o (.text.Imu_IsReady)
                  00008098    0000001c     menu.o (.text.Menu_Init)
                  000080b4    0000001c     obstacle_monitor.o (.text.ObstacleMonitor_Init)
                  000080d0    0000001c     obstacle_safety.o (.text.ObstacleSafety_Init)
                  000080ec    00000018     car_controller.o (.text.CarController_RunModeToString)
                  00008104    00000018     heading_control.o (.text.HeadingControl_LockCurrentYaw)
                  0000811c    00000018     heading_control.o (.text.HeadingControl_SetTargetYaw)
                  00008134    00000018     menu.o (.text.Menu_ParamItemToString)
                  0000814c    00000018     mission_library.o (.text.MissionLibrary_FindById)
                  00008164    00000018     motion_action.o (.text.MotionAction_Cancel)
                  0000817c    00000018     motion_action.o (.text.MotionAction_Init)
                  00008194    00000016     libc.a : copy_zero_init.c.obj (.text:decompress:ZI:__TI_zero_init_nomemset)
                  000081aa    00000002     --HOLE-- [fill = 0]
                  000081ac    00000014     empty.o (.text.GROUP1_IRQHandler)
                  000081c0    00000014     gimbal_stepper.o (.text.GimbalStepper_SetStepHalfPeriodTicks)
                  000081d4    00000014     heading_control.o (.text.HeadingControl_Enable)
                  000081e8    00000014     heading_control.o (.text.HeadingControl_Init)
                  000081fc    00000014     heading_control.o (.text.HeadingControl_Reset)
                  00008210    00000014     mission_library.o (.text.MissionLibrary_GetByIndex)
                  00008224    00000014     mission_manager.o (.text.MissionManager_GetSelectedMissionId)
                  00008238    00000014     libclang_rt.builtins.a : aeabi_ldivmod.S.obj (.text.__aeabi_ldivmod)
                  0000824c    00000014                            : aeabi_uldivmod.S.obj (.text.__aeabi_uldivmod)
                  00008260    00000012     libc.a : copy_decompress_none.c.obj (.text:decompress:none)
                  00008272    00000002     --HOLE-- [fill = 0]
                  00008274    00000010     gimbal.o (.text.Gimbal_YawGetFeedback)
                  00008284    00000010     key.o (.text.Key_GetEvent)
                  00008294    00000010     obstacle_avoidance.o (.text.ObstacleAvoidance_IsResumeGraceActive)
                  000082a4    00000010     ti_msp_dl_config.o (.text.SYSCFG_DL_init)
                  000082b4    0000000c     car_controller.o (.text.CarController_GetRunMode)
                  000082c0    0000000c     car_state.o (.text.CarState_Get)
                  000082cc    0000000c     car_state.o (.text.CarState_Init)
                  000082d8    0000000c     car_state.o (.text.CarState_Set)
                  000082e4    0000000c     gimbal.o (.text.Gimbal_Tick100us)
                  000082f0    0000000c     gimbal.o (.text.Gimbal_Update5ms)
                  000082fc    0000000c     imu.o (.text.Imu_GetCorrectedGyroZDps)
                  00008308    0000000c     imu.o (.text.Imu_GetYaw)
                  00008314    0000000c     imu.o (.text.Imu_ResetYaw)
                  00008320    0000000c     menu.o (.text.Menu_GetPage)
                  0000832c    0000000c     menu.o (.text.Menu_GetParamItem)
                  00008338    0000000c     mission_manager.o (.text.MissionManager_SetExternalHold)
                  00008344    0000000c     obstacle_avoidance.o (.text.ObstacleAvoidance_IsActive)
                  00008350    0000000c     obstacle_avoidance.o (.text.ObstacleAvoidance_IsFailed)
                  0000835c    0000000c     obstacle_safety.o (.text.ObstacleSafety_IsHolding)
                  00008368    0000000c     oled_ui.o (.text.OledUi_Init)
                  00008374    0000000c     libclang_rt.builtins.a : aeabi_memset.S.obj (.text.__aeabi_memclr)
                  00008380    0000000a     driverlib.a : dl_common.o (.text.DL_Common_delayCycles)
                  0000838a    0000000a     track_sensor.o (.text.TrackSensor_IsCenterDetected)
                  00008394    0000000a     track_sensor.o (.text.TrackSensor_IsLineDetected)
                  0000839e    0000000a     track_sensor.o (.text.TrackSensor_IsLineLost)
                  000083a8    00000008     car_controller.o (.text.CarController_GetFeedback)
                  000083b0    00000008     gimbal_stepper.o (.text.GimbalStepper_GetFeedback)
                  000083b8    00000008     heading_control.o (.text.HeadingControl_GetRuntime)
                  000083c0    00000008     imu.o (.text.Imu_GetRuntime)
                  000083c8    00000008     mission_manager.o (.text.MissionManager_GetMissionCount)
                  000083d0    00000008     mission_manager.o (.text.MissionManager_GetRuntime)
                  000083d8    00000008     motion_action.o (.text.MotionAction_GetRuntime)
                  000083e0    00000008     obstacle_avoidance.o (.text.ObstacleAvoidance_GetFeedback)
                  000083e8    00000008     obstacle_monitor.o (.text.ObstacleMonitor_GetFeedback)
                  000083f0    00000008     servo.o (.text.Servo_GetFeedback)
                  000083f8    00000008     ultrasonic.o (.text.Ultrasonic_GetFeedback)
                  00008400    00000008     libclang_rt.builtins.a : aeabi_memcpy.S.obj (.text.__aeabi_memcpy)
                  00008408    00000006     libc.a : exit.c.obj (.text:abort)
                  0000840e    00000004     libsysbm.a : hostexit.c.obj (.text.HOSTexit)
                  00008412    00000004     mission_library.o (.text.MissionLibrary_GetCount)
                  00008416    00000004     startup_mspm0g350x_ticlang.o (.text.Reset_Handler)
                  0000841a    00000004     libc.a : pre_init.c.obj (.text._system_pre_init)
                  0000841e    00000002     --HOLE-- [fill = 0]

.cinit     0    00008a48    00000030     
                  00008a48    0000000c     (__TI_handler_table)
                  00008a54    00000008     (.cinit..bss.load) [load image, compression = zero_init]
                  00008a5c    00000005     (.cinit..data.load) [load image, compression = lzss]
                  00008a61    00000003     --HOLE-- [fill = 0]
                  00008a64    00000010     (__TI_cinit_table)
                  00008a74    00000004     --HOLE-- [fill = 0]

.rodata    0    00008420    00000628     
                  00008420    000000d8     oled.o (.rodata..Lswitch.table.OLED_PrintChar)
                  000084f8    000000a8     mission_library.o (.rodata.g_missionMapA)
                  000085a0    000000a8     mission_library.o (.rodata.g_missionMapB)
                  00008648    00000078     mission_library.o (.rodata.g_missionMapC)
                  000086c0    00000030     mission_library.o (.rodata.g_missionRegistry)
                  000086f0    00000024     menu.o (.rodata..Lswitch.table.Menu_ParamItemToString)
                  00008714    00000024     oled_ui.o (.rodata..Lswitch.table.OledUi_Update_20ms.87)
                  00008738    0000001c     car_controller.o (.rodata..Lswitch.table.CarController_RunModeToString)
                  00008754    00000018     oled_ui.o (.rodata..Lswitch.table.OledUi_Update_20ms.88)
                  0000876c    0000000e     oled_ui.o (.rodata.str1.10416366799939242409.1)
                  0000877a    0000000d     oled_ui.o (.rodata.str1.7219546930854689545.1)
                  00008787    00000001     --HOLE-- [fill = 0]
                  00008788    0000000c     mission_library.o (.rodata..Lswitch.table.MissionLibrary_FindById)
                  00008794    0000000c     oled_ui.o (.rodata..Lswitch.table.OledUi_Update_20ms.86)
                  000087a0    0000000c     oled_ui.o (.rodata.str1.7419768602719733415.1)
                  000087ac    00000009     menu.o (.rodata..Lswitch.table.Menu_HandleKeyEvent)
                  000087b5    00000009     oled_ui.o (.rodata.str1.15008238333949226094.1)
                  000087be    00000008     oled_ui.o (.rodata.str1.7774807581888385879.1)
                  000087c6    00000008     oled_ui.o (.rodata.str1.8403269972884532600.1)
                  000087ce    00000007     oled_ui.o (.rodata.str1.13882251010780863896.1)
                  000087d5    00000006     oled_ui.o (.rodata.str1.10430294223631918979.1)
                  000087db    00000006     oled_ui.o (.rodata.str1.12928245060369742404.1)
                  000087e1    00000006     oled_ui.o (.rodata.str1.13567883086814673087.1)
                  000087e7    00000006     mission_library.o (.rodata.str1.13636476544574750902.1)
                  000087ed    00000006     oled_ui.o (.rodata.str1.14358698208395374265.1)
                  000087f3    00000006     oled_ui.o (.rodata.str1.1445687256832830955.1)
                  000087f9    00000006     oled_ui.o (.rodata.str1.14521350379984854626.1)
                  000087ff    00000006     oled_ui.o (.rodata.str1.15575624326185233262.1)
                  00008805    00000006     mission_library.o (.rodata.str1.15668266851434757964.1)
                  0000880b    00000006     mission_library.o (.rodata.str1.199678142196697465.1)
                  00008811    00000006     oled_ui.o (.rodata.str1.3455423528827705371.1)
                  00008817    00000006     oled_ui.o (.rodata.str1.3702290527496711532.1)
                  0000881d    00000005     oled.o (.rodata.oled_get_glyph.colon)
                  00008822    00000005     oled.o (.rodata.oled_get_glyph.eight)
                  00008827    00000005     oled.o (.rodata.oled_get_glyph.five)
                  0000882c    00000005     oled.o (.rodata.oled_get_glyph.four)
                  00008831    00000005     oled.o (.rodata.oled_get_glyph.glyphA)
                  00008836    00000005     oled.o (.rodata.oled_get_glyph.glyphB)
                  0000883b    00000005     oled.o (.rodata.oled_get_glyph.glyphC)
                  00008840    00000005     oled.o (.rodata.oled_get_glyph.glyphD)
                  00008845    00000005     oled.o (.rodata.oled_get_glyph.glyphE)
                  0000884a    00000005     oled.o (.rodata.oled_get_glyph.glyphG)
                  0000884f    00000005     oled.o (.rodata.oled_get_glyph.glyphH)
                  00008854    00000005     oled.o (.rodata.oled_get_glyph.glyphI)
                  00008859    00000005     oled.o (.rodata.oled_get_glyph.glyphK)
                  0000885e    00000005     oled.o (.rodata.oled_get_glyph.glyphL)
                  00008863    00000005     oled.o (.rodata.oled_get_glyph.glyphM)
                  00008868    00000005     oled.o (.rodata.oled_get_glyph.glyphN)
                  0000886d    00000005     oled.o (.rodata.oled_get_glyph.glyphO)
                  00008872    00000005     oled.o (.rodata.oled_get_glyph.glyphP)
                  00008877    00000005     oled.o (.rodata.oled_get_glyph.glyphR)
                  0000887c    00000005     oled.o (.rodata.oled_get_glyph.glyphS)
                  00008881    00000005     oled.o (.rodata.oled_get_glyph.glyphT)
                  00008886    00000005     oled.o (.rodata.oled_get_glyph.glyphU)
                  0000888b    00000005     oled.o (.rodata.oled_get_glyph.glyphV)
                  00008890    00000005     oled.o (.rodata.oled_get_glyph.glyphW)
                  00008895    00000005     oled.o (.rodata.oled_get_glyph.glyphX)
                  0000889a    00000005     oled.o (.rodata.oled_get_glyph.glyphY)
                  0000889f    00000005     oled.o (.rodata.oled_get_glyph.glyphb)
                  000088a4    00000005     oled.o (.rodata.oled_get_glyph.gt)
                  000088a9    00000005     oled.o (.rodata.oled_get_glyph.minus)
                  000088ae    00000005     oled.o (.rodata.oled_get_glyph.nine)
                  000088b3    00000005     oled.o (.rodata.oled_get_glyph.one)
                  000088b8    00000005     oled.o (.rodata.oled_get_glyph.seven)
                  000088bd    00000005     oled.o (.rodata.oled_get_glyph.six)
                  000088c2    00000005     oled.o (.rodata.oled_get_glyph.space)
                  000088c7    00000005     oled.o (.rodata.oled_get_glyph.three)
                  000088cc    00000005     oled.o (.rodata.oled_get_glyph.two)
                  000088d1    00000005     oled.o (.rodata.oled_get_glyph.zero)
                  000088d6    00000005     oled_ui.o (.rodata.str1.10509309789429088155.1)
                  000088db    00000005     oled_ui.o (.rodata.str1.10568433575767188072.1)
                  000088e0    00000005     oled_ui.o (.rodata.str1.11428648044669318875.1)
                  000088e5    00000005     oled_ui.o (.rodata.str1.12182588061437138428.1)
                  000088ea    00000005     oled_ui.o (.rodata.str1.14134189893851348960.1)
                  000088ef    00000005     oled_ui.o (.rodata.str1.14740362735394205067.1)
                  000088f4    00000005     oled_ui.o (.rodata.str1.15817398807211891688.1)
                  000088f9    00000005     oled_ui.o (.rodata.str1.15859922799842739878.1)
                  000088fe    00000005     car_controller.o (.rodata.str1.1652194605229746967.1)
                  00008903    00000005     oled_ui.o (.rodata.str1.16526439943277383452.1)
                  00008908    00000005     oled_ui.o (.rodata.str1.16939060351352778619.1)
                  0000890d    00000005     oled_ui.o (.rodata.str1.17274519358952562110.1)
                  00008912    00000005     oled_ui.o (.rodata.str1.17464849429964608858.1)
                  00008917    00000005     oled_ui.o (.rodata.str1.17540787658903907660.1)
                  0000891c    00000005     oled_ui.o (.rodata.str1.2308938766145545715.1)
                  00008921    00000005     oled_ui.o (.rodata.str1.3467953211977455017.1)
                  00008926    00000005     car_controller.o (.rodata.str1.4164979912472006574.1)
                  0000892b    00000005     oled_ui.o (.rodata.str1.4581472623415959594.1)
                  00008930    00000005     menu.o (.rodata.str1.4862307748908978627.1)
                  00008935    00000005     oled_ui.o (.rodata.str1.7185587941321649510.1)
                  0000893a    00000005     oled_ui.o (.rodata.str1.8426569189266129334.1)
                  0000893f    00000005     oled_ui.o (.rodata.str1.8471462185882660445.1)
                  00008944    00000005     oled_ui.o (.rodata.str1.8950259614286592359.1)
                  00008949    00000005     oled_ui.o (.rodata.str1.9102528229756940648.1)
                  0000894e    00000005     oled_ui.o (.rodata.str1.9159586779647977165.1)
                  00008953    00000005     car_controller.o (.rodata.str1.9234375891235759983.1)
                  00008958    00000005     oled_ui.o (.rodata.str1.9584387800903135389.1)
                  0000895d    00000005     car_controller.o (.rodata.str1.9981487771679760427.1)
                  00008962    00000004     oled_ui.o (.rodata.str1.1019225241002246410.1)
                  00008966    00000004     oled_ui.o (.rodata.str1.1108652269057166745.1)
                  0000896a    00000004     oled_ui.o (.rodata.str1.11232419324784801130.1)
                  0000896e    00000004     menu.o (.rodata.str1.12110183915172842339.1)
                  00008972    00000004     car_controller.o (.rodata.str1.12442237994239546032.1)
                  00008976    00000004     oled_ui.o (.rodata.str1.12493748764729730277.1)
                  0000897a    00000004     oled_ui.o (.rodata.str1.12617122458660443890.1)
                  0000897e    00000004     oled_ui.o (.rodata.str1.12983537867572525563.1)
                  00008982    00000004     menu.o (.rodata.str1.13124720451672825294.1)
                  00008986    00000004     oled_ui.o (.rodata.str1.13244290092665904221.1)
                  0000898a    00000004     menu.o (.rodata.str1.14098755746347272832.1)
                  0000898e    00000004     oled_ui.o (.rodata.str1.15577080202403550426.1)
                  00008992    00000004     oled_ui.o (.rodata.str1.15613891207764622616.1)
                  00008996    00000004     oled_ui.o (.rodata.str1.15802367878353263018.1)
                  0000899a    00000004     oled_ui.o (.rodata.str1.15829239520183577662.1)
                  0000899e    00000004     oled_ui.o (.rodata.str1.15917848551323629232.1)
                  000089a2    00000004     oled_ui.o (.rodata.str1.15935041339501476673.1)
                  000089a6    00000004     oled_ui.o (.rodata.str1.16554583589798097927.1)
                  000089aa    00000004     oled_ui.o (.rodata.str1.16849766574302683489.1)
                  000089ae    00000004     oled_ui.o (.rodata.str1.16895433903389883335.1)
                  000089b2    00000004     oled_ui.o (.rodata.str1.16931641404301806744.1)
                  000089b6    00000004     menu.o (.rodata.str1.17041139162815566052.1)
                  000089ba    00000004     car_controller.o (.rodata.str1.17172356789460551389.1)
                  000089be    00000004     oled_ui.o (.rodata.str1.17763087492223448992.1)
                  000089c2    00000004     oled_ui.o (.rodata.str1.17763996158807330232.1)
                  000089c6    00000004     oled_ui.o (.rodata.str1.17884296644359297425.1)
                  000089ca    00000004     car_controller.o (.rodata.str1.18191498530309206443.1)
                  000089ce    00000004     oled_ui.o (.rodata.str1.18266126048138325213.1)
                  000089d2    00000004     oled_ui.o (.rodata.str1.18379317056176403938.1)
                  000089d6    00000004     oled_ui.o (.rodata.str1.2522137003438374266.1)
                  000089da    00000004     oled_ui.o (.rodata.str1.3407221357956504873.1)
                  000089de    00000004     oled_ui.o (.rodata.str1.4402311448527872260.1)
                  000089e2    00000004     oled_ui.o (.rodata.str1.4581686099848791648.1)
                  000089e6    00000004     menu.o (.rodata.str1.5155000645726596423.1)
                  000089ea    00000004     oled_ui.o (.rodata.str1.5853739094453432564.1)
                  000089ee    00000004     oled_ui.o (.rodata.str1.5965450730569173784.1)
                  000089f2    00000004     oled_ui.o (.rodata.str1.6806727740681590176.1)
                  000089f6    00000004     oled_ui.o (.rodata.str1.6954814719705590448.1)
                  000089fa    00000004     car_controller.o (.rodata.str1.702403006289709404.1)
                  000089fe    00000004     oled_ui.o (.rodata.str1.8236579331345056500.1)
                  00008a02    00000004     oled_ui.o (.rodata.str1.8460525935980491721.1)
                  00008a06    00000004     oled_ui.o (.rodata.str1.8693388333057100694.1)
                  00008a0a    00000004     oled_ui.o (.rodata.str1.8783421139296713095.1)
                  00008a0e    00000004     oled_ui.o (.rodata.str1.9295666102996717355.1)
                  00008a12    00000004     menu.o (.rodata.str1.9546740394641817443.1)
                  00008a16    00000004     oled_ui.o (.rodata.str1.967006512144173535.1)
                  00008a1a    00000004     oled_ui.o (.rodata.str1.9854382722193312766.1)
                  00008a1e    00000003     oled_ui.o (.rodata.str1.130772507669342127.1)
                  00008a21    00000003     oled_ui.o (.rodata.str1.13790669171379415506.1)
                  00008a24    00000003     oled_ui.o (.rodata.str1.14556837007311414654.1)
                  00008a27    00000003     menu.o (.rodata.str1.16312125044762562515.1)
                  00008a2a    00000003     oled_ui.o (.rodata.str1.16411631209783952401.1)
                  00008a2d    00000003     oled_ui.o (.rodata.str1.17812014771544466701.1)
                  00008a30    00000003     oled_ui.o (.rodata.str1.270145429241168923.1)
                  00008a33    00000003     oled_ui.o (.rodata.str1.3025253791635144717.1)
                  00008a36    00000003     oled_ui.o (.rodata.str1.4610220316623841660.1)
                  00008a39    00000003     menu.o (.rodata.str1.4646809750356241979.1)
                  00008a3c    00000003     menu.o (.rodata.str1.6857549598058878762.1)
                  00008a3f    00000003     oled_ui.o (.rodata.str1.9544068167406571052.1)
                  00008a42    00000003     oled_ui.o (.rodata.str1.9611283282870761829.1)
                  00008a45    00000003     --HOLE-- [fill = 0]

.init_array 
*          0    00000000    00000000     UNINITIALIZED

.binit     0    00000000    00000000     

.bss       0    20200000    000002f3     UNINITIALIZED
                  20200000    0000005c     (.common:g_appConfig)
                  2020005c    00000004     gimbal_tracker.o (.bss.g_filteredErrorX)
                  20200060    00000040     gimbal.o (.bss.g_feedback)
                  202000a0    00000040     gimbal.o (.bss.g_pitchFeedback)
                  202000e0    00000038     (.common:g_appRuntime)
                  20200118    00000028     gimbal_tracker.o (.bss.g_feedback)
                  20200140    00000028     (.common:g_imuRuntime)
                  20200168    00000020     mission_manager.o (.bss.g_missionRuntime)
                  20200188    00000018     gimbal_stepper.o (.bss.g_feedback)
                  202001a0    00000014     motion_action.o (.bss.g_motionActionRuntime)
                  202001b4    00000014     (.common:g_headingRuntime)
                  202001c8    0000000e     car_controller.o (.bss.g_carControllerFeedback)
                  202001d6    00000002     ultrasonic.o (.bss.g_echoTicks)
                  202001d8    0000000e     ultrasonic.o (.bss.g_ultrasonicFeedback)
                  202001e6    00000002     gimbal.o (.bss.g_pitchHalfPeriodTicks)
                  202001e8    0000000c     gimbal_tracker.o (.bss.g_observation)
                  202001f4    0000000a     obstacle_avoidance.o (.bss.g_avoidFeedback)
                  202001fe    00000008     obstacle_monitor.o (.bss.g_obstacleFeedback)
                  20200206    00000002     gimbal.o (.bss.g_pitchStepHalfPeriodTicks)
                  20200208    00000008     gimbal.o (.bss.g_pitchContinuousDegX10)
                  20200210    00000008     gimbal.o (.bss.g_pitchEstimatedSteps)
                  20200218    00000008     gimbal.o (.bss.g_pitchTargetDegX10)
                  20200220    00000008     gimbal.o (.bss.g_pitchTargetEstimatedSteps)
                  20200228    00000008     gimbal_stepper.o (.bss.g_stepperEstimatedSteps)
                  20200230    00000008     gimbal_stepper.o (.bss.g_stepperTargetEstimatedSteps)
                  20200238    00000008     gimbal.o (.bss.g_yawContinuousDegX10)
                  20200240    00000008     gimbal.o (.bss.g_yawLockedWorldYawDegX10)
                  20200248    00000008     gimbal.o (.bss.g_yawTargetContinuousDegX10)
                  20200250    00000008     gimbal.o (.bss.g_yawWorldTargetDegX10)
                  20200258    00000008     gimbal.o (.bss.g_yawWrappedDegX10)
                  20200260    00000006     ultrasonic.o (.bss.g_distanceSamples)
                  20200266    00000006     key.o (.bss.g_key1)
                  2020026c    00000006     key.o (.bss.g_key2)
                  20200272    00000006     key.o (.bss.g_key3)
                  20200278    00000004     gimbal_tracker.o (.bss.g_filteredErrorY)
                  2020027c    00000004     encoder.o (.bss.g_motorAPulses)
                  20200280    00000004     encoder.o (.bss.g_motorBPulses)
                  20200284    00000004     gimbal.o (.bss.g_pitchCommandedRpm)
                  20200288    00000004     gimbal.o (.bss.g_pitchCompletedSteps)
                  2020028c    00000004     gimbal_tracker.o (.bss.g_pitchTargetDeg)
                  20200290    00000004     gimbal.o (.bss.g_pitchTargetRpm)
                  20200294    00000004     gimbal.o (.bss.g_pitchTrackingTargetRpm)
                  20200298    00000004     servo.o (.bss.g_servoFeedback)
                  2020029c    00000004     gimbal_stepper.o (.bss.g_stepperCompletedSteps)
                  202002a0    00000004     gimbal.o (.bss.g_yawCommandedRpm)
                  202002a4    00000004     gimbal.o (.bss.g_yawTargetRpm)
                  202002a8    00000004     gimbal_tracker.o (.bss.g_yawTargetWrappedDeg)
                  202002ac    00000002     obstacle_avoidance.o (.bss.g_resumeGraceMs)
                  202002ae    00000002     servo.o (.bss.g_servoPwmPhase)
                  202002b0    00000002     ultrasonic.o (.bss.g_stateTicks)
                  202002b2    00000002     gimbal_stepper.o (.bss.g_stepperHalfPeriodTicks)
                  202002b4    00000002     gimbal_stepper.o (.bss.g_stepperStepHalfPeriodTicks)
                  202002b6    00000002     menu.o (.bss.menu_handle_status_key.trackerSequence)
                  202002b8    00000002     (.common:g_trackError)
                  202002ba    00000001     oled_ui.o (.bss.OledUi_Update_20ms.refreshDivider)
                  202002bb    00000001     empty.o (.bss.SysTick_Handler.controlMsCount)
                  202002bc    00000001     empty.o (.bss.SysTick_Handler.gimbalMsCount)
                  202002bd    00000001     empty.o (.bss.SysTick_Handler.tick100usCount)
                  202002be    00000001     empty.o (.bss.SysTick_Handler.trackerMsCount)
                  202002bf    00000001     ultrasonic.o (.bss.Ultrasonic_Update_20ms.triggerDivider)
                  202002c0    00000001     empty.o (.bss.g_appUpdateDue)
                  202002c1    00000001     car_state.o (.bss.g_carState)
                  202002c2    00000001     obstacle_monitor.o (.bss.g_centerSettleTicks)
                  202002c3    00000001     ultrasonic.o (.bss.g_distanceSampleCount)
                  202002c4    00000001     ultrasonic.o (.bss.g_distanceSampleIndex)
                  202002c5    00000001     gimbal_tracker.o (.bss.g_enabled)
                  202002c6    00000001     gimbal_tracker.o (.bss.g_filterReady)
                  202002c7    00000001     empty.o (.bss.g_gimbalUpdatePending)
                  202002c8    00000001     motor.o (.bss.g_motorADutyLevel)
                  202002c9    00000001     motor.o (.bss.g_motorBDutyLevel)
                  202002ca    00000001     obstacle_safety.o (.bss.g_obstacleSafetyHolding)
                  202002cb    00000001     oled.o (.bss.g_oledColumn)
                  202002cc    00000001     menu.o (.bss.g_oledPage)
                  202002cd    00000001     menu.o (.bss.g_paramItem)
                  202002ce    00000001     menu.o (.bss.g_paramReturnPage)
                  202002cf    00000001     key.o (.bss.g_pendingEvent)
                  202002d0    00000001     gimbal.o (.bss.g_pitchControlMode)
                  202002d1    00000001     gimbal.o (.bss.g_pitchDirection)
                  202002d2    00000001     gimbal.o (.bss.g_pitchInitialized)
                  202002d3    00000001     gimbal.o (.bss.g_pitchLimitClamped)
                  202002d4    00000001     gimbal.o (.bss.g_pitchLimitDirection)
                  202002d5    00000001     gimbal.o (.bss.g_pitchPositionValid)
                  202002d6    00000001     gimbal.o (.bss.g_pitchRunning)
                  202002d7    00000001     gimbal.o (.bss.g_pitchStepHigh)
                  202002d8    00000001     gimbal.o (.bss.g_pitchStopAfterStepLow)
                  202002d9    00000001     motor.o (.bss.g_pwmPhase)
                  202002da    00000001     car_controller.o (.bss.g_safetyHold)
                  202002db    00000001     gimbal_tracker.o (.bss.g_simObservationUpdatesRemaining)
                  202002dc    00000001     obstacle_avoidance.o (.bss.g_stateStarted)
                  202002dd    00000001     gimbal_stepper.o (.bss.g_stepperDirection)
                  202002de    00000001     gimbal_stepper.o (.bss.g_stepperRunning)
                  202002df    00000001     gimbal_stepper.o (.bss.g_stepperStepHigh)
                  202002e0    00000001     gimbal_stepper.o (.bss.g_stepperStopAfterStepLow)
                  202002e1    00000001     gimbal_tracker.o (.bss.g_targetValid)
                  202002e2    00000001     gimbal_tracker.o (.bss.g_targetsSynced)
                  202002e3    00000001     empty.o (.bss.g_trackerUpdatePending)
                  202002e4    00000001     gimbal_tracker.o (.bss.g_trackingActive)
                  202002e5    00000001     ultrasonic.o (.bss.g_triggerRequest)
                  202002e6    00000001     ultrasonic.o (.bss.g_ultrasonicState)
                  202002e7    00000001     gimbal.o (.bss.g_yawLimitClamped)
                  202002e8    00000001     gimbal.o (.bss.g_yawLimitDirection)
                  202002e9    00000001     gimbal.o (.bss.g_yawPositionValid)
                  202002ea    00000001     gimbal.o (.bss.g_yawWorldLockEnabled)
                  202002eb    00000001     (.common:g_carStateDebug)
                  202002ec    00000001     (.common:g_keyEvent)
                  202002ed    00000001     (.common:g_oledPageDebug)
                  202002ee    00000001     (.common:g_paramItemDebug)
                  202002ef    00000001     (.common:g_trackBlackCount)
                  202002f0    00000001     (.common:g_trackModeDebug)
                  202002f1    00000001     (.common:g_trackRaw)
                  202002f2    00000001     (.common:g_trackTurnDebug)

.data      0    202002f3    00000001     UNINITIALIZED
                  202002f3    00000001     car_controller.o (.data.g_followTurnPolicy)

.stack     0    20207e00    00000200     UNINITIALIZED
                  20207e00    00000004     libc.a : boot_cortex_m.c.obj (.stack)
                  20207e04    000001fc     --HOLE--

__llvm_prf_cnts 
*          0    20200000    00000000     UNINITIALIZED

__llvm_prf_bits 
*          0    20200000    00000000     UNINITIALIZED

MODULE SUMMARY

       Module                         code    ro data   rw data
       ------                         ----    -------   -------
    .\
       gimbal.o                       7520    0         241    
       car_controller.o               3208    64        72     
       imu.o                          3304    0         40     
       oled_ui.o                      2432    490       1      
       gimbal_tracker.o               2576    0         74     
       oled.o                         2088    401       1      
       gimbal_stepper.o               1412    0         52     
       mission_manager.o              1184    0         32     
       menu.o                         1012    83        5      
       motion_action.o                1016    0         20     
       app_config.o                   832     0         92     
       obstacle_avoidance.o           752     0         13     
       mission_library.o              218     534       0      
       ultrasonic.o                   596     0         29     
       heading_control.o              468     0         20     
       key.o                          436     0         19     
       empty.o                        416     0         7      
       track_sensor.o                 372     0         0      
       motor.o                        356     0         3      
       ti_msp_dl_config.o             316     0         0      
       app.o                          294     0         10     
       obstacle_safety.o              228     0         1      
       obstacle_monitor.o             192     0         9      
       startup_mspm0g350x_ticlang.o   6       192       0      
       servo.o                        176     0         6      
       encoder.o                      144     0         8      
       car_state.o                    36      0         1      
    +--+------------------------------+-------+---------+---------+
       Total:                         31590   1764      756    
                                                               
    C:/TI/mspm0_sdk_2_05_01_00/source/ti/driverlib/lib/ticlang/m0p/mspm0g1x0x_g3x0x/driverlib.a
       dl_common.o                    10      0         0      
    +--+------------------------------+-------+---------+---------+
       Total:                         10      0         0      
                                                               
    D:\TI\CCS\ccs\tools\compiler\ti-cgt-armllvm_4.0.4.LTS\lib\armv6m-ti-none-eabi/c/libc.a
       memcpy16.S.obj                 154     0         0      
       copy_decompress_lzss.c.obj     124     0         0      
       memset16.S.obj                 98      0         0      
       autoinit.c.obj                 60      0         0      
       boot_cortex_m.c.obj            40      0         0      
       copy_zero_init.c.obj           22      0         0      
       copy_decompress_none.c.obj     18      0         0      
       exit.c.obj                     6       0         0      
       pre_init.c.obj                 4       0         0      
    +--+------------------------------+-------+---------+---------+
       Total:                         526     0         0      
                                                               
    D:\TI\CCS\ccs\tools\compiler\ti-cgt-armllvm_4.0.4.LTS\lib\armv6m-ti-none-eabi/c/libsysbm.a
       hostexit.c.obj                 4       0         0      
    +--+------------------------------+-------+---------+---------+
       Total:                         4       0         0      
                                                               
    D:\TI\CCS\ccs\tools\compiler\ti-cgt-armllvm_4.0.4.LTS\lib\armv6m-ti-none-eabi/libclang_rt.builtins.a
       addsf3.S.obj                   216     0         0      
       udivmoddi4.S.obj               162     0         0      
       mulsf3.S.obj                   140     0         0      
       divsf3.S.obj                   130     0         0      
       comparesf2.S.obj               118     0         0      
       aeabi_fcmp.S.obj               98      0         0      
       fixsfdi.S.obj                  96      0         0      
       aeabi_idivmod.S.obj            86      0         0      
       aeabi_uidivmod.S.obj           64      0         0      
       divmoddi4.c.obj                62      0         0      
       floatsisf.S.obj                60      0         0      
       muldsi3.S.obj                  58      0         0      
       fixsfsi.S.obj                  56      0         0      
       muldi3.S.obj                   36      0         0      
       ashldi3.S.obj                  30      0         0      
       aeabi_ldivmod.S.obj            20      0         0      
       aeabi_uldivmod.S.obj           20      0         0      
       aeabi_memset.S.obj             12      0         0      
       aeabi_memcpy.S.obj             8       0         0      
       aeabi_div0.c.obj               4       0         0      
    +--+------------------------------+-------+---------+---------+
       Total:                         1476    0         0      
                                                               
       Stack:                         0       0         512    
       Linker Generated:              0       41        0      
    +--+------------------------------+-------+---------+---------+
       Grand Total:                   33606   1805      1268   


LINKER GENERATED COPY TABLES

__TI_cinit_table @ 00008a64 records: 2, size/record: 8, table size: 16
	.bss: load addr=00008a54, load size=00000008 bytes, run addr=20200000, run size=000002f3 bytes, compression=zero_init
	.data: load addr=00008a5c, load size=00000005 bytes, run addr=202002f3, run size=00000001 bytes, compression=lzss


LINKER GENERATED HANDLER TABLE

__TI_handler_table @ 00008a48 records: 3, size/record: 4, table size: 12
	index: 0, handler: __TI_decompress_lzss
	index: 1, handler: __TI_decompress_none
	index: 2, handler: __TI_zero_init


GLOBAL SYMBOLS: SORTED ALPHABETICALLY BY Name 

address   name                                  
-------   ----                                  
00006597  ADC0_IRQHandler                       
00006597  ADC1_IRQHandler                       
00006597  AES_IRQHandler                        
00006171  AppConfig_InitDefault                 
00002941  AppConfig_LimitAll                    
00007441  App_Init                              
00005f31  App_Update_20ms                       
0000840e  C$$EXIT                               
00006597  CANFD0_IRQHandler                     
000083a9  CarController_GetFeedback             
000082b5  CarController_GetRunMode              
00006e05  CarController_Init                    
00006e81  CarController_ResetRuntime            
000080ed  CarController_RunModeToString         
00007849  CarController_SetSafetyHold           
000068a5  CarController_StartDriveHeading       
00006efd  CarController_StartFollowLine         
00006775  CarController_StartSeekLine           
000070e1  CarController_StartTurnLeft90         
0000706d  CarController_StartTurnRight90        
00006b71  CarController_StartTurnToYawRelative  
00007f7d  CarController_Stop                    
00000a35  CarController_Update_20ms             
000082c1  CarState_Get                          
000082cd  CarState_Init                         
000082d9  CarState_Set                          
00006597  DAC0_IRQHandler                       
00008381  DL_Common_delayCycles                 
00006597  DMA_IRQHandler                        
00006597  Default_Handler                       
000072a1  Encoder_HandleGpioInterrupt           
00007f35  Encoder_Reset                         
00006597  GROUP0_IRQHandler                     
000081ad  GROUP1_IRQHandler                     
00006bf9  GimbalStepper_ConfirmZero             
000083b1  GimbalStepper_GetFeedback             
000062dd  GimbalStepper_Init                    
0000459d  GimbalStepper_MoveToEstimatedSteps    
00007151  GimbalStepper_Release                 
000081c1  GimbalStepper_SetStepHalfPeriodTicks  
00006229  GimbalStepper_StopHold                
00004289  GimbalStepper_Tick100us               
00007ac5  GimbalTracker_ClearObservation        
00007569  GimbalTracker_Enable                  
000075c9  GimbalTracker_GetFeedback             
00006d85  GimbalTracker_Init                    
00006c7d  GimbalTracker_PushObservation         
00001129  GimbalTracker_Update                  
0000488d  Gimbal_Init                           
00005961  Gimbal_PitchConfirmZero               
00007d79  Gimbal_PitchGetFeedback               
0000638d  Gimbal_PitchMoveRelativeDeg           
000052bd  Gimbal_PitchRelease                   
000026b1  Gimbal_PitchSetTrackingSpeedDegS      
000055a9  Gimbal_PitchStopHold                  
0000441d  Gimbal_PitchTick100us                 
00003d75  Gimbal_PitchUpdate5ms                 
000082e5  Gimbal_Tick100us                      
000082f1  Gimbal_Update5ms                      
00005e69  Gimbal_YawConfirmZero                 
000069cd  Gimbal_YawDisableWorldLock            
00005195  Gimbal_YawEnableWorldLock             
00008275  Gimbal_YawGetFeedback                 
00007745  Gimbal_YawMoveRelativeDeg             
000073dd  Gimbal_YawRelease                     
00002185  Gimbal_YawSetWrappedTargetDeg         
00006a59  Gimbal_YawStopHold                    
0000241d  Gimbal_YawUpdate5ms                   
0000840f  HOSTexit                              
00006597  HardFault_Handler                     
000081d5  HeadingControl_Enable                 
000083b9  HeadingControl_GetRuntime             
000081e9  HeadingControl_Init                   
00008105  HeadingControl_LockCurrentYaw         
000081fd  HeadingControl_Reset                  
0000811d  HeadingControl_SetTargetYaw           
000049f9  HeadingControl_Update                 
00006597  I2C0_IRQHandler                       
00006597  I2C1_IRQHandler                       
0000378d  Imu_CalibrateGyroBias                 
000082fd  Imu_GetCorrectedGyroZDps              
000083c1  Imu_GetRuntime                        
00008309  Imu_GetYaw                            
00001c05  Imu_Init                              
0000807d  Imu_IsReady                           
00008315  Imu_ResetYaw                          
00004f35  Imu_Update                            
00008285  Key_GetEvent                          
00007da9  Key_Init                              
00004719  Key_Update_20ms                       
00008321  Menu_GetPage                          
0000832d  Menu_GetParamItem                     
000071c1  Menu_GetParamValue                    
00002e41  Menu_HandleKeyEvent                   
00008099  Menu_Init                             
00008135  Menu_ParamItemToString                
0000814d  MissionLibrary_FindById               
00008211  MissionLibrary_GetByIndex             
00008413  MissionLibrary_GetCount               
000064ed  MissionLibrary_Validate               
00007dd9  MissionManager_Cancel                 
000083c9  MissionManager_GetMissionCount        
000083d1  MissionManager_GetRuntime             
00008225  MissionManager_GetSelectedMissionId   
0000730d  MissionManager_GetSelectedMissionIndex
00007939  MissionManager_Init                   
00007f9d  MissionManager_Pause                  
00007e09  MissionManager_Reset                  
00007fbd  MissionManager_Resume                 
00005699  MissionManager_SelectNext             
00005a3d  MissionManager_SelectPrevious         
00008339  MissionManager_SetExternalHold        
000079c5  MissionManager_Start                  
000053b9  MissionManager_Update_20ms            
00008165  MotionAction_Cancel                   
00007fdd  MotionAction_GetCurrentBypassDirection
00007ffd  MotionAction_GetCurrentObstaclePolicy 
000083d9  MotionAction_GetRuntime               
0000817d  MotionAction_Init                     
00007c69  MotionAction_ReapplyControllerTarget  
00004cb9  MotionAction_Start                    
000039a1  MotionAction_Update_20ms              
00007ca1  Motor_Init                            
00007899  Motor_PwmTick100us                    
0000643d  Motor_SetSpeed                        
00007e39  Motor_Stop                            
00006597  NMI_Handler                           
00003301  OLED_Clear                            
00005cc5  OLED_Init                             
00007689  OLED_PrintBinary7                     
00005d99  OLED_PrintChar                        
00004df9  OLED_PrintInt16                       
00007d45  OLED_PrintString                      
00007d11  OLED_SetCursor                        
000083e1  ObstacleAvoidance_GetFeedback         
0000801d  ObstacleAvoidance_Init                
00008345  ObstacleAvoidance_IsActive            
00008351  ObstacleAvoidance_IsFailed            
00008295  ObstacleAvoidance_IsResumeGraceActive 
00002bc9  ObstacleAvoidance_Update_20ms         
000083e9  ObstacleMonitor_GetFeedback           
000080b5  ObstacleMonitor_Init                  
0000663d  ObstacleMonitor_Update_20ms           
000080d1  ObstacleSafety_Init                   
0000835d  ObstacleSafety_IsHolding              
000060b5  ObstacleSafety_Update_20ms            
00008369  OledUi_Init                           
000000c1  OledUi_Update_20ms                    
00006597  PendSV_Handler                        
00006597  RTC_IRQHandler                        
00008417  Reset_Handler                         
00006597  SPI0_IRQHandler                       
00006597  SPI1_IRQHandler                       
00006597  SVC_Handler                           
00005ff5  SYSCFG_DL_GPIO_init                   
00007a05  SYSCFG_DL_SYSCTL_init                 
000082a5  SYSCFG_DL_init                        
00007e65  SYSCFG_DL_initPower                   
000083f1  Servo_GetFeedback                     
00007ebd  Servo_Init                            
00007b01  Servo_SetAngleDeg                     
00007981  Servo_Tick100us                       
00006939  SysTick_Handler                       
00006597  TIMA0_IRQHandler                      
00006597  TIMA1_IRQHandler                      
00006597  TIMG0_IRQHandler                      
00006597  TIMG12_IRQHandler                     
00006597  TIMG6_IRQHandler                      
00006597  TIMG7_IRQHandler                      
00006597  TIMG8_IRQHandler                      
00007e91  TrackSensor_CountBlack                
00007231  TrackSensor_DetectTurn                
00007375  TrackSensor_GetErrorFromRaw           
0000663b  TrackSensor_Init                      
0000838b  TrackSensor_IsCenterDetected          
00008395  TrackSensor_IsLineDetected            
0000839f  TrackSensor_IsLineLost                
000077f5  TrackSensor_ReadRaw                   
00006597  UART0_IRQHandler                      
00006597  UART1_IRQHandler                      
00006597  UART2_IRQHandler                      
00006597  UART3_IRQHandler                      
000083f9  Ultrasonic_GetFeedback                
000078e9  Ultrasonic_Init                       
000040e9  Ultrasonic_Tick100us                  
000076e9  Ultrasonic_Update_20ms                
20208000  __STACK_END                           
00000200  __STACK_SIZE                          
00000000  __TI_ATRegion0_region_sz              
00000000  __TI_ATRegion0_src_addr               
00000000  __TI_ATRegion0_trg_addr               
00000000  __TI_ATRegion1_region_sz              
00000000  __TI_ATRegion1_src_addr               
00000000  __TI_ATRegion1_trg_addr               
00000000  __TI_ATRegion2_region_sz              
00000000  __TI_ATRegion2_src_addr               
00000000  __TI_ATRegion2_trg_addr               
00008a64  __TI_CINIT_Base                       
00008a74  __TI_CINIT_Limit                      
00008a74  __TI_CINIT_Warm                       
00008a48  __TI_Handler_Table_Base               
00008a54  __TI_Handler_Table_Limit              
00007bb5  __TI_auto_init_nobinit_nopinit        
00006f79  __TI_decompress_lzss                  
00008261  __TI_decompress_none                  
ffffffff  __TI_pprof_out_hndl                   
ffffffff  __TI_prof_data_size                   
ffffffff  __TI_prof_data_start                  
00000000  __TI_static_base__                    
00008195  __TI_zero_init_nomemset               
00005bf7  __addsf3                              
00007cd9  __aeabi_f2iz                          
00007629  __aeabi_f2lz                          
00005bf7  __aeabi_fadd                          
000074a5  __aeabi_fcmpeq                        
000074e1  __aeabi_fcmpge                        
000074f5  __aeabi_fcmpgt                        
000074cd  __aeabi_fcmple                        
000074b9  __aeabi_fcmplt                        
00006d01  __aeabi_fdiv                          
00006ae5  __aeabi_fmul                          
00005bed  __aeabi_fsub                          
00007b3d  __aeabi_i2f                           
0000779d  __aeabi_idiv                          
00006773  __aeabi_idiv0                         
0000779d  __aeabi_idivmod                       
00006d83  __aeabi_ldiv0                         
00008239  __aeabi_ldivmod                       
0000805d  __aeabi_llsl                          
00007f59  __aeabi_lmul                          
00008375  __aeabi_memclr                        
00008375  __aeabi_memclr4                       
00008375  __aeabi_memclr8                       
00008401  __aeabi_memcpy                        
00008401  __aeabi_memcpy4                       
00008401  __aeabi_memcpy8                       
00007a45  __aeabi_uidiv                         
00007a45  __aeabi_uidivmod                      
0000824d  __aeabi_uldivmod                      
0000805d  __ashldi3                             
ffffffff  __binit__                             
00007bf1  __cmpsf2                              
00007a85  __divmoddi4                           
00006d01  __divsf3                              
00007bf1  __eqsf2                               
00007629  __fixsfdi                             
00007cd9  __fixsfsi                             
00007b3d  __floatsisf                           
00007b79  __gesf2                               
00007b79  __gtsf2                               
00007bf1  __lesf2                               
00007bf1  __ltsf2                               
UNDEFED   __mpu_init                            
00007f59  __muldi3                              
00007c2d  __muldsi3                             
00006ae5  __mulsf3                              
00007bf1  __nesf2                               
20207e00  __stack                               
20200000  __start___llvm_prf_bits               
20200000  __start___llvm_prf_cnts               
20200000  __stop___llvm_prf_bits                
20200000  __stop___llvm_prf_cnts                
00005bed  __subsf3                              
00006599  __udivmoddi4                          
00007f0d  _c_int00_noargs                       
UNDEFED   _system_post_cinit                    
0000841b  _system_pre_init                      
00008409  abort                                 
ffffffff  binit                                 
20200000  g_appConfig                           
202000e0  g_appRuntime                          
202002eb  g_carStateDebug                       
202001b4  g_headingRuntime                      
20200140  g_imuRuntime                          
202002ec  g_keyEvent                            
202002ed  g_oledPageDebug                       
202002ee  g_paramItemDebug                      
202002ef  g_trackBlackCount                     
202002b8  g_trackError                          
202002f0  g_trackModeDebug                      
202002f1  g_trackRaw                            
202002f2  g_trackTurnDebug                      
00000000  interruptVectors                      
000054b1  main                                  
000066d9  memcpy                                
00007507  memset                                


GLOBAL SYMBOLS: SORTED BY Symbol Address 

address   name                                  
-------   ----                                  
00000000  __TI_ATRegion0_region_sz              
00000000  __TI_ATRegion0_src_addr               
00000000  __TI_ATRegion0_trg_addr               
00000000  __TI_ATRegion1_region_sz              
00000000  __TI_ATRegion1_src_addr               
00000000  __TI_ATRegion1_trg_addr               
00000000  __TI_ATRegion2_region_sz              
00000000  __TI_ATRegion2_src_addr               
00000000  __TI_ATRegion2_trg_addr               
00000000  __TI_static_base__                    
00000000  interruptVectors                      
000000c1  OledUi_Update_20ms                    
00000200  __STACK_SIZE                          
00000a35  CarController_Update_20ms             
00001129  GimbalTracker_Update                  
00001c05  Imu_Init                              
00002185  Gimbal_YawSetWrappedTargetDeg         
0000241d  Gimbal_YawUpdate5ms                   
000026b1  Gimbal_PitchSetTrackingSpeedDegS      
00002941  AppConfig_LimitAll                    
00002bc9  ObstacleAvoidance_Update_20ms         
00002e41  Menu_HandleKeyEvent                   
00003301  OLED_Clear                            
0000378d  Imu_CalibrateGyroBias                 
000039a1  MotionAction_Update_20ms              
00003d75  Gimbal_PitchUpdate5ms                 
000040e9  Ultrasonic_Tick100us                  
00004289  GimbalStepper_Tick100us               
0000441d  Gimbal_PitchTick100us                 
0000459d  GimbalStepper_MoveToEstimatedSteps    
00004719  Key_Update_20ms                       
0000488d  Gimbal_Init                           
000049f9  HeadingControl_Update                 
00004cb9  MotionAction_Start                    
00004df9  OLED_PrintInt16                       
00004f35  Imu_Update                            
00005195  Gimbal_YawEnableWorldLock             
000052bd  Gimbal_PitchRelease                   
000053b9  MissionManager_Update_20ms            
000054b1  main                                  
000055a9  Gimbal_PitchStopHold                  
00005699  MissionManager_SelectNext             
00005961  Gimbal_PitchConfirmZero               
00005a3d  MissionManager_SelectPrevious         
00005bed  __aeabi_fsub                          
00005bed  __subsf3                              
00005bf7  __addsf3                              
00005bf7  __aeabi_fadd                          
00005cc5  OLED_Init                             
00005d99  OLED_PrintChar                        
00005e69  Gimbal_YawConfirmZero                 
00005f31  App_Update_20ms                       
00005ff5  SYSCFG_DL_GPIO_init                   
000060b5  ObstacleSafety_Update_20ms            
00006171  AppConfig_InitDefault                 
00006229  GimbalStepper_StopHold                
000062dd  GimbalStepper_Init                    
0000638d  Gimbal_PitchMoveRelativeDeg           
0000643d  Motor_SetSpeed                        
000064ed  MissionLibrary_Validate               
00006597  ADC0_IRQHandler                       
00006597  ADC1_IRQHandler                       
00006597  AES_IRQHandler                        
00006597  CANFD0_IRQHandler                     
00006597  DAC0_IRQHandler                       
00006597  DMA_IRQHandler                        
00006597  Default_Handler                       
00006597  GROUP0_IRQHandler                     
00006597  HardFault_Handler                     
00006597  I2C0_IRQHandler                       
00006597  I2C1_IRQHandler                       
00006597  NMI_Handler                           
00006597  PendSV_Handler                        
00006597  RTC_IRQHandler                        
00006597  SPI0_IRQHandler                       
00006597  SPI1_IRQHandler                       
00006597  SVC_Handler                           
00006597  TIMA0_IRQHandler                      
00006597  TIMA1_IRQHandler                      
00006597  TIMG0_IRQHandler                      
00006597  TIMG12_IRQHandler                     
00006597  TIMG6_IRQHandler                      
00006597  TIMG7_IRQHandler                      
00006597  TIMG8_IRQHandler                      
00006597  UART0_IRQHandler                      
00006597  UART1_IRQHandler                      
00006597  UART2_IRQHandler                      
00006597  UART3_IRQHandler                      
00006599  __udivmoddi4                          
0000663b  TrackSensor_Init                      
0000663d  ObstacleMonitor_Update_20ms           
000066d9  memcpy                                
00006773  __aeabi_idiv0                         
00006775  CarController_StartSeekLine           
000068a5  CarController_StartDriveHeading       
00006939  SysTick_Handler                       
000069cd  Gimbal_YawDisableWorldLock            
00006a59  Gimbal_YawStopHold                    
00006ae5  __aeabi_fmul                          
00006ae5  __mulsf3                              
00006b71  CarController_StartTurnToYawRelative  
00006bf9  GimbalStepper_ConfirmZero             
00006c7d  GimbalTracker_PushObservation         
00006d01  __aeabi_fdiv                          
00006d01  __divsf3                              
00006d83  __aeabi_ldiv0                         
00006d85  GimbalTracker_Init                    
00006e05  CarController_Init                    
00006e81  CarController_ResetRuntime            
00006efd  CarController_StartFollowLine         
00006f79  __TI_decompress_lzss                  
0000706d  CarController_StartTurnRight90        
000070e1  CarController_StartTurnLeft90         
00007151  GimbalStepper_Release                 
000071c1  Menu_GetParamValue                    
00007231  TrackSensor_DetectTurn                
000072a1  Encoder_HandleGpioInterrupt           
0000730d  MissionManager_GetSelectedMissionIndex
00007375  TrackSensor_GetErrorFromRaw           
000073dd  Gimbal_YawRelease                     
00007441  App_Init                              
000074a5  __aeabi_fcmpeq                        
000074b9  __aeabi_fcmplt                        
000074cd  __aeabi_fcmple                        
000074e1  __aeabi_fcmpge                        
000074f5  __aeabi_fcmpgt                        
00007507  memset                                
00007569  GimbalTracker_Enable                  
000075c9  GimbalTracker_GetFeedback             
00007629  __aeabi_f2lz                          
00007629  __fixsfdi                             
00007689  OLED_PrintBinary7                     
000076e9  Ultrasonic_Update_20ms                
00007745  Gimbal_YawMoveRelativeDeg             
0000779d  __aeabi_idiv                          
0000779d  __aeabi_idivmod                       
000077f5  TrackSensor_ReadRaw                   
00007849  CarController_SetSafetyHold           
00007899  Motor_PwmTick100us                    
000078e9  Ultrasonic_Init                       
00007939  MissionManager_Init                   
00007981  Servo_Tick100us                       
000079c5  MissionManager_Start                  
00007a05  SYSCFG_DL_SYSCTL_init                 
00007a45  __aeabi_uidiv                         
00007a45  __aeabi_uidivmod                      
00007a85  __divmoddi4                           
00007ac5  GimbalTracker_ClearObservation        
00007b01  Servo_SetAngleDeg                     
00007b3d  __aeabi_i2f                           
00007b3d  __floatsisf                           
00007b79  __gesf2                               
00007b79  __gtsf2                               
00007bb5  __TI_auto_init_nobinit_nopinit        
00007bf1  __cmpsf2                              
00007bf1  __eqsf2                               
00007bf1  __lesf2                               
00007bf1  __ltsf2                               
00007bf1  __nesf2                               
00007c2d  __muldsi3                             
00007c69  MotionAction_ReapplyControllerTarget  
00007ca1  Motor_Init                            
00007cd9  __aeabi_f2iz                          
00007cd9  __fixsfsi                             
00007d11  OLED_SetCursor                        
00007d45  OLED_PrintString                      
00007d79  Gimbal_PitchGetFeedback               
00007da9  Key_Init                              
00007dd9  MissionManager_Cancel                 
00007e09  MissionManager_Reset                  
00007e39  Motor_Stop                            
00007e65  SYSCFG_DL_initPower                   
00007e91  TrackSensor_CountBlack                
00007ebd  Servo_Init                            
00007f0d  _c_int00_noargs                       
00007f35  Encoder_Reset                         
00007f59  __aeabi_lmul                          
00007f59  __muldi3                              
00007f7d  CarController_Stop                    
00007f9d  MissionManager_Pause                  
00007fbd  MissionManager_Resume                 
00007fdd  MotionAction_GetCurrentBypassDirection
00007ffd  MotionAction_GetCurrentObstaclePolicy 
0000801d  ObstacleAvoidance_Init                
0000805d  __aeabi_llsl                          
0000805d  __ashldi3                             
0000807d  Imu_IsReady                           
00008099  Menu_Init                             
000080b5  ObstacleMonitor_Init                  
000080d1  ObstacleSafety_Init                   
000080ed  CarController_RunModeToString         
00008105  HeadingControl_LockCurrentYaw         
0000811d  HeadingControl_SetTargetYaw           
00008135  Menu_ParamItemToString                
0000814d  MissionLibrary_FindById               
00008165  MotionAction_Cancel                   
0000817d  MotionAction_Init                     
00008195  __TI_zero_init_nomemset               
000081ad  GROUP1_IRQHandler                     
000081c1  GimbalStepper_SetStepHalfPeriodTicks  
000081d5  HeadingControl_Enable                 
000081e9  HeadingControl_Init                   
000081fd  HeadingControl_Reset                  
00008211  MissionLibrary_GetByIndex             
00008225  MissionManager_GetSelectedMissionId   
00008239  __aeabi_ldivmod                       
0000824d  __aeabi_uldivmod                      
00008261  __TI_decompress_none                  
00008275  Gimbal_YawGetFeedback                 
00008285  Key_GetEvent                          
00008295  ObstacleAvoidance_IsResumeGraceActive 
000082a5  SYSCFG_DL_init                        
000082b5  CarController_GetRunMode              
000082c1  CarState_Get                          
000082cd  CarState_Init                         
000082d9  CarState_Set                          
000082e5  Gimbal_Tick100us                      
000082f1  Gimbal_Update5ms                      
000082fd  Imu_GetCorrectedGyroZDps              
00008309  Imu_GetYaw                            
00008315  Imu_ResetYaw                          
00008321  Menu_GetPage                          
0000832d  Menu_GetParamItem                     
00008339  MissionManager_SetExternalHold        
00008345  ObstacleAvoidance_IsActive            
00008351  ObstacleAvoidance_IsFailed            
0000835d  ObstacleSafety_IsHolding              
00008369  OledUi_Init                           
00008375  __aeabi_memclr                        
00008375  __aeabi_memclr4                       
00008375  __aeabi_memclr8                       
00008381  DL_Common_delayCycles                 
0000838b  TrackSensor_IsCenterDetected          
00008395  TrackSensor_IsLineDetected            
0000839f  TrackSensor_IsLineLost                
000083a9  CarController_GetFeedback             
000083b1  GimbalStepper_GetFeedback             
000083b9  HeadingControl_GetRuntime             
000083c1  Imu_GetRuntime                        
000083c9  MissionManager_GetMissionCount        
000083d1  MissionManager_GetRuntime             
000083d9  MotionAction_GetRuntime               
000083e1  ObstacleAvoidance_GetFeedback         
000083e9  ObstacleMonitor_GetFeedback           
000083f1  Servo_GetFeedback                     
000083f9  Ultrasonic_GetFeedback                
00008401  __aeabi_memcpy                        
00008401  __aeabi_memcpy4                       
00008401  __aeabi_memcpy8                       
00008409  abort                                 
0000840e  C$$EXIT                               
0000840f  HOSTexit                              
00008413  MissionLibrary_GetCount               
00008417  Reset_Handler                         
0000841b  _system_pre_init                      
00008a48  __TI_Handler_Table_Base               
00008a54  __TI_Handler_Table_Limit              
00008a64  __TI_CINIT_Base                       
00008a74  __TI_CINIT_Limit                      
00008a74  __TI_CINIT_Warm                       
20200000  __start___llvm_prf_bits               
20200000  __start___llvm_prf_cnts               
20200000  __stop___llvm_prf_bits                
20200000  __stop___llvm_prf_cnts                
20200000  g_appConfig                           
202000e0  g_appRuntime                          
20200140  g_imuRuntime                          
202001b4  g_headingRuntime                      
202002b8  g_trackError                          
202002eb  g_carStateDebug                       
202002ec  g_keyEvent                            
202002ed  g_oledPageDebug                       
202002ee  g_paramItemDebug                      
202002ef  g_trackBlackCount                     
202002f0  g_trackModeDebug                      
202002f1  g_trackRaw                            
202002f2  g_trackTurnDebug                      
20207e00  __stack                               
20208000  __STACK_END                           
ffffffff  __TI_pprof_out_hndl                   
ffffffff  __TI_prof_data_size                   
ffffffff  __TI_prof_data_start                  
ffffffff  __binit__                             
ffffffff  binit                                 
UNDEFED   __mpu_init                            
UNDEFED   _system_post_cinit                    

[286 symbols]
