******************************************************************************
            TI ARM Clang Linker PC v4.0.4                      
******************************************************************************
>> Linked Fri Jul 24 01:02:24 2026

OUTPUT FILE NAME:   <diansaikaishi.out>
ENTRY POINT SYMBOL: "_c_int00_noargs"  address: 000104f9


MEMORY CONFIGURATION

         name            origin    length      used     unused   attr    fill
----------------------  --------  ---------  --------  --------  ----  --------
  FLASH                 00000000   00020000  00011928  0000e6d8  R  X
  SRAM                  20200000   00008000  00000f32  000070ce  RW X
  BCR_CONFIG            41c00000   000000ff  00000000  000000ff  R   
  BSL_CONFIG            41c00100   00000080  00000000  00000080  R   


SEGMENT ALLOCATION MAP

run origin  load origin   length   init length attrs members
----------  ----------- ---------- ----------- ----- -------
00000000    00000000    00011928   00011928    r-x
  00000000    00000000    000000c0   000000c0    r-- .intvecs
  000000c0    000000c0    00010c90   00010c90    r-x .text
  00010d50    00010d50    00000ba8   00000ba8    r-- .rodata
  000118f8    000118f8    00000030   00000030    r-- .cinit
20200000    20200000    00000d32   00000000    rw-
  20200000    20200000    00000d31   00000000    rw- .bss
  20200d31    20200d31    00000001   00000000    rw- .data
20207e00    20207e00    00000200   00000000    rw-
  20207e00    20207e00    00000200   00000000    rw- .stack


SECTION ALLOCATION MAP

 output                                  attributes/
section   page    origin      length       input sections
--------  ----  ----------  ----------   ----------------
.intvecs   0    00000000    000000c0     
                  00000000    000000c0     startup_mspm0g350x_ticlang.o (.intvecs)

.text      0    000000c0    00010c90     
                  000000c0    00002e4c     oled_ui.o (.text.OledUi_Update_20ms)
                  00002f0c    00001dd4     vision_tuning_console.o (.text.VisionTuningConsole_Process)
                  00004ce0    000004f0     line_controller.o (.text.LineController_Update)
                  000051d0    0000047c     gimbal_tracker.o (.text.GimbalTracker_Update)
                  0000564c    0000044c     app_config.o (.text.AppConfig_LimitAll)
                  00005a98    0000044c     motor_control.o (.text.update_wheel)
                  00005ee4    00000430     wheel_speed_estimator.o (.text.WheelSpeedEstimator_Update)
                  00006314    0000040c     runtime_snapshot.o (.text.RuntimeSnapshot_Update)
                  00006720    000003dc     imu.o (.text.Imu_Update)
                  00006afc    000003b0     vision_receiver.o (.text.VisionReceiver_Process)
                  00006eac    00000388     gimbal_vision_yaw_tracker.o (.text.GimbalVisionYawTracker_Update10ms)
                  00007234    00000374     imu.o (.text.Imu_Init)
                  000075a8    00000370     gimbal.o (.text.gimbal_update_feedback)
                  00007918    00000340     obstacle_avoidance.o (.text.ObstacleAvoidance_Update_20ms)
                  00007c58    00000310     vision_tuning_console.o (.text.append_scaled)
                  00007f68    000002f0     imu.o (.text.mpu6050_read_regs)
                  00008258    000002a8     gimbal_tracker.o (.text.update_feedback)
                  00008500    00000298     gimbal.o (.text.Gimbal_YawSetWrappedTargetDeg)
                  00008798    00000294     gimbal.o (.text.Gimbal_YawUpdate5ms)
                  00008a2c    00000290     gimbal.o (.text.Gimbal_PitchSetTrackingSpeedDegS)
                  00008cbc    0000028c     motor_control.o (.text.MotorControl_Update)
                  00008f48    00000254     oled.o (.text.OLED_Clear)
                  0000919c    00000238     gimbal.o (.text.gimbal_pitch_update_feedback)
                  000093d4    00000234     motion_action.o (.text.MotionAction_Update_20ms)
                  00009608    00000230     imu.o (.text.Imu_CalibrateGyroBias)
                  00009838    00000228     gimbal_vision_pitch_tracker.o (.text.GimbalVisionPitchTracker_Update10ms)
                  00009a60    00000204     motor.o (.text.Motor_SetSpeed)
                  00009c64    000001f4     vision_protocol.o (.text.VisionProtocol_ParseV1TargetFrame)
                  00009e58    000001e8     motor_control.o (.text.config_is_valid)
                  0000a040    000001cc     car_controller.o (.text.handle_turn_to_yaw)
                  0000a20c    000001cc     imu.o (.text.imu_i2c_write_byte)
                  0000a3d8    000001c0     app_config.o (.text.AppConfig_InitDefault)
                  0000a598    000001bc     gimbal.o (.text.Gimbal_PitchUpdate5ms)
                  0000a754    000001b8     oled.o (.text.oled_i2c_write_byte)
                  0000a90c    000001a0     ultrasonic.o (.text.Ultrasonic_Tick100us)
                  0000aaac    00000194     gimbal_stepper.o (.text.GimbalStepper_Tick100us)
                  0000ac40    00000180     gimbal.o (.text.Gimbal_PitchTick100us)
                  0000adc0    0000017c     gimbal_stepper.o (.text.GimbalStepper_MoveToEstimatedSteps)
                  0000af3c    00000174     key.o (.text.Key_Update_20ms)
                  0000b0b0    0000016c     gimbal.o (.text.Gimbal_Init)
                  0000b21c    00000168     empty.o (.text.main)
                  0000b384    00000160     gimbal.o (.text.gimbal_yaw_set_target_x10)
                  0000b4e4    00000160     car_controller.o (.text.handle_lost_recover)
                  0000b644    00000158     vision_tuning_console.o (.text.send_parameter_reply)
                  0000b79c    00000158     vision_tuning_console.o (.text.send_yaw_parameter_reply)
                  0000b8f4    00000154     car_controller.o (.text.handle_seek_line)
                  0000ba48    00000150     car_controller.o (.text.CarController_Update_20ms)
                  0000bb98    0000013c     oled.o (.text.OLED_PrintInt16)
                  0000bcd4    00000134     car_controller.o (.text.handle_drive_heading)
                  0000be08    0000012c     imu.o (.text.imu_i2c_recover_bus)
                  0000bf34    00000128     gimbal.o (.text.Gimbal_YawEnableWorldLock)
                  0000c05c    00000128     motion_action.o (.text.MotionAction_Start)
                  0000c184    00000124     vision_tuning_console.o (.text.send_simple_reply)
                  0000c2a8    00000124     gimbal_vision_yaw_tracker.o (.text.sync_target_from_yaw)
                  0000c3cc    00000120     menu.o (.text.Menu_HandleKeyEvent)
                  0000c4ec    0000011c     line_controller.o (.text.LineController_Reset)
                  0000c608    00000118     app.o (.text.App_Update_20ms)
                  0000c720    0000010c     car_controller.o (.text.handle_follow_line)
                  0000c82c    00000108     car_controller.o (.text.handle_turn_90)
                  0000c934    00000104     driverlib.a : dl_timer.o (.text.DL_Timer_initFourCCPWMMode)
                  0000ca38    00000104     line_controller.o (.text.LineController_ResetControlState)
                  0000cb3c    00000100     motor_control.o (.text.MotorControl_SetNormalizedTarget)
                  0000cc3c    000000fc     mission_manager.o (.text.MissionManager_Update_20ms)
                  0000cd38    000000fc     empty.o (.text.SysTick_Handler)
                  0000ce34    000000f8     line_controller.o (.text.LineController_Init)
                  0000cf2c    000000f0     gimbal.o (.text.Gimbal_PitchStopHold)
                  0000d01c    000000f0     mission_manager.o (.text.MissionManager_SelectNext)
                  0000d10c    000000ec     gimbal_tracker.o (.text.sync_targets_from_gimbal)
                  0000d1f8    000000e8     vision_protocol.o (.text.fields_are_valid)
                  0000d2e0    000000e0     obstacle_safety.o (.text.ObstacleSafety_Update_20ms)
                  0000d3c0    000000dc     ti_msp_dl_config.o (.text.SYSCFG_DL_GPIO_init)
                  0000d49c    000000dc     oled_ui.o (.text.print_tuning_change_value)
                  0000d578    000000d8     mission_manager.o (.text.MissionManager_SelectPrevious)
                  0000d650    000000d8     oled.o (.text.OLED_PrintUInt16)
                  0000d728    000000d8     wheel_speed_estimator.o (.text.WheelSpeedEstimator_Init)
                  0000d800    000000d8     menu.o (.text.menu_adjust_param)
                  0000d8d8    000000d8     libclang_rt.builtins.a : addsf3.S.obj (.text)
                  0000d9b0    000000d4     oled.o (.text.OLED_Init)
                  0000da84    000000d0     oled.o (.text.OLED_PrintChar)
                  0000db54    000000c8     fault.o (.text.FaultCode_ToShortString)
                  0000dc1c    000000c0     angle_utils.o (.text.Angle_Normalize180)
                  0000dcdc    000000c0     car_controller.o (.text.CarController_StartSeekLine)
                  0000dd9c    000000bc     car_controller.o (.text.CarController_StartTurnToYawRelative)
                  0000de58    000000bc     heading_control.o (.text.HeadingControl_Update)
                  0000df14    000000b4     car_controller.o (.text.CarController_StartDriveHeading)
                  0000dfc8    000000b4     gimbal_stepper.o (.text.GimbalStepper_StopHold)
                  0000e07c    000000b4     gimbal_vision_adapter.o (.text.GimbalVisionAdapter_Update)
                  0000e130    000000b0     gimbal_stepper.o (.text.GimbalStepper_Init)
                  0000e1e0    000000a4     encoder.o (.text.Encoder_HandleGpioInterrupt)
                  0000e284    000000a4     gimbal_vision_yaw_tracker.o (.text.wrap_deg_360)
                  0000e328    000000a2     libclang_rt.builtins.a : udivmoddi4.S.obj (.text)
                  0000e3ca    00000002     startup_mspm0g350x_ticlang.o (.text.Default_Handler)
                  0000e3cc    0000009c     car_controller.o (.text.CarController_StartFollowLine)
                  0000e468    0000009c     obstacle_monitor.o (.text.ObstacleMonitor_Update_20ms)
                  0000e504    0000009a     libc.a : memcpy16.S.obj (.text:memcpy)
                  0000e59e    00000002     track_sensor.o (.text.TrackSensor_Init)
                  0000e5a0    00000098     imu.o (.text.mpu6050_write_reg)
                  0000e638    00000090     car_controller.o (.text.CarController_Init)
                  0000e6c8    00000090     car_controller.o (.text.CarController_StartTurnRight90)
                  0000e758    0000008c     car_controller.o (.text.CarController_ResetRuntime)
                  0000e7e4    0000008c     car_controller.o (.text.CarController_StartTurnLeft90)
                  0000e870    0000008c     gimbal.o (.text.Gimbal_YawDisableWorldLock)
                  0000e8fc    0000008c     gimbal.o (.text.Gimbal_YawStopHold)
                  0000e988    0000008c     ti_msp_dl_config.o (.text.SYSCFG_DL_PWM_MOTOR_init)
                  0000ea14    0000008c     libclang_rt.builtins.a : mulsf3.S.obj (.text.__mulsf3)
                  0000eaa0    00000088     libc.a : strcmp-armv6m.S.obj (.text:strcmp)
                  0000eb28    00000084     motor.o (.text.Motor_Init)
                  0000ebac    00000082     app.o (.text.App_Init)
                  0000ec2e    00000082     mission_library.o (.text.MissionLibrary_Validate)
                  0000ecb0    00000082     libclang_rt.builtins.a : divsf3.S.obj (.text.__divsf3)
                  0000ed32    00000002                            : aeabi_div0.c.obj (.text.__aeabi_idiv0)
                  0000ed34    00000080     gimbal_tracker.o (.text.GimbalTracker_Init)
                  0000edb4    00000080     motor.o (.text.Motor_Stop)
                  0000ee34    0000007c     car_controller.o (.text.CarController_SetSafetyHold)
                  0000eeb0    0000007c     vision_pitch_tuning.o (.text.VisionPitchTuning_Set)
                  0000ef2c    0000007c     libc.a : copy_decompress_lzss.c.obj (.text:decompress:lzss)
                  0000efa8    00000078     oled.o (.text.oled_write_command)
                  0000f020    00000074     motor_control.o (.text.latch_control_error)
                  0000f094    00000070     menu.o (.text.Menu_GetParamValue)
                  0000f104    00000070     ti_msp_dl_config.o (.text.SYSCFG_DL_UART_VISION_init)
                  0000f174    00000070     vision_yaw_tuning.o (.text.VisionYawTuning_Set)
                  0000f1e4    0000006e     track_sensor.o (.text.TrackSensor_DetectTurn)
                  0000f252    00000002     libclang_rt.builtins.a : aeabi_div0.c.obj (.text.__aeabi_ldiv0)
                  0000f254    0000006c     gimbal_vision_yaw_tracker.o (.text.GimbalVisionYawTracker_Init)
                  0000f2c0    00000068     mission_manager.o (.text.MissionManager_GetSelectedMissionIndex)
                  0000f328    00000066     track_sensor.o (.text.TrackSensor_GetErrorFromRaw)
                  0000f38e    00000002     --HOLE-- [fill = 0]
                  0000f390    00000062     libclang_rt.builtins.a : aeabi_fcmp.S.obj (.text.__aeabi_fcmp)
                  0000f3f2    00000062     libc.a : memset16.S.obj (.text:memset)
                  0000f454    00000060     gimbal_tracker.o (.text.GimbalTracker_GetFeedback)
                  0000f4b4    00000060     vision_tuning_console.o (.text.VisionTuningConsole_Init)
                  0000f514    00000060     libclang_rt.builtins.a : fixsfdi.S.obj (.text.__fixsfdi)
                  0000f574    00000060     motion_action.o (.text.motion_action_resolve_yaw_target)
                  0000f5d4    0000005c     vision_uart.o (.text.UART3_IRQHandler)
                  0000f630    0000005c     ultrasonic.o (.text.Ultrasonic_Update_20ms)
                  0000f68c    0000005c     obstacle_avoidance.o (.text.avoid_fail)
                  0000f6e8    00000056     libclang_rt.builtins.a : aeabi_idivmod.S.obj (.text.__aeabi_idivmod)
                  0000f73e    00000002     --HOLE-- [fill = 0]
                  0000f740    00000054     track_sensor.o (.text.TrackSensor_ReadRaw)
                  0000f794    00000054     gimbal_vision_yaw_tracker.o (.text.float_to_scaled_i16)
                  0000f7e8    00000054     gimbal_vision_yaw_tracker.o (.text.stop_owned_tracking)
                  0000f83c    00000050     mission_manager.o (.text.MissionManager_Start)
                  0000f88c    00000050     ultrasonic.o (.text.Ultrasonic_Init)
                  0000f8dc    00000050     watchdog_monitor.o (.text.WatchdogMonitor_ApplyFaultIfNeeded)
                  0000f92c    0000004e     libclang_rt.builtins.a : floatdisf.S.obj (.text.__floatdisf)
                  0000f97a    00000002     --HOLE-- [fill = 0]
                  0000f97c    0000004c     motor_control.o (.text.MotorControl_Stop)
                  0000f9c8    0000004c     watchdog_monitor.o (.text.WatchdogMonitor_Tick1msFromIsr)
                  0000fa14    0000004a     obstacle_avoidance.o (.text.avoid_can_start)
                  0000fa5e    00000002     --HOLE-- [fill = 0]
                  0000fa60    00000048     driverlib.a : dl_uart.o (.text.DL_UART_init)
                  0000faa8    00000048     mission_manager.o (.text.MissionManager_Init)
                  0000faf0    00000048     motion_action.o (.text.MotionAction_ReapplyControllerTarget)
                  0000fb38    00000044     encoder.o (.text.Encoder_GetAndClearPulseDeltas)
                  0000fb7c    00000044     imu.o (.text.Imu_ResetYaw)
                  0000fbc0    00000044     servo.o (.text.Servo_Tick100us)
                  0000fc04    00000040     emergency_stop.o (.text.EmergencyStop_Reset)
                  0000fc44    00000040     gimbal_vision_pitch_tracker.o (.text.GimbalVisionPitchTracker_Init)
                  0000fc84    00000040     ti_msp_dl_config.o (.text.SYSCFG_DL_SYSCTL_init)
                  0000fcc4    00000040     ti_msp_dl_config.o (.text.SYSCFG_DL_initPower)
                  0000fd04    00000040     vision_receiver.o (.text.VisionReceiver_PushByteFromIsr)
                  0000fd44    00000040     libclang_rt.builtins.a : aeabi_uidivmod.S.obj (.text.__aeabi_uidivmod)
                  0000fd84    0000003e                            : divmoddi4.c.obj (.text.__divmoddi4)
                  0000fdc2    00000002     --HOLE-- [fill = 0]
                  0000fdc4    0000003c     servo.o (.text.Servo_SetAngleDeg)
                  0000fe00    0000003c     vision_tuning_console.o (.text.VisionTuningConsole_PushByteFromIsr)
                  0000fe3c    0000003c     libclang_rt.builtins.a : floatsisf.S.obj (.text.__floatsisf)
                  0000fe78    0000003c                            : comparesf2.S.obj (.text.__gtsf2)
                  0000feb4    0000003c     libc.a : autoinit.c.obj (.text:__TI_auto_init_nobinit_nopinit)
                  0000fef0    0000003a     libclang_rt.builtins.a : comparesf2.S.obj (.text.__eqsf2)
                  0000ff2a    00000002     --HOLE-- [fill = 0]
                  0000ff2c    0000003a                            : muldsi3.S.obj (.text.__muldsi3)
                  0000ff66    00000002     --HOLE-- [fill = 0]
                  0000ff68    00000038     vision_receiver.o (.text.VisionReceiver_Init)
                  0000ffa0    00000038     libclang_rt.builtins.a : fixsfsi.S.obj (.text.__fixsfsi)
                  0000ffd8    00000034     emergency_stop.o (.text.EmergencyStop_Trigger)
                  0001000c    00000034     imu.o (.text.Imu_IsReady)
                  00010040    00000034     mission_manager.o (.text.MissionManager_Cancel)
                  00010074    00000034     oled.o (.text.OLED_SetCursor)
                  000100a8    00000034     vision_tuning_console.o (.text.VisionTuningConsole_TryPopTxByte)
                  000100dc    00000034     vision_uart.o (.text.VisionUart_Process)
                  00010110    00000034     obstacle_avoidance.o (.text.avoid_start)
                  00010144    00000032     oled.o (.text.OLED_PrintString)
                  00010176    00000002     --HOLE-- [fill = 0]
                  00010178    00000030     fault.o (.text.Fault_Raise)
                  000101a8    00000030     gimbal_vision_yaw_tracker.o (.text.GimbalVisionYawTracker_GetFeedback)
                  000101d8    00000030     gimbal.o (.text.Gimbal_PitchGetFeedback)
                  00010208    00000030     key.o (.text.Key_Init)
                  00010238    00000030     line_controller.o (.text.LineController_ObserveSensors)
                  00010268    00000030     mission_manager.o (.text.MissionManager_Reset)
                  00010298    00000030     mission_manager.o (.text.MissionManager_Resume)
                  000102c8    00000030     vision_pitch_tuning.o (.text.VisionPitchTuning_RestoreDefault)
                  000102f8    00000030     watchdog_monitor.o (.text.WatchdogMonitor_Init)
                  00010328    00000030     gimbal_vision_yaw_tracker.o (.text.refresh_yaw_feedback)
                  00010358    0000002c     encoder.o (.text.Encoder_Reset)
                  00010384    0000002c     track_sensor.o (.text.TrackSensor_CountBlack)
                  000103b0    0000002c     vision_yaw_tuning.o (.text.VisionYawTuning_RestoreDefault)
                  000103dc    0000002c     gimbal_vision_pitch_tracker.o (.text.speed_to_x10)
                  00010408    00000028     obstacle_avoidance.o (.text.ObstacleAvoidance_Init)
                  00010430    00000028     servo.o (.text.Servo_Init)
                  00010458    00000028     vision_pitch_tuning.o (.text.VisionPitchTuning_Init)
                  00010480    00000028     watchdog_monitor.o (.text.WatchdogMonitor_Reset)
                  000104a8    00000028     libclang_rt.builtins.a : floatunsisf.S.obj (.text.__floatunsisf)
                  000104d0    00000028     libc.a : memmov.c.obj (.text.memmove)
                  000104f8    00000028            : boot_cortex_m.c.obj (.text:_c_int00_noargs)
                  00010520    00000024     car_controller.o (.text.CarController_Stop)
                  00010544    00000024     emergency_stop.o (.text.EmergencyStop_Enforce)
                  00010568    00000024     gimbal_vision_pitch_tracker.o (.text.GimbalVisionPitchTracker_GetFeedback)
                  0001058c    00000024     mission_manager.o (.text.MissionManager_ReportExternalFailure)
                  000105b0    00000024     motor_control.o (.text.MotorControl_Init)
                  000105d4    00000024     motor_control.o (.text.MotorControl_Reset)
                  000105f8    00000024     ti_msp_dl_config.o (.text.SYSCFG_DL_init)
                  0001061c    00000024     vision_yaw_tuning.o (.text.VisionYawTuning_Init)
                  00010640    00000024     libclang_rt.builtins.a : muldi3.S.obj (.text.__muldi3)
                  00010664    00000020     driverlib.a : dl_timer.o (.text.DL_Timer_overrideCCPOut)
                  00010684    00000020     debug_telemetry.o (.text.DebugTelemetry_Update)
                  000106a4    00000020     mission_manager.o (.text.MissionManager_Pause)
                  000106c4    00000020     motion_action.o (.text.MotionAction_GetCurrentBypassDirection)
                  000106e4    00000020     motion_action.o (.text.MotionAction_GetCurrentObstaclePolicy)
                  00010704    00000020     motion_action.o (.text.MotionAction_Init)
                  00010724    00000020     empty.o (.text.SchedulerMonitor_GetStats)
                  00010744    00000020     vision_receiver.o (.text.VisionReceiver_GetProtocolErrorCount)
                  00010764    00000020     mission_manager.o (.text.mission_finish_error)
                  00010784    0000001e     libclang_rt.builtins.a : ashldi3.S.obj (.text.__ashldi3)
                  000107a2    00000002     --HOLE-- [fill = 0]
                  000107a4    0000001c     driverlib.a : dl_timer.o (.text.DL_Timer_setCaptCompUpdateMethod)
                  000107c0    0000001c                 : dl_timer.o (.text.DL_Timer_setClockConfig)
                  000107dc    0000001c     gimbal_vision_adapter.o (.text.GimbalVisionAdapter_Init)
                  000107f8    0000001c     menu.o (.text.Menu_Init)
                  00010814    0000001c     obstacle_monitor.o (.text.ObstacleMonitor_Init)
                  00010830    0000001c     obstacle_safety.o (.text.ObstacleSafety_Init)
                  0001084c    0000001c     vision_pitch_tuning.o (.text.VisionPitchTuning_ParamName)
                  00010868    0000001c     vision_yaw_tuning.o (.text.VisionYawTuning_GetSnapshot)
                  00010884    0000001c     vision_yaw_tuning.o (.text.VisionYawTuning_ParamName)
                  000108a0    0000001c     watchdog_monitor.o (.text.WatchdogMonitor_NotifyControlCycleComplete)
                  000108bc    0000001c     mission_manager.o (.text.mission_finish_success)
                  000108d8    00000018     car_controller.o (.text.CarController_RunModeToString)
                  000108f0    00000018     driverlib.a : dl_timer.o (.text.DL_Timer_setCaptureCompareOutCtl)
                  00010908    00000018     debug_telemetry.o (.text.DebugTelemetry_Init)
                  00010920    00000018     heading_control.o (.text.HeadingControl_SetTargetYaw)
                  00010938    00000018     menu.o (.text.Menu_ParamItemToString)
                  00010950    00000018     motion_action.o (.text.MotionAction_Cancel)
                  00010968    00000018     runtime_snapshot.o (.text.RuntimeSnapshot_Init)
                  00010980    00000016     libclang_rt.builtins.a : comparesf2.S.obj (.text.__unordsf2)
                  00010996    00000002     --HOLE-- [fill = 0]
                  00010998    00000014     fault.o (.text.Fault_Clear)
                  000109ac    00000014     fault.o (.text.Fault_Init)
                  000109c0    00000014     empty.o (.text.GROUP1_IRQHandler)
                  000109d4    00000014     gimbal_stepper.o (.text.GimbalStepper_SetStepHalfPeriodTicks)
                  000109e8    00000014     heading_control.o (.text.HeadingControl_Enable)
                  000109fc    00000014     heading_control.o (.text.HeadingControl_Init)
                  00010a10    00000014     heading_control.o (.text.HeadingControl_Reset)
                  00010a24    00000014     mission_library.o (.text.MissionLibrary_FindById)
                  00010a38    00000014     mission_library.o (.text.MissionLibrary_GetByIndex)
                  00010a4c    00000014     mission_manager.o (.text.MissionManager_GetSelectedMissionId)
                  00010a60    00000014     vision_pitch_tuning.o (.text.VisionPitchTuning_GetSnapshot)
                  00010a74    00000014     vision_uart.o (.text.VisionUart_Init)
                  00010a88    00000014     libclang_rt.builtins.a : aeabi_ldivmod.S.obj (.text.__aeabi_ldivmod)
                  00010a9c    00000014                            : aeabi_uldivmod.S.obj (.text.__aeabi_uldivmod)
                  00010ab0    00000012     driverlib.a : dl_uart.o (.text.DL_UART_setClockConfig)
                  00010ac2    00000012     libc.a : copy_decompress_none.c.obj (.text:decompress:none)
                  00010ad4    00000010     driverlib.a : dl_timer.o (.text.DL_Timer_setCaptureCompareValue)
                  00010ae4    00000010     gimbal.o (.text.Gimbal_YawGetFeedback)
                  00010af4    00000010     key.o (.text.Key_GetEvent)
                  00010b04    00000010     obstacle_avoidance.o (.text.ObstacleAvoidance_IsResumeGraceActive)
                  00010b14    00000010     libc.a : copy_zero_init.c.obj (.text:decompress:ZI)
                  00010b24    0000000c     car_controller.o (.text.CarController_GetRunMode)
                  00010b30    0000000c     car_controller.o (.text.CarController_IsSafetyHoldActive)
                  00010b3c    0000000c     car_state.o (.text.CarState_Get)
                  00010b48    0000000c     car_state.o (.text.CarState_Init)
                  00010b54    0000000c     car_state.o (.text.CarState_Set)
                  00010b60    0000000c     emergency_stop.o (.text.EmergencyStop_Init)
                  00010b6c    0000000c     emergency_stop.o (.text.EmergencyStop_IsActive)
                  00010b78    0000000c     gimbal_vision_adapter.o (.text.GimbalVisionAdapter_GetObservation)
                  00010b84    0000000c     gimbal.o (.text.Gimbal_Tick100us)
                  00010b90    0000000c     gimbal.o (.text.Gimbal_Update5ms)
                  00010b9c    0000000c     imu.o (.text.Imu_GetCorrectedGyroZDps)
                  00010ba8    0000000c     imu.o (.text.Imu_GetYaw)
                  00010bb4    0000000c     menu.o (.text.Menu_GetPage)
                  00010bc0    0000000c     menu.o (.text.Menu_GetParamItem)
                  00010bcc    0000000c     mission_manager.o (.text.MissionManager_IsExternallyHeld)
                  00010bd8    0000000c     mission_manager.o (.text.MissionManager_SetExternalHold)
                  00010be4    0000000c     obstacle_avoidance.o (.text.ObstacleAvoidance_IsActive)
                  00010bf0    0000000c     obstacle_avoidance.o (.text.ObstacleAvoidance_IsFailed)
                  00010bfc    0000000c     obstacle_safety.o (.text.ObstacleSafety_IsHolding)
                  00010c08    0000000c     oled_ui.o (.text.OledUi_Init)
                  00010c14    0000000c     empty.o (.text.SystemTime_GetMs)
                  00010c20    0000000c     watchdog_monitor.o (.text.WatchdogMonitor_HasTripped)
                  00010c2c    0000000c     libclang_rt.builtins.a : aeabi_memset.S.obj (.text.__aeabi_memclr)
                  00010c38    0000000a     driverlib.a : dl_common.o (.text.DL_Common_delayCycles)
                  00010c42    0000000a     track_sensor.o (.text.TrackSensor_IsCenterDetected)
                  00010c4c    0000000a     track_sensor.o (.text.TrackSensor_IsLineDetected)
                  00010c56    0000000a     track_sensor.o (.text.TrackSensor_IsLineLost)
                  00010c60    00000008     car_controller.o (.text.CarController_GetFeedback)
                  00010c68    00000008     fault.o (.text.Fault_GetRecord)
                  00010c70    00000008     gimbal_stepper.o (.text.GimbalStepper_GetFeedback)
                  00010c78    00000008     gimbal_vision_adapter.o (.text.GimbalVisionAdapter_GetFeedback)
                  00010c80    00000008     gimbal.o (.text.Gimbal_PitchStopTrackingHold)
                  00010c88    00000008     heading_control.o (.text.HeadingControl_GetRuntime)
                  00010c90    00000008     imu.o (.text.Imu_GetRuntime)
                  00010c98    00000008     line_controller.o (.text.LineController_GetRuntime)
                  00010ca0    00000008     mission_manager.o (.text.MissionManager_GetMissionCount)
                  00010ca8    00000008     mission_manager.o (.text.MissionManager_GetRuntime)
                  00010cb0    00000008     motion_action.o (.text.MotionAction_GetRuntime)
                  00010cb8    00000008     motor_control.o (.text.MotorControl_GetRuntime)
                  00010cc0    00000008     obstacle_avoidance.o (.text.ObstacleAvoidance_GetFeedback)
                  00010cc8    00000008     obstacle_monitor.o (.text.ObstacleMonitor_GetFeedback)
                  00010cd0    00000008     servo.o (.text.Servo_GetFeedback)
                  00010cd8    00000008     ultrasonic.o (.text.Ultrasonic_GetFeedback)
                  00010ce0    00000008     vision_pitch_tuning.o (.text.VisionPitchTuning_GetStatus)
                  00010ce8    00000008     vision_receiver.o (.text.VisionReceiver_GetObservation)
                  00010cf0    00000008     vision_receiver.o (.text.VisionReceiver_GetStatus)
                  00010cf8    00000008     vision_tuning_console.o (.text.VisionTuningConsole_GetStatus)
                  00010d00    00000008     watchdog_monitor.o (.text.WatchdogMonitor_GetStatus)
                  00010d08    00000008     wheel_speed_estimator.o (.text.WheelSpeedEstimator_GetRuntime)
                  00010d10    00000008     libclang_rt.builtins.a : aeabi_memcpy.S.obj (.text.__aeabi_memcpy)
                  00010d18    00000008                            : aeabi_memmove.S.obj (.text.__aeabi_memmove)
                  00010d20    00000006     libc.a : exit.c.obj (.text:abort)
                  00010d26    00000004     libsysbm.a : hostexit.c.obj (.text.HOSTexit)
                  00010d2a    00000004     mission_library.o (.text.MissionLibrary_GetCount)
                  00010d2e    00000004     startup_mspm0g350x_ticlang.o (.text.Reset_Handler)
                  00010d32    00000002     --HOLE-- [fill = 0]
                  00010d34    00000010     libc.a : boot_cortex_m.c.obj (.tramp._c_int00_noargs.1)
                  00010d44    00000004            : pre_init.c.obj (.text._system_pre_init)
                  00010d48    00000008     --HOLE-- [fill = 0]

.cinit     0    000118f8    00000030     
                  000118f8    0000000c     (__TI_handler_table)
                  00011904    00000008     (.cinit..bss.load) [load image, compression = zero_init]
                  0001190c    00000005     (.cinit..data.load) [load image, compression = lzss]
                  00011911    00000003     --HOLE-- [fill = 0]
                  00011914    00000010     (__TI_cinit_table)
                  00011924    00000004     --HOLE-- [fill = 0]

.rodata    0    00010d50    00000ba8     
                  00010d50    000000d8     oled.o (.rodata..Lswitch.table.OLED_PrintChar)
                  00010e28    000000a8     mission_library.o (.rodata.g_missionMapA)
                  00010ed0    000000a8     mission_library.o (.rodata.g_missionMapB)
                  00010f78    00000080     mission_library.o (.rodata.g_missionRegistry)
                  00010ff8    00000078     mission_library.o (.rodata.g_missionMapC)
                  00011070    00000078     mission_library.o (.rodata.g_missionTestRight90Turn)
                  000110e8    00000060     mission_library.o (.rodata.g_missionTestYawHeading)
                  00011148    00000048     mission_library.o (.rodata.g_missionTestObstacleFixed)
                  00011190    00000048     mission_library.o (.rodata.g_missionTestSeekThenFollow)
                  000111d8    00000048     mission_library.o (.rodata.g_missionTestStopOnly)
                  00011220    00000034     mission_library.o (.rodata..Lswitch.table.MissionLibrary_FindById)
                  00011254    00000030     oled_ui.o (.rodata..Lswitch.table.OledUi_Update_20ms.184)
                  00011284    00000024     menu.o (.rodata..Lswitch.table.Menu_ParamItemToString)
                  000112a8    00000024     oled_ui.o (.rodata..Lswitch.table.OledUi_Update_20ms.188)
                  000112cc    00000024     oled_ui.o (.rodata..Lswitch.table.OledUi_Update_20ms.190)
                  000112f0    00000020     oled_ui.o (.rodata..Lswitch.table.OledUi_Update_20ms.189)
                  00011310    0000001c     car_controller.o (.rodata..Lswitch.table.CarController_RunModeToString)
                  0001132c    0000001c     vision_tuning_console.o (.rodata.str1.1836208005852235077.1)
                  00011348    00000018     oled_ui.o (.rodata..Lswitch.table.OledUi_Update_20ms.191)
                  00011360    00000018     vision_pitch_tuning.o (.rodata..Lswitch.table.VisionPitchTuning_ParamName)
                  00011378    00000014     vision_yaw_tuning.o (.rodata..Lswitch.table.VisionYawTuning_ParamName)
                  0001138c    0000000e     oled_ui.o (.rodata.str1.10416366799939242409.1)
                  0001139a    00000002     ti_msp_dl_config.o (.rodata.gUART_VISIONClockConfig)
                  0001139c    0000000c     oled_ui.o (.rodata..Lswitch.table.OledUi_Update_20ms.183)
                  000113a8    0000000c     oled_ui.o (.rodata..Lswitch.table.OledUi_Update_20ms.185)
                  000113b4    0000000c     oled_ui.o (.rodata..Lswitch.table.OledUi_Update_20ms)
                  000113c0    0000000b     mission_library.o (.rodata.str1.1440970855772709381.1)
                  000113cb    0000000b     mission_library.o (.rodata.str1.199678142196697465.1)
                  000113d6    0000000a     menu.o (.rodata..Lswitch.table.Menu_HandleKeyEvent)
                  000113e0    0000000a     ti_msp_dl_config.o (.rodata.gUART_VISIONConfig)
                  000113ea    0000000a     mission_library.o (.rodata.str1.11682660667400632204.1)
                  000113f4    0000000a     vision_tuning_console.o (.rodata.str1.4859846923128959820.1)
                  000113fe    0000000a     vision_tuning_console.o (.rodata.str1.7225688704195888286.1)
                  00011408    00000009     mission_library.o (.rodata.str1.13636476544574750902.1)
                  00011411    00000009     oled_ui.o (.rodata.str1.9611283282870761829.1)
                  0001141a    00000002     oled_ui.o (.rodata.str1.13271657277589579873.1)
                  0001141c    00000008     ti_msp_dl_config.o (.rodata.gPWM_MOTORConfig)
                  00011424    00000008     vision_tuning_console.o (.rodata.str1.11718269490974306969.1)
                  0001142c    00000008     oled_ui.o (.rodata.str1.13871579367539052597.1)
                  00011434    00000008     oled_ui.o (.rodata.str1.14711868471336838103.1)
                  0001143c    00000008     mission_library.o (.rodata.str1.15668266851434757964.1)
                  00011444    00000008     oled_ui.o (.rodata.str1.16931641404301806744.1)
                  0001144c    00000008     vision_tuning_console.o (.rodata.str1.3293472937029561918.1)
                  00011454    00000008     oled_ui.o (.rodata.str1.5004483696121082904.1)
                  0001145c    00000008     oled_ui.o (.rodata.str1.763101100280173925.1)
                  00011464    00000007     vision_tuning_console.o (.rodata.str1.10860306953068020798.1)
                  0001146b    00000007     oled_ui.o (.rodata.str1.11388022865931857840.1)
                  00011472    00000007     oled_ui.o (.rodata.str1.12504350857748951577.1)
                  00011479    00000007     oled_ui.o (.rodata.str1.13882251010780863896.1)
                  00011480    00000007     oled_ui.o (.rodata.str1.17540787658903907660.1)
                  00011487    00000007     oled_ui.o (.rodata.str1.2308938766145545715.1)
                  0001148e    00000007     oled_ui.o (.rodata.str1.4402311448527872260.1)
                  00011495    00000007     oled_ui.o (.rodata.str1.8783421139296713095.1)
                  0001149c    00000006     vision_tuning_console.o (.rodata.str1.10319329813075420582.1)
                  000114a2    00000006     oled_ui.o (.rodata.str1.11614055506586029288.1)
                  000114a8    00000006     oled_ui.o (.rodata.str1.13567883086814673087.1)
                  000114ae    00000006     oled_ui.o (.rodata.str1.1445687256832830955.1)
                  000114b4    00000006     mission_library.o (.rodata.str1.15604890807705439409.1)
                  000114ba    00000006     oled_ui.o (.rodata.str1.15802367878353263018.1)
                  000114c0    00000006     mission_library.o (.rodata.str1.1642528554392422750.1)
                  000114c6    00000006     oled_ui.o (.rodata.str1.18128648927899109887.1)
                  000114cc    00000006     oled_ui.o (.rodata.str1.18266126048138325213.1)
                  000114d2    00000006     oled_ui.o (.rodata.str1.2522137003438374266.1)
                  000114d8    00000006     oled_ui.o (.rodata.str1.270145429241168923.1)
                  000114de    00000006     vision_tuning_console.o (.rodata.str1.4028100529439820245.1)
                  000114e4    00000006     mission_library.o (.rodata.str1.4392264057376583881.1)
                  000114ea    00000006     oled_ui.o (.rodata.str1.5689016102676777062.1)
                  000114f0    00000006     oled_ui.o (.rodata.str1.7205245123442117851.1)
                  000114f6    00000006     oled_ui.o (.rodata.str1.8950259614286592359.1)
                  000114fc    00000006     oled_ui.o (.rodata.str1.9044019526854345694.1)
                  00011502    00000006     oled_ui.o (.rodata.str1.9584387800903135389.1)
                  00011508    00000005     oled.o (.rodata.oled_get_glyph.colon)
                  0001150d    00000005     oled.o (.rodata.oled_get_glyph.eight)
                  00011512    00000005     oled.o (.rodata.oled_get_glyph.five)
                  00011517    00000005     oled.o (.rodata.oled_get_glyph.four)
                  0001151c    00000005     oled.o (.rodata.oled_get_glyph.glyphA)
                  00011521    00000005     oled.o (.rodata.oled_get_glyph.glyphB)
                  00011526    00000005     oled.o (.rodata.oled_get_glyph.glyphC)
                  0001152b    00000005     oled.o (.rodata.oled_get_glyph.glyphD)
                  00011530    00000005     oled.o (.rodata.oled_get_glyph.glyphE)
                  00011535    00000005     oled.o (.rodata.oled_get_glyph.glyphG)
                  0001153a    00000005     oled.o (.rodata.oled_get_glyph.glyphH)
                  0001153f    00000005     oled.o (.rodata.oled_get_glyph.glyphI)
                  00011544    00000005     oled.o (.rodata.oled_get_glyph.glyphK)
                  00011549    00000005     oled.o (.rodata.oled_get_glyph.glyphL)
                  0001154e    00000005     oled.o (.rodata.oled_get_glyph.glyphM)
                  00011553    00000005     oled.o (.rodata.oled_get_glyph.glyphN)
                  00011558    00000005     oled.o (.rodata.oled_get_glyph.glyphO)
                  0001155d    00000005     oled.o (.rodata.oled_get_glyph.glyphP)
                  00011562    00000005     oled.o (.rodata.oled_get_glyph.glyphR)
                  00011567    00000005     oled.o (.rodata.oled_get_glyph.glyphS)
                  0001156c    00000005     oled.o (.rodata.oled_get_glyph.glyphT)
                  00011571    00000005     oled.o (.rodata.oled_get_glyph.glyphU)
                  00011576    00000005     oled.o (.rodata.oled_get_glyph.glyphV)
                  0001157b    00000005     oled.o (.rodata.oled_get_glyph.glyphW)
                  00011580    00000005     oled.o (.rodata.oled_get_glyph.glyphX)
                  00011585    00000005     oled.o (.rodata.oled_get_glyph.glyphY)
                  0001158a    00000005     oled.o (.rodata.oled_get_glyph.glyphb)
                  0001158f    00000005     oled.o (.rodata.oled_get_glyph.gt)
                  00011594    00000005     oled.o (.rodata.oled_get_glyph.minus)
                  00011599    00000005     oled.o (.rodata.oled_get_glyph.nine)
                  0001159e    00000005     oled.o (.rodata.oled_get_glyph.one)
                  000115a3    00000005     oled.o (.rodata.oled_get_glyph.seven)
                  000115a8    00000005     oled.o (.rodata.oled_get_glyph.six)
                  000115ad    00000005     oled.o (.rodata.oled_get_glyph.space)
                  000115b2    00000005     oled.o (.rodata.oled_get_glyph.three)
                  000115b7    00000005     oled.o (.rodata.oled_get_glyph.two)
                  000115bc    00000005     oled.o (.rodata.oled_get_glyph.zero)
                  000115c1    00000005     oled_ui.o (.rodata.str1.10430294223631918979.1)
                  000115c6    00000005     oled_ui.o (.rodata.str1.10600688730180713177.1)
                  000115cb    00000005     oled_ui.o (.rodata.str1.11428648044669318875.1)
                  000115d0    00000005     oled_ui.o (.rodata.str1.12447783896598192203.1)
                  000115d5    00000005     oled_ui.o (.rodata.str1.1276391367487699528.1)
                  000115da    00000005     oled_ui.o (.rodata.str1.13790669171379415506.1)
                  000115df    00000005     oled_ui.o (.rodata.str1.13892659840332223045.1)
                  000115e4    00000005     vision_pitch_tuning.o (.rodata.str1.13915893147848268398.1)
                  000115e9    00000005     oled_ui.o (.rodata.str1.14142815821055334776.1)
                  000115ee    00000005     oled_ui.o (.rodata.str1.14168333168339663346.1)
                  000115f3    00000005     fault.o (.rodata.str1.14435905801345341244.1)
                  000115f8    00000005     fault.o (.rodata.str1.1506612114648992996.1)
                  000115fd    00000005     oled_ui.o (.rodata.str1.15817398807211891688.1)
                  00011602    00000005     oled_ui.o (.rodata.str1.15917848551323629232.1)
                  00011607    00000005     oled_ui.o (.rodata.str1.16411631209783952401.1)
                  0001160c    00000005     oled_ui.o (.rodata.str1.16496169091617228061.1)
                  00011611    00000005     car_controller.o (.rodata.str1.1652194605229746967.1)
                  00011616    00000005     oled_ui.o (.rodata.str1.16895433903389883335.1)
                  0001161b    00000005     fault.o (.rodata.str1.17097894860660336008.1)
                  00011620    00000005     fault.o (.rodata.str1.17155043670132108083.1)
                  00011625    00000005     vision_tuning_console.o (.rodata.str1.17265544270347038021.1)
                  0001162a    00000005     oled_ui.o (.rodata.str1.17747339173178619492.1)
                  0001162f    00000005     oled_ui.o (.rodata.str1.17763087492223448992.1)
                  00011634    00000005     oled_ui.o (.rodata.str1.18190418239766617312.1)
                  00011639    00000005     fault.o (.rodata.str1.2104670281202025270.1)
                  0001163e    00000005     oled_ui.o (.rodata.str1.2608729314174233125.1)
                  00011643    00000005     oled_ui.o (.rodata.str1.2656948373757303877.1)
                  00011648    00000005     oled_ui.o (.rodata.str1.2983744876309220570.1)
                  0001164d    00000005     oled_ui.o (.rodata.str1.3407221357956504873.1)
                  00011652    00000005     oled_ui.o (.rodata.str1.3467953211977455017.1)
                  00011657    00000005     oled_ui.o (.rodata.str1.3702290527496711532.1)
                  0001165c    00000005     car_controller.o (.rodata.str1.4164979912472006574.1)
                  00011661    00000005     oled_ui.o (.rodata.str1.4193589846040060630.1)
                  00011666    00000005     fault.o (.rodata.str1.4453281041433270631.1)
                  0001166b    00000005     fault.o (.rodata.str1.4549004730087743662.1)
                  00011670    00000005     oled_ui.o (.rodata.str1.4581472623415959594.1)
                  00011675    00000005     oled_ui.o (.rodata.str1.4582914374586912483.1)
                  0001167a    00000005     oled_ui.o (.rodata.str1.4610220316623841660.1)
                  0001167f    00000005     oled_ui.o (.rodata.str1.4691821198597473371.1)
                  00011684    00000005     menu.o (.rodata.str1.4862307748908978627.1)
                  00011689    00000005     oled_ui.o (.rodata.str1.58703915094955230.1)
                  0001168e    00000005     fault.o (.rodata.str1.6372787129294360447.1)
                  00011693    00000005     fault.o (.rodata.str1.6437946768974223044.1)
                  00011698    00000005     oled_ui.o (.rodata.str1.6806727740681590176.1)
                  0001169d    00000005     oled_ui.o (.rodata.str1.7185587941321649510.1)
                  000116a2    00000005     oled_ui.o (.rodata.str1.7219546930854689545.1)
                  000116a7    00000005     oled_ui.o (.rodata.str1.7419768602719733415.1)
                  000116ac    00000005     vision_yaw_tuning.o (.rodata.str1.7764041101441114269.1)
                  000116b1    00000005     oled_ui.o (.rodata.str1.8124536758062367015.1)
                  000116b6    00000005     fault.o (.rodata.str1.8185770893384132067.1)
                  000116bb    00000005     oled_ui.o (.rodata.str1.8403269972884532600.1)
                  000116c0    00000005     oled_ui.o (.rodata.str1.8426569189266129334.1)
                  000116c5    00000005     oled_ui.o (.rodata.str1.8460525935980491721.1)
                  000116ca    00000005     oled_ui.o (.rodata.str1.8471462185882660445.1)
                  000116cf    00000005     oled_ui.o (.rodata.str1.8693388333057100694.1)
                  000116d4    00000005     car_controller.o (.rodata.str1.9234375891235759983.1)
                  000116d9    00000005     oled_ui.o (.rodata.str1.9295666102996717355.1)
                  000116de    00000005     car_controller.o (.rodata.str1.9981487771679760427.1)
                  000116e3    00000004     oled_ui.o (.rodata.str1.10163600690795753232.1)
                  000116e7    00000004     oled_ui.o (.rodata.str1.1019225241002246410.1)
                  000116eb    00000004     oled_ui.o (.rodata.str1.10568433575767188072.1)
                  000116ef    00000004     oled_ui.o (.rodata.str1.10907125332684471422.1)
                  000116f3    00000004     oled_ui.o (.rodata.str1.11149198520117834688.1)
                  000116f7    00000004     oled_ui.o (.rodata.str1.11232419324784801130.1)
                  000116fb    00000004     oled_ui.o (.rodata.str1.11627403558423016802.1)
                  000116ff    00000004     oled_ui.o (.rodata.str1.11794000050372113979.1)
                  00011703    00000004     oled_ui.o (.rodata.str1.12043213579996415112.1)
                  00011707    00000004     menu.o (.rodata.str1.12110183915172842339.1)
                  0001170b    00000004     oled_ui.o (.rodata.str1.12359577037488465078.1)
                  0001170f    00000004     car_controller.o (.rodata.str1.12442237994239546032.1)
                  00011713    00000004     oled_ui.o (.rodata.str1.12493748764729730277.1)
                  00011717    00000004     oled_ui.o (.rodata.str1.12595606217184830646.1)
                  0001171b    00000004     oled_ui.o (.rodata.str1.12617122458660443890.1)
                  0001171f    00000004     oled_ui.o (.rodata.str1.12697925274637991987.1)
                  00011723    00000004     oled_ui.o (.rodata.str1.12928245060369742404.1)
                  00011727    00000004     oled_ui.o (.rodata.str1.12983537867572525563.1)
                  0001172b    00000004     oled_ui.o (.rodata.str1.130772507669342127.1)
                  0001172f    00000004     menu.o (.rodata.str1.13124720451672825294.1)
                  00011733    00000004     oled_ui.o (.rodata.str1.13244290092665904221.1)
                  00011737    00000004     fault.o (.rodata.str1.13582094816268305212.1)
                  0001173b    00000004     oled_ui.o (.rodata.str1.13750180467131823662.1)
                  0001173f    00000004     vision_tuning_console.o (.rodata.str1.14084955404328172175.1)
                  00011743    00000004     menu.o (.rodata.str1.14098755746347272832.1)
                  00011747    00000004     oled_ui.o (.rodata.str1.14134189893851348960.1)
                  0001174b    00000004     oled_ui.o (.rodata.str1.14265077442249237877.1)
                  0001174f    00000004     oled_ui.o (.rodata.str1.14358698208395374265.1)
                  00011753    00000004     oled_ui.o (.rodata.str1.14521350379984854626.1)
                  00011757    00000004     oled_ui.o (.rodata.str1.14556837007311414654.1)
                  0001175b    00000004     oled_ui.o (.rodata.str1.14774750633985060196.1)
                  0001175f    00000004     oled_ui.o (.rodata.str1.15008238333949226094.1)
                  00011763    00000004     oled_ui.o (.rodata.str1.15132332204781002199.1)
                  00011767    00000004     oled_ui.o (.rodata.str1.15575624326185233262.1)
                  0001176b    00000004     oled_ui.o (.rodata.str1.15577080202403550426.1)
                  0001176f    00000004     oled_ui.o (.rodata.str1.15613891207764622616.1)
                  00011773    00000004     oled_ui.o (.rodata.str1.15829239520183577662.1)
                  00011777    00000004     oled_ui.o (.rodata.str1.15935041339501476673.1)
                  0001177b    00000004     oled_ui.o (.rodata.str1.16290499236105125126.1)
                  0001177f    00000004     fault.o (.rodata.str1.16482347271627360806.1)
                  00011783    00000004     vision_pitch_tuning.o (.rodata.str1.16579632732967443104.1)
                  00011787    00000004     oled_ui.o (.rodata.str1.16849766574302683489.1)
                  0001178b    00000004     menu.o (.rodata.str1.17041139162815566052.1)
                  0001178f    00000004     oled_ui.o (.rodata.str1.17067061841413117831.1)
                  00011793    00000004     car_controller.o (.rodata.str1.17172356789460551389.1)
                  00011797    00000004     oled_ui.o (.rodata.str1.17274519358952562110.1)
                  0001179b    00000004     oled_ui.o (.rodata.str1.17436941090773226089.1)
                  0001179f    00000004     oled_ui.o (.rodata.str1.17464849429964608858.1)
                  000117a3    00000004     oled_ui.o (.rodata.str1.17719310104486814868.1)
                  000117a7    00000004     oled_ui.o (.rodata.str1.17884296644359297425.1)
                  000117ab    00000004     car_controller.o (.rodata.str1.18191498530309206443.1)
                  000117af    00000004     oled_ui.o (.rodata.str1.18379317056176403938.1)
                  000117b3    00000004     oled_ui.o (.rodata.str1.1974573040514735405.1)
                  000117b7    00000004     oled_ui.o (.rodata.str1.2002540315216928218.1)
                  000117bb    00000004     oled_ui.o (.rodata.str1.2193316011307952170.1)
                  000117bf    00000004     oled_ui.o (.rodata.str1.240075016795266086.1)
                  000117c3    00000004     oled_ui.o (.rodata.str1.2603845803395459882.1)
                  000117c7    00000004     oled_ui.o (.rodata.str1.4082595774073207366.1)
                  000117cb    00000004     oled_ui.o (.rodata.str1.4551794666512319153.1)
                  000117cf    00000004     oled_ui.o (.rodata.str1.4581686099848791648.1)
                  000117d3    00000004     oled_ui.o (.rodata.str1.4932371652560868037.1)
                  000117d7    00000004     menu.o (.rodata.str1.5155000645726596423.1)
                  000117db    00000004     oled_ui.o (.rodata.str1.5291836437463020264.1)
                  000117df    00000004     oled_ui.o (.rodata.str1.5376340479846291137.1)
                  000117e3    00000004     oled_ui.o (.rodata.str1.5463568455719735.1)
                  000117e7    00000004     oled_ui.o (.rodata.str1.5853739094453432564.1)
                  000117eb    00000004     oled_ui.o (.rodata.str1.5965450730569173784.1)
                  000117ef    00000004     oled_ui.o (.rodata.str1.5965888106848176421.1)
                  000117f3    00000004     oled_ui.o (.rodata.str1.6350830172869379626.1)
                  000117f7    00000004     oled_ui.o (.rodata.str1.6398192001994169976.1)
                  000117fb    00000004     oled_ui.o (.rodata.str1.6473435968988645044.1)
                  000117ff    00000004     car_controller.o (.rodata.str1.702403006289709404.1)
                  00011803    00000004     oled_ui.o (.rodata.str1.7050595558965647569.1)
                  00011807    00000004     fault.o (.rodata.str1.7255546073596598018.1)
                  0001180b    00000004     oled_ui.o (.rodata.str1.7481335054564682966.1)
                  0001180f    00000004     oled_ui.o (.rodata.str1.799718701096035713.1)
                  00011813    00000004     oled_ui.o (.rodata.str1.8018480777946742726.1)
                  00011817    00000004     oled_ui.o (.rodata.str1.8236579331345056500.1)
                  0001181b    00000004     oled_ui.o (.rodata.str1.8449035241871861290.1)
                  0001181f    00000004     oled_ui.o (.rodata.str1.8703997732205428909.1)
                  00011823    00000004     oled_ui.o (.rodata.str1.8709745090823444516.1)
                  00011827    00000004     oled_ui.o (.rodata.str1.9102528229756940648.1)
                  0001182b    00000004     oled_ui.o (.rodata.str1.9159586779647977165.1)
                  0001182f    00000004     oled_ui.o (.rodata.str1.9250665025187963892.1)
                  00011833    00000004     vision_tuning_console.o (.rodata.str1.9292707793305368794.1)
                  00011837    00000004     oled_ui.o (.rodata.str1.9351772214919528733.1)
                  0001183b    00000004     vision_yaw_tuning.o (.rodata.str1.9489746196023004463.1)
                  0001183f    00000004     menu.o (.rodata.str1.9546740394641817443.1)
                  00011843    00000004     oled_ui.o (.rodata.str1.9646571805098343045.1)
                  00011847    00000004     oled_ui.o (.rodata.str1.967006512144173535.1)
                  0001184b    00000004     oled_ui.o (.rodata.str1.9822857334037886482.1)
                  0001184f    00000004     oled_ui.o (.rodata.str1.9854382722193312766.1)
                  00011853    00000004     oled_ui.o (.rodata.str1.9992244628984851027.1)
                  00011857    00000003     ti_msp_dl_config.o (.rodata.gPWM_MOTORClockConfig)
                  0001185a    00000003     oled_ui.o (.rodata.str1.10077435089618835710.1)
                  0001185d    00000003     oled_ui.o (.rodata.str1.10263419832828250601.1)
                  00011860    00000003     oled_ui.o (.rodata.str1.10509309789429088155.1)
                  00011863    00000003     vision_pitch_tuning.o (.rodata.str1.10553819018306626402.1)
                  00011866    00000003     oled_ui.o (.rodata.str1.1108652269057166745.1)
                  00011869    00000003     oled_ui.o (.rodata.str1.11178346780556493352.1)
                  0001186c    00000003     oled_ui.o (.rodata.str1.12182588061437138428.1)
                  0001186f    00000003     vision_tuning_console.o (.rodata.str1.12197883643583142124.1)
                  00011872    00000003     oled_ui.o (.rodata.str1.12571791089077708471.1)
                  00011875    00000003     oled_ui.o (.rodata.str1.12888220461447056082.1)
                  00011878    00000003     oled_ui.o (.rodata.str1.13875148296791986931.1)
                  0001187b    00000003     oled_ui.o (.rodata.str1.14740362735394205067.1)
                  0001187e    00000003     vision_pitch_tuning.o (.rodata.str1.15082469624955958926.1)
                  00011881    00000003     vision_yaw_tuning.o (.rodata.str1.15455206247194842411.1)
                  00011884    00000003     oled_ui.o (.rodata.str1.15859922799842739878.1)
                  00011887    00000003     menu.o (.rodata.str1.16312125044762562515.1)
                  0001188a    00000003     vision_tuning_console.o (.rodata.str1.16336339630363933256.1)
                  0001188d    00000003     oled_ui.o (.rodata.str1.16526439943277383452.1)
                  00011890    00000003     oled_ui.o (.rodata.str1.16554583589798097927.1)
                  00011893    00000003     oled_ui.o (.rodata.str1.16635595130967924751.1)
                  00011896    00000003     oled_ui.o (.rodata.str1.16939060351352778619.1)
                  00011899    00000003     vision_pitch_tuning.o (.rodata.str1.17185918124541117546.1)
                  0001189c    00000003     oled_ui.o (.rodata.str1.17242430504649735449.1)
                  0001189f    00000003     oled_ui.o (.rodata.str1.17717236995185551183.1)
                  000118a2    00000003     oled_ui.o (.rodata.str1.17763996158807330232.1)
                  000118a5    00000003     oled_ui.o (.rodata.str1.17812014771544466701.1)
                  000118a8    00000003     oled_ui.o (.rodata.str1.17881291656140238186.1)
                  000118ab    00000003     oled_ui.o (.rodata.str1.182352409660151230.1)
                  000118ae    00000003     vision_pitch_tuning.o (.rodata.str1.18308346119964257230.1)
                  000118b1    00000003     vision_pitch_tuning.o (.rodata.str1.2353024170771920291.1)
                  000118b4    00000003     oled_ui.o (.rodata.str1.2714695401222167146.1)
                  000118b7    00000003     oled_ui.o (.rodata.str1.2742282290834473644.1)
                  000118ba    00000003     oled_ui.o (.rodata.str1.3025253791635144717.1)
                  000118bd    00000003     oled_ui.o (.rodata.str1.344790106308886506.1)
                  000118c0    00000003     oled_ui.o (.rodata.str1.3455423528827705371.1)
                  000118c3    00000003     oled_ui.o (.rodata.str1.35417727660486075.1)
                  000118c6    00000003     vision_yaw_tuning.o (.rodata.str1.4032468970572441659.1)
                  000118c9    00000003     menu.o (.rodata.str1.4646809750356241979.1)
                  000118cc    00000003     vision_yaw_tuning.o (.rodata.str1.6393086909333857079.1)
                  000118cf    00000003     vision_yaw_tuning.o (.rodata.str1.6657421771701333087.1)
                  000118d2    00000003     oled_ui.o (.rodata.str1.6744096065564390185.1)
                  000118d5    00000003     oled_ui.o (.rodata.str1.6835749436006845616.1)
                  000118d8    00000003     menu.o (.rodata.str1.6857549598058878762.1)
                  000118db    00000003     oled_ui.o (.rodata.str1.6954814719705590448.1)
                  000118de    00000003     oled_ui.o (.rodata.str1.7774807581888385879.1)
                  000118e1    00000003     fault.o (.rodata.str1.8193046109637024842.1)
                  000118e4    00000003     oled_ui.o (.rodata.str1.9229350655415085.1)
                  000118e7    00000003     oled_ui.o (.rodata.str1.9544068167406571052.1)
                  000118ea    00000003     oled_ui.o (.rodata.str1.9554470707595806150.1)
                  000118ed    00000002     oled_ui.o (.rodata.str1.14132186318895045592.1)
                  000118ef    00000002     oled_ui.o (.rodata.str1.4723632947289500520.1)
                  000118f1    00000002     oled_ui.o (.rodata.str1.8399051469953744892.1)
                  000118f3    00000002     oled_ui.o (.rodata.str1.9135818829835424837.1)
                  000118f5    00000003     --HOLE-- [fill = 0]

.init_array 
*          0    00000000    00000000     UNINITIALIZED

.binit     0    00000000    00000000     

.bss       0    20200000    00000d31     UNINITIALIZED
                  20200000    00000200     vision_receiver.o (.bss.g_ring)
                  20200200    000001a0     runtime_snapshot.o (.bss.g_snapshot)
                  202003a0    00000100     vision_tuning_console.o (.bss.g_rxRing)
                  202004a0    00000100     vision_tuning_console.o (.bss.g_txRing)
                  202005a0    000000dc     (.common:g_appConfig)
                  2020067c    00000084     (.common:g_imuRuntime)
                  20200700    0000007c     motor_control.o (.bss.g_runtime)
                  2020077c    00000058     vision_receiver.o (.bss.g_status)
                  202007d4    00000004     imu.o (.bss.g_elapsedSinceValidSampleMs)
                  202007d8    00000058     (.common:g_wheelSpeedEstimatorRuntime)
                  20200830    00000048     gimbal_vision_adapter.o (.bss.g_feedback)
                  20200878    00000040     gimbal.o (.bss.g_feedback)
                  202008b8    00000040     vision_tuning_console.o (.bss.g_line)
                  202008f8    00000040     line_controller.o (.bss.g_lineRuntime)
                  20200938    00000040     gimbal.o (.bss.g_pitchFeedback)
                  20200978    00000040     (.common:g_appRuntime)
                  202009b8    00000030     (.common:gUART_VISIONBackup)
                  202009e8    0000002c     vision_receiver.o (.bss.g_observation)
                  20200a14    0000002c     empty.o (.bss.g_schedulerStats)
                  20200a40    00000028     gimbal_tracker.o (.bss.g_feedback)
                  20200a68    00000028     vision_receiver.o (.bss.g_frame)
                  20200a90    00000024     gimbal_vision_yaw_tracker.o (.bss.g_feedback)
                  20200ab4    00000020     mission_manager.o (.bss.g_missionRuntime)
                  20200ad4    00000018     obstacle_avoidance.o (.bss.g_avoidFeedback)
                  20200aec    00000004     gimbal_tracker.o (.bss.g_filteredErrorX)
                  20200af0    00000018     gimbal_stepper.o (.bss.g_feedback)
                  20200b08    00000018     gimbal_vision_pitch_tracker.o (.bss.g_feedback)
                  20200b20    00000018     vision_pitch_tuning.o (.bss.g_status)
                  20200b38    00000018     vision_tuning_console.o (.bss.g_status)
                  20200b50    00000014     motion_action.o (.bss.g_motionActionRuntime)
                  20200b64    00000004     gimbal_tracker.o (.bss.g_filteredErrorY)
                  20200b68    00000014     vision_yaw_tuning.o (.bss.g_status)
                  20200b7c    00000014     watchdog_monitor.o (.bss.g_status)
                  20200b90    00000014     (.common:g_headingRuntime)
                  20200ba4    00000010     fault.o (.bss.g_faultRecord)
                  20200bb4    00000010     motor.o (.bss.g_motorRuntime)
                  20200bc4    0000000e     car_controller.o (.bss.g_carControllerFeedback)
                  20200bd2    00000002     ultrasonic.o (.bss.g_echoTicks)
                  20200bd4    0000000e     ultrasonic.o (.bss.g_ultrasonicFeedback)
                  20200be2    00000002     gimbal.o (.bss.g_pitchHalfPeriodTicks)
                  20200be4    0000000c     gimbal_tracker.o (.bss.g_observation)
                  20200bf0    0000000c     debug_telemetry.o (.bss.g_status)
                  20200bfc    00000008     obstacle_monitor.o (.bss.g_obstacleFeedback)
                  20200c04    00000004     gimbal_vision_adapter.o (.bss.g_lastAcceptedFrameCount)
                  20200c08    00000008     gimbal.o (.bss.g_pitchContinuousDegX10)
                  20200c10    00000008     gimbal.o (.bss.g_pitchEstimatedSteps)
                  20200c18    00000008     gimbal.o (.bss.g_pitchTargetDegX10)
                  20200c20    00000008     gimbal.o (.bss.g_pitchTargetEstimatedSteps)
                  20200c28    00000008     gimbal_stepper.o (.bss.g_stepperEstimatedSteps)
                  20200c30    00000008     gimbal_stepper.o (.bss.g_stepperTargetEstimatedSteps)
                  20200c38    00000008     gimbal.o (.bss.g_yawContinuousDegX10)
                  20200c40    00000008     gimbal.o (.bss.g_yawLockedWorldYawDegX10)
                  20200c48    00000008     gimbal.o (.bss.g_yawTargetContinuousDegX10)
                  20200c50    00000008     gimbal.o (.bss.g_yawWorldTargetDegX10)
                  20200c58    00000008     gimbal.o (.bss.g_yawWrappedDegX10)
                  20200c60    00000006     ultrasonic.o (.bss.g_distanceSamples)
                  20200c66    00000006     key.o (.bss.g_key1)
                  20200c6c    00000006     key.o (.bss.g_key2)
                  20200c72    00000006     key.o (.bss.g_key3)
                  20200c78    00000004     debug_telemetry.o (.bss.g_lastFrameMs)
                  20200c7c    00000004     watchdog_monitor.o (.bss.g_lastTickMs)
                  20200c80    00000004     wheel_speed_estimator.o (.bss.g_latchedErrorFlags)
                  20200c84    00000004     empty.o (.bss.g_localTimeMs)
                  20200c88    00000004     motion_action.o (.bss.g_motionActionStartYawDeg)
                  20200c8c    00000004     encoder.o (.bss.g_motorAPulses)
                  20200c90    00000004     encoder.o (.bss.g_motorBPulses)
                  20200c94    00000004     gimbal.o (.bss.g_pitchCommandedRpm)
                  20200c98    00000004     gimbal.o (.bss.g_pitchCompletedSteps)
                  20200c9c    00000004     gimbal_tracker.o (.bss.g_pitchTargetDeg)
                  20200ca0    00000004     gimbal.o (.bss.g_pitchTargetRpm)
                  20200ca4    00000004     gimbal.o (.bss.g_pitchTrackingTargetRpm)
                  20200ca8    00000004     imu.o (.bss.g_previousValidCorrectedGyroZDps)
                  20200cac    00000004     servo.o (.bss.g_servoFeedback)
                  20200cb0    00000004     gimbal_vision_yaw_tracker.o (.bss.g_sessionId)
                  20200cb4    00000004     gimbal_stepper.o (.bss.g_stepperCompletedSteps)
                  20200cb8    00000004     gimbal_vision_yaw_tracker.o (.bss.g_targetWrappedDeg)
                  20200cbc    00000004     gimbal.o (.bss.g_yawCommandedRpm)
                  20200cc0    00000004     gimbal.o (.bss.g_yawTargetRpm)
                  20200cc4    00000004     gimbal_tracker.o (.bss.g_yawTargetWrappedDeg)
                  20200cc8    00000004     empty.o (.bss.main.lastAppUpdateMs)
                  20200ccc    00000002     gimbal.o (.bss.g_pitchStepHalfPeriodTicks)
                  20200cce    00000002     obstacle_avoidance.o (.bss.g_resumeGraceMs)
                  20200cd0    00000002     vision_receiver.o (.bss.g_ringHead)
                  20200cd2    00000002     vision_receiver.o (.bss.g_ringTail)
                  20200cd4    00000002     vision_tuning_console.o (.bss.g_rxHead)
                  20200cd6    00000002     vision_tuning_console.o (.bss.g_rxTail)
                  20200cd8    00000002     servo.o (.bss.g_servoPwmPhase)
                  20200cda    00000002     ultrasonic.o (.bss.g_stateTicks)
                  20200cdc    00000002     gimbal_stepper.o (.bss.g_stepperHalfPeriodTicks)
                  20200cde    00000002     gimbal_stepper.o (.bss.g_stepperStepHalfPeriodTicks)
                  20200ce0    00000002     vision_tuning_console.o (.bss.g_txHead)
                  20200ce2    00000002     vision_tuning_console.o (.bss.g_txTail)
                  20200ce4    00000002     (.common:g_trackError)
                  20200ce6    00000001     oled_ui.o (.bss.OledUi_Update_20ms.refreshDivider)
                  20200ce7    00000001     empty.o (.bss.SysTick_Handler.controlMsCount)
                  20200ce8    00000001     empty.o (.bss.SysTick_Handler.gimbalMsCount)
                  20200ce9    00000001     empty.o (.bss.SysTick_Handler.tick100usCount)
                  20200cea    00000001     empty.o (.bss.SysTick_Handler.trackerMsCount)
                  20200ceb    00000001     ultrasonic.o (.bss.Ultrasonic_Update_20ms.triggerDivider)
                  20200cec    00000001     empty.o (.bss.g_appUpdatePending)
                  20200ced    00000001     vision_tuning_console.o (.bss.g_capturing)
                  20200cee    00000001     car_state.o (.bss.g_carState)
                  20200cef    00000001     obstacle_monitor.o (.bss.g_centerSettleTicks)
                  20200cf0    00000001     vision_tuning_console.o (.bss.g_commandTarget)
                  20200cf1    00000001     ultrasonic.o (.bss.g_distanceSampleCount)
                  20200cf2    00000001     ultrasonic.o (.bss.g_distanceSampleIndex)
                  20200cf3    00000001     emergency_stop.o (.bss.g_emergencyStopActive)
                  20200cf4    00000001     gimbal_tracker.o (.bss.g_enabled)
                  20200cf5    00000001     gimbal_vision_pitch_tracker.o (.bss.g_enabled)
                  20200cf6    00000001     gimbal_vision_yaw_tracker.o (.bss.g_enabled)
                  20200cf7    00000001     watchdog_monitor.o (.bss.g_faultApplied)
                  20200cf8    00000001     watchdog_monitor.o (.bss.g_faultPending)
                  20200cf9    00000001     gimbal_tracker.o (.bss.g_filterReady)
                  20200cfa    00000001     vision_receiver.o (.bss.g_frameSize)
                  20200cfb    00000001     empty.o (.bss.g_gimbalUpdatePending)
                  20200cfc    00000001     imu.o (.bss.g_integrationHistoryValid)
                  20200cfd    00000001     wheel_speed_estimator.o (.bss.g_leftFilterInitialized)
                  20200cfe    00000001     vision_tuning_console.o (.bss.g_lineSize)
                  20200cff    00000001     obstacle_safety.o (.bss.g_obstacleSafetyHolding)
                  20200d00    00000001     oled.o (.bss.g_oledColumn)
                  20200d01    00000001     menu.o (.bss.g_oledPage)
                  20200d02    00000001     encoder.o (.bss.g_overflowFlags)
                  20200d03    00000001     menu.o (.bss.g_paramItem)
                  20200d04    00000001     menu.o (.bss.g_paramReturnPage)
                  20200d05    00000001     key.o (.bss.g_pendingEvent)
                  20200d06    00000001     gimbal.o (.bss.g_pitchControlMode)
                  20200d07    00000001     gimbal.o (.bss.g_pitchDirection)
                  20200d08    00000001     gimbal.o (.bss.g_pitchInitialized)
                  20200d09    00000001     gimbal.o (.bss.g_pitchLimitClamped)
                  20200d0a    00000001     gimbal.o (.bss.g_pitchLimitDirection)
                  20200d0b    00000001     gimbal.o (.bss.g_pitchPositionValid)
                  20200d0c    00000001     gimbal.o (.bss.g_pitchRunning)
                  20200d0d    00000001     gimbal.o (.bss.g_pitchStepHigh)
                  20200d0e    00000001     gimbal.o (.bss.g_pitchStopAfterStepLow)
                  20200d0f    00000001     vision_tuning_console.o (.bss.g_prefixIndex)
                  20200d10    00000001     vision_tuning_console.o (.bss.g_prefixTarget)
                  20200d11    00000001     wheel_speed_estimator.o (.bss.g_rightFilterInitialized)
                  20200d12    00000001     car_controller.o (.bss.g_safetyHold)
                  20200d13    00000001     gimbal_vision_yaw_tracker.o (.bss.g_sessionInitialized)
                  20200d14    00000001     imu.o (.bss.g_shortGapPending)
                  20200d15    00000001     gimbal_tracker.o (.bss.g_simObservationUpdatesRemaining)
                  20200d16    00000001     obstacle_avoidance.o (.bss.g_stateStarted)
                  20200d17    00000001     gimbal_stepper.o (.bss.g_stepperDirection)
                  20200d18    00000001     gimbal_stepper.o (.bss.g_stepperRunning)
                  20200d19    00000001     gimbal_stepper.o (.bss.g_stepperStepHigh)
                  20200d1a    00000001     gimbal_stepper.o (.bss.g_stepperStopAfterStepLow)
                  20200d1b    00000001     motor_control.o (.bss.g_targetRefreshed)
                  20200d1c    00000001     gimbal_vision_yaw_tracker.o (.bss.g_targetSynced)
                  20200d1d    00000001     gimbal_tracker.o (.bss.g_targetValid)
                  20200d1e    00000001     gimbal_tracker.o (.bss.g_targetsSynced)
                  20200d1f    00000001     empty.o (.bss.g_trackerUpdatePending)
                  20200d20    00000001     gimbal_tracker.o (.bss.g_trackingActive)
                  20200d21    00000001     gimbal_vision_pitch_tracker.o (.bss.g_trackingActive)
                  20200d22    00000001     gimbal_vision_yaw_tracker.o (.bss.g_trackingActive)
                  20200d23    00000001     ultrasonic.o (.bss.g_triggerRequest)
                  20200d24    00000001     ultrasonic.o (.bss.g_ultrasonicState)
                  20200d25    00000001     gimbal.o (.bss.g_yawLimitClamped)
                  20200d26    00000001     gimbal.o (.bss.g_yawLimitDirection)
                  20200d27    00000001     gimbal.o (.bss.g_yawPositionValid)
                  20200d28    00000001     gimbal.o (.bss.g_yawWorldLockEnabled)
                  20200d29    00000001     (.common:g_carStateDebug)
                  20200d2a    00000001     (.common:g_keyEvent)
                  20200d2b    00000001     (.common:g_oledPageDebug)
                  20200d2c    00000001     (.common:g_paramItemDebug)
                  20200d2d    00000001     (.common:g_trackBlackCount)
                  20200d2e    00000001     (.common:g_trackModeDebug)
                  20200d2f    00000001     (.common:g_trackRaw)
                  20200d30    00000001     (.common:g_trackTurnDebug)

.data      0    20200d31    00000001     UNINITIALIZED
                  20200d31    00000001     car_controller.o (.data.g_followTurnPolicy)

.stack     0    20207e00    00000200     UNINITIALIZED
                  20207e00    00000004     libc.a : boot_cortex_m.c.obj (.stack)
                  20207e04    000001fc     --HOLE--

__llvm_prf_cnts 
*          0    20200000    00000000     UNINITIALIZED

__llvm_prf_bits 
*          0    20200000    00000000     UNINITIALIZED

MODULE SUMMARY

       Module                          code    ro data   rw data
       ------                          ----    -------   -------
    .\
       oled_ui.o                       12084   1018      1      
       vision_tuning_console.o         9616    102       613    
       gimbal.o                        5884    0         241    
       imu.o                           4248    0         142    
       car_controller.o                3828    64        80     
       motor_control.o                 2768    0         125    
       oled.o                          2210    401       1      
       gimbal_tracker.o                2288    0         74     
       line_controller.o               2112    0         64     
       vision_receiver.o               1112    0         689    
       gimbal_vision_yaw_tracker.o     1732    0         48     
       app_config.o                    1548    0         220    
       runtime_snapshot.o              1060    0         416    
       wheel_speed_estimator.o         1296    0         94     
       mission_manager.o               1300    0         32     
       mission_library.o               174     1135      0      
       gimbal_stepper.o                1168    0         52     
       motion_action.o                 1156    0         24     
       obstacle_avoidance.o            1138    0         27     
       motor.o                         776     0         16     
       menu.o                          692     84        3      
       empty.o                         676     0         59     
       vision_protocol.o               732     0         0      
       gimbal_vision_pitch_tracker.o   696     0         26     
       ti_msp_dl_config.o              636     23        48     
       ultrasonic.o                    596     0         29     
       key.o                           436     0         19     
       app.o                           410     0         10     
       fault.o                         296     65        16     
       track_sensor.o                  372     0         0      
       vision_pitch_tuning.o           268     48        24     
       watchdog_monitor.o              292     0         26     
       vision_yaw_tuning.o             248     41        20     
       gimbal_vision_adapter.o         228     0         76     
       heading_control.o               280     0         20     
       encoder.o                       276     0         9      
       obstacle_safety.o               264     0         1      
       obstacle_monitor.o              192     0         9      
       startup_mspm0g350x_ticlang.o    6       192       0      
       angle_utils.o                   192     0         0      
       servo.o                         176     0         6      
       emergency_stop.o                176     0         1      
       vision_uart.o                   164     0         0      
       debug_telemetry.o               56      0         16     
       car_state.o                     36      0         1      
    +--+-------------------------------+-------+---------+---------+
       Total:                          65894   3173      3378   
                                                                
    C:/TI/mspm0_sdk_2_05_01_00/source/ti/driverlib/lib/ticlang/m0p/mspm0g1x0x_g3x0x/driverlib.a
       dl_timer.o                      388     0         0      
       dl_uart.o                       90      0         0      
       dl_common.o                     10      0         0      
    +--+-------------------------------+-------+---------+---------+
       Total:                          488     0         0      
                                                                
    D:\TI\CCS\ccs\tools\compiler\ti-cgt-armllvm_4.0.4.LTS\lib\armv6m-ti-none-eabi/c/libc.a
       memcpy16.S.obj                  154     0         0      
       strcmp-armv6m.S.obj             136     0         0      
       copy_decompress_lzss.c.obj      124     0         0      
       memset16.S.obj                  98      0         0      
       autoinit.c.obj                  60      0         0      
       boot_cortex_m.c.obj             56      0         0      
       memmov.c.obj                    40      0         0      
       copy_decompress_none.c.obj      18      0         0      
       copy_zero_init.c.obj            16      0         0      
       exit.c.obj                      6       0         0      
       pre_init.c.obj                  4       0         0      
    +--+-------------------------------+-------+---------+---------+
       Total:                          712     0         0      
                                                                
    D:\TI\CCS\ccs\tools\compiler\ti-cgt-armllvm_4.0.4.LTS\lib\armv6m-ti-none-eabi/c/libsysbm.a
       hostexit.c.obj                  4       0         0      
    +--+-------------------------------+-------+---------+---------+
       Total:                          4       0         0      
                                                                
    D:\TI\CCS\ccs\tools\compiler\ti-cgt-armllvm_4.0.4.LTS\lib\armv6m-ti-none-eabi/libclang_rt.builtins.a
       addsf3.S.obj                    216     0         0      
[...]

address   name                                      
-------   ----                                      
00000000  __TI_ATRegion0_region_sz                  
00000000  __TI_ATRegion0_src_addr                   
00000000  __TI_ATRegion0_trg_addr                   
00000000  __TI_ATRegion1_region_sz                  
00000000  __TI_ATRegion1_src_addr                   
00000000  __TI_ATRegion1_trg_addr                   
00000000  __TI_ATRegion2_region_sz                  
00000000  __TI_ATRegion2_src_addr                   
00000000  __TI_ATRegion2_trg_addr                   
00000000  __TI_static_base__                        
00000000  interruptVectors                          
000000c1  OledUi_Update_20ms                        
00000200  __STACK_SIZE                              
00002f0d  VisionTuningConsole_Process               
00004ce1  LineController_Update                     
000051d1  GimbalTracker_Update                      
0000564d  AppConfig_LimitAll                        
00005ee5  WheelSpeedEstimator_Update                
00006315  RuntimeSnapshot_Update                    
00006721  Imu_Update                                
00006afd  VisionReceiver_Process                    
00006ead  GimbalVisionYawTracker_Update10ms         
00007235  Imu_Init                                  
00007919  ObstacleAvoidance_Update_20ms             
00008501  Gimbal_YawSetWrappedTargetDeg             
00008799  Gimbal_YawUpdate5ms                       
00008a2d  Gimbal_PitchSetTrackingSpeedDegS          
00008cbd  MotorControl_Update                       
00008f49  OLED_Clear                                
000093d5  MotionAction_Update_20ms                  
00009609  Imu_CalibrateGyroBias                     
00009839  GimbalVisionPitchTracker_Update10ms       
00009a61  Motor_SetSpeed                            
00009c65  VisionProtocol_ParseV1TargetFrame         
0000a3d9  AppConfig_InitDefault                     
0000a599  Gimbal_PitchUpdate5ms                     
0000a90d  Ultrasonic_Tick100us                      
0000aaad  GimbalStepper_Tick100us                   
0000ac41  Gimbal_PitchTick100us                     
0000adc1  GimbalStepper_MoveToEstimatedSteps        
0000af3d  Key_Update_20ms                           
0000b0b1  Gimbal_Init                               
0000b21d  main                                      
0000ba49  CarController_Update_20ms                 
0000bb99  OLED_PrintInt16                           
0000bf35  Gimbal_YawEnableWorldLock                 
0000c05d  MotionAction_Start                        
0000c3cd  Menu_HandleKeyEvent                       
0000c4ed  LineController_Reset                      
0000c609  App_Update_20ms                           
0000c935  DL_Timer_initFourCCPWMMode                
0000ca39  LineController_ResetControlState          
0000cb3d  MotorControl_SetNormalizedTarget          
0000cc3d  MissionManager_Update_20ms                
0000cd39  SysTick_Handler                           
0000ce35  LineController_Init                       
0000cf2d  Gimbal_PitchStopHold                      
0000d01d  MissionManager_SelectNext                 
0000d2e1  ObstacleSafety_Update_20ms                
0000d3c1  SYSCFG_DL_GPIO_init                       
0000d579  MissionManager_SelectPrevious             
0000d651  OLED_PrintUInt16                          
0000d729  WheelSpeedEstimator_Init                  
0000d8d9  __aeabi_fsub                              
0000d8d9  __subsf3                                  
0000d8e3  __addsf3                                  
0000d8e3  __aeabi_fadd                              
0000d9b1  OLED_Init                                 
0000da85  OLED_PrintChar                            
0000db55  FaultCode_ToShortString                   
0000dc1d  Angle_Normalize180                        
0000dcdd  CarController_StartSeekLine               
0000dd9d  CarController_StartTurnToYawRelative      
0000de59  HeadingControl_Update                     
0000df15  CarController_StartDriveHeading           
0000dfc9  GimbalStepper_StopHold                    
0000e07d  GimbalVisionAdapter_Update                
0000e131  GimbalStepper_Init                        
0000e1e1  Encoder_HandleGpioInterrupt               
0000e329  __udivmoddi4                              
0000e3cb  ADC0_IRQHandler                           
0000e3cb  ADC1_IRQHandler                           
0000e3cb  AES_IRQHandler                            
0000e3cb  CANFD0_IRQHandler                         
0000e3cb  DAC0_IRQHandler                           
0000e3cb  DMA_IRQHandler                            
0000e3cb  Default_Handler                           
0000e3cb  GROUP0_IRQHandler                         
0000e3cb  HardFault_Handler                         
0000e3cb  I2C0_IRQHandler                           
0000e3cb  I2C1_IRQHandler                           
0000e3cb  NMI_Handler                               
0000e3cb  PendSV_Handler                            
0000e3cb  RTC_IRQHandler                            
0000e3cb  SPI0_IRQHandler                           
0000e3cb  SPI1_IRQHandler                           
0000e3cb  SVC_Handler                               
0000e3cb  TIMA0_IRQHandler                          
0000e3cb  TIMA1_IRQHandler                          
0000e3cb  TIMG0_IRQHandler                          
0000e3cb  TIMG12_IRQHandler                         
0000e3cb  TIMG6_IRQHandler                          
0000e3cb  TIMG7_IRQHandler                          
0000e3cb  TIMG8_IRQHandler                          
0000e3cb  UART0_IRQHandler                          
0000e3cb  UART1_IRQHandler                          
0000e3cb  UART2_IRQHandler                          
0000e3cd  CarController_StartFollowLine             
0000e469  ObstacleMonitor_Update_20ms               
0000e505  memcpy                                    
0000e59f  TrackSensor_Init                          
0000e639  CarController_Init                        
0000e6c9  CarController_StartTurnRight90            
0000e759  CarController_ResetRuntime                
0000e7e5  CarController_StartTurnLeft90             
0000e871  Gimbal_YawDisableWorldLock                
0000e8fd  Gimbal_YawStopHold                        
0000e989  SYSCFG_DL_PWM_MOTOR_init                  
0000ea15  __aeabi_fmul                              
0000ea15  __mulsf3                                  
0000eaa1  strcmp                                    
0000eb29  Motor_Init                                
0000ebad  App_Init                                  
0000ec2f  MissionLibrary_Validate                   
0000ecb1  __aeabi_fdiv                              
0000ecb1  __divsf3                                  
0000ed33  __aeabi_idiv0                             
0000ed35  GimbalTracker_Init                        
0000edb5  Motor_Stop                                
0000ee35  CarController_SetSafetyHold               
0000eeb1  VisionPitchTuning_Set                     
0000ef2d  __TI_decompress_lzss                      
0000f095  Menu_GetParamValue                        
0000f105  SYSCFG_DL_UART_VISION_init                
0000f175  VisionYawTuning_Set                       
0000f1e5  TrackSensor_DetectTurn                    
0000f253  __aeabi_ldiv0                             
0000f255  GimbalVisionYawTracker_Init               
0000f2c1  MissionManager_GetSelectedMissionIndex    
0000f329  TrackSensor_GetErrorFromRaw               
0000f391  __aeabi_fcmpeq                            
0000f3a5  __aeabi_fcmplt                            
0000f3b9  __aeabi_fcmple                            
0000f3cd  __aeabi_fcmpge                            
0000f3e1  __aeabi_fcmpgt                            
0000f3f3  memset                                    
0000f455  GimbalTracker_GetFeedback                 
0000f4b5  VisionTuningConsole_Init                  
0000f515  __aeabi_f2lz                              
0000f515  __fixsfdi                                 
0000f5d5  UART3_IRQHandler                          
0000f631  Ultrasonic_Update_20ms                    
0000f6e9  __aeabi_idiv                              
0000f6e9  __aeabi_idivmod                           
0000f741  TrackSensor_ReadRaw                       
0000f83d  MissionManager_Start                      
0000f88d  Ultrasonic_Init                           
0000f8dd  WatchdogMonitor_ApplyFaultIfNeeded        
0000f92d  __aeabi_l2f                               
0000f92d  __floatdisf                               
0000f97d  MotorControl_Stop                         
0000f9c9  WatchdogMonitor_Tick1msFromIsr            
0000fa61  DL_UART_init                              
0000faa9  MissionManager_Init                       
0000faf1  MotionAction_ReapplyControllerTarget      
0000fb39  Encoder_GetAndClearPulseDeltas            
0000fb7d  Imu_ResetYaw                              
0000fbc1  Servo_Tick100us                           
0000fc05  EmergencyStop_Reset                       
0000fc45  GimbalVisionPitchTracker_Init             
0000fc85  SYSCFG_DL_SYSCTL_init                     
0000fcc5  SYSCFG_DL_initPower                       
0000fd05  VisionReceiver_PushByteFromIsr            
0000fd45  __aeabi_uidiv                             
0000fd45  __aeabi_uidivmod                          
0000fd85  __divmoddi4                               
0000fdc5  Servo_SetAngleDeg                         
0000fe01  VisionTuningConsole_PushByteFromIsr       
0000fe3d  __aeabi_i2f                               
0000fe3d  __floatsisf                               
0000fe79  __gesf2                                   
0000fe79  __gtsf2                                   
0000feb5  __TI_auto_init_nobinit_nopinit            
0000fef1  __cmpsf2                                  
0000fef1  __eqsf2                                   
0000fef1  __lesf2                                   
0000fef1  __ltsf2                                   
0000fef1  __nesf2                                   
0000ff2d  __muldsi3                                 
0000ff69  VisionReceiver_Init                       
0000ffa1  __aeabi_f2iz                              
0000ffa1  __fixsfsi                                 
0000ffd9  EmergencyStop_Trigger                     
0001000d  Imu_IsReady                               
00010041  MissionManager_Cancel                     
00010075  OLED_SetCursor                            
000100a9  VisionTuningConsole_TryPopTxByte          
000100dd  VisionUart_Process                        
00010145  OLED_PrintString                          
00010179  Fault_Raise                               
000101a9  GimbalVisionYawTracker_GetFeedback        
000101d9  Gimbal_PitchGetFeedback                   
00010209  Key_Init                                  
00010239  LineController_ObserveSensors             
00010269  MissionManager_Reset                      
00010299  MissionManager_Resume                     
000102c9  VisionPitchTuning_RestoreDefault          
000102f9  WatchdogMonitor_Init                      
00010359  Encoder_Reset                             
00010385  TrackSensor_CountBlack                    
000103b1  VisionYawTuning_RestoreDefault            
00010409  ObstacleAvoidance_Init                    
00010431  Servo_Init                                
00010459  VisionPitchTuning_Init                    
00010481  WatchdogMonitor_Reset                     
000104a9  __aeabi_ui2f                              
000104a9  __floatunsisf                             
000104d1  memmove                                   
000104f9  _c_int00_noargs                           
00010521  CarController_Stop                        
00010545  EmergencyStop_Enforce                     
00010569  GimbalVisionPitchTracker_GetFeedback      
0001058d  MissionManager_ReportExternalFailure      
000105b1  MotorControl_Init                         
000105d5  MotorControl_Reset                        
000105f9  SYSCFG_DL_init                            
0001061d  VisionYawTuning_Init                      
00010641  __aeabi_lmul                              
00010641  __muldi3                                  
00010665  DL_Timer_overrideCCPOut                   
00010685  DebugTelemetry_Update                     
000106a5  MissionManager_Pause                      
000106c5  MotionAction_GetCurrentBypassDirection    
000106e5  MotionAction_GetCurrentObstaclePolicy     
00010705  MotionAction_Init                         
00010725  SchedulerMonitor_GetStats                 
00010745  VisionReceiver_GetProtocolErrorCount      
00010785  __aeabi_llsl                              
00010785  __ashldi3                                 
000107a5  DL_Timer_setCaptCompUpdateMethod          
000107c1  DL_Timer_setClockConfig                   
000107dd  GimbalVisionAdapter_Init                  
000107f9  Menu_Init                                 
00010815  ObstacleMonitor_Init                      
00010831  ObstacleSafety_Init                       
0001084d  VisionPitchTuning_ParamName               
00010869  VisionYawTuning_GetSnapshot               
00010885  VisionYawTuning_ParamName                 
000108a1  WatchdogMonitor_NotifyControlCycleComplete
000108d9  CarController_RunModeToString             
000108f1  DL_Timer_setCaptureCompareOutCtl          
00010909  DebugTelemetry_Init                       
00010921  HeadingControl_SetTargetYaw               
00010939  Menu_ParamItemToString                    
00010951  MotionAction_Cancel                       
00010969  RuntimeSnapshot_Init                      
00010981  __aeabi_fcmpun                            
00010981  __unordsf2                                
00010999  Fault_Clear                               
000109ad  Fault_Init                                
000109c1  GROUP1_IRQHandler                         
000109d5  GimbalStepper_SetStepHalfPeriodTicks      
000109e9  HeadingControl_Enable                     
000109fd  HeadingControl_Init                       
00010a11  HeadingControl_Reset                      
00010a25  MissionLibrary_FindById                   
00010a39  MissionLibrary_GetByIndex                 
00010a4d  MissionManager_GetSelectedMissionId       
00010a61  VisionPitchTuning_GetSnapshot             
00010a75  VisionUart_Init                           
00010a89  __aeabi_ldivmod                           
00010a9d  __aeabi_uldivmod                          
00010ab1  DL_UART_setClockConfig                    
00010ac3  __TI_decompress_none                      
00010ad5  DL_Timer_setCaptureCompareValue           
00010ae5  Gimbal_YawGetFeedback                     
00010af5  Key_GetEvent                              
00010b05  ObstacleAvoidance_IsResumeGraceActive     
00010b15  __TI_zero_init                            
00010b25  CarController_GetRunMode                  
00010b31  CarController_IsSafetyHoldActive          
00010b3d  CarState_Get                              
00010b49  CarState_Init                             
00010b55  CarState_Set                              
00010b61  EmergencyStop_Init                        
00010b6d  EmergencyStop_IsActive                    
00010b79  GimbalVisionAdapter_GetObservation        
00010b85  Gimbal_Tick100us                          
00010b91  Gimbal_Update5ms                          
00010b9d  Imu_GetCorrectedGyroZDps                  
00010ba9  Imu_GetYaw                                
00010bb5  Menu_GetPage                              
00010bc1  Menu_GetParamItem                         
00010bcd  MissionManager_IsExternallyHeld           
00010bd9  MissionManager_SetExternalHold            
00010be5  ObstacleAvoidance_IsActive                
00010bf1  ObstacleAvoidance_IsFailed                
00010bfd  ObstacleSafety_IsHolding                  
00010c09  OledUi_Init                               
00010c15  SystemTime_GetMs                          
00010c21  WatchdogMonitor_HasTripped                
00010c2d  __aeabi_memclr                            
00010c2d  __aeabi_memclr4                           
00010c2d  __aeabi_memclr8                           
00010c39  DL_Common_delayCycles                     
00010c43  TrackSensor_IsCenterDetected              
00010c4d  TrackSensor_IsLineDetected                
00010c57  TrackSensor_IsLineLost                    
00010c61  CarController_GetFeedback                 
00010c69  Fault_GetRecord                           
00010c71  GimbalStepper_GetFeedback                 
00010c79  GimbalVisionAdapter_GetFeedback           
00010c81  Gimbal_PitchStopTrackingHold              
00010c89  HeadingControl_GetRuntime                 
00010c91  Imu_GetRuntime                            
00010c99  LineController_GetRuntime                 
00010ca1  MissionManager_GetMissionCount            
00010ca9  MissionManager_GetRuntime                 
00010cb1  MotionAction_GetRuntime                   
00010cb9  MotorControl_GetRuntime                   
00010cc1  ObstacleAvoidance_GetFeedback             
00010cc9  ObstacleMonitor_GetFeedback               
00010cd1  Servo_GetFeedback                         
00010cd9  Ultrasonic_GetFeedback                    
00010ce1  VisionPitchTuning_GetStatus               
00010ce9  VisionReceiver_GetObservation             
00010cf1  VisionReceiver_GetStatus                  
00010cf9  VisionTuningConsole_GetStatus             
00010d01  WatchdogMonitor_GetStatus                 
00010d09  WheelSpeedEstimator_GetRuntime            
00010d11  __aeabi_memcpy                            
00010d11  __aeabi_memcpy4                           
00010d11  __aeabi_memcpy8                           
00010d19  __aeabi_memmove                           
00010d19  __aeabi_memmove4                          
00010d19  __aeabi_memmove8                          
00010d21  abort                                     
00010d26  C$$EXIT                                   
00010d27  HOSTexit                                  
00010d2b  MissionLibrary_GetCount                   
00010d2f  Reset_Handler                             
00010d45  _system_pre_init                          
000118f8  __TI_Handler_Table_Base                   
00011904  __TI_Handler_Table_Limit                  
00011914  __TI_CINIT_Base                           
00011924  __TI_CINIT_Limit                          
00011924  __TI_CINIT_Warm                           
20200000  __start___llvm_prf_bits                   
20200000  __start___llvm_prf_cnts                   
20200000  __stop___llvm_prf_bits                    
20200000  __stop___llvm_prf_cnts                    
202005a0  g_appConfig                               
2020067c  g_imuRuntime                              
202007d8  g_wheelSpeedEstimatorRuntime              
20200978  g_appRuntime                              
202009b8  gUART_VISIONBackup                        
20200b90  g_headingRuntime                          
20200ce4  g_trackError                              
20200d29  g_carStateDebug                           
20200d2a  g_keyEvent                                
20200d2b  g_oledPageDebug                           
20200d2c  g_paramItemDebug                          
20200d2d  g_trackBlackCount                         
20200d2e  g_trackModeDebug                          
20200d2f  g_trackRaw                                
20200d30  g_trackTurnDebug                          
20207e00  __stack                                   
20208000  __STACK_END                               
ffffffff  __TI_pprof_out_hndl                       
ffffffff  __TI_prof_data_size                       
ffffffff  __TI_prof_data_start                      
ffffffff  __binit__                                 
ffffffff  binit                                     
UNDEFED   __mpu_init                                
UNDEFED   _system_post_cinit                        

[375 symbols]
