******************************************************************************
            TI ARM Clang Linker PC v4.0.4                      
******************************************************************************
>> Linked Tue Jul 28 21:58:43 2026

OUTPUT FILE NAME:   <diansaikaishi.out>
ENTRY POINT SYMBOL: "_c_int00_noargs"  address: 000127d5


MEMORY CONFIGURATION

         name            origin    length      used     unused   attr    fill
----------------------  --------  ---------  --------  --------  ----  --------
  FLASH                 00000000   00020000  00013a10  0000c5f0  R  X
  SRAM                  20200000   00008000  0000167c  00006984  RW X
  BCR_CONFIG            41c00000   000000ff  00000000  000000ff  R   
  BSL_CONFIG            41c00100   00000080  00000000  00000080  R   


SEGMENT ALLOCATION MAP

run origin  load origin   length   init length attrs members
----------  ----------- ---------- ----------- ----- -------
00000000    00000000    00013a10   00013a10    r-x
  00000000    00000000    000000c0   000000c0    r-- .intvecs
  000000c0    000000c0    00012eb0   00012eb0    r-x .text
  00012f70    00012f70    00000a70   00000a70    r-- .rodata
  000139e0    000139e0    00000030   00000030    r-- .cinit
20200000    20200000    0000147e   00000000    rw-
  20200000    20200000    00001476   00000000    rw- .bss
  20201478    20201478    00000006   00000000    rw- .data
20207e00    20207e00    00000200   00000000    rw-
  20207e00    20207e00    00000200   00000000    rw- .stack


SECTION ALLOCATION MAP

 output                                  attributes/
section   page    origin      length       input sections
--------  ----  ----------  ----------   ----------------
.intvecs   0    00000000    000000c0     
                  00000000    000000c0     startup_mspm0g350x_ticlang.o (.intvecs)

.text      0    000000c0    00012eb0     
                  000000c0    00002760     oled_ui.o (.text.OledUi_Update_20ms)
                  00002820    00001f0c     app.o (.text.app_remote_dispatch_tokens)
                  0000472c    00001dd4     vision_tuning_console.o (.text.VisionTuningConsole_Process)
                  00006500    00000d28     app.o (.text.app_remote_update_result)
                  00007228    00000940     app.o (.text.App_Update_20ms)
                  00007b68    00000648     app_config.o (.text.AppConfig_LimitAll)
                  000081b0    00000524     line_controller.o (.text.LineController_Update)
                  000086d4    00000488     runtime_snapshot.o (.text.RuntimeSnapshot_Update)
                  00008b5c    0000044c     motor_control.o (.text.update_wheel)
                  00008fa8    0000042c     app.o (.text.app_remote_cancel_current_action)
                  000093d4    00000424     wheel_speed_estimator.o (.text.WheelSpeedEstimator_Update)
                  000097f8    000003e8     app.o (.text.app_remote_build_sequenced_response)
                  00009be0    000003e0     imu.o (.text.Imu_Update)
                  00009fc0    000003b0     vision_receiver.o (.text.VisionReceiver_Process)
                  0000a370    000003b0     app.o (.text.app_remote_send_action_ack)
                  0000a720    00000374     imu.o (.text.Imu_Init)
                  0000aa94    00000370     gimbal.o (.text.gimbal_update_feedback)
                  0000ae04    00000310     vision_tuning_console.o (.text.append_scaled)
                  0000b114    000002f0     app.o (.text.app_remote_send)
                  0000b404    000002f0     imu.o (.text.mpu6050_read_regs)
                  0000b6f4    000002cc     car_controller.o (.text.handle_drive_distance)
                  0000b9c0    000002b0     motion_action.o (.text.MotionAction_Update_20ms)
                  0000bc70    0000028c     motor_control.o (.text.MotorControl_Update)
                  0000befc    00000268     car_controller.o (.text.handle_turn_to_yaw)
                  0000c164    00000230     imu.o (.text.Imu_CalibrateGyroBias)
                  0000c394    00000220     menu.o (.text.Menu_HandleKeyEvent)
                  0000c5b4    00000218     app_config.o (.text.AppConfig_InitDefault)
                  0000c7cc    00000218     app.o (.text.app_remote_append_float_tenth)
                  0000c9e4    00000214     motion_action.o (.text.MotionAction_Start)
                  0000cbf8    00000208     app.o (.text.app_remote_send_sequence_error)
                  0000ce00    00000204     motor.o (.text.Motor_SetSpeed)
                  0000d004    000001f4     vision_protocol.o (.text.VisionProtocol_ParseV1TargetFrame)
                  0000d1f8    000001ec     bluetooth_uart.o (.text.BluetoothUart_TryWriteBuffer)
                  0000d3e4    000001e8     motor_control.o (.text.config_is_valid)
                  0000d5cc    000001e4     mission_library.o (.text.MissionLibrary_Validate)
                  0000d7b0    000001cc     imu.o (.text.imu_i2c_write_byte)
                  0000d97c    000001cc     oled_ui.o (.text.print_status_page)
                  0000db48    000001b8     oled.o (.text.oled_i2c_write_byte)
                  0000dd00    000001a0     ultrasonic.o (.text.Ultrasonic_Tick100us)
                  0000dea0    0000019c     car_controller.o (.text.CarController_StartDriveDistanceAtYaw)
                  0000e03c    00000190     car_controller.o (.text.CarController_Update_20ms)
                  0000e1cc    00000174     key.o (.text.Key_Update_20ms)
                  0000e340    00000170     oled.o (.text.OLED_FlushPage)
                  0000e4b0    0000016c     oled.o (.text.OLED_PrintInt16)
                  0000e61c    00000158     vision_tuning_console.o (.text.send_parameter_reply)
                  0000e774    00000158     vision_tuning_console.o (.text.send_yaw_parameter_reply)
                  0000e8cc    0000014c     bluetooth_uart.o (.text.BluetoothUart_Process)
                  0000ea18    00000130     app.o (.text.App_Init)
                  0000eb48    0000012c     imu.o (.text.imu_i2c_recover_bus)
                  0000ec74    00000128     line_controller.o (.text.LineController_Reset)
                  0000ed9c    00000124     oled.o (.text.OLED_Init)
                  0000eec0    00000124     vision_tuning_console.o (.text.send_simple_reply)
                  0000efe4    0000011c     car_controller.o (.text.handle_drive_heading)
                  0000f100    0000010c     line_controller.o (.text.LineController_ResetControlState)
                  0000f20c    0000010c     car_controller.o (.text.handle_follow_line)
                  0000f318    00000104     driverlib.a : dl_timer.o (.text.DL_Timer_initFourCCPWMMode)
                  0000f41c    00000104     line_controller.o (.text.LineController_Init)
                  0000f520    00000104     mission_manager.o (.text.MissionManager_Update_20ms)
                  0000f624    00000100     motor_control.o (.text.MotorControl_SetNormalizedTarget)
                  0000f724    000000f4     mission_manager.o (.text.MissionManager_SelectNext)
                  0000f818    000000ec     heading_control.o (.text.HeadingControl_Update)
                  0000f904    000000e8     obstacle_safety.o (.text.ObstacleSafety_Update_20ms)
                  0000f9ec    000000e8     vision_protocol.o (.text.fields_are_valid)
                  0000fad4    000000e4     bluetooth_uart.o (.text.UART1_IRQHandler)
                  0000fbb8    000000e0     mission_manager.o (.text.MissionManager_SelectPrevious)
                  0000fc98    000000e0     wheel_speed_estimator.o (.text.WheelSpeedEstimator_Init)
                  0000fd78    000000e0     empty.o (.text.main)
                  0000fe58    000000dc     ti_msp_dl_config.o (.text.SYSCFG_DL_GPIO_init)
                  0000ff34    000000d8     oled.o (.text.OLED_PrintUInt16)
                  0001000c    000000d8     libclang_rt.builtins.a : addsf3.S.obj (.text)
                  000100e4    000000d4     car_controller.o (.text.CarController_StartDriveDistance)
                  000101b8    000000c8     fault.o (.text.FaultCode_ToShortString)
                  00010280    000000c0     angle_utils.o (.text.Angle_Normalize180)
                  00010340    000000c0     app.o (.text.app_remote_send_action_result)
                  00010400    000000bc     car_controller.o (.text.CarController_ResetRuntime)
                  000104bc    000000b4     mission_manager.o (.text.MissionManager_StartTransientAction)
                  00010570    000000a8     app.o (.text.app_remote_start_action)
                  00010618    000000a4     encoder.o (.text.Encoder_HandleGpioInterrupt)
                  000106bc    000000a2     libclang_rt.builtins.a : udivmoddi4.S.obj (.text)
                  0001075e    00000002     startup_mspm0g350x_ticlang.o (.text.Default_Handler)
                  00010760    000000a0     car_controller.o (.text.drive_distance_high_decel_zone_cm)
                  00010800    0000009c     obstacle_monitor.o (.text.ObstacleMonitor_Update_20ms)
                  0001089c    0000009a     libc.a : memcpy16.S.obj (.text:memcpy)
                  00010936    00000002     obstacle_avoidance.o (.text.ObstacleAvoidance_Update_20ms)
                  00010938    00000098     app.o (.text.App_ResetToReady)
                  000109d0    00000098     bluetooth_uart.o (.text.BluetoothUart_Init)
                  00010a68    00000098     imu.o (.text.mpu6050_write_reg)
                  00010b00    00000094     car_controller.o (.text.CarController_StartTurnToYawRelative)
                  00010b94    00000090     car_controller.o (.text.CarController_ResetTransientState)
                  00010c24    0000008c     ti_msp_dl_config.o (.text.SYSCFG_DL_PWM_MOTOR_init)
                  00010cb0    0000008c     ti_msp_dl_config.o (.text.SYSCFG_DL_UART_BLUETOOTH_init)
                  00010d3c    0000008c     libclang_rt.builtins.a : mulsf3.S.obj (.text.__mulsf3)
                  00010dc8    0000008c     car_controller.o (.text.heading_imu_wait_or_fail)
                  00010e54    0000000c     car_controller.o (.text.CarController_GetRunMode)
                  00010e60    00000088     libc.a : strcmp-armv6m.S.obj (.text:strcmp)
                  00010ee8    00000084     car_controller.o (.text.CarController_SetSafetyHold)
                  00010f6c    00000084     motor.o (.text.Motor_Init)
                  00010ff0    00000082     libclang_rt.builtins.a : divsf3.S.obj (.text.__divsf3)
                  00011072    00000002     track_sensor.o (.text.TrackSensor_Init)
                  00011074    00000080     car_controller.o (.text.CarController_StartDriveHeading)
                  000110f4    00000080     motor.o (.text.Motor_Stop)
                  00011174    0000007c     vision_pitch_tuning.o (.text.VisionPitchTuning_Set)
                  000111f0    0000007c     libc.a : copy_decompress_lzss.c.obj (.text:decompress:lzss)
                  0001126c    00000078     empty.o (.text.SysTick_Handler)
                  000112e4    00000078     oled.o (.text.oled_write_command)
                  0001135c    00000074     motor_control.o (.text.latch_control_error)
                  000113d0    00000070     ti_msp_dl_config.o (.text.SYSCFG_DL_UART_VISION_init)
                  00011440    00000070     vision_yaw_tuning.o (.text.VisionYawTuning_Set)
                  000114b0    0000006e     track_sensor.o (.text.TrackSensor_DetectTurn)
                  0001151e    00000002     libclang_rt.builtins.a : aeabi_div0.c.obj (.text.__aeabi_idiv0)
                  00011520    00000068     mission_manager.o (.text.MissionManager_GetSelectedMissionIndex)
                  00011588    00000068     car_controller.o (.text.set_output_speed)
                  000115f0    00000066     track_sensor.o (.text.TrackSensor_GetErrorFromRaw)
                  00011656    00000002     libclang_rt.builtins.a : aeabi_div0.c.obj (.text.__aeabi_ldiv0)
                  00011658    00000062                            : aeabi_fcmp.S.obj (.text.__aeabi_fcmp)
                  000116ba    00000062     libc.a : memset16.S.obj (.text:memset)
                  0001171c    00000060     vision_tuning_console.o (.text.VisionTuningConsole_Init)
                  0001177c    00000060     libclang_rt.builtins.a : fixsfdi.S.obj (.text.__fixsfdi)
                  000117dc    0000005c     magnet.o (.text.Magnet_Set)
                  00011838    0000005c     mission_manager.o (.text.MissionManager_Start)
                  00011894    0000005c     vision_uart.o (.text.UART3_IRQHandler)
                  000118f0    0000005c     ultrasonic.o (.text.Ultrasonic_Update_20ms)
                  0001194c    0000005c     car_controller.o (.text.speed_cmps_to_normalized_command)
                  000119a8    00000058     oled.o (.text.OLED_PrintChar)
                  00011a00    00000058     motion_action.o (.text.motion_action_start_imu_controller)
                  00011a58    00000056     libclang_rt.builtins.a : aeabi_idivmod.S.obj (.text.__aeabi_idivmod)
                  00011aae    00000002     --HOLE-- [fill = 0]
                  00011ab0    00000054     car_controller.o (.text.CarController_Stop)
                  00011b04    00000054     menu.o (.text.Menu_GetParamValue)
                  00011b58    00000054     track_sensor.o (.text.TrackSensor_ReadRaw)
                  00011bac    00000054     watchdog_monitor.o (.text.WatchdogMonitor_ApplyFaultIfNeeded)
                  00011c00    00000050     mission_manager.o (.text.MissionManager_Init)
                  00011c50    00000050     ultrasonic.o (.text.Ultrasonic_Init)
                  00011ca0    00000050     watchdog_monitor.o (.text.WatchdogMonitor_Tick1msFromIsr)
                  00011cf0    0000004e     libclang_rt.builtins.a : floatdisf.S.obj (.text.__floatdisf)
                  00011d3e    00000002     --HOLE-- [fill = 0]
                  00011d40    0000004c     motor_control.o (.text.MotorControl_Stop)
                  00011d8c    00000048     driverlib.a : dl_uart.o (.text.DL_UART_init)
                  00011dd4    00000048     ti_msp_dl_config.o (.text.SYSCFG_DL_initPower)
                  00011e1c    00000044     emergency_stop.o (.text.EmergencyStop_Reset)
                  00011e60    00000044     encoder.o (.text.Encoder_GetAndClearPulseDeltas)
                  00011ea4    00000044     imu.o (.text.Imu_ResetYaw)
                  00011ee8    00000044     servo.o (.text.Servo_Tick100us)
                  00011f2c    00000040     car_controller.o (.text.CarController_StartFollowLine)
                  00011f6c    00000040     fault.o (.text.Fault_Raise)
                  00011fac    00000040     mission_manager.o (.text.MissionManager_Cancel)
                  00011fec    00000040     ti_msp_dl_config.o (.text.SYSCFG_DL_SYSCTL_init)
                  0001202c    00000040     vision_receiver.o (.text.VisionReceiver_PushByteFromIsr)
                  0001206c    00000040     libclang_rt.builtins.a : aeabi_uidivmod.S.obj (.text.__aeabi_uidivmod)
                  000120ac    0000003e                            : divmoddi4.c.obj (.text.__divmoddi4)
                  000120ea    00000002     --HOLE-- [fill = 0]
                  000120ec    0000003c     mission_manager.o (.text.MissionManager_Reset)
                  00012128    0000003c     servo.o (.text.Servo_SetAngleDeg)
                  00012164    0000003c     vision_tuning_console.o (.text.VisionTuningConsole_PushByteFromIsr)
                  000121a0    0000003c     libclang_rt.builtins.a : floatsisf.S.obj (.text.__floatsisf)
                  000121dc    0000003c                            : comparesf2.S.obj (.text.__gtsf2)
                  00012218    0000003c     libc.a : autoinit.c.obj (.text:__TI_auto_init_nobinit_nopinit)
                  00012254    0000003a     libclang_rt.builtins.a : comparesf2.S.obj (.text.__eqsf2)
                  0001228e    00000002     --HOLE-- [fill = 0]
                  00012290    0000003a                            : muldsi3.S.obj (.text.__muldsi3)
                  000122ca    00000002     --HOLE-- [fill = 0]
                  000122cc    00000038     emergency_stop.o (.text.EmergencyStop_Trigger)
                  00012304    00000038     vision_receiver.o (.text.VisionReceiver_Init)
                  0001233c    00000038     libclang_rt.builtins.a : fixsfsi.S.obj (.text.__fixsfsi)
                  00012374    00000036     bluetooth_uart.o (.text.BluetoothUart_TryWriteString)
                  000123aa    00000002     --HOLE-- [fill = 0]
                  000123ac    00000034     bluetooth_uart.o (.text.BluetoothUart_TryReadByte)
                  000123e0    00000034     imu.o (.text.Imu_IsReady)
                  00012414    00000034     mission_library.o (.text.MissionLibrary_FindById)
                  00012448    00000034     vision_tuning_console.o (.text.VisionTuningConsole_TryPopTxByte)
                  0001247c    00000034     vision_uart.o (.text.VisionUart_Process)
                  000124b0    00000032     oled.o (.text.OLED_PrintString)
                  000124e2    00000002     --HOLE-- [fill = 0]
                  000124e4    00000032     libclang_rt.builtins.a : fixunssfsi.S.obj (.text.__fixunssfsi)
                  00012516    00000002     --HOLE-- [fill = 0]
                  00012518    00000030     key.o (.text.Key_Init)
                  00012548    00000030     line_controller.o (.text.LineController_ObserveSensors)
                  00012578    00000030     mission_manager.o (.text.MissionManager_Resume)
                  000125a8    00000030     vision_pitch_tuning.o (.text.VisionPitchTuning_RestoreDefault)
                  000125d8    00000030     watchdog_monitor.o (.text.WatchdogMonitor_Init)
                  00012608    00000030     watchdog_monitor.o (.text.WatchdogMonitor_Reset)
                  00012638    0000002c     encoder.o (.text.Encoder_Reset)
                  00012664    0000002c     track_sensor.o (.text.TrackSensor_CountBlack)
                  00012690    0000002c     vision_yaw_tuning.o (.text.VisionYawTuning_RestoreDefault)
                  000126bc    00000028     emergency_stop.o (.text.EmergencyStop_Enforce)
                  000126e4    00000028     magnet.o (.text.Magnet_ForceOff)
                  0001270c    00000028     ti_msp_dl_config.o (.text.SYSCFG_DL_init)
                  00012734    00000028     servo.o (.text.Servo_Init)
                  0001275c    00000028     vision_pitch_tuning.o (.text.VisionPitchTuning_Init)
                  00012784    00000028     libclang_rt.builtins.a : floatunsisf.S.obj (.text.__floatunsisf)
                  000127ac    00000028     libc.a : memmov.c.obj (.text.memmove)
                  000127d4    00000028            : boot_cortex_m.c.obj (.text:_c_int00_noargs)
                  000127fc    00000024     mission_manager.o (.text.MissionManager_ReportExternalFailure)
                  00012820    00000024     motor_control.o (.text.MotorControl_Init)
                  00012844    00000024     motor_control.o (.text.MotorControl_Reset)
                  00012868    00000024     oled.o (.text.OLED_ClearBuffer)
                  0001288c    00000024     vision_yaw_tuning.o (.text.VisionYawTuning_Init)
                  000128b0    00000024     libclang_rt.builtins.a : muldi3.S.obj (.text.__muldi3)
                  000128d4    00000020     driverlib.a : dl_timer.o (.text.DL_Timer_overrideCCPOut)
                  000128f4    00000020     debug_telemetry.o (.text.DebugTelemetry_Update)
                  00012914    00000020     magnet.o (.text.Magnet_Init)
                  00012934    00000020     mission_manager.o (.text.MissionManager_Pause)
                  00012954    00000020     oled.o (.text.OLED_SetCursor)
                  00012974    00000020     empty.o (.text.SchedulerMonitor_GetStats)
                  00012994    00000020     libc.a : memcmp.c.obj (.text.memcmp)
                  000129b4    00000020     mission_manager.o (.text.mission_finish_error)
                  000129d4    0000001e     libclang_rt.builtins.a : ashldi3.S.obj (.text.__ashldi3)
                  000129f2    00000002     --HOLE-- [fill = 0]
                  000129f4    0000001c     driverlib.a : dl_timer.o (.text.DL_Timer_setCaptCompUpdateMethod)
                  00012a10    0000001c                 : dl_timer.o (.text.DL_Timer_setClockConfig)
                  00012a2c    0000001c     heading_control.o (.text.HeadingControl_SetTargetYaw)
                  00012a48    0000001c     menu.o (.text.Menu_Init)
                  00012a64    0000001c     motion_action.o (.text.MotionAction_Cancel)
                  00012a80    0000001c     obstacle_monitor.o (.text.ObstacleMonitor_Init)
                  00012a9c    0000001c     obstacle_safety.o (.text.ObstacleSafety_Init)
                  00012ab8    0000001c     vision_pitch_tuning.o (.text.VisionPitchTuning_ParamName)
                  00012ad4    0000001c     vision_yaw_tuning.o (.text.VisionYawTuning_GetSnapshot)
                  00012af0    0000001c     vision_yaw_tuning.o (.text.VisionYawTuning_ParamName)
                  00012b0c    0000001c     watchdog_monitor.o (.text.WatchdogMonitor_NotifyControlCycleComplete)
                  00012b28    0000001c     mission_manager.o (.text.mission_finish_success)
                  00012b44    00000018     car_controller.o (.text.CarController_RunModeToString)
                  00012b5c    00000018     car_state.o (.text.CarState_ToString)
                  00012b74    00000018     driverlib.a : dl_timer.o (.text.DL_Timer_setCaptureCompareOutCtl)
                  00012b8c    00000018     debug_telemetry.o (.text.DebugTelemetry_Init)
                  00012ba4    00000018     heading_control.o (.text.HeadingControl_Init)
                  00012bbc    00000018     heading_control.o (.text.HeadingControl_Reset)
                  00012bd4    00000018     menu.o (.text.Menu_ParamItemToString)
                  00012bec    00000018     motion_action.o (.text.MotionAction_Init)
                  00012c04    00000018     obstacle_avoidance.o (.text.ObstacleAvoidance_Init)
                  00012c1c    00000018     runtime_snapshot.o (.text.RuntimeSnapshot_Init)
                  00012c34    00000016     libclang_rt.builtins.a : comparesf2.S.obj (.text.__unordsf2)
                  00012c4a    00000002     --HOLE-- [fill = 0]
                  00012c4c    00000014     fault.o (.text.Fault_Clear)
                  00012c60    00000014     fault.o (.text.Fault_Init)
                  00012c74    00000014     empty.o (.text.GROUP1_IRQHandler)
                  00012c88    00000014     heading_control.o (.text.HeadingControl_Enable)
                  00012c9c    00000014     mission_library.o (.text.MissionLibrary_GetByIndex)
                  00012cb0    00000014     mission_manager.o (.text.MissionManager_GetSelectedMissionId)
                  00012cc4    00000014     vision_pitch_tuning.o (.text.VisionPitchTuning_GetSnapshot)
                  00012cd8    00000014     vision_uart.o (.text.VisionUart_Init)
                  00012cec    00000014     libclang_rt.builtins.a : aeabi_ldivmod.S.obj (.text.__aeabi_ldivmod)
                  00012d00    00000014                            : aeabi_uldivmod.S.obj (.text.__aeabi_uldivmod)
                  00012d14    00000012     driverlib.a : dl_uart.o (.text.DL_UART_setClockConfig)
                  00012d26    00000012     libc.a : copy_decompress_none.c.obj (.text:decompress:none)
                  00012d38    00000010     driverlib.a : dl_timer.o (.text.DL_Timer_setCaptureCompareValue)
                  00012d48    00000010     gimbal.o (.text.Gimbal_YawGetFeedback)
                  00012d58    00000010     key.o (.text.Key_GetEvent)
                  00012d68    00000010     libc.a : copy_zero_init.c.obj (.text:decompress:ZI)
                  00012d78    0000000c     car_controller.o (.text.CarController_Init)
                  00012d84    0000000c     car_controller.o (.text.CarController_IsSafetyHoldActive)
                  00012d90    0000000c     car_state.o (.text.CarState_Get)
                  00012d9c    0000000c     car_state.o (.text.CarState_Init)
                  00012da8    0000000c     car_state.o (.text.CarState_Set)
                  00012db4    0000000c     emergency_stop.o (.text.EmergencyStop_Init)
                  00012dc0    0000000c     emergency_stop.o (.text.EmergencyStop_IsActive)
                  00012dcc    0000000c     imu.o (.text.Imu_GetCorrectedGyroZDps)
                  00012dd8    0000000c     imu.o (.text.Imu_GetYaw)
                  00012de4    0000000c     magnet.o (.text.Magnet_IsOn)
                  00012df0    0000000c     menu.o (.text.Menu_GetPage)
                  00012dfc    0000000c     menu.o (.text.Menu_GetParamItem)
                  00012e08    0000000c     mission_manager.o (.text.MissionManager_IsExternallyHeld)
                  00012e14    0000000c     mission_manager.o (.text.MissionManager_IsTransientAction)
                  00012e20    0000000c     mission_manager.o (.text.MissionManager_SetExternalHold)
                  00012e2c    0000000c     obstacle_avoidance.o (.text.ObstacleAvoidance_IsActive)
                  00012e38    0000000c     obstacle_avoidance.o (.text.ObstacleAvoidance_IsFailed)
                  00012e44    0000000c     obstacle_safety.o (.text.ObstacleSafety_IsHolding)
                  00012e50    0000000c     empty.o (.text.SystemTime_GetMs)
                  00012e5c    0000000c     watchdog_monitor.o (.text.WatchdogMonitor_HasTripped)
                  00012e68    0000000c     libclang_rt.builtins.a : aeabi_memset.S.obj (.text.__aeabi_memclr)
                  00012e74    0000000a     driverlib.a : dl_common.o (.text.DL_Common_delayCycles)
                  00012e7e    0000000a     track_sensor.o (.text.TrackSensor_IsCenterDetected)
                  00012e88    0000000a     track_sensor.o (.text.TrackSensor_IsLineDetected)
                  00012e92    0000000a     track_sensor.o (.text.TrackSensor_IsLineLost)
                  00012e9c    00000008     bluetooth_uart.o (.text.BluetoothUart_GetRuntime)
                  00012ea4    00000008     car_controller.o (.text.CarController_GetFeedback)
                  00012eac    00000008     fault.o (.text.Fault_GetRecord)
                  00012eb4    00000008     gimbal_stepper.o (.text.GimbalStepper_GetFeedback)
                  00012ebc    00000008     heading_control.o (.text.HeadingControl_GetRuntime)
                  00012ec4    00000008     imu.o (.text.Imu_GetRuntime)
                  00012ecc    00000008     line_controller.o (.text.LineController_GetRuntime)
                  00012ed4    00000008     mission_manager.o (.text.MissionManager_GetMissionCount)
                  00012edc    00000008     mission_manager.o (.text.MissionManager_GetRuntime)
                  00012ee4    00000008     motion_action.o (.text.MotionAction_GetRuntime)
                  00012eec    00000008     motor_control.o (.text.MotorControl_GetRuntime)
                  00012ef4    00000008     obstacle_avoidance.o (.text.ObstacleAvoidance_GetFeedback)
                  00012efc    00000008     obstacle_monitor.o (.text.ObstacleMonitor_GetFeedback)
                  00012f04    00000008     oled_ui.o (.text.OledUi_Init)
                  00012f0c    00000008     runtime_snapshot.o (.text.RuntimeSnapshot_Get)
                  00012f14    00000008     servo.o (.text.Servo_GetFeedback)
                  00012f1c    00000008     ultrasonic.o (.text.Ultrasonic_GetFeedback)
                  00012f24    00000008     vision_receiver.o (.text.VisionReceiver_GetStatus)
                  00012f2c    00000008     vision_tuning_console.o (.text.VisionTuningConsole_GetStatus)
                  00012f34    00000008     watchdog_monitor.o (.text.WatchdogMonitor_GetStatus)
                  00012f3c    00000008     wheel_speed_estimator.o (.text.WheelSpeedEstimator_GetRuntime)
                  00012f44    00000008     libclang_rt.builtins.a : aeabi_memcpy.S.obj (.text.__aeabi_memcpy)
                  00012f4c    00000008                            : aeabi_memmove.S.obj (.text.__aeabi_memmove)
                  00012f54    00000006     libc.a : exit.c.obj (.text:abort)
                  00012f5a    00000004     libsysbm.a : hostexit.c.obj (.text.HOSTexit)
                  00012f5e    00000004     mission_library.o (.text.MissionLibrary_GetCount)
                  00012f62    00000004     obstacle_avoidance.o (.text.ObstacleAvoidance_IsResumeGraceActive)
                  00012f66    00000004     startup_mspm0g350x_ticlang.o (.text.Reset_Handler)
                  00012f6a    00000004     libc.a : pre_init.c.obj (.text._system_pre_init)
                  00012f6e    00000002     --HOLE-- [fill = 0]

.cinit     0    000139e0    00000030     
                  000139e0    0000000c     (__TI_handler_table)
                  000139ec    00000008     (.cinit..bss.load) [load image, compression = zero_init]
                  000139f4    00000008     (.cinit..data.load) [load image, compression = lzss]
                  000139fc    00000010     (__TI_cinit_table)
                  00013a0c    00000004     --HOLE-- [fill = 0]

.rodata    0    00012f70    00000a70     
                  00012f70    000000d8     oled.o (.rodata..Lswitch.table.OLED_PrintChar)
                  00013048    00000048     mission_library.o (.rodata.g_missionCompetitionMain)
                  00013090    00000048     mission_library.o (.rodata.g_missionTestDistance20)
                  000130d8    00000048     mission_library.o (.rodata.g_missionTestLine)
                  00013120    00000048     mission_library.o (.rodata.g_missionTestTurn)
                  00013168    00000040     mission_library.o (.rodata.g_missionRegistry)
                  000131a8    0000002c     oled_ui.o (.rodata..Lswitch.table.print_status_page)
                  000131d4    00000028     car_controller.o (.rodata..Lswitch.table.CarController_RunModeToString)
                  000131fc    0000001c     menu.o (.rodata..Lswitch.table.Menu_ParamItemToString)
                  00013218    0000001c     oled_ui.o (.rodata..Lswitch.table.OledUi_Update_20ms.115)
                  00013234    0000001c     vision_tuning_console.o (.rodata.str1.1836208005852235077.1)
                  00013250    00000018     car_state.o (.rodata..Lswitch.table.CarState_ToString)
                  00013268    00000018     vision_pitch_tuning.o (.rodata..Lswitch.table.VisionPitchTuning_ParamName)
                  00013280    00000018     oled_ui.o (.rodata..Lswitch.table.print_status_page.116)
                  00013298    00000018     app.o (.rodata.str1.12743719828571047676.1)
                  000132b0    00000016     app.o (.rodata.str1.16027775433168351399.1)
                  000132c6    00000016     app.o (.rodata.str1.7256834521257261525.1)
                  000132dc    00000015     app.o (.rodata.str1.1944712146988729081.1)
                  000132f1    00000015     app.o (.rodata.str1.5110432093865997610.1)
                  00013306    00000002     ti_msp_dl_config.o (.rodata.gUART_BLUETOOTHClockConfig)
                  00013308    00000014     vision_yaw_tuning.o (.rodata..Lswitch.table.VisionYawTuning_ParamName)
                  0001331c    00000014     app.o (.rodata..Lswitch.table.app_remote_dispatch_tokens.87)
                  00013330    00000014     oled_ui.o (.rodata..Lswitch.table.print_status_page.117)
                  00013344    00000014     app.o (.rodata.str1.5697808172495890429.1)
                  00013358    00000013     app.o (.rodata.str1.3437893941128827834.1)
                  0001336b    00000012     app.o (.rodata.str1.13719379709283632147.1)
                  0001337d    00000012     app.o (.rodata.str1.1428064158287234977.1)
                  0001338f    00000011     app.o (.rodata.str1.10678445697442035063.1)
                  000133a0    00000011     app.o (.rodata.str1.17399001118936924778.1)
                  000133b1    00000011     app.o (.rodata.str1.2540114484728192048.1)
                  000133c2    00000011     app.o (.rodata.str1.3384757045172820550.1)
                  000133d3    00000011     app.o (.rodata.str1.3994855026183401623.1)
                  000133e4    00000011     app.o (.rodata.str1.6257995686053783187.1)
                  000133f5    00000010     app.o (.rodata.str1.10370861725203452414.1)
                  00013405    00000010     app.o (.rodata.str1.6838489472292434579.1)
                  00013415    0000000e     oled_ui.o (.rodata.str1.10416366799939242409.1)
                  00013423    0000000e     app.o (.rodata.str1.11016788133198141870.1)
                  00013431    0000000d     app.o (.rodata.str1.11879963978103418143.1)
                  0001343e    0000000d     app.o (.rodata.str1.5602021903949372904.1)
                  0001344b    00000001     --HOLE-- [fill = 0]
                  0001344c    0000000c     oled_ui.o (.rodata..Lswitch.table.OledUi_Update_20ms)
                  00013458    0000000c     app.o (.rodata..Lswitch.table.app_remote_dispatch_tokens)
                  00013464    0000000c     app.o (.rodata.str1.15806209423872462041.1)
                  00013470    0000000c     app.o (.rodata.str1.2636138999981784935.1)
                  0001347c    0000000c     app.o (.rodata.str1.300513063366140995.1)
                  00013488    0000000c     app.o (.rodata.str1.8821673477993256101.1)
                  00013494    0000000c     app.o (.rodata.str1.9736592238987147851.1)
                  000134a0    0000000b     app.o (.rodata.str1.13935281678674483141.1)
                  000134ab    0000000b     app.o (.rodata.str1.16692611307951120442.1)
                  000134b6    0000000a     ti_msp_dl_config.o (.rodata.gUART_BLUETOOTHConfig)
                  000134c0    0000000a     ti_msp_dl_config.o (.rodata.gUART_VISIONConfig)
                  000134ca    0000000a     oled_ui.o (.rodata.str1.12043213579996415112.1)
                  000134d4    0000000a     mission_library.o (.rodata.str1.13636476544574750902.1)
                  000134de    0000000a     mission_library.o (.rodata.str1.15668266851434757964.1)
                  000134e8    0000000a     mission_library.o (.rodata.str1.199678142196697465.1)
                  000134f2    0000000a     vision_tuning_console.o (.rodata.str1.4859846923128959820.1)
                  000134fc    0000000a     vision_tuning_console.o (.rodata.str1.7225688704195888286.1)
                  00013506    00000002     ti_msp_dl_config.o (.rodata.gUART_VISIONClockConfig)
                  00013508    00000008     ti_msp_dl_config.o (.rodata.gPWM_MOTORConfig)
                  00013510    00000008     vision_tuning_console.o (.rodata.str1.11718269490974306969.1)
                  00013518    00000008     oled_ui.o (.rodata.str1.17763996158807330232.1)
                  00013520    00000008     vision_tuning_console.o (.rodata.str1.3293472937029561918.1)
                  00013528    00000008     oled_ui.o (.rodata.str1.9159586779647977165.1)
                  00013530    00000008     oled_ui.o (.rodata.str1.9611283282870761829.1)
                  00013538    00000008     oled_ui.o (.rodata.str1.9646571805098343045.1)
                  00013540    00000007     vision_tuning_console.o (.rodata.str1.10860306953068020798.1)
                  00013547    00000007     app.o (.rodata.str1.11496703787469058505.1)
                  0001354e    00000007     app.o (.rodata.str1.11849843482968746561.1)
                  00013555    00000007     mission_library.o (.rodata.str1.1440970855772709381.1)
                  0001355c    00000007     app.o (.rodata.str1.16143489755095309550.1)
                  00013563    00000007     mission_manager.o (.rodata.str1.378057020374253378.1)
                  0001356a    00000007     app.o (.rodata.str1.4454204961402941108.1)
                  00013571    00000007     app.o (.rodata.str1.5290328808575308624.1)
                  00013578    00000007     oled_ui.o (.rodata.str1.7219546930854689545.1)
                  0001357f    00000006     app.o (.rodata.str1.10188681061226583994.1)
                  00013585    00000006     oled_ui.o (.rodata.str1.10263419832828250601.1)
                  0001358b    00000006     vision_tuning_console.o (.rodata.str1.10319329813075420582.1)
                  00013591    00000006     oled_ui.o (.rodata.str1.1108652269057166745.1)
                  00013597    00000006     app.o (.rodata.str1.13047991517565047521.1)
                  0001359d    00000006     app.o (.rodata.str1.13595109925716521204.1)
                  000135a3    00000006     oled_ui.o (.rodata.str1.1445687256832830955.1)
                  000135a9    00000006     app.o (.rodata.str1.15213098692428571688.1)
                  000135af    00000006     oled_ui.o (.rodata.str1.16526439943277383452.1)
                  000135b5    00000006     oled_ui.o (.rodata.str1.16635595130967924751.1)
                  000135bb    00000006     car_state.o (.rodata.str1.1675797584173499143.1)
                  000135c1    00000006     app.o (.rodata.str1.16845902142436992655.1)
                  000135c7    00000006     app.o (.rodata.str1.16907334182888988062.1)
                  000135cd    00000006     oled_ui.o (.rodata.str1.17540787658903907660.1)
                  000135d3    00000006     oled_ui.o (.rodata.str1.2308938766145545715.1)
                  000135d9    00000006     oled_ui.o (.rodata.str1.240075016795266086.1)
                  000135df    00000006     app.o (.rodata.str1.3926683289694998730.1)
                  000135e5    00000006     vision_tuning_console.o (.rodata.str1.4028100529439820245.1)
                  000135eb    00000006     car_state.o (.rodata.str1.41590466491370331.1)
                  000135f1    00000006     car_controller.o (.rodata.str1.5475209154116713896.1)
                  000135f7    00000006     app.o (.rodata.str1.7777424699149452427.1)
                  000135fd    00000006     app.o (.rodata.str1.8214673950224663419.1)
                  00013603    00000006     oled_ui.o (.rodata.str1.8236579331345056500.1)
                  00013609    00000006     oled_ui.o (.rodata.str1.9584387800903135389.1)
                  0001360f    00000005     motion_action.o (.rodata..Lswitch.table.MotionAction_Update_20ms)
                  00013614    00000005     oled.o (.rodata.oled_get_glyph.colon)
                  00013619    00000005     oled.o (.rodata.oled_get_glyph.eight)
                  0001361e    00000005     oled.o (.rodata.oled_get_glyph.five)
                  00013623    00000005     oled.o (.rodata.oled_get_glyph.four)
                  00013628    00000005     oled.o (.rodata.oled_get_glyph.glyphA)
                  0001362d    00000005     oled.o (.rodata.oled_get_glyph.glyphB)
                  00013632    00000005     oled.o (.rodata.oled_get_glyph.glyphC)
                  00013637    00000005     oled.o (.rodata.oled_get_glyph.glyphD)
                  0001363c    00000005     oled.o (.rodata.oled_get_glyph.glyphE)
                  00013641    00000005     oled.o (.rodata.oled_get_glyph.glyphF)
                  00013646    00000005     oled.o (.rodata.oled_get_glyph.glyphG)
                  0001364b    00000005     oled.o (.rodata.oled_get_glyph.glyphH)
                  00013650    00000005     oled.o (.rodata.oled_get_glyph.glyphI)
                  00013655    00000005     oled.o (.rodata.oled_get_glyph.glyphK)
                  0001365a    00000005     oled.o (.rodata.oled_get_glyph.glyphL)
                  0001365f    00000005     oled.o (.rodata.oled_get_glyph.glyphM)
                  00013664    00000005     oled.o (.rodata.oled_get_glyph.glyphN)
                  00013669    00000005     oled.o (.rodata.oled_get_glyph.glyphO)
                  0001366e    00000005     oled.o (.rodata.oled_get_glyph.glyphP)
                  00013673    00000005     oled.o (.rodata.oled_get_glyph.glyphR)
                  00013678    00000005     oled.o (.rodata.oled_get_glyph.glyphS)
                  0001367d    00000005     oled.o (.rodata.oled_get_glyph.glyphT)
                  00013682    00000005     oled.o (.rodata.oled_get_glyph.glyphU)
                  00013687    00000005     oled.o (.rodata.oled_get_glyph.glyphV)
                  0001368c    00000005     oled.o (.rodata.oled_get_glyph.glyphW)
                  00013691    00000005     oled.o (.rodata.oled_get_glyph.glyphX)
                  00013696    00000005     oled.o (.rodata.oled_get_glyph.glyphY)
                  0001369b    00000005     oled.o (.rodata.oled_get_glyph.glyphb)
                  000136a0    00000005     oled.o (.rodata.oled_get_glyph.gt)
                  000136a5    00000005     oled.o (.rodata.oled_get_glyph.minus)
                  000136aa    00000005     oled.o (.rodata.oled_get_glyph.nine)
                  000136af    00000005     oled.o (.rodata.oled_get_glyph.one)
                  000136b4    00000005     oled.o (.rodata.oled_get_glyph.seven)
                  000136b9    00000005     oled.o (.rodata.oled_get_glyph.six)
                  000136be    00000005     oled.o (.rodata.oled_get_glyph.space)
                  000136c3    00000005     oled.o (.rodata.oled_get_glyph.three)
                  000136c8    00000005     oled.o (.rodata.oled_get_glyph.two)
                  000136cd    00000005     oled.o (.rodata.oled_get_glyph.zero)
                  000136d2    00000005     app.o (.rodata.str1.10026493563230703648.1)
                  000136d7    00000005     app.o (.rodata.str1.1203029987332226495.1)
                  000136dc    00000005     oled_ui.o (.rodata.str1.12182588061437138428.1)
                  000136e1    00000005     app.o (.rodata.str1.12290654951824413813.1)
                  000136e6    00000005     app.o (.rodata.str1.12441497784875596899.1)
                  000136eb    00000005     car_controller.o (.rodata.str1.12442237994239546032.1)
                  000136f0    00000005     oled_ui.o (.rodata.str1.12697925274637991987.1)
                  000136f5    00000005     app.o (.rodata.str1.12846834802551182568.1)
                  000136fa    00000005     app.o (.rodata.str1.13152753855131087754.1)
                  000136ff    00000005     app.o (.rodata.str1.1329290160258583221.1)
                  00013704    00000005     oled_ui.o (.rodata.str1.13567883086814673087.1)
                  00013709    00000005     oled_ui.o (.rodata.str1.13790669171379415506.1)
                  0001370e    00000005     oled_ui.o (.rodata.str1.13871579367539052597.1)
                  00013713    00000005     vision_pitch_tuning.o (.rodata.str1.13915893147848268398.1)
                  00013718    00000005     oled_ui.o (.rodata.str1.14358698208395374265.1)
                  0001371d    00000005     fault.o (.rodata.str1.14435905801345341244.1)
                  00013722    00000005     app.o (.rodata.str1.14614617329940285853.1)
                  00013727    00000005     oled_ui.o (.rodata.str1.14711868471336838103.1)
                  0001372c    00000005     fault.o (.rodata.str1.1506612114648992996.1)
                  00013731    00000005     oled_ui.o (.rodata.str1.15613891207764622616.1)
                  00013736    00000005     oled_ui.o (.rodata.str1.15817398807211891688.1)
                  0001373b    00000005     oled_ui.o (.rodata.str1.16290499236105125126.1)
                  00013740    00000005     oled_ui.o (.rodata.str1.16411631209783952401.1)
                  00013745    00000005     car_controller.o (.rodata.str1.1652194605229746967.1)
                  0001374a    00000005     oled_ui.o (.rodata.str1.16931641404301806744.1)
                  0001374f    00000005     oled_ui.o (.rodata.str1.16939060351352778619.1)
                  00013754    00000005     fault.o (.rodata.str1.17097894860660336008.1)
                  00013759    00000005     fault.o (.rodata.str1.17155043670132108083.1)
                  0001375e    00000005     vision_tuning_console.o (.rodata.str1.17265544270347038021.1)
                  00013763    00000005     app.o (.rodata.str1.17432819948416611743.1)
                  00013768    00000005     oled_ui.o (.rodata.str1.17464849429964608858.1)
                  0001376d    00000005     oled_ui.o (.rodata.str1.17763087492223448992.1)
                  00013772    00000005     app.o (.rodata.str1.1796468832600293665.1)
                  00013777    00000005     app.o (.rodata.str1.17980129702820282969.1)
                  0001377c    00000005     oled_ui.o (.rodata.str1.1974573040514735405.1)
                  00013781    00000005     fault.o (.rodata.str1.2104670281202025270.1)
                  00013786    00000005     oled_ui.o (.rodata.str1.2522137003438374266.1)
                  0001378b    00000005     app.o (.rodata.str1.2568190970272041647.1)
                  00013790    00000005     app.o (.rodata.str1.2606929252065540862.1)
                  00013795    00000005     oled_ui.o (.rodata.str1.2742282290834473644.1)
                  0001379a    00000005     oled_ui.o (.rodata.str1.2983744876309220570.1)
                  0001379f    00000005     oled_ui.o (.rodata.str1.3467953211977455017.1)
                  000137a4    00000005     app.o (.rodata.str1.3543938948723267646.1)
                  000137a9    00000005     oled_ui.o (.rodata.str1.3702290527496711532.1)
                  000137ae    00000005     car_controller.o (.rodata.str1.4164979912472006574.1)
                  000137b3    00000005     app.o (.rodata.str1.4360399834097859481.1)
                  000137b8    00000005     fault.o (.rodata.str1.4453281041433270631.1)
                  000137bd    00000005     fault.o (.rodata.str1.4549004730087743662.1)
                  000137c2    00000005     oled_ui.o (.rodata.str1.4581472623415959594.1)
                  000137c7    00000005     oled_ui.o (.rodata.str1.4610220316623841660.1)
                  000137cc    00000005     car_controller.o (.rodata.str1.4850163232891874878.1)
                  000137d1    00000005     menu.o (.rodata.str1.4862307748908978627.1)
                  000137d6    00000005     app.o (.rodata.str1.5135238925662358659.1)
                  000137db    00000005     app.o (.rodata.str1.5950367083599167409.1)
                  000137e0    00000005     fault.o (.rodata.str1.6372787129294360447.1)
                  000137e5    00000005     fault.o (.rodata.str1.6437946768974223044.1)
                  000137ea    00000005     app.o (.rodata.str1.6810515665389614968.1)
                  000137ef    00000005     app.o (.rodata.str1.6937253152838018734.1)
                  000137f4    00000005     car_controller.o (.rodata.str1.702403006289709404.1)
                  000137f9    00000005     oled_ui.o (.rodata.str1.7419768602719733415.1)
                  000137fe    00000005     vision_yaw_tuning.o (.rodata.str1.7764041101441114269.1)
                  00013803    00000005     oled_ui.o (.rodata.str1.7774807581888385879.1)
                  00013808    00000005     oled_ui.o (.rodata.str1.8124536758062367015.1)
                  0001380d    00000005     app.o (.rodata.str1.8149634197813164057.1)
                  00013812    00000005     fault.o (.rodata.str1.8185770893384132067.1)
                  00013817    00000005     car_state.o (.rodata.str1.8223341253983108753.1)
                  0001381c    00000005     oled_ui.o (.rodata.str1.8399051469953744892.1)
                  00013821    00000005     oled_ui.o (.rodata.str1.8403269972884532600.1)
                  00013826    00000005     oled_ui.o (.rodata.str1.8426569189266129334.1)
                  0001382b    00000005     oled_ui.o (.rodata.str1.8460525935980491721.1)
                  00013830    00000005     app.o (.rodata.str1.8682387830711593804.1)
                  00013835    00000005     oled_ui.o (.rodata.str1.8693388333057100694.1)
                  0001383a    00000005     car_state.o (.rodata.str1.8698975129455933903.1)
                  0001383f    00000005     oled_ui.o (.rodata.str1.8950259614286592359.1)
                  00013844    00000005     app.o (.rodata.str1.8951131030274028623.1)
                  00013849    00000005     oled_ui.o (.rodata.str1.9102528229756940648.1)
                  0001384e    00000005     oled_ui.o (.rodata.str1.9295666102996717355.1)
                  00013853    00000005     oled_ui.o (.rodata.str1.9351772214919528733.1)
                  00013858    00000005     oled_ui.o (.rodata.str1.9822857334037886482.1)
                  0001385d    00000005     car_controller.o (.rodata.str1.9981487771679760427.1)
                  00013862    00000004     oled_ui.o (.rodata.str1.10077435089618835710.1)
                  00013866    00000004     oled_ui.o (.rodata.str1.1019225241002246410.1)
                  0001386a    00000004     app.o (.rodata.str1.10250497020811341304.1)
                  0001386e    00000004     oled_ui.o (.rodata.str1.10430294223631918979.1)
                  00013872    00000004     app.o (.rodata.str1.10450196737795524526.1)
                  00013876    00000004     oled_ui.o (.rodata.str1.10568433575767188072.1)
                  0001387a    00000004     oled_ui.o (.rodata.str1.11232419324784801130.1)
                  0001387e    00000004     oled_ui.o (.rodata.str1.11428648044669318875.1)
                  00013882    00000004     app.o (.rodata.str1.1201226133333828823.1)
                  00013886    00000004     menu.o (.rodata.str1.12110183915172842339.1)
                  0001388a    00000004     oled_ui.o (.rodata.str1.12493748764729730277.1)
                  0001388e    00000004     oled_ui.o (.rodata.str1.12617122458660443890.1)
                  00013892    00000004     car_controller.o (.rodata.str1.12661897076542654461.1)
                  00013896    00000004     oled_ui.o (.rodata.str1.12928245060369742404.1)
                  0001389a    00000004     oled_ui.o (.rodata.str1.12983537867572525563.1)
                  0001389e    00000004     oled_ui.o (.rodata.str1.13244290092665904221.1)
                  000138a2    00000004     fault.o (.rodata.str1.13582094816268305212.1)
                  000138a6    00000004     oled_ui.o (.rodata.str1.13882251010780863896.1)
                  000138aa    00000004     car_state.o (.rodata.str1.13986535679874659196.1)
                  000138ae    00000004     vision_tuning_console.o (.rodata.str1.14084955404328172175.1)
                  000138b2    00000004     oled_ui.o (.rodata.str1.14134189893851348960.1)
                  000138b6    00000004     oled_ui.o (.rodata.str1.14521350379984854626.1)
                  000138ba    00000004     oled_ui.o (.rodata.str1.15008238333949226094.1)
                  000138be    00000004     oled_ui.o (.rodata.str1.15575624326185233262.1)
                  000138c2    00000004     oled_ui.o (.rodata.str1.15577080202403550426.1)
                  000138c6    00000004     oled_ui.o (.rodata.str1.15802367878353263018.1)
                  000138ca    00000004     oled_ui.o (.rodata.str1.15829239520183577662.1)
                  000138ce    00000004     oled_ui.o (.rodata.str1.15935041339501476673.1)
                  000138d2    00000004     menu.o (.rodata.str1.16312125044762562515.1)
                  000138d6    00000004     fault.o (.rodata.str1.16482347271627360806.1)
                  000138da    00000004     oled_ui.o (.rodata.str1.16554583589798097927.1)
                  000138de    00000004     vision_pitch_tuning.o (.rodata.str1.16579632732967443104.1)
                  000138e2    00000004     oled_ui.o (.rodata.str1.16849766574302683489.1)
                  000138e6    00000004     menu.o (.rodata.str1.17041139162815566052.1)
                  000138ea    00000004     car_controller.o (.rodata.str1.17172356789460551389.1)
                  000138ee    00000004     oled_ui.o (.rodata.str1.17274519358952562110.1)
                  000138f2    00000004     car_controller.o (.rodata.str1.18191498530309206443.1)
                  000138f6    00000004     oled_ui.o (.rodata.str1.18266126048138325213.1)
                  000138fa    00000004     oled_ui.o (.rodata.str1.18379317056176403938.1)
                  000138fe    00000004     app.o (.rodata.str1.1893846744673705871.1)
                  00013902    00000004     oled_ui.o (.rodata.str1.2656948373757303877.1)
                  00013906    00000004     oled_ui.o (.rodata.str1.270145429241168923.1)
                  0001390a    00000004     oled_ui.o (.rodata.str1.3407221357956504873.1)
                  0001390e    00000004     oled_ui.o (.rodata.str1.3455423528827705371.1)
                  00013912    00000004     car_state.o (.rodata.str1.3601627812925153765.1)
                  00013916    00000004     oled_ui.o (.rodata.str1.4402311448527872260.1)
                  0001391a    00000004     oled_ui.o (.rodata.str1.4581686099848791648.1)
                  0001391e    00000004     oled_ui.o (.rodata.str1.4582914374586912483.1)
                  00013922    00000004     oled_ui.o (.rodata.str1.5004483696121082904.1)
                  00013926    00000004     oled_ui.o (.rodata.str1.5853739094453432564.1)
                  0001392a    00000004     oled_ui.o (.rodata.str1.5965450730569173784.1)
                  0001392e    00000004     oled_ui.o (.rodata.str1.5965888106848176421.1)
                  00013932    00000004     oled_ui.o (.rodata.str1.6806727740681590176.1)
                  00013936    00000004     menu.o (.rodata.str1.6857549598058878762.1)
                  0001393a    00000004     oled_ui.o (.rodata.str1.6954814719705590448.1)
                  0001393e    00000004     oled_ui.o (.rodata.str1.7185587941321649510.1)
                  00013942    00000004     app.o (.rodata.str1.7228600276961548272.1)
                  00013946    00000004     fault.o (.rodata.str1.7255546073596598018.1)
                  0001394a    00000004     oled_ui.o (.rodata.str1.8018480777946742726.1)
                  0001394e    00000004     oled_ui.o (.rodata.str1.8471462185882660445.1)
                  00013952    00000004     oled_ui.o (.rodata.str1.8783421139296713095.1)
                  00013956    00000004     app.o (.rodata.str1.9222971948914276833.1)
                  0001395a    00000004     car_controller.o (.rodata.str1.9234375891235759983.1)
                  0001395e    00000004     vision_tuning_console.o (.rodata.str1.9292707793305368794.1)
                  00013962    00000004     vision_yaw_tuning.o (.rodata.str1.9489746196023004463.1)
                  00013966    00000004     oled_ui.o (.rodata.str1.967006512144173535.1)
                  0001396a    00000004     oled_ui.o (.rodata.str1.9854382722193312766.1)
                  0001396e    00000003     ti_msp_dl_config.o (.rodata.gPWM_MOTORClockConfig)
                  00013971    00000003     oled_ui.o (.rodata.str1.10509309789429088155.1)
                  00013974    00000003     vision_pitch_tuning.o (.rodata.str1.10553819018306626402.1)
                  00013977    00000003     vision_tuning_console.o (.rodata.str1.12197883643583142124.1)
                  0001397a    00000003     app.o (.rodata.str1.12363847334704989178.1)
                  0001397d    00000003     oled_ui.o (.rodata.str1.130772507669342127.1)
                  00013980    00000003     menu.o (.rodata.str1.13124720451672825294.1)
                  00013983    00000003     menu.o (.rodata.str1.14098755746347272832.1)
                  00013986    00000003     app.o (.rodata.str1.14141965288680528547.1)
                  00013989    00000003     oled_ui.o (.rodata.str1.14556837007311414654.1)
                  0001398c    00000003     oled_ui.o (.rodata.str1.14740362735394205067.1)
                  0001398f    00000003     oled_ui.o (.rodata.str1.14774750633985060196.1)
                  00013992    00000003     vision_pitch_tuning.o (.rodata.str1.15082469624955958926.1)
                  00013995    00000003     oled_ui.o (.rodata.str1.15132332204781002199.1)
                  00013998    00000003     vision_yaw_tuning.o (.rodata.str1.15455206247194842411.1)
                  0001399b    00000003     oled_ui.o (.rodata.str1.15859922799842739878.1)
                  0001399e    00000003     vision_tuning_console.o (.rodata.str1.16336339630363933256.1)
                  000139a1    00000003     app.o (.rodata.str1.16363875852440222089.1)
                  000139a4    00000003     app.o (.rodata.str1.16810183106006904764.1)
                  000139a7    00000003     oled_ui.o (.rodata.str1.16895433903389883335.1)
                  000139aa    00000003     vision_pitch_tuning.o (.rodata.str1.17185918124541117546.1)
                  000139ad    00000003     oled_ui.o (.rodata.str1.17812014771544466701.1)
                  000139b0    00000003     oled_ui.o (.rodata.str1.17884296644359297425.1)
                  000139b3    00000003     vision_pitch_tuning.o (.rodata.str1.18308346119964257230.1)
                  000139b6    00000003     oled_ui.o (.rodata.str1.2193316011307952170.1)
                  000139b9    00000003     vision_pitch_tuning.o (.rodata.str1.2353024170771920291.1)
                  000139bc    00000003     oled_ui.o (.rodata.str1.2603845803395459882.1)
                  000139bf    00000003     oled_ui.o (.rodata.str1.2608729314174233125.1)
                  000139c2    00000003     oled_ui.o (.rodata.str1.3025253791635144717.1)
                  000139c5    00000003     vision_yaw_tuning.o (.rodata.str1.4032468970572441659.1)
                  000139c8    00000003     menu.o (.rodata.str1.4646809750356241979.1)
                  000139cb    00000003     vision_yaw_tuning.o (.rodata.str1.6393086909333857079.1)
                  000139ce    00000003     vision_yaw_tuning.o (.rodata.str1.6657421771701333087.1)
                  000139d1    00000003     app.o (.rodata.str1.6842359452639101718.1)
                  000139d4    00000003     fault.o (.rodata.str1.8193046109637024842.1)
                  000139d7    00000003     oled_ui.o (.rodata.str1.9229350655415085.1)
                  000139da    00000003     oled_ui.o (.rodata.str1.9544068167406571052.1)
                  000139dd    00000002     oled_ui.o (.rodata.str1.15917848551323629232.1)
                  000139df    00000001     --HOLE-- [fill = 0]

.init_array 
*          0    00000000    00000000     UNINITIALIZED

.binit     0    00000000    00000000     

.bss       0    20200000    00001476     UNINITIALIZED
                  20200000    00000400     oled.o (.bss.g_oledFrame)
                  20200400    00000200     vision_receiver.o (.bss.g_ring)
                  20200600    000001c8     runtime_snapshot.o (.bss.g_snapshot)
                  202007c8    00000194     app.o (.bss.g_remoteCommandCache)
                  2020095c    00000110     (.common:g_appConfig)
                  20200a6c    00000100     vision_tuning_console.o (.bss.g_rxRing)
                  20200b6c    00000100     bluetooth_uart.o (.bss.g_txRing)
                  20200c6c    00000100     vision_tuning_console.o (.bss.g_txRing)
                  20200d6c    00000084     (.common:g_imuRuntime)
                  20200df0    00000080     bluetooth_uart.o (.bss.g_rxRing)
                  20200e70    0000007c     motor_control.o (.bss.g_runtime)
                  20200eec    0000006c     (.common:g_appRuntime)
                  20200f58    00000058     vision_receiver.o (.bss.g_status)
                  20200fb0    00000058     (.common:g_wheelSpeedEstimatorRuntime)
                  20201008    00000040     gimbal.o (.bss.g_feedback)
                  20201048    00000040     vision_tuning_console.o (.bss.g_line)
                  20201088    00000040     line_controller.o (.bss.g_lineRuntime)
                  202010c8    00000040     app.o (.bss.g_remoteDispatchPayload)
                  20201108    00000040     app.o (.bss.g_remoteLine)
                  20201148    00000030     mission_manager.o (.bss.g_transientActions)
                  20201178    00000030     (.common:gUART_VISIONBackup)
                  202011a8    0000002c     vision_receiver.o (.bss.g_observation)
                  202011d4    0000002c     empty.o (.bss.g_schedulerStats)
                  20201200    00000028     vision_receiver.o (.bss.g_frame)
                  20201228    00000020     bluetooth_uart.o (.bss.g_runtime)
                  20201248    0000001c     mission_manager.o (.bss.g_missionRuntime)
                  20201264    0000001c     (.common:g_headingRuntime)
                  20201280    00000018     obstacle_avoidance.o (.bss.g_avoidFeedback)
                  20201298    00000018     gimbal_stepper.o (.bss.g_feedback)
                  202012b0    00000018     vision_pitch_tuning.o (.bss.g_status)
                  202012c8    00000018     vision_tuning_console.o (.bss.g_status)
                  202012e0    00000014     motion_action.o (.bss.g_motionActionRuntime)
                  202012f4    00000004     imu.o (.bss.g_elapsedSinceValidSampleMs)
                  202012f8    00000014     vision_yaw_tuning.o (.bss.g_status)
                  2020130c    00000014     watchdog_monitor.o (.bss.g_status)
                  20201320    00000010     fault.o (.bss.g_faultRecord)
                  20201330    00000010     motor.o (.bss.g_motorRuntime)
                  20201340    00000010     mission_manager.o (.bss.g_transientDefinition)
                  20201350    0000000e     car_controller.o (.bss.g_carControllerFeedback)
                  2020135e    00000002     ultrasonic.o (.bss.g_echoTicks)
                  20201360    0000000e     ultrasonic.o (.bss.g_ultrasonicFeedback)
                  2020136e    00000002     app.o (.bss.g_remoteLastErrorCode)
                  20201370    0000000c     magnet.o (.bss.g_runtime)
                  2020137c    0000000c     debug_telemetry.o (.bss.g_status)
                  20201388    00000008     obstacle_monitor.o (.bss.g_obstacleFeedback)
                  20201390    00000008     app.o (.bss.g_remoteDispatchCommand)
                  20201398    00000008     gimbal.o (.bss.g_yawContinuousDegX10)
                  202013a0    00000008     gimbal.o (.bss.g_yawLockedWorldYawDegX10)
                  202013a8    00000008     gimbal.o (.bss.g_yawTargetContinuousDegX10)
                  202013b0    00000008     gimbal.o (.bss.g_yawWorldTargetDegX10)
                  202013b8    00000008     gimbal.o (.bss.g_yawWrappedDegX10)
                  202013c0    00000006     ultrasonic.o (.bss.g_distanceSamples)
                  202013c6    00000006     key.o (.bss.g_key1)
                  202013cc    00000006     key.o (.bss.g_key2)
                  202013d2    00000006     key.o (.bss.g_key3)
                  202013d8    00000004     debug_telemetry.o (.bss.g_lastFrameMs)
                  202013dc    00000004     watchdog_monitor.o (.bss.g_lastTickMs)
                  202013e0    00000004     wheel_speed_estimator.o (.bss.g_latchedErrorFlags)
                  202013e4    00000004     empty.o (.bss.g_localTimeMs)
                  202013e8    00000004     encoder.o (.bss.g_motorAPulses)
                  202013ec    00000004     encoder.o (.bss.g_motorBPulses)
                  202013f0    00000004     imu.o (.bss.g_previousValidCorrectedGyroZDps)
                  202013f4    00000004     app.o (.bss.g_remoteActionId)
                  202013f8    00000004     app.o (.bss.g_remoteActionSequence)
                  202013fc    00000004     app.o (.bss.g_remoteActionStartMs)
                  20201400    00000004     app.o (.bss.g_remoteDispatchSequence)
                  20201404    00000004     app.o (.bss.g_remoteLastActionId)
                  20201408    00000004     app.o (.bss.g_remoteLastDurationMs)
                  2020140c    00000004     app.o (.bss.g_remoteLineLastByteMs)
                  20201410    00000004     mission_manager.o (.bss.g_selectedDefinition)
                  20201414    00000004     servo.o (.bss.g_servoFeedback)
                  20201418    00000004     gimbal.o (.bss.g_yawCommandedRpm)
                  2020141c    00000004     gimbal.o (.bss.g_yawTargetRpm)
                  20201420    00000004     empty.o (.bss.main.lastAppUpdateMs)
                  20201424    00000002     vision_receiver.o (.bss.g_ringHead)
                  20201426    00000002     vision_receiver.o (.bss.g_ringTail)
                  20201428    00000002     bluetooth_uart.o (.bss.g_rxHead)
                  2020142a    00000002     vision_tuning_console.o (.bss.g_rxHead)
                  2020142c    00000002     bluetooth_uart.o (.bss.g_rxTail)
                  2020142e    00000002     vision_tuning_console.o (.bss.g_rxTail)
                  20201430    00000002     servo.o (.bss.g_servoPwmPhase)
                  20201432    00000002     ultrasonic.o (.bss.g_stateTicks)
                  20201434    00000002     bluetooth_uart.o (.bss.g_txHead)
                  20201436    00000002     vision_tuning_console.o (.bss.g_txHead)
                  20201438    00000002     bluetooth_uart.o (.bss.g_txTail)
                  2020143a    00000002     vision_tuning_console.o (.bss.g_txTail)
                  2020143c    00000002     (.common:g_trackError)
                  2020143e    00000001     oled_ui.o (.bss.OledUi_Update_20ms.flushRow)
                  2020143f    00000001     oled_ui.o (.bss.OledUi_Update_20ms.refreshDivider)
                  20201440    00000001     empty.o (.bss.SysTick_Handler.controlMsCount)
                  20201441    00000001     empty.o (.bss.SysTick_Handler.tick100usCount)
                  20201442    00000001     ultrasonic.o (.bss.Ultrasonic_Update_20ms.triggerDivider)
                  20201443    00000001     empty.o (.bss.g_appUpdatePending)
                  20201444    00000001     vision_tuning_console.o (.bss.g_capturing)
                  20201445    00000001     car_state.o (.bss.g_carState)
                  20201446    00000001     obstacle_monitor.o (.bss.g_centerSettleTicks)
                  20201447    00000001     vision_tuning_console.o (.bss.g_commandTarget)
                  20201448    00000001     ultrasonic.o (.bss.g_distanceSampleCount)
                  20201449    00000001     ultrasonic.o (.bss.g_distanceSampleIndex)
                  2020144a    00000001     emergency_stop.o (.bss.g_emergencyStopActive)
                  2020144b    00000001     watchdog_monitor.o (.bss.g_faultApplied)
                  2020144c    00000001     watchdog_monitor.o (.bss.g_faultPending)
                  2020144d    00000001     vision_receiver.o (.bss.g_frameSize)
                  2020144e    00000001     imu.o (.bss.g_integrationHistoryValid)
                  2020144f    00000001     wheel_speed_estimator.o (.bss.g_leftFilterInitialized)
                  20201450    00000001     vision_tuning_console.o (.bss.g_lineSize)
                  20201451    00000001     obstacle_safety.o (.bss.g_obstacleSafetyHolding)
                  20201452    00000001     oled.o (.bss.g_oledColumn)
                  20201453    00000001     menu.o (.bss.g_oledPage)
                  20201454    00000001     oled.o (.bss.g_oledPage)
                  20201455    00000001     encoder.o (.bss.g_overflowFlags)
                  20201456    00000001     menu.o (.bss.g_paramItem)
                  20201457    00000001     menu.o (.bss.g_paramReturnPage)
                  20201458    00000001     key.o (.bss.g_pendingEvent)
                  20201459    00000001     vision_tuning_console.o (.bss.g_prefixIndex)
                  2020145a    00000001     vision_tuning_console.o (.bss.g_prefixTarget)
                  2020145b    00000001     app.o (.bss.g_remoteAction)
                  2020145c    00000001     app.o (.bss.g_remoteActionSequenced)
                  2020145d    00000001     app.o (.bss.g_remoteDiscardInvalid)
                  2020145e    00000001     app.o (.bss.g_remoteDiscardLine)
                  2020145f    00000001     app.o (.bss.g_remoteLastAction)
                  20201460    00000001     app.o (.bss.g_remoteLastResult)
                  20201461    00000001     app.o (.bss.g_remoteLineLength)
                  20201462    00000001     app.o (.bss.g_remoteSequenceDispatch)
                  20201463    00000001     wheel_speed_estimator.o (.bss.g_rightFilterInitialized)
                  20201464    00000001     car_controller.o (.bss.g_safetyHold)
                  20201465    00000001     imu.o (.bss.g_shortGapPending)
                  20201466    00000001     motor_control.o (.bss.g_targetRefreshed)
                  20201467    00000001     mission_manager.o (.bss.g_transientActionActive)
                  20201468    00000001     ultrasonic.o (.bss.g_triggerRequest)
                  20201469    00000001     ultrasonic.o (.bss.g_ultrasonicState)
                  2020146a    00000001     gimbal.o (.bss.g_yawLimitClamped)
                  2020146b    00000001     gimbal.o (.bss.g_yawLimitDirection)
                  2020146c    00000001     gimbal.o (.bss.g_yawPositionValid)
                  2020146d    00000001     gimbal.o (.bss.g_yawWorldLockEnabled)
                  2020146e    00000001     (.common:g_carStateDebug)
                  2020146f    00000001     (.common:g_keyEvent)
                  20201470    00000001     (.common:g_oledPageDebug)
                  20201471    00000001     (.common:g_paramItemDebug)
                  20201472    00000001     (.common:g_trackBlackCount)
                  20201473    00000001     (.common:g_trackModeDebug)
                  20201474    00000001     (.common:g_trackRaw)
                  20201475    00000001     (.common:g_trackTurnDebug)

.data      0    20201478    00000006     UNINITIALIZED
                  20201478    00000004     app.o (.data.g_remoteNextActionId)
                  2020147c    00000001     car_controller.o (.data.g_followTurnPolicy)
                  2020147d    00000001     app.o (.data.g_remoteGear)

.stack     0    20207e00    00000200     UNINITIALIZED
                  20207e00    00000004     libc.a : boot_cortex_m.c.obj (.stack)
                  20207e04    000001fc     --HOLE--

__llvm_prf_cnts 
*          0    20200000    00000000     UNINITIALIZED

__llvm_prf_bits 
*          0    20200000    00000000     UNINITIALIZED

MODULE SUMMARY

       Module                         code    ro data   rw data
       ------                         ----    -------   -------
    .\
       app.o                          19320   711       593    
       oled_ui.o                      10548   657       2      
       vision_tuning_console.o        9616    102       613    
       car_controller.o               4360    92        124    
       imu.o                          4252    0         142    
       oled.o                         2006    406       1026   
       motor_control.o                2768    0         125    
       app_config.o                   2144    0         272    
       line_controller.o              2196    0         64     
       vision_receiver.o              1072    0         689    
       bluetooth_uart.o               1318    0         424    
       mission_manager.o              1556    7         97     
       runtime_snapshot.o             1192    0         456    
       motion_action.o                1368    5         20     
       wheel_speed_estimator.o        1292    0         94     
       gimbal.o                       896     0         116    
       mission_library.o              560     389       0      
       ti_msp_dl_config.o             788     35        48     
       motor.o                        776     0         16     
       menu.o                         704     58        3      
       vision_protocol.o              732     0         0      
       ultrasonic.o                   596     0         29     
       empty.o                        408     0         55     
       key.o                          436     0         19     
       fault.o                        312     65        16     
       track_sensor.o                 372     0         0      
       heading_control.o              340     0         28     
       watchdog_monitor.o             308     0         26     
       vision_pitch_tuning.o          260     48        24     
       vision_yaw_tuning.o            248     41        20     
       encoder.o                      276     0         9      
       obstacle_safety.o              272     0         1      
       obstacle_monitor.o             192     0         9      
       startup_mspm0g350x_ticlang.o   6       192       0      
       angle_utils.o                  192     0         0      
       emergency_stop.o               188     0         1      
       magnet.o                       176     0         12     
       servo.o                        176     0         6      
       vision_uart.o                  164     0         0      
       car_state.o                    60      54        1      
       obstacle_avoidance.o           62      0         24     
       debug_telemetry.o              56      0         16     
       gimbal_stepper.o               8       0         24     
    +--+------------------------------+-------+---------+---------+
       Total:                         74572   2862      5244   
                                                               
    C:/TI/mspm0_sdk_2_05_01_00/source/ti/driverlib/lib/ticlang/m0p/mspm0g1x0x_g3x0x/driverlib.a
       dl_timer.o                     388     0         0      
       dl_uart.o                      90      0         0      
       dl_common.o                    10      0         0      
    +--+------------------------------+-------+---------+---------+
       Total:                         488     0         0      
                                                               
    D:\TI\CCS\ccs\tools\compiler\ti-cgt-armllvm_4.0.4.LTS\lib\armv6m-ti-none-eabi/c/libc.a
       memcpy16.S.obj                 154     0         0      
       strcmp-armv6m.S.obj            136     0         0      
       copy_decompress_lzss.c.obj     124     0         0      
       memset16.S.obj                 98      0         0      
       autoinit.c.obj                 60      0         0      
       boot_cortex_m.c.obj            40      0         0      
       memmov.c.obj                   40      0         0      
       memcmp.c.obj                   32      0         0      
       copy_decompress_none.c.obj     18      0         0      
       copy_zero_init.c.obj           16      0         0      
       exit.c.obj                     6       0         0      
       pre_init.c.obj                 4       0         0      
    +--+------------------------------+-------+---------+---------+
       Total:                         728     0         0      
                                                               
    D:\TI\CCS\ccs\tools\compiler\ti-cgt-armllvm_4.0.4.LTS\lib\armv6m-ti-none-eabi/c/libsysbm.a
       hostexit.c.obj                 4       0         0      
    +--+------------------------------+-------+---------+---------+
       Total:                         4       0         0      
                                                               
    D:\TI\CCS\ccs\tools\compiler\ti-cgt-armllvm_4.0.4.LTS\lib\armv6m-ti-none-eabi/libclang_rt.builtins.a
       addsf3.S.obj                   216     0         0      
       udivmoddi4.S.obj               162     0         0      
       comparesf2.S.obj               140     0         0      
       mulsf3.S.obj                   140     0         0      
       divsf3.S.obj                   130     0         0      
       aeabi_fcmp.S.obj               98      0         0      
       fixsfdi.S.obj                  96      0         0      
       aeabi_idivmod.S.obj            86      0         0      
       floatdisf.S.obj                78      0         0      
       aeabi_uidivmod.S.obj           64      0         0      
       divmoddi4.c.obj                62      0         0      
       floatsisf.S.obj                60      0         0      
       muldsi3.S.obj                  58      0         0      
       fixsfsi.S.obj                  56      0         0      
       fixunssfsi.S.obj               50      0         0      
       floatunsisf.S.obj              40      0         0      
       muldi3.S.obj                   36      0         0      
       ashldi3.S.obj                  30      0         0      
       aeabi_ldivmod.S.obj            20      0         0      
       aeabi_uldivmod.S.obj           20      0         0      
       aeabi_memset.S.obj             12      0         0      
       aeabi_memcpy.S.obj             8       0         0      
       aeabi_memmove.S.obj            8       0         0      
       aeabi_div0.c.obj               4       0         0      
    +--+------------------------------+-------+---------+---------+
       Total:                         1674    0         0      
                                                               
       Stack:                         0       0         512    
       Linker Generated:              0       44        0      
    +--+------------------------------+-------+---------+---------+
       Grand Total:                   77466   2906      5756   


LINKER GENERATED COPY TABLES

__TI_cinit_table @ 000139fc records: 2, size/record: 8, table size: 16
	.bss: load addr=000139ec, load size=00000008 bytes, run addr=20200000, run size=00001476 bytes, compression=zero_init
	.data: load addr=000139f4, load size=00000008 bytes, run addr=20201478, run size=00000006 bytes, compression=lzss


LINKER GENERATED HANDLER TABLE

__TI_handler_table @ 000139e0 records: 3, size/record: 4, table size: 12
	index: 0, handler: __TI_decompress_lzss
	index: 1, handler: __TI_decompress_none
	index: 2, handler: __TI_zero_init


GLOBAL SYMBOLS: SORTED ALPHABETICALLY BY Name 

address   name                                      
-------   ----                                      
0001075f  ADC0_IRQHandler                           
0001075f  ADC1_IRQHandler                           
0001075f  AES_IRQHandler                            
00010281  Angle_Normalize180                        
0000c5b5  AppConfig_InitDefault                     
00007b69  AppConfig_LimitAll                        
0000ea19  App_Init                                  
00010939  App_ResetToReady                          
00007229  App_Update_20ms                           
00012e9d  BluetoothUart_GetRuntime                  
000109d1  BluetoothUart_Init                        
0000e8cd  BluetoothUart_Process                     
000123ad  BluetoothUart_TryReadByte                 
0000d1f9  BluetoothUart_TryWriteBuffer              
00012375  BluetoothUart_TryWriteString              
00012f5a  C$$EXIT                                   
0001075f  CANFD0_IRQHandler                         
00012ea5  CarController_GetFeedback                 
00010e55  CarController_GetRunMode                  
00012d79  CarController_Init                        
00012d85  CarController_IsSafetyHoldActive          
00010401  CarController_ResetRuntime                
00010b95  CarController_ResetTransientState         
00012b45  CarController_RunModeToString             
00010ee9  CarController_SetSafetyHold               
000100e5  CarController_StartDriveDistance          
0000dea1  CarController_StartDriveDistanceAtYaw     
00011075  CarController_StartDriveHeading           
00011f2d  CarController_StartFollowLine             
00010b01  CarController_StartTurnToYawRelative      
[...]
20200d6c  g_imuRuntime                              
2020146f  g_keyEvent                                
20201470  g_oledPageDebug                           
20201471  g_paramItemDebug                          
20201472  g_trackBlackCount                         
2020143c  g_trackError                              
20201473  g_trackModeDebug                          
20201474  g_trackRaw                                
20201475  g_trackTurnDebug                          
20200fb0  g_wheelSpeedEstimatorRuntime              
00000000  interruptVectors                          
0000fd79  main                                      
00012995  memcmp                                    
0001089d  memcpy                                    
000127ad  memmove                                   
000116bb  memset                                    
00010e61  strcmp                                    


GLOBAL SYMBOLS: SORTED BY Symbol Address 

address   name                                      
-------   ----                                      
00000000  __TI_ATRegion0_region_sz                  
00000000  __TI_ATRegion0_src_addr                   
00000000  __TI_ATRegion0_trg_addr                   
00000000  __TI_ATRegion1_region_sz                  
00000000  __TI_ATRegion1_src_addr                   
00000000  __TI_ATRegion1_trg_addr                   
00000000  __TI_ATRegion2_region_sz                  
00000000  __TI_ATRegion2_src_addr                   
00000000  __TI_ATRegion2_trg_addr                   
00000000  __TI_static_base__                        
00000000  interruptVectors                          
000000c1  OledUi_Update_20ms                        
00000200  __STACK_SIZE                              
0000472d  VisionTuningConsole_Process               
00007229  App_Update_20ms                           
00007b69  AppConfig_LimitAll                        
000081b1  LineController_Update                     
000086d5  RuntimeSnapshot_Update                    
000093d5  WheelSpeedEstimator_Update                
00009be1  Imu_Update                                
00009fc1  VisionReceiver_Process                    
0000a721  Imu_Init                                  
0000b9c1  MotionAction_Update_20ms                  
0000bc71  MotorControl_Update                       
0000c165  Imu_CalibrateGyroBias                     
0000c395  Menu_HandleKeyEvent                       
0000c5b5  AppConfig_InitDefault                     
0000c9e5  MotionAction_Start                        
0000ce01  Motor_SetSpeed                            
0000d005  VisionProtocol_ParseV1TargetFrame         
0000d1f9  BluetoothUart_TryWriteBuffer              
0000d5cd  MissionLibrary_Validate                   
0000dd01  Ultrasonic_Tick100us                      
0000dea1  CarController_StartDriveDistanceAtYaw     
0000e03d  CarController_Update_20ms                 
0000e1cd  Key_Update_20ms                           
0000e341  OLED_FlushPage                            
0000e4b1  OLED_PrintInt16                           
0000e8cd  BluetoothUart_Process                     
0000ea19  App_Init                                  
0000ec75  LineController_Reset                      
0000ed9d  OLED_Init                                 
0000f101  LineController_ResetControlState          
0000f319  DL_Timer_initFourCCPWMMode                
0000f41d  LineController_Init                       
0000f521  MissionManager_Update_20ms                
0000f625  MotorControl_SetNormalizedTarget          
0000f725  MissionManager_SelectNext                 
0000f819  HeadingControl_Update                     
0000f905  ObstacleSafety_Update_20ms                
0000fad5  UART1_IRQHandler                          
0000fbb9  MissionManager_SelectPrevious             
0000fc99  WheelSpeedEstimator_Init                  
0000fd79  main                                      
0000fe59  SYSCFG_DL_GPIO_init                       
0000ff35  OLED_PrintUInt16                          
0001000d  __aeabi_fsub                              
0001000d  __subsf3                                  
00010017  __addsf3                                  
00010017  __aeabi_fadd                              
000100e5  CarController_StartDriveDistance          
000101b9  FaultCode_ToShortString                   
00010281  Angle_Normalize180                        
00010401  CarController_ResetRuntime                
000104bd  MissionManager_StartTransientAction       
00010619  Encoder_HandleGpioInterrupt               
000106bd  __udivmoddi4                              
0001075f  ADC0_IRQHandler                           
0001075f  ADC1_IRQHandler                           
0001075f  AES_IRQHandler                            
0001075f  CANFD0_IRQHandler                         
0001075f  DAC0_IRQHandler                           
0001075f  DMA_IRQHandler                            
0001075f  Default_Handler                           
0001075f  GROUP0_IRQHandler                         
0001075f  HardFault_Handler                         
0001075f  I2C0_IRQHandler                           
0001075f  I2C1_IRQHandler                           
0001075f  NMI_Handler                               
0001075f  PendSV_Handler                            
0001075f  RTC_IRQHandler                            
0001075f  SPI0_IRQHandler                           
0001075f  SPI1_IRQHandler                           
0001075f  SVC_Handler                               
0001075f  TIMA0_IRQHandler                          
0001075f  TIMA1_IRQHandler                          
0001075f  TIMG0_IRQHandler                          
0001075f  TIMG12_IRQHandler                         
0001075f  TIMG6_IRQHandler                          
0001075f  TIMG7_IRQHandler                          
0001075f  TIMG8_IRQHandler                          
0001075f  UART0_IRQHandler                          
0001075f  UART2_IRQHandler                          
00010801  ObstacleMonitor_Update_20ms               
0001089d  memcpy                                    
00010937  ObstacleAvoidance_Update_20ms             
00010939  App_ResetToReady                          
000109d1  BluetoothUart_Init                        
00010b01  CarController_StartTurnToYawRelative      
00010b95  CarController_ResetTransientState         
00010c25  SYSCFG_DL_PWM_MOTOR_init                  
00010cb1  SYSCFG_DL_UART_BLUETOOTH_init             
00010d3d  __aeabi_fmul                              
00010d3d  __mulsf3                                  
00010e55  CarController_GetRunMode                  
00010e61  strcmp                                    
00010ee9  CarController_SetSafetyHold               
00010f6d  Motor_Init                                
00010ff1  __aeabi_fdiv                              
00010ff1  __divsf3                                  
00011073  TrackSensor_Init                          
00011075  CarController_StartDriveHeading           
000110f5  Motor_Stop                                
00011175  VisionPitchTuning_Set                     
000111f1  __TI_decompress_lzss                      
0001126d  SysTick_Handler                           
000113d1  SYSCFG_DL_UART_VISION_init                
00011441  VisionYawTuning_Set                       
000114b1  TrackSensor_DetectTurn                    
0001151f  __aeabi_idiv0                             
00011521  MissionManager_GetSelectedMissionIndex    
000115f1  TrackSensor_GetErrorFromRaw               
00011657  __aeabi_ldiv0                             
00011659  __aeabi_fcmpeq                            
0001166d  __aeabi_fcmplt                            
00011681  __aeabi_fcmple                            
00011695  __aeabi_fcmpge                            
000116a9  __aeabi_fcmpgt                            
000116bb  memset                                    
0001171d  VisionTuningConsole_Init                  
0001177d  __aeabi_f2lz                              
0001177d  __fixsfdi                                 
000117dd  Magnet_Set                                
00011839  MissionManager_Start                      
00011895  UART3_IRQHandler                          
000118f1  Ultrasonic_Update_20ms                    
000119a9  OLED_PrintChar                            
00011a59  __aeabi_idiv                              
00011a59  __aeabi_idivmod                           
00011ab1  CarController_Stop                        
00011b05  Menu_GetParamValue                        
00011b59  TrackSensor_ReadRaw                       
00011bad  WatchdogMonitor_ApplyFaultIfNeeded        
00011c01  MissionManager_Init                       
00011c51  Ultrasonic_Init                           
00011ca1  WatchdogMonitor_Tick1msFromIsr            
00011cf1  __aeabi_l2f                               
00011cf1  __floatdisf                               
00011d41  MotorControl_Stop                         
00011d8d  DL_UART_init                              
00011dd5  SYSCFG_DL_initPower                       
00011e1d  EmergencyStop_Reset                       
00011e61  Encoder_GetAndClearPulseDeltas            
00011ea5  Imu_ResetYaw                              
00011ee9  Servo_Tick100us                           
00011f2d  CarController_StartFollowLine             
00011f6d  Fault_Raise                               
00011fad  MissionManager_Cancel                     
00011fed  SYSCFG_DL_SYSCTL_init                     
0001202d  VisionReceiver_PushByteFromIsr            
0001206d  __aeabi_uidiv                             
0001206d  __aeabi_uidivmod                          
000120ad  __divmoddi4                               
000120ed  MissionManager_Reset                      
00012129  Servo_SetAngleDeg                         
00012165  VisionTuningConsole_PushByteFromIsr       
000121a1  __aeabi_i2f                               
000121a1  __floatsisf                               
000121dd  __gesf2                                   
000121dd  __gtsf2                                   
00012219  __TI_auto_init_nobinit_nopinit            
00012255  __cmpsf2                                  
00012255  __eqsf2                                   
00012255  __lesf2                                   
00012255  __ltsf2                                   
00012255  __nesf2                                   
00012291  __muldsi3                                 
000122cd  EmergencyStop_Trigger                     
00012305  VisionReceiver_Init                       
0001233d  __aeabi_f2iz                              
0001233d  __fixsfsi                                 
00012375  BluetoothUart_TryWriteString              
000123ad  BluetoothUart_TryReadByte                 
000123e1  Imu_IsReady                               
00012415  MissionLibrary_FindById                   
00012449  VisionTuningConsole_TryPopTxByte          
0001247d  VisionUart_Process                        
000124b1  OLED_PrintString                          
000124e5  __aeabi_f2uiz                             
000124e5  __fixunssfsi                              
00012519  Key_Init                                  
00012549  LineController_ObserveSensors             
00012579  MissionManager_Resume                     
000125a9  VisionPitchTuning_RestoreDefault          
000125d9  WatchdogMonitor_Init                      
00012609  WatchdogMonitor_Reset                     
00012639  Encoder_Reset                             
00012665  TrackSensor_CountBlack                    
00012691  VisionYawTuning_RestoreDefault            
000126bd  EmergencyStop_Enforce                     
000126e5  Magnet_ForceOff                           
0001270d  SYSCFG_DL_init                            
00012735  Servo_Init                                
0001275d  VisionPitchTuning_Init                    
00012785  __aeabi_ui2f                              
00012785  __floatunsisf                             
000127ad  memmove                                   
000127d5  _c_int00_noargs                           
000127fd  MissionManager_ReportExternalFailure      
00012821  MotorControl_Init                         
00012845  MotorControl_Reset                        
00012869  OLED_ClearBuffer                          
0001288d  VisionYawTuning_Init                      
000128b1  __aeabi_lmul                              
000128b1  __muldi3                                  
000128d5  DL_Timer_overrideCCPOut                   
000128f5  DebugTelemetry_Update                     
00012915  Magnet_Init                               
00012935  MissionManager_Pause                      
00012955  OLED_SetCursor                            
00012975  SchedulerMonitor_GetStats                 
00012995  memcmp                                    
000129d5  __aeabi_llsl                              
000129d5  __ashldi3                                 
000129f5  DL_Timer_setCaptCompUpdateMethod          
00012a11  DL_Timer_setClockConfig                   
00012a2d  HeadingControl_SetTargetYaw               
00012a49  Menu_Init                                 
00012a65  MotionAction_Cancel                       
00012a81  ObstacleMonitor_Init                      
00012a9d  ObstacleSafety_Init                       
00012ab9  VisionPitchTuning_ParamName               
00012ad5  VisionYawTuning_GetSnapshot               
00012af1  VisionYawTuning_ParamName                 
00012b0d  WatchdogMonitor_NotifyControlCycleComplete
00012b45  CarController_RunModeToString             
00012b5d  CarState_ToString                         
00012b75  DL_Timer_setCaptureCompareOutCtl          
00012b8d  DebugTelemetry_Init                       
00012ba5  HeadingControl_Init                       
00012bbd  HeadingControl_Reset                      
00012bd5  Menu_ParamItemToString                    
00012bed  MotionAction_Init                         
00012c05  ObstacleAvoidance_Init                    
00012c1d  RuntimeSnapshot_Init                      
00012c35  __aeabi_fcmpun                            
00012c35  __unordsf2                                
00012c4d  Fault_Clear                               
00012c61  Fault_Init                                
00012c75  GROUP1_IRQHandler                         
00012c89  HeadingControl_Enable                     
00012c9d  MissionLibrary_GetByIndex                 
00012cb1  MissionManager_GetSelectedMissionId       
00012cc5  VisionPitchTuning_GetSnapshot             
00012cd9  VisionUart_Init                           
00012ced  __aeabi_ldivmod                           
00012d01  __aeabi_uldivmod                          
00012d15  DL_UART_setClockConfig                    
00012d27  __TI_decompress_none                      
00012d39  DL_Timer_setCaptureCompareValue           
00012d49  Gimbal_YawGetFeedback                     
00012d59  Key_GetEvent                              
00012d69  __TI_zero_init                            
00012d79  CarController_Init                        
00012d85  CarController_IsSafetyHoldActive          
00012d91  CarState_Get                              
00012d9d  CarState_Init                             
00012da9  CarState_Set                              
00012db5  EmergencyStop_Init                        
00012dc1  EmergencyStop_IsActive                    
00012dcd  Imu_GetCorrectedGyroZDps                  
00012dd9  Imu_GetYaw                                
00012de5  Magnet_IsOn                               
00012df1  Menu_GetPage                              
00012dfd  Menu_GetParamItem                         
00012e09  MissionManager_IsExternallyHeld           
00012e15  MissionManager_IsTransientAction          
00012e21  MissionManager_SetExternalHold            
00012e2d  ObstacleAvoidance_IsActive                
00012e39  ObstacleAvoidance_IsFailed                
00012e45  ObstacleSafety_IsHolding                  
00012e51  SystemTime_GetMs                          
00012e5d  WatchdogMonitor_HasTripped                
00012e69  __aeabi_memclr                            
00012e69  __aeabi_memclr4                           
00012e69  __aeabi_memclr8                           
00012e75  DL_Common_delayCycles                     
00012e7f  TrackSensor_IsCenterDetected              
00012e89  TrackSensor_IsLineDetected                
00012e93  TrackSensor_IsLineLost                    
00012e9d  BluetoothUart_GetRuntime                  
00012ea5  CarController_GetFeedback                 
00012ead  Fault_GetRecord                           
00012eb5  GimbalStepper_GetFeedback                 
00012ebd  HeadingControl_GetRuntime                 
00012ec5  Imu_GetRuntime                            
00012ecd  LineController_GetRuntime                 
00012ed5  MissionManager_GetMissionCount            
00012edd  MissionManager_GetRuntime                 
00012ee5  MotionAction_GetRuntime                   
00012eed  MotorControl_GetRuntime                   
00012ef5  ObstacleAvoidance_GetFeedback             
00012efd  ObstacleMonitor_GetFeedback               
00012f05  OledUi_Init                               
00012f0d  RuntimeSnapshot_Get                       
00012f15  Servo_GetFeedback                         
00012f1d  Ultrasonic_GetFeedback                    
00012f25  VisionReceiver_GetStatus                  
00012f2d  VisionTuningConsole_GetStatus             
00012f35  WatchdogMonitor_GetStatus                 
00012f3d  WheelSpeedEstimator_GetRuntime            
00012f45  __aeabi_memcpy                            
00012f45  __aeabi_memcpy4                           
00012f45  __aeabi_memcpy8                           
00012f4d  __aeabi_memmove                           
00012f4d  __aeabi_memmove4                          
00012f4d  __aeabi_memmove8                          
00012f55  abort                                     
00012f5a  C$$EXIT                                   
00012f5b  HOSTexit                                  
00012f5f  MissionLibrary_GetCount                   
00012f63  ObstacleAvoidance_IsResumeGraceActive     
00012f67  Reset_Handler                             
00012f6b  _system_pre_init                          
000139e0  __TI_Handler_Table_Base                   
000139ec  __TI_Handler_Table_Limit                  
000139fc  __TI_CINIT_Base                           
00013a0c  __TI_CINIT_Limit                          
00013a0c  __TI_CINIT_Warm                           
20200000  __start___llvm_prf_bits                   
20200000  __start___llvm_prf_cnts                   
20200000  __stop___llvm_prf_bits                    
20200000  __stop___llvm_prf_cnts                    
2020095c  g_appConfig                               
20200d6c  g_imuRuntime                              
20200eec  g_appRuntime                              
20200fb0  g_wheelSpeedEstimatorRuntime              
20201178  gUART_VISIONBackup                        
20201264  g_headingRuntime                          
2020143c  g_trackError                              
2020146e  g_carStateDebug                           
2020146f  g_keyEvent                                
20201470  g_oledPageDebug                           
20201471  g_paramItemDebug                          
20201472  g_trackBlackCount                         
20201473  g_trackModeDebug                          
20201474  g_trackRaw                                
20201475  g_trackTurnDebug                          
20207e00  __stack                                   
20208000  __STACK_END                               
ffffffff  __TI_pprof_out_hndl                       
ffffffff  __TI_prof_data_size                       
ffffffff  __TI_prof_data_start                      
ffffffff  __binit__                                 
ffffffff  binit                                     
UNDEFED   __mpu_init                                
UNDEFED   _system_post_cinit                        

[357 symbols]
