******************************************************************************
            TI ARM Clang Linker PC v4.0.4                      
******************************************************************************
>> Linked Fri Jul 10 21:39:10 2026

OUTPUT FILE NAME:   <diansaikaishi.out>
ENTRY POINT SYMBOL: "_c_int00_noargs"  address: 00002039


MEMORY CONFIGURATION

         name            origin    length      used     unused   attr    fill
----------------------  --------  ---------  --------  --------  ----  --------
  FLASH                 00000000   00020000  00002440  0001dbc0  R  X
  SRAM                  20200000   00008000  0000029a  00007d66  RW X
  BCR_CONFIG            41c00000   000000ff  00000000  000000ff  R   
  BSL_CONFIG            41c00100   00000080  00000000  00000080  R   


SEGMENT ALLOCATION MAP

run origin  load origin   length   init length attrs members
----------  ----------- ---------- ----------- ----- -------
00000000    00000000    00002440   00002440    r-x
  00000000    00000000    000000c0   000000c0    r-- .intvecs
  000000c0    000000c0    00002118   00002118    r-x .text
  000021d8    000021d8    00000250   00000250    r-- .rodata
  00002428    00002428    00000018   00000018    r-- .cinit
20200000    20200000    0000009a   00000000    rw-
  20200000    20200000    0000009a   00000000    rw- .bss
20207e00    20207e00    00000200   00000000    rw-
  20207e00    20207e00    00000200   00000000    rw- .stack


SECTION ALLOCATION MAP

 output                                  attributes/
section   page    origin      length       input sections
--------  ----  ----------  ----------   ----------------
.intvecs   0    00000000    000000c0     
                  00000000    000000c0     startup_mspm0g350x_ticlang.o (.intvecs)

.text      0    000000c0    00002118     
                  000000c0    000002d8     imu.o (.text.mpu6050_read_regs)
                  00000398    000002b0     car_controller.o (.text.CarController_Update_20ms)
                  00000648    00000254     oled.o (.text.OLED_Clear)
                  0000089c    000001f0     oled_ui.o (.text.OledUi_Update_20ms)
                  00000a8c    000001cc     imu.o (.text.imu_i2c_write_byte)
                  00000c58    000001b8     oled.o (.text.oled_i2c_write_byte)
                  00000e10    00000188     menu.o (.text.Menu_HandleKeyEvent)
                  00000f98    00000174     key.o (.text.Key_Update_20ms)
                  0000110c    00000168     app_config.o (.text.AppConfig_LimitAll)
                  00001274    0000013c     oled.o (.text.OLED_PrintInt16)
                  000013b0    000000d4     oled.o (.text.OLED_Init)
                  00001484    000000d0     oled.o (.text.OLED_PrintChar)
                  00001554    000000b0     imu.o (.text.Imu_Init)
                  00001604    000000b0     motor.o (.text.Motor_SetSpeed)
                  000016b4    000000a8     ti_msp_dl_config.o (.text.SYSCFG_DL_GPIO_init)
                  0000175c    000000a4     app.o (.text.App_Update_20ms)
                  00001800    0000008c     imu.o (.text.mpu6050_write_reg)
                  0000188c    00000082     libclang_rt.builtins.a : divsf3.S.obj (.text.__divsf3)
                  0000190e    00000002     startup_mspm0g350x_ticlang.o (.text.Default_Handler)
                  00001910    00000078     oled.o (.text.oled_write_command)
                  00001988    0000006c     encoder.o (.text.Encoder_HandleGpioInterrupt)
                  000019f4    0000006c     empty.o (.text.main)
                  00001a60    00000066     track_sensor.o (.text.TrackSensor_GetErrorFromRaw)
                  00001ac6    00000002     track_sensor.o (.text.TrackSensor_Init)
                  00001ac8    00000060     app_config.o (.text.AppConfig_InitDefault)
                  00001b28    0000005e     oled.o (.text.OLED_PrintBinary7)
                  00001b86    00000002     libclang_rt.builtins.a : aeabi_div0.c.obj (.text.__aeabi_idiv0)
                  00001b88    00000058     menu.o (.text.Menu_GetParamValue)
                  00001be0    00000056     libclang_rt.builtins.a : aeabi_idivmod.S.obj (.text.__aeabi_idivmod)
                  00001c36    00000002     --HOLE-- [fill = 0]
                  00001c38    00000054     imu.o (.text.Imu_Update)
                  00001c8c    00000054     track_sensor.o (.text.TrackSensor_ReadRaw)
                  00001ce0    00000050     motor.o (.text.Motor_PwmTick100us)
                  00001d30    00000040     ti_msp_dl_config.o (.text.SYSCFG_DL_SYSCTL_init)
                  00001d70    0000003c     empty.o (.text.SysTick_Handler)
                  00001dac    0000003c     libclang_rt.builtins.a : floatsisf.S.obj (.text.__floatsisf)
                  00001de8    0000003c     libc.a : autoinit.c.obj (.text:__TI_auto_init_nobinit_nopinit)
                  00001e24    00000038     motor.o (.text.Motor_Init)
                  00001e5c    00000036     track_sensor.o (.text.TrackSensor_DetectTurn)
                  00001e92    00000002     --HOLE-- [fill = 0]
                  00001e94    00000034     oled.o (.text.OLED_SetCursor)
                  00001ec8    00000032     oled.o (.text.OLED_PrintString)
                  00001efa    00000030     app.o (.text.App_Init)
                  00001f2a    00000002     --HOLE-- [fill = 0]
                  00001f2c    00000030     key.o (.text.Key_Init)
                  00001f5c    0000002c     car_controller.o (.text.CarController_Init)
                  00001f88    0000002c     car_controller.o (.text.CarController_ResetRuntime)
                  00001fb4    0000002c     motor.o (.text.Motor_Stop)
                  00001fe0    0000002c     ti_msp_dl_config.o (.text.SYSCFG_DL_initPower)
                  0000200c    0000002c     track_sensor.o (.text.TrackSensor_CountBlack)
                  00002038    00000028     libc.a : boot_cortex_m.c.obj (.text:_c_int00_noargs)
                  00002060    00000024     encoder.o (.text.Encoder_Reset)
                  00002084    00000018     car_controller.o (.text.CarController_RunModeToString)
                  0000209c    00000018     car_state.o (.text.CarState_ToString)
                  000020b4    00000018     menu.o (.text.Menu_ParamItemToString)
                  000020cc    00000016     libc.a : copy_zero_init.c.obj (.text:decompress:ZI:__TI_zero_init_nomemset)
                  000020e2    00000002     --HOLE-- [fill = 0]
                  000020e4    00000014     app_config.o (.text.AppConfig_DecreaseTargetLap)
                  000020f8    00000014     app_config.o (.text.AppConfig_IncreaseTargetLap)
                  0000210c    00000014     empty.o (.text.GROUP1_IRQHandler)
                  00002120    00000014     menu.o (.text.Menu_Init)
                  00002134    00000010     key.o (.text.Key_GetEvent)
                  00002144    00000010     ti_msp_dl_config.o (.text.SYSCFG_DL_init)
                  00002154    0000000c     car_controller.o (.text.CarController_GetRunMode)
                  00002160    0000000c     car_state.o (.text.CarState_Get)
                  0000216c    0000000c     car_state.o (.text.CarState_Init)
                  00002178    0000000c     car_state.o (.text.CarState_Set)
                  00002184    0000000c     menu.o (.text.Menu_GetPage)
                  00002190    0000000c     menu.o (.text.Menu_GetParamItem)
                  0000219c    0000000c     oled_ui.o (.text.OledUi_Init)
                  000021a8    0000000a     driverlib.a : dl_common.o (.text.DL_Common_delayCycles)
                  000021b2    0000000a     track_sensor.o (.text.TrackSensor_IsCenterDetected)
                  000021bc    0000000a     track_sensor.o (.text.TrackSensor_IsLineLost)
                  000021c6    00000006     libc.a : exit.c.obj (.text:abort)
                  000021cc    00000004     libsysbm.a : hostexit.c.obj (.text.HOSTexit)
                  000021d0    00000004     startup_mspm0g350x_ticlang.o (.text.Reset_Handler)
                  000021d4    00000004     libc.a : pre_init.c.obj (.text._system_pre_init)

.cinit     0    00002428    00000018     
                  00002428    00000008     (.cinit..bss.load) [load image, compression = zero_init]
                  00002430    00000004     (__TI_handler_table)
                  00002434    00000008     (__TI_cinit_table)
                  0000243c    00000004     --HOLE-- [fill = 0]

.rodata    0    000021d8    00000250     
                  000021d8    000000b4     oled.o (.rodata..Lswitch.table.OLED_PrintChar)
                  0000228c    0000001c     menu.o (.rodata..Lswitch.table.Menu_ParamItemToString)
                  000022a8    00000018     car_state.o (.rodata..Lswitch.table.CarState_ToString)
                  000022c0    00000014     car_controller.o (.rodata..Lswitch.table.CarController_RunModeToString)
                  000022d4    00000007     oled_ui.o (.rodata.str1.8426569189266129334.1)
                  000022db    00000006     oled_ui.o (.rodata.str1.1445687256832830955.1)
                  000022e1    00000006     car_state.o (.rodata.str1.1675797584173499143.1)
                  000022e7    00000006     car_state.o (.rodata.str1.41590466491370331.1)
                  000022ed    00000006     menu.o (.rodata.str1.4646809750356241979.1)
                  000022f3    00000006     oled_ui.o (.rodata.str1.5853739094453432564.1)
                  000022f9    00000005     oled.o (.rodata.oled_get_glyph.colon)
                  000022fe    00000005     oled.o (.rodata.oled_get_glyph.eight)
                  00002303    00000005     oled.o (.rodata.oled_get_glyph.five)
                  00002308    00000005     oled.o (.rodata.oled_get_glyph.four)
                  0000230d    00000005     oled.o (.rodata.oled_get_glyph.glyphA)
                  00002312    00000005     oled.o (.rodata.oled_get_glyph.glyphC)
                  00002317    00000005     oled.o (.rodata.oled_get_glyph.glyphD)
                  0000231c    00000005     oled.o (.rodata.oled_get_glyph.glyphE)
                  00002321    00000005     oled.o (.rodata.oled_get_glyph.glyphG)
                  00002326    00000005     oled.o (.rodata.oled_get_glyph.glyphH)
                  0000232b    00000005     oled.o (.rodata.oled_get_glyph.glyphI)
                  00002330    00000005     oled.o (.rodata.oled_get_glyph.glyphK)
                  00002335    00000005     oled.o (.rodata.oled_get_glyph.glyphL)
                  0000233a    00000005     oled.o (.rodata.oled_get_glyph.glyphM)
                  0000233f    00000005     oled.o (.rodata.oled_get_glyph.glyphN)
                  00002344    00000005     oled.o (.rodata.oled_get_glyph.glyphO)
                  00002349    00000005     oled.o (.rodata.oled_get_glyph.glyphP)
                  0000234e    00000005     oled.o (.rodata.oled_get_glyph.glyphR)
                  00002353    00000005     oled.o (.rodata.oled_get_glyph.glyphS)
                  00002358    00000005     oled.o (.rodata.oled_get_glyph.glyphT)
                  0000235d    00000005     oled.o (.rodata.oled_get_glyph.glyphU)
                  00002362    00000005     oled.o (.rodata.oled_get_glyph.glyphV)
                  00002367    00000005     oled.o (.rodata.oled_get_glyph.glyphW)
                  0000236c    00000005     oled.o (.rodata.oled_get_glyph.glyphX)
                  00002371    00000005     oled.o (.rodata.oled_get_glyph.glyphY)
                  00002376    00000005     oled.o (.rodata.oled_get_glyph.gt)
                  0000237b    00000005     oled.o (.rodata.oled_get_glyph.minus)
                  00002380    00000005     oled.o (.rodata.oled_get_glyph.nine)
                  00002385    00000005     oled.o (.rodata.oled_get_glyph.one)
                  0000238a    00000005     oled.o (.rodata.oled_get_glyph.seven)
                  0000238f    00000005     oled.o (.rodata.oled_get_glyph.six)
                  00002394    00000005     oled.o (.rodata.oled_get_glyph.space)
                  00002399    00000005     oled.o (.rodata.oled_get_glyph.three)
                  0000239e    00000005     oled.o (.rodata.oled_get_glyph.two)
                  000023a3    00000005     oled.o (.rodata.oled_get_glyph.zero)
                  000023a8    00000005     oled_ui.o (.rodata.str1.10416366799939242409.1)
                  000023ad    00000005     menu.o (.rodata.str1.12110183915172842339.1)
                  000023b2    00000005     car_controller.o (.rodata.str1.18191498530309206443.1)
                  000023b7    00000005     oled_ui.o (.rodata.str1.2308938766145545715.1)
                  000023bc    00000005     car_controller.o (.rodata.str1.4164979912472006574.1)
                  000023c1    00000005     oled_ui.o (.rodata.str1.4581472623415959594.1)
                  000023c6    00000005     car_state.o (.rodata.str1.8223341253983108753.1)
                  000023cb    00000005     car_state.o (.rodata.str1.8698975129455933903.1)
                  000023d0    00000005     oled_ui.o (.rodata.str1.9544068167406571052.1)
                  000023d5    00000005     car_controller.o (.rodata.str1.9981487771679760427.1)
                  000023da    00000004     car_controller.o (.rodata.str1.12442237994239546032.1)
                  000023de    00000004     menu.o (.rodata.str1.13124720451672825294.1)
                  000023e2    00000004     oled_ui.o (.rodata.str1.13882251010780863896.1)
                  000023e6    00000004     car_state.o (.rodata.str1.13986535679874659196.1)
                  000023ea    00000004     oled_ui.o (.rodata.str1.15917848551323629232.1)
                  000023ee    00000004     menu.o (.rodata.str1.16312125044762562515.1)
                  000023f2    00000004     car_controller.o (.rodata.str1.17172356789460551389.1)
                  000023f6    00000004     oled_ui.o (.rodata.str1.17540787658903907660.1)
                  000023fa    00000004     oled_ui.o (.rodata.str1.17812014771544466701.1)
                  000023fe    00000004     car_state.o (.rodata.str1.3601627812925153765.1)
                  00002402    00000004     oled_ui.o (.rodata.str1.4402311448527872260.1)
                  00002406    00000004     menu.o (.rodata.str1.4862307748908978627.1)
                  0000240a    00000004     menu.o (.rodata.str1.6857549598058878762.1)
                  0000240e    00000004     car_controller.o (.rodata.str1.9234375891235759983.1)
                  00002412    00000004     oled_ui.o (.rodata.str1.967006512144173535.1)
                  00002416    00000003     menu.o (.rodata.str1.14098755746347272832.1)
                  00002419    00000003     menu.o (.rodata.str1.17041139162815566052.1)
                  0000241c    00000003     oled_ui.o (.rodata.str1.3702290527496711532.1)
                  0000241f    00000003     oled_ui.o (.rodata.str1.9854382722193312766.1)
                  00002422    00000006     --HOLE-- [fill = 0]

.init_array 
*          0    00000000    00000000     UNINITIALIZED

.binit     0    00000000    00000000     

.bss       0    20200000    0000009a     UNINITIALIZED
                  20200000    00000032     (.common:g_appConfig)
                  20200032    0000001c     (.common:g_appRuntime)
                  2020004e    00000002     (.common:g_trackError)
                  20200050    0000001c     (.common:g_imuRuntime)
                  2020006c    00000006     key.o (.bss.g_key1)
                  20200072    00000006     key.o (.bss.g_key2)
                  20200078    00000006     key.o (.bss.g_key3)
                  2020007e    00000001     oled_ui.o (.bss.OledUi_Update_20ms.refreshDivider)
                  2020007f    00000001     empty.o (.bss.SysTick_Handler.controlMsCount)
                  20200080    00000004     encoder.o (.bss.g_motorAPulses)
                  20200084    00000004     encoder.o (.bss.g_motorBPulses)
                  20200088    00000001     empty.o (.bss.SysTick_Handler.tick100usCount)
                  20200089    00000001     empty.o (.bss.g_appUpdateDue)
                  2020008a    00000001     car_state.o (.bss.g_carState)
                  2020008b    00000001     motor.o (.bss.g_motorADutyLevel)
                  2020008c    00000001     motor.o (.bss.g_motorBDutyLevel)
                  2020008d    00000001     oled.o (.bss.g_oledColumn)
                  2020008e    00000001     menu.o (.bss.g_oledPage)
                  2020008f    00000001     menu.o (.bss.g_paramItem)
                  20200090    00000001     key.o (.bss.g_pendingEvent)
                  20200091    00000001     motor.o (.bss.g_pwmPhase)
                  20200092    00000001     (.common:g_carStateDebug)
                  20200093    00000001     (.common:g_keyEvent)
                  20200094    00000001     (.common:g_oledPageDebug)
                  20200095    00000001     (.common:g_paramItemDebug)
                  20200096    00000001     (.common:g_trackBlackCount)
                  20200097    00000001     (.common:g_trackModeDebug)
                  20200098    00000001     (.common:g_trackRaw)
                  20200099    00000001     (.common:g_trackTurnDebug)

.stack     0    20207e00    00000200     UNINITIALIZED
                  20207e00    00000004     libc.a : boot_cortex_m.c.obj (.stack)
                  20207e04    000001fc     --HOLE--

__llvm_prf_cnts 
*          0    20200000    00000000     UNINITIALIZED

__llvm_prf_bits 
*          0    20200000    00000000     UNINITIALIZED

MODULE SUMMARY

       Module                         code   ro data   rw data
       ------                         ----   -------   -------
    .\
       oled.o                         2088   355       1      
       imu.o                          1588   0         28     
       car_controller.o               812    47        28     
       menu.o                         548    61        2      
       oled_ui.o                      508    69        1      
       app_config.o                   496    0         50     
       key.o                          436    0         19     
       motor.o                        356    0         3      
       track_sensor.o                 306    0         0      
       ti_msp_dl_config.o             292    0         0      
       app.o                          212    0         10     
       startup_mspm0g350x_ticlang.o   6      192       0      
       empty.o                        188    0         3      
       encoder.o                      144    0         8      
       car_state.o                    60     54        1      
    +--+------------------------------+------+---------+---------+
       Total:                         8040   778       154    
                                                              
    C:/TI/mspm0_sdk_2_05_01_00/source/ti/driverlib/lib/ticlang/m0p/mspm0g1x0x_g3x0x/driverlib.a
       dl_common.o                    10     0         0      
    +--+------------------------------+------+---------+---------+
       Total:                         10     0         0      
                                                              
    D:\TI\CCS\ccs\tools\compiler\ti-cgt-armllvm_4.0.4.LTS\lib\armv6m-ti-none-eabi/c/libc.a
       autoinit.c.obj                 60     0         0      
       boot_cortex_m.c.obj            40     0         0      
       copy_zero_init.c.obj           22     0         0      
       exit.c.obj                     6      0         0      
       pre_init.c.obj                 4      0         0      
    +--+------------------------------+------+---------+---------+
       Total:                         132    0         0      
                                                              
    D:\TI\CCS\ccs\tools\compiler\ti-cgt-armllvm_4.0.4.LTS\lib\armv6m-ti-none-eabi/c/libsysbm.a
       hostexit.c.obj                 4      0         0      
    +--+------------------------------+------+---------+---------+
       Total:                         4      0         0      
                                                              
    D:\TI\CCS\ccs\tools\compiler\ti-cgt-armllvm_4.0.4.LTS\lib\armv6m-ti-none-eabi/libclang_rt.builtins.a
       divsf3.S.obj                   130    0         0      
       aeabi_idivmod.S.obj            86     0         0      
       floatsisf.S.obj                60     0         0      
       aeabi_div0.c.obj               2      0         0      
    +--+------------------------------+------+---------+---------+
       Total:                         278    0         0      
                                                              
       Stack:                         0      0         512    
       Linker Generated:              0      20        0      
    +--+------------------------------+------+---------+---------+
       Grand Total:                   8464   798       666    


LINKER GENERATED COPY TABLES

__TI_cinit_table @ 00002434 records: 1, size/record: 8, table size: 8
	.bss: load addr=00002428, load size=00000008 bytes, run addr=20200000, run size=0000009a bytes, compression=zero_init


LINKER GENERATED HANDLER TABLE

__TI_handler_table @ 00002430 records: 1, size/record: 4, table size: 4
	index: 0, handler: __TI_zero_init


GLOBAL SYMBOLS: SORTED ALPHABETICALLY BY Name 

address   name                          
-------   ----                          
0000190f  ADC0_IRQHandler               
0000190f  ADC1_IRQHandler               
0000190f  AES_IRQHandler                
000020e5  AppConfig_DecreaseTargetLap   
000020f9  AppConfig_IncreaseTargetLap   
00001ac9  AppConfig_InitDefault         
0000110d  AppConfig_LimitAll            
00001efb  App_Init                      
0000175d  App_Update_20ms               
000021cc  C$$EXIT                       
0000190f  CANFD0_IRQHandler             
00002155  CarController_GetRunMode      
00001f5d  CarController_Init            
00001f89  CarController_ResetRuntime    
00002085  CarController_RunModeToString 
00000399  CarController_Update_20ms     
00002161  CarState_Get                  
0000216d  CarState_Init                 
00002179  CarState_Set                  
0000209d  CarState_ToString             
0000190f  DAC0_IRQHandler               
000021a9  DL_Common_delayCycles         
0000190f  DMA_IRQHandler                
0000190f  Default_Handler               
00001989  Encoder_HandleGpioInterrupt   
00002061  Encoder_Reset                 
0000190f  GROUP0_IRQHandler             
0000210d  GROUP1_IRQHandler             
000021cd  HOSTexit                      
0000190f  HardFault_Handler             
0000190f  I2C0_IRQHandler               
0000190f  I2C1_IRQHandler               
00001555  Imu_Init                      
00001c39  Imu_Update                    
00002135  Key_GetEvent                  
00001f2d  Key_Init                      
00000f99  Key_Update_20ms               
00002185  Menu_GetPage                  
00002191  Menu_GetParamItem             
00001b89  Menu_GetParamValue            
00000e11  Menu_HandleKeyEvent           
00002121  Menu_Init                     
000020b5  Menu_ParamItemToString        
00001e25  Motor_Init                    
00001ce1  Motor_PwmTick100us            
00001605  Motor_SetSpeed                
00001fb5  Motor_Stop                    
0000190f  NMI_Handler                   
00000649  OLED_Clear                    
000013b1  OLED_Init                     
00001b29  OLED_PrintBinary7             
00001485  OLED_PrintChar                
00001275  OLED_PrintInt16               
00001ec9  OLED_PrintString              
00001e95  OLED_SetCursor                
0000219d  OledUi_Init                   
0000089d  OledUi_Update_20ms            
0000190f  PendSV_Handler                
0000190f  RTC_IRQHandler                
000021d1  Reset_Handler                 
0000190f  SPI0_IRQHandler               
0000190f  SPI1_IRQHandler               
0000190f  SVC_Handler                   
000016b5  SYSCFG_DL_GPIO_init           
00001d31  SYSCFG_DL_SYSCTL_init         
00002145  SYSCFG_DL_init                
00001fe1  SYSCFG_DL_initPower           
00001d71  SysTick_Handler               
0000190f  TIMA0_IRQHandler              
0000190f  TIMA1_IRQHandler              
0000190f  TIMG0_IRQHandler              
0000190f  TIMG12_IRQHandler             
0000190f  TIMG6_IRQHandler              
0000190f  TIMG7_IRQHandler              
0000190f  TIMG8_IRQHandler              
0000200d  TrackSensor_CountBlack        
00001e5d  TrackSensor_DetectTurn        
00001a61  TrackSensor_GetErrorFromRaw   
00001ac7  TrackSensor_Init              
000021b3  TrackSensor_IsCenterDetected  
000021bd  TrackSensor_IsLineLost        
00001c8d  TrackSensor_ReadRaw           
0000190f  UART0_IRQHandler              
0000190f  UART1_IRQHandler              
0000190f  UART2_IRQHandler              
0000190f  UART3_IRQHandler              
20208000  __STACK_END                   
00000200  __STACK_SIZE                  
00000000  __TI_ATRegion0_region_sz      
00000000  __TI_ATRegion0_src_addr       
00000000  __TI_ATRegion0_trg_addr       
00000000  __TI_ATRegion1_region_sz      
00000000  __TI_ATRegion1_src_addr       
00000000  __TI_ATRegion1_trg_addr       
00000000  __TI_ATRegion2_region_sz      
00000000  __TI_ATRegion2_src_addr       
00000000  __TI_ATRegion2_trg_addr       
00002434  __TI_CINIT_Base               
0000243c  __TI_CINIT_Limit              
0000243c  __TI_CINIT_Warm               
00002430  __TI_Handler_Table_Base       
00002434  __TI_Handler_Table_Limit      
00001de9  __TI_auto_init_nobinit_nopinit
ffffffff  __TI_pprof_out_hndl           
ffffffff  __TI_prof_data_size           
ffffffff  __TI_prof_data_start          
00000000  __TI_static_base__            
000020cd  __TI_zero_init_nomemset       
0000188d  __aeabi_fdiv                  
00001dad  __aeabi_i2f                   
00001be1  __aeabi_idiv                  
00001b87  __aeabi_idiv0                 
00001be1  __aeabi_idivmod               
ffffffff  __binit__                     
0000188d  __divsf3                      
00001dad  __floatsisf                   
UNDEFED   __mpu_init                    
20207e00  __stack                       
20200000  __start___llvm_prf_bits       
20200000  __start___llvm_prf_cnts       
20200000  __stop___llvm_prf_bits        
20200000  __stop___llvm_prf_cnts        
00002039  _c_int00_noargs               
UNDEFED   _system_post_cinit            
000021d5  _system_pre_init              
000021c7  abort                         
ffffffff  binit                         
20200000  g_appConfig                   
20200032  g_appRuntime                  
20200092  g_carStateDebug               
20200050  g_imuRuntime                  
20200093  g_keyEvent                    
20200094  g_oledPageDebug               
20200095  g_paramItemDebug              
20200096  g_trackBlackCount             
2020004e  g_trackError                  
20200097  g_trackModeDebug              
20200098  g_trackRaw                    
20200099  g_trackTurnDebug              
00000000  interruptVectors              
000019f5  main                          


GLOBAL SYMBOLS: SORTED BY Symbol Address 

address   name                          
-------   ----                          
00000000  __TI_ATRegion0_region_sz      
00000000  __TI_ATRegion0_src_addr       
00000000  __TI_ATRegion0_trg_addr       
00000000  __TI_ATRegion1_region_sz      
00000000  __TI_ATRegion1_src_addr       
00000000  __TI_ATRegion1_trg_addr       
00000000  __TI_ATRegion2_region_sz      
00000000  __TI_ATRegion2_src_addr       
00000000  __TI_ATRegion2_trg_addr       
00000000  __TI_static_base__            
00000000  interruptVectors              
00000200  __STACK_SIZE                  
00000399  CarController_Update_20ms     
00000649  OLED_Clear                    
0000089d  OledUi_Update_20ms            
00000e11  Menu_HandleKeyEvent           
00000f99  Key_Update_20ms               
0000110d  AppConfig_LimitAll            
00001275  OLED_PrintInt16               
000013b1  OLED_Init                     
00001485  OLED_PrintChar                
00001555  Imu_Init                      
00001605  Motor_SetSpeed                
000016b5  SYSCFG_DL_GPIO_init           
0000175d  App_Update_20ms               
0000188d  __aeabi_fdiv                  
0000188d  __divsf3                      
0000190f  ADC0_IRQHandler               
0000190f  ADC1_IRQHandler               
0000190f  AES_IRQHandler                
0000190f  CANFD0_IRQHandler             
0000190f  DAC0_IRQHandler               
0000190f  DMA_IRQHandler                
0000190f  Default_Handler               
0000190f  GROUP0_IRQHandler             
0000190f  HardFault_Handler             
0000190f  I2C0_IRQHandler               
0000190f  I2C1_IRQHandler               
0000190f  NMI_Handler                   
0000190f  PendSV_Handler                
0000190f  RTC_IRQHandler                
0000190f  SPI0_IRQHandler               
0000190f  SPI1_IRQHandler               
0000190f  SVC_Handler                   
0000190f  TIMA0_IRQHandler              
0000190f  TIMA1_IRQHandler              
0000190f  TIMG0_IRQHandler              
0000190f  TIMG12_IRQHandler             
0000190f  TIMG6_IRQHandler              
0000190f  TIMG7_IRQHandler              
0000190f  TIMG8_IRQHandler              
0000190f  UART0_IRQHandler              
0000190f  UART1_IRQHandler              
0000190f  UART2_IRQHandler              
0000190f  UART3_IRQHandler              
00001989  Encoder_HandleGpioInterrupt   
000019f5  main                          
00001a61  TrackSensor_GetErrorFromRaw   
00001ac7  TrackSensor_Init              
00001ac9  AppConfig_InitDefault         
00001b29  OLED_PrintBinary7             
00001b87  __aeabi_idiv0                 
00001b89  Menu_GetParamValue            
00001be1  __aeabi_idiv                  
00001be1  __aeabi_idivmod               
00001c39  Imu_Update                    
00001c8d  TrackSensor_ReadRaw           
00001ce1  Motor_PwmTick100us            
00001d31  SYSCFG_DL_SYSCTL_init         
00001d71  SysTick_Handler               
00001dad  __aeabi_i2f                   
00001dad  __floatsisf                   
00001de9  __TI_auto_init_nobinit_nopinit
00001e25  Motor_Init                    
00001e5d  TrackSensor_DetectTurn        
00001e95  OLED_SetCursor                
00001ec9  OLED_PrintString              
00001efb  App_Init                      
00001f2d  Key_Init                      
00001f5d  CarController_Init            
00001f89  CarController_ResetRuntime    
00001fb5  Motor_Stop                    
00001fe1  SYSCFG_DL_initPower           
0000200d  TrackSensor_CountBlack        
00002039  _c_int00_noargs               
00002061  Encoder_Reset                 
00002085  CarController_RunModeToString 
0000209d  CarState_ToString             
000020b5  Menu_ParamItemToString        
000020cd  __TI_zero_init_nomemset       
000020e5  AppConfig_DecreaseTargetLap   
000020f9  AppConfig_IncreaseTargetLap   
0000210d  GROUP1_IRQHandler             
00002121  Menu_Init                     
00002135  Key_GetEvent                  
00002145  SYSCFG_DL_init                
00002155  CarController_GetRunMode      
00002161  CarState_Get                  
0000216d  CarState_Init                 
00002179  CarState_Set                  
00002185  Menu_GetPage                  
00002191  Menu_GetParamItem             
0000219d  OledUi_Init                   
000021a9  DL_Common_delayCycles         
000021b3  TrackSensor_IsCenterDetected  
000021bd  TrackSensor_IsLineLost        
000021c7  abort                         
000021cc  C$$EXIT                       
000021cd  HOSTexit                      
000021d1  Reset_Handler                 
000021d5  _system_pre_init              
00002430  __TI_Handler_Table_Base       
00002434  __TI_CINIT_Base               
00002434  __TI_Handler_Table_Limit      
0000243c  __TI_CINIT_Limit              
0000243c  __TI_CINIT_Warm               
20200000  __start___llvm_prf_bits       
20200000  __start___llvm_prf_cnts       
20200000  __stop___llvm_prf_bits        
20200000  __stop___llvm_prf_cnts        
20200000  g_appConfig                   
20200032  g_appRuntime                  
2020004e  g_trackError                  
20200050  g_imuRuntime                  
20200092  g_carStateDebug               
20200093  g_keyEvent                    
20200094  g_oledPageDebug               
20200095  g_paramItemDebug              
20200096  g_trackBlackCount             
20200097  g_trackModeDebug              
20200098  g_trackRaw                    
20200099  g_trackTurnDebug              
20207e00  __stack                       
20208000  __STACK_END                   
ffffffff  __TI_pprof_out_hndl           
ffffffff  __TI_prof_data_size           
ffffffff  __TI_prof_data_start          
ffffffff  __binit__                     
ffffffff  binit                         
UNDEFED   __mpu_init                    
UNDEFED   _system_post_cinit            

[141 symbols]
