******************************************************************************
            TI ARM Clang Linker PC v4.0.4                      
******************************************************************************
>> Linked Sun Jul 26 19:30:27 2026

OUTPUT FILE NAME:   <diansaikaishi.out>
ENTRY POINT SYMBOL: "_c_int00_noargs"  address: 0000d3dd


MEMORY CONFIGURATION

         name            origin    length      used     unused   attr    fill
----------------------  --------  ---------  --------  --------  ----  --------
  FLASH                 00000000   00020000  0000e268  00011d98  R  X
  SRAM                  20200000   00008000  000012bc  00006d44  RW X
  BCR_CONFIG            41c00000   000000ff  00000000  000000ff  R   
  BSL_CONFIG            41c00100   00000080  00000000  00000080  R   


SEGMENT ALLOCATION MAP

run origin  load origin   length   init length attrs members
----------  ----------- ---------- ----------- ----- -------
00000000    00000000    0000e268   0000e268    r-x
  00000000    00000000    000000c0   000000c0    r-- .intvecs
  000000c0    000000c0    0000da60   0000da60    r-x .text
  0000db20    0000db20    00000718   00000718    r-- .rodata
  0000e238    0000e238    00000030   00000030    r-- .cinit
20200000    20200000    000010bc   00000000    rw-
  20200000    20200000    000010bb   00000000    rw- .bss
  202010bb    202010bb    00000001   00000000    rw- .data
20207e00    20207e00    00000200   00000000    rw-
  20207e00    20207e00    00000200   00000000    rw- .stack


SECTION ALLOCATION MAP

 output                                  attributes/
section   page    origin      length       input sections
--------  ----  ----------  ----------   ----------------
.intvecs   0    00000000    000000c0     
                  00000000    000000c0     startup_mspm0g350x_ticlang.o (.intvecs)

.text      0    000000c0    0000da60     
                  000000c0    000026f4     oled_ui.o (.text.OledUi_Update_20ms)
                  000027b4    00001dd4     vision_tuning_console.o (.text.VisionTuningConsole_Process)
                  00004588    00000570     app_config.o (.text.AppConfig_LimitAll)
                  00004af8    000004f0     line_controller.o (.text.LineController_Update)
                  00004fe8    00000480     runtime_snapshot.o (.text.RuntimeSnapshot_Update)
                  00005468    0000044c     motor_control.o (.text.update_wheel)
                  000058b4    00000424     wheel_speed_estimator.o (.text.WheelSpeedEstimator_Update)
                  00005cd8    000003e0     imu.o (.text.Imu_Update)
                  000060b8    000003b0     vision_receiver.o (.text.VisionReceiver_Process)
                  00006468    00000374     imu.o (.text.Imu_Init)
                  000067dc    00000370     gimbal.o (.text.gimbal_update_feedback)
                  00006b4c    00000310     vision_tuning_console.o (.text.append_scaled)
                  00006e5c    000002f0     imu.o (.text.mpu6050_read_regs)
                  0000714c    0000029c     motion_action.o (.text.MotionAction_Update_20ms)
                  000073e8    0000028c     motor_control.o (.text.MotorControl_Update)
                  00007674    00000248     menu.o (.text.Menu_HandleKeyEvent)
                  000078bc    00000244     car_controller.o (.text.handle_drive_distance)
                  00007b00    00000230     imu.o (.text.Imu_CalibrateGyroBias)
                  00007d30    00000204     motor.o (.text.Motor_SetSpeed)
                  00007f34    000001f4     vision_protocol.o (.text.VisionProtocol_ParseV1TargetFrame)
                  00008128    000001f0     app_config.o (.text.AppConfig_InitDefault)
                  00008318    000001e8     motor_control.o (.text.config_is_valid)
                  00008500    000001e8     car_controller.o (.text.handle_turn_to_yaw)
                  000086e8    000001d4     car_controller.o (.text.CarController_StartDriveDistanceAtYaw)
                  000088bc    000001cc     imu.o (.text.imu_i2c_write_byte)
                  00008a88    000001cc     oled_ui.o (.text.print_status_page)
                  00008c54    000001bc     motion_action.o (.text.MotionAction_Start)
                  00008e10    000001b8     oled.o (.text.oled_i2c_write_byte)
                  00008fc8    000001a0     ultrasonic.o (.text.Ultrasonic_Tick100us)
                  00009168    00000190     car_controller.o (.text.CarController_Update_20ms)
                  000092f8    0000017c     mission_library.o (.text.MissionLibrary_Validate)
                  00009474    00000174     key.o (.text.Key_Update_20ms)
                  000095e8    00000170     oled.o (.text.OLED_FlushPage)
                  00009758    0000016c     oled.o (.text.OLED_PrintInt16)
                  000098c4    00000158     vision_tuning_console.o (.text.send_parameter_reply)
                  00009a1c    00000158     vision_tuning_console.o (.text.send_yaw_parameter_reply)
                  00009b74    0000012c     imu.o (.text.imu_i2c_recover_bus)
                  00009ca0    00000124     oled.o (.text.OLED_Init)
                  00009dc4    00000124     vision_tuning_console.o (.text.send_simple_reply)
                  00009ee8    0000011c     car_controller.o (.text.CarController_StartDriveDistance)
                  0000a004    0000011c     line_controller.o (.text.LineController_Reset)
                  0000a120    0000011c     car_controller.o (.text.handle_drive_heading)
                  0000a23c    00000118     app.o (.text.App_Update_20ms)
                  0000a354    0000010c     car_controller.o (.text.handle_follow_line)
                  0000a460    00000104     driverlib.a : dl_timer.o (.text.DL_Timer_initFourCCPWMMode)
                  0000a564    00000104     line_controller.o (.text.LineController_ResetControlState)
                  0000a668    00000104     mission_manager.o (.text.MissionManager_Update_20ms)
                  0000a76c    00000100     car_controller.o (.text.CarController_StartDriveHeading)
                  0000a86c    00000100     motor_control.o (.text.MotorControl_SetNormalizedTarget)
                  0000a96c    000000f8     line_controller.o (.text.LineController_Init)
                  0000aa64    000000ec     car_controller.o (.text.CarController_StartTurnToYawRelative)
                  0000ab50    000000ec     heading_control.o (.text.HeadingControl_Update)
                  0000ac3c    000000e8     obstacle_safety.o (.text.ObstacleSafety_Update_20ms)
                  0000ad24    000000e8     vision_protocol.o (.text.fields_are_valid)
                  0000ae0c    000000e4     mission_manager.o (.text.MissionManager_SelectNext)
                  0000aef0    000000e0     wheel_speed_estimator.o (.text.WheelSpeedEstimator_Init)
                  0000afd0    000000dc     ti_msp_dl_config.o (.text.SYSCFG_DL_GPIO_init)
                  0000b0ac    000000dc     empty.o (.text.main)
                  0000b188    000000d8     oled.o (.text.OLED_PrintUInt16)
                  0000b260    000000d8     libclang_rt.builtins.a : addsf3.S.obj (.text)
                  0000b338    000000cc     mission_manager.o (.text.MissionManager_SelectPrevious)
                  0000b404    000000c8     fault.o (.text.FaultCode_ToShortString)
                  0000b4cc    000000c0     angle_utils.o (.text.Angle_Normalize180)
                  0000b58c    000000c0     car_controller.o (.text.CarController_StartFollowLine)
                  0000b64c    000000b4     car_controller.o (.text.CarController_ResetRuntime)
                  0000b700    000000a4     encoder.o (.text.Encoder_HandleGpioInterrupt)
                  0000b7a4    000000a2     libclang_rt.builtins.a : udivmoddi4.S.obj (.text)
                  0000b846    00000002     startup_mspm0g350x_ticlang.o (.text.Default_Handler)
                  0000b848    0000009c     obstacle_monitor.o (.text.ObstacleMonitor_Update_20ms)
                  0000b8e4    0000009a     libc.a : memcpy16.S.obj (.text:memcpy)
                  0000b97e    00000002     obstacle_avoidance.o (.text.ObstacleAvoidance_Update_20ms)
                  0000b980    00000098     imu.o (.text.mpu6050_write_reg)
                  0000ba18    0000008c     ti_msp_dl_config.o (.text.SYSCFG_DL_PWM_MOTOR_init)
                  0000baa4    0000008c     libclang_rt.builtins.a : mulsf3.S.obj (.text.__mulsf3)
                  0000bb30    0000008c     car_controller.o (.text.heading_imu_wait_or_fail)
                  0000bbbc    00000004     libsysbm.a : hostexit.c.obj (.text.HOSTexit)
                  0000bbc0    00000088     libc.a : strcmp-armv6m.S.obj (.text:strcmp)
                  0000bc48    00000084     car_controller.o (.text.CarController_SetSafetyHold)
                  0000bccc    00000084     motor.o (.text.Motor_Init)
                  0000bd50    00000082     libclang_rt.builtins.a : divsf3.S.obj (.text.__divsf3)
                  0000bdd2    00000002     track_sensor.o (.text.TrackSensor_Init)
                  0000bdd4    00000080     motor.o (.text.Motor_Stop)
                  0000be54    0000007c     vision_pitch_tuning.o (.text.VisionPitchTuning_Set)
                  0000bed0    0000007c     libc.a : copy_decompress_lzss.c.obj (.text:decompress:lzss)
                  0000bf4c    0000007a     app.o (.text.App_Init)
                  0000bfc6    00000002     libclang_rt.builtins.a : aeabi_div0.c.obj (.text.__aeabi_idiv0)
                  0000bfc8    00000078     empty.o (.text.SysTick_Handler)
                  0000c040    00000078     oled.o (.text.oled_write_command)
                  0000c0b8    00000074     motor_control.o (.text.latch_control_error)
                  0000c12c    00000070     ti_msp_dl_config.o (.text.SYSCFG_DL_UART_BLUETOOTH_init)
                  0000c19c    00000070     ti_msp_dl_config.o (.text.SYSCFG_DL_UART_VISION_init)
                  0000c20c    00000070     bluetooth_uart.o (.text.UART1_IRQHandler)
                  0000c27c    00000070     vision_yaw_tuning.o (.text.VisionYawTuning_Set)
                  0000c2ec    0000006e     track_sensor.o (.text.TrackSensor_DetectTurn)
                  0000c35a    00000002     libclang_rt.builtins.a : aeabi_div0.c.obj (.text.__aeabi_ldiv0)
                  0000c35c    00000068     mission_manager.o (.text.MissionManager_GetSelectedMissionIndex)
                  0000c3c4    00000068     car_controller.o (.text.set_output_speed)
                  0000c42c    00000066     track_sensor.o (.text.TrackSensor_GetErrorFromRaw)
                  0000c492    00000002     --HOLE-- [fill = 0]
                  0000c494    00000062     libclang_rt.builtins.a : aeabi_fcmp.S.obj (.text.__aeabi_fcmp)
                  0000c4f6    00000062     libc.a : memset16.S.obj (.text:memset)
                  0000c558    00000060     vision_tuning_console.o (.text.VisionTuningConsole_Init)
                  0000c5b8    00000060     libclang_rt.builtins.a : fixsfdi.S.obj (.text.__fixsfdi)
                  0000c618    0000005c     vision_uart.o (.text.UART3_IRQHandler)
                  0000c674    0000005c     ultrasonic.o (.text.Ultrasonic_Update_20ms)
                  0000c6d0    00000058     oled.o (.text.OLED_PrintChar)
                  0000c728    00000056     libclang_rt.builtins.a : aeabi_idivmod.S.obj (.text.__aeabi_idivmod)
                  0000c77e    00000002     --HOLE-- [fill = 0]
                  0000c780    00000054     car_controller.o (.text.CarController_Stop)
                  0000c7d4    00000054     menu.o (.text.Menu_GetParamValue)
                  0000c828    00000054     track_sensor.o (.text.TrackSensor_ReadRaw)
                  0000c87c    00000050     ultrasonic.o (.text.Ultrasonic_Init)
                  0000c8cc    00000050     watchdog_monitor.o (.text.WatchdogMonitor_ApplyFaultIfNeeded)
                  0000c91c    0000004e     libclang_rt.builtins.a : floatdisf.S.obj (.text.__floatdisf)
                  0000c96a    00000002     --HOLE-- [fill = 0]
                  0000c96c    0000004c     mission_manager.o (.text.MissionManager_Start)
                  0000c9b8    0000004c     motor_control.o (.text.MotorControl_Stop)
                  0000ca04    0000004c     watchdog_monitor.o (.text.WatchdogMonitor_Tick1msFromIsr)
                  0000ca50    00000048     driverlib.a : dl_uart.o (.text.DL_UART_init)
                  0000ca98    00000048     ti_msp_dl_config.o (.text.SYSCFG_DL_initPower)
                  0000cae0    00000044     encoder.o (.text.Encoder_GetAndClearPulseDeltas)
                  0000cb24    00000044     imu.o (.text.Imu_ResetYaw)
                  0000cb68    00000044     servo.o (.text.Servo_Tick100us)
                  0000cbac    00000040     emergency_stop.o (.text.EmergencyStop_Reset)
                  0000cbec    00000040     mission_manager.o (.text.MissionManager_Init)
                  0000cc2c    00000040     ti_msp_dl_config.o (.text.SYSCFG_DL_SYSCTL_init)
                  0000cc6c    00000040     vision_receiver.o (.text.VisionReceiver_PushByteFromIsr)
                  0000ccac    00000040     libclang_rt.builtins.a : aeabi_uidivmod.S.obj (.text.__aeabi_uidivmod)
                  0000ccec    00000040     motion_action.o (.text.motion_action_start_imu_controller)
                  0000cd2c    0000003e     libclang_rt.builtins.a : divmoddi4.c.obj (.text.__divmoddi4)
                  0000cd6a    00000002     --HOLE-- [fill = 0]
                  0000cd6c    0000003c     servo.o (.text.Servo_SetAngleDeg)
                  0000cda8    0000003c     vision_tuning_console.o (.text.VisionTuningConsole_PushByteFromIsr)
                  0000cde4    0000003c     libclang_rt.builtins.a : floatsisf.S.obj (.text.__floatsisf)
                  0000ce20    0000003c                            : comparesf2.S.obj (.text.__gtsf2)
                  0000ce5c    0000003c     libc.a : autoinit.c.obj (.text:__TI_auto_init_nobinit_nopinit)
                  0000ce98    0000003a     libclang_rt.builtins.a : comparesf2.S.obj (.text.__eqsf2)
                  0000ced2    00000002     --HOLE-- [fill = 0]
                  0000ced4    0000003a                            : muldsi3.S.obj (.text.__muldsi3)
                  0000cf0e    00000002     --HOLE-- [fill = 0]
                  0000cf10    00000038     bluetooth_uart.o (.text.BluetoothUart_Init)
                  0000cf48    00000038     vision_receiver.o (.text.VisionReceiver_Init)
                  0000cf80    00000038     libclang_rt.builtins.a : fixsfsi.S.obj (.text.__fixsfsi)
                  0000cfb8    00000034     emergency_stop.o (.text.EmergencyStop_Trigger)
                  0000cfec    00000034     imu.o (.text.Imu_IsReady)
                  0000d020    00000034     mission_library.o (.text.MissionLibrary_FindById)
                  0000d054    00000034     vision_tuning_console.o (.text.VisionTuningConsole_TryPopTxByte)
                  0000d088    00000034     vision_uart.o (.text.VisionUart_Process)
                  0000d0bc    00000032     oled.o (.text.OLED_PrintString)
                  0000d0ee    00000002     --HOLE-- [fill = 0]
                  0000d0f0    00000030     fault.o (.text.Fault_Raise)
                  0000d120    00000030     key.o (.text.Key_Init)
                  0000d150    00000030     line_controller.o (.text.LineController_ObserveSensors)
                  0000d180    00000030     mission_manager.o (.text.MissionManager_Resume)
                  0000d1b0    00000030     vision_pitch_tuning.o (.text.VisionPitchTuning_RestoreDefault)
                  0000d1e0    00000030     watchdog_monitor.o (.text.WatchdogMonitor_Init)
                  0000d210    0000002c     encoder.o (.text.Encoder_Reset)
                  0000d23c    0000002c     mission_manager.o (.text.MissionManager_Cancel)
                  0000d268    0000002c     mission_manager.o (.text.MissionManager_Reset)
                  0000d294    0000002c     track_sensor.o (.text.TrackSensor_CountBlack)
                  0000d2c0    0000002c     vision_yaw_tuning.o (.text.VisionYawTuning_RestoreDefault)
                  0000d2ec    00000028     ti_msp_dl_config.o (.text.SYSCFG_DL_init)
                  0000d314    00000028     servo.o (.text.Servo_Init)
                  0000d33c    00000028     vision_pitch_tuning.o (.text.VisionPitchTuning_Init)
                  0000d364    00000028     watchdog_monitor.o (.text.WatchdogMonitor_Reset)
                  0000d38c    00000028     libclang_rt.builtins.a : floatunsisf.S.obj (.text.__floatunsisf)
                  0000d3b4    00000028     libc.a : memmov.c.obj (.text.memmove)
                  0000d3dc    00000028            : boot_cortex_m.c.obj (.text:_c_int00_noargs)
                  0000d404    00000024     emergency_stop.o (.text.EmergencyStop_Enforce)
                  0000d428    00000024     mission_manager.o (.text.MissionManager_ReportExternalFailure)
                  0000d44c    00000024     motor_control.o (.text.MotorControl_Init)
                  0000d470    00000024     motor_control.o (.text.MotorControl_Reset)
                  0000d494    00000024     oled.o (.text.OLED_ClearBuffer)
                  0000d4b8    00000024     vision_yaw_tuning.o (.text.VisionYawTuning_Init)
                  0000d4dc    00000024     libclang_rt.builtins.a : muldi3.S.obj (.text.__muldi3)
                  0000d500    00000020     driverlib.a : dl_timer.o (.text.DL_Timer_overrideCCPOut)
                  0000d520    00000020     debug_telemetry.o (.text.DebugTelemetry_Update)
                  0000d540    00000020     mission_manager.o (.text.MissionManager_Pause)
                  0000d560    00000020     oled.o (.text.OLED_SetCursor)
                  0000d580    00000020     empty.o (.text.SchedulerMonitor_GetStats)
                  0000d5a0    00000020     mission_manager.o (.text.mission_finish_error)
                  0000d5c0    0000001e     libclang_rt.builtins.a : ashldi3.S.obj (.text.__ashldi3)
                  0000d5de    00000002     --HOLE-- [fill = 0]
                  0000d5e0    0000001c     driverlib.a : dl_timer.o (.text.DL_Timer_setCaptCompUpdateMethod)
                  0000d5fc    0000001c                 : dl_timer.o (.text.DL_Timer_setClockConfig)
                  0000d618    0000001c     heading_control.o (.text.HeadingControl_SetTargetYaw)
                  0000d634    0000001c     menu.o (.text.Menu_Init)
                  0000d650    0000001c     motion_action.o (.text.MotionAction_Cancel)
                  0000d66c    0000001c     obstacle_monitor.o (.text.ObstacleMonitor_Init)
                  0000d688    0000001c     obstacle_safety.o (.text.ObstacleSafety_Init)
                  0000d6a4    0000001c     vision_pitch_tuning.o (.text.VisionPitchTuning_ParamName)
                  0000d6c0    0000001c     vision_yaw_tuning.o (.text.VisionYawTuning_GetSnapshot)
                  0000d6dc    0000001c     vision_yaw_tuning.o (.text.VisionYawTuning_ParamName)
                  0000d6f8    0000001c     watchdog_monitor.o (.text.WatchdogMonitor_NotifyControlCycleComplete)
                  0000d714    0000001c     mission_manager.o (.text.mission_finish_success)
                  0000d730    00000018     driverlib.a : dl_timer.o (.text.DL_Timer_setCaptureCompareOutCtl)
                  0000d748    00000018     debug_telemetry.o (.text.DebugTelemetry_Init)
                  0000d760    00000018     heading_control.o (.text.HeadingControl_Init)
                  0000d778    00000018     heading_control.o (.text.HeadingControl_Reset)
                  0000d790    00000018     menu.o (.text.Menu_ParamItemToString)
                  0000d7a8    00000018     motion_action.o (.text.MotionAction_Init)
                  0000d7c0    00000018     obstacle_avoidance.o (.text.ObstacleAvoidance_Init)
                  0000d7d8    00000018     runtime_snapshot.o (.text.RuntimeSnapshot_Init)
                  0000d7f0    00000016     libclang_rt.builtins.a : comparesf2.S.obj (.text.__unordsf2)
                  0000d806    00000002     --HOLE-- [fill = 0]
                  0000d808    00000014     fault.o (.text.Fault_Clear)
                  0000d81c    00000014     fault.o (.text.Fault_Init)
                  0000d830    00000014     empty.o (.text.GROUP1_IRQHandler)
                  0000d844    00000014     heading_control.o (.text.HeadingControl_Enable)
                  0000d858    00000014     mission_library.o (.text.MissionLibrary_GetByIndex)
                  0000d86c    00000014     mission_manager.o (.text.MissionManager_GetSelectedMissionId)
                  0000d880    00000014     vision_pitch_tuning.o (.text.VisionPitchTuning_GetSnapshot)
                  0000d894    00000014     vision_uart.o (.text.VisionUart_Init)
                  0000d8a8    00000014     libclang_rt.builtins.a : aeabi_ldivmod.S.obj (.text.__aeabi_ldivmod)
                  0000d8bc    00000014                            : aeabi_uldivmod.S.obj (.text.__aeabi_uldivmod)
                  0000d8d0    00000012     driverlib.a : dl_uart.o (.text.DL_UART_setClockConfig)
                  0000d8e2    00000012     libc.a : copy_decompress_none.c.obj (.text:decompress:none)
                  0000d8f4    00000010     driverlib.a : dl_timer.o (.text.DL_Timer_setCaptureCompareValue)
                  0000d904    00000010     gimbal.o (.text.Gimbal_YawGetFeedback)
                  0000d914    00000010     key.o (.text.Key_GetEvent)
                  0000d924    00000010     libc.a : copy_zero_init.c.obj (.text:decompress:ZI)
                  0000d934    0000000c     car_controller.o (.text.CarController_GetRunMode)
                  0000d940    0000000c     car_controller.o (.text.CarController_Init)
                  0000d94c    0000000c     car_controller.o (.text.CarController_IsSafetyHoldActive)
                  0000d958    0000000c     car_state.o (.text.CarState_Get)
                  0000d964    0000000c     car_state.o (.text.CarState_Init)
                  0000d970    0000000c     car_state.o (.text.CarState_Set)
                  0000d97c    0000000c     emergency_stop.o (.text.EmergencyStop_Init)
                  0000d988    0000000c     emergency_stop.o (.text.EmergencyStop_IsActive)
                  0000d994    0000000c     imu.o (.text.Imu_GetCorrectedGyroZDps)
                  0000d9a0    0000000c     imu.o (.text.Imu_GetYaw)
                  0000d9ac    0000000c     menu.o (.text.Menu_GetPage)
                  0000d9b8    0000000c     menu.o (.text.Menu_GetParamItem)
                  0000d9c4    0000000c     mission_manager.o (.text.MissionManager_IsExternallyHeld)
                  0000d9d0    0000000c     mission_manager.o (.text.MissionManager_SetExternalHold)
                  0000d9dc    0000000c     obstacle_avoidance.o (.text.ObstacleAvoidance_IsActive)
                  0000d9e8    0000000c     obstacle_avoidance.o (.text.ObstacleAvoidance_IsFailed)
                  0000d9f4    0000000c     obstacle_safety.o (.text.ObstacleSafety_IsHolding)
                  0000da00    0000000c     empty.o (.text.SystemTime_GetMs)
                  0000da0c    0000000c     watchdog_monitor.o (.text.WatchdogMonitor_HasTripped)
                  0000da18    0000000c     libclang_rt.builtins.a : aeabi_memset.S.obj (.text.__aeabi_memclr)
                  0000da24    0000000a     driverlib.a : dl_common.o (.text.DL_Common_delayCycles)
                  0000da2e    0000000a     track_sensor.o (.text.TrackSensor_IsCenterDetected)
                  0000da38    0000000a     track_sensor.o (.text.TrackSensor_IsLineDetected)
                  0000da42    0000000a     track_sensor.o (.text.TrackSensor_IsLineLost)
                  0000da4c    00000008     bluetooth_uart.o (.text.BluetoothUart_GetRuntime)
                  0000da54    00000008     car_controller.o (.text.CarController_GetFeedback)
                  0000da5c    00000008     fault.o (.text.Fault_GetRecord)
                  0000da64    00000008     gimbal_stepper.o (.text.GimbalStepper_GetFeedback)
                  0000da6c    00000008     heading_control.o (.text.HeadingControl_GetRuntime)
                  0000da74    00000008     imu.o (.text.Imu_GetRuntime)
                  0000da7c    00000008     line_controller.o (.text.LineController_GetRuntime)
                  0000da84    00000008     mission_manager.o (.text.MissionManager_GetMissionCount)
                  0000da8c    00000008     mission_manager.o (.text.MissionManager_GetRuntime)
                  0000da94    00000008     motion_action.o (.text.MotionAction_GetRuntime)
                  0000da9c    00000008     motor_control.o (.text.MotorControl_GetRuntime)
                  0000daa4    00000008     obstacle_avoidance.o (.text.ObstacleAvoidance_GetFeedback)
                  0000daac    00000008     obstacle_monitor.o (.text.ObstacleMonitor_GetFeedback)
                  0000dab4    00000008     oled_ui.o (.text.OledUi_Init)
                  0000dabc    00000008     runtime_snapshot.o (.text.RuntimeSnapshot_Get)
                  0000dac4    00000008     servo.o (.text.Servo_GetFeedback)
                  0000dacc    00000008     ultrasonic.o (.text.Ultrasonic_GetFeedback)
                  0000dad4    00000008     vision_receiver.o (.text.VisionReceiver_GetStatus)
                  0000dadc    00000008     vision_tuning_console.o (.text.VisionTuningConsole_GetStatus)
                  0000dae4    00000008     watchdog_monitor.o (.text.WatchdogMonitor_GetStatus)
                  0000daec    00000008     wheel_speed_estimator.o (.text.WheelSpeedEstimator_GetRuntime)
                  0000daf4    00000008     libclang_rt.builtins.a : aeabi_memcpy.S.obj (.text.__aeabi_memcpy)
                  0000dafc    00000008                            : aeabi_memmove.S.obj (.text.__aeabi_memmove)
                  0000db04    00000006     libc.a : exit.c.obj (.text:abort)
                  0000db0a    00000004     mission_library.o (.text.MissionLibrary_GetCount)
                  0000db0e    00000004     obstacle_avoidance.o (.text.ObstacleAvoidance_IsResumeGraceActive)
                  0000db12    00000004     startup_mspm0g350x_ticlang.o (.text.Reset_Handler)
                  0000db16    00000004     libc.a : pre_init.c.obj (.text._system_pre_init)
                  0000db1a    00000006     --HOLE-- [fill = 0]

.cinit     0    0000e238    00000030     
                  0000e238    0000000c     (__TI_handler_table)
                  0000e244    00000008     (.cinit..bss.load) [load image, compression = zero_init]
                  0000e24c    00000005     (.cinit..data.load) [load image, compression = lzss]
                  0000e251    00000003     --HOLE-- [fill = 0]
                  0000e254    00000010     (__TI_cinit_table)
                  0000e264    00000004     --HOLE-- [fill = 0]

.rodata    0    0000db20    00000718     
                  0000db20    000000d8     oled.o (.rodata..Lswitch.table.OLED_PrintChar)
                  0000dbf8    00000048     mission_library.o (.rodata.g_missionCompetitionMain)
                  0000dc40    00000048     mission_library.o (.rodata.g_missionTestDistance20)
                  0000dc88    00000048     mission_library.o (.rodata.g_missionTestLine)
                  0000dcd0    00000048     mission_library.o (.rodata.g_missionTestTurn)
                  0000dd18    00000040     mission_library.o (.rodata.g_missionRegistry)
                  0000dd58    0000002c     oled_ui.o (.rodata..Lswitch.table.print_status_page)
                  0000dd84    0000001c     menu.o (.rodata..Lswitch.table.Menu_ParamItemToString)
                  0000dda0    0000001c     vision_tuning_console.o (.rodata.str1.1836208005852235077.1)
                  0000ddbc    00000018     oled_ui.o (.rodata..Lswitch.table.OledUi_Update_20ms.115)
                  0000ddd4    00000018     vision_pitch_tuning.o (.rodata..Lswitch.table.VisionPitchTuning_ParamName)
                  0000ddec    00000018     oled_ui.o (.rodata..Lswitch.table.print_status_page.116)
                  0000de04    00000014     vision_yaw_tuning.o (.rodata..Lswitch.table.VisionYawTuning_ParamName)
                  0000de18    00000014     oled_ui.o (.rodata..Lswitch.table.print_status_page.117)
                  0000de2c    0000000e     oled_ui.o (.rodata.str1.10416366799939242409.1)
                  0000de3a    00000002     ti_msp_dl_config.o (.rodata.gUART_BLUETOOTHClockConfig)
                  0000de3c    0000000c     oled_ui.o (.rodata..Lswitch.table.OledUi_Update_20ms)
                  0000de48    0000000c     oled_ui.o (.rodata.str1.10568433575767188072.1)
                  0000de54    0000000a     ti_msp_dl_config.o (.rodata.gUART_BLUETOOTHConfig)
                  0000de5e    0000000a     ti_msp_dl_config.o (.rodata.gUART_VISIONConfig)
                  0000de68    0000000a     oled_ui.o (.rodata.str1.12043213579996415112.1)
                  0000de72    0000000a     mission_library.o (.rodata.str1.13636476544574750902.1)
                  0000de7c    0000000a     mission_library.o (.rodata.str1.15668266851434757964.1)
                  0000de86    0000000a     mission_library.o (.rodata.str1.199678142196697465.1)
                  0000de90    0000000a     vision_tuning_console.o (.rodata.str1.4859846923128959820.1)
                  0000de9a    0000000a     vision_tuning_console.o (.rodata.str1.7225688704195888286.1)
                  0000dea4    00000008     ti_msp_dl_config.o (.rodata.gPWM_MOTORConfig)
                  0000deac    00000008     vision_tuning_console.o (.rodata.str1.11718269490974306969.1)
                  0000deb4    00000008     oled_ui.o (.rodata.str1.17763996158807330232.1)
                  0000debc    00000008     oled_ui.o (.rodata.str1.2983744876309220570.1)
                  0000dec4    00000008     vision_tuning_console.o (.rodata.str1.3293472937029561918.1)
                  0000decc    00000008     oled_ui.o (.rodata.str1.9159586779647977165.1)
                  0000ded4    00000008     oled_ui.o (.rodata.str1.9611283282870761829.1)
                  0000dedc    00000007     vision_tuning_console.o (.rodata.str1.10860306953068020798.1)
                  0000dee3    00000007     mission_library.o (.rodata.str1.1440970855772709381.1)
                  0000deea    00000007     oled_ui.o (.rodata.str1.7219546930854689545.1)
                  0000def1    00000006     oled_ui.o (.rodata.str1.10263419832828250601.1)
                  0000def7    00000006     vision_tuning_console.o (.rodata.str1.10319329813075420582.1)
                  0000defd    00000006     oled_ui.o (.rodata.str1.1108652269057166745.1)
                  0000df03    00000006     oled_ui.o (.rodata.str1.12182588061437138428.1)
                  0000df09    00000006     oled_ui.o (.rodata.str1.1445687256832830955.1)
                  0000df0f    00000006     oled_ui.o (.rodata.str1.16526439943277383452.1)
                  0000df15    00000006     oled_ui.o (.rodata.str1.16635595130967924751.1)
                  0000df1b    00000006     oled_ui.o (.rodata.str1.17540787658903907660.1)
                  0000df21    00000006     oled_ui.o (.rodata.str1.2308938766145545715.1)
                  0000df27    00000006     oled_ui.o (.rodata.str1.240075016795266086.1)
                  0000df2d    00000006     vision_tuning_console.o (.rodata.str1.4028100529439820245.1)
                  0000df33    00000006     oled_ui.o (.rodata.str1.8236579331345056500.1)
                  0000df39    00000006     oled_ui.o (.rodata.str1.8471462185882660445.1)
                  0000df3f    00000005     motion_action.o (.rodata..Lswitch.table.MotionAction_Update_20ms)
                  0000df44    00000005     oled.o (.rodata.oled_get_glyph.colon)
                  0000df49    00000005     oled.o (.rodata.oled_get_glyph.eight)
                  0000df4e    00000005     oled.o (.rodata.oled_get_glyph.five)
                  0000df53    00000005     oled.o (.rodata.oled_get_glyph.four)
                  0000df58    00000005     oled.o (.rodata.oled_get_glyph.glyphA)
                  0000df5d    00000005     oled.o (.rodata.oled_get_glyph.glyphB)
                  0000df62    00000005     oled.o (.rodata.oled_get_glyph.glyphC)
                  0000df67    00000005     oled.o (.rodata.oled_get_glyph.glyphD)
                  0000df6c    00000005     oled.o (.rodata.oled_get_glyph.glyphE)
                  0000df71    00000005     oled.o (.rodata.oled_get_glyph.glyphF)
                  0000df76    00000005     oled.o (.rodata.oled_get_glyph.glyphG)
                  0000df7b    00000005     oled.o (.rodata.oled_get_glyph.glyphH)
                  0000df80    00000005     oled.o (.rodata.oled_get_glyph.glyphI)
                  0000df85    00000005     oled.o (.rodata.oled_get_glyph.glyphK)
                  0000df8a    00000005     oled.o (.rodata.oled_get_glyph.glyphL)
                  0000df8f    00000005     oled.o (.rodata.oled_get_glyph.glyphM)
                  0000df94    00000005     oled.o (.rodata.oled_get_glyph.glyphN)
                  0000df99    00000005     oled.o (.rodata.oled_get_glyph.glyphO)
                  0000df9e    00000005     oled.o (.rodata.oled_get_glyph.glyphP)
                  0000dfa3    00000005     oled.o (.rodata.oled_get_glyph.glyphR)
                  0000dfa8    00000005     oled.o (.rodata.oled_get_glyph.glyphS)
                  0000dfad    00000005     oled.o (.rodata.oled_get_glyph.glyphT)
                  0000dfb2    00000005     oled.o (.rodata.oled_get_glyph.glyphU)
                  0000dfb7    00000005     oled.o (.rodata.oled_get_glyph.glyphV)
                  0000dfbc    00000005     oled.o (.rodata.oled_get_glyph.glyphW)
                  0000dfc1    00000005     oled.o (.rodata.oled_get_glyph.glyphX)
                  0000dfc6    00000005     oled.o (.rodata.oled_get_glyph.glyphY)
                  0000dfcb    00000005     oled.o (.rodata.oled_get_glyph.glyphb)
                  0000dfd0    00000005     oled.o (.rodata.oled_get_glyph.gt)
                  0000dfd5    00000005     oled.o (.rodata.oled_get_glyph.minus)
                  0000dfda    00000005     oled.o (.rodata.oled_get_glyph.nine)
                  0000dfdf    00000005     oled.o (.rodata.oled_get_glyph.one)
                  0000dfe4    00000005     oled.o (.rodata.oled_get_glyph.seven)
                  0000dfe9    00000005     oled.o (.rodata.oled_get_glyph.six)
                  0000dfee    00000005     oled.o (.rodata.oled_get_glyph.space)
                  0000dff3    00000005     oled.o (.rodata.oled_get_glyph.three)
                  0000dff8    00000005     oled.o (.rodata.oled_get_glyph.two)
                  0000dffd    00000005     oled.o (.rodata.oled_get_glyph.zero)
                  0000e002    00000005     oled_ui.o (.rodata.str1.12697925274637991987.1)
                  0000e007    00000005     oled_ui.o (.rodata.str1.13567883086814673087.1)
                  0000e00c    00000005     oled_ui.o (.rodata.str1.13790669171379415506.1)
                  0000e011    00000005     oled_ui.o (.rodata.str1.13871579367539052597.1)
                  0000e016    00000005     vision_pitch_tuning.o (.rodata.str1.13915893147848268398.1)
                  0000e01b    00000005     oled_ui.o (.rodata.str1.14358698208395374265.1)
                  0000e020    00000005     fault.o (.rodata.str1.14435905801345341244.1)
                  0000e025    00000005     oled_ui.o (.rodata.str1.14740362735394205067.1)
                  0000e02a    00000005     oled_ui.o (.rodata.str1.14774750633985060196.1)
                  0000e02f    00000005     fault.o (.rodata.str1.1506612114648992996.1)
                  0000e034    00000005     oled_ui.o (.rodata.str1.15613891207764622616.1)
                  0000e039    00000005     oled_ui.o (.rodata.str1.15817398807211891688.1)
                  0000e03e    00000005     oled_ui.o (.rodata.str1.16411631209783952401.1)
                  0000e043    00000005     oled_ui.o (.rodata.str1.16931641404301806744.1)
                  0000e048    00000005     oled_ui.o (.rodata.str1.16939060351352778619.1)
                  0000e04d    00000005     fault.o (.rodata.str1.17097894860660336008.1)
                  0000e052    00000005     fault.o (.rodata.str1.17155043670132108083.1)
                  0000e057    00000005     vision_tuning_console.o (.rodata.str1.17265544270347038021.1)
                  0000e05c    00000005     oled_ui.o (.rodata.str1.17464849429964608858.1)
                  0000e061    00000005     oled_ui.o (.rodata.str1.17763087492223448992.1)
                  0000e066    00000005     oled_ui.o (.rodata.str1.1974573040514735405.1)
                  0000e06b    00000005     fault.o (.rodata.str1.2104670281202025270.1)
                  0000e070    00000005     oled_ui.o (.rodata.str1.2193316011307952170.1)
                  0000e075    00000005     oled_ui.o (.rodata.str1.2522137003438374266.1)
                  0000e07a    00000005     oled_ui.o (.rodata.str1.2742282290834473644.1)
                  0000e07f    00000005     oled_ui.o (.rodata.str1.3467953211977455017.1)
                  0000e084    00000005     oled_ui.o (.rodata.str1.3702290527496711532.1)
                  0000e089    00000005     fault.o (.rodata.str1.4453281041433270631.1)
                  0000e08e    00000005     fault.o (.rodata.str1.4549004730087743662.1)
                  0000e093    00000005     oled_ui.o (.rodata.str1.4581472623415959594.1)
                  0000e098    00000005     oled_ui.o (.rodata.str1.4610220316623841660.1)
                  0000e09d    00000005     menu.o (.rodata.str1.4862307748908978627.1)
                  0000e0a2    00000005     fault.o (.rodata.str1.6372787129294360447.1)
                  0000e0a7    00000005     fault.o (.rodata.str1.6437946768974223044.1)
                  0000e0ac    00000005     oled_ui.o (.rodata.str1.7419768602719733415.1)
                  0000e0b1    00000005     vision_yaw_tuning.o (.rodata.str1.7764041101441114269.1)
                  0000e0b6    00000005     oled_ui.o (.rodata.str1.7774807581888385879.1)
                  0000e0bb    00000005     oled_ui.o (.rodata.str1.8124536758062367015.1)
                  0000e0c0    00000005     fault.o (.rodata.str1.8185770893384132067.1)
                  0000e0c5    00000005     oled_ui.o (.rodata.str1.8399051469953744892.1)
                  0000e0ca    00000005     oled_ui.o (.rodata.str1.8403269972884532600.1)
                  0000e0cf    00000005     oled_ui.o (.rodata.str1.8426569189266129334.1)
                  0000e0d4    00000005     oled_ui.o (.rodata.str1.8460525935980491721.1)
                  0000e0d9    00000005     oled_ui.o (.rodata.str1.8693388333057100694.1)
                  0000e0de    00000005     oled_ui.o (.rodata.str1.8950259614286592359.1)
                  0000e0e3    00000005     oled_ui.o (.rodata.str1.9102528229756940648.1)
                  0000e0e8    00000005     oled_ui.o (.rodata.str1.9295666102996717355.1)
                  0000e0ed    00000005     oled_ui.o (.rodata.str1.9351772214919528733.1)
                  0000e0f2    00000005     oled_ui.o (.rodata.str1.9584387800903135389.1)
                  0000e0f7    00000005     oled_ui.o (.rodata.str1.9822857334037886482.1)
                  0000e0fc    00000004     oled_ui.o (.rodata.str1.10077435089618835710.1)
                  0000e100    00000004     oled_ui.o (.rodata.str1.1019225241002246410.1)
                  0000e104    00000004     oled_ui.o (.rodata.str1.10430294223631918979.1)
                  0000e108    00000004     oled_ui.o (.rodata.str1.10509309789429088155.1)
                  0000e10c    00000004     oled_ui.o (.rodata.str1.11232419324784801130.1)
                  0000e110    00000004     oled_ui.o (.rodata.str1.11428648044669318875.1)
                  0000e114    00000004     menu.o (.rodata.str1.12110183915172842339.1)
                  0000e118    00000004     oled_ui.o (.rodata.str1.12493748764729730277.1)
                  0000e11c    00000004     oled_ui.o (.rodata.str1.12617122458660443890.1)
                  0000e120    00000004     oled_ui.o (.rodata.str1.12928245060369742404.1)
                  0000e124    00000004     oled_ui.o (.rodata.str1.12983537867572525563.1)
                  0000e128    00000004     oled_ui.o (.rodata.str1.13244290092665904221.1)
                  0000e12c    00000004     fault.o (.rodata.str1.13582094816268305212.1)
                  0000e130    00000004     oled_ui.o (.rodata.str1.13882251010780863896.1)
                  0000e134    00000004     vision_tuning_console.o (.rodata.str1.14084955404328172175.1)
                  0000e138    00000004     oled_ui.o (.rodata.str1.14134189893851348960.1)
                  0000e13c    00000004     oled_ui.o (.rodata.str1.14521350379984854626.1)
                  0000e140    00000004     oled_ui.o (.rodata.str1.14711868471336838103.1)
                  0000e144    00000004     oled_ui.o (.rodata.str1.15008238333949226094.1)
                  0000e148    00000004     oled_ui.o (.rodata.str1.15575624326185233262.1)
                  0000e14c    00000004     oled_ui.o (.rodata.str1.15577080202403550426.1)
                  0000e150    00000004     oled_ui.o (.rodata.str1.15802367878353263018.1)
                  0000e154    00000004     oled_ui.o (.rodata.str1.15829239520183577662.1)
                  0000e158    00000004     oled_ui.o (.rodata.str1.15935041339501476673.1)
                  0000e15c    00000004     menu.o (.rodata.str1.16312125044762562515.1)
                  0000e160    00000004     fault.o (.rodata.str1.16482347271627360806.1)
                  0000e164    00000004     oled_ui.o (.rodata.str1.16554583589798097927.1)
                  0000e168    00000004     vision_pitch_tuning.o (.rodata.str1.16579632732967443104.1)
                  0000e16c    00000004     oled_ui.o (.rodata.str1.16849766574302683489.1)
                  0000e170    00000004     menu.o (.rodata.str1.17041139162815566052.1)
                  0000e174    00000004     oled_ui.o (.rodata.str1.17274519358952562110.1)
                  0000e178    00000004     oled_ui.o (.rodata.str1.18266126048138325213.1)
                  0000e17c    00000004     oled_ui.o (.rodata.str1.18379317056176403938.1)
                  0000e180    00000004     oled_ui.o (.rodata.str1.2656948373757303877.1)
                  0000e184    00000004     oled_ui.o (.rodata.str1.270145429241168923.1)
                  0000e188    00000004     oled_ui.o (.rodata.str1.3407221357956504873.1)
                  0000e18c    00000004     oled_ui.o (.rodata.str1.3455423528827705371.1)
                  0000e190    00000004     oled_ui.o (.rodata.str1.4402311448527872260.1)
                  0000e194    00000004     oled_ui.o (.rodata.str1.4581686099848791648.1)
                  0000e198    00000004     oled_ui.o (.rodata.str1.4582914374586912483.1)
                  0000e19c    00000004     oled_ui.o (.rodata.str1.5853739094453432564.1)
                  0000e1a0    00000004     oled_ui.o (.rodata.str1.5965450730569173784.1)
                  0000e1a4    00000004     oled_ui.o (.rodata.str1.6806727740681590176.1)
                  0000e1a8    00000004     menu.o (.rodata.str1.6857549598058878762.1)
                  0000e1ac    00000004     oled_ui.o (.rodata.str1.7185587941321649510.1)
                  0000e1b0    00000004     fault.o (.rodata.str1.7255546073596598018.1)
                  0000e1b4    00000004     oled_ui.o (.rodata.str1.8018480777946742726.1)
                  0000e1b8    00000004     oled_ui.o (.rodata.str1.8783421139296713095.1)
                  0000e1bc    00000004     oled_ui.o (.rodata.str1.9229350655415085.1)
                  0000e1c0    00000004     vision_tuning_console.o (.rodata.str1.9292707793305368794.1)
                  0000e1c4    00000004     vision_yaw_tuning.o (.rodata.str1.9489746196023004463.1)
                  0000e1c8    00000004     oled_ui.o (.rodata.str1.9646571805098343045.1)
                  0000e1cc    00000004     oled_ui.o (.rodata.str1.967006512144173535.1)
                  0000e1d0    00000004     oled_ui.o (.rodata.str1.9854382722193312766.1)
                  0000e1d4    00000003     ti_msp_dl_config.o (.rodata.gPWM_MOTORClockConfig)
                  0000e1d7    00000003     vision_pitch_tuning.o (.rodata.str1.10553819018306626402.1)
                  0000e1da    00000003     vision_tuning_console.o (.rodata.str1.12197883643583142124.1)
                  0000e1dd    00000003     oled_ui.o (.rodata.str1.130772507669342127.1)
                  0000e1e0    00000003     menu.o (.rodata.str1.13124720451672825294.1)
                  0000e1e3    00000003     menu.o (.rodata.str1.14098755746347272832.1)
                  0000e1e6    00000003     oled_ui.o (.rodata.str1.14556837007311414654.1)
                  0000e1e9    00000003     vision_pitch_tuning.o (.rodata.str1.15082469624955958926.1)
                  0000e1ec    00000003     oled_ui.o (.rodata.str1.15132332204781002199.1)
                  0000e1ef    00000003     vision_yaw_tuning.o (.rodata.str1.15455206247194842411.1)
                  0000e1f2    00000003     oled_ui.o (.rodata.str1.15859922799842739878.1)
                  0000e1f5    00000003     oled_ui.o (.rodata.str1.16290499236105125126.1)
                  0000e1f8    00000003     vision_tuning_console.o (.rodata.str1.16336339630363933256.1)
                  0000e1fb    00000003     oled_ui.o (.rodata.str1.16895433903389883335.1)
                  0000e1fe    00000003     vision_pitch_tuning.o (.rodata.str1.17185918124541117546.1)
                  0000e201    00000003     oled_ui.o (.rodata.str1.17812014771544466701.1)
                  0000e204    00000003     oled_ui.o (.rodata.str1.17884296644359297425.1)
                  0000e207    00000003     vision_pitch_tuning.o (.rodata.str1.18308346119964257230.1)
                  0000e20a    00000003     vision_pitch_tuning.o (.rodata.str1.2353024170771920291.1)
                  0000e20d    00000003     oled_ui.o (.rodata.str1.2603845803395459882.1)
                  0000e210    00000003     oled_ui.o (.rodata.str1.2608729314174233125.1)
                  0000e213    00000003     oled_ui.o (.rodata.str1.3025253791635144717.1)
                  0000e216    00000003     vision_yaw_tuning.o (.rodata.str1.4032468970572441659.1)
                  0000e219    00000003     menu.o (.rodata.str1.4646809750356241979.1)
                  0000e21c    00000003     oled_ui.o (.rodata.str1.5004483696121082904.1)
                  0000e21f    00000003     oled_ui.o (.rodata.str1.5965888106848176421.1)
                  0000e222    00000003     vision_yaw_tuning.o (.rodata.str1.6393086909333857079.1)
                  0000e225    00000003     vision_yaw_tuning.o (.rodata.str1.6657421771701333087.1)
                  0000e228    00000003     oled_ui.o (.rodata.str1.6954814719705590448.1)
                  0000e22b    00000003     fault.o (.rodata.str1.8193046109637024842.1)
                  0000e22e    00000003     oled_ui.o (.rodata.str1.9544068167406571052.1)
                  0000e231    00000002     ti_msp_dl_config.o (.rodata.gUART_VISIONClockConfig)
                  0000e233    00000002     oled_ui.o (.rodata.str1.15917848551323629232.1)
                  0000e235    00000003     --HOLE-- [fill = 0]

.init_array 
*          0    00000000    00000000     UNINITIALIZED

.binit     0    00000000    00000000     

.bss       0    20200000    000010bb     UNINITIALIZED
                  20200000    00000400     oled.o (.bss.g_oledFrame)
                  20200400    00000200     vision_receiver.o (.bss.g_ring)
                  20200600    000001c8     runtime_snapshot.o (.bss.g_snapshot)
                  202007c8    00000100     vision_tuning_console.o (.bss.g_rxRing)
                  202008c8    00000100     vision_tuning_console.o (.bss.g_txRing)
                  202009c8    00000100     (.common:g_appConfig)
                  20200ac8    00000084     (.common:g_imuRuntime)
                  20200b4c    00000080     bluetooth_uart.o (.bss.g_rxRing)
                  20200bcc    0000007c     motor_control.o (.bss.g_runtime)
                  20200c48    00000064     (.common:g_appRuntime)
                  20200cac    00000058     vision_receiver.o (.bss.g_status)
                  20200d04    00000004     imu.o (.bss.g_elapsedSinceValidSampleMs)
                  20200d08    00000058     (.common:g_wheelSpeedEstimatorRuntime)
                  20200d60    00000040     gimbal.o (.bss.g_feedback)
                  20200da0    00000040     vision_tuning_console.o (.bss.g_line)
                  20200de0    00000040     line_controller.o (.bss.g_lineRuntime)
                  20200e20    00000030     (.common:gUART_VISIONBackup)
                  20200e50    0000002c     vision_receiver.o (.bss.g_observation)
                  20200e7c    0000002c     empty.o (.bss.g_schedulerStats)
                  20200ea8    00000028     vision_receiver.o (.bss.g_frame)
                  20200ed0    0000001c     mission_manager.o (.bss.g_missionRuntime)
                  20200eec    0000001c     (.common:g_headingRuntime)
                  20200f08    00000018     obstacle_avoidance.o (.bss.g_avoidFeedback)
                  20200f20    00000018     gimbal_stepper.o (.bss.g_feedback)
                  20200f38    00000018     vision_pitch_tuning.o (.bss.g_status)
                  20200f50    00000018     vision_tuning_console.o (.bss.g_status)
                  20200f68    00000014     motion_action.o (.bss.g_motionActionRuntime)
                  20200f7c    00000014     bluetooth_uart.o (.bss.g_runtime)
                  20200f90    00000014     vision_yaw_tuning.o (.bss.g_status)
                  20200fa4    00000014     watchdog_monitor.o (.bss.g_status)
                  20200fb8    00000010     fault.o (.bss.g_faultRecord)
                  20200fc8    00000010     motor.o (.bss.g_motorRuntime)
                  20200fd8    0000000e     car_controller.o (.bss.g_carControllerFeedback)
                  20200fe6    00000002     ultrasonic.o (.bss.g_echoTicks)
                  20200fe8    0000000e     ultrasonic.o (.bss.g_ultrasonicFeedback)
                  20200ff6    00000002     vision_receiver.o (.bss.g_ringHead)
                  20200ff8    0000000c     debug_telemetry.o (.bss.g_status)
                  20201004    00000008     obstacle_monitor.o (.bss.g_obstacleFeedback)
                  2020100c    00000004     debug_telemetry.o (.bss.g_lastFrameMs)
                  20201010    00000008     gimbal.o (.bss.g_yawContinuousDegX10)
                  20201018    00000008     gimbal.o (.bss.g_yawLockedWorldYawDegX10)
                  20201020    00000008     gimbal.o (.bss.g_yawTargetContinuousDegX10)
                  20201028    00000008     gimbal.o (.bss.g_yawWorldTargetDegX10)
                  20201030    00000008     gimbal.o (.bss.g_yawWrappedDegX10)
                  20201038    00000006     ultrasonic.o (.bss.g_distanceSamples)
                  2020103e    00000006     key.o (.bss.g_key1)
                  20201044    00000006     key.o (.bss.g_key2)
                  2020104a    00000006     key.o (.bss.g_key3)
                  20201050    00000004     watchdog_monitor.o (.bss.g_lastTickMs)
                  20201054    00000004     wheel_speed_estimator.o (.bss.g_latchedErrorFlags)
                  20201058    00000004     empty.o (.bss.g_localTimeMs)
                  2020105c    00000004     encoder.o (.bss.g_motorAPulses)
                  20201060    00000004     encoder.o (.bss.g_motorBPulses)
                  20201064    00000004     imu.o (.bss.g_previousValidCorrectedGyroZDps)
                  20201068    00000004     servo.o (.bss.g_servoFeedback)
                  2020106c    00000004     gimbal.o (.bss.g_yawCommandedRpm)
                  20201070    00000004     gimbal.o (.bss.g_yawTargetRpm)
                  20201074    00000004     empty.o (.bss.main.lastAppUpdateMs)
                  20201078    00000002     vision_receiver.o (.bss.g_ringTail)
                  2020107a    00000002     bluetooth_uart.o (.bss.g_rxHead)
                  2020107c    00000002     vision_tuning_console.o (.bss.g_rxHead)
                  2020107e    00000002     bluetooth_uart.o (.bss.g_rxTail)
                  20201080    00000002     vision_tuning_console.o (.bss.g_rxTail)
                  20201082    00000002     servo.o (.bss.g_servoPwmPhase)
                  20201084    00000002     ultrasonic.o (.bss.g_stateTicks)
                  20201086    00000002     vision_tuning_console.o (.bss.g_txHead)
                  20201088    00000002     vision_tuning_console.o (.bss.g_txTail)
                  2020108a    00000002     (.common:g_trackError)
                  2020108c    00000001     oled_ui.o (.bss.OledUi_Update_20ms.flushRow)
                  2020108d    00000001     oled_ui.o (.bss.OledUi_Update_20ms.refreshDivider)
                  2020108e    00000001     empty.o (.bss.SysTick_Handler.controlMsCount)
                  2020108f    00000001     empty.o (.bss.SysTick_Handler.tick100usCount)
                  20201090    00000001     ultrasonic.o (.bss.Ultrasonic_Update_20ms.triggerDivider)
                  20201091    00000001     empty.o (.bss.g_appUpdatePending)
                  20201092    00000001     vision_tuning_console.o (.bss.g_capturing)
                  20201093    00000001     car_state.o (.bss.g_carState)
                  20201094    00000001     obstacle_monitor.o (.bss.g_centerSettleTicks)
                  20201095    00000001     vision_tuning_console.o (.bss.g_commandTarget)
                  20201096    00000001     ultrasonic.o (.bss.g_distanceSampleCount)
                  20201097    00000001     ultrasonic.o (.bss.g_distanceSampleIndex)
                  20201098    00000001     emergency_stop.o (.bss.g_emergencyStopActive)
                  20201099    00000001     watchdog_monitor.o (.bss.g_faultApplied)
                  2020109a    00000001     watchdog_monitor.o (.bss.g_faultPending)
                  2020109b    00000001     vision_receiver.o (.bss.g_frameSize)
                  2020109c    00000001     imu.o (.bss.g_integrationHistoryValid)
                  2020109d    00000001     wheel_speed_estimator.o (.bss.g_leftFilterInitialized)
                  2020109e    00000001     vision_tuning_console.o (.bss.g_lineSize)
                  2020109f    00000001     obstacle_safety.o (.bss.g_obstacleSafetyHolding)
                  202010a0    00000001     oled.o (.bss.g_oledColumn)
                  202010a1    00000001     menu.o (.bss.g_oledPage)
                  202010a2    00000001     oled.o (.bss.g_oledPage)
                  202010a3    00000001     encoder.o (.bss.g_overflowFlags)
                  202010a4    00000001     menu.o (.bss.g_paramItem)
                  202010a5    00000001     menu.o (.bss.g_paramReturnPage)
                  202010a6    00000001     key.o (.bss.g_pendingEvent)
                  202010a7    00000001     vision_tuning_console.o (.bss.g_prefixIndex)
                  202010a8    00000001     vision_tuning_console.o (.bss.g_prefixTarget)
                  202010a9    00000001     wheel_speed_estimator.o (.bss.g_rightFilterInitialized)
                  202010aa    00000001     car_controller.o (.bss.g_safetyHold)
                  202010ab    00000001     imu.o (.bss.g_shortGapPending)
                  202010ac    00000001     motor_control.o (.bss.g_targetRefreshed)
                  202010ad    00000001     ultrasonic.o (.bss.g_triggerRequest)
                  202010ae    00000001     ultrasonic.o (.bss.g_ultrasonicState)
                  202010af    00000001     gimbal.o (.bss.g_yawLimitClamped)
                  202010b0    00000001     gimbal.o (.bss.g_yawLimitDirection)
                  202010b1    00000001     gimbal.o (.bss.g_yawPositionValid)
                  202010b2    00000001     gimbal.o (.bss.g_yawWorldLockEnabled)
                  202010b3    00000001     (.common:g_carStateDebug)
                  202010b4    00000001     (.common:g_keyEvent)
                  202010b5    00000001     (.common:g_oledPageDebug)
                  202010b6    00000001     (.common:g_paramItemDebug)
                  202010b7    00000001     (.common:g_trackBlackCount)
                  202010b8    00000001     (.common:g_trackModeDebug)
                  202010b9    00000001     (.common:g_trackRaw)
                  202010ba    00000001     (.common:g_trackTurnDebug)

.data      0    202010bb    00000001     UNINITIALIZED
                  202010bb    00000001     car_controller.o (.data.g_followTurnPolicy)

.stack     0    20207e00    00000200     UNINITIALIZED
                  20207e00    00000004     libc.a : boot_cortex_m.c.obj (.stack)
                  20207e04    000001fc     --HOLE--

__llvm_prf_cnts 
*          0    20200000    00000000     UNINITIALIZED

__llvm_prf_bits 
*          0    20200000    00000000     UNINITIALIZED

MODULE SUMMARY

       Module                         code    ro data   rw data
       ------                         ----    -------   -------
    .\
       oled_ui.o                      10440   664       2      
       vision_tuning_console.o        9616    102       613    
       imu.o                          4252    0         142    
       car_controller.o               4140    0         116    
       oled.o                         2006    406       1026   
       motor_control.o                2768    0         125    
       line_controller.o              2112    0         64     
       app_config.o                   1888    0         256    
       vision_receiver.o              1072    0         689    
       runtime_snapshot.o             1184    0         456    
       wheel_speed_estimator.o        1292    0         94     
       mission_manager.o              1260    0         28     
       motion_action.o                1236    5         20     
       gimbal.o                       896     0         116    
       mission_library.o              456     389       0      
       ti_msp_dl_config.o             760     35        48     
       menu.o                         744     58        3      
       motor.o                        776     0         16     
       vision_protocol.o              732     0         0      
       ultrasonic.o                   596     0         29     
       empty.o                        404     0         55     
       key.o                          436     0         19     
       app.o                          402     0         10     
       fault.o                        296     65        16     
       track_sensor.o                 372     0         0      
       heading_control.o              340     0         28     
       vision_pitch_tuning.o          260     48        24     
       bluetooth_uart.o               176     0         152    
       watchdog_monitor.o             292     0         26     
       vision_yaw_tuning.o            248     41        20     
       encoder.o                      276     0         9      
       obstacle_safety.o              272     0         1      
       obstacle_monitor.o             192     0         9      
       startup_mspm0g350x_ticlang.o   6       192       0      
       angle_utils.o                  192     0         0      
       servo.o                        176     0         6      
       emergency_stop.o               176     0         1      
       vision_uart.o                  164     0         0      
       obstacle_avoidance.o           62      0         24     
       debug_telemetry.o              56      0         16     
       car_state.o                    36      0         1      
       gimbal_stepper.o               8       0         24     
    +--+------------------------------+-------+---------+---------+
       Total:                         53068   2005      4284   
                                                               
    C:/TI/mspm0_sdk_2_05_01_00/source/ti/driverlib/lib/ticlang/m0p/mspm0g1x0x_g3x0x/driverlib.a
       dl_timer.o                     388     0         0      
       dl_uart.o                      90      0         0      
       dl_common.o                    10      0         0      
    +--+------------------------------+-------+---------+---------+
       Total:                         488     0         0      
                                                               
    D:\TI\CCS\ccs\tools\compiler\ti-cgt-armllvm_4.0.4.LTS\lib\armv6m-ti-none-eabi/c/libc.a
       memcpy16.S.obj                 154     0         0      
       strcmp-armv6m.S.obj            136     0         0      
       copy_decompress_lzss.c.obj     124     0         0      
       memset16.S.obj                 98      0         0      
       autoinit.c.obj                 60      0         0      
       boot_cortex_m.c.obj            40      0         0      
       memmov.c.obj                   40      0         0      
       copy_decompress_none.c.obj     18      0         0      
       copy_zero_init.c.obj           16      0         0      
       exit.c.obj                     6       0         0      
       pre_init.c.obj                 4       0         0      
    +--+------------------------------+-------+---------+---------+
       Total:                         696     0         0      
                                                               
    D:\TI\CCS\ccs\tools\compiler\ti-cgt-armllvm_4.0.4.LTS\lib\armv6m-ti-none-eabi/c/libsysbm.a
       hostexit.c.obj                 4       0         0      
    +--+------------------------------+-------+---------+---------+
       Total:                         4       0         0      
                                                               
    D:\TI\CCS\ccs\tools\compiler\ti-cgt-armllvm_4.0.4.LTS\lib\armv6m-ti-none-eabi/libclang_rt.builtins.a
       addsf3.S.obj                   216     0         0      
       udivmoddi4.S.obj               162     0         0      
       comparesf2.S.obj               140     0         0      
       mulsf3.S.obj                   140     0         0      
       divsf3.S.obj                   130     0         0      
       aeabi_fcmp.S.obj               98      0         0      
       fixsfdi.S.obj                  96      0         0      
       aeabi_idivmod.S.obj            86      0         0      
       floatdisf.S.obj                78      0         0      
       aeabi_uidivmod.S.obj           64      0         0      
       divmoddi4.c.obj                62      0         0      
       floatsisf.S.obj                60      0         0      
       muldsi3.S.obj                  58      0         0      
       fixsfsi.S.obj                  56      0         0      
       floatunsisf.S.obj              40      0         0      
       muldi3.S.obj                   36      0         0      
       ashldi3.S.obj                  30      0         0      
       aeabi_ldivmod.S.obj            20      0         0      
       aeabi_uldivmod.S.obj           20      0         0      
       aeabi_memset.S.obj             12      0         0      
       aeabi_memcpy.S.obj             8       0         0      
       aeabi_memmove.S.obj            8       0         0      
       aeabi_div0.c.obj               4       0         0      
    +--+------------------------------+-------+---------+---------+
       Total:                         1624    0         0      
                                                               
       Stack:                         0       0         512    
       Linker Generated:              0       41        0      
    +--+------------------------------+-------+---------+---------+
       Grand Total:                   55880   2046      4796   


LINKER GENERATED COPY TABLES

__TI_cinit_table @ 0000e254 records: 2, size/record: 8, table size: 16
	.bss: load addr=0000e244, load size=00000008 bytes, run addr=20200000, run size=000010bb bytes, compression=zero_init
	.data: load addr=0000e24c, load size=00000005 bytes, run addr=202010bb, run size=00000001 bytes, compression=lzss


LINKER GENERATED HANDLER TABLE

__TI_handler_table @ 0000e238 records: 3, size/record: 4, table size: 12
	index: 0, handler: __TI_decompress_lzss
	index: 1, handler: __TI_decompress_none
	index: 2, handler: __TI_zero_init


GLOBAL SYMBOLS: SORTED ALPHABETICALLY BY Name 

address   name                                      
-------   ----                                      
0000b847  ADC0_IRQHandler                           
0000b847  ADC1_IRQHandler                           
0000b847  AES_IRQHandler                            
0000b4cd  Angle_Normalize180                        
00008129  AppConfig_InitDefault                     
00004589  AppConfig_LimitAll                        
0000bf4d  App_Init                                  
0000a23d  App_Update_20ms                           
0000da4d  BluetoothUart_GetRuntime                  
0000cf11  BluetoothUart_Init                        
0000bbbc  C$$EXIT                                   
0000b847  CANFD0_IRQHandler                         
0000da55  CarController_GetFeedback                 
0000d935  CarController_GetRunMode                  
0000d941  CarController_Init                        
0000d94d  CarController_IsSafetyHoldActive          
0000b64d  CarController_ResetRuntime                
0000bc49  CarController_SetSafetyHold               
00009ee9  CarController_StartDriveDistance          
000086e9  CarController_StartDriveDistanceAtYaw     
0000a76d  CarController_StartDriveHeading           
0000b58d  CarController_StartFollowLine             
0000aa65  CarController_StartTurnToYawRelative      
0000c781  CarController_Stop                        
00009169  CarController_Update_20ms                 
0000d959  CarState_Get                              
0000d965  CarState_Init                             
0000d971  CarState_Set                              
0000b847  DAC0_IRQHandler                           
0000da25  DL_Common_delayCycles                     
0000a461  DL_Timer_initFourCCPWMMode                
0000d501  DL_Timer_overrideCCPOut                   
0000d5e1  DL_Timer_setCaptCompUpdateMethod          
0000d731  DL_Timer_setCaptureCompareOutCtl          
0000d8f5  DL_Timer_setCaptureCompareValue           
0000d5fd  DL_Timer_setClockConfig                   
0000ca51  DL_UART_init                              
0000d8d1  DL_UART_setClockConfig                    
0000b847  DMA_IRQHandler                            
0000d749  DebugTelemetry_Init                       
0000d521  DebugTelemetry_Update                     
0000b847  Default_Handler                           
0000d405  EmergencyStop_Enforce                     
0000d97d  EmergencyStop_Init                        
0000d989  EmergencyStop_IsActive                    
0000cbad  EmergencyStop_Reset                       
0000cfb9  EmergencyStop_Trigger                     
0000cae1  Encoder_GetAndClearPulseDeltas            
0000b701  Encoder_HandleGpioInterrupt               
0000d211  Encoder_Reset                             
0000b405  FaultCode_ToShortString                   
0000d809  Fault_Clear                               
0000da5d  Fault_GetRecord                           
0000d81d  Fault_Init                                
0000d0f1  Fault_Raise                               
0000b847  GROUP0_IRQHandler                         
0000d831  GROUP1_IRQHandler                         
0000da65  GimbalStepper_GetFeedback                 
0000d905  Gimbal_YawGetFeedback                     
0000bbbd  HOSTexit                                  
0000b847  HardFault_Handler                         
0000d845  HeadingControl_Enable                     
0000da6d  HeadingControl_GetRuntime                 
0000d761  HeadingControl_Init                       
0000d779  HeadingControl_Reset                      
0000d619  HeadingControl_SetTargetYaw               
0000ab51  HeadingControl_Update                     
0000b847  I2C0_IRQHandler                           
0000b847  I2C1_IRQHandler                           
00007b01  Imu_CalibrateGyroBias                     
0000d995  Imu_GetCorrectedGyroZDps                  
0000da75  Imu_GetRuntime                            
0000d9a1  Imu_GetYaw                                
00006469  Imu_Init                                  
0000cfed  Imu_IsReady                               
0000cb25  Imu_ResetYaw                              
00005cd9  Imu_Update                                
0000d915  Key_GetEvent                              
0000d121  Key_Init                                  
00009475  Key_Update_20ms                           
0000da7d  LineController_GetRuntime                 
0000a96d  LineController_Init                       
0000d151  LineController_ObserveSensors             
0000a005  LineController_Reset                      
0000a565  LineController_ResetControlState          
00004af9  LineController_Update                     
0000d9ad  Menu_GetPage                              
0000d9b9  Menu_GetParamItem                         
0000c7d5  Menu_GetParamValue                        
00007675  Menu_HandleKeyEvent                       
0000d635  Menu_Init                                 
0000d791  Menu_ParamItemToString                    
0000d021  MissionLibrary_FindById                   
0000d859  MissionLibrary_GetByIndex                 
0000db0b  MissionLibrary_GetCount                   
000092f9  MissionLibrary_Validate                   
0000d23d  MissionManager_Cancel                     
0000da85  MissionManager_GetMissionCount            
0000da8d  MissionManager_GetRuntime                 
0000d86d  MissionManager_GetSelectedMissionId       
0000c35d  MissionManager_GetSelectedMissionIndex    
0000cbed  MissionManager_Init                       
0000d9c5  MissionManager_IsExternallyHeld           
0000d541  MissionManager_Pause                      
0000d429  MissionManager_ReportExternalFailure      
0000d269  MissionManager_Reset                      
0000d181  MissionManager_Resume                     
0000ae0d  MissionManager_SelectNext                 
0000b339  MissionManager_SelectPrevious             
0000d9d1  MissionManager_SetExternalHold            
0000c96d  MissionManager_Start                      
0000a669  MissionManager_Update_20ms                
0000d651  MotionAction_Cancel                       
0000da95  MotionAction_GetRuntime                   
0000d7a9  MotionAction_Init                         
00008c55  MotionAction_Start                        
0000714d  MotionAction_Update_20ms                  
0000da9d  MotorControl_GetRuntime                   
0000d44d  MotorControl_Init                         
0000d471  MotorControl_Reset                        
0000a86d  MotorControl_SetNormalizedTarget          
0000c9b9  MotorControl_Stop                         
000073e9  MotorControl_Update                       
0000bccd  Motor_Init                                
00007d31  Motor_SetSpeed                            
0000bdd5  Motor_Stop                                
0000b847  NMI_Handler                               
0000d495  OLED_ClearBuffer                          
000095e9  OLED_FlushPage                            
00009ca1  OLED_Init                                 
0000c6d1  OLED_PrintChar                            
00009759  OLED_PrintInt16                           
0000d0bd  OLED_PrintString                          
0000b189  OLED_PrintUInt16                          
0000d561  OLED_SetCursor                            
0000daa5  ObstacleAvoidance_GetFeedback             
0000d7c1  ObstacleAvoidance_Init                    
0000d9dd  ObstacleAvoidance_IsActive                
0000d9e9  ObstacleAvoidance_IsFailed                
0000db0f  ObstacleAvoidance_IsResumeGraceActive     
0000b97f  ObstacleAvoidance_Update_20ms             
0000daad  ObstacleMonitor_GetFeedback               
0000d66d  ObstacleMonitor_Init                      
0000b849  ObstacleMonitor_Update_20ms               
0000d689  ObstacleSafety_Init                       
0000d9f5  ObstacleSafety_IsHolding                  
0000ac3d  ObstacleSafety_Update_20ms                
0000dab5  OledUi_Init                               
000000c1  OledUi_Update_20ms                        
0000b847  PendSV_Handler                            
0000b847  RTC_IRQHandler                            
0000db13  Reset_Handler                             
0000dabd  RuntimeSnapshot_Get                       
0000d7d9  RuntimeSnapshot_Init                      
00004fe9  RuntimeSnapshot_Update                    
0000b847  SPI0_IRQHandler                           
0000b847  SPI1_IRQHandler                           
0000b847  SVC_Handler                               
0000afd1  SYSCFG_DL_GPIO_init                       
0000ba19  SYSCFG_DL_PWM_MOTOR_init                  
0000cc2d  SYSCFG_DL_SYSCTL_init                     
0000c12d  SYSCFG_DL_UART_BLUETOOTH_init             
0000c19d  SYSCFG_DL_UART_VISION_init                
0000d2ed  SYSCFG_DL_init                            
0000ca99  SYSCFG_DL_initPower                       
0000d581  SchedulerMonitor_GetStats                 
0000dac5  Servo_GetFeedback                         
0000d315  Servo_Init                                
0000cd6d  Servo_SetAngleDeg                         
0000cb69  Servo_Tick100us                           
0000bfc9  SysTick_Handler                           
0000da01  SystemTime_GetMs                          
0000b847  TIMA0_IRQHandler                          
0000b847  TIMA1_IRQHandler                          
0000b847  TIMG0_IRQHandler                          
0000b847  TIMG12_IRQHandler                         
0000b847  TIMG6_IRQHandler                          
0000b847  TIMG7_IRQHandler                          
0000b847  TIMG8_IRQHandler                          
0000d295  TrackSensor_CountBlack                    
0000c2ed  TrackSensor_DetectTurn                    
0000c42d  TrackSensor_GetErrorFromRaw               
0000bdd3  TrackSensor_Init                          
0000da2f  TrackSensor_IsCenterDetected              
0000da39  TrackSensor_IsLineDetected                
0000da43  TrackSensor_IsLineLost                    
0000c829  TrackSensor_ReadRaw                       
0000b847  UART0_IRQHandler                          
0000c20d  UART1_IRQHandler                          
0000b847  UART2_IRQHandler                          
0000c619  UART3_IRQHandler                          
0000dacd  Ultrasonic_GetFeedback                    
0000c87d  Ultrasonic_Init                           
00008fc9  Ultrasonic_Tick100us                      
0000c675  Ultrasonic_Update_20ms                    
0000d881  VisionPitchTuning_GetSnapshot             
0000d33d  VisionPitchTuning_Init                    
0000d6a5  VisionPitchTuning_ParamName               
0000d1b1  VisionPitchTuning_RestoreDefault          
0000be55  VisionPitchTuning_Set                     
00007f35  VisionProtocol_ParseV1TargetFrame         
0000dad5  VisionReceiver_GetStatus                  
0000cf49  VisionReceiver_Init                       
000060b9  VisionReceiver_Process                    
0000cc6d  VisionReceiver_PushByteFromIsr            
0000dadd  VisionTuningConsole_GetStatus             
0000c559  VisionTuningConsole_Init                  
000027b5  VisionTuningConsole_Process               
0000cda9  VisionTuningConsole_PushByteFromIsr       
0000d055  VisionTuningConsole_TryPopTxByte          
0000d895  VisionUart_Init                           
0000d089  VisionUart_Process                        
0000d6c1  VisionYawTuning_GetSnapshot               
0000d4b9  VisionYawTuning_Init                      
0000d6dd  VisionYawTuning_ParamName                 
0000d2c1  VisionYawTuning_RestoreDefault            
0000c27d  VisionYawTuning_Set                       
0000c8cd  WatchdogMonitor_ApplyFaultIfNeeded        
0000dae5  WatchdogMonitor_GetStatus                 
0000da0d  WatchdogMonitor_HasTripped                
0000d1e1  WatchdogMonitor_Init                      
0000d6f9  WatchdogMonitor_NotifyControlCycleComplete
0000d365  WatchdogMonitor_Reset                     
0000ca05  WatchdogMonitor_Tick1msFromIsr            
0000daed  WheelSpeedEstimator_GetRuntime            
0000aef1  WheelSpeedEstimator_Init                  
000058b5  WheelSpeedEstimator_Update                
20208000  __STACK_END                               
00000200  __STACK_SIZE                              
00000000  __TI_ATRegion0_region_sz                  
00000000  __TI_ATRegion0_src_addr                   
00000000  __TI_ATRegion0_trg_addr                   
00000000  __TI_ATRegion1_region_sz                  
00000000  __TI_ATRegion1_src_addr                   
00000000  __TI_ATRegion1_trg_addr                   
00000000  __TI_ATRegion2_region_sz                  
00000000  __TI_ATRegion2_src_addr                   
00000000  __TI_ATRegion2_trg_addr                   
0000e254  __TI_CINIT_Base                           
0000e264  __TI_CINIT_Limit                          
0000e264  __TI_CINIT_Warm                           
0000e238  __TI_Handler_Table_Base                   
0000e244  __TI_Handler_Table_Limit                  
0000ce5d  __TI_auto_init_nobinit_nopinit            
0000bed1  __TI_decompress_lzss                      
0000d8e3  __TI_decompress_none                      
ffffffff  __TI_pprof_out_hndl                       
ffffffff  __TI_prof_data_size                       
ffffffff  __TI_prof_data_start                      
00000000  __TI_static_base__                        
0000d925  __TI_zero_init                            
0000b26b  __addsf3                                  
0000cf81  __aeabi_f2iz                              
0000c5b9  __aeabi_f2lz                              
0000b26b  __aeabi_fadd                              
0000c495  __aeabi_fcmpeq                            
0000c4d1  __aeabi_fcmpge                            
0000c4e5  __aeabi_fcmpgt                            
0000c4bd  __aeabi_fcmple                            
0000c4a9  __aeabi_fcmplt                            
0000d7f1  __aeabi_fcmpun                            
0000bd51  __aeabi_fdiv                              
0000baa5  __aeabi_fmul                              
0000b261  __aeabi_fsub                              
0000cde5  __aeabi_i2f                               
0000c729  __aeabi_idiv                              
0000bfc7  __aeabi_idiv0                             
0000c729  __aeabi_idivmod                           
0000c91d  __aeabi_l2f                               
0000c35b  __aeabi_ldiv0                             
0000d8a9  __aeabi_ldivmod                           
0000d5c1  __aeabi_llsl                              
0000d4dd  __aeabi_lmul                              
0000da19  __aeabi_memclr                            
0000da19  __aeabi_memclr4                           
0000da19  __aeabi_memclr8                           
0000daf5  __aeabi_memcpy                            
0000daf5  __aeabi_memcpy4                           
0000daf5  __aeabi_memcpy8                           
0000dafd  __aeabi_memmove                           
0000dafd  __aeabi_memmove4                          
0000dafd  __aeabi_memmove8                          
0000d38d  __aeabi_ui2f                              
0000ccad  __aeabi_uidiv                             
0000ccad  __aeabi_uidivmod                          
0000d8bd  __aeabi_uldivmod                          
[...]
20207e00  __stack                                   
20200000  __start___llvm_prf_bits                   
20200000  __start___llvm_prf_cnts                   
20200000  __stop___llvm_prf_bits                    
20200000  __stop___llvm_prf_cnts                    
0000b261  __subsf3                                  
0000b7a5  __udivmoddi4                              
0000d7f1  __unordsf2                                
0000d3dd  _c_int00_noargs                           
UNDEFED   _system_post_cinit                        
0000db17  _system_pre_init                          
0000db05  abort                                     
ffffffff  binit                                     
20200e20  gUART_VISIONBackup                        
202009c8  g_appConfig                               
20200c48  g_appRuntime                              
202010b3  g_carStateDebug                           
20200eec  g_headingRuntime                          
20200ac8  g_imuRuntime                              
202010b4  g_keyEvent                                
202010b5  g_oledPageDebug                           
202010b6  g_paramItemDebug                          
202010b7  g_trackBlackCount                         
2020108a  g_trackError                              
202010b8  g_trackModeDebug                          
202010b9  g_trackRaw                                
202010ba  g_trackTurnDebug                          
20200d08  g_wheelSpeedEstimatorRuntime              
00000000  interruptVectors                          
0000b0ad  main                                      
0000b8e5  memcpy                                    
0000d3b5  memmove                                   
0000c4f7  memset                                    
0000bbc1  strcmp                                    


GLOBAL SYMBOLS: SORTED BY Symbol Address 

address   name                                      
-------   ----                                      
00000000  __TI_ATRegion0_region_sz                  
00000000  __TI_ATRegion0_src_addr                   
00000000  __TI_ATRegion0_trg_addr                   
00000000  __TI_ATRegion1_region_sz                  
00000000  __TI_ATRegion1_src_addr                   
00000000  __TI_ATRegion1_trg_addr                   
00000000  __TI_ATRegion2_region_sz                  
00000000  __TI_ATRegion2_src_addr                   
00000000  __TI_ATRegion2_trg_addr                   
00000000  __TI_static_base__                        
00000000  interruptVectors                          
000000c1  OledUi_Update_20ms                        
00000200  __STACK_SIZE                              
000027b5  VisionTuningConsole_Process               
00004589  AppConfig_LimitAll                        
00004af9  LineController_Update                     
00004fe9  RuntimeSnapshot_Update                    
000058b5  WheelSpeedEstimator_Update                
00005cd9  Imu_Update                                
000060b9  VisionReceiver_Process                    
00006469  Imu_Init                                  
0000714d  MotionAction_Update_20ms                  
000073e9  MotorControl_Update                       
00007675  Menu_HandleKeyEvent                       
00007b01  Imu_CalibrateGyroBias                     
00007d31  Motor_SetSpeed                            
00007f35  VisionProtocol_ParseV1TargetFrame         
00008129  AppConfig_InitDefault                     
000086e9  CarController_StartDriveDistanceAtYaw     
00008c55  MotionAction_Start                        
00008fc9  Ultrasonic_Tick100us                      
00009169  CarController_Update_20ms                 
000092f9  MissionLibrary_Validate                   
00009475  Key_Update_20ms                           
000095e9  OLED_FlushPage                            
00009759  OLED_PrintInt16                           
00009ca1  OLED_Init                                 
00009ee9  CarController_StartDriveDistance          
0000a005  LineController_Reset                      
0000a23d  App_Update_20ms                           
0000a461  DL_Timer_initFourCCPWMMode                
0000a565  LineController_ResetControlState          
0000a669  MissionManager_Update_20ms                
0000a76d  CarController_StartDriveHeading           
0000a86d  MotorControl_SetNormalizedTarget          
0000a96d  LineController_Init                       
0000aa65  CarController_StartTurnToYawRelative      
0000ab51  HeadingControl_Update                     
0000ac3d  ObstacleSafety_Update_20ms                
0000ae0d  MissionManager_SelectNext                 
0000aef1  WheelSpeedEstimator_Init                  
0000afd1  SYSCFG_DL_GPIO_init                       
0000b0ad  main                                      
0000b189  OLED_PrintUInt16                          
0000b261  __aeabi_fsub                              
0000b261  __subsf3                                  
0000b26b  __addsf3                                  
0000b26b  __aeabi_fadd                              
0000b339  MissionManager_SelectPrevious             
0000b405  FaultCode_ToShortString                   
0000b4cd  Angle_Normalize180                        
0000b58d  CarController_StartFollowLine             
0000b64d  CarController_ResetRuntime                
0000b701  Encoder_HandleGpioInterrupt               
0000b7a5  __udivmoddi4                              
0000b847  ADC0_IRQHandler                           
0000b847  ADC1_IRQHandler                           
0000b847  AES_IRQHandler                            
0000b847  CANFD0_IRQHandler                         
0000b847  DAC0_IRQHandler                           
0000b847  DMA_IRQHandler                            
0000b847  Default_Handler                           
0000b847  GROUP0_IRQHandler                         
0000b847  HardFault_Handler                         
0000b847  I2C0_IRQHandler                           
0000b847  I2C1_IRQHandler                           
0000b847  NMI_Handler                               
0000b847  PendSV_Handler                            
0000b847  RTC_IRQHandler                            
0000b847  SPI0_IRQHandler                           
0000b847  SPI1_IRQHandler                           
0000b847  SVC_Handler                               
0000b847  TIMA0_IRQHandler                          
0000b847  TIMA1_IRQHandler                          
0000b847  TIMG0_IRQHandler                          
0000b847  TIMG12_IRQHandler                         
0000b847  TIMG6_IRQHandler                          
0000b847  TIMG7_IRQHandler                          
0000b847  TIMG8_IRQHandler                          
0000b847  UART0_IRQHandler                          
0000b847  UART2_IRQHandler                          
0000b849  ObstacleMonitor_Update_20ms               
0000b8e5  memcpy                                    
0000b97f  ObstacleAvoidance_Update_20ms             
0000ba19  SYSCFG_DL_PWM_MOTOR_init                  
0000baa5  __aeabi_fmul                              
0000baa5  __mulsf3                                  
0000bbbc  C$$EXIT                                   
0000bbbd  HOSTexit                                  
0000bbc1  strcmp                                    
0000bc49  CarController_SetSafetyHold               
0000bccd  Motor_Init                                
0000bd51  __aeabi_fdiv                              
0000bd51  __divsf3                                  
0000bdd3  TrackSensor_Init                          
0000bdd5  Motor_Stop                                
0000be55  VisionPitchTuning_Set                     
0000bed1  __TI_decompress_lzss                      
0000bf4d  App_Init                                  
0000bfc7  __aeabi_idiv0                             
0000bfc9  SysTick_Handler                           
0000c12d  SYSCFG_DL_UART_BLUETOOTH_init             
0000c19d  SYSCFG_DL_UART_VISION_init                
0000c20d  UART1_IRQHandler                          
0000c27d  VisionYawTuning_Set                       
0000c2ed  TrackSensor_DetectTurn                    
0000c35b  __aeabi_ldiv0                             
0000c35d  MissionManager_GetSelectedMissionIndex    
0000c42d  TrackSensor_GetErrorFromRaw               
0000c495  __aeabi_fcmpeq                            
0000c4a9  __aeabi_fcmplt                            
0000c4bd  __aeabi_fcmple                            
0000c4d1  __aeabi_fcmpge                            
0000c4e5  __aeabi_fcmpgt                            
0000c4f7  memset                                    
0000c559  VisionTuningConsole_Init                  
0000c5b9  __aeabi_f2lz                              
0000c5b9  __fixsfdi                                 
0000c619  UART3_IRQHandler                          
0000c675  Ultrasonic_Update_20ms                    
0000c6d1  OLED_PrintChar                            
0000c729  __aeabi_idiv                              
0000c729  __aeabi_idivmod                           
0000c781  CarController_Stop                        
0000c7d5  Menu_GetParamValue                        
0000c829  TrackSensor_ReadRaw                       
0000c87d  Ultrasonic_Init                           
0000c8cd  WatchdogMonitor_ApplyFaultIfNeeded        
0000c91d  __aeabi_l2f                               
0000c91d  __floatdisf                               
0000c96d  MissionManager_Start                      
0000c9b9  MotorControl_Stop                         
0000ca05  WatchdogMonitor_Tick1msFromIsr            
0000ca51  DL_UART_init                              
0000ca99  SYSCFG_DL_initPower                       
0000cae1  Encoder_GetAndClearPulseDeltas            
0000cb25  Imu_ResetYaw                              
0000cb69  Servo_Tick100us                           
0000cbad  EmergencyStop_Reset                       
0000cbed  MissionManager_Init                       
0000cc2d  SYSCFG_DL_SYSCTL_init                     
0000cc6d  VisionReceiver_PushByteFromIsr            
0000ccad  __aeabi_uidiv                             
0000ccad  __aeabi_uidivmod                          
0000cd2d  __divmoddi4                               
0000cd6d  Servo_SetAngleDeg                         
0000cda9  VisionTuningConsole_PushByteFromIsr       
0000cde5  __aeabi_i2f                               
0000cde5  __floatsisf                               
0000ce21  __gesf2                                   
0000ce21  __gtsf2                                   
0000ce5d  __TI_auto_init_nobinit_nopinit            
0000ce99  __cmpsf2                                  
0000ce99  __eqsf2                                   
0000ce99  __lesf2                                   
0000ce99  __ltsf2                                   
0000ce99  __nesf2                                   
0000ced5  __muldsi3                                 
0000cf11  BluetoothUart_Init                        
0000cf49  VisionReceiver_Init                       
0000cf81  __aeabi_f2iz                              
0000cf81  __fixsfsi                                 
0000cfb9  EmergencyStop_Trigger                     
0000cfed  Imu_IsReady                               
0000d021  MissionLibrary_FindById                   
0000d055  VisionTuningConsole_TryPopTxByte          
0000d089  VisionUart_Process                        
0000d0bd  OLED_PrintString                          
0000d0f1  Fault_Raise                               
0000d121  Key_Init                                  
0000d151  LineController_ObserveSensors             
0000d181  MissionManager_Resume                     
0000d1b1  VisionPitchTuning_RestoreDefault          
0000d1e1  WatchdogMonitor_Init                      
0000d211  Encoder_Reset                             
0000d23d  MissionManager_Cancel                     
0000d269  MissionManager_Reset                      
0000d295  TrackSensor_CountBlack                    
0000d2c1  VisionYawTuning_RestoreDefault            
0000d2ed  SYSCFG_DL_init                            
0000d315  Servo_Init                                
0000d33d  VisionPitchTuning_Init                    
0000d365  WatchdogMonitor_Reset                     
0000d38d  __aeabi_ui2f                              
0000d38d  __floatunsisf                             
0000d3b5  memmove                                   
0000d3dd  _c_int00_noargs                           
0000d405  EmergencyStop_Enforce                     
0000d429  MissionManager_ReportExternalFailure      
0000d44d  MotorControl_Init                         
0000d471  MotorControl_Reset                        
0000d495  OLED_ClearBuffer                          
0000d4b9  VisionYawTuning_Init                      
0000d4dd  __aeabi_lmul                              
0000d4dd  __muldi3                                  
0000d501  DL_Timer_overrideCCPOut                   
0000d521  DebugTelemetry_Update                     
0000d541  MissionManager_Pause                      
0000d561  OLED_SetCursor                            
0000d581  SchedulerMonitor_GetStats                 
0000d5c1  __aeabi_llsl                              
0000d5c1  __ashldi3                                 
0000d5e1  DL_Timer_setCaptCompUpdateMethod          
0000d5fd  DL_Timer_setClockConfig                   
0000d619  HeadingControl_SetTargetYaw               
0000d635  Menu_Init                                 
0000d651  MotionAction_Cancel                       
0000d66d  ObstacleMonitor_Init                      
0000d689  ObstacleSafety_Init                       
0000d6a5  VisionPitchTuning_ParamName               
0000d6c1  VisionYawTuning_GetSnapshot               
0000d6dd  VisionYawTuning_ParamName                 
0000d6f9  WatchdogMonitor_NotifyControlCycleComplete
0000d731  DL_Timer_setCaptureCompareOutCtl          
0000d749  DebugTelemetry_Init                       
0000d761  HeadingControl_Init                       
0000d779  HeadingControl_Reset                      
0000d791  Menu_ParamItemToString                    
0000d7a9  MotionAction_Init                         
0000d7c1  ObstacleAvoidance_Init                    
0000d7d9  RuntimeSnapshot_Init                      
0000d7f1  __aeabi_fcmpun                            
0000d7f1  __unordsf2                                
0000d809  Fault_Clear                               
0000d81d  Fault_Init                                
0000d831  GROUP1_IRQHandler                         
0000d845  HeadingControl_Enable                     
0000d859  MissionLibrary_GetByIndex                 
0000d86d  MissionManager_GetSelectedMissionId       
0000d881  VisionPitchTuning_GetSnapshot             
0000d895  VisionUart_Init                           
0000d8a9  __aeabi_ldivmod                           
0000d8bd  __aeabi_uldivmod                          
0000d8d1  DL_UART_setClockConfig                    
0000d8e3  __TI_decompress_none                      
0000d8f5  DL_Timer_setCaptureCompareValue           
0000d905  Gimbal_YawGetFeedback                     
0000d915  Key_GetEvent                              
0000d925  __TI_zero_init                            
0000d935  CarController_GetRunMode                  
0000d941  CarController_Init                        
0000d94d  CarController_IsSafetyHoldActive          
0000d959  CarState_Get                              
0000d965  CarState_Init                             
0000d971  CarState_Set                              
0000d97d  EmergencyStop_Init                        
0000d989  EmergencyStop_IsActive                    
0000d995  Imu_GetCorrectedGyroZDps                  
0000d9a1  Imu_GetYaw                                
0000d9ad  Menu_GetPage                              
0000d9b9  Menu_GetParamItem                         
0000d9c5  MissionManager_IsExternallyHeld           
0000d9d1  MissionManager_SetExternalHold            
0000d9dd  ObstacleAvoidance_IsActive                
0000d9e9  ObstacleAvoidance_IsFailed                
0000d9f5  ObstacleSafety_IsHolding                  
0000da01  SystemTime_GetMs                          
0000da0d  WatchdogMonitor_HasTripped                
0000da19  __aeabi_memclr                            
0000da19  __aeabi_memclr4                           
0000da19  __aeabi_memclr8                           
0000da25  DL_Common_delayCycles                     
0000da2f  TrackSensor_IsCenterDetected              
0000da39  TrackSensor_IsLineDetected                
0000da43  TrackSensor_IsLineLost                    
0000da4d  BluetoothUart_GetRuntime                  
0000da55  CarController_GetFeedback                 
0000da5d  Fault_GetRecord                           
0000da65  GimbalStepper_GetFeedback                 
0000da6d  HeadingControl_GetRuntime                 
0000da75  Imu_GetRuntime                            
0000da7d  LineController_GetRuntime                 
0000da85  MissionManager_GetMissionCount            
0000da8d  MissionManager_GetRuntime                 
0000da95  MotionAction_GetRuntime                   
0000da9d  MotorControl_GetRuntime                   
0000daa5  ObstacleAvoidance_GetFeedback             
0000daad  ObstacleMonitor_GetFeedback               
0000dab5  OledUi_Init                               
0000dabd  RuntimeSnapshot_Get                       
0000dac5  Servo_GetFeedback                         
0000dacd  Ultrasonic_GetFeedback                    
0000dad5  VisionReceiver_GetStatus                  
0000dadd  VisionTuningConsole_GetStatus             
0000dae5  WatchdogMonitor_GetStatus                 
0000daed  WheelSpeedEstimator_GetRuntime            
0000daf5  __aeabi_memcpy                            
0000daf5  __aeabi_memcpy4                           
0000daf5  __aeabi_memcpy8                           
0000dafd  __aeabi_memmove                           
0000dafd  __aeabi_memmove4                          
0000dafd  __aeabi_memmove8                          
0000db05  abort                                     
0000db0b  MissionLibrary_GetCount                   
0000db0f  ObstacleAvoidance_IsResumeGraceActive     
0000db13  Reset_Handler                             
0000db17  _system_pre_init                          
0000e238  __TI_Handler_Table_Base                   
0000e244  __TI_Handler_Table_Limit                  
0000e254  __TI_CINIT_Base                           
0000e264  __TI_CINIT_Limit                          
0000e264  __TI_CINIT_Warm                           
20200000  __start___llvm_prf_bits                   
20200000  __start___llvm_prf_cnts                   
20200000  __stop___llvm_prf_bits                    
20200000  __stop___llvm_prf_cnts                    
202009c8  g_appConfig                               
20200ac8  g_imuRuntime                              
20200c48  g_appRuntime                              
20200d08  g_wheelSpeedEstimatorRuntime              
20200e20  gUART_VISIONBackup                        
20200eec  g_headingRuntime                          
2020108a  g_trackError                              
202010b3  g_carStateDebug                           
202010b4  g_keyEvent                                
202010b5  g_oledPageDebug                           
202010b6  g_paramItemDebug                          
202010b7  g_trackBlackCount                         
202010b8  g_trackModeDebug                          
202010b9  g_trackRaw                                
202010ba  g_trackTurnDebug                          
20207e00  __stack                                   
20208000  __STACK_END                               
ffffffff  __TI_pprof_out_hndl                       
ffffffff  __TI_prof_data_size                       
ffffffff  __TI_prof_data_start                      
ffffffff  __binit__                                 
ffffffff  binit                                     
UNDEFED   __mpu_init                                
UNDEFED   _system_post_cinit                        

[340 symbols]
