******************************************************************************
            TI ARM Clang Linker PC v4.0.4                      
******************************************************************************
>> Linked Fri Jul 10 22:34:52 2026

OUTPUT FILE NAME:   <diansaikaishi.out>
ENTRY POINT SYMBOL: "_c_int00_noargs"  address: 00002409


MEMORY CONFIGURATION

         name            origin    length      used     unused   attr    fill
----------------------  --------  ---------  --------  --------  ----  --------
  FLASH                 00000000   00020000  00002848  0001d7b8  R  X
  SRAM                  20200000   00008000  000002a2  00007d5e  RW X
  BCR_CONFIG            41c00000   000000ff  00000000  000000ff  R   
  BSL_CONFIG            41c00100   00000080  00000000  00000080  R   


SEGMENT ALLOCATION MAP

run origin  load origin   length   init length attrs members
----------  ----------- ---------- ----------- ----- -------
00000000    00000000    00002848   00002848    r-x
  00000000    00000000    000000c0   000000c0    r-- .intvecs
  000000c0    000000c0    000024f8   000024f8    r-x .text
  000025b8    000025b8    00000278   00000278    r-- .rodata
  00002830    00002830    00000018   00000018    r-- .cinit
20200000    20200000    000000a2   00000000    rw-
  20200000    20200000    000000a2   00000000    rw- .bss
20207e00    20207e00    00000200   00000000    rw-
  20207e00    20207e00    00000200   00000000    rw- .stack


SECTION ALLOCATION MAP

 output                                  attributes/
section   page    origin      length       input sections
--------  ----  ----------  ----------   ----------------
.intvecs   0    00000000    000000c0     
                  00000000    000000c0     startup_mspm0g350x_ticlang.o (.intvecs)

.text      0    000000c0    000024f8     
                  000000c0    00000314     oled_ui.o (.text.OledUi_Update_20ms)
                  000003d4    000002e8     imu.o (.text.mpu6050_read_regs)
                  000006bc    000002b0     car_controller.o (.text.CarController_Update_20ms)
                  0000096c    00000254     oled.o (.text.OLED_Clear)
                  00000bc0    000001cc     imu.o (.text.imu_i2c_write_byte)
                  00000d8c    000001b8     oled.o (.text.oled_i2c_write_byte)
                  00000f44    000001a0     imu.o (.text.Imu_Init)
                  000010e4    00000198     menu.o (.text.Menu_HandleKeyEvent)
                  0000127c    00000174     key.o (.text.Key_Update_20ms)
                  000013f0    00000168     app_config.o (.text.AppConfig_LimitAll)
                  00001558    0000013c     oled.o (.text.OLED_PrintInt16)
                  00001694    000000e4     imu.o (.text.Imu_Update)
                  00001778    000000d4     oled.o (.text.OLED_Init)
                  0000184c    000000d0     oled.o (.text.OLED_PrintChar)
                  0000191c    000000b0     motor.o (.text.Motor_SetSpeed)
                  000019cc    000000a8     ti_msp_dl_config.o (.text.SYSCFG_DL_GPIO_init)
                  00001a74    000000a4     app.o (.text.App_Update_20ms)
                  00001b18    00000098     imu.o (.text.mpu6050_write_reg)
                  00001bb0    0000008c     libclang_rt.builtins.a : mulsf3.S.obj (.text.__mulsf3)
                  00001c3c    00000082                            : divsf3.S.obj (.text.__divsf3)
                  00001cbe    00000002     startup_mspm0g350x_ticlang.o (.text.Default_Handler)
                  00001cc0    00000078     oled.o (.text.oled_write_command)
                  00001d38    0000006c     encoder.o (.text.Encoder_HandleGpioInterrupt)
                  00001da4    0000006c     empty.o (.text.main)
                  00001e10    00000066     track_sensor.o (.text.TrackSensor_GetErrorFromRaw)
                  00001e76    00000002     track_sensor.o (.text.TrackSensor_Init)
                  00001e78    00000060     app_config.o (.text.AppConfig_InitDefault)
                  00001ed8    0000005e     oled.o (.text.OLED_PrintBinary7)
                  00001f36    00000002     libclang_rt.builtins.a : aeabi_div0.c.obj (.text.__aeabi_idiv0)
                  00001f38    00000058     menu.o (.text.Menu_GetParamValue)
                  00001f90    00000056     libclang_rt.builtins.a : aeabi_idivmod.S.obj (.text.__aeabi_idivmod)
                  00001fe6    00000002     --HOLE-- [fill = 0]
                  00001fe8    00000054     track_sensor.o (.text.TrackSensor_ReadRaw)
                  0000203c    00000050     motor.o (.text.Motor_PwmTick100us)
                  0000208c    00000040     ti_msp_dl_config.o (.text.SYSCFG_DL_SYSCTL_init)
                  000020cc    0000003c     empty.o (.text.SysTick_Handler)
                  00002108    0000003c     libclang_rt.builtins.a : floatsisf.S.obj (.text.__floatsisf)
                  00002144    0000003c     libc.a : autoinit.c.obj (.text:__TI_auto_init_nobinit_nopinit)
                  00002180    0000003a     libclang_rt.builtins.a : muldsi3.S.obj (.text.__muldsi3)
                  000021ba    00000002     --HOLE-- [fill = 0]
                  000021bc    00000038     motor.o (.text.Motor_Init)
                  000021f4    00000038     libclang_rt.builtins.a : fixsfsi.S.obj (.text.__fixsfsi)
                  0000222c    00000036     track_sensor.o (.text.TrackSensor_DetectTurn)
                  00002262    00000002     --HOLE-- [fill = 0]
                  00002264    00000034     oled.o (.text.OLED_SetCursor)
                  00002298    00000032     oled.o (.text.OLED_PrintString)
                  000022ca    00000030     app.o (.text.App_Init)
                  000022fa    00000002     --HOLE-- [fill = 0]
                  000022fc    00000030     key.o (.text.Key_Init)
                  0000232c    0000002c     car_controller.o (.text.CarController_Init)
                  00002358    0000002c     car_controller.o (.text.CarController_ResetRuntime)
                  00002384    0000002c     motor.o (.text.Motor_Stop)
                  000023b0    0000002c     ti_msp_dl_config.o (.text.SYSCFG_DL_initPower)
                  000023dc    0000002c     track_sensor.o (.text.TrackSensor_CountBlack)
                  00002408    00000028     libc.a : boot_cortex_m.c.obj (.text:_c_int00_noargs)
                  00002430    00000024     encoder.o (.text.Encoder_Reset)
                  00002454    00000018     car_controller.o (.text.CarController_RunModeToString)
                  0000246c    00000018     car_state.o (.text.CarState_ToString)
                  00002484    00000018     menu.o (.text.Menu_ParamItemToString)
                  0000249c    00000016     libc.a : copy_zero_init.c.obj (.text:decompress:ZI:__TI_zero_init_nomemset)
                  000024b2    00000002     --HOLE-- [fill = 0]
                  000024b4    00000014     app_config.o (.text.AppConfig_DecreaseTargetLap)
                  000024c8    00000014     app_config.o (.text.AppConfig_IncreaseTargetLap)
                  000024dc    00000014     empty.o (.text.GROUP1_IRQHandler)
                  000024f0    00000014     menu.o (.text.Menu_Init)
                  00002504    00000010     key.o (.text.Key_GetEvent)
                  00002514    00000010     ti_msp_dl_config.o (.text.SYSCFG_DL_init)
                  00002524    0000000c     car_controller.o (.text.CarController_GetRunMode)
                  00002530    0000000c     car_state.o (.text.CarState_Get)
                  0000253c    0000000c     car_state.o (.text.CarState_Init)
                  00002548    0000000c     car_state.o (.text.CarState_Set)
                  00002554    0000000c     menu.o (.text.Menu_GetPage)
                  00002560    0000000c     menu.o (.text.Menu_GetParamItem)
                  0000256c    0000000c     oled_ui.o (.text.OledUi_Init)
                  00002578    0000000a     driverlib.a : dl_common.o (.text.DL_Common_delayCycles)
                  00002582    0000000a     track_sensor.o (.text.TrackSensor_IsCenterDetected)
                  0000258c    0000000a     track_sensor.o (.text.TrackSensor_IsLineLost)
                  00002596    00000002     --HOLE-- [fill = 0]
                  00002598    00000008     imu.o (.text.Imu_GetRuntime)
                  000025a0    00000006     libc.a : exit.c.obj (.text:abort)
                  000025a6    00000004     libsysbm.a : hostexit.c.obj (.text.HOSTexit)
                  000025aa    00000004     startup_mspm0g350x_ticlang.o (.text.Reset_Handler)
                  000025ae    00000004     libc.a : pre_init.c.obj (.text._system_pre_init)
                  000025b2    00000006     --HOLE-- [fill = 0]

.cinit     0    00002830    00000018     
                  00002830    00000008     (.cinit..bss.load) [load image, compression = zero_init]
                  00002838    00000004     (__TI_handler_table)
                  0000283c    00000008     (__TI_cinit_table)
                  00002844    00000004     --HOLE-- [fill = 0]

.rodata    0    000025b8    00000278     
                  000025b8    000000b4     oled.o (.rodata..Lswitch.table.OLED_PrintChar)
                  0000266c    0000001c     menu.o (.rodata..Lswitch.table.Menu_ParamItemToString)
                  00002688    00000018     car_state.o (.rodata..Lswitch.table.CarState_ToString)
                  000026a0    00000014     car_controller.o (.rodata..Lswitch.table.CarController_RunModeToString)
                  000026b4    00000007     oled_ui.o (.rodata.str1.8426569189266129334.1)
                  000026bb    00000006     oled_ui.o (.rodata.str1.1445687256832830955.1)
                  000026c1    00000006     car_state.o (.rodata.str1.1675797584173499143.1)
                  000026c7    00000006     car_state.o (.rodata.str1.41590466491370331.1)
                  000026cd    00000006     menu.o (.rodata.str1.4646809750356241979.1)
                  000026d3    00000006     oled_ui.o (.rodata.str1.5853739094453432564.1)
                  000026d9    00000005     oled.o (.rodata.oled_get_glyph.colon)
                  000026de    00000005     oled.o (.rodata.oled_get_glyph.eight)
                  000026e3    00000005     oled.o (.rodata.oled_get_glyph.five)
                  000026e8    00000005     oled.o (.rodata.oled_get_glyph.four)
                  000026ed    00000005     oled.o (.rodata.oled_get_glyph.glyphA)
                  000026f2    00000005     oled.o (.rodata.oled_get_glyph.glyphC)
                  000026f7    00000005     oled.o (.rodata.oled_get_glyph.glyphD)
                  000026fc    00000005     oled.o (.rodata.oled_get_glyph.glyphE)
                  00002701    00000005     oled.o (.rodata.oled_get_glyph.glyphG)
                  00002706    00000005     oled.o (.rodata.oled_get_glyph.glyphH)
                  0000270b    00000005     oled.o (.rodata.oled_get_glyph.glyphI)
                  00002710    00000005     oled.o (.rodata.oled_get_glyph.glyphK)
                  00002715    00000005     oled.o (.rodata.oled_get_glyph.glyphL)
                  0000271a    00000005     oled.o (.rodata.oled_get_glyph.glyphM)
                  0000271f    00000005     oled.o (.rodata.oled_get_glyph.glyphN)
                  00002724    00000005     oled.o (.rodata.oled_get_glyph.glyphO)
                  00002729    00000005     oled.o (.rodata.oled_get_glyph.glyphP)
                  0000272e    00000005     oled.o (.rodata.oled_get_glyph.glyphR)
                  00002733    00000005     oled.o (.rodata.oled_get_glyph.glyphS)
                  00002738    00000005     oled.o (.rodata.oled_get_glyph.glyphT)
                  0000273d    00000005     oled.o (.rodata.oled_get_glyph.glyphU)
                  00002742    00000005     oled.o (.rodata.oled_get_glyph.glyphV)
                  00002747    00000005     oled.o (.rodata.oled_get_glyph.glyphW)
                  0000274c    00000005     oled.o (.rodata.oled_get_glyph.glyphX)
                  00002751    00000005     oled.o (.rodata.oled_get_glyph.glyphY)
                  00002756    00000005     oled.o (.rodata.oled_get_glyph.gt)
                  0000275b    00000005     oled.o (.rodata.oled_get_glyph.minus)
                  00002760    00000005     oled.o (.rodata.oled_get_glyph.nine)
                  00002765    00000005     oled.o (.rodata.oled_get_glyph.one)
                  0000276a    00000005     oled.o (.rodata.oled_get_glyph.seven)
                  0000276f    00000005     oled.o (.rodata.oled_get_glyph.six)
                  00002774    00000005     oled.o (.rodata.oled_get_glyph.space)
                  00002779    00000005     oled.o (.rodata.oled_get_glyph.three)
                  0000277e    00000005     oled.o (.rodata.oled_get_glyph.two)
                  00002783    00000005     oled.o (.rodata.oled_get_glyph.zero)
                  00002788    00000005     oled_ui.o (.rodata.str1.10416366799939242409.1)
                  0000278d    00000005     oled_ui.o (.rodata.str1.1108652269057166745.1)
                  00002792    00000005     menu.o (.rodata.str1.12110183915172842339.1)
                  00002797    00000005     oled_ui.o (.rodata.str1.17540787658903907660.1)
                  0000279c    00000005     car_controller.o (.rodata.str1.18191498530309206443.1)
                  000027a1    00000005     car_controller.o (.rodata.str1.4164979912472006574.1)
                  000027a6    00000005     oled_ui.o (.rodata.str1.4581472623415959594.1)
                  000027ab    00000005     car_state.o (.rodata.str1.8223341253983108753.1)
                  000027b0    00000005     car_state.o (.rodata.str1.8698975129455933903.1)
                  000027b5    00000005     oled_ui.o (.rodata.str1.9544068167406571052.1)
                  000027ba    00000005     car_controller.o (.rodata.str1.9981487771679760427.1)
                  000027bf    00000004     oled_ui.o (.rodata.str1.1019225241002246410.1)
                  000027c3    00000004     car_controller.o (.rodata.str1.12442237994239546032.1)
                  000027c7    00000004     oled_ui.o (.rodata.str1.130772507669342127.1)
                  000027cb    00000004     menu.o (.rodata.str1.13124720451672825294.1)
                  000027cf    00000004     oled_ui.o (.rodata.str1.13882251010780863896.1)
                  000027d3    00000004     car_state.o (.rodata.str1.13986535679874659196.1)
                  000027d7    00000004     oled_ui.o (.rodata.str1.15917848551323629232.1)
                  000027db    00000004     menu.o (.rodata.str1.16312125044762562515.1)
                  000027df    00000004     oled_ui.o (.rodata.str1.16931641404301806744.1)
                  000027e3    00000004     car_controller.o (.rodata.str1.17172356789460551389.1)
                  000027e7    00000004     oled_ui.o (.rodata.str1.17274519358952562110.1)
                  000027eb    00000004     oled_ui.o (.rodata.str1.17812014771544466701.1)
                  000027ef    00000004     oled_ui.o (.rodata.str1.3025253791635144717.1)
                  000027f3    00000004     oled_ui.o (.rodata.str1.3455423528827705371.1)
                  000027f7    00000004     car_state.o (.rodata.str1.3601627812925153765.1)
                  000027fb    00000004     oled_ui.o (.rodata.str1.3702290527496711532.1)
                  000027ff    00000004     oled_ui.o (.rodata.str1.4402311448527872260.1)
                  00002803    00000004     menu.o (.rodata.str1.4862307748908978627.1)
                  00002807    00000004     oled_ui.o (.rodata.str1.5965450730569173784.1)
                  0000280b    00000004     menu.o (.rodata.str1.6857549598058878762.1)
                  0000280f    00000004     oled_ui.o (.rodata.str1.9159586779647977165.1)
                  00002813    00000004     car_controller.o (.rodata.str1.9234375891235759983.1)
                  00002817    00000004     oled_ui.o (.rodata.str1.967006512144173535.1)
                  0000281b    00000003     oled_ui.o (.rodata.str1.11232419324784801130.1)
                  0000281e    00000003     menu.o (.rodata.str1.14098755746347272832.1)
                  00002821    00000003     oled_ui.o (.rodata.str1.14556837007311414654.1)
                  00002824    00000003     menu.o (.rodata.str1.17041139162815566052.1)
                  00002827    00000003     oled_ui.o (.rodata.str1.18266126048138325213.1)
                  0000282a    00000003     oled_ui.o (.rodata.str1.2308938766145545715.1)
                  0000282d    00000003     oled_ui.o (.rodata.str1.9854382722193312766.1)

.init_array 
*          0    00000000    00000000     UNINITIALIZED

.binit     0    00000000    00000000     

.bss       0    20200000    000000a2     UNINITIALIZED
                  20200000    00000032     (.common:g_appConfig)
                  20200032    00000002     (.common:g_trackError)
                  20200034    00000024     (.common:g_imuRuntime)
                  20200058    0000001c     (.common:g_appRuntime)
                  20200074    00000006     key.o (.bss.g_key1)
                  2020007a    00000006     key.o (.bss.g_key2)
                  20200080    00000006     key.o (.bss.g_key3)
                  20200086    00000001     oled_ui.o (.bss.OledUi_Update_20ms.refreshDivider)
                  20200087    00000001     empty.o (.bss.SysTick_Handler.controlMsCount)
                  20200088    00000004     encoder.o (.bss.g_motorAPulses)
                  2020008c    00000004     encoder.o (.bss.g_motorBPulses)
                  20200090    00000001     empty.o (.bss.SysTick_Handler.tick100usCount)
                  20200091    00000001     empty.o (.bss.g_appUpdateDue)
                  20200092    00000001     car_state.o (.bss.g_carState)
                  20200093    00000001     motor.o (.bss.g_motorADutyLevel)
                  20200094    00000001     motor.o (.bss.g_motorBDutyLevel)
                  20200095    00000001     oled.o (.bss.g_oledColumn)
                  20200096    00000001     menu.o (.bss.g_oledPage)
                  20200097    00000001     menu.o (.bss.g_paramItem)
                  20200098    00000001     key.o (.bss.g_pendingEvent)
                  20200099    00000001     motor.o (.bss.g_pwmPhase)
                  2020009a    00000001     (.common:g_carStateDebug)
                  2020009b    00000001     (.common:g_keyEvent)
                  2020009c    00000001     (.common:g_oledPageDebug)
                  2020009d    00000001     (.common:g_paramItemDebug)
                  2020009e    00000001     (.common:g_trackBlackCount)
                  2020009f    00000001     (.common:g_trackModeDebug)
                  202000a0    00000001     (.common:g_trackRaw)
                  202000a1    00000001     (.common:g_trackTurnDebug)

.stack     0    20207e00    00000200     UNINITIALIZED
                  20207e00    00000004     libc.a : boot_cortex_m.c.obj (.stack)
                  20207e04    000001fc     --HOLE--

__llvm_prf_cnts 
*          0    20200000    00000000     UNINITIALIZED

__llvm_prf_bits 
*          0    20200000    00000000     UNINITIALIZED

MODULE SUMMARY

       Module                         code   ro data   rw data
       ------                         ----   -------   -------
    .\
       oled.o                         2088   355       1      
       imu.o                          2008   0         36     
       oled_ui.o                      800    115       1      
       car_controller.o               812    47        28     
       menu.o                         564    61        2      
       app_config.o                   496    0         50     
       key.o                          436    0         19     
       motor.o                        356    0         3      
       track_sensor.o                 306    0         0      
       ti_msp_dl_config.o             292    0         0      
       app.o                          212    0         10     
       startup_mspm0g350x_ticlang.o   6      192       0      
       empty.o                        188    0         3      
       encoder.o                      144    0         8      
       car_state.o                    60     54        1      
    +--+------------------------------+------+---------+---------+
       Total:                         8768   824       162    
                                                              
    C:/TI/mspm0_sdk_2_05_01_00/source/ti/driverlib/lib/ticlang/m0p/mspm0g1x0x_g3x0x/driverlib.a
       dl_common.o                    10     0         0      
    +--+------------------------------+------+---------+---------+
       Total:                         10     0         0      
                                                              
    D:\TI\CCS\ccs\tools\compiler\ti-cgt-armllvm_4.0.4.LTS\lib\armv6m-ti-none-eabi/c/libc.a
       autoinit.c.obj                 60     0         0      
       boot_cortex_m.c.obj            40     0         0      
       copy_zero_init.c.obj           22     0         0      
       exit.c.obj                     6      0         0      
       pre_init.c.obj                 4      0         0      
    +--+------------------------------+------+---------+---------+
       Total:                         132    0         0      
                                                              
    D:\TI\CCS\ccs\tools\compiler\ti-cgt-armllvm_4.0.4.LTS\lib\armv6m-ti-none-eabi/c/libsysbm.a
       hostexit.c.obj                 4      0         0      
    +--+------------------------------+------+---------+---------+
       Total:                         4      0         0      
                                                              
    D:\TI\CCS\ccs\tools\compiler\ti-cgt-armllvm_4.0.4.LTS\lib\armv6m-ti-none-eabi/libclang_rt.builtins.a
       mulsf3.S.obj                   140    0         0      
       divsf3.S.obj                   130    0         0      
       aeabi_idivmod.S.obj            86     0         0      
       floatsisf.S.obj                60     0         0      
       muldsi3.S.obj                  58     0         0      
       fixsfsi.S.obj                  56     0         0      
       aeabi_div0.c.obj               2      0         0      
    +--+------------------------------+------+---------+---------+
       Total:                         532    0         0      
                                                              
       Stack:                         0      0         512    
       Linker Generated:              0      20        0      
    +--+------------------------------+------+---------+---------+
       Grand Total:                   9446   844       674    


LINKER GENERATED COPY TABLES

__TI_cinit_table @ 0000283c records: 1, size/record: 8, table size: 8
	.bss: load addr=00002830, load size=00000008 bytes, run addr=20200000, run size=000000a2 bytes, compression=zero_init


LINKER GENERATED HANDLER TABLE

__TI_handler_table @ 00002838 records: 1, size/record: 4, table size: 4
	index: 0, handler: __TI_zero_init


GLOBAL SYMBOLS: SORTED ALPHABETICALLY BY Name 

address   name                          
-------   ----                          
00001cbf  ADC0_IRQHandler               
00001cbf  ADC1_IRQHandler               
00001cbf  AES_IRQHandler                
000024b5  AppConfig_DecreaseTargetLap   
000024c9  AppConfig_IncreaseTargetLap   
00001e79  AppConfig_InitDefault         
000013f1  AppConfig_LimitAll            
000022cb  App_Init                      
00001a75  App_Update_20ms               
000025a6  C$$EXIT                       
00001cbf  CANFD0_IRQHandler             
00002525  CarController_GetRunMode      
0000232d  CarController_Init            
00002359  CarController_ResetRuntime    
00002455  CarController_RunModeToString 
000006bd  CarController_Update_20ms     
00002531  CarState_Get                  
0000253d  CarState_Init                 
00002549  CarState_Set                  
0000246d  CarState_ToString             
00001cbf  DAC0_IRQHandler               
00002579  DL_Common_delayCycles         
00001cbf  DMA_IRQHandler                
00001cbf  Default_Handler               
00001d39  Encoder_HandleGpioInterrupt   
00002431  Encoder_Reset                 
00001cbf  GROUP0_IRQHandler             
000024dd  GROUP1_IRQHandler             
000025a7  HOSTexit                      
00001cbf  HardFault_Handler             
00001cbf  I2C0_IRQHandler               
00001cbf  I2C1_IRQHandler               
00002599  Imu_GetRuntime                
00000f45  Imu_Init                      
00001695  Imu_Update                    
00002505  Key_GetEvent                  
000022fd  Key_Init                      
0000127d  Key_Update_20ms               
00002555  Menu_GetPage                  
00002561  Menu_GetParamItem             
00001f39  Menu_GetParamValue            
000010e5  Menu_HandleKeyEvent           
000024f1  Menu_Init                     
00002485  Menu_ParamItemToString        
000021bd  Motor_Init                    
0000203d  Motor_PwmTick100us            
0000191d  Motor_SetSpeed                
00002385  Motor_Stop                    
00001cbf  NMI_Handler                   
0000096d  OLED_Clear                    
00001779  OLED_Init                     
00001ed9  OLED_PrintBinary7             
0000184d  OLED_PrintChar                
00001559  OLED_PrintInt16               
00002299  OLED_PrintString              
00002265  OLED_SetCursor                
0000256d  OledUi_Init                   
000000c1  OledUi_Update_20ms            
00001cbf  PendSV_Handler                
00001cbf  RTC_IRQHandler                
000025ab  Reset_Handler                 
00001cbf  SPI0_IRQHandler               
00001cbf  SPI1_IRQHandler               
00001cbf  SVC_Handler                   
000019cd  SYSCFG_DL_GPIO_init           
0000208d  SYSCFG_DL_SYSCTL_init         
00002515  SYSCFG_DL_init                
000023b1  SYSCFG_DL_initPower           
000020cd  SysTick_Handler               
00001cbf  TIMA0_IRQHandler              
00001cbf  TIMA1_IRQHandler              
00001cbf  TIMG0_IRQHandler              
00001cbf  TIMG12_IRQHandler             
00001cbf  TIMG6_IRQHandler              
00001cbf  TIMG7_IRQHandler              
00001cbf  TIMG8_IRQHandler              
000023dd  TrackSensor_CountBlack        
0000222d  TrackSensor_DetectTurn        
00001e11  TrackSensor_GetErrorFromRaw   
00001e77  TrackSensor_Init              
00002583  TrackSensor_IsCenterDetected  
0000258d  TrackSensor_IsLineLost        
00001fe9  TrackSensor_ReadRaw           
00001cbf  UART0_IRQHandler              
00001cbf  UART1_IRQHandler              
00001cbf  UART2_IRQHandler              
00001cbf  UART3_IRQHandler              
20208000  __STACK_END                   
00000200  __STACK_SIZE                  
00000000  __TI_ATRegion0_region_sz      
00000000  __TI_ATRegion0_src_addr       
00000000  __TI_ATRegion0_trg_addr       
00000000  __TI_ATRegion1_region_sz      
00000000  __TI_ATRegion1_src_addr       
00000000  __TI_ATRegion1_trg_addr       
00000000  __TI_ATRegion2_region_sz      
00000000  __TI_ATRegion2_src_addr       
00000000  __TI_ATRegion2_trg_addr       
0000283c  __TI_CINIT_Base               
00002844  __TI_CINIT_Limit              
00002844  __TI_CINIT_Warm               
00002838  __TI_Handler_Table_Base       
0000283c  __TI_Handler_Table_Limit      
00002145  __TI_auto_init_nobinit_nopinit
ffffffff  __TI_pprof_out_hndl           
ffffffff  __TI_prof_data_size           
ffffffff  __TI_prof_data_start          
00000000  __TI_static_base__            
0000249d  __TI_zero_init_nomemset       
000021f5  __aeabi_f2iz                  
00001c3d  __aeabi_fdiv                  
00001bb1  __aeabi_fmul                  
00002109  __aeabi_i2f                   
00001f91  __aeabi_idiv                  
00001f37  __aeabi_idiv0                 
00001f91  __aeabi_idivmod               
ffffffff  __binit__                     
00001c3d  __divsf3                      
000021f5  __fixsfsi                     
00002109  __floatsisf                   
UNDEFED   __mpu_init                    
00002181  __muldsi3                     
00001bb1  __mulsf3                      
20207e00  __stack                       
20200000  __start___llvm_prf_bits       
20200000  __start___llvm_prf_cnts       
20200000  __stop___llvm_prf_bits        
20200000  __stop___llvm_prf_cnts        
00002409  _c_int00_noargs               
UNDEFED   _system_post_cinit            
000025af  _system_pre_init              
000025a1  abort                         
ffffffff  binit                         
20200000  g_appConfig                   
20200058  g_appRuntime                  
2020009a  g_carStateDebug               
20200034  g_imuRuntime                  
2020009b  g_keyEvent                    
2020009c  g_oledPageDebug               
2020009d  g_paramItemDebug              
2020009e  g_trackBlackCount             
20200032  g_trackError                  
2020009f  g_trackModeDebug              
202000a0  g_trackRaw                    
202000a1  g_trackTurnDebug              
00000000  interruptVectors              
00001da5  main                          


GLOBAL SYMBOLS: SORTED BY Symbol Address 

address   name                          
-------   ----                          
00000000  __TI_ATRegion0_region_sz      
00000000  __TI_ATRegion0_src_addr       
00000000  __TI_ATRegion0_trg_addr       
00000000  __TI_ATRegion1_region_sz      
00000000  __TI_ATRegion1_src_addr       
00000000  __TI_ATRegion1_trg_addr       
00000000  __TI_ATRegion2_region_sz      
00000000  __TI_ATRegion2_src_addr       
00000000  __TI_ATRegion2_trg_addr       
00000000  __TI_static_base__            
00000000  interruptVectors              
000000c1  OledUi_Update_20ms            
00000200  __STACK_SIZE                  
000006bd  CarController_Update_20ms     
0000096d  OLED_Clear                    
00000f45  Imu_Init                      
000010e5  Menu_HandleKeyEvent           
0000127d  Key_Update_20ms               
000013f1  AppConfig_LimitAll            
00001559  OLED_PrintInt16               
00001695  Imu_Update                    
00001779  OLED_Init                     
0000184d  OLED_PrintChar                
0000191d  Motor_SetSpeed                
000019cd  SYSCFG_DL_GPIO_init           
00001a75  App_Update_20ms               
00001bb1  __aeabi_fmul                  
00001bb1  __mulsf3                      
00001c3d  __aeabi_fdiv                  
00001c3d  __divsf3                      
00001cbf  ADC0_IRQHandler               
00001cbf  ADC1_IRQHandler               
00001cbf  AES_IRQHandler                
00001cbf  CANFD0_IRQHandler             
00001cbf  DAC0_IRQHandler               
00001cbf  DMA_IRQHandler                
00001cbf  Default_Handler               
00001cbf  GROUP0_IRQHandler             
00001cbf  HardFault_Handler             
00001cbf  I2C0_IRQHandler               
00001cbf  I2C1_IRQHandler               
00001cbf  NMI_Handler                   
00001cbf  PendSV_Handler                
00001cbf  RTC_IRQHandler                
00001cbf  SPI0_IRQHandler               
00001cbf  SPI1_IRQHandler               
00001cbf  SVC_Handler                   
00001cbf  TIMA0_IRQHandler              
00001cbf  TIMA1_IRQHandler              
00001cbf  TIMG0_IRQHandler              
00001cbf  TIMG12_IRQHandler             
00001cbf  TIMG6_IRQHandler              
00001cbf  TIMG7_IRQHandler              
00001cbf  TIMG8_IRQHandler              
00001cbf  UART0_IRQHandler              
00001cbf  UART1_IRQHandler              
00001cbf  UART2_IRQHandler              
00001cbf  UART3_IRQHandler              
00001d39  Encoder_HandleGpioInterrupt   
00001da5  main                          
00001e11  TrackSensor_GetErrorFromRaw   
00001e77  TrackSensor_Init              
00001e79  AppConfig_InitDefault         
00001ed9  OLED_PrintBinary7             
00001f37  __aeabi_idiv0                 
00001f39  Menu_GetParamValue            
00001f91  __aeabi_idiv                  
00001f91  __aeabi_idivmod               
00001fe9  TrackSensor_ReadRaw           
0000203d  Motor_PwmTick100us            
0000208d  SYSCFG_DL_SYSCTL_init         
000020cd  SysTick_Handler               
00002109  __aeabi_i2f                   
00002109  __floatsisf                   
00002145  __TI_auto_init_nobinit_nopinit
00002181  __muldsi3                     
000021bd  Motor_Init                    
000021f5  __aeabi_f2iz                  
000021f5  __fixsfsi                     
0000222d  TrackSensor_DetectTurn        
00002265  OLED_SetCursor                
00002299  OLED_PrintString              
000022cb  App_Init                      
000022fd  Key_Init                      
0000232d  CarController_Init            
00002359  CarController_ResetRuntime    
00002385  Motor_Stop                    
000023b1  SYSCFG_DL_initPower           
000023dd  TrackSensor_CountBlack        
00002409  _c_int00_noargs               
00002431  Encoder_Reset                 
00002455  CarController_RunModeToString 
0000246d  CarState_ToString             
00002485  Menu_ParamItemToString        
0000249d  __TI_zero_init_nomemset       
000024b5  AppConfig_DecreaseTargetLap   
000024c9  AppConfig_IncreaseTargetLap   
000024dd  GROUP1_IRQHandler             
000024f1  Menu_Init                     
00002505  Key_GetEvent                  
00002515  SYSCFG_DL_init                
00002525  CarController_GetRunMode      
00002531  CarState_Get                  
0000253d  CarState_Init                 
00002549  CarState_Set                  
00002555  Menu_GetPage                  
00002561  Menu_GetParamItem             
0000256d  OledUi_Init                   
00002579  DL_Common_delayCycles         
00002583  TrackSensor_IsCenterDetected  
0000258d  TrackSensor_IsLineLost        
00002599  Imu_GetRuntime                
000025a1  abort                         
000025a6  C$$EXIT                       
000025a7  HOSTexit                      
000025ab  Reset_Handler                 
000025af  _system_pre_init              
00002838  __TI_Handler_Table_Base       
0000283c  __TI_CINIT_Base               
0000283c  __TI_Handler_Table_Limit      
00002844  __TI_CINIT_Limit              
00002844  __TI_CINIT_Warm               
20200000  __start___llvm_prf_bits       
20200000  __start___llvm_prf_cnts       
20200000  __stop___llvm_prf_bits        
20200000  __stop___llvm_prf_cnts        
20200000  g_appConfig                   
20200032  g_trackError                  
20200034  g_imuRuntime                  
20200058  g_appRuntime                  
2020009a  g_carStateDebug               
2020009b  g_keyEvent                    
2020009c  g_oledPageDebug               
2020009d  g_paramItemDebug              
2020009e  g_trackBlackCount             
2020009f  g_trackModeDebug              
202000a0  g_trackRaw                    
202000a1  g_trackTurnDebug              
20207e00  __stack                       
20208000  __STACK_END                   
ffffffff  __TI_pprof_out_hndl           
ffffffff  __TI_prof_data_size           
ffffffff  __TI_prof_data_start          
ffffffff  __binit__                     
ffffffff  binit                         
UNDEFED   __mpu_init                    
UNDEFED   _system_post_cinit            

[147 symbols]
