******************************************************************************
            TI ARM Clang Linker PC v4.0.4                      
******************************************************************************
>> Linked Fri Jul 24 17:27:43 2026

OUTPUT FILE NAME:   <diansaikaishi.out>
ENTRY POINT SYMBOL: "_c_int00_noargs"  address: 000105d1


MEMORY CONFIGURATION

         name            origin    length      used     unused   attr    fill
----------------------  --------  ---------  --------  --------  ----  --------
  FLASH                 00000000   00020000  000119f8  0000e608  R  X
  SRAM                  20200000   00008000  00000f2a  000070d6  RW X
  BCR_CONFIG            41c00000   000000ff  00000000  000000ff  R   
  BSL_CONFIG            41c00100   00000080  00000000  00000080  R   


SEGMENT ALLOCATION MAP

run origin  load origin   length   init length attrs members
----------  ----------- ---------- ----------- ----- -------
00000000    00000000    000119f8   000119f8    r-x
  00000000    00000000    000000c0   000000c0    r-- .intvecs
  000000c0    000000c0    00010d40   00010d40    r-x .text
  00010e00    00010e00    00000bc8   00000bc8    r-- .rodata
  000119c8    000119c8    00000030   00000030    r-- .cinit
20200000    20200000    00000d2a   00000000    rw-
  20200000    20200000    00000d29   00000000    rw- .bss
  20200d29    20200d29    00000001   00000000    rw- .data
20207e00    20207e00    00000200   00000000    rw-
  20207e00    20207e00    00000200   00000000    rw- .stack


SECTION ALLOCATION MAP

 output                                  attributes/
section   page    origin      length       input sections
--------  ----  ----------  ----------   ----------------
.intvecs   0    00000000    000000c0     
                  00000000    000000c0     startup_mspm0g350x_ticlang.o (.intvecs)

.text      0    000000c0    00010d40     
                  000000c0    00003040     oled_ui.o (.text.OledUi_Update_20ms)
                  00003100    00001dd4     vision_tuning_console.o (.text.VisionTuningConsole_Process)
                  00004ed4    000004f0     line_controller.o (.text.LineController_Update)
                  000053c4    00000498     app_config.o (.text.AppConfig_LimitAll)
                  0000585c    0000047c     gimbal_tracker.o (.text.GimbalTracker_Update)
                  00005cd8    0000044c     motor_control.o (.text.update_wheel)
                  00006124    00000434     wheel_speed_estimator.o (.text.WheelSpeedEstimator_Update)
                  00006558    0000040c     runtime_snapshot.o (.text.RuntimeSnapshot_Update)
                  00006964    000003e0     imu.o (.text.Imu_Update)
                  00006d44    000003b0     vision_receiver.o (.text.VisionReceiver_Process)
                  000070f4    00000388     gimbal_vision_yaw_tracker.o (.text.GimbalVisionYawTracker_Update10ms)
                  0000747c    00000374     imu.o (.text.Imu_Init)
                  000077f0    00000370     gimbal.o (.text.gimbal_update_feedback)
                  00007b60    00000340     obstacle_avoidance.o (.text.ObstacleAvoidance_Update_20ms)
                  00007ea0    00000310     vision_tuning_console.o (.text.append_scaled)
                  000081b0    000002f0     imu.o (.text.mpu6050_read_regs)
                  000084a0    000002a8     gimbal_tracker.o (.text.update_feedback)
                  00008748    00000298     gimbal.o (.text.Gimbal_YawSetWrappedTargetDeg)
                  000089e0    00000294     gimbal.o (.text.Gimbal_YawUpdate5ms)
                  00008c74    00000290     gimbal.o (.text.Gimbal_PitchSetTrackingSpeedDegS)
                  00008f04    0000028c     motor_control.o (.text.MotorControl_Update)
                  00009190    00000254     oled.o (.text.OLED_Clear)
                  000093e4    00000238     gimbal.o (.text.gimbal_pitch_update_feedback)
                  0000961c    00000230     imu.o (.text.Imu_CalibrateGyroBias)
                  0000984c    00000228     gimbal_vision_pitch_tracker.o (.text.GimbalVisionPitchTracker_Update10ms)
                  00009a74    00000228     menu.o (.text.Menu_HandleKeyEvent)
                  00009c9c    00000208     car_controller.o (.text.handle_turn_to_yaw)
                  00009ea4    00000204     motor.o (.text.Motor_SetSpeed)
                  0000a0a8    000001f4     vision_protocol.o (.text.VisionProtocol_ParseV1TargetFrame)
                  0000a29c    000001e8     motor_control.o (.text.config_is_valid)
                  0000a484    000001cc     imu.o (.text.imu_i2c_write_byte)
                  0000a650    000001bc     app_config.o (.text.AppConfig_InitDefault)
                  0000a80c    000001bc     gimbal.o (.text.Gimbal_PitchUpdate5ms)
                  0000a9c8    000001b8     oled.o (.text.oled_i2c_write_byte)
                  0000ab80    000001a0     ultrasonic.o (.text.Ultrasonic_Tick100us)
                  0000ad20    00000194     gimbal_stepper.o (.text.GimbalStepper_Tick100us)
                  0000aeb4    00000180     gimbal.o (.text.Gimbal_PitchTick100us)
                  0000b034    00000180     motion_action.o (.text.MotionAction_Update_20ms)
                  0000b1b4    0000017c     gimbal_stepper.o (.text.GimbalStepper_MoveToEstimatedSteps)
                  0000b330    00000174     key.o (.text.Key_Update_20ms)
                  0000b4a4    0000016c     gimbal.o (.text.Gimbal_Init)
                  0000b610    00000168     empty.o (.text.main)
                  0000b778    00000160     gimbal.o (.text.gimbal_yaw_set_target_x10)
                  0000b8d8    00000160     car_controller.o (.text.handle_lost_recover)
                  0000ba38    00000158     vision_tuning_console.o (.text.send_parameter_reply)
                  0000bb90    00000158     vision_tuning_console.o (.text.send_yaw_parameter_reply)
                  0000bce8    00000154     car_controller.o (.text.CarController_Update_20ms)
                  0000be3c    00000144     car_controller.o (.text.handle_drive_heading)
                  0000bf80    0000013c     oled.o (.text.OLED_PrintInt16)
                  0000c0bc    0000012c     imu.o (.text.imu_i2c_recover_bus)
                  0000c1e8    00000128     gimbal.o (.text.Gimbal_YawEnableWorldLock)
                  0000c310    00000124     vision_tuning_console.o (.text.send_simple_reply)
                  0000c434    00000124     gimbal_vision_yaw_tracker.o (.text.sync_target_from_yaw)
                  0000c558    0000011c     line_controller.o (.text.LineController_Reset)
                  0000c674    00000118     app.o (.text.App_Update_20ms)
                  0000c78c    0000010c     car_controller.o (.text.handle_follow_line)
                  0000c898    00000108     car_controller.o (.text.handle_turn_90)
                  0000c9a0    00000104     driverlib.a : dl_timer.o (.text.DL_Timer_initFourCCPWMMode)
                  0000caa4    00000104     line_controller.o (.text.LineController_ResetControlState)
                  0000cba8    00000104     mission_manager.o (.text.MissionManager_Update_20ms)
                  0000ccac    00000100     motor_control.o (.text.MotorControl_SetNormalizedTarget)
                  0000cdac    000000fc     empty.o (.text.SysTick_Handler)
                  0000cea8    000000f8     line_controller.o (.text.LineController_Init)
                  0000cfa0    000000f0     gimbal.o (.text.Gimbal_PitchStopHold)
                  0000d090    000000ec     heading_control.o (.text.HeadingControl_Update)
                  0000d17c    000000ec     motion_action.o (.text.MotionAction_Start)
                  0000d268    000000ec     gimbal_tracker.o (.text.sync_targets_from_gimbal)
                  0000d354    000000e8     vision_protocol.o (.text.fields_are_valid)
                  0000d43c    000000e4     mission_manager.o (.text.MissionManager_SelectNext)
                  0000d520    000000e0     obstacle_safety.o (.text.ObstacleSafety_Update_20ms)
                  0000d600    000000dc     ti_msp_dl_config.o (.text.SYSCFG_DL_GPIO_init)
                  0000d6dc    000000dc     wheel_speed_estimator.o (.text.WheelSpeedEstimator_Init)
                  0000d7b8    000000dc     oled_ui.o (.text.print_tuning_change_value)
                  0000d894    000000d8     oled.o (.text.OLED_PrintUInt16)
                  0000d96c    000000d8     libclang_rt.builtins.a : addsf3.S.obj (.text)
                  0000da44    000000d4     oled.o (.text.OLED_Init)
                  0000db18    000000d0     oled.o (.text.OLED_PrintChar)
                  0000dbe8    000000cc     mission_manager.o (.text.MissionManager_SelectPrevious)
                  0000dcb4    000000c8     fault.o (.text.FaultCode_ToShortString)
                  0000dd7c    000000c4     car_controller.o (.text.CarController_StartTurnToYawRelative)
                  0000de40    000000c0     angle_utils.o (.text.Angle_Normalize180)
                  0000df00    000000bc     car_controller.o (.text.CarController_StartDriveHeading)
                  0000dfbc    000000b4     gimbal_stepper.o (.text.GimbalStepper_StopHold)
                  0000e070    000000b4     gimbal_vision_adapter.o (.text.GimbalVisionAdapter_Update)
                  0000e124    000000b0     gimbal_stepper.o (.text.GimbalStepper_Init)
                  0000e1d4    000000a4     car_controller.o (.text.CarController_StartSeekLine)
                  0000e278    000000a4     encoder.o (.text.Encoder_HandleGpioInterrupt)
                  0000e31c    000000a4     gimbal_vision_yaw_tracker.o (.text.wrap_deg_360)
                  0000e3c0    000000a2     libclang_rt.builtins.a : udivmoddi4.S.obj (.text)
                  0000e462    00000002     startup_mspm0g350x_ticlang.o (.text.Default_Handler)
                  0000e464    0000009c     car_controller.o (.text.CarController_StartFollowLine)
                  0000e500    0000009c     obstacle_monitor.o (.text.ObstacleMonitor_Update_20ms)
                  0000e59c    0000009a     libc.a : memcpy16.S.obj (.text:memcpy)
                  0000e636    00000002     track_sensor.o (.text.TrackSensor_Init)
                  0000e638    00000098     car_controller.o (.text.handle_seek_line)
                  0000e6d0    00000098     imu.o (.text.mpu6050_write_reg)
                  0000e768    00000090     car_controller.o (.text.CarController_StartTurnRight90)
                  0000e7f8    0000008c     car_controller.o (.text.CarController_Init)
                  0000e884    0000008c     car_controller.o (.text.CarController_StartTurnLeft90)
                  0000e910    0000008c     gimbal.o (.text.Gimbal_YawDisableWorldLock)
                  0000e99c    0000008c     gimbal.o (.text.Gimbal_YawStopHold)
                  0000ea28    0000008c     ti_msp_dl_config.o (.text.SYSCFG_DL_PWM_MOTOR_init)
                  0000eab4    0000008c     libclang_rt.builtins.a : mulsf3.S.obj (.text.__mulsf3)
                  0000eb40    00000088     car_controller.o (.text.CarController_ResetRuntime)
                  0000ebc8    00000008     car_controller.o (.text.CarController_GetFeedback)
                  0000ebd0    00000088     libc.a : strcmp-armv6m.S.obj (.text:strcmp)
                  0000ec58    00000084     motor.o (.text.Motor_Init)
                  0000ecdc    00000082     app.o (.text.App_Init)
                  0000ed5e    00000002     libclang_rt.builtins.a : aeabi_div0.c.obj (.text.__aeabi_idiv0)
                  0000ed60    00000082                            : divsf3.S.obj (.text.__divsf3)
                  0000ede2    00000002                            : aeabi_div0.c.obj (.text.__aeabi_ldiv0)
                  0000ede4    00000080     car_controller.o (.text.CarController_SetSafetyHold)
                  0000ee64    00000080     gimbal_tracker.o (.text.GimbalTracker_Init)
                  0000eee4    00000080     mission_library.o (.text.MissionLibrary_Validate)
                  0000ef64    00000080     motor.o (.text.Motor_Stop)
                  0000efe4    0000007c     vision_pitch_tuning.o (.text.VisionPitchTuning_Set)
                  0000f060    0000007c     libc.a : copy_decompress_lzss.c.obj (.text:decompress:lzss)
                  0000f0dc    00000078     oled.o (.text.oled_write_command)
                  0000f154    00000074     motor_control.o (.text.latch_control_error)
                  0000f1c8    00000070     ti_msp_dl_config.o (.text.SYSCFG_DL_UART_VISION_init)
                  0000f238    00000070     vision_yaw_tuning.o (.text.VisionYawTuning_Set)
                  0000f2a8    0000006e     track_sensor.o (.text.TrackSensor_DetectTurn)
                  0000f316    00000002     --HOLE-- [fill = 0]
                  0000f318    0000006c     gimbal_vision_yaw_tracker.o (.text.GimbalVisionYawTracker_Init)
                  0000f384    00000068     mission_manager.o (.text.MissionManager_GetSelectedMissionIndex)
                  0000f3ec    00000066     track_sensor.o (.text.TrackSensor_GetErrorFromRaw)
                  0000f452    00000002     --HOLE-- [fill = 0]
                  0000f454    00000064     menu.o (.text.Menu_GetParamValue)
                  0000f4b8    00000062     libclang_rt.builtins.a : aeabi_fcmp.S.obj (.text.__aeabi_fcmp)
                  0000f51a    00000062     libc.a : memset16.S.obj (.text:memset)
                  0000f57c    00000060     gimbal_tracker.o (.text.GimbalTracker_GetFeedback)
                  0000f5dc    00000060     vision_tuning_console.o (.text.VisionTuningConsole_Init)
                  0000f63c    00000060     libclang_rt.builtins.a : fixsfdi.S.obj (.text.__fixsfdi)
                  0000f69c    0000005c     vision_uart.o (.text.UART3_IRQHandler)
                  0000f6f8    0000005c     ultrasonic.o (.text.Ultrasonic_Update_20ms)
                  0000f754    0000005c     obstacle_avoidance.o (.text.avoid_fail)
                  0000f7b0    00000056     libclang_rt.builtins.a : aeabi_idivmod.S.obj (.text.__aeabi_idivmod)
                  0000f806    00000002     --HOLE-- [fill = 0]
                  0000f808    00000054     track_sensor.o (.text.TrackSensor_ReadRaw)
                  0000f85c    00000054     gimbal_vision_yaw_tracker.o (.text.float_to_scaled_i16)
                  0000f8b0    00000054     gimbal_vision_yaw_tracker.o (.text.stop_owned_tracking)
                  0000f904    00000050     ultrasonic.o (.text.Ultrasonic_Init)
                  0000f954    00000050     watchdog_monitor.o (.text.WatchdogMonitor_ApplyFaultIfNeeded)
                  0000f9a4    0000004e     libclang_rt.builtins.a : floatdisf.S.obj (.text.__floatdisf)
                  0000f9f2    00000002     --HOLE-- [fill = 0]
                  0000f9f4    0000004c     mission_manager.o (.text.MissionManager_Start)
                  0000fa40    0000004c     motor_control.o (.text.MotorControl_Stop)
                  0000fa8c    0000004c     watchdog_monitor.o (.text.WatchdogMonitor_Tick1msFromIsr)
                  0000fad8    0000004a     obstacle_avoidance.o (.text.avoid_can_start)
                  0000fb22    00000002     --HOLE-- [fill = 0]
                  0000fb24    00000048     driverlib.a : dl_uart.o (.text.DL_UART_init)
                  0000fb6c    00000048     motion_action.o (.text.MotionAction_ReapplyControllerTarget)
                  0000fbb4    00000044     encoder.o (.text.Encoder_GetAndClearPulseDeltas)
                  0000fbf8    00000044     imu.o (.text.Imu_ResetYaw)
                  0000fc3c    00000044     servo.o (.text.Servo_Tick100us)
                  0000fc80    00000040     emergency_stop.o (.text.EmergencyStop_Reset)
                  0000fcc0    00000040     gimbal_vision_pitch_tracker.o (.text.GimbalVisionPitchTracker_Init)
                  0000fd00    00000040     mission_manager.o (.text.MissionManager_Init)
                  0000fd40    00000040     ti_msp_dl_config.o (.text.SYSCFG_DL_SYSCTL_init)
                  0000fd80    00000040     ti_msp_dl_config.o (.text.SYSCFG_DL_initPower)
                  0000fdc0    00000040     vision_receiver.o (.text.VisionReceiver_PushByteFromIsr)
                  0000fe00    00000040     libclang_rt.builtins.a : aeabi_uidivmod.S.obj (.text.__aeabi_uidivmod)
                  0000fe40    0000003e                            : divmoddi4.c.obj (.text.__divmoddi4)
                  0000fe7e    00000002     --HOLE-- [fill = 0]
                  0000fe80    0000003c     servo.o (.text.Servo_SetAngleDeg)
                  0000febc    0000003c     vision_tuning_console.o (.text.VisionTuningConsole_PushByteFromIsr)
                  0000fef8    0000003c     libclang_rt.builtins.a : floatsisf.S.obj (.text.__floatsisf)
                  0000ff34    0000003c                            : comparesf2.S.obj (.text.__gtsf2)
                  0000ff70    0000003c     libc.a : autoinit.c.obj (.text:__TI_auto_init_nobinit_nopinit)
                  0000ffac    0000003a     libclang_rt.builtins.a : comparesf2.S.obj (.text.__eqsf2)
                  0000ffe6    00000002     --HOLE-- [fill = 0]
                  0000ffe8    0000003a                            : muldsi3.S.obj (.text.__muldsi3)
                  00010022    00000002     --HOLE-- [fill = 0]
                  00010024    00000038     vision_receiver.o (.text.VisionReceiver_Init)
                  0001005c    00000038     libclang_rt.builtins.a : fixsfsi.S.obj (.text.__fixsfsi)
                  00010094    00000034     emergency_stop.o (.text.EmergencyStop_Trigger)
                  000100c8    00000034     imu.o (.text.Imu_IsReady)
                  000100fc    00000034     oled.o (.text.OLED_SetCursor)
                  00010130    00000034     vision_tuning_console.o (.text.VisionTuningConsole_TryPopTxByte)
                  00010164    00000034     vision_uart.o (.text.VisionUart_Process)
                  00010198    00000034     obstacle_avoidance.o (.text.avoid_start)
                  000101cc    00000032     oled.o (.text.OLED_PrintString)
                  000101fe    00000002     --HOLE-- [fill = 0]
                  00010200    00000030     fault.o (.text.Fault_Raise)
                  00010230    00000030     gimbal_vision_yaw_tracker.o (.text.GimbalVisionYawTracker_GetFeedback)
                  00010260    00000030     gimbal.o (.text.Gimbal_PitchGetFeedback)
                  00010290    00000030     key.o (.text.Key_Init)
                  000102c0    00000030     line_controller.o (.text.LineController_ObserveSensors)
                  000102f0    00000030     mission_manager.o (.text.MissionManager_Resume)
                  00010320    00000030     vision_pitch_tuning.o (.text.VisionPitchTuning_RestoreDefault)
                  00010350    00000030     watchdog_monitor.o (.text.WatchdogMonitor_Init)
                  00010380    00000030     gimbal_vision_yaw_tracker.o (.text.refresh_yaw_feedback)
                  000103b0    0000002c     encoder.o (.text.Encoder_Reset)
                  000103dc    0000002c     mission_manager.o (.text.MissionManager_Cancel)
                  00010408    0000002c     mission_manager.o (.text.MissionManager_Reset)
                  00010434    0000002c     track_sensor.o (.text.TrackSensor_CountBlack)
                  00010460    0000002c     vision_yaw_tuning.o (.text.VisionYawTuning_RestoreDefault)
                  0001048c    0000002c     gimbal_vision_pitch_tracker.o (.text.speed_to_x10)
                  000104b8    00000028     car_controller.o (.text.CarController_Stop)
                  000104e0    00000028     obstacle_avoidance.o (.text.ObstacleAvoidance_Init)
                  00010508    00000028     servo.o (.text.Servo_Init)
                  00010530    00000028     vision_pitch_tuning.o (.text.VisionPitchTuning_Init)
                  00010558    00000028     watchdog_monitor.o (.text.WatchdogMonitor_Reset)
                  00010580    00000028     libclang_rt.builtins.a : floatunsisf.S.obj (.text.__floatunsisf)
                  000105a8    00000028     libc.a : memmov.c.obj (.text.memmove)
                  000105d0    00000028            : boot_cortex_m.c.obj (.text:_c_int00_noargs)
                  000105f8    00000024     emergency_stop.o (.text.EmergencyStop_Enforce)
                  0001061c    00000024     gimbal_vision_pitch_tracker.o (.text.GimbalVisionPitchTracker_GetFeedback)
                  00010640    00000024     mission_manager.o (.text.MissionManager_ReportExternalFailure)
                  00010664    00000024     motor_control.o (.text.MotorControl_Init)
                  00010688    00000024     motor_control.o (.text.MotorControl_Reset)
                  000106ac    00000024     ti_msp_dl_config.o (.text.SYSCFG_DL_init)
                  000106d0    00000024     vision_yaw_tuning.o (.text.VisionYawTuning_Init)
                  000106f4    00000024     libclang_rt.builtins.a : muldi3.S.obj (.text.__muldi3)
                  00010718    00000020     driverlib.a : dl_timer.o (.text.DL_Timer_overrideCCPOut)
                  00010738    00000020     debug_telemetry.o (.text.DebugTelemetry_Update)
                  00010758    00000020     mission_manager.o (.text.MissionManager_Pause)
                  00010778    00000020     motion_action.o (.text.MotionAction_GetCurrentBypassDirection)
                  00010798    00000020     motion_action.o (.text.MotionAction_GetCurrentObstaclePolicy)
                  000107b8    00000020     empty.o (.text.SchedulerMonitor_GetStats)
                  000107d8    00000020     vision_receiver.o (.text.VisionReceiver_GetProtocolErrorCount)
                  000107f8    00000020     mission_manager.o (.text.mission_finish_error)
                  00010818    0000001e     libclang_rt.builtins.a : ashldi3.S.obj (.text.__ashldi3)
                  00010836    00000002     --HOLE-- [fill = 0]
                  00010838    0000001c     driverlib.a : dl_timer.o (.text.DL_Timer_setCaptCompUpdateMethod)
                  00010854    0000001c                 : dl_timer.o (.text.DL_Timer_setClockConfig)
                  00010870    0000001c     gimbal_vision_adapter.o (.text.GimbalVisionAdapter_Init)
                  0001088c    0000001c     heading_control.o (.text.HeadingControl_SetTargetYaw)
                  000108a8    0000001c     menu.o (.text.Menu_Init)
                  000108c4    0000001c     obstacle_monitor.o (.text.ObstacleMonitor_Init)
                  000108e0    0000001c     obstacle_safety.o (.text.ObstacleSafety_Init)
                  000108fc    0000001c     vision_pitch_tuning.o (.text.VisionPitchTuning_ParamName)
                  00010918    0000001c     vision_yaw_tuning.o (.text.VisionYawTuning_GetSnapshot)
                  00010934    0000001c     vision_yaw_tuning.o (.text.VisionYawTuning_ParamName)
                  00010950    0000001c     watchdog_monitor.o (.text.WatchdogMonitor_NotifyControlCycleComplete)
                  0001096c    0000001c     mission_manager.o (.text.mission_finish_success)
                  00010988    00000018     car_controller.o (.text.CarController_RunModeToString)
                  000109a0    00000018     driverlib.a : dl_timer.o (.text.DL_Timer_setCaptureCompareOutCtl)
                  000109b8    00000018     debug_telemetry.o (.text.DebugTelemetry_Init)
                  000109d0    00000018     heading_control.o (.text.HeadingControl_Init)
                  000109e8    00000018     heading_control.o (.text.HeadingControl_Reset)
                  00010a00    00000018     menu.o (.text.Menu_ParamItemToString)
                  00010a18    00000018     motion_action.o (.text.MotionAction_Cancel)
                  00010a30    00000018     runtime_snapshot.o (.text.RuntimeSnapshot_Init)
                  00010a48    00000016     libclang_rt.builtins.a : comparesf2.S.obj (.text.__unordsf2)
                  00010a5e    00000002     --HOLE-- [fill = 0]
                  00010a60    00000014     fault.o (.text.Fault_Clear)
                  00010a74    00000014     fault.o (.text.Fault_Init)
                  00010a88    00000014     empty.o (.text.GROUP1_IRQHandler)
                  00010a9c    00000014     gimbal_stepper.o (.text.GimbalStepper_SetStepHalfPeriodTicks)
                  00010ab0    00000014     heading_control.o (.text.HeadingControl_Enable)
                  00010ac4    00000014     mission_library.o (.text.MissionLibrary_FindById)
                  00010ad8    00000014     mission_library.o (.text.MissionLibrary_GetByIndex)
                  00010aec    00000014     mission_manager.o (.text.MissionManager_GetSelectedMissionId)
                  00010b00    00000014     motion_action.o (.text.MotionAction_Init)
                  00010b14    00000014     vision_pitch_tuning.o (.text.VisionPitchTuning_GetSnapshot)
                  00010b28    00000014     vision_uart.o (.text.VisionUart_Init)
                  00010b3c    00000014     libclang_rt.builtins.a : aeabi_ldivmod.S.obj (.text.__aeabi_ldivmod)
                  00010b50    00000014                            : aeabi_uldivmod.S.obj (.text.__aeabi_uldivmod)
                  00010b64    00000012     driverlib.a : dl_uart.o (.text.DL_UART_setClockConfig)
                  00010b76    00000012     libc.a : copy_decompress_none.c.obj (.text:decompress:none)
                  00010b88    00000010     driverlib.a : dl_timer.o (.text.DL_Timer_setCaptureCompareValue)
                  00010b98    00000010     gimbal.o (.text.Gimbal_YawGetFeedback)
                  00010ba8    00000010     key.o (.text.Key_GetEvent)
                  00010bb8    00000010     obstacle_avoidance.o (.text.ObstacleAvoidance_IsResumeGraceActive)
                  00010bc8    00000010     libc.a : copy_zero_init.c.obj (.text:decompress:ZI)
                  00010bd8    0000000c     car_controller.o (.text.CarController_GetRunMode)
                  00010be4    0000000c     car_controller.o (.text.CarController_IsSafetyHoldActive)
                  00010bf0    0000000c     car_state.o (.text.CarState_Get)
                  00010bfc    0000000c     car_state.o (.text.CarState_Init)
                  00010c08    0000000c     car_state.o (.text.CarState_Set)
                  00010c14    0000000c     emergency_stop.o (.text.EmergencyStop_Init)
                  00010c20    0000000c     emergency_stop.o (.text.EmergencyStop_IsActive)
                  00010c2c    0000000c     gimbal_vision_adapter.o (.text.GimbalVisionAdapter_GetObservation)
                  00010c38    0000000c     gimbal.o (.text.Gimbal_Tick100us)
                  00010c44    0000000c     gimbal.o (.text.Gimbal_Update5ms)
                  00010c50    0000000c     imu.o (.text.Imu_GetCorrectedGyroZDps)
                  00010c5c    0000000c     imu.o (.text.Imu_GetYaw)
                  00010c68    0000000c     menu.o (.text.Menu_GetPage)
                  00010c74    0000000c     menu.o (.text.Menu_GetParamItem)
                  00010c80    0000000c     mission_manager.o (.text.MissionManager_IsExternallyHeld)
                  00010c8c    0000000c     mission_manager.o (.text.MissionManager_SetExternalHold)
                  00010c98    0000000c     obstacle_avoidance.o (.text.ObstacleAvoidance_IsActive)
                  00010ca4    0000000c     obstacle_avoidance.o (.text.ObstacleAvoidance_IsFailed)
                  00010cb0    0000000c     obstacle_safety.o (.text.ObstacleSafety_IsHolding)
                  00010cbc    0000000c     oled_ui.o (.text.OledUi_Init)
                  00010cc8    0000000c     empty.o (.text.SystemTime_GetMs)
                  00010cd4    0000000c     watchdog_monitor.o (.text.WatchdogMonitor_HasTripped)
                  00010ce0    0000000c     libclang_rt.builtins.a : aeabi_memset.S.obj (.text.__aeabi_memclr)
                  00010cec    0000000a     driverlib.a : dl_common.o (.text.DL_Common_delayCycles)
                  00010cf6    0000000a     track_sensor.o (.text.TrackSensor_IsCenterDetected)
                  00010d00    0000000a     track_sensor.o (.text.TrackSensor_IsLineDetected)
                  00010d0a    0000000a     track_sensor.o (.text.TrackSensor_IsLineLost)
                  00010d14    00000008     fault.o (.text.Fault_GetRecord)
                  00010d1c    00000008     gimbal_stepper.o (.text.GimbalStepper_GetFeedback)
                  00010d24    00000008     gimbal_vision_adapter.o (.text.GimbalVisionAdapter_GetFeedback)
                  00010d2c    00000008     gimbal.o (.text.Gimbal_PitchStopTrackingHold)
                  00010d34    00000008     heading_control.o (.text.HeadingControl_GetRuntime)
                  00010d3c    00000008     imu.o (.text.Imu_GetRuntime)
                  00010d44    00000008     line_controller.o (.text.LineController_GetRuntime)
                  00010d4c    00000008     mission_manager.o (.text.MissionManager_GetMissionCount)
                  00010d54    00000008     mission_manager.o (.text.MissionManager_GetRuntime)
                  00010d5c    00000008     motion_action.o (.text.MotionAction_GetRuntime)
                  00010d64    00000008     motor_control.o (.text.MotorControl_GetRuntime)
                  00010d6c    00000008     obstacle_avoidance.o (.text.ObstacleAvoidance_GetFeedback)
                  00010d74    00000008     obstacle_monitor.o (.text.ObstacleMonitor_GetFeedback)
                  00010d7c    00000008     servo.o (.text.Servo_GetFeedback)
                  00010d84    00000008     ultrasonic.o (.text.Ultrasonic_GetFeedback)
                  00010d8c    00000008     vision_pitch_tuning.o (.text.VisionPitchTuning_GetStatus)
                  00010d94    00000008     vision_receiver.o (.text.VisionReceiver_GetObservation)
                  00010d9c    00000008     vision_receiver.o (.text.VisionReceiver_GetStatus)
                  00010da4    00000008     vision_tuning_console.o (.text.VisionTuningConsole_GetStatus)
                  00010dac    00000008     watchdog_monitor.o (.text.WatchdogMonitor_GetStatus)
                  00010db4    00000008     wheel_speed_estimator.o (.text.WheelSpeedEstimator_GetRuntime)
                  00010dbc    00000008     libclang_rt.builtins.a : aeabi_memcpy.S.obj (.text.__aeabi_memcpy)
                  00010dc4    00000008                            : aeabi_memmove.S.obj (.text.__aeabi_memmove)
                  00010dcc    00000006     libc.a : exit.c.obj (.text:abort)
                  00010dd2    00000004     libsysbm.a : hostexit.c.obj (.text.HOSTexit)
                  00010dd6    00000004     mission_library.o (.text.MissionLibrary_GetCount)
                  00010dda    00000004     startup_mspm0g350x_ticlang.o (.text.Reset_Handler)
                  00010dde    00000002     --HOLE-- [fill = 0]
                  00010de0    00000010     libc.a : boot_cortex_m.c.obj (.tramp._c_int00_noargs.1)
                  00010df0    00000004            : pre_init.c.obj (.text._system_pre_init)
                  00010df4    0000000c     --HOLE-- [fill = 0]

.cinit     0    000119c8    00000030     
                  000119c8    0000000c     (__TI_handler_table)
                  000119d4    00000008     (.cinit..bss.load) [load image, compression = zero_init]
                  000119dc    00000005     (.cinit..data.load) [load image, compression = lzss]
                  000119e1    00000003     --HOLE-- [fill = 0]
                  000119e4    00000010     (__TI_cinit_table)
                  000119f4    00000004     --HOLE-- [fill = 0]

.rodata    0    00010e00    00000bc8     
                  00010e00    000000d8     oled.o (.rodata..Lswitch.table.OLED_PrintChar)
                  00010ed8    000000a8     mission_library.o (.rodata.g_missionMapA)
                  00010f80    000000a8     mission_library.o (.rodata.g_missionMapB)
                  00011028    00000090     mission_library.o (.rodata.g_missionRegistry)
                  000110b8    00000078     mission_library.o (.rodata.g_missionMapC)
                  00011130    00000078     mission_library.o (.rodata.g_missionTestRight90Turn)
                  000111a8    00000048     mission_library.o (.rodata.g_missionTestHeadingDrive)
                  000111f0    00000048     mission_library.o (.rodata.g_missionTestObstacleFixed)
                  00011238    00000048     mission_library.o (.rodata.g_missionTestSeekThenFollow)
                  00011280    00000048     mission_library.o (.rodata.g_missionTestStopOnly)
                  000112c8    00000048     mission_library.o (.rodata.g_missionTestTurn)
                  00011310    00000034     mission_library.o (.rodata..Lswitch.table.MissionLibrary_FindById)
                  00011344    00000030     oled_ui.o (.rodata..Lswitch.table.OledUi_Update_20ms.180)
                  00011374    00000024     oled_ui.o (.rodata..Lswitch.table.OledUi_Update_20ms.184)
                  00011398    00000020     oled_ui.o (.rodata..Lswitch.table.OledUi_Update_20ms.185)
                  000113b8    00000020     oled_ui.o (.rodata..Lswitch.table.OledUi_Update_20ms.186)
                  000113d8    0000001c     car_controller.o (.rodata..Lswitch.table.CarController_RunModeToString)
                  000113f4    0000001c     menu.o (.rodata..Lswitch.table.Menu_ParamItemToString)
                  00011410    0000001c     vision_tuning_console.o (.rodata.str1.1836208005852235077.1)
                  0001142c    00000018     oled_ui.o (.rodata..Lswitch.table.OledUi_Update_20ms.187)
                  00011444    00000018     vision_pitch_tuning.o (.rodata..Lswitch.table.VisionPitchTuning_ParamName)
                  0001145c    00000014     vision_yaw_tuning.o (.rodata..Lswitch.table.VisionYawTuning_ParamName)
                  00011470    0000000e     oled_ui.o (.rodata.str1.10416366799939242409.1)
                  0001147e    00000002     ti_msp_dl_config.o (.rodata.gUART_VISIONClockConfig)
                  00011480    0000000c     oled_ui.o (.rodata..Lswitch.table.OledUi_Update_20ms.179)
                  0001148c    0000000c     oled_ui.o (.rodata..Lswitch.table.OledUi_Update_20ms.181)
                  00011498    0000000c     oled_ui.o (.rodata..Lswitch.table.OledUi_Update_20ms)
                  000114a4    0000000b     mission_library.o (.rodata.str1.11682660667400632204.1)
                  000114af    0000000b     mission_library.o (.rodata.str1.199678142196697465.1)
                  000114ba    0000000a     menu.o (.rodata..Lswitch.table.Menu_HandleKeyEvent)
                  000114c4    0000000a     ti_msp_dl_config.o (.rodata.gUART_VISIONConfig)
                  000114ce    0000000a     mission_library.o (.rodata.str1.1440970855772709381.1)
                  000114d8    0000000a     mission_library.o (.rodata.str1.15604890807705439409.1)
                  000114e2    0000000a     mission_library.o (.rodata.str1.15668266851434757964.1)
                  000114ec    0000000a     vision_tuning_console.o (.rodata.str1.4859846923128959820.1)
                  000114f6    0000000a     vision_tuning_console.o (.rodata.str1.7225688704195888286.1)
                  00011500    00000009     mission_library.o (.rodata.str1.13636476544574750902.1)
                  00011509    00000003     ti_msp_dl_config.o (.rodata.gPWM_MOTORClockConfig)
                  0001150c    00000008     ti_msp_dl_config.o (.rodata.gPWM_MOTORConfig)
                  00011514    00000008     vision_tuning_console.o (.rodata.str1.11718269490974306969.1)
                  0001151c    00000008     oled_ui.o (.rodata.str1.14711868471336838103.1)
                  00011524    00000008     oled_ui.o (.rodata.str1.14774750633985060196.1)
                  0001152c    00000008     oled_ui.o (.rodata.str1.16931641404301806744.1)
                  00011534    00000008     vision_tuning_console.o (.rodata.str1.3293472937029561918.1)
                  0001153c    00000008     oled_ui.o (.rodata.str1.6744096065564390185.1)
                  00011544    00000008     oled_ui.o (.rodata.str1.9646571805098343045.1)
                  0001154c    00000007     vision_tuning_console.o (.rodata.str1.10860306953068020798.1)
                  00011553    00000007     oled_ui.o (.rodata.str1.11614055506586029288.1)
                  0001155a    00000007     oled_ui.o (.rodata.str1.13271657277589579873.1)
                  00011561    00000007     oled_ui.o (.rodata.str1.13882251010780863896.1)
                  00011568    00000007     oled_ui.o (.rodata.str1.17540787658903907660.1)
                  0001156f    00000007     oled_ui.o (.rodata.str1.2308938766145545715.1)
                  00011576    00000007     oled_ui.o (.rodata.str1.4402311448527872260.1)
                  0001157d    00000007     oled_ui.o (.rodata.str1.8783421139296713095.1)
                  00011584    00000006     oled_ui.o (.rodata.str1.10163600690795753232.1)
                  0001158a    00000006     vision_tuning_console.o (.rodata.str1.10319329813075420582.1)
                  00011590    00000006     oled_ui.o (.rodata.str1.12182588061437138428.1)
                  00011596    00000006     oled_ui.o (.rodata.str1.13567883086814673087.1)
                  0001159c    00000006     oled_ui.o (.rodata.str1.14265077442249237877.1)
                  000115a2    00000006     oled_ui.o (.rodata.str1.1445687256832830955.1)
                  000115a8    00000006     mission_library.o (.rodata.str1.1642528554392422750.1)
                  000115ae    00000006     oled_ui.o (.rodata.str1.17067061841413117831.1)
                  000115b4    00000006     oled_ui.o (.rodata.str1.17763087492223448992.1)
                  000115ba    00000006     oled_ui.o (.rodata.str1.18266126048138325213.1)
                  000115c0    00000006     oled_ui.o (.rodata.str1.2002540315216928218.1)
                  000115c6    00000006     oled_ui.o (.rodata.str1.270145429241168923.1)
                  000115cc    00000006     vision_tuning_console.o (.rodata.str1.4028100529439820245.1)
                  000115d2    00000006     mission_library.o (.rodata.str1.4251661066630729623.1)
                  000115d8    00000006     mission_library.o (.rodata.str1.4392264057376583881.1)
                  000115de    00000006     oled_ui.o (.rodata.str1.4551794666512319153.1)
                  000115e4    00000006     oled_ui.o (.rodata.str1.7185587941321649510.1)
                  000115ea    00000005     oled.o (.rodata.oled_get_glyph.colon)
                  000115ef    00000005     oled.o (.rodata.oled_get_glyph.eight)
                  000115f4    00000005     oled.o (.rodata.oled_get_glyph.five)
                  000115f9    00000005     oled.o (.rodata.oled_get_glyph.four)
                  000115fe    00000005     oled.o (.rodata.oled_get_glyph.glyphA)
                  00011603    00000005     oled.o (.rodata.oled_get_glyph.glyphB)
                  00011608    00000005     oled.o (.rodata.oled_get_glyph.glyphC)
                  0001160d    00000005     oled.o (.rodata.oled_get_glyph.glyphD)
                  00011612    00000005     oled.o (.rodata.oled_get_glyph.glyphE)
                  00011617    00000005     oled.o (.rodata.oled_get_glyph.glyphG)
                  0001161c    00000005     oled.o (.rodata.oled_get_glyph.glyphH)
                  00011621    00000005     oled.o (.rodata.oled_get_glyph.glyphI)
                  00011626    00000005     oled.o (.rodata.oled_get_glyph.glyphK)
                  0001162b    00000005     oled.o (.rodata.oled_get_glyph.glyphL)
                  00011630    00000005     oled.o (.rodata.oled_get_glyph.glyphM)
                  00011635    00000005     oled.o (.rodata.oled_get_glyph.glyphN)
                  0001163a    00000005     oled.o (.rodata.oled_get_glyph.glyphO)
                  0001163f    00000005     oled.o (.rodata.oled_get_glyph.glyphP)
                  00011644    00000005     oled.o (.rodata.oled_get_glyph.glyphR)
                  00011649    00000005     oled.o (.rodata.oled_get_glyph.glyphS)
                  0001164e    00000005     oled.o (.rodata.oled_get_glyph.glyphT)
                  00011653    00000005     oled.o (.rodata.oled_get_glyph.glyphU)
                  00011658    00000005     oled.o (.rodata.oled_get_glyph.glyphV)
                  0001165d    00000005     oled.o (.rodata.oled_get_glyph.glyphW)
                  00011662    00000005     oled.o (.rodata.oled_get_glyph.glyphX)
                  00011667    00000005     oled.o (.rodata.oled_get_glyph.glyphY)
                  0001166c    00000005     oled.o (.rodata.oled_get_glyph.glyphb)
                  00011671    00000005     oled.o (.rodata.oled_get_glyph.gt)
                  00011676    00000005     oled.o (.rodata.oled_get_glyph.minus)
                  0001167b    00000005     oled.o (.rodata.oled_get_glyph.nine)
                  00011680    00000005     oled.o (.rodata.oled_get_glyph.one)
                  00011685    00000005     oled.o (.rodata.oled_get_glyph.seven)
                  0001168a    00000005     oled.o (.rodata.oled_get_glyph.six)
                  0001168f    00000005     oled.o (.rodata.oled_get_glyph.space)
                  00011694    00000005     oled.o (.rodata.oled_get_glyph.three)
                  00011699    00000005     oled.o (.rodata.oled_get_glyph.two)
                  0001169e    00000005     oled.o (.rodata.oled_get_glyph.zero)
                  000116a3    00000005     oled_ui.o (.rodata.str1.11149198520117834688.1)
                  000116a8    00000005     oled_ui.o (.rodata.str1.11388022865931857840.1)
                  000116ad    00000005     oled_ui.o (.rodata.str1.11428648044669318875.1)
                  000116b2    00000005     oled_ui.o (.rodata.str1.12447783896598192203.1)
                  000116b7    00000005     oled_ui.o (.rodata.str1.12571791089077708471.1)
                  000116bc    00000005     oled_ui.o (.rodata.str1.12928245060369742404.1)
                  000116c1    00000005     oled_ui.o (.rodata.str1.13750180467131823662.1)
                  000116c6    00000005     oled_ui.o (.rodata.str1.13790669171379415506.1)
                  000116cb    00000005     oled_ui.o (.rodata.str1.13871579367539052597.1)
                  000116d0    00000005     vision_pitch_tuning.o (.rodata.str1.13915893147848268398.1)
                  000116d5    00000005     fault.o (.rodata.str1.14435905801345341244.1)
                  000116da    00000005     oled_ui.o (.rodata.str1.14521350379984854626.1)
                  000116df    00000005     fault.o (.rodata.str1.1506612114648992996.1)
                  000116e4    00000005     oled_ui.o (.rodata.str1.15817398807211891688.1)
                  000116e9    00000005     oled_ui.o (.rodata.str1.15917848551323629232.1)
                  000116ee    00000005     oled_ui.o (.rodata.str1.16411631209783952401.1)
                  000116f3    00000005     car_controller.o (.rodata.str1.1652194605229746967.1)
                  000116f8    00000005     fault.o (.rodata.str1.17097894860660336008.1)
                  000116fd    00000005     fault.o (.rodata.str1.17155043670132108083.1)
                  00011702    00000005     vision_tuning_console.o (.rodata.str1.17265544270347038021.1)
                  00011707    00000005     oled_ui.o (.rodata.str1.17464849429964608858.1)
                  0001170c    00000005     oled_ui.o (.rodata.str1.17719310104486814868.1)
                  00011711    00000005     fault.o (.rodata.str1.2104670281202025270.1)
                  00011716    00000005     oled_ui.o (.rodata.str1.2522137003438374266.1)
                  0001171b    00000005     oled_ui.o (.rodata.str1.2603845803395459882.1)
                  00011720    00000005     oled_ui.o (.rodata.str1.2608729314174233125.1)
                  00011725    00000005     oled_ui.o (.rodata.str1.2714695401222167146.1)
                  0001172a    00000005     oled_ui.o (.rodata.str1.2983744876309220570.1)
                  0001172f    00000005     oled_ui.o (.rodata.str1.3407221357956504873.1)
                  00011734    00000005     oled_ui.o (.rodata.str1.344790106308886506.1)
                  00011739    00000005     oled_ui.o (.rodata.str1.3467953211977455017.1)
                  0001173e    00000005     oled_ui.o (.rodata.str1.3702290527496711532.1)
                  00011743    00000005     car_controller.o (.rodata.str1.4164979912472006574.1)
                  00011748    00000005     oled_ui.o (.rodata.str1.4193589846040060630.1)
                  0001174d    00000005     fault.o (.rodata.str1.4453281041433270631.1)
                  00011752    00000005     fault.o (.rodata.str1.4549004730087743662.1)
                  00011757    00000005     oled_ui.o (.rodata.str1.4581472623415959594.1)
                  0001175c    00000005     oled_ui.o (.rodata.str1.4610220316623841660.1)
                  00011761    00000005     menu.o (.rodata.str1.4862307748908978627.1)
                  00011766    00000005     oled_ui.o (.rodata.str1.5376340479846291137.1)
                  0001176b    00000005     fault.o (.rodata.str1.6372787129294360447.1)
                  00011770    00000005     fault.o (.rodata.str1.6437946768974223044.1)
                  00011775    00000005     oled_ui.o (.rodata.str1.6806727740681590176.1)
                  0001177a    00000005     oled_ui.o (.rodata.str1.7219546930854689545.1)
                  0001177f    00000005     oled_ui.o (.rodata.str1.7419768602719733415.1)
                  00011784    00000005     oled_ui.o (.rodata.str1.763101100280173925.1)
                  00011789    00000005     vision_yaw_tuning.o (.rodata.str1.7764041101441114269.1)
                  0001178e    00000005     fault.o (.rodata.str1.8185770893384132067.1)
                  00011793    00000005     oled_ui.o (.rodata.str1.8426569189266129334.1)
                  00011798    00000005     oled_ui.o (.rodata.str1.8460525935980491721.1)
                  0001179d    00000005     oled_ui.o (.rodata.str1.8693388333057100694.1)
                  000117a2    00000005     oled_ui.o (.rodata.str1.8703997732205428909.1)
                  000117a7    00000005     car_controller.o (.rodata.str1.9234375891235759983.1)
                  000117ac    00000005     oled_ui.o (.rodata.str1.9351772214919528733.1)
                  000117b1    00000005     oled_ui.o (.rodata.str1.9584387800903135389.1)
                  000117b6    00000005     oled_ui.o (.rodata.str1.9611283282870761829.1)
                  000117bb    00000005     car_controller.o (.rodata.str1.9981487771679760427.1)
                  000117c0    00000004     oled_ui.o (.rodata.str1.10077435089618835710.1)
                  000117c4    00000004     oled_ui.o (.rodata.str1.1019225241002246410.1)
                  000117c8    00000004     oled_ui.o (.rodata.str1.10263419832828250601.1)
                  000117cc    00000004     oled_ui.o (.rodata.str1.10430294223631918979.1)
                  000117d0    00000004     oled_ui.o (.rodata.str1.10509309789429088155.1)
                  000117d4    00000004     oled_ui.o (.rodata.str1.10600688730180713177.1)
                  000117d8    00000004     oled_ui.o (.rodata.str1.11232419324784801130.1)
                  000117dc    00000004     oled_ui.o (.rodata.str1.11794000050372113979.1)
                  000117e0    00000004     oled_ui.o (.rodata.str1.12043213579996415112.1)
                  000117e4    00000004     menu.o (.rodata.str1.12110183915172842339.1)
                  000117e8    00000004     oled_ui.o (.rodata.str1.12359577037488465078.1)
                  000117ec    00000004     car_controller.o (.rodata.str1.12442237994239546032.1)
                  000117f0    00000004     oled_ui.o (.rodata.str1.12595606217184830646.1)
                  000117f4    00000004     oled_ui.o (.rodata.str1.12617122458660443890.1)
                  000117f8    00000004     oled_ui.o (.rodata.str1.12697925274637991987.1)
                  000117fc    00000004     oled_ui.o (.rodata.str1.12888220461447056082.1)
                  00011800    00000004     oled_ui.o (.rodata.str1.12983537867572525563.1)
                  00011804    00000004     oled_ui.o (.rodata.str1.130772507669342127.1)
                  00011808    00000004     oled_ui.o (.rodata.str1.13244290092665904221.1)
                  0001180c    00000004     fault.o (.rodata.str1.13582094816268305212.1)
                  00011810    00000004     vision_tuning_console.o (.rodata.str1.14084955404328172175.1)
                  00011814    00000004     oled_ui.o (.rodata.str1.14132186318895045592.1)
                  00011818    00000004     oled_ui.o (.rodata.str1.14134189893851348960.1)
                  0001181c    00000004     oled_ui.o (.rodata.str1.14142815821055334776.1)
                  00011820    00000004     oled_ui.o (.rodata.str1.14358698208395374265.1)
                  00011824    00000004     oled_ui.o (.rodata.str1.14556837007311414654.1)
                  00011828    00000004     oled_ui.o (.rodata.str1.15008238333949226094.1)
                  0001182c    00000004     oled_ui.o (.rodata.str1.15132332204781002199.1)
                  00011830    00000004     oled_ui.o (.rodata.str1.15577080202403550426.1)
                  00011834    00000004     oled_ui.o (.rodata.str1.15829239520183577662.1)
                  00011838    00000004     oled_ui.o (.rodata.str1.15935041339501476673.1)
                  0001183c    00000004     menu.o (.rodata.str1.16312125044762562515.1)
                  00011840    00000004     fault.o (.rodata.str1.16482347271627360806.1)
                  00011844    00000004     vision_pitch_tuning.o (.rodata.str1.16579632732967443104.1)
                  00011848    00000004     oled_ui.o (.rodata.str1.16849766574302683489.1)
                  0001184c    00000004     oled_ui.o (.rodata.str1.16895433903389883335.1)
                  00011850    00000004     oled_ui.o (.rodata.str1.16939060351352778619.1)
                  00011854    00000004     menu.o (.rodata.str1.17041139162815566052.1)
                  00011858    00000004     car_controller.o (.rodata.str1.17172356789460551389.1)
                  0001185c    00000004     oled_ui.o (.rodata.str1.17242430504649735449.1)
                  00011860    00000004     oled_ui.o (.rodata.str1.17274519358952562110.1)
                  00011864    00000004     oled_ui.o (.rodata.str1.17436941090773226089.1)
                  00011868    00000004     oled_ui.o (.rodata.str1.17717236995185551183.1)
                  0001186c    00000004     oled_ui.o (.rodata.str1.17747339173178619492.1)
                  00011870    00000004     oled_ui.o (.rodata.str1.17763996158807330232.1)
                  00011874    00000004     oled_ui.o (.rodata.str1.17884296644359297425.1)
                  00011878    00000004     oled_ui.o (.rodata.str1.18128648927899109887.1)
                  0001187c    00000004     oled_ui.o (.rodata.str1.18190418239766617312.1)
                  00011880    00000004     car_controller.o (.rodata.str1.18191498530309206443.1)
                  00011884    00000004     oled_ui.o (.rodata.str1.182352409660151230.1)
                  00011888    00000004     oled_ui.o (.rodata.str1.18379317056176403938.1)
                  0001188c    00000004     oled_ui.o (.rodata.str1.2193316011307952170.1)
                  00011890    00000004     oled_ui.o (.rodata.str1.240075016795266086.1)
                  00011894    00000004     oled_ui.o (.rodata.str1.2656948373757303877.1)
                  00011898    00000004     oled_ui.o (.rodata.str1.2742282290834473644.1)
                  0001189c    00000004     oled_ui.o (.rodata.str1.35417727660486075.1)
                  000118a0    00000004     oled_ui.o (.rodata.str1.4082595774073207366.1)
                  000118a4    00000004     oled_ui.o (.rodata.str1.4581686099848791648.1)
                  000118a8    00000004     oled_ui.o (.rodata.str1.4582914374586912483.1)
                  000118ac    00000004     oled_ui.o (.rodata.str1.4932371652560868037.1)
                  000118b0    00000004     oled_ui.o (.rodata.str1.5004483696121082904.1)
                  000118b4    00000004     oled_ui.o (.rodata.str1.5291836437463020264.1)
                  000118b8    00000004     oled_ui.o (.rodata.str1.5463568455719735.1)
                  000118bc    00000004     oled_ui.o (.rodata.str1.5853739094453432564.1)
                  000118c0    00000004     oled_ui.o (.rodata.str1.5965450730569173784.1)
                  000118c4    00000004     oled_ui.o (.rodata.str1.5965888106848176421.1)
                  000118c8    00000004     oled_ui.o (.rodata.str1.6473435968988645044.1)
                  000118cc    00000004     menu.o (.rodata.str1.6857549598058878762.1)
                  000118d0    00000004     car_controller.o (.rodata.str1.702403006289709404.1)
                  000118d4    00000004     oled_ui.o (.rodata.str1.7050595558965647569.1)
                  000118d8    00000004     fault.o (.rodata.str1.7255546073596598018.1)
                  000118dc    00000004     oled_ui.o (.rodata.str1.7481335054564682966.1)
                  000118e0    00000004     oled_ui.o (.rodata.str1.7774807581888385879.1)
                  000118e4    00000004     oled_ui.o (.rodata.str1.799718701096035713.1)
                  000118e8    00000004     oled_ui.o (.rodata.str1.8124536758062367015.1)
                  000118ec    00000004     oled_ui.o (.rodata.str1.8236579331345056500.1)
                  000118f0    00000004     oled_ui.o (.rodata.str1.8449035241871861290.1)
                  000118f4    00000004     oled_ui.o (.rodata.str1.8471462185882660445.1)
                  000118f8    00000004     oled_ui.o (.rodata.str1.8709745090823444516.1)
                  000118fc    00000004     oled_ui.o (.rodata.str1.8950259614286592359.1)
                  00011900    00000004     oled_ui.o (.rodata.str1.9102528229756940648.1)
                  00011904    00000004     oled_ui.o (.rodata.str1.9159586779647977165.1)
                  00011908    00000004     oled_ui.o (.rodata.str1.9229350655415085.1)
                  0001190c    00000004     oled_ui.o (.rodata.str1.9250665025187963892.1)
                  00011910    00000004     vision_tuning_console.o (.rodata.str1.9292707793305368794.1)
                  00011914    00000004     oled_ui.o (.rodata.str1.9295666102996717355.1)
                  00011918    00000004     vision_yaw_tuning.o (.rodata.str1.9489746196023004463.1)
                  0001191c    00000004     oled_ui.o (.rodata.str1.967006512144173535.1)
                  00011920    00000004     oled_ui.o (.rodata.str1.9854382722193312766.1)
                  00011924    00000004     oled_ui.o (.rodata.str1.9992244628984851027.1)
                  00011928    00000003     vision_pitch_tuning.o (.rodata.str1.10553819018306626402.1)
                  0001192b    00000003     oled_ui.o (.rodata.str1.10568433575767188072.1)
                  0001192e    00000003     oled_ui.o (.rodata.str1.10907125332684471422.1)
                  00011931    00000003     oled_ui.o (.rodata.str1.1108652269057166745.1)
                  00011934    00000003     oled_ui.o (.rodata.str1.11178346780556493352.1)
                  00011937    00000003     vision_tuning_console.o (.rodata.str1.12197883643583142124.1)
                  0001193a    00000003     oled_ui.o (.rodata.str1.12493748764729730277.1)
                  0001193d    00000003     oled_ui.o (.rodata.str1.12504350857748951577.1)
                  00011940    00000003     oled_ui.o (.rodata.str1.1276391367487699528.1)
                  00011943    00000003     menu.o (.rodata.str1.13124720451672825294.1)
                  00011946    00000003     oled_ui.o (.rodata.str1.13875148296791986931.1)
                  00011949    00000003     menu.o (.rodata.str1.14098755746347272832.1)
                  0001194c    00000003     oled_ui.o (.rodata.str1.14168333168339663346.1)
                  0001194f    00000003     oled_ui.o (.rodata.str1.14740362735394205067.1)
                  00011952    00000003     vision_pitch_tuning.o (.rodata.str1.15082469624955958926.1)
                  00011955    00000003     vision_yaw_tuning.o (.rodata.str1.15455206247194842411.1)
                  00011958    00000003     oled_ui.o (.rodata.str1.15575624326185233262.1)
                  0001195b    00000003     oled_ui.o (.rodata.str1.15613891207764622616.1)
                  0001195e    00000003     oled_ui.o (.rodata.str1.15802367878353263018.1)
                  00011961    00000003     oled_ui.o (.rodata.str1.15859922799842739878.1)
                  00011964    00000003     oled_ui.o (.rodata.str1.16290499236105125126.1)
                  00011967    00000003     vision_tuning_console.o (.rodata.str1.16336339630363933256.1)
                  0001196a    00000003     oled_ui.o (.rodata.str1.16496169091617228061.1)
                  0001196d    00000003     oled_ui.o (.rodata.str1.16526439943277383452.1)
                  00011970    00000003     oled_ui.o (.rodata.str1.16554583589798097927.1)
                  00011973    00000003     oled_ui.o (.rodata.str1.16635595130967924751.1)
                  00011976    00000003     vision_pitch_tuning.o (.rodata.str1.17185918124541117546.1)
                  00011979    00000003     oled_ui.o (.rodata.str1.17812014771544466701.1)
                  0001197c    00000003     vision_pitch_tuning.o (.rodata.str1.18308346119964257230.1)
                  0001197f    00000003     vision_pitch_tuning.o (.rodata.str1.2353024170771920291.1)
                  00011982    00000003     oled_ui.o (.rodata.str1.3025253791635144717.1)
                  00011985    00000003     oled_ui.o (.rodata.str1.3455423528827705371.1)
                  00011988    00000003     vision_yaw_tuning.o (.rodata.str1.4032468970572441659.1)
                  0001198b    00000003     menu.o (.rodata.str1.4646809750356241979.1)
                  0001198e    00000003     oled_ui.o (.rodata.str1.4723632947289500520.1)
                  00011991    00000003     oled_ui.o (.rodata.str1.5689016102676777062.1)
                  00011994    00000003     oled_ui.o (.rodata.str1.58703915094955230.1)
                  00011997    00000003     vision_yaw_tuning.o (.rodata.str1.6393086909333857079.1)
                  0001199a    00000003     vision_yaw_tuning.o (.rodata.str1.6657421771701333087.1)
                  0001199d    00000003     oled_ui.o (.rodata.str1.6835749436006845616.1)
                  000119a0    00000003     oled_ui.o (.rodata.str1.6954814719705590448.1)
                  000119a3    00000003     oled_ui.o (.rodata.str1.8018480777946742726.1)
                  000119a6    00000003     fault.o (.rodata.str1.8193046109637024842.1)
                  000119a9    00000003     oled_ui.o (.rodata.str1.8399051469953744892.1)
                  000119ac    00000003     oled_ui.o (.rodata.str1.8403269972884532600.1)
                  000119af    00000003     oled_ui.o (.rodata.str1.9135818829835424837.1)
                  000119b2    00000003     oled_ui.o (.rodata.str1.9544068167406571052.1)
                  000119b5    00000003     oled_ui.o (.rodata.str1.9554470707595806150.1)
                  000119b8    00000003     oled_ui.o (.rodata.str1.9822857334037886482.1)
                  000119bb    00000002     oled_ui.o (.rodata.str1.11627403558423016802.1)
                  000119bd    00000002     oled_ui.o (.rodata.str1.17881291656140238186.1)
                  000119bf    00000002     oled_ui.o (.rodata.str1.1974573040514735405.1)
                  000119c1    00000002     oled_ui.o (.rodata.str1.4691821198597473371.1)
                  000119c3    00000002     oled_ui.o (.rodata.str1.6350830172869379626.1)
                  000119c5    00000003     --HOLE-- [fill = 0]

.init_array 
*          0    00000000    00000000     UNINITIALIZED

.binit     0    00000000    00000000     

.bss       0    20200000    00000d29     UNINITIALIZED
                  20200000    00000200     vision_receiver.o (.bss.g_ring)
                  20200200    000001a0     runtime_snapshot.o (.bss.g_snapshot)
                  202003a0    00000100     vision_tuning_console.o (.bss.g_rxRing)
                  202004a0    00000100     vision_tuning_console.o (.bss.g_txRing)
                  202005a0    000000e0     (.common:g_appConfig)
                  20200680    00000084     (.common:g_imuRuntime)
                  20200704    0000007c     motor_control.o (.bss.g_runtime)
                  20200780    00000058     vision_receiver.o (.bss.g_status)
                  202007d8    00000058     (.common:g_wheelSpeedEstimatorRuntime)
                  20200830    00000048     gimbal_vision_adapter.o (.bss.g_feedback)
                  20200878    00000040     gimbal.o (.bss.g_feedback)
                  202008b8    00000040     vision_tuning_console.o (.bss.g_line)
                  202008f8    00000040     line_controller.o (.bss.g_lineRuntime)
                  20200938    00000040     gimbal.o (.bss.g_pitchFeedback)
                  20200978    00000038     (.common:g_appRuntime)
                  202009b0    00000030     (.common:gUART_VISIONBackup)
                  202009e0    0000002c     vision_receiver.o (.bss.g_observation)
                  20200a0c    0000002c     empty.o (.bss.g_schedulerStats)
                  20200a38    00000028     gimbal_tracker.o (.bss.g_feedback)
                  20200a60    00000028     vision_receiver.o (.bss.g_frame)
                  20200a88    00000024     gimbal_vision_yaw_tracker.o (.bss.g_feedback)
                  20200aac    0000001c     mission_manager.o (.bss.g_missionRuntime)
                  20200ac8    0000001c     (.common:g_headingRuntime)
                  20200ae4    00000018     obstacle_avoidance.o (.bss.g_avoidFeedback)
                  20200afc    00000004     imu.o (.bss.g_elapsedSinceValidSampleMs)
                  20200b00    00000018     gimbal_stepper.o (.bss.g_feedback)
                  20200b18    00000018     gimbal_vision_pitch_tracker.o (.bss.g_feedback)
                  20200b30    00000018     vision_pitch_tuning.o (.bss.g_status)
                  20200b48    00000018     vision_tuning_console.o (.bss.g_status)
                  20200b60    00000014     vision_yaw_tuning.o (.bss.g_status)
                  20200b74    00000014     watchdog_monitor.o (.bss.g_status)
                  20200b88    00000010     fault.o (.bss.g_faultRecord)
                  20200b98    00000010     motion_action.o (.bss.g_motionActionRuntime)
                  20200ba8    00000010     motor.o (.bss.g_motorRuntime)
                  20200bb8    0000000e     car_controller.o (.bss.g_carControllerFeedback)
                  20200bc6    00000002     ultrasonic.o (.bss.g_echoTicks)
                  20200bc8    0000000e     ultrasonic.o (.bss.g_ultrasonicFeedback)
                  20200bd6    00000002     gimbal.o (.bss.g_pitchHalfPeriodTicks)
                  20200bd8    0000000c     gimbal_tracker.o (.bss.g_observation)
                  20200be4    0000000c     debug_telemetry.o (.bss.g_status)
                  20200bf0    00000008     obstacle_monitor.o (.bss.g_obstacleFeedback)
                  20200bf8    00000008     gimbal.o (.bss.g_pitchContinuousDegX10)
                  20200c00    00000008     gimbal.o (.bss.g_pitchEstimatedSteps)
                  20200c08    00000008     gimbal.o (.bss.g_pitchTargetDegX10)
                  20200c10    00000008     gimbal.o (.bss.g_pitchTargetEstimatedSteps)
                  20200c18    00000008     gimbal_stepper.o (.bss.g_stepperEstimatedSteps)
                  20200c20    00000008     gimbal_stepper.o (.bss.g_stepperTargetEstimatedSteps)
                  20200c28    00000008     gimbal.o (.bss.g_yawContinuousDegX10)
                  20200c30    00000008     gimbal.o (.bss.g_yawLockedWorldYawDegX10)
                  20200c38    00000008     gimbal.o (.bss.g_yawTargetContinuousDegX10)
                  20200c40    00000008     gimbal.o (.bss.g_yawWorldTargetDegX10)
                  20200c48    00000008     gimbal.o (.bss.g_yawWrappedDegX10)
                  20200c50    00000006     ultrasonic.o (.bss.g_distanceSamples)
                  20200c56    00000006     key.o (.bss.g_key1)
                  20200c5c    00000006     key.o (.bss.g_key2)
                  20200c62    00000006     key.o (.bss.g_key3)
                  20200c68    00000004     gimbal_tracker.o (.bss.g_filteredErrorX)
                  20200c6c    00000004     gimbal_tracker.o (.bss.g_filteredErrorY)
                  20200c70    00000004     gimbal_vision_adapter.o (.bss.g_lastAcceptedFrameCount)
                  20200c74    00000004     debug_telemetry.o (.bss.g_lastFrameMs)
                  20200c78    00000004     watchdog_monitor.o (.bss.g_lastTickMs)
                  20200c7c    00000004     wheel_speed_estimator.o (.bss.g_latchedErrorFlags)
                  20200c80    00000004     empty.o (.bss.g_localTimeMs)
                  20200c84    00000004     encoder.o (.bss.g_motorAPulses)
                  20200c88    00000004     encoder.o (.bss.g_motorBPulses)
                  20200c8c    00000004     gimbal.o (.bss.g_pitchCommandedRpm)
                  20200c90    00000004     gimbal.o (.bss.g_pitchCompletedSteps)
                  20200c94    00000004     gimbal_tracker.o (.bss.g_pitchTargetDeg)
                  20200c98    00000004     gimbal.o (.bss.g_pitchTargetRpm)
                  20200c9c    00000004     gimbal.o (.bss.g_pitchTrackingTargetRpm)
                  20200ca0    00000004     imu.o (.bss.g_previousValidCorrectedGyroZDps)
                  20200ca4    00000004     servo.o (.bss.g_servoFeedback)
                  20200ca8    00000004     gimbal_vision_yaw_tracker.o (.bss.g_sessionId)
                  20200cac    00000004     gimbal_stepper.o (.bss.g_stepperCompletedSteps)
                  20200cb0    00000004     gimbal_vision_yaw_tracker.o (.bss.g_targetWrappedDeg)
                  20200cb4    00000004     gimbal.o (.bss.g_yawCommandedRpm)
                  20200cb8    00000004     gimbal.o (.bss.g_yawTargetRpm)
                  20200cbc    00000004     gimbal_tracker.o (.bss.g_yawTargetWrappedDeg)
                  20200cc0    00000004     empty.o (.bss.main.lastAppUpdateMs)
                  20200cc4    00000002     gimbal.o (.bss.g_pitchStepHalfPeriodTicks)
                  20200cc6    00000002     obstacle_avoidance.o (.bss.g_resumeGraceMs)
                  20200cc8    00000002     vision_receiver.o (.bss.g_ringHead)
                  20200cca    00000002     vision_receiver.o (.bss.g_ringTail)
                  20200ccc    00000002     vision_tuning_console.o (.bss.g_rxHead)
                  20200cce    00000002     vision_tuning_console.o (.bss.g_rxTail)
                  20200cd0    00000002     servo.o (.bss.g_servoPwmPhase)
                  20200cd2    00000002     ultrasonic.o (.bss.g_stateTicks)
                  20200cd4    00000002     gimbal_stepper.o (.bss.g_stepperHalfPeriodTicks)
                  20200cd6    00000002     gimbal_stepper.o (.bss.g_stepperStepHalfPeriodTicks)
                  20200cd8    00000002     vision_tuning_console.o (.bss.g_txHead)
                  20200cda    00000002     vision_tuning_console.o (.bss.g_txTail)
                  20200cdc    00000002     (.common:g_trackError)
                  20200cde    00000001     oled_ui.o (.bss.OledUi_Update_20ms.refreshDivider)
                  20200cdf    00000001     empty.o (.bss.SysTick_Handler.controlMsCount)
                  20200ce0    00000001     empty.o (.bss.SysTick_Handler.gimbalMsCount)
                  20200ce1    00000001     empty.o (.bss.SysTick_Handler.tick100usCount)
                  20200ce2    00000001     empty.o (.bss.SysTick_Handler.trackerMsCount)
                  20200ce3    00000001     ultrasonic.o (.bss.Ultrasonic_Update_20ms.triggerDivider)
                  20200ce4    00000001     empty.o (.bss.g_appUpdatePending)
                  20200ce5    00000001     vision_tuning_console.o (.bss.g_capturing)
                  20200ce6    00000001     car_state.o (.bss.g_carState)
                  20200ce7    00000001     obstacle_monitor.o (.bss.g_centerSettleTicks)
                  20200ce8    00000001     vision_tuning_console.o (.bss.g_commandTarget)
                  20200ce9    00000001     ultrasonic.o (.bss.g_distanceSampleCount)
                  20200cea    00000001     ultrasonic.o (.bss.g_distanceSampleIndex)
                  20200ceb    00000001     emergency_stop.o (.bss.g_emergencyStopActive)
                  20200cec    00000001     gimbal_tracker.o (.bss.g_enabled)
                  20200ced    00000001     gimbal_vision_pitch_tracker.o (.bss.g_enabled)
                  20200cee    00000001     gimbal_vision_yaw_tracker.o (.bss.g_enabled)
                  20200cef    00000001     watchdog_monitor.o (.bss.g_faultApplied)
                  20200cf0    00000001     watchdog_monitor.o (.bss.g_faultPending)
                  20200cf1    00000001     gimbal_tracker.o (.bss.g_filterReady)
                  20200cf2    00000001     vision_receiver.o (.bss.g_frameSize)
                  20200cf3    00000001     empty.o (.bss.g_gimbalUpdatePending)
                  20200cf4    00000001     imu.o (.bss.g_integrationHistoryValid)
                  20200cf5    00000001     wheel_speed_estimator.o (.bss.g_leftFilterInitialized)
                  20200cf6    00000001     vision_tuning_console.o (.bss.g_lineSize)
                  20200cf7    00000001     obstacle_safety.o (.bss.g_obstacleSafetyHolding)
                  20200cf8    00000001     oled.o (.bss.g_oledColumn)
                  20200cf9    00000001     menu.o (.bss.g_oledPage)
                  20200cfa    00000001     encoder.o (.bss.g_overflowFlags)
                  20200cfb    00000001     menu.o (.bss.g_paramItem)
                  20200cfc    00000001     menu.o (.bss.g_paramReturnPage)
                  20200cfd    00000001     key.o (.bss.g_pendingEvent)
                  20200cfe    00000001     gimbal.o (.bss.g_pitchControlMode)
                  20200cff    00000001     gimbal.o (.bss.g_pitchDirection)
                  20200d00    00000001     gimbal.o (.bss.g_pitchInitialized)
                  20200d01    00000001     gimbal.o (.bss.g_pitchLimitClamped)
                  20200d02    00000001     gimbal.o (.bss.g_pitchLimitDirection)
                  20200d03    00000001     gimbal.o (.bss.g_pitchPositionValid)
                  20200d04    00000001     gimbal.o (.bss.g_pitchRunning)
                  20200d05    00000001     gimbal.o (.bss.g_pitchStepHigh)
                  20200d06    00000001     gimbal.o (.bss.g_pitchStopAfterStepLow)
                  20200d07    00000001     vision_tuning_console.o (.bss.g_prefixIndex)
                  20200d08    00000001     vision_tuning_console.o (.bss.g_prefixTarget)
                  20200d09    00000001     wheel_speed_estimator.o (.bss.g_rightFilterInitialized)
                  20200d0a    00000001     car_controller.o (.bss.g_safetyHold)
                  20200d0b    00000001     gimbal_vision_yaw_tracker.o (.bss.g_sessionInitialized)
                  20200d0c    00000001     imu.o (.bss.g_shortGapPending)
                  20200d0d    00000001     gimbal_tracker.o (.bss.g_simObservationUpdatesRemaining)
                  20200d0e    00000001     obstacle_avoidance.o (.bss.g_stateStarted)
                  20200d0f    00000001     gimbal_stepper.o (.bss.g_stepperDirection)
                  20200d10    00000001     gimbal_stepper.o (.bss.g_stepperRunning)
                  20200d11    00000001     gimbal_stepper.o (.bss.g_stepperStepHigh)
                  20200d12    00000001     gimbal_stepper.o (.bss.g_stepperStopAfterStepLow)
                  20200d13    00000001     motor_control.o (.bss.g_targetRefreshed)
                  20200d14    00000001     gimbal_vision_yaw_tracker.o (.bss.g_targetSynced)
                  20200d15    00000001     gimbal_tracker.o (.bss.g_targetValid)
                  20200d16    00000001     gimbal_tracker.o (.bss.g_targetsSynced)
                  20200d17    00000001     empty.o (.bss.g_trackerUpdatePending)
                  20200d18    00000001     gimbal_tracker.o (.bss.g_trackingActive)
                  20200d19    00000001     gimbal_vision_pitch_tracker.o (.bss.g_trackingActive)
                  20200d1a    00000001     gimbal_vision_yaw_tracker.o (.bss.g_trackingActive)
                  20200d1b    00000001     ultrasonic.o (.bss.g_triggerRequest)
                  20200d1c    00000001     ultrasonic.o (.bss.g_ultrasonicState)
                  20200d1d    00000001     gimbal.o (.bss.g_yawLimitClamped)
                  20200d1e    00000001     gimbal.o (.bss.g_yawLimitDirection)
                  20200d1f    00000001     gimbal.o (.bss.g_yawPositionValid)
                  20200d20    00000001     gimbal.o (.bss.g_yawWorldLockEnabled)
                  20200d21    00000001     (.common:g_carStateDebug)
                  20200d22    00000001     (.common:g_keyEvent)
                  20200d23    00000001     (.common:g_oledPageDebug)
                  20200d24    00000001     (.common:g_paramItemDebug)
                  20200d25    00000001     (.common:g_trackBlackCount)
                  20200d26    00000001     (.common:g_trackModeDebug)
                  20200d27    00000001     (.common:g_trackRaw)
                  20200d28    00000001     (.common:g_trackTurnDebug)

.data      0    20200d29    00000001     UNINITIALIZED
                  20200d29    00000001     car_controller.o (.data.g_followTurnPolicy)

.stack     0    20207e00    00000200     UNINITIALIZED
                  20207e00    00000004     libc.a : boot_cortex_m.c.obj (.stack)
                  20207e04    000001fc     --HOLE--

__llvm_prf_cnts 
*          0    20200000    00000000     UNINITIALIZED

__llvm_prf_bits 
*          0    20200000    00000000     UNINITIALIZED

MODULE SUMMARY

       Module                          code    ro data   rw data
       ------                          ----    -------   -------
    .\
       oled_ui.o                       12584   990       1      
       vision_tuning_console.o         9616    102       613    
       gimbal.o                        5884    0         241    
       imu.o                           4252    0         142    
       car_controller.o                3708    64        72     
       motor_control.o                 2768    0         125    
       oled.o                          2210    401       1      
       gimbal_tracker.o                2288    0         74     
       line_controller.o               2112    0         64     
       app_config.o                    1620    0         224    
       vision_receiver.o               1112    0         689    
       gimbal_vision_yaw_tracker.o     1732    0         48     
       runtime_snapshot.o              1060    0         416    
       wheel_speed_estimator.o         1304    0         94     
       mission_library.o               172     1211      0      
       mission_manager.o               1260    0         28     
       gimbal_stepper.o                1168    0         52     
       obstacle_avoidance.o            1138    0         27     
       motion_action.o                 808     0         16     
       menu.o                          728     68        3      
       motor.o                         776     0         16     
       empty.o                         676     0         59     
       vision_protocol.o               732     0         0      
       gimbal_vision_pitch_tracker.o   696     0         26     
       ti_msp_dl_config.o              636     23        48     
       ultrasonic.o                    596     0         29     
       key.o                           436     0         19     
       app.o                           410     0         10     
       fault.o                         296     65        16     
       track_sensor.o                  372     0         0      
       heading_control.o               340     0         28     
       vision_pitch_tuning.o           268     48        24     
       watchdog_monitor.o              292     0         26     
       vision_yaw_tuning.o             248     41        20     
       gimbal_vision_adapter.o         228     0         76     
       encoder.o                       276     0         9      
       obstacle_safety.o               264     0         1      
       obstacle_monitor.o              192     0         9      
       startup_mspm0g350x_ticlang.o    6       192       0      
       angle_utils.o                   192     0         0      
       servo.o                         176     0         6      
       emergency_stop.o                176     0         1      
       vision_uart.o                   164     0         0      
       debug_telemetry.o               56      0         16     
       car_state.o                     36      0         1      
    +--+-------------------------------+-------+---------+---------+
       Total:                          66064   3205      3370   
                                                                
    C:/TI/mspm0_sdk_2_05_01_00/source/ti/driverlib/lib/ticlang/m0p/mspm0g1x0x_g3x0x/driverlib.a
       dl_timer.o                      388     0         0      
       dl_uart.o                       90      0         0      
       dl_common.o                     10      0         0      
    +--+-------------------------------+-------+---------+---------+
       Total:                          488     0         0      
                                                                
    D:\TI\CCS\ccs\tools\compiler\ti-cgt-armllvm_4.0.4.LTS\lib\armv6m-ti-none-eabi/c/libc.a
       memcpy16.S.obj                  154     0         0      
       strcmp-armv6m.S.obj             136     0         0      
       copy_decompress_lzss.c.obj      124     0         0      
       memset16.S.obj                  98      0         0      
       autoinit.c.obj                  60      0         0      
       boot_cortex_m.c.obj             56      0         0      
       memmov.c.obj                    40      0         0      
       copy_decompress_none.c.obj      18      0         0      
       copy_zero_init.c.obj            16      0         0      
       exit.c.obj                      6       0         0      
       pre_init.c.obj                  4       0         0      
    +--+-------------------------------+-------+---------+---------+
       Total:                          712     0         0      
                                                                
    D:\TI\CCS\ccs\tools\compiler\ti-cgt-armllvm_4.0.4.LTS\lib\armv6m-ti-none-eabi/c/libsysbm.a
       hostexit.c.obj                  4       0         0      
    +--+-------------------------------+-------+---------+---------+
       Total:                          4       0         0      
                                                                
    D:\TI\CCS\ccs\tools\compiler\ti-cgt-armllvm_4.0.4.LTS\lib\armv6m-ti-none-eabi/libclang_rt.builtins.a
       addsf3.S.obj                    216     0         0      
       udivmoddi4.S.obj                162     0         0      
       comparesf2.S.obj                140     0         0      
       mulsf3.S.obj                    140     0         0      
       divsf3.S.obj                    130     0         0      
       aeabi_fcmp.S.obj                98      0         0      
       fixsfdi.S.obj                   96      0         0      
       aeabi_idivmod.S.obj             86      0         0      
       floatdisf.S.obj                 78      0         0      
       aeabi_uidivmod.S.obj            64      0         0      
[...]

address   name                                      
-------   ----                                      
00000000  __TI_ATRegion0_region_sz                  
00000000  __TI_ATRegion0_src_addr                   
00000000  __TI_ATRegion0_trg_addr                   
00000000  __TI_ATRegion1_region_sz                  
00000000  __TI_ATRegion1_src_addr                   
00000000  __TI_ATRegion1_trg_addr                   
00000000  __TI_ATRegion2_region_sz                  
00000000  __TI_ATRegion2_src_addr                   
00000000  __TI_ATRegion2_trg_addr                   
00000000  __TI_static_base__                        
00000000  interruptVectors                          
000000c1  OledUi_Update_20ms                        
00000200  __STACK_SIZE                              
00003101  VisionTuningConsole_Process               
00004ed5  LineController_Update                     
000053c5  AppConfig_LimitAll                        
0000585d  GimbalTracker_Update                      
00006125  WheelSpeedEstimator_Update                
00006559  RuntimeSnapshot_Update                    
00006965  Imu_Update                                
00006d45  VisionReceiver_Process                    
000070f5  GimbalVisionYawTracker_Update10ms         
0000747d  Imu_Init                                  
00007b61  ObstacleAvoidance_Update_20ms             
00008749  Gimbal_YawSetWrappedTargetDeg             
000089e1  Gimbal_YawUpdate5ms                       
00008c75  Gimbal_PitchSetTrackingSpeedDegS          
00008f05  MotorControl_Update                       
00009191  OLED_Clear                                
0000961d  Imu_CalibrateGyroBias                     
0000984d  GimbalVisionPitchTracker_Update10ms       
00009a75  Menu_HandleKeyEvent                       
00009ea5  Motor_SetSpeed                            
0000a0a9  VisionProtocol_ParseV1TargetFrame         
0000a651  AppConfig_InitDefault                     
0000a80d  Gimbal_PitchUpdate5ms                     
0000ab81  Ultrasonic_Tick100us                      
0000ad21  GimbalStepper_Tick100us                   
0000aeb5  Gimbal_PitchTick100us                     
0000b035  MotionAction_Update_20ms                  
0000b1b5  GimbalStepper_MoveToEstimatedSteps        
0000b331  Key_Update_20ms                           
0000b4a5  Gimbal_Init                               
0000b611  main                                      
0000bce9  CarController_Update_20ms                 
0000bf81  OLED_PrintInt16                           
0000c1e9  Gimbal_YawEnableWorldLock                 
0000c559  LineController_Reset                      
0000c675  App_Update_20ms                           
0000c9a1  DL_Timer_initFourCCPWMMode                
0000caa5  LineController_ResetControlState          
0000cba9  MissionManager_Update_20ms                
0000ccad  MotorControl_SetNormalizedTarget          
0000cdad  SysTick_Handler                           
0000cea9  LineController_Init                       
0000cfa1  Gimbal_PitchStopHold                      
0000d091  HeadingControl_Update                     
0000d17d  MotionAction_Start                        
0000d43d  MissionManager_SelectNext                 
0000d521  ObstacleSafety_Update_20ms                
0000d601  SYSCFG_DL_GPIO_init                       
0000d6dd  WheelSpeedEstimator_Init                  
0000d895  OLED_PrintUInt16                          
0000d96d  __aeabi_fsub                              
0000d96d  __subsf3                                  
0000d977  __addsf3                                  
0000d977  __aeabi_fadd                              
0000da45  OLED_Init                                 
0000db19  OLED_PrintChar                            
0000dbe9  MissionManager_SelectPrevious             
0000dcb5  FaultCode_ToShortString                   
0000dd7d  CarController_StartTurnToYawRelative      
0000de41  Angle_Normalize180                        
0000df01  CarController_StartDriveHeading           
0000dfbd  GimbalStepper_StopHold                    
0000e071  GimbalVisionAdapter_Update                
0000e125  GimbalStepper_Init                        
0000e1d5  CarController_StartSeekLine               
0000e279  Encoder_HandleGpioInterrupt               
0000e3c1  __udivmoddi4                              
0000e463  ADC0_IRQHandler                           
0000e463  ADC1_IRQHandler                           
0000e463  AES_IRQHandler                            
0000e463  CANFD0_IRQHandler                         
0000e463  DAC0_IRQHandler                           
0000e463  DMA_IRQHandler                            
0000e463  Default_Handler                           
0000e463  GROUP0_IRQHandler                         
0000e463  HardFault_Handler                         
0000e463  I2C0_IRQHandler                           
0000e463  I2C1_IRQHandler                           
0000e463  NMI_Handler                               
0000e463  PendSV_Handler                            
0000e463  RTC_IRQHandler                            
0000e463  SPI0_IRQHandler                           
0000e463  SPI1_IRQHandler                           
0000e463  SVC_Handler                               
0000e463  TIMA0_IRQHandler                          
0000e463  TIMA1_IRQHandler                          
0000e463  TIMG0_IRQHandler                          
0000e463  TIMG12_IRQHandler                         
0000e463  TIMG6_IRQHandler                          
0000e463  TIMG7_IRQHandler                          
0000e463  TIMG8_IRQHandler                          
0000e463  UART0_IRQHandler                          
0000e463  UART1_IRQHandler                          
0000e463  UART2_IRQHandler                          
0000e465  CarController_StartFollowLine             
0000e501  ObstacleMonitor_Update_20ms               
0000e59d  memcpy                                    
0000e637  TrackSensor_Init                          
0000e769  CarController_StartTurnRight90            
0000e7f9  CarController_Init                        
0000e885  CarController_StartTurnLeft90             
0000e911  Gimbal_YawDisableWorldLock                
0000e99d  Gimbal_YawStopHold                        
0000ea29  SYSCFG_DL_PWM_MOTOR_init                  
0000eab5  __aeabi_fmul                              
0000eab5  __mulsf3                                  
0000eb41  CarController_ResetRuntime                
0000ebc9  CarController_GetFeedback                 
0000ebd1  strcmp                                    
0000ec59  Motor_Init                                
0000ecdd  App_Init                                  
0000ed5f  __aeabi_idiv0                             
0000ed61  __aeabi_fdiv                              
0000ed61  __divsf3                                  
0000ede3  __aeabi_ldiv0                             
0000ede5  CarController_SetSafetyHold               
0000ee65  GimbalTracker_Init                        
0000eee5  MissionLibrary_Validate                   
0000ef65  Motor_Stop                                
0000efe5  VisionPitchTuning_Set                     
0000f061  __TI_decompress_lzss                      
0000f1c9  SYSCFG_DL_UART_VISION_init                
0000f239  VisionYawTuning_Set                       
0000f2a9  TrackSensor_DetectTurn                    
0000f319  GimbalVisionYawTracker_Init               
0000f385  MissionManager_GetSelectedMissionIndex    
0000f3ed  TrackSensor_GetErrorFromRaw               
0000f455  Menu_GetParamValue                        
0000f4b9  __aeabi_fcmpeq                            
0000f4cd  __aeabi_fcmplt                            
0000f4e1  __aeabi_fcmple                            
0000f4f5  __aeabi_fcmpge                            
0000f509  __aeabi_fcmpgt                            
0000f51b  memset                                    
0000f57d  GimbalTracker_GetFeedback                 
0000f5dd  VisionTuningConsole_Init                  
0000f63d  __aeabi_f2lz                              
0000f63d  __fixsfdi                                 
0000f69d  UART3_IRQHandler                          
0000f6f9  Ultrasonic_Update_20ms                    
0000f7b1  __aeabi_idiv                              
0000f7b1  __aeabi_idivmod                           
0000f809  TrackSensor_ReadRaw                       
0000f905  Ultrasonic_Init                           
0000f955  WatchdogMonitor_ApplyFaultIfNeeded        
0000f9a5  __aeabi_l2f                               
0000f9a5  __floatdisf                               
0000f9f5  MissionManager_Start                      
0000fa41  MotorControl_Stop                         
0000fa8d  WatchdogMonitor_Tick1msFromIsr            
0000fb25  DL_UART_init                              
0000fb6d  MotionAction_ReapplyControllerTarget      
0000fbb5  Encoder_GetAndClearPulseDeltas            
0000fbf9  Imu_ResetYaw                              
0000fc3d  Servo_Tick100us                           
0000fc81  EmergencyStop_Reset                       
0000fcc1  GimbalVisionPitchTracker_Init             
0000fd01  MissionManager_Init                       
0000fd41  SYSCFG_DL_SYSCTL_init                     
0000fd81  SYSCFG_DL_initPower                       
0000fdc1  VisionReceiver_PushByteFromIsr            
0000fe01  __aeabi_uidiv                             
0000fe01  __aeabi_uidivmod                          
0000fe41  __divmoddi4                               
0000fe81  Servo_SetAngleDeg                         
0000febd  VisionTuningConsole_PushByteFromIsr       
0000fef9  __aeabi_i2f                               
0000fef9  __floatsisf                               
0000ff35  __gesf2                                   
0000ff35  __gtsf2                                   
0000ff71  __TI_auto_init_nobinit_nopinit            
0000ffad  __cmpsf2                                  
0000ffad  __eqsf2                                   
0000ffad  __lesf2                                   
0000ffad  __ltsf2                                   
0000ffad  __nesf2                                   
0000ffe9  __muldsi3                                 
00010025  VisionReceiver_Init                       
0001005d  __aeabi_f2iz                              
0001005d  __fixsfsi                                 
00010095  EmergencyStop_Trigger                     
000100c9  Imu_IsReady                               
000100fd  OLED_SetCursor                            
00010131  VisionTuningConsole_TryPopTxByte          
00010165  VisionUart_Process                        
000101cd  OLED_PrintString                          
00010201  Fault_Raise                               
00010231  GimbalVisionYawTracker_GetFeedback        
00010261  Gimbal_PitchGetFeedback                   
00010291  Key_Init                                  
000102c1  LineController_ObserveSensors             
000102f1  MissionManager_Resume                     
00010321  VisionPitchTuning_RestoreDefault          
00010351  WatchdogMonitor_Init                      
000103b1  Encoder_Reset                             
000103dd  MissionManager_Cancel                     
00010409  MissionManager_Reset                      
00010435  TrackSensor_CountBlack                    
00010461  VisionYawTuning_RestoreDefault            
000104b9  CarController_Stop                        
000104e1  ObstacleAvoidance_Init                    
00010509  Servo_Init                                
00010531  VisionPitchTuning_Init                    
00010559  WatchdogMonitor_Reset                     
00010581  __aeabi_ui2f                              
00010581  __floatunsisf                             
000105a9  memmove                                   
000105d1  _c_int00_noargs                           
000105f9  EmergencyStop_Enforce                     
0001061d  GimbalVisionPitchTracker_GetFeedback      
00010641  MissionManager_ReportExternalFailure      
00010665  MotorControl_Init                         
00010689  MotorControl_Reset                        
000106ad  SYSCFG_DL_init                            
000106d1  VisionYawTuning_Init                      
000106f5  __aeabi_lmul                              
000106f5  __muldi3                                  
00010719  DL_Timer_overrideCCPOut                   
00010739  DebugTelemetry_Update                     
00010759  MissionManager_Pause                      
00010779  MotionAction_GetCurrentBypassDirection    
00010799  MotionAction_GetCurrentObstaclePolicy     
000107b9  SchedulerMonitor_GetStats                 
000107d9  VisionReceiver_GetProtocolErrorCount      
00010819  __aeabi_llsl                              
00010819  __ashldi3                                 
00010839  DL_Timer_setCaptCompUpdateMethod          
00010855  DL_Timer_setClockConfig                   
00010871  GimbalVisionAdapter_Init                  
0001088d  HeadingControl_SetTargetYaw               
000108a9  Menu_Init                                 
000108c5  ObstacleMonitor_Init                      
000108e1  ObstacleSafety_Init                       
000108fd  VisionPitchTuning_ParamName               
00010919  VisionYawTuning_GetSnapshot               
00010935  VisionYawTuning_ParamName                 
00010951  WatchdogMonitor_NotifyControlCycleComplete
00010989  CarController_RunModeToString             
000109a1  DL_Timer_setCaptureCompareOutCtl          
000109b9  DebugTelemetry_Init                       
000109d1  HeadingControl_Init                       
000109e9  HeadingControl_Reset                      
00010a01  Menu_ParamItemToString                    
00010a19  MotionAction_Cancel                       
00010a31  RuntimeSnapshot_Init                      
00010a49  __aeabi_fcmpun                            
00010a49  __unordsf2                                
00010a61  Fault_Clear                               
00010a75  Fault_Init                                
00010a89  GROUP1_IRQHandler                         
00010a9d  GimbalStepper_SetStepHalfPeriodTicks      
00010ab1  HeadingControl_Enable                     
00010ac5  MissionLibrary_FindById                   
00010ad9  MissionLibrary_GetByIndex                 
00010aed  MissionManager_GetSelectedMissionId       
00010b01  MotionAction_Init                         
00010b15  VisionPitchTuning_GetSnapshot             
00010b29  VisionUart_Init                           
00010b3d  __aeabi_ldivmod                           
00010b51  __aeabi_uldivmod                          
00010b65  DL_UART_setClockConfig                    
00010b77  __TI_decompress_none                      
00010b89  DL_Timer_setCaptureCompareValue           
00010b99  Gimbal_YawGetFeedback                     
00010ba9  Key_GetEvent                              
00010bb9  ObstacleAvoidance_IsResumeGraceActive     
00010bc9  __TI_zero_init                            
00010bd9  CarController_GetRunMode                  
00010be5  CarController_IsSafetyHoldActive          
00010bf1  CarState_Get                              
00010bfd  CarState_Init                             
00010c09  CarState_Set                              
00010c15  EmergencyStop_Init                        
00010c21  EmergencyStop_IsActive                    
00010c2d  GimbalVisionAdapter_GetObservation        
00010c39  Gimbal_Tick100us                          
00010c45  Gimbal_Update5ms                          
00010c51  Imu_GetCorrectedGyroZDps                  
00010c5d  Imu_GetYaw                                
00010c69  Menu_GetPage                              
00010c75  Menu_GetParamItem                         
00010c81  MissionManager_IsExternallyHeld           
00010c8d  MissionManager_SetExternalHold            
00010c99  ObstacleAvoidance_IsActive                
00010ca5  ObstacleAvoidance_IsFailed                
00010cb1  ObstacleSafety_IsHolding                  
00010cbd  OledUi_Init                               
00010cc9  SystemTime_GetMs                          
00010cd5  WatchdogMonitor_HasTripped                
00010ce1  __aeabi_memclr                            
00010ce1  __aeabi_memclr4                           
00010ce1  __aeabi_memclr8                           
00010ced  DL_Common_delayCycles                     
00010cf7  TrackSensor_IsCenterDetected              
00010d01  TrackSensor_IsLineDetected                
00010d0b  TrackSensor_IsLineLost                    
00010d15  Fault_GetRecord                           
00010d1d  GimbalStepper_GetFeedback                 
00010d25  GimbalVisionAdapter_GetFeedback           
00010d2d  Gimbal_PitchStopTrackingHold              
00010d35  HeadingControl_GetRuntime                 
00010d3d  Imu_GetRuntime                            
00010d45  LineController_GetRuntime                 
00010d4d  MissionManager_GetMissionCount            
00010d55  MissionManager_GetRuntime                 
00010d5d  MotionAction_GetRuntime                   
00010d65  MotorControl_GetRuntime                   
00010d6d  ObstacleAvoidance_GetFeedback             
00010d75  ObstacleMonitor_GetFeedback               
00010d7d  Servo_GetFeedback                         
00010d85  Ultrasonic_GetFeedback                    
00010d8d  VisionPitchTuning_GetStatus               
00010d95  VisionReceiver_GetObservation             
00010d9d  VisionReceiver_GetStatus                  
00010da5  VisionTuningConsole_GetStatus             
00010dad  WatchdogMonitor_GetStatus                 
00010db5  WheelSpeedEstimator_GetRuntime            
00010dbd  __aeabi_memcpy                            
00010dbd  __aeabi_memcpy4                           
00010dbd  __aeabi_memcpy8                           
00010dc5  __aeabi_memmove                           
00010dc5  __aeabi_memmove4                          
00010dc5  __aeabi_memmove8                          
00010dcd  abort                                     
00010dd2  C$$EXIT                                   
00010dd3  HOSTexit                                  
00010dd7  MissionLibrary_GetCount                   
00010ddb  Reset_Handler                             
00010df1  _system_pre_init                          
000119c8  __TI_Handler_Table_Base                   
000119d4  __TI_Handler_Table_Limit                  
000119e4  __TI_CINIT_Base                           
000119f4  __TI_CINIT_Limit                          
000119f4  __TI_CINIT_Warm                           
20200000  __start___llvm_prf_bits                   
20200000  __start___llvm_prf_cnts                   
20200000  __stop___llvm_prf_bits                    
20200000  __stop___llvm_prf_cnts                    
202005a0  g_appConfig                               
20200680  g_imuRuntime                              
202007d8  g_wheelSpeedEstimatorRuntime              
20200978  g_appRuntime                              
202009b0  gUART_VISIONBackup                        
20200ac8  g_headingRuntime                          
20200cdc  g_trackError                              
20200d21  g_carStateDebug                           
20200d22  g_keyEvent                                
20200d23  g_oledPageDebug                           
20200d24  g_paramItemDebug                          
20200d25  g_trackBlackCount                         
20200d26  g_trackModeDebug                          
20200d27  g_trackRaw                                
20200d28  g_trackTurnDebug                          
20207e00  __stack                                   
20208000  __STACK_END                               
ffffffff  __TI_pprof_out_hndl                       
ffffffff  __TI_prof_data_size                       
ffffffff  __TI_prof_data_start                      
ffffffff  __binit__                                 
ffffffff  binit                                     
UNDEFED   __mpu_init                                
UNDEFED   _system_post_cinit                        

[375 symbols]
