******************************************************************************
            TI ARM Clang Linker PC v4.0.4                      
******************************************************************************
>> Linked Fri Jul 24 18:07:33 2026

OUTPUT FILE NAME:   <diansaikaishi.out>
ENTRY POINT SYMBOL: "_c_int00_noargs"  address: 000107b1


MEMORY CONFIGURATION

         name            origin    length      used     unused   attr    fill
----------------------  --------  ---------  --------  --------  ----  --------
  FLASH                 00000000   00020000  00011bf0  0000e410  R  X
  SRAM                  20200000   00008000  00000f3e  000070c2  RW X
  BCR_CONFIG            41c00000   000000ff  00000000  000000ff  R   
  BSL_CONFIG            41c00100   00000080  00000000  00000080  R   


SEGMENT ALLOCATION MAP

run origin  load origin   length   init length attrs members
----------  ----------- ---------- ----------- ----- -------
00000000    00000000    00011bf0   00011bf0    r-x
  00000000    00000000    000000c0   000000c0    r-- .intvecs
  000000c0    000000c0    00010f20   00010f20    r-x .text
  00010fe0    00010fe0    00000be0   00000be0    r-- .rodata
  00011bc0    00011bc0    00000030   00000030    r-- .cinit
20200000    20200000    00000d3e   00000000    rw-
  20200000    20200000    00000d3d   00000000    rw- .bss
  20200d3d    20200d3d    00000001   00000000    rw- .data
20207e00    20207e00    00000200   00000000    rw-
  20207e00    20207e00    00000200   00000000    rw- .stack


SECTION ALLOCATION MAP

 output                                  attributes/
section   page    origin      length       input sections
--------  ----  ----------  ----------   ----------------
.intvecs   0    00000000    000000c0     
                  00000000    000000c0     startup_mspm0g350x_ticlang.o (.intvecs)

.text      0    000000c0    00010f20     
                  000000c0    00003098     oled_ui.o (.text.OledUi_Update_20ms)
                  00003158    00001dd4     vision_tuning_console.o (.text.VisionTuningConsole_Process)
                  00004f2c    000004f0     line_controller.o (.text.LineController_Update)
                  0000541c    000004b0     app_config.o (.text.AppConfig_LimitAll)
                  000058cc    0000047c     gimbal_tracker.o (.text.GimbalTracker_Update)
                  00005d48    0000044c     motor_control.o (.text.update_wheel)
                  00006194    0000043c     wheel_speed_estimator.o (.text.WheelSpeedEstimator_Update)
                  000065d0    00000420     runtime_snapshot.o (.text.RuntimeSnapshot_Update)
                  000069f0    000003e0     imu.o (.text.Imu_Update)
                  00006dd0    000003b0     vision_receiver.o (.text.VisionReceiver_Process)
                  00007180    00000388     gimbal_vision_yaw_tracker.o (.text.GimbalVisionYawTracker_Update10ms)
                  00007508    00000374     imu.o (.text.Imu_Init)
                  0000787c    00000370     gimbal.o (.text.gimbal_update_feedback)
                  00007bec    00000340     obstacle_avoidance.o (.text.ObstacleAvoidance_Update_20ms)
                  00007f2c    00000310     vision_tuning_console.o (.text.append_scaled)
                  0000823c    000002f0     imu.o (.text.mpu6050_read_regs)
                  0000852c    000002a8     gimbal_tracker.o (.text.update_feedback)
                  000087d4    00000298     gimbal.o (.text.Gimbal_YawSetWrappedTargetDeg)
                  00008a6c    00000294     gimbal.o (.text.Gimbal_YawUpdate5ms)
                  00008d00    00000290     gimbal.o (.text.Gimbal_PitchSetTrackingSpeedDegS)
                  00008f90    0000028c     motor_control.o (.text.MotorControl_Update)
                  0000921c    00000254     motion_action.o (.text.MotionAction_Update_20ms)
                  00009470    00000254     oled.o (.text.OLED_Clear)
                  000096c4    00000238     gimbal.o (.text.gimbal_pitch_update_feedback)
                  000098fc    00000230     imu.o (.text.Imu_CalibrateGyroBias)
                  00009b2c    00000228     gimbal_vision_pitch_tracker.o (.text.GimbalVisionPitchTracker_Update10ms)
                  00009d54    00000228     menu.o (.text.Menu_HandleKeyEvent)
                  00009f7c    00000204     motor.o (.text.Motor_SetSpeed)
                  0000a180    000001f4     vision_protocol.o (.text.VisionProtocol_ParseV1TargetFrame)
                  0000a374    000001e8     motor_control.o (.text.config_is_valid)
                  0000a55c    000001dc     car_controller.o (.text.handle_turn_to_yaw)
                  0000a738    000001cc     imu.o (.text.imu_i2c_write_byte)
                  0000a904    000001c8     app_config.o (.text.AppConfig_InitDefault)
                  0000aacc    000001bc     gimbal.o (.text.Gimbal_PitchUpdate5ms)
                  0000ac88    000001b8     oled.o (.text.oled_i2c_write_byte)
                  0000ae40    000001a0     ultrasonic.o (.text.Ultrasonic_Tick100us)
                  0000afe0    00000194     gimbal_stepper.o (.text.GimbalStepper_Tick100us)
                  0000b174    00000180     gimbal.o (.text.Gimbal_PitchTick100us)
                  0000b2f4    0000017c     gimbal_stepper.o (.text.GimbalStepper_MoveToEstimatedSteps)
                  0000b470    00000174     key.o (.text.Key_Update_20ms)
                  0000b5e4    0000016c     gimbal.o (.text.Gimbal_Init)
                  0000b750    00000168     empty.o (.text.main)
                  0000b8b8    00000160     car_controller.o (.text.CarController_Update_20ms)
                  0000ba18    00000160     gimbal.o (.text.gimbal_yaw_set_target_x10)
                  0000bb78    00000160     car_controller.o (.text.handle_lost_recover)
                  0000bcd8    00000158     vision_tuning_console.o (.text.send_parameter_reply)
                  0000be30    00000158     vision_tuning_console.o (.text.send_yaw_parameter_reply)
                  0000bf88    0000013c     oled.o (.text.OLED_PrintInt16)
                  0000c0c4    0000012c     imu.o (.text.imu_i2c_recover_bus)
                  0000c1f0    00000128     gimbal.o (.text.Gimbal_YawEnableWorldLock)
                  0000c318    00000124     vision_tuning_console.o (.text.send_simple_reply)
                  0000c43c    00000124     gimbal_vision_yaw_tracker.o (.text.sync_target_from_yaw)
                  0000c560    00000120     car_controller.o (.text.handle_drive_heading)
                  0000c680    0000011c     line_controller.o (.text.LineController_Reset)
                  0000c79c    00000118     app.o (.text.App_Update_20ms)
                  0000c8b4    0000010c     car_controller.o (.text.handle_follow_line)
                  0000c9c0    00000108     car_controller.o (.text.handle_turn_90)
                  0000cac8    00000104     driverlib.a : dl_timer.o (.text.DL_Timer_initFourCCPWMMode)
                  0000cbcc    00000104     line_controller.o (.text.LineController_ResetControlState)
                  0000ccd0    00000104     mission_manager.o (.text.MissionManager_Update_20ms)
                  0000cdd4    00000100     motor_control.o (.text.MotorControl_SetNormalizedTarget)
                  0000ced4    000000fc     empty.o (.text.SysTick_Handler)
                  0000cfd0    000000f8     line_controller.o (.text.LineController_Init)
                  0000d0c8    000000f0     gimbal.o (.text.Gimbal_PitchStopHold)
                  0000d1b8    000000ec     heading_control.o (.text.HeadingControl_Update)
                  0000d2a4    000000ec     gimbal_tracker.o (.text.sync_targets_from_gimbal)
                  0000d390    000000e8     vision_protocol.o (.text.fields_are_valid)
                  0000d478    000000e4     mission_manager.o (.text.MissionManager_SelectNext)
                  0000d55c    000000e0     obstacle_safety.o (.text.ObstacleSafety_Update_20ms)
                  0000d63c    000000dc     motion_action.o (.text.MotionAction_Start)
                  0000d718    000000dc     ti_msp_dl_config.o (.text.SYSCFG_DL_GPIO_init)
                  0000d7f4    000000dc     wheel_speed_estimator.o (.text.WheelSpeedEstimator_Init)
                  0000d8d0    000000dc     oled_ui.o (.text.print_tuning_change_value)
                  0000d9ac    000000d8     oled.o (.text.OLED_PrintUInt16)
                  0000da84    000000d8     libclang_rt.builtins.a : addsf3.S.obj (.text)
                  0000db5c    000000d4     oled.o (.text.OLED_Init)
                  0000dc30    000000d0     oled.o (.text.OLED_PrintChar)
                  0000dd00    000000cc     mission_manager.o (.text.MissionManager_SelectPrevious)
                  0000ddcc    000000c8     fault.o (.text.FaultCode_ToShortString)
                  0000de94    000000c4     car_controller.o (.text.CarController_StartTurnToYawRelative)
                  0000df58    000000c0     angle_utils.o (.text.Angle_Normalize180)
                  0000e018    000000bc     car_controller.o (.text.CarController_StartDriveHeading)
                  0000e0d4    000000b4     gimbal_stepper.o (.text.GimbalStepper_StopHold)
                  0000e188    000000b4     gimbal_vision_adapter.o (.text.GimbalVisionAdapter_Update)
                  0000e23c    000000b0     gimbal_stepper.o (.text.GimbalStepper_Init)
                  0000e2ec    000000ac     car_controller.o (.text.CarController_StartSeekLine)
                  0000e398    000000a4     encoder.o (.text.Encoder_HandleGpioInterrupt)
                  0000e43c    000000a4     gimbal_vision_yaw_tracker.o (.text.wrap_deg_360)
                  0000e4e0    000000a2     libclang_rt.builtins.a : udivmoddi4.S.obj (.text)
                  0000e582    00000002     startup_mspm0g350x_ticlang.o (.text.Default_Handler)
                  0000e584    0000009c     car_controller.o (.text.CarController_StartFollowLine)
                  0000e620    0000009c     obstacle_monitor.o (.text.ObstacleMonitor_Update_20ms)
                  0000e6bc    0000009a     libc.a : memcpy16.S.obj (.text:memcpy)
                  0000e756    00000002     track_sensor.o (.text.TrackSensor_Init)
                  0000e758    00000098     car_controller.o (.text.handle_seek_line)
                  0000e7f0    00000098     imu.o (.text.mpu6050_write_reg)
                  0000e888    00000090     car_controller.o (.text.CarController_Init)
                  0000e918    00000090     car_controller.o (.text.CarController_StartTurnRight90)
                  0000e9a8    0000008c     car_controller.o (.text.CarController_ResetRuntime)
                  0000ea34    0000008c     car_controller.o (.text.CarController_StartTurnLeft90)
                  0000eac0    0000008c     gimbal.o (.text.Gimbal_YawDisableWorldLock)
                  0000eb4c    0000008c     gimbal.o (.text.Gimbal_YawStopHold)
                  0000ebd8    0000008c     ti_msp_dl_config.o (.text.SYSCFG_DL_PWM_MOTOR_init)
                  0000ec64    0000008c     libclang_rt.builtins.a : mulsf3.S.obj (.text.__mulsf3)
                  0000ecf0    0000008c     car_controller.o (.text.heading_imu_wait_or_fail)
                  0000ed7c    00000004     libsysbm.a : hostexit.c.obj (.text.HOSTexit)
                  0000ed80    00000088     libc.a : strcmp-armv6m.S.obj (.text:strcmp)
                  0000ee08    00000084     motor.o (.text.Motor_Init)
                  0000ee8c    00000082     app.o (.text.App_Init)
                  0000ef0e    00000002     libclang_rt.builtins.a : aeabi_div0.c.obj (.text.__aeabi_idiv0)
                  0000ef10    00000082                            : divsf3.S.obj (.text.__divsf3)
                  0000ef92    00000002                            : aeabi_div0.c.obj (.text.__aeabi_ldiv0)
                  0000ef94    00000080     car_controller.o (.text.CarController_SetSafetyHold)
                  0000f014    00000080     gimbal_tracker.o (.text.GimbalTracker_Init)
                  0000f094    00000080     mission_library.o (.text.MissionLibrary_Validate)
                  0000f114    00000080     motor.o (.text.Motor_Stop)
                  0000f194    0000007c     vision_pitch_tuning.o (.text.VisionPitchTuning_Set)
                  0000f210    0000007c     libc.a : copy_decompress_lzss.c.obj (.text:decompress:lzss)
                  0000f28c    00000078     oled.o (.text.oled_write_command)
                  0000f304    00000074     motor_control.o (.text.latch_control_error)
                  0000f378    00000070     ti_msp_dl_config.o (.text.SYSCFG_DL_UART_VISION_init)
                  0000f3e8    00000070     vision_yaw_tuning.o (.text.VisionYawTuning_Set)
                  0000f458    0000006e     track_sensor.o (.text.TrackSensor_DetectTurn)
                  0000f4c6    00000002     --HOLE-- [fill = 0]
                  0000f4c8    0000006c     gimbal_vision_yaw_tracker.o (.text.GimbalVisionYawTracker_Init)
                  0000f534    00000068     mission_manager.o (.text.MissionManager_GetSelectedMissionIndex)
                  0000f59c    00000066     track_sensor.o (.text.TrackSensor_GetErrorFromRaw)
                  0000f602    00000002     --HOLE-- [fill = 0]
                  0000f604    00000064     menu.o (.text.Menu_GetParamValue)
                  0000f668    00000062     libclang_rt.builtins.a : aeabi_fcmp.S.obj (.text.__aeabi_fcmp)
                  0000f6ca    00000062     libc.a : memset16.S.obj (.text:memset)
                  0000f72c    00000060     gimbal_tracker.o (.text.GimbalTracker_GetFeedback)
                  0000f78c    00000060     vision_tuning_console.o (.text.VisionTuningConsole_Init)
                  0000f7ec    00000060     libclang_rt.builtins.a : fixsfdi.S.obj (.text.__fixsfdi)
                  0000f84c    0000005c     vision_uart.o (.text.UART3_IRQHandler)
                  0000f8a8    0000005c     ultrasonic.o (.text.Ultrasonic_Update_20ms)
                  0000f904    0000005c     obstacle_avoidance.o (.text.avoid_fail)
                  0000f960    00000056     libclang_rt.builtins.a : aeabi_idivmod.S.obj (.text.__aeabi_idivmod)
                  0000f9b6    00000002     --HOLE-- [fill = 0]
                  0000f9b8    00000054     track_sensor.o (.text.TrackSensor_ReadRaw)
                  0000fa0c    00000054     gimbal_vision_yaw_tracker.o (.text.float_to_scaled_i16)
                  0000fa60    00000054     gimbal_vision_yaw_tracker.o (.text.stop_owned_tracking)
                  0000fab4    00000050     ultrasonic.o (.text.Ultrasonic_Init)
                  0000fb04    00000050     watchdog_monitor.o (.text.WatchdogMonitor_ApplyFaultIfNeeded)
                  0000fb54    0000004e     libclang_rt.builtins.a : floatdisf.S.obj (.text.__floatdisf)
                  0000fba2    00000002     --HOLE-- [fill = 0]
                  0000fba4    0000004c     mission_manager.o (.text.MissionManager_Start)
                  0000fbf0    0000004c     motor_control.o (.text.MotorControl_Stop)
                  0000fc3c    0000004c     watchdog_monitor.o (.text.WatchdogMonitor_Tick1msFromIsr)
                  0000fc88    0000004a     obstacle_avoidance.o (.text.avoid_can_start)
                  0000fcd2    00000002     --HOLE-- [fill = 0]
                  0000fcd4    00000048     driverlib.a : dl_uart.o (.text.DL_UART_init)
                  0000fd1c    00000048     motion_action.o (.text.MotionAction_ReapplyControllerTarget)
                  0000fd64    00000044     encoder.o (.text.Encoder_GetAndClearPulseDeltas)
                  0000fda8    00000044     imu.o (.text.Imu_ResetYaw)
                  0000fdec    00000044     servo.o (.text.Servo_Tick100us)
                  0000fe30    00000040     emergency_stop.o (.text.EmergencyStop_Reset)
                  0000fe70    00000040     gimbal_vision_pitch_tracker.o (.text.GimbalVisionPitchTracker_Init)
                  0000feb0    00000040     mission_manager.o (.text.MissionManager_Init)
                  0000fef0    00000040     ti_msp_dl_config.o (.text.SYSCFG_DL_SYSCTL_init)
                  0000ff30    00000040     ti_msp_dl_config.o (.text.SYSCFG_DL_initPower)
                  0000ff70    00000040     vision_receiver.o (.text.VisionReceiver_PushByteFromIsr)
                  0000ffb0    00000040     libclang_rt.builtins.a : aeabi_uidivmod.S.obj (.text.__aeabi_uidivmod)
                  0000fff0    0000003e                            : divmoddi4.c.obj (.text.__divmoddi4)
                  0001002e    00000002     --HOLE-- [fill = 0]
                  00010030    0000003c     servo.o (.text.Servo_SetAngleDeg)
                  0001006c    0000003c     vision_tuning_console.o (.text.VisionTuningConsole_PushByteFromIsr)
                  000100a8    0000003c     libclang_rt.builtins.a : floatsisf.S.obj (.text.__floatsisf)
                  000100e4    0000003c                            : comparesf2.S.obj (.text.__gtsf2)
                  00010120    0000003c     libc.a : autoinit.c.obj (.text:__TI_auto_init_nobinit_nopinit)
                  0001015c    0000003a     libclang_rt.builtins.a : comparesf2.S.obj (.text.__eqsf2)
                  00010196    00000002     --HOLE-- [fill = 0]
                  00010198    0000003a                            : muldsi3.S.obj (.text.__muldsi3)
                  000101d2    00000002     --HOLE-- [fill = 0]
                  000101d4    00000038     vision_receiver.o (.text.VisionReceiver_Init)
                  0001020c    00000038     libclang_rt.builtins.a : fixsfsi.S.obj (.text.__fixsfsi)
                  00010244    00000034     emergency_stop.o (.text.EmergencyStop_Trigger)
                  00010278    00000034     imu.o (.text.Imu_IsReady)
                  000102ac    00000034     oled.o (.text.OLED_SetCursor)
                  000102e0    00000034     vision_tuning_console.o (.text.VisionTuningConsole_TryPopTxByte)
                  00010314    00000034     vision_uart.o (.text.VisionUart_Process)
                  00010348    00000034     obstacle_avoidance.o (.text.avoid_start)
                  0001037c    00000032     oled.o (.text.OLED_PrintString)
                  000103ae    00000002     --HOLE-- [fill = 0]
                  000103b0    00000030     fault.o (.text.Fault_Raise)
                  000103e0    00000030     gimbal_vision_yaw_tracker.o (.text.GimbalVisionYawTracker_GetFeedback)
                  00010410    00000030     gimbal.o (.text.Gimbal_PitchGetFeedback)
                  00010440    00000030     key.o (.text.Key_Init)
                  00010470    00000030     line_controller.o (.text.LineController_ObserveSensors)
                  000104a0    00000030     mission_manager.o (.text.MissionManager_Resume)
                  000104d0    00000030     vision_pitch_tuning.o (.text.VisionPitchTuning_RestoreDefault)
                  00010500    00000030     watchdog_monitor.o (.text.WatchdogMonitor_Init)
                  00010530    00000030     gimbal_vision_yaw_tracker.o (.text.refresh_yaw_feedback)
                  00010560    0000002c     car_controller.o (.text.CarController_Stop)
                  0001058c    0000002c     encoder.o (.text.Encoder_Reset)
                  000105b8    0000002c     mission_manager.o (.text.MissionManager_Cancel)
                  000105e4    0000002c     mission_manager.o (.text.MissionManager_Reset)
                  00010610    0000002c     track_sensor.o (.text.TrackSensor_CountBlack)
                  0001063c    0000002c     vision_yaw_tuning.o (.text.VisionYawTuning_RestoreDefault)
                  00010668    0000002c     motion_action.o (.text.motion_action_start_imu_controller)
                  00010694    0000002c     gimbal_vision_pitch_tracker.o (.text.speed_to_x10)
                  000106c0    00000028     obstacle_avoidance.o (.text.ObstacleAvoidance_Init)
                  000106e8    00000028     servo.o (.text.Servo_Init)
                  00010710    00000028     vision_pitch_tuning.o (.text.VisionPitchTuning_Init)
                  00010738    00000028     watchdog_monitor.o (.text.WatchdogMonitor_Reset)
                  00010760    00000028     libclang_rt.builtins.a : floatunsisf.S.obj (.text.__floatunsisf)
                  00010788    00000028     libc.a : memmov.c.obj (.text.memmove)
                  000107b0    00000028            : boot_cortex_m.c.obj (.text:_c_int00_noargs)
                  000107d8    00000024     emergency_stop.o (.text.EmergencyStop_Enforce)
                  000107fc    00000024     gimbal_vision_pitch_tracker.o (.text.GimbalVisionPitchTracker_GetFeedback)
                  00010820    00000024     mission_manager.o (.text.MissionManager_ReportExternalFailure)
                  00010844    00000024     motor_control.o (.text.MotorControl_Init)
                  00010868    00000024     motor_control.o (.text.MotorControl_Reset)
                  0001088c    00000024     ti_msp_dl_config.o (.text.SYSCFG_DL_init)
                  000108b0    00000024     vision_yaw_tuning.o (.text.VisionYawTuning_Init)
                  000108d4    00000024     libclang_rt.builtins.a : muldi3.S.obj (.text.__muldi3)
                  000108f8    00000020     driverlib.a : dl_timer.o (.text.DL_Timer_overrideCCPOut)
                  00010918    00000020     debug_telemetry.o (.text.DebugTelemetry_Update)
                  00010938    00000020     mission_manager.o (.text.MissionManager_Pause)
                  00010958    00000020     motion_action.o (.text.MotionAction_GetCurrentBypassDirection)
                  00010978    00000020     motion_action.o (.text.MotionAction_GetCurrentObstaclePolicy)
                  00010998    00000020     empty.o (.text.SchedulerMonitor_GetStats)
                  000109b8    00000020     vision_receiver.o (.text.VisionReceiver_GetProtocolErrorCount)
                  000109d8    00000020     mission_manager.o (.text.mission_finish_error)
                  000109f8    0000001e     libclang_rt.builtins.a : ashldi3.S.obj (.text.__ashldi3)
                  00010a16    00000002     --HOLE-- [fill = 0]
                  00010a18    0000001c     driverlib.a : dl_timer.o (.text.DL_Timer_setCaptCompUpdateMethod)
                  00010a34    0000001c                 : dl_timer.o (.text.DL_Timer_setClockConfig)
                  00010a50    0000001c     gimbal_vision_adapter.o (.text.GimbalVisionAdapter_Init)
                  00010a6c    0000001c     heading_control.o (.text.HeadingControl_SetTargetYaw)
                  00010a88    0000001c     menu.o (.text.Menu_Init)
                  00010aa4    0000001c     motion_action.o (.text.MotionAction_Cancel)
                  00010ac0    0000001c     obstacle_monitor.o (.text.ObstacleMonitor_Init)
                  00010adc    0000001c     obstacle_safety.o (.text.ObstacleSafety_Init)
                  00010af8    0000001c     vision_pitch_tuning.o (.text.VisionPitchTuning_ParamName)
                  00010b14    0000001c     vision_yaw_tuning.o (.text.VisionYawTuning_GetSnapshot)
                  00010b30    0000001c     vision_yaw_tuning.o (.text.VisionYawTuning_ParamName)
                  00010b4c    0000001c     watchdog_monitor.o (.text.WatchdogMonitor_NotifyControlCycleComplete)
                  00010b68    0000001c     mission_manager.o (.text.mission_finish_success)
                  00010b84    00000018     car_controller.o (.text.CarController_RunModeToString)
                  00010b9c    00000018     driverlib.a : dl_timer.o (.text.DL_Timer_setCaptureCompareOutCtl)
                  00010bb4    00000018     debug_telemetry.o (.text.DebugTelemetry_Init)
                  00010bcc    00000018     heading_control.o (.text.HeadingControl_Init)
                  00010be4    00000018     heading_control.o (.text.HeadingControl_Reset)
                  00010bfc    00000018     menu.o (.text.Menu_ParamItemToString)
                  00010c14    00000018     motion_action.o (.text.MotionAction_Init)
                  00010c2c    00000018     runtime_snapshot.o (.text.RuntimeSnapshot_Init)
                  00010c44    00000016     libclang_rt.builtins.a : comparesf2.S.obj (.text.__unordsf2)
                  00010c5a    00000002     --HOLE-- [fill = 0]
                  00010c5c    00000014     fault.o (.text.Fault_Clear)
                  00010c70    00000014     fault.o (.text.Fault_Init)
                  00010c84    00000014     empty.o (.text.GROUP1_IRQHandler)
                  00010c98    00000014     gimbal_stepper.o (.text.GimbalStepper_SetStepHalfPeriodTicks)
                  00010cac    00000014     heading_control.o (.text.HeadingControl_Enable)
                  00010cc0    00000014     mission_library.o (.text.MissionLibrary_FindById)
                  00010cd4    00000014     mission_library.o (.text.MissionLibrary_GetByIndex)
                  00010ce8    00000014     mission_manager.o (.text.MissionManager_GetSelectedMissionId)
                  00010cfc    00000014     vision_pitch_tuning.o (.text.VisionPitchTuning_GetSnapshot)
                  00010d10    00000014     vision_uart.o (.text.VisionUart_Init)
                  00010d24    00000014     libclang_rt.builtins.a : aeabi_ldivmod.S.obj (.text.__aeabi_ldivmod)
                  00010d38    00000014                            : aeabi_uldivmod.S.obj (.text.__aeabi_uldivmod)
                  00010d4c    00000012     driverlib.a : dl_uart.o (.text.DL_UART_setClockConfig)
                  00010d5e    00000012     libc.a : copy_decompress_none.c.obj (.text:decompress:none)
                  00010d70    00000010     driverlib.a : dl_timer.o (.text.DL_Timer_setCaptureCompareValue)
                  00010d80    00000010     gimbal.o (.text.Gimbal_YawGetFeedback)
                  00010d90    00000010     key.o (.text.Key_GetEvent)
                  00010da0    00000010     obstacle_avoidance.o (.text.ObstacleAvoidance_IsResumeGraceActive)
                  00010db0    00000010     libc.a : copy_zero_init.c.obj (.text:decompress:ZI)
                  00010dc0    0000000c     car_controller.o (.text.CarController_GetRunMode)
                  00010dcc    0000000c     car_controller.o (.text.CarController_IsSafetyHoldActive)
                  00010dd8    0000000c     car_state.o (.text.CarState_Get)
                  00010de4    0000000c     car_state.o (.text.CarState_Init)
                  00010df0    0000000c     car_state.o (.text.CarState_Set)
                  00010dfc    0000000c     emergency_stop.o (.text.EmergencyStop_Init)
                  00010e08    0000000c     emergency_stop.o (.text.EmergencyStop_IsActive)
                  00010e14    0000000c     gimbal_vision_adapter.o (.text.GimbalVisionAdapter_GetObservation)
                  00010e20    0000000c     gimbal.o (.text.Gimbal_Tick100us)
                  00010e2c    0000000c     gimbal.o (.text.Gimbal_Update5ms)
                  00010e38    0000000c     imu.o (.text.Imu_GetCorrectedGyroZDps)
                  00010e44    0000000c     imu.o (.text.Imu_GetYaw)
                  00010e50    0000000c     menu.o (.text.Menu_GetPage)
                  00010e5c    0000000c     menu.o (.text.Menu_GetParamItem)
                  00010e68    0000000c     mission_manager.o (.text.MissionManager_IsExternallyHeld)
                  00010e74    0000000c     mission_manager.o (.text.MissionManager_SetExternalHold)
                  00010e80    0000000c     obstacle_avoidance.o (.text.ObstacleAvoidance_IsActive)
                  00010e8c    0000000c     obstacle_avoidance.o (.text.ObstacleAvoidance_IsFailed)
                  00010e98    0000000c     obstacle_safety.o (.text.ObstacleSafety_IsHolding)
                  00010ea4    0000000c     oled_ui.o (.text.OledUi_Init)
                  00010eb0    0000000c     empty.o (.text.SystemTime_GetMs)
                  00010ebc    0000000c     watchdog_monitor.o (.text.WatchdogMonitor_HasTripped)
                  00010ec8    0000000c     libclang_rt.builtins.a : aeabi_memset.S.obj (.text.__aeabi_memclr)
                  00010ed4    0000000a     driverlib.a : dl_common.o (.text.DL_Common_delayCycles)
                  00010ede    0000000a     track_sensor.o (.text.TrackSensor_IsCenterDetected)
                  00010ee8    0000000a     track_sensor.o (.text.TrackSensor_IsLineDetected)
                  00010ef2    0000000a     track_sensor.o (.text.TrackSensor_IsLineLost)
                  00010efc    00000008     car_controller.o (.text.CarController_GetFeedback)
                  00010f04    00000008     fault.o (.text.Fault_GetRecord)
                  00010f0c    00000008     gimbal_stepper.o (.text.GimbalStepper_GetFeedback)
                  00010f14    00000008     gimbal_vision_adapter.o (.text.GimbalVisionAdapter_GetFeedback)
                  00010f1c    00000008     gimbal.o (.text.Gimbal_PitchStopTrackingHold)
                  00010f24    00000008     heading_control.o (.text.HeadingControl_GetRuntime)
                  00010f2c    00000008     imu.o (.text.Imu_GetRuntime)
                  00010f34    00000008     line_controller.o (.text.LineController_GetRuntime)
                  00010f3c    00000008     mission_manager.o (.text.MissionManager_GetMissionCount)
                  00010f44    00000008     mission_manager.o (.text.MissionManager_GetRuntime)
                  00010f4c    00000008     motion_action.o (.text.MotionAction_GetRuntime)
                  00010f54    00000008     motor_control.o (.text.MotorControl_GetRuntime)
                  00010f5c    00000008     obstacle_avoidance.o (.text.ObstacleAvoidance_GetFeedback)
                  00010f64    00000008     obstacle_monitor.o (.text.ObstacleMonitor_GetFeedback)
                  00010f6c    00000008     servo.o (.text.Servo_GetFeedback)
                  00010f74    00000008     ultrasonic.o (.text.Ultrasonic_GetFeedback)
                  00010f7c    00000008     vision_pitch_tuning.o (.text.VisionPitchTuning_GetStatus)
                  00010f84    00000008     vision_receiver.o (.text.VisionReceiver_GetObservation)
                  00010f8c    00000008     vision_receiver.o (.text.VisionReceiver_GetStatus)
                  00010f94    00000008     vision_tuning_console.o (.text.VisionTuningConsole_GetStatus)
                  00010f9c    00000008     watchdog_monitor.o (.text.WatchdogMonitor_GetStatus)
                  00010fa4    00000008     wheel_speed_estimator.o (.text.WheelSpeedEstimator_GetRuntime)
                  00010fac    00000008     libclang_rt.builtins.a : aeabi_memcpy.S.obj (.text.__aeabi_memcpy)
                  00010fb4    00000008                            : aeabi_memmove.S.obj (.text.__aeabi_memmove)
                  00010fbc    00000006     libc.a : exit.c.obj (.text:abort)
                  00010fc2    00000004     mission_library.o (.text.MissionLibrary_GetCount)
                  00010fc6    00000004     startup_mspm0g350x_ticlang.o (.text.Reset_Handler)
                  00010fca    00000002     --HOLE-- [fill = 0]
                  00010fcc    00000010     libc.a : boot_cortex_m.c.obj (.tramp._c_int00_noargs.1)
                  00010fdc    00000004            : pre_init.c.obj (.text._system_pre_init)

.cinit     0    00011bc0    00000030     
                  00011bc0    0000000c     (__TI_handler_table)
                  00011bcc    00000008     (.cinit..bss.load) [load image, compression = zero_init]
                  00011bd4    00000005     (.cinit..data.load) [load image, compression = lzss]
                  00011bd9    00000003     --HOLE-- [fill = 0]
                  00011bdc    00000010     (__TI_cinit_table)
                  00011bec    00000004     --HOLE-- [fill = 0]

.rodata    0    00010fe0    00000be0     
                  00010fe0    000000d8     oled.o (.rodata..Lswitch.table.OLED_PrintChar)
                  000110b8    000000a8     mission_library.o (.rodata.g_missionMapA)
                  00011160    000000a8     mission_library.o (.rodata.g_missionMapB)
                  00011208    00000090     mission_library.o (.rodata.g_missionRegistry)
                  00011298    00000078     mission_library.o (.rodata.g_missionMapC)
                  00011310    00000078     mission_library.o (.rodata.g_missionTestRight90Turn)
                  00011388    00000048     mission_library.o (.rodata.g_missionTestHeadingDrive)
                  000113d0    00000048     mission_library.o (.rodata.g_missionTestObstacleFixed)
                  00011418    00000048     mission_library.o (.rodata.g_missionTestSeekThenFollow)
                  00011460    00000048     mission_library.o (.rodata.g_missionTestStopOnly)
                  000114a8    00000048     mission_library.o (.rodata.g_missionTestTurn)
                  000114f0    00000034     mission_library.o (.rodata..Lswitch.table.MissionLibrary_FindById)
                  00011524    00000030     oled_ui.o (.rodata..Lswitch.table.OledUi_Update_20ms.184)
                  00011554    00000024     oled_ui.o (.rodata..Lswitch.table.OledUi_Update_20ms.188)
                  00011578    00000020     car_controller.o (.rodata..Lswitch.table.CarController_RunModeToString)
                  00011598    00000020     oled_ui.o (.rodata..Lswitch.table.OledUi_Update_20ms.189)
                  000115b8    00000020     oled_ui.o (.rodata..Lswitch.table.OledUi_Update_20ms.190)
                  000115d8    0000001c     menu.o (.rodata..Lswitch.table.Menu_ParamItemToString)
                  000115f4    0000001c     vision_tuning_console.o (.rodata.str1.1836208005852235077.1)
                  00011610    00000018     oled_ui.o (.rodata..Lswitch.table.OledUi_Update_20ms.191)
                  00011628    00000018     vision_pitch_tuning.o (.rodata..Lswitch.table.VisionPitchTuning_ParamName)
                  00011640    00000014     vision_yaw_tuning.o (.rodata..Lswitch.table.VisionYawTuning_ParamName)
                  00011654    0000000e     oled_ui.o (.rodata.str1.10416366799939242409.1)
                  00011662    00000002     ti_msp_dl_config.o (.rodata.gUART_VISIONClockConfig)
                  00011664    0000000c     oled_ui.o (.rodata..Lswitch.table.OledUi_Update_20ms.183)
                  00011670    0000000c     oled_ui.o (.rodata..Lswitch.table.OledUi_Update_20ms.185)
                  0001167c    0000000c     oled_ui.o (.rodata..Lswitch.table.OledUi_Update_20ms)
                  00011688    0000000b     mission_library.o (.rodata.str1.11682660667400632204.1)
                  00011693    0000000b     mission_library.o (.rodata.str1.199678142196697465.1)
                  0001169e    0000000a     menu.o (.rodata..Lswitch.table.Menu_HandleKeyEvent)
                  000116a8    0000000a     ti_msp_dl_config.o (.rodata.gUART_VISIONConfig)
                  000116b2    0000000a     mission_library.o (.rodata.str1.1440970855772709381.1)
                  000116bc    0000000a     mission_library.o (.rodata.str1.15604890807705439409.1)
                  000116c6    0000000a     mission_library.o (.rodata.str1.15668266851434757964.1)
                  000116d0    0000000a     vision_tuning_console.o (.rodata.str1.4859846923128959820.1)
                  000116da    0000000a     vision_tuning_console.o (.rodata.str1.7225688704195888286.1)
                  000116e4    00000009     mission_library.o (.rodata.str1.13636476544574750902.1)
                  000116ed    00000003     ti_msp_dl_config.o (.rodata.gPWM_MOTORClockConfig)
                  000116f0    00000008     ti_msp_dl_config.o (.rodata.gPWM_MOTORConfig)
                  000116f8    00000008     oled_ui.o (.rodata.str1.10600688730180713177.1)
                  00011700    00000008     vision_tuning_console.o (.rodata.str1.11718269490974306969.1)
                  00011708    00000008     oled_ui.o (.rodata.str1.16290499236105125126.1)
                  00011710    00000008     oled_ui.o (.rodata.str1.16931641404301806744.1)
                  00011718    00000008     oled_ui.o (.rodata.str1.2656948373757303877.1)
                  00011720    00000008     vision_tuning_console.o (.rodata.str1.3293472937029561918.1)
                  00011728    00000008     oled_ui.o (.rodata.str1.9229350655415085.1)
                  00011730    00000007     vision_tuning_console.o (.rodata.str1.10860306953068020798.1)
                  00011737    00000007     oled_ui.o (.rodata.str1.13882251010780863896.1)
                  0001173e    00000007     oled_ui.o (.rodata.str1.14132186318895045592.1)
                  00011745    00000007     oled_ui.o (.rodata.str1.17540787658903907660.1)
                  0001174c    00000007     oled_ui.o (.rodata.str1.2308938766145545715.1)
                  00011753    00000007     oled_ui.o (.rodata.str1.4402311448527872260.1)
                  0001175a    00000007     oled_ui.o (.rodata.str1.763101100280173925.1)
                  00011761    00000007     oled_ui.o (.rodata.str1.8783421139296713095.1)
                  00011768    00000006     vision_tuning_console.o (.rodata.str1.10319329813075420582.1)
                  0001176e    00000006     oled_ui.o (.rodata.str1.10430294223631918979.1)
                  00011774    00000006     oled_ui.o (.rodata.str1.10509309789429088155.1)
                  0001177a    00000006     oled_ui.o (.rodata.str1.13567883086814673087.1)
                  00011780    00000006     oled_ui.o (.rodata.str1.14142815821055334776.1)
                  00011786    00000006     oled_ui.o (.rodata.str1.1445687256832830955.1)
                  0001178c    00000006     mission_library.o (.rodata.str1.1642528554392422750.1)
                  00011792    00000006     oled_ui.o (.rodata.str1.18266126048138325213.1)
                  00011798    00000006     oled_ui.o (.rodata.str1.270145429241168923.1)
                  0001179e    00000006     vision_tuning_console.o (.rodata.str1.4028100529439820245.1)
                  000117a4    00000006     mission_library.o (.rodata.str1.4251661066630729623.1)
                  000117aa    00000006     mission_library.o (.rodata.str1.4392264057376583881.1)
                  000117b0    00000006     oled_ui.o (.rodata.str1.58703915094955230.1)
                  000117b6    00000006     oled_ui.o (.rodata.str1.6744096065564390185.1)
                  000117bc    00000006     oled_ui.o (.rodata.str1.7205245123442117851.1)
                  000117c2    00000006     oled_ui.o (.rodata.str1.7774807581888385879.1)
                  000117c8    00000006     oled_ui.o (.rodata.str1.9044019526854345694.1)
                  000117ce    00000005     oled.o (.rodata.oled_get_glyph.colon)
                  000117d3    00000005     oled.o (.rodata.oled_get_glyph.eight)
                  000117d8    00000005     oled.o (.rodata.oled_get_glyph.five)
                  000117dd    00000005     oled.o (.rodata.oled_get_glyph.four)
                  000117e2    00000005     oled.o (.rodata.oled_get_glyph.glyphA)
                  000117e7    00000005     oled.o (.rodata.oled_get_glyph.glyphB)
                  000117ec    00000005     oled.o (.rodata.oled_get_glyph.glyphC)
                  000117f1    00000005     oled.o (.rodata.oled_get_glyph.glyphD)
                  000117f6    00000005     oled.o (.rodata.oled_get_glyph.glyphE)
                  000117fb    00000005     oled.o (.rodata.oled_get_glyph.glyphG)
                  00011800    00000005     oled.o (.rodata.oled_get_glyph.glyphH)
                  00011805    00000005     oled.o (.rodata.oled_get_glyph.glyphI)
                  0001180a    00000005     oled.o (.rodata.oled_get_glyph.glyphK)
                  0001180f    00000005     oled.o (.rodata.oled_get_glyph.glyphL)
                  00011814    00000005     oled.o (.rodata.oled_get_glyph.glyphM)
                  00011819    00000005     oled.o (.rodata.oled_get_glyph.glyphN)
                  0001181e    00000005     oled.o (.rodata.oled_get_glyph.glyphO)
                  00011823    00000005     oled.o (.rodata.oled_get_glyph.glyphP)
                  00011828    00000005     oled.o (.rodata.oled_get_glyph.glyphR)
                  0001182d    00000005     oled.o (.rodata.oled_get_glyph.glyphS)
                  00011832    00000005     oled.o (.rodata.oled_get_glyph.glyphT)
                  00011837    00000005     oled.o (.rodata.oled_get_glyph.glyphU)
                  0001183c    00000005     oled.o (.rodata.oled_get_glyph.glyphV)
                  00011841    00000005     oled.o (.rodata.oled_get_glyph.glyphW)
                  00011846    00000005     oled.o (.rodata.oled_get_glyph.glyphX)
                  0001184b    00000005     oled.o (.rodata.oled_get_glyph.glyphY)
                  00011850    00000005     oled.o (.rodata.oled_get_glyph.glyphb)
                  00011855    00000005     oled.o (.rodata.oled_get_glyph.gt)
                  0001185a    00000005     oled.o (.rodata.oled_get_glyph.minus)
                  0001185f    00000005     oled.o (.rodata.oled_get_glyph.nine)
                  00011864    00000005     oled.o (.rodata.oled_get_glyph.one)
                  00011869    00000005     oled.o (.rodata.oled_get_glyph.seven)
                  0001186e    00000005     oled.o (.rodata.oled_get_glyph.six)
                  00011873    00000005     oled.o (.rodata.oled_get_glyph.space)
                  00011878    00000005     oled.o (.rodata.oled_get_glyph.three)
                  0001187d    00000005     oled.o (.rodata.oled_get_glyph.two)
                  00011882    00000005     oled.o (.rodata.oled_get_glyph.zero)
                  00011887    00000005     oled_ui.o (.rodata.str1.10568433575767188072.1)
                  0001188c    00000005     oled_ui.o (.rodata.str1.10907125332684471422.1)
                  00011891    00000005     oled_ui.o (.rodata.str1.11149198520117834688.1)
                  00011896    00000005     oled_ui.o (.rodata.str1.12043213579996415112.1)
                  0001189b    00000005     car_controller.o (.rodata.str1.12442237994239546032.1)
                  000118a0    00000005     oled_ui.o (.rodata.str1.12447783896598192203.1)
                  000118a5    00000005     oled_ui.o (.rodata.str1.13790669171379415506.1)
                  000118aa    00000005     oled_ui.o (.rodata.str1.13875148296791986931.1)
                  000118af    00000005     oled_ui.o (.rodata.str1.13892659840332223045.1)
                  000118b4    00000005     vision_pitch_tuning.o (.rodata.str1.13915893147848268398.1)
                  000118b9    00000005     fault.o (.rodata.str1.14435905801345341244.1)
                  000118be    00000005     oled_ui.o (.rodata.str1.14521350379984854626.1)
                  000118c3    00000005     fault.o (.rodata.str1.1506612114648992996.1)
                  000118c8    00000005     oled_ui.o (.rodata.str1.15132332204781002199.1)
                  000118cd    00000005     oled_ui.o (.rodata.str1.15575624326185233262.1)
                  000118d2    00000005     oled_ui.o (.rodata.str1.15613891207764622616.1)
                  000118d7    00000005     oled_ui.o (.rodata.str1.15817398807211891688.1)
                  000118dc    00000005     oled_ui.o (.rodata.str1.15829239520183577662.1)
                  000118e1    00000005     oled_ui.o (.rodata.str1.15917848551323629232.1)
                  000118e6    00000005     oled_ui.o (.rodata.str1.15935041339501476673.1)
                  000118eb    00000005     oled_ui.o (.rodata.str1.16411631209783952401.1)
                  000118f0    00000005     car_controller.o (.rodata.str1.1652194605229746967.1)
                  000118f5    00000005     fault.o (.rodata.str1.17097894860660336008.1)
                  000118fa    00000005     fault.o (.rodata.str1.17155043670132108083.1)
                  000118ff    00000005     vision_tuning_console.o (.rodata.str1.17265544270347038021.1)
                  00011904    00000005     oled_ui.o (.rodata.str1.17719310104486814868.1)
                  00011909    00000005     oled_ui.o (.rodata.str1.17747339173178619492.1)
                  0001190e    00000005     oled_ui.o (.rodata.str1.17763087492223448992.1)
                  00011913    00000005     oled_ui.o (.rodata.str1.18128648927899109887.1)
                  00011918    00000005     oled_ui.o (.rodata.str1.2002540315216928218.1)
                  0001191d    00000005     fault.o (.rodata.str1.2104670281202025270.1)
                  00011922    00000005     oled_ui.o (.rodata.str1.2193316011307952170.1)
                  00011927    00000005     oled_ui.o (.rodata.str1.2714695401222167146.1)
                  0001192c    00000005     oled_ui.o (.rodata.str1.3407221357956504873.1)
                  00011931    00000005     oled_ui.o (.rodata.str1.3702290527496711532.1)
                  00011936    00000005     car_controller.o (.rodata.str1.4164979912472006574.1)
                  0001193b    00000005     fault.o (.rodata.str1.4453281041433270631.1)
                  00011940    00000005     fault.o (.rodata.str1.4549004730087743662.1)
                  00011945    00000005     oled_ui.o (.rodata.str1.4551794666512319153.1)
                  0001194a    00000005     oled_ui.o (.rodata.str1.4581472623415959594.1)
                  0001194f    00000005     oled_ui.o (.rodata.str1.4610220316623841660.1)
                  00011954    00000005     oled_ui.o (.rodata.str1.4691821198597473371.1)
                  00011959    00000005     menu.o (.rodata.str1.4862307748908978627.1)
                  0001195e    00000005     fault.o (.rodata.str1.6372787129294360447.1)
                  00011963    00000005     fault.o (.rodata.str1.6437946768974223044.1)
                  00011968    00000005     oled_ui.o (.rodata.str1.6835749436006845616.1)
                  0001196d    00000005     car_controller.o (.rodata.str1.702403006289709404.1)
                  00011972    00000005     oled_ui.o (.rodata.str1.7219546930854689545.1)
                  00011977    00000005     oled_ui.o (.rodata.str1.7419768602719733415.1)
                  0001197c    00000005     vision_yaw_tuning.o (.rodata.str1.7764041101441114269.1)
                  00011981    00000005     oled_ui.o (.rodata.str1.799718701096035713.1)
                  00011986    00000005     oled_ui.o (.rodata.str1.8018480777946742726.1)
                  0001198b    00000005     fault.o (.rodata.str1.8185770893384132067.1)
                  00011990    00000005     oled_ui.o (.rodata.str1.8426569189266129334.1)
                  00011995    00000005     oled_ui.o (.rodata.str1.8460525935980491721.1)
                  0001199a    00000005     oled_ui.o (.rodata.str1.8693388333057100694.1)
                  0001199f    00000005     oled_ui.o (.rodata.str1.9102528229756940648.1)
                  000119a4    00000005     oled_ui.o (.rodata.str1.9611283282870761829.1)
                  000119a9    00000005     oled_ui.o (.rodata.str1.9646571805098343045.1)
                  000119ae    00000005     car_controller.o (.rodata.str1.9981487771679760427.1)
                  000119b3    00000004     oled_ui.o (.rodata.str1.10077435089618835710.1)
                  000119b7    00000004     oled_ui.o (.rodata.str1.10163600690795753232.1)
                  000119bb    00000004     oled_ui.o (.rodata.str1.1019225241002246410.1)
                  000119bf    00000004     oled_ui.o (.rodata.str1.10263419832828250601.1)
                  000119c3    00000004     oled_ui.o (.rodata.str1.11232419324784801130.1)
                  000119c7    00000004     oled_ui.o (.rodata.str1.11428648044669318875.1)
                  000119cb    00000004     oled_ui.o (.rodata.str1.11614055506586029288.1)
                  000119cf    00000004     oled_ui.o (.rodata.str1.11794000050372113979.1)
                  000119d3    00000004     menu.o (.rodata.str1.12110183915172842339.1)
                  000119d7    00000004     oled_ui.o (.rodata.str1.12359577037488465078.1)
                  000119db    00000004     oled_ui.o (.rodata.str1.12504350857748951577.1)
                  000119df    00000004     oled_ui.o (.rodata.str1.12595606217184830646.1)
                  000119e3    00000004     oled_ui.o (.rodata.str1.12617122458660443890.1)
                  000119e7    00000004     oled_ui.o (.rodata.str1.12697925274637991987.1)
                  000119eb    00000004     oled_ui.o (.rodata.str1.12928245060369742404.1)
                  000119ef    00000004     oled_ui.o (.rodata.str1.12983537867572525563.1)
                  000119f3    00000004     oled_ui.o (.rodata.str1.130772507669342127.1)
                  000119f7    00000004     oled_ui.o (.rodata.str1.13244290092665904221.1)
                  000119fb    00000004     fault.o (.rodata.str1.13582094816268305212.1)
                  000119ff    00000004     oled_ui.o (.rodata.str1.13750180467131823662.1)
                  00011a03    00000004     oled_ui.o (.rodata.str1.13871579367539052597.1)
                  00011a07    00000004     vision_tuning_console.o (.rodata.str1.14084955404328172175.1)
                  00011a0b    00000004     oled_ui.o (.rodata.str1.14134189893851348960.1)
                  00011a0f    00000004     oled_ui.o (.rodata.str1.14358698208395374265.1)
                  00011a13    00000004     oled_ui.o (.rodata.str1.14556837007311414654.1)
                  00011a17    00000004     oled_ui.o (.rodata.str1.14774750633985060196.1)
                  00011a1b    00000004     oled_ui.o (.rodata.str1.15008238333949226094.1)
                  00011a1f    00000004     oled_ui.o (.rodata.str1.15577080202403550426.1)
                  00011a23    00000004     menu.o (.rodata.str1.16312125044762562515.1)
                  00011a27    00000004     fault.o (.rodata.str1.16482347271627360806.1)
                  00011a2b    00000004     oled_ui.o (.rodata.str1.16554583589798097927.1)
                  00011a2f    00000004     vision_pitch_tuning.o (.rodata.str1.16579632732967443104.1)
                  00011a33    00000004     oled_ui.o (.rodata.str1.16849766574302683489.1)
                  00011a37    00000004     oled_ui.o (.rodata.str1.16939060351352778619.1)
                  00011a3b    00000004     menu.o (.rodata.str1.17041139162815566052.1)
                  00011a3f    00000004     car_controller.o (.rodata.str1.17172356789460551389.1)
                  00011a43    00000004     oled_ui.o (.rodata.str1.17242430504649735449.1)
                  00011a47    00000004     oled_ui.o (.rodata.str1.17274519358952562110.1)
                  00011a4b    00000004     oled_ui.o (.rodata.str1.17436941090773226089.1)
                  00011a4f    00000004     oled_ui.o (.rodata.str1.17464849429964608858.1)
                  00011a53    00000004     oled_ui.o (.rodata.str1.17717236995185551183.1)
                  00011a57    00000004     oled_ui.o (.rodata.str1.17763996158807330232.1)
                  00011a5b    00000004     oled_ui.o (.rodata.str1.17884296644359297425.1)
                  00011a5f    00000004     oled_ui.o (.rodata.str1.18190418239766617312.1)
                  00011a63    00000004     car_controller.o (.rodata.str1.18191498530309206443.1)
                  00011a67    00000004     oled_ui.o (.rodata.str1.18379317056176403938.1)
                  00011a6b    00000004     oled_ui.o (.rodata.str1.1974573040514735405.1)
                  00011a6f    00000004     oled_ui.o (.rodata.str1.240075016795266086.1)
                  00011a73    00000004     oled_ui.o (.rodata.str1.2522137003438374266.1)
                  00011a77    00000004     oled_ui.o (.rodata.str1.2603845803395459882.1)
                  00011a7b    00000004     oled_ui.o (.rodata.str1.2608729314174233125.1)
                  00011a7f    00000004     oled_ui.o (.rodata.str1.2983744876309220570.1)
                  00011a83    00000004     oled_ui.o (.rodata.str1.344790106308886506.1)
                  00011a87    00000004     oled_ui.o (.rodata.str1.3467953211977455017.1)
                  00011a8b    00000004     oled_ui.o (.rodata.str1.4082595774073207366.1)
                  00011a8f    00000004     oled_ui.o (.rodata.str1.4581686099848791648.1)
                  00011a93    00000004     oled_ui.o (.rodata.str1.4932371652560868037.1)
                  00011a97    00000004     oled_ui.o (.rodata.str1.5004483696121082904.1)
                  00011a9b    00000004     oled_ui.o (.rodata.str1.5291836437463020264.1)
                  00011a9f    00000004     oled_ui.o (.rodata.str1.5376340479846291137.1)
                  00011aa3    00000004     oled_ui.o (.rodata.str1.5463568455719735.1)
                  00011aa7    00000004     car_controller.o (.rodata.str1.5475209154116713896.1)
                  00011aab    00000004     oled_ui.o (.rodata.str1.5689016102676777062.1)
                  00011aaf    00000004     oled_ui.o (.rodata.str1.5853739094453432564.1)
                  00011ab3    00000004     oled_ui.o (.rodata.str1.5965450730569173784.1)
                  00011ab7    00000004     oled_ui.o (.rodata.str1.5965888106848176421.1)
                  00011abb    00000004     oled_ui.o (.rodata.str1.6350830172869379626.1)
                  00011abf    00000004     oled_ui.o (.rodata.str1.6398192001994169976.1)
                  00011ac3    00000004     oled_ui.o (.rodata.str1.6473435968988645044.1)
                  00011ac7    00000004     oled_ui.o (.rodata.str1.6806727740681590176.1)
                  00011acb    00000004     menu.o (.rodata.str1.6857549598058878762.1)
                  00011acf    00000004     oled_ui.o (.rodata.str1.7050595558965647569.1)
                  00011ad3    00000004     fault.o (.rodata.str1.7255546073596598018.1)
                  00011ad7    00000004     oled_ui.o (.rodata.str1.7481335054564682966.1)
                  00011adb    00000004     oled_ui.o (.rodata.str1.8124536758062367015.1)
                  00011adf    00000004     oled_ui.o (.rodata.str1.8236579331345056500.1)
                  00011ae3    00000004     oled_ui.o (.rodata.str1.8449035241871861290.1)
                  00011ae7    00000004     oled_ui.o (.rodata.str1.8703997732205428909.1)
                  00011aeb    00000004     oled_ui.o (.rodata.str1.8709745090823444516.1)
                  00011aef    00000004     oled_ui.o (.rodata.str1.8950259614286592359.1)
                  00011af3    00000004     oled_ui.o (.rodata.str1.9135818829835424837.1)
                  00011af7    00000004     oled_ui.o (.rodata.str1.9159586779647977165.1)
                  00011afb    00000004     car_controller.o (.rodata.str1.9234375891235759983.1)
                  00011aff    00000004     oled_ui.o (.rodata.str1.9250665025187963892.1)
                  00011b03    00000004     vision_tuning_console.o (.rodata.str1.9292707793305368794.1)
                  00011b07    00000004     oled_ui.o (.rodata.str1.9351772214919528733.1)
                  00011b0b    00000004     vision_yaw_tuning.o (.rodata.str1.9489746196023004463.1)
                  00011b0f    00000004     oled_ui.o (.rodata.str1.9584387800903135389.1)
                  00011b13    00000004     oled_ui.o (.rodata.str1.967006512144173535.1)
                  00011b17    00000004     oled_ui.o (.rodata.str1.9854382722193312766.1)
                  00011b1b    00000004     oled_ui.o (.rodata.str1.9992244628984851027.1)
                  00011b1f    00000003     vision_pitch_tuning.o (.rodata.str1.10553819018306626402.1)
                  00011b22    00000003     oled_ui.o (.rodata.str1.1108652269057166745.1)
                  00011b25    00000003     oled_ui.o (.rodata.str1.11178346780556493352.1)
                  00011b28    00000003     oled_ui.o (.rodata.str1.11388022865931857840.1)
                  00011b2b    00000003     oled_ui.o (.rodata.str1.12182588061437138428.1)
                  00011b2e    00000003     vision_tuning_console.o (.rodata.str1.12197883643583142124.1)
                  00011b31    00000003     oled_ui.o (.rodata.str1.12493748764729730277.1)
                  00011b34    00000003     oled_ui.o (.rodata.str1.12571791089077708471.1)
                  00011b37    00000003     oled_ui.o (.rodata.str1.12888220461447056082.1)
                  00011b3a    00000003     menu.o (.rodata.str1.13124720451672825294.1)
                  00011b3d    00000003     menu.o (.rodata.str1.14098755746347272832.1)
                  00011b40    00000003     oled_ui.o (.rodata.str1.14168333168339663346.1)
                  00011b43    00000003     oled_ui.o (.rodata.str1.14265077442249237877.1)
                  00011b46    00000003     oled_ui.o (.rodata.str1.14711868471336838103.1)
                  00011b49    00000003     oled_ui.o (.rodata.str1.14740362735394205067.1)
                  00011b4c    00000003     vision_pitch_tuning.o (.rodata.str1.15082469624955958926.1)
                  00011b4f    00000003     vision_yaw_tuning.o (.rodata.str1.15455206247194842411.1)
                  00011b52    00000003     oled_ui.o (.rodata.str1.15802367878353263018.1)
                  00011b55    00000003     oled_ui.o (.rodata.str1.15859922799842739878.1)
                  00011b58    00000003     vision_tuning_console.o (.rodata.str1.16336339630363933256.1)
                  00011b5b    00000003     oled_ui.o (.rodata.str1.16496169091617228061.1)
                  00011b5e    00000003     oled_ui.o (.rodata.str1.16526439943277383452.1)
                  00011b61    00000003     oled_ui.o (.rodata.str1.16635595130967924751.1)
                  00011b64    00000003     oled_ui.o (.rodata.str1.16895433903389883335.1)
                  00011b67    00000003     oled_ui.o (.rodata.str1.17067061841413117831.1)
                  00011b6a    00000003     vision_pitch_tuning.o (.rodata.str1.17185918124541117546.1)
                  00011b6d    00000003     oled_ui.o (.rodata.str1.17812014771544466701.1)
                  00011b70    00000003     oled_ui.o (.rodata.str1.182352409660151230.1)
                  00011b73    00000003     vision_pitch_tuning.o (.rodata.str1.18308346119964257230.1)
                  00011b76    00000003     vision_pitch_tuning.o (.rodata.str1.2353024170771920291.1)
                  00011b79    00000003     oled_ui.o (.rodata.str1.2742282290834473644.1)
                  00011b7c    00000003     oled_ui.o (.rodata.str1.3025253791635144717.1)
                  00011b7f    00000003     oled_ui.o (.rodata.str1.3455423528827705371.1)
                  00011b82    00000003     oled_ui.o (.rodata.str1.35417727660486075.1)
                  00011b85    00000003     vision_yaw_tuning.o (.rodata.str1.4032468970572441659.1)
                  00011b88    00000003     oled_ui.o (.rodata.str1.4193589846040060630.1)
                  00011b8b    00000003     oled_ui.o (.rodata.str1.4582914374586912483.1)
                  00011b8e    00000003     menu.o (.rodata.str1.4646809750356241979.1)
                  00011b91    00000003     oled_ui.o (.rodata.str1.4723632947289500520.1)
                  00011b94    00000003     vision_yaw_tuning.o (.rodata.str1.6393086909333857079.1)
                  00011b97    00000003     vision_yaw_tuning.o (.rodata.str1.6657421771701333087.1)
                  00011b9a    00000003     oled_ui.o (.rodata.str1.6954814719705590448.1)
                  00011b9d    00000003     oled_ui.o (.rodata.str1.7185587941321649510.1)
                  00011ba0    00000003     fault.o (.rodata.str1.8193046109637024842.1)
                  00011ba3    00000003     oled_ui.o (.rodata.str1.8399051469953744892.1)
                  00011ba6    00000003     oled_ui.o (.rodata.str1.8403269972884532600.1)
                  00011ba9    00000003     oled_ui.o (.rodata.str1.8471462185882660445.1)
                  00011bac    00000003     oled_ui.o (.rodata.str1.9295666102996717355.1)
                  00011baf    00000003     oled_ui.o (.rodata.str1.9544068167406571052.1)
                  00011bb2    00000003     oled_ui.o (.rodata.str1.9554470707595806150.1)
                  00011bb5    00000002     oled_ui.o (.rodata.str1.11627403558423016802.1)
                  00011bb7    00000002     oled_ui.o (.rodata.str1.1276391367487699528.1)
                  00011bb9    00000002     oled_ui.o (.rodata.str1.13271657277589579873.1)
                  00011bbb    00000002     oled_ui.o (.rodata.str1.17881291656140238186.1)
                  00011bbd    00000002     oled_ui.o (.rodata.str1.9822857334037886482.1)
                  00011bbf    00000001     --HOLE-- [fill = 0]

.init_array 
*          0    00000000    00000000     UNINITIALIZED

.binit     0    00000000    00000000     

.bss       0    20200000    00000d3d     UNINITIALIZED
                  20200000    00000200     vision_receiver.o (.bss.g_ring)
                  20200200    000001a8     runtime_snapshot.o (.bss.g_snapshot)
                  202003a8    00000100     vision_tuning_console.o (.bss.g_rxRing)
                  202004a8    00000100     vision_tuning_console.o (.bss.g_txRing)
                  202005a8    000000e4     (.common:g_appConfig)
                  2020068c    00000084     (.common:g_imuRuntime)
                  20200710    0000007c     motor_control.o (.bss.g_runtime)
                  2020078c    00000058     vision_receiver.o (.bss.g_status)
                  202007e4    00000004     imu.o (.bss.g_elapsedSinceValidSampleMs)
                  202007e8    00000058     (.common:g_wheelSpeedEstimatorRuntime)
                  20200840    00000048     gimbal_vision_adapter.o (.bss.g_feedback)
                  20200888    00000040     gimbal.o (.bss.g_feedback)
                  202008c8    00000040     vision_tuning_console.o (.bss.g_line)
                  20200908    00000040     line_controller.o (.bss.g_lineRuntime)
                  20200948    00000040     gimbal.o (.bss.g_pitchFeedback)
                  20200988    0000003c     (.common:g_appRuntime)
                  202009c4    00000030     (.common:gUART_VISIONBackup)
                  202009f4    0000002c     vision_receiver.o (.bss.g_observation)
                  20200a20    0000002c     empty.o (.bss.g_schedulerStats)
                  20200a4c    00000028     gimbal_tracker.o (.bss.g_feedback)
                  20200a74    00000028     vision_receiver.o (.bss.g_frame)
                  20200a9c    00000024     gimbal_vision_yaw_tracker.o (.bss.g_feedback)
                  20200ac0    0000001c     mission_manager.o (.bss.g_missionRuntime)
                  20200adc    0000001c     (.common:g_headingRuntime)
                  20200af8    00000018     obstacle_avoidance.o (.bss.g_avoidFeedback)
                  20200b10    00000018     gimbal_stepper.o (.bss.g_feedback)
                  20200b28    00000018     gimbal_vision_pitch_tracker.o (.bss.g_feedback)
                  20200b40    00000018     vision_pitch_tuning.o (.bss.g_status)
                  20200b58    00000018     vision_tuning_console.o (.bss.g_status)
                  20200b70    00000014     motion_action.o (.bss.g_motionActionRuntime)
                  20200b84    00000004     gimbal_tracker.o (.bss.g_filteredErrorX)
                  20200b88    00000014     vision_yaw_tuning.o (.bss.g_status)
                  20200b9c    00000014     watchdog_monitor.o (.bss.g_status)
                  20200bb0    00000010     fault.o (.bss.g_faultRecord)
                  20200bc0    00000010     motor.o (.bss.g_motorRuntime)
                  20200bd0    0000000e     car_controller.o (.bss.g_carControllerFeedback)
                  20200bde    00000002     ultrasonic.o (.bss.g_echoTicks)
                  20200be0    0000000e     ultrasonic.o (.bss.g_ultrasonicFeedback)
                  20200bee    00000002     gimbal.o (.bss.g_pitchHalfPeriodTicks)
                  20200bf0    0000000c     gimbal_tracker.o (.bss.g_observation)
                  20200bfc    0000000c     debug_telemetry.o (.bss.g_status)
                  20200c08    00000008     obstacle_monitor.o (.bss.g_obstacleFeedback)
                  20200c10    00000008     gimbal.o (.bss.g_pitchContinuousDegX10)
                  20200c18    00000008     gimbal.o (.bss.g_pitchEstimatedSteps)
                  20200c20    00000008     gimbal.o (.bss.g_pitchTargetDegX10)
                  20200c28    00000008     gimbal.o (.bss.g_pitchTargetEstimatedSteps)
                  20200c30    00000008     gimbal_stepper.o (.bss.g_stepperEstimatedSteps)
                  20200c38    00000008     gimbal_stepper.o (.bss.g_stepperTargetEstimatedSteps)
                  20200c40    00000008     gimbal.o (.bss.g_yawContinuousDegX10)
                  20200c48    00000008     gimbal.o (.bss.g_yawLockedWorldYawDegX10)
                  20200c50    00000008     gimbal.o (.bss.g_yawTargetContinuousDegX10)
                  20200c58    00000008     gimbal.o (.bss.g_yawWorldTargetDegX10)
                  20200c60    00000008     gimbal.o (.bss.g_yawWrappedDegX10)
                  20200c68    00000006     ultrasonic.o (.bss.g_distanceSamples)
                  20200c6e    00000006     key.o (.bss.g_key1)
                  20200c74    00000006     key.o (.bss.g_key2)
                  20200c7a    00000006     key.o (.bss.g_key3)
                  20200c80    00000004     gimbal_tracker.o (.bss.g_filteredErrorY)
                  20200c84    00000004     gimbal_vision_adapter.o (.bss.g_lastAcceptedFrameCount)
                  20200c88    00000004     debug_telemetry.o (.bss.g_lastFrameMs)
                  20200c8c    00000004     watchdog_monitor.o (.bss.g_lastTickMs)
                  20200c90    00000004     wheel_speed_estimator.o (.bss.g_latchedErrorFlags)
                  20200c94    00000004     empty.o (.bss.g_localTimeMs)
                  20200c98    00000004     encoder.o (.bss.g_motorAPulses)
                  20200c9c    00000004     encoder.o (.bss.g_motorBPulses)
                  20200ca0    00000004     gimbal.o (.bss.g_pitchCommandedRpm)
                  20200ca4    00000004     gimbal.o (.bss.g_pitchCompletedSteps)
                  20200ca8    00000004     gimbal_tracker.o (.bss.g_pitchTargetDeg)
                  20200cac    00000004     gimbal.o (.bss.g_pitchTargetRpm)
                  20200cb0    00000004     gimbal.o (.bss.g_pitchTrackingTargetRpm)
                  20200cb4    00000004     imu.o (.bss.g_previousValidCorrectedGyroZDps)
                  20200cb8    00000004     servo.o (.bss.g_servoFeedback)
                  20200cbc    00000004     gimbal_vision_yaw_tracker.o (.bss.g_sessionId)
                  20200cc0    00000004     gimbal_stepper.o (.bss.g_stepperCompletedSteps)
                  20200cc4    00000004     gimbal_vision_yaw_tracker.o (.bss.g_targetWrappedDeg)
                  20200cc8    00000004     gimbal.o (.bss.g_yawCommandedRpm)
                  20200ccc    00000004     gimbal.o (.bss.g_yawTargetRpm)
                  20200cd0    00000004     gimbal_tracker.o (.bss.g_yawTargetWrappedDeg)
                  20200cd4    00000004     empty.o (.bss.main.lastAppUpdateMs)
                  20200cd8    00000002     gimbal.o (.bss.g_pitchStepHalfPeriodTicks)
                  20200cda    00000002     obstacle_avoidance.o (.bss.g_resumeGraceMs)
                  20200cdc    00000002     vision_receiver.o (.bss.g_ringHead)
                  20200cde    00000002     vision_receiver.o (.bss.g_ringTail)
                  20200ce0    00000002     vision_tuning_console.o (.bss.g_rxHead)
                  20200ce2    00000002     vision_tuning_console.o (.bss.g_rxTail)
                  20200ce4    00000002     servo.o (.bss.g_servoPwmPhase)
                  20200ce6    00000002     ultrasonic.o (.bss.g_stateTicks)
                  20200ce8    00000002     gimbal_stepper.o (.bss.g_stepperHalfPeriodTicks)
                  20200cea    00000002     gimbal_stepper.o (.bss.g_stepperStepHalfPeriodTicks)
                  20200cec    00000002     vision_tuning_console.o (.bss.g_txHead)
                  20200cee    00000002     vision_tuning_console.o (.bss.g_txTail)
                  20200cf0    00000002     (.common:g_trackError)
                  20200cf2    00000001     oled_ui.o (.bss.OledUi_Update_20ms.refreshDivider)
                  20200cf3    00000001     empty.o (.bss.SysTick_Handler.controlMsCount)
                  20200cf4    00000001     empty.o (.bss.SysTick_Handler.gimbalMsCount)
                  20200cf5    00000001     empty.o (.bss.SysTick_Handler.tick100usCount)
                  20200cf6    00000001     empty.o (.bss.SysTick_Handler.trackerMsCount)
                  20200cf7    00000001     ultrasonic.o (.bss.Ultrasonic_Update_20ms.triggerDivider)
                  20200cf8    00000001     empty.o (.bss.g_appUpdatePending)
                  20200cf9    00000001     vision_tuning_console.o (.bss.g_capturing)
                  20200cfa    00000001     car_state.o (.bss.g_carState)
                  20200cfb    00000001     obstacle_monitor.o (.bss.g_centerSettleTicks)
                  20200cfc    00000001     vision_tuning_console.o (.bss.g_commandTarget)
                  20200cfd    00000001     ultrasonic.o (.bss.g_distanceSampleCount)
                  20200cfe    00000001     ultrasonic.o (.bss.g_distanceSampleIndex)
                  20200cff    00000001     emergency_stop.o (.bss.g_emergencyStopActive)
                  20200d00    00000001     gimbal_tracker.o (.bss.g_enabled)
                  20200d01    00000001     gimbal_vision_pitch_tracker.o (.bss.g_enabled)
                  20200d02    00000001     gimbal_vision_yaw_tracker.o (.bss.g_enabled)
                  20200d03    00000001     watchdog_monitor.o (.bss.g_faultApplied)
                  20200d04    00000001     watchdog_monitor.o (.bss.g_faultPending)
                  20200d05    00000001     gimbal_tracker.o (.bss.g_filterReady)
                  20200d06    00000001     vision_receiver.o (.bss.g_frameSize)
                  20200d07    00000001     empty.o (.bss.g_gimbalUpdatePending)
                  20200d08    00000001     imu.o (.bss.g_integrationHistoryValid)
                  20200d09    00000001     wheel_speed_estimator.o (.bss.g_leftFilterInitialized)
                  20200d0a    00000001     vision_tuning_console.o (.bss.g_lineSize)
                  20200d0b    00000001     obstacle_safety.o (.bss.g_obstacleSafetyHolding)
                  20200d0c    00000001     oled.o (.bss.g_oledColumn)
                  20200d0d    00000001     menu.o (.bss.g_oledPage)
                  20200d0e    00000001     encoder.o (.bss.g_overflowFlags)
                  20200d0f    00000001     menu.o (.bss.g_paramItem)
                  20200d10    00000001     menu.o (.bss.g_paramReturnPage)
                  20200d11    00000001     key.o (.bss.g_pendingEvent)
                  20200d12    00000001     gimbal.o (.bss.g_pitchControlMode)
                  20200d13    00000001     gimbal.o (.bss.g_pitchDirection)
                  20200d14    00000001     gimbal.o (.bss.g_pitchInitialized)
                  20200d15    00000001     gimbal.o (.bss.g_pitchLimitClamped)
                  20200d16    00000001     gimbal.o (.bss.g_pitchLimitDirection)
                  20200d17    00000001     gimbal.o (.bss.g_pitchPositionValid)
                  20200d18    00000001     gimbal.o (.bss.g_pitchRunning)
                  20200d19    00000001     gimbal.o (.bss.g_pitchStepHigh)
                  20200d1a    00000001     gimbal.o (.bss.g_pitchStopAfterStepLow)
                  20200d1b    00000001     vision_tuning_console.o (.bss.g_prefixIndex)
                  20200d1c    00000001     vision_tuning_console.o (.bss.g_prefixTarget)
                  20200d1d    00000001     wheel_speed_estimator.o (.bss.g_rightFilterInitialized)
                  20200d1e    00000001     car_controller.o (.bss.g_safetyHold)
                  20200d1f    00000001     gimbal_vision_yaw_tracker.o (.bss.g_sessionInitialized)
                  20200d20    00000001     imu.o (.bss.g_shortGapPending)
                  20200d21    00000001     gimbal_tracker.o (.bss.g_simObservationUpdatesRemaining)
                  20200d22    00000001     obstacle_avoidance.o (.bss.g_stateStarted)
                  20200d23    00000001     gimbal_stepper.o (.bss.g_stepperDirection)
                  20200d24    00000001     gimbal_stepper.o (.bss.g_stepperRunning)
                  20200d25    00000001     gimbal_stepper.o (.bss.g_stepperStepHigh)
                  20200d26    00000001     gimbal_stepper.o (.bss.g_stepperStopAfterStepLow)
                  20200d27    00000001     motor_control.o (.bss.g_targetRefreshed)
                  20200d28    00000001     gimbal_vision_yaw_tracker.o (.bss.g_targetSynced)
                  20200d29    00000001     gimbal_tracker.o (.bss.g_targetValid)
                  20200d2a    00000001     gimbal_tracker.o (.bss.g_targetsSynced)
                  20200d2b    00000001     empty.o (.bss.g_trackerUpdatePending)
                  20200d2c    00000001     gimbal_tracker.o (.bss.g_trackingActive)
                  20200d2d    00000001     gimbal_vision_pitch_tracker.o (.bss.g_trackingActive)
                  20200d2e    00000001     gimbal_vision_yaw_tracker.o (.bss.g_trackingActive)
                  20200d2f    00000001     ultrasonic.o (.bss.g_triggerRequest)
                  20200d30    00000001     ultrasonic.o (.bss.g_ultrasonicState)
                  20200d31    00000001     gimbal.o (.bss.g_yawLimitClamped)
                  20200d32    00000001     gimbal.o (.bss.g_yawLimitDirection)
                  20200d33    00000001     gimbal.o (.bss.g_yawPositionValid)
                  20200d34    00000001     gimbal.o (.bss.g_yawWorldLockEnabled)
                  20200d35    00000001     (.common:g_carStateDebug)
                  20200d36    00000001     (.common:g_keyEvent)
                  20200d37    00000001     (.common:g_oledPageDebug)
                  20200d38    00000001     (.common:g_paramItemDebug)
                  20200d39    00000001     (.common:g_trackBlackCount)
                  20200d3a    00000001     (.common:g_trackModeDebug)
                  20200d3b    00000001     (.common:g_trackRaw)
                  20200d3c    00000001     (.common:g_trackTurnDebug)

.data      0    20200d3d    00000001     UNINITIALIZED
                  20200d3d    00000001     car_controller.o (.data.g_followTurnPolicy)

.stack     0    20207e00    00000200     UNINITIALIZED
                  20207e00    00000004     libc.a : boot_cortex_m.c.obj (.stack)
                  20207e04    000001fc     --HOLE--

__llvm_prf_cnts 
*          0    20200000    00000000     UNINITIALIZED

__llvm_prf_bits 
*          0    20200000    00000000     UNINITIALIZED

MODULE SUMMARY

       Module                          code    ro data   rw data
       ------                          ----    -------   -------
    .\
       oled_ui.o                       12672   1007      1      
       vision_tuning_console.o         9616    102       613    
       gimbal.o                        5884    0         241    
       imu.o                           4252    0         142    
       car_controller.o                3800    73        76     
       motor_control.o                 2768    0         125    
       oled.o                          2210    401       1      
       gimbal_tracker.o                2288    0         74     
       line_controller.o               2112    0         64     
       app_config.o                    1656    0         228    
       vision_receiver.o               1112    0         689    
       gimbal_vision_yaw_tracker.o     1732    0         48     
       runtime_snapshot.o              1080    0         424    
       wheel_speed_estimator.o         1312    0         94     
       mission_library.o               172     1211      0      
       mission_manager.o               1260    0         28     
       gimbal_stepper.o                1168    0         52     
       obstacle_avoidance.o            1138    0         27     
       motion_action.o                 1056    0         20     
       menu.o                          728     68        3      
       motor.o                         776     0         16     
       empty.o                         676     0         59     
       vision_protocol.o               732     0         0      
       gimbal_vision_pitch_tracker.o   696     0         26     
       ti_msp_dl_config.o              636     23        48     
       ultrasonic.o                    596     0         29     
       key.o                           436     0         19     
       app.o                           410     0         10     
       fault.o                         296     65        16     
       track_sensor.o                  372     0         0      
       heading_control.o               340     0         28     
       vision_pitch_tuning.o           268     48        24     
       watchdog_monitor.o              292     0         26     
       vision_yaw_tuning.o             248     41        20     
       gimbal_vision_adapter.o         228     0         76     
       encoder.o                       276     0         9      
       obstacle_safety.o               264     0         1      
       obstacle_monitor.o              192     0         9      
       startup_mspm0g350x_ticlang.o    6       192       0      
       angle_utils.o                   192     0         0      
       servo.o                         176     0         6      
       emergency_stop.o                176     0         1      
       vision_uart.o                   164     0         0      
       debug_telemetry.o               56      0         16     
       car_state.o                     36      0         1      
    +--+-------------------------------+-------+---------+---------+
       Total:                          66556   3231      3390   
                                                                
    C:/TI/mspm0_sdk_2_05_01_00/source/ti/driverlib/lib/ticlang/m0p/mspm0g1x0x_g3x0x/driverlib.a
       dl_timer.o                      388     0         0      
       dl_uart.o                       90      0         0      
       dl_common.o                     10      0         0      
    +--+-------------------------------+-------+---------+---------+
       Total:                          488     0         0      
                                                                
    D:\TI\CCS\ccs\tools\compiler\ti-cgt-armllvm_4.0.4.LTS\lib\armv6m-ti-none-eabi/c/libc.a
       memcpy16.S.obj                  154     0         0      
       strcmp-armv6m.S.obj             136     0         0      
       copy_decompress_lzss.c.obj      124     0         0      
       memset16.S.obj                  98      0         0      
       autoinit.c.obj                  60      0         0      
       boot_cortex_m.c.obj             56      0         0      
       memmov.c.obj                    40      0         0      
       copy_decompress_none.c.obj      18      0         0      
       copy_zero_init.c.obj            16      0         0      
       exit.c.obj                      6       0         0      
       pre_init.c.obj                  4       0         0      
    +--+-------------------------------+-------+---------+---------+
       Total:                          712     0         0      
                                                                
    D:\TI\CCS\ccs\tools\compiler\ti-cgt-armllvm_4.0.4.LTS\lib\armv6m-ti-none-eabi/c/libsysbm.a
       hostexit.c.obj                  4       0         0      
    +--+-------------------------------+-------+---------+---------+
       Total:                          4       0         0      
                                                                
    D:\TI\CCS\ccs\tools\compiler\ti-cgt-armllvm_4.0.4.LTS\lib\armv6m-ti-none-eabi/libclang_rt.builtins.a
       addsf3.S.obj                    216     0         0      
[...]

address   name                                      
-------   ----                                      
00000000  __TI_ATRegion0_region_sz                  
00000000  __TI_ATRegion0_src_addr                   
00000000  __TI_ATRegion0_trg_addr                   
00000000  __TI_ATRegion1_region_sz                  
00000000  __TI_ATRegion1_src_addr                   
00000000  __TI_ATRegion1_trg_addr                   
00000000  __TI_ATRegion2_region_sz                  
00000000  __TI_ATRegion2_src_addr                   
00000000  __TI_ATRegion2_trg_addr                   
00000000  __TI_static_base__                        
00000000  interruptVectors                          
000000c1  OledUi_Update_20ms                        
00000200  __STACK_SIZE                              
00003159  VisionTuningConsole_Process               
00004f2d  LineController_Update                     
0000541d  AppConfig_LimitAll                        
000058cd  GimbalTracker_Update                      
00006195  WheelSpeedEstimator_Update                
000065d1  RuntimeSnapshot_Update                    
000069f1  Imu_Update                                
00006dd1  VisionReceiver_Process                    
00007181  GimbalVisionYawTracker_Update10ms         
00007509  Imu_Init                                  
00007bed  ObstacleAvoidance_Update_20ms             
000087d5  Gimbal_YawSetWrappedTargetDeg             
00008a6d  Gimbal_YawUpdate5ms                       
00008d01  Gimbal_PitchSetTrackingSpeedDegS          
00008f91  MotorControl_Update                       
0000921d  MotionAction_Update_20ms                  
00009471  OLED_Clear                                
000098fd  Imu_CalibrateGyroBias                     
00009b2d  GimbalVisionPitchTracker_Update10ms       
00009d55  Menu_HandleKeyEvent                       
00009f7d  Motor_SetSpeed                            
0000a181  VisionProtocol_ParseV1TargetFrame         
0000a905  AppConfig_InitDefault                     
0000aacd  Gimbal_PitchUpdate5ms                     
0000ae41  Ultrasonic_Tick100us                      
0000afe1  GimbalStepper_Tick100us                   
0000b175  Gimbal_PitchTick100us                     
0000b2f5  GimbalStepper_MoveToEstimatedSteps        
0000b471  Key_Update_20ms                           
0000b5e5  Gimbal_Init                               
0000b751  main                                      
0000b8b9  CarController_Update_20ms                 
0000bf89  OLED_PrintInt16                           
0000c1f1  Gimbal_YawEnableWorldLock                 
0000c681  LineController_Reset                      
0000c79d  App_Update_20ms                           
0000cac9  DL_Timer_initFourCCPWMMode                
0000cbcd  LineController_ResetControlState          
0000ccd1  MissionManager_Update_20ms                
0000cdd5  MotorControl_SetNormalizedTarget          
0000ced5  SysTick_Handler                           
0000cfd1  LineController_Init                       
0000d0c9  Gimbal_PitchStopHold                      
0000d1b9  HeadingControl_Update                     
0000d479  MissionManager_SelectNext                 
0000d55d  ObstacleSafety_Update_20ms                
0000d63d  MotionAction_Start                        
0000d719  SYSCFG_DL_GPIO_init                       
0000d7f5  WheelSpeedEstimator_Init                  
0000d9ad  OLED_PrintUInt16                          
0000da85  __aeabi_fsub                              
0000da85  __subsf3                                  
0000da8f  __addsf3                                  
0000da8f  __aeabi_fadd                              
0000db5d  OLED_Init                                 
0000dc31  OLED_PrintChar                            
0000dd01  MissionManager_SelectPrevious             
0000ddcd  FaultCode_ToShortString                   
0000de95  CarController_StartTurnToYawRelative      
0000df59  Angle_Normalize180                        
0000e019  CarController_StartDriveHeading           
0000e0d5  GimbalStepper_StopHold                    
0000e189  GimbalVisionAdapter_Update                
0000e23d  GimbalStepper_Init                        
0000e2ed  CarController_StartSeekLine               
0000e399  Encoder_HandleGpioInterrupt               
0000e4e1  __udivmoddi4                              
0000e583  ADC0_IRQHandler                           
0000e583  ADC1_IRQHandler                           
0000e583  AES_IRQHandler                            
0000e583  CANFD0_IRQHandler                         
0000e583  DAC0_IRQHandler                           
0000e583  DMA_IRQHandler                            
0000e583  Default_Handler                           
0000e583  GROUP0_IRQHandler                         
0000e583  HardFault_Handler                         
0000e583  I2C0_IRQHandler                           
0000e583  I2C1_IRQHandler                           
0000e583  NMI_Handler                               
0000e583  PendSV_Handler                            
0000e583  RTC_IRQHandler                            
0000e583  SPI0_IRQHandler                           
0000e583  SPI1_IRQHandler                           
0000e583  SVC_Handler                               
0000e583  TIMA0_IRQHandler                          
0000e583  TIMA1_IRQHandler                          
0000e583  TIMG0_IRQHandler                          
0000e583  TIMG12_IRQHandler                         
0000e583  TIMG6_IRQHandler                          
0000e583  TIMG7_IRQHandler                          
0000e583  TIMG8_IRQHandler                          
0000e583  UART0_IRQHandler                          
0000e583  UART1_IRQHandler                          
0000e583  UART2_IRQHandler                          
0000e585  CarController_StartFollowLine             
0000e621  ObstacleMonitor_Update_20ms               
0000e6bd  memcpy                                    
0000e757  TrackSensor_Init                          
0000e889  CarController_Init                        
0000e919  CarController_StartTurnRight90            
0000e9a9  CarController_ResetRuntime                
0000ea35  CarController_StartTurnLeft90             
0000eac1  Gimbal_YawDisableWorldLock                
0000eb4d  Gimbal_YawStopHold                        
0000ebd9  SYSCFG_DL_PWM_MOTOR_init                  
0000ec65  __aeabi_fmul                              
0000ec65  __mulsf3                                  
0000ed7c  C$$EXIT                                   
0000ed7d  HOSTexit                                  
0000ed81  strcmp                                    
0000ee09  Motor_Init                                
0000ee8d  App_Init                                  
0000ef0f  __aeabi_idiv0                             
0000ef11  __aeabi_fdiv                              
0000ef11  __divsf3                                  
0000ef93  __aeabi_ldiv0                             
0000ef95  CarController_SetSafetyHold               
0000f015  GimbalTracker_Init                        
0000f095  MissionLibrary_Validate                   
0000f115  Motor_Stop                                
0000f195  VisionPitchTuning_Set                     
0000f211  __TI_decompress_lzss                      
0000f379  SYSCFG_DL_UART_VISION_init                
0000f3e9  VisionYawTuning_Set                       
0000f459  TrackSensor_DetectTurn                    
0000f4c9  GimbalVisionYawTracker_Init               
0000f535  MissionManager_GetSelectedMissionIndex    
0000f59d  TrackSensor_GetErrorFromRaw               
0000f605  Menu_GetParamValue                        
0000f669  __aeabi_fcmpeq                            
0000f67d  __aeabi_fcmplt                            
0000f691  __aeabi_fcmple                            
0000f6a5  __aeabi_fcmpge                            
0000f6b9  __aeabi_fcmpgt                            
0000f6cb  memset                                    
0000f72d  GimbalTracker_GetFeedback                 
0000f78d  VisionTuningConsole_Init                  
0000f7ed  __aeabi_f2lz                              
0000f7ed  __fixsfdi                                 
0000f84d  UART3_IRQHandler                          
0000f8a9  Ultrasonic_Update_20ms                    
0000f961  __aeabi_idiv                              
0000f961  __aeabi_idivmod                           
0000f9b9  TrackSensor_ReadRaw                       
0000fab5  Ultrasonic_Init                           
0000fb05  WatchdogMonitor_ApplyFaultIfNeeded        
0000fb55  __aeabi_l2f                               
0000fb55  __floatdisf                               
0000fba5  MissionManager_Start                      
0000fbf1  MotorControl_Stop                         
0000fc3d  WatchdogMonitor_Tick1msFromIsr            
0000fcd5  DL_UART_init                              
0000fd1d  MotionAction_ReapplyControllerTarget      
0000fd65  Encoder_GetAndClearPulseDeltas            
0000fda9  Imu_ResetYaw                              
0000fded  Servo_Tick100us                           
0000fe31  EmergencyStop_Reset                       
0000fe71  GimbalVisionPitchTracker_Init             
0000feb1  MissionManager_Init                       
0000fef1  SYSCFG_DL_SYSCTL_init                     
0000ff31  SYSCFG_DL_initPower                       
0000ff71  VisionReceiver_PushByteFromIsr            
0000ffb1  __aeabi_uidiv                             
0000ffb1  __aeabi_uidivmod                          
0000fff1  __divmoddi4                               
00010031  Servo_SetAngleDeg                         
0001006d  VisionTuningConsole_PushByteFromIsr       
000100a9  __aeabi_i2f                               
000100a9  __floatsisf                               
000100e5  __gesf2                                   
000100e5  __gtsf2                                   
00010121  __TI_auto_init_nobinit_nopinit            
0001015d  __cmpsf2                                  
0001015d  __eqsf2                                   
0001015d  __lesf2                                   
0001015d  __ltsf2                                   
0001015d  __nesf2                                   
00010199  __muldsi3                                 
000101d5  VisionReceiver_Init                       
0001020d  __aeabi_f2iz                              
0001020d  __fixsfsi                                 
00010245  EmergencyStop_Trigger                     
00010279  Imu_IsReady                               
000102ad  OLED_SetCursor                            
000102e1  VisionTuningConsole_TryPopTxByte          
00010315  VisionUart_Process                        
0001037d  OLED_PrintString                          
000103b1  Fault_Raise                               
000103e1  GimbalVisionYawTracker_GetFeedback        
00010411  Gimbal_PitchGetFeedback                   
00010441  Key_Init                                  
00010471  LineController_ObserveSensors             
000104a1  MissionManager_Resume                     
000104d1  VisionPitchTuning_RestoreDefault          
00010501  WatchdogMonitor_Init                      
00010561  CarController_Stop                        
0001058d  Encoder_Reset                             
000105b9  MissionManager_Cancel                     
000105e5  MissionManager_Reset                      
00010611  TrackSensor_CountBlack                    
0001063d  VisionYawTuning_RestoreDefault            
000106c1  ObstacleAvoidance_Init                    
000106e9  Servo_Init                                
00010711  VisionPitchTuning_Init                    
00010739  WatchdogMonitor_Reset                     
00010761  __aeabi_ui2f                              
00010761  __floatunsisf                             
00010789  memmove                                   
000107b1  _c_int00_noargs                           
000107d9  EmergencyStop_Enforce                     
000107fd  GimbalVisionPitchTracker_GetFeedback      
00010821  MissionManager_ReportExternalFailure      
00010845  MotorControl_Init                         
00010869  MotorControl_Reset                        
0001088d  SYSCFG_DL_init                            
000108b1  VisionYawTuning_Init                      
000108d5  __aeabi_lmul                              
000108d5  __muldi3                                  
000108f9  DL_Timer_overrideCCPOut                   
00010919  DebugTelemetry_Update                     
00010939  MissionManager_Pause                      
00010959  MotionAction_GetCurrentBypassDirection    
00010979  MotionAction_GetCurrentObstaclePolicy     
00010999  SchedulerMonitor_GetStats                 
000109b9  VisionReceiver_GetProtocolErrorCount      
000109f9  __aeabi_llsl                              
000109f9  __ashldi3                                 
00010a19  DL_Timer_setCaptCompUpdateMethod          
00010a35  DL_Timer_setClockConfig                   
00010a51  GimbalVisionAdapter_Init                  
00010a6d  HeadingControl_SetTargetYaw               
00010a89  Menu_Init                                 
00010aa5  MotionAction_Cancel                       
00010ac1  ObstacleMonitor_Init                      
00010add  ObstacleSafety_Init                       
00010af9  VisionPitchTuning_ParamName               
00010b15  VisionYawTuning_GetSnapshot               
00010b31  VisionYawTuning_ParamName                 
00010b4d  WatchdogMonitor_NotifyControlCycleComplete
00010b85  CarController_RunModeToString             
00010b9d  DL_Timer_setCaptureCompareOutCtl          
00010bb5  DebugTelemetry_Init                       
00010bcd  HeadingControl_Init                       
00010be5  HeadingControl_Reset                      
00010bfd  Menu_ParamItemToString                    
00010c15  MotionAction_Init                         
00010c2d  RuntimeSnapshot_Init                      
00010c45  __aeabi_fcmpun                            
00010c45  __unordsf2                                
00010c5d  Fault_Clear                               
00010c71  Fault_Init                                
00010c85  GROUP1_IRQHandler                         
00010c99  GimbalStepper_SetStepHalfPeriodTicks      
00010cad  HeadingControl_Enable                     
00010cc1  MissionLibrary_FindById                   
00010cd5  MissionLibrary_GetByIndex                 
00010ce9  MissionManager_GetSelectedMissionId       
00010cfd  VisionPitchTuning_GetSnapshot             
00010d11  VisionUart_Init                           
00010d25  __aeabi_ldivmod                           
00010d39  __aeabi_uldivmod                          
00010d4d  DL_UART_setClockConfig                    
00010d5f  __TI_decompress_none                      
00010d71  DL_Timer_setCaptureCompareValue           
00010d81  Gimbal_YawGetFeedback                     
00010d91  Key_GetEvent                              
00010da1  ObstacleAvoidance_IsResumeGraceActive     
00010db1  __TI_zero_init                            
00010dc1  CarController_GetRunMode                  
00010dcd  CarController_IsSafetyHoldActive          
00010dd9  CarState_Get                              
00010de5  CarState_Init                             
00010df1  CarState_Set                              
00010dfd  EmergencyStop_Init                        
00010e09  EmergencyStop_IsActive                    
00010e15  GimbalVisionAdapter_GetObservation        
00010e21  Gimbal_Tick100us                          
00010e2d  Gimbal_Update5ms                          
00010e39  Imu_GetCorrectedGyroZDps                  
00010e45  Imu_GetYaw                                
00010e51  Menu_GetPage                              
00010e5d  Menu_GetParamItem                         
00010e69  MissionManager_IsExternallyHeld           
00010e75  MissionManager_SetExternalHold            
00010e81  ObstacleAvoidance_IsActive                
00010e8d  ObstacleAvoidance_IsFailed                
00010e99  ObstacleSafety_IsHolding                  
00010ea5  OledUi_Init                               
00010eb1  SystemTime_GetMs                          
00010ebd  WatchdogMonitor_HasTripped                
00010ec9  __aeabi_memclr                            
00010ec9  __aeabi_memclr4                           
00010ec9  __aeabi_memclr8                           
00010ed5  DL_Common_delayCycles                     
00010edf  TrackSensor_IsCenterDetected              
00010ee9  TrackSensor_IsLineDetected                
00010ef3  TrackSensor_IsLineLost                    
00010efd  CarController_GetFeedback                 
00010f05  Fault_GetRecord                           
00010f0d  GimbalStepper_GetFeedback                 
00010f15  GimbalVisionAdapter_GetFeedback           
00010f1d  Gimbal_PitchStopTrackingHold              
00010f25  HeadingControl_GetRuntime                 
00010f2d  Imu_GetRuntime                            
00010f35  LineController_GetRuntime                 
00010f3d  MissionManager_GetMissionCount            
00010f45  MissionManager_GetRuntime                 
00010f4d  MotionAction_GetRuntime                   
00010f55  MotorControl_GetRuntime                   
00010f5d  ObstacleAvoidance_GetFeedback             
00010f65  ObstacleMonitor_GetFeedback               
00010f6d  Servo_GetFeedback                         
00010f75  Ultrasonic_GetFeedback                    
00010f7d  VisionPitchTuning_GetStatus               
00010f85  VisionReceiver_GetObservation             
00010f8d  VisionReceiver_GetStatus                  
00010f95  VisionTuningConsole_GetStatus             
00010f9d  WatchdogMonitor_GetStatus                 
00010fa5  WheelSpeedEstimator_GetRuntime            
00010fad  __aeabi_memcpy                            
00010fad  __aeabi_memcpy4                           
00010fad  __aeabi_memcpy8                           
00010fb5  __aeabi_memmove                           
00010fb5  __aeabi_memmove4                          
00010fb5  __aeabi_memmove8                          
00010fbd  abort                                     
00010fc3  MissionLibrary_GetCount                   
00010fc7  Reset_Handler                             
00010fdd  _system_pre_init                          
00011bc0  __TI_Handler_Table_Base                   
00011bcc  __TI_Handler_Table_Limit                  
00011bdc  __TI_CINIT_Base                           
00011bec  __TI_CINIT_Limit                          
00011bec  __TI_CINIT_Warm                           
20200000  __start___llvm_prf_bits                   
20200000  __start___llvm_prf_cnts                   
20200000  __stop___llvm_prf_bits                    
20200000  __stop___llvm_prf_cnts                    
202005a8  g_appConfig                               
2020068c  g_imuRuntime                              
202007e8  g_wheelSpeedEstimatorRuntime              
20200988  g_appRuntime                              
202009c4  gUART_VISIONBackup                        
20200adc  g_headingRuntime                          
20200cf0  g_trackError                              
20200d35  g_carStateDebug                           
20200d36  g_keyEvent                                
20200d37  g_oledPageDebug                           
20200d38  g_paramItemDebug                          
20200d39  g_trackBlackCount                         
20200d3a  g_trackModeDebug                          
20200d3b  g_trackRaw                                
20200d3c  g_trackTurnDebug                          
20207e00  __stack                                   
20208000  __STACK_END                               
ffffffff  __TI_pprof_out_hndl                       
ffffffff  __TI_prof_data_size                       
ffffffff  __TI_prof_data_start                      
ffffffff  __binit__                                 
ffffffff  binit                                     
UNDEFED   __mpu_init                                
UNDEFED   _system_post_cinit                        

[375 symbols]
