******************************************************************************
            TI ARM Clang Linker PC v4.0.4                      
******************************************************************************
>> Linked Mon Jul 13 03:00:49 2026

OUTPUT FILE NAME:   <diansaikaishi.out>
ENTRY POINT SYMBOL: "_c_int00_noargs"  address: 000040ed


MEMORY CONFIGURATION

         name            origin    length      used     unused   attr    fill
----------------------  --------  ---------  --------  --------  ----  --------
  FLASH                 00000000   00020000  00004cd0  0001b330  R  X
  SRAM                  20200000   00008000  00000346  00007cba  RW X
  BCR_CONFIG            41c00000   000000ff  00000000  000000ff  R   
  BSL_CONFIG            41c00100   00000080  00000000  00000080  R   


SEGMENT ALLOCATION MAP

run origin  load origin   length   init length attrs members
----------  ----------- ---------- ----------- ----- -------
00000000    00000000    00004cd0   00004cd0    r-x
  00000000    00000000    000000c0   000000c0    r-- .intvecs
  000000c0    000000c0    00004408   00004408    r-x .text
  000044c8    000044c8    000007d8   000007d8    r-- .rodata
  00004ca0    00004ca0    00000030   00000030    r-- .cinit
20200000    20200000    00000146   00000000    rw-
  20200000    20200000    00000145   00000000    rw- .bss
  20200145    20200145    00000001   00000000    rw- .data
20207e00    20207e00    00000200   00000000    rw-
  20207e00    20207e00    00000200   00000000    rw- .stack


SECTION ALLOCATION MAP

 output                                  attributes/
section   page    origin      length       input sections
--------  ----  ----------  ----------   ----------------
.intvecs   0    00000000    000000c0     
                  00000000    000000c0     startup_mspm0g350x_ticlang.o (.intvecs)

.text      0    000000c0    00004408     
                  000000c0    00000554     oled_ui.o (.text.OledUi_Update_20ms)
                  00000614    000004a8     car_controller.o (.text.CarController_Update_20ms)
                  00000abc    000002f0     imu.o (.text.mpu6050_read_regs)
                  00000dac    000002d8     imu.o (.text.Imu_Init)
                  00001084    00000254     oled.o (.text.OLED_Clear)
                  000012d8    00000214     imu.o (.text.Imu_CalibrateGyroBias)
                  000014ec    00000208     app_config.o (.text.AppConfig_LimitAll)
                  000016f4    000001cc     imu.o (.text.imu_i2c_write_byte)
                  000018c0    000001b8     oled.o (.text.oled_i2c_write_byte)
                  00001a78    000001a0     ultrasonic.o (.text.Ultrasonic_Tick100us)
                  00001c18    00000190     menu.o (.text.Menu_HandleKeyEvent)
                  00001da8    00000174     key.o (.text.Key_Update_20ms)
                  00001f1c    00000160     heading_control.o (.text.HeadingControl_Update)
                  0000207c    0000013c     oled.o (.text.OLED_PrintInt16)
                  000021b8    00000134     imu.o (.text.Imu_Update)
                  000022ec    0000012c     imu.o (.text.imu_i2c_recover_bus)
                  00002418    0000011c     motion_action.o (.text.MotionAction_Update_20ms)
                  00002534    000000f8     mission_manager.o (.text.MissionManager_Update_20ms)
                  0000262c    000000f0     mission_manager.o (.text.MissionManager_SelectNext)
                  0000271c    000000ec     car_controller.o (.text.handle_turn_90)
                  00002808    000000e8     motion_action.o (.text.MotionAction_Start)
                  000028f0    000000d8     mission_manager.o (.text.MissionManager_SelectPrevious)
                  000029c8    000000d8     libclang_rt.builtins.a : addsf3.S.obj (.text)
                  00002aa0    000000d4     oled.o (.text.OLED_Init)
                  00002b74    000000d0     oled.o (.text.OLED_PrintChar)
                  00002c44    000000b4     app.o (.text.App_Update_20ms)
                  00002cf8    000000b0     motor.o (.text.Motor_SetSpeed)
                  00002da8    000000b0     ti_msp_dl_config.o (.text.SYSCFG_DL_GPIO_init)
                  00002e58    000000a2     libclang_rt.builtins.a : udivmoddi4.S.obj (.text)
                  00002efa    0000009a     libc.a : memcpy16.S.obj (.text:memcpy)
                  00002f94    00000098     app_config.o (.text.AppConfig_InitDefault)
                  0000302c    00000098     imu.o (.text.mpu6050_write_reg)
                  000030c4    00000090     car_controller.o (.text.CarController_StartSeekLine)
                  00003154    0000008c     libclang_rt.builtins.a : mulsf3.S.obj (.text.__mulsf3)
                  000031e0    00000082                            : divsf3.S.obj (.text.__divsf3)
                  00003262    00000080     mission_library.o (.text.MissionLibrary_Validate)
                  000032e2    00000002     startup_mspm0g350x_ticlang.o (.text.Default_Handler)
                  000032e4    0000007c     libc.a : copy_decompress_lzss.c.obj (.text:decompress:lzss)
                  00003360    00000078     car_controller.o (.text.CarController_StartFollowLine)
                  000033d8    00000078     oled.o (.text.oled_write_command)
                  00003450    00000074     car_controller.o (.text.CarController_Init)
                  000034c4    00000074     car_controller.o (.text.CarController_ResetRuntime)
                  00003538    0000006e     track_sensor.o (.text.TrackSensor_DetectTurn)
                  000035a6    00000002     track_sensor.o (.text.TrackSensor_Init)
                  000035a8    0000006c     car_controller.o (.text.CarController_StartTurnLeft90)
                  00003614    0000006c     car_controller.o (.text.CarController_StartTurnRight90)
                  00003680    0000006c     encoder.o (.text.Encoder_HandleGpioInterrupt)
                  000036ec    0000006c     empty.o (.text.main)
                  00003758    00000068     mission_manager.o (.text.MissionManager_GetSelectedMissionIndex)
                  000037c0    00000068     obstacle_monitor.o (.text.ObstacleMonitor_Update_20ms)
                  00003828    00000066     track_sensor.o (.text.TrackSensor_GetErrorFromRaw)
                  0000388e    00000002     libclang_rt.builtins.a : aeabi_div0.c.obj (.text.__aeabi_idiv0)
                  00003890    00000062                            : aeabi_fcmp.S.obj (.text.__aeabi_fcmp)
                  000038f2    0000005e     oled.o (.text.OLED_PrintBinary7)
                  00003950    0000005c     menu.o (.text.Menu_GetParamValue)
                  000039ac    0000005c     ultrasonic.o (.text.Ultrasonic_Update_20ms)
                  00003a08    00000056     libclang_rt.builtins.a : aeabi_idivmod.S.obj (.text.__aeabi_idivmod)
                  00003a5e    00000002                            : aeabi_div0.c.obj (.text.__aeabi_ldiv0)
                  00003a60    00000054     obstacle_safety.o (.text.ObstacleSafety_Update_20ms)
                  00003ab4    00000054     track_sensor.o (.text.TrackSensor_ReadRaw)
                  00003b08    00000052     app.o (.text.App_Init)
                  00003b5a    00000002     --HOLE-- [fill = 0]
                  00003b5c    00000050     car_controller.o (.text.CarController_SetSafetyHold)
                  00003bac    00000050     motor.o (.text.Motor_PwmTick100us)
                  00003bfc    00000050     ultrasonic.o (.text.Ultrasonic_Init)
                  00003c4c    00000048     mission_manager.o (.text.MissionManager_Init)
                  00003c94    00000040     mission_manager.o (.text.MissionManager_Start)
                  00003cd4    00000040     ti_msp_dl_config.o (.text.SYSCFG_DL_SYSCTL_init)
                  00003d14    00000040     empty.o (.text.SysTick_Handler)
                  00003d54    00000040     libclang_rt.builtins.a : aeabi_uidivmod.S.obj (.text.__aeabi_uidivmod)
                  00003d94    0000003e                            : divmoddi4.c.obj (.text.__divmoddi4)
                  00003dd2    00000002     --HOLE-- [fill = 0]
                  00003dd4    0000003c                            : floatsisf.S.obj (.text.__floatsisf)
                  00003e10    0000003c                            : comparesf2.S.obj (.text.__gtsf2)
                  00003e4c    0000003c     libc.a : autoinit.c.obj (.text:__TI_auto_init_nobinit_nopinit)
                  00003e88    0000003a     libclang_rt.builtins.a : comparesf2.S.obj (.text.__eqsf2)
                  00003ec2    00000002     --HOLE-- [fill = 0]
                  00003ec4    0000003a                            : muldsi3.S.obj (.text.__muldsi3)
                  00003efe    00000002     --HOLE-- [fill = 0]
                  00003f00    00000038     motor.o (.text.Motor_Init)
                  00003f38    00000038     libclang_rt.builtins.a : fixsfsi.S.obj (.text.__fixsfsi)
                  00003f70    00000034     oled.o (.text.OLED_SetCursor)
                  00003fa4    00000032     oled.o (.text.OLED_PrintString)
                  00003fd6    00000002     --HOLE-- [fill = 0]
                  00003fd8    00000030     key.o (.text.Key_Init)
                  00004008    00000030     mission_manager.o (.text.MissionManager_Cancel)
                  00004038    00000030     mission_manager.o (.text.MissionManager_Reset)
                  00004068    0000002c     motor.o (.text.Motor_Stop)
                  00004094    0000002c     ti_msp_dl_config.o (.text.SYSCFG_DL_initPower)
                  000040c0    0000002c     track_sensor.o (.text.TrackSensor_CountBlack)
                  000040ec    00000028     libc.a : boot_cortex_m.c.obj (.text:_c_int00_noargs)
                  00004114    00000024     encoder.o (.text.Encoder_Reset)
                  00004138    00000020     car_controller.o (.text.CarController_Stop)
                  00004158    00000020     mission_manager.o (.text.MissionManager_Pause)
                  00004178    00000020     mission_manager.o (.text.MissionManager_Resume)
                  00004198    00000020     mission_manager.o (.text.mission_finish_error)
                  000041b8    0000001e     libclang_rt.builtins.a : ashldi3.S.obj (.text.__ashldi3)
                  000041d6    00000002     --HOLE-- [fill = 0]
                  000041d8    0000001c     imu.o (.text.Imu_IsReady)
                  000041f4    0000001c     obstacle_safety.o (.text.ObstacleSafety_Init)
                  00004210    00000018     car_controller.o (.text.CarController_RunModeToString)
                  00004228    00000018     heading_control.o (.text.HeadingControl_LockCurrentYaw)
                  00004240    00000018     heading_control.o (.text.HeadingControl_SetTargetYaw)
                  00004258    00000018     menu.o (.text.Menu_ParamItemToString)
                  00004270    00000018     motion_action.o (.text.MotionAction_Cancel)
                  00004288    00000016     libc.a : copy_zero_init.c.obj (.text:decompress:ZI:__TI_zero_init_nomemset)
                  0000429e    00000002     --HOLE-- [fill = 0]
                  000042a0    00000014     empty.o (.text.GROUP1_IRQHandler)
                  000042b4    00000014     heading_control.o (.text.HeadingControl_Enable)
                  000042c8    00000014     heading_control.o (.text.HeadingControl_Init)
                  000042dc    00000014     heading_control.o (.text.HeadingControl_Reset)
                  000042f0    00000014     menu.o (.text.Menu_Init)
                  00004304    00000014     mission_library.o (.text.MissionLibrary_FindById)
                  00004318    00000014     mission_library.o (.text.MissionLibrary_GetByIndex)
                  0000432c    00000014     mission_manager.o (.text.MissionManager_GetSelectedMissionId)
                  00004340    00000014     motion_action.o (.text.MotionAction_Init)
                  00004354    00000014     obstacle_monitor.o (.text.ObstacleMonitor_Init)
                  00004368    00000014     libclang_rt.builtins.a : aeabi_ldivmod.S.obj (.text.__aeabi_ldivmod)
                  0000437c    00000012     libc.a : copy_decompress_none.c.obj (.text:decompress:none)
                  0000438e    00000002     --HOLE-- [fill = 0]
                  00004390    00000010     key.o (.text.Key_GetEvent)
                  000043a0    00000010     ti_msp_dl_config.o (.text.SYSCFG_DL_init)
                  000043b0    0000000c     car_controller.o (.text.CarController_GetRunMode)
                  000043bc    0000000c     car_state.o (.text.CarState_Get)
                  000043c8    0000000c     car_state.o (.text.CarState_Init)
                  000043d4    0000000c     car_state.o (.text.CarState_Set)
                  000043e0    0000000c     imu.o (.text.Imu_GetCorrectedGyroZDps)
                  000043ec    0000000c     imu.o (.text.Imu_GetYaw)
                  000043f8    0000000c     imu.o (.text.Imu_ResetYaw)
                  00004404    0000000c     menu.o (.text.Menu_GetPage)
                  00004410    0000000c     menu.o (.text.Menu_GetParamItem)
                  0000441c    0000000c     mission_manager.o (.text.MissionManager_SetExternalHold)
                  00004428    0000000c     obstacle_safety.o (.text.ObstacleSafety_IsHolding)
                  00004434    0000000c     oled_ui.o (.text.OledUi_Init)
                  00004440    0000000a     driverlib.a : dl_common.o (.text.DL_Common_delayCycles)
                  0000444a    0000000a     track_sensor.o (.text.TrackSensor_IsCenterDetected)
                  00004454    0000000a     track_sensor.o (.text.TrackSensor_IsLineDetected)
                  0000445e    0000000a     track_sensor.o (.text.TrackSensor_IsLineLost)
                  00004468    00000008     car_controller.o (.text.CarController_GetFeedback)
                  00004470    00000008     heading_control.o (.text.HeadingControl_GetRuntime)
                  00004478    00000008     imu.o (.text.Imu_GetRuntime)
                  00004480    00000008     mission_manager.o (.text.MissionManager_GetMissionCount)
                  00004488    00000008     mission_manager.o (.text.MissionManager_GetRuntime)
                  00004490    00000008     motion_action.o (.text.MotionAction_GetRuntime)
                  00004498    00000008     obstacle_monitor.o (.text.ObstacleMonitor_GetFeedback)
                  000044a0    00000008     ultrasonic.o (.text.Ultrasonic_GetFeedback)
                  000044a8    00000008     libclang_rt.builtins.a : aeabi_memcpy.S.obj (.text.__aeabi_memcpy)
                  000044b0    00000006     libc.a : exit.c.obj (.text:abort)
                  000044b6    00000004     libsysbm.a : hostexit.c.obj (.text.HOSTexit)
                  000044ba    00000004     mission_library.o (.text.MissionLibrary_GetCount)
                  000044be    00000004     startup_mspm0g350x_ticlang.o (.text.Reset_Handler)
                  000044c2    00000004     libc.a : pre_init.c.obj (.text._system_pre_init)
                  000044c6    00000002     --HOLE-- [fill = 0]

.cinit     0    00004ca0    00000030     
                  00004ca0    0000000c     (__TI_handler_table)
                  00004cac    00000008     (.cinit..bss.load) [load image, compression = zero_init]
                  00004cb4    00000005     (.cinit..data.load) [load image, compression = lzss]
                  00004cb9    00000003     --HOLE-- [fill = 0]
                  00004cbc    00000010     (__TI_cinit_table)
                  00004ccc    00000004     --HOLE-- [fill = 0]

.rodata    0    000044c8    000007d8     
                  000044c8    000000d8     oled.o (.rodata..Lswitch.table.OLED_PrintChar)
                  000045a0    000000a8     mission_library.o (.rodata.g_missionMapA)
                  00004648    000000a8     mission_library.o (.rodata.g_missionMapB)
                  000046f0    00000090     mission_library.o (.rodata.g_missionRegistry)
                  00004780    00000078     mission_library.o (.rodata.g_missionMapC)
                  000047f8    00000078     mission_library.o (.rodata.g_missionTestRight90Turn)
                  00004870    00000078     mission_library.o (.rodata.g_missionTestSeekFollow)
                  000048e8    00000048     mission_library.o (.rodata.g_missionLegacy)
                  00004930    00000048     mission_library.o (.rodata.g_missionTestRight90Stop)
                  00004978    00000048     mission_library.o (.rodata.g_missionTestSeekThenFollow)
                  000049c0    00000034     mission_library.o (.rodata..Lswitch.table.MissionLibrary_FindById)
                  000049f4    00000030     mission_library.o (.rodata.g_missionTestSeekThenStop)
                  00004a24    0000001c     menu.o (.rodata..Lswitch.table.Menu_ParamItemToString)
                  00004a40    00000018     oled_ui.o (.rodata..Lswitch.table.OledUi_Update_20ms.48)
                  00004a58    00000018     oled_ui.o (.rodata..Lswitch.table.OledUi_Update_20ms)
                  00004a70    00000014     car_controller.o (.rodata..Lswitch.table.CarController_RunModeToString)
                  00004a84    0000000b     mission_library.o (.rodata.str1.1440970855772709381.1)
                  00004a8f    0000000a     mission_library.o (.rodata.str1.11682660667400632204.1)
                  00004a99    0000000a     mission_library.o (.rodata.str1.15604890807705439409.1)
                  00004aa3    00000009     mission_library.o (.rodata.str1.15668266851434757964.1)
                  00004aac    00000009     oled_ui.o (.rodata.str1.18266126048138325213.1)
                  00004ab5    00000008     mission_library.o (.rodata.str1.13636476544574750902.1)
                  00004abd    00000007     mission_library.o (.rodata.str1.199678142196697465.1)
                  00004ac4    00000007     oled_ui.o (.rodata.str1.9544068167406571052.1)
                  00004acb    00000006     oled_ui.o (.rodata.str1.1445687256832830955.1)
                  00004ad1    00000006     oled_ui.o (.rodata.str1.15008238333949226094.1)
                  00004ad7    00000006     oled_ui.o (.rodata.str1.15817398807211891688.1)
                  00004add    00000006     oled_ui.o (.rodata.str1.16411631209783952401.1)
                  00004ae3    00000006     mission_library.o (.rodata.str1.1642528554392422750.1)
                  00004ae9    00000006     oled_ui.o (.rodata.str1.17540787658903907660.1)
                  00004aef    00000006     mission_library.o (.rodata.str1.4251661066630729623.1)
                  00004af5    00000006     mission_library.o (.rodata.str1.4392264057376583881.1)
                  00004afb    00000006     oled_ui.o (.rodata.str1.4610220316623841660.1)
                  00004b01    00000006     oled_ui.o (.rodata.str1.5965450730569173784.1)
                  00004b07    00000005     oled.o (.rodata.oled_get_glyph.colon)
                  00004b0c    00000005     oled.o (.rodata.oled_get_glyph.eight)
                  00004b11    00000005     oled.o (.rodata.oled_get_glyph.five)
                  00004b16    00000005     oled.o (.rodata.oled_get_glyph.four)
                  00004b1b    00000005     oled.o (.rodata.oled_get_glyph.glyphA)
                  00004b20    00000005     oled.o (.rodata.oled_get_glyph.glyphB)
                  00004b25    00000005     oled.o (.rodata.oled_get_glyph.glyphC)
                  00004b2a    00000005     oled.o (.rodata.oled_get_glyph.glyphD)
                  00004b2f    00000005     oled.o (.rodata.oled_get_glyph.glyphE)
                  00004b34    00000005     oled.o (.rodata.oled_get_glyph.glyphG)
                  00004b39    00000005     oled.o (.rodata.oled_get_glyph.glyphH)
                  00004b3e    00000005     oled.o (.rodata.oled_get_glyph.glyphI)
                  00004b43    00000005     oled.o (.rodata.oled_get_glyph.glyphK)
                  00004b48    00000005     oled.o (.rodata.oled_get_glyph.glyphL)
                  00004b4d    00000005     oled.o (.rodata.oled_get_glyph.glyphM)
                  00004b52    00000005     oled.o (.rodata.oled_get_glyph.glyphN)
                  00004b57    00000005     oled.o (.rodata.oled_get_glyph.glyphO)
                  00004b5c    00000005     oled.o (.rodata.oled_get_glyph.glyphP)
                  00004b61    00000005     oled.o (.rodata.oled_get_glyph.glyphR)
                  00004b66    00000005     oled.o (.rodata.oled_get_glyph.glyphS)
                  00004b6b    00000005     oled.o (.rodata.oled_get_glyph.glyphT)
                  00004b70    00000005     oled.o (.rodata.oled_get_glyph.glyphU)
                  00004b75    00000005     oled.o (.rodata.oled_get_glyph.glyphV)
                  00004b7a    00000005     oled.o (.rodata.oled_get_glyph.glyphW)
                  00004b7f    00000005     oled.o (.rodata.oled_get_glyph.glyphX)
                  00004b84    00000005     oled.o (.rodata.oled_get_glyph.glyphY)
                  00004b89    00000005     oled.o (.rodata.oled_get_glyph.glyphb)
                  00004b8e    00000005     oled.o (.rodata.oled_get_glyph.gt)
                  00004b93    00000005     oled.o (.rodata.oled_get_glyph.minus)
                  00004b98    00000005     oled.o (.rodata.oled_get_glyph.nine)
                  00004b9d    00000005     oled.o (.rodata.oled_get_glyph.one)
                  00004ba2    00000005     oled.o (.rodata.oled_get_glyph.seven)
                  00004ba7    00000005     oled.o (.rodata.oled_get_glyph.six)
                  00004bac    00000005     oled.o (.rodata.oled_get_glyph.space)
                  00004bb1    00000005     oled.o (.rodata.oled_get_glyph.three)
                  00004bb6    00000005     oled.o (.rodata.oled_get_glyph.two)
                  00004bbb    00000005     oled.o (.rodata.oled_get_glyph.zero)
                  00004bc0    00000005     oled_ui.o (.rodata.str1.1108652269057166745.1)
                  00004bc5    00000005     oled_ui.o (.rodata.str1.13790669171379415506.1)
                  00004bca    00000005     oled_ui.o (.rodata.str1.13882251010780863896.1)
                  00004bcf    00000005     oled_ui.o (.rodata.str1.14134189893851348960.1)
                  00004bd4    00000005     oled_ui.o (.rodata.str1.14358698208395374265.1)
                  00004bd9    00000005     oled_ui.o (.rodata.str1.15859922799842739878.1)
                  00004bde    00000005     oled_ui.o (.rodata.str1.15917848551323629232.1)
                  00004be3    00000005     oled_ui.o (.rodata.str1.16526439943277383452.1)
                  00004be8    00000005     oled_ui.o (.rodata.str1.17274519358952562110.1)
                  00004bed    00000005     oled_ui.o (.rodata.str1.17884296644359297425.1)
                  00004bf2    00000005     car_controller.o (.rodata.str1.18191498530309206443.1)
                  00004bf7    00000005     oled_ui.o (.rodata.str1.18379317056176403938.1)
                  00004bfc    00000005     car_controller.o (.rodata.str1.4164979912472006574.1)
                  00004c01    00000005     oled_ui.o (.rodata.str1.4402311448527872260.1)
                  00004c06    00000005     oled_ui.o (.rodata.str1.4581472623415959594.1)
                  00004c0b    00000005     oled_ui.o (.rodata.str1.4581686099848791648.1)
                  00004c10    00000005     menu.o (.rodata.str1.4862307748908978627.1)
                  00004c15    00000005     oled_ui.o (.rodata.str1.8426569189266129334.1)
                  00004c1a    00000005     oled_ui.o (.rodata.str1.8783421139296713095.1)
                  00004c1f    00000005     car_controller.o (.rodata.str1.9981487771679760427.1)
                  00004c24    00000004     oled_ui.o (.rodata.str1.1019225241002246410.1)
                  00004c28    00000004     oled_ui.o (.rodata.str1.10416366799939242409.1)
                  00004c2c    00000004     menu.o (.rodata.str1.12110183915172842339.1)
                  00004c30    00000004     car_controller.o (.rodata.str1.12442237994239546032.1)
                  00004c34    00000004     oled_ui.o (.rodata.str1.130772507669342127.1)
                  00004c38    00000004     menu.o (.rodata.str1.13124720451672825294.1)
                  00004c3c    00000004     oled_ui.o (.rodata.str1.13244290092665904221.1)
                  00004c40    00000004     oled_ui.o (.rodata.str1.13567883086814673087.1)
                  00004c44    00000004     menu.o (.rodata.str1.14098755746347272832.1)
                  00004c48    00000004     oled_ui.o (.rodata.str1.15577080202403550426.1)
                  00004c4c    00000004     menu.o (.rodata.str1.16312125044762562515.1)
                  00004c50    00000004     oled_ui.o (.rodata.str1.16849766574302683489.1)
                  00004c54    00000004     menu.o (.rodata.str1.17041139162815566052.1)
                  00004c58    00000004     car_controller.o (.rodata.str1.17172356789460551389.1)
                  00004c5c    00000004     oled_ui.o (.rodata.str1.2308938766145545715.1)
                  00004c60    00000004     oled_ui.o (.rodata.str1.270145429241168923.1)
                  00004c64    00000004     oled_ui.o (.rodata.str1.3025253791635144717.1)
                  00004c68    00000004     oled_ui.o (.rodata.str1.3407221357956504873.1)
                  00004c6c    00000004     oled_ui.o (.rodata.str1.3455423528827705371.1)
                  00004c70    00000004     oled_ui.o (.rodata.str1.3702290527496711532.1)
                  00004c74    00000004     oled_ui.o (.rodata.str1.5853739094453432564.1)
                  00004c78    00000004     oled_ui.o (.rodata.str1.7219546930854689545.1)
                  00004c7c    00000004     oled_ui.o (.rodata.str1.9159586779647977165.1)
                  00004c80    00000004     car_controller.o (.rodata.str1.9234375891235759983.1)
                  00004c84    00000004     oled_ui.o (.rodata.str1.967006512144173535.1)
                  00004c88    00000003     oled_ui.o (.rodata.str1.11232419324784801130.1)
                  00004c8b    00000003     oled_ui.o (.rodata.str1.14556837007311414654.1)
                  00004c8e    00000003     oled_ui.o (.rodata.str1.16931641404301806744.1)
                  00004c91    00000003     oled_ui.o (.rodata.str1.17812014771544466701.1)
                  00004c94    00000003     menu.o (.rodata.str1.4646809750356241979.1)
                  00004c97    00000003     menu.o (.rodata.str1.6857549598058878762.1)
                  00004c9a    00000003     oled_ui.o (.rodata.str1.8236579331345056500.1)
                  00004c9d    00000003     oled_ui.o (.rodata.str1.9854382722193312766.1)

.init_array 
*          0    00000000    00000000     UNINITIALIZED

.binit     0    00000000    00000000     

.bss       0    20200000    00000145     UNINITIALIZED
                  20200000    0000004c     (.common:g_appConfig)
                  2020004c    00000028     (.common:g_appRuntime)
                  20200074    00000028     (.common:g_imuRuntime)
                  2020009c    00000020     mission_manager.o (.bss.g_missionRuntime)
                  202000bc    00000014     (.common:g_headingRuntime)
                  202000d0    00000010     motion_action.o (.bss.g_motionActionRuntime)
                  202000e0    0000000e     car_controller.o (.bss.g_carControllerFeedback)
                  202000ee    00000002     ultrasonic.o (.bss.g_echoTicks)
                  202000f0    0000000e     ultrasonic.o (.bss.g_ultrasonicFeedback)
                  202000fe    00000008     obstacle_monitor.o (.bss.g_obstacleFeedback)
                  20200106    00000006     ultrasonic.o (.bss.g_distanceSamples)
                  2020010c    00000006     key.o (.bss.g_key1)
                  20200112    00000006     key.o (.bss.g_key2)
                  20200118    00000006     key.o (.bss.g_key3)
                  2020011e    00000002     ultrasonic.o (.bss.g_stateTicks)
                  20200120    00000004     encoder.o (.bss.g_motorAPulses)
                  20200124    00000004     encoder.o (.bss.g_motorBPulses)
                  20200128    00000002     (.common:g_trackError)
                  2020012a    00000001     oled_ui.o (.bss.OledUi_Update_20ms.refreshDivider)
                  2020012b    00000001     empty.o (.bss.SysTick_Handler.controlMsCount)
                  2020012c    00000001     empty.o (.bss.SysTick_Handler.tick100usCount)
                  2020012d    00000001     ultrasonic.o (.bss.Ultrasonic_Update_20ms.triggerDivider)
                  2020012e    00000001     empty.o (.bss.g_appUpdateDue)
                  2020012f    00000001     car_state.o (.bss.g_carState)
                  20200130    00000001     ultrasonic.o (.bss.g_distanceSampleCount)
                  20200131    00000001     ultrasonic.o (.bss.g_distanceSampleIndex)
                  20200132    00000001     motor.o (.bss.g_motorADutyLevel)
                  20200133    00000001     motor.o (.bss.g_motorBDutyLevel)
                  20200134    00000001     obstacle_safety.o (.bss.g_obstacleSafetyHolding)
                  20200135    00000001     oled.o (.bss.g_oledColumn)
                  20200136    00000001     menu.o (.bss.g_oledPage)
                  20200137    00000001     menu.o (.bss.g_paramItem)
                  20200138    00000001     key.o (.bss.g_pendingEvent)
                  20200139    00000001     motor.o (.bss.g_pwmPhase)
                  2020013a    00000001     car_controller.o (.bss.g_safetyHold)
                  2020013b    00000001     ultrasonic.o (.bss.g_triggerRequest)
                  2020013c    00000001     ultrasonic.o (.bss.g_ultrasonicState)
                  2020013d    00000001     (.common:g_carStateDebug)
                  2020013e    00000001     (.common:g_keyEvent)
                  2020013f    00000001     (.common:g_oledPageDebug)
                  20200140    00000001     (.common:g_paramItemDebug)
                  20200141    00000001     (.common:g_trackBlackCount)
                  20200142    00000001     (.common:g_trackModeDebug)
                  20200143    00000001     (.common:g_trackRaw)
                  20200144    00000001     (.common:g_trackTurnDebug)

.data      0    20200145    00000001     UNINITIALIZED
                  20200145    00000001     car_controller.o (.data.g_followTurnPolicy)

.stack     0    20207e00    00000200     UNINITIALIZED
                  20207e00    00000004     libc.a : boot_cortex_m.c.obj (.stack)
                  20207e04    000001fc     --HOLE--

__llvm_prf_cnts 
*          0    20200000    00000000     UNINITIALIZED

__llvm_prf_bits 
*          0    20200000    00000000     UNINITIALIZED

MODULE SUMMARY

       Module                         code    ro data   rw data
       ------                         ----    -------   -------
    .\
       imu.o                          3304    0         40     
       oled.o                         2088    401       1      
       car_controller.o               2296    47        56     
       oled_ui.o                      1376    272       1      
       mission_library.o              172     1229      0      
       mission_manager.o              1184    0         32     
       app_config.o                   672     0         76     
       ultrasonic.o                   596     0         29     
       menu.o                         560     59        2      
       motion_action.o                568     0         16     
       heading_control.o              468     0         20     
       key.o                          436     0         19     
       track_sensor.o                 372     0         0      
       motor.o                        356     0         3      
       ti_msp_dl_config.o             300     0         0      
       app.o                          262     0         10     
       startup_mspm0g350x_ticlang.o   6       192       0      
       empty.o                        192     0         3      
       encoder.o                      144     0         8      
       obstacle_monitor.o             132     0         8      
       obstacle_safety.o              124     0         1      
       car_state.o                    36      0         1      
    +--+------------------------------+-------+---------+---------+
       Total:                         15644   2200      326    
                                                               
    C:/TI/mspm0_sdk_2_05_01_00/source/ti/driverlib/lib/ticlang/m0p/mspm0g1x0x_g3x0x/driverlib.a
       dl_common.o                    10      0         0      
    +--+------------------------------+-------+---------+---------+
       Total:                         10      0         0      
                                                               
    D:\TI\CCS\ccs\tools\compiler\ti-cgt-armllvm_4.0.4.LTS\lib\armv6m-ti-none-eabi/c/libc.a
       memcpy16.S.obj                 154     0         0      
       copy_decompress_lzss.c.obj     124     0         0      
       autoinit.c.obj                 60      0         0      
       boot_cortex_m.c.obj            40      0         0      
       copy_zero_init.c.obj           22      0         0      
       copy_decompress_none.c.obj     18      0         0      
       exit.c.obj                     6       0         0      
       pre_init.c.obj                 4       0         0      
    +--+------------------------------+-------+---------+---------+
       Total:                         428     0         0      
                                                               
    D:\TI\CCS\ccs\tools\compiler\ti-cgt-armllvm_4.0.4.LTS\lib\armv6m-ti-none-eabi/c/libsysbm.a
       hostexit.c.obj                 4       0         0      
    +--+------------------------------+-------+---------+---------+
       Total:                         4       0         0      
                                                               
    D:\TI\CCS\ccs\tools\compiler\ti-cgt-armllvm_4.0.4.LTS\lib\armv6m-ti-none-eabi/libclang_rt.builtins.a
       addsf3.S.obj                   216     0         0      
       udivmoddi4.S.obj               162     0         0      
       mulsf3.S.obj                   140     0         0      
       divsf3.S.obj                   130     0         0      
       comparesf2.S.obj               118     0         0      
       aeabi_fcmp.S.obj               98      0         0      
       aeabi_idivmod.S.obj            86      0         0      
       aeabi_uidivmod.S.obj           64      0         0      
       divmoddi4.c.obj                62      0         0      
       floatsisf.S.obj                60      0         0      
       muldsi3.S.obj                  58      0         0      
       fixsfsi.S.obj                  56      0         0      
       ashldi3.S.obj                  30      0         0      
       aeabi_ldivmod.S.obj            20      0         0      
       aeabi_memcpy.S.obj             8       0         0      
       aeabi_div0.c.obj               4       0         0      
    +--+------------------------------+-------+---------+---------+
       Total:                         1312    0         0      
                                                               
       Stack:                         0       0         512    
       Linker Generated:              0       41        0      
    +--+------------------------------+-------+---------+---------+
       Grand Total:                   17398   2241      838    


LINKER GENERATED COPY TABLES

__TI_cinit_table @ 00004cbc records: 2, size/record: 8, table size: 16
	.bss: load addr=00004cac, load size=00000008 bytes, run addr=20200000, run size=00000145 bytes, compression=zero_init
	.data: load addr=00004cb4, load size=00000005 bytes, run addr=20200145, run size=00000001 bytes, compression=lzss


LINKER GENERATED HANDLER TABLE

__TI_handler_table @ 00004ca0 records: 3, size/record: 4, table size: 12
	index: 0, handler: __TI_decompress_lzss
	index: 1, handler: __TI_decompress_none
	index: 2, handler: __TI_zero_init


GLOBAL SYMBOLS: SORTED ALPHABETICALLY BY Name 

address   name                                  
-------   ----                                  
000032e3  ADC0_IRQHandler                       
000032e3  ADC1_IRQHandler                       
000032e3  AES_IRQHandler                        
00002f95  AppConfig_InitDefault                 
000014ed  AppConfig_LimitAll                    
00003b09  App_Init                              
00002c45  App_Update_20ms                       
000044b6  C$$EXIT                               
000032e3  CANFD0_IRQHandler                     
00004469  CarController_GetFeedback             
000043b1  CarController_GetRunMode              
00003451  CarController_Init                    
000034c5  CarController_ResetRuntime            
00004211  CarController_RunModeToString         
00003b5d  CarController_SetSafetyHold           
00003361  CarController_StartFollowLine         
000030c5  CarController_StartSeekLine           
000035a9  CarController_StartTurnLeft90         
00003615  CarController_StartTurnRight90        
00004139  CarController_Stop                    
00000615  CarController_Update_20ms             
000043bd  CarState_Get                          
000043c9  CarState_Init                         
000043d5  CarState_Set                          
000032e3  DAC0_IRQHandler                       
00004441  DL_Common_delayCycles                 
000032e3  DMA_IRQHandler                        
000032e3  Default_Handler                       
00003681  Encoder_HandleGpioInterrupt           
00004115  Encoder_Reset                         
000032e3  GROUP0_IRQHandler                     
000042a1  GROUP1_IRQHandler                     
000044b7  HOSTexit                              
000032e3  HardFault_Handler                     
000042b5  HeadingControl_Enable                 
00004471  HeadingControl_GetRuntime             
000042c9  HeadingControl_Init                   
00004229  HeadingControl_LockCurrentYaw         
000042dd  HeadingControl_Reset                  
00004241  HeadingControl_SetTargetYaw           
00001f1d  HeadingControl_Update                 
000032e3  I2C0_IRQHandler                       
000032e3  I2C1_IRQHandler                       
000012d9  Imu_CalibrateGyroBias                 
000043e1  Imu_GetCorrectedGyroZDps              
00004479  Imu_GetRuntime                        
000043ed  Imu_GetYaw                            
00000dad  Imu_Init                              
000041d9  Imu_IsReady                           
000043f9  Imu_ResetYaw                          
000021b9  Imu_Update                            
00004391  Key_GetEvent                          
00003fd9  Key_Init                              
00001da9  Key_Update_20ms                       
00004405  Menu_GetPage                          
00004411  Menu_GetParamItem                     
00003951  Menu_GetParamValue                    
00001c19  Menu_HandleKeyEvent                   
000042f1  Menu_Init                             
00004259  Menu_ParamItemToString                
00004305  MissionLibrary_FindById               
00004319  MissionLibrary_GetByIndex             
000044bb  MissionLibrary_GetCount               
00003263  MissionLibrary_Validate               
00004009  MissionManager_Cancel                 
00004481  MissionManager_GetMissionCount        
00004489  MissionManager_GetRuntime             
0000432d  MissionManager_GetSelectedMissionId   
00003759  MissionManager_GetSelectedMissionIndex
00003c4d  MissionManager_Init                   
00004159  MissionManager_Pause                  
00004039  MissionManager_Reset                  
00004179  MissionManager_Resume                 
0000262d  MissionManager_SelectNext             
000028f1  MissionManager_SelectPrevious         
0000441d  MissionManager_SetExternalHold        
00003c95  MissionManager_Start                  
00002535  MissionManager_Update_20ms            
00004271  MotionAction_Cancel                   
00004491  MotionAction_GetRuntime               
00004341  MotionAction_Init                     
00002809  MotionAction_Start                    
00002419  MotionAction_Update_20ms              
00003f01  Motor_Init                            
00003bad  Motor_PwmTick100us                    
00002cf9  Motor_SetSpeed                        
00004069  Motor_Stop                            
000032e3  NMI_Handler                           
00001085  OLED_Clear                            
00002aa1  OLED_Init                             
000038f3  OLED_PrintBinary7                     
00002b75  OLED_PrintChar                        
0000207d  OLED_PrintInt16                       
00003fa5  OLED_PrintString                      
00003f71  OLED_SetCursor                        
00004499  ObstacleMonitor_GetFeedback           
00004355  ObstacleMonitor_Init                  
000037c1  ObstacleMonitor_Update_20ms           
000041f5  ObstacleSafety_Init                   
00004429  ObstacleSafety_IsHolding              
00003a61  ObstacleSafety_Update_20ms            
00004435  OledUi_Init                           
000000c1  OledUi_Update_20ms                    
000032e3  PendSV_Handler                        
000032e3  RTC_IRQHandler                        
000044bf  Reset_Handler                         
000032e3  SPI0_IRQHandler                       
000032e3  SPI1_IRQHandler                       
000032e3  SVC_Handler                           
00002da9  SYSCFG_DL_GPIO_init                   
00003cd5  SYSCFG_DL_SYSCTL_init                 
000043a1  SYSCFG_DL_init                        
00004095  SYSCFG_DL_initPower                   
00003d15  SysTick_Handler                       
000032e3  TIMA0_IRQHandler                      
000032e3  TIMA1_IRQHandler                      
000032e3  TIMG0_IRQHandler                      
000032e3  TIMG12_IRQHandler                     
000032e3  TIMG6_IRQHandler                      
000032e3  TIMG7_IRQHandler                      
000032e3  TIMG8_IRQHandler                      
000040c1  TrackSensor_CountBlack                
00003539  TrackSensor_DetectTurn                
00003829  TrackSensor_GetErrorFromRaw           
000035a7  TrackSensor_Init                      
0000444b  TrackSensor_IsCenterDetected          
00004455  TrackSensor_IsLineDetected            
0000445f  TrackSensor_IsLineLost                
00003ab5  TrackSensor_ReadRaw                   
000032e3  UART0_IRQHandler                      
000032e3  UART1_IRQHandler                      
000032e3  UART2_IRQHandler                      
000032e3  UART3_IRQHandler                      
000044a1  Ultrasonic_GetFeedback                
00003bfd  Ultrasonic_Init                       
00001a79  Ultrasonic_Tick100us                  
000039ad  Ultrasonic_Update_20ms                
20208000  __STACK_END                           
00000200  __STACK_SIZE                          
00000000  __TI_ATRegion0_region_sz              
00000000  __TI_ATRegion0_src_addr               
00000000  __TI_ATRegion0_trg_addr               
00000000  __TI_ATRegion1_region_sz              
00000000  __TI_ATRegion1_src_addr               
00000000  __TI_ATRegion1_trg_addr               
00000000  __TI_ATRegion2_region_sz              
00000000  __TI_ATRegion2_src_addr               
00000000  __TI_ATRegion2_trg_addr               
00004cbc  __TI_CINIT_Base                       
00004ccc  __TI_CINIT_Limit                      
00004ccc  __TI_CINIT_Warm                       
00004ca0  __TI_Handler_Table_Base               
00004cac  __TI_Handler_Table_Limit              
00003e4d  __TI_auto_init_nobinit_nopinit        
000032e5  __TI_decompress_lzss                  
0000437d  __TI_decompress_none                  
ffffffff  __TI_pprof_out_hndl                   
ffffffff  __TI_prof_data_size                   
ffffffff  __TI_prof_data_start                  
00000000  __TI_static_base__                    
00004289  __TI_zero_init_nomemset               
000029d3  __addsf3                              
00003f39  __aeabi_f2iz                          
000029d3  __aeabi_fadd                          
00003891  __aeabi_fcmpeq                        
000038cd  __aeabi_fcmpge                        
000038e1  __aeabi_fcmpgt                        
000038b9  __aeabi_fcmple                        
000038a5  __aeabi_fcmplt                        
000031e1  __aeabi_fdiv                          
00003155  __aeabi_fmul                          
000029c9  __aeabi_fsub                          
00003dd5  __aeabi_i2f                           
00003a09  __aeabi_idiv                          
0000388f  __aeabi_idiv0                         
00003a09  __aeabi_idivmod                       
00003a5f  __aeabi_ldiv0                         
00004369  __aeabi_ldivmod                       
000041b9  __aeabi_llsl                          
000044a9  __aeabi_memcpy                        
000044a9  __aeabi_memcpy4                       
000044a9  __aeabi_memcpy8                       
00003d55  __aeabi_uidiv                         
00003d55  __aeabi_uidivmod                      
000041b9  __ashldi3                             
ffffffff  __binit__                             
00003e89  __cmpsf2                              
00003d95  __divmoddi4                           
000031e1  __divsf3                              
00003e89  __eqsf2                               
00003f39  __fixsfsi                             
00003dd5  __floatsisf                           
00003e11  __gesf2                               
00003e11  __gtsf2                               
00003e89  __lesf2                               
00003e89  __ltsf2                               
UNDEFED   __mpu_init                            
00003ec5  __muldsi3                             
00003155  __mulsf3                              
00003e89  __nesf2                               
20207e00  __stack                               
20200000  __start___llvm_prf_bits               
20200000  __start___llvm_prf_cnts               
20200000  __stop___llvm_prf_bits                
20200000  __stop___llvm_prf_cnts                
000029c9  __subsf3                              
00002e59  __udivmoddi4                          
000040ed  _c_int00_noargs                       
UNDEFED   _system_post_cinit                    
000044c3  _system_pre_init                      
000044b1  abort                                 
ffffffff  binit                                 
20200000  g_appConfig                           
2020004c  g_appRuntime                          
2020013d  g_carStateDebug                       
202000bc  g_headingRuntime                      
20200074  g_imuRuntime                          
2020013e  g_keyEvent                            
2020013f  g_oledPageDebug                       
20200140  g_paramItemDebug                      
20200141  g_trackBlackCount                     
20200128  g_trackError                          
20200142  g_trackModeDebug                      
20200143  g_trackRaw                            
20200144  g_trackTurnDebug                      
00000000  interruptVectors                      
000036ed  main                                  
00002efb  memcpy                                


GLOBAL SYMBOLS: SORTED BY Symbol Address 

address   name                                  
-------   ----                                  
00000000  __TI_ATRegion0_region_sz              
00000000  __TI_ATRegion0_src_addr               
00000000  __TI_ATRegion0_trg_addr               
00000000  __TI_ATRegion1_region_sz              
00000000  __TI_ATRegion1_src_addr               
00000000  __TI_ATRegion1_trg_addr               
00000000  __TI_ATRegion2_region_sz              
00000000  __TI_ATRegion2_src_addr               
00000000  __TI_ATRegion2_trg_addr               
00000000  __TI_static_base__                    
00000000  interruptVectors                      
000000c1  OledUi_Update_20ms                    
00000200  __STACK_SIZE                          
00000615  CarController_Update_20ms             
00000dad  Imu_Init                              
00001085  OLED_Clear                            
000012d9  Imu_CalibrateGyroBias                 
000014ed  AppConfig_LimitAll                    
00001a79  Ultrasonic_Tick100us                  
00001c19  Menu_HandleKeyEvent                   
00001da9  Key_Update_20ms                       
00001f1d  HeadingControl_Update                 
0000207d  OLED_PrintInt16                       
000021b9  Imu_Update                            
00002419  MotionAction_Update_20ms              
00002535  MissionManager_Update_20ms            
0000262d  MissionManager_SelectNext             
00002809  MotionAction_Start                    
000028f1  MissionManager_SelectPrevious         
000029c9  __aeabi_fsub                          
000029c9  __subsf3                              
000029d3  __addsf3                              
000029d3  __aeabi_fadd                          
00002aa1  OLED_Init                             
00002b75  OLED_PrintChar                        
00002c45  App_Update_20ms                       
00002cf9  Motor_SetSpeed                        
00002da9  SYSCFG_DL_GPIO_init                   
00002e59  __udivmoddi4                          
00002efb  memcpy                                
00002f95  AppConfig_InitDefault                 
000030c5  CarController_StartSeekLine           
00003155  __aeabi_fmul                          
00003155  __mulsf3                              
000031e1  __aeabi_fdiv                          
000031e1  __divsf3                              
00003263  MissionLibrary_Validate               
000032e3  ADC0_IRQHandler                       
000032e3  ADC1_IRQHandler                       
000032e3  AES_IRQHandler                        
000032e3  CANFD0_IRQHandler                     
000032e3  DAC0_IRQHandler                       
000032e3  DMA_IRQHandler                        
000032e3  Default_Handler                       
000032e3  GROUP0_IRQHandler                     
000032e3  HardFault_Handler                     
000032e3  I2C0_IRQHandler                       
000032e3  I2C1_IRQHandler                       
000032e3  NMI_Handler                           
000032e3  PendSV_Handler                        
000032e3  RTC_IRQHandler                        
000032e3  SPI0_IRQHandler                       
000032e3  SPI1_IRQHandler                       
000032e3  SVC_Handler                           
000032e3  TIMA0_IRQHandler                      
000032e3  TIMA1_IRQHandler                      
000032e3  TIMG0_IRQHandler                      
000032e3  TIMG12_IRQHandler                     
000032e3  TIMG6_IRQHandler                      
000032e3  TIMG7_IRQHandler                      
000032e3  TIMG8_IRQHandler                      
000032e3  UART0_IRQHandler                      
000032e3  UART1_IRQHandler                      
000032e3  UART2_IRQHandler                      
000032e3  UART3_IRQHandler                      
000032e5  __TI_decompress_lzss                  
00003361  CarController_StartFollowLine         
00003451  CarController_Init                    
000034c5  CarController_ResetRuntime            
00003539  TrackSensor_DetectTurn                
000035a7  TrackSensor_Init                      
000035a9  CarController_StartTurnLeft90         
00003615  CarController_StartTurnRight90        
00003681  Encoder_HandleGpioInterrupt           
000036ed  main                                  
00003759  MissionManager_GetSelectedMissionIndex
000037c1  ObstacleMonitor_Update_20ms           
00003829  TrackSensor_GetErrorFromRaw           
0000388f  __aeabi_idiv0                         
00003891  __aeabi_fcmpeq                        
000038a5  __aeabi_fcmplt                        
000038b9  __aeabi_fcmple                        
000038cd  __aeabi_fcmpge                        
000038e1  __aeabi_fcmpgt                        
000038f3  OLED_PrintBinary7                     
00003951  Menu_GetParamValue                    
000039ad  Ultrasonic_Update_20ms                
00003a09  __aeabi_idiv                          
00003a09  __aeabi_idivmod                       
00003a5f  __aeabi_ldiv0                         
00003a61  ObstacleSafety_Update_20ms            
00003ab5  TrackSensor_ReadRaw                   
00003b09  App_Init                              
00003b5d  CarController_SetSafetyHold           
00003bad  Motor_PwmTick100us                    
00003bfd  Ultrasonic_Init                       
00003c4d  MissionManager_Init                   
00003c95  MissionManager_Start                  
00003cd5  SYSCFG_DL_SYSCTL_init                 
00003d15  SysTick_Handler                       
00003d55  __aeabi_uidiv                         
00003d55  __aeabi_uidivmod                      
00003d95  __divmoddi4                           
00003dd5  __aeabi_i2f                           
00003dd5  __floatsisf                           
00003e11  __gesf2                               
00003e11  __gtsf2                               
00003e4d  __TI_auto_init_nobinit_nopinit        
00003e89  __cmpsf2                              
00003e89  __eqsf2                               
00003e89  __lesf2                               
00003e89  __ltsf2                               
00003e89  __nesf2                               
00003ec5  __muldsi3                             
00003f01  Motor_Init                            
00003f39  __aeabi_f2iz                          
00003f39  __fixsfsi                             
00003f71  OLED_SetCursor                        
00003fa5  OLED_PrintString                      
00003fd9  Key_Init                              
00004009  MissionManager_Cancel                 
00004039  MissionManager_Reset                  
00004069  Motor_Stop                            
00004095  SYSCFG_DL_initPower                   
000040c1  TrackSensor_CountBlack                
000040ed  _c_int00_noargs                       
00004115  Encoder_Reset                         
00004139  CarController_Stop                    
00004159  MissionManager_Pause                  
00004179  MissionManager_Resume                 
000041b9  __aeabi_llsl                          
000041b9  __ashldi3                             
000041d9  Imu_IsReady                           
000041f5  ObstacleSafety_Init                   
00004211  CarController_RunModeToString         
00004229  HeadingControl_LockCurrentYaw         
00004241  HeadingControl_SetTargetYaw           
00004259  Menu_ParamItemToString                
00004271  MotionAction_Cancel                   
00004289  __TI_zero_init_nomemset               
000042a1  GROUP1_IRQHandler                     
000042b5  HeadingControl_Enable                 
000042c9  HeadingControl_Init                   
000042dd  HeadingControl_Reset                  
000042f1  Menu_Init                             
00004305  MissionLibrary_FindById               
00004319  MissionLibrary_GetByIndex             
0000432d  MissionManager_GetSelectedMissionId   
00004341  MotionAction_Init                     
00004355  ObstacleMonitor_Init                  
00004369  __aeabi_ldivmod                       
0000437d  __TI_decompress_none                  
00004391  Key_GetEvent                          
000043a1  SYSCFG_DL_init                        
000043b1  CarController_GetRunMode              
000043bd  CarState_Get                          
000043c9  CarState_Init                         
000043d5  CarState_Set                          
000043e1  Imu_GetCorrectedGyroZDps              
000043ed  Imu_GetYaw                            
000043f9  Imu_ResetYaw                          
00004405  Menu_GetPage                          
00004411  Menu_GetParamItem                     
0000441d  MissionManager_SetExternalHold        
00004429  ObstacleSafety_IsHolding              
00004435  OledUi_Init                           
00004441  DL_Common_delayCycles                 
0000444b  TrackSensor_IsCenterDetected          
00004455  TrackSensor_IsLineDetected            
0000445f  TrackSensor_IsLineLost                
00004469  CarController_GetFeedback             
00004471  HeadingControl_GetRuntime             
00004479  Imu_GetRuntime                        
00004481  MissionManager_GetMissionCount        
00004489  MissionManager_GetRuntime             
00004491  MotionAction_GetRuntime               
00004499  ObstacleMonitor_GetFeedback           
000044a1  Ultrasonic_GetFeedback                
000044a9  __aeabi_memcpy                        
000044a9  __aeabi_memcpy4                       
000044a9  __aeabi_memcpy8                       
000044b1  abort                                 
000044b6  C$$EXIT                               
000044b7  HOSTexit                              
000044bb  MissionLibrary_GetCount               
000044bf  Reset_Handler                         
000044c3  _system_pre_init                      
00004ca0  __TI_Handler_Table_Base               
00004cac  __TI_Handler_Table_Limit              
00004cbc  __TI_CINIT_Base                       
00004ccc  __TI_CINIT_Limit                      
00004ccc  __TI_CINIT_Warm                       
20200000  __start___llvm_prf_bits               
20200000  __start___llvm_prf_cnts               
20200000  __stop___llvm_prf_bits                
20200000  __stop___llvm_prf_cnts                
20200000  g_appConfig                           
2020004c  g_appRuntime                          
20200074  g_imuRuntime                          
202000bc  g_headingRuntime                      
20200128  g_trackError                          
2020013d  g_carStateDebug                       
2020013e  g_keyEvent                            
2020013f  g_oledPageDebug                       
20200140  g_paramItemDebug                      
20200141  g_trackBlackCount                     
20200142  g_trackModeDebug                      
20200143  g_trackRaw                            
20200144  g_trackTurnDebug                      
20207e00  __stack                               
20208000  __STACK_END                           
ffffffff  __TI_pprof_out_hndl                   
ffffffff  __TI_prof_data_size                   
ffffffff  __TI_prof_data_start                  
ffffffff  __binit__                             
ffffffff  binit                                 
UNDEFED   __mpu_init                            
UNDEFED   _system_post_cinit                    

[228 symbols]
