******************************************************************************
            TI ARM Clang Linker PC v4.0.4                      
******************************************************************************
>> Linked Fri Jul 31 22:56:54 2026

OUTPUT FILE NAME:   <diansaikaishi.out>
ENTRY POINT SYMBOL: "_c_int00_noargs"  address: 000127f1


MEMORY CONFIGURATION

         name            origin    length      used     unused   attr    fill
----------------------  --------  ---------  --------  --------  ----  --------
  FLASH                 00000000   00020000  00013ed8  0000c128  R  X
  SRAM                  20200000   00008000  00001b96  0000646a  RW X
  BCR_CONFIG            41c00000   000000ff  00000000  000000ff  R   
  BSL_CONFIG            41c00100   00000080  00000000  00000080  R   


SEGMENT ALLOCATION MAP

run origin  load origin   length   init length attrs members
----------  ----------- ---------- ----------- ----- -------
00000000    00000000    00013a38   00013a38    r-x
  00000000    00000000    000000c0   000000c0    r-- .intvecs
  000000c0    000000c0    00012fd0   00012fd0    r-x .text
  00013090    00013090    000009a8   000009a8    r-- .rodata
00013a98    00013a98    00000040   00000040    r--
  00013a98    00013a98    00000030   00000030    r-- .cinit
  00013ac8    00013ac8    00000010   00000010    r-- .binit
0001fc00    0001fc00    00000400   00000400    r--
  0001fc00    0001fc00    00000400   00000400    r-- .TI.bound:g_balanceCalibrationReservedSector
20200000    20200000    00001936   00000000    rw-
  20200000    20200000    00001935   00000000    rw- .bss
  20201935    20201935    00000001   00000000    rw- .data
20201938    00013a38    00000060   00000060    r-x
  20201938    00013a38    00000060   00000060    r-x .TI.ramfunc
20207e00    20207e00    00000200   00000000    rw-
  20207e00    20207e00    00000200   00000000    rw- .stack


SECTION ALLOCATION MAP

 output                                  attributes/
section   page    origin      length       input sections
--------  ----  ----------  ----------   ----------------
.intvecs   0    00000000    000000c0     
                  00000000    000000c0     startup_mspm0g350x_ticlang.o (.intvecs)

.text      0    000000c0    00012fd0     
                  000000c0    00001700     oled_ui.o (.text.print_balance_stepper_test_page)
                  000017c0    00000ad8     oled_ui.o (.text.print_imu_counters_page)
                  00002298    00000834     balance_tuning.o (.text.send_config)
                  00002acc    000007ec     oled_ui.o (.text.print_balance_vision_page)
                  000032b8    0000064c     app_config.o (.text.AppConfig_LimitAll)
                  00003904    00000640     balance_tuning.o (.text.consume_rx_byte)
                  00003f44    000005ac     imu.o (.text.Imu_CalibrateGyroBias)
                  000044f0    000005a0     vision_receiver.o (.text.VisionReceiver_Process)
                  00004a90    00000524     line_controller.o (.text.LineController_Update)
                  00004fb4    000004bc     oled_ui.o (.text.print_encoder_page)
                  00005470    0000049c     runtime_snapshot.o (.text.RuntimeSnapshot_Update)
                  0000590c    00000478     oled_ui.o (.text.print_sensor_page)
                  00005d84    0000044c     motor_control.o (.text.update_wheel)
                  000061d0    0000042c     balance_ball_control.o (.text.BalanceBallControl_Update20ms)
                  000065fc    00000424     wheel_speed_estimator.o (.text.WheelSpeedEstimator_Update)
                  00006a20    000003f4     vision_protocol.o (.text.VisionProtocol_ParseBallAsciiLine)
                  00006e14    000003e0     balance_position_control.o (.text.BalancePositionControl_Update20ms)
                  000071f4    000003e0     imu.o (.text.Imu_Update)
                  000075d4    000003c4     oled_ui.o (.text.print_motor_control_detail_page)
                  00007998    00000380     imu.o (.text.Imu_Init)
                  00007d18    0000037c     oled_ui.o (.text.print_heading_page)
                  00008094    00000370     gimbal.o (.text.gimbal_update_feedback)
                  00008404    0000033c     oled_ui.o (.text.print_drive_distance_page)
                  00008740    00000324     oled_ui.o (.text.print_imu_detail_page)
                  00008a64    00000314     menu.o (.text.Menu_HandleKeyEvent)
                  00008d78    00000300     oled_ui.o (.text.print_motor_control_page)
                  00009078    000002f0     imu.o (.text.mpu6050_read_regs)
                  00009368    000002cc     car_controller.o (.text.handle_drive_distance)
                  00009634    000002b0     motion_action.o (.text.MotionAction_Update_20ms)
                  000098e4    00000290     balance_calibration_store.o (.text.BalanceCalibrationStore_Save)
                  00009b74    0000028c     motor_control.o (.text.MotorControl_Update)
                  00009e00    00000278     balance_tuning.o (.text.BalanceTuning_Update20ms)
                  0000a078    0000026c     balance_soft_limits.o (.text.BalanceSoftLimits_Update20ms)
                  0000a2e4    00000268     car_controller.o (.text.handle_turn_to_yaw)
                  0000a54c    00000250     menu.o (.text.menu_adjust_param)
                  0000a79c    00000220     app_config.o (.text.AppConfig_InitDefault)
                  0000a9bc    00000220     motion_action.o (.text.motion_action_start_internal)
                  0000abdc    0000021c     balance_tuning.o (.text.BalanceTuning_Process)
                  0000adf8    00000204     motor.o (.text.Motor_SetSpeed)
                  0000affc    00000200     balance_tuning.o (.text.apply_parameter)
                  0000b1fc    000001f0     oled_ui.o (.text.print_param_page)
                  0000b3ec    000001e8     motor_control.o (.text.config_is_valid)
                  0000b5d4    000001e4     mission_library.o (.text.MissionLibrary_Validate)
                  0000b7b8    000001cc     imu.o (.text.imu_i2c_write_byte)
                  0000b984    000001cc     oled_ui.o (.text.print_status_page)
                  0000bb50    000001b8     oled.o (.text.oled_i2c_write_byte)
                  0000bd08    000001a8     app.o (.text.App_Update_20ms)
                  0000beb0    000001a0     ultrasonic.o (.text.Ultrasonic_Tick100us)
                  0000c050    0000019c     car_controller.o (.text.CarController_StartDriveDistanceAtYaw)
                  0000c1ec    00000194     gimbal_stepper.o (.text.GimbalStepper_Tick100us)
                  0000c380    00000190     car_controller.o (.text.CarController_Update_20ms)
                  0000c510    00000188     oled_ui.o (.text.print_imu_page)
                  0000c698    00000174     key.o (.text.Key_Update_20ms)
                  0000c80c    00000170     oled.o (.text.OLED_FlushPage)
                  0000c97c    0000016c     oled.o (.text.OLED_PrintInt16)
                  0000cae8    0000016c     balance_tuning.o (.text.parse_x100)
                  0000cc54    00000160     oled_ui.o (.text.print_balance_limit_value)
                  0000cdb4    0000015c     oled_ui.o (.text.print_signed_total_tail)
                  0000cf10    00000150     vision_protocol.o (.text.parse_decimal_x1000)
                  0000d060    0000014c     balance_position_control.o (.text.BalancePositionControl_Start)
                  0000d1ac    0000014c     balance_soft_limits.o (.text.BalanceSoftLimits_CaptureCurrentStage)
                  0000d2f8    00000140     balance_calibration_store.o (.text.BalanceCalibrationStore_Load)
                  0000d438    0000013c     oled_ui.o (.text.print_balance_vision_rx_debug_page)
                  0000d574    0000012c     imu.o (.text.imu_i2c_recover_bus)
                  0000d6a0    0000012c     oled_ui.o (.text.print_uint64_decimal)
                  0000d7cc    00000128     line_controller.o (.text.LineController_Reset)
                  0000d8f4    00000128     mission_manager.o (.text.MissionManager_Update_20ms)
                  0000da1c    00000124     oled.o (.text.OLED_Init)
                  0000db40    00000120     oled_ui.o (.text.print_bluetooth_page)
                  0000dc60    0000011c     car_controller.o (.text.handle_drive_heading)
                  0000dd7c    00000118     oled_ui.o (.text.print_obstacle_page)
                  0000de94    00000114     car_controller.o (.text.handle_follow_line)
                  0000dfa8    0000010c     balance_soft_limits.o (.text.BalanceSoftLimits_BeginAtCurrentAsZero)
                  0000e0b4    0000010c     line_controller.o (.text.LineController_ResetControlState)
                  0000e1c0    00000108     vision_receiver.o (.text.accept_packet)
                  0000e2c8    00000104     driverlib.a : dl_timer.o (.text.DL_Timer_initFourCCPWMMode)
                  0000e3cc    00000104     line_controller.o (.text.LineController_Init)
                  0000e4d0    00000104     ti_msp_dl_config.o (.text.SYSCFG_DL_GPIO_init)
                  0000e5d4    00000104     balance_tuning.o (.text.send_text)
                  0000e6d8    00000100     motor_control.o (.text.MotorControl_SetNormalizedTarget)
                  0000e7d8    000000fc     mission_manager.o (.text.MissionManager_SelectNext)
                  0000e8d4    000000f8     vision_uart.o (.text.VisionUart_Process)
                  0000e9cc    000000ec     heading_control.o (.text.HeadingControl_Update)
                  0000eab8    000000ec     empty.o (.text.main)
                  0000eba4    000000e8     balance_soft_limits.o (.text.BalanceSoftLimits_StartRelativePositionMoveSteps)
                  0000ec8c    000000e8     mission_manager.o (.text.MissionManager_SelectPrevious)
                  0000ed74    000000e8     obstacle_safety.o (.text.ObstacleSafety_Update_20ms)
                  0000ee5c    000000e0     wheel_speed_estimator.o (.text.WheelSpeedEstimator_Init)
                  0000ef3c    000000d8     driverlib.a : dl_flashctl.o (.text.DL_FlashCTL_unprotectSector)
                  0000f014    000000d8     oled.o (.text.OLED_PrintUInt16)
                  0000f0ec    000000d8     balance_ball_control.o (.text.return_toward_zero)
                  0000f1c4    000000d8     libclang_rt.builtins.a : addsf3.S.obj (.text)
                  0000f29c    000000d4     car_controller.o (.text.CarController_StartDriveDistance)
                  0000f370    000000d4     gimbal_stepper.o (.text.GimbalStepper_MoveRelativeSteps)
                  0000f444    000000cc     balance_encoder.o (.text.BalanceEncoder_HandleGpioInterrupt)
                  0000f510    000000cc     oled_ui.o (.text.OledUi_Update_20ms)
                  0000f5dc    000000c8     fault.o (.text.FaultCode_ToShortString)
                  0000f6a4    000000c0     angle_utils.o (.text.Angle_Normalize180)
                  0000f764    000000c0     balance_soft_limits.o (.text.oscillation_target_for_phase)
                  0000f824    000000bc     balance_ball_control.o (.text.BalanceBallControl_SetConfig)
                  0000f8e0    000000bc     balance_soft_limits.o (.text.BalanceSoftLimits_Init)
                  0000f99c    000000bc     car_controller.o (.text.CarController_ResetRuntime)
                  0000fa58    000000bc     menu.o (.text.Menu_GetParamValue)
                  0000fb14    000000b4     gimbal_stepper.o (.text.GimbalStepper_StopHold)
                  0000fbc8    000000b0     gimbal_stepper.o (.text.GimbalStepper_Init)
                  0000fc78    000000b0     empty.o (.text.SysTick_Handler)
                  0000fd28    000000ac     balance_soft_limits.o (.text.BalanceSoftLimits_StartPositionMoveToLogicalCount)
                  0000fdd4    000000a8     balance_soft_limits.o (.text.BalanceSoftLimits_ArmRecalibration)
                  0000fe7c    000000a4     encoder.o (.text.Encoder_HandleGpioInterrupt)
                  0000ff20    000000a4     balance_calibration_store.o (.text.calibration_crc32)
                  0000ffc4    000000a2     libclang_rt.builtins.a : udivmoddi4.S.obj (.text)
                  00010066    00000002     startup_mspm0g350x_ticlang.o (.text.Default_Handler)
                  00010068    000000a0     balance_soft_limits.o (.text.BalanceSoftLimits_AbortCalibration)
                  00010108    000000a0     car_controller.o (.text.drive_distance_high_decel_zone_cm)
                  000101a8    0000009c     obstacle_monitor.o (.text.ObstacleMonitor_Update_20ms)
                  00010244    0000009a     libc.a : memcpy16.S.obj (.text:memcpy)
                  000102de    00000002     obstacle_avoidance.o (.text.ObstacleAvoidance_Update_20ms)
                  000102e0    00000098     balance_position_control.o (.text.BalancePositionControl_ResetFault)
                  00010378    00000098     balance_soft_limits.o (.text.BalanceSoftLimits_CancelRecalibration)
                  00010410    00000098     imu.o (.text.mpu6050_write_reg)
                  000104a8    00000094     car_controller.o (.text.CarController_StartTurnToYawRelative)
                  0001053c    00000090     car_controller.o (.text.CarController_ResetTransientState)
                  000105cc    0000008c     ti_msp_dl_config.o (.text.SYSCFG_DL_PWM_MOTOR_init)
                  00010658    0000008c     ti_msp_dl_config.o (.text.SYSCFG_DL_UART_BALANCE_TUNING_init)
                  000106e4    0000008c     libclang_rt.builtins.a : mulsf3.S.obj (.text.__mulsf3)
                  00010770    0000008c     car_controller.o (.text.heading_imu_wait_or_fail)
                  000107fc    00000004     libsysbm.a : hostexit.c.obj (.text.HOSTexit)
                  00010800    00000088     libc.a : strcmp-armv6m.S.obj (.text:strcmp)
                  00010888    00000084     car_controller.o (.text.CarController_SetSafetyHold)
                  0001090c    00000084     gimbal_stepper.o (.text.GimbalStepper_ConfirmZero)
                  00010990    00000084     motor.o (.text.Motor_Init)
                  00010a14    00000082     libclang_rt.builtins.a : divsf3.S.obj (.text.__divsf3)
                  00010a96    00000002     track_sensor.o (.text.TrackSensor_Init)
                  00010a98    00000080     balance_position_control.o (.text.BalancePositionControl_Init)
                  00010b18    00000080     car_controller.o (.text.CarController_StartDriveHeading)
                  00010b98    00000080     motor.o (.text.Motor_Stop)
                  00010c18    0000007e     app.o (.text.App_Init)
                  00010c96    00000002     libclang_rt.builtins.a : aeabi_div0.c.obj (.text.__aeabi_idiv0)
                  00010c98    0000007c     balance_soft_limits.o (.text.BalanceSoftLimits_Enforce100usFromIsr)
                  00010d14    0000007c     libc.a : copy_decompress_lzss.c.obj (.text:decompress:lzss)
                  00010d90    00000078     oled.o (.text.oled_write_command)
                  00010e08    00000074     balance_ball_control.o (.text.command_offset)
                  00010e7c    00000074     motor_control.o (.text.latch_control_error)
                  00010ef0    00000070     gimbal_stepper.o (.text.GimbalStepper_Release)
                  00010f60    00000070     ti_msp_dl_config.o (.text.SYSCFG_DL_UART_VISION_init)
                  00010fd0    0000006e     track_sensor.o (.text.TrackSensor_DetectTurn)
                  0001103e    00000002     libclang_rt.builtins.a : aeabi_div0.c.obj (.text.__aeabi_ldiv0)
                  00011040    0000006c     balance_tuning.o (.text.BalanceTuning_Init)
                  000110ac    00000068     mission_manager.o (.text.MissionManager_GetSelectedMissionIndex)
                  00011114    00000068     car_controller.o (.text.set_output_speed)
                  0001117c    00000066     track_sensor.o (.text.TrackSensor_GetErrorFromRaw)
                  000111e2    00000002     --HOLE-- [fill = 0]
                  000111e4    00000064     balance_ball_control.o (.text.BalanceBallControl_Init)
                  00011248    00000064     balance_soft_limits.o (.text.BalanceSoftLimits_ResetPositionFault)
                  000112ac    00000064     mission_manager.o (.text.MissionManager_Start)
                  00011310    00000062     app.o (.text.App_ResetToReady)
                  00011372    00000002     --HOLE-- [fill = 0]
                  00011374    00000062     libclang_rt.builtins.a : aeabi_fcmp.S.obj (.text.__aeabi_fcmp)
                  000113d6    00000062     libc.a : memset16.S.obj (.text:memset)
                  00011438    00000060     balance_tuning.o (.text.UART2_IRQHandler)
                  00011498    00000060     libclang_rt.builtins.a : fixsfdi.S.obj (.text.__fixsfdi)
                  000114f8    0000005c     ultrasonic.o (.text.Ultrasonic_Update_20ms)
                  00011554    0000005c     vision_receiver.o (.text.VisionReceiver_Init)
                  000115b0    0000005c     vision_protocol.o (.text.parse_u32)
                  0001160c    0000005c     car_controller.o (.text.speed_cmps_to_normalized_command)
                  00011668    0000005c     balance_soft_limits.o (.text.test_start_target)
                  000116c4    00000058     balance_encoder.o (.text.BalanceEncoder_Init)
                  0001171c    00000058     mission_manager.o (.text.MissionManager_Init)
                  00011774    00000058     oled.o (.text.OLED_PrintChar)
                  000117cc    00000058     balance_ball_control.o (.text.ensure_tracking_started)
                  00011824    00000058     motion_action.o (.text.motion_action_start_imu_controller)
                  0001187c    00000056     libclang_rt.builtins.a : aeabi_idivmod.S.obj (.text.__aeabi_idivmod)
                  000118d2    00000002     --HOLE-- [fill = 0]
                  000118d4    00000054     car_controller.o (.text.CarController_Stop)
                  00011928    00000054     track_sensor.o (.text.TrackSensor_ReadRaw)
                  0001197c    00000054     watchdog_monitor.o (.text.WatchdogMonitor_ApplyFaultIfNeeded)
                  000119d0    00000054     menu.o (.text.menu_next_main_page)
                  00011a24    00000050     balance_position_control.o (.text.BalancePositionControl_SetTrackingTarget)
                  00011a74    00000050     balance_soft_limits.o (.text.BalanceSoftLimits_GetSnapshot)
                  00011ac4    00000050     ultrasonic.o (.text.Ultrasonic_Init)
                  00011b14    00000050     watchdog_monitor.o (.text.WatchdogMonitor_Tick1msFromIsr)
                  00011b64    0000004e     libclang_rt.builtins.a : floatdisf.S.obj (.text.__floatdisf)
                  00011bb2    00000002     --HOLE-- [fill = 0]
                  00011bb4    0000004c     motor_control.o (.text.MotorControl_Stop)
                  00011c00    0000004c     libc.a : cpy_tbl.c.obj (.text.copy_in)
                  00011c4c    0000004c     vision_protocol.o (.text.state_is_valid)
                  00011c98    0000004c     libc.a : autoinit.c.obj (.text:__TI_auto_init_nopinit)
                  00011ce4    00000048     driverlib.a : dl_uart.o (.text.DL_UART_init)
                  00011d2c    00000048     mission_manager.o (.text.MissionManager_Cancel)
                  00011d74    00000048     ti_msp_dl_config.o (.text.SYSCFG_DL_initPower)
                  00011dbc    00000044     car_controller.o (.text.CarController_StartFollowLine)
                  00011e00    00000044     emergency_stop.o (.text.EmergencyStop_Reset)
                  00011e44    00000044     encoder.o (.text.Encoder_GetAndClearPulseDeltas)
                  00011e88    00000044     imu.o (.text.Imu_ResetYaw)
                  00011ecc    00000044     mission_manager.o (.text.MissionManager_Reset)
                  00011f10    00000044     servo.o (.text.Servo_Tick100us)
                  00011f54    00000044     vision_uart.o (.text.UART3_IRQHandler)
                  00011f98    00000040     balance_ball_control.o (.text.BalanceBallControl_Enable)
                  00011fd8    00000040     balance_encoder.o (.text.BalanceEncoder_GetSnapshot)
                  00012018    00000040     balance_soft_limits.o (.text.BalanceSoftLimits_StopMotion)
                  00012058    00000040     car_controller.o (.text.CarController_ResumeFollowLine)
                  00012098    00000040     fault.o (.text.Fault_Raise)
                  000120d8    00000040     ti_msp_dl_config.o (.text.SYSCFG_DL_SYSCTL_init)
                  00012118    00000040     vision_receiver.o (.text.VisionReceiver_PushByteFromIsr)
                  00012158    00000040     libclang_rt.builtins.a : aeabi_uidivmod.S.obj (.text.__aeabi_uidivmod)
                  00012198    00000040     vision_protocol.o (.text.parse_confidence)
                  000121d8    0000003e     libclang_rt.builtins.a : divmoddi4.c.obj (.text.__divmoddi4)
                  00012216    00000002     --HOLE-- [fill = 0]
                  00012218    0000003c     balance_position_control.o (.text.BalancePositionControl_Cancel)
                  00012254    0000003c     mission_library.o (.text.MissionLibrary_FindById)
                  00012290    0000003c     mission_manager.o (.text.MissionManager_Resume)
                  000122cc    0000003c     servo.o (.text.Servo_SetAngleDeg)
                  00012308    0000003c     libclang_rt.builtins.a : floatsisf.S.obj (.text.__floatsisf)
                  00012344    0000003c                            : comparesf2.S.obj (.text.__gtsf2)
                  00012380    0000003c     balance_position_control.o (.text.latch_fault)
                  000123bc    0000003a     libclang_rt.builtins.a : comparesf2.S.obj (.text.__eqsf2)
                  000123f6    00000002     --HOLE-- [fill = 0]
                  000123f8    0000003a                            : muldsi3.S.obj (.text.__muldsi3)
                  00012432    00000002     --HOLE-- [fill = 0]
                  00012434    00000038     emergency_stop.o (.text.EmergencyStop_Trigger)
                  0001246c    00000038     libclang_rt.builtins.a : fixsfsi.S.obj (.text.__fixsfsi)
                  000124a4    00000034     balance_position_control.o (.text.BalancePositionControl_SetTrackingThresholds)
                  000124d8    00000034     imu.o (.text.Imu_IsReady)
                  0001250c    00000032     oled.o (.text.OLED_PrintString)
                  0001253e    00000002     --HOLE-- [fill = 0]
                  00012540    00000030     key.o (.text.Key_Init)
                  00012570    00000030     line_controller.o (.text.LineController_ObserveSensors)
                  000125a0    00000030     watchdog_monitor.o (.text.WatchdogMonitor_Init)
                  000125d0    00000030     watchdog_monitor.o (.text.WatchdogMonitor_Reset)
                  00012600    0000002c     balance_position_control.o (.text.BalancePositionControl_StartTracking)
                  0001262c    0000002c     encoder.o (.text.Encoder_Reset)
                  00012658    0000002c     mission_manager.o (.text.MissionManager_Pause)
                  00012684    0000002c     track_sensor.o (.text.TrackSensor_CountBlack)
                  000126b0    00000028     balance_ball_control.o (.text.BalanceBallControl_ResetConfig)
                  000126d8    00000028     balance_soft_limits.o (.text.BalanceSoftLimits_CancelTravelTest)
                  00012700    00000028     driverlib.a : dl_flashctl.o (.text.DL_FlashCTL_programMemoryFromRAM64WithECCGenerated)
                  00012728    00000028     emergency_stop.o (.text.EmergencyStop_Enforce)
                  00012750    00000028     magnet.o (.text.Magnet_ForceOff)
                  00012778    00000028     ti_msp_dl_config.o (.text.SYSCFG_DL_init)
                  000127a0    00000028     servo.o (.text.Servo_Init)
                  000127c8    00000028     libclang_rt.builtins.a : floatunsisf.S.obj (.text.__floatunsisf)
                  000127f0    00000028     libc.a : boot_cortex_m.c.obj (.text:_c_int00_noargs)
                  00012818    00000024     balance_encoder.o (.text.BalanceEncoder_SampleSpeed10msFromIsr)
                  0001283c    00000024     balance_position_control.o (.text.BalancePositionControl_GetSnapshot)
                  00012860    00000024     balance_soft_limits.o (.text.BalanceSoftLimits_CancelOscillationTest)
                  00012884    00000024     gimbal_stepper.o (.text.GimbalStepper_GetFeedbackSnapshot)
                  000128a8    00000024     mission_manager.o (.text.MissionManager_ReportExternalFailure)
                  000128cc    00000024     motor_control.o (.text.MotorControl_Init)
                  000128f0    00000024     motor_control.o (.text.MotorControl_Reset)
                  00012914    00000024     oled.o (.text.OLED_ClearBuffer)
                  00012938    00000024     libclang_rt.builtins.a : muldi3.S.obj (.text.__muldi3)
                  0001295c    00000020     balance_ball_control.o (.text.BalanceBallControl_GetSnapshot)
                  0001297c    00000020     driverlib.a : dl_timer.o (.text.DL_Timer_overrideCCPOut)
                  0001299c    00000020     debug_telemetry.o (.text.DebugTelemetry_Update)
                  000129bc    00000020     empty.o (.text.GROUP1_IRQHandler)
                  000129dc    00000020     magnet.o (.text.Magnet_Init)
                  000129fc    00000020     oled.o (.text.OLED_SetCursor)
                  00012a1c    00000020     empty.o (.text.SchedulerMonitor_GetStats)
                  00012a3c    00000020     vision_receiver.o (.text.VisionReceiver_GetProtocolErrorCount)
                  00012a5c    00000020     libc.a : memcmp.c.obj (.text.memcmp)
                  00012a7c    00000020     mission_manager.o (.text.mission_finish_error)
                  00012a9c    0000001e     libclang_rt.builtins.a : ashldi3.S.obj (.text.__ashldi3)
                  00012aba    00000002     --HOLE-- [fill = 0]
                  00012abc    0000001c     balance_ball_control.o (.text.BalanceBallControl_Disable)
                  00012ad8    0000001c     balance_ball_control.o (.text.BalanceBallControl_ForceStop)
                  00012af4    0000001c     driverlib.a : dl_timer.o (.text.DL_Timer_setCaptCompUpdateMethod)
                  00012b10    0000001c                 : dl_timer.o (.text.DL_Timer_setClockConfig)
                  00012b2c    0000001c     heading_control.o (.text.HeadingControl_SetTargetYaw)
                  00012b48    0000001c     menu.o (.text.Menu_Init)
                  00012b64    0000001c     motion_action.o (.text.MotionAction_Cancel)
                  00012b80    0000001c     obstacle_monitor.o (.text.ObstacleMonitor_Init)
                  00012b9c    0000001c     obstacle_safety.o (.text.ObstacleSafety_Init)
                  00012bb8    0000001c     watchdog_monitor.o (.text.WatchdogMonitor_NotifyControlCycleComplete)
                  00012bd4    0000001c     mission_manager.o (.text.mission_finish_success)
                  00012bf0    00000018     balance_ball_control.o (.text.BalanceBallControl_GetConfig)
                  00012c08    00000018     driverlib.a : dl_flashctl.o (.text.DL_FlashCTL_eraseMemoryFromRAM)
                  00012c20    00000018                 : dl_timer.o (.text.DL_Timer_setCaptureCompareOutCtl)
                  00012c38    00000018     debug_telemetry.o (.text.DebugTelemetry_Init)
                  00012c50    00000018     heading_control.o (.text.HeadingControl_Init)
                  00012c68    00000018     heading_control.o (.text.HeadingControl_Reset)
                  00012c80    00000018     menu.o (.text.Menu_ParamItemToString)
                  00012c98    00000018     motion_action.o (.text.MotionAction_Init)
                  00012cb0    00000018     obstacle_avoidance.o (.text.ObstacleAvoidance_Init)
                  00012cc8    00000018     runtime_snapshot.o (.text.RuntimeSnapshot_Init)
                  00012ce0    00000016     libclang_rt.builtins.a : comparesf2.S.obj (.text.__unordsf2)
                  00012cf6    00000002     --HOLE-- [fill = 0]
                  00012cf8    00000014     fault.o (.text.Fault_Clear)
                  00012d0c    00000014     fault.o (.text.Fault_Init)
                  00012d20    00000014     gimbal_stepper.o (.text.GimbalStepper_SetStepHalfPeriodTicks)
                  00012d34    00000014     heading_control.o (.text.HeadingControl_Enable)
                  00012d48    00000014     mission_library.o (.text.MissionLibrary_GetByIndex)
                  00012d5c    00000014     mission_manager.o (.text.MissionManager_GetSelectedMissionId)
                  00012d70    00000014     vision_uart.o (.text.VisionUart_Init)
                  00012d84    00000014     libclang_rt.builtins.a : aeabi_ldivmod.S.obj (.text.__aeabi_ldivmod)
                  00012d98    00000014                            : aeabi_uldivmod.S.obj (.text.__aeabi_uldivmod)
                  00012dac    00000012     driverlib.a : dl_uart.o (.text.DL_UART_setClockConfig)
                  00012dbe    00000012     libc.a : copy_decompress_none.c.obj (.text:decompress:none)
                  00012dd0    00000010     balance_position_control.o (.text.BalancePositionControl_HasFault)
                  00012de0    00000010     driverlib.a : dl_timer.o (.text.DL_Timer_setCaptureCompareValue)
                  00012df0    00000010     gimbal.o (.text.Gimbal_YawGetFeedback)
                  00012e00    00000010     key.o (.text.Key_GetEvent)
                  00012e10    00000010     libc.a : copy_zero_init.c.obj (.text:decompress:ZI)
                  00012e20    0000000c     balance_encoder.o (.text.BalanceEncoder_GetCountAtomic)
                  00012e2c    0000000c     balance_position_control.o (.text.BalancePositionControl_IsBusy)
                  00012e38    0000000c     balance_soft_limits.o (.text.BalanceSoftLimits_IsCalibrationActive)
                  00012e44    0000000c     balance_soft_limits.o (.text.BalanceSoftLimits_IsOscillationTestActive)
                  00012e50    0000000c     balance_soft_limits.o (.text.BalanceSoftLimits_IsTravelTestActive)
                  00012e5c    0000000c     car_controller.o (.text.CarController_GetRunMode)
                  00012e68    0000000c     car_controller.o (.text.CarController_Init)
                  00012e74    0000000c     car_controller.o (.text.CarController_IsSafetyHoldActive)
                  00012e80    0000000c     car_state.o (.text.CarState_Get)
                  00012e8c    0000000c     car_state.o (.text.CarState_Init)
                  00012e98    0000000c     car_state.o (.text.CarState_Set)
                  00012ea4    0000000c     emergency_stop.o (.text.EmergencyStop_Init)
                  00012eb0    0000000c     emergency_stop.o (.text.EmergencyStop_IsActive)
                  00012ebc    0000000c     imu.o (.text.Imu_GetCorrectedGyroZDps)
                  00012ec8    0000000c     imu.o (.text.Imu_GetYaw)
                  00012ed4    0000000c     menu.o (.text.Menu_GetPage)
                  00012ee0    0000000c     menu.o (.text.Menu_GetParamItem)
                  00012eec    0000000c     mission_manager.o (.text.MissionManager_IsExternallyHeld)
                  00012ef8    0000000c     mission_manager.o (.text.MissionManager_SetExternalHold)
                  00012f04    0000000c     obstacle_avoidance.o (.text.ObstacleAvoidance_IsActive)
                  00012f10    0000000c     obstacle_avoidance.o (.text.ObstacleAvoidance_IsFailed)
                  00012f1c    0000000c     obstacle_safety.o (.text.ObstacleSafety_IsHolding)
                  00012f28    0000000c     empty.o (.text.SystemTime_GetMs)
                  00012f34    0000000c     watchdog_monitor.o (.text.WatchdogMonitor_HasTripped)
                  00012f40    0000000c     libclang_rt.builtins.a : aeabi_memset.S.obj (.text.__aeabi_memclr)
                  00012f4c    0000000a     driverlib.a : dl_common.o (.text.DL_Common_delayCycles)
                  00012f56    0000000a     motion_action.o (.text.MotionAction_Resume)
                  00012f60    0000000a     motion_action.o (.text.MotionAction_Start)
                  00012f6a    0000000a     track_sensor.o (.text.TrackSensor_IsCenterDetected)
                  00012f74    0000000a     track_sensor.o (.text.TrackSensor_IsLineDetected)
                  00012f7e    0000000a     track_sensor.o (.text.TrackSensor_IsLineLost)
                  00012f88    00000008     balance_soft_limits.o (.text.BalanceSoftLimits_CancelPositionMove)
                  00012f90    00000008     balance_soft_limits.o (.text.BalanceSoftLimits_IsPositionMoveActive)
                  00012f98    00000008     bluetooth_uart.o (.text.BluetoothUart_GetRuntime)
                  00012fa0    00000008     car_controller.o (.text.CarController_GetFeedback)
                  00012fa8    00000008     fault.o (.text.Fault_GetRecord)
                  00012fb0    00000008     gimbal_stepper.o (.text.GimbalStepper_GetFeedback)
                  00012fb8    00000008     heading_control.o (.text.HeadingControl_GetRuntime)
                  00012fc0    00000008     imu.o (.text.Imu_GetRuntime)
                  00012fc8    00000008     line_controller.o (.text.LineController_GetRuntime)
                  00012fd0    00000008     mission_manager.o (.text.MissionManager_GetMissionCount)
                  00012fd8    00000008     mission_manager.o (.text.MissionManager_GetRuntime)
                  00012fe0    00000008     motion_action.o (.text.MotionAction_GetRuntime)
                  00012fe8    00000008     motor_control.o (.text.MotorControl_GetRuntime)
                  00012ff0    00000008     obstacle_avoidance.o (.text.ObstacleAvoidance_GetFeedback)
                  00012ff8    00000008     obstacle_monitor.o (.text.ObstacleMonitor_GetFeedback)
                  00013000    00000008     oled_ui.o (.text.OledUi_Init)
                  00013008    00000008     runtime_snapshot.o (.text.RuntimeSnapshot_Get)
                  00013010    00000008     servo.o (.text.Servo_GetFeedback)
                  00013018    00000008     ultrasonic.o (.text.Ultrasonic_GetFeedback)
                  00013020    00000008     vision_receiver.o (.text.VisionReceiver_GetBallPositionObservation)
                  00013028    00000008     vision_receiver.o (.text.VisionReceiver_GetStatus)
                  00013030    00000008     vision_tuning_console.o (.text.VisionTuningConsole_GetStatus)
                  00013038    00000008     watchdog_monitor.o (.text.WatchdogMonitor_GetStatus)
                  00013040    00000008     wheel_speed_estimator.o (.text.WheelSpeedEstimator_GetRuntime)
                  00013048    00000008     libclang_rt.builtins.a : aeabi_memcpy.S.obj (.text.__aeabi_memcpy)
                  00013050    00000006     libc.a : exit.c.obj (.text:abort)
                  00013056    00000004     mission_library.o (.text.MissionLibrary_GetCount)
                  0001305a    00000004     obstacle_avoidance.o (.text.ObstacleAvoidance_IsResumeGraceActive)
                  0001305e    00000004     startup_mspm0g350x_ticlang.o (.text.Reset_Handler)
                  00013062    00000002     --HOLE-- [fill = 0]
                  00013064    00000010     libc.a : boot_cortex_m.c.obj (.tramp._c_int00_noargs.1)
                  00013074    00000004            : pre_init.c.obj (.text._system_pre_init)
                  00013078    00000010     driverlib.a : dl_flashctl.o (.tramp.DL_FlashCTL_executeCommandFromRAM.1)
                  00013088    00000008     --HOLE-- [fill = 0]

.TI.ramfunc 
*          0    00013a38    00000060     RUN ADDR = 20201938
                  00013a38    00000060     driverlib.a : dl_flashctl.o (.TI.ramfunc)

.cinit     0    00013a98    00000030     
                  00013a98    0000000c     (__TI_handler_table)
                  00013aa4    00000008     (.cinit..bss.load) [load image, compression = zero_init]
                  00013aac    00000005     (.cinit..data.load) [load image, compression = lzss]
                  00013ab1    00000003     --HOLE-- [fill = 0]
                  00013ab4    00000010     (__TI_cinit_table)
                  00013ac4    00000004     --HOLE-- [fill = 0]

.rodata    0    00013090    000009a8     
                  00013090    000000d8     oled.o (.rodata..Lswitch.table.OLED_PrintChar)
                  00013168    00000050     mission_library.o (.rodata.g_missionRegistry)
                  000131b8    00000048     mission_library.o (.rodata.g_missionCompetitionMain)
                  00013200    00000048     mission_library.o (.rodata.g_missionTestDistance20)
                  00013248    00000048     mission_library.o (.rodata.g_missionTestLine)
                  00013290    00000048     mission_library.o (.rodata.g_missionTestTurn)
                  000132d8    00000034     oled_ui.o (.rodata..Lswitch.table.print_balance_vision_rx_debug_page)
                  0001330c    0000002c     oled_ui.o (.rodata..Lswitch.table.print_status_page)
                  00013338    00000020     menu.o (.rodata..Lswitch.table.Menu_ParamItemToString)
                  00013358    0000001c     oled_ui.o (.rodata..Lswitch.table.print_balance_stepper_test_page.197)
                  00013374    0000001c     oled_ui.o (.rodata..Lswitch.table.print_drive_distance_page)
                  00013390    00000018     oled_ui.o (.rodata..Lswitch.table.print_balance_vision_page)
                  000133a8    00000018     oled_ui.o (.rodata..Lswitch.table.print_status_page.198)
                  000133c0    00000018     mission_library.o (.rodata.g_missionTestBallCenter)
                  000133d8    00000014     oled_ui.o (.rodata..Lswitch.table.print_balance_stepper_test_page.191)
                  000133ec    00000014     oled_ui.o (.rodata..Lswitch.table.print_balance_stepper_test_page.193)
                  00013400    00000014     oled_ui.o (.rodata..Lswitch.table.print_status_page.199)
                  00013414    00000014     balance_tuning.o (.rodata.str1.14867730425649151644.1)
                  00013428    00000013     oled_ui.o (.rodata.str1.14774750633985060196.1)
                  0001343b    00000011     oled_ui.o (.rodata.str1.14521350379984854626.1)
                  0001344c    00000011     oled_ui.o (.rodata.str1.17763087492223448992.1)
                  0001345d    00000011     oled_ui.o (.rodata.str1.1974573040514735405.1)
                  0001346e    00000011     oled_ui.o (.rodata.str1.9351772214919528733.1)
                  0001347f    00000011     oled_ui.o (.rodata.str1.9584387800903135389.1)
                  00013490    00000010     oled_ui.o (.rodata..Lswitch.table.print_balance_stepper_test_page.194)
                  000134a0    00000010     balance_encoder.o (.rodata.cst16)
                  000134b0    00000010     oled_ui.o (.rodata.str1.12697925274637991987.1)
                  000134c0    0000000f     oled_ui.o (.rodata.str1.9229350655415085.1)
                  000134cf    0000000e     oled_ui.o (.rodata.str1.10416366799939242409.1)
                  000134dd    0000000e     oled_ui.o (.rodata.str1.10430294223631918979.1)
                  000134eb    0000000e     oled_ui.o (.rodata.str1.14711868471336838103.1)
                  000134f9    00000003     ti_msp_dl_config.o (.rodata.gPWM_MOTORClockConfig)
                  000134fc    0000000c     oled_ui.o (.rodata..Lswitch.table.print_balance_stepper_test_page.192)
                  00013508    0000000c     oled_ui.o (.rodata..Lswitch.table.print_balance_stepper_test_page.195)
                  00013514    0000000c     oled_ui.o (.rodata..Lswitch.table.print_balance_stepper_test_page)
                  00013520    0000000c     oled_ui.o (.rodata..Lswitch.table.print_sensor_page)
                  0001352c    0000000c     mission_library.o (.rodata.str1.11682660667400632204.1)
                  00013538    0000000c     oled_ui.o (.rodata.str1.16290499236105125126.1)
                  00013544    0000000b     oled_ui.o (.rodata.str1.13882251010780863896.1)
                  0001354f    00000001     --HOLE-- [fill = 0]
                  00013550    0000000a     ti_msp_dl_config.o (.rodata.gUART_BALANCE_TUNINGConfig)
                  0001355a    0000000a     ti_msp_dl_config.o (.rodata.gUART_VISIONConfig)
                  00013564    0000000a     balance_tuning.o (.rodata.str1.11920933488914742755.1)
                  0001356e    0000000a     oled_ui.o (.rodata.str1.12447783896598192203.1)
                  00013578    0000000a     mission_library.o (.rodata.str1.13636476544574750902.1)
                  00013582    0000000a     mission_library.o (.rodata.str1.15668266851434757964.1)
                  0001358c    0000000a     oled_ui.o (.rodata.str1.17540787658903907660.1)
                  00013596    0000000a     mission_library.o (.rodata.str1.199678142196697465.1)
                  000135a0    0000000a     oled_ui.o (.rodata.str1.2608729314174233125.1)
                  000135aa    0000000a     oled_ui.o (.rodata.str1.4582914374586912483.1)
                  000135b4    0000000a     balance_tuning.o (.rodata.str1.8659531508871313437.1)
                  000135be    00000009     oled_ui.o (.rodata.str1.12043213579996415112.1)
                  000135c7    00000009     oled_ui.o (.rodata.str1.15917848551323629232.1)
                  000135d0    00000009     oled_ui.o (.rodata.str1.5965888106848176421.1)
                  000135d9    00000003     oled_ui.o (.rodata.str1.10263419832828250601.1)
                  000135dc    00000008     ti_msp_dl_config.o (.rodata.gPWM_MOTORConfig)
                  000135e4    00000008     oled_ui.o (.rodata.str1.10163600690795753232.1)
                  000135ec    00000008     oled_ui.o (.rodata.str1.130772507669342127.1)
                  000135f4    00000008     oled_ui.o (.rodata.str1.13271657277589579873.1)
                  000135fc    00000008     oled_ui.o (.rodata.str1.17464849429964608858.1)
                  00013604    00000007     oled_ui.o (.rodata.str1.1276391367487699528.1)
                  0001360b    00000007     oled_ui.o (.rodata.str1.13871579367539052597.1)
                  00013612    00000007     mission_library.o (.rodata.str1.1440970855772709381.1)
                  00013619    00000007     oled_ui.o (.rodata.str1.4610220316623841660.1)
                  00013620    00000007     oled_ui.o (.rodata.str1.9646571805098343045.1)
                  00013627    00000007     oled_ui.o (.rodata.str1.9992244628984851027.1)
                  0001362e    00000006     oled_ui.o (.rodata.str1.10077435089618835710.1)
                  00013634    00000006     oled_ui.o (.rodata.str1.1019225241002246410.1)
                  0001363a    00000006     oled_ui.o (.rodata.str1.10600688730180713177.1)
                  00013640    00000006     oled_ui.o (.rodata.str1.11232419324784801130.1)
                  00013646    00000006     oled_ui.o (.rodata.str1.12571791089077708471.1)
                  0001364c    00000006     oled_ui.o (.rodata.str1.1445687256832830955.1)
                  00013652    00000006     oled_ui.o (.rodata.str1.14748562464132904299.1)
                  00013658    00000006     oled_ui.o (.rodata.str1.15817398807211891688.1)
                  0001365e    00000006     oled_ui.o (.rodata.str1.16411631209783952401.1)
                  00013664    00000006     oled_ui.o (.rodata.str1.17717236995185551183.1)
                  0001366a    00000006     oled_ui.o (.rodata.str1.240075016795266086.1)
                  00013670    00000006     oled_ui.o (.rodata.str1.2656948373757303877.1)
                  00013676    00000006     oled_ui.o (.rodata.str1.3247264562726604308.1)
                  0001367c    00000006     oled_ui.o (.rodata.str1.4932371652560868037.1)
                  00013682    00000006     oled_ui.o (.rodata.str1.5376340479846291137.1)
                  00013688    00000006     oled_ui.o (.rodata.str1.5948326995020184415.1)
                  0001368e    00000006     oled_ui.o (.rodata.str1.7050595558965647569.1)
                  00013694    00000006     oled_ui.o (.rodata.str1.7481335054564682966.1)
                  0001369a    00000006     oled_ui.o (.rodata.str1.8018480777946742726.1)
                  000136a0    00000006     oled_ui.o (.rodata.str1.8783421139296713095.1)
                  000136a6    00000006     oled_ui.o (.rodata.str1.9544068167406571052.1)
                  000136ac    00000005     motion_action.o (.rodata..Lswitch.table.MotionAction_Update_20ms)
                  000136b1    00000005     oled.o (.rodata.oled_get_glyph.colon)
                  000136b6    00000005     oled.o (.rodata.oled_get_glyph.eight)
                  000136bb    00000005     oled.o (.rodata.oled_get_glyph.five)
                  000136c0    00000005     oled.o (.rodata.oled_get_glyph.four)
                  000136c5    00000005     oled.o (.rodata.oled_get_glyph.glyphA)
                  000136ca    00000005     oled.o (.rodata.oled_get_glyph.glyphB)
                  000136cf    00000005     oled.o (.rodata.oled_get_glyph.glyphC)
                  000136d4    00000005     oled.o (.rodata.oled_get_glyph.glyphD)
                  000136d9    00000005     oled.o (.rodata.oled_get_glyph.glyphE)
                  000136de    00000005     oled.o (.rodata.oled_get_glyph.glyphF)
                  000136e3    00000005     oled.o (.rodata.oled_get_glyph.glyphG)
                  000136e8    00000005     oled.o (.rodata.oled_get_glyph.glyphH)
                  000136ed    00000005     oled.o (.rodata.oled_get_glyph.glyphI)
                  000136f2    00000005     oled.o (.rodata.oled_get_glyph.glyphK)
                  000136f7    00000005     oled.o (.rodata.oled_get_glyph.glyphL)
                  000136fc    00000005     oled.o (.rodata.oled_get_glyph.glyphM)
                  00013701    00000005     oled.o (.rodata.oled_get_glyph.glyphN)
                  00013706    00000005     oled.o (.rodata.oled_get_glyph.glyphO)
                  0001370b    00000005     oled.o (.rodata.oled_get_glyph.glyphP)
                  00013710    00000005     oled.o (.rodata.oled_get_glyph.glyphR)
                  00013715    00000005     oled.o (.rodata.oled_get_glyph.glyphS)
                  0001371a    00000005     oled.o (.rodata.oled_get_glyph.glyphT)
                  0001371f    00000005     oled.o (.rodata.oled_get_glyph.glyphU)
                  00013724    00000005     oled.o (.rodata.oled_get_glyph.glyphV)
                  00013729    00000005     oled.o (.rodata.oled_get_glyph.glyphW)
                  0001372e    00000005     oled.o (.rodata.oled_get_glyph.glyphX)
                  00013733    00000005     oled.o (.rodata.oled_get_glyph.glyphY)
                  00013738    00000005     oled.o (.rodata.oled_get_glyph.glyphb)
                  0001373d    00000005     oled.o (.rodata.oled_get_glyph.gt)
                  00013742    00000005     oled.o (.rodata.oled_get_glyph.minus)
                  00013747    00000005     oled.o (.rodata.oled_get_glyph.nine)
                  0001374c    00000005     oled.o (.rodata.oled_get_glyph.one)
                  00013751    00000005     oled.o (.rodata.oled_get_glyph.seven)
                  00013756    00000005     oled.o (.rodata.oled_get_glyph.six)
                  0001375b    00000005     oled.o (.rodata.oled_get_glyph.space)
                  00013760    00000005     oled.o (.rodata.oled_get_glyph.three)
                  00013765    00000005     oled.o (.rodata.oled_get_glyph.two)
                  0001376a    00000005     oled.o (.rodata.oled_get_glyph.zero)
                  0001376f    00000005     oled_ui.o (.rodata.str1.11049990970699464748.1)
                  00013774    00000005     oled_ui.o (.rodata.str1.11627403558423016802.1)
                  00013779    00000005     oled_ui.o (.rodata.str1.12182588061437138428.1)
                  0001377e    00000005     oled_ui.o (.rodata.str1.12359577037488465078.1)
                  00013783    00000005     oled_ui.o (.rodata.str1.12493748764729730277.1)
                  00013788    00000005     oled_ui.o (.rodata.str1.12504350857748951577.1)
                  0001378d    00000005     oled_ui.o (.rodata.str1.12617122458660443890.1)
                  00013792    00000005     balance_tuning.o (.rodata.str1.12833110812472946424.1)
                  00013797    00000005     fault.o (.rodata.str1.14435905801345341244.1)
                  0001379c    00000005     fault.o (.rodata.str1.1506612114648992996.1)
                  000137a1    00000005     oled_ui.o (.rodata.str1.15132332204781002199.1)
                  000137a6    00000005     oled_ui.o (.rodata.str1.15575624326185233262.1)
                  000137ab    00000005     oled_ui.o (.rodata.str1.15577080202403550426.1)
                  000137b0    00000005     oled_ui.o (.rodata.str1.15613891207764622616.1)
                  000137b5    00000005     oled_ui.o (.rodata.str1.15802367878353263018.1)
                  000137ba    00000005     oled_ui.o (.rodata.str1.15829239520183577662.1)
                  000137bf    00000005     balance_tuning.o (.rodata.str1.16296215605590053309.1)
                  000137c4    00000005     oled_ui.o (.rodata.str1.16526439943277383452.1)
                  000137c9    00000005     oled_ui.o (.rodata.str1.16939060351352778619.1)
                  000137ce    00000005     oled_ui.o (.rodata.str1.17067061841413117831.1)
                  000137d3    00000005     fault.o (.rodata.str1.17097894860660336008.1)
                  000137d8    00000005     fault.o (.rodata.str1.17155043670132108083.1)
                  000137dd    00000005     oled_ui.o (.rodata.str1.17436941090773226089.1)
                  000137e2    00000005     oled_ui.o (.rodata.str1.17678525341650131470.1)
                  000137e7    00000005     oled_ui.o (.rodata.str1.17763996158807330232.1)
                  000137ec    00000005     oled_ui.o (.rodata.str1.17884296644359297425.1)
                  000137f1    00000005     oled_ui.o (.rodata.str1.2002540315216928218.1)
                  000137f6    00000005     fault.o (.rodata.str1.2104670281202025270.1)
                  000137fb    00000005     oled_ui.o (.rodata.str1.2193316011307952170.1)
                  00013800    00000005     oled_ui.o (.rodata.str1.2308938766145545715.1)
                  00013805    00000005     oled_ui.o (.rodata.str1.2522137003438374266.1)
                  0001380a    00000005     oled_ui.o (.rodata.str1.270145429241168923.1)
                  0001380f    00000005     oled_ui.o (.rodata.str1.2714695401222167146.1)
                  00013814    00000005     oled_ui.o (.rodata.str1.344790106308886506.1)
                  00013819    00000005     oled_ui.o (.rodata.str1.3455423528827705371.1)
                  0001381e    00000005     oled_ui.o (.rodata.str1.35417727660486075.1)
                  00013823    00000005     oled_ui.o (.rodata.str1.4082595774073207366.1)
                  00013828    00000005     fault.o (.rodata.str1.4453281041433270631.1)
                  0001382d    00000005     fault.o (.rodata.str1.4549004730087743662.1)
                  00013832    00000005     oled_ui.o (.rodata.str1.4581472623415959594.1)
                  00013837    00000005     oled_ui.o (.rodata.str1.4723632947289500520.1)
                  0001383c    00000005     menu.o (.rodata.str1.4862307748908978627.1)
                  00013841    00000005     oled_ui.o (.rodata.str1.5291836437463020264.1)
                  00013846    00000005     oled_ui.o (.rodata.str1.5965450730569173784.1)
                  0001384b    00000005     fault.o (.rodata.str1.6372787129294360447.1)
                  00013850    00000005     oled_ui.o (.rodata.str1.6398192001994169976.1)
                  00013855    00000005     fault.o (.rodata.str1.6437946768974223044.1)
                  0001385a    00000005     oled_ui.o (.rodata.str1.6473435968988645044.1)
                  0001385f    00000005     oled_ui.o (.rodata.str1.6744096065564390185.1)
                  00013864    00000005     oled_ui.o (.rodata.str1.6806727740681590176.1)
                  00013869    00000005     oled_ui.o (.rodata.str1.6954814719705590448.1)
                  0001386e    00000005     oled_ui.o (.rodata.str1.763101100280173925.1)
                  00013873    00000005     oled_ui.o (.rodata.str1.7774807581888385879.1)
                  00013878    00000005     oled_ui.o (.rodata.str1.8124536758062367015.1)
                  0001387d    00000005     fault.o (.rodata.str1.8185770893384132067.1)
                  00013882    00000005     oled_ui.o (.rodata.str1.8399051469953744892.1)
                  00013887    00000005     oled_ui.o (.rodata.str1.8426569189266129334.1)
                  0001388c    00000005     oled_ui.o (.rodata.str1.8449035241871861290.1)
                  00013891    00000005     oled_ui.o (.rodata.str1.8471462185882660445.1)
                  00013896    00000005     oled_ui.o (.rodata.str1.8615431116298670950.1)
                  0001389b    00000005     oled_ui.o (.rodata.str1.8693388333057100694.1)
                  000138a0    00000005     oled_ui.o (.rodata.str1.9044019526854345694.1)
                  000138a5    00000005     oled_ui.o (.rodata.str1.9135818829835424837.1)
                  000138aa    00000005     oled_ui.o (.rodata.str1.9611283282870761829.1)
                  000138af    00000004     oled_ui.o (.rodata.str1.10568433575767188072.1)
                  000138b3    00000004     oled_ui.o (.rodata.str1.11149198520117834688.1)
                  000138b7    00000004     oled_ui.o (.rodata.str1.11388022865931857840.1)
                  000138bb    00000004     oled_ui.o (.rodata.str1.11428648044669318875.1)
                  000138bf    00000004     oled_ui.o (.rodata.str1.11614055506586029288.1)
                  000138c3    00000004     oled_ui.o (.rodata.str1.11794000050372113979.1)
                  000138c7    00000004     oled_ui.o (.rodata.str1.12595606217184830646.1)
                  000138cb    00000004     oled_ui.o (.rodata.str1.12888220461447056082.1)
                  000138cf    00000004     oled_ui.o (.rodata.str1.12928245060369742404.1)
                  000138d3    00000004     oled_ui.o (.rodata.str1.13244290092665904221.1)
                  000138d7    00000004     oled_ui.o (.rodata.str1.13567883086814673087.1)
                  000138db    00000004     fault.o (.rodata.str1.13582094816268305212.1)
                  000138df    00000004     oled_ui.o (.rodata.str1.13750180467131823662.1)
                  000138e3    00000004     oled_ui.o (.rodata.str1.13790669171379415506.1)
                  000138e7    00000004     oled_ui.o (.rodata.str1.13875148296791986931.1)
                  000138eb    00000004     oled_ui.o (.rodata.str1.13892659840332223045.1)
                  000138ef    00000004     oled_ui.o (.rodata.str1.14132186318895045592.1)
                  000138f3    00000004     oled_ui.o (.rodata.str1.14168333168339663346.1)
                  000138f7    00000004     oled_ui.o (.rodata.str1.14265077442249237877.1)
                  000138fb    00000004     oled_ui.o (.rodata.str1.14556837007311414654.1)
                  000138ff    00000004     oled_ui.o (.rodata.str1.14675223611663555778.1)
                  00013903    00000004     oled_ui.o (.rodata.str1.14740362735394205067.1)
                  00013907    00000004     oled_ui.o (.rodata.str1.15008238333949226094.1)
                  0001390b    00000004     menu.o (.rodata.str1.16312125044762562515.1)
                  0001390f    00000004     fault.o (.rodata.str1.16482347271627360806.1)
                  00013913    00000004     oled_ui.o (.rodata.str1.16554583589798097927.1)
                  00013917    00000004     oled_ui.o (.rodata.str1.16849766574302683489.1)
                  0001391b    00000004     oled_ui.o (.rodata.str1.16895433903389883335.1)
                  0001391f    00000004     oled_ui.o (.rodata.str1.16931641404301806744.1)
                  00013923    00000004     menu.o (.rodata.str1.17041139162815566052.1)
                  00013927    00000004     oled_ui.o (.rodata.str1.17242430504649735449.1)
                  0001392b    00000004     oled_ui.o (.rodata.str1.17274519358952562110.1)
                  0001392f    00000004     oled_ui.o (.rodata.str1.17881291656140238186.1)
                  00013933    00000004     oled_ui.o (.rodata.str1.18128648927899109887.1)
                  00013937    00000004     oled_ui.o (.rodata.str1.18190418239766617312.1)
                  0001393b    00000004     oled_ui.o (.rodata.str1.182352409660151230.1)
                  0001393f    00000004     oled_ui.o (.rodata.str1.18266126048138325213.1)
                  00013943    00000004     oled_ui.o (.rodata.str1.18379317056176403938.1)
                  00013947    00000004     oled_ui.o (.rodata.str1.2742282290834473644.1)
                  0001394b    00000004     oled_ui.o (.rodata.str1.3407221357956504873.1)
                  0001394f    00000004     oled_ui.o (.rodata.str1.3467953211977455017.1)
                  00013953    00000004     oled_ui.o (.rodata.str1.3702290527496711532.1)
                  00013957    00000004     oled_ui.o (.rodata.str1.4551794666512319153.1)
                  0001395b    00000004     oled_ui.o (.rodata.str1.4581686099848791648.1)
                  0001395f    00000004     menu.o (.rodata.str1.4646809750356241979.1)
                  00013963    00000004     oled_ui.o (.rodata.str1.4691821198597473371.1)
                  00013967    00000004     oled_ui.o (.rodata.str1.5004483696121082904.1)
                  0001396b    00000004     oled_ui.o (.rodata.str1.5463568455719735.1)
                  0001396f    00000004     oled_ui.o (.rodata.str1.5689016102676777062.1)
                  00013973    00000004     oled_ui.o (.rodata.str1.5853739094453432564.1)
                  00013977    00000004     oled_ui.o (.rodata.str1.58703915094955230.1)
                  0001397b    00000004     oled_ui.o (.rodata.str1.6835749436006845616.1)
                  0001397f    00000004     oled_ui.o (.rodata.str1.7185587941321649510.1)
                  00013983    00000004     oled_ui.o (.rodata.str1.7205245123442117851.1)
                  00013987    00000004     oled_ui.o (.rodata.str1.7219546930854689545.1)
                  0001398b    00000004     fault.o (.rodata.str1.7255546073596598018.1)
                  0001398f    00000004     oled_ui.o (.rodata.str1.7419768602719733415.1)
                  00013993    00000004     oled_ui.o (.rodata.str1.799718701096035713.1)
                  00013997    00000004     oled_ui.o (.rodata.str1.8236579331345056500.1)
                  0001399b    00000004     oled_ui.o (.rodata.str1.8403269972884532600.1)
                  0001399f    00000004     oled_ui.o (.rodata.str1.8460525935980491721.1)
                  000139a3    00000004     oled_ui.o (.rodata.str1.8709745090823444516.1)
                  000139a7    00000004     oled_ui.o (.rodata.str1.9102528229756940648.1)
                  000139ab    00000004     oled_ui.o (.rodata.str1.9159586779647977165.1)
                  000139af    00000004     oled_ui.o (.rodata.str1.9250665025187963892.1)
                  000139b3    00000004     oled_ui.o (.rodata.str1.9295666102996717355.1)
                  000139b7    00000004     menu.o (.rodata.str1.9546740394641817443.1)
                  000139bb    00000004     oled_ui.o (.rodata.str1.967006512144173535.1)
                  000139bf    00000004     oled_ui.o (.rodata.str1.9822857334037886482.1)
                  000139c3    00000004     oled_ui.o (.rodata.str1.9854382722193312766.1)
                  000139c7    00000003     oled_ui.o (.rodata.str1.10509309789429088155.1)
                  000139ca    00000003     oled_ui.o (.rodata.str1.10907125332684471422.1)
                  000139cd    00000003     oled_ui.o (.rodata.str1.1108652269057166745.1)
                  000139d0    00000003     oled_ui.o (.rodata.str1.11178346780556493352.1)
                  000139d3    00000003     menu.o (.rodata.str1.12110183915172842339.1)
                  000139d6    00000003     balance_tuning.o (.rodata.str1.12613043758309916612.1)
                  000139d9    00000003     balance_tuning.o (.rodata.str1.12662652760121154555.1)
                  000139dc    00000003     oled_ui.o (.rodata.str1.12983537867572525563.1)
                  000139df    00000003     menu.o (.rodata.str1.13124720451672825294.1)
                  000139e2    00000003     balance_tuning.o (.rodata.str1.14081320955337914945.1)
                  000139e5    00000003     menu.o (.rodata.str1.14098755746347272832.1)
                  000139e8    00000003     oled_ui.o (.rodata.str1.14134189893851348960.1)
                  000139eb    00000003     oled_ui.o (.rodata.str1.14142815821055334776.1)
                  000139ee    00000003     balance_tuning.o (.rodata.str1.14264142961881584424.1)
                  000139f1    00000003     oled_ui.o (.rodata.str1.14358698208395374265.1)
                  000139f4    00000003     oled_ui.o (.rodata.str1.15859922799842739878.1)
                  000139f7    00000003     oled_ui.o (.rodata.str1.15935041339501476673.1)
                  000139fa    00000003     balance_tuning.o (.rodata.str1.16612448349671680203.1)
                  000139fd    00000003     oled_ui.o (.rodata.str1.16635595130967924751.1)
                  00013a00    00000003     oled_ui.o (.rodata.str1.17719310104486814868.1)
                  00013a03    00000003     oled_ui.o (.rodata.str1.17747339173178619492.1)
                  00013a06    00000003     oled_ui.o (.rodata.str1.17812014771544466701.1)
                  00013a09    00000003     oled_ui.o (.rodata.str1.2603845803395459882.1)
                  00013a0c    00000003     oled_ui.o (.rodata.str1.2983744876309220570.1)
                  00013a0f    00000003     oled_ui.o (.rodata.str1.4193589846040060630.1)
                  00013a12    00000003     oled_ui.o (.rodata.str1.4402311448527872260.1)
                  00013a15    00000003     oled_ui.o (.rodata.str1.6350830172869379626.1)
                  00013a18    00000003     menu.o (.rodata.str1.6857549598058878762.1)
                  00013a1b    00000003     fault.o (.rodata.str1.8193046109637024842.1)
                  00013a1e    00000003     oled_ui.o (.rodata.str1.8703997732205428909.1)
                  00013a21    00000003     oled_ui.o (.rodata.str1.8950259614286592359.1)
                  00013a24    00000003     oled_ui.o (.rodata.str1.9554470707595806150.1)
                  00013a27    00000002     ti_msp_dl_config.o (.rodata.gUART_BALANCE_TUNINGClockConfig)
                  00013a29    00000002     ti_msp_dl_config.o (.rodata.gUART_VISIONClockConfig)
                  00013a2b    00000002     oled_ui.o (.rodata.str1.16496169091617228061.1)
                  00013a2d    00000002     oled_ui.o (.rodata.str1.3025253791635144717.1)
                  00013a2f    00000002     balance_tuning.o (.rodata.str1.3558965309215986498.1)
                  00013a31    00000007     --HOLE-- [fill = 0]

.init_array 
*          0    00000000    00000000     UNINITIALIZED

.binit     0    00013ac8    00000010     
                  00013ac8    00000010     (.binit)

.TI.bound:g_balanceCalibrationReservedSector 
*          0    0001fc00    00000400     
                  0001fc00    00000400     balance_calibration_store.o (.TI.bound:g_balanceCalibrationReservedSector)

.bss       0    20200000    00001935     UNINITIALIZED
                  20200000    00000800     balance_tuning.o (.bss.g_txRing)
                  20200800    00000400     oled.o (.bss.g_oledFrame)
                  20200c00    00000200     vision_receiver.o (.bss.g_ring)
                  20200e00    000001d0     runtime_snapshot.o (.bss.g_snapshot)
                  20200fd0    00000110     (.common:g_appConfig)
                  202010e0    00000100     balance_tuning.o (.bss.g_rxRing)
                  202011e0    00000084     (.common:g_imuRuntime)
                  20201264    0000007c     motor_control.o (.bss.g_runtime)
                  202012e0    00000070     (.common:g_appRuntime)
                  20201350    00000060     vision_receiver.o (.bss.g_line)
                  202013b0    0000005c     balance_soft_limits.o (.bss.g_runtime)
                  2020140c    00000058     vision_receiver.o (.bss.g_status)
                  20201464    00000004     imu.o (.bss.g_elapsedSinceValidSampleMs)
                  20201468    00000058     (.common:g_wheelSpeedEstimatorRuntime)
                  202014c0    00000044     balance_position_control.o (.bss.g_runtime)
                  20201504    00000004     balance_position_control.o (.bss.g_lastEncoderCount)
                  20201508    00000040     gimbal.o (.bss.g_feedback)
                  20201548    00000040     line_controller.o (.bss.g_lineRuntime)
                  20201588    0000003c     balance_ball_control.o (.bss.g_runtime)
                  202015c4    00000030     balance_tuning.o (.bss.g_line)
                  202015f4    00000030     (.common:gUART_VISIONBackup)
                  20201624    0000002c     vision_receiver.o (.bss.g_observation)
                  20201650    0000002c     empty.o (.bss.g_schedulerStats)
                  2020167c    00000028     vision_receiver.o (.bss.g_ballPositionObservation)
                  202016a4    00000020     bluetooth_uart.o (.bss.g_runtime)
                  202016c4    0000001c     mission_manager.o (.bss.g_missionRuntime)
                  202016e0    0000001c     balance_encoder.o (.bss.g_runtime)
                  202016fc    0000001c     balance_tuning.o (.bss.g_status)
                  20201718    0000001c     (.common:g_headingRuntime)
                  20201734    00000018     obstacle_avoidance.o (.bss.g_avoidFeedback)
                  2020174c    00000018     balance_ball_control.o (.bss.g_config)
                  20201764    00000004     debug_telemetry.o (.bss.g_lastFrameMs)
                  20201768    00000018     gimbal_stepper.o (.bss.g_feedback)
                  20201780    00000018     vision_tuning_console.o (.bss.g_status)
                  20201798    00000014     motion_action.o (.bss.g_motionActionRuntime)
                  202017ac    00000014     watchdog_monitor.o (.bss.g_status)
                  202017c0    00000010     fault.o (.bss.g_faultRecord)
                  202017d0    00000010     motor.o (.bss.g_motorRuntime)
                  202017e0    0000000e     car_controller.o (.bss.g_carControllerFeedback)
                  202017ee    00000002     ultrasonic.o (.bss.g_echoTicks)
                  202017f0    0000000e     ultrasonic.o (.bss.g_ultrasonicFeedback)
                  202017fe    00000002     balance_ball_control.o (.bss.g_lastPositionMm)
                  20201800    0000000c     magnet.o (.bss.g_runtime)
                  2020180c    0000000c     debug_telemetry.o (.bss.g_status)
                  20201818    0000000c     balance_soft_limits.o (.bss.g_storedLimits)
                  20201824    00000004     balance_ball_control.o (.bss.g_lastObservationUpdateCount)
                  20201828    00000008     balance_position_control.o (.bss.g_lastStepCount)
                  20201830    00000008     balance_position_control.o (.bss.g_moveStartStepCount)
                  20201838    00000008     obstacle_monitor.o (.bss.g_obstacleFeedback)
                  20201840    00000008     gimbal_stepper.o (.bss.g_stepperEstimatedSteps)
                  20201848    00000008     gimbal_stepper.o (.bss.g_stepperTargetEstimatedSteps)
                  20201850    00000008     gimbal.o (.bss.g_yawContinuousDegX10)
                  20201858    00000008     gimbal.o (.bss.g_yawLockedWorldYawDegX10)
                  20201860    00000008     gimbal.o (.bss.g_yawTargetContinuousDegX10)
                  20201868    00000008     gimbal.o (.bss.g_yawWorldTargetDegX10)
                  20201870    00000008     gimbal.o (.bss.g_yawWrappedDegX10)
                  20201878    00000006     ultrasonic.o (.bss.g_distanceSamples)
                  2020187e    00000006     key.o (.bss.g_key1)
                  20201884    00000006     key.o (.bss.g_key2)
                  2020188a    00000006     key.o (.bss.g_key3)
                  20201890    00000004     balance_ball_control.o (.bss.g_lastPositionTimeMs)
                  20201894    00000004     balance_calibration_store.o (.bss.g_lastSequence)
                  20201898    00000004     balance_ball_control.o (.bss.g_lastSessionId)
                  2020189c    00000004     vision_receiver.o (.bss.g_lastSourceTimestampMs)
                  202018a0    00000004     watchdog_monitor.o (.bss.g_lastTickMs)
                  202018a4    00000004     wheel_speed_estimator.o (.bss.g_latchedErrorFlags)
                  202018a8    00000004     vision_receiver.o (.bss.g_localSessionId)
                  202018ac    00000004     empty.o (.bss.g_localTimeMs)
                  202018b0    00000004     encoder.o (.bss.g_motorAPulses)
                  202018b4    00000004     encoder.o (.bss.g_motorBPulses)
                  202018b8    00000004     balance_position_control.o (.bss.g_moveStartEncoderCount)
                  202018bc    00000004     imu.o (.bss.g_previousValidCorrectedGyroZDps)
                  202018c0    00000004     mission_manager.o (.bss.g_selectedDefinition)
                  202018c4    00000004     servo.o (.bss.g_servoFeedback)
                  202018c8    00000004     balance_encoder.o (.bss.g_speedLastCount)
                  202018cc    00000004     balance_position_control.o (.bss.g_startSoftLimitClampCount)
                  202018d0    00000004     balance_position_control.o (.bss.g_stepConversionResidualNumerator)
                  202018d4    00000004     gimbal_stepper.o (.bss.g_stepperCompletedSteps)
                  202018d8    00000004     gimbal.o (.bss.g_yawCommandedRpm)
                  202018dc    00000004     gimbal.o (.bss.g_yawTargetRpm)
                  202018e0    00000004     empty.o (.bss.main.lastAppUpdateMs)
                  202018e4    00000002     vision_receiver.o (.bss.g_lineSize)
                  202018e6    00000002     vision_receiver.o (.bss.g_ringHead)
                  202018e8    00000002     vision_receiver.o (.bss.g_ringTail)
                  202018ea    00000002     balance_tuning.o (.bss.g_rxHead)
                  202018ec    00000002     balance_tuning.o (.bss.g_rxTail)
                  202018ee    00000002     servo.o (.bss.g_servoPwmPhase)
                  202018f0    00000002     ultrasonic.o (.bss.g_stateTicks)
                  202018f2    00000002     gimbal_stepper.o (.bss.g_stepperHalfPeriodTicks)
                  202018f4    00000002     gimbal_stepper.o (.bss.g_stepperStepHalfPeriodTicks)
                  202018f6    00000002     balance_position_control.o (.bss.g_trackingDeadbandCount)
                  202018f8    00000002     balance_position_control.o (.bss.g_trackingReengageCount)
                  202018fa    00000002     balance_tuning.o (.bss.g_txHead)
                  202018fc    00000002     balance_tuning.o (.bss.g_txTail)
                  202018fe    00000002     (.common:g_trackError)
                  20201900    00000001     oled_ui.o (.bss.OledUi_Update_20ms.flushRow)
                  20201901    00000001     oled_ui.o (.bss.OledUi_Update_20ms.refreshDivider)
                  20201902    00000001     empty.o (.bss.SysTick_Handler.balanceEncoderSpeedMsCount)
                  20201903    00000001     empty.o (.bss.SysTick_Handler.controlMsCount)
                  20201904    00000001     empty.o (.bss.SysTick_Handler.tick100usCount)
                  20201905    00000001     ultrasonic.o (.bss.Ultrasonic_Update_20ms.triggerDivider)
                  20201906    00000001     empty.o (.bss.g_appUpdatePending)
                  20201907    00000001     car_state.o (.bss.g_carState)
                  20201908    00000001     obstacle_monitor.o (.bss.g_centerSettleTicks)
                  20201909    00000001     balance_tuning.o (.bss.g_discardLine)
                  2020190a    00000001     vision_receiver.o (.bss.g_discardUntilNewline)
                  2020190b    00000001     ultrasonic.o (.bss.g_distanceSampleCount)
                  2020190c    00000001     ultrasonic.o (.bss.g_distanceSampleIndex)
                  2020190d    00000001     emergency_stop.o (.bss.g_emergencyStopActive)
                  2020190e    00000001     watchdog_monitor.o (.bss.g_faultApplied)
                  2020190f    00000001     watchdog_monitor.o (.bss.g_faultPending)
                  20201910    00000001     imu.o (.bss.g_integrationHistoryValid)
                  20201911    00000001     wheel_speed_estimator.o (.bss.g_leftFilterInitialized)
                  20201912    00000001     balance_tuning.o (.bss.g_lineLength)
                  20201913    00000001     obstacle_safety.o (.bss.g_obstacleSafetyHolding)
                  20201914    00000001     oled.o (.bss.g_oledColumn)
                  20201915    00000001     menu.o (.bss.g_oledPage)
                  20201916    00000001     oled.o (.bss.g_oledPage)
                  20201917    00000001     encoder.o (.bss.g_overflowFlags)
                  20201918    00000001     menu.o (.bss.g_paramItem)
                  20201919    00000001     menu.o (.bss.g_paramReturnPage)
                  2020191a    00000001     key.o (.bss.g_pendingEvent)
                  2020191b    00000001     mission_manager.o (.bss.g_resumeCurrentAction)
                  2020191c    00000001     wheel_speed_estimator.o (.bss.g_rightFilterInitialized)
                  2020191d    00000001     car_controller.o (.bss.g_safetyHold)
                  2020191e    00000001     imu.o (.bss.g_shortGapPending)
                  2020191f    00000001     gimbal_stepper.o (.bss.g_stepperDirection)
                  20201920    00000001     gimbal_stepper.o (.bss.g_stepperRunning)
                  20201921    00000001     gimbal_stepper.o (.bss.g_stepperStepHigh)
                  20201922    00000001     gimbal_stepper.o (.bss.g_stepperStopAfterStepLow)
                  20201923    00000001     balance_soft_limits.o (.bss.g_storedLimitsValid)
                  20201924    00000001     motor_control.o (.bss.g_targetRefreshed)
                  20201925    00000001     mission_manager.o (.bss.g_transientActionActive)
                  20201926    00000001     ultrasonic.o (.bss.g_triggerRequest)
                  20201927    00000001     ultrasonic.o (.bss.g_ultrasonicState)
                  20201928    00000001     balance_ball_control.o (.bss.g_velocityInitialized)
                  20201929    00000001     gimbal.o (.bss.g_yawLimitClamped)
                  2020192a    00000001     gimbal.o (.bss.g_yawLimitDirection)
                  2020192b    00000001     gimbal.o (.bss.g_yawPositionValid)
                  2020192c    00000001     gimbal.o (.bss.g_yawWorldLockEnabled)
                  2020192d    00000001     (.common:g_carStateDebug)
                  2020192e    00000001     (.common:g_keyEvent)
                  2020192f    00000001     (.common:g_oledPageDebug)
                  20201930    00000001     (.common:g_paramItemDebug)
                  20201931    00000001     (.common:g_trackBlackCount)
                  20201932    00000001     (.common:g_trackModeDebug)
                  20201933    00000001     (.common:g_trackRaw)
                  20201934    00000001     (.common:g_trackTurnDebug)

.data      0    20201935    00000001     UNINITIALIZED
                  20201935    00000001     car_controller.o (.data.g_followTurnPolicy)

.stack     0    20207e00    00000200     UNINITIALIZED
                  20207e00    00000004     libc.a : boot_cortex_m.c.obj (.stack)
                  20207e04    000001fc     --HOLE--

__llvm_prf_cnts 
*          0    20200000    00000000     UNINITIALIZED

__llvm_prf_bits 
*          0    20200000    00000000     UNINITIALIZED

MODULE SUMMARY

       Module                         code    ro data   rw data
       ------                         ----    -------   -------
    .\
       oled_ui.o                      20748   1364      2      
       balance_tuning.o               6212    67        2390   
       imu.o                          5156    0         142    
       car_controller.o               4412    0         128    
       oled.o                         2006    406       1026   
       balance_soft_limits.o          3072    0         105    
       motor_control.o                2768    0         125    
       vision_receiver.o              1908    0         795    
       app_config.o                   2156    0         272    
       line_controller.o              2196    0         64     
       balance_calibration_store.o    1140    1024      4      
       balance_ball_control.o         1992    0         99     
       balance_position_control.o     1964    0         104    
       menu.o                         1728    65        3      
       runtime_snapshot.o             1212    0         464    
       vision_protocol.o              1580    0         0      
       mission_manager.o              1472    0         34     
       motion_action.o                1400    5         20     
       wheel_speed_estimator.o        1292    0         94     
       gimbal_stepper.o               1280    0         52     
       gimbal.o                       896     0         116    
       mission_library.o              568     441       0      
       ti_msp_dl_config.o             828     35        48     
       motor.o                        776     0         16     
       app.o                          648     0         10     
       ultrasonic.o                   596     0         29     
       empty.o                        488     0         56     
       key.o                          436     0         19     
       balance_encoder.o              404     16        32     
       fault.o                        312     65        16     
       track_sensor.o                 372     0         0      
       heading_control.o              340     0         28     
       vision_uart.o                  336     0         0      
       watchdog_monitor.o             308     0         26     
       encoder.o                      276     0         9      
       obstacle_safety.o              272     0         1      
       obstacle_monitor.o             192     0         9      
       startup_mspm0g350x_ticlang.o   6       192       0      
       angle_utils.o                  192     0         0      
       emergency_stop.o               188     0         1      
       servo.o                        176     0         6      
       obstacle_avoidance.o           62      0         24     
       magnet.o                       72      0         12     
       debug_telemetry.o              56      0         16     
       bluetooth_uart.o               8       0         32     
       car_state.o                    36      0         1      
       vision_tuning_console.o        8       0         24     
    +--+------------------------------+-------+---------+---------+
       Total:                         74546   3680      6454   
                                                               
    C:/TI/mspm0_sdk_2_05_01_00/source/ti/driverlib/lib/ticlang/m0p/mspm0g1x0x_g3x0x/driverlib.a
       dl_flashctl.o                  488     0         0      
       dl_timer.o                     388     0         0      
[...]
0000f29d  CarController_StartDriveDistance                  
0000f371  GimbalStepper_MoveRelativeSteps                   
0000f445  BalanceEncoder_HandleGpioInterrupt                
0000f511  OledUi_Update_20ms                                
0000f5dd  FaultCode_ToShortString                           
0000f6a5  Angle_Normalize180                                
0000f825  BalanceBallControl_SetConfig                      
0000f8e1  BalanceSoftLimits_Init                            
0000f99d  CarController_ResetRuntime                        
0000fa59  Menu_GetParamValue                                
0000fb15  GimbalStepper_StopHold                            
0000fbc9  GimbalStepper_Init                                
0000fc79  SysTick_Handler                                   
0000fd29  BalanceSoftLimits_StartPositionMoveToLogicalCount 
0000fdd5  BalanceSoftLimits_ArmRecalibration                
0000fe7d  Encoder_HandleGpioInterrupt                       
0000ffc5  __udivmoddi4                                      
00010067  ADC0_IRQHandler                                   
00010067  ADC1_IRQHandler                                   
00010067  AES_IRQHandler                                    
00010067  CANFD0_IRQHandler                                 
00010067  DAC0_IRQHandler                                   
00010067  DMA_IRQHandler                                    
00010067  Default_Handler                                   
00010067  GROUP0_IRQHandler                                 
00010067  HardFault_Handler                                 
00010067  I2C0_IRQHandler                                   
00010067  I2C1_IRQHandler                                   
00010067  NMI_Handler                                       
00010067  PendSV_Handler                                    
00010067  RTC_IRQHandler                                    
00010067  SPI0_IRQHandler                                   
00010067  SPI1_IRQHandler                                   
00010067  SVC_Handler                                       
00010067  TIMA0_IRQHandler                                  
00010067  TIMA1_IRQHandler                                  
00010067  TIMG0_IRQHandler                                  
00010067  TIMG12_IRQHandler                                 
00010067  TIMG6_IRQHandler                                  
00010067  TIMG7_IRQHandler                                  
00010067  TIMG8_IRQHandler                                  
00010067  UART0_IRQHandler                                  
00010067  UART1_IRQHandler                                  
00010069  BalanceSoftLimits_AbortCalibration                
000101a9  ObstacleMonitor_Update_20ms                       
00010245  memcpy                                            
000102df  ObstacleAvoidance_Update_20ms                     
000102e1  BalancePositionControl_ResetFault                 
00010379  BalanceSoftLimits_CancelRecalibration             
000104a9  CarController_StartTurnToYawRelative              
0001053d  CarController_ResetTransientState                 
000105cd  SYSCFG_DL_PWM_MOTOR_init                          
00010659  SYSCFG_DL_UART_BALANCE_TUNING_init                
000106e5  __aeabi_fmul                                      
000106e5  __mulsf3                                          
000107fc  C$$EXIT                                           
000107fd  HOSTexit                                          
00010801  strcmp                                            
00010889  CarController_SetSafetyHold                       
0001090d  GimbalStepper_ConfirmZero                         
00010991  Motor_Init                                        
00010a15  __aeabi_fdiv                                      
00010a15  __divsf3                                          
00010a97  TrackSensor_Init                                  
00010a99  BalancePositionControl_Init                       
00010b19  CarController_StartDriveHeading                   
00010b99  Motor_Stop                                        
00010c19  App_Init                                          
00010c97  __aeabi_idiv0                                     
00010c99  BalanceSoftLimits_Enforce100usFromIsr             
00010d15  __TI_decompress_lzss                              
00010ef1  GimbalStepper_Release                             
00010f61  SYSCFG_DL_UART_VISION_init                        
00010fd1  TrackSensor_DetectTurn                            
0001103f  __aeabi_ldiv0                                     
00011041  BalanceTuning_Init                                
000110ad  MissionManager_GetSelectedMissionIndex            
0001117d  TrackSensor_GetErrorFromRaw                       
000111e5  BalanceBallControl_Init                           
00011249  BalanceSoftLimits_ResetPositionFault              
000112ad  MissionManager_Start                              
00011311  App_ResetToReady                                  
00011375  __aeabi_fcmpeq                                    
00011389  __aeabi_fcmplt                                    
0001139d  __aeabi_fcmple                                    
000113b1  __aeabi_fcmpge                                    
000113c5  __aeabi_fcmpgt                                    
000113d7  memset                                            
00011439  UART2_IRQHandler                                  
00011499  __aeabi_f2lz                                      
00011499  __fixsfdi                                         
000114f9  Ultrasonic_Update_20ms                            
00011555  VisionReceiver_Init                               
000116c5  BalanceEncoder_Init                               
0001171d  MissionManager_Init                               
00011775  OLED_PrintChar                                    
0001187d  __aeabi_idiv                                      
0001187d  __aeabi_idivmod                                   
000118d5  CarController_Stop                                
00011929  TrackSensor_ReadRaw                               
0001197d  WatchdogMonitor_ApplyFaultIfNeeded                
00011a25  BalancePositionControl_SetTrackingTarget          
00011a75  BalanceSoftLimits_GetSnapshot                     
00011ac5  Ultrasonic_Init                                   
00011b15  WatchdogMonitor_Tick1msFromIsr                    
00011b65  __aeabi_l2f                                       
00011b65  __floatdisf                                       
00011bb5  MotorControl_Stop                                 
00011c01  copy_in                                           
00011c99  __TI_auto_init_nopinit                            
00011ce5  DL_UART_init                                      
00011d2d  MissionManager_Cancel                             
00011d75  SYSCFG_DL_initPower                               
00011dbd  CarController_StartFollowLine                     
00011e01  EmergencyStop_Reset                               
00011e45  Encoder_GetAndClearPulseDeltas                    
00011e89  Imu_ResetYaw                                      
00011ecd  MissionManager_Reset                              
00011f11  Servo_Tick100us                                   
00011f55  UART3_IRQHandler                                  
00011f99  BalanceBallControl_Enable                         
00011fd9  BalanceEncoder_GetSnapshot                        
00012019  BalanceSoftLimits_StopMotion                      
00012059  CarController_ResumeFollowLine                    
00012099  Fault_Raise                                       
000120d9  SYSCFG_DL_SYSCTL_init                             
00012119  VisionReceiver_PushByteFromIsr                    
00012159  __aeabi_uidiv                                     
00012159  __aeabi_uidivmod                                  
000121d9  __divmoddi4                                       
00012219  BalancePositionControl_Cancel                     
00012255  MissionLibrary_FindById                           
00012291  MissionManager_Resume                             
000122cd  Servo_SetAngleDeg                                 
00012309  __aeabi_i2f                                       
00012309  __floatsisf                                       
00012345  __gesf2                                           
00012345  __gtsf2                                           
000123bd  __cmpsf2                                          
000123bd  __eqsf2                                           
000123bd  __lesf2                                           
000123bd  __ltsf2                                           
000123bd  __nesf2                                           
000123f9  __muldsi3                                         
00012435  EmergencyStop_Trigger                             
0001246d  __aeabi_f2iz                                      
0001246d  __fixsfsi                                         
000124a5  BalancePositionControl_SetTrackingThresholds      
000124d9  Imu_IsReady                                       
0001250d  OLED_PrintString                                  
00012541  Key_Init                                          
00012571  LineController_ObserveSensors                     
000125a1  WatchdogMonitor_Init                              
000125d1  WatchdogMonitor_Reset                             
00012601  BalancePositionControl_StartTracking              
0001262d  Encoder_Reset                                     
00012659  MissionManager_Pause                              
00012685  TrackSensor_CountBlack                            
000126b1  BalanceBallControl_ResetConfig                    
000126d9  BalanceSoftLimits_CancelTravelTest                
00012701  DL_FlashCTL_programMemoryFromRAM64WithECCGenerated
00012729  EmergencyStop_Enforce                             
00012751  Magnet_ForceOff                                   
00012779  SYSCFG_DL_init                                    
000127a1  Servo_Init                                        
000127c9  __aeabi_ui2f                                      
000127c9  __floatunsisf                                     
000127f1  _c_int00_noargs                                   
00012819  BalanceEncoder_SampleSpeed10msFromIsr             
0001283d  BalancePositionControl_GetSnapshot                
00012861  BalanceSoftLimits_CancelOscillationTest           
00012885  GimbalStepper_GetFeedbackSnapshot                 
000128a9  MissionManager_ReportExternalFailure              
000128cd  MotorControl_Init                                 
000128f1  MotorControl_Reset                                
00012915  OLED_ClearBuffer                                  
00012939  __aeabi_lmul                                      
00012939  __muldi3                                          
0001295d  BalanceBallControl_GetSnapshot                    
0001297d  DL_Timer_overrideCCPOut                           
0001299d  DebugTelemetry_Update                             
000129bd  GROUP1_IRQHandler                                 
000129dd  Magnet_Init                                       
000129fd  OLED_SetCursor                                    
00012a1d  SchedulerMonitor_GetStats                         
00012a3d  VisionReceiver_GetProtocolErrorCount              
00012a5d  memcmp                                            
00012a9d  __aeabi_llsl                                      
00012a9d  __ashldi3                                         
00012abd  BalanceBallControl_Disable                        
00012ad9  BalanceBallControl_ForceStop                      
00012af5  DL_Timer_setCaptCompUpdateMethod                  
00012b11  DL_Timer_setClockConfig                           
00012b2d  HeadingControl_SetTargetYaw                       
00012b49  Menu_Init                                         
00012b65  MotionAction_Cancel                               
00012b81  ObstacleMonitor_Init                              
00012b9d  ObstacleSafety_Init                               
00012bb9  WatchdogMonitor_NotifyControlCycleComplete        
00012bf1  BalanceBallControl_GetConfig                      
00012c09  DL_FlashCTL_eraseMemoryFromRAM                    
00012c21  DL_Timer_setCaptureCompareOutCtl                  
00012c39  DebugTelemetry_Init                               
00012c51  HeadingControl_Init                               
00012c69  HeadingControl_Reset                              
00012c81  Menu_ParamItemToString                            
00012c99  MotionAction_Init                                 
00012cb1  ObstacleAvoidance_Init                            
00012cc9  RuntimeSnapshot_Init                              
00012ce1  __aeabi_fcmpun                                    
00012ce1  __unordsf2                                        
00012cf9  Fault_Clear                                       
00012d0d  Fault_Init                                        
00012d21  GimbalStepper_SetStepHalfPeriodTicks              
00012d35  HeadingControl_Enable                             
00012d49  MissionLibrary_GetByIndex                         
00012d5d  MissionManager_GetSelectedMissionId               
00012d71  VisionUart_Init                                   
00012d85  __aeabi_ldivmod                                   
00012d99  __aeabi_uldivmod                                  
00012dad  DL_UART_setClockConfig                            
00012dbf  __TI_decompress_none                              
00012dd1  BalancePositionControl_HasFault                   
00012de1  DL_Timer_setCaptureCompareValue                   
00012df1  Gimbal_YawGetFeedback                             
00012e01  Key_GetEvent                                      
00012e11  __TI_zero_init                                    
00012e21  BalanceEncoder_GetCountAtomic                     
00012e2d  BalancePositionControl_IsBusy                     
00012e39  BalanceSoftLimits_IsCalibrationActive             
00012e45  BalanceSoftLimits_IsOscillationTestActive         
00012e51  BalanceSoftLimits_IsTravelTestActive              
00012e5d  CarController_GetRunMode                          
00012e69  CarController_Init                                
00012e75  CarController_IsSafetyHoldActive                  
00012e81  CarState_Get                                      
00012e8d  CarState_Init                                     
00012e99  CarState_Set                                      
00012ea5  EmergencyStop_Init                                
00012eb1  EmergencyStop_IsActive                            
00012ebd  Imu_GetCorrectedGyroZDps                          
00012ec9  Imu_GetYaw                                        
00012ed5  Menu_GetPage                                      
00012ee1  Menu_GetParamItem                                 
00012eed  MissionManager_IsExternallyHeld                   
00012ef9  MissionManager_SetExternalHold                    
00012f05  ObstacleAvoidance_IsActive                        
00012f11  ObstacleAvoidance_IsFailed                        
00012f1d  ObstacleSafety_IsHolding                          
00012f29  SystemTime_GetMs                                  
00012f35  WatchdogMonitor_HasTripped                        
00012f41  __aeabi_memclr                                    
00012f41  __aeabi_memclr4                                   
00012f41  __aeabi_memclr8                                   
00012f4d  DL_Common_delayCycles                             
00012f57  MotionAction_Resume                               
00012f61  MotionAction_Start                                
00012f6b  TrackSensor_IsCenterDetected                      
00012f75  TrackSensor_IsLineDetected                        
00012f7f  TrackSensor_IsLineLost                            
00012f89  BalanceSoftLimits_CancelPositionMove              
00012f91  BalanceSoftLimits_IsPositionMoveActive            
00012f99  BluetoothUart_GetRuntime                          
00012fa1  CarController_GetFeedback                         
00012fa9  Fault_GetRecord                                   
00012fb1  GimbalStepper_GetFeedback                         
00012fb9  HeadingControl_GetRuntime                         
00012fc1  Imu_GetRuntime                                    
00012fc9  LineController_GetRuntime                         
00012fd1  MissionManager_GetMissionCount                    
00012fd9  MissionManager_GetRuntime                         
00012fe1  MotionAction_GetRuntime                           
00012fe9  MotorControl_GetRuntime                           
00012ff1  ObstacleAvoidance_GetFeedback                     
00012ff9  ObstacleMonitor_GetFeedback                       
00013001  OledUi_Init                                       
00013009  RuntimeSnapshot_Get                               
00013011  Servo_GetFeedback                                 
00013019  Ultrasonic_GetFeedback                            
00013021  VisionReceiver_GetBallPositionObservation         
00013029  VisionReceiver_GetStatus                          
00013031  VisionTuningConsole_GetStatus                     
00013039  WatchdogMonitor_GetStatus                         
00013041  WheelSpeedEstimator_GetRuntime                    
00013049  __aeabi_memcpy                                    
00013049  __aeabi_memcpy4                                   
00013049  __aeabi_memcpy8                                   
00013051  abort                                             
00013057  MissionLibrary_GetCount                           
0001305b  ObstacleAvoidance_IsResumeGraceActive             
0001305f  Reset_Handler                                     
00013075  _system_pre_init                                  
00013a98  __TI_Handler_Table_Base                           
00013aa4  __TI_Handler_Table_Limit                          
00013ab4  __TI_CINIT_Base                                   
00013ac4  __TI_CINIT_Limit                                  
00013ac4  __TI_CINIT_Warm                                   
00013ac8  __TI_table_binit                                  
00013ac8  __binit__                                         
00013ac8  binit                                             
0001fc00  g_balanceCalibrationReservedSector                
20200000  __start___llvm_prf_bits                           
20200000  __start___llvm_prf_cnts                           
20200000  __stop___llvm_prf_bits                            
20200000  __stop___llvm_prf_cnts                            
20200fd0  g_appConfig                                       
202011e0  g_imuRuntime                                      
202012e0  g_appRuntime                                      
20201468  g_wheelSpeedEstimatorRuntime                      
202015f4  gUART_VISIONBackup                                
20201718  g_headingRuntime                                  
202018fe  g_trackError                                      
2020192d  g_carStateDebug                                   
2020192e  g_keyEvent                                        
2020192f  g_oledPageDebug                                   
20201930  g_paramItemDebug                                  
20201931  g_trackBlackCount                                 
20201932  g_trackModeDebug                                  
20201933  g_trackRaw                                        
20201934  g_trackTurnDebug                                  
20207e00  __stack                                           
20208000  __STACK_END                                       
ffffffff  __TI_pprof_out_hndl                               
ffffffff  __TI_prof_data_size                               
ffffffff  __TI_prof_data_start                              
UNDEFED   __mpu_init                                        
UNDEFED   _system_post_cinit                                

[394 symbols]
