******************************************************************************
            TI ARM Clang Linker PC v4.0.4                      
******************************************************************************
>> Linked Fri Jul 17 21:41:33 2026

OUTPUT FILE NAME:   <diansaikaishi.out>
ENTRY POINT SYMBOL: "_c_int00_noargs"  address: 00005b8d


MEMORY CONFIGURATION

         name            origin    length      used     unused   attr    fill
----------------------  --------  ---------  --------  --------  ----  --------
  FLASH                 00000000   00020000  00006670  00019990  R  X
  SRAM                  20200000   00008000  0000041e  00007be2  RW X
  BCR_CONFIG            41c00000   000000ff  00000000  000000ff  R   
  BSL_CONFIG            41c00100   00000080  00000000  00000080  R   


SEGMENT ALLOCATION MAP

run origin  load origin   length   init length attrs members
----------  ----------- ---------- ----------- ----- -------
00000000    00000000    00006670   00006670    r-x
  00000000    00000000    000000c0   000000c0    r-- .intvecs
  000000c0    000000c0    00005fc8   00005fc8    r-x .text
  00006088    00006088    000005b8   000005b8    r-- .rodata
  00006640    00006640    00000030   00000030    r-- .cinit
20200000    20200000    0000021e   00000000    rw-
  20200000    20200000    0000021d   00000000    rw- .bss
  2020021d    2020021d    00000001   00000000    rw- .data
20207e00    20207e00    00000200   00000000    rw-
  20207e00    20207e00    00000200   00000000    rw- .stack


SECTION ALLOCATION MAP

 output                                  attributes/
section   page    origin      length       input sections
--------  ----  ----------  ----------   ----------------
.intvecs   0    00000000    000000c0     
                  00000000    000000c0     startup_mspm0g350x_ticlang.o (.intvecs)

.text      0    000000c0    00005fc8     
                  000000c0    000006f4     car_controller.o (.text.CarController_Update_20ms)
                  000007b4    000006f4     oled_ui.o (.text.OledUi_Update_20ms)
                  00000ea8    0000031c     gimbal.o (.text.gimbal_update_feedback)
                  000011c4    000002f0     imu.o (.text.mpu6050_read_regs)
                  000014b4    000002d8     imu.o (.text.Imu_Init)
                  0000178c    00000288     app_config.o (.text.AppConfig_LimitAll)
                  00001a14    00000278     obstacle_avoidance.o (.text.ObstacleAvoidance_Update_20ms)
                  00001c8c    00000258     menu.o (.text.Menu_HandleKeyEvent)
                  00001ee4    00000254     oled.o (.text.OLED_Clear)
                  00002138    00000214     gimbal.o (.text.Gimbal_YawUpdate5ms)
                  0000234c    00000214     imu.o (.text.Imu_CalibrateGyroBias)
                  00002560    00000208     motion_action.o (.text.MotionAction_Update_20ms)
                  00002768    000001cc     imu.o (.text.imu_i2c_write_byte)
                  00002934    000001b8     oled.o (.text.oled_i2c_write_byte)
                  00002aec    000001a0     ultrasonic.o (.text.Ultrasonic_Tick100us)
                  00002c8c    00000194     gimbal_stepper_test.o (.text.GimbalStepperTest_Tick100us)
                  00002e20    0000017c     gimbal_stepper_test.o (.text.GimbalStepperTest_MoveToEstimatedSteps)
                  00002f9c    00000174     key.o (.text.Key_Update_20ms)
                  00003110    00000160     heading_control.o (.text.HeadingControl_Update)
                  00003270    00000140     motion_action.o (.text.MotionAction_Start)
                  000033b0    0000013c     oled.o (.text.OLED_PrintInt16)
                  000034ec    00000134     imu.o (.text.Imu_Update)
                  00003620    0000012c     imu.o (.text.imu_i2c_recover_bus)
                  0000374c    000000f8     mission_manager.o (.text.MissionManager_Update_20ms)
                  00003844    000000f0     mission_manager.o (.text.MissionManager_SelectNext)
                  00003934    000000ec     car_controller.o (.text.handle_turn_90)
                  00003a20    000000d8     mission_manager.o (.text.MissionManager_SelectPrevious)
                  00003af8    000000d8     libclang_rt.builtins.a : addsf3.S.obj (.text)
                  00003bd0    000000d4     oled.o (.text.OLED_Init)
                  00003ca4    000000d0     oled.o (.text.OLED_PrintChar)
                  00003d74    000000c4     app.o (.text.App_Update_20ms)
                  00003e38    000000bc     obstacle_safety.o (.text.ObstacleSafety_Update_20ms)
                  00003ef4    000000b8     app_config.o (.text.AppConfig_InitDefault)
                  00003fac    000000b8     ti_msp_dl_config.o (.text.SYSCFG_DL_GPIO_init)
                  00004064    000000b4     gimbal_stepper_test.o (.text.GimbalStepperTest_StopHold)
                  00004118    000000b4     gimbal.o (.text.Gimbal_YawMoveRelativeDeg)
                  000041cc    000000b0     gimbal_stepper_test.o (.text.GimbalStepperTest_Init)
                  0000427c    000000b0     motor.o (.text.Motor_SetSpeed)
                  0000432c    000000aa     mission_library.o (.text.MissionLibrary_Validate)
                  000043d6    00000002     startup_mspm0g350x_ticlang.o (.text.Default_Handler)
                  000043d8    000000a4     gimbal.o (.text.Gimbal_YawEnableWorldLock)
                  0000447c    000000a2     libclang_rt.builtins.a : udivmoddi4.S.obj (.text)
                  0000451e    00000002     track_sensor.o (.text.TrackSensor_Init)
                  00004520    0000009c     obstacle_monitor.o (.text.ObstacleMonitor_Update_20ms)
                  000045bc    0000009c     empty.o (.text.main)
                  00004658    0000009a     libc.a : memcpy16.S.obj (.text:memcpy)
                  000046f2    00000002     libclang_rt.builtins.a : aeabi_div0.c.obj (.text.__aeabi_idiv0)
                  000046f4    00000098     car_controller.o (.text.CarController_StartSeekLine)
                  0000478c    00000098     imu.o (.text.mpu6050_write_reg)
                  00004824    00000094     car_controller.o (.text.CarController_StartDriveHeading)
                  000048b8    0000008c     libclang_rt.builtins.a : mulsf3.S.obj (.text.__mulsf3)
                  00004944    00000088     car_controller.o (.text.CarController_StartTurnToYawRelative)
                  000049cc    00000088     gimbal.o (.text.Gimbal_YawToggleWorldLock)
                  00004a54    00000082     libclang_rt.builtins.a : divsf3.S.obj (.text.__divsf3)
                  00004ad6    00000002                            : aeabi_div0.c.obj (.text.__aeabi_ldiv0)
                  00004ad8    0000007c     car_controller.o (.text.CarController_Init)
                  00004b54    0000007c     car_controller.o (.text.CarController_ResetRuntime)
                  00004bd0    0000007c     car_controller.o (.text.CarController_StartFollowLine)
                  00004c4c    0000007c     gimbal.o (.text.Gimbal_YawStopHold)
                  00004cc8    0000007c     libc.a : copy_decompress_lzss.c.obj (.text:decompress:lzss)
                  00004d44    00000078     oled.o (.text.oled_write_command)
                  00004dbc    00000074     car_controller.o (.text.CarController_StartTurnRight90)
                  00004e30    00000070     car_controller.o (.text.CarController_StartTurnLeft90)
                  00004ea0    00000070     gimbal_stepper_test.o (.text.GimbalStepperTest_Release)
                  00004f10    00000070     gimbal.o (.text.Gimbal_YawInit)
                  00004f80    00000070     empty.o (.text.SysTick_Handler)
                  00004ff0    0000006e     track_sensor.o (.text.TrackSensor_DetectTurn)
                  0000505e    00000002     --HOLE-- [fill = 0]
                  00005060    0000006c     encoder.o (.text.Encoder_HandleGpioInterrupt)
                  000050cc    00000068     mission_manager.o (.text.MissionManager_GetSelectedMissionIndex)
                  00005134    00000066     track_sensor.o (.text.TrackSensor_GetErrorFromRaw)
                  0000519a    00000002     --HOLE-- [fill = 0]
                  0000519c    00000064     menu.o (.text.Menu_GetParamValue)
                  00005200    00000062     libclang_rt.builtins.a : aeabi_fcmp.S.obj (.text.__aeabi_fcmp)
                  00005262    00000062     libc.a : memset16.S.obj (.text:memset)
                  000052c4    00000060     libclang_rt.builtins.a : fixsfdi.S.obj (.text.__fixsfdi)
                  00005324    0000005e     app.o (.text.App_Init)
                  00005382    0000005e     oled.o (.text.OLED_PrintBinary7)
                  000053e0    0000005c     ultrasonic.o (.text.Ultrasonic_Update_20ms)
                  0000543c    00000056     libclang_rt.builtins.a : aeabi_idivmod.S.obj (.text.__aeabi_idivmod)
                  00005492    00000002     --HOLE-- [fill = 0]
                  00005494    00000054     track_sensor.o (.text.TrackSensor_ReadRaw)
                  000054e8    00000050     car_controller.o (.text.CarController_SetSafetyHold)
                  00005538    00000050     motor.o (.text.Motor_PwmTick100us)
                  00005588    00000050     ultrasonic.o (.text.Ultrasonic_Init)
                  000055d8    0000004c     gimbal.o (.text.Gimbal_YawRelease)
                  00005624    00000048     mission_manager.o (.text.MissionManager_Init)
                  0000566c    00000044     servo.o (.text.Servo_Tick100us)
                  000056b0    00000040     mission_manager.o (.text.MissionManager_Start)
                  000056f0    00000040     ti_msp_dl_config.o (.text.SYSCFG_DL_SYSCTL_init)
                  00005730    00000040     libclang_rt.builtins.a : aeabi_uidivmod.S.obj (.text.__aeabi_uidivmod)
                  00005770    0000003e                            : divmoddi4.c.obj (.text.__divmoddi4)
                  000057ae    00000002     --HOLE-- [fill = 0]
                  000057b0    0000003c     servo.o (.text.Servo_SetAngleDeg)
                  000057ec    0000003c     libclang_rt.builtins.a : floatsisf.S.obj (.text.__floatsisf)
                  00005828    0000003c                            : comparesf2.S.obj (.text.__gtsf2)
                  00005864    0000003c     libc.a : autoinit.c.obj (.text:__TI_auto_init_nobinit_nopinit)
                  000058a0    0000003a     libclang_rt.builtins.a : comparesf2.S.obj (.text.__eqsf2)
                  000058da    00000002     --HOLE-- [fill = 0]
                  000058dc    0000003a                            : muldsi3.S.obj (.text.__muldsi3)
                  00005916    00000002     --HOLE-- [fill = 0]
                  00005918    00000038     motion_action.o (.text.MotionAction_ReapplyControllerTarget)
                  00005950    00000038     motor.o (.text.Motor_Init)
                  00005988    00000038     libclang_rt.builtins.a : fixsfsi.S.obj (.text.__fixsfsi)
                  000059c0    00000034     oled.o (.text.OLED_SetCursor)
                  000059f4    00000032     oled.o (.text.OLED_PrintString)
                  00005a26    00000002     --HOLE-- [fill = 0]
                  00005a28    00000030     key.o (.text.Key_Init)
                  00005a58    00000030     mission_manager.o (.text.MissionManager_Cancel)
                  00005a88    00000030     mission_manager.o (.text.MissionManager_Reset)
                  00005ab8    0000002c     motor.o (.text.Motor_Stop)
                  00005ae4    0000002c     ti_msp_dl_config.o (.text.SYSCFG_DL_initPower)
                  00005b10    0000002c     track_sensor.o (.text.TrackSensor_CountBlack)
                  00005b3c    00000028     servo.o (.text.Servo_Init)
                  00005b64    00000028     obstacle_avoidance.o (.text.avoid_fail)
                  00005b8c    00000028     libc.a : boot_cortex_m.c.obj (.text:_c_int00_noargs)
                  00005bb4    00000024     encoder.o (.text.Encoder_Reset)
                  00005bd8    00000024     libclang_rt.builtins.a : muldi3.S.obj (.text.__muldi3)
                  00005bfc    00000020     car_controller.o (.text.CarController_Stop)
                  00005c1c    00000020     mission_manager.o (.text.MissionManager_Pause)
                  00005c3c    00000020     mission_manager.o (.text.MissionManager_Resume)
                  00005c5c    00000020     motion_action.o (.text.MotionAction_GetCurrentBypassDirection)
                  00005c7c    00000020     motion_action.o (.text.MotionAction_GetCurrentObstaclePolicy)
                  00005c9c    00000020     obstacle_avoidance.o (.text.ObstacleAvoidance_Init)
                  00005cbc    00000020     mission_manager.o (.text.mission_finish_error)
                  00005cdc    0000001e     libclang_rt.builtins.a : ashldi3.S.obj (.text.__ashldi3)
                  00005cfa    00000002     --HOLE-- [fill = 0]
                  00005cfc    0000001c     imu.o (.text.Imu_IsReady)
                  00005d18    0000001c     obstacle_monitor.o (.text.ObstacleMonitor_Init)
                  00005d34    0000001c     obstacle_safety.o (.text.ObstacleSafety_Init)
                  00005d50    00000018     car_controller.o (.text.CarController_RunModeToString)
                  00005d68    00000018     heading_control.o (.text.HeadingControl_LockCurrentYaw)
                  00005d80    00000018     heading_control.o (.text.HeadingControl_SetTargetYaw)
                  00005d98    00000018     menu.o (.text.Menu_ParamItemToString)
                  00005db0    00000018     mission_library.o (.text.MissionLibrary_FindById)
                  00005dc8    00000018     motion_action.o (.text.MotionAction_Cancel)
                  00005de0    00000018     motion_action.o (.text.MotionAction_Init)
                  00005df8    00000016     libc.a : copy_zero_init.c.obj (.text:decompress:ZI:__TI_zero_init_nomemset)
                  00005e0e    00000002     --HOLE-- [fill = 0]
                  00005e10    00000014     empty.o (.text.GROUP1_IRQHandler)
                  00005e24    00000014     gimbal_stepper_test.o (.text.GimbalStepperTest_SetStepHalfPeriodTicks)
                  00005e38    00000014     heading_control.o (.text.HeadingControl_Enable)
                  00005e4c    00000014     heading_control.o (.text.HeadingControl_Init)
                  00005e60    00000014     heading_control.o (.text.HeadingControl_Reset)
                  00005e74    00000014     menu.o (.text.Menu_Init)
                  00005e88    00000014     mission_library.o (.text.MissionLibrary_GetByIndex)
                  00005e9c    00000014     mission_manager.o (.text.MissionManager_GetSelectedMissionId)
                  00005eb0    00000014     libclang_rt.builtins.a : aeabi_ldivmod.S.obj (.text.__aeabi_ldivmod)
                  00005ec4    00000014                            : aeabi_uldivmod.S.obj (.text.__aeabi_uldivmod)
                  00005ed8    00000012     libc.a : copy_decompress_none.c.obj (.text:decompress:none)
                  00005eea    00000002     --HOLE-- [fill = 0]
                  00005eec    00000010     gimbal.o (.text.Gimbal_YawGetFeedback)
                  00005efc    00000010     key.o (.text.Key_GetEvent)
                  00005f0c    00000010     obstacle_avoidance.o (.text.ObstacleAvoidance_IsResumeGraceActive)
                  00005f1c    00000010     ti_msp_dl_config.o (.text.SYSCFG_DL_init)
                  00005f2c    0000000c     car_controller.o (.text.CarController_GetRunMode)
                  00005f38    0000000c     car_state.o (.text.CarState_Get)
                  00005f44    0000000c     car_state.o (.text.CarState_Init)
                  00005f50    0000000c     car_state.o (.text.CarState_Set)
                  00005f5c    0000000c     imu.o (.text.Imu_GetCorrectedGyroZDps)
                  00005f68    0000000c     imu.o (.text.Imu_GetYaw)
                  00005f74    0000000c     imu.o (.text.Imu_ResetYaw)
                  00005f80    0000000c     menu.o (.text.Menu_GetPage)
                  00005f8c    0000000c     menu.o (.text.Menu_GetParamItem)
                  00005f98    0000000c     mission_manager.o (.text.MissionManager_SetExternalHold)
                  00005fa4    0000000c     obstacle_avoidance.o (.text.ObstacleAvoidance_IsActive)
                  00005fb0    0000000c     obstacle_avoidance.o (.text.ObstacleAvoidance_IsFailed)
                  00005fbc    0000000c     obstacle_safety.o (.text.ObstacleSafety_IsHolding)
                  00005fc8    0000000c     oled_ui.o (.text.OledUi_Init)
                  00005fd4    0000000c     libclang_rt.builtins.a : aeabi_memset.S.obj (.text.__aeabi_memclr)
                  00005fe0    0000000a     driverlib.a : dl_common.o (.text.DL_Common_delayCycles)
                  00005fea    0000000a     track_sensor.o (.text.TrackSensor_IsCenterDetected)
                  00005ff4    0000000a     track_sensor.o (.text.TrackSensor_IsLineDetected)
                  00005ffe    0000000a     track_sensor.o (.text.TrackSensor_IsLineLost)
                  00006008    00000008     car_controller.o (.text.CarController_GetFeedback)
                  00006010    00000008     gimbal_stepper_test.o (.text.GimbalStepperTest_GetFeedback)
                  00006018    00000008     gimbal.o (.text.Gimbal_YawTick100us)
                  00006020    00000008     heading_control.o (.text.HeadingControl_GetRuntime)
                  00006028    00000008     imu.o (.text.Imu_GetRuntime)
                  00006030    00000008     mission_manager.o (.text.MissionManager_GetMissionCount)
                  00006038    00000008     mission_manager.o (.text.MissionManager_GetRuntime)
                  00006040    00000008     motion_action.o (.text.MotionAction_GetRuntime)
                  00006048    00000008     obstacle_avoidance.o (.text.ObstacleAvoidance_GetFeedback)
                  00006050    00000008     obstacle_monitor.o (.text.ObstacleMonitor_GetFeedback)
                  00006058    00000008     servo.o (.text.Servo_GetFeedback)
                  00006060    00000008     ultrasonic.o (.text.Ultrasonic_GetFeedback)
                  00006068    00000008     libclang_rt.builtins.a : aeabi_memcpy.S.obj (.text.__aeabi_memcpy)
                  00006070    00000006     libc.a : exit.c.obj (.text:abort)
                  00006076    00000004     libsysbm.a : hostexit.c.obj (.text.HOSTexit)
                  0000607a    00000004     mission_library.o (.text.MissionLibrary_GetCount)
                  0000607e    00000004     startup_mspm0g350x_ticlang.o (.text.Reset_Handler)
                  00006082    00000004     libc.a : pre_init.c.obj (.text._system_pre_init)
                  00006086    00000002     --HOLE-- [fill = 0]

.cinit     0    00006640    00000030     
                  00006640    0000000c     (__TI_handler_table)
                  0000664c    00000008     (.cinit..bss.load) [load image, compression = zero_init]
                  00006654    00000005     (.cinit..data.load) [load image, compression = lzss]
                  00006659    00000003     --HOLE-- [fill = 0]
                  0000665c    00000010     (__TI_cinit_table)
                  0000666c    00000004     --HOLE-- [fill = 0]

.rodata    0    00006088    000005b8     
                  00006088    000000d8     oled.o (.rodata..Lswitch.table.OLED_PrintChar)
                  00006160    000000a8     mission_library.o (.rodata.g_missionMapA)
                  00006208    000000a8     mission_library.o (.rodata.g_missionMapB)
                  000062b0    00000078     mission_library.o (.rodata.g_missionMapC)
                  00006328    00000030     mission_library.o (.rodata.g_missionRegistry)
                  00006358    00000024     oled_ui.o (.rodata..Lswitch.table.OledUi_Update_20ms.68)
                  0000637c    00000020     menu.o (.rodata..Lswitch.table.Menu_ParamItemToString)
                  0000639c    0000001c     car_controller.o (.rodata..Lswitch.table.CarController_RunModeToString)
                  000063b8    00000018     oled_ui.o (.rodata..Lswitch.table.OledUi_Update_20ms.69)
                  000063d0    0000000c     mission_library.o (.rodata..Lswitch.table.MissionLibrary_FindById)
                  000063dc    0000000c     oled_ui.o (.rodata..Lswitch.table.OledUi_Update_20ms)
                  000063e8    0000000c     oled_ui.o (.rodata.str1.16526439943277383452.1)
                  000063f4    00000009     oled_ui.o (.rodata.str1.18266126048138325213.1)
                  000063fd    00000007     oled_ui.o (.rodata.str1.9544068167406571052.1)
                  00006404    00000006     menu.o (.rodata..Lswitch.table.Menu_HandleKeyEvent)
                  0000640a    00000006     oled_ui.o (.rodata.str1.11428648044669318875.1)
                  00006410    00000006     oled_ui.o (.rodata.str1.12983537867572525563.1)
                  00006416    00000006     mission_library.o (.rodata.str1.13636476544574750902.1)
                  0000641c    00000006     oled_ui.o (.rodata.str1.1445687256832830955.1)
                  00006422    00000006     oled_ui.o (.rodata.str1.15008238333949226094.1)
                  00006428    00000006     mission_library.o (.rodata.str1.15668266851434757964.1)
                  0000642e    00000006     oled_ui.o (.rodata.str1.17540787658903907660.1)
                  00006434    00000006     oled_ui.o (.rodata.str1.17884296644359297425.1)
                  0000643a    00000006     mission_library.o (.rodata.str1.199678142196697465.1)
                  00006440    00000006     oled_ui.o (.rodata.str1.5965450730569173784.1)
                  00006446    00000006     oled_ui.o (.rodata.str1.6806727740681590176.1)
                  0000644c    00000006     oled_ui.o (.rodata.str1.9611283282870761829.1)
                  00006452    00000005     oled.o (.rodata.oled_get_glyph.colon)
                  00006457    00000005     oled.o (.rodata.oled_get_glyph.eight)
                  0000645c    00000005     oled.o (.rodata.oled_get_glyph.five)
                  00006461    00000005     oled.o (.rodata.oled_get_glyph.four)
                  00006466    00000005     oled.o (.rodata.oled_get_glyph.glyphA)
                  0000646b    00000005     oled.o (.rodata.oled_get_glyph.glyphB)
                  00006470    00000005     oled.o (.rodata.oled_get_glyph.glyphC)
                  00006475    00000005     oled.o (.rodata.oled_get_glyph.glyphD)
                  0000647a    00000005     oled.o (.rodata.oled_get_glyph.glyphE)
                  0000647f    00000005     oled.o (.rodata.oled_get_glyph.glyphG)
                  00006484    00000005     oled.o (.rodata.oled_get_glyph.glyphH)
                  00006489    00000005     oled.o (.rodata.oled_get_glyph.glyphI)
                  0000648e    00000005     oled.o (.rodata.oled_get_glyph.glyphK)
                  00006493    00000005     oled.o (.rodata.oled_get_glyph.glyphL)
                  00006498    00000005     oled.o (.rodata.oled_get_glyph.glyphM)
                  0000649d    00000005     oled.o (.rodata.oled_get_glyph.glyphN)
                  000064a2    00000005     oled.o (.rodata.oled_get_glyph.glyphO)
                  000064a7    00000005     oled.o (.rodata.oled_get_glyph.glyphP)
                  000064ac    00000005     oled.o (.rodata.oled_get_glyph.glyphR)
                  000064b1    00000005     oled.o (.rodata.oled_get_glyph.glyphS)
                  000064b6    00000005     oled.o (.rodata.oled_get_glyph.glyphT)
                  000064bb    00000005     oled.o (.rodata.oled_get_glyph.glyphU)
                  000064c0    00000005     oled.o (.rodata.oled_get_glyph.glyphV)
                  000064c5    00000005     oled.o (.rodata.oled_get_glyph.glyphW)
                  000064ca    00000005     oled.o (.rodata.oled_get_glyph.glyphX)
                  000064cf    00000005     oled.o (.rodata.oled_get_glyph.glyphY)
                  000064d4    00000005     oled.o (.rodata.oled_get_glyph.glyphb)
                  000064d9    00000005     oled.o (.rodata.oled_get_glyph.gt)
                  000064de    00000005     oled.o (.rodata.oled_get_glyph.minus)
                  000064e3    00000005     oled.o (.rodata.oled_get_glyph.nine)
                  000064e8    00000005     oled.o (.rodata.oled_get_glyph.one)
                  000064ed    00000005     oled.o (.rodata.oled_get_glyph.seven)
                  000064f2    00000005     oled.o (.rodata.oled_get_glyph.six)
                  000064f7    00000005     oled.o (.rodata.oled_get_glyph.space)
                  000064fc    00000005     oled.o (.rodata.oled_get_glyph.three)
                  00006501    00000005     oled.o (.rodata.oled_get_glyph.two)
                  00006506    00000005     oled.o (.rodata.oled_get_glyph.zero)
                  0000650b    00000005     oled_ui.o (.rodata.str1.1108652269057166745.1)
                  00006510    00000005     oled_ui.o (.rodata.str1.13882251010780863896.1)
                  00006515    00000005     oled_ui.o (.rodata.str1.14134189893851348960.1)
                  0000651a    00000005     oled_ui.o (.rodata.str1.15575624326185233262.1)
                  0000651f    00000005     oled_ui.o (.rodata.str1.15613891207764622616.1)
                  00006524    00000005     oled_ui.o (.rodata.str1.15802367878353263018.1)
                  00006529    00000005     oled_ui.o (.rodata.str1.15917848551323629232.1)
                  0000652e    00000005     car_controller.o (.rodata.str1.1652194605229746967.1)
                  00006533    00000005     oled_ui.o (.rodata.str1.17274519358952562110.1)
                  00006538    00000005     oled_ui.o (.rodata.str1.2522137003438374266.1)
                  0000653d    00000005     oled_ui.o (.rodata.str1.270145429241168923.1)
                  00006542    00000005     car_controller.o (.rodata.str1.4164979912472006574.1)
                  00006547    00000005     oled_ui.o (.rodata.str1.4402311448527872260.1)
                  0000654c    00000005     oled_ui.o (.rodata.str1.4581472623415959594.1)
                  00006551    00000005     menu.o (.rodata.str1.4862307748908978627.1)
                  00006556    00000005     oled_ui.o (.rodata.str1.7219546930854689545.1)
                  0000655b    00000005     oled_ui.o (.rodata.str1.7774807581888385879.1)
                  00006560    00000005     oled_ui.o (.rodata.str1.8426569189266129334.1)
                  00006565    00000005     oled_ui.o (.rodata.str1.8460525935980491721.1)
                  0000656a    00000005     oled_ui.o (.rodata.str1.8693388333057100694.1)
                  0000656f    00000005     oled_ui.o (.rodata.str1.9102528229756940648.1)
                  00006574    00000005     car_controller.o (.rodata.str1.9234375891235759983.1)
                  00006579    00000005     oled_ui.o (.rodata.str1.9295666102996717355.1)
                  0000657e    00000005     car_controller.o (.rodata.str1.9981487771679760427.1)
                  00006583    00000004     oled_ui.o (.rodata.str1.1019225241002246410.1)
                  00006587    00000004     oled_ui.o (.rodata.str1.10416366799939242409.1)
                  0000658b    00000004     menu.o (.rodata.str1.12110183915172842339.1)
                  0000658f    00000004     car_controller.o (.rodata.str1.12442237994239546032.1)
                  00006593    00000004     oled_ui.o (.rodata.str1.12617122458660443890.1)
                  00006597    00000004     oled_ui.o (.rodata.str1.130772507669342127.1)
                  0000659b    00000004     menu.o (.rodata.str1.13124720451672825294.1)
                  0000659f    00000004     oled_ui.o (.rodata.str1.13244290092665904221.1)
                  000065a3    00000004     oled_ui.o (.rodata.str1.13567883086814673087.1)
                  000065a7    00000004     oled_ui.o (.rodata.str1.13790669171379415506.1)
                  000065ab    00000004     menu.o (.rodata.str1.14098755746347272832.1)
                  000065af    00000004     oled_ui.o (.rodata.str1.15577080202403550426.1)
                  000065b3    00000004     oled_ui.o (.rodata.str1.15817398807211891688.1)
                  000065b7    00000004     oled_ui.o (.rodata.str1.15829239520183577662.1)
                  000065bb    00000004     oled_ui.o (.rodata.str1.16411631209783952401.1)
                  000065bf    00000004     oled_ui.o (.rodata.str1.16939060351352778619.1)
                  000065c3    00000004     menu.o (.rodata.str1.17041139162815566052.1)
                  000065c7    00000004     car_controller.o (.rodata.str1.17172356789460551389.1)
                  000065cb    00000004     oled_ui.o (.rodata.str1.17464849429964608858.1)
                  000065cf    00000004     car_controller.o (.rodata.str1.18191498530309206443.1)
                  000065d3    00000004     oled_ui.o (.rodata.str1.18379317056176403938.1)
                  000065d7    00000004     oled_ui.o (.rodata.str1.2308938766145545715.1)
                  000065db    00000004     oled_ui.o (.rodata.str1.3025253791635144717.1)
                  000065df    00000004     oled_ui.o (.rodata.str1.3407221357956504873.1)
                  000065e3    00000004     oled_ui.o (.rodata.str1.3455423528827705371.1)
                  000065e7    00000004     oled_ui.o (.rodata.str1.3702290527496711532.1)
                  000065eb    00000004     oled_ui.o (.rodata.str1.4581686099848791648.1)
                  000065ef    00000004     oled_ui.o (.rodata.str1.4610220316623841660.1)
                  000065f3    00000004     oled_ui.o (.rodata.str1.5853739094453432564.1)
                  000065f7    00000004     car_controller.o (.rodata.str1.702403006289709404.1)
                  000065fb    00000004     oled_ui.o (.rodata.str1.7185587941321649510.1)
                  000065ff    00000004     oled_ui.o (.rodata.str1.7419768602719733415.1)
                  00006603    00000004     oled_ui.o (.rodata.str1.8236579331345056500.1)
                  00006607    00000004     oled_ui.o (.rodata.str1.8403269972884532600.1)
                  0000660b    00000004     oled_ui.o (.rodata.str1.8783421139296713095.1)
                  0000660f    00000004     oled_ui.o (.rodata.str1.9159586779647977165.1)
                  00006613    00000004     menu.o (.rodata.str1.9546740394641817443.1)
                  00006617    00000004     oled_ui.o (.rodata.str1.967006512144173535.1)
                  0000661b    00000004     oled_ui.o (.rodata.str1.9854382722193312766.1)
                  0000661f    00000003     oled_ui.o (.rodata.str1.11232419324784801130.1)
                  00006622    00000003     oled_ui.o (.rodata.str1.14358698208395374265.1)
                  00006625    00000003     oled_ui.o (.rodata.str1.14556837007311414654.1)
                  00006628    00000003     oled_ui.o (.rodata.str1.15859922799842739878.1)
                  0000662b    00000003     menu.o (.rodata.str1.16312125044762562515.1)
                  0000662e    00000003     oled_ui.o (.rodata.str1.16849766574302683489.1)
                  00006631    00000003     oled_ui.o (.rodata.str1.16931641404301806744.1)
                  00006634    00000003     oled_ui.o (.rodata.str1.17812014771544466701.1)
                  00006637    00000003     menu.o (.rodata.str1.4646809750356241979.1)
                  0000663a    00000003     menu.o (.rodata.str1.6857549598058878762.1)
                  0000663d    00000003     --HOLE-- [fill = 0]

.init_array 
*          0    00000000    00000000     UNINITIALIZED

.binit     0    00000000    00000000     

.bss       0    20200000    0000021d     UNINITIALIZED
                  20200000    0000005c     (.common:g_appConfig)
                  2020005c    00000004     encoder.o (.bss.g_motorAPulses)
                  20200060    00000038     gimbal.o (.bss.g_feedback)
                  20200098    00000038     (.common:g_appRuntime)
                  202000d0    00000028     (.common:g_imuRuntime)
                  202000f8    00000020     mission_manager.o (.bss.g_missionRuntime)
                  20200118    00000018     gimbal_stepper_test.o (.bss.g_feedback)
                  20200130    00000014     motion_action.o (.bss.g_motionActionRuntime)
                  20200144    00000014     (.common:g_headingRuntime)
                  20200158    0000000e     car_controller.o (.bss.g_carControllerFeedback)
                  20200166    00000002     ultrasonic.o (.bss.g_echoTicks)
                  20200168    0000000e     ultrasonic.o (.bss.g_ultrasonicFeedback)
                  20200176    00000002     gimbal_stepper_test.o (.bss.g_pitchHalfPeriodTicks)
                  20200178    0000000a     obstacle_avoidance.o (.bss.g_avoidFeedback)
                  20200182    00000008     obstacle_monitor.o (.bss.g_obstacleFeedback)
                  2020018a    00000006     ultrasonic.o (.bss.g_distanceSamples)
                  20200190    00000008     gimbal_stepper_test.o (.bss.g_pitchEstimatedSteps)
                  20200198    00000008     gimbal_stepper_test.o (.bss.g_pitchTargetEstimatedSteps)
                  202001a0    00000008     gimbal.o (.bss.g_yawContinuousDegX10)
                  202001a8    00000008     gimbal.o (.bss.g_yawLockedWorldYawDegX10)
                  202001b0    00000008     gimbal.o (.bss.g_yawTargetContinuousDegX10)
                  202001b8    00000008     gimbal.o (.bss.g_yawWorldTargetDegX10)
                  202001c0    00000008     gimbal.o (.bss.g_yawWrappedDegX10)
                  202001c8    00000006     key.o (.bss.g_key1)
                  202001ce    00000006     key.o (.bss.g_key2)
                  202001d4    00000006     key.o (.bss.g_key3)
                  202001da    00000002     gimbal_stepper_test.o (.bss.g_pitchStepHalfPeriodTicks)
                  202001dc    00000004     encoder.o (.bss.g_motorBPulses)
                  202001e0    00000004     gimbal_stepper_test.o (.bss.g_pitchCompletedSteps)
                  202001e4    00000004     servo.o (.bss.g_servoFeedback)
                  202001e8    00000004     gimbal.o (.bss.g_yawCommandedRpm)
                  202001ec    00000004     gimbal.o (.bss.g_yawTargetRpm)
                  202001f0    00000002     obstacle_avoidance.o (.bss.g_resumeGraceMs)
                  202001f2    00000002     servo.o (.bss.g_servoPwmPhase)
                  202001f4    00000002     ultrasonic.o (.bss.g_stateTicks)
                  202001f6    00000002     (.common:g_trackError)
                  202001f8    00000001     oled_ui.o (.bss.OledUi_Update_20ms.refreshDivider)
                  202001f9    00000001     empty.o (.bss.SysTick_Handler.controlMsCount)
                  202001fa    00000001     empty.o (.bss.SysTick_Handler.gimbalMsCount)
                  202001fb    00000001     empty.o (.bss.SysTick_Handler.tick100usCount)
                  202001fc    00000001     ultrasonic.o (.bss.Ultrasonic_Update_20ms.triggerDivider)
                  202001fd    00000001     empty.o (.bss.g_appUpdateDue)
                  202001fe    00000001     car_state.o (.bss.g_carState)
                  202001ff    00000001     obstacle_monitor.o (.bss.g_centerSettleTicks)
                  20200200    00000001     ultrasonic.o (.bss.g_distanceSampleCount)
                  20200201    00000001     ultrasonic.o (.bss.g_distanceSampleIndex)
                  20200202    00000001     empty.o (.bss.g_gimbalUpdatePending)
                  20200203    00000001     motor.o (.bss.g_motorADutyLevel)
                  20200204    00000001     motor.o (.bss.g_motorBDutyLevel)
                  20200205    00000001     obstacle_safety.o (.bss.g_obstacleSafetyHolding)
                  20200206    00000001     oled.o (.bss.g_oledColumn)
                  20200207    00000001     menu.o (.bss.g_oledPage)
                  20200208    00000001     menu.o (.bss.g_paramItem)
                  20200209    00000001     key.o (.bss.g_pendingEvent)
                  2020020a    00000001     gimbal_stepper_test.o (.bss.g_pitchDirection)
                  2020020b    00000001     gimbal_stepper_test.o (.bss.g_pitchRunning)
                  2020020c    00000001     gimbal_stepper_test.o (.bss.g_pitchStepHigh)
                  2020020d    00000001     gimbal_stepper_test.o (.bss.g_pitchStopAfterStepLow)
                  2020020e    00000001     motor.o (.bss.g_pwmPhase)
                  2020020f    00000001     car_controller.o (.bss.g_safetyHold)
                  20200210    00000001     obstacle_avoidance.o (.bss.g_stateStarted)
                  20200211    00000001     ultrasonic.o (.bss.g_triggerRequest)
                  20200212    00000001     ultrasonic.o (.bss.g_ultrasonicState)
                  20200213    00000001     gimbal.o (.bss.g_yawPositionValid)
                  20200214    00000001     gimbal.o (.bss.g_yawWorldLockEnabled)
                  20200215    00000001     (.common:g_carStateDebug)
                  20200216    00000001     (.common:g_keyEvent)
                  20200217    00000001     (.common:g_oledPageDebug)
                  20200218    00000001     (.common:g_paramItemDebug)
                  20200219    00000001     (.common:g_trackBlackCount)
                  2020021a    00000001     (.common:g_trackModeDebug)
                  2020021b    00000001     (.common:g_trackRaw)
                  2020021c    00000001     (.common:g_trackTurnDebug)

.data      0    2020021d    00000001     UNINITIALIZED
                  2020021d    00000001     car_controller.o (.data.g_followTurnPolicy)

.stack     0    20207e00    00000200     UNINITIALIZED
                  20207e00    00000004     libc.a : boot_cortex_m.c.obj (.stack)
                  20207e04    000001fc     --HOLE--

__llvm_prf_cnts 
*          0    20200000    00000000     UNINITIALIZED

__llvm_prf_bits 
*          0    20200000    00000000     UNINITIALIZED

MODULE SUMMARY

       Module                         code    ro data   rw data
       ------                         ----    -------   -------
    .\
       car_controller.o               3208    64        72     
       imu.o                          3304    0         40     
       oled.o                         2088    401       1      
       gimbal.o                       2144    0         106    
       oled_ui.o                      1792    390       1      
       gimbal_stepper_test.o          1280    0         52     
       mission_manager.o              1184    0         32     
       motion_action.o                1016    0         20     
       app_config.o                   832     0         92     
       menu.o                         768     72        2      
       obstacle_avoidance.o           752     0         13     
       mission_library.o              218     534       0      
       ultrasonic.o                   596     0         29     
       heading_control.o              468     0         20     
       key.o                          436     0         19     
       track_sensor.o                 372     0         0      
       motor.o                        356     0         3      
       ti_msp_dl_config.o             308     0         0      
       app.o                          290     0         10     
       empty.o                        288     0         5      
       obstacle_safety.o              228     0         1      
       obstacle_monitor.o             192     0         9      
       startup_mspm0g350x_ticlang.o   6       192       0      
       servo.o                        176     0         6      
       encoder.o                      144     0         8      
       car_state.o                    36      0         1      
    +--+------------------------------+-------+---------+---------+
       Total:                         22482   1653      542    
                                                               
    C:/TI/mspm0_sdk_2_05_01_00/source/ti/driverlib/lib/ticlang/m0p/mspm0g1x0x_g3x0x/driverlib.a
       dl_common.o                    10      0         0      
    +--+------------------------------+-------+---------+---------+
       Total:                         10      0         0      
                                                               
    D:\TI\CCS\ccs\tools\compiler\ti-cgt-armllvm_4.0.4.LTS\lib\armv6m-ti-none-eabi/c/libc.a
       memcpy16.S.obj                 154     0         0      
       copy_decompress_lzss.c.obj     124     0         0      
       memset16.S.obj                 98      0         0      
       autoinit.c.obj                 60      0         0      
       boot_cortex_m.c.obj            40      0         0      
       copy_zero_init.c.obj           22      0         0      
       copy_decompress_none.c.obj     18      0         0      
       exit.c.obj                     6       0         0      
       pre_init.c.obj                 4       0         0      
    +--+------------------------------+-------+---------+---------+
       Total:                         526     0         0      
                                                               
    D:\TI\CCS\ccs\tools\compiler\ti-cgt-armllvm_4.0.4.LTS\lib\armv6m-ti-none-eabi/c/libsysbm.a
       hostexit.c.obj                 4       0         0      
    +--+------------------------------+-------+---------+---------+
       Total:                         4       0         0      
                                                               
    D:\TI\CCS\ccs\tools\compiler\ti-cgt-armllvm_4.0.4.LTS\lib\armv6m-ti-none-eabi/libclang_rt.builtins.a
       addsf3.S.obj                   216     0         0      
       udivmoddi4.S.obj               162     0         0      
       mulsf3.S.obj                   140     0         0      
       divsf3.S.obj                   130     0         0      
       comparesf2.S.obj               118     0         0      
       aeabi_fcmp.S.obj               98      0         0      
       fixsfdi.S.obj                  96      0         0      
       aeabi_idivmod.S.obj            86      0         0      
       aeabi_uidivmod.S.obj           64      0         0      
       divmoddi4.c.obj                62      0         0      
       floatsisf.S.obj                60      0         0      
       muldsi3.S.obj                  58      0         0      
       fixsfsi.S.obj                  56      0         0      
       muldi3.S.obj                   36      0         0      
       ashldi3.S.obj                  30      0         0      
       aeabi_ldivmod.S.obj            20      0         0      
       aeabi_uldivmod.S.obj           20      0         0      
       aeabi_memset.S.obj             12      0         0      
       aeabi_memcpy.S.obj             8       0         0      
       aeabi_div0.c.obj               4       0         0      
    +--+------------------------------+-------+---------+---------+
       Total:                         1476    0         0      
                                                               
       Stack:                         0       0         512    
       Linker Generated:              0       41        0      
    +--+------------------------------+-------+---------+---------+
       Grand Total:                   24498   1694      1054   


LINKER GENERATED COPY TABLES

__TI_cinit_table @ 0000665c records: 2, size/record: 8, table size: 16
	.bss: load addr=0000664c, load size=00000008 bytes, run addr=20200000, run size=0000021d bytes, compression=zero_init
	.data: load addr=00006654, load size=00000005 bytes, run addr=2020021d, run size=00000001 bytes, compression=lzss


LINKER GENERATED HANDLER TABLE

__TI_handler_table @ 00006640 records: 3, size/record: 4, table size: 12
	index: 0, handler: __TI_decompress_lzss
	index: 1, handler: __TI_decompress_none
	index: 2, handler: __TI_zero_init


GLOBAL SYMBOLS: SORTED ALPHABETICALLY BY Name 

address   name                                    
-------   ----                                    
000043d7  ADC0_IRQHandler                         
000043d7  ADC1_IRQHandler                         
000043d7  AES_IRQHandler                          
00003ef5  AppConfig_InitDefault                   
0000178d  AppConfig_LimitAll                      
00005325  App_Init                                
00003d75  App_Update_20ms                         
00006076  C$$EXIT                                 
000043d7  CANFD0_IRQHandler                       
00006009  CarController_GetFeedback               
00005f2d  CarController_GetRunMode                
00004ad9  CarController_Init                      
00004b55  CarController_ResetRuntime              
00005d51  CarController_RunModeToString           
000054e9  CarController_SetSafetyHold             
00004825  CarController_StartDriveHeading         
00004bd1  CarController_StartFollowLine           
000046f5  CarController_StartSeekLine             
00004e31  CarController_StartTurnLeft90           
00004dbd  CarController_StartTurnRight90          
00004945  CarController_StartTurnToYawRelative    
00005bfd  CarController_Stop                      
000000c1  CarController_Update_20ms               
00005f39  CarState_Get                            
00005f45  CarState_Init                           
00005f51  CarState_Set                            
000043d7  DAC0_IRQHandler                         
00005fe1  DL_Common_delayCycles                   
000043d7  DMA_IRQHandler                          
000043d7  Default_Handler                         
00005061  Encoder_HandleGpioInterrupt             
00005bb5  Encoder_Reset                           
000043d7  GROUP0_IRQHandler                       
00005e11  GROUP1_IRQHandler                       
00006011  GimbalStepperTest_GetFeedback           
000041cd  GimbalStepperTest_Init                  
00002e21  GimbalStepperTest_MoveToEstimatedSteps  
00004ea1  GimbalStepperTest_Release               
00005e25  GimbalStepperTest_SetStepHalfPeriodTicks
00004065  GimbalStepperTest_StopHold              
00002c8d  GimbalStepperTest_Tick100us             
000043d9  Gimbal_YawEnableWorldLock               
00005eed  Gimbal_YawGetFeedback                   
00004f11  Gimbal_YawInit                          
00004119  Gimbal_YawMoveRelativeDeg               
000055d9  Gimbal_YawRelease                       
00004c4d  Gimbal_YawStopHold                      
00006019  Gimbal_YawTick100us                     
000049cd  Gimbal_YawToggleWorldLock               
00002139  Gimbal_YawUpdate5ms                     
00006077  HOSTexit                                
000043d7  HardFault_Handler                       
00005e39  HeadingControl_Enable                   
00006021  HeadingControl_GetRuntime               
00005e4d  HeadingControl_Init                     
00005d69  HeadingControl_LockCurrentYaw           
00005e61  HeadingControl_Reset                    
00005d81  HeadingControl_SetTargetYaw             
00003111  HeadingControl_Update                   
000043d7  I2C0_IRQHandler                         
000043d7  I2C1_IRQHandler                         
0000234d  Imu_CalibrateGyroBias                   
00005f5d  Imu_GetCorrectedGyroZDps                
00006029  Imu_GetRuntime                          
00005f69  Imu_GetYaw                              
000014b5  Imu_Init                                
00005cfd  Imu_IsReady                             
00005f75  Imu_ResetYaw                            
000034ed  Imu_Update                              
00005efd  Key_GetEvent                            
00005a29  Key_Init                                
00002f9d  Key_Update_20ms                         
00005f81  Menu_GetPage                            
00005f8d  Menu_GetParamItem                       
0000519d  Menu_GetParamValue                      
00001c8d  Menu_HandleKeyEvent                     
00005e75  Menu_Init                               
00005d99  Menu_ParamItemToString                  
00005db1  MissionLibrary_FindById                 
00005e89  MissionLibrary_GetByIndex               
0000607b  MissionLibrary_GetCount                 
0000432d  MissionLibrary_Validate                 
00005a59  MissionManager_Cancel                   
00006031  MissionManager_GetMissionCount          
00006039  MissionManager_GetRuntime               
00005e9d  MissionManager_GetSelectedMissionId     
000050cd  MissionManager_GetSelectedMissionIndex  
00005625  MissionManager_Init                     
00005c1d  MissionManager_Pause                    
00005a89  MissionManager_Reset                    
00005c3d  MissionManager_Resume                   
00003845  MissionManager_SelectNext               
00003a21  MissionManager_SelectPrevious           
00005f99  MissionManager_SetExternalHold          
000056b1  MissionManager_Start                    
0000374d  MissionManager_Update_20ms              
00005dc9  MotionAction_Cancel                     
00005c5d  MotionAction_GetCurrentBypassDirection  
00005c7d  MotionAction_GetCurrentObstaclePolicy   
00006041  MotionAction_GetRuntime                 
00005de1  MotionAction_Init                       
00005919  MotionAction_ReapplyControllerTarget    
00003271  MotionAction_Start                      
00002561  MotionAction_Update_20ms                
00005951  Motor_Init                              
00005539  Motor_PwmTick100us                      
0000427d  Motor_SetSpeed                          
00005ab9  Motor_Stop                              
000043d7  NMI_Handler                             
00001ee5  OLED_Clear                              
00003bd1  OLED_Init                               
00005383  OLED_PrintBinary7                       
00003ca5  OLED_PrintChar                          
000033b1  OLED_PrintInt16                         
000059f5  OLED_PrintString                        
000059c1  OLED_SetCursor                          
00006049  ObstacleAvoidance_GetFeedback           
00005c9d  ObstacleAvoidance_Init                  
00005fa5  ObstacleAvoidance_IsActive              
00005fb1  ObstacleAvoidance_IsFailed              
00005f0d  ObstacleAvoidance_IsResumeGraceActive   
00001a15  ObstacleAvoidance_Update_20ms           
00006051  ObstacleMonitor_GetFeedback             
00005d19  ObstacleMonitor_Init                    
00004521  ObstacleMonitor_Update_20ms             
00005d35  ObstacleSafety_Init                     
00005fbd  ObstacleSafety_IsHolding                
00003e39  ObstacleSafety_Update_20ms              
00005fc9  OledUi_Init                             
000007b5  OledUi_Update_20ms                      
000043d7  PendSV_Handler                          
000043d7  RTC_IRQHandler                          
0000607f  Reset_Handler                           
000043d7  SPI0_IRQHandler                         
000043d7  SPI1_IRQHandler                         
000043d7  SVC_Handler                             
00003fad  SYSCFG_DL_GPIO_init                     
000056f1  SYSCFG_DL_SYSCTL_init                   
00005f1d  SYSCFG_DL_init                          
00005ae5  SYSCFG_DL_initPower                     
00006059  Servo_GetFeedback                       
00005b3d  Servo_Init                              
000057b1  Servo_SetAngleDeg                       
0000566d  Servo_Tick100us                         
00004f81  SysTick_Handler                         
000043d7  TIMA0_IRQHandler                        
000043d7  TIMA1_IRQHandler                        
000043d7  TIMG0_IRQHandler                        
000043d7  TIMG12_IRQHandler                       
000043d7  TIMG6_IRQHandler                        
000043d7  TIMG7_IRQHandler                        
000043d7  TIMG8_IRQHandler                        
00005b11  TrackSensor_CountBlack                  
00004ff1  TrackSensor_DetectTurn                  
00005135  TrackSensor_GetErrorFromRaw             
0000451f  TrackSensor_Init                        
00005feb  TrackSensor_IsCenterDetected            
00005ff5  TrackSensor_IsLineDetected              
00005fff  TrackSensor_IsLineLost                  
00005495  TrackSensor_ReadRaw                     
000043d7  UART0_IRQHandler                        
000043d7  UART1_IRQHandler                        
000043d7  UART2_IRQHandler                        
000043d7  UART3_IRQHandler                        
00006061  Ultrasonic_GetFeedback                  
00005589  Ultrasonic_Init                         
00002aed  Ultrasonic_Tick100us                    
000053e1  Ultrasonic_Update_20ms                  
20208000  __STACK_END                             
00000200  __STACK_SIZE                            
00000000  __TI_ATRegion0_region_sz                
00000000  __TI_ATRegion0_src_addr                 
00000000  __TI_ATRegion0_trg_addr                 
00000000  __TI_ATRegion1_region_sz                
00000000  __TI_ATRegion1_src_addr                 
00000000  __TI_ATRegion1_trg_addr                 
00000000  __TI_ATRegion2_region_sz                
00000000  __TI_ATRegion2_src_addr                 
00000000  __TI_ATRegion2_trg_addr                 
0000665c  __TI_CINIT_Base                         
0000666c  __TI_CINIT_Limit                        
0000666c  __TI_CINIT_Warm                         
00006640  __TI_Handler_Table_Base                 
0000664c  __TI_Handler_Table_Limit                
00005865  __TI_auto_init_nobinit_nopinit          
00004cc9  __TI_decompress_lzss                    
00005ed9  __TI_decompress_none                    
ffffffff  __TI_pprof_out_hndl                     
ffffffff  __TI_prof_data_size                     
ffffffff  __TI_prof_data_start                    
00000000  __TI_static_base__                      
00005df9  __TI_zero_init_nomemset                 
00003b03  __addsf3                                
00005989  __aeabi_f2iz                            
000052c5  __aeabi_f2lz                            
00003b03  __aeabi_fadd                            
00005201  __aeabi_fcmpeq                          
0000523d  __aeabi_fcmpge                          
00005251  __aeabi_fcmpgt                          
00005229  __aeabi_fcmple                          
00005215  __aeabi_fcmplt                          
00004a55  __aeabi_fdiv                            
000048b9  __aeabi_fmul                            
00003af9  __aeabi_fsub                            
000057ed  __aeabi_i2f                             
0000543d  __aeabi_idiv                            
000046f3  __aeabi_idiv0                           
0000543d  __aeabi_idivmod                         
00004ad7  __aeabi_ldiv0                           
00005eb1  __aeabi_ldivmod                         
00005cdd  __aeabi_llsl                            
00005bd9  __aeabi_lmul                            
00005fd5  __aeabi_memclr                          
00005fd5  __aeabi_memclr4                         
00005fd5  __aeabi_memclr8                         
00006069  __aeabi_memcpy                          
00006069  __aeabi_memcpy4                         
00006069  __aeabi_memcpy8                         
00005731  __aeabi_uidiv                           
00005731  __aeabi_uidivmod                        
00005ec5  __aeabi_uldivmod                        
00005cdd  __ashldi3                               
ffffffff  __binit__                               
000058a1  __cmpsf2                                
00005771  __divmoddi4                             
00004a55  __divsf3                                
000058a1  __eqsf2                                 
000052c5  __fixsfdi                               
00005989  __fixsfsi                               
000057ed  __floatsisf                             
00005829  __gesf2                                 
00005829  __gtsf2                                 
000058a1  __lesf2                                 
000058a1  __ltsf2                                 
UNDEFED   __mpu_init                              
00005bd9  __muldi3                                
000058dd  __muldsi3                               
000048b9  __mulsf3                                
000058a1  __nesf2                                 
20207e00  __stack                                 
20200000  __start___llvm_prf_bits                 
20200000  __start___llvm_prf_cnts                 
20200000  __stop___llvm_prf_bits                  
20200000  __stop___llvm_prf_cnts                  
00003af9  __subsf3                                
0000447d  __udivmoddi4                            
00005b8d  _c_int00_noargs                         
UNDEFED   _system_post_cinit                      
00006083  _system_pre_init                        
00006071  abort                                   
ffffffff  binit                                   
20200000  g_appConfig                             
20200098  g_appRuntime                            
20200215  g_carStateDebug                         
20200144  g_headingRuntime                        
202000d0  g_imuRuntime                            
20200216  g_keyEvent                              
20200217  g_oledPageDebug                         
20200218  g_paramItemDebug                        
20200219  g_trackBlackCount                       
202001f6  g_trackError                            
2020021a  g_trackModeDebug                        
2020021b  g_trackRaw                              
2020021c  g_trackTurnDebug                        
00000000  interruptVectors                        
000045bd  main                                    
00004659  memcpy                                  
00005263  memset                                  


GLOBAL SYMBOLS: SORTED BY Symbol Address 

address   name                                    
-------   ----                                    
00000000  __TI_ATRegion0_region_sz                
00000000  __TI_ATRegion0_src_addr                 
00000000  __TI_ATRegion0_trg_addr                 
00000000  __TI_ATRegion1_region_sz                
00000000  __TI_ATRegion1_src_addr                 
00000000  __TI_ATRegion1_trg_addr                 
00000000  __TI_ATRegion2_region_sz                
00000000  __TI_ATRegion2_src_addr                 
00000000  __TI_ATRegion2_trg_addr                 
00000000  __TI_static_base__                      
00000000  interruptVectors                        
000000c1  CarController_Update_20ms               
00000200  __STACK_SIZE                            
000007b5  OledUi_Update_20ms                      
000014b5  Imu_Init                                
0000178d  AppConfig_LimitAll                      
00001a15  ObstacleAvoidance_Update_20ms           
00001c8d  Menu_HandleKeyEvent                     
00001ee5  OLED_Clear                              
00002139  Gimbal_YawUpdate5ms                     
0000234d  Imu_CalibrateGyroBias                   
00002561  MotionAction_Update_20ms                
00002aed  Ultrasonic_Tick100us                    
00002c8d  GimbalStepperTest_Tick100us             
00002e21  GimbalStepperTest_MoveToEstimatedSteps  
00002f9d  Key_Update_20ms                         
00003111  HeadingControl_Update                   
00003271  MotionAction_Start                      
000033b1  OLED_PrintInt16                         
000034ed  Imu_Update                              
0000374d  MissionManager_Update_20ms              
00003845  MissionManager_SelectNext               
00003a21  MissionManager_SelectPrevious           
00003af9  __aeabi_fsub                            
00003af9  __subsf3                                
00003b03  __addsf3                                
00003b03  __aeabi_fadd                            
00003bd1  OLED_Init                               
00003ca5  OLED_PrintChar                          
00003d75  App_Update_20ms                         
00003e39  ObstacleSafety_Update_20ms              
00003ef5  AppConfig_InitDefault                   
00003fad  SYSCFG_DL_GPIO_init                     
00004065  GimbalStepperTest_StopHold              
00004119  Gimbal_YawMoveRelativeDeg               
000041cd  GimbalStepperTest_Init                  
0000427d  Motor_SetSpeed                          
0000432d  MissionLibrary_Validate                 
000043d7  ADC0_IRQHandler                         
000043d7  ADC1_IRQHandler                         
000043d7  AES_IRQHandler                          
000043d7  CANFD0_IRQHandler                       
000043d7  DAC0_IRQHandler                         
000043d7  DMA_IRQHandler                          
000043d7  Default_Handler                         
000043d7  GROUP0_IRQHandler                       
000043d7  HardFault_Handler                       
000043d7  I2C0_IRQHandler                         
000043d7  I2C1_IRQHandler                         
000043d7  NMI_Handler                             
000043d7  PendSV_Handler                          
000043d7  RTC_IRQHandler                          
000043d7  SPI0_IRQHandler                         
000043d7  SPI1_IRQHandler                         
000043d7  SVC_Handler                             
000043d7  TIMA0_IRQHandler                        
000043d7  TIMA1_IRQHandler                        
000043d7  TIMG0_IRQHandler                        
000043d7  TIMG12_IRQHandler                       
000043d7  TIMG6_IRQHandler                        
000043d7  TIMG7_IRQHandler                        
000043d7  TIMG8_IRQHandler                        
000043d7  UART0_IRQHandler                        
000043d7  UART1_IRQHandler                        
000043d7  UART2_IRQHandler                        
000043d7  UART3_IRQHandler                        
000043d9  Gimbal_YawEnableWorldLock               
0000447d  __udivmoddi4                            
0000451f  TrackSensor_Init                        
00004521  ObstacleMonitor_Update_20ms             
000045bd  main                                    
00004659  memcpy                                  
000046f3  __aeabi_idiv0                           
000046f5  CarController_StartSeekLine             
00004825  CarController_StartDriveHeading         
000048b9  __aeabi_fmul                            
000048b9  __mulsf3                                
00004945  CarController_StartTurnToYawRelative    
000049cd  Gimbal_YawToggleWorldLock               
00004a55  __aeabi_fdiv                            
00004a55  __divsf3                                
00004ad7  __aeabi_ldiv0                           
00004ad9  CarController_Init                      
00004b55  CarController_ResetRuntime              
00004bd1  CarController_StartFollowLine           
00004c4d  Gimbal_YawStopHold                      
00004cc9  __TI_decompress_lzss                    
00004dbd  CarController_StartTurnRight90          
00004e31  CarController_StartTurnLeft90           
00004ea1  GimbalStepperTest_Release               
00004f11  Gimbal_YawInit                          
00004f81  SysTick_Handler                         
00004ff1  TrackSensor_DetectTurn                  
00005061  Encoder_HandleGpioInterrupt             
000050cd  MissionManager_GetSelectedMissionIndex  
00005135  TrackSensor_GetErrorFromRaw             
0000519d  Menu_GetParamValue                      
00005201  __aeabi_fcmpeq                          
00005215  __aeabi_fcmplt                          
00005229  __aeabi_fcmple                          
0000523d  __aeabi_fcmpge                          
00005251  __aeabi_fcmpgt                          
00005263  memset                                  
000052c5  __aeabi_f2lz                            
000052c5  __fixsfdi                               
00005325  App_Init                                
00005383  OLED_PrintBinary7                       
000053e1  Ultrasonic_Update_20ms                  
0000543d  __aeabi_idiv                            
0000543d  __aeabi_idivmod                         
00005495  TrackSensor_ReadRaw                     
000054e9  CarController_SetSafetyHold             
00005539  Motor_PwmTick100us                      
00005589  Ultrasonic_Init                         
000055d9  Gimbal_YawRelease                       
00005625  MissionManager_Init                     
0000566d  Servo_Tick100us                         
000056b1  MissionManager_Start                    
000056f1  SYSCFG_DL_SYSCTL_init                   
00005731  __aeabi_uidiv                           
00005731  __aeabi_uidivmod                        
00005771  __divmoddi4                             
000057b1  Servo_SetAngleDeg                       
000057ed  __aeabi_i2f                             
000057ed  __floatsisf                             
00005829  __gesf2                                 
00005829  __gtsf2                                 
00005865  __TI_auto_init_nobinit_nopinit          
000058a1  __cmpsf2                                
000058a1  __eqsf2                                 
000058a1  __lesf2                                 
000058a1  __ltsf2                                 
000058a1  __nesf2                                 
000058dd  __muldsi3                               
00005919  MotionAction_ReapplyControllerTarget    
00005951  Motor_Init                              
00005989  __aeabi_f2iz                            
00005989  __fixsfsi                               
000059c1  OLED_SetCursor                          
000059f5  OLED_PrintString                        
00005a29  Key_Init                                
00005a59  MissionManager_Cancel                   
00005a89  MissionManager_Reset                    
00005ab9  Motor_Stop                              
00005ae5  SYSCFG_DL_initPower                     
00005b11  TrackSensor_CountBlack                  
00005b3d  Servo_Init                              
00005b8d  _c_int00_noargs                         
00005bb5  Encoder_Reset                           
00005bd9  __aeabi_lmul                            
00005bd9  __muldi3                                
00005bfd  CarController_Stop                      
00005c1d  MissionManager_Pause                    
00005c3d  MissionManager_Resume                   
00005c5d  MotionAction_GetCurrentBypassDirection  
00005c7d  MotionAction_GetCurrentObstaclePolicy   
00005c9d  ObstacleAvoidance_Init                  
00005cdd  __aeabi_llsl                            
00005cdd  __ashldi3                               
00005cfd  Imu_IsReady                             
00005d19  ObstacleMonitor_Init                    
00005d35  ObstacleSafety_Init                     
00005d51  CarController_RunModeToString           
00005d69  HeadingControl_LockCurrentYaw           
00005d81  HeadingControl_SetTargetYaw             
00005d99  Menu_ParamItemToString                  
00005db1  MissionLibrary_FindById                 
00005dc9  MotionAction_Cancel                     
00005de1  MotionAction_Init                       
00005df9  __TI_zero_init_nomemset                 
00005e11  GROUP1_IRQHandler                       
00005e25  GimbalStepperTest_SetStepHalfPeriodTicks
00005e39  HeadingControl_Enable                   
00005e4d  HeadingControl_Init                     
00005e61  HeadingControl_Reset                    
00005e75  Menu_Init                               
00005e89  MissionLibrary_GetByIndex               
00005e9d  MissionManager_GetSelectedMissionId     
00005eb1  __aeabi_ldivmod                         
00005ec5  __aeabi_uldivmod                        
00005ed9  __TI_decompress_none                    
00005eed  Gimbal_YawGetFeedback                   
00005efd  Key_GetEvent                            
00005f0d  ObstacleAvoidance_IsResumeGraceActive   
00005f1d  SYSCFG_DL_init                          
00005f2d  CarController_GetRunMode                
00005f39  CarState_Get                            
00005f45  CarState_Init                           
00005f51  CarState_Set                            
00005f5d  Imu_GetCorrectedGyroZDps                
00005f69  Imu_GetYaw                              
00005f75  Imu_ResetYaw                            
00005f81  Menu_GetPage                            
00005f8d  Menu_GetParamItem                       
00005f99  MissionManager_SetExternalHold          
00005fa5  ObstacleAvoidance_IsActive              
00005fb1  ObstacleAvoidance_IsFailed              
00005fbd  ObstacleSafety_IsHolding                
00005fc9  OledUi_Init                             
00005fd5  __aeabi_memclr                          
00005fd5  __aeabi_memclr4                         
00005fd5  __aeabi_memclr8                         
00005fe1  DL_Common_delayCycles                   
00005feb  TrackSensor_IsCenterDetected            
00005ff5  TrackSensor_IsLineDetected              
00005fff  TrackSensor_IsLineLost                  
00006009  CarController_GetFeedback               
00006011  GimbalStepperTest_GetFeedback           
00006019  Gimbal_YawTick100us                     
00006021  HeadingControl_GetRuntime               
00006029  Imu_GetRuntime                          
00006031  MissionManager_GetMissionCount          
00006039  MissionManager_GetRuntime               
00006041  MotionAction_GetRuntime                 
00006049  ObstacleAvoidance_GetFeedback           
00006051  ObstacleMonitor_GetFeedback             
00006059  Servo_GetFeedback                       
00006061  Ultrasonic_GetFeedback                  
00006069  __aeabi_memcpy                          
00006069  __aeabi_memcpy4                         
00006069  __aeabi_memcpy8                         
00006071  abort                                   
00006076  C$$EXIT                                 
00006077  HOSTexit                                
0000607b  MissionLibrary_GetCount                 
0000607f  Reset_Handler                           
00006083  _system_pre_init                        
00006640  __TI_Handler_Table_Base                 
0000664c  __TI_Handler_Table_Limit                
0000665c  __TI_CINIT_Base                         
0000666c  __TI_CINIT_Limit                        
0000666c  __TI_CINIT_Warm                         
20200000  __start___llvm_prf_bits                 
20200000  __start___llvm_prf_cnts                 
20200000  __stop___llvm_prf_bits                  
20200000  __stop___llvm_prf_cnts                  
20200000  g_appConfig                             
20200098  g_appRuntime                            
202000d0  g_imuRuntime                            
20200144  g_headingRuntime                        
202001f6  g_trackError                            
20200215  g_carStateDebug                         
20200216  g_keyEvent                              
20200217  g_oledPageDebug                         
20200218  g_paramItemDebug                        
20200219  g_trackBlackCount                       
2020021a  g_trackModeDebug                        
2020021b  g_trackRaw                              
2020021c  g_trackTurnDebug                        
20207e00  __stack                                 
20208000  __STACK_END                             
ffffffff  __TI_pprof_out_hndl                     
ffffffff  __TI_prof_data_size                     
ffffffff  __TI_prof_data_start                    
ffffffff  __binit__                               
ffffffff  binit                                   
UNDEFED   __mpu_init                              
UNDEFED   _system_post_cinit                      

[268 symbols]
