******************************************************************************
            TI ARM Clang Linker PC v4.0.4                      
******************************************************************************
>> Linked Sat Jul 11 01:49:42 2026

OUTPUT FILE NAME:   <diansaikaishi.out>
ENTRY POINT SYMBOL: "_c_int00_noargs"  address: 00003095


MEMORY CONFIGURATION

         name            origin    length      used     unused   attr    fill
----------------------  --------  ---------  --------  --------  ----  --------
  FLASH                 00000000   00020000  00003608  0001c9f8  R  X
  SRAM                  20200000   00008000  000002dc  00007d24  RW X
  BCR_CONFIG            41c00000   000000ff  00000000  000000ff  R   
  BSL_CONFIG            41c00100   00000080  00000000  00000080  R   


SEGMENT ALLOCATION MAP

run origin  load origin   length   init length attrs members
----------  ----------- ---------- ----------- ----- -------
00000000    00000000    00003608   00003608    r-x
  00000000    00000000    000000c0   000000c0    r-- .intvecs
  000000c0    000000c0    00003268   00003268    r-x .text
  00003328    00003328    000002c8   000002c8    r-- .rodata
  000035f0    000035f0    00000018   00000018    r-- .cinit
20200000    20200000    000000dc   00000000    rw-
  20200000    20200000    000000dc   00000000    rw- .bss
20207e00    20207e00    00000200   00000000    rw-
  20207e00    20207e00    00000200   00000000    rw- .stack


SECTION ALLOCATION MAP

 output                                  attributes/
section   page    origin      length       input sections
--------  ----  ----------  ----------   ----------------
.intvecs   0    00000000    000000c0     
                  00000000    000000c0     startup_mspm0g350x_ticlang.o (.intvecs)

.text      0    000000c0    00003268     
                  000000c0    00000430     oled_ui.o (.text.OledUi_Update_20ms)
                  000004f0    0000039c     car_controller.o (.text.CarController_Update_20ms)
                  0000088c    000002f0     imu.o (.text.mpu6050_read_regs)
                  00000b7c    000002d8     imu.o (.text.Imu_Init)
                  00000e54    00000254     oled.o (.text.OLED_Clear)
                  000010a8    00000214     imu.o (.text.Imu_CalibrateGyroBias)
                  000012bc    000001ec     app_config.o (.text.AppConfig_LimitAll)
                  000014a8    000001cc     imu.o (.text.imu_i2c_write_byte)
                  00001674    000001b8     oled.o (.text.oled_i2c_write_byte)
                  0000182c    000001ac     menu.o (.text.Menu_HandleKeyEvent)
                  000019d8    00000174     key.o (.text.Key_Update_20ms)
                  00001b4c    00000160     heading_control.o (.text.HeadingControl_Update)
                  00001cac    0000013c     oled.o (.text.OLED_PrintInt16)
                  00001de8    00000134     imu.o (.text.Imu_Update)
                  00001f1c    0000012c     imu.o (.text.imu_i2c_recover_bus)
                  00002048    000000d8     libclang_rt.builtins.a : addsf3.S.obj (.text)
                  00002120    000000d4     oled.o (.text.OLED_Init)
                  000021f4    000000d0     oled.o (.text.OLED_PrintChar)
                  000022c4    000000c4     car_controller.o (.text.handle_turn_90)
                  00002388    000000b0     motor.o (.text.Motor_SetSpeed)
                  00002438    000000a8     ti_msp_dl_config.o (.text.SYSCFG_DL_GPIO_init)
                  000024e0    000000a4     app.o (.text.App_Update_20ms)
                  00002584    000000a2     libclang_rt.builtins.a : udivmoddi4.S.obj (.text)
                  00002626    00000002     startup_mspm0g350x_ticlang.o (.text.Default_Handler)
                  00002628    00000098     imu.o (.text.mpu6050_write_reg)
                  000026c0    0000008c     app_config.o (.text.AppConfig_InitDefault)
                  0000274c    0000008c     libclang_rt.builtins.a : mulsf3.S.obj (.text.__mulsf3)
                  000027d8    00000082                            : divsf3.S.obj (.text.__divsf3)
                  0000285a    00000002     track_sensor.o (.text.TrackSensor_Init)
                  0000285c    00000078     oled.o (.text.oled_write_command)
                  000028d4    0000006c     encoder.o (.text.Encoder_HandleGpioInterrupt)
                  00002940    0000006c     empty.o (.text.main)
                  000029ac    00000066     track_sensor.o (.text.TrackSensor_GetErrorFromRaw)
                  00002a12    00000002     libclang_rt.builtins.a : aeabi_div0.c.obj (.text.__aeabi_idiv0)
                  00002a14    00000062                            : aeabi_fcmp.S.obj (.text.__aeabi_fcmp)
                  00002a76    00000002                            : aeabi_div0.c.obj (.text.__aeabi_ldiv0)
                  00002a78    00000060     menu.o (.text.Menu_GetParamValue)
                  00002ad8    0000005e     oled.o (.text.OLED_PrintBinary7)
                  00002b36    00000002     --HOLE-- [fill = 0]
                  00002b38    00000056     libclang_rt.builtins.a : aeabi_idivmod.S.obj (.text.__aeabi_idivmod)
                  00002b8e    00000002     --HOLE-- [fill = 0]
                  00002b90    00000054     track_sensor.o (.text.TrackSensor_ReadRaw)
                  00002be4    00000050     motor.o (.text.Motor_PwmTick100us)
                  00002c34    00000042     app.o (.text.App_Init)
                  00002c76    00000002     --HOLE-- [fill = 0]
                  00002c78    00000040     ti_msp_dl_config.o (.text.SYSCFG_DL_SYSCTL_init)
                  00002cb8    0000003e     libclang_rt.builtins.a : divmoddi4.c.obj (.text.__divmoddi4)
                  00002cf6    00000002     --HOLE-- [fill = 0]
                  00002cf8    0000003c     empty.o (.text.SysTick_Handler)
                  00002d34    0000003c     libclang_rt.builtins.a : floatsisf.S.obj (.text.__floatsisf)
                  00002d70    0000003c                            : comparesf2.S.obj (.text.__gtsf2)
                  00002dac    0000003c     libc.a : autoinit.c.obj (.text:__TI_auto_init_nobinit_nopinit)
                  00002de8    0000003a     libclang_rt.builtins.a : comparesf2.S.obj (.text.__eqsf2)
                  00002e22    00000002     --HOLE-- [fill = 0]
                  00002e24    0000003a                            : muldsi3.S.obj (.text.__muldsi3)
                  00002e5e    00000002     --HOLE-- [fill = 0]
                  00002e60    00000038     car_controller.o (.text.CarController_Init)
                  00002e98    00000038     car_controller.o (.text.CarController_ResetRuntime)
                  00002ed0    00000038     motor.o (.text.Motor_Init)
                  00002f08    00000038     libclang_rt.builtins.a : fixsfsi.S.obj (.text.__fixsfsi)
                  00002f40    00000036     track_sensor.o (.text.TrackSensor_DetectTurn)
                  00002f76    00000002     --HOLE-- [fill = 0]
                  00002f78    00000034     oled.o (.text.OLED_SetCursor)
                  00002fac    00000032     oled.o (.text.OLED_PrintString)
                  00002fde    00000002     --HOLE-- [fill = 0]
                  00002fe0    00000030     key.o (.text.Key_Init)
                  00003010    0000002c     motor.o (.text.Motor_Stop)
                  0000303c    0000002c     ti_msp_dl_config.o (.text.SYSCFG_DL_initPower)
                  00003068    0000002c     track_sensor.o (.text.TrackSensor_CountBlack)
                  00003094    00000028     libc.a : boot_cortex_m.c.obj (.text:_c_int00_noargs)
                  000030bc    00000024     encoder.o (.text.Encoder_Reset)
                  000030e0    0000001e     libclang_rt.builtins.a : ashldi3.S.obj (.text.__ashldi3)
                  000030fe    00000002     --HOLE-- [fill = 0]
                  00003100    0000001c     imu.o (.text.Imu_IsReady)
                  0000311c    00000018     car_controller.o (.text.CarController_RunModeToString)
                  00003134    00000018     car_state.o (.text.CarState_ToString)
                  0000314c    00000018     heading_control.o (.text.HeadingControl_LockCurrentYaw)
                  00003164    00000018     heading_control.o (.text.HeadingControl_SetTargetYaw)
                  0000317c    00000018     menu.o (.text.Menu_ParamItemToString)
                  00003194    00000016     libc.a : copy_zero_init.c.obj (.text:decompress:ZI:__TI_zero_init_nomemset)
                  000031aa    00000002     --HOLE-- [fill = 0]
                  000031ac    00000014     app_config.o (.text.AppConfig_DecreaseTargetLap)
                  000031c0    00000014     app_config.o (.text.AppConfig_IncreaseTargetLap)
                  000031d4    00000014     empty.o (.text.GROUP1_IRQHandler)
                  000031e8    00000014     heading_control.o (.text.HeadingControl_Enable)
                  000031fc    00000014     heading_control.o (.text.HeadingControl_Init)
                  00003210    00000014     heading_control.o (.text.HeadingControl_Reset)
                  00003224    00000014     menu.o (.text.Menu_Init)
                  00003238    00000014     libclang_rt.builtins.a : aeabi_ldivmod.S.obj (.text.__aeabi_ldivmod)
                  0000324c    00000010     key.o (.text.Key_GetEvent)
                  0000325c    00000010     ti_msp_dl_config.o (.text.SYSCFG_DL_init)
                  0000326c    0000000c     car_controller.o (.text.CarController_GetRunMode)
                  00003278    0000000c     car_state.o (.text.CarState_Get)
                  00003284    0000000c     car_state.o (.text.CarState_Init)
                  00003290    0000000c     car_state.o (.text.CarState_Set)
                  0000329c    0000000c     imu.o (.text.Imu_GetCorrectedGyroZDps)
                  000032a8    0000000c     imu.o (.text.Imu_GetYaw)
                  000032b4    0000000c     imu.o (.text.Imu_ResetYaw)
                  000032c0    0000000c     menu.o (.text.Menu_GetPage)
                  000032cc    0000000c     menu.o (.text.Menu_GetParamItem)
                  000032d8    0000000c     oled_ui.o (.text.OledUi_Init)
                  000032e4    0000000a     driverlib.a : dl_common.o (.text.DL_Common_delayCycles)
                  000032ee    0000000a     track_sensor.o (.text.TrackSensor_IsCenterDetected)
                  000032f8    0000000a     track_sensor.o (.text.TrackSensor_IsLineLost)
                  00003302    00000002     --HOLE-- [fill = 0]
                  00003304    00000008     heading_control.o (.text.HeadingControl_GetRuntime)
                  0000330c    00000008     imu.o (.text.Imu_GetRuntime)
                  00003314    00000006     libc.a : exit.c.obj (.text:abort)
                  0000331a    00000004     libsysbm.a : hostexit.c.obj (.text.HOSTexit)
                  0000331e    00000004     startup_mspm0g350x_ticlang.o (.text.Reset_Handler)
                  00003322    00000004     libc.a : pre_init.c.obj (.text._system_pre_init)
                  00003326    00000002     --HOLE-- [fill = 0]

.cinit     0    000035f0    00000018     
                  000035f0    00000008     (.cinit..bss.load) [load image, compression = zero_init]
                  000035f8    00000004     (__TI_handler_table)
                  000035fc    00000008     (__TI_cinit_table)
                  00003604    00000004     --HOLE-- [fill = 0]

.rodata    0    00003328    000002c8     
                  00003328    000000d8     oled.o (.rodata..Lswitch.table.OLED_PrintChar)
                  00003400    00000020     menu.o (.rodata..Lswitch.table.Menu_ParamItemToString)
                  00003420    00000018     car_state.o (.rodata..Lswitch.table.CarState_ToString)
                  00003438    00000014     car_controller.o (.rodata..Lswitch.table.CarController_RunModeToString)
                  0000344c    00000009     oled_ui.o (.rodata.str1.3455423528827705371.1)
                  00003455    00000007     oled_ui.o (.rodata.str1.8426569189266129334.1)
                  0000345c    00000006     oled_ui.o (.rodata.str1.1108652269057166745.1)
                  00003462    00000006     oled_ui.o (.rodata.str1.1445687256832830955.1)
                  00003468    00000006     car_state.o (.rodata.str1.1675797584173499143.1)
                  0000346e    00000006     oled_ui.o (.rodata.str1.3025253791635144717.1)
                  00003474    00000006     car_state.o (.rodata.str1.41590466491370331.1)
                  0000347a    00000006     menu.o (.rodata.str1.4646809750356241979.1)
                  00003480    00000006     oled_ui.o (.rodata.str1.5853739094453432564.1)
                  00003486    00000005     oled.o (.rodata.oled_get_glyph.colon)
                  0000348b    00000005     oled.o (.rodata.oled_get_glyph.eight)
                  00003490    00000005     oled.o (.rodata.oled_get_glyph.five)
                  00003495    00000005     oled.o (.rodata.oled_get_glyph.four)
                  0000349a    00000005     oled.o (.rodata.oled_get_glyph.glyphA)
                  0000349f    00000005     oled.o (.rodata.oled_get_glyph.glyphB)
                  000034a4    00000005     oled.o (.rodata.oled_get_glyph.glyphC)
                  000034a9    00000005     oled.o (.rodata.oled_get_glyph.glyphD)
                  000034ae    00000005     oled.o (.rodata.oled_get_glyph.glyphE)
                  000034b3    00000005     oled.o (.rodata.oled_get_glyph.glyphG)
                  000034b8    00000005     oled.o (.rodata.oled_get_glyph.glyphH)
                  000034bd    00000005     oled.o (.rodata.oled_get_glyph.glyphI)
                  000034c2    00000005     oled.o (.rodata.oled_get_glyph.glyphK)
                  000034c7    00000005     oled.o (.rodata.oled_get_glyph.glyphL)
                  000034cc    00000005     oled.o (.rodata.oled_get_glyph.glyphM)
                  000034d1    00000005     oled.o (.rodata.oled_get_glyph.glyphN)
                  000034d6    00000005     oled.o (.rodata.oled_get_glyph.glyphO)
                  000034db    00000005     oled.o (.rodata.oled_get_glyph.glyphP)
                  000034e0    00000005     oled.o (.rodata.oled_get_glyph.glyphR)
                  000034e5    00000005     oled.o (.rodata.oled_get_glyph.glyphS)
                  000034ea    00000005     oled.o (.rodata.oled_get_glyph.glyphT)
                  000034ef    00000005     oled.o (.rodata.oled_get_glyph.glyphU)
                  000034f4    00000005     oled.o (.rodata.oled_get_glyph.glyphV)
                  000034f9    00000005     oled.o (.rodata.oled_get_glyph.glyphW)
                  000034fe    00000005     oled.o (.rodata.oled_get_glyph.glyphX)
                  00003503    00000005     oled.o (.rodata.oled_get_glyph.glyphY)
                  00003508    00000005     oled.o (.rodata.oled_get_glyph.glyphb)
                  0000350d    00000005     oled.o (.rodata.oled_get_glyph.gt)
                  00003512    00000005     oled.o (.rodata.oled_get_glyph.minus)
                  00003517    00000005     oled.o (.rodata.oled_get_glyph.nine)
                  0000351c    00000005     oled.o (.rodata.oled_get_glyph.one)
                  00003521    00000005     oled.o (.rodata.oled_get_glyph.seven)
                  00003526    00000005     oled.o (.rodata.oled_get_glyph.six)
                  0000352b    00000005     oled.o (.rodata.oled_get_glyph.space)
                  00003530    00000005     oled.o (.rodata.oled_get_glyph.three)
                  00003535    00000005     oled.o (.rodata.oled_get_glyph.two)
                  0000353a    00000005     oled.o (.rodata.oled_get_glyph.zero)
                  0000353f    00000005     oled_ui.o (.rodata.str1.10416366799939242409.1)
                  00003544    00000005     menu.o (.rodata.str1.12110183915172842339.1)
                  00003549    00000005     oled_ui.o (.rodata.str1.130772507669342127.1)
                  0000354e    00000005     oled_ui.o (.rodata.str1.14556837007311414654.1)
                  00003553    00000005     oled_ui.o (.rodata.str1.15008238333949226094.1)
                  00003558    00000005     oled_ui.o (.rodata.str1.17540787658903907660.1)
                  0000355d    00000005     car_controller.o (.rodata.str1.18191498530309206443.1)
                  00003562    00000005     oled_ui.o (.rodata.str1.18266126048138325213.1)
                  00003567    00000005     car_controller.o (.rodata.str1.4164979912472006574.1)
                  0000356c    00000005     oled_ui.o (.rodata.str1.4581472623415959594.1)
                  00003571    00000005     car_state.o (.rodata.str1.8223341253983108753.1)
                  00003576    00000005     car_state.o (.rodata.str1.8698975129455933903.1)
                  0000357b    00000005     oled_ui.o (.rodata.str1.9544068167406571052.1)
                  00003580    00000005     car_controller.o (.rodata.str1.9981487771679760427.1)
                  00003585    00000004     oled_ui.o (.rodata.str1.11232419324784801130.1)
                  00003589    00000004     car_controller.o (.rodata.str1.12442237994239546032.1)
                  0000358d    00000004     menu.o (.rodata.str1.13124720451672825294.1)
                  00003591    00000004     oled_ui.o (.rodata.str1.13882251010780863896.1)
                  00003595    00000004     car_state.o (.rodata.str1.13986535679874659196.1)
                  00003599    00000004     oled_ui.o (.rodata.str1.14358698208395374265.1)
                  0000359d    00000004     oled_ui.o (.rodata.str1.15917848551323629232.1)
                  000035a1    00000004     menu.o (.rodata.str1.16312125044762562515.1)
                  000035a5    00000004     oled_ui.o (.rodata.str1.16931641404301806744.1)
                  000035a9    00000004     car_controller.o (.rodata.str1.17172356789460551389.1)
                  000035ad    00000004     oled_ui.o (.rodata.str1.17274519358952562110.1)
                  000035b1    00000004     oled_ui.o (.rodata.str1.17812014771544466701.1)
                  000035b5    00000004     car_state.o (.rodata.str1.3601627812925153765.1)
                  000035b9    00000004     oled_ui.o (.rodata.str1.3702290527496711532.1)
                  000035bd    00000004     oled_ui.o (.rodata.str1.4402311448527872260.1)
                  000035c1    00000004     menu.o (.rodata.str1.4862307748908978627.1)
                  000035c5    00000004     oled_ui.o (.rodata.str1.5965450730569173784.1)
                  000035c9    00000004     menu.o (.rodata.str1.6857549598058878762.1)
                  000035cd    00000004     car_controller.o (.rodata.str1.9234375891235759983.1)
                  000035d1    00000004     menu.o (.rodata.str1.9546740394641817443.1)
                  000035d5    00000004     oled_ui.o (.rodata.str1.967006512144173535.1)
                  000035d9    00000003     oled_ui.o (.rodata.str1.1019225241002246410.1)
                  000035dc    00000003     menu.o (.rodata.str1.14098755746347272832.1)
                  000035df    00000003     oled_ui.o (.rodata.str1.14134189893851348960.1)
                  000035e2    00000003     menu.o (.rodata.str1.17041139162815566052.1)
                  000035e5    00000003     oled_ui.o (.rodata.str1.2308938766145545715.1)
                  000035e8    00000003     oled_ui.o (.rodata.str1.9159586779647977165.1)
                  000035eb    00000003     oled_ui.o (.rodata.str1.9854382722193312766.1)
                  000035ee    00000002     --HOLE-- [fill = 0]

.init_array 
*          0    00000000    00000000     UNINITIALIZED

.binit     0    00000000    00000000     

.bss       0    20200000    000000dc     UNINITIALIZED
                  20200000    00000048     (.common:g_appConfig)
                  20200048    00000028     (.common:g_appRuntime)
                  20200070    00000028     (.common:g_imuRuntime)
                  20200098    00000014     (.common:g_headingRuntime)
                  202000ac    00000006     key.o (.bss.g_key1)
                  202000b2    00000006     key.o (.bss.g_key2)
                  202000b8    00000006     key.o (.bss.g_key3)
                  202000be    00000002     (.common:g_trackError)
                  202000c0    00000004     encoder.o (.bss.g_motorAPulses)
                  202000c4    00000004     encoder.o (.bss.g_motorBPulses)
                  202000c8    00000001     oled_ui.o (.bss.OledUi_Update_20ms.refreshDivider)
                  202000c9    00000001     empty.o (.bss.SysTick_Handler.controlMsCount)
                  202000ca    00000001     empty.o (.bss.SysTick_Handler.tick100usCount)
                  202000cb    00000001     empty.o (.bss.g_appUpdateDue)
                  202000cc    00000001     car_state.o (.bss.g_carState)
                  202000cd    00000001     motor.o (.bss.g_motorADutyLevel)
                  202000ce    00000001     motor.o (.bss.g_motorBDutyLevel)
                  202000cf    00000001     oled.o (.bss.g_oledColumn)
                  202000d0    00000001     menu.o (.bss.g_oledPage)
                  202000d1    00000001     menu.o (.bss.g_paramItem)
                  202000d2    00000001     key.o (.bss.g_pendingEvent)
                  202000d3    00000001     motor.o (.bss.g_pwmPhase)
                  202000d4    00000001     (.common:g_carStateDebug)
                  202000d5    00000001     (.common:g_keyEvent)
                  202000d6    00000001     (.common:g_oledPageDebug)
                  202000d7    00000001     (.common:g_paramItemDebug)
                  202000d8    00000001     (.common:g_trackBlackCount)
                  202000d9    00000001     (.common:g_trackModeDebug)
                  202000da    00000001     (.common:g_trackRaw)
                  202000db    00000001     (.common:g_trackTurnDebug)

.stack     0    20207e00    00000200     UNINITIALIZED
                  20207e00    00000004     libc.a : boot_cortex_m.c.obj (.stack)
                  20207e04    000001fc     --HOLE--

__llvm_prf_cnts 
*          0    20200000    00000000     UNINITIALIZED

__llvm_prf_bits 
*          0    20200000    00000000     UNINITIALIZED

MODULE SUMMARY

       Module                         code    ro data   rw data
       ------                         ----    -------   -------
    .\
       imu.o                          3304    0         40     
       oled.o                         2088    401       1      
       car_controller.o               1268    47        40     
       oled_ui.o                      1084    139       1      
       app_config.o                   672     0         72     
       menu.o                         592     69        2      
       heading_control.o              468     0         20     
       key.o                          436     0         19     
       motor.o                        356     0         3      
       track_sensor.o                 306     0         0      
       ti_msp_dl_config.o             292     0         0      
       app.o                          230     0         10     
       startup_mspm0g350x_ticlang.o   6       192       0      
       empty.o                        188     0         3      
       encoder.o                      144     0         8      
       car_state.o                    60      54        1      
    +--+------------------------------+-------+---------+---------+
       Total:                         11494   902       220    
                                                               
    C:/TI/mspm0_sdk_2_05_01_00/source/ti/driverlib/lib/ticlang/m0p/mspm0g1x0x_g3x0x/driverlib.a
       dl_common.o                    10      0         0      
    +--+------------------------------+-------+---------+---------+
       Total:                         10      0         0      
                                                               
    D:\TI\CCS\ccs\tools\compiler\ti-cgt-armllvm_4.0.4.LTS\lib\armv6m-ti-none-eabi/c/libc.a
       autoinit.c.obj                 60      0         0      
       boot_cortex_m.c.obj            40      0         0      
       copy_zero_init.c.obj           22      0         0      
       exit.c.obj                     6       0         0      
       pre_init.c.obj                 4       0         0      
    +--+------------------------------+-------+---------+---------+
       Total:                         132     0         0      
                                                               
    D:\TI\CCS\ccs\tools\compiler\ti-cgt-armllvm_4.0.4.LTS\lib\armv6m-ti-none-eabi/c/libsysbm.a
       hostexit.c.obj                 4       0         0      
    +--+------------------------------+-------+---------+---------+
       Total:                         4       0         0      
                                                               
    D:\TI\CCS\ccs\tools\compiler\ti-cgt-armllvm_4.0.4.LTS\lib\armv6m-ti-none-eabi/libclang_rt.builtins.a
       addsf3.S.obj                   216     0         0      
       udivmoddi4.S.obj               162     0         0      
       mulsf3.S.obj                   140     0         0      
       divsf3.S.obj                   130     0         0      
       comparesf2.S.obj               118     0         0      
       aeabi_fcmp.S.obj               98      0         0      
       aeabi_idivmod.S.obj            86      0         0      
       divmoddi4.c.obj                62      0         0      
       floatsisf.S.obj                60      0         0      
       muldsi3.S.obj                  58      0         0      
       fixsfsi.S.obj                  56      0         0      
       ashldi3.S.obj                  30      0         0      
       aeabi_ldivmod.S.obj            20      0         0      
       aeabi_div0.c.obj               4       0         0      
    +--+------------------------------+-------+---------+---------+
       Total:                         1240    0         0      
                                                               
       Stack:                         0       0         512    
       Linker Generated:              0       20        0      
    +--+------------------------------+-------+---------+---------+
       Grand Total:                   12880   922       732    


LINKER GENERATED COPY TABLES

__TI_cinit_table @ 000035fc records: 1, size/record: 8, table size: 8
	.bss: load addr=000035f0, load size=00000008 bytes, run addr=20200000, run size=000000dc bytes, compression=zero_init


LINKER GENERATED HANDLER TABLE

__TI_handler_table @ 000035f8 records: 1, size/record: 4, table size: 4
	index: 0, handler: __TI_zero_init


GLOBAL SYMBOLS: SORTED ALPHABETICALLY BY Name 

address   name                          
-------   ----                          
00002627  ADC0_IRQHandler               
00002627  ADC1_IRQHandler               
00002627  AES_IRQHandler                
000031ad  AppConfig_DecreaseTargetLap   
000031c1  AppConfig_IncreaseTargetLap   
000026c1  AppConfig_InitDefault         
000012bd  AppConfig_LimitAll            
00002c35  App_Init                      
000024e1  App_Update_20ms               
0000331a  C$$EXIT                       
00002627  CANFD0_IRQHandler             
0000326d  CarController_GetRunMode      
00002e61  CarController_Init            
00002e99  CarController_ResetRuntime    
0000311d  CarController_RunModeToString 
000004f1  CarController_Update_20ms     
00003279  CarState_Get                  
00003285  CarState_Init                 
00003291  CarState_Set                  
00003135  CarState_ToString             
00002627  DAC0_IRQHandler               
000032e5  DL_Common_delayCycles         
00002627  DMA_IRQHandler                
00002627  Default_Handler               
000028d5  Encoder_HandleGpioInterrupt   
000030bd  Encoder_Reset                 
00002627  GROUP0_IRQHandler             
000031d5  GROUP1_IRQHandler             
0000331b  HOSTexit                      
00002627  HardFault_Handler             
000031e9  HeadingControl_Enable         
00003305  HeadingControl_GetRuntime     
000031fd  HeadingControl_Init           
0000314d  HeadingControl_LockCurrentYaw 
00003211  HeadingControl_Reset          
00003165  HeadingControl_SetTargetYaw   
00001b4d  HeadingControl_Update         
00002627  I2C0_IRQHandler               
00002627  I2C1_IRQHandler               
000010a9  Imu_CalibrateGyroBias         
0000329d  Imu_GetCorrectedGyroZDps      
0000330d  Imu_GetRuntime                
000032a9  Imu_GetYaw                    
00000b7d  Imu_Init                      
00003101  Imu_IsReady                   
000032b5  Imu_ResetYaw                  
00001de9  Imu_Update                    
0000324d  Key_GetEvent                  
00002fe1  Key_Init                      
000019d9  Key_Update_20ms               
000032c1  Menu_GetPage                  
000032cd  Menu_GetParamItem             
00002a79  Menu_GetParamValue            
0000182d  Menu_HandleKeyEvent           
00003225  Menu_Init                     
0000317d  Menu_ParamItemToString        
00002ed1  Motor_Init                    
00002be5  Motor_PwmTick100us            
00002389  Motor_SetSpeed                
00003011  Motor_Stop                    
00002627  NMI_Handler                   
00000e55  OLED_Clear                    
00002121  OLED_Init                     
00002ad9  OLED_PrintBinary7             
000021f5  OLED_PrintChar                
00001cad  OLED_PrintInt16               
00002fad  OLED_PrintString              
00002f79  OLED_SetCursor                
000032d9  OledUi_Init                   
000000c1  OledUi_Update_20ms            
00002627  PendSV_Handler                
00002627  RTC_IRQHandler                
0000331f  Reset_Handler                 
00002627  SPI0_IRQHandler               
00002627  SPI1_IRQHandler               
00002627  SVC_Handler                   
00002439  SYSCFG_DL_GPIO_init           
00002c79  SYSCFG_DL_SYSCTL_init         
0000325d  SYSCFG_DL_init                
0000303d  SYSCFG_DL_initPower           
00002cf9  SysTick_Handler               
00002627  TIMA0_IRQHandler              
00002627  TIMA1_IRQHandler              
00002627  TIMG0_IRQHandler              
00002627  TIMG12_IRQHandler             
00002627  TIMG6_IRQHandler              
00002627  TIMG7_IRQHandler              
00002627  TIMG8_IRQHandler              
00003069  TrackSensor_CountBlack        
00002f41  TrackSensor_DetectTurn        
000029ad  TrackSensor_GetErrorFromRaw   
0000285b  TrackSensor_Init              
000032ef  TrackSensor_IsCenterDetected  
000032f9  TrackSensor_IsLineLost        
00002b91  TrackSensor_ReadRaw           
00002627  UART0_IRQHandler              
00002627  UART1_IRQHandler              
00002627  UART2_IRQHandler              
00002627  UART3_IRQHandler              
20208000  __STACK_END                   
00000200  __STACK_SIZE                  
00000000  __TI_ATRegion0_region_sz      
00000000  __TI_ATRegion0_src_addr       
00000000  __TI_ATRegion0_trg_addr       
00000000  __TI_ATRegion1_region_sz      
00000000  __TI_ATRegion1_src_addr       
00000000  __TI_ATRegion1_trg_addr       
00000000  __TI_ATRegion2_region_sz      
00000000  __TI_ATRegion2_src_addr       
00000000  __TI_ATRegion2_trg_addr       
000035fc  __TI_CINIT_Base               
00003604  __TI_CINIT_Limit              
00003604  __TI_CINIT_Warm               
000035f8  __TI_Handler_Table_Base       
000035fc  __TI_Handler_Table_Limit      
00002dad  __TI_auto_init_nobinit_nopinit
ffffffff  __TI_pprof_out_hndl           
ffffffff  __TI_prof_data_size           
ffffffff  __TI_prof_data_start          
00000000  __TI_static_base__            
00003195  __TI_zero_init_nomemset       
00002053  __addsf3                      
00002f09  __aeabi_f2iz                  
00002053  __aeabi_fadd                  
00002a15  __aeabi_fcmpeq                
00002a51  __aeabi_fcmpge                
00002a65  __aeabi_fcmpgt                
00002a3d  __aeabi_fcmple                
00002a29  __aeabi_fcmplt                
000027d9  __aeabi_fdiv                  
0000274d  __aeabi_fmul                  
00002049  __aeabi_fsub                  
00002d35  __aeabi_i2f                   
00002b39  __aeabi_idiv                  
00002a13  __aeabi_idiv0                 
00002b39  __aeabi_idivmod               
00002a77  __aeabi_ldiv0                 
00003239  __aeabi_ldivmod               
000030e1  __aeabi_llsl                  
000030e1  __ashldi3                     
ffffffff  __binit__                     
00002de9  __cmpsf2                      
00002cb9  __divmoddi4                   
000027d9  __divsf3                      
00002de9  __eqsf2                       
00002f09  __fixsfsi                     
00002d35  __floatsisf                   
00002d71  __gesf2                       
00002d71  __gtsf2                       
00002de9  __lesf2                       
00002de9  __ltsf2                       
UNDEFED   __mpu_init                    
00002e25  __muldsi3                     
0000274d  __mulsf3                      
00002de9  __nesf2                       
20207e00  __stack                       
20200000  __start___llvm_prf_bits       
20200000  __start___llvm_prf_cnts       
20200000  __stop___llvm_prf_bits        
20200000  __stop___llvm_prf_cnts        
00002049  __subsf3                      
00002585  __udivmoddi4                  
00003095  _c_int00_noargs               
UNDEFED   _system_post_cinit            
00003323  _system_pre_init              
00003315  abort                         
ffffffff  binit                         
20200000  g_appConfig                   
20200048  g_appRuntime                  
202000d4  g_carStateDebug               
20200098  g_headingRuntime              
20200070  g_imuRuntime                  
202000d5  g_keyEvent                    
202000d6  g_oledPageDebug               
202000d7  g_paramItemDebug              
202000d8  g_trackBlackCount             
202000be  g_trackError                  
202000d9  g_trackModeDebug              
202000da  g_trackRaw                    
202000db  g_trackTurnDebug              
00000000  interruptVectors              
00002941  main                          


GLOBAL SYMBOLS: SORTED BY Symbol Address 

address   name                          
-------   ----                          
00000000  __TI_ATRegion0_region_sz      
00000000  __TI_ATRegion0_src_addr       
00000000  __TI_ATRegion0_trg_addr       
00000000  __TI_ATRegion1_region_sz      
00000000  __TI_ATRegion1_src_addr       
00000000  __TI_ATRegion1_trg_addr       
00000000  __TI_ATRegion2_region_sz      
00000000  __TI_ATRegion2_src_addr       
00000000  __TI_ATRegion2_trg_addr       
00000000  __TI_static_base__            
00000000  interruptVectors              
000000c1  OledUi_Update_20ms            
00000200  __STACK_SIZE                  
000004f1  CarController_Update_20ms     
00000b7d  Imu_Init                      
00000e55  OLED_Clear                    
000010a9  Imu_CalibrateGyroBias         
000012bd  AppConfig_LimitAll            
0000182d  Menu_HandleKeyEvent           
000019d9  Key_Update_20ms               
00001b4d  HeadingControl_Update         
00001cad  OLED_PrintInt16               
00001de9  Imu_Update                    
00002049  __aeabi_fsub                  
00002049  __subsf3                      
00002053  __addsf3                      
00002053  __aeabi_fadd                  
00002121  OLED_Init                     
000021f5  OLED_PrintChar                
00002389  Motor_SetSpeed                
00002439  SYSCFG_DL_GPIO_init           
000024e1  App_Update_20ms               
00002585  __udivmoddi4                  
00002627  ADC0_IRQHandler               
00002627  ADC1_IRQHandler               
00002627  AES_IRQHandler                
00002627  CANFD0_IRQHandler             
00002627  DAC0_IRQHandler               
00002627  DMA_IRQHandler                
00002627  Default_Handler               
00002627  GROUP0_IRQHandler             
00002627  HardFault_Handler             
00002627  I2C0_IRQHandler               
00002627  I2C1_IRQHandler               
00002627  NMI_Handler                   
00002627  PendSV_Handler                
00002627  RTC_IRQHandler                
00002627  SPI0_IRQHandler               
00002627  SPI1_IRQHandler               
00002627  SVC_Handler                   
00002627  TIMA0_IRQHandler              
00002627  TIMA1_IRQHandler              
00002627  TIMG0_IRQHandler              
00002627  TIMG12_IRQHandler             
00002627  TIMG6_IRQHandler              
00002627  TIMG7_IRQHandler              
00002627  TIMG8_IRQHandler              
00002627  UART0_IRQHandler              
00002627  UART1_IRQHandler              
00002627  UART2_IRQHandler              
00002627  UART3_IRQHandler              
000026c1  AppConfig_InitDefault         
0000274d  __aeabi_fmul                  
0000274d  __mulsf3                      
000027d9  __aeabi_fdiv                  
000027d9  __divsf3                      
0000285b  TrackSensor_Init              
000028d5  Encoder_HandleGpioInterrupt   
00002941  main                          
000029ad  TrackSensor_GetErrorFromRaw   
00002a13  __aeabi_idiv0                 
00002a15  __aeabi_fcmpeq                
00002a29  __aeabi_fcmplt                
00002a3d  __aeabi_fcmple                
00002a51  __aeabi_fcmpge                
00002a65  __aeabi_fcmpgt                
00002a77  __aeabi_ldiv0                 
00002a79  Menu_GetParamValue            
00002ad9  OLED_PrintBinary7             
00002b39  __aeabi_idiv                  
00002b39  __aeabi_idivmod               
00002b91  TrackSensor_ReadRaw           
00002be5  Motor_PwmTick100us            
00002c35  App_Init                      
00002c79  SYSCFG_DL_SYSCTL_init         
00002cb9  __divmoddi4                   
00002cf9  SysTick_Handler               
00002d35  __aeabi_i2f                   
00002d35  __floatsisf                   
00002d71  __gesf2                       
00002d71  __gtsf2                       
00002dad  __TI_auto_init_nobinit_nopinit
00002de9  __cmpsf2                      
00002de9  __eqsf2                       
00002de9  __lesf2                       
00002de9  __ltsf2                       
00002de9  __nesf2                       
00002e25  __muldsi3                     
00002e61  CarController_Init            
00002e99  CarController_ResetRuntime    
00002ed1  Motor_Init                    
00002f09  __aeabi_f2iz                  
00002f09  __fixsfsi                     
00002f41  TrackSensor_DetectTurn        
00002f79  OLED_SetCursor                
00002fad  OLED_PrintString              
00002fe1  Key_Init                      
00003011  Motor_Stop                    
0000303d  SYSCFG_DL_initPower           
00003069  TrackSensor_CountBlack        
00003095  _c_int00_noargs               
000030bd  Encoder_Reset                 
000030e1  __aeabi_llsl                  
000030e1  __ashldi3                     
00003101  Imu_IsReady                   
0000311d  CarController_RunModeToString 
00003135  CarState_ToString             
0000314d  HeadingControl_LockCurrentYaw 
00003165  HeadingControl_SetTargetYaw   
0000317d  Menu_ParamItemToString        
00003195  __TI_zero_init_nomemset       
000031ad  AppConfig_DecreaseTargetLap   
000031c1  AppConfig_IncreaseTargetLap   
000031d5  GROUP1_IRQHandler             
000031e9  HeadingControl_Enable         
000031fd  HeadingControl_Init           
00003211  HeadingControl_Reset          
00003225  Menu_Init                     
00003239  __aeabi_ldivmod               
0000324d  Key_GetEvent                  
0000325d  SYSCFG_DL_init                
0000326d  CarController_GetRunMode      
00003279  CarState_Get                  
00003285  CarState_Init                 
00003291  CarState_Set                  
0000329d  Imu_GetCorrectedGyroZDps      
000032a9  Imu_GetYaw                    
000032b5  Imu_ResetYaw                  
000032c1  Menu_GetPage                  
000032cd  Menu_GetParamItem             
000032d9  OledUi_Init                   
000032e5  DL_Common_delayCycles         
000032ef  TrackSensor_IsCenterDetected  
000032f9  TrackSensor_IsLineLost        
00003305  HeadingControl_GetRuntime     
0000330d  Imu_GetRuntime                
00003315  abort                         
0000331a  C$$EXIT                       
0000331b  HOSTexit                      
0000331f  Reset_Handler                 
00003323  _system_pre_init              
000035f8  __TI_Handler_Table_Base       
000035fc  __TI_CINIT_Base               
000035fc  __TI_Handler_Table_Limit      
00003604  __TI_CINIT_Limit              
00003604  __TI_CINIT_Warm               
20200000  __start___llvm_prf_bits       
20200000  __start___llvm_prf_cnts       
20200000  __stop___llvm_prf_bits        
20200000  __stop___llvm_prf_cnts        
20200000  g_appConfig                   
20200048  g_appRuntime                  
20200070  g_imuRuntime                  
20200098  g_headingRuntime              
202000be  g_trackError                  
202000d4  g_carStateDebug               
202000d5  g_keyEvent                    
202000d6  g_oledPageDebug               
202000d7  g_paramItemDebug              
202000d8  g_trackBlackCount             
202000d9  g_trackModeDebug              
202000da  g_trackRaw                    
202000db  g_trackTurnDebug              
20207e00  __stack                       
20208000  __STACK_END                   
ffffffff  __TI_pprof_out_hndl           
ffffffff  __TI_prof_data_size           
ffffffff  __TI_prof_data_start          
ffffffff  __binit__                     
ffffffff  binit                         
UNDEFED   __mpu_init                    
UNDEFED   _system_post_cinit            

[182 symbols]
