******************************************************************************
            TI ARM Clang Linker PC v4.0.4                      
******************************************************************************
>> Linked Mon Jul 13 04:22:57 2026

OUTPUT FILE NAME:   <diansaikaishi.out>
ENTRY POINT SYMBOL: "_c_int00_noargs"  address: 00004461


MEMORY CONFIGURATION

         name            origin    length      used     unused   attr    fill
----------------------  --------  ---------  --------  --------  ----  --------
  FLASH                 00000000   00020000  000050a0  0001af60  R  X
  SRAM                  20200000   00008000  00000362  00007c9e  RW X
  BCR_CONFIG            41c00000   000000ff  00000000  000000ff  R   
  BSL_CONFIG            41c00100   00000080  00000000  00000080  R   


SEGMENT ALLOCATION MAP

run origin  load origin   length   init length attrs members
----------  ----------- ---------- ----------- ----- -------
00000000    00000000    000050a0   000050a0    r-x
  00000000    00000000    000000c0   000000c0    r-- .intvecs
  000000c0    000000c0    000047a8   000047a8    r-x .text
  00004868    00004868    00000808   00000808    r-- .rodata
  00005070    00005070    00000030   00000030    r-- .cinit
20200000    20200000    00000162   00000000    rw-
  20200000    20200000    00000161   00000000    rw- .bss
  20200161    20200161    00000001   00000000    rw- .data
20207e00    20207e00    00000200   00000000    rw-
  20207e00    20207e00    00000200   00000000    rw- .stack


SECTION ALLOCATION MAP

 output                                  attributes/
section   page    origin      length       input sections
--------  ----  ----------  ----------   ----------------
.intvecs   0    00000000    000000c0     
                  00000000    000000c0     startup_mspm0g350x_ticlang.o (.intvecs)

.text      0    000000c0    000047a8     
                  000000c0    00000568     oled_ui.o (.text.OledUi_Update_20ms)
                  00000628    000004a8     car_controller.o (.text.CarController_Update_20ms)
                  00000ad0    000002f0     imu.o (.text.mpu6050_read_regs)
                  00000dc0    000002d8     imu.o (.text.Imu_Init)
                  00001098    00000254     oled.o (.text.OLED_Clear)
                  000012ec    00000224     app_config.o (.text.AppConfig_LimitAll)
                  00001510    00000220     menu.o (.text.Menu_HandleKeyEvent)
                  00001730    00000214     imu.o (.text.Imu_CalibrateGyroBias)
                  00001944    000001cc     imu.o (.text.imu_i2c_write_byte)
                  00001b10    000001b8     oled.o (.text.oled_i2c_write_byte)
                  00001cc8    000001a0     ultrasonic.o (.text.Ultrasonic_Tick100us)
                  00001e68    00000188     obstacle_scanner.o (.text.ObstacleScanner_Update_20ms)
                  00001ff0    00000174     key.o (.text.Key_Update_20ms)
                  00002164    00000160     heading_control.o (.text.HeadingControl_Update)
                  000022c4    0000013c     oled.o (.text.OLED_PrintInt16)
                  00002400    00000134     imu.o (.text.Imu_Update)
                  00002534    0000012c     imu.o (.text.imu_i2c_recover_bus)
                  00002660    0000011c     motion_action.o (.text.MotionAction_Update_20ms)
                  0000277c    000000f8     mission_manager.o (.text.MissionManager_Update_20ms)
                  00002874    000000f0     mission_manager.o (.text.MissionManager_SelectNext)
                  00002964    000000ec     car_controller.o (.text.handle_turn_90)
                  00002a50    000000e8     motion_action.o (.text.MotionAction_Start)
                  00002b38    000000d8     mission_manager.o (.text.MissionManager_SelectPrevious)
                  00002c10    000000d8     libclang_rt.builtins.a : addsf3.S.obj (.text)
                  00002ce8    000000d4     app.o (.text.App_Update_20ms)
                  00002dbc    000000d4     oled.o (.text.OLED_Init)
                  00002e90    000000d0     oled.o (.text.OLED_PrintChar)
                  00002f60    000000b0     motor.o (.text.Motor_SetSpeed)
                  00003010    000000b0     ti_msp_dl_config.o (.text.SYSCFG_DL_GPIO_init)
                  000030c0    000000a2     libclang_rt.builtins.a : udivmoddi4.S.obj (.text)
                  00003162    00000002     startup_mspm0g350x_ticlang.o (.text.Default_Handler)
                  00003164    0000009c     app_config.o (.text.AppConfig_InitDefault)
                  00003200    0000009a     libc.a : memcpy16.S.obj (.text:memcpy)
                  0000329a    00000002     track_sensor.o (.text.TrackSensor_Init)
                  0000329c    00000098     imu.o (.text.mpu6050_write_reg)
                  00003334    00000090     car_controller.o (.text.CarController_StartSeekLine)
                  000033c4    0000008c     libclang_rt.builtins.a : mulsf3.S.obj (.text.__mulsf3)
                  00003450    00000082                            : divsf3.S.obj (.text.__divsf3)
                  000034d2    00000080     mission_library.o (.text.MissionLibrary_Validate)
                  00003552    00000002     libclang_rt.builtins.a : aeabi_div0.c.obj (.text.__aeabi_idiv0)
                  00003554    00000080     obstacle_monitor.o (.text.ObstacleMonitor_Update_20ms)
                  000035d4    0000007c     libc.a : copy_decompress_lzss.c.obj (.text:decompress:lzss)
                  00003650    00000078     car_controller.o (.text.CarController_StartFollowLine)
                  000036c8    00000078     oled.o (.text.oled_write_command)
                  00003740    00000074     car_controller.o (.text.CarController_Init)
                  000037b4    00000074     car_controller.o (.text.CarController_ResetRuntime)
                  00003828    0000006e     track_sensor.o (.text.TrackSensor_DetectTurn)
                  00003896    00000002     libclang_rt.builtins.a : aeabi_div0.c.obj (.text.__aeabi_ldiv0)
                  00003898    0000006c     car_controller.o (.text.CarController_StartTurnLeft90)
                  00003904    0000006c     car_controller.o (.text.CarController_StartTurnRight90)
                  00003970    0000006c     encoder.o (.text.Encoder_HandleGpioInterrupt)
                  000039dc    0000006c     empty.o (.text.main)
                  00003a48    00000068     mission_manager.o (.text.MissionManager_GetSelectedMissionIndex)
                  00003ab0    00000066     track_sensor.o (.text.TrackSensor_GetErrorFromRaw)
                  00003b16    00000002     --HOLE-- [fill = 0]
                  00003b18    00000062     libclang_rt.builtins.a : aeabi_fcmp.S.obj (.text.__aeabi_fcmp)
                  00003b7a    00000002     --HOLE-- [fill = 0]
                  00003b7c    00000060     menu.o (.text.Menu_GetParamValue)
                  00003bdc    0000005e     oled.o (.text.OLED_PrintBinary7)
                  00003c3a    00000002     --HOLE-- [fill = 0]
                  00003c3c    0000005c     ultrasonic.o (.text.Ultrasonic_Update_20ms)
                  00003c98    0000005a     app.o (.text.App_Init)
                  00003cf2    00000002     --HOLE-- [fill = 0]
                  00003cf4    00000056     libclang_rt.builtins.a : aeabi_idivmod.S.obj (.text.__aeabi_idivmod)
                  00003d4a    00000002     --HOLE-- [fill = 0]
                  00003d4c    00000054     obstacle_safety.o (.text.ObstacleSafety_Update_20ms)
                  00003da0    00000054     track_sensor.o (.text.TrackSensor_ReadRaw)
                  00003df4    00000050     car_controller.o (.text.CarController_SetSafetyHold)
                  00003e44    00000050     motor.o (.text.Motor_PwmTick100us)
                  00003e94    00000050     ultrasonic.o (.text.Ultrasonic_Init)
                  00003ee4    00000048     mission_manager.o (.text.MissionManager_Init)
                  00003f2c    00000044     servo.o (.text.Servo_Tick100us)
                  00003f70    00000044     empty.o (.text.SysTick_Handler)
                  00003fb4    00000040     mission_manager.o (.text.MissionManager_Start)
                  00003ff4    00000040     ti_msp_dl_config.o (.text.SYSCFG_DL_SYSCTL_init)
                  00004034    00000040     libclang_rt.builtins.a : aeabi_uidivmod.S.obj (.text.__aeabi_uidivmod)
                  00004074    0000003e                            : divmoddi4.c.obj (.text.__divmoddi4)
                  000040b2    00000002     --HOLE-- [fill = 0]
                  000040b4    0000003c     servo.o (.text.Servo_SetAngleDeg)
                  000040f0    0000003c     libclang_rt.builtins.a : floatsisf.S.obj (.text.__floatsisf)
                  0000412c    0000003c                            : comparesf2.S.obj (.text.__gtsf2)
                  00004168    0000003c     libc.a : autoinit.c.obj (.text:__TI_auto_init_nobinit_nopinit)
                  000041a4    0000003a     libclang_rt.builtins.a : comparesf2.S.obj (.text.__eqsf2)
                  000041de    00000002     --HOLE-- [fill = 0]
                  000041e0    0000003a                            : muldsi3.S.obj (.text.__muldsi3)
                  0000421a    00000002     --HOLE-- [fill = 0]
                  0000421c    00000038     motor.o (.text.Motor_Init)
                  00004254    00000038     libclang_rt.builtins.a : fixsfsi.S.obj (.text.__fixsfsi)
                  0000428c    00000034     oled.o (.text.OLED_SetCursor)
                  000042c0    00000032     oled.o (.text.OLED_PrintString)
                  000042f2    00000002     --HOLE-- [fill = 0]
                  000042f4    00000030     key.o (.text.Key_Init)
                  00004324    00000030     mission_manager.o (.text.MissionManager_Cancel)
                  00004354    00000030     mission_manager.o (.text.MissionManager_Reset)
                  00004384    00000030     obstacle_scanner.o (.text.ObstacleScanner_Init)
                  000043b4    0000002c     motor.o (.text.Motor_Stop)
                  000043e0    0000002c     ti_msp_dl_config.o (.text.SYSCFG_DL_initPower)
                  0000440c    0000002c     track_sensor.o (.text.TrackSensor_CountBlack)
                  00004438    00000028     servo.o (.text.Servo_Init)
                  00004460    00000028     libc.a : boot_cortex_m.c.obj (.text:_c_int00_noargs)
                  00004488    00000024     encoder.o (.text.Encoder_Reset)
                  000044ac    00000020     car_controller.o (.text.CarController_Stop)
                  000044cc    00000020     mission_manager.o (.text.MissionManager_Pause)
                  000044ec    00000020     mission_manager.o (.text.MissionManager_Resume)
                  0000450c    00000020     mission_manager.o (.text.mission_finish_error)
                  0000452c    0000001e     libclang_rt.builtins.a : ashldi3.S.obj (.text.__ashldi3)
                  0000454a    00000002     --HOLE-- [fill = 0]
                  0000454c    0000001c     imu.o (.text.Imu_IsReady)
                  00004568    0000001c     obstacle_safety.o (.text.ObstacleSafety_Init)
                  00004584    0000001c     obstacle_scanner.o (.text.ObstacleScanner_DirectionToString)
                  000045a0    00000018     car_controller.o (.text.CarController_RunModeToString)
                  000045b8    00000018     heading_control.o (.text.HeadingControl_LockCurrentYaw)
                  000045d0    00000018     heading_control.o (.text.HeadingControl_SetTargetYaw)
                  000045e8    00000018     menu.o (.text.Menu_ParamItemToString)
                  00004600    00000018     motion_action.o (.text.MotionAction_Cancel)
                  00004618    00000016     libc.a : copy_zero_init.c.obj (.text:decompress:ZI:__TI_zero_init_nomemset)
                  0000462e    00000002     --HOLE-- [fill = 0]
                  00004630    00000014     empty.o (.text.GROUP1_IRQHandler)
                  00004644    00000014     heading_control.o (.text.HeadingControl_Enable)
                  00004658    00000014     heading_control.o (.text.HeadingControl_Init)
                  0000466c    00000014     heading_control.o (.text.HeadingControl_Reset)
                  00004680    00000014     menu.o (.text.Menu_Init)
                  00004694    00000014     mission_library.o (.text.MissionLibrary_FindById)
                  000046a8    00000014     mission_library.o (.text.MissionLibrary_GetByIndex)
                  000046bc    00000014     mission_manager.o (.text.MissionManager_GetSelectedMissionId)
                  000046d0    00000014     motion_action.o (.text.MotionAction_Init)
                  000046e4    00000014     obstacle_monitor.o (.text.ObstacleMonitor_Init)
                  000046f8    00000014     libclang_rt.builtins.a : aeabi_ldivmod.S.obj (.text.__aeabi_ldivmod)
                  0000470c    00000012     libc.a : copy_decompress_none.c.obj (.text:decompress:none)
                  0000471e    00000002     --HOLE-- [fill = 0]
                  00004720    00000010     key.o (.text.Key_GetEvent)
                  00004730    00000010     ti_msp_dl_config.o (.text.SYSCFG_DL_init)
                  00004740    0000000c     car_controller.o (.text.CarController_GetRunMode)
                  0000474c    0000000c     car_state.o (.text.CarState_Get)
                  00004758    0000000c     car_state.o (.text.CarState_Init)
                  00004764    0000000c     car_state.o (.text.CarState_Set)
                  00004770    0000000c     imu.o (.text.Imu_GetCorrectedGyroZDps)
                  0000477c    0000000c     imu.o (.text.Imu_GetYaw)
                  00004788    0000000c     imu.o (.text.Imu_ResetYaw)
                  00004794    0000000c     menu.o (.text.Menu_GetPage)
                  000047a0    0000000c     menu.o (.text.Menu_GetParamItem)
                  000047ac    0000000c     mission_manager.o (.text.MissionManager_SetExternalHold)
                  000047b8    0000000c     obstacle_safety.o (.text.ObstacleSafety_IsHolding)
                  000047c4    0000000c     oled_ui.o (.text.OledUi_Init)
                  000047d0    0000000a     driverlib.a : dl_common.o (.text.DL_Common_delayCycles)
                  000047da    0000000a     track_sensor.o (.text.TrackSensor_IsCenterDetected)
                  000047e4    0000000a     track_sensor.o (.text.TrackSensor_IsLineDetected)
                  000047ee    0000000a     track_sensor.o (.text.TrackSensor_IsLineLost)
                  000047f8    00000008     car_controller.o (.text.CarController_GetFeedback)
                  00004800    00000008     heading_control.o (.text.HeadingControl_GetRuntime)
                  00004808    00000008     imu.o (.text.Imu_GetRuntime)
                  00004810    00000008     mission_manager.o (.text.MissionManager_GetMissionCount)
                  00004818    00000008     mission_manager.o (.text.MissionManager_GetRuntime)
                  00004820    00000008     motion_action.o (.text.MotionAction_GetRuntime)
                  00004828    00000008     obstacle_monitor.o (.text.ObstacleMonitor_GetFeedback)
                  00004830    00000008     obstacle_scanner.o (.text.ObstacleScanner_GetFeedback)
                  00004838    00000008     servo.o (.text.Servo_GetFeedback)
                  00004840    00000008     ultrasonic.o (.text.Ultrasonic_GetFeedback)
                  00004848    00000008     libclang_rt.builtins.a : aeabi_memcpy.S.obj (.text.__aeabi_memcpy)
                  00004850    00000006     libc.a : exit.c.obj (.text:abort)
                  00004856    00000004     libsysbm.a : hostexit.c.obj (.text.HOSTexit)
                  0000485a    00000004     mission_library.o (.text.MissionLibrary_GetCount)
                  0000485e    00000004     startup_mspm0g350x_ticlang.o (.text.Reset_Handler)
                  00004862    00000004     libc.a : pre_init.c.obj (.text._system_pre_init)
                  00004866    00000002     --HOLE-- [fill = 0]

.cinit     0    00005070    00000030     
                  00005070    0000000c     (__TI_handler_table)
                  0000507c    00000008     (.cinit..bss.load) [load image, compression = zero_init]
                  00005084    00000005     (.cinit..data.load) [load image, compression = lzss]
                  00005089    00000003     --HOLE-- [fill = 0]
                  0000508c    00000010     (__TI_cinit_table)
                  0000509c    00000004     --HOLE-- [fill = 0]

.rodata    0    00004868    00000808     
                  00004868    000000d8     oled.o (.rodata..Lswitch.table.OLED_PrintChar)
                  00004940    000000a8     mission_library.o (.rodata.g_missionMapA)
                  000049e8    000000a8     mission_library.o (.rodata.g_missionMapB)
                  00004a90    00000090     mission_library.o (.rodata.g_missionRegistry)
                  00004b20    00000078     mission_library.o (.rodata.g_missionMapC)
                  00004b98    00000078     mission_library.o (.rodata.g_missionTestRight90Turn)
                  00004c10    00000078     mission_library.o (.rodata.g_missionTestSeekFollow)
                  00004c88    00000048     mission_library.o (.rodata.g_missionLegacy)
                  00004cd0    00000048     mission_library.o (.rodata.g_missionTestRight90Stop)
                  00004d18    00000048     mission_library.o (.rodata.g_missionTestSeekThenFollow)
                  00004d60    00000034     mission_library.o (.rodata..Lswitch.table.MissionLibrary_FindById)
                  00004d94    00000030     mission_library.o (.rodata.g_missionTestSeekThenStop)
                  00004dc4    00000020     menu.o (.rodata..Lswitch.table.Menu_ParamItemToString)
                  00004de4    00000018     oled_ui.o (.rodata..Lswitch.table.OledUi_Update_20ms.50)
                  00004dfc    00000018     oled_ui.o (.rodata..Lswitch.table.OledUi_Update_20ms)
                  00004e14    00000014     car_controller.o (.rodata..Lswitch.table.CarController_RunModeToString)
                  00004e28    00000010     obstacle_scanner.o (.rodata..Lswitch.table.ObstacleScanner_DirectionToString)
                  00004e38    0000000b     mission_library.o (.rodata.str1.1440970855772709381.1)
                  00004e43    0000000a     mission_library.o (.rodata.str1.11682660667400632204.1)
                  00004e4d    0000000a     mission_library.o (.rodata.str1.15604890807705439409.1)
                  00004e57    00000009     mission_library.o (.rodata.str1.15668266851434757964.1)
                  00004e60    00000009     oled_ui.o (.rodata.str1.18266126048138325213.1)
                  00004e69    00000008     mission_library.o (.rodata.str1.13636476544574750902.1)
                  00004e71    00000007     mission_library.o (.rodata.str1.199678142196697465.1)
                  00004e78    00000007     oled_ui.o (.rodata.str1.9544068167406571052.1)
                  00004e7f    00000006     oled_ui.o (.rodata.str1.1445687256832830955.1)
                  00004e85    00000006     oled_ui.o (.rodata.str1.15008238333949226094.1)
                  00004e8b    00000006     oled_ui.o (.rodata.str1.15817398807211891688.1)
                  00004e91    00000006     mission_library.o (.rodata.str1.1642528554392422750.1)
                  00004e97    00000006     oled_ui.o (.rodata.str1.17540787658903907660.1)
                  00004e9d    00000006     oled_ui.o (.rodata.str1.17884296644359297425.1)
                  00004ea3    00000006     mission_library.o (.rodata.str1.4251661066630729623.1)
                  00004ea9    00000006     mission_library.o (.rodata.str1.4392264057376583881.1)
                  00004eaf    00000006     oled_ui.o (.rodata.str1.4610220316623841660.1)
                  00004eb5    00000006     oled_ui.o (.rodata.str1.5965450730569173784.1)
                  00004ebb    00000006     oled_ui.o (.rodata.str1.8460525935980491721.1)
                  00004ec1    00000005     oled.o (.rodata.oled_get_glyph.colon)
                  00004ec6    00000005     oled.o (.rodata.oled_get_glyph.eight)
                  00004ecb    00000005     oled.o (.rodata.oled_get_glyph.five)
                  00004ed0    00000005     oled.o (.rodata.oled_get_glyph.four)
                  00004ed5    00000005     oled.o (.rodata.oled_get_glyph.glyphA)
                  00004eda    00000005     oled.o (.rodata.oled_get_glyph.glyphB)
                  00004edf    00000005     oled.o (.rodata.oled_get_glyph.glyphC)
                  00004ee4    00000005     oled.o (.rodata.oled_get_glyph.glyphD)
                  00004ee9    00000005     oled.o (.rodata.oled_get_glyph.glyphE)
                  00004eee    00000005     oled.o (.rodata.oled_get_glyph.glyphG)
                  00004ef3    00000005     oled.o (.rodata.oled_get_glyph.glyphH)
                  00004ef8    00000005     oled.o (.rodata.oled_get_glyph.glyphI)
                  00004efd    00000005     oled.o (.rodata.oled_get_glyph.glyphK)
                  00004f02    00000005     oled.o (.rodata.oled_get_glyph.glyphL)
                  00004f07    00000005     oled.o (.rodata.oled_get_glyph.glyphM)
                  00004f0c    00000005     oled.o (.rodata.oled_get_glyph.glyphN)
                  00004f11    00000005     oled.o (.rodata.oled_get_glyph.glyphO)
                  00004f16    00000005     oled.o (.rodata.oled_get_glyph.glyphP)
                  00004f1b    00000005     oled.o (.rodata.oled_get_glyph.glyphR)
                  00004f20    00000005     oled.o (.rodata.oled_get_glyph.glyphS)
                  00004f25    00000005     oled.o (.rodata.oled_get_glyph.glyphT)
                  00004f2a    00000005     oled.o (.rodata.oled_get_glyph.glyphU)
                  00004f2f    00000005     oled.o (.rodata.oled_get_glyph.glyphV)
                  00004f34    00000005     oled.o (.rodata.oled_get_glyph.glyphW)
                  00004f39    00000005     oled.o (.rodata.oled_get_glyph.glyphX)
                  00004f3e    00000005     oled.o (.rodata.oled_get_glyph.glyphY)
                  00004f43    00000005     oled.o (.rodata.oled_get_glyph.glyphb)
                  00004f48    00000005     oled.o (.rodata.oled_get_glyph.gt)
                  00004f4d    00000005     oled.o (.rodata.oled_get_glyph.minus)
                  00004f52    00000005     oled.o (.rodata.oled_get_glyph.nine)
                  00004f57    00000005     oled.o (.rodata.oled_get_glyph.one)
                  00004f5c    00000005     oled.o (.rodata.oled_get_glyph.seven)
                  00004f61    00000005     oled.o (.rodata.oled_get_glyph.six)
                  00004f66    00000005     oled.o (.rodata.oled_get_glyph.space)
                  00004f6b    00000005     oled.o (.rodata.oled_get_glyph.three)
                  00004f70    00000005     oled.o (.rodata.oled_get_glyph.two)
                  00004f75    00000005     oled.o (.rodata.oled_get_glyph.zero)
                  00004f7a    00000005     oled_ui.o (.rodata.str1.1108652269057166745.1)
                  00004f7f    00000005     oled_ui.o (.rodata.str1.12983537867572525563.1)
                  00004f84    00000005     oled_ui.o (.rodata.str1.13567883086814673087.1)
                  00004f89    00000005     oled_ui.o (.rodata.str1.13790669171379415506.1)
                  00004f8e    00000005     oled_ui.o (.rodata.str1.13882251010780863896.1)
                  00004f93    00000005     oled_ui.o (.rodata.str1.14134189893851348960.1)
                  00004f98    00000005     oled_ui.o (.rodata.str1.14358698208395374265.1)
                  00004f9d    00000005     oled_ui.o (.rodata.str1.15577080202403550426.1)
                  00004fa2    00000005     oled_ui.o (.rodata.str1.15859922799842739878.1)
                  00004fa7    00000005     oled_ui.o (.rodata.str1.15917848551323629232.1)
                  00004fac    00000005     oled_ui.o (.rodata.str1.16411631209783952401.1)
                  00004fb1    00000005     oled_ui.o (.rodata.str1.17274519358952562110.1)
                  00004fb6    00000005     car_controller.o (.rodata.str1.18191498530309206443.1)
                  00004fbb    00000005     car_controller.o (.rodata.str1.4164979912472006574.1)
                  00004fc0    00000005     oled_ui.o (.rodata.str1.4402311448527872260.1)
                  00004fc5    00000005     oled_ui.o (.rodata.str1.4581472623415959594.1)
                  00004fca    00000005     menu.o (.rodata.str1.4862307748908978627.1)
                  00004fcf    00000005     oled_ui.o (.rodata.str1.7219546930854689545.1)
                  00004fd4    00000005     oled_ui.o (.rodata.str1.8426569189266129334.1)
                  00004fd9    00000005     car_controller.o (.rodata.str1.9981487771679760427.1)
                  00004fde    00000004     oled_ui.o (.rodata.str1.1019225241002246410.1)
                  00004fe2    00000004     oled_ui.o (.rodata.str1.10416366799939242409.1)
                  00004fe6    00000004     menu.o (.rodata.str1.12110183915172842339.1)
                  00004fea    00000004     car_controller.o (.rodata.str1.12442237994239546032.1)
                  00004fee    00000004     oled_ui.o (.rodata.str1.130772507669342127.1)
                  00004ff2    00000004     menu.o (.rodata.str1.13124720451672825294.1)
                  00004ff6    00000004     oled_ui.o (.rodata.str1.13244290092665904221.1)
                  00004ffa    00000004     menu.o (.rodata.str1.14098755746347272832.1)
                  00004ffe    00000004     oled_ui.o (.rodata.str1.16526439943277383452.1)
                  00005002    00000004     menu.o (.rodata.str1.17041139162815566052.1)
                  00005006    00000004     car_controller.o (.rodata.str1.17172356789460551389.1)
                  0000500a    00000004     oled_ui.o (.rodata.str1.18379317056176403938.1)
                  0000500e    00000004     oled_ui.o (.rodata.str1.2308938766145545715.1)
                  00005012    00000004     oled_ui.o (.rodata.str1.270145429241168923.1)
                  00005016    00000004     oled_ui.o (.rodata.str1.3025253791635144717.1)
                  0000501a    00000004     oled_ui.o (.rodata.str1.3407221357956504873.1)
                  0000501e    00000004     oled_ui.o (.rodata.str1.3455423528827705371.1)
                  00005022    00000004     oled_ui.o (.rodata.str1.3702290527496711532.1)
                  00005026    00000004     oled_ui.o (.rodata.str1.4581686099848791648.1)
                  0000502a    00000004     oled_ui.o (.rodata.str1.5853739094453432564.1)
                  0000502e    00000004     oled_ui.o (.rodata.str1.8236579331345056500.1)
                  00005032    00000004     oled_ui.o (.rodata.str1.8783421139296713095.1)
                  00005036    00000004     oled_ui.o (.rodata.str1.9159586779647977165.1)
                  0000503a    00000004     car_controller.o (.rodata.str1.9234375891235759983.1)
                  0000503e    00000004     menu.o (.rodata.str1.9546740394641817443.1)
                  00005042    00000004     oled_ui.o (.rodata.str1.967006512144173535.1)
                  00005046    00000003     oled_ui.o (.rodata.str1.11232419324784801130.1)
                  00005049    00000003     oled_ui.o (.rodata.str1.14556837007311414654.1)
                  0000504c    00000003     menu.o (.rodata.str1.16312125044762562515.1)
                  0000504f    00000003     oled_ui.o (.rodata.str1.16849766574302683489.1)
                  00005052    00000003     oled_ui.o (.rodata.str1.16931641404301806744.1)
                  00005055    00000003     oled_ui.o (.rodata.str1.17812014771544466701.1)
                  00005058    00000003     menu.o (.rodata.str1.4646809750356241979.1)
                  0000505b    00000003     menu.o (.rodata.str1.6857549598058878762.1)
                  0000505e    00000003     oled_ui.o (.rodata.str1.9854382722193312766.1)
                  00005061    00000002     obstacle_scanner.o (.rodata.str1.11939683097049013124.1)
                  00005063    00000002     obstacle_scanner.o (.rodata.str1.14577498031971741607.1)
                  00005065    00000002     obstacle_scanner.o (.rodata.str1.5067209812142241413.1)
                  00005067    00000002     obstacle_scanner.o (.rodata.str1.8397422230016258530.1)
                  00005069    00000002     obstacle_scanner.o (.rodata.str1.972179551522492159.1)
                  0000506b    00000005     --HOLE-- [fill = 0]

.init_array 
*          0    00000000    00000000     UNINITIALIZED

.binit     0    00000000    00000000     

.bss       0    20200000    00000161     UNINITIALIZED
                  20200000    00000050     (.common:g_appConfig)
                  20200050    00000028     (.common:g_appRuntime)
                  20200078    00000028     (.common:g_imuRuntime)
                  202000a0    00000020     mission_manager.o (.bss.g_missionRuntime)
                  202000c0    00000014     (.common:g_headingRuntime)
                  202000d4    00000010     motion_action.o (.bss.g_motionActionRuntime)
                  202000e4    00000010     obstacle_scanner.o (.bss.g_obstacleScanFeedback)
                  202000f4    0000000e     car_controller.o (.bss.g_carControllerFeedback)
                  20200102    00000002     ultrasonic.o (.bss.g_echoTicks)
                  20200104    0000000e     ultrasonic.o (.bss.g_ultrasonicFeedback)
                  20200112    00000008     obstacle_monitor.o (.bss.g_obstacleFeedback)
                  2020011a    00000006     ultrasonic.o (.bss.g_distanceSamples)
                  20200120    00000006     key.o (.bss.g_key1)
                  20200126    00000006     key.o (.bss.g_key2)
                  2020012c    00000006     key.o (.bss.g_key3)
                  20200132    00000002     obstacle_scanner.o (.bss.g_scanWaitTicks)
                  20200134    00000004     encoder.o (.bss.g_motorAPulses)
                  20200138    00000004     encoder.o (.bss.g_motorBPulses)
                  2020013c    00000004     servo.o (.bss.g_servoFeedback)
                  20200140    00000002     servo.o (.bss.g_servoPwmPhase)
                  20200142    00000002     ultrasonic.o (.bss.g_stateTicks)
                  20200144    00000002     (.common:g_trackError)
                  20200146    00000001     oled_ui.o (.bss.OledUi_Update_20ms.refreshDivider)
                  20200147    00000001     empty.o (.bss.SysTick_Handler.controlMsCount)
                  20200148    00000001     empty.o (.bss.SysTick_Handler.tick100usCount)
                  20200149    00000001     ultrasonic.o (.bss.Ultrasonic_Update_20ms.triggerDivider)
                  2020014a    00000001     empty.o (.bss.g_appUpdateDue)
                  2020014b    00000001     car_state.o (.bss.g_carState)
                  2020014c    00000001     ultrasonic.o (.bss.g_distanceSampleCount)
                  2020014d    00000001     ultrasonic.o (.bss.g_distanceSampleIndex)
                  2020014e    00000001     motor.o (.bss.g_motorADutyLevel)
                  2020014f    00000001     motor.o (.bss.g_motorBDutyLevel)
                  20200150    00000001     obstacle_safety.o (.bss.g_obstacleSafetyHolding)
                  20200151    00000001     oled.o (.bss.g_oledColumn)
                  20200152    00000001     menu.o (.bss.g_oledPage)
                  20200153    00000001     menu.o (.bss.g_paramItem)
                  20200154    00000001     key.o (.bss.g_pendingEvent)
                  20200155    00000001     motor.o (.bss.g_pwmPhase)
                  20200156    00000001     car_controller.o (.bss.g_safetyHold)
                  20200157    00000001     ultrasonic.o (.bss.g_triggerRequest)
                  20200158    00000001     ultrasonic.o (.bss.g_ultrasonicState)
                  20200159    00000001     (.common:g_carStateDebug)
                  2020015a    00000001     (.common:g_keyEvent)
                  2020015b    00000001     (.common:g_oledPageDebug)
                  2020015c    00000001     (.common:g_paramItemDebug)
                  2020015d    00000001     (.common:g_trackBlackCount)
                  2020015e    00000001     (.common:g_trackModeDebug)
                  2020015f    00000001     (.common:g_trackRaw)
                  20200160    00000001     (.common:g_trackTurnDebug)

.data      0    20200161    00000001     UNINITIALIZED
                  20200161    00000001     car_controller.o (.data.g_followTurnPolicy)

.stack     0    20207e00    00000200     UNINITIALIZED
                  20207e00    00000004     libc.a : boot_cortex_m.c.obj (.stack)
                  20207e04    000001fc     --HOLE--

__llvm_prf_cnts 
*          0    20200000    00000000     UNINITIALIZED

__llvm_prf_bits 
*          0    20200000    00000000     UNINITIALIZED

MODULE SUMMARY

       Module                         code    ro data   rw data
       ------                         ----    -------   -------
    .\
       imu.o                          3304    0         40     
       oled.o                         2088    401       1      
       car_controller.o               2296    47        56     
       oled_ui.o                      1396    282       1      
       mission_library.o              172     1229      0      
       mission_manager.o              1184    0         32     
       app_config.o                   704     0         80     
       menu.o                         708     66        2      
       ultrasonic.o                   596     0         29     
       motion_action.o                568     0         16     
       obstacle_scanner.o             476     26        18     
       heading_control.o              468     0         20     
       key.o                          436     0         19     
       track_sensor.o                 372     0         0      
       motor.o                        356     0         3      
       app.o                          302     0         10     
       ti_msp_dl_config.o             300     0         0      
       empty.o                        196     0         3      
       startup_mspm0g350x_ticlang.o   6       192       0      
       servo.o                        176     0         6      
       obstacle_monitor.o             156     0         8      
       encoder.o                      144     0         8      
       obstacle_safety.o              124     0         1      
       car_state.o                    36      0         1      
    +--+------------------------------+-------+---------+---------+
       Total:                         16564   2243      354    
                                                               
    C:/TI/mspm0_sdk_2_05_01_00/source/ti/driverlib/lib/ticlang/m0p/mspm0g1x0x_g3x0x/driverlib.a
       dl_common.o                    10      0         0      
    +--+------------------------------+-------+---------+---------+
       Total:                         10      0         0      
                                                               
    D:\TI\CCS\ccs\tools\compiler\ti-cgt-armllvm_4.0.4.LTS\lib\armv6m-ti-none-eabi/c/libc.a
       memcpy16.S.obj                 154     0         0      
       copy_decompress_lzss.c.obj     124     0         0      
       autoinit.c.obj                 60      0         0      
       boot_cortex_m.c.obj            40      0         0      
       copy_zero_init.c.obj           22      0         0      
       copy_decompress_none.c.obj     18      0         0      
       exit.c.obj                     6       0         0      
       pre_init.c.obj                 4       0         0      
    +--+------------------------------+-------+---------+---------+
       Total:                         428     0         0      
                                                               
    D:\TI\CCS\ccs\tools\compiler\ti-cgt-armllvm_4.0.4.LTS\lib\armv6m-ti-none-eabi/c/libsysbm.a
       hostexit.c.obj                 4       0         0      
    +--+------------------------------+-------+---------+---------+
       Total:                         4       0         0      
                                                               
    D:\TI\CCS\ccs\tools\compiler\ti-cgt-armllvm_4.0.4.LTS\lib\armv6m-ti-none-eabi/libclang_rt.builtins.a
       addsf3.S.obj                   216     0         0      
       udivmoddi4.S.obj               162     0         0      
       mulsf3.S.obj                   140     0         0      
       divsf3.S.obj                   130     0         0      
       comparesf2.S.obj               118     0         0      
       aeabi_fcmp.S.obj               98      0         0      
       aeabi_idivmod.S.obj            86      0         0      
       aeabi_uidivmod.S.obj           64      0         0      
       divmoddi4.c.obj                62      0         0      
       floatsisf.S.obj                60      0         0      
       muldsi3.S.obj                  58      0         0      
       fixsfsi.S.obj                  56      0         0      
       ashldi3.S.obj                  30      0         0      
       aeabi_ldivmod.S.obj            20      0         0      
       aeabi_memcpy.S.obj             8       0         0      
       aeabi_div0.c.obj               4       0         0      
    +--+------------------------------+-------+---------+---------+
       Total:                         1312    0         0      
                                                               
       Stack:                         0       0         512    
       Linker Generated:              0       41        0      
    +--+------------------------------+-------+---------+---------+
       Grand Total:                   18318   2284      866    


LINKER GENERATED COPY TABLES

__TI_cinit_table @ 0000508c records: 2, size/record: 8, table size: 16
	.bss: load addr=0000507c, load size=00000008 bytes, run addr=20200000, run size=00000161 bytes, compression=zero_init
	.data: load addr=00005084, load size=00000005 bytes, run addr=20200161, run size=00000001 bytes, compression=lzss


LINKER GENERATED HANDLER TABLE

__TI_handler_table @ 00005070 records: 3, size/record: 4, table size: 12
	index: 0, handler: __TI_decompress_lzss
	index: 1, handler: __TI_decompress_none
	index: 2, handler: __TI_zero_init


GLOBAL SYMBOLS: SORTED ALPHABETICALLY BY Name 

address   name                                  
-------   ----                                  
00003163  ADC0_IRQHandler                       
00003163  ADC1_IRQHandler                       
00003163  AES_IRQHandler                        
00003165  AppConfig_InitDefault                 
000012ed  AppConfig_LimitAll                    
00003c99  App_Init                              
00002ce9  App_Update_20ms                       
00004856  C$$EXIT                               
00003163  CANFD0_IRQHandler                     
000047f9  CarController_GetFeedback             
00004741  CarController_GetRunMode              
00003741  CarController_Init                    
000037b5  CarController_ResetRuntime            
000045a1  CarController_RunModeToString         
00003df5  CarController_SetSafetyHold           
00003651  CarController_StartFollowLine         
00003335  CarController_StartSeekLine           
00003899  CarController_StartTurnLeft90         
00003905  CarController_StartTurnRight90        
000044ad  CarController_Stop                    
00000629  CarController_Update_20ms             
0000474d  CarState_Get                          
00004759  CarState_Init                         
00004765  CarState_Set                          
00003163  DAC0_IRQHandler                       
000047d1  DL_Common_delayCycles                 
00003163  DMA_IRQHandler                        
00003163  Default_Handler                       
00003971  Encoder_HandleGpioInterrupt           
00004489  Encoder_Reset                         
00003163  GROUP0_IRQHandler                     
00004631  GROUP1_IRQHandler                     
00004857  HOSTexit                              
00003163  HardFault_Handler                     
00004645  HeadingControl_Enable                 
00004801  HeadingControl_GetRuntime             
00004659  HeadingControl_Init                   
000045b9  HeadingControl_LockCurrentYaw         
0000466d  HeadingControl_Reset                  
000045d1  HeadingControl_SetTargetYaw           
00002165  HeadingControl_Update                 
00003163  I2C0_IRQHandler                       
00003163  I2C1_IRQHandler                       
00001731  Imu_CalibrateGyroBias                 
00004771  Imu_GetCorrectedGyroZDps              
00004809  Imu_GetRuntime                        
0000477d  Imu_GetYaw                            
00000dc1  Imu_Init                              
0000454d  Imu_IsReady                           
00004789  Imu_ResetYaw                          
00002401  Imu_Update                            
00004721  Key_GetEvent                          
000042f5  Key_Init                              
00001ff1  Key_Update_20ms                       
00004795  Menu_GetPage                          
000047a1  Menu_GetParamItem                     
00003b7d  Menu_GetParamValue                    
00001511  Menu_HandleKeyEvent                   
00004681  Menu_Init                             
000045e9  Menu_ParamItemToString                
00004695  MissionLibrary_FindById               
000046a9  MissionLibrary_GetByIndex             
0000485b  MissionLibrary_GetCount               
000034d3  MissionLibrary_Validate               
00004325  MissionManager_Cancel                 
00004811  MissionManager_GetMissionCount        
00004819  MissionManager_GetRuntime             
000046bd  MissionManager_GetSelectedMissionId   
00003a49  MissionManager_GetSelectedMissionIndex
00003ee5  MissionManager_Init                   
000044cd  MissionManager_Pause                  
00004355  MissionManager_Reset                  
000044ed  MissionManager_Resume                 
00002875  MissionManager_SelectNext             
00002b39  MissionManager_SelectPrevious         
000047ad  MissionManager_SetExternalHold        
00003fb5  MissionManager_Start                  
0000277d  MissionManager_Update_20ms            
00004601  MotionAction_Cancel                   
00004821  MotionAction_GetRuntime               
000046d1  MotionAction_Init                     
00002a51  MotionAction_Start                    
00002661  MotionAction_Update_20ms              
0000421d  Motor_Init                            
00003e45  Motor_PwmTick100us                    
00002f61  Motor_SetSpeed                        
000043b5  Motor_Stop                            
00003163  NMI_Handler                           
00001099  OLED_Clear                            
00002dbd  OLED_Init                             
00003bdd  OLED_PrintBinary7                     
00002e91  OLED_PrintChar                        
000022c5  OLED_PrintInt16                       
000042c1  OLED_PrintString                      
0000428d  OLED_SetCursor                        
00004829  ObstacleMonitor_GetFeedback           
000046e5  ObstacleMonitor_Init                  
00003555  ObstacleMonitor_Update_20ms           
00004569  ObstacleSafety_Init                   
000047b9  ObstacleSafety_IsHolding              
00003d4d  ObstacleSafety_Update_20ms            
00004585  ObstacleScanner_DirectionToString     
00004831  ObstacleScanner_GetFeedback           
00004385  ObstacleScanner_Init                  
00001e69  ObstacleScanner_Update_20ms           
000047c5  OledUi_Init                           
000000c1  OledUi_Update_20ms                    
00003163  PendSV_Handler                        
00003163  RTC_IRQHandler                        
0000485f  Reset_Handler                         
00003163  SPI0_IRQHandler                       
00003163  SPI1_IRQHandler                       
00003163  SVC_Handler                           
00003011  SYSCFG_DL_GPIO_init                   
00003ff5  SYSCFG_DL_SYSCTL_init                 
00004731  SYSCFG_DL_init                        
000043e1  SYSCFG_DL_initPower                   
00004839  Servo_GetFeedback                     
00004439  Servo_Init                            
000040b5  Servo_SetAngleDeg                     
00003f2d  Servo_Tick100us                       
00003f71  SysTick_Handler                       
00003163  TIMA0_IRQHandler                      
00003163  TIMA1_IRQHandler                      
00003163  TIMG0_IRQHandler                      
00003163  TIMG12_IRQHandler                     
00003163  TIMG6_IRQHandler                      
00003163  TIMG7_IRQHandler                      
00003163  TIMG8_IRQHandler                      
0000440d  TrackSensor_CountBlack                
00003829  TrackSensor_DetectTurn                
00003ab1  TrackSensor_GetErrorFromRaw           
0000329b  TrackSensor_Init                      
000047db  TrackSensor_IsCenterDetected          
000047e5  TrackSensor_IsLineDetected            
000047ef  TrackSensor_IsLineLost                
00003da1  TrackSensor_ReadRaw                   
00003163  UART0_IRQHandler                      
00003163  UART1_IRQHandler                      
00003163  UART2_IRQHandler                      
00003163  UART3_IRQHandler                      
00004841  Ultrasonic_GetFeedback                
00003e95  Ultrasonic_Init                       
00001cc9  Ultrasonic_Tick100us                  
00003c3d  Ultrasonic_Update_20ms                
20208000  __STACK_END                           
00000200  __STACK_SIZE                          
00000000  __TI_ATRegion0_region_sz              
00000000  __TI_ATRegion0_src_addr               
00000000  __TI_ATRegion0_trg_addr               
00000000  __TI_ATRegion1_region_sz              
00000000  __TI_ATRegion1_src_addr               
00000000  __TI_ATRegion1_trg_addr               
00000000  __TI_ATRegion2_region_sz              
00000000  __TI_ATRegion2_src_addr               
00000000  __TI_ATRegion2_trg_addr               
0000508c  __TI_CINIT_Base                       
0000509c  __TI_CINIT_Limit                      
0000509c  __TI_CINIT_Warm                       
00005070  __TI_Handler_Table_Base               
0000507c  __TI_Handler_Table_Limit              
00004169  __TI_auto_init_nobinit_nopinit        
000035d5  __TI_decompress_lzss                  
0000470d  __TI_decompress_none                  
ffffffff  __TI_pprof_out_hndl                   
ffffffff  __TI_prof_data_size                   
ffffffff  __TI_prof_data_start                  
00000000  __TI_static_base__                    
00004619  __TI_zero_init_nomemset               
00002c1b  __addsf3                              
00004255  __aeabi_f2iz                          
00002c1b  __aeabi_fadd                          
00003b19  __aeabi_fcmpeq                        
00003b55  __aeabi_fcmpge                        
00003b69  __aeabi_fcmpgt                        
00003b41  __aeabi_fcmple                        
00003b2d  __aeabi_fcmplt                        
00003451  __aeabi_fdiv                          
000033c5  __aeabi_fmul                          
00002c11  __aeabi_fsub                          
000040f1  __aeabi_i2f                           
00003cf5  __aeabi_idiv                          
00003553  __aeabi_idiv0                         
00003cf5  __aeabi_idivmod                       
00003897  __aeabi_ldiv0                         
000046f9  __aeabi_ldivmod                       
0000452d  __aeabi_llsl                          
00004849  __aeabi_memcpy                        
00004849  __aeabi_memcpy4                       
00004849  __aeabi_memcpy8                       
00004035  __aeabi_uidiv                         
00004035  __aeabi_uidivmod                      
0000452d  __ashldi3                             
ffffffff  __binit__                             
000041a5  __cmpsf2                              
00004075  __divmoddi4                           
00003451  __divsf3                              
000041a5  __eqsf2                               
00004255  __fixsfsi                             
000040f1  __floatsisf                           
0000412d  __gesf2                               
0000412d  __gtsf2                               
000041a5  __lesf2                               
000041a5  __ltsf2                               
UNDEFED   __mpu_init                            
000041e1  __muldsi3                             
000033c5  __mulsf3                              
000041a5  __nesf2                               
20207e00  __stack                               
20200000  __start___llvm_prf_bits               
20200000  __start___llvm_prf_cnts               
20200000  __stop___llvm_prf_bits                
20200000  __stop___llvm_prf_cnts                
00002c11  __subsf3                              
000030c1  __udivmoddi4                          
00004461  _c_int00_noargs                       
UNDEFED   _system_post_cinit                    
00004863  _system_pre_init                      
00004851  abort                                 
ffffffff  binit                                 
20200000  g_appConfig                           
20200050  g_appRuntime                          
20200159  g_carStateDebug                       
202000c0  g_headingRuntime                      
20200078  g_imuRuntime                          
2020015a  g_keyEvent                            
2020015b  g_oledPageDebug                       
2020015c  g_paramItemDebug                      
2020015d  g_trackBlackCount                     
20200144  g_trackError                          
2020015e  g_trackModeDebug                      
2020015f  g_trackRaw                            
20200160  g_trackTurnDebug                      
00000000  interruptVectors                      
000039dd  main                                  
00003201  memcpy                                


GLOBAL SYMBOLS: SORTED BY Symbol Address 

address   name                                  
-------   ----                                  
00000000  __TI_ATRegion0_region_sz              
00000000  __TI_ATRegion0_src_addr               
00000000  __TI_ATRegion0_trg_addr               
00000000  __TI_ATRegion1_region_sz              
00000000  __TI_ATRegion1_src_addr               
00000000  __TI_ATRegion1_trg_addr               
00000000  __TI_ATRegion2_region_sz              
00000000  __TI_ATRegion2_src_addr               
00000000  __TI_ATRegion2_trg_addr               
00000000  __TI_static_base__                    
00000000  interruptVectors                      
000000c1  OledUi_Update_20ms                    
00000200  __STACK_SIZE                          
00000629  CarController_Update_20ms             
00000dc1  Imu_Init                              
00001099  OLED_Clear                            
000012ed  AppConfig_LimitAll                    
00001511  Menu_HandleKeyEvent                   
00001731  Imu_CalibrateGyroBias                 
00001cc9  Ultrasonic_Tick100us                  
00001e69  ObstacleScanner_Update_20ms           
00001ff1  Key_Update_20ms                       
00002165  HeadingControl_Update                 
000022c5  OLED_PrintInt16                       
00002401  Imu_Update                            
00002661  MotionAction_Update_20ms              
0000277d  MissionManager_Update_20ms            
00002875  MissionManager_SelectNext             
00002a51  MotionAction_Start                    
00002b39  MissionManager_SelectPrevious         
00002c11  __aeabi_fsub                          
00002c11  __subsf3                              
00002c1b  __addsf3                              
00002c1b  __aeabi_fadd                          
00002ce9  App_Update_20ms                       
00002dbd  OLED_Init                             
00002e91  OLED_PrintChar                        
00002f61  Motor_SetSpeed                        
00003011  SYSCFG_DL_GPIO_init                   
000030c1  __udivmoddi4                          
00003163  ADC0_IRQHandler                       
00003163  ADC1_IRQHandler                       
00003163  AES_IRQHandler                        
00003163  CANFD0_IRQHandler                     
00003163  DAC0_IRQHandler                       
00003163  DMA_IRQHandler                        
00003163  Default_Handler                       
00003163  GROUP0_IRQHandler                     
00003163  HardFault_Handler                     
00003163  I2C0_IRQHandler                       
00003163  I2C1_IRQHandler                       
00003163  NMI_Handler                           
00003163  PendSV_Handler                        
00003163  RTC_IRQHandler                        
00003163  SPI0_IRQHandler                       
00003163  SPI1_IRQHandler                       
00003163  SVC_Handler                           
00003163  TIMA0_IRQHandler                      
00003163  TIMA1_IRQHandler                      
00003163  TIMG0_IRQHandler                      
00003163  TIMG12_IRQHandler                     
00003163  TIMG6_IRQHandler                      
00003163  TIMG7_IRQHandler                      
00003163  TIMG8_IRQHandler                      
00003163  UART0_IRQHandler                      
00003163  UART1_IRQHandler                      
00003163  UART2_IRQHandler                      
00003163  UART3_IRQHandler                      
00003165  AppConfig_InitDefault                 
00003201  memcpy                                
0000329b  TrackSensor_Init                      
00003335  CarController_StartSeekLine           
000033c5  __aeabi_fmul                          
000033c5  __mulsf3                              
00003451  __aeabi_fdiv                          
00003451  __divsf3                              
000034d3  MissionLibrary_Validate               
00003553  __aeabi_idiv0                         
00003555  ObstacleMonitor_Update_20ms           
000035d5  __TI_decompress_lzss                  
00003651  CarController_StartFollowLine         
00003741  CarController_Init                    
000037b5  CarController_ResetRuntime            
00003829  TrackSensor_DetectTurn                
00003897  __aeabi_ldiv0                         
00003899  CarController_StartTurnLeft90         
00003905  CarController_StartTurnRight90        
00003971  Encoder_HandleGpioInterrupt           
000039dd  main                                  
00003a49  MissionManager_GetSelectedMissionIndex
00003ab1  TrackSensor_GetErrorFromRaw           
00003b19  __aeabi_fcmpeq                        
00003b2d  __aeabi_fcmplt                        
00003b41  __aeabi_fcmple                        
00003b55  __aeabi_fcmpge                        
00003b69  __aeabi_fcmpgt                        
00003b7d  Menu_GetParamValue                    
00003bdd  OLED_PrintBinary7                     
00003c3d  Ultrasonic_Update_20ms                
00003c99  App_Init                              
00003cf5  __aeabi_idiv                          
00003cf5  __aeabi_idivmod                       
00003d4d  ObstacleSafety_Update_20ms            
00003da1  TrackSensor_ReadRaw                   
00003df5  CarController_SetSafetyHold           
00003e45  Motor_PwmTick100us                    
00003e95  Ultrasonic_Init                       
00003ee5  MissionManager_Init                   
00003f2d  Servo_Tick100us                       
00003f71  SysTick_Handler                       
00003fb5  MissionManager_Start                  
00003ff5  SYSCFG_DL_SYSCTL_init                 
00004035  __aeabi_uidiv                         
00004035  __aeabi_uidivmod                      
00004075  __divmoddi4                           
000040b5  Servo_SetAngleDeg                     
000040f1  __aeabi_i2f                           
000040f1  __floatsisf                           
0000412d  __gesf2                               
0000412d  __gtsf2                               
00004169  __TI_auto_init_nobinit_nopinit        
000041a5  __cmpsf2                              
000041a5  __eqsf2                               
000041a5  __lesf2                               
000041a5  __ltsf2                               
000041a5  __nesf2                               
000041e1  __muldsi3                             
0000421d  Motor_Init                            
00004255  __aeabi_f2iz                          
00004255  __fixsfsi                             
0000428d  OLED_SetCursor                        
000042c1  OLED_PrintString                      
000042f5  Key_Init                              
00004325  MissionManager_Cancel                 
00004355  MissionManager_Reset                  
00004385  ObstacleScanner_Init                  
000043b5  Motor_Stop                            
000043e1  SYSCFG_DL_initPower                   
0000440d  TrackSensor_CountBlack                
00004439  Servo_Init                            
00004461  _c_int00_noargs                       
00004489  Encoder_Reset                         
000044ad  CarController_Stop                    
000044cd  MissionManager_Pause                  
000044ed  MissionManager_Resume                 
0000452d  __aeabi_llsl                          
0000452d  __ashldi3                             
0000454d  Imu_IsReady                           
00004569  ObstacleSafety_Init                   
00004585  ObstacleScanner_DirectionToString     
000045a1  CarController_RunModeToString         
000045b9  HeadingControl_LockCurrentYaw         
000045d1  HeadingControl_SetTargetYaw           
000045e9  Menu_ParamItemToString                
00004601  MotionAction_Cancel                   
00004619  __TI_zero_init_nomemset               
00004631  GROUP1_IRQHandler                     
00004645  HeadingControl_Enable                 
00004659  HeadingControl_Init                   
0000466d  HeadingControl_Reset                  
00004681  Menu_Init                             
00004695  MissionLibrary_FindById               
000046a9  MissionLibrary_GetByIndex             
000046bd  MissionManager_GetSelectedMissionId   
000046d1  MotionAction_Init                     
000046e5  ObstacleMonitor_Init                  
000046f9  __aeabi_ldivmod                       
0000470d  __TI_decompress_none                  
00004721  Key_GetEvent                          
00004731  SYSCFG_DL_init                        
00004741  CarController_GetRunMode              
0000474d  CarState_Get                          
00004759  CarState_Init                         
00004765  CarState_Set                          
00004771  Imu_GetCorrectedGyroZDps              
0000477d  Imu_GetYaw                            
00004789  Imu_ResetYaw                          
00004795  Menu_GetPage                          
000047a1  Menu_GetParamItem                     
000047ad  MissionManager_SetExternalHold        
000047b9  ObstacleSafety_IsHolding              
000047c5  OledUi_Init                           
000047d1  DL_Common_delayCycles                 
000047db  TrackSensor_IsCenterDetected          
000047e5  TrackSensor_IsLineDetected            
000047ef  TrackSensor_IsLineLost                
000047f9  CarController_GetFeedback             
00004801  HeadingControl_GetRuntime             
00004809  Imu_GetRuntime                        
00004811  MissionManager_GetMissionCount        
00004819  MissionManager_GetRuntime             
00004821  MotionAction_GetRuntime               
00004829  ObstacleMonitor_GetFeedback           
00004831  ObstacleScanner_GetFeedback           
00004839  Servo_GetFeedback                     
00004841  Ultrasonic_GetFeedback                
00004849  __aeabi_memcpy                        
00004849  __aeabi_memcpy4                       
00004849  __aeabi_memcpy8                       
00004851  abort                                 
00004856  C$$EXIT                               
00004857  HOSTexit                              
0000485b  MissionLibrary_GetCount               
0000485f  Reset_Handler                         
00004863  _system_pre_init                      
00005070  __TI_Handler_Table_Base               
0000507c  __TI_Handler_Table_Limit              
0000508c  __TI_CINIT_Base                       
0000509c  __TI_CINIT_Limit                      
0000509c  __TI_CINIT_Warm                       
20200000  __start___llvm_prf_bits               
20200000  __start___llvm_prf_cnts               
20200000  __stop___llvm_prf_bits                
20200000  __stop___llvm_prf_cnts                
20200000  g_appConfig                           
20200050  g_appRuntime                          
20200078  g_imuRuntime                          
202000c0  g_headingRuntime                      
20200144  g_trackError                          
20200159  g_carStateDebug                       
2020015a  g_keyEvent                            
2020015b  g_oledPageDebug                       
2020015c  g_paramItemDebug                      
2020015d  g_trackBlackCount                     
2020015e  g_trackModeDebug                      
2020015f  g_trackRaw                            
20200160  g_trackTurnDebug                      
20207e00  __stack                               
20208000  __STACK_END                           
ffffffff  __TI_pprof_out_hndl                   
ffffffff  __TI_prof_data_size                   
ffffffff  __TI_prof_data_start                  
ffffffff  __binit__                             
ffffffff  binit                                 
UNDEFED   __mpu_init                            
UNDEFED   _system_post_cinit                    

[236 symbols]
