******************************************************************************
            TI ARM Clang Linker PC v4.0.4                      
******************************************************************************
>> Linked Fri Jul 17 20:36:58 2026

OUTPUT FILE NAME:   <diansaikaishi.out>
ENTRY POINT SYMBOL: "_c_int00_noargs"  address: 000063f9


MEMORY CONFIGURATION

         name            origin    length      used     unused   attr    fill
----------------------  --------  ---------  --------  --------  ----  --------
  FLASH                 00000000   00020000  00006eb0  00019150  R  X
  SRAM                  20200000   00008000  000003e6  00007c1a  RW X
  BCR_CONFIG            41c00000   000000ff  00000000  000000ff  R   
  BSL_CONFIG            41c00100   00000080  00000000  00000080  R   


SEGMENT ALLOCATION MAP

run origin  load origin   length   init length attrs members
----------  ----------- ---------- ----------- ----- -------
00000000    00000000    00006eb0   00006eb0    r-x
  00000000    00000000    000000c0   000000c0    r-- .intvecs
  000000c0    000000c0    00006810   00006810    r-x .text
  000068d0    000068d0    000005b0   000005b0    r-- .rodata
  00006e80    00006e80    00000030   00000030    r-- .cinit
20200000    20200000    000001e6   00000000    rw-
  20200000    20200000    000001e5   00000000    rw- .bss
  202001e5    202001e5    00000001   00000000    rw- .data
20207e00    20207e00    00000200   00000000    rw-
  20207e00    20207e00    00000200   00000000    rw- .stack


SECTION ALLOCATION MAP

 output                                  attributes/
section   page    origin      length       input sections
--------  ----  ----------  ----------   ----------------
.intvecs   0    00000000    000000c0     
                  00000000    000000c0     startup_mspm0g350x_ticlang.o (.intvecs)

.text      0    000000c0    00006810     
                  000000c0    00000704     oled_ui.o (.text.OledUi_Update_20ms)
                  000007c4    000006f4     car_controller.o (.text.CarController_Update_20ms)
                  00000eb8    00000334     gimbal.o (.text.gimbal_yaw_move_to_x10)
                  000011ec    00000320     gimbal.o (.text.Gimbal_YawStopHold)
                  0000150c    00000318     gimbal.o (.text.Gimbal_YawRelease)
                  00001824    000002f0     imu.o (.text.mpu6050_read_regs)
                  00001b14    000002d8     imu.o (.text.Imu_Init)
                  00001dec    000002b4     gimbal.o (.text.Gimbal_YawMoveWrappedDeg)
                  000020a0    00000288     app_config.o (.text.AppConfig_LimitAll)
                  00002328    00000278     obstacle_avoidance.o (.text.ObstacleAvoidance_Update_20ms)
                  000025a0    00000258     menu.o (.text.Menu_HandleKeyEvent)
                  000027f8    00000254     oled.o (.text.OLED_Clear)
                  00002a4c    00000214     imu.o (.text.Imu_CalibrateGyroBias)
                  00002c60    00000208     motion_action.o (.text.MotionAction_Update_20ms)
                  00002e68    000001cc     imu.o (.text.imu_i2c_write_byte)
                  00003034    000001b8     gimbal.o (.text.Gimbal_YawMoveRelativeDeg)
                  000031ec    000001b8     oled.o (.text.oled_i2c_write_byte)
                  000033a4    000001a0     ultrasonic.o (.text.Ultrasonic_Tick100us)
                  00003544    00000198     gimbal.o (.text.Gimbal_YawInit)
                  000036dc    00000184     gimbal.o (.text.Gimbal_YawUpdate5ms)
                  00003860    00000178     gimbal.o (.text.Gimbal_YawGetFeedback)
                  000039d8    00000174     key.o (.text.Key_Update_20ms)
                  00003b4c    00000160     heading_control.o (.text.HeadingControl_Update)
                  00003cac    00000140     motion_action.o (.text.MotionAction_Start)
                  00003dec    0000013c     oled.o (.text.OLED_PrintInt16)
                  00003f28    00000134     imu.o (.text.Imu_Update)
                  0000405c    0000012c     imu.o (.text.imu_i2c_recover_bus)
                  00004188    000000f8     mission_manager.o (.text.MissionManager_Update_20ms)
                  00004280    000000f0     mission_manager.o (.text.MissionManager_SelectNext)
                  00004370    000000ec     car_controller.o (.text.handle_turn_90)
                  0000445c    000000d8     mission_manager.o (.text.MissionManager_SelectPrevious)
                  00004534    000000d8     libclang_rt.builtins.a : addsf3.S.obj (.text)
                  0000460c    000000d4     oled.o (.text.OLED_Init)
                  000046e0    000000d0     oled.o (.text.OLED_PrintChar)
                  000047b0    000000c4     app.o (.text.App_Update_20ms)
                  00004874    000000c0     gimbal_stepper_test.o (.text.GimbalStepperTest_MoveRelativeDeg)
                  00004934    000000c0     gimbal_stepper_test.o (.text.GimbalStepperTest_Tick100us)
                  000049f4    000000bc     obstacle_safety.o (.text.ObstacleSafety_Update_20ms)
                  00004ab0    000000b8     app_config.o (.text.AppConfig_InitDefault)
                  00004b68    000000b8     ti_msp_dl_config.o (.text.SYSCFG_DL_GPIO_init)
                  00004c20    000000b0     motor.o (.text.Motor_SetSpeed)
                  00004cd0    000000aa     mission_library.o (.text.MissionLibrary_Validate)
                  00004d7a    00000002     startup_mspm0g350x_ticlang.o (.text.Default_Handler)
                  00004d7c    000000a2     libclang_rt.builtins.a : udivmoddi4.S.obj (.text)
                  00004e1e    00000002     track_sensor.o (.text.TrackSensor_Init)
                  00004e20    0000009c     obstacle_monitor.o (.text.ObstacleMonitor_Update_20ms)
                  00004ebc    0000009c     empty.o (.text.main)
                  00004f58    0000009a     libc.a : memcpy16.S.obj (.text:memcpy)
                  00004ff2    00000002     libclang_rt.builtins.a : aeabi_div0.c.obj (.text.__aeabi_idiv0)
                  00004ff4    00000098     car_controller.o (.text.CarController_StartSeekLine)
                  0000508c    00000098     gimbal_stepper_test.o (.text.GimbalStepperTest_Init)
                  00005124    00000098     imu.o (.text.mpu6050_write_reg)
                  000051bc    00000094     car_controller.o (.text.CarController_StartDriveHeading)
                  00005250    0000008c     libclang_rt.builtins.a : mulsf3.S.obj (.text.__mulsf3)
                  000052dc    00000088     car_controller.o (.text.CarController_StartTurnToYawRelative)
                  00005364    00000082     libclang_rt.builtins.a : divsf3.S.obj (.text.__divsf3)
                  000053e6    00000002                            : aeabi_div0.c.obj (.text.__aeabi_ldiv0)
                  000053e8    0000007c     car_controller.o (.text.CarController_Init)
                  00005464    0000007c     car_controller.o (.text.CarController_ResetRuntime)
                  000054e0    0000007c     car_controller.o (.text.CarController_StartFollowLine)
                  0000555c    0000007c     libc.a : copy_decompress_lzss.c.obj (.text:decompress:lzss)
                  000055d8    00000078     oled.o (.text.oled_write_command)
                  00005650    00000074     car_controller.o (.text.CarController_StartTurnRight90)
                  000056c4    00000070     car_controller.o (.text.CarController_StartTurnLeft90)
                  00005734    00000070     empty.o (.text.SysTick_Handler)
                  000057a4    0000006e     track_sensor.o (.text.TrackSensor_DetectTurn)
                  00005812    00000002     --HOLE-- [fill = 0]
                  00005814    0000006c     encoder.o (.text.Encoder_HandleGpioInterrupt)
                  00005880    00000068     mission_manager.o (.text.MissionManager_GetSelectedMissionIndex)
                  000058e8    00000066     track_sensor.o (.text.TrackSensor_GetErrorFromRaw)
                  0000594e    00000002     --HOLE-- [fill = 0]
                  00005950    00000064     menu.o (.text.Menu_GetParamValue)
                  000059b4    00000062     libclang_rt.builtins.a : aeabi_fcmp.S.obj (.text.__aeabi_fcmp)
                  00005a16    00000062     libc.a : memset16.S.obj (.text:memset)
                  00005a78    00000060     libclang_rt.builtins.a : fixsfdi.S.obj (.text.__fixsfdi)
                  00005ad8    0000005e     app.o (.text.App_Init)
                  00005b36    0000005e     oled.o (.text.OLED_PrintBinary7)
                  00005b94    0000005c     gimbal_stepper_test.o (.text.GimbalStepperTest_Release)
                  00005bf0    0000005c     ultrasonic.o (.text.Ultrasonic_Update_20ms)
                  00005c4c    00000058     gimbal_stepper_test.o (.text.GimbalStepperTest_StopHold)
                  00005ca4    00000056     libclang_rt.builtins.a : aeabi_idivmod.S.obj (.text.__aeabi_idivmod)
                  00005cfa    00000002     --HOLE-- [fill = 0]
                  00005cfc    00000054     track_sensor.o (.text.TrackSensor_ReadRaw)
                  00005d50    00000050     car_controller.o (.text.CarController_SetSafetyHold)
                  00005da0    00000050     motor.o (.text.Motor_PwmTick100us)
                  00005df0    00000050     ultrasonic.o (.text.Ultrasonic_Init)
                  00005e40    0000004e     libclang_rt.builtins.a : floatdisf.S.obj (.text.__floatdisf)
                  00005e8e    00000002     --HOLE-- [fill = 0]
                  00005e90    00000048     mission_manager.o (.text.MissionManager_Init)
                  00005ed8    00000044     servo.o (.text.Servo_Tick100us)
                  00005f1c    00000040     mission_manager.o (.text.MissionManager_Start)
                  00005f5c    00000040     ti_msp_dl_config.o (.text.SYSCFG_DL_SYSCTL_init)
                  00005f9c    00000040     libclang_rt.builtins.a : aeabi_uidivmod.S.obj (.text.__aeabi_uidivmod)
                  00005fdc    0000003e                            : divmoddi4.c.obj (.text.__divmoddi4)
                  0000601a    00000002     --HOLE-- [fill = 0]
                  0000601c    0000003c     servo.o (.text.Servo_SetAngleDeg)
                  00006058    0000003c     libclang_rt.builtins.a : floatsisf.S.obj (.text.__floatsisf)
                  00006094    0000003c                            : comparesf2.S.obj (.text.__gtsf2)
                  000060d0    0000003c     libc.a : autoinit.c.obj (.text:__TI_auto_init_nobinit_nopinit)
                  0000610c    0000003a     libclang_rt.builtins.a : comparesf2.S.obj (.text.__eqsf2)
                  00006146    00000002     --HOLE-- [fill = 0]
                  00006148    0000003a                            : muldsi3.S.obj (.text.__muldsi3)
                  00006182    00000002     --HOLE-- [fill = 0]
                  00006184    00000038     motion_action.o (.text.MotionAction_ReapplyControllerTarget)
                  000061bc    00000038     motor.o (.text.Motor_Init)
                  000061f4    00000038     libclang_rt.builtins.a : fixsfsi.S.obj (.text.__fixsfsi)
                  0000622c    00000034     oled.o (.text.OLED_SetCursor)
                  00006260    00000032     oled.o (.text.OLED_PrintString)
                  00006292    00000002     --HOLE-- [fill = 0]
                  00006294    00000030     key.o (.text.Key_Init)
                  000062c4    00000030     mission_manager.o (.text.MissionManager_Cancel)
                  000062f4    00000030     mission_manager.o (.text.MissionManager_Reset)
                  00006324    0000002c     motor.o (.text.Motor_Stop)
                  00006350    0000002c     ti_msp_dl_config.o (.text.SYSCFG_DL_initPower)
                  0000637c    0000002c     track_sensor.o (.text.TrackSensor_CountBlack)
                  000063a8    00000028     servo.o (.text.Servo_Init)
                  000063d0    00000028     obstacle_avoidance.o (.text.avoid_fail)
                  000063f8    00000028     libc.a : boot_cortex_m.c.obj (.text:_c_int00_noargs)
                  00006420    00000024     encoder.o (.text.Encoder_Reset)
                  00006444    00000024     libclang_rt.builtins.a : muldi3.S.obj (.text.__muldi3)
                  00006468    00000020     car_controller.o (.text.CarController_Stop)
                  00006488    00000020     mission_manager.o (.text.MissionManager_Pause)
                  000064a8    00000020     mission_manager.o (.text.MissionManager_Resume)
                  000064c8    00000020     motion_action.o (.text.MotionAction_GetCurrentBypassDirection)
                  000064e8    00000020     motion_action.o (.text.MotionAction_GetCurrentObstaclePolicy)
                  00006508    00000020     obstacle_avoidance.o (.text.ObstacleAvoidance_Init)
                  00006528    00000020     mission_manager.o (.text.mission_finish_error)
                  00006548    0000001e     libclang_rt.builtins.a : ashldi3.S.obj (.text.__ashldi3)
                  00006566    00000002     --HOLE-- [fill = 0]
                  00006568    0000001c     imu.o (.text.Imu_IsReady)
                  00006584    0000001c     obstacle_monitor.o (.text.ObstacleMonitor_Init)
                  000065a0    0000001c     obstacle_safety.o (.text.ObstacleSafety_Init)
                  000065bc    00000018     car_controller.o (.text.CarController_RunModeToString)
                  000065d4    00000018     heading_control.o (.text.HeadingControl_LockCurrentYaw)
                  000065ec    00000018     heading_control.o (.text.HeadingControl_SetTargetYaw)
                  00006604    00000018     menu.o (.text.Menu_ParamItemToString)
                  0000661c    00000018     mission_library.o (.text.MissionLibrary_FindById)
                  00006634    00000018     motion_action.o (.text.MotionAction_Cancel)
                  0000664c    00000018     motion_action.o (.text.MotionAction_Init)
                  00006664    00000016     libc.a : copy_zero_init.c.obj (.text:decompress:ZI:__TI_zero_init_nomemset)
                  0000667a    00000002     --HOLE-- [fill = 0]
                  0000667c    00000014     empty.o (.text.GROUP1_IRQHandler)
                  00006690    00000014     heading_control.o (.text.HeadingControl_Enable)
                  000066a4    00000014     heading_control.o (.text.HeadingControl_Init)
                  000066b8    00000014     heading_control.o (.text.HeadingControl_Reset)
                  000066cc    00000014     menu.o (.text.Menu_Init)
                  000066e0    00000014     mission_library.o (.text.MissionLibrary_GetByIndex)
                  000066f4    00000014     mission_manager.o (.text.MissionManager_GetSelectedMissionId)
                  00006708    00000014     libclang_rt.builtins.a : aeabi_ldivmod.S.obj (.text.__aeabi_ldivmod)
                  0000671c    00000014                            : aeabi_uldivmod.S.obj (.text.__aeabi_uldivmod)
                  00006730    00000012     libc.a : copy_decompress_none.c.obj (.text:decompress:none)
                  00006742    00000002     --HOLE-- [fill = 0]
                  00006744    00000010     key.o (.text.Key_GetEvent)
                  00006754    00000010     obstacle_avoidance.o (.text.ObstacleAvoidance_IsResumeGraceActive)
                  00006764    00000010     ti_msp_dl_config.o (.text.SYSCFG_DL_init)
                  00006774    0000000c     car_controller.o (.text.CarController_GetRunMode)
                  00006780    0000000c     car_state.o (.text.CarState_Get)
                  0000678c    0000000c     car_state.o (.text.CarState_Init)
                  00006798    0000000c     car_state.o (.text.CarState_Set)
                  000067a4    0000000c     imu.o (.text.Imu_GetCorrectedGyroZDps)
                  000067b0    0000000c     imu.o (.text.Imu_GetYaw)
                  000067bc    0000000c     imu.o (.text.Imu_ResetYaw)
                  000067c8    0000000c     menu.o (.text.Menu_GetPage)
                  000067d4    0000000c     menu.o (.text.Menu_GetParamItem)
                  000067e0    0000000c     mission_manager.o (.text.MissionManager_SetExternalHold)
                  000067ec    0000000c     obstacle_avoidance.o (.text.ObstacleAvoidance_IsActive)
                  000067f8    0000000c     obstacle_avoidance.o (.text.ObstacleAvoidance_IsFailed)
                  00006804    0000000c     obstacle_safety.o (.text.ObstacleSafety_IsHolding)
                  00006810    0000000c     oled_ui.o (.text.OledUi_Init)
                  0000681c    0000000c     libclang_rt.builtins.a : aeabi_memset.S.obj (.text.__aeabi_memclr)
                  00006828    0000000a     driverlib.a : dl_common.o (.text.DL_Common_delayCycles)
                  00006832    0000000a     track_sensor.o (.text.TrackSensor_IsCenterDetected)
                  0000683c    0000000a     track_sensor.o (.text.TrackSensor_IsLineDetected)
                  00006846    0000000a     track_sensor.o (.text.TrackSensor_IsLineLost)
                  00006850    00000008     car_controller.o (.text.CarController_GetFeedback)
                  00006858    00000008     gimbal_stepper_test.o (.text.GimbalStepperTest_GetFeedback)
                  00006860    00000008     gimbal.o (.text.Gimbal_YawTick100us)
                  00006868    00000008     heading_control.o (.text.HeadingControl_GetRuntime)
                  00006870    00000008     imu.o (.text.Imu_GetRuntime)
                  00006878    00000008     mission_manager.o (.text.MissionManager_GetMissionCount)
                  00006880    00000008     mission_manager.o (.text.MissionManager_GetRuntime)
                  00006888    00000008     motion_action.o (.text.MotionAction_GetRuntime)
                  00006890    00000008     obstacle_avoidance.o (.text.ObstacleAvoidance_GetFeedback)
                  00006898    00000008     obstacle_monitor.o (.text.ObstacleMonitor_GetFeedback)
                  000068a0    00000008     servo.o (.text.Servo_GetFeedback)
                  000068a8    00000008     ultrasonic.o (.text.Ultrasonic_GetFeedback)
                  000068b0    00000008     libclang_rt.builtins.a : aeabi_memcpy.S.obj (.text.__aeabi_memcpy)
                  000068b8    00000006     libc.a : exit.c.obj (.text:abort)
                  000068be    00000004     libsysbm.a : hostexit.c.obj (.text.HOSTexit)
                  000068c2    00000004     mission_library.o (.text.MissionLibrary_GetCount)
                  000068c6    00000004     startup_mspm0g350x_ticlang.o (.text.Reset_Handler)
                  000068ca    00000004     libc.a : pre_init.c.obj (.text._system_pre_init)
                  000068ce    00000002     --HOLE-- [fill = 0]

.cinit     0    00006e80    00000030     
                  00006e80    0000000c     (__TI_handler_table)
                  00006e8c    00000008     (.cinit..bss.load) [load image, compression = zero_init]
                  00006e94    00000005     (.cinit..data.load) [load image, compression = lzss]
                  00006e99    00000003     --HOLE-- [fill = 0]
                  00006e9c    00000010     (__TI_cinit_table)
                  00006eac    00000004     --HOLE-- [fill = 0]

.rodata    0    000068d0    000005b0     
                  000068d0    000000d8     oled.o (.rodata..Lswitch.table.OLED_PrintChar)
                  000069a8    000000a8     mission_library.o (.rodata.g_missionMapA)
                  00006a50    000000a8     mission_library.o (.rodata.g_missionMapB)
                  00006af8    00000078     mission_library.o (.rodata.g_missionMapC)
                  00006b70    00000030     mission_library.o (.rodata.g_missionRegistry)
                  00006ba0    00000024     oled_ui.o (.rodata..Lswitch.table.OledUi_Update_20ms.66)
                  00006bc4    00000020     menu.o (.rodata..Lswitch.table.Menu_ParamItemToString)
                  00006be4    0000001c     car_controller.o (.rodata..Lswitch.table.CarController_RunModeToString)
                  00006c00    00000018     oled_ui.o (.rodata..Lswitch.table.OledUi_Update_20ms.67)
                  00006c18    0000000c     mission_library.o (.rodata..Lswitch.table.MissionLibrary_FindById)
                  00006c24    0000000c     oled_ui.o (.rodata..Lswitch.table.OledUi_Update_20ms)
                  00006c30    0000000a     oled_ui.o (.rodata.str1.16526439943277383452.1)
                  00006c3a    00000009     oled_ui.o (.rodata.str1.18266126048138325213.1)
                  00006c43    00000007     oled_ui.o (.rodata.str1.9544068167406571052.1)
                  00006c4a    00000006     menu.o (.rodata..Lswitch.table.Menu_HandleKeyEvent)
                  00006c50    00000006     mission_library.o (.rodata.str1.13636476544574750902.1)
                  00006c56    00000006     oled_ui.o (.rodata.str1.1445687256832830955.1)
                  00006c5c    00000006     oled_ui.o (.rodata.str1.15008238333949226094.1)
                  00006c62    00000006     mission_library.o (.rodata.str1.15668266851434757964.1)
                  00006c68    00000006     oled_ui.o (.rodata.str1.17540787658903907660.1)
                  00006c6e    00000006     oled_ui.o (.rodata.str1.17884296644359297425.1)
                  00006c74    00000006     mission_library.o (.rodata.str1.199678142196697465.1)
                  00006c7a    00000006     oled_ui.o (.rodata.str1.2522137003438374266.1)
                  00006c80    00000006     oled_ui.o (.rodata.str1.4581686099848791648.1)
                  00006c86    00000006     oled_ui.o (.rodata.str1.5965450730569173784.1)
                  00006c8c    00000006     oled_ui.o (.rodata.str1.6806727740681590176.1)
                  00006c92    00000006     oled_ui.o (.rodata.str1.8693388333057100694.1)
                  00006c98    00000005     oled.o (.rodata.oled_get_glyph.colon)
                  00006c9d    00000005     oled.o (.rodata.oled_get_glyph.eight)
                  00006ca2    00000005     oled.o (.rodata.oled_get_glyph.five)
                  00006ca7    00000005     oled.o (.rodata.oled_get_glyph.four)
                  00006cac    00000005     oled.o (.rodata.oled_get_glyph.glyphA)
                  00006cb1    00000005     oled.o (.rodata.oled_get_glyph.glyphB)
                  00006cb6    00000005     oled.o (.rodata.oled_get_glyph.glyphC)
                  00006cbb    00000005     oled.o (.rodata.oled_get_glyph.glyphD)
                  00006cc0    00000005     oled.o (.rodata.oled_get_glyph.glyphE)
                  00006cc5    00000005     oled.o (.rodata.oled_get_glyph.glyphG)
                  00006cca    00000005     oled.o (.rodata.oled_get_glyph.glyphH)
                  00006ccf    00000005     oled.o (.rodata.oled_get_glyph.glyphI)
                  00006cd4    00000005     oled.o (.rodata.oled_get_glyph.glyphK)
                  00006cd9    00000005     oled.o (.rodata.oled_get_glyph.glyphL)
                  00006cde    00000005     oled.o (.rodata.oled_get_glyph.glyphM)
                  00006ce3    00000005     oled.o (.rodata.oled_get_glyph.glyphN)
                  00006ce8    00000005     oled.o (.rodata.oled_get_glyph.glyphO)
                  00006ced    00000005     oled.o (.rodata.oled_get_glyph.glyphP)
                  00006cf2    00000005     oled.o (.rodata.oled_get_glyph.glyphR)
                  00006cf7    00000005     oled.o (.rodata.oled_get_glyph.glyphS)
                  00006cfc    00000005     oled.o (.rodata.oled_get_glyph.glyphT)
                  00006d01    00000005     oled.o (.rodata.oled_get_glyph.glyphU)
                  00006d06    00000005     oled.o (.rodata.oled_get_glyph.glyphV)
                  00006d0b    00000005     oled.o (.rodata.oled_get_glyph.glyphW)
                  00006d10    00000005     oled.o (.rodata.oled_get_glyph.glyphX)
                  00006d15    00000005     oled.o (.rodata.oled_get_glyph.glyphY)
                  00006d1a    00000005     oled.o (.rodata.oled_get_glyph.glyphb)
                  00006d1f    00000005     oled.o (.rodata.oled_get_glyph.gt)
                  00006d24    00000005     oled.o (.rodata.oled_get_glyph.minus)
                  00006d29    00000005     oled.o (.rodata.oled_get_glyph.nine)
                  00006d2e    00000005     oled.o (.rodata.oled_get_glyph.one)
                  00006d33    00000005     oled.o (.rodata.oled_get_glyph.seven)
                  00006d38    00000005     oled.o (.rodata.oled_get_glyph.six)
                  00006d3d    00000005     oled.o (.rodata.oled_get_glyph.space)
                  00006d42    00000005     oled.o (.rodata.oled_get_glyph.three)
                  00006d47    00000005     oled.o (.rodata.oled_get_glyph.two)
                  00006d4c    00000005     oled.o (.rodata.oled_get_glyph.zero)
                  00006d51    00000005     oled_ui.o (.rodata.str1.1108652269057166745.1)
                  00006d56    00000005     oled_ui.o (.rodata.str1.12617122458660443890.1)
                  00006d5b    00000005     oled_ui.o (.rodata.str1.13882251010780863896.1)
                  00006d60    00000005     oled_ui.o (.rodata.str1.14134189893851348960.1)
                  00006d65    00000005     oled_ui.o (.rodata.str1.15613891207764622616.1)
                  00006d6a    00000005     oled_ui.o (.rodata.str1.15829239520183577662.1)
                  00006d6f    00000005     oled_ui.o (.rodata.str1.15917848551323629232.1)
                  00006d74    00000005     car_controller.o (.rodata.str1.1652194605229746967.1)
                  00006d79    00000005     oled_ui.o (.rodata.str1.17274519358952562110.1)
                  00006d7e    00000005     oled_ui.o (.rodata.str1.18379317056176403938.1)
                  00006d83    00000005     oled_ui.o (.rodata.str1.270145429241168923.1)
                  00006d88    00000005     car_controller.o (.rodata.str1.4164979912472006574.1)
                  00006d8d    00000005     oled_ui.o (.rodata.str1.4402311448527872260.1)
                  00006d92    00000005     oled_ui.o (.rodata.str1.4581472623415959594.1)
                  00006d97    00000005     oled_ui.o (.rodata.str1.4610220316623841660.1)
                  00006d9c    00000005     menu.o (.rodata.str1.4862307748908978627.1)
                  00006da1    00000005     oled_ui.o (.rodata.str1.7185587941321649510.1)
                  00006da6    00000005     oled_ui.o (.rodata.str1.7774807581888385879.1)
                  00006dab    00000005     oled_ui.o (.rodata.str1.8403269972884532600.1)
                  00006db0    00000005     oled_ui.o (.rodata.str1.8426569189266129334.1)
                  00006db5    00000005     oled_ui.o (.rodata.str1.8460525935980491721.1)
                  00006dba    00000005     car_controller.o (.rodata.str1.9234375891235759983.1)
                  00006dbf    00000005     oled_ui.o (.rodata.str1.9611283282870761829.1)
                  00006dc4    00000005     car_controller.o (.rodata.str1.9981487771679760427.1)
                  00006dc9    00000004     oled_ui.o (.rodata.str1.1019225241002246410.1)
                  00006dcd    00000004     oled_ui.o (.rodata.str1.10416366799939242409.1)
                  00006dd1    00000004     menu.o (.rodata.str1.12110183915172842339.1)
                  00006dd5    00000004     car_controller.o (.rodata.str1.12442237994239546032.1)
                  00006dd9    00000004     oled_ui.o (.rodata.str1.12983537867572525563.1)
                  00006ddd    00000004     oled_ui.o (.rodata.str1.130772507669342127.1)
                  00006de1    00000004     menu.o (.rodata.str1.13124720451672825294.1)
                  00006de5    00000004     oled_ui.o (.rodata.str1.13244290092665904221.1)
                  00006de9    00000004     oled_ui.o (.rodata.str1.13567883086814673087.1)
                  00006ded    00000004     oled_ui.o (.rodata.str1.13790669171379415506.1)
                  00006df1    00000004     menu.o (.rodata.str1.14098755746347272832.1)
                  00006df5    00000004     oled_ui.o (.rodata.str1.15577080202403550426.1)
                  00006df9    00000004     oled_ui.o (.rodata.str1.15802367878353263018.1)
                  00006dfd    00000004     oled_ui.o (.rodata.str1.15817398807211891688.1)
                  00006e01    00000004     oled_ui.o (.rodata.str1.15859922799842739878.1)
                  00006e05    00000004     oled_ui.o (.rodata.str1.16411631209783952401.1)
                  00006e09    00000004     oled_ui.o (.rodata.str1.16939060351352778619.1)
                  00006e0d    00000004     menu.o (.rodata.str1.17041139162815566052.1)
                  00006e11    00000004     car_controller.o (.rodata.str1.17172356789460551389.1)
                  00006e15    00000004     oled_ui.o (.rodata.str1.17464849429964608858.1)
                  00006e19    00000004     car_controller.o (.rodata.str1.18191498530309206443.1)
                  00006e1d    00000004     oled_ui.o (.rodata.str1.2308938766145545715.1)
                  00006e21    00000004     oled_ui.o (.rodata.str1.3025253791635144717.1)
                  00006e25    00000004     oled_ui.o (.rodata.str1.3407221357956504873.1)
                  00006e29    00000004     oled_ui.o (.rodata.str1.3455423528827705371.1)
                  00006e2d    00000004     oled_ui.o (.rodata.str1.3702290527496711532.1)
                  00006e31    00000004     oled_ui.o (.rodata.str1.5853739094453432564.1)
                  00006e35    00000004     car_controller.o (.rodata.str1.702403006289709404.1)
                  00006e39    00000004     oled_ui.o (.rodata.str1.7419768602719733415.1)
                  00006e3d    00000004     oled_ui.o (.rodata.str1.8236579331345056500.1)
                  00006e41    00000004     oled_ui.o (.rodata.str1.9102528229756940648.1)
                  00006e45    00000004     oled_ui.o (.rodata.str1.9159586779647977165.1)
                  00006e49    00000004     oled_ui.o (.rodata.str1.9295666102996717355.1)
                  00006e4d    00000004     menu.o (.rodata.str1.9546740394641817443.1)
                  00006e51    00000004     oled_ui.o (.rodata.str1.967006512144173535.1)
                  00006e55    00000004     oled_ui.o (.rodata.str1.9854382722193312766.1)
                  00006e59    00000003     oled_ui.o (.rodata.str1.11232419324784801130.1)
                  00006e5c    00000003     oled_ui.o (.rodata.str1.14358698208395374265.1)
                  00006e5f    00000003     oled_ui.o (.rodata.str1.14556837007311414654.1)
                  00006e62    00000003     menu.o (.rodata.str1.16312125044762562515.1)
                  00006e65    00000003     oled_ui.o (.rodata.str1.16849766574302683489.1)
                  00006e68    00000003     oled_ui.o (.rodata.str1.16931641404301806744.1)
                  00006e6b    00000003     oled_ui.o (.rodata.str1.17812014771544466701.1)
                  00006e6e    00000003     menu.o (.rodata.str1.4646809750356241979.1)
                  00006e71    00000003     menu.o (.rodata.str1.6857549598058878762.1)
                  00006e74    00000003     oled_ui.o (.rodata.str1.7219546930854689545.1)
                  00006e77    00000003     oled_ui.o (.rodata.str1.8783421139296713095.1)
                  00006e7a    00000006     --HOLE-- [fill = 0]

.init_array 
*          0    00000000    00000000     UNINITIALIZED

.binit     0    00000000    00000000     

.bss       0    20200000    000001e5     UNINITIALIZED
                  20200000    0000005c     (.common:g_appConfig)
                  2020005c    00000038     (.common:g_appRuntime)
                  20200094    00000004     encoder.o (.bss.g_motorAPulses)
                  20200098    00000030     gimbal.o (.bss.g_feedback)
                  202000c8    00000028     (.common:g_imuRuntime)
                  202000f0    00000020     mission_manager.o (.bss.g_missionRuntime)
                  20200110    00000018     gimbal_stepper_test.o (.bss.g_feedback)
                  20200128    00000014     motion_action.o (.bss.g_motionActionRuntime)
                  2020013c    00000014     (.common:g_headingRuntime)
                  20200150    0000000e     car_controller.o (.bss.g_carControllerFeedback)
                  2020015e    00000002     ultrasonic.o (.bss.g_echoTicks)
                  20200160    0000000e     ultrasonic.o (.bss.g_ultrasonicFeedback)
                  2020016e    00000002     gimbal_stepper_test.o (.bss.g_pitchHalfPeriodTicks)
                  20200170    0000000a     obstacle_avoidance.o (.bss.g_avoidFeedback)
                  2020017a    00000008     obstacle_monitor.o (.bss.g_obstacleFeedback)
                  20200182    00000006     ultrasonic.o (.bss.g_distanceSamples)
                  20200188    00000008     gimbal_stepper_test.o (.bss.g_pitchEstimatedSteps)
                  20200190    00000008     gimbal.o (.bss.g_yawTargetContinuousDegX10)
                  20200198    00000006     key.o (.bss.g_key1)
                  2020019e    00000006     key.o (.bss.g_key2)
                  202001a4    00000006     key.o (.bss.g_key3)
                  202001aa    00000002     obstacle_avoidance.o (.bss.g_resumeGraceMs)
                  202001ac    00000004     encoder.o (.bss.g_motorBPulses)
                  202001b0    00000004     gimbal_stepper_test.o (.bss.g_pitchCompletedSteps)
                  202001b4    00000004     gimbal_stepper_test.o (.bss.g_pitchTargetSteps)
                  202001b8    00000004     servo.o (.bss.g_servoFeedback)
                  202001bc    00000002     servo.o (.bss.g_servoPwmPhase)
                  202001be    00000002     ultrasonic.o (.bss.g_stateTicks)
                  202001c0    00000002     (.common:g_trackError)
                  202001c2    00000001     oled_ui.o (.bss.OledUi_Update_20ms.refreshDivider)
                  202001c3    00000001     empty.o (.bss.SysTick_Handler.controlMsCount)
                  202001c4    00000001     empty.o (.bss.SysTick_Handler.gimbalMsCount)
                  202001c5    00000001     empty.o (.bss.SysTick_Handler.tick100usCount)
                  202001c6    00000001     ultrasonic.o (.bss.Ultrasonic_Update_20ms.triggerDivider)
                  202001c7    00000001     empty.o (.bss.g_appUpdateDue)
                  202001c8    00000001     car_state.o (.bss.g_carState)
                  202001c9    00000001     obstacle_monitor.o (.bss.g_centerSettleTicks)
                  202001ca    00000001     ultrasonic.o (.bss.g_distanceSampleCount)
                  202001cb    00000001     ultrasonic.o (.bss.g_distanceSampleIndex)
                  202001cc    00000001     empty.o (.bss.g_gimbalUpdatePending)
                  202001cd    00000001     motor.o (.bss.g_motorADutyLevel)
                  202001ce    00000001     motor.o (.bss.g_motorBDutyLevel)
                  202001cf    00000001     obstacle_safety.o (.bss.g_obstacleSafetyHolding)
                  202001d0    00000001     oled.o (.bss.g_oledColumn)
                  202001d1    00000001     menu.o (.bss.g_oledPage)
                  202001d2    00000001     menu.o (.bss.g_paramItem)
                  202001d3    00000001     key.o (.bss.g_pendingEvent)
                  202001d4    00000001     gimbal_stepper_test.o (.bss.g_pitchDirection)
                  202001d5    00000001     gimbal_stepper_test.o (.bss.g_pitchRunning)
                  202001d6    00000001     gimbal_stepper_test.o (.bss.g_pitchStepHigh)
                  202001d7    00000001     motor.o (.bss.g_pwmPhase)
                  202001d8    00000001     car_controller.o (.bss.g_safetyHold)
                  202001d9    00000001     obstacle_avoidance.o (.bss.g_stateStarted)
                  202001da    00000001     ultrasonic.o (.bss.g_triggerRequest)
                  202001db    00000001     ultrasonic.o (.bss.g_ultrasonicState)
                  202001dc    00000001     gimbal.o (.bss.g_yawPositionValid)
                  202001dd    00000001     (.common:g_carStateDebug)
                  202001de    00000001     (.common:g_keyEvent)
                  202001df    00000001     (.common:g_oledPageDebug)
                  202001e0    00000001     (.common:g_paramItemDebug)
                  202001e1    00000001     (.common:g_trackBlackCount)
                  202001e2    00000001     (.common:g_trackModeDebug)
                  202001e3    00000001     (.common:g_trackRaw)
                  202001e4    00000001     (.common:g_trackTurnDebug)

.data      0    202001e5    00000001     UNINITIALIZED
                  202001e5    00000001     car_controller.o (.data.g_followTurnPolicy)

.stack     0    20207e00    00000200     UNINITIALIZED
                  20207e00    00000004     libc.a : boot_cortex_m.c.obj (.stack)
                  20207e04    000001fc     --HOLE--

__llvm_prf_cnts 
*          0    20200000    00000000     UNINITIALIZED

__llvm_prf_bits 
*          0    20200000    00000000     UNINITIALIZED

MODULE SUMMARY

       Module                         code    ro data   rw data
       ------                         ----    -------   -------
    .\
       gimbal.o                       4724    0         57     
       car_controller.o               3208    64        72     
       imu.o                          3304    0         40     
       oled.o                         2088    401       1      
       oled_ui.o                      1808    379       1      
       mission_manager.o              1184    0         32     
       motion_action.o                1016    0         20     
       app_config.o                   832     0         92     
       menu.o                         768     72        2      
       gimbal_stepper_test.o          724     0         45     
       obstacle_avoidance.o           752     0         13     
       mission_library.o              218     534       0      
       ultrasonic.o                   596     0         29     
       heading_control.o              468     0         20     
       key.o                          436     0         19     
       track_sensor.o                 372     0         0      
       motor.o                        356     0         3      
       ti_msp_dl_config.o             308     0         0      
       app.o                          290     0         10     
       empty.o                        288     0         5      
       obstacle_safety.o              228     0         1      
       obstacle_monitor.o             192     0         9      
       startup_mspm0g350x_ticlang.o   6       192       0      
       servo.o                        176     0         6      
       encoder.o                      144     0         8      
       car_state.o                    36      0         1      
    +--+------------------------------+-------+---------+---------+
       Total:                         24522   1642      486    
                                                               
    C:/TI/mspm0_sdk_2_05_01_00/source/ti/driverlib/lib/ticlang/m0p/mspm0g1x0x_g3x0x/driverlib.a
       dl_common.o                    10      0         0      
    +--+------------------------------+-------+---------+---------+
       Total:                         10      0         0      
                                                               
    D:\TI\CCS\ccs\tools\compiler\ti-cgt-armllvm_4.0.4.LTS\lib\armv6m-ti-none-eabi/c/libc.a
       memcpy16.S.obj                 154     0         0      
       copy_decompress_lzss.c.obj     124     0         0      
       memset16.S.obj                 98      0         0      
       autoinit.c.obj                 60      0         0      
       boot_cortex_m.c.obj            40      0         0      
       copy_zero_init.c.obj           22      0         0      
       copy_decompress_none.c.obj     18      0         0      
       exit.c.obj                     6       0         0      
       pre_init.c.obj                 4       0         0      
    +--+------------------------------+-------+---------+---------+
       Total:                         526     0         0      
                                                               
    D:\TI\CCS\ccs\tools\compiler\ti-cgt-armllvm_4.0.4.LTS\lib\armv6m-ti-none-eabi/c/libsysbm.a
       hostexit.c.obj                 4       0         0      
    +--+------------------------------+-------+---------+---------+
       Total:                         4       0         0      
                                                               
    D:\TI\CCS\ccs\tools\compiler\ti-cgt-armllvm_4.0.4.LTS\lib\armv6m-ti-none-eabi/libclang_rt.builtins.a
       addsf3.S.obj                   216     0         0      
       udivmoddi4.S.obj               162     0         0      
       mulsf3.S.obj                   140     0         0      
       divsf3.S.obj                   130     0         0      
       comparesf2.S.obj               118     0         0      
       aeabi_fcmp.S.obj               98      0         0      
       fixsfdi.S.obj                  96      0         0      
       aeabi_idivmod.S.obj            86      0         0      
       floatdisf.S.obj                78      0         0      
       aeabi_uidivmod.S.obj           64      0         0      
       divmoddi4.c.obj                62      0         0      
       floatsisf.S.obj                60      0         0      
       muldsi3.S.obj                  58      0         0      
       fixsfsi.S.obj                  56      0         0      
       muldi3.S.obj                   36      0         0      
       ashldi3.S.obj                  30      0         0      
       aeabi_ldivmod.S.obj            20      0         0      
       aeabi_uldivmod.S.obj           20      0         0      
       aeabi_memset.S.obj             12      0         0      
       aeabi_memcpy.S.obj             8       0         0      
       aeabi_div0.c.obj               4       0         0      
    +--+------------------------------+-------+---------+---------+
       Total:                         1554    0         0      
                                                               
       Stack:                         0       0         512    
       Linker Generated:              0       41        0      
    +--+------------------------------+-------+---------+---------+
       Grand Total:                   26616   1683      998    


LINKER GENERATED COPY TABLES

__TI_cinit_table @ 00006e9c records: 2, size/record: 8, table size: 16
	.bss: load addr=00006e8c, load size=00000008 bytes, run addr=20200000, run size=000001e5 bytes, compression=zero_init
	.data: load addr=00006e94, load size=00000005 bytes, run addr=202001e5, run size=00000001 bytes, compression=lzss


LINKER GENERATED HANDLER TABLE

__TI_handler_table @ 00006e80 records: 3, size/record: 4, table size: 12
	index: 0, handler: __TI_decompress_lzss
	index: 1, handler: __TI_decompress_none
	index: 2, handler: __TI_zero_init


GLOBAL SYMBOLS: SORTED ALPHABETICALLY BY Name 

address   name                                  
-------   ----                                  
00004d7b  ADC0_IRQHandler                       
00004d7b  ADC1_IRQHandler                       
00004d7b  AES_IRQHandler                        
00004ab1  AppConfig_InitDefault                 
000020a1  AppConfig_LimitAll                    
00005ad9  App_Init                              
000047b1  App_Update_20ms                       
000068be  C$$EXIT                               
00004d7b  CANFD0_IRQHandler                     
00006851  CarController_GetFeedback             
00006775  CarController_GetRunMode              
000053e9  CarController_Init                    
00005465  CarController_ResetRuntime            
000065bd  CarController_RunModeToString         
00005d51  CarController_SetSafetyHold           
000051bd  CarController_StartDriveHeading       
000054e1  CarController_StartFollowLine         
00004ff5  CarController_StartSeekLine           
000056c5  CarController_StartTurnLeft90         
00005651  CarController_StartTurnRight90        
000052dd  CarController_StartTurnToYawRelative  
00006469  CarController_Stop                    
000007c5  CarController_Update_20ms             
00006781  CarState_Get                          
0000678d  CarState_Init                         
00006799  CarState_Set                          
00004d7b  DAC0_IRQHandler                       
00006829  DL_Common_delayCycles                 
00004d7b  DMA_IRQHandler                        
00004d7b  Default_Handler                       
00005815  Encoder_HandleGpioInterrupt           
00006421  Encoder_Reset                         
00004d7b  GROUP0_IRQHandler                     
0000667d  GROUP1_IRQHandler                     
00006859  GimbalStepperTest_GetFeedback         
0000508d  GimbalStepperTest_Init                
00004875  GimbalStepperTest_MoveRelativeDeg     
00005b95  GimbalStepperTest_Release             
00005c4d  GimbalStepperTest_StopHold            
00004935  GimbalStepperTest_Tick100us           
00003861  Gimbal_YawGetFeedback                 
00003545  Gimbal_YawInit                        
00003035  Gimbal_YawMoveRelativeDeg             
00001ded  Gimbal_YawMoveWrappedDeg              
0000150d  Gimbal_YawRelease                     
000011ed  Gimbal_YawStopHold                    
00006861  Gimbal_YawTick100us                   
000036dd  Gimbal_YawUpdate5ms                   
000068bf  HOSTexit                              
00004d7b  HardFault_Handler                     
00006691  HeadingControl_Enable                 
00006869  HeadingControl_GetRuntime             
000066a5  HeadingControl_Init                   
000065d5  HeadingControl_LockCurrentYaw         
000066b9  HeadingControl_Reset                  
000065ed  HeadingControl_SetTargetYaw           
00003b4d  HeadingControl_Update                 
00004d7b  I2C0_IRQHandler                       
00004d7b  I2C1_IRQHandler                       
00002a4d  Imu_CalibrateGyroBias                 
000067a5  Imu_GetCorrectedGyroZDps              
00006871  Imu_GetRuntime                        
000067b1  Imu_GetYaw                            
00001b15  Imu_Init                              
00006569  Imu_IsReady                           
000067bd  Imu_ResetYaw                          
00003f29  Imu_Update                            
00006745  Key_GetEvent                          
00006295  Key_Init                              
000039d9  Key_Update_20ms                       
000067c9  Menu_GetPage                          
000067d5  Menu_GetParamItem                     
00005951  Menu_GetParamValue                    
000025a1  Menu_HandleKeyEvent                   
000066cd  Menu_Init                             
00006605  Menu_ParamItemToString                
0000661d  MissionLibrary_FindById               
000066e1  MissionLibrary_GetByIndex             
000068c3  MissionLibrary_GetCount               
00004cd1  MissionLibrary_Validate               
000062c5  MissionManager_Cancel                 
00006879  MissionManager_GetMissionCount        
00006881  MissionManager_GetRuntime             
000066f5  MissionManager_GetSelectedMissionId   
00005881  MissionManager_GetSelectedMissionIndex
00005e91  MissionManager_Init                   
00006489  MissionManager_Pause                  
000062f5  MissionManager_Reset                  
000064a9  MissionManager_Resume                 
00004281  MissionManager_SelectNext             
0000445d  MissionManager_SelectPrevious         
000067e1  MissionManager_SetExternalHold        
00005f1d  MissionManager_Start                  
00004189  MissionManager_Update_20ms            
00006635  MotionAction_Cancel                   
000064c9  MotionAction_GetCurrentBypassDirection
000064e9  MotionAction_GetCurrentObstaclePolicy 
00006889  MotionAction_GetRuntime               
0000664d  MotionAction_Init                     
00006185  MotionAction_ReapplyControllerTarget  
00003cad  MotionAction_Start                    
00002c61  MotionAction_Update_20ms              
000061bd  Motor_Init                            
00005da1  Motor_PwmTick100us                    
00004c21  Motor_SetSpeed                        
00006325  Motor_Stop                            
00004d7b  NMI_Handler                           
000027f9  OLED_Clear                            
0000460d  OLED_Init                             
00005b37  OLED_PrintBinary7                     
000046e1  OLED_PrintChar                        
00003ded  OLED_PrintInt16                       
00006261  OLED_PrintString                      
0000622d  OLED_SetCursor                        
00006891  ObstacleAvoidance_GetFeedback         
00006509  ObstacleAvoidance_Init                
000067ed  ObstacleAvoidance_IsActive            
000067f9  ObstacleAvoidance_IsFailed            
00006755  ObstacleAvoidance_IsResumeGraceActive 
00002329  ObstacleAvoidance_Update_20ms         
00006899  ObstacleMonitor_GetFeedback           
00006585  ObstacleMonitor_Init                  
00004e21  ObstacleMonitor_Update_20ms           
000065a1  ObstacleSafety_Init                   
00006805  ObstacleSafety_IsHolding              
000049f5  ObstacleSafety_Update_20ms            
00006811  OledUi_Init                           
000000c1  OledUi_Update_20ms                    
00004d7b  PendSV_Handler                        
00004d7b  RTC_IRQHandler                        
000068c7  Reset_Handler                         
00004d7b  SPI0_IRQHandler                       
00004d7b  SPI1_IRQHandler                       
00004d7b  SVC_Handler                           
00004b69  SYSCFG_DL_GPIO_init                   
00005f5d  SYSCFG_DL_SYSCTL_init                 
00006765  SYSCFG_DL_init                        
00006351  SYSCFG_DL_initPower                   
000068a1  Servo_GetFeedback                     
000063a9  Servo_Init                            
0000601d  Servo_SetAngleDeg                     
00005ed9  Servo_Tick100us                       
00005735  SysTick_Handler                       
00004d7b  TIMA0_IRQHandler                      
00004d7b  TIMA1_IRQHandler                      
00004d7b  TIMG0_IRQHandler                      
00004d7b  TIMG12_IRQHandler                     
00004d7b  TIMG6_IRQHandler                      
00004d7b  TIMG7_IRQHandler                      
00004d7b  TIMG8_IRQHandler                      
0000637d  TrackSensor_CountBlack                
000057a5  TrackSensor_DetectTurn                
000058e9  TrackSensor_GetErrorFromRaw           
00004e1f  TrackSensor_Init                      
00006833  TrackSensor_IsCenterDetected          
0000683d  TrackSensor_IsLineDetected            
00006847  TrackSensor_IsLineLost                
00005cfd  TrackSensor_ReadRaw                   
00004d7b  UART0_IRQHandler                      
00004d7b  UART1_IRQHandler                      
00004d7b  UART2_IRQHandler                      
00004d7b  UART3_IRQHandler                      
000068a9  Ultrasonic_GetFeedback                
00005df1  Ultrasonic_Init                       
000033a5  Ultrasonic_Tick100us                  
00005bf1  Ultrasonic_Update_20ms                
20208000  __STACK_END                           
00000200  __STACK_SIZE                          
00000000  __TI_ATRegion0_region_sz              
00000000  __TI_ATRegion0_src_addr               
00000000  __TI_ATRegion0_trg_addr               
00000000  __TI_ATRegion1_region_sz              
00000000  __TI_ATRegion1_src_addr               
00000000  __TI_ATRegion1_trg_addr               
00000000  __TI_ATRegion2_region_sz              
00000000  __TI_ATRegion2_src_addr               
00000000  __TI_ATRegion2_trg_addr               
00006e9c  __TI_CINIT_Base                       
00006eac  __TI_CINIT_Limit                      
00006eac  __TI_CINIT_Warm                       
00006e80  __TI_Handler_Table_Base               
00006e8c  __TI_Handler_Table_Limit              
000060d1  __TI_auto_init_nobinit_nopinit        
0000555d  __TI_decompress_lzss                  
00006731  __TI_decompress_none                  
ffffffff  __TI_pprof_out_hndl                   
ffffffff  __TI_prof_data_size                   
ffffffff  __TI_prof_data_start                  
00000000  __TI_static_base__                    
00006665  __TI_zero_init_nomemset               
0000453f  __addsf3                              
000061f5  __aeabi_f2iz                          
00005a79  __aeabi_f2lz                          
0000453f  __aeabi_fadd                          
000059b5  __aeabi_fcmpeq                        
000059f1  __aeabi_fcmpge                        
00005a05  __aeabi_fcmpgt                        
000059dd  __aeabi_fcmple                        
000059c9  __aeabi_fcmplt                        
00005365  __aeabi_fdiv                          
00005251  __aeabi_fmul                          
00004535  __aeabi_fsub                          
00006059  __aeabi_i2f                           
00005ca5  __aeabi_idiv                          
00004ff3  __aeabi_idiv0                         
00005ca5  __aeabi_idivmod                       
00005e41  __aeabi_l2f                           
000053e7  __aeabi_ldiv0                         
00006709  __aeabi_ldivmod                       
00006549  __aeabi_llsl                          
00006445  __aeabi_lmul                          
0000681d  __aeabi_memclr                        
0000681d  __aeabi_memclr4                       
0000681d  __aeabi_memclr8                       
000068b1  __aeabi_memcpy                        
000068b1  __aeabi_memcpy4                       
000068b1  __aeabi_memcpy8                       
00005f9d  __aeabi_uidiv                         
00005f9d  __aeabi_uidivmod                      
0000671d  __aeabi_uldivmod                      
00006549  __ashldi3                             
ffffffff  __binit__                             
0000610d  __cmpsf2                              
00005fdd  __divmoddi4                           
00005365  __divsf3                              
0000610d  __eqsf2                               
00005a79  __fixsfdi                             
000061f5  __fixsfsi                             
00005e41  __floatdisf                           
00006059  __floatsisf                           
00006095  __gesf2                               
00006095  __gtsf2                               
0000610d  __lesf2                               
0000610d  __ltsf2                               
UNDEFED   __mpu_init                            
00006445  __muldi3                              
00006149  __muldsi3                             
00005251  __mulsf3                              
0000610d  __nesf2                               
20207e00  __stack                               
20200000  __start___llvm_prf_bits               
20200000  __start___llvm_prf_cnts               
20200000  __stop___llvm_prf_bits                
20200000  __stop___llvm_prf_cnts                
00004535  __subsf3                              
00004d7d  __udivmoddi4                          
000063f9  _c_int00_noargs                       
UNDEFED   _system_post_cinit                    
000068cb  _system_pre_init                      
000068b9  abort                                 
ffffffff  binit                                 
20200000  g_appConfig                           
2020005c  g_appRuntime                          
202001dd  g_carStateDebug                       
2020013c  g_headingRuntime                      
202000c8  g_imuRuntime                          
202001de  g_keyEvent                            
202001df  g_oledPageDebug                       
202001e0  g_paramItemDebug                      
202001e1  g_trackBlackCount                     
202001c0  g_trackError                          
202001e2  g_trackModeDebug                      
202001e3  g_trackRaw                            
202001e4  g_trackTurnDebug                      
00000000  interruptVectors                      
00004ebd  main                                  
00004f59  memcpy                                
00005a17  memset                                


GLOBAL SYMBOLS: SORTED BY Symbol Address 

address   name                                  
-------   ----                                  
00000000  __TI_ATRegion0_region_sz              
00000000  __TI_ATRegion0_src_addr               
00000000  __TI_ATRegion0_trg_addr               
00000000  __TI_ATRegion1_region_sz              
00000000  __TI_ATRegion1_src_addr               
00000000  __TI_ATRegion1_trg_addr               
00000000  __TI_ATRegion2_region_sz              
00000000  __TI_ATRegion2_src_addr               
00000000  __TI_ATRegion2_trg_addr               
00000000  __TI_static_base__                    
00000000  interruptVectors                      
000000c1  OledUi_Update_20ms                    
00000200  __STACK_SIZE                          
000007c5  CarController_Update_20ms             
000011ed  Gimbal_YawStopHold                    
0000150d  Gimbal_YawRelease                     
00001b15  Imu_Init                              
00001ded  Gimbal_YawMoveWrappedDeg              
000020a1  AppConfig_LimitAll                    
00002329  ObstacleAvoidance_Update_20ms         
000025a1  Menu_HandleKeyEvent                   
000027f9  OLED_Clear                            
00002a4d  Imu_CalibrateGyroBias                 
00002c61  MotionAction_Update_20ms              
00003035  Gimbal_YawMoveRelativeDeg             
000033a5  Ultrasonic_Tick100us                  
00003545  Gimbal_YawInit                        
000036dd  Gimbal_YawUpdate5ms                   
00003861  Gimbal_YawGetFeedback                 
000039d9  Key_Update_20ms                       
00003b4d  HeadingControl_Update                 
00003cad  MotionAction_Start                    
00003ded  OLED_PrintInt16                       
00003f29  Imu_Update                            
00004189  MissionManager_Update_20ms            
00004281  MissionManager_SelectNext             
0000445d  MissionManager_SelectPrevious         
00004535  __aeabi_fsub                          
00004535  __subsf3                              
0000453f  __addsf3                              
0000453f  __aeabi_fadd                          
0000460d  OLED_Init                             
000046e1  OLED_PrintChar                        
000047b1  App_Update_20ms                       
00004875  GimbalStepperTest_MoveRelativeDeg     
00004935  GimbalStepperTest_Tick100us           
000049f5  ObstacleSafety_Update_20ms            
00004ab1  AppConfig_InitDefault                 
00004b69  SYSCFG_DL_GPIO_init                   
00004c21  Motor_SetSpeed                        
00004cd1  MissionLibrary_Validate               
00004d7b  ADC0_IRQHandler                       
00004d7b  ADC1_IRQHandler                       
00004d7b  AES_IRQHandler                        
00004d7b  CANFD0_IRQHandler                     
00004d7b  DAC0_IRQHandler                       
00004d7b  DMA_IRQHandler                        
00004d7b  Default_Handler                       
00004d7b  GROUP0_IRQHandler                     
00004d7b  HardFault_Handler                     
00004d7b  I2C0_IRQHandler                       
00004d7b  I2C1_IRQHandler                       
00004d7b  NMI_Handler                           
00004d7b  PendSV_Handler                        
00004d7b  RTC_IRQHandler                        
00004d7b  SPI0_IRQHandler                       
00004d7b  SPI1_IRQHandler                       
00004d7b  SVC_Handler                           
00004d7b  TIMA0_IRQHandler                      
00004d7b  TIMA1_IRQHandler                      
00004d7b  TIMG0_IRQHandler                      
00004d7b  TIMG12_IRQHandler                     
00004d7b  TIMG6_IRQHandler                      
00004d7b  TIMG7_IRQHandler                      
00004d7b  TIMG8_IRQHandler                      
00004d7b  UART0_IRQHandler                      
00004d7b  UART1_IRQHandler                      
00004d7b  UART2_IRQHandler                      
00004d7b  UART3_IRQHandler                      
00004d7d  __udivmoddi4                          
00004e1f  TrackSensor_Init                      
00004e21  ObstacleMonitor_Update_20ms           
00004ebd  main                                  
00004f59  memcpy                                
00004ff3  __aeabi_idiv0                         
00004ff5  CarController_StartSeekLine           
0000508d  GimbalStepperTest_Init                
000051bd  CarController_StartDriveHeading       
00005251  __aeabi_fmul                          
00005251  __mulsf3                              
000052dd  CarController_StartTurnToYawRelative  
00005365  __aeabi_fdiv                          
00005365  __divsf3                              
000053e7  __aeabi_ldiv0                         
000053e9  CarController_Init                    
00005465  CarController_ResetRuntime            
000054e1  CarController_StartFollowLine         
0000555d  __TI_decompress_lzss                  
00005651  CarController_StartTurnRight90        
000056c5  CarController_StartTurnLeft90         
00005735  SysTick_Handler                       
000057a5  TrackSensor_DetectTurn                
00005815  Encoder_HandleGpioInterrupt           
00005881  MissionManager_GetSelectedMissionIndex
000058e9  TrackSensor_GetErrorFromRaw           
00005951  Menu_GetParamValue                    
000059b5  __aeabi_fcmpeq                        
000059c9  __aeabi_fcmplt                        
000059dd  __aeabi_fcmple                        
000059f1  __aeabi_fcmpge                        
00005a05  __aeabi_fcmpgt                        
00005a17  memset                                
00005a79  __aeabi_f2lz                          
00005a79  __fixsfdi                             
00005ad9  App_Init                              
00005b37  OLED_PrintBinary7                     
00005b95  GimbalStepperTest_Release             
00005bf1  Ultrasonic_Update_20ms                
00005c4d  GimbalStepperTest_StopHold            
00005ca5  __aeabi_idiv                          
00005ca5  __aeabi_idivmod                       
00005cfd  TrackSensor_ReadRaw                   
00005d51  CarController_SetSafetyHold           
00005da1  Motor_PwmTick100us                    
00005df1  Ultrasonic_Init                       
00005e41  __aeabi_l2f                           
00005e41  __floatdisf                           
00005e91  MissionManager_Init                   
00005ed9  Servo_Tick100us                       
00005f1d  MissionManager_Start                  
00005f5d  SYSCFG_DL_SYSCTL_init                 
00005f9d  __aeabi_uidiv                         
00005f9d  __aeabi_uidivmod                      
00005fdd  __divmoddi4                           
0000601d  Servo_SetAngleDeg                     
00006059  __aeabi_i2f                           
00006059  __floatsisf                           
00006095  __gesf2                               
00006095  __gtsf2                               
000060d1  __TI_auto_init_nobinit_nopinit        
0000610d  __cmpsf2                              
0000610d  __eqsf2                               
0000610d  __lesf2                               
0000610d  __ltsf2                               
0000610d  __nesf2                               
00006149  __muldsi3                             
00006185  MotionAction_ReapplyControllerTarget  
000061bd  Motor_Init                            
000061f5  __aeabi_f2iz                          
000061f5  __fixsfsi                             
0000622d  OLED_SetCursor                        
00006261  OLED_PrintString                      
00006295  Key_Init                              
000062c5  MissionManager_Cancel                 
000062f5  MissionManager_Reset                  
00006325  Motor_Stop                            
00006351  SYSCFG_DL_initPower                   
0000637d  TrackSensor_CountBlack                
000063a9  Servo_Init                            
000063f9  _c_int00_noargs                       
00006421  Encoder_Reset                         
00006445  __aeabi_lmul                          
00006445  __muldi3                              
00006469  CarController_Stop                    
00006489  MissionManager_Pause                  
000064a9  MissionManager_Resume                 
000064c9  MotionAction_GetCurrentBypassDirection
000064e9  MotionAction_GetCurrentObstaclePolicy 
00006509  ObstacleAvoidance_Init                
00006549  __aeabi_llsl                          
00006549  __ashldi3                             
00006569  Imu_IsReady                           
00006585  ObstacleMonitor_Init                  
000065a1  ObstacleSafety_Init                   
000065bd  CarController_RunModeToString         
000065d5  HeadingControl_LockCurrentYaw         
000065ed  HeadingControl_SetTargetYaw           
00006605  Menu_ParamItemToString                
0000661d  MissionLibrary_FindById               
00006635  MotionAction_Cancel                   
0000664d  MotionAction_Init                     
00006665  __TI_zero_init_nomemset               
0000667d  GROUP1_IRQHandler                     
00006691  HeadingControl_Enable                 
000066a5  HeadingControl_Init                   
000066b9  HeadingControl_Reset                  
000066cd  Menu_Init                             
000066e1  MissionLibrary_GetByIndex             
000066f5  MissionManager_GetSelectedMissionId   
00006709  __aeabi_ldivmod                       
0000671d  __aeabi_uldivmod                      
00006731  __TI_decompress_none                  
00006745  Key_GetEvent                          
00006755  ObstacleAvoidance_IsResumeGraceActive 
00006765  SYSCFG_DL_init                        
00006775  CarController_GetRunMode              
00006781  CarState_Get                          
0000678d  CarState_Init                         
00006799  CarState_Set                          
000067a5  Imu_GetCorrectedGyroZDps              
000067b1  Imu_GetYaw                            
000067bd  Imu_ResetYaw                          
000067c9  Menu_GetPage                          
000067d5  Menu_GetParamItem                     
000067e1  MissionManager_SetExternalHold        
000067ed  ObstacleAvoidance_IsActive            
000067f9  ObstacleAvoidance_IsFailed            
00006805  ObstacleSafety_IsHolding              
00006811  OledUi_Init                           
0000681d  __aeabi_memclr                        
0000681d  __aeabi_memclr4                       
0000681d  __aeabi_memclr8                       
00006829  DL_Common_delayCycles                 
00006833  TrackSensor_IsCenterDetected          
0000683d  TrackSensor_IsLineDetected            
00006847  TrackSensor_IsLineLost                
00006851  CarController_GetFeedback             
00006859  GimbalStepperTest_GetFeedback         
00006861  Gimbal_YawTick100us                   
00006869  HeadingControl_GetRuntime             
00006871  Imu_GetRuntime                        
00006879  MissionManager_GetMissionCount        
00006881  MissionManager_GetRuntime             
00006889  MotionAction_GetRuntime               
00006891  ObstacleAvoidance_GetFeedback         
00006899  ObstacleMonitor_GetFeedback           
000068a1  Servo_GetFeedback                     
000068a9  Ultrasonic_GetFeedback                
000068b1  __aeabi_memcpy                        
000068b1  __aeabi_memcpy4                       
000068b1  __aeabi_memcpy8                       
000068b9  abort                                 
000068be  C$$EXIT                               
000068bf  HOSTexit                              
000068c3  MissionLibrary_GetCount               
000068c7  Reset_Handler                         
000068cb  _system_pre_init                      
00006e80  __TI_Handler_Table_Base               
00006e8c  __TI_Handler_Table_Limit              
00006e9c  __TI_CINIT_Base                       
00006eac  __TI_CINIT_Limit                      
00006eac  __TI_CINIT_Warm                       
20200000  __start___llvm_prf_bits               
20200000  __start___llvm_prf_cnts               
20200000  __stop___llvm_prf_bits                
20200000  __stop___llvm_prf_cnts                
20200000  g_appConfig                           
2020005c  g_appRuntime                          
202000c8  g_imuRuntime                          
2020013c  g_headingRuntime                      
202001c0  g_trackError                          
202001dd  g_carStateDebug                       
202001de  g_keyEvent                            
202001df  g_oledPageDebug                       
202001e0  g_paramItemDebug                      
202001e1  g_trackBlackCount                     
202001e2  g_trackModeDebug                      
202001e3  g_trackRaw                            
202001e4  g_trackTurnDebug                      
20207e00  __stack                               
20208000  __STACK_END                           
ffffffff  __TI_pprof_out_hndl                   
ffffffff  __TI_prof_data_size                   
ffffffff  __TI_prof_data_start                  
ffffffff  __binit__                             
ffffffff  binit                                 
UNDEFED   __mpu_init                            
UNDEFED   _system_post_cinit                    

[268 symbols]
