******************************************************************************
            TI ARM Clang Linker PC v4.0.4                      
******************************************************************************
>> Linked Fri Jul 24 01:46:10 2026

OUTPUT FILE NAME:   <diansaikaishi.out>
ENTRY POINT SYMBOL: "_c_int00_noargs"  address: 00010f25


MEMORY CONFIGURATION

         name            origin    length      used     unused   attr    fill
----------------------  --------  ---------  --------  --------  ----  --------
  FLASH                 00000000   00020000  00012360  0000dca0  R  X
  SRAM                  20200000   00008000  00000f7a  00007086  RW X
  BCR_CONFIG            41c00000   000000ff  00000000  000000ff  R   
  BSL_CONFIG            41c00100   00000080  00000000  00000080  R   


SEGMENT ALLOCATION MAP

run origin  load origin   length   init length attrs members
----------  ----------- ---------- ----------- ----- -------
00000000    00000000    00012360   00012360    r-x
  00000000    00000000    000000c0   000000c0    r-- .intvecs
  000000c0    000000c0    00011690   00011690    r-x .text
  00011750    00011750    00000be0   00000be0    r-- .rodata
  00012330    00012330    00000030   00000030    r-- .cinit
20200000    20200000    00000d7a   00000000    rw-
  20200000    20200000    00000d79   00000000    rw- .bss
  20200d79    20200d79    00000001   00000000    rw- .data
20207e00    20207e00    00000200   00000000    rw-
  20207e00    20207e00    00000200   00000000    rw- .stack


SECTION ALLOCATION MAP

 output                                  attributes/
section   page    origin      length       input sections
--------  ----  ----------  ----------   ----------------
.intvecs   0    00000000    000000c0     
                  00000000    000000c0     startup_mspm0g350x_ticlang.o (.intvecs)

.text      0    000000c0    00011690     
                  000000c0    00003414     oled_ui.o (.text.OledUi_Update_20ms)
                  000034d4    00001dd4     vision_tuning_console.o (.text.VisionTuningConsole_Process)
                  000052a8    00000518     app_config.o (.text.AppConfig_LimitAll)
                  000057c0    000004f0     line_controller.o (.text.LineController_Update)
                  00005cb0    000004e4     runtime_snapshot.o (.text.RuntimeSnapshot_Update)
                  00006194    0000047c     gimbal_tracker.o (.text.GimbalTracker_Update)
                  00006610    0000044c     motor_control.o (.text.update_wheel)
                  00006a5c    00000424     wheel_speed_estimator.o (.text.WheelSpeedEstimator_Update)
                  00006e80    000003e0     imu.o (.text.Imu_Update)
                  00007260    000003b0     vision_receiver.o (.text.VisionReceiver_Process)
                  00007610    00000388     gimbal_vision_yaw_tracker.o (.text.GimbalVisionYawTracker_Update10ms)
                  00007998    00000374     imu.o (.text.Imu_Init)
                  00007d0c    00000370     gimbal.o (.text.gimbal_update_feedback)
                  0000807c    00000344     obstacle_avoidance.o (.text.ObstacleAvoidance_Update_20ms)
                  000083c0    00000310     vision_tuning_console.o (.text.append_scaled)
                  000086d0    000002f0     imu.o (.text.mpu6050_read_regs)
                  000089c0    000002a8     gimbal_tracker.o (.text.update_feedback)
                  00008c68    00000298     gimbal.o (.text.Gimbal_YawSetWrappedTargetDeg)
                  00008f00    00000294     gimbal.o (.text.Gimbal_YawUpdate5ms)
                  00009194    00000290     gimbal.o (.text.Gimbal_PitchSetTrackingSpeedDegS)
                  00009424    0000028c     motor_control.o (.text.MotorControl_Update)
                  000096b0    00000254     oled.o (.text.OLED_Clear)
                  00009904    00000250     motion_action.o (.text.MotionAction_Update_20ms)
                  00009b54    00000238     gimbal.o (.text.gimbal_pitch_update_feedback)
                  00009d8c    00000230     imu.o (.text.Imu_CalibrateGyroBias)
                  00009fbc    00000228     gimbal_vision_pitch_tracker.o (.text.GimbalVisionPitchTracker_Update10ms)
                  0000a1e4    0000021c     car_controller.o (.text.handle_turn_to_yaw)
                  0000a400    00000204     motor.o (.text.Motor_SetSpeed)
                  0000a604    000001f4     vision_protocol.o (.text.VisionProtocol_ParseV1TargetFrame)
                  0000a7f8    000001e8     motor_control.o (.text.config_is_valid)
                  0000a9e0    000001e4     app_config.o (.text.AppConfig_InitDefault)
                  0000abc4    000001cc     imu.o (.text.imu_i2c_write_byte)
                  0000ad90    000001bc     gimbal.o (.text.Gimbal_PitchUpdate5ms)
                  0000af4c    000001b8     oled.o (.text.oled_i2c_write_byte)
                  0000b104    000001b0     car_controller.o (.text.CarController_Update_20ms)
                  0000b2b4    000001a0     ultrasonic.o (.text.Ultrasonic_Tick100us)
                  0000b454    00000194     gimbal_stepper.o (.text.GimbalStepper_Tick100us)
                  0000b5e8    00000180     gimbal.o (.text.Gimbal_PitchTick100us)
                  0000b768    0000017c     gimbal_stepper.o (.text.GimbalStepper_MoveToEstimatedSteps)
                  0000b8e4    00000174     key.o (.text.Key_Update_20ms)
                  0000ba58    0000016c     gimbal.o (.text.Gimbal_Init)
                  0000bbc4    00000168     empty.o (.text.main)
                  0000bd2c    00000160     gimbal.o (.text.gimbal_yaw_set_target_x10)
                  0000be8c    00000160     car_controller.o (.text.handle_drive_heading)
                  0000bfec    00000160     car_controller.o (.text.handle_lost_recover)
                  0000c14c    00000158     vision_tuning_console.o (.text.send_parameter_reply)
                  0000c2a4    00000158     vision_tuning_console.o (.text.send_yaw_parameter_reply)
                  0000c3fc    00000154     car_controller.o (.text.handle_seek_line)
                  0000c550    0000013c     oled.o (.text.OLED_PrintInt16)
                  0000c68c    0000012c     imu.o (.text.imu_i2c_recover_bus)
                  0000c7b8    00000128     gimbal.o (.text.Gimbal_YawEnableWorldLock)
                  0000c8e0    00000128     motion_action.o (.text.MotionAction_Start)
                  0000ca08    00000124     vision_tuning_console.o (.text.send_simple_reply)
                  0000cb2c    00000124     gimbal_vision_yaw_tracker.o (.text.sync_target_from_yaw)
                  0000cc50    00000120     menu.o (.text.Menu_HandleKeyEvent)
                  0000cd70    0000011c     line_controller.o (.text.LineController_Reset)
                  0000ce8c    00000118     app.o (.text.App_Update_20ms)
                  0000cfa4    00000110     car_controller.o (.text.CarController_StartTurnToYawRelative)
                  0000d0b4    0000010c     car_controller.o (.text.handle_follow_line)
                  0000d1c0    00000108     mission_manager.o (.text.MissionManager_Update_20ms)
                  0000d2c8    00000108     car_controller.o (.text.handle_turn_90)
                  0000d3d0    00000104     driverlib.a : dl_timer.o (.text.DL_Timer_initFourCCPWMMode)
                  0000d4d4    00000104     line_controller.o (.text.LineController_ResetControlState)
                  0000d5d8    00000100     motor_control.o (.text.MotorControl_SetNormalizedTarget)
                  0000d6d8    000000fc     empty.o (.text.SysTick_Handler)
                  0000d7d4    000000f8     line_controller.o (.text.LineController_Init)
                  0000d8cc    000000f0     gimbal.o (.text.Gimbal_PitchStopHold)
                  0000d9bc    000000f0     mission_manager.o (.text.MissionManager_SelectNext)
                  0000daac    000000ec     heading_control.o (.text.HeadingControl_Update)
                  0000db98    000000ec     gimbal_tracker.o (.text.sync_targets_from_gimbal)
                  0000dc84    000000e8     vision_protocol.o (.text.fields_are_valid)
                  0000dd6c    000000e0     obstacle_safety.o (.text.ObstacleSafety_Update_20ms)
                  0000de4c    000000e0     wheel_speed_estimator.o (.text.WheelSpeedEstimator_Init)
                  0000df2c    000000dc     ti_msp_dl_config.o (.text.SYSCFG_DL_GPIO_init)
                  0000e008    000000dc     oled_ui.o (.text.print_tuning_change_value)
                  0000e0e4    000000d8     mission_manager.o (.text.MissionManager_SelectPrevious)
                  0000e1bc    000000d8     oled.o (.text.OLED_PrintUInt16)
                  0000e294    000000d8     menu.o (.text.menu_adjust_param)
                  0000e36c    000000d8     libclang_rt.builtins.a : addsf3.S.obj (.text)
                  0000e444    000000d4     oled.o (.text.OLED_Init)
                  0000e518    000000d0     oled.o (.text.OLED_PrintChar)
                  0000e5e8    000000c8     car_controller.o (.text.CarController_StartDriveHeading)
                  0000e6b0    000000c8     fault.o (.text.FaultCode_ToShortString)
                  0000e778    000000c0     angle_utils.o (.text.Angle_Normalize180)
                  0000e838    000000bc     car_controller.o (.text.CarController_StartSeekLine)
                  0000e8f4    000000b4     gimbal_stepper.o (.text.GimbalStepper_StopHold)
                  0000e9a8    000000b4     gimbal_vision_adapter.o (.text.GimbalVisionAdapter_Update)
                  0000ea5c    000000b0     gimbal_stepper.o (.text.GimbalStepper_Init)
                  0000eb0c    000000a4     car_controller.o (.text.CarController_StartFollowLine)
                  0000ebb0    000000a4     encoder.o (.text.Encoder_HandleGpioInterrupt)
                  0000ec54    000000a4     gimbal_vision_yaw_tracker.o (.text.wrap_deg_360)
                  0000ecf8    000000a2     libclang_rt.builtins.a : udivmoddi4.S.obj (.text)
                  0000ed9a    00000002     startup_mspm0g350x_ticlang.o (.text.Default_Handler)
                  0000ed9c    0000009c     obstacle_monitor.o (.text.ObstacleMonitor_Update_20ms)
                  0000ee38    0000009a     libc.a : memcpy16.S.obj (.text:memcpy)
                  0000eed2    00000002     track_sensor.o (.text.TrackSensor_Init)
                  0000eed4    00000098     car_controller.o (.text.CarController_StartTurnRight90)
                  0000ef6c    00000098     imu.o (.text.mpu6050_write_reg)
                  0000f004    00000098     car_controller.o (.text.set_yaw_turn_output)
                  0000f09c    00000094     car_controller.o (.text.CarController_StartTurnLeft90)
                  0000f130    00000090     car_controller.o (.text.CarController_SetSafetyHold)
                  0000f1c0    0000008c     car_controller.o (.text.CarController_Init)
                  0000f24c    0000008c     gimbal.o (.text.Gimbal_YawDisableWorldLock)
                  0000f2d8    0000008c     gimbal.o (.text.Gimbal_YawStopHold)
                  0000f364    0000008c     ti_msp_dl_config.o (.text.SYSCFG_DL_PWM_MOTOR_init)
                  0000f3f0    0000008c     libclang_rt.builtins.a : mulsf3.S.obj (.text.__mulsf3)
                  0000f47c    00000088     car_controller.o (.text.CarController_ResetRuntime)
                  0000f504    0000000c     car_controller.o (.text.CarController_GetRunMode)
                  0000f510    00000088     libc.a : strcmp-armv6m.S.obj (.text:strcmp)
                  0000f598    00000084     motor.o (.text.Motor_Init)
                  0000f61c    00000082     app.o (.text.App_Init)
                  0000f69e    00000082     mission_library.o (.text.MissionLibrary_Validate)
                  0000f720    00000082     libclang_rt.builtins.a : divsf3.S.obj (.text.__divsf3)
                  0000f7a2    00000002                            : aeabi_div0.c.obj (.text.__aeabi_idiv0)
                  0000f7a4    00000080     gimbal_tracker.o (.text.GimbalTracker_Init)
                  0000f824    00000080     motor.o (.text.Motor_Stop)
                  0000f8a4    0000007c     vision_pitch_tuning.o (.text.VisionPitchTuning_Set)
                  0000f920    0000007c     libc.a : copy_decompress_lzss.c.obj (.text:decompress:lzss)
                  0000f99c    00000078     oled.o (.text.oled_write_command)
                  0000fa14    00000074     motor_control.o (.text.latch_control_error)
                  0000fa88    00000070     menu.o (.text.Menu_GetParamValue)
                  0000faf8    00000070     ti_msp_dl_config.o (.text.SYSCFG_DL_UART_VISION_init)
                  0000fb68    00000070     vision_yaw_tuning.o (.text.VisionYawTuning_Set)
                  0000fbd8    0000006e     track_sensor.o (.text.TrackSensor_DetectTurn)
                  0000fc46    00000002     libclang_rt.builtins.a : aeabi_div0.c.obj (.text.__aeabi_ldiv0)
                  0000fc48    0000006c     gimbal_vision_yaw_tracker.o (.text.GimbalVisionYawTracker_Init)
                  0000fcb4    00000068     mission_manager.o (.text.MissionManager_GetSelectedMissionIndex)
                  0000fd1c    00000066     track_sensor.o (.text.TrackSensor_GetErrorFromRaw)
                  0000fd82    00000002     --HOLE-- [fill = 0]
                  0000fd84    00000062     libclang_rt.builtins.a : aeabi_fcmp.S.obj (.text.__aeabi_fcmp)
                  0000fde6    00000062     libc.a : memset16.S.obj (.text:memset)
                  0000fe48    00000060     gimbal_tracker.o (.text.GimbalTracker_GetFeedback)
                  0000fea8    00000060     vision_tuning_console.o (.text.VisionTuningConsole_Init)
                  0000ff08    00000060     libclang_rt.builtins.a : fixsfdi.S.obj (.text.__fixsfdi)
                  0000ff68    00000060     motion_action.o (.text.motion_action_resolve_yaw_target)
                  0000ffc8    0000005c     vision_uart.o (.text.UART3_IRQHandler)
                  00010024    0000005c     ultrasonic.o (.text.Ultrasonic_Update_20ms)
                  00010080    0000005c     obstacle_avoidance.o (.text.avoid_fail)
                  000100dc    00000056     libclang_rt.builtins.a : aeabi_idivmod.S.obj (.text.__aeabi_idivmod)
                  00010132    00000002     --HOLE-- [fill = 0]
                  00010134    00000054     track_sensor.o (.text.TrackSensor_ReadRaw)
                  00010188    00000054     gimbal_vision_yaw_tracker.o (.text.float_to_scaled_i16)
                  000101dc    00000054     gimbal_vision_yaw_tracker.o (.text.stop_owned_tracking)
                  00010230    00000050     mission_manager.o (.text.MissionManager_Start)
                  00010280    00000050     ultrasonic.o (.text.Ultrasonic_Init)
                  000102d0    00000050     watchdog_monitor.o (.text.WatchdogMonitor_ApplyFaultIfNeeded)
                  00010320    0000004e     libclang_rt.builtins.a : floatdisf.S.obj (.text.__floatdisf)
                  0001036e    00000002     --HOLE-- [fill = 0]
                  00010370    0000004c     motor_control.o (.text.MotorControl_Stop)
                  000103bc    0000004c     watchdog_monitor.o (.text.WatchdogMonitor_Tick1msFromIsr)
                  00010408    0000004a     obstacle_avoidance.o (.text.avoid_can_start)
                  00010452    00000002     --HOLE-- [fill = 0]
                  00010454    00000048     driverlib.a : dl_uart.o (.text.DL_UART_init)
                  0001049c    00000048     mission_manager.o (.text.MissionManager_Init)
                  000104e4    00000048     motion_action.o (.text.MotionAction_ReapplyControllerTarget)
                  0001052c    00000044     encoder.o (.text.Encoder_GetAndClearPulseDeltas)
                  00010570    00000044     imu.o (.text.Imu_ResetYaw)
                  000105b4    00000044     servo.o (.text.Servo_Tick100us)
                  000105f8    00000040     emergency_stop.o (.text.EmergencyStop_Reset)
                  00010638    00000040     gimbal_vision_pitch_tracker.o (.text.GimbalVisionPitchTracker_Init)
                  00010678    00000040     ti_msp_dl_config.o (.text.SYSCFG_DL_SYSCTL_init)
                  000106b8    00000040     ti_msp_dl_config.o (.text.SYSCFG_DL_initPower)
                  000106f8    00000040     vision_receiver.o (.text.VisionReceiver_PushByteFromIsr)
                  00010738    00000040     libclang_rt.builtins.a : aeabi_uidivmod.S.obj (.text.__aeabi_uidivmod)
                  00010778    0000003e                            : divmoddi4.c.obj (.text.__divmoddi4)
                  000107b6    00000002     --HOLE-- [fill = 0]
                  000107b8    0000003c     servo.o (.text.Servo_SetAngleDeg)
                  000107f4    0000003c     vision_tuning_console.o (.text.VisionTuningConsole_PushByteFromIsr)
                  00010830    0000003c     libclang_rt.builtins.a : floatsisf.S.obj (.text.__floatsisf)
                  0001086c    0000003c                            : comparesf2.S.obj (.text.__gtsf2)
                  000108a8    0000003c     libc.a : autoinit.c.obj (.text:__TI_auto_init_nobinit_nopinit)
                  000108e4    0000003a     libclang_rt.builtins.a : comparesf2.S.obj (.text.__eqsf2)
                  0001091e    00000002     --HOLE-- [fill = 0]
                  00010920    0000003a                            : muldsi3.S.obj (.text.__muldsi3)
                  0001095a    00000002     --HOLE-- [fill = 0]
                  0001095c    00000038     car_controller.o (.text.CarController_Stop)
                  00010994    00000038     vision_receiver.o (.text.VisionReceiver_Init)
                  000109cc    00000038     libclang_rt.builtins.a : fixsfsi.S.obj (.text.__fixsfsi)
                  00010a04    00000034     emergency_stop.o (.text.EmergencyStop_Trigger)
                  00010a38    00000034     imu.o (.text.Imu_IsReady)
                  00010a6c    00000034     mission_manager.o (.text.MissionManager_Cancel)
                  00010aa0    00000034     oled.o (.text.OLED_SetCursor)
                  00010ad4    00000034     vision_tuning_console.o (.text.VisionTuningConsole_TryPopTxByte)
                  00010b08    00000034     vision_uart.o (.text.VisionUart_Process)
                  00010b3c    00000034     obstacle_avoidance.o (.text.avoid_start)
                  00010b70    00000032     oled.o (.text.OLED_PrintString)
                  00010ba2    00000002     --HOLE-- [fill = 0]
                  00010ba4    00000030     fault.o (.text.Fault_Raise)
                  00010bd4    00000030     gimbal_vision_yaw_tracker.o (.text.GimbalVisionYawTracker_GetFeedback)
                  00010c04    00000030     gimbal.o (.text.Gimbal_PitchGetFeedback)
                  00010c34    00000030     key.o (.text.Key_Init)
                  00010c64    00000030     line_controller.o (.text.LineController_ObserveSensors)
                  00010c94    00000030     mission_manager.o (.text.MissionManager_Reset)
                  00010cc4    00000030     mission_manager.o (.text.MissionManager_Resume)
                  00010cf4    00000030     vision_pitch_tuning.o (.text.VisionPitchTuning_RestoreDefault)
                  00010d24    00000030     watchdog_monitor.o (.text.WatchdogMonitor_Init)
                  00010d54    00000030     gimbal_vision_yaw_tracker.o (.text.refresh_yaw_feedback)
                  00010d84    0000002c     encoder.o (.text.Encoder_Reset)
                  00010db0    0000002c     track_sensor.o (.text.TrackSensor_CountBlack)
                  00010ddc    0000002c     vision_yaw_tuning.o (.text.VisionYawTuning_RestoreDefault)
                  00010e08    0000002c     gimbal_vision_pitch_tracker.o (.text.speed_to_x10)
                  00010e34    00000028     obstacle_avoidance.o (.text.ObstacleAvoidance_Init)
                  00010e5c    00000028     servo.o (.text.Servo_Init)
                  00010e84    00000028     vision_pitch_tuning.o (.text.VisionPitchTuning_Init)
                  00010eac    00000028     watchdog_monitor.o (.text.WatchdogMonitor_Reset)
                  00010ed4    00000028     libclang_rt.builtins.a : floatunsisf.S.obj (.text.__floatunsisf)
                  00010efc    00000028     libc.a : memmov.c.obj (.text.memmove)
                  00010f24    00000028            : boot_cortex_m.c.obj (.text:_c_int00_noargs)
                  00010f4c    00000024     emergency_stop.o (.text.EmergencyStop_Enforce)
                  00010f70    00000024     gimbal_vision_pitch_tracker.o (.text.GimbalVisionPitchTracker_GetFeedback)
                  00010f94    00000024     mission_manager.o (.text.MissionManager_ReportExternalFailure)
                  00010fb8    00000024     motor_control.o (.text.MotorControl_Init)
                  00010fdc    00000024     motor_control.o (.text.MotorControl_Reset)
                  00011000    00000024     ti_msp_dl_config.o (.text.SYSCFG_DL_init)
                  00011024    00000024     vision_yaw_tuning.o (.text.VisionYawTuning_Init)
                  00011048    00000024     libclang_rt.builtins.a : muldi3.S.obj (.text.__muldi3)
                  0001106c    00000020     driverlib.a : dl_timer.o (.text.DL_Timer_overrideCCPOut)
                  0001108c    00000020     debug_telemetry.o (.text.DebugTelemetry_Update)
                  000110ac    00000020     mission_manager.o (.text.MissionManager_Pause)
                  000110cc    00000020     motion_action.o (.text.MotionAction_GetCurrentBypassDirection)
                  000110ec    00000020     motion_action.o (.text.MotionAction_GetCurrentObstaclePolicy)
                  0001110c    00000020     motion_action.o (.text.MotionAction_Init)
                  0001112c    00000020     empty.o (.text.SchedulerMonitor_GetStats)
                  0001114c    00000020     vision_receiver.o (.text.VisionReceiver_GetProtocolErrorCount)
                  0001116c    00000020     mission_manager.o (.text.mission_finish_error)
                  0001118c    0000001e     libclang_rt.builtins.a : ashldi3.S.obj (.text.__ashldi3)
                  000111aa    00000002     --HOLE-- [fill = 0]
                  000111ac    0000001c     driverlib.a : dl_timer.o (.text.DL_Timer_setCaptCompUpdateMethod)
                  000111c8    0000001c                 : dl_timer.o (.text.DL_Timer_setClockConfig)
                  000111e4    0000001c     gimbal_vision_adapter.o (.text.GimbalVisionAdapter_Init)
                  00011200    0000001c     heading_control.o (.text.HeadingControl_SetTargetYaw)
                  0001121c    0000001c     menu.o (.text.Menu_Init)
                  00011238    0000001c     obstacle_monitor.o (.text.ObstacleMonitor_Init)
                  00011254    0000001c     obstacle_safety.o (.text.ObstacleSafety_Init)
                  00011270    0000001c     vision_pitch_tuning.o (.text.VisionPitchTuning_ParamName)
                  0001128c    0000001c     vision_yaw_tuning.o (.text.VisionYawTuning_GetSnapshot)
                  000112a8    0000001c     vision_yaw_tuning.o (.text.VisionYawTuning_ParamName)
                  000112c4    0000001c     watchdog_monitor.o (.text.WatchdogMonitor_NotifyControlCycleComplete)
                  000112e0    0000001c     mission_manager.o (.text.mission_finish_success)
                  000112fc    00000018     car_controller.o (.text.CarController_RunModeToString)
                  00011314    00000018     driverlib.a : dl_timer.o (.text.DL_Timer_setCaptureCompareOutCtl)
                  0001132c    00000018     debug_telemetry.o (.text.DebugTelemetry_Init)
                  00011344    00000018     heading_control.o (.text.HeadingControl_Init)
                  0001135c    00000018     heading_control.o (.text.HeadingControl_Reset)
                  00011374    00000018     menu.o (.text.Menu_ParamItemToString)
                  0001138c    00000018     motion_action.o (.text.MotionAction_Cancel)
                  000113a4    00000018     runtime_snapshot.o (.text.RuntimeSnapshot_Init)
                  000113bc    00000016     libclang_rt.builtins.a : comparesf2.S.obj (.text.__unordsf2)
                  000113d2    00000002     --HOLE-- [fill = 0]
                  000113d4    00000014     fault.o (.text.Fault_Clear)
                  000113e8    00000014     fault.o (.text.Fault_Init)
                  000113fc    00000014     empty.o (.text.GROUP1_IRQHandler)
                  00011410    00000014     gimbal_stepper.o (.text.GimbalStepper_SetStepHalfPeriodTicks)
                  00011424    00000014     heading_control.o (.text.HeadingControl_Enable)
                  00011438    00000014     mission_library.o (.text.MissionLibrary_FindById)
                  0001144c    00000014     mission_library.o (.text.MissionLibrary_GetByIndex)
                  00011460    00000014     mission_manager.o (.text.MissionManager_GetSelectedMissionId)
                  00011474    00000014     vision_pitch_tuning.o (.text.VisionPitchTuning_GetSnapshot)
                  00011488    00000014     vision_uart.o (.text.VisionUart_Init)
                  0001149c    00000014     libclang_rt.builtins.a : aeabi_ldivmod.S.obj (.text.__aeabi_ldivmod)
                  000114b0    00000014                            : aeabi_uldivmod.S.obj (.text.__aeabi_uldivmod)
                  000114c4    00000012     driverlib.a : dl_uart.o (.text.DL_UART_setClockConfig)
                  000114d6    00000012     libc.a : copy_decompress_none.c.obj (.text:decompress:none)
                  000114e8    00000010     driverlib.a : dl_timer.o (.text.DL_Timer_setCaptureCompareValue)
                  000114f8    00000010     gimbal.o (.text.Gimbal_YawGetFeedback)
                  00011508    00000010     key.o (.text.Key_GetEvent)
                  00011518    00000010     obstacle_avoidance.o (.text.ObstacleAvoidance_IsResumeGraceActive)
                  00011528    00000010     libc.a : copy_zero_init.c.obj (.text:decompress:ZI)
                  00011538    0000000c     car_controller.o (.text.CarController_IsSafetyHoldActive)
                  00011544    0000000c     car_state.o (.text.CarState_Get)
                  00011550    0000000c     car_state.o (.text.CarState_Init)
                  0001155c    0000000c     car_state.o (.text.CarState_Set)
                  00011568    0000000c     emergency_stop.o (.text.EmergencyStop_Init)
                  00011574    0000000c     emergency_stop.o (.text.EmergencyStop_IsActive)
                  00011580    0000000c     gimbal_vision_adapter.o (.text.GimbalVisionAdapter_GetObservation)
                  0001158c    0000000c     gimbal.o (.text.Gimbal_Tick100us)
                  00011598    0000000c     gimbal.o (.text.Gimbal_Update5ms)
                  000115a4    0000000c     imu.o (.text.Imu_GetCorrectedGyroZDps)
                  000115b0    0000000c     imu.o (.text.Imu_GetYaw)
                  000115bc    0000000c     menu.o (.text.Menu_GetPage)
                  000115c8    0000000c     menu.o (.text.Menu_GetParamItem)
                  000115d4    0000000c     mission_manager.o (.text.MissionManager_IsExternallyHeld)
                  000115e0    0000000c     mission_manager.o (.text.MissionManager_SetExternalHold)
                  000115ec    0000000c     obstacle_avoidance.o (.text.ObstacleAvoidance_IsActive)
                  000115f8    0000000c     obstacle_avoidance.o (.text.ObstacleAvoidance_IsFailed)
                  00011604    0000000c     obstacle_safety.o (.text.ObstacleSafety_IsHolding)
                  00011610    0000000c     oled_ui.o (.text.OledUi_Init)
                  0001161c    0000000c     empty.o (.text.SystemTime_GetMs)
                  00011628    0000000c     watchdog_monitor.o (.text.WatchdogMonitor_HasTripped)
                  00011634    0000000c     libclang_rt.builtins.a : aeabi_memset.S.obj (.text.__aeabi_memclr)
                  00011640    0000000a     driverlib.a : dl_common.o (.text.DL_Common_delayCycles)
                  0001164a    0000000a     track_sensor.o (.text.TrackSensor_IsCenterDetected)
                  00011654    0000000a     track_sensor.o (.text.TrackSensor_IsLineDetected)
                  0001165e    0000000a     track_sensor.o (.text.TrackSensor_IsLineLost)
                  00011668    00000008     car_controller.o (.text.CarController_GetFeedback)
                  00011670    00000008     fault.o (.text.Fault_GetRecord)
                  00011678    00000008     gimbal_stepper.o (.text.GimbalStepper_GetFeedback)
                  00011680    00000008     gimbal_vision_adapter.o (.text.GimbalVisionAdapter_GetFeedback)
                  00011688    00000008     gimbal.o (.text.Gimbal_PitchStopTrackingHold)
                  00011690    00000008     heading_control.o (.text.HeadingControl_GetRuntime)
                  00011698    00000008     imu.o (.text.Imu_GetRuntime)
                  000116a0    00000008     line_controller.o (.text.LineController_GetRuntime)
                  000116a8    00000008     mission_manager.o (.text.MissionManager_GetMissionCount)
                  000116b0    00000008     mission_manager.o (.text.MissionManager_GetRuntime)
                  000116b8    00000008     motion_action.o (.text.MotionAction_GetRuntime)
                  000116c0    00000008     motor_control.o (.text.MotorControl_GetRuntime)
                  000116c8    00000008     obstacle_avoidance.o (.text.ObstacleAvoidance_GetFeedback)
                  000116d0    00000008     obstacle_monitor.o (.text.ObstacleMonitor_GetFeedback)
                  000116d8    00000008     servo.o (.text.Servo_GetFeedback)
                  000116e0    00000008     ultrasonic.o (.text.Ultrasonic_GetFeedback)
                  000116e8    00000008     vision_pitch_tuning.o (.text.VisionPitchTuning_GetStatus)
                  000116f0    00000008     vision_receiver.o (.text.VisionReceiver_GetObservation)
                  000116f8    00000008     vision_receiver.o (.text.VisionReceiver_GetStatus)
                  00011700    00000008     vision_tuning_console.o (.text.VisionTuningConsole_GetStatus)
                  00011708    00000008     watchdog_monitor.o (.text.WatchdogMonitor_GetStatus)
                  00011710    00000008     wheel_speed_estimator.o (.text.WheelSpeedEstimator_GetRuntime)
                  00011718    00000008     libclang_rt.builtins.a : aeabi_memcpy.S.obj (.text.__aeabi_memcpy)
                  00011720    00000008                            : aeabi_memmove.S.obj (.text.__aeabi_memmove)
                  00011728    00000006     libc.a : exit.c.obj (.text:abort)
                  0001172e    00000004     libsysbm.a : hostexit.c.obj (.text.HOSTexit)
                  00011732    00000004     mission_library.o (.text.MissionLibrary_GetCount)
                  00011736    00000004     startup_mspm0g350x_ticlang.o (.text.Reset_Handler)
                  0001173a    00000002     --HOLE-- [fill = 0]
                  0001173c    00000010     libc.a : boot_cortex_m.c.obj (.tramp._c_int00_noargs.1)
                  0001174c    00000004            : pre_init.c.obj (.text._system_pre_init)

.cinit     0    00012330    00000030     
                  00012330    0000000c     (__TI_handler_table)
                  0001233c    00000008     (.cinit..bss.load) [load image, compression = zero_init]
                  00012344    00000005     (.cinit..data.load) [load image, compression = lzss]
                  00012349    00000003     --HOLE-- [fill = 0]
                  0001234c    00000010     (__TI_cinit_table)
                  0001235c    00000004     --HOLE-- [fill = 0]

.rodata    0    00011750    00000be0     
                  00011750    000000d8     oled.o (.rodata..Lswitch.table.OLED_PrintChar)
                  00011828    000000a8     mission_library.o (.rodata.g_missionMapA)
                  000118d0    000000a8     mission_library.o (.rodata.g_missionMapB)
                  00011978    00000080     mission_library.o (.rodata.g_missionRegistry)
                  000119f8    00000078     mission_library.o (.rodata.g_missionMapC)
                  00011a70    00000078     mission_library.o (.rodata.g_missionTestRight90Turn)
                  00011ae8    00000060     mission_library.o (.rodata.g_missionTestYawHeading)
                  00011b48    00000048     mission_library.o (.rodata.g_missionTestObstacleFixed)
                  00011b90    00000048     mission_library.o (.rodata.g_missionTestSeekThenFollow)
                  00011bd8    00000048     mission_library.o (.rodata.g_missionTestStopOnly)
                  00011c20    00000034     mission_library.o (.rodata..Lswitch.table.MissionLibrary_FindById)
                  00011c54    00000030     oled_ui.o (.rodata..Lswitch.table.OledUi_Update_20ms.194)
                  00011c84    00000024     menu.o (.rodata..Lswitch.table.Menu_ParamItemToString)
                  00011ca8    00000024     oled_ui.o (.rodata..Lswitch.table.OledUi_Update_20ms.198)
                  00011ccc    00000024     oled_ui.o (.rodata..Lswitch.table.OledUi_Update_20ms.200)
                  00011cf0    00000020     oled_ui.o (.rodata..Lswitch.table.OledUi_Update_20ms.199)
                  00011d10    0000001c     car_controller.o (.rodata..Lswitch.table.CarController_RunModeToString)
                  00011d2c    0000001c     vision_tuning_console.o (.rodata.str1.1836208005852235077.1)
                  00011d48    00000018     oled_ui.o (.rodata..Lswitch.table.OledUi_Update_20ms.201)
                  00011d60    00000018     vision_pitch_tuning.o (.rodata..Lswitch.table.VisionPitchTuning_ParamName)
                  00011d78    00000014     vision_yaw_tuning.o (.rodata..Lswitch.table.VisionYawTuning_ParamName)
                  00011d8c    00000010     oled_ui.o (.rodata..Lswitch.table.OledUi_Update_20ms.191)
                  00011d9c    0000000e     oled_ui.o (.rodata.str1.10416366799939242409.1)
                  00011daa    00000002     ti_msp_dl_config.o (.rodata.gUART_VISIONClockConfig)
                  00011dac    0000000c     oled_ui.o (.rodata..Lswitch.table.OledUi_Update_20ms.193)
                  00011db8    0000000c     oled_ui.o (.rodata..Lswitch.table.OledUi_Update_20ms.195)
                  00011dc4    0000000c     oled_ui.o (.rodata..Lswitch.table.OledUi_Update_20ms)
                  00011dd0    0000000b     menu.o (.rodata..Lswitch.table.Menu_HandleKeyEvent)
                  00011ddb    0000000b     mission_library.o (.rodata.str1.1440970855772709381.1)
                  00011de6    0000000b     mission_library.o (.rodata.str1.199678142196697465.1)
                  00011df1    00000001     --HOLE-- [fill = 0]
                  00011df2    0000000a     ti_msp_dl_config.o (.rodata.gUART_VISIONConfig)
                  00011dfc    0000000a     mission_library.o (.rodata.str1.11682660667400632204.1)
                  00011e06    0000000a     vision_tuning_console.o (.rodata.str1.4859846923128959820.1)
                  00011e10    0000000a     vision_tuning_console.o (.rodata.str1.7225688704195888286.1)
                  00011e1a    00000009     mission_library.o (.rodata.str1.13636476544574750902.1)
                  00011e23    00000009     oled_ui.o (.rodata.str1.7774807581888385879.1)
                  00011e2c    00000008     ti_msp_dl_config.o (.rodata.gPWM_MOTORConfig)
                  00011e34    00000008     oled_ui.o (.rodata.str1.10077435089618835710.1)
                  00011e3c    00000008     oled_ui.o (.rodata.str1.10163600690795753232.1)
                  00011e44    00000008     vision_tuning_console.o (.rodata.str1.11718269490974306969.1)
                  00011e4c    00000008     mission_library.o (.rodata.str1.15668266851434757964.1)
                  00011e54    00000008     oled_ui.o (.rodata.str1.16931641404301806744.1)
                  00011e5c    00000008     vision_tuning_console.o (.rodata.str1.3293472937029561918.1)
                  00011e64    00000008     oled_ui.o (.rodata.str1.4932371652560868037.1)
                  00011e6c    00000008     oled_ui.o (.rodata.str1.8018480777946742726.1)
                  00011e74    00000007     vision_tuning_console.o (.rodata.str1.10860306953068020798.1)
                  00011e7b    00000007     oled_ui.o (.rodata.str1.13882251010780863896.1)
                  00011e82    00000007     oled_ui.o (.rodata.str1.17540787658903907660.1)
                  00011e89    00000007     oled_ui.o (.rodata.str1.18128648927899109887.1)
                  00011e90    00000007     oled_ui.o (.rodata.str1.2002540315216928218.1)
                  00011e97    00000007     oled_ui.o (.rodata.str1.2308938766145545715.1)
                  00011e9e    00000007     oled_ui.o (.rodata.str1.4402311448527872260.1)
                  00011ea5    00000007     oled_ui.o (.rodata.str1.8783421139296713095.1)
                  00011eac    00000006     vision_tuning_console.o (.rodata.str1.10319329813075420582.1)
                  00011eb2    00000006     oled_ui.o (.rodata.str1.11614055506586029288.1)
                  00011eb8    00000006     oled_ui.o (.rodata.str1.12493748764729730277.1)
                  00011ebe    00000006     oled_ui.o (.rodata.str1.13567883086814673087.1)
                  00011ec4    00000006     oled_ui.o (.rodata.str1.13892659840332223045.1)
                  00011eca    00000006     oled_ui.o (.rodata.str1.1445687256832830955.1)
                  00011ed0    00000006     mission_library.o (.rodata.str1.15604890807705439409.1)
                  00011ed6    00000006     oled_ui.o (.rodata.str1.16133855533230012141.1)
                  00011edc    00000006     mission_library.o (.rodata.str1.1642528554392422750.1)
                  00011ee2    00000006     oled_ui.o (.rodata.str1.16583701629962107131.1)
                  00011ee8    00000006     oled_ui.o (.rodata.str1.18266126048138325213.1)
                  00011eee    00000006     oled_ui.o (.rodata.str1.2608729314174233125.1)
                  00011ef4    00000006     oled_ui.o (.rodata.str1.2656948373757303877.1)
                  00011efa    00000006     oled_ui.o (.rodata.str1.270145429241168923.1)
                  00011f00    00000006     vision_tuning_console.o (.rodata.str1.4028100529439820245.1)
                  00011f06    00000006     mission_library.o (.rodata.str1.4392264057376583881.1)
                  00011f0c    00000006     oled_ui.o (.rodata.str1.8703997732205428909.1)
                  00011f12    00000005     oled.o (.rodata.oled_get_glyph.colon)
                  00011f17    00000005     oled.o (.rodata.oled_get_glyph.eight)
                  00011f1c    00000005     oled.o (.rodata.oled_get_glyph.five)
                  00011f21    00000005     oled.o (.rodata.oled_get_glyph.four)
                  00011f26    00000005     oled.o (.rodata.oled_get_glyph.glyphA)
                  00011f2b    00000005     oled.o (.rodata.oled_get_glyph.glyphB)
                  00011f30    00000005     oled.o (.rodata.oled_get_glyph.glyphC)
                  00011f35    00000005     oled.o (.rodata.oled_get_glyph.glyphD)
                  00011f3a    00000005     oled.o (.rodata.oled_get_glyph.glyphE)
                  00011f3f    00000005     oled.o (.rodata.oled_get_glyph.glyphG)
                  00011f44    00000005     oled.o (.rodata.oled_get_glyph.glyphH)
                  00011f49    00000005     oled.o (.rodata.oled_get_glyph.glyphI)
                  00011f4e    00000005     oled.o (.rodata.oled_get_glyph.glyphK)
                  00011f53    00000005     oled.o (.rodata.oled_get_glyph.glyphL)
                  00011f58    00000005     oled.o (.rodata.oled_get_glyph.glyphM)
                  00011f5d    00000005     oled.o (.rodata.oled_get_glyph.glyphN)
                  00011f62    00000005     oled.o (.rodata.oled_get_glyph.glyphO)
                  00011f67    00000005     oled.o (.rodata.oled_get_glyph.glyphP)
                  00011f6c    00000005     oled.o (.rodata.oled_get_glyph.glyphR)
                  00011f71    00000005     oled.o (.rodata.oled_get_glyph.glyphS)
                  00011f76    00000005     oled.o (.rodata.oled_get_glyph.glyphT)
                  00011f7b    00000005     oled.o (.rodata.oled_get_glyph.glyphU)
                  00011f80    00000005     oled.o (.rodata.oled_get_glyph.glyphV)
                  00011f85    00000005     oled.o (.rodata.oled_get_glyph.glyphW)
                  00011f8a    00000005     oled.o (.rodata.oled_get_glyph.glyphX)
                  00011f8f    00000005     oled.o (.rodata.oled_get_glyph.glyphY)
                  00011f94    00000005     oled.o (.rodata.oled_get_glyph.glyphb)
                  00011f99    00000005     oled.o (.rodata.oled_get_glyph.gt)
                  00011f9e    00000005     oled.o (.rodata.oled_get_glyph.minus)
                  00011fa3    00000005     oled.o (.rodata.oled_get_glyph.nine)
                  00011fa8    00000005     oled.o (.rodata.oled_get_glyph.one)
                  00011fad    00000005     oled.o (.rodata.oled_get_glyph.seven)
                  00011fb2    00000005     oled.o (.rodata.oled_get_glyph.six)
                  00011fb7    00000005     oled.o (.rodata.oled_get_glyph.space)
                  00011fbc    00000005     oled.o (.rodata.oled_get_glyph.three)
                  00011fc1    00000005     oled.o (.rodata.oled_get_glyph.two)
                  00011fc6    00000005     oled.o (.rodata.oled_get_glyph.zero)
                  00011fcb    00000005     oled_ui.o (.rodata.str1.10509309789429088155.1)
                  00011fd0    00000005     oled_ui.o (.rodata.str1.11428648044669318875.1)
                  00011fd5    00000005     oled_ui.o (.rodata.str1.12447783896598192203.1)
                  00011fda    00000005     oled_ui.o (.rodata.str1.12595606217184830646.1)
                  00011fdf    00000005     oled_ui.o (.rodata.str1.12617122458660443890.1)
                  00011fe4    00000005     oled_ui.o (.rodata.str1.13750180467131823662.1)
                  00011fe9    00000005     oled_ui.o (.rodata.str1.13790669171379415506.1)
                  00011fee    00000005     vision_pitch_tuning.o (.rodata.str1.13915893147848268398.1)
                  00011ff3    00000005     fault.o (.rodata.str1.14435905801345341244.1)
                  00011ff8    00000005     oled_ui.o (.rodata.str1.14521350379984854626.1)
                  00011ffd    00000005     oled_ui.o (.rodata.str1.14675223611663555778.1)
                  00012002    00000005     oled_ui.o (.rodata.str1.14774750633985060196.1)
                  00012007    00000005     fault.o (.rodata.str1.1506612114648992996.1)
                  0001200c    00000005     oled_ui.o (.rodata.str1.15817398807211891688.1)
                  00012011    00000005     oled_ui.o (.rodata.str1.15829239520183577662.1)
                  00012016    00000005     oled_ui.o (.rodata.str1.15917848551323629232.1)
                  0001201b    00000005     oled_ui.o (.rodata.str1.16411631209783952401.1)
                  00012020    00000005     car_controller.o (.rodata.str1.1652194605229746967.1)
                  00012025    00000005     oled_ui.o (.rodata.str1.16895433903389883335.1)
                  0001202a    00000005     oled_ui.o (.rodata.str1.16939060351352778619.1)
                  0001202f    00000005     fault.o (.rodata.str1.17097894860660336008.1)
                  00012034    00000005     fault.o (.rodata.str1.17155043670132108083.1)
                  00012039    00000005     vision_tuning_console.o (.rodata.str1.17265544270347038021.1)
                  0001203e    00000005     oled_ui.o (.rodata.str1.17436941090773226089.1)
                  00012043    00000005     oled_ui.o (.rodata.str1.17464849429964608858.1)
                  00012048    00000005     oled_ui.o (.rodata.str1.17719310104486814868.1)
                  0001204d    00000005     fault.o (.rodata.str1.2104670281202025270.1)
                  00012052    00000005     oled_ui.o (.rodata.str1.240075016795266086.1)
                  00012057    00000005     oled_ui.o (.rodata.str1.2522137003438374266.1)
                  0001205c    00000005     oled_ui.o (.rodata.str1.2742282290834473644.1)
                  00012061    00000005     oled_ui.o (.rodata.str1.2983744876309220570.1)
                  00012066    00000005     oled_ui.o (.rodata.str1.3247264562726604308.1)
                  0001206b    00000005     oled_ui.o (.rodata.str1.3407221357956504873.1)
                  00012070    00000005     oled_ui.o (.rodata.str1.3702290527496711532.1)
                  00012075    00000005     oled_ui.o (.rodata.str1.4082595774073207366.1)
                  0001207a    00000005     car_controller.o (.rodata.str1.4164979912472006574.1)
                  0001207f    00000005     fault.o (.rodata.str1.4453281041433270631.1)
                  00012084    00000005     fault.o (.rodata.str1.4549004730087743662.1)
                  00012089    00000005     oled_ui.o (.rodata.str1.4581472623415959594.1)
                  0001208e    00000005     oled_ui.o (.rodata.str1.4610220316623841660.1)
                  00012093    00000005     menu.o (.rodata.str1.4862307748908978627.1)
                  00012098    00000005     oled_ui.o (.rodata.str1.5965888106848176421.1)
                  0001209d    00000005     fault.o (.rodata.str1.6372787129294360447.1)
                  000120a2    00000005     fault.o (.rodata.str1.6437946768974223044.1)
                  000120a7    00000005     oled_ui.o (.rodata.str1.6473435968988645044.1)
                  000120ac    00000005     oled_ui.o (.rodata.str1.6744096065564390185.1)
                  000120b1    00000005     oled_ui.o (.rodata.str1.6954814719705590448.1)
                  000120b6    00000005     oled_ui.o (.rodata.str1.7185587941321649510.1)
                  000120bb    00000005     oled_ui.o (.rodata.str1.7219546930854689545.1)
                  000120c0    00000005     oled_ui.o (.rodata.str1.7419768602719733415.1)
                  000120c5    00000005     vision_yaw_tuning.o (.rodata.str1.7764041101441114269.1)
                  000120ca    00000005     fault.o (.rodata.str1.8185770893384132067.1)
                  000120cf    00000005     oled_ui.o (.rodata.str1.8399051469953744892.1)
                  000120d4    00000005     oled_ui.o (.rodata.str1.8403269972884532600.1)
                  000120d9    00000005     oled_ui.o (.rodata.str1.8426569189266129334.1)
                  000120de    00000005     oled_ui.o (.rodata.str1.8460525935980491721.1)
                  000120e3    00000005     oled_ui.o (.rodata.str1.8471462185882660445.1)
                  000120e8    00000005     oled_ui.o (.rodata.str1.8615431116298670950.1)
                  000120ed    00000005     oled_ui.o (.rodata.str1.8693388333057100694.1)
                  000120f2    00000005     oled_ui.o (.rodata.str1.8709745090823444516.1)
                  000120f7    00000005     oled_ui.o (.rodata.str1.9102528229756940648.1)
                  000120fc    00000005     car_controller.o (.rodata.str1.9234375891235759983.1)
                  00012101    00000005     oled_ui.o (.rodata.str1.9646571805098343045.1)
                  00012106    00000005     car_controller.o (.rodata.str1.9981487771679760427.1)
                  0001210b    00000004     oled_ui.o (.rodata.str1.1019225241002246410.1)
                  0001210f    00000004     oled_ui.o (.rodata.str1.10263419832828250601.1)
                  00012113    00000004     oled_ui.o (.rodata.str1.10430294223631918979.1)
                  00012117    00000004     oled_ui.o (.rodata.str1.10568433575767188072.1)
                  0001211b    00000004     oled_ui.o (.rodata.str1.11049990970699464748.1)
                  0001211f    00000004     oled_ui.o (.rodata.str1.11178346780556493352.1)
                  00012123    00000004     oled_ui.o (.rodata.str1.11232419324784801130.1)
                  00012127    00000004     oled_ui.o (.rodata.str1.11388022865931857840.1)
                  0001212b    00000004     oled_ui.o (.rodata.str1.11627403558423016802.1)
                  0001212f    00000004     oled_ui.o (.rodata.str1.12043213579996415112.1)
                  00012133    00000004     menu.o (.rodata.str1.12110183915172842339.1)
                  00012137    00000004     oled_ui.o (.rodata.str1.12182588061437138428.1)
                  0001213b    00000004     car_controller.o (.rodata.str1.12442237994239546032.1)
                  0001213f    00000004     oled_ui.o (.rodata.str1.12571791089077708471.1)
                  00012143    00000004     oled_ui.o (.rodata.str1.12697925274637991987.1)
                  00012147    00000004     oled_ui.o (.rodata.str1.12888220461447056082.1)
                  0001214b    00000004     oled_ui.o (.rodata.str1.12983537867572525563.1)
                  0001214f    00000004     oled_ui.o (.rodata.str1.130772507669342127.1)
                  00012153    00000004     menu.o (.rodata.str1.13124720451672825294.1)
                  00012157    00000004     oled_ui.o (.rodata.str1.13244290092665904221.1)
                  0001215b    00000004     oled_ui.o (.rodata.str1.13271657277589579873.1)
                  0001215f    00000004     fault.o (.rodata.str1.13582094816268305212.1)
                  00012163    00000004     oled_ui.o (.rodata.str1.13871579367539052597.1)
                  00012167    00000004     oled_ui.o (.rodata.str1.13875148296791986931.1)
                  0001216b    00000004     vision_tuning_console.o (.rodata.str1.14084955404328172175.1)
                  0001216f    00000004     menu.o (.rodata.str1.14098755746347272832.1)
                  00012173    00000004     oled_ui.o (.rodata.str1.14132186318895045592.1)
                  00012177    00000004     oled_ui.o (.rodata.str1.14134189893851348960.1)
                  0001217b    00000004     oled_ui.o (.rodata.str1.14142815821055334776.1)
                  0001217f    00000004     oled_ui.o (.rodata.str1.14168333168339663346.1)
                  00012183    00000004     oled_ui.o (.rodata.str1.14358698208395374265.1)
                  00012187    00000004     oled_ui.o (.rodata.str1.14556837007311414654.1)
                  0001218b    00000004     oled_ui.o (.rodata.str1.14711868471336838103.1)
                  0001218f    00000004     oled_ui.o (.rodata.str1.14740362735394205067.1)
                  00012193    00000004     oled_ui.o (.rodata.str1.14748562464132904299.1)
                  00012197    00000004     oled_ui.o (.rodata.str1.15008238333949226094.1)
                  0001219b    00000004     oled_ui.o (.rodata.str1.15575624326185233262.1)
                  0001219f    00000004     oled_ui.o (.rodata.str1.15577080202403550426.1)
                  000121a3    00000004     oled_ui.o (.rodata.str1.15613891207764622616.1)
                  000121a7    00000004     oled_ui.o (.rodata.str1.15935041339501476673.1)
                  000121ab    00000004     fault.o (.rodata.str1.16482347271627360806.1)
                  000121af    00000004     oled_ui.o (.rodata.str1.16496169091617228061.1)
                  000121b3    00000004     vision_pitch_tuning.o (.rodata.str1.16579632732967443104.1)
                  000121b7    00000004     oled_ui.o (.rodata.str1.16635595130967924751.1)
                  000121bb    00000004     oled_ui.o (.rodata.str1.16849766574302683489.1)
                  000121bf    00000004     menu.o (.rodata.str1.17041139162815566052.1)
                  000121c3    00000004     car_controller.o (.rodata.str1.17172356789460551389.1)
                  000121c7    00000004     oled_ui.o (.rodata.str1.17242430504649735449.1)
                  000121cb    00000004     oled_ui.o (.rodata.str1.17274519358952562110.1)
                  000121cf    00000004     oled_ui.o (.rodata.str1.17678525341650131470.1)
                  000121d3    00000004     oled_ui.o (.rodata.str1.17717236995185551183.1)
                  000121d7    00000004     oled_ui.o (.rodata.str1.17763996158807330232.1)
                  000121db    00000004     oled_ui.o (.rodata.str1.17881291656140238186.1)
                  000121df    00000004     oled_ui.o (.rodata.str1.17884296644359297425.1)
                  000121e3    00000004     oled_ui.o (.rodata.str1.18190418239766617312.1)
                  000121e7    00000004     car_controller.o (.rodata.str1.18191498530309206443.1)
                  000121eb    00000004     oled_ui.o (.rodata.str1.18379317056176403938.1)
                  000121ef    00000004     oled_ui.o (.rodata.str1.1974573040514735405.1)
                  000121f3    00000004     oled_ui.o (.rodata.str1.2193316011307952170.1)
                  000121f7    00000004     oled_ui.o (.rodata.str1.3467953211977455017.1)
                  000121fb    00000004     oled_ui.o (.rodata.str1.35417727660486075.1)
                  000121ff    00000004     oled_ui.o (.rodata.str1.4193589846040060630.1)
                  00012203    00000004     oled_ui.o (.rodata.str1.4551794666512319153.1)
                  00012207    00000004     oled_ui.o (.rodata.str1.4581686099848791648.1)
                  0001220b    00000004     oled_ui.o (.rodata.str1.4723632947289500520.1)
                  0001220f    00000004     menu.o (.rodata.str1.5155000645726596423.1)
                  00012213    00000004     oled_ui.o (.rodata.str1.5291836437463020264.1)
                  00012217    00000004     oled_ui.o (.rodata.str1.5689016102676777062.1)
                  0001221b    00000004     oled_ui.o (.rodata.str1.5853739094453432564.1)
                  0001221f    00000004     oled_ui.o (.rodata.str1.5948326995020184415.1)
                  00012223    00000004     oled_ui.o (.rodata.str1.5965450730569173784.1)
                  00012227    00000004     oled_ui.o (.rodata.str1.6350830172869379626.1)
                  0001222b    00000004     oled_ui.o (.rodata.str1.6806727740681590176.1)
                  0001222f    00000004     oled_ui.o (.rodata.str1.6835749436006845616.1)
                  00012233    00000004     car_controller.o (.rodata.str1.702403006289709404.1)
                  00012237    00000004     oled_ui.o (.rodata.str1.7050595558965647569.1)
                  0001223b    00000004     fault.o (.rodata.str1.7255546073596598018.1)
                  0001223f    00000004     oled_ui.o (.rodata.str1.7481335054564682966.1)
                  00012243    00000004     oled_ui.o (.rodata.str1.799718701096035713.1)
                  00012247    00000004     oled_ui.o (.rodata.str1.8124536758062367015.1)
                  0001224b    00000004     oled_ui.o (.rodata.str1.8236579331345056500.1)
                  0001224f    00000004     oled_ui.o (.rodata.str1.8449035241871861290.1)
                  00012253    00000004     oled_ui.o (.rodata.str1.8950259614286592359.1)
                  00012257    00000004     oled_ui.o (.rodata.str1.9044019526854345694.1)
                  0001225b    00000004     oled_ui.o (.rodata.str1.9135818829835424837.1)
                  0001225f    00000004     oled_ui.o (.rodata.str1.9159586779647977165.1)
                  00012263    00000004     vision_tuning_console.o (.rodata.str1.9292707793305368794.1)
                  00012267    00000004     oled_ui.o (.rodata.str1.9351772214919528733.1)
                  0001226b    00000004     vision_yaw_tuning.o (.rodata.str1.9489746196023004463.1)
                  0001226f    00000004     menu.o (.rodata.str1.9546740394641817443.1)
                  00012273    00000004     oled_ui.o (.rodata.str1.9554470707595806150.1)
                  00012277    00000004     oled_ui.o (.rodata.str1.9584387800903135389.1)
                  0001227b    00000004     oled_ui.o (.rodata.str1.967006512144173535.1)
                  0001227f    00000004     oled_ui.o (.rodata.str1.9822857334037886482.1)
                  00012283    00000004     oled_ui.o (.rodata.str1.9854382722193312766.1)
                  00012287    00000004     oled_ui.o (.rodata.str1.9992244628984851027.1)
                  0001228b    00000003     ti_msp_dl_config.o (.rodata.gPWM_MOTORClockConfig)
                  0001228e    00000003     vision_pitch_tuning.o (.rodata.str1.10553819018306626402.1)
                  00012291    00000003     oled_ui.o (.rodata.str1.10600688730180713177.1)
                  00012294    00000003     oled_ui.o (.rodata.str1.10907125332684471422.1)
                  00012297    00000003     oled_ui.o (.rodata.str1.1108652269057166745.1)
                  0001229a    00000003     oled_ui.o (.rodata.str1.11149198520117834688.1)
                  0001229d    00000003     vision_tuning_console.o (.rodata.str1.12197883643583142124.1)
                  000122a0    00000003     oled_ui.o (.rodata.str1.12359577037488465078.1)
                  000122a3    00000003     oled_ui.o (.rodata.str1.12504350857748951577.1)
                  000122a6    00000003     oled_ui.o (.rodata.str1.1276391367487699528.1)
                  000122a9    00000003     oled_ui.o (.rodata.str1.12928245060369742404.1)
                  000122ac    00000003     oled_ui.o (.rodata.str1.14265077442249237877.1)
                  000122af    00000003     vision_pitch_tuning.o (.rodata.str1.15082469624955958926.1)
                  000122b2    00000003     oled_ui.o (.rodata.str1.15132332204781002199.1)
                  000122b5    00000003     vision_yaw_tuning.o (.rodata.str1.15455206247194842411.1)
                  000122b8    00000003     oled_ui.o (.rodata.str1.15802367878353263018.1)
                  000122bb    00000003     oled_ui.o (.rodata.str1.15859922799842739878.1)
                  000122be    00000003     oled_ui.o (.rodata.str1.16290499236105125126.1)
                  000122c1    00000003     menu.o (.rodata.str1.16312125044762562515.1)
                  000122c4    00000003     vision_tuning_console.o (.rodata.str1.16336339630363933256.1)
                  000122c7    00000003     oled_ui.o (.rodata.str1.16526439943277383452.1)
                  000122ca    00000003     oled_ui.o (.rodata.str1.16554583589798097927.1)
                  000122cd    00000003     vision_pitch_tuning.o (.rodata.str1.17185918124541117546.1)
                  000122d0    00000003     oled_ui.o (.rodata.str1.17747339173178619492.1)
                  000122d3    00000003     oled_ui.o (.rodata.str1.17763087492223448992.1)
                  000122d6    00000003     oled_ui.o (.rodata.str1.17812014771544466701.1)
                  000122d9    00000003     oled_ui.o (.rodata.str1.182352409660151230.1)
                  000122dc    00000003     vision_pitch_tuning.o (.rodata.str1.18308346119964257230.1)
                  000122df    00000003     vision_pitch_tuning.o (.rodata.str1.2353024170771920291.1)
                  000122e2    00000003     oled_ui.o (.rodata.str1.2603845803395459882.1)
                  000122e5    00000003     oled_ui.o (.rodata.str1.3025253791635144717.1)
                  000122e8    00000003     oled_ui.o (.rodata.str1.3455423528827705371.1)
                  000122eb    00000003     vision_yaw_tuning.o (.rodata.str1.4032468970572441659.1)
                  000122ee    00000003     oled_ui.o (.rodata.str1.4582914374586912483.1)
                  000122f1    00000003     menu.o (.rodata.str1.4646809750356241979.1)
                  000122f4    00000003     oled_ui.o (.rodata.str1.4691821198597473371.1)
                  000122f7    00000003     oled_ui.o (.rodata.str1.5004483696121082904.1)
                  000122fa    00000003     oled_ui.o (.rodata.str1.5463568455719735.1)
                  000122fd    00000003     oled_ui.o (.rodata.str1.58703915094955230.1)
                  00012300    00000003     vision_yaw_tuning.o (.rodata.str1.6393086909333857079.1)
                  00012303    00000003     oled_ui.o (.rodata.str1.6398192001994169976.1)
                  00012306    00000003     vision_yaw_tuning.o (.rodata.str1.6657421771701333087.1)
                  00012309    00000003     menu.o (.rodata.str1.6857549598058878762.1)
                  0001230c    00000003     oled_ui.o (.rodata.str1.7205245123442117851.1)
                  0001230f    00000003     oled_ui.o (.rodata.str1.763101100280173925.1)
                  00012312    00000003     fault.o (.rodata.str1.8193046109637024842.1)
                  00012315    00000003     oled_ui.o (.rodata.str1.9229350655415085.1)
                  00012318    00000003     oled_ui.o (.rodata.str1.9250665025187963892.1)
                  0001231b    00000003     oled_ui.o (.rodata.str1.9295666102996717355.1)
                  0001231e    00000003     oled_ui.o (.rodata.str1.9544068167406571052.1)
                  00012321    00000002     oled_ui.o (.rodata.str1.11794000050372113979.1)
                  00012323    00000002     oled_ui.o (.rodata.str1.17067061841413117831.1)
                  00012325    00000002     oled_ui.o (.rodata.str1.2714695401222167146.1)
                  00012327    00000002     oled_ui.o (.rodata.str1.344790106308886506.1)
                  00012329    00000002     oled_ui.o (.rodata.str1.5376340479846291137.1)
                  0001232b    00000002     oled_ui.o (.rodata.str1.9611283282870761829.1)
                  0001232d    00000003     --HOLE-- [fill = 0]

.init_array 
*          0    00000000    00000000     UNINITIALIZED

.binit     0    00000000    00000000     

.bss       0    20200000    00000d79     UNINITIALIZED
                  20200000    00000200     vision_receiver.o (.bss.g_ring)
                  20200200    000001c8     runtime_snapshot.o (.bss.g_snapshot)
                  202003c8    00000100     vision_tuning_console.o (.bss.g_rxRing)
                  202004c8    00000100     vision_tuning_console.o (.bss.g_txRing)
                  202005c8    000000f0     (.common:g_appConfig)
                  202006b8    00000084     (.common:g_imuRuntime)
                  2020073c    0000007c     motor_control.o (.bss.g_runtime)
                  202007b8    00000058     vision_receiver.o (.bss.g_status)
                  20200810    00000058     (.common:g_wheelSpeedEstimatorRuntime)
                  20200868    00000048     gimbal_vision_adapter.o (.bss.g_feedback)
                  202008b0    00000044     (.common:g_appRuntime)
                  202008f4    00000004     imu.o (.bss.g_elapsedSinceValidSampleMs)
                  202008f8    00000040     gimbal.o (.bss.g_feedback)
                  20200938    00000040     vision_tuning_console.o (.bss.g_line)
                  20200978    00000040     line_controller.o (.bss.g_lineRuntime)
                  202009b8    00000040     gimbal.o (.bss.g_pitchFeedback)
                  202009f8    00000030     (.common:gUART_VISIONBackup)
                  20200a28    0000002c     vision_receiver.o (.bss.g_observation)
                  20200a54    0000002c     empty.o (.bss.g_schedulerStats)
                  20200a80    00000028     gimbal_tracker.o (.bss.g_feedback)
                  20200aa8    00000028     vision_receiver.o (.bss.g_frame)
                  20200ad0    00000024     gimbal_vision_yaw_tracker.o (.bss.g_feedback)
                  20200af4    00000020     mission_manager.o (.bss.g_missionRuntime)
                  20200b14    0000001c     (.common:g_headingRuntime)
                  20200b30    00000018     obstacle_avoidance.o (.bss.g_avoidFeedback)
                  20200b48    00000018     gimbal_stepper.o (.bss.g_feedback)
                  20200b60    00000018     gimbal_vision_pitch_tracker.o (.bss.g_feedback)
                  20200b78    00000018     vision_pitch_tuning.o (.bss.g_status)
                  20200b90    00000018     vision_tuning_console.o (.bss.g_status)
                  20200ba8    00000014     motion_action.o (.bss.g_motionActionRuntime)
                  20200bbc    00000004     gimbal_tracker.o (.bss.g_filteredErrorX)
                  20200bc0    00000014     vision_yaw_tuning.o (.bss.g_status)
                  20200bd4    00000014     watchdog_monitor.o (.bss.g_status)
                  20200be8    00000010     fault.o (.bss.g_faultRecord)
                  20200bf8    00000010     motor.o (.bss.g_motorRuntime)
                  20200c08    0000000e     car_controller.o (.bss.g_carControllerFeedback)
                  20200c16    00000002     ultrasonic.o (.bss.g_echoTicks)
                  20200c18    0000000e     ultrasonic.o (.bss.g_ultrasonicFeedback)
                  20200c26    00000002     gimbal.o (.bss.g_pitchHalfPeriodTicks)
                  20200c28    0000000c     gimbal_tracker.o (.bss.g_observation)
                  20200c34    0000000c     debug_telemetry.o (.bss.g_status)
                  20200c40    00000008     obstacle_monitor.o (.bss.g_obstacleFeedback)
                  20200c48    00000008     gimbal.o (.bss.g_pitchContinuousDegX10)
                  20200c50    00000008     gimbal.o (.bss.g_pitchEstimatedSteps)
                  20200c58    00000008     gimbal.o (.bss.g_pitchTargetDegX10)
                  20200c60    00000008     gimbal.o (.bss.g_pitchTargetEstimatedSteps)
                  20200c68    00000008     gimbal_stepper.o (.bss.g_stepperEstimatedSteps)
                  20200c70    00000008     gimbal_stepper.o (.bss.g_stepperTargetEstimatedSteps)
                  20200c78    00000008     gimbal.o (.bss.g_yawContinuousDegX10)
                  20200c80    00000008     gimbal.o (.bss.g_yawLockedWorldYawDegX10)
                  20200c88    00000008     gimbal.o (.bss.g_yawTargetContinuousDegX10)
                  20200c90    00000008     gimbal.o (.bss.g_yawWorldTargetDegX10)
                  20200c98    00000008     gimbal.o (.bss.g_yawWrappedDegX10)
                  20200ca0    00000006     ultrasonic.o (.bss.g_distanceSamples)
                  20200ca6    00000006     key.o (.bss.g_key1)
                  20200cac    00000006     key.o (.bss.g_key2)
                  20200cb2    00000006     key.o (.bss.g_key3)
                  20200cb8    00000004     gimbal_tracker.o (.bss.g_filteredErrorY)
                  20200cbc    00000004     gimbal_vision_adapter.o (.bss.g_lastAcceptedFrameCount)
                  20200cc0    00000004     debug_telemetry.o (.bss.g_lastFrameMs)
                  20200cc4    00000004     watchdog_monitor.o (.bss.g_lastTickMs)
                  20200cc8    00000004     wheel_speed_estimator.o (.bss.g_latchedErrorFlags)
                  20200ccc    00000004     empty.o (.bss.g_localTimeMs)
                  20200cd0    00000004     motion_action.o (.bss.g_motionActionStartYawDeg)
                  20200cd4    00000004     encoder.o (.bss.g_motorAPulses)
                  20200cd8    00000004     encoder.o (.bss.g_motorBPulses)
                  20200cdc    00000004     gimbal.o (.bss.g_pitchCommandedRpm)
                  20200ce0    00000004     gimbal.o (.bss.g_pitchCompletedSteps)
                  20200ce4    00000004     gimbal_tracker.o (.bss.g_pitchTargetDeg)
                  20200ce8    00000004     gimbal.o (.bss.g_pitchTargetRpm)
                  20200cec    00000004     gimbal.o (.bss.g_pitchTrackingTargetRpm)
                  20200cf0    00000004     imu.o (.bss.g_previousValidCorrectedGyroZDps)
                  20200cf4    00000004     servo.o (.bss.g_servoFeedback)
                  20200cf8    00000004     gimbal_vision_yaw_tracker.o (.bss.g_sessionId)
                  20200cfc    00000004     gimbal_stepper.o (.bss.g_stepperCompletedSteps)
                  20200d00    00000004     gimbal_vision_yaw_tracker.o (.bss.g_targetWrappedDeg)
                  20200d04    00000004     gimbal.o (.bss.g_yawCommandedRpm)
                  20200d08    00000004     gimbal.o (.bss.g_yawTargetRpm)
                  20200d0c    00000004     gimbal_tracker.o (.bss.g_yawTargetWrappedDeg)
                  20200d10    00000004     empty.o (.bss.main.lastAppUpdateMs)
                  20200d14    00000002     gimbal.o (.bss.g_pitchStepHalfPeriodTicks)
                  20200d16    00000002     obstacle_avoidance.o (.bss.g_resumeGraceMs)
                  20200d18    00000002     vision_receiver.o (.bss.g_ringHead)
                  20200d1a    00000002     vision_receiver.o (.bss.g_ringTail)
                  20200d1c    00000002     vision_tuning_console.o (.bss.g_rxHead)
                  20200d1e    00000002     vision_tuning_console.o (.bss.g_rxTail)
                  20200d20    00000002     servo.o (.bss.g_servoPwmPhase)
                  20200d22    00000002     ultrasonic.o (.bss.g_stateTicks)
                  20200d24    00000002     gimbal_stepper.o (.bss.g_stepperHalfPeriodTicks)
                  20200d26    00000002     gimbal_stepper.o (.bss.g_stepperStepHalfPeriodTicks)
                  20200d28    00000002     vision_tuning_console.o (.bss.g_txHead)
                  20200d2a    00000002     vision_tuning_console.o (.bss.g_txTail)
                  20200d2c    00000002     (.common:g_trackError)
                  20200d2e    00000001     oled_ui.o (.bss.OledUi_Update_20ms.refreshDivider)
                  20200d2f    00000001     empty.o (.bss.SysTick_Handler.controlMsCount)
                  20200d30    00000001     empty.o (.bss.SysTick_Handler.gimbalMsCount)
                  20200d31    00000001     empty.o (.bss.SysTick_Handler.tick100usCount)
                  20200d32    00000001     empty.o (.bss.SysTick_Handler.trackerMsCount)
                  20200d33    00000001     ultrasonic.o (.bss.Ultrasonic_Update_20ms.triggerDivider)
                  20200d34    00000001     empty.o (.bss.g_appUpdatePending)
                  20200d35    00000001     vision_tuning_console.o (.bss.g_capturing)
                  20200d36    00000001     car_state.o (.bss.g_carState)
                  20200d37    00000001     obstacle_monitor.o (.bss.g_centerSettleTicks)
                  20200d38    00000001     vision_tuning_console.o (.bss.g_commandTarget)
                  20200d39    00000001     ultrasonic.o (.bss.g_distanceSampleCount)
                  20200d3a    00000001     ultrasonic.o (.bss.g_distanceSampleIndex)
                  20200d3b    00000001     emergency_stop.o (.bss.g_emergencyStopActive)
                  20200d3c    00000001     gimbal_tracker.o (.bss.g_enabled)
                  20200d3d    00000001     gimbal_vision_pitch_tracker.o (.bss.g_enabled)
                  20200d3e    00000001     gimbal_vision_yaw_tracker.o (.bss.g_enabled)
                  20200d3f    00000001     watchdog_monitor.o (.bss.g_faultApplied)
                  20200d40    00000001     watchdog_monitor.o (.bss.g_faultPending)
                  20200d41    00000001     gimbal_tracker.o (.bss.g_filterReady)
                  20200d42    00000001     vision_receiver.o (.bss.g_frameSize)
                  20200d43    00000001     empty.o (.bss.g_gimbalUpdatePending)
                  20200d44    00000001     imu.o (.bss.g_integrationHistoryValid)
                  20200d45    00000001     wheel_speed_estimator.o (.bss.g_leftFilterInitialized)
                  20200d46    00000001     vision_tuning_console.o (.bss.g_lineSize)
                  20200d47    00000001     obstacle_safety.o (.bss.g_obstacleSafetyHolding)
                  20200d48    00000001     oled.o (.bss.g_oledColumn)
                  20200d49    00000001     menu.o (.bss.g_oledPage)
                  20200d4a    00000001     encoder.o (.bss.g_overflowFlags)
                  20200d4b    00000001     menu.o (.bss.g_paramItem)
                  20200d4c    00000001     menu.o (.bss.g_paramReturnPage)
                  20200d4d    00000001     key.o (.bss.g_pendingEvent)
                  20200d4e    00000001     gimbal.o (.bss.g_pitchControlMode)
                  20200d4f    00000001     gimbal.o (.bss.g_pitchDirection)
                  20200d50    00000001     gimbal.o (.bss.g_pitchInitialized)
                  20200d51    00000001     gimbal.o (.bss.g_pitchLimitClamped)
                  20200d52    00000001     gimbal.o (.bss.g_pitchLimitDirection)
                  20200d53    00000001     gimbal.o (.bss.g_pitchPositionValid)
                  20200d54    00000001     gimbal.o (.bss.g_pitchRunning)
                  20200d55    00000001     gimbal.o (.bss.g_pitchStepHigh)
                  20200d56    00000001     gimbal.o (.bss.g_pitchStopAfterStepLow)
                  20200d57    00000001     vision_tuning_console.o (.bss.g_prefixIndex)
                  20200d58    00000001     vision_tuning_console.o (.bss.g_prefixTarget)
                  20200d59    00000001     wheel_speed_estimator.o (.bss.g_rightFilterInitialized)
                  20200d5a    00000001     car_controller.o (.bss.g_safetyHold)
                  20200d5b    00000001     gimbal_vision_yaw_tracker.o (.bss.g_sessionInitialized)
                  20200d5c    00000001     imu.o (.bss.g_shortGapPending)
                  20200d5d    00000001     gimbal_tracker.o (.bss.g_simObservationUpdatesRemaining)
                  20200d5e    00000001     obstacle_avoidance.o (.bss.g_stateStarted)
                  20200d5f    00000001     gimbal_stepper.o (.bss.g_stepperDirection)
                  20200d60    00000001     gimbal_stepper.o (.bss.g_stepperRunning)
                  20200d61    00000001     gimbal_stepper.o (.bss.g_stepperStepHigh)
                  20200d62    00000001     gimbal_stepper.o (.bss.g_stepperStopAfterStepLow)
                  20200d63    00000001     motor_control.o (.bss.g_targetRefreshed)
                  20200d64    00000001     gimbal_vision_yaw_tracker.o (.bss.g_targetSynced)
                  20200d65    00000001     gimbal_tracker.o (.bss.g_targetValid)
                  20200d66    00000001     gimbal_tracker.o (.bss.g_targetsSynced)
                  20200d67    00000001     empty.o (.bss.g_trackerUpdatePending)
                  20200d68    00000001     gimbal_tracker.o (.bss.g_trackingActive)
                  20200d69    00000001     gimbal_vision_pitch_tracker.o (.bss.g_trackingActive)
                  20200d6a    00000001     gimbal_vision_yaw_tracker.o (.bss.g_trackingActive)
                  20200d6b    00000001     ultrasonic.o (.bss.g_triggerRequest)
                  20200d6c    00000001     ultrasonic.o (.bss.g_ultrasonicState)
                  20200d6d    00000001     gimbal.o (.bss.g_yawLimitClamped)
                  20200d6e    00000001     gimbal.o (.bss.g_yawLimitDirection)
                  20200d6f    00000001     gimbal.o (.bss.g_yawPositionValid)
                  20200d70    00000001     gimbal.o (.bss.g_yawWorldLockEnabled)
                  20200d71    00000001     (.common:g_carStateDebug)
                  20200d72    00000001     (.common:g_keyEvent)
                  20200d73    00000001     (.common:g_oledPageDebug)
                  20200d74    00000001     (.common:g_paramItemDebug)
                  20200d75    00000001     (.common:g_trackBlackCount)
                  20200d76    00000001     (.common:g_trackModeDebug)
                  20200d77    00000001     (.common:g_trackRaw)
                  20200d78    00000001     (.common:g_trackTurnDebug)

.data      0    20200d79    00000001     UNINITIALIZED
                  20200d79    00000001     car_controller.o (.data.g_followTurnPolicy)

.stack     0    20207e00    00000200     UNINITIALIZED
                  20207e00    00000004     libc.a : boot_cortex_m.c.obj (.stack)
                  20207e04    000001fc     --HOLE--

__llvm_prf_cnts 
*          0    20200000    00000000     UNINITIALIZED

__llvm_prf_bits 
*          0    20200000    00000000     UNINITIALIZED

MODULE SUMMARY

       Module                          code    ro data   rw data
       ------                          ----    -------   -------
    .\
       oled_ui.o                       13564   1072      1      
       vision_tuning_console.o         9616    102       613    
       gimbal.o                        5884    0         241    
       car_controller.o                4356    64        84     
       imu.o                           4252    0         142    
       motor_control.o                 2768    0         125    
       oled.o                          2210    401       1      
       gimbal_tracker.o                2288    0         74     
       line_controller.o               2112    0         64     
       app_config.o                    1788    0         240    
       vision_receiver.o               1112    0         689    
       gimbal_vision_yaw_tracker.o     1732    0         48     
       runtime_snapshot.o              1276    0         456    
       wheel_speed_estimator.o         1292    0         94     
       mission_manager.o               1312    0         32     
       mission_library.o               174     1135      0      
       gimbal_stepper.o                1168    0         52     
       motion_action.o                 1184    0         24     
       obstacle_avoidance.o            1142    0         27     
       motor.o                         776     0         16     
       menu.o                          692     85        3      
       empty.o                         676     0         59     
       vision_protocol.o               732     0         0      
       gimbal_vision_pitch_tracker.o   696     0         26     
       ti_msp_dl_config.o              636     23        48     
       ultrasonic.o                    596     0         29     
       key.o                           436     0         19     
       app.o                           410     0         10     
       fault.o                         296     65        16     
       track_sensor.o                  372     0         0      
       heading_control.o               340     0         28     
       vision_pitch_tuning.o           268     48        24     
       watchdog_monitor.o              292     0         26     
       vision_yaw_tuning.o             248     41        20     
       gimbal_vision_adapter.o         228     0         76     
       encoder.o                       276     0         9      
       obstacle_safety.o               264     0         1      
       obstacle_monitor.o              192     0         9      
       startup_mspm0g350x_ticlang.o    6       192       0      
       angle_utils.o                   192     0         0      
       servo.o                         176     0         6      
       emergency_stop.o                176     0         1      
       vision_uart.o                   164     0         0      
       debug_telemetry.o               56      0         16     
       car_state.o                     36      0         1      
    +--+-------------------------------+-------+---------+---------+
       Total:                          68462   3228      3450   
                                                                
    C:/TI/mspm0_sdk_2_05_01_00/source/ti/driverlib/lib/ticlang/m0p/mspm0g1x0x_g3x0x/driverlib.a
       dl_timer.o                      388     0         0      
       dl_uart.o                       90      0         0      
       dl_common.o                     10      0         0      
    +--+-------------------------------+-------+---------+---------+
       Total:                          488     0         0      
                                                                
    D:\TI\CCS\ccs\tools\compiler\ti-cgt-armllvm_4.0.4.LTS\lib\armv6m-ti-none-eabi/c/libc.a
       memcpy16.S.obj                  154     0         0      
       strcmp-armv6m.S.obj             136     0         0      
       copy_decompress_lzss.c.obj      124     0         0      
       memset16.S.obj                  98      0         0      
       autoinit.c.obj                  60      0         0      
       boot_cortex_m.c.obj             56      0         0      
       memmov.c.obj                    40      0         0      
[...]

address   name                                      
-------   ----                                      
00000000  __TI_ATRegion0_region_sz                  
00000000  __TI_ATRegion0_src_addr                   
00000000  __TI_ATRegion0_trg_addr                   
00000000  __TI_ATRegion1_region_sz                  
00000000  __TI_ATRegion1_src_addr                   
00000000  __TI_ATRegion1_trg_addr                   
00000000  __TI_ATRegion2_region_sz                  
00000000  __TI_ATRegion2_src_addr                   
00000000  __TI_ATRegion2_trg_addr                   
00000000  __TI_static_base__                        
00000000  interruptVectors                          
000000c1  OledUi_Update_20ms                        
00000200  __STACK_SIZE                              
000034d5  VisionTuningConsole_Process               
000052a9  AppConfig_LimitAll                        
000057c1  LineController_Update                     
00005cb1  RuntimeSnapshot_Update                    
00006195  GimbalTracker_Update                      
00006a5d  WheelSpeedEstimator_Update                
00006e81  Imu_Update                                
00007261  VisionReceiver_Process                    
00007611  GimbalVisionYawTracker_Update10ms         
00007999  Imu_Init                                  
0000807d  ObstacleAvoidance_Update_20ms             
00008c69  Gimbal_YawSetWrappedTargetDeg             
00008f01  Gimbal_YawUpdate5ms                       
00009195  Gimbal_PitchSetTrackingSpeedDegS          
00009425  MotorControl_Update                       
000096b1  OLED_Clear                                
00009905  MotionAction_Update_20ms                  
00009d8d  Imu_CalibrateGyroBias                     
00009fbd  GimbalVisionPitchTracker_Update10ms       
0000a401  Motor_SetSpeed                            
0000a605  VisionProtocol_ParseV1TargetFrame         
0000a9e1  AppConfig_InitDefault                     
0000ad91  Gimbal_PitchUpdate5ms                     
0000b105  CarController_Update_20ms                 
0000b2b5  Ultrasonic_Tick100us                      
0000b455  GimbalStepper_Tick100us                   
0000b5e9  Gimbal_PitchTick100us                     
0000b769  GimbalStepper_MoveToEstimatedSteps        
0000b8e5  Key_Update_20ms                           
0000ba59  Gimbal_Init                               
0000bbc5  main                                      
0000c551  OLED_PrintInt16                           
0000c7b9  Gimbal_YawEnableWorldLock                 
0000c8e1  MotionAction_Start                        
0000cc51  Menu_HandleKeyEvent                       
0000cd71  LineController_Reset                      
0000ce8d  App_Update_20ms                           
0000cfa5  CarController_StartTurnToYawRelative      
0000d1c1  MissionManager_Update_20ms                
0000d3d1  DL_Timer_initFourCCPWMMode                
0000d4d5  LineController_ResetControlState          
0000d5d9  MotorControl_SetNormalizedTarget          
0000d6d9  SysTick_Handler                           
0000d7d5  LineController_Init                       
0000d8cd  Gimbal_PitchStopHold                      
0000d9bd  MissionManager_SelectNext                 
0000daad  HeadingControl_Update                     
0000dd6d  ObstacleSafety_Update_20ms                
0000de4d  WheelSpeedEstimator_Init                  
0000df2d  SYSCFG_DL_GPIO_init                       
0000e0e5  MissionManager_SelectPrevious             
0000e1bd  OLED_PrintUInt16                          
0000e36d  __aeabi_fsub                              
0000e36d  __subsf3                                  
0000e377  __addsf3                                  
0000e377  __aeabi_fadd                              
0000e445  OLED_Init                                 
0000e519  OLED_PrintChar                            
0000e5e9  CarController_StartDriveHeading           
0000e6b1  FaultCode_ToShortString                   
0000e779  Angle_Normalize180                        
0000e839  CarController_StartSeekLine               
0000e8f5  GimbalStepper_StopHold                    
0000e9a9  GimbalVisionAdapter_Update                
0000ea5d  GimbalStepper_Init                        
0000eb0d  CarController_StartFollowLine             
0000ebb1  Encoder_HandleGpioInterrupt               
0000ecf9  __udivmoddi4                              
0000ed9b  ADC0_IRQHandler                           
0000ed9b  ADC1_IRQHandler                           
0000ed9b  AES_IRQHandler                            
0000ed9b  CANFD0_IRQHandler                         
0000ed9b  DAC0_IRQHandler                           
0000ed9b  DMA_IRQHandler                            
0000ed9b  Default_Handler                           
0000ed9b  GROUP0_IRQHandler                         
0000ed9b  HardFault_Handler                         
0000ed9b  I2C0_IRQHandler                           
0000ed9b  I2C1_IRQHandler                           
0000ed9b  NMI_Handler                               
0000ed9b  PendSV_Handler                            
0000ed9b  RTC_IRQHandler                            
0000ed9b  SPI0_IRQHandler                           
0000ed9b  SPI1_IRQHandler                           
0000ed9b  SVC_Handler                               
0000ed9b  TIMA0_IRQHandler                          
0000ed9b  TIMA1_IRQHandler                          
0000ed9b  TIMG0_IRQHandler                          
0000ed9b  TIMG12_IRQHandler                         
0000ed9b  TIMG6_IRQHandler                          
0000ed9b  TIMG7_IRQHandler                          
0000ed9b  TIMG8_IRQHandler                          
0000ed9b  UART0_IRQHandler                          
0000ed9b  UART1_IRQHandler                          
0000ed9b  UART2_IRQHandler                          
0000ed9d  ObstacleMonitor_Update_20ms               
0000ee39  memcpy                                    
0000eed3  TrackSensor_Init                          
0000eed5  CarController_StartTurnRight90            
0000f09d  CarController_StartTurnLeft90             
0000f131  CarController_SetSafetyHold               
0000f1c1  CarController_Init                        
0000f24d  Gimbal_YawDisableWorldLock                
0000f2d9  Gimbal_YawStopHold                        
0000f365  SYSCFG_DL_PWM_MOTOR_init                  
0000f3f1  __aeabi_fmul                              
0000f3f1  __mulsf3                                  
0000f47d  CarController_ResetRuntime                
0000f505  CarController_GetRunMode                  
0000f511  strcmp                                    
0000f599  Motor_Init                                
0000f61d  App_Init                                  
0000f69f  MissionLibrary_Validate                   
0000f721  __aeabi_fdiv                              
0000f721  __divsf3                                  
0000f7a3  __aeabi_idiv0                             
0000f7a5  GimbalTracker_Init                        
0000f825  Motor_Stop                                
0000f8a5  VisionPitchTuning_Set                     
0000f921  __TI_decompress_lzss                      
0000fa89  Menu_GetParamValue                        
0000faf9  SYSCFG_DL_UART_VISION_init                
0000fb69  VisionYawTuning_Set                       
0000fbd9  TrackSensor_DetectTurn                    
0000fc47  __aeabi_ldiv0                             
0000fc49  GimbalVisionYawTracker_Init               
0000fcb5  MissionManager_GetSelectedMissionIndex    
0000fd1d  TrackSensor_GetErrorFromRaw               
0000fd85  __aeabi_fcmpeq                            
0000fd99  __aeabi_fcmplt                            
0000fdad  __aeabi_fcmple                            
0000fdc1  __aeabi_fcmpge                            
0000fdd5  __aeabi_fcmpgt                            
0000fde7  memset                                    
0000fe49  GimbalTracker_GetFeedback                 
0000fea9  VisionTuningConsole_Init                  
0000ff09  __aeabi_f2lz                              
0000ff09  __fixsfdi                                 
0000ffc9  UART3_IRQHandler                          
00010025  Ultrasonic_Update_20ms                    
000100dd  __aeabi_idiv                              
000100dd  __aeabi_idivmod                           
00010135  TrackSensor_ReadRaw                       
00010231  MissionManager_Start                      
00010281  Ultrasonic_Init                           
000102d1  WatchdogMonitor_ApplyFaultIfNeeded        
00010321  __aeabi_l2f                               
00010321  __floatdisf                               
00010371  MotorControl_Stop                         
000103bd  WatchdogMonitor_Tick1msFromIsr            
00010455  DL_UART_init                              
0001049d  MissionManager_Init                       
000104e5  MotionAction_ReapplyControllerTarget      
0001052d  Encoder_GetAndClearPulseDeltas            
00010571  Imu_ResetYaw                              
000105b5  Servo_Tick100us                           
000105f9  EmergencyStop_Reset                       
00010639  GimbalVisionPitchTracker_Init             
00010679  SYSCFG_DL_SYSCTL_init                     
000106b9  SYSCFG_DL_initPower                       
000106f9  VisionReceiver_PushByteFromIsr            
00010739  __aeabi_uidiv                             
00010739  __aeabi_uidivmod                          
00010779  __divmoddi4                               
000107b9  Servo_SetAngleDeg                         
000107f5  VisionTuningConsole_PushByteFromIsr       
00010831  __aeabi_i2f                               
00010831  __floatsisf                               
0001086d  __gesf2                                   
0001086d  __gtsf2                                   
000108a9  __TI_auto_init_nobinit_nopinit            
000108e5  __cmpsf2                                  
000108e5  __eqsf2                                   
000108e5  __lesf2                                   
000108e5  __ltsf2                                   
000108e5  __nesf2                                   
00010921  __muldsi3                                 
0001095d  CarController_Stop                        
00010995  VisionReceiver_Init                       
000109cd  __aeabi_f2iz                              
000109cd  __fixsfsi                                 
00010a05  EmergencyStop_Trigger                     
00010a39  Imu_IsReady                               
00010a6d  MissionManager_Cancel                     
00010aa1  OLED_SetCursor                            
00010ad5  VisionTuningConsole_TryPopTxByte          
00010b09  VisionUart_Process                        
00010b71  OLED_PrintString                          
00010ba5  Fault_Raise                               
00010bd5  GimbalVisionYawTracker_GetFeedback        
00010c05  Gimbal_PitchGetFeedback                   
00010c35  Key_Init                                  
00010c65  LineController_ObserveSensors             
00010c95  MissionManager_Reset                      
00010cc5  MissionManager_Resume                     
00010cf5  VisionPitchTuning_RestoreDefault          
00010d25  WatchdogMonitor_Init                      
00010d85  Encoder_Reset                             
00010db1  TrackSensor_CountBlack                    
00010ddd  VisionYawTuning_RestoreDefault            
00010e35  ObstacleAvoidance_Init                    
00010e5d  Servo_Init                                
00010e85  VisionPitchTuning_Init                    
00010ead  WatchdogMonitor_Reset                     
00010ed5  __aeabi_ui2f                              
00010ed5  __floatunsisf                             
00010efd  memmove                                   
00010f25  _c_int00_noargs                           
00010f4d  EmergencyStop_Enforce                     
00010f71  GimbalVisionPitchTracker_GetFeedback      
00010f95  MissionManager_ReportExternalFailure      
00010fb9  MotorControl_Init                         
00010fdd  MotorControl_Reset                        
00011001  SYSCFG_DL_init                            
00011025  VisionYawTuning_Init                      
00011049  __aeabi_lmul                              
00011049  __muldi3                                  
0001106d  DL_Timer_overrideCCPOut                   
0001108d  DebugTelemetry_Update                     
000110ad  MissionManager_Pause                      
000110cd  MotionAction_GetCurrentBypassDirection    
000110ed  MotionAction_GetCurrentObstaclePolicy     
0001110d  MotionAction_Init                         
0001112d  SchedulerMonitor_GetStats                 
0001114d  VisionReceiver_GetProtocolErrorCount      
0001118d  __aeabi_llsl                              
0001118d  __ashldi3                                 
000111ad  DL_Timer_setCaptCompUpdateMethod          
000111c9  DL_Timer_setClockConfig                   
000111e5  GimbalVisionAdapter_Init                  
00011201  HeadingControl_SetTargetYaw               
0001121d  Menu_Init                                 
00011239  ObstacleMonitor_Init                      
00011255  ObstacleSafety_Init                       
00011271  VisionPitchTuning_ParamName               
0001128d  VisionYawTuning_GetSnapshot               
000112a9  VisionYawTuning_ParamName                 
000112c5  WatchdogMonitor_NotifyControlCycleComplete
000112fd  CarController_RunModeToString             
00011315  DL_Timer_setCaptureCompareOutCtl          
0001132d  DebugTelemetry_Init                       
00011345  HeadingControl_Init                       
0001135d  HeadingControl_Reset                      
00011375  Menu_ParamItemToString                    
0001138d  MotionAction_Cancel                       
000113a5  RuntimeSnapshot_Init                      
000113bd  __aeabi_fcmpun                            
000113bd  __unordsf2                                
000113d5  Fault_Clear                               
000113e9  Fault_Init                                
000113fd  GROUP1_IRQHandler                         
00011411  GimbalStepper_SetStepHalfPeriodTicks      
00011425  HeadingControl_Enable                     
00011439  MissionLibrary_FindById                   
0001144d  MissionLibrary_GetByIndex                 
00011461  MissionManager_GetSelectedMissionId       
00011475  VisionPitchTuning_GetSnapshot             
00011489  VisionUart_Init                           
0001149d  __aeabi_ldivmod                           
000114b1  __aeabi_uldivmod                          
000114c5  DL_UART_setClockConfig                    
000114d7  __TI_decompress_none                      
000114e9  DL_Timer_setCaptureCompareValue           
000114f9  Gimbal_YawGetFeedback                     
00011509  Key_GetEvent                              
00011519  ObstacleAvoidance_IsResumeGraceActive     
00011529  __TI_zero_init                            
00011539  CarController_IsSafetyHoldActive          
00011545  CarState_Get                              
00011551  CarState_Init                             
0001155d  CarState_Set                              
00011569  EmergencyStop_Init                        
00011575  EmergencyStop_IsActive                    
00011581  GimbalVisionAdapter_GetObservation        
0001158d  Gimbal_Tick100us                          
00011599  Gimbal_Update5ms                          
000115a5  Imu_GetCorrectedGyroZDps                  
000115b1  Imu_GetYaw                                
000115bd  Menu_GetPage                              
000115c9  Menu_GetParamItem                         
000115d5  MissionManager_IsExternallyHeld           
000115e1  MissionManager_SetExternalHold            
000115ed  ObstacleAvoidance_IsActive                
000115f9  ObstacleAvoidance_IsFailed                
00011605  ObstacleSafety_IsHolding                  
00011611  OledUi_Init                               
0001161d  SystemTime_GetMs                          
00011629  WatchdogMonitor_HasTripped                
00011635  __aeabi_memclr                            
00011635  __aeabi_memclr4                           
00011635  __aeabi_memclr8                           
00011641  DL_Common_delayCycles                     
0001164b  TrackSensor_IsCenterDetected              
00011655  TrackSensor_IsLineDetected                
0001165f  TrackSensor_IsLineLost                    
00011669  CarController_GetFeedback                 
00011671  Fault_GetRecord                           
00011679  GimbalStepper_GetFeedback                 
00011681  GimbalVisionAdapter_GetFeedback           
00011689  Gimbal_PitchStopTrackingHold              
00011691  HeadingControl_GetRuntime                 
00011699  Imu_GetRuntime                            
000116a1  LineController_GetRuntime                 
000116a9  MissionManager_GetMissionCount            
000116b1  MissionManager_GetRuntime                 
000116b9  MotionAction_GetRuntime                   
000116c1  MotorControl_GetRuntime                   
000116c9  ObstacleAvoidance_GetFeedback             
000116d1  ObstacleMonitor_GetFeedback               
000116d9  Servo_GetFeedback                         
000116e1  Ultrasonic_GetFeedback                    
000116e9  VisionPitchTuning_GetStatus               
000116f1  VisionReceiver_GetObservation             
000116f9  VisionReceiver_GetStatus                  
00011701  VisionTuningConsole_GetStatus             
00011709  WatchdogMonitor_GetStatus                 
00011711  WheelSpeedEstimator_GetRuntime            
00011719  __aeabi_memcpy                            
00011719  __aeabi_memcpy4                           
00011719  __aeabi_memcpy8                           
00011721  __aeabi_memmove                           
00011721  __aeabi_memmove4                          
00011721  __aeabi_memmove8                          
00011729  abort                                     
0001172e  C$$EXIT                                   
0001172f  HOSTexit                                  
00011733  MissionLibrary_GetCount                   
00011737  Reset_Handler                             
0001174d  _system_pre_init                          
00012330  __TI_Handler_Table_Base                   
0001233c  __TI_Handler_Table_Limit                  
0001234c  __TI_CINIT_Base                           
0001235c  __TI_CINIT_Limit                          
0001235c  __TI_CINIT_Warm                           
20200000  __start___llvm_prf_bits                   
20200000  __start___llvm_prf_cnts                   
20200000  __stop___llvm_prf_bits                    
20200000  __stop___llvm_prf_cnts                    
202005c8  g_appConfig                               
202006b8  g_imuRuntime                              
20200810  g_wheelSpeedEstimatorRuntime              
202008b0  g_appRuntime                              
202009f8  gUART_VISIONBackup                        
20200b14  g_headingRuntime                          
20200d2c  g_trackError                              
20200d71  g_carStateDebug                           
20200d72  g_keyEvent                                
20200d73  g_oledPageDebug                           
20200d74  g_paramItemDebug                          
20200d75  g_trackBlackCount                         
20200d76  g_trackModeDebug                          
20200d77  g_trackRaw                                
20200d78  g_trackTurnDebug                          
20207e00  __stack                                   
20208000  __STACK_END                               
ffffffff  __TI_pprof_out_hndl                       
ffffffff  __TI_prof_data_size                       
ffffffff  __TI_prof_data_start                      
ffffffff  __binit__                                 
ffffffff  binit                                     
UNDEFED   __mpu_init                                
UNDEFED   _system_post_cinit                        

[375 symbols]
