******************************************************************************
            TI ARM Clang Linker PC v4.0.4                      
******************************************************************************
>> Linked Sat Aug  1 17:27:39 2026

OUTPUT FILE NAME:   <diansaikaishi.out>
ENTRY POINT SYMBOL: "_c_int00_noargs"  address: 0001c095


MEMORY CONFIGURATION

         name            origin    length      used     unused   attr    fill
----------------------  --------  ---------  --------  --------  ----  --------
  FLASH                 00000000   00020000  0001dd78  00002288  R  X
  SRAM                  20200000   00008000  00001cbd  00006343  RW X
  BCR_CONFIG            41c00000   000000ff  00000000  000000ff  R   
  BSL_CONFIG            41c00100   00000080  00000000  00000080  R   


SEGMENT ALLOCATION MAP

run origin  load origin   length   init length attrs members
----------  ----------- ---------- ----------- ----- -------
00000000    00000000    0001d8d8   0001d8d8    r-x
  00000000    00000000    000000c0   000000c0    r-- .intvecs
  000000c0    000000c0    0001c960   0001c960    r-x .text
  0001ca20    0001ca20    00000eb8   00000eb8    r-- .rodata
0001d938    0001d938    00000040   00000040    r--
  0001d938    0001d938    00000030   00000030    r-- .cinit
  0001d968    0001d968    00000010   00000010    r-- .binit
0001fc00    0001fc00    00000400   00000400    r--
  0001fc00    0001fc00    00000400   00000400    r-- .TI.bound:g_balanceCalibrationReservedSector
20200000    20200000    00001a5d   00000000    rw-
  20200000    20200000    00001a5c   00000000    rw- .bss
  20201a5c    20201a5c    00000001   00000000    rw- .data
20201a60    0001d8d8    00000060   00000060    r-x
  20201a60    0001d8d8    00000060   00000060    r-x .TI.ramfunc
20207e00    20207e00    00000200   00000000    rw-
  20207e00    20207e00    00000200   00000000    rw- .stack


SECTION ALLOCATION MAP

 output                                  attributes/
section   page    origin      length       input sections
--------  ----  ----------  ----------   ----------------
.intvecs   0    00000000    000000c0     
                  00000000    000000c0     startup_mspm0g350x_ticlang.o (.intvecs)

.text      0    000000c0    0001c960     
                  000000c0    00001910     balance_tuning.o (.text.send_debug_filter)
                  000019d0    00001700     oled_ui.o (.text.print_balance_stepper_test_page)
                  000030d0    0000166c     balance_tuning.o (.text.send_debug_receiver)
                  0000473c    00001000     balance_tuning.o (.text.send_config)
                  0000573c    00000f6c     balance_tuning.o (.text.send_debug_controller)
                  000066a8    00000ad8     oled_ui.o (.text.print_imu_counters_page)
                  00007180    00000ac4     balance_tuning.o (.text.send_debug_position_fault)
                  00007c44    00000a5c     balance_tuning.o (.text.send_calibration_status)
                  000086a0    00000a34     balance_tuning.o (.text.consume_rx_byte)
                  000090d4    00000884     balance_tuning.o (.text.send_debug_axis)
                  00009958    00000820     balance_tuning.o (.text.send_debug_limit)
                  0000a178    0000081c     oled_ui.o (.text.print_balance_vision_page)
                  0000a994    0000064c     app_config.o (.text.AppConfig_LimitAll)
                  0000afe0    0000061c     balance_ball_control.o (.text.BalanceBallControl_Update20ms)
                  0000b5fc    000005ac     imu.o (.text.Imu_CalibrateGyroBias)
                  0000bba8    00000528     line_controller.o (.text.LineController_Update)
                  0000c0d0    000004bc     oled_ui.o (.text.print_encoder_page)
                  0000c58c    000004a0     runtime_snapshot.o (.text.RuntimeSnapshot_Update)
                  0000ca2c    00000498     balance_tuning.o (.text.BalanceTuning_Update20ms)
                  0000cec4    00000480     vision_receiver.o (.text.VisionReceiver_Process)
                  0000d344    00000478     menu.o (.text.Menu_HandleKeyEvent)
                  0000d7bc    00000458     menu.o (.text.menu_adjust_param)
                  0000dc14    0000044c     motor_control.o (.text.update_wheel)
                  0000e060    00000428     motion_action.o (.text.MotionAction_Update_20ms)
                  0000e488    00000424     wheel_speed_estimator.o (.text.WheelSpeedEstimator_Update)
                  0000e8ac    000003f4     vision_protocol.o (.text.VisionProtocol_ParseBallAsciiLine)
                  0000eca0    000003e0     balance_position_control.o (.text.BalancePositionControl_Update20ms)
                  0000f080    000003e0     imu.o (.text.Imu_Update)
                  0000f460    000003c4     oled_ui.o (.text.print_motor_control_detail_page)
                  0000f824    00000394     balance_tuning.o (.text.apply_parameter)
                  0000fbb8    00000380     imu.o (.text.Imu_Init)
                  0000ff38    0000037c     oled_ui.o (.text.print_heading_page)
                  000102b4    00000370     gimbal.o (.text.gimbal_update_feedback)
                  00010624    0000034c     motion_action.o (.text.motion_action_start_internal)
                  00010970    0000033c     oled_ui.o (.text.print_drive_distance_page)
                  00010cac    00000324     oled_ui.o (.text.print_imu_detail_page)
                  00010fd0    00000300     oled_ui.o (.text.print_motor_control_page)
                  000112d0    000002f0     imu.o (.text.mpu6050_read_regs)
                  000115c0    000002e4     h_task_controller.o (.text.HTaskController_Start)
                  000118a4    000002d0     h_task_controller.o (.text.HTaskController_Update20ms)
                  00011b74    000002cc     car_controller.o (.text.handle_drive_distance)
                  00011e40    000002bc     oled_ui.o (.text.print_elapsed_mm_ss_t)
                  000120fc    000002b4     motor_control.o (.text.MotorControl_Update)
                  000123b0    000002ac     balance_ball_control.o (.text.calculate_cascade_request)
                  0001265c    00000290     balance_calibration_store.o (.text.BalanceCalibrationStore_Save)
                  000128ec    0000028c     balance_soft_limits.o (.text.BalanceSoftLimits_Update20ms)
                  00012b78    00000288     oled_ui.o (.text.print_param_page)
                  00012e00    00000268     car_controller.o (.text.handle_turn_to_yaw)
                  00013068    00000254     mission_library.o (.text.MissionLibrary_Validate)
                  000132bc    00000230     oled_ui.o (.text.print_status_page)
                  000134ec    00000224     app_config.o (.text.AppConfig_InitDefault)
                  00013710    0000021c     balance_tuning.o (.text.BalanceTuning_Process)
                  0001392c    00000204     motor.o (.text.Motor_SetSpeed)
                  00013b30    000001e8     motor_control.o (.text.config_is_valid)
                  00013d18    000001d0     oled_ui.o (.text.print_sensor_page)
                  00013ee8    000001cc     imu.o (.text.imu_i2c_write_byte)
                  000140b4    000001b8     oled.o (.text.oled_i2c_write_byte)
                  0001426c    000001a8     app.o (.text.App_Update_20ms)
                  00014414    000001a8     key.o (.text.Key_Update_20ms)
                  000145bc    000001a0     ultrasonic.o (.text.Ultrasonic_Tick100us)
                  0001475c    0000019c     car_controller.o (.text.CarController_StartDriveDistanceAtYaw)
                  000148f8    00000194     gimbal_stepper.o (.text.GimbalStepper_Tick100us)
                  00014a8c    00000190     car_controller.o (.text.CarController_Update_20ms)
                  00014c1c    00000188     oled_ui.o (.text.print_imu_page)
                  00014da4    00000174     oled_ui.o (.text.print_h_task_status_page)
                  00014f18    00000170     oled.o (.text.OLED_FlushPage)
                  00015088    0000016c     oled.o (.text.OLED_PrintInt16)
                  000151f4    0000016c     balance_tuning.o (.text.parse_x100)
                  00015360    00000160     oled_ui.o (.text.print_balance_limit_value)
                  000154c0    0000015c     oled_ui.o (.text.print_signed_total_tail)
                  0001561c    00000158     balance_ball_control.o (.text.BalanceBallControl_SetConfig)
                  00015774    00000150     h_task_controller.o (.text.h_update_start_verify)
                  000158c4    00000150     vision_protocol.o (.text.parse_decimal_x1000)
                  00015a14    0000014c     balance_position_control.o (.text.BalancePositionControl_Start)
                  00015b60    0000014c     balance_soft_limits.o (.text.BalanceSoftLimits_CaptureCurrentStage)
                  00015cac    00000140     balance_calibration_store.o (.text.BalanceCalibrationStore_Load)
                  00015dec    0000013c     oled_ui.o (.text.print_balance_vision_rx_debug_page)
                  00015f28    00000130     balance_ball_control.o (.text.BalanceBallControl_Enable)
                  00016058    0000012c     imu.o (.text.imu_i2c_recover_bus)
                  00016184    0000012c     oled_ui.o (.text.print_uint64_decimal)
                  000162b0    00000128     line_controller.o (.text.LineController_Reset)
                  000163d8    00000128     mission_manager.o (.text.MissionManager_Update_20ms)
                  00016500    00000128     h_task_controller.o (.text.h_update_h3)
                  00016628    00000124     oled.o (.text.OLED_Init)
                  0001674c    00000120     line_controller.o (.text.LineController_Init)
                  0001686c    00000120     h_task_controller.o (.text.h_update_vehicle_supervision)
                  0001698c    00000120     car_controller.o (.text.handle_follow_line)
                  00016aac    00000120     oled_ui.o (.text.print_bluetooth_page)
                  00016bcc    0000011c     car_controller.o (.text.handle_drive_heading)
                  00016ce8    00000118     vision_receiver.o (.text.accept_packet)
                  00016e00    00000118     oled_ui.o (.text.print_obstacle_page)
                  00016f18    0000010c     balance_soft_limits.o (.text.BalanceSoftLimits_BeginAtCurrentAsZero)
                  00017024    0000010c     line_controller.o (.text.LineController_ResetControlState)
                  00017130    00000104     driverlib.a : dl_timer.o (.text.DL_Timer_initFourCCPWMMode)
                  00017234    00000104     menu.o (.text.Menu_GetParamValue)
                  00017338    00000104     ti_msp_dl_config.o (.text.SYSCFG_DL_GPIO_init)
                  0001743c    00000104     balance_tuning.o (.text.send_text)
                  00017540    00000100     motor_control.o (.text.MotorControl_SetNormalizedTarget)
                  00017640    000000fc     mission_manager.o (.text.MissionManager_SelectNext)
                  0001773c    000000f4     h_task_controller.o (.text.h_update_vision_hold)
                  00017830    000000f4     empty.o (.text.main)
                  00017924    000000ec     heading_control.o (.text.HeadingControl_Update)
                  00017a10    000000e8     balance_soft_limits.o (.text.BalanceSoftLimits_StartRelativePositionMoveSteps)
                  00017af8    000000e8     mission_manager.o (.text.MissionManager_SelectPrevious)
                  00017be0    000000e8     obstacle_safety.o (.text.ObstacleSafety_Update_20ms)
                  00017cc8    000000e0     wheel_speed_estimator.o (.text.WheelSpeedEstimator_Init)
                  00017da8    000000d8     driverlib.a : dl_flashctl.o (.text.DL_FlashCTL_unprotectSector)
                  00017e80    000000d8     oled.o (.text.OLED_PrintUInt16)
                  00017f58    000000d8     balance_ball_control.o (.text.return_toward_zero)
                  00018030    000000d8     libclang_rt.builtins.a : addsf3.S.obj (.text)
                  00018108    000000d4     car_controller.o (.text.CarController_StartDriveDistance)
                  000181dc    000000d4     gimbal_stepper.o (.text.GimbalStepper_MoveRelativeSteps)
                  000182b0    000000cc     balance_encoder.o (.text.BalanceEncoder_HandleGpioInterrupt)
                  0001837c    000000cc     oled_ui.o (.text.OledUi_Update_20ms)
                  00018448    000000c8     car_controller.o (.text.CarController_ResetRuntime)
                  00018510    000000c8     fault.o (.text.FaultCode_ToShortString)
                  000185d8    000000c4     balance_soft_limits.o (.text.BalanceSoftLimits_Init)
                  0001869c    000000c0     angle_utils.o (.text.Angle_Normalize180)
                  0001875c    000000c0     balance_soft_limits.o (.text.oscillation_target_for_phase)
                  0001881c    000000bc     h_task_controller.o (.text.HTaskController_Init)
                  000188d8    000000b4     gimbal_stepper.o (.text.GimbalStepper_StopHold)
                  0001898c    000000b0     gimbal_stepper.o (.text.GimbalStepper_Init)
                  00018a3c    000000b0     empty.o (.text.SysTick_Handler)
                  00018aec    000000ac     balance_soft_limits.o (.text.BalanceSoftLimits_StartPositionMoveToLogicalCount)
                  00018b98    000000ac     h_task_controller.o (.text.h_apply_chassis_profile)
                  00018c44    000000a8     balance_ball_control.o (.text.BalanceBallControl_Init)
                  00018cec    000000a8     balance_soft_limits.o (.text.BalanceSoftLimits_ArmRecalibration)
                  00018d94    000000a4     encoder.o (.text.Encoder_HandleGpioInterrupt)
                  00018e38    000000a4     balance_calibration_store.o (.text.calibration_crc32)
                  00018edc    000000a4     h_task_controller.o (.text.h_start_car)
                  00018f80    000000a2     libclang_rt.builtins.a : udivmoddi4.S.obj (.text)
                  00019022    00000002     startup_mspm0g350x_ticlang.o (.text.Default_Handler)
                  00019024    000000a0     balance_soft_limits.o (.text.BalanceSoftLimits_AbortCalibration)
                  000190c4    000000a0     car_controller.o (.text.drive_distance_high_decel_zone_cm)
                  00019164    0000009c     h_task_controller.o (.text.HTaskController_Reset)
                  00019200    0000009c     obstacle_monitor.o (.text.ObstacleMonitor_Update_20ms)
                  0001929c    0000009a     libc.a : memcpy16.S.obj (.text:memcpy)
                  00019336    00000002     obstacle_avoidance.o (.text.ObstacleAvoidance_Update_20ms)
                  00019338    00000098     balance_position_control.o (.text.BalancePositionControl_ResetFault)
                  000193d0    00000098     balance_soft_limits.o (.text.BalanceSoftLimits_CancelRecalibration)
                  00019468    00000098     car_controller.o (.text.CarController_ResetTransientState)
                  00019500    00000098     imu.o (.text.mpu6050_write_reg)
                  00019598    00000094     car_controller.o (.text.CarController_StartTurnToYawRelative)
                  0001962c    00000090     balance_tuning.o (.text.BalanceTuning_Init)
                  000196bc    00000090     ti_msp_dl_config.o (.text.SYSCFG_DL_UART_VISION_init)
                  0001974c    0000008c     motion_action.o (.text.MotionAction_RefreshFollowLineTuning)
                  000197d8    0000008c     ti_msp_dl_config.o (.text.SYSCFG_DL_PWM_MOTOR_init)
                  00019864    0000008c     ti_msp_dl_config.o (.text.SYSCFG_DL_UART_BALANCE_TUNING_init)
                  000198f0    0000008c     libclang_rt.builtins.a : mulsf3.S.obj (.text.__mulsf3)
                  0001997c    0000008c     car_controller.o (.text.heading_imu_wait_or_fail)
                  00019a08    00000088     balance_soft_limits.o (.text.BalanceSoftLimits_Enforce100usFromIsr)
                  00019a90    00000088     libc.a : strcmp-armv6m.S.obj (.text:strcmp)
                  00019b18    00000084     app.o (.text.App_Init)
                  00019b9c    00000084     car_controller.o (.text.CarController_SetSafetyHold)
                  00019c20    00000084     gimbal_stepper.o (.text.GimbalStepper_ConfirmZero)
                  00019ca4    00000084     line_controller.o (.text.LineController_SetProfileOverride)
                  00019d28    00000084     motor.o (.text.Motor_Init)
                  00019dac    00000084     balance_tuning.o (.text.parse_i16)
                  00019e30    00000082     libclang_rt.builtins.a : divsf3.S.obj (.text.__divsf3)
                  00019eb2    00000002     track_sensor.o (.text.TrackSensor_Init)
                  00019eb4    00000080     balance_position_control.o (.text.BalancePositionControl_Init)
                  00019f34    00000080     car_controller.o (.text.CarController_StartDriveHeading)
                  00019fb4    00000080     motor.o (.text.Motor_Stop)
                  0001a034    00000080     vision_uart.o (.text.UART3_IRQHandler)
                  0001a0b4    0000007c     mission_manager.o (.text.MissionManager_Pause)
                  0001a130    0000007c     oled_ui.o (.text.OledUi_ShowBootStatus)
                  0001a1ac    0000007c     libc.a : copy_decompress_lzss.c.obj (.text:decompress:lzss)
                  0001a228    00000078     balance_ball_control.o (.text.command_offset_limited)
                  0001a2a0    00000078     oled.o (.text.oled_write_command)
                  0001a318    00000074     balance_ball_control.o (.text.command_offset)
                  0001a38c    00000074     motor_control.o (.text.latch_control_error)
                  0001a400    00000070     gimbal_stepper.o (.text.GimbalStepper_Release)
                  0001a470    00000070     h_task_controller.o (.text.HTaskController_SetChassisTuning)
                  0001a4e0    00000070     balance_tuning.o (.text.serial_calibration_confirm)
                  0001a550    0000006e     track_sensor.o (.text.TrackSensor_DetectTurn)
                  0001a5be    00000002     vision_uart.o (.text.VisionUart_Process)
                  0001a5c0    00000068     mission_manager.o (.text.MissionManager_GetSelectedMissionIndex)
                  0001a628    00000068     motor_control.o (.text.MotorControl_SetFeedforwardOverride)
                  0001a690    00000068     car_controller.o (.text.set_output_speed)
                  0001a6f8    00000066     track_sensor.o (.text.TrackSensor_GetErrorFromRaw)
                  0001a75e    00000002     libclang_rt.builtins.a : aeabi_div0.c.obj (.text.__aeabi_idiv0)
                  0001a760    00000064     balance_soft_limits.o (.text.BalanceSoftLimits_ResetPositionFault)
                  0001a7c4    00000064     balance_soft_limits.o (.text.BalanceSoftLimits_StartCalibrationJogSteps)
                  0001a828    00000064     mission_manager.o (.text.MissionManager_Start)
                  0001a88c    00000062     app.o (.text.App_ResetToReady)
                  0001a8ee    00000002     libclang_rt.builtins.a : aeabi_div0.c.obj (.text.__aeabi_ldiv0)
                  0001a8f0    00000062                            : aeabi_fcmp.S.obj (.text.__aeabi_fcmp)
                  0001a952    00000062     libc.a : memset16.S.obj (.text:memset)
                  0001a9b4    00000060     h_task_controller.o (.text.HTaskController_RequestNormalStop)
                  0001aa14    00000060     balance_tuning.o (.text.UART2_IRQHandler)
                  0001aa74    00000060     libclang_rt.builtins.a : fixsfdi.S.obj (.text.__fixsfdi)
                  0001aad4    0000005c     ultrasonic.o (.text.Ultrasonic_Update_20ms)
                  0001ab30    0000005c     vision_receiver.o (.text.VisionReceiver_Init)
                  0001ab8c    0000005c     h_task_controller.o (.text.h_fault)
                  0001abe8    0000005c     motion_action.o (.text.motion_action_start_imu_controller)
                  0001ac44    0000005c     vision_protocol.o (.text.parse_u32)
                  0001aca0    0000005c     car_controller.o (.text.speed_cmps_to_normalized_command)
                  0001acfc    0000005c     balance_soft_limits.o (.text.test_start_target)
                  0001ad58    00000058     balance_encoder.o (.text.BalanceEncoder_Init)
                  0001adb0    00000058     car_controller.o (.text.CarController_StartFollowLineAtCommand)
                  0001ae08    00000058     mission_manager.o (.text.MissionManager_Init)
                  0001ae60    00000058     mission_manager.o (.text.MissionManager_Reset)
                  0001aeb8    00000058     oled.o (.text.OLED_PrintChar)
                  0001af10    00000058     balance_ball_control.o (.text.ensure_tracking_started)
                  0001af68    00000058     menu.o (.text.menu_recover_balance_axis_after_reset)
                  0001afc0    00000056     libclang_rt.builtins.a : aeabi_idivmod.S.obj (.text.__aeabi_idivmod)
                  0001b016    00000002     --HOLE-- [fill = 0]
                  0001b018    00000054     balance_soft_limits.o (.text.BalanceSoftLimits_BeginFullCalibrationAtCurrentAsZero)
                  0001b06c    00000054     car_controller.o (.text.CarController_Stop)
                  0001b0c0    00000054     track_sensor.o (.text.TrackSensor_ReadRaw)
                  0001b114    00000054     watchdog_monitor.o (.text.WatchdogMonitor_ApplyFaultIfNeeded)
                  0001b168    00000050     balance_position_control.o (.text.BalancePositionControl_SetTrackingTarget)
                  0001b1b8    00000050     balance_soft_limits.o (.text.BalanceSoftLimits_GetSnapshot)
                  0001b208    00000050     ultrasonic.o (.text.Ultrasonic_Init)
                  0001b258    00000050     watchdog_monitor.o (.text.WatchdogMonitor_Tick1msFromIsr)
                  0001b2a8    0000004e     libclang_rt.builtins.a : floatdisf.S.obj (.text.__floatdisf)
                  0001b2f6    00000002     --HOLE-- [fill = 0]
                  0001b2f8    0000004c     car_controller.o (.text.CarController_StartFollowLine)
                  0001b344    0000004c     mission_manager.o (.text.MissionManager_Cancel)
                  0001b390    0000004c     motor_control.o (.text.MotorControl_Stop)
                  0001b3dc    0000004c     libc.a : cpy_tbl.c.obj (.text.copy_in)
                  0001b428    0000004c     vision_protocol.o (.text.state_is_valid)
                  0001b474    0000004c     libc.a : autoinit.c.obj (.text:__TI_auto_init_nopinit)
                  0001b4c0    00000048     balance_ball_control.o (.text.BalanceBallControl_ResetConfig)
                  0001b508    00000048     car_controller.o (.text.CarController_ResumeFollowLine)
                  0001b550    00000048     driverlib.a : dl_uart.o (.text.DL_UART_init)
                  0001b598    00000048     ti_msp_dl_config.o (.text.SYSCFG_DL_initPower)
                  0001b5e0    00000046     balance_tuning.o (.text.parse_u16)
                  0001b626    00000002     --HOLE-- [fill = 0]
                  0001b628    00000044     balance_tuning.o (.text.BalanceTuning_AbortCalibrationSession)
                  0001b66c    00000044     emergency_stop.o (.text.EmergencyStop_Reset)
                  0001b6b0    00000044     encoder.o (.text.Encoder_GetAndClearPulseDeltas)
                  0001b6f4    00000044     imu.o (.text.Imu_ResetYaw)
                  0001b738    00000044     servo.o (.text.Servo_Tick100us)
                  0001b77c    00000040     balance_encoder.o (.text.BalanceEncoder_GetSnapshot)
                  0001b7bc    00000040     balance_soft_limits.o (.text.BalanceSoftLimits_StopMotion)
                  0001b7fc    00000040     fault.o (.text.Fault_Raise)
                  0001b83c    00000040     ti_msp_dl_config.o (.text.SYSCFG_DL_SYSCTL_init)
                  0001b87c    00000040     vision_receiver.o (.text.VisionReceiver_PushByteFromIsr)
                  0001b8bc    00000040     vision_uart.o (.text.VisionUart_Init)
                  0001b8fc    00000040     libclang_rt.builtins.a : aeabi_uidivmod.S.obj (.text.__aeabi_uidivmod)
                  0001b93c    00000040     balance_tuning.o (.text.abort_serial_calibration)
                  0001b97c    00000040     vision_protocol.o (.text.parse_confidence)
                  0001b9bc    0000003e     libclang_rt.builtins.a : divmoddi4.c.obj (.text.__divmoddi4)
                  0001b9fa    00000002     --HOLE-- [fill = 0]
                  0001b9fc    0000003c     balance_position_control.o (.text.BalancePositionControl_Cancel)
                  0001ba38    0000003c     mission_manager.o (.text.MissionManager_Resume)
                  0001ba74    0000003c     motor_control.o (.text.MotorControl_Init)
                  0001bab0    0000003c     servo.o (.text.Servo_SetAngleDeg)
                  0001baec    0000003c     libclang_rt.builtins.a : floatsisf.S.obj (.text.__floatsisf)
                  0001bb28    0000003c                            : comparesf2.S.obj (.text.__gtsf2)
                  0001bb64    0000003c     balance_position_control.o (.text.latch_fault)
                  0001bba0    0000003a     libclang_rt.builtins.a : comparesf2.S.obj (.text.__eqsf2)
                  0001bbda    00000002     --HOLE-- [fill = 0]
                  0001bbdc    0000003a                            : muldsi3.S.obj (.text.__muldsi3)
                  0001bc16    00000002     --HOLE-- [fill = 0]
                  0001bc18    00000038     balance_ball_control.o (.text.BalanceBallControl_SetTargetMm)
                  0001bc50    00000038     emergency_stop.o (.text.EmergencyStop_Trigger)
                  0001bc88    00000038     motion_action.o (.text.MotionAction_Cancel)
                  0001bcc0    00000038     libclang_rt.builtins.a : fixsfsi.S.obj (.text.__fixsfsi)
                  0001bcf8    00000034     balance_position_control.o (.text.BalancePositionControl_SetTrackingThresholds)
                  0001bd2c    00000034     imu.o (.text.Imu_IsReady)
                  0001bd60    00000034     h_task_controller.o (.text.h_enter_vision_hold)
                  0001bd94    00000034     balance_tuning.o (.text.serial_calibration_jog)
                  0001bdc8    00000032     oled.o (.text.OLED_PrintString)
                  0001bdfa    00000002     --HOLE-- [fill = 0]
                  0001bdfc    00000030     key.o (.text.Key_Init)
                  0001be2c    00000030     line_controller.o (.text.LineController_ObserveSensors)
                  0001be5c    00000030     watchdog_monitor.o (.text.WatchdogMonitor_Init)
                  0001be8c    00000030     watchdog_monitor.o (.text.WatchdogMonitor_Reset)
                  0001bebc    0000002c     balance_position_control.o (.text.BalancePositionControl_StartTracking)
                  0001bee8    0000002c     car_controller.o (.text.CarController_SetFollowLineBaseCommand)
                  0001bf14    0000002c     encoder.o (.text.Encoder_Reset)
                  0001bf40    0000002c     track_sensor.o (.text.TrackSensor_CountBlack)
                  0001bf6c    00000028     balance_soft_limits.o (.text.BalanceSoftLimits_CancelTravelTest)
                  0001bf94    00000028     driverlib.a : dl_flashctl.o (.text.DL_FlashCTL_programMemoryFromRAM64WithECCGenerated)
                  0001bfbc    00000010                 : dl_flashctl.o (.tramp.DL_FlashCTL_executeCommandFromRAM.1)
                  0001bfcc    00000028     emergency_stop.o (.text.EmergencyStop_Enforce)
                  0001bff4    00000028     magnet.o (.text.Magnet_ForceOff)
                  0001c01c    00000028     ti_msp_dl_config.o (.text.SYSCFG_DL_init)
                  0001c044    00000028     servo.o (.text.Servo_Init)
                  0001c06c    00000028     libclang_rt.builtins.a : floatunsisf.S.obj (.text.__floatunsisf)
                  0001c094    00000028     libc.a : boot_cortex_m.c.obj (.text:_c_int00_noargs)
                  0001c0bc    00000024     balance_encoder.o (.text.BalanceEncoder_SampleSpeed10msFromIsr)
                  0001c0e0    00000024     balance_position_control.o (.text.BalancePositionControl_GetSnapshot)
                  0001c104    00000024     balance_soft_limits.o (.text.BalanceSoftLimits_CancelOscillationTest)
                  0001c128    00000024     gimbal_stepper.o (.text.GimbalStepper_GetFeedbackSnapshot)
                  0001c14c    00000024     h_task_controller.o (.text.HTaskController_VehicleToString)
                  0001c170    00000024     line_controller.o (.text.LineController_ClearProfileOverride)
                  0001c194    00000024     menu.o (.text.Menu_Init)
                  0001c1b8    00000024     mission_manager.o (.text.MissionManager_ReportExternalFailure)
                  0001c1dc    00000024     motion_action.o (.text.MotionAction_Init)
                  0001c200    00000024     motor_control.o (.text.MotorControl_Reset)
                  0001c224    00000024     oled.o (.text.OLED_ClearBuffer)
                  0001c248    00000024     libclang_rt.builtins.a : muldi3.S.obj (.text.__muldi3)
                  0001c26c    00000020     balance_ball_control.o (.text.BalanceBallControl_ForceStop)
                  0001c28c    00000020     driverlib.a : dl_timer.o (.text.DL_Timer_overrideCCPOut)
                  0001c2ac    00000020     debug_telemetry.o (.text.DebugTelemetry_Update)
                  0001c2cc    00000020     empty.o (.text.GROUP1_IRQHandler)
                  0001c2ec    00000020     magnet.o (.text.Magnet_Init)
                  0001c30c    00000020     oled.o (.text.OLED_SetCursor)
                  0001c32c    00000020     empty.o (.text.SchedulerMonitor_GetStats)
                  0001c34c    00000020     vision_receiver.o (.text.VisionReceiver_GetProtocolErrorCount)
                  0001c36c    00000020     libc.a : memcmp.c.obj (.text.memcmp)
                  0001c38c    00000020     mission_manager.o (.text.mission_finish_error)
                  0001c3ac    0000001e     libclang_rt.builtins.a : ashldi3.S.obj (.text.__ashldi3)
                  0001c3ca    00000002     --HOLE-- [fill = 0]
                  0001c3cc    0000001c     balance_ball_control.o (.text.BalanceBallControl_Disable)
                  0001c3e8    0000001c     balance_ball_control.o (.text.BalanceBallControl_GetConfig)
                  0001c404    0000001c     driverlib.a : dl_timer.o (.text.DL_Timer_setCaptCompUpdateMethod)
                  0001c420    0000001c                 : dl_timer.o (.text.DL_Timer_setClockConfig)
                  0001c43c    0000001c     h_task_controller.o (.text.HTaskController_GetSnapshot)
                  0001c458    0000001c     h_task_controller.o (.text.HTaskController_IsActive)
                  0001c474    0000001c     h_task_controller.o (.text.HTaskController_StateToString)
                  0001c490    0000001c     heading_control.o (.text.HeadingControl_SetTargetYaw)
                  0001c4ac    0000001c     motor_control.o (.text.MotorControl_ClearFeedforwardOverride)
                  0001c4c8    0000001c     obstacle_monitor.o (.text.ObstacleMonitor_Init)
                  0001c4e4    0000001c     obstacle_safety.o (.text.ObstacleSafety_Init)
                  0001c500    0000001c     watchdog_monitor.o (.text.WatchdogMonitor_NotifyControlCycleComplete)
                  0001c51c    0000001c     mission_manager.o (.text.mission_finish_success)
                  0001c538    00000018     driverlib.a : dl_flashctl.o (.text.DL_FlashCTL_eraseMemoryFromRAM)
                  0001c550    00000018                 : dl_timer.o (.text.DL_Timer_setCaptureCompareOutCtl)
                  0001c568    00000018     debug_telemetry.o (.text.DebugTelemetry_Init)
                  0001c580    00000018     heading_control.o (.text.HeadingControl_Init)
                  0001c598    00000018     heading_control.o (.text.HeadingControl_Reset)
                  0001c5b0    00000018     menu.o (.text.Menu_ParamItemToString)
                  0001c5c8    00000018     mission_library.o (.text.MissionLibrary_FindById)
                  0001c5e0    00000018     obstacle_avoidance.o (.text.ObstacleAvoidance_Init)
                  0001c5f8    00000018     runtime_snapshot.o (.text.RuntimeSnapshot_Init)
                  0001c610    00000016     libclang_rt.builtins.a : comparesf2.S.obj (.text.__unordsf2)
                  0001c626    00000002     --HOLE-- [fill = 0]
                  0001c628    00000014     balance_ball_control.o (.text.BalanceBallControl_GetSnapshot)
                  0001c63c    00000014     fault.o (.text.Fault_Clear)
                  0001c650    00000014     fault.o (.text.Fault_Init)
                  0001c664    00000014     gimbal_stepper.o (.text.GimbalStepper_SetStepHalfPeriodTicks)
                  0001c678    00000014     h_task_controller.o (.text.HTaskController_GetChassisTuning)
                  0001c68c    00000014     heading_control.o (.text.HeadingControl_Enable)
                  0001c6a0    00000014     mission_library.o (.text.MissionLibrary_GetByIndex)
                  0001c6b4    00000014     mission_manager.o (.text.MissionManager_GetSelectedMissionId)
                  0001c6c8    00000014     libclang_rt.builtins.a : aeabi_ldivmod.S.obj (.text.__aeabi_ldivmod)
                  0001c6dc    00000014                            : aeabi_uldivmod.S.obj (.text.__aeabi_uldivmod)
                  0001c6f0    00000012     driverlib.a : dl_uart.o (.text.DL_UART_setClockConfig)
                  0001c702    00000012     libc.a : copy_decompress_none.c.obj (.text:decompress:none)
                  0001c714    00000010     balance_position_control.o (.text.BalancePositionControl_HasFault)
                  0001c724    00000010     driverlib.a : dl_timer.o (.text.DL_Timer_setCaptureCompareValue)
                  0001c734    00000010     gimbal.o (.text.Gimbal_YawGetFeedback)
                  0001c744    00000010     h_task_controller.o (.text.HTaskController_HasFault)
                  0001c754    00000010     key.o (.text.Key_GetEvent)
                  0001c764    00000010     vision_receiver.o (.text.VisionReceiver_RecordUartBreakErrorFromIsr)
                  0001c774    00000010     vision_receiver.o (.text.VisionReceiver_RecordUartFramingErrorFromIsr)
                  0001c784    00000010     vision_receiver.o (.text.VisionReceiver_RecordUartOverrunFromIsr)
                  0001c794    00000010     vision_receiver.o (.text.VisionReceiver_RecordUartParityErrorFromIsr)
                  0001c7a4    00000010     libc.a : copy_zero_init.c.obj (.text:decompress:ZI)
                  0001c7b4    0000000c     balance_encoder.o (.text.BalanceEncoder_GetCountAtomic)
                  0001c7c0    0000000c     balance_position_control.o (.text.BalancePositionControl_IsBusy)
                  0001c7cc    0000000c     balance_soft_limits.o (.text.BalanceSoftLimits_CancelCalibrationJog)
                  0001c7d8    0000000c     balance_soft_limits.o (.text.BalanceSoftLimits_IsCalibrationActive)
                  0001c7e4    0000000c     balance_soft_limits.o (.text.BalanceSoftLimits_IsOscillationTestActive)
                  0001c7f0    0000000c     balance_soft_limits.o (.text.BalanceSoftLimits_IsTravelTestActive)
                  0001c7fc    0000000c     car_controller.o (.text.CarController_GetRunMode)
                  0001c808    0000000c     car_controller.o (.text.CarController_Init)
                  0001c814    0000000c     car_controller.o (.text.CarController_IsSafetyHoldActive)
                  0001c820    0000000c     car_state.o (.text.CarState_Get)
                  0001c82c    0000000c     car_state.o (.text.CarState_Init)
                  0001c838    0000000c     car_state.o (.text.CarState_Set)
                  0001c844    0000000c     emergency_stop.o (.text.EmergencyStop_Init)
                  0001c850    0000000c     emergency_stop.o (.text.EmergencyStop_IsActive)
                  0001c85c    0000000c     imu.o (.text.Imu_GetCorrectedGyroZDps)
                  0001c868    0000000c     imu.o (.text.Imu_GetYaw)
                  0001c874    0000000c     menu.o (.text.Menu_GetPage)
                  0001c880    0000000c     menu.o (.text.Menu_GetParamItem)
                  0001c88c    0000000c     mission_manager.o (.text.MissionManager_IsExternallyHeld)
                  0001c898    0000000c     mission_manager.o (.text.MissionManager_SetExternalHold)
                  0001c8a4    0000000c     obstacle_avoidance.o (.text.ObstacleAvoidance_IsActive)
                  0001c8b0    0000000c     obstacle_avoidance.o (.text.ObstacleAvoidance_IsFailed)
                  0001c8bc    0000000c     obstacle_safety.o (.text.ObstacleSafety_IsHolding)
                  0001c8c8    0000000c     empty.o (.text.SystemTime_GetMs)
                  0001c8d4    0000000c     watchdog_monitor.o (.text.WatchdogMonitor_HasTripped)
                  0001c8e0    0000000c     libclang_rt.builtins.a : aeabi_memset.S.obj (.text.__aeabi_memclr)
                  0001c8ec    0000000a     driverlib.a : dl_common.o (.text.DL_Common_delayCycles)
                  0001c8f6    0000000a     motion_action.o (.text.MotionAction_Resume)
                  0001c900    0000000a     motion_action.o (.text.MotionAction_Start)
                  0001c90a    0000000a     track_sensor.o (.text.TrackSensor_IsCenterDetected)
                  0001c914    0000000a     track_sensor.o (.text.TrackSensor_IsLineDetected)
                  0001c91e    0000000a     track_sensor.o (.text.TrackSensor_IsLineLost)
                  0001c928    00000008     balance_soft_limits.o (.text.BalanceSoftLimits_CancelPositionMove)
                  0001c930    00000008     balance_soft_limits.o (.text.BalanceSoftLimits_IsPositionMoveActive)
                  0001c938    00000008     bluetooth_uart.o (.text.BluetoothUart_GetRuntime)
                  0001c940    00000008     car_controller.o (.text.CarController_GetFeedback)
                  0001c948    00000008     fault.o (.text.Fault_GetRecord)
                  0001c950    00000008     gimbal_stepper.o (.text.GimbalStepper_GetFeedback)
                  0001c958    00000008     heading_control.o (.text.HeadingControl_GetRuntime)
                  0001c960    00000008     imu.o (.text.Imu_GetRuntime)
                  0001c968    00000008     line_controller.o (.text.LineController_GetRuntime)
                  0001c970    00000008     mission_manager.o (.text.MissionManager_GetMissionCount)
                  0001c978    00000008     mission_manager.o (.text.MissionManager_GetRuntime)
                  0001c980    00000008     motion_action.o (.text.MotionAction_GetRuntime)
                  0001c988    00000008     motor_control.o (.text.MotorControl_GetRuntime)
                  0001c990    00000008     obstacle_avoidance.o (.text.ObstacleAvoidance_GetFeedback)
                  0001c998    00000008     obstacle_monitor.o (.text.ObstacleMonitor_GetFeedback)
                  0001c9a0    00000008     oled_ui.o (.text.OledUi_Init)
                  0001c9a8    00000008     runtime_snapshot.o (.text.RuntimeSnapshot_Get)
                  0001c9b0    00000008     servo.o (.text.Servo_GetFeedback)
                  0001c9b8    00000008     ultrasonic.o (.text.Ultrasonic_GetFeedback)
                  0001c9c0    00000008     vision_receiver.o (.text.VisionReceiver_GetBallPositionObservation)
                  0001c9c8    00000008     vision_receiver.o (.text.VisionReceiver_GetStatus)
                  0001c9d0    00000008     vision_tuning_console.o (.text.VisionTuningConsole_GetStatus)
                  0001c9d8    00000008     watchdog_monitor.o (.text.WatchdogMonitor_GetStatus)
                  0001c9e0    00000008     wheel_speed_estimator.o (.text.WheelSpeedEstimator_GetRuntime)
                  0001c9e8    00000008     libclang_rt.builtins.a : aeabi_memcpy.S.obj (.text.__aeabi_memcpy)
                  0001c9f0    00000006     libc.a : exit.c.obj (.text:abort)
                  0001c9f6    00000004     libsysbm.a : hostexit.c.obj (.text.HOSTexit)
                  0001c9fa    00000004     mission_library.o (.text.MissionLibrary_GetCount)
                  0001c9fe    00000004     obstacle_avoidance.o (.text.ObstacleAvoidance_IsResumeGraceActive)
                  0001ca02    00000004     startup_mspm0g350x_ticlang.o (.text.Reset_Handler)
                  0001ca06    00000002     --HOLE-- [fill = 0]
                  0001ca08    00000010     libc.a : boot_cortex_m.c.obj (.tramp._c_int00_noargs.1)
                  0001ca18    00000004            : pre_init.c.obj (.text._system_pre_init)
                  0001ca1c    00000004     --HOLE-- [fill = 0]

.TI.ramfunc 
*          0    0001d8d8    00000060     RUN ADDR = 20201a60
                  0001d8d8    00000060     driverlib.a : dl_flashctl.o (.TI.ramfunc)

.cinit     0    0001d938    00000030     
                  0001d938    0000000c     (__TI_handler_table)
                  0001d944    00000008     (.cinit..bss.load) [load image, compression = zero_init]
                  0001d94c    00000005     (.cinit..data.load) [load image, compression = lzss]
                  0001d951    00000003     --HOLE-- [fill = 0]
                  0001d954    00000010     (__TI_cinit_table)
                  0001d964    00000004     --HOLE-- [fill = 0]

.rodata    0    0001ca20    00000eb8     
                  0001ca20    000000d8     oled.o (.rodata..Lswitch.table.OLED_PrintChar)
                  0001caf8    00000050     mission_library.o (.rodata.g_missionRegistry)
                  0001cb48    00000048     menu.o (.rodata..Lswitch.table.Menu_ParamItemToString)
                  0001cb90    0000003c     balance_tuning.o (.rodata..Lswitch.table.send_debug_receiver)
                  0001cbcc    00000038     oled_ui.o (.rodata..Lswitch.table.print_balance_vision_rx_debug_page)
                  0001cc04    00000034     oled_ui.o (.rodata..Lswitch.table.print_status_page)
                  0001cc38    00000030     mission_library.o (.rodata.g_missionH3)
                  0001cc68    00000030     mission_library.o (.rodata.g_missionH4)
                  0001cc98    00000030     mission_library.o (.rodata.g_missionH5)
                  0001ccc8    00000030     mission_library.o (.rodata.g_missionH6)
                  0001ccf8    00000030     mission_library.o (.rodata.g_missionTask1)
                  0001cd28    0000002c     balance_tuning.o (.rodata..Lswitch.table.send_debug_controller.182)
                  0001cd54    00000028     oled_ui.o (.rodata..Lswitch.table.print_h_task_status_page.230)
                  0001cd7c    00000024     h_task_controller.o (.rodata..Lswitch.table.HTaskController_StateToString)
                  0001cda0    00000020     oled_ui.o (.rodata..Lswitch.table.print_balance_vision_page)
                  0001cdc0    00000020     balance_tuning.o (.rodata..Lswitch.table.send_debug_controller.181)
                  0001cde0    00000020     balance_tuning.o (.rodata..Lswitch.table.send_debug_filter)
                  0001ce00    0000001c     oled_ui.o (.rodata..Lswitch.table.print_balance_stepper_test_page.226)
                  0001ce1c    0000001c     oled_ui.o (.rodata..Lswitch.table.print_balance_vision_page.227)
                  0001ce38    0000001c     oled_ui.o (.rodata..Lswitch.table.print_drive_distance_page)
                  0001ce54    0000001c     oled_ui.o (.rodata..Lswitch.table.print_h_task_status_page)
                  0001ce70    00000018     oled_ui.o (.rodata..Lswitch.table.print_status_page.228)
                  0001ce88    00000018     balance_tuning.o (.rodata..Lswitch.table.send_debug_position_fault)
                  0001cea0    00000018     balance_tuning.o (.rodata.str1.12203727298384633765.1)
                  0001ceb8    00000017     balance_tuning.o (.rodata.str1.7429938449141376701.1)
                  0001cecf    00000015     balance_tuning.o (.rodata.str1.12153495617120739732.1)
                  0001cee4    00000014     mission_library.o (.rodata..Lswitch.table.MissionLibrary_FindById)
                  0001cef8    00000014     oled_ui.o (.rodata..Lswitch.table.print_balance_stepper_test_page.220)
                  0001cf0c    00000014     oled_ui.o (.rodata..Lswitch.table.print_balance_stepper_test_page.222)
                  0001cf20    00000014     oled_ui.o (.rodata..Lswitch.table.print_status_page.229)
                  0001cf34    00000014     balance_tuning.o (.rodata.str1.16828945227823925029.1)
                  0001cf48    00000013     oled_ui.o (.rodata.str1.13871579367539052597.1)
                  0001cf5b    00000013     balance_tuning.o (.rodata.str1.14264142961881584424.1)
                  0001cf6e    00000012     balance_tuning.o (.rodata.str1.8563474565901259281.1)
                  0001cf80    00000011     oled_ui.o (.rodata.str1.15132332204781002199.1)
                  0001cf91    00000011     oled_ui.o (.rodata.str1.17436941090773226089.1)
                  0001cfa2    00000011     oled_ui.o (.rodata.str1.2603845803395459882.1)
                  0001cfb3    00000011     oled_ui.o (.rodata.str1.2608729314174233125.1)
                  0001cfc4    00000011     oled_ui.o (.rodata.str1.9992244628984851027.1)
                  0001cfd5    00000003     ti_msp_dl_config.o (.rodata.gPWM_MOTORClockConfig)
                  0001cfd8    00000010     oled_ui.o (.rodata..Lswitch.table.print_balance_stepper_test_page.223)
                  0001cfe8    00000010     balance_encoder.o (.rodata.cst16)
                  0001cff8    00000010     oled_ui.o (.rodata.str1.2656948373757303877.1)
                  0001d008    0000000f     menu.o (.rodata..Lswitch.table.Menu_HandleKeyEvent)
                  0001d017    0000000f     oled_ui.o (.rodata.str1.17274519358952562110.1)
                  0001d026    0000000f     oled_ui.o (.rodata.str1.2397705740312973058.1)
                  0001d035    0000000f     oled_ui.o (.rodata.str1.9351772214919528733.1)
                  0001d044    0000000f     oled_ui.o (.rodata.str1.9854382722193312766.1)
                  0001d053    0000000e     oled_ui.o (.rodata.str1.11232419324784801130.1)
                  0001d061    0000000e     balance_tuning.o (.rodata.str1.1264218299910966159.1)
                  0001d06f    0000000e     balance_tuning.o (.rodata.str1.12833110812472946424.1)
                  0001d07d    0000000e     mission_library.o (.rodata.str1.1440970855772709381.1)
                  0001d08b    0000000e     oled_ui.o (.rodata.str1.14556837007311414654.1)
                  0001d099    0000000e     oled_ui.o (.rodata.str1.15917848551323629232.1)
                  0001d0a7    0000000e     oled_ui.o (.rodata.str1.18266126048138325213.1)
                  0001d0b5    0000000e     oled_ui.o (.rodata.str1.2193316011307952170.1)
                  0001d0c3    0000000e     balance_tuning.o (.rodata.str1.3233384059104302595.1)
                  0001d0d1    0000000e     oled_ui.o (.rodata.str1.8124536758062367015.1)
                  0001d0df    0000000d     balance_tuning.o (.rodata.str1.12787636963787307533.1)
                  0001d0ec    0000000d     mission_library.o (.rodata.str1.15668266851434757964.1)
                  0001d0f9    0000000d     balance_tuning.o (.rodata.str1.2068070733339245865.1)
                  0001d106    0000000d     balance_tuning.o (.rodata.str1.7303502640274702539.1)
                  0001d113    0000000d     balance_tuning.o (.rodata.str1.7805572866881257290.1)
                  0001d120    0000000c     oled_ui.o (.rodata..Lswitch.table.print_balance_stepper_test_page.221)
                  0001d12c    0000000c     oled_ui.o (.rodata..Lswitch.table.print_balance_stepper_test_page.224)
                  0001d138    0000000c     oled_ui.o (.rodata..Lswitch.table.print_balance_stepper_test_page)
                  0001d144    0000000c     oled_ui.o (.rodata..Lswitch.table.print_sensor_page)
                  0001d150    0000000c     balance_tuning.o (.rodata..Lswitch.table.send_calibration_status)
                  0001d15c    0000000c     oled_ui.o (.rodata.str1.1019225241002246410.1)
                  0001d168    0000000c     balance_tuning.o (.rodata.str1.11153751536558257278.1)
                  0001d174    0000000c     mission_library.o (.rodata.str1.11682660667400632204.1)
                  0001d180    0000000c     oled_ui.o (.rodata.str1.12043213579996415112.1)
                  0001d18c    0000000c     balance_tuning.o (.rodata.str1.14379570804519814092.1)
                  0001d198    0000000c     oled_ui.o (.rodata.str1.5965450730569173784.1)
                  0001d1a4    0000000b     oled_ui.o (.rodata.str1.130772507669342127.1)
                  0001d1af    0000000b     balance_tuning.o (.rodata.str1.13927408975829028648.1)
                  0001d1ba    0000000b     balance_tuning.o (.rodata.str1.16995373371140357553.1)
                  0001d1c5    0000000b     balance_tuning.o (.rodata.str1.2700731884220140365.1)
                  0001d1d0    0000000b     oled_ui.o (.rodata.str1.3455423528827705371.1)
                  0001d1db    0000000b     oled_ui.o (.rodata.str1.3702290527496711532.1)
                  0001d1e6    0000000b     balance_tuning.o (.rodata.str1.4113204610233820215.1)
                  0001d1f1    0000000b     balance_tuning.o (.rodata.str1.9462028229935726468.1)
                  0001d1fc    0000000a     ti_msp_dl_config.o (.rodata.gUART_BALANCE_TUNINGConfig)
                  0001d206    0000000a     ti_msp_dl_config.o (.rodata.gUART_VISIONConfig)
                  0001d210    0000000a     oled_ui.o (.rodata.str1.1108652269057166745.1)
                  0001d21a    0000000a     balance_tuning.o (.rodata.str1.11429545149414127667.1)
                  0001d224    0000000a     balance_tuning.o (.rodata.str1.11965935882277854026.1)
                  0001d22e    0000000a     balance_tuning.o (.rodata.str1.1225708768031363644.1)
                  0001d238    0000000a     balance_tuning.o (.rodata.str1.12662652760121154555.1)
                  0001d242    0000000a     mission_library.o (.rodata.str1.13636476544574750902.1)
                  0001d24c    0000000a     balance_tuning.o (.rodata.str1.14407532796619091063.1)
                  0001d256    0000000a     oled_ui.o (.rodata.str1.16931641404301806744.1)
                  0001d260    0000000a     balance_tuning.o (.rodata.str1.190387033829999932.1)
                  0001d26a    0000000a     oled_ui.o (.rodata.str1.1974573040514735405.1)
                  0001d274    0000000a     mission_library.o (.rodata.str1.199678142196697465.1)
                  0001d27e    0000000a     oled_ui.o (.rodata.str1.5291836437463020264.1)
                  0001d288    0000000a     oled_ui.o (.rodata.str1.6381889798382488904.1)
                  0001d292    00000009     balance_tuning.o (.rodata.str1.13060521858833474728.1)
                  0001d29b    00000009     balance_tuning.o (.rodata.str1.16006537837561361483.1)
                  0001d2a4    00000009     oled_ui.o (.rodata.str1.240075016795266086.1)
                  0001d2ad    00000009     oled_ui.o (.rodata.str1.4402311448527872260.1)
                  0001d2b6    00000009     balance_tuning.o (.rodata.str1.9007449870089704693.1)
                  0001d2bf    00000009     oled_ui.o (.rodata.str1.9646571805098343045.1)
                  0001d2c8    00000008     ti_msp_dl_config.o (.rodata.gPWM_MOTORConfig)
                  0001d2d0    00000008     balance_tuning.o (.rodata.str1.10864470326470540157.1)
                  0001d2d8    00000008     balance_tuning.o (.rodata.str1.12637522976786142932.1)
                  0001d2e0    00000008     balance_tuning.o (.rodata.str1.12835793291258929699.1)
                  0001d2e8    00000008     oled_ui.o (.rodata.str1.12928245060369742404.1)
                  0001d2f0    00000008     app.o (.rodata.str1.13935281678674483141.1)
                  0001d2f8    00000008     balance_tuning.o (.rodata.str1.15818174819141905252.1)
                  0001d300    00000008     oled_ui.o (.rodata.str1.270145429241168923.1)
                  0001d308    00000008     balance_tuning.o (.rodata.str1.3392284968516405332.1)
                  0001d310    00000008     balance_tuning.o (.rodata.str1.7071644105955104486.1)
                  0001d318    00000008     oled_ui.o (.rodata.str1.8703997732205428909.1)
                  0001d320    00000007     oled_ui.o (.rodata.str1.10263419832828250601.1)
                  0001d327    00000007     balance_tuning.o (.rodata.str1.11690988241288759035.1)
                  0001d32e    00000007     oled_ui.o (.rodata.str1.12571791089077708471.1)
                  0001d335    00000007     oled_ui.o (.rodata.str1.13750180467131823662.1)
                  0001d33c    00000007     oled_ui.o (.rodata.str1.14132186318895045592.1)
                  0001d343    00000007     oled_ui.o (.rodata.str1.15613891207764622616.1)
                  0001d34a    00000007     h_task_controller.o (.rodata.str1.15725356076850704266.1)
                  0001d351    00000007     balance_tuning.o (.rodata.str1.15769814967733252227.1)
                  0001d358    00000007     oled_ui.o (.rodata.str1.16635595130967924751.1)
                  0001d35f    00000007     oled_ui.o (.rodata.str1.16767111097834273992.1)
                  0001d366    00000007     h_task_controller.o (.rodata.str1.3267964509806984770.1)
                  0001d36d    00000007     balance_tuning.o (.rodata.str1.3829160663182747675.1)
                  0001d374    00000007     oled_ui.o (.rodata.str1.6473435968988645044.1)
                  0001d37b    00000007     oled_ui.o (.rodata.str1.6744096065564390185.1)
                  0001d382    00000007     balance_tuning.o (.rodata.str1.7224754546233542076.1)
                  0001d389    00000007     oled_ui.o (.rodata.str1.9135818829835424837.1)
                  0001d390    00000007     balance_tuning.o (.rodata.str1.9755989949770481844.1)
                  0001d397    00000006     oled_ui.o (.rodata.str1.11178346780556493352.1)
                  0001d39d    00000006     oled_ui.o (.rodata.str1.11388022865931857840.1)
                  0001d3a3    00000006     oled_ui.o (.rodata.str1.11794000050372113979.1)
                  0001d3a9    00000006     oled_ui.o (.rodata.str1.12617122458660443890.1)
                  0001d3af    00000006     oled_ui.o (.rodata.str1.1276391367487699528.1)
                  0001d3b5    00000006     balance_tuning.o (.rodata.str1.12987821060827392178.1)
                  0001d3bb    00000006     balance_tuning.o (.rodata.str1.13102443532555841901.1)
                  0001d3c1    00000006     menu.o (.rodata.str1.13617062986815958976.1)
                  0001d3c7    00000006     oled_ui.o (.rodata.str1.13790669171379415506.1)
                  0001d3cd    00000006     oled_ui.o (.rodata.str1.13875148296791986931.1)
                  0001d3d3    00000006     oled_ui.o (.rodata.str1.14824331111526742204.1)
                  0001d3d9    00000006     oled_ui.o (.rodata.str1.15802367878353263018.1)
                  0001d3df    00000006     oled_ui.o (.rodata.str1.15859922799842739878.1)
                  0001d3e5    00000006     balance_tuning.o (.rodata.str1.16284837996370273307.1)
                  0001d3eb    00000006     balance_tuning.o (.rodata.str1.16612448349671680203.1)
                  0001d3f1    00000006     oled_ui.o (.rodata.str1.17300182281883965258.1)
                  0001d3f7    00000006     oled_ui.o (.rodata.str1.17540787658903907660.1)
                  0001d3fd    00000006     balance_tuning.o (.rodata.str1.18012996296540459495.1)
                  0001d403    00000006     oled_ui.o (.rodata.str1.182352409660151230.1)
                  0001d409    00000006     balance_tuning.o (.rodata.str1.1862446224603202915.1)
                  0001d40f    00000006     oled_ui.o (.rodata.str1.2742282290834473644.1)
                  0001d415    00000006     oled_ui.o (.rodata.str1.3407221357956504873.1)
                  0001d41b    00000006     oled_ui.o (.rodata.str1.35417727660486075.1)
                  0001d421    00000006     oled_ui.o (.rodata.str1.4206774382274784027.1)
                  0001d427    00000006     oled_ui.o (.rodata.str1.4723632947289500520.1)
                  0001d42d    00000006     oled_ui.o (.rodata.str1.5359389153162985499.1)
                  0001d433    00000006     h_task_controller.o (.rodata.str1.6296723155108836847.1)
                  0001d439    00000006     oled_ui.o (.rodata.str1.6398192001994169976.1)
                  0001d43f    00000006     oled_ui.o (.rodata.str1.7050595558965647569.1)
                  0001d445    00000006     oled_ui.o (.rodata.str1.8709745090823444516.1)
                  0001d44b    00000006     oled_ui.o (.rodata.str1.967006512144173535.1)
                  0001d451    00000005     motion_action.o (.rodata..Lswitch.table.MotionAction_Update_20ms)
                  0001d456    00000005     oled.o (.rodata.oled_get_glyph.colon)
                  0001d45b    00000005     oled.o (.rodata.oled_get_glyph.eight)
                  0001d460    00000005     oled.o (.rodata.oled_get_glyph.five)
                  0001d465    00000005     oled.o (.rodata.oled_get_glyph.four)
                  0001d46a    00000005     oled.o (.rodata.oled_get_glyph.glyphA)
                  0001d46f    00000005     oled.o (.rodata.oled_get_glyph.glyphB)
                  0001d474    00000005     oled.o (.rodata.oled_get_glyph.glyphC)
                  0001d479    00000005     oled.o (.rodata.oled_get_glyph.glyphD)
                  0001d47e    00000005     oled.o (.rodata.oled_get_glyph.glyphE)
                  0001d483    00000005     oled.o (.rodata.oled_get_glyph.glyphF)
                  0001d488    00000005     oled.o (.rodata.oled_get_glyph.glyphG)
                  0001d48d    00000005     oled.o (.rodata.oled_get_glyph.glyphH)
                  0001d492    00000005     oled.o (.rodata.oled_get_glyph.glyphI)
                  0001d497    00000005     oled.o (.rodata.oled_get_glyph.glyphK)
                  0001d49c    00000005     oled.o (.rodata.oled_get_glyph.glyphL)
                  0001d4a1    00000005     oled.o (.rodata.oled_get_glyph.glyphM)
                  0001d4a6    00000005     oled.o (.rodata.oled_get_glyph.glyphN)
                  0001d4ab    00000005     oled.o (.rodata.oled_get_glyph.glyphO)
                  0001d4b0    00000005     oled.o (.rodata.oled_get_glyph.glyphP)
                  0001d4b5    00000005     oled.o (.rodata.oled_get_glyph.glyphR)
                  0001d4ba    00000005     oled.o (.rodata.oled_get_glyph.glyphS)
                  0001d4bf    00000005     oled.o (.rodata.oled_get_glyph.glyphT)
                  0001d4c4    00000005     oled.o (.rodata.oled_get_glyph.glyphU)
                  0001d4c9    00000005     oled.o (.rodata.oled_get_glyph.glyphV)
                  0001d4ce    00000005     oled.o (.rodata.oled_get_glyph.glyphW)
                  0001d4d3    00000005     oled.o (.rodata.oled_get_glyph.glyphX)
                  0001d4d8    00000005     oled.o (.rodata.oled_get_glyph.glyphY)
                  0001d4dd    00000005     oled.o (.rodata.oled_get_glyph.glyphb)
                  0001d4e2    00000005     oled.o (.rodata.oled_get_glyph.gt)
                  0001d4e7    00000005     oled.o (.rodata.oled_get_glyph.minus)
                  0001d4ec    00000005     oled.o (.rodata.oled_get_glyph.nine)
                  0001d4f1    00000005     oled.o (.rodata.oled_get_glyph.one)
                  0001d4f6    00000005     oled.o (.rodata.oled_get_glyph.seven)
                  0001d4fb    00000005     oled.o (.rodata.oled_get_glyph.six)
                  0001d500    00000005     oled.o (.rodata.oled_get_glyph.space)
                  0001d505    00000005     oled.o (.rodata.oled_get_glyph.three)
                  0001d50a    00000005     oled.o (.rodata.oled_get_glyph.two)
                  0001d50f    00000005     oled.o (.rodata.oled_get_glyph.zero)
                  0001d514    00000005     oled_ui.o (.rodata.str1.10077435089618835710.1)
                  0001d519    00000005     oled_ui.o (.rodata.str1.10509309789429088155.1)
                  0001d51e    00000005     oled_ui.o (.rodata.str1.10568433575767188072.1)
                  0001d523    00000005     oled_ui.o (.rodata.str1.10600688730180713177.1)
                  0001d528    00000005     balance_tuning.o (.rodata.str1.10969382713942392268.1)
                  0001d52d    00000005     oled_ui.o (.rodata.str1.11428648044669318875.1)
                  0001d532    00000005     oled_ui.o (.rodata.str1.1144361573494598876.1)
                  0001d537    00000005     balance_tuning.o (.rodata.str1.11520738983365952627.1)
                  0001d53c    00000005     oled_ui.o (.rodata.str1.11614055506586029288.1)
                  0001d541    00000005     oled_ui.o (.rodata.str1.11627403558423016802.1)
                  0001d546    00000005     oled_ui.o (.rodata.str1.11733562463285951762.1)
                  0001d54b    00000005     balance_tuning.o (.rodata.str1.11920933488914742755.1)
                  0001d550    00000005     menu.o (.rodata.str1.12110183915172842339.1)
                  0001d555    00000005     oled_ui.o (.rodata.str1.12182588061437138428.1)
                  0001d55a    00000005     oled_ui.o (.rodata.str1.12493748764729730277.1)
                  0001d55f    00000005     oled_ui.o (.rodata.str1.12595606217184830646.1)
                  0001d564    00000005     oled_ui.o (.rodata.str1.12888220461447056082.1)
                  0001d569    00000005     oled_ui.o (.rodata.str1.12983537867572525563.1)
                  0001d56e    00000005     oled_ui.o (.rodata.str1.13244290092665904221.1)
                  0001d573    00000005     oled_ui.o (.rodata.str1.13455707389137064912.1)
                  0001d578    00000005     oled_ui.o (.rodata.str1.13892659840332223045.1)
                  0001d57d    00000005     balance_tuning.o (.rodata.str1.14000290760835785496.1)
                  0001d582    00000005     oled_ui.o (.rodata.str1.14059743082376491124.1)
                  0001d587    00000005     fault.o (.rodata.str1.14435905801345341244.1)
                  0001d58c    00000005     oled_ui.o (.rodata.str1.1445687256832830955.1)
                  0001d591    00000005     oled_ui.o (.rodata.str1.14711868471336838103.1)
                  0001d596    00000005     oled_ui.o (.rodata.str1.14740362735394205067.1)
                  0001d59b    00000005     oled_ui.o (.rodata.str1.14774750633985060196.1)
                  0001d5a0    00000005     fault.o (.rodata.str1.1506612114648992996.1)
                  0001d5a5    00000005     balance_tuning.o (.rodata.str1.15919845898950636588.1)
                  0001d5aa    00000005     oled_ui.o (.rodata.str1.15935041339501476673.1)
                  0001d5af    00000005     balance_tuning.o (.rodata.str1.16068706543213351269.1)
                  0001d5b4    00000005     balance_tuning.o (.rodata.str1.16276113701240659636.1)
                  0001d5b9    00000005     menu.o (.rodata.str1.1645282505431347711.1)
                  0001d5be    00000005     oled_ui.o (.rodata.str1.16496169091617228061.1)
                  0001d5c3    00000005     oled_ui.o (.rodata.str1.16895433903389883335.1)
                  0001d5c8    00000005     fault.o (.rodata.str1.17097894860660336008.1)
                  0001d5cd    00000005     fault.o (.rodata.str1.17155043670132108083.1)
                  0001d5d2    00000005     oled_ui.o (.rodata.str1.17464849429964608858.1)
                  0001d5d7    00000005     balance_tuning.o (.rodata.str1.17549480707308297090.1)
                  0001d5dc    00000005     oled_ui.o (.rodata.str1.17678525341650131470.1)
                  0001d5e1    00000005     oled_ui.o (.rodata.str1.17719310104486814868.1)
                  0001d5e6    00000005     oled_ui.o (.rodata.str1.17763996158807330232.1)
                  0001d5eb    00000005     balance_tuning.o (.rodata.str1.17777434972134067752.1)
                  0001d5f0    00000005     oled_ui.o (.rodata.str1.17812014771544466701.1)
                  0001d5f5    00000005     oled_ui.o (.rodata.str1.18190418239766617312.1)
                  0001d5fa    00000005     fault.o (.rodata.str1.2104670281202025270.1)
                  0001d5ff    00000005     h_task_controller.o (.rodata.str1.2316076610917938976.1)
                  0001d604    00000005     oled_ui.o (.rodata.str1.2522137003438374266.1)
                  0001d609    00000005     balance_tuning.o (.rodata.str1.3025565282533664955.1)
                  0001d60e    00000005     oled_ui.o (.rodata.str1.3247264562726604308.1)
                  0001d613    00000005     balance_tuning.o (.rodata.str1.3946804622114928529.1)
                  0001d618    00000005     oled_ui.o (.rodata.str1.4145722311425911355.1)
                  0001d61d    00000005     oled_ui.o (.rodata.str1.4193589846040060630.1)
                  0001d622    00000005     balance_tuning.o (.rodata.str1.4303511908001058520.1)
                  0001d627    00000005     fault.o (.rodata.str1.4453281041433270631.1)
                  0001d62c    00000005     h_task_controller.o (.rodata.str1.4521604808130619732.1)
                  0001d631    00000005     fault.o (.rodata.str1.4549004730087743662.1)
                  0001d636    00000005     oled_ui.o (.rodata.str1.4551794666512319153.1)
                  0001d63b    00000005     oled_ui.o (.rodata.str1.4581472623415959594.1)
                  0001d640    00000005     balance_tuning.o (.rodata.str1.4612574170956397295.1)
                  0001d645    00000005     menu.o (.rodata.str1.4862307748908978627.1)
                  0001d64a    00000005     oled_ui.o (.rodata.str1.4932371652560868037.1)
                  0001d64f    00000005     balance_tuning.o (.rodata.str1.504352846468954294.1)
                  0001d654    00000005     balance_tuning.o (.rodata.str1.533910187409029848.1)
                  0001d659    00000005     oled_ui.o (.rodata.str1.5806700949489897179.1)
                  0001d65e    00000005     oled_ui.o (.rodata.str1.583767485161932155.1)
                  0001d663    00000005     oled_ui.o (.rodata.str1.5853739094453432564.1)
                  0001d668    00000005     oled_ui.o (.rodata.str1.58703915094955230.1)
                  0001d66d    00000005     oled_ui.o (.rodata.str1.5948326995020184415.1)
                  0001d672    00000005     h_task_controller.o (.rodata.str1.6223731695138908434.1)
                  0001d677    00000005     fault.o (.rodata.str1.6372787129294360447.1)
                  0001d67c    00000005     fault.o (.rodata.str1.6437946768974223044.1)
                  0001d681    00000005     oled_ui.o (.rodata.str1.6806727740681590176.1)
                  0001d686    00000005     oled_ui.o (.rodata.str1.7058381418100166061.1)
                  0001d68b    00000005     oled_ui.o (.rodata.str1.7419768602719733415.1)
                  0001d690    00000005     fault.o (.rodata.str1.8185770893384132067.1)
                  0001d695    00000005     oled_ui.o (.rodata.str1.8236579331345056500.1)
                  0001d69a    00000005     oled_ui.o (.rodata.str1.8353780705845994846.1)
                  0001d69f    00000005     oled_ui.o (.rodata.str1.8449035241871861290.1)
                  0001d6a4    00000005     oled_ui.o (.rodata.str1.8471462185882660445.1)
                  0001d6a9    00000005     oled_ui.o (.rodata.str1.8615431116298670950.1)
                  0001d6ae    00000005     oled_ui.o (.rodata.str1.8693388333057100694.1)
                  0001d6b3    00000005     menu.o (.rodata.str1.8935930992971773687.1)
                  0001d6b8    00000005     oled_ui.o (.rodata.str1.9044019526854345694.1)
                  0001d6bd    00000005     oled_ui.o (.rodata.str1.9159586779647977165.1)
                  0001d6c2    00000005     oled_ui.o (.rodata.str1.9229350655415085.1)
                  0001d6c7    00000005     h_task_controller.o (.rodata.str1.9476182539875367558.1)
                  0001d6cc    00000005     balance_tuning.o (.rodata.str1.9478990218017967919.1)
                  0001d6d1    00000005     oled_ui.o (.rodata.str1.9554470707595806150.1)
                  0001d6d6    00000005     oled_ui.o (.rodata.str1.9584387800903135389.1)
                  0001d6db    00000005     oled_ui.o (.rodata.str1.9822857334037886482.1)
                  0001d6e0    00000004     oled_ui.o (.rodata.str1.10163600690795753232.1)
                  0001d6e4    00000004     oled_ui.o (.rodata.str1.10416366799939242409.1)
                  0001d6e8    00000004     oled_ui.o (.rodata.str1.10418495993736659646.1)
                  0001d6ec    00000004     oled_ui.o (.rodata.str1.10430294223631918979.1)
                  0001d6f0    00000004     balance_tuning.o (.rodata.str1.10719393435742183532.1)
                  0001d6f4    00000004     oled_ui.o (.rodata.str1.11049990970699464748.1)
                  0001d6f8    00000004     oled_ui.o (.rodata.str1.11149198520117834688.1)
                  0001d6fc    00000004     oled_ui.o (.rodata.str1.11385560076888697311.1)
                  0001d700    00000004     oled_ui.o (.rodata.str1.12359577037488465078.1)
                  0001d704    00000004     oled_ui.o (.rodata.str1.12447783896598192203.1)
                  0001d708    00000004     menu.o (.rodata.str1.12621154128155039063.1)
                  0001d70c    00000004     oled_ui.o (.rodata.str1.12697925274637991987.1)
                  0001d710    00000004     h_task_controller.o (.rodata.str1.13154793040940860060.1)
                  0001d714    00000004     oled_ui.o (.rodata.str1.13271657277589579873.1)
                  0001d718    00000004     oled_ui.o (.rodata.str1.13567883086814673087.1)
                  0001d71c    00000004     fault.o (.rodata.str1.13582094816268305212.1)
                  0001d720    00000004     h_task_controller.o (.rodata.str1.13677751924825772483.1)
                  0001d724    00000004     oled_ui.o (.rodata.str1.14134189893851348960.1)
                  0001d728    00000004     oled_ui.o (.rodata.str1.14168333168339663346.1)
                  0001d72c    00000004     oled_ui.o (.rodata.str1.14358698208395374265.1)
                  0001d730    00000004     oled_ui.o (.rodata.str1.14521350379984854626.1)
                  0001d734    00000004     oled_ui.o (.rodata.str1.14675223611663555778.1)
                  0001d738    00000004     oled_ui.o (.rodata.str1.14705090427839013503.1)
                  0001d73c    00000004     oled_ui.o (.rodata.str1.14748562464132904299.1)
                  0001d740    00000004     h_task_controller.o (.rodata.str1.15447513579622963267.1)
                  0001d744    00000004     oled_ui.o (.rodata.str1.15575624326185233262.1)
                  0001d748    00000004     oled_ui.o (.rodata.str1.15577080202403550426.1)
                  0001d74c    00000004     oled_ui.o (.rodata.str1.15829239520183577662.1)
                  0001d750    00000004     oled_ui.o (.rodata.str1.16290499236105125126.1)
                  0001d754    00000004     menu.o (.rodata.str1.16312125044762562515.1)
                  0001d758    00000004     oled_ui.o (.rodata.str1.16411631209783952401.1)
                  0001d75c    00000004     fault.o (.rodata.str1.16482347271627360806.1)
                  0001d760    00000004     oled_ui.o (.rodata.str1.16526439943277383452.1)
                  0001d764    00000004     oled_ui.o (.rodata.str1.16554583589798097927.1)
                  0001d768    00000004     oled_ui.o (.rodata.str1.16849766574302683489.1)
                  0001d76c    00000004     menu.o (.rodata.str1.17041139162815566052.1)
                  0001d770    00000004     oled_ui.o (.rodata.str1.17067061841413117831.1)
                  0001d774    00000004     oled_ui.o (.rodata.str1.17242430504649735449.1)
                  0001d778    00000004     oled_ui.o (.rodata.str1.17717236995185551183.1)
                  0001d77c    00000004     oled_ui.o (.rodata.str1.17747339173178619492.1)
                  0001d780    00000004     oled_ui.o (.rodata.str1.17881291656140238186.1)
                  0001d784    00000004     oled_ui.o (.rodata.str1.18128648927899109887.1)
                  0001d788    00000004     menu.o (.rodata.str1.1955320522770775823.1)
                  0001d78c    00000004     oled_ui.o (.rodata.str1.2002540315216928218.1)
                  0001d790    00000004     balance_tuning.o (.rodata.str1.212598471458399308.1)
                  0001d794    00000004     oled_ui.o (.rodata.str1.2308938766145545715.1)
                  0001d798    00000004     balance_tuning.o (.rodata.str1.2518525128920481353.1)
                  0001d79c    00000004     oled_ui.o (.rodata.str1.2714695401222167146.1)
                  0001d7a0    00000004     oled_ui.o (.rodata.str1.3025253791635144717.1)
                  0001d7a4    00000004     balance_tuning.o (.rodata.str1.3044366246123777871.1)
                  0001d7a8    00000004     oled_ui.o (.rodata.str1.344790106308886506.1)
                  0001d7ac    00000004     oled_ui.o (.rodata.str1.3467953211977455017.1)
                  0001d7b0    00000004     balance_tuning.o (.rodata.str1.3496791163923278892.1)
                  0001d7b4    00000004     oled_ui.o (.rodata.str1.4082595774073207366.1)
                  0001d7b8    00000004     oled_ui.o (.rodata.str1.4333660085836505987.1)
                  0001d7bc    00000004     oled_ui.o (.rodata.str1.4581686099848791648.1)
                  0001d7c0    00000004     oled_ui.o (.rodata.str1.4610220316623841660.1)
                  0001d7c4    00000004     menu.o (.rodata.str1.4646809750356241979.1)
                  0001d7c8    00000004     menu.o (.rodata.str1.5102509094067202407.1)
                  0001d7cc    00000004     menu.o (.rodata.str1.5155000645726596423.1)
                  0001d7d0    00000004     balance_tuning.o (.rodata.str1.5425032234050588950.1)
                  0001d7d4    00000004     oled_ui.o (.rodata.str1.5689016102676777062.1)
                  0001d7d8    00000004     balance_tuning.o (.rodata.str1.5712957265389193314.1)
                  0001d7dc    00000004     oled_ui.o (.rodata.str1.5965888106848176421.1)
                  0001d7e0    00000004     oled_ui.o (.rodata.str1.6350830172869379626.1)
                  0001d7e4    00000004     balance_tuning.o (.rodata.str1.6600389014628918663.1)
                  0001d7e8    00000004     menu.o (.rodata.str1.6617442809723977961.1)
                  0001d7ec    00000004     oled_ui.o (.rodata.str1.6765272904519285768.1)
                  0001d7f0    00000004     oled_ui.o (.rodata.str1.6835749436006845616.1)
                  0001d7f4    00000004     oled_ui.o (.rodata.str1.6954814719705590448.1)
                  0001d7f8    00000004     oled_ui.o (.rodata.str1.7047564630061872329.1)
                  0001d7fc    00000004     oled_ui.o (.rodata.str1.7185587941321649510.1)
                  0001d800    00000004     oled_ui.o (.rodata.str1.7205245123442117851.1)
                  0001d804    00000004     oled_ui.o (.rodata.str1.7219546930854689545.1)
                  0001d808    00000004     fault.o (.rodata.str1.7255546073596598018.1)
                  0001d80c    00000004     oled_ui.o (.rodata.str1.7481335054564682966.1)
                  0001d810    00000004     oled_ui.o (.rodata.str1.763101100280173925.1)
                  0001d814    00000004     oled_ui.o (.rodata.str1.7995683487334987046.1)
                  0001d818    00000004     oled_ui.o (.rodata.str1.799718701096035713.1)
                  0001d81c    00000004     oled_ui.o (.rodata.str1.8018480777946742726.1)
                  0001d820    00000004     oled_ui.o (.rodata.str1.8403269972884532600.1)
                  0001d824    00000004     oled_ui.o (.rodata.str1.8426569189266129334.1)
                  0001d828    00000004     oled_ui.o (.rodata.str1.8460525935980491721.1)
                  0001d82c    00000004     oled_ui.o (.rodata.str1.8950259614286592359.1)
                  0001d830    00000004     oled_ui.o (.rodata.str1.9102528229756940648.1)
                  0001d834    00000004     oled_ui.o (.rodata.str1.9295666102996717355.1)
                  0001d838    00000004     menu.o (.rodata.str1.9335743632997171283.1)
                  0001d83c    00000004     oled_ui.o (.rodata.str1.9544068167406571052.1)
                  0001d840    00000004     menu.o (.rodata.str1.9546740394641817443.1)
                  0001d844    00000004     oled_ui.o (.rodata.str1.9611283282870761829.1)
                  0001d848    00000003     oled_ui.o (.rodata.str1.10767072398481191905.1)
                  0001d84b    00000003     oled_ui.o (.rodata.str1.10907125332684471422.1)
                  0001d84e    00000003     oled_ui.o (.rodata.str1.11044102588127922728.1)
                  0001d851    00000003     balance_tuning.o (.rodata.str1.11278905947013221575.1)
                  0001d854    00000003     balance_tuning.o (.rodata.str1.11637300377853929957.1)
                  0001d857    00000003     oled_ui.o (.rodata.str1.12504350857748951577.1)
                  0001d85a    00000003     balance_tuning.o (.rodata.str1.12635714987897210726.1)
                  0001d85d    00000003     balance_tuning.o (.rodata.str1.12734032557881089407.1)
                  0001d860    00000003     menu.o (.rodata.str1.13124720451672825294.1)
                  0001d863    00000003     oled_ui.o (.rodata.str1.13882251010780863896.1)
                  0001d866    00000003     balance_tuning.o (.rodata.str1.13887619254000044375.1)
                  0001d869    00000003     menu.o (.rodata.str1.14098755746347272832.1)
                  0001d86c    00000003     oled_ui.o (.rodata.str1.14142815821055334776.1)
                  0001d86f    00000003     oled_ui.o (.rodata.str1.14265077442249237877.1)
                  0001d872    00000003     balance_tuning.o (.rodata.str1.14528236570236992956.1)
                  0001d875    00000003     oled_ui.o (.rodata.str1.15008238333949226094.1)
                  0001d878    00000003     menu.o (.rodata.str1.15382373691547772653.1)
                  0001d87b    00000003     oled_ui.o (.rodata.str1.16133855533230012141.1)
                  0001d87e    00000003     balance_tuning.o (.rodata.str1.16296215605590053309.1)
                  0001d881    00000003     balance_tuning.o (.rodata.str1.16547832629819082202.1)
                  0001d884    00000003     oled_ui.o (.rodata.str1.16583701629962107131.1)
                  0001d887    00000003     oled_ui.o (.rodata.str1.16939060351352778619.1)
                  0001d88a    00000003     oled_ui.o (.rodata.str1.17763087492223448992.1)
                  0001d88d    00000003     oled_ui.o (.rodata.str1.17884296644359297425.1)
                  0001d890    00000003     oled_ui.o (.rodata.str1.18379317056176403938.1)
                  0001d893    00000003     balance_tuning.o (.rodata.str1.2615500520006570324.1)
                  0001d896    00000003     oled_ui.o (.rodata.str1.2983744876309220570.1)
                  0001d899    00000003     oled_ui.o (.rodata.str1.4582914374586912483.1)
                  0001d89c    00000003     balance_tuning.o (.rodata.str1.4682479169720033769.1)
                  0001d89f    00000003     oled_ui.o (.rodata.str1.4691821198597473371.1)
                  0001d8a2    00000003     oled_ui.o (.rodata.str1.5004483696121082904.1)
                  0001d8a5    00000003     oled_ui.o (.rodata.str1.5376340479846291137.1)
                  0001d8a8    00000003     balance_tuning.o (.rodata.str1.5640802589498099742.1)
                  0001d8ab    00000003     oled_ui.o (.rodata.str1.6006079671377294552.1)
[...]
00019023  TIMG8_IRQHandler                                     
00019023  UART0_IRQHandler                                     
00019023  UART1_IRQHandler                                     
00019025  BalanceSoftLimits_AbortCalibration                   
00019165  HTaskController_Reset                                
00019201  ObstacleMonitor_Update_20ms                          
0001929d  memcpy                                               
00019337  ObstacleAvoidance_Update_20ms                        
00019339  BalancePositionControl_ResetFault                    
000193d1  BalanceSoftLimits_CancelRecalibration                
00019469  CarController_ResetTransientState                    
00019599  CarController_StartTurnToYawRelative                 
0001962d  BalanceTuning_Init                                   
000196bd  SYSCFG_DL_UART_VISION_init                           
0001974d  MotionAction_RefreshFollowLineTuning                 
000197d9  SYSCFG_DL_PWM_MOTOR_init                             
00019865  SYSCFG_DL_UART_BALANCE_TUNING_init                   
000198f1  __aeabi_fmul                                         
000198f1  __mulsf3                                             
00019a09  BalanceSoftLimits_Enforce100usFromIsr                
00019a91  strcmp                                               
00019b19  App_Init                                             
00019b9d  CarController_SetSafetyHold                          
00019c21  GimbalStepper_ConfirmZero                            
00019ca5  LineController_SetProfileOverride                    
00019d29  Motor_Init                                           
00019e31  __aeabi_fdiv                                         
00019e31  __divsf3                                             
00019eb3  TrackSensor_Init                                     
00019eb5  BalancePositionControl_Init                          
00019f35  CarController_StartDriveHeading                      
00019fb5  Motor_Stop                                           
0001a035  UART3_IRQHandler                                     
0001a0b5  MissionManager_Pause                                 
0001a131  OledUi_ShowBootStatus                                
0001a1ad  __TI_decompress_lzss                                 
0001a401  GimbalStepper_Release                                
0001a471  HTaskController_SetChassisTuning                     
0001a551  TrackSensor_DetectTurn                               
0001a5bf  VisionUart_Process                                   
0001a5c1  MissionManager_GetSelectedMissionIndex               
0001a629  MotorControl_SetFeedforwardOverride                  
0001a6f9  TrackSensor_GetErrorFromRaw                          
0001a75f  __aeabi_idiv0                                        
0001a761  BalanceSoftLimits_ResetPositionFault                 
0001a7c5  BalanceSoftLimits_StartCalibrationJogSteps           
0001a829  MissionManager_Start                                 
0001a88d  App_ResetToReady                                     
0001a8ef  __aeabi_ldiv0                                        
0001a8f1  __aeabi_fcmpeq                                       
0001a905  __aeabi_fcmplt                                       
0001a919  __aeabi_fcmple                                       
0001a92d  __aeabi_fcmpge                                       
0001a941  __aeabi_fcmpgt                                       
0001a953  memset                                               
0001a9b5  HTaskController_RequestNormalStop                    
0001aa15  UART2_IRQHandler                                     
0001aa75  __aeabi_f2lz                                         
0001aa75  __fixsfdi                                            
0001aad5  Ultrasonic_Update_20ms                               
0001ab31  VisionReceiver_Init                                  
0001ad59  BalanceEncoder_Init                                  
0001adb1  CarController_StartFollowLineAtCommand               
0001ae09  MissionManager_Init                                  
0001ae61  MissionManager_Reset                                 
0001aeb9  OLED_PrintChar                                       
0001afc1  __aeabi_idiv                                         
0001afc1  __aeabi_idivmod                                      
0001b019  BalanceSoftLimits_BeginFullCalibrationAtCurrentAsZero
0001b06d  CarController_Stop                                   
0001b0c1  TrackSensor_ReadRaw                                  
0001b115  WatchdogMonitor_ApplyFaultIfNeeded                   
0001b169  BalancePositionControl_SetTrackingTarget             
0001b1b9  BalanceSoftLimits_GetSnapshot                        
0001b209  Ultrasonic_Init                                      
0001b259  WatchdogMonitor_Tick1msFromIsr                       
0001b2a9  __aeabi_l2f                                          
0001b2a9  __floatdisf                                          
0001b2f9  CarController_StartFollowLine                        
0001b345  MissionManager_Cancel                                
0001b391  MotorControl_Stop                                    
0001b3dd  copy_in                                              
0001b475  __TI_auto_init_nopinit                               
0001b4c1  BalanceBallControl_ResetConfig                       
0001b509  CarController_ResumeFollowLine                       
0001b551  DL_UART_init                                         
0001b599  SYSCFG_DL_initPower                                  
0001b629  BalanceTuning_AbortCalibrationSession                
0001b66d  EmergencyStop_Reset                                  
0001b6b1  Encoder_GetAndClearPulseDeltas                       
0001b6f5  Imu_ResetYaw                                         
0001b739  Servo_Tick100us                                      
0001b77d  BalanceEncoder_GetSnapshot                           
0001b7bd  BalanceSoftLimits_StopMotion                         
0001b7fd  Fault_Raise                                          
0001b83d  SYSCFG_DL_SYSCTL_init                                
0001b87d  VisionReceiver_PushByteFromIsr                       
0001b8bd  VisionUart_Init                                      
0001b8fd  __aeabi_uidiv                                        
0001b8fd  __aeabi_uidivmod                                     
0001b9bd  __divmoddi4                                          
0001b9fd  BalancePositionControl_Cancel                        
0001ba39  MissionManager_Resume                                
0001ba75  MotorControl_Init                                    
0001bab1  Servo_SetAngleDeg                                    
0001baed  __aeabi_i2f                                          
0001baed  __floatsisf                                          
0001bb29  __gesf2                                              
0001bb29  __gtsf2                                              
0001bba1  __cmpsf2                                             
0001bba1  __eqsf2                                              
0001bba1  __lesf2                                              
0001bba1  __ltsf2                                              
0001bba1  __nesf2                                              
0001bbdd  __muldsi3                                            
0001bc19  BalanceBallControl_SetTargetMm                       
0001bc51  EmergencyStop_Trigger                                
0001bc89  MotionAction_Cancel                                  
0001bcc1  __aeabi_f2iz                                         
0001bcc1  __fixsfsi                                            
0001bcf9  BalancePositionControl_SetTrackingThresholds         
0001bd2d  Imu_IsReady                                          
0001bdc9  OLED_PrintString                                     
0001bdfd  Key_Init                                             
0001be2d  LineController_ObserveSensors                        
0001be5d  WatchdogMonitor_Init                                 
0001be8d  WatchdogMonitor_Reset                                
0001bebd  BalancePositionControl_StartTracking                 
0001bee9  CarController_SetFollowLineBaseCommand               
0001bf15  Encoder_Reset                                        
0001bf41  TrackSensor_CountBlack                               
0001bf6d  BalanceSoftLimits_CancelTravelTest                   
0001bf95  DL_FlashCTL_programMemoryFromRAM64WithECCGenerated   
0001bfcd  EmergencyStop_Enforce                                
0001bff5  Magnet_ForceOff                                      
0001c01d  SYSCFG_DL_init                                       
0001c045  Servo_Init                                           
0001c06d  __aeabi_ui2f                                         
0001c06d  __floatunsisf                                        
0001c095  _c_int00_noargs                                      
0001c0bd  BalanceEncoder_SampleSpeed10msFromIsr                
0001c0e1  BalancePositionControl_GetSnapshot                   
0001c105  BalanceSoftLimits_CancelOscillationTest              
0001c129  GimbalStepper_GetFeedbackSnapshot                    
0001c14d  HTaskController_VehicleToString                      
0001c171  LineController_ClearProfileOverride                  
0001c195  Menu_Init                                            
0001c1b9  MissionManager_ReportExternalFailure                 
0001c1dd  MotionAction_Init                                    
0001c201  MotorControl_Reset                                   
0001c225  OLED_ClearBuffer                                     
0001c249  __aeabi_lmul                                         
0001c249  __muldi3                                             
0001c26d  BalanceBallControl_ForceStop                         
0001c28d  DL_Timer_overrideCCPOut                              
0001c2ad  DebugTelemetry_Update                                
0001c2cd  GROUP1_IRQHandler                                    
0001c2ed  Magnet_Init                                          
0001c30d  OLED_SetCursor                                       
0001c32d  SchedulerMonitor_GetStats                            
0001c34d  VisionReceiver_GetProtocolErrorCount                 
0001c36d  memcmp                                               
0001c3ad  __aeabi_llsl                                         
0001c3ad  __ashldi3                                            
0001c3cd  BalanceBallControl_Disable                           
0001c3e9  BalanceBallControl_GetConfig                         
0001c405  DL_Timer_setCaptCompUpdateMethod                     
0001c421  DL_Timer_setClockConfig                              
0001c43d  HTaskController_GetSnapshot                          
0001c459  HTaskController_IsActive                             
0001c475  HTaskController_StateToString                        
0001c491  HeadingControl_SetTargetYaw                          
0001c4ad  MotorControl_ClearFeedforwardOverride                
0001c4c9  ObstacleMonitor_Init                                 
0001c4e5  ObstacleSafety_Init                                  
0001c501  WatchdogMonitor_NotifyControlCycleComplete           
0001c539  DL_FlashCTL_eraseMemoryFromRAM                       
0001c551  DL_Timer_setCaptureCompareOutCtl                     
0001c569  DebugTelemetry_Init                                  
0001c581  HeadingControl_Init                                  
0001c599  HeadingControl_Reset                                 
0001c5b1  Menu_ParamItemToString                               
0001c5c9  MissionLibrary_FindById                              
0001c5e1  ObstacleAvoidance_Init                               
0001c5f9  RuntimeSnapshot_Init                                 
0001c611  __aeabi_fcmpun                                       
0001c611  __unordsf2                                           
0001c629  BalanceBallControl_GetSnapshot                       
0001c63d  Fault_Clear                                          
0001c651  Fault_Init                                           
0001c665  GimbalStepper_SetStepHalfPeriodTicks                 
0001c679  HTaskController_GetChassisTuning                     
0001c68d  HeadingControl_Enable                                
0001c6a1  MissionLibrary_GetByIndex                            
0001c6b5  MissionManager_GetSelectedMissionId                  
0001c6c9  __aeabi_ldivmod                                      
0001c6dd  __aeabi_uldivmod                                     
0001c6f1  DL_UART_setClockConfig                               
0001c703  __TI_decompress_none                                 
0001c715  BalancePositionControl_HasFault                      
0001c725  DL_Timer_setCaptureCompareValue                      
0001c735  Gimbal_YawGetFeedback                                
0001c745  HTaskController_HasFault                             
0001c755  Key_GetEvent                                         
0001c765  VisionReceiver_RecordUartBreakErrorFromIsr           
0001c775  VisionReceiver_RecordUartFramingErrorFromIsr         
0001c785  VisionReceiver_RecordUartOverrunFromIsr              
0001c795  VisionReceiver_RecordUartParityErrorFromIsr          
0001c7a5  __TI_zero_init                                       
0001c7b5  BalanceEncoder_GetCountAtomic                        
0001c7c1  BalancePositionControl_IsBusy                        
0001c7cd  BalanceSoftLimits_CancelCalibrationJog               
0001c7d9  BalanceSoftLimits_IsCalibrationActive                
0001c7e5  BalanceSoftLimits_IsOscillationTestActive            
0001c7f1  BalanceSoftLimits_IsTravelTestActive                 
0001c7fd  CarController_GetRunMode                             
0001c809  CarController_Init                                   
0001c815  CarController_IsSafetyHoldActive                     
0001c821  CarState_Get                                         
0001c82d  CarState_Init                                        
0001c839  CarState_Set                                         
0001c845  EmergencyStop_Init                                   
0001c851  EmergencyStop_IsActive                               
0001c85d  Imu_GetCorrectedGyroZDps                             
0001c869  Imu_GetYaw                                           
0001c875  Menu_GetPage                                         
0001c881  Menu_GetParamItem                                    
0001c88d  MissionManager_IsExternallyHeld                      
0001c899  MissionManager_SetExternalHold                       
0001c8a5  ObstacleAvoidance_IsActive                           
0001c8b1  ObstacleAvoidance_IsFailed                           
0001c8bd  ObstacleSafety_IsHolding                             
0001c8c9  SystemTime_GetMs                                     
0001c8d5  WatchdogMonitor_HasTripped                           
0001c8e1  __aeabi_memclr                                       
0001c8e1  __aeabi_memclr4                                      
0001c8e1  __aeabi_memclr8                                      
0001c8ed  DL_Common_delayCycles                                
0001c8f7  MotionAction_Resume                                  
0001c901  MotionAction_Start                                   
0001c90b  TrackSensor_IsCenterDetected                         
0001c915  TrackSensor_IsLineDetected                           
0001c91f  TrackSensor_IsLineLost                               
0001c929  BalanceSoftLimits_CancelPositionMove                 
0001c931  BalanceSoftLimits_IsPositionMoveActive               
0001c939  BluetoothUart_GetRuntime                             
0001c941  CarController_GetFeedback                            
0001c949  Fault_GetRecord                                      
0001c951  GimbalStepper_GetFeedback                            
0001c959  HeadingControl_GetRuntime                            
0001c961  Imu_GetRuntime                                       
0001c969  LineController_GetRuntime                            
0001c971  MissionManager_GetMissionCount                       
0001c979  MissionManager_GetRuntime                            
0001c981  MotionAction_GetRuntime                              
0001c989  MotorControl_GetRuntime                              
0001c991  ObstacleAvoidance_GetFeedback                        
0001c999  ObstacleMonitor_GetFeedback                          
0001c9a1  OledUi_Init                                          
0001c9a9  RuntimeSnapshot_Get                                  
0001c9b1  Servo_GetFeedback                                    
0001c9b9  Ultrasonic_GetFeedback                               
0001c9c1  VisionReceiver_GetBallPositionObservation            
0001c9c9  VisionReceiver_GetStatus                             
0001c9d1  VisionTuningConsole_GetStatus                        
0001c9d9  WatchdogMonitor_GetStatus                            
0001c9e1  WheelSpeedEstimator_GetRuntime                       
0001c9e9  __aeabi_memcpy                                       
0001c9e9  __aeabi_memcpy4                                      
0001c9e9  __aeabi_memcpy8                                      
0001c9f1  abort                                                
0001c9f6  C$$EXIT                                              
0001c9f7  HOSTexit                                             
0001c9fb  MissionLibrary_GetCount                              
0001c9ff  ObstacleAvoidance_IsResumeGraceActive                
0001ca03  Reset_Handler                                        
0001ca19  _system_pre_init                                     
0001d938  __TI_Handler_Table_Base                              
0001d944  __TI_Handler_Table_Limit                             
0001d954  __TI_CINIT_Base                                      
0001d964  __TI_CINIT_Limit                                     
0001d964  __TI_CINIT_Warm                                      
0001d968  __TI_table_binit                                     
0001d968  __binit__                                            
0001d968  binit                                                
0001fc00  g_balanceCalibrationReservedSector                   
20200000  __start___llvm_prf_bits                              
20200000  __start___llvm_prf_cnts                              
20200000  __stop___llvm_prf_bits                               
20200000  __stop___llvm_prf_cnts                               
20200fd0  g_appConfig                                          
202011e0  g_imuRuntime                                         
202013c4  g_appRuntime                                         
202014f0  g_wheelSpeedEstimatorRuntime                         
20201678  gUART_VISIONBackup                                   
20201818  g_headingRuntime                                     
20201a18  g_trackError                                         
20201a54  g_carStateDebug                                      
20201a55  g_keyEvent                                           
20201a56  g_oledPageDebug                                      
20201a57  g_paramItemDebug                                     
20201a58  g_trackBlackCount                                    
20201a59  g_trackModeDebug                                     
20201a5a  g_trackRaw                                           
20201a5b  g_trackTurnDebug                                     
20207e00  __stack                                              
20208000  __STACK_END                                          
ffffffff  __TI_pprof_out_hndl                                  
ffffffff  __TI_prof_data_size                                  
ffffffff  __TI_prof_data_start                                 
UNDEFED   __mpu_init                                           
UNDEFED   _system_post_cinit                                   

[423 symbols]
