******************************************************************************
            TI ARM Clang Linker PC v4.0.4                      
******************************************************************************
>> Linked Mon Jul 13 19:08:18 2026

OUTPUT FILE NAME:   <diansaikaishi.out>
ENTRY POINT SYMBOL: "_c_int00_noargs"  address: 000048e1


MEMORY CONFIGURATION

         name            origin    length      used     unused   attr    fill
----------------------  --------  ---------  --------  --------  ----  --------
  FLASH                 00000000   00020000  00005618  0001a9e8  R  X
  SRAM                  20200000   00008000  0000036f  00007c91  RW X
  BCR_CONFIG            41c00000   000000ff  00000000  000000ff  R   
  BSL_CONFIG            41c00100   00000080  00000000  00000080  R   


SEGMENT ALLOCATION MAP

run origin  load origin   length   init length attrs members
----------  ----------- ---------- ----------- ----- -------
00000000    00000000    00005618   00005618    r-x
  00000000    00000000    000000c0   000000c0    r-- .intvecs
  000000c0    000000c0    00004c30   00004c30    r-x .text
  00004cf0    00004cf0    000008f8   000008f8    r-- .rodata
  000055e8    000055e8    00000030   00000030    r-- .cinit
20200000    20200000    0000016f   00000000    rw-
  20200000    20200000    0000016e   00000000    rw- .bss
  2020016e    2020016e    00000001   00000000    rw- .data
20207e00    20207e00    00000200   00000000    rw-
  20207e00    20207e00    00000200   00000000    rw- .stack


SECTION ALLOCATION MAP

 output                                  attributes/
section   page    origin      length       input sections
--------  ----  ----------  ----------   ----------------
.intvecs   0    00000000    000000c0     
                  00000000    000000c0     startup_mspm0g350x_ticlang.o (.intvecs)

.text      0    000000c0    00004c30     
                  000000c0    00000678     car_controller.o (.text.CarController_Update_20ms)
                  00000738    00000670     oled_ui.o (.text.OledUi_Update_20ms)
                  00000da8    000002f0     imu.o (.text.mpu6050_read_regs)
                  00001098    000002d8     imu.o (.text.Imu_Init)
                  00001370    00000254     oled.o (.text.OLED_Clear)
                  000015c4    00000228     menu.o (.text.Menu_HandleKeyEvent)
                  000017ec    00000224     app_config.o (.text.AppConfig_LimitAll)
                  00001a10    00000214     imu.o (.text.Imu_CalibrateGyroBias)
                  00001c24    000001f4     obstacle_scanner.o (.text.ObstacleScanner_Update_20ms)
                  00001e18    000001cc     imu.o (.text.imu_i2c_write_byte)
                  00001fe4    000001b8     oled.o (.text.oled_i2c_write_byte)
                  0000219c    000001a0     ultrasonic.o (.text.Ultrasonic_Tick100us)
                  0000233c    00000174     key.o (.text.Key_Update_20ms)
                  000024b0    00000160     heading_control.o (.text.HeadingControl_Update)
                  00002610    0000014c     motion_action.o (.text.MotionAction_Update_20ms)
                  0000275c    0000013c     oled.o (.text.OLED_PrintInt16)
                  00002898    00000134     imu.o (.text.Imu_Update)
                  000029cc    0000012c     imu.o (.text.imu_i2c_recover_bus)
                  00002af8    00000108     motion_action.o (.text.MotionAction_Start)
                  00002c00    000000f8     mission_manager.o (.text.MissionManager_Update_20ms)
                  00002cf8    000000f0     mission_manager.o (.text.MissionManager_SelectNext)
                  00002de8    000000ec     car_controller.o (.text.handle_turn_90)
                  00002ed4    000000d8     mission_manager.o (.text.MissionManager_SelectPrevious)
                  00002fac    000000d8     libclang_rt.builtins.a : addsf3.S.obj (.text)
                  00003084    000000d4     app.o (.text.App_Update_20ms)
                  00003158    000000d4     oled.o (.text.OLED_Init)
                  0000322c    000000d0     oled.o (.text.OLED_PrintChar)
                  000032fc    000000b0     motor.o (.text.Motor_SetSpeed)
                  000033ac    000000b0     ti_msp_dl_config.o (.text.SYSCFG_DL_GPIO_init)
                  0000345c    000000a2     libclang_rt.builtins.a : udivmoddi4.S.obj (.text)
                  000034fe    00000002     startup_mspm0g350x_ticlang.o (.text.Default_Handler)
                  00003500    0000009c     app_config.o (.text.AppConfig_InitDefault)
                  0000359c    0000009c     obstacle_monitor.o (.text.ObstacleMonitor_Update_20ms)
                  00003638    0000009a     libc.a : memcpy16.S.obj (.text:memcpy)
                  000036d2    00000002     track_sensor.o (.text.TrackSensor_Init)
                  000036d4    00000098     car_controller.o (.text.CarController_StartSeekLine)
                  0000376c    00000098     imu.o (.text.mpu6050_write_reg)
                  00003804    0000008c     libclang_rt.builtins.a : mulsf3.S.obj (.text.__mulsf3)
                  00003890    00000084     car_controller.o (.text.CarController_StartTurnToYawRelative)
                  00003914    00000082     libclang_rt.builtins.a : divsf3.S.obj (.text.__divsf3)
                  00003996    00000080     mission_library.o (.text.MissionLibrary_Validate)
                  00003a16    00000002     libclang_rt.builtins.a : aeabi_div0.c.obj (.text.__aeabi_idiv0)
                  00003a18    0000007c     car_controller.o (.text.CarController_Init)
                  00003a94    0000007c     car_controller.o (.text.CarController_ResetRuntime)
                  00003b10    0000007c     libc.a : copy_decompress_lzss.c.obj (.text:decompress:lzss)
                  00003b8c    00000078     car_controller.o (.text.CarController_StartFollowLine)
                  00003c04    00000078     oled.o (.text.oled_write_command)
                  00003c7c    00000070     car_controller.o (.text.CarController_StartTurnRight90)
                  00003cec    0000006e     track_sensor.o (.text.TrackSensor_DetectTurn)
                  00003d5a    00000002     libclang_rt.builtins.a : aeabi_div0.c.obj (.text.__aeabi_ldiv0)
                  00003d5c    0000006c     car_controller.o (.text.CarController_StartTurnLeft90)
                  00003dc8    0000006c     encoder.o (.text.Encoder_HandleGpioInterrupt)
                  00003e34    0000006c     empty.o (.text.main)
                  00003ea0    00000068     mission_manager.o (.text.MissionManager_GetSelectedMissionIndex)
                  00003f08    00000066     track_sensor.o (.text.TrackSensor_GetErrorFromRaw)
                  00003f6e    00000002     --HOLE-- [fill = 0]
                  00003f70    00000062     libclang_rt.builtins.a : aeabi_fcmp.S.obj (.text.__aeabi_fcmp)
                  00003fd2    00000002     --HOLE-- [fill = 0]
                  00003fd4    00000060     menu.o (.text.Menu_GetParamValue)
                  00004034    0000005e     oled.o (.text.OLED_PrintBinary7)
                  00004092    00000002     --HOLE-- [fill = 0]
                  00004094    0000005c     ultrasonic.o (.text.Ultrasonic_Update_20ms)
                  000040f0    0000005a     app.o (.text.App_Init)
                  0000414a    00000002     --HOLE-- [fill = 0]
                  0000414c    00000056     libclang_rt.builtins.a : aeabi_idivmod.S.obj (.text.__aeabi_idivmod)
                  000041a2    00000002     --HOLE-- [fill = 0]
                  000041a4    00000054     obstacle_safety.o (.text.ObstacleSafety_Update_20ms)
                  000041f8    00000054     track_sensor.o (.text.TrackSensor_ReadRaw)
                  0000424c    00000050     car_controller.o (.text.CarController_SetSafetyHold)
                  0000429c    00000050     motor.o (.text.Motor_PwmTick100us)
                  000042ec    00000050     ultrasonic.o (.text.Ultrasonic_Init)
                  0000433c    00000048     mission_manager.o (.text.MissionManager_Init)
                  00004384    00000044     servo.o (.text.Servo_Tick100us)
                  000043c8    00000044     empty.o (.text.SysTick_Handler)
                  0000440c    00000040     mission_manager.o (.text.MissionManager_Start)
                  0000444c    00000040     ti_msp_dl_config.o (.text.SYSCFG_DL_SYSCTL_init)
                  0000448c    00000040     libclang_rt.builtins.a : aeabi_uidivmod.S.obj (.text.__aeabi_uidivmod)
                  000044cc    0000003e                            : divmoddi4.c.obj (.text.__divmoddi4)
                  0000450a    00000002     --HOLE-- [fill = 0]
                  0000450c    0000003c     servo.o (.text.Servo_SetAngleDeg)
                  00004548    0000003c     libclang_rt.builtins.a : floatsisf.S.obj (.text.__floatsisf)
                  00004584    0000003c                            : comparesf2.S.obj (.text.__gtsf2)
                  000045c0    0000003c     libc.a : autoinit.c.obj (.text:__TI_auto_init_nobinit_nopinit)
                  000045fc    0000003a     libclang_rt.builtins.a : comparesf2.S.obj (.text.__eqsf2)
                  00004636    00000002     --HOLE-- [fill = 0]
                  00004638    0000003a                            : muldsi3.S.obj (.text.__muldsi3)
                  00004672    00000002     --HOLE-- [fill = 0]
                  00004674    00000038     motor.o (.text.Motor_Init)
                  000046ac    00000038     libclang_rt.builtins.a : fixsfsi.S.obj (.text.__fixsfsi)
                  000046e4    00000034     oled.o (.text.OLED_SetCursor)
                  00004718    00000032     oled.o (.text.OLED_PrintString)
                  0000474a    00000002     --HOLE-- [fill = 0]
                  0000474c    00000030     key.o (.text.Key_Init)
                  0000477c    00000030     mission_manager.o (.text.MissionManager_Cancel)
                  000047ac    00000030     mission_manager.o (.text.MissionManager_Reset)
                  000047dc    00000030     obstacle_scanner.o (.text.ObstacleScanner_Init)
                  0000480c    0000002c     motor.o (.text.Motor_Stop)
                  00004838    0000002c     ti_msp_dl_config.o (.text.SYSCFG_DL_initPower)
                  00004864    0000002c     track_sensor.o (.text.TrackSensor_CountBlack)
                  00004890    00000028     servo.o (.text.Servo_Init)
                  000048b8    00000028     ultrasonic.o (.text.Ultrasonic_ResetFilter)
                  000048e0    00000028     libc.a : boot_cortex_m.c.obj (.text:_c_int00_noargs)
                  00004908    00000024     encoder.o (.text.Encoder_Reset)
                  0000492c    00000020     car_controller.o (.text.CarController_Stop)
                  0000494c    00000020     mission_manager.o (.text.MissionManager_Pause)
                  0000496c    00000020     mission_manager.o (.text.MissionManager_Resume)
                  0000498c    00000020     mission_manager.o (.text.mission_finish_error)
                  000049ac    0000001e     libclang_rt.builtins.a : ashldi3.S.obj (.text.__ashldi3)
                  000049ca    00000002     --HOLE-- [fill = 0]
                  000049cc    0000001c     imu.o (.text.Imu_IsReady)
                  000049e8    0000001c     obstacle_monitor.o (.text.ObstacleMonitor_Init)
                  00004a04    0000001c     obstacle_safety.o (.text.ObstacleSafety_Init)
                  00004a20    0000001c     obstacle_scanner.o (.text.ObstacleScanner_DirectionToString)
                  00004a3c    00000018     car_controller.o (.text.CarController_RunModeToString)
                  00004a54    00000018     heading_control.o (.text.HeadingControl_LockCurrentYaw)
                  00004a6c    00000018     heading_control.o (.text.HeadingControl_SetTargetYaw)
                  00004a84    00000018     menu.o (.text.Menu_ParamItemToString)
                  00004a9c    00000018     motion_action.o (.text.MotionAction_Cancel)
                  00004ab4    00000016     libc.a : copy_zero_init.c.obj (.text:decompress:ZI:__TI_zero_init_nomemset)
                  00004aca    00000002     --HOLE-- [fill = 0]
                  00004acc    00000014     empty.o (.text.GROUP1_IRQHandler)
                  00004ae0    00000014     heading_control.o (.text.HeadingControl_Enable)
                  00004af4    00000014     heading_control.o (.text.HeadingControl_Init)
                  00004b08    00000014     heading_control.o (.text.HeadingControl_Reset)
                  00004b1c    00000014     menu.o (.text.Menu_Init)
                  00004b30    00000014     mission_library.o (.text.MissionLibrary_FindById)
                  00004b44    00000014     mission_library.o (.text.MissionLibrary_GetByIndex)
                  00004b58    00000014     mission_manager.o (.text.MissionManager_GetSelectedMissionId)
                  00004b6c    00000014     motion_action.o (.text.MotionAction_Init)
                  00004b80    00000014     libclang_rt.builtins.a : aeabi_ldivmod.S.obj (.text.__aeabi_ldivmod)
                  00004b94    00000012     libc.a : copy_decompress_none.c.obj (.text:decompress:none)
                  00004ba6    00000002     --HOLE-- [fill = 0]
                  00004ba8    00000010     key.o (.text.Key_GetEvent)
                  00004bb8    00000010     ti_msp_dl_config.o (.text.SYSCFG_DL_init)
                  00004bc8    0000000c     car_controller.o (.text.CarController_GetRunMode)
                  00004bd4    0000000c     car_state.o (.text.CarState_Get)
                  00004be0    0000000c     car_state.o (.text.CarState_Init)
                  00004bec    0000000c     car_state.o (.text.CarState_Set)
                  00004bf8    0000000c     imu.o (.text.Imu_GetCorrectedGyroZDps)
                  00004c04    0000000c     imu.o (.text.Imu_GetYaw)
                  00004c10    0000000c     imu.o (.text.Imu_ResetYaw)
                  00004c1c    0000000c     menu.o (.text.Menu_GetPage)
                  00004c28    0000000c     menu.o (.text.Menu_GetParamItem)
                  00004c34    0000000c     mission_manager.o (.text.MissionManager_SetExternalHold)
                  00004c40    0000000c     obstacle_safety.o (.text.ObstacleSafety_IsHolding)
                  00004c4c    0000000c     oled_ui.o (.text.OledUi_Init)
                  00004c58    0000000a     driverlib.a : dl_common.o (.text.DL_Common_delayCycles)
                  00004c62    0000000a     track_sensor.o (.text.TrackSensor_IsCenterDetected)
                  00004c6c    0000000a     track_sensor.o (.text.TrackSensor_IsLineDetected)
                  00004c76    0000000a     track_sensor.o (.text.TrackSensor_IsLineLost)
                  00004c80    00000008     car_controller.o (.text.CarController_GetFeedback)
                  00004c88    00000008     heading_control.o (.text.HeadingControl_GetRuntime)
                  00004c90    00000008     imu.o (.text.Imu_GetRuntime)
                  00004c98    00000008     mission_manager.o (.text.MissionManager_GetMissionCount)
                  00004ca0    00000008     mission_manager.o (.text.MissionManager_GetRuntime)
                  00004ca8    00000008     motion_action.o (.text.MotionAction_GetRuntime)
                  00004cb0    00000008     obstacle_monitor.o (.text.ObstacleMonitor_GetFeedback)
                  00004cb8    00000008     obstacle_scanner.o (.text.ObstacleScanner_GetFeedback)
                  00004cc0    00000008     servo.o (.text.Servo_GetFeedback)
                  00004cc8    00000008     ultrasonic.o (.text.Ultrasonic_GetFeedback)
                  00004cd0    00000008     libclang_rt.builtins.a : aeabi_memcpy.S.obj (.text.__aeabi_memcpy)
                  00004cd8    00000006     libc.a : exit.c.obj (.text:abort)
                  00004cde    00000004     libsysbm.a : hostexit.c.obj (.text.HOSTexit)
                  00004ce2    00000004     mission_library.o (.text.MissionLibrary_GetCount)
                  00004ce6    00000004     startup_mspm0g350x_ticlang.o (.text.Reset_Handler)
                  00004cea    00000004     libc.a : pre_init.c.obj (.text._system_pre_init)
                  00004cee    00000002     --HOLE-- [fill = 0]

.cinit     0    000055e8    00000030     
                  000055e8    0000000c     (__TI_handler_table)
                  000055f4    00000008     (.cinit..bss.load) [load image, compression = zero_init]
                  000055fc    00000005     (.cinit..data.load) [load image, compression = lzss]
                  00005601    00000003     --HOLE-- [fill = 0]
                  00005604    00000010     (__TI_cinit_table)
                  00005614    00000004     --HOLE-- [fill = 0]

.rodata    0    00004cf0    000008f8     
                  00004cf0    000000d8     oled.o (.rodata..Lswitch.table.OLED_PrintChar)
                  00004dc8    000000a8     mission_library.o (.rodata.g_missionMapA)
                  00004e70    000000a8     mission_library.o (.rodata.g_missionMapB)
                  00004f18    000000a0     mission_library.o (.rodata.g_missionRegistry)
                  00004fb8    00000078     mission_library.o (.rodata.g_missionMapC)
                  00005030    00000078     mission_library.o (.rodata.g_missionTestRight90Turn)
                  000050a8    00000078     mission_library.o (.rodata.g_missionTestSeekFollow)
                  00005120    00000060     mission_library.o (.rodata.g_missionTestYaw)
                  00005180    00000048     mission_library.o (.rodata.g_missionLegacy)
                  000051c8    00000048     mission_library.o (.rodata.g_missionTestRight90Stop)
                  00005210    00000048     mission_library.o (.rodata.g_missionTestSeekThenFollow)
                  00005258    00000034     mission_library.o (.rodata..Lswitch.table.MissionLibrary_FindById)
                  0000528c    00000030     oled_ui.o (.rodata..Lswitch.table.OledUi_Update_20ms)
                  000052bc    00000030     mission_library.o (.rodata.g_missionTestSeekThenStop)
                  000052ec    00000020     menu.o (.rodata..Lswitch.table.Menu_ParamItemToString)
                  0000530c    0000001c     oled_ui.o (.rodata..Lswitch.table.OledUi_Update_20ms.64)
                  00005328    00000018     car_controller.o (.rodata..Lswitch.table.CarController_RunModeToString)
                  00005340    00000018     oled_ui.o (.rodata..Lswitch.table.OledUi_Update_20ms.65)
                  00005358    00000010     obstacle_scanner.o (.rodata..Lswitch.table.ObstacleScanner_DirectionToString)
                  00005368    0000000b     mission_library.o (.rodata.str1.1440970855772709381.1)
                  00005373    0000000a     mission_library.o (.rodata.str1.11682660667400632204.1)
                  0000537d    0000000a     mission_library.o (.rodata.str1.15604890807705439409.1)
                  00005387    00000009     mission_library.o (.rodata.str1.15668266851434757964.1)
                  00005390    00000009     mission_library.o (.rodata.str1.1642528554392422750.1)
                  00005399    00000009     oled_ui.o (.rodata.str1.18266126048138325213.1)
                  000053a2    00000008     mission_library.o (.rodata.str1.13636476544574750902.1)
                  000053aa    00000007     oled_ui.o (.rodata.str1.14358698208395374265.1)
                  000053b1    00000007     mission_library.o (.rodata.str1.199678142196697465.1)
                  000053b8    00000007     oled_ui.o (.rodata.str1.9544068167406571052.1)
                  000053bf    00000006     mission_library.o (.rodata.str1.10039516787862681314.1)
                  000053c5    00000006     oled_ui.o (.rodata.str1.12983537867572525563.1)
                  000053cb    00000006     oled_ui.o (.rodata.str1.1445687256832830955.1)
                  000053d1    00000006     oled_ui.o (.rodata.str1.15008238333949226094.1)
                  000053d7    00000006     oled_ui.o (.rodata.str1.17540787658903907660.1)
                  000053dd    00000006     mission_library.o (.rodata.str1.4251661066630729623.1)
                  000053e3    00000006     mission_library.o (.rodata.str1.4392264057376583881.1)
                  000053e9    00000006     oled_ui.o (.rodata.str1.5965450730569173784.1)
                  000053ef    00000006     oled_ui.o (.rodata.str1.7774807581888385879.1)
                  000053f5    00000006     oled_ui.o (.rodata.str1.9102528229756940648.1)
                  000053fb    00000006     oled_ui.o (.rodata.str1.9611283282870761829.1)
                  00005401    00000005     oled.o (.rodata.oled_get_glyph.colon)
                  00005406    00000005     oled.o (.rodata.oled_get_glyph.eight)
                  0000540b    00000005     oled.o (.rodata.oled_get_glyph.five)
                  00005410    00000005     oled.o (.rodata.oled_get_glyph.four)
                  00005415    00000005     oled.o (.rodata.oled_get_glyph.glyphA)
                  0000541a    00000005     oled.o (.rodata.oled_get_glyph.glyphB)
                  0000541f    00000005     oled.o (.rodata.oled_get_glyph.glyphC)
                  00005424    00000005     oled.o (.rodata.oled_get_glyph.glyphD)
                  00005429    00000005     oled.o (.rodata.oled_get_glyph.glyphE)
                  0000542e    00000005     oled.o (.rodata.oled_get_glyph.glyphG)
                  00005433    00000005     oled.o (.rodata.oled_get_glyph.glyphH)
                  00005438    00000005     oled.o (.rodata.oled_get_glyph.glyphI)
                  0000543d    00000005     oled.o (.rodata.oled_get_glyph.glyphK)
                  00005442    00000005     oled.o (.rodata.oled_get_glyph.glyphL)
                  00005447    00000005     oled.o (.rodata.oled_get_glyph.glyphM)
                  0000544c    00000005     oled.o (.rodata.oled_get_glyph.glyphN)
                  00005451    00000005     oled.o (.rodata.oled_get_glyph.glyphO)
                  00005456    00000005     oled.o (.rodata.oled_get_glyph.glyphP)
                  0000545b    00000005     oled.o (.rodata.oled_get_glyph.glyphR)
                  00005460    00000005     oled.o (.rodata.oled_get_glyph.glyphS)
                  00005465    00000005     oled.o (.rodata.oled_get_glyph.glyphT)
                  0000546a    00000005     oled.o (.rodata.oled_get_glyph.glyphU)
                  0000546f    00000005     oled.o (.rodata.oled_get_glyph.glyphV)
                  00005474    00000005     oled.o (.rodata.oled_get_glyph.glyphW)
                  00005479    00000005     oled.o (.rodata.oled_get_glyph.glyphX)
                  0000547e    00000005     oled.o (.rodata.oled_get_glyph.glyphY)
                  00005483    00000005     oled.o (.rodata.oled_get_glyph.glyphb)
                  00005488    00000005     oled.o (.rodata.oled_get_glyph.gt)
                  0000548d    00000005     oled.o (.rodata.oled_get_glyph.minus)
                  00005492    00000005     oled.o (.rodata.oled_get_glyph.nine)
                  00005497    00000005     oled.o (.rodata.oled_get_glyph.one)
                  0000549c    00000005     oled.o (.rodata.oled_get_glyph.seven)
                  000054a1    00000005     oled.o (.rodata.oled_get_glyph.six)
                  000054a6    00000005     oled.o (.rodata.oled_get_glyph.space)
                  000054ab    00000005     oled.o (.rodata.oled_get_glyph.three)
                  000054b0    00000005     oled.o (.rodata.oled_get_glyph.two)
                  000054b5    00000005     oled.o (.rodata.oled_get_glyph.zero)
                  000054ba    00000005     oled_ui.o (.rodata.str1.1108652269057166745.1)
                  000054bf    00000005     oled_ui.o (.rodata.str1.13882251010780863896.1)
                  000054c4    00000005     oled_ui.o (.rodata.str1.14134189893851348960.1)
                  000054c9    00000005     oled_ui.o (.rodata.str1.15613891207764622616.1)
                  000054ce    00000005     oled_ui.o (.rodata.str1.15802367878353263018.1)
                  000054d3    00000005     oled_ui.o (.rodata.str1.15917848551323629232.1)
                  000054d8    00000005     oled_ui.o (.rodata.str1.17274519358952562110.1)
                  000054dd    00000005     oled_ui.o (.rodata.str1.270145429241168923.1)
                  000054e2    00000005     car_controller.o (.rodata.str1.4164979912472006574.1)
                  000054e7    00000005     oled_ui.o (.rodata.str1.4402311448527872260.1)
                  000054ec    00000005     oled_ui.o (.rodata.str1.4581472623415959594.1)
                  000054f1    00000005     oled_ui.o (.rodata.str1.4581686099848791648.1)
                  000054f6    00000005     menu.o (.rodata.str1.4862307748908978627.1)
                  000054fb    00000005     oled_ui.o (.rodata.str1.7185587941321649510.1)
                  00005500    00000005     oled_ui.o (.rodata.str1.8426569189266129334.1)
                  00005505    00000005     oled_ui.o (.rodata.str1.8460525935980491721.1)
                  0000550a    00000005     oled_ui.o (.rodata.str1.8693388333057100694.1)
                  0000550f    00000005     car_controller.o (.rodata.str1.9234375891235759983.1)
                  00005514    00000005     oled_ui.o (.rodata.str1.9295666102996717355.1)
                  00005519    00000005     car_controller.o (.rodata.str1.9981487771679760427.1)
                  0000551e    00000004     oled_ui.o (.rodata.str1.1019225241002246410.1)
                  00005522    00000004     oled_ui.o (.rodata.str1.10416366799939242409.1)
                  00005526    00000004     menu.o (.rodata.str1.12110183915172842339.1)
                  0000552a    00000004     car_controller.o (.rodata.str1.12442237994239546032.1)
                  0000552e    00000004     oled_ui.o (.rodata.str1.12617122458660443890.1)
                  00005532    00000004     oled_ui.o (.rodata.str1.130772507669342127.1)
                  00005536    00000004     menu.o (.rodata.str1.13124720451672825294.1)
                  0000553a    00000004     oled_ui.o (.rodata.str1.13244290092665904221.1)
                  0000553e    00000004     oled_ui.o (.rodata.str1.13567883086814673087.1)
                  00005542    00000004     menu.o (.rodata.str1.14098755746347272832.1)
                  00005546    00000004     oled_ui.o (.rodata.str1.15577080202403550426.1)
                  0000554a    00000004     oled_ui.o (.rodata.str1.15817398807211891688.1)
                  0000554e    00000004     oled_ui.o (.rodata.str1.15859922799842739878.1)
                  00005552    00000004     oled_ui.o (.rodata.str1.16411631209783952401.1)
                  00005556    00000004     car_controller.o (.rodata.str1.1652194605229746967.1)
                  0000555a    00000004     oled_ui.o (.rodata.str1.16526439943277383452.1)
                  0000555e    00000004     oled_ui.o (.rodata.str1.16849766574302683489.1)
                  00005562    00000004     oled_ui.o (.rodata.str1.16939060351352778619.1)
                  00005566    00000004     menu.o (.rodata.str1.17041139162815566052.1)
                  0000556a    00000004     car_controller.o (.rodata.str1.17172356789460551389.1)
                  0000556e    00000004     oled_ui.o (.rodata.str1.17464849429964608858.1)
                  00005572    00000004     oled_ui.o (.rodata.str1.17884296644359297425.1)
                  00005576    00000004     car_controller.o (.rodata.str1.18191498530309206443.1)
                  0000557a    00000004     oled_ui.o (.rodata.str1.18379317056176403938.1)
                  0000557e    00000004     oled_ui.o (.rodata.str1.2308938766145545715.1)
                  00005582    00000004     oled_ui.o (.rodata.str1.2522137003438374266.1)
                  00005586    00000004     oled_ui.o (.rodata.str1.3025253791635144717.1)
                  0000558a    00000004     oled_ui.o (.rodata.str1.3455423528827705371.1)
                  0000558e    00000004     oled_ui.o (.rodata.str1.3702290527496711532.1)
                  00005592    00000004     oled_ui.o (.rodata.str1.4610220316623841660.1)
                  00005596    00000004     oled_ui.o (.rodata.str1.5853739094453432564.1)
                  0000559a    00000004     oled_ui.o (.rodata.str1.7219546930854689545.1)
                  0000559e    00000004     oled_ui.o (.rodata.str1.7419768602719733415.1)
                  000055a2    00000004     oled_ui.o (.rodata.str1.8236579331345056500.1)
                  000055a6    00000004     oled_ui.o (.rodata.str1.8403269972884532600.1)
                  000055aa    00000004     oled_ui.o (.rodata.str1.8783421139296713095.1)
                  000055ae    00000004     oled_ui.o (.rodata.str1.9159586779647977165.1)
                  000055b2    00000004     menu.o (.rodata.str1.9546740394641817443.1)
                  000055b6    00000004     oled_ui.o (.rodata.str1.967006512144173535.1)
                  000055ba    00000003     oled_ui.o (.rodata.str1.11232419324784801130.1)
                  000055bd    00000003     oled_ui.o (.rodata.str1.13790669171379415506.1)
                  000055c0    00000003     oled_ui.o (.rodata.str1.14556837007311414654.1)
                  000055c3    00000003     menu.o (.rodata.str1.16312125044762562515.1)
                  000055c6    00000003     oled_ui.o (.rodata.str1.16931641404301806744.1)
                  000055c9    00000003     oled_ui.o (.rodata.str1.17812014771544466701.1)
                  000055cc    00000003     oled_ui.o (.rodata.str1.3407221357956504873.1)
                  000055cf    00000003     menu.o (.rodata.str1.4646809750356241979.1)
                  000055d2    00000003     menu.o (.rodata.str1.6857549598058878762.1)
                  000055d5    00000003     oled_ui.o (.rodata.str1.9854382722193312766.1)
                  000055d8    00000002     obstacle_scanner.o (.rodata.str1.11939683097049013124.1)
                  000055da    00000002     obstacle_scanner.o (.rodata.str1.14577498031971741607.1)
                  000055dc    00000002     obstacle_scanner.o (.rodata.str1.5067209812142241413.1)
                  000055de    00000002     obstacle_scanner.o (.rodata.str1.8397422230016258530.1)
                  000055e0    00000002     obstacle_scanner.o (.rodata.str1.972179551522492159.1)
                  000055e2    00000006     --HOLE-- [fill = 0]

.init_array 
*          0    00000000    00000000     UNINITIALIZED

.binit     0    00000000    00000000     

.bss       0    20200000    0000016e     UNINITIALIZED
                  20200000    00000050     (.common:g_appConfig)
                  20200050    00000034     (.common:g_appRuntime)
                  20200084    00000028     (.common:g_imuRuntime)
                  202000ac    00000020     mission_manager.o (.bss.g_missionRuntime)
                  202000cc    00000014     (.common:g_headingRuntime)
                  202000e0    00000010     motion_action.o (.bss.g_motionActionRuntime)
                  202000f0    00000010     obstacle_scanner.o (.bss.g_obstacleScanFeedback)
                  20200100    0000000e     car_controller.o (.bss.g_carControllerFeedback)
                  2020010e    00000002     ultrasonic.o (.bss.g_echoTicks)
                  20200110    0000000e     ultrasonic.o (.bss.g_ultrasonicFeedback)
                  2020011e    00000008     obstacle_monitor.o (.bss.g_obstacleFeedback)
                  20200126    00000006     ultrasonic.o (.bss.g_distanceSamples)
                  2020012c    00000006     key.o (.bss.g_key1)
                  20200132    00000006     key.o (.bss.g_key2)
                  20200138    00000006     key.o (.bss.g_key3)
                  2020013e    00000002     obstacle_scanner.o (.bss.g_scanWaitTicks)
                  20200140    00000004     encoder.o (.bss.g_motorAPulses)
                  20200144    00000004     encoder.o (.bss.g_motorBPulses)
                  20200148    00000004     servo.o (.bss.g_servoFeedback)
                  2020014c    00000002     servo.o (.bss.g_servoPwmPhase)
                  2020014e    00000002     ultrasonic.o (.bss.g_stateTicks)
                  20200150    00000002     (.common:g_trackError)
                  20200152    00000001     oled_ui.o (.bss.OledUi_Update_20ms.refreshDivider)
                  20200153    00000001     empty.o (.bss.SysTick_Handler.controlMsCount)
                  20200154    00000001     empty.o (.bss.SysTick_Handler.tick100usCount)
                  20200155    00000001     ultrasonic.o (.bss.Ultrasonic_Update_20ms.triggerDivider)
                  20200156    00000001     empty.o (.bss.g_appUpdateDue)
                  20200157    00000001     car_state.o (.bss.g_carState)
                  20200158    00000001     obstacle_monitor.o (.bss.g_centerSettleTicks)
                  20200159    00000001     ultrasonic.o (.bss.g_distanceSampleCount)
                  2020015a    00000001     ultrasonic.o (.bss.g_distanceSampleIndex)
                  2020015b    00000001     motor.o (.bss.g_motorADutyLevel)
                  2020015c    00000001     motor.o (.bss.g_motorBDutyLevel)
                  2020015d    00000001     obstacle_safety.o (.bss.g_obstacleSafetyHolding)
                  2020015e    00000001     oled.o (.bss.g_oledColumn)
                  2020015f    00000001     menu.o (.bss.g_oledPage)
                  20200160    00000001     menu.o (.bss.g_paramItem)
                  20200161    00000001     key.o (.bss.g_pendingEvent)
                  20200162    00000001     motor.o (.bss.g_pwmPhase)
                  20200163    00000001     car_controller.o (.bss.g_safetyHold)
                  20200164    00000001     ultrasonic.o (.bss.g_triggerRequest)
                  20200165    00000001     ultrasonic.o (.bss.g_ultrasonicState)
                  20200166    00000001     (.common:g_carStateDebug)
                  20200167    00000001     (.common:g_keyEvent)
                  20200168    00000001     (.common:g_oledPageDebug)
                  20200169    00000001     (.common:g_paramItemDebug)
                  2020016a    00000001     (.common:g_trackBlackCount)
                  2020016b    00000001     (.common:g_trackModeDebug)
                  2020016c    00000001     (.common:g_trackRaw)
                  2020016d    00000001     (.common:g_trackTurnDebug)

.data      0    2020016e    00000001     UNINITIALIZED
                  2020016e    00000001     car_controller.o (.data.g_followTurnPolicy)

.stack     0    20207e00    00000200     UNINITIALIZED
                  20207e00    00000004     libc.a : boot_cortex_m.c.obj (.stack)
                  20207e04    000001fc     --HOLE--

__llvm_prf_cnts 
*          0    20200000    00000000     UNINITIALIZED

__llvm_prf_bits 
*          0    20200000    00000000     UNINITIALIZED

MODULE SUMMARY

       Module                         code    ro data   rw data
       ------                         ----    -------   -------
    .\
       imu.o                          3304    0         40     
       car_controller.o               2920    55        68     
       oled.o                         2088    401       1      
       oled_ui.o                      1660    392       1      
       mission_library.o              172     1350      0      
       mission_manager.o              1184    0         32     
       app_config.o                   704     0         80     
       menu.o                         716     66        2      
       ultrasonic.o                   636     0         29     
       motion_action.o                648     0         16     
       obstacle_scanner.o             584     26        18     
       heading_control.o              468     0         20     
       key.o                          436     0         19     
       track_sensor.o                 372     0         0      
       motor.o                        356     0         3      
       app.o                          302     0         10     
       ti_msp_dl_config.o             300     0         0      
       obstacle_monitor.o             192     0         9      
       empty.o                        196     0         3      
       startup_mspm0g350x_ticlang.o   6       192       0      
       servo.o                        176     0         6      
       encoder.o                      144     0         8      
       obstacle_safety.o              124     0         1      
       car_state.o                    36      0         1      
    +--+------------------------------+-------+---------+---------+
       Total:                         17724   2482      367    
                                                               
    C:/TI/mspm0_sdk_2_05_01_00/source/ti/driverlib/lib/ticlang/m0p/mspm0g1x0x_g3x0x/driverlib.a
       dl_common.o                    10      0         0      
    +--+------------------------------+-------+---------+---------+
       Total:                         10      0         0      
                                                               
    D:\TI\CCS\ccs\tools\compiler\ti-cgt-armllvm_4.0.4.LTS\lib\armv6m-ti-none-eabi/c/libc.a
       memcpy16.S.obj                 154     0         0      
       copy_decompress_lzss.c.obj     124     0         0      
       autoinit.c.obj                 60      0         0      
       boot_cortex_m.c.obj            40      0         0      
       copy_zero_init.c.obj           22      0         0      
       copy_decompress_none.c.obj     18      0         0      
       exit.c.obj                     6       0         0      
       pre_init.c.obj                 4       0         0      
    +--+------------------------------+-------+---------+---------+
       Total:                         428     0         0      
                                                               
    D:\TI\CCS\ccs\tools\compiler\ti-cgt-armllvm_4.0.4.LTS\lib\armv6m-ti-none-eabi/c/libsysbm.a
       hostexit.c.obj                 4       0         0      
    +--+------------------------------+-------+---------+---------+
       Total:                         4       0         0      
                                                               
    D:\TI\CCS\ccs\tools\compiler\ti-cgt-armllvm_4.0.4.LTS\lib\armv6m-ti-none-eabi/libclang_rt.builtins.a
       addsf3.S.obj                   216     0         0      
       udivmoddi4.S.obj               162     0         0      
       mulsf3.S.obj                   140     0         0      
       divsf3.S.obj                   130     0         0      
       comparesf2.S.obj               118     0         0      
       aeabi_fcmp.S.obj               98      0         0      
       aeabi_idivmod.S.obj            86      0         0      
       aeabi_uidivmod.S.obj           64      0         0      
       divmoddi4.c.obj                62      0         0      
       floatsisf.S.obj                60      0         0      
       muldsi3.S.obj                  58      0         0      
       fixsfsi.S.obj                  56      0         0      
       ashldi3.S.obj                  30      0         0      
       aeabi_ldivmod.S.obj            20      0         0      
       aeabi_memcpy.S.obj             8       0         0      
       aeabi_div0.c.obj               4       0         0      
    +--+------------------------------+-------+---------+---------+
       Total:                         1312    0         0      
                                                               
       Stack:                         0       0         512    
       Linker Generated:              0       41        0      
    +--+------------------------------+-------+---------+---------+
       Grand Total:                   19478   2523      879    


LINKER GENERATED COPY TABLES

__TI_cinit_table @ 00005604 records: 2, size/record: 8, table size: 16
	.bss: load addr=000055f4, load size=00000008 bytes, run addr=20200000, run size=0000016e bytes, compression=zero_init
	.data: load addr=000055fc, load size=00000005 bytes, run addr=2020016e, run size=00000001 bytes, compression=lzss


LINKER GENERATED HANDLER TABLE

__TI_handler_table @ 000055e8 records: 3, size/record: 4, table size: 12
	index: 0, handler: __TI_decompress_lzss
	index: 1, handler: __TI_decompress_none
	index: 2, handler: __TI_zero_init


GLOBAL SYMBOLS: SORTED ALPHABETICALLY BY Name 

address   name                                  
-------   ----                                  
000034ff  ADC0_IRQHandler                       
000034ff  ADC1_IRQHandler                       
000034ff  AES_IRQHandler                        
00003501  AppConfig_InitDefault                 
000017ed  AppConfig_LimitAll                    
000040f1  App_Init                              
00003085  App_Update_20ms                       
00004cde  C$$EXIT                               
000034ff  CANFD0_IRQHandler                     
00004c81  CarController_GetFeedback             
00004bc9  CarController_GetRunMode              
00003a19  CarController_Init                    
00003a95  CarController_ResetRuntime            
00004a3d  CarController_RunModeToString         
0000424d  CarController_SetSafetyHold           
00003b8d  CarController_StartFollowLine         
000036d5  CarController_StartSeekLine           
00003d5d  CarController_StartTurnLeft90         
00003c7d  CarController_StartTurnRight90        
00003891  CarController_StartTurnToYawRelative  
0000492d  CarController_Stop                    
000000c1  CarController_Update_20ms             
00004bd5  CarState_Get                          
00004be1  CarState_Init                         
00004bed  CarState_Set                          
000034ff  DAC0_IRQHandler                       
00004c59  DL_Common_delayCycles                 
000034ff  DMA_IRQHandler                        
000034ff  Default_Handler                       
00003dc9  Encoder_HandleGpioInterrupt           
00004909  Encoder_Reset                         
000034ff  GROUP0_IRQHandler                     
00004acd  GROUP1_IRQHandler                     
00004cdf  HOSTexit                              
000034ff  HardFault_Handler                     
00004ae1  HeadingControl_Enable                 
00004c89  HeadingControl_GetRuntime             
00004af5  HeadingControl_Init                   
00004a55  HeadingControl_LockCurrentYaw         
00004b09  HeadingControl_Reset                  
00004a6d  HeadingControl_SetTargetYaw           
000024b1  HeadingControl_Update                 
000034ff  I2C0_IRQHandler                       
000034ff  I2C1_IRQHandler                       
00001a11  Imu_CalibrateGyroBias                 
00004bf9  Imu_GetCorrectedGyroZDps              
00004c91  Imu_GetRuntime                        
00004c05  Imu_GetYaw                            
00001099  Imu_Init                              
000049cd  Imu_IsReady                           
00004c11  Imu_ResetYaw                          
00002899  Imu_Update                            
00004ba9  Key_GetEvent                          
0000474d  Key_Init                              
0000233d  Key_Update_20ms                       
00004c1d  Menu_GetPage                          
00004c29  Menu_GetParamItem                     
00003fd5  Menu_GetParamValue                    
000015c5  Menu_HandleKeyEvent                   
00004b1d  Menu_Init                             
00004a85  Menu_ParamItemToString                
00004b31  MissionLibrary_FindById               
00004b45  MissionLibrary_GetByIndex             
00004ce3  MissionLibrary_GetCount               
00003997  MissionLibrary_Validate               
0000477d  MissionManager_Cancel                 
00004c99  MissionManager_GetMissionCount        
00004ca1  MissionManager_GetRuntime             
00004b59  MissionManager_GetSelectedMissionId   
00003ea1  MissionManager_GetSelectedMissionIndex
0000433d  MissionManager_Init                   
0000494d  MissionManager_Pause                  
000047ad  MissionManager_Reset                  
0000496d  MissionManager_Resume                 
00002cf9  MissionManager_SelectNext             
00002ed5  MissionManager_SelectPrevious         
00004c35  MissionManager_SetExternalHold        
0000440d  MissionManager_Start                  
00002c01  MissionManager_Update_20ms            
00004a9d  MotionAction_Cancel                   
00004ca9  MotionAction_GetRuntime               
00004b6d  MotionAction_Init                     
00002af9  MotionAction_Start                    
00002611  MotionAction_Update_20ms              
00004675  Motor_Init                            
0000429d  Motor_PwmTick100us                    
000032fd  Motor_SetSpeed                        
0000480d  Motor_Stop                            
000034ff  NMI_Handler                           
00001371  OLED_Clear                            
00003159  OLED_Init                             
00004035  OLED_PrintBinary7                     
0000322d  OLED_PrintChar                        
0000275d  OLED_PrintInt16                       
00004719  OLED_PrintString                      
000046e5  OLED_SetCursor                        
00004cb1  ObstacleMonitor_GetFeedback           
000049e9  ObstacleMonitor_Init                  
0000359d  ObstacleMonitor_Update_20ms           
00004a05  ObstacleSafety_Init                   
00004c41  ObstacleSafety_IsHolding              
000041a5  ObstacleSafety_Update_20ms            
00004a21  ObstacleScanner_DirectionToString     
00004cb9  ObstacleScanner_GetFeedback           
000047dd  ObstacleScanner_Init                  
00001c25  ObstacleScanner_Update_20ms           
00004c4d  OledUi_Init                           
00000739  OledUi_Update_20ms                    
000034ff  PendSV_Handler                        
000034ff  RTC_IRQHandler                        
00004ce7  Reset_Handler                         
000034ff  SPI0_IRQHandler                       
000034ff  SPI1_IRQHandler                       
000034ff  SVC_Handler                           
000033ad  SYSCFG_DL_GPIO_init                   
0000444d  SYSCFG_DL_SYSCTL_init                 
00004bb9  SYSCFG_DL_init                        
00004839  SYSCFG_DL_initPower                   
00004cc1  Servo_GetFeedback                     
00004891  Servo_Init                            
0000450d  Servo_SetAngleDeg                     
00004385  Servo_Tick100us                       
000043c9  SysTick_Handler                       
000034ff  TIMA0_IRQHandler                      
000034ff  TIMA1_IRQHandler                      
000034ff  TIMG0_IRQHandler                      
000034ff  TIMG12_IRQHandler                     
000034ff  TIMG6_IRQHandler                      
000034ff  TIMG7_IRQHandler                      
000034ff  TIMG8_IRQHandler                      
00004865  TrackSensor_CountBlack                
00003ced  TrackSensor_DetectTurn                
00003f09  TrackSensor_GetErrorFromRaw           
000036d3  TrackSensor_Init                      
00004c63  TrackSensor_IsCenterDetected          
00004c6d  TrackSensor_IsLineDetected            
00004c77  TrackSensor_IsLineLost                
000041f9  TrackSensor_ReadRaw                   
000034ff  UART0_IRQHandler                      
000034ff  UART1_IRQHandler                      
000034ff  UART2_IRQHandler                      
000034ff  UART3_IRQHandler                      
00004cc9  Ultrasonic_GetFeedback                
000042ed  Ultrasonic_Init                       
000048b9  Ultrasonic_ResetFilter                
0000219d  Ultrasonic_Tick100us                  
00004095  Ultrasonic_Update_20ms                
20208000  __STACK_END                           
00000200  __STACK_SIZE                          
00000000  __TI_ATRegion0_region_sz              
00000000  __TI_ATRegion0_src_addr               
00000000  __TI_ATRegion0_trg_addr               
00000000  __TI_ATRegion1_region_sz              
00000000  __TI_ATRegion1_src_addr               
00000000  __TI_ATRegion1_trg_addr               
00000000  __TI_ATRegion2_region_sz              
00000000  __TI_ATRegion2_src_addr               
00000000  __TI_ATRegion2_trg_addr               
00005604  __TI_CINIT_Base                       
00005614  __TI_CINIT_Limit                      
00005614  __TI_CINIT_Warm                       
000055e8  __TI_Handler_Table_Base               
000055f4  __TI_Handler_Table_Limit              
000045c1  __TI_auto_init_nobinit_nopinit        
00003b11  __TI_decompress_lzss                  
00004b95  __TI_decompress_none                  
ffffffff  __TI_pprof_out_hndl                   
ffffffff  __TI_prof_data_size                   
ffffffff  __TI_prof_data_start                  
00000000  __TI_static_base__                    
00004ab5  __TI_zero_init_nomemset               
00002fb7  __addsf3                              
000046ad  __aeabi_f2iz                          
00002fb7  __aeabi_fadd                          
00003f71  __aeabi_fcmpeq                        
00003fad  __aeabi_fcmpge                        
00003fc1  __aeabi_fcmpgt                        
00003f99  __aeabi_fcmple                        
00003f85  __aeabi_fcmplt                        
00003915  __aeabi_fdiv                          
00003805  __aeabi_fmul                          
00002fad  __aeabi_fsub                          
00004549  __aeabi_i2f                           
0000414d  __aeabi_idiv                          
00003a17  __aeabi_idiv0                         
0000414d  __aeabi_idivmod                       
00003d5b  __aeabi_ldiv0                         
00004b81  __aeabi_ldivmod                       
000049ad  __aeabi_llsl                          
00004cd1  __aeabi_memcpy                        
00004cd1  __aeabi_memcpy4                       
00004cd1  __aeabi_memcpy8                       
0000448d  __aeabi_uidiv                         
0000448d  __aeabi_uidivmod                      
000049ad  __ashldi3                             
ffffffff  __binit__                             
000045fd  __cmpsf2                              
000044cd  __divmoddi4                           
00003915  __divsf3                              
000045fd  __eqsf2                               
000046ad  __fixsfsi                             
00004549  __floatsisf                           
00004585  __gesf2                               
00004585  __gtsf2                               
000045fd  __lesf2                               
000045fd  __ltsf2                               
UNDEFED   __mpu_init                            
00004639  __muldsi3                             
00003805  __mulsf3                              
000045fd  __nesf2                               
20207e00  __stack                               
20200000  __start___llvm_prf_bits               
20200000  __start___llvm_prf_cnts               
20200000  __stop___llvm_prf_bits                
20200000  __stop___llvm_prf_cnts                
00002fad  __subsf3                              
0000345d  __udivmoddi4                          
000048e1  _c_int00_noargs                       
UNDEFED   _system_post_cinit                    
00004ceb  _system_pre_init                      
00004cd9  abort                                 
ffffffff  binit                                 
20200000  g_appConfig                           
20200050  g_appRuntime                          
20200166  g_carStateDebug                       
202000cc  g_headingRuntime                      
20200084  g_imuRuntime                          
20200167  g_keyEvent                            
20200168  g_oledPageDebug                       
20200169  g_paramItemDebug                      
2020016a  g_trackBlackCount                     
20200150  g_trackError                          
2020016b  g_trackModeDebug                      
2020016c  g_trackRaw                            
2020016d  g_trackTurnDebug                      
00000000  interruptVectors                      
00003e35  main                                  
00003639  memcpy                                


GLOBAL SYMBOLS: SORTED BY Symbol Address 

address   name                                  
-------   ----                                  
00000000  __TI_ATRegion0_region_sz              
00000000  __TI_ATRegion0_src_addr               
00000000  __TI_ATRegion0_trg_addr               
00000000  __TI_ATRegion1_region_sz              
00000000  __TI_ATRegion1_src_addr               
00000000  __TI_ATRegion1_trg_addr               
00000000  __TI_ATRegion2_region_sz              
00000000  __TI_ATRegion2_src_addr               
00000000  __TI_ATRegion2_trg_addr               
00000000  __TI_static_base__                    
00000000  interruptVectors                      
000000c1  CarController_Update_20ms             
00000200  __STACK_SIZE                          
00000739  OledUi_Update_20ms                    
00001099  Imu_Init                              
00001371  OLED_Clear                            
000015c5  Menu_HandleKeyEvent                   
000017ed  AppConfig_LimitAll                    
00001a11  Imu_CalibrateGyroBias                 
00001c25  ObstacleScanner_Update_20ms           
0000219d  Ultrasonic_Tick100us                  
0000233d  Key_Update_20ms                       
000024b1  HeadingControl_Update                 
00002611  MotionAction_Update_20ms              
0000275d  OLED_PrintInt16                       
00002899  Imu_Update                            
00002af9  MotionAction_Start                    
00002c01  MissionManager_Update_20ms            
00002cf9  MissionManager_SelectNext             
00002ed5  MissionManager_SelectPrevious         
00002fad  __aeabi_fsub                          
00002fad  __subsf3                              
00002fb7  __addsf3                              
00002fb7  __aeabi_fadd                          
00003085  App_Update_20ms                       
00003159  OLED_Init                             
0000322d  OLED_PrintChar                        
000032fd  Motor_SetSpeed                        
000033ad  SYSCFG_DL_GPIO_init                   
0000345d  __udivmoddi4                          
000034ff  ADC0_IRQHandler                       
000034ff  ADC1_IRQHandler                       
000034ff  AES_IRQHandler                        
000034ff  CANFD0_IRQHandler                     
000034ff  DAC0_IRQHandler                       
000034ff  DMA_IRQHandler                        
000034ff  Default_Handler                       
000034ff  GROUP0_IRQHandler                     
000034ff  HardFault_Handler                     
000034ff  I2C0_IRQHandler                       
000034ff  I2C1_IRQHandler                       
000034ff  NMI_Handler                           
000034ff  PendSV_Handler                        
000034ff  RTC_IRQHandler                        
000034ff  SPI0_IRQHandler                       
000034ff  SPI1_IRQHandler                       
000034ff  SVC_Handler                           
000034ff  TIMA0_IRQHandler                      
000034ff  TIMA1_IRQHandler                      
000034ff  TIMG0_IRQHandler                      
000034ff  TIMG12_IRQHandler                     
000034ff  TIMG6_IRQHandler                      
000034ff  TIMG7_IRQHandler                      
000034ff  TIMG8_IRQHandler                      
000034ff  UART0_IRQHandler                      
000034ff  UART1_IRQHandler                      
000034ff  UART2_IRQHandler                      
000034ff  UART3_IRQHandler                      
00003501  AppConfig_InitDefault                 
0000359d  ObstacleMonitor_Update_20ms           
00003639  memcpy                                
000036d3  TrackSensor_Init                      
000036d5  CarController_StartSeekLine           
00003805  __aeabi_fmul                          
00003805  __mulsf3                              
00003891  CarController_StartTurnToYawRelative  
00003915  __aeabi_fdiv                          
00003915  __divsf3                              
00003997  MissionLibrary_Validate               
00003a17  __aeabi_idiv0                         
00003a19  CarController_Init                    
00003a95  CarController_ResetRuntime            
00003b11  __TI_decompress_lzss                  
00003b8d  CarController_StartFollowLine         
00003c7d  CarController_StartTurnRight90        
00003ced  TrackSensor_DetectTurn                
00003d5b  __aeabi_ldiv0                         
00003d5d  CarController_StartTurnLeft90         
00003dc9  Encoder_HandleGpioInterrupt           
00003e35  main                                  
00003ea1  MissionManager_GetSelectedMissionIndex
00003f09  TrackSensor_GetErrorFromRaw           
00003f71  __aeabi_fcmpeq                        
00003f85  __aeabi_fcmplt                        
00003f99  __aeabi_fcmple                        
00003fad  __aeabi_fcmpge                        
00003fc1  __aeabi_fcmpgt                        
00003fd5  Menu_GetParamValue                    
00004035  OLED_PrintBinary7                     
00004095  Ultrasonic_Update_20ms                
000040f1  App_Init                              
0000414d  __aeabi_idiv                          
0000414d  __aeabi_idivmod                       
000041a5  ObstacleSafety_Update_20ms            
000041f9  TrackSensor_ReadRaw                   
0000424d  CarController_SetSafetyHold           
0000429d  Motor_PwmTick100us                    
000042ed  Ultrasonic_Init                       
0000433d  MissionManager_Init                   
00004385  Servo_Tick100us                       
000043c9  SysTick_Handler                       
0000440d  MissionManager_Start                  
0000444d  SYSCFG_DL_SYSCTL_init                 
0000448d  __aeabi_uidiv                         
0000448d  __aeabi_uidivmod                      
000044cd  __divmoddi4                           
0000450d  Servo_SetAngleDeg                     
00004549  __aeabi_i2f                           
00004549  __floatsisf                           
00004585  __gesf2                               
00004585  __gtsf2                               
000045c1  __TI_auto_init_nobinit_nopinit        
000045fd  __cmpsf2                              
000045fd  __eqsf2                               
000045fd  __lesf2                               
000045fd  __ltsf2                               
000045fd  __nesf2                               
00004639  __muldsi3                             
00004675  Motor_Init                            
000046ad  __aeabi_f2iz                          
000046ad  __fixsfsi                             
000046e5  OLED_SetCursor                        
00004719  OLED_PrintString                      
0000474d  Key_Init                              
0000477d  MissionManager_Cancel                 
000047ad  MissionManager_Reset                  
000047dd  ObstacleScanner_Init                  
0000480d  Motor_Stop                            
00004839  SYSCFG_DL_initPower                   
00004865  TrackSensor_CountBlack                
00004891  Servo_Init                            
000048b9  Ultrasonic_ResetFilter                
000048e1  _c_int00_noargs                       
00004909  Encoder_Reset                         
0000492d  CarController_Stop                    
0000494d  MissionManager_Pause                  
0000496d  MissionManager_Resume                 
000049ad  __aeabi_llsl                          
000049ad  __ashldi3                             
000049cd  Imu_IsReady                           
000049e9  ObstacleMonitor_Init                  
00004a05  ObstacleSafety_Init                   
00004a21  ObstacleScanner_DirectionToString     
00004a3d  CarController_RunModeToString         
00004a55  HeadingControl_LockCurrentYaw         
00004a6d  HeadingControl_SetTargetYaw           
00004a85  Menu_ParamItemToString                
00004a9d  MotionAction_Cancel                   
00004ab5  __TI_zero_init_nomemset               
00004acd  GROUP1_IRQHandler                     
00004ae1  HeadingControl_Enable                 
00004af5  HeadingControl_Init                   
00004b09  HeadingControl_Reset                  
00004b1d  Menu_Init                             
00004b31  MissionLibrary_FindById               
00004b45  MissionLibrary_GetByIndex             
00004b59  MissionManager_GetSelectedMissionId   
00004b6d  MotionAction_Init                     
00004b81  __aeabi_ldivmod                       
00004b95  __TI_decompress_none                  
00004ba9  Key_GetEvent                          
00004bb9  SYSCFG_DL_init                        
00004bc9  CarController_GetRunMode              
00004bd5  CarState_Get                          
00004be1  CarState_Init                         
00004bed  CarState_Set                          
00004bf9  Imu_GetCorrectedGyroZDps              
00004c05  Imu_GetYaw                            
00004c11  Imu_ResetYaw                          
00004c1d  Menu_GetPage                          
00004c29  Menu_GetParamItem                     
00004c35  MissionManager_SetExternalHold        
00004c41  ObstacleSafety_IsHolding              
00004c4d  OledUi_Init                           
00004c59  DL_Common_delayCycles                 
00004c63  TrackSensor_IsCenterDetected          
00004c6d  TrackSensor_IsLineDetected            
00004c77  TrackSensor_IsLineLost                
00004c81  CarController_GetFeedback             
00004c89  HeadingControl_GetRuntime             
00004c91  Imu_GetRuntime                        
00004c99  MissionManager_GetMissionCount        
00004ca1  MissionManager_GetRuntime             
00004ca9  MotionAction_GetRuntime               
00004cb1  ObstacleMonitor_GetFeedback           
00004cb9  ObstacleScanner_GetFeedback           
00004cc1  Servo_GetFeedback                     
00004cc9  Ultrasonic_GetFeedback                
00004cd1  __aeabi_memcpy                        
00004cd1  __aeabi_memcpy4                       
00004cd1  __aeabi_memcpy8                       
00004cd9  abort                                 
00004cde  C$$EXIT                               
00004cdf  HOSTexit                              
00004ce3  MissionLibrary_GetCount               
00004ce7  Reset_Handler                         
00004ceb  _system_pre_init                      
000055e8  __TI_Handler_Table_Base               
000055f4  __TI_Handler_Table_Limit              
00005604  __TI_CINIT_Base                       
00005614  __TI_CINIT_Limit                      
00005614  __TI_CINIT_Warm                       
20200000  __start___llvm_prf_bits               
20200000  __start___llvm_prf_cnts               
20200000  __stop___llvm_prf_bits                
20200000  __stop___llvm_prf_cnts                
20200000  g_appConfig                           
20200050  g_appRuntime                          
20200084  g_imuRuntime                          
202000cc  g_headingRuntime                      
20200150  g_trackError                          
20200166  g_carStateDebug                       
20200167  g_keyEvent                            
20200168  g_oledPageDebug                       
20200169  g_paramItemDebug                      
2020016a  g_trackBlackCount                     
2020016b  g_trackModeDebug                      
2020016c  g_trackRaw                            
2020016d  g_trackTurnDebug                      
20207e00  __stack                               
20208000  __STACK_END                           
ffffffff  __TI_pprof_out_hndl                   
ffffffff  __TI_prof_data_size                   
ffffffff  __TI_prof_data_start                  
ffffffff  __binit__                             
ffffffff  binit                                 
UNDEFED   __mpu_init                            
UNDEFED   _system_post_cinit                    

[238 symbols]
