******************************************************************************
            TI ARM Clang Linker PC v4.0.4                      
******************************************************************************
>> Linked Sat Aug  1 06:03:20 2026

OUTPUT FILE NAME:   <diansaikaishi.out>
ENTRY POINT SYMBOL: "_c_int00_noargs"  address: 00017f35


MEMORY CONFIGURATION

         name            origin    length      used     unused   attr    fill
----------------------  --------  ---------  --------  --------  ----  --------
  FLASH                 00000000   00020000  000198d0  00006730  R  X
  SRAM                  20200000   00008000  00001bc6  0000643a  RW X
  BCR_CONFIG            41c00000   000000ff  00000000  000000ff  R   
  BSL_CONFIG            41c00100   00000080  00000000  00000080  R   


SEGMENT ALLOCATION MAP

run origin  load origin   length   init length attrs members
----------  ----------- ---------- ----------- ----- -------
00000000    00000000    00019430   00019430    r-x
  00000000    00000000    000000c0   000000c0    r-- .intvecs
  000000c0    000000c0    00018710   00018710    r-x .text
  000187d0    000187d0    00000c60   00000c60    r-- .rodata
00019490    00019490    00000040   00000040    r--
  00019490    00019490    00000030   00000030    r-- .cinit
  000194c0    000194c0    00000010   00000010    r-- .binit
0001fc00    0001fc00    00000400   00000400    r--
  0001fc00    0001fc00    00000400   00000400    r-- .TI.bound:g_balanceCalibrationReservedSector
20200000    20200000    00001966   00000000    rw-
  20200000    20200000    00001965   00000000    rw- .bss
  20201965    20201965    00000001   00000000    rw- .data
20201968    00019430    00000060   00000060    r-x
  20201968    00019430    00000060   00000060    r-x .TI.ramfunc
20207e00    20207e00    00000200   00000000    rw-
  20207e00    20207e00    00000200   00000000    rw- .stack


SECTION ALLOCATION MAP

 output                                  attributes/
section   page    origin      length       input sections
--------  ----  ----------  ----------   ----------------
.intvecs   0    00000000    000000c0     
                  00000000    000000c0     startup_mspm0g350x_ticlang.o (.intvecs)

.text      0    000000c0    00018710     
                  000000c0    00001700     oled_ui.o (.text.print_balance_stepper_test_page)
                  000017c0    00001030     balance_tuning.o (.text.send_debug_receiver)
                  000027f0    00000f60     balance_tuning.o (.text.send_debug_controller)
                  00003750    00000d34     balance_tuning.o (.text.send_debug_filter)
                  00004484    00000ad8     oled_ui.o (.text.print_imu_counters_page)
                  00004f5c    00000ac4     balance_tuning.o (.text.send_debug_position_fault)
                  00005a20    00000a5c     balance_tuning.o (.text.send_calibration_status)
                  0000647c    00000948     balance_tuning.o (.text.send_config)
                  00006dc4    000008a8     balance_tuning.o (.text.consume_rx_byte)
                  0000766c    00000884     balance_tuning.o (.text.send_debug_axis)
                  00007ef0    00000820     balance_tuning.o (.text.send_debug_limit)
                  00008710    000007ec     oled_ui.o (.text.print_balance_vision_page)
                  00008efc    0000064c     app_config.o (.text.AppConfig_LimitAll)
                  00009548    000005ac     imu.o (.text.Imu_CalibrateGyroBias)
                  00009af4    00000524     line_controller.o (.text.LineController_Update)
                  0000a018    000004bc     oled_ui.o (.text.print_encoder_page)
                  0000a4d4    0000049c     balance_ball_control.o (.text.BalanceBallControl_Update20ms)
                  0000a970    0000049c     runtime_snapshot.o (.text.RuntimeSnapshot_Update)
                  0000ae0c    00000478     oled_ui.o (.text.print_sensor_page)
                  0000b284    00000460     balance_tuning.o (.text.BalanceTuning_Update20ms)
                  0000b6e4    0000044c     motor_control.o (.text.update_wheel)
                  0000bb30    00000424     wheel_speed_estimator.o (.text.WheelSpeedEstimator_Update)
                  0000bf54    000003f4     vision_protocol.o (.text.VisionProtocol_ParseBallAsciiLine)
                  0000c348    000003e0     balance_position_control.o (.text.BalancePositionControl_Update20ms)
                  0000c728    000003e0     imu.o (.text.Imu_Update)
                  0000cb08    000003c4     oled_ui.o (.text.print_motor_control_detail_page)
                  0000cecc    00000380     imu.o (.text.Imu_Init)
                  0000d24c    0000037c     oled_ui.o (.text.print_heading_page)
                  0000d5c8    00000370     gimbal.o (.text.gimbal_update_feedback)
                  0000d938    0000033c     oled_ui.o (.text.print_drive_distance_page)
                  0000dc74    00000324     oled_ui.o (.text.print_imu_detail_page)
                  0000df98    00000314     menu.o (.text.Menu_HandleKeyEvent)
                  0000e2ac    00000300     oled_ui.o (.text.print_motor_control_page)
                  0000e5ac    000002f0     imu.o (.text.mpu6050_read_regs)
                  0000e89c    000002cc     car_controller.o (.text.handle_drive_distance)
                  0000eb68    000002b0     motion_action.o (.text.MotionAction_Update_20ms)
                  0000ee18    00000290     balance_calibration_store.o (.text.BalanceCalibrationStore_Save)
                  0000f0a8    0000028c     motor_control.o (.text.MotorControl_Update)
                  0000f334    0000026c     balance_soft_limits.o (.text.BalanceSoftLimits_Update20ms)
                  0000f5a0    00000268     car_controller.o (.text.handle_turn_to_yaw)
                  0000f808    00000250     menu.o (.text.menu_adjust_param)
                  0000fa58    00000248     vision_receiver.o (.text.VisionReceiver_Process)
                  0000fca0    00000220     app_config.o (.text.AppConfig_InitDefault)
                  0000fec0    00000220     motion_action.o (.text.motion_action_start_internal)
                  000100e0    0000021c     balance_tuning.o (.text.BalanceTuning_Process)
                  000102fc    00000204     motor.o (.text.Motor_SetSpeed)
                  00010500    00000200     balance_tuning.o (.text.apply_parameter)
                  00010700    000001f0     oled_ui.o (.text.print_param_page)
                  000108f0    000001e8     motor_control.o (.text.config_is_valid)
                  00010ad8    000001e4     mission_library.o (.text.MissionLibrary_Validate)
                  00010cbc    000001cc     imu.o (.text.imu_i2c_write_byte)
                  00010e88    000001cc     oled_ui.o (.text.print_status_page)
                  00011054    000001b8     oled.o (.text.oled_i2c_write_byte)
                  0001120c    000001a8     app.o (.text.App_Update_20ms)
                  000113b4    000001a0     ultrasonic.o (.text.Ultrasonic_Tick100us)
                  00011554    0000019c     car_controller.o (.text.CarController_StartDriveDistanceAtYaw)
                  000116f0    00000194     gimbal_stepper.o (.text.GimbalStepper_Tick100us)
                  00011884    00000190     car_controller.o (.text.CarController_Update_20ms)
                  00011a14    00000188     oled_ui.o (.text.print_imu_page)
                  00011b9c    00000174     key.o (.text.Key_Update_20ms)
                  00011d10    00000170     oled.o (.text.OLED_FlushPage)
                  00011e80    0000016c     oled.o (.text.OLED_PrintInt16)
                  00011fec    0000016c     balance_tuning.o (.text.parse_x100)
                  00012158    00000160     oled_ui.o (.text.print_balance_limit_value)
                  000122b8    0000015c     oled_ui.o (.text.print_signed_total_tail)
                  00012414    00000150     vision_protocol.o (.text.parse_decimal_x1000)
                  00012564    0000014c     balance_position_control.o (.text.BalancePositionControl_Start)
                  000126b0    0000014c     balance_soft_limits.o (.text.BalanceSoftLimits_CaptureCurrentStage)
                  000127fc    00000140     balance_calibration_store.o (.text.BalanceCalibrationStore_Load)
                  0001293c    0000013c     vision_receiver.o (.text.accept_packet)
                  00012a78    0000013c     oled_ui.o (.text.print_balance_vision_rx_debug_page)
                  00012bb4    0000012c     imu.o (.text.imu_i2c_recover_bus)
                  00012ce0    0000012c     oled_ui.o (.text.print_uint64_decimal)
                  00012e0c    00000128     line_controller.o (.text.LineController_Reset)
                  00012f34    00000128     mission_manager.o (.text.MissionManager_Update_20ms)
                  0001305c    00000124     oled.o (.text.OLED_Init)
                  00013180    00000120     oled_ui.o (.text.print_bluetooth_page)
                  000132a0    0000011c     car_controller.o (.text.handle_drive_heading)
                  000133bc    00000118     oled_ui.o (.text.print_obstacle_page)
                  000134d4    00000114     car_controller.o (.text.handle_follow_line)
                  000135e8    0000010c     balance_soft_limits.o (.text.BalanceSoftLimits_BeginAtCurrentAsZero)
                  000136f4    0000010c     line_controller.o (.text.LineController_ResetControlState)
                  00013800    00000104     driverlib.a : dl_timer.o (.text.DL_Timer_initFourCCPWMMode)
                  00013904    00000104     line_controller.o (.text.LineController_Init)
                  00013a08    00000104     ti_msp_dl_config.o (.text.SYSCFG_DL_GPIO_init)
                  00013b0c    00000104     balance_tuning.o (.text.send_text)
                  00013c10    00000100     motor_control.o (.text.MotorControl_SetNormalizedTarget)
                  00013d10    000000fc     mission_manager.o (.text.MissionManager_SelectNext)
                  00013e0c    000000f8     vision_uart.o (.text.VisionUart_Process)
                  00013f04    000000ec     heading_control.o (.text.HeadingControl_Update)
                  00013ff0    000000ec     empty.o (.text.main)
                  000140dc    000000e8     balance_soft_limits.o (.text.BalanceSoftLimits_StartRelativePositionMoveSteps)
                  000141c4    000000e8     mission_manager.o (.text.MissionManager_SelectPrevious)
                  000142ac    000000e8     obstacle_safety.o (.text.ObstacleSafety_Update_20ms)
                  00014394    000000e0     wheel_speed_estimator.o (.text.WheelSpeedEstimator_Init)
                  00014474    000000d8     driverlib.a : dl_flashctl.o (.text.DL_FlashCTL_unprotectSector)
                  0001454c    000000d8     oled.o (.text.OLED_PrintUInt16)
                  00014624    000000d8     balance_ball_control.o (.text.return_toward_zero)
                  000146fc    000000d8     libclang_rt.builtins.a : addsf3.S.obj (.text)
                  000147d4    000000d4     car_controller.o (.text.CarController_StartDriveDistance)
                  000148a8    000000d4     gimbal_stepper.o (.text.GimbalStepper_MoveRelativeSteps)
                  0001497c    000000cc     balance_encoder.o (.text.BalanceEncoder_HandleGpioInterrupt)
                  00014a48    000000cc     oled_ui.o (.text.OledUi_Update_20ms)
                  00014b14    000000c8     fault.o (.text.FaultCode_ToShortString)
                  00014bdc    000000c0     angle_utils.o (.text.Angle_Normalize180)
                  00014c9c    000000c0     balance_soft_limits.o (.text.oscillation_target_for_phase)
                  00014d5c    000000bc     balance_ball_control.o (.text.BalanceBallControl_SetConfig)
                  00014e18    000000bc     balance_soft_limits.o (.text.BalanceSoftLimits_Init)
                  00014ed4    000000bc     car_controller.o (.text.CarController_ResetRuntime)
                  00014f90    000000bc     menu.o (.text.Menu_GetParamValue)
                  0001504c    000000b4     gimbal_stepper.o (.text.GimbalStepper_StopHold)
                  00015100    000000b0     gimbal_stepper.o (.text.GimbalStepper_Init)
                  000151b0    000000b0     empty.o (.text.SysTick_Handler)
                  00015260    000000ac     balance_soft_limits.o (.text.BalanceSoftLimits_StartPositionMoveToLogicalCount)
                  0001530c    000000a8     balance_soft_limits.o (.text.BalanceSoftLimits_ArmRecalibration)
                  000153b4    000000a4     encoder.o (.text.Encoder_HandleGpioInterrupt)
                  00015458    000000a4     balance_calibration_store.o (.text.calibration_crc32)
                  000154fc    000000a2     libclang_rt.builtins.a : udivmoddi4.S.obj (.text)
                  0001559e    00000002     startup_mspm0g350x_ticlang.o (.text.Default_Handler)
                  000155a0    000000a0     balance_soft_limits.o (.text.BalanceSoftLimits_AbortCalibration)
                  00015640    000000a0     car_controller.o (.text.drive_distance_high_decel_zone_cm)
                  000156e0    0000009c     obstacle_monitor.o (.text.ObstacleMonitor_Update_20ms)
                  0001577c    0000009a     libc.a : memcpy16.S.obj (.text:memcpy)
                  00015816    00000002     obstacle_avoidance.o (.text.ObstacleAvoidance_Update_20ms)
                  00015818    00000098     balance_position_control.o (.text.BalancePositionControl_ResetFault)
                  000158b0    00000098     balance_soft_limits.o (.text.BalanceSoftLimits_CancelRecalibration)
                  00015948    00000098     imu.o (.text.mpu6050_write_reg)
                  000159e0    00000094     car_controller.o (.text.CarController_StartTurnToYawRelative)
                  00015a74    00000090     balance_tuning.o (.text.BalanceTuning_Init)
                  00015b04    00000090     car_controller.o (.text.CarController_ResetTransientState)
                  00015b94    0000008c     ti_msp_dl_config.o (.text.SYSCFG_DL_PWM_MOTOR_init)
                  00015c20    0000008c     ti_msp_dl_config.o (.text.SYSCFG_DL_UART_BALANCE_TUNING_init)
                  00015cac    0000008c     libclang_rt.builtins.a : mulsf3.S.obj (.text.__mulsf3)
                  00015d38    0000008c     car_controller.o (.text.heading_imu_wait_or_fail)
                  00015dc4    0000008c     balance_tuning.o (.text.parse_i16)
                  00015e50    00000088     libc.a : strcmp-armv6m.S.obj (.text:strcmp)
                  00015ed8    00000084     car_controller.o (.text.CarController_SetSafetyHold)
                  00015f5c    00000084     gimbal_stepper.o (.text.GimbalStepper_ConfirmZero)
                  00015fe0    00000084     motor.o (.text.Motor_Init)
                  00016064    00000082     libclang_rt.builtins.a : divsf3.S.obj (.text.__divsf3)
                  000160e6    00000002     track_sensor.o (.text.TrackSensor_Init)
                  000160e8    00000080     balance_position_control.o (.text.BalancePositionControl_Init)
                  00016168    00000080     car_controller.o (.text.CarController_StartDriveHeading)
                  000161e8    00000080     motor.o (.text.Motor_Stop)
                  00016268    0000007e     app.o (.text.App_Init)
                  000162e6    00000002     libclang_rt.builtins.a : aeabi_div0.c.obj (.text.__aeabi_idiv0)
                  000162e8    0000007c     balance_soft_limits.o (.text.BalanceSoftLimits_Enforce100usFromIsr)
                  00016364    0000007c     libc.a : copy_decompress_lzss.c.obj (.text:decompress:lzss)
                  000163e0    00000078     oled.o (.text.oled_write_command)
                  00016458    00000074     balance_ball_control.o (.text.command_offset)
                  000164cc    00000074     motor_control.o (.text.latch_control_error)
                  00016540    00000070     gimbal_stepper.o (.text.GimbalStepper_Release)
                  000165b0    00000070     ti_msp_dl_config.o (.text.SYSCFG_DL_UART_VISION_init)
                  00016620    0000006e     track_sensor.o (.text.TrackSensor_DetectTurn)
                  0001668e    00000002     libclang_rt.builtins.a : aeabi_div0.c.obj (.text.__aeabi_ldiv0)
                  00016690    0000006c     balance_tuning.o (.text.serial_calibration_confirm)
                  000166fc    00000068     mission_manager.o (.text.MissionManager_GetSelectedMissionIndex)
                  00016764    00000068     car_controller.o (.text.set_output_speed)
                  000167cc    00000066     track_sensor.o (.text.TrackSensor_GetErrorFromRaw)
                  00016832    00000002     --HOLE-- [fill = 0]
                  00016834    00000064     balance_ball_control.o (.text.BalanceBallControl_Init)
                  00016898    00000064     balance_soft_limits.o (.text.BalanceSoftLimits_ResetPositionFault)
                  000168fc    00000064     mission_manager.o (.text.MissionManager_Start)
                  00016960    00000062     app.o (.text.App_ResetToReady)
                  000169c2    00000002     --HOLE-- [fill = 0]
                  000169c4    00000062     libclang_rt.builtins.a : aeabi_fcmp.S.obj (.text.__aeabi_fcmp)
                  00016a26    00000062     libc.a : memset16.S.obj (.text:memset)
                  00016a88    00000060     balance_tuning.o (.text.UART2_IRQHandler)
                  00016ae8    00000060     libclang_rt.builtins.a : fixsfdi.S.obj (.text.__fixsfdi)
                  00016b48    0000005c     ultrasonic.o (.text.Ultrasonic_Update_20ms)
                  00016ba4    0000005c     vision_receiver.o (.text.VisionReceiver_Init)
                  00016c00    0000005c     vision_protocol.o (.text.parse_u32)
                  00016c5c    0000005c     car_controller.o (.text.speed_cmps_to_normalized_command)
                  00016cb8    0000005c     balance_soft_limits.o (.text.test_start_target)
                  00016d14    00000058     balance_encoder.o (.text.BalanceEncoder_Init)
                  00016d6c    00000058     mission_manager.o (.text.MissionManager_Init)
                  00016dc4    00000058     oled.o (.text.OLED_PrintChar)
                  00016e1c    00000058     balance_ball_control.o (.text.ensure_tracking_started)
                  00016e74    00000058     motion_action.o (.text.motion_action_start_imu_controller)
                  00016ecc    00000056     libclang_rt.builtins.a : aeabi_idivmod.S.obj (.text.__aeabi_idivmod)
                  00016f22    00000002     --HOLE-- [fill = 0]
                  00016f24    00000054     balance_soft_limits.o (.text.BalanceSoftLimits_BeginFullCalibrationAtCurrentAsZero)
                  00016f78    00000054     car_controller.o (.text.CarController_Stop)
                  00016fcc    00000054     track_sensor.o (.text.TrackSensor_ReadRaw)
                  00017020    00000054     watchdog_monitor.o (.text.WatchdogMonitor_ApplyFaultIfNeeded)
                  00017074    00000054     menu.o (.text.menu_next_main_page)
                  000170c8    00000050     balance_position_control.o (.text.BalancePositionControl_SetTrackingTarget)
                  00017118    00000050     balance_soft_limits.o (.text.BalanceSoftLimits_GetSnapshot)
                  00017168    00000050     ultrasonic.o (.text.Ultrasonic_Init)
                  000171b8    00000050     watchdog_monitor.o (.text.WatchdogMonitor_Tick1msFromIsr)
                  00017208    0000004e     libclang_rt.builtins.a : floatdisf.S.obj (.text.__floatdisf)
                  00017256    00000002     --HOLE-- [fill = 0]
                  00017258    0000004c     motor_control.o (.text.MotorControl_Stop)
                  000172a4    0000004c     libc.a : cpy_tbl.c.obj (.text.copy_in)
                  000172f0    0000004c     vision_protocol.o (.text.state_is_valid)
                  0001733c    0000004c     libc.a : autoinit.c.obj (.text:__TI_auto_init_nopinit)
                  00017388    00000048     driverlib.a : dl_uart.o (.text.DL_UART_init)
                  000173d0    00000048     mission_manager.o (.text.MissionManager_Cancel)
                  00017418    00000048     ti_msp_dl_config.o (.text.SYSCFG_DL_initPower)
                  00017460    00000044     car_controller.o (.text.CarController_StartFollowLine)
                  000174a4    00000044     emergency_stop.o (.text.EmergencyStop_Reset)
                  000174e8    00000044     encoder.o (.text.Encoder_GetAndClearPulseDeltas)
                  0001752c    00000044     imu.o (.text.Imu_ResetYaw)
                  00017570    00000044     mission_manager.o (.text.MissionManager_Reset)
                  000175b4    00000044     servo.o (.text.Servo_Tick100us)
                  000175f8    00000044     vision_uart.o (.text.UART3_IRQHandler)
                  0001763c    00000040     balance_encoder.o (.text.BalanceEncoder_GetSnapshot)
                  0001767c    00000040     balance_soft_limits.o (.text.BalanceSoftLimits_StopMotion)
                  000176bc    00000040     car_controller.o (.text.CarController_ResumeFollowLine)
                  000176fc    00000040     fault.o (.text.Fault_Raise)
                  0001773c    00000040     ti_msp_dl_config.o (.text.SYSCFG_DL_SYSCTL_init)
                  0001777c    00000040     vision_receiver.o (.text.VisionReceiver_PushByteFromIsr)
                  000177bc    00000040     libclang_rt.builtins.a : aeabi_uidivmod.S.obj (.text.__aeabi_uidivmod)
                  000177fc    00000040     vision_protocol.o (.text.parse_confidence)
                  0001783c    0000003e     libclang_rt.builtins.a : divmoddi4.c.obj (.text.__divmoddi4)
                  0001787a    00000002     --HOLE-- [fill = 0]
                  0001787c    0000003c     balance_ball_control.o (.text.BalanceBallControl_Enable)
                  000178b8    0000003c     balance_position_control.o (.text.BalancePositionControl_Cancel)
                  000178f4    0000003c     mission_library.o (.text.MissionLibrary_FindById)
                  00017930    0000003c     mission_manager.o (.text.MissionManager_Resume)
                  0001796c    0000003c     servo.o (.text.Servo_SetAngleDeg)
                  000179a8    0000003c     libclang_rt.builtins.a : floatsisf.S.obj (.text.__floatsisf)
                  000179e4    0000003c                            : comparesf2.S.obj (.text.__gtsf2)
                  00017a20    0000003c     balance_position_control.o (.text.latch_fault)
                  00017a5c    0000003a     libclang_rt.builtins.a : comparesf2.S.obj (.text.__eqsf2)
                  00017a96    00000002     --HOLE-- [fill = 0]
                  00017a98    0000003a                            : muldsi3.S.obj (.text.__muldsi3)
                  00017ad2    00000002     --HOLE-- [fill = 0]
                  00017ad4    00000038     emergency_stop.o (.text.EmergencyStop_Trigger)
                  00017b0c    00000038     libclang_rt.builtins.a : fixsfsi.S.obj (.text.__fixsfsi)
                  00017b44    00000038     balance_tuning.o (.text.abort_serial_calibration)
                  00017b7c    00000038     balance_tuning.o (.text.serial_calibration_jog)
                  00017bb4    00000034     balance_ball_control.o (.text.BalanceBallControl_SetTargetMm)
                  00017be8    00000034     balance_position_control.o (.text.BalancePositionControl_SetTrackingThresholds)
                  00017c1c    00000034     imu.o (.text.Imu_IsReady)
                  00017c50    00000032     oled.o (.text.OLED_PrintString)
                  00017c82    00000002     --HOLE-- [fill = 0]
                  00017c84    00000030     key.o (.text.Key_Init)
                  00017cb4    00000030     line_controller.o (.text.LineController_ObserveSensors)
                  00017ce4    00000030     watchdog_monitor.o (.text.WatchdogMonitor_Init)
                  00017d14    00000030     watchdog_monitor.o (.text.WatchdogMonitor_Reset)
                  00017d44    0000002c     balance_position_control.o (.text.BalancePositionControl_StartTracking)
                  00017d70    0000002c     encoder.o (.text.Encoder_Reset)
                  00017d9c    0000002c     mission_manager.o (.text.MissionManager_Pause)
                  00017dc8    0000002c     track_sensor.o (.text.TrackSensor_CountBlack)
                  00017df4    00000028     balance_ball_control.o (.text.BalanceBallControl_ResetConfig)
                  00017e1c    00000028     balance_soft_limits.o (.text.BalanceSoftLimits_CancelTravelTest)
                  00017e44    00000028     driverlib.a : dl_flashctl.o (.text.DL_FlashCTL_programMemoryFromRAM64WithECCGenerated)
                  00017e6c    00000028     emergency_stop.o (.text.EmergencyStop_Enforce)
                  00017e94    00000028     magnet.o (.text.Magnet_ForceOff)
                  00017ebc    00000028     ti_msp_dl_config.o (.text.SYSCFG_DL_init)
                  00017ee4    00000028     servo.o (.text.Servo_Init)
                  00017f0c    00000028     libclang_rt.builtins.a : floatunsisf.S.obj (.text.__floatunsisf)
                  00017f34    00000028     libc.a : boot_cortex_m.c.obj (.text:_c_int00_noargs)
                  00017f5c    00000024     balance_encoder.o (.text.BalanceEncoder_SampleSpeed10msFromIsr)
                  00017f80    00000024     balance_position_control.o (.text.BalancePositionControl_GetSnapshot)
                  00017fa4    00000024     balance_soft_limits.o (.text.BalanceSoftLimits_CancelOscillationTest)
                  00017fc8    00000024     gimbal_stepper.o (.text.GimbalStepper_GetFeedbackSnapshot)
                  00017fec    00000024     mission_manager.o (.text.MissionManager_ReportExternalFailure)
                  00018010    00000024     motor_control.o (.text.MotorControl_Init)
                  00018034    00000024     motor_control.o (.text.MotorControl_Reset)
                  00018058    00000024     oled.o (.text.OLED_ClearBuffer)
                  0001807c    00000024     libclang_rt.builtins.a : muldi3.S.obj (.text.__muldi3)
                  000180a0    00000020     balance_ball_control.o (.text.BalanceBallControl_GetSnapshot)
                  000180c0    00000020     driverlib.a : dl_timer.o (.text.DL_Timer_overrideCCPOut)
                  000180e0    00000020     debug_telemetry.o (.text.DebugTelemetry_Update)
                  00018100    00000020     empty.o (.text.GROUP1_IRQHandler)
                  00018120    00000020     magnet.o (.text.Magnet_Init)
                  00018140    00000020     oled.o (.text.OLED_SetCursor)
                  00018160    00000020     empty.o (.text.SchedulerMonitor_GetStats)
                  00018180    00000020     vision_receiver.o (.text.VisionReceiver_GetProtocolErrorCount)
                  000181a0    00000020     libc.a : memcmp.c.obj (.text.memcmp)
                  000181c0    00000020     mission_manager.o (.text.mission_finish_error)
                  000181e0    0000001e     libclang_rt.builtins.a : ashldi3.S.obj (.text.__ashldi3)
                  000181fe    00000002     --HOLE-- [fill = 0]
                  00018200    0000001c     balance_ball_control.o (.text.BalanceBallControl_Disable)
                  0001821c    0000001c     balance_ball_control.o (.text.BalanceBallControl_ForceStop)
                  00018238    0000001c     driverlib.a : dl_timer.o (.text.DL_Timer_setCaptCompUpdateMethod)
                  00018254    0000001c                 : dl_timer.o (.text.DL_Timer_setClockConfig)
                  00018270    0000001c     heading_control.o (.text.HeadingControl_SetTargetYaw)
                  0001828c    0000001c     menu.o (.text.Menu_Init)
                  000182a8    0000001c     motion_action.o (.text.MotionAction_Cancel)
                  000182c4    0000001c     obstacle_monitor.o (.text.ObstacleMonitor_Init)
                  000182e0    0000001c     obstacle_safety.o (.text.ObstacleSafety_Init)
                  000182fc    0000001c     watchdog_monitor.o (.text.WatchdogMonitor_NotifyControlCycleComplete)
                  00018318    0000001c     mission_manager.o (.text.mission_finish_success)
                  00018334    00000018     balance_ball_control.o (.text.BalanceBallControl_GetConfig)
                  0001834c    00000018     driverlib.a : dl_flashctl.o (.text.DL_FlashCTL_eraseMemoryFromRAM)
                  00018364    00000018                 : dl_timer.o (.text.DL_Timer_setCaptureCompareOutCtl)
                  0001837c    00000018     debug_telemetry.o (.text.DebugTelemetry_Init)
                  00018394    00000018     heading_control.o (.text.HeadingControl_Init)
                  000183ac    00000018     heading_control.o (.text.HeadingControl_Reset)
                  000183c4    00000018     menu.o (.text.Menu_ParamItemToString)
                  000183dc    00000018     motion_action.o (.text.MotionAction_Init)
                  000183f4    00000018     obstacle_avoidance.o (.text.ObstacleAvoidance_Init)
                  0001840c    00000018     runtime_snapshot.o (.text.RuntimeSnapshot_Init)
                  00018424    00000016     libclang_rt.builtins.a : comparesf2.S.obj (.text.__unordsf2)
                  0001843a    00000002     --HOLE-- [fill = 0]
                  0001843c    00000014     fault.o (.text.Fault_Clear)
                  00018450    00000014     fault.o (.text.Fault_Init)
                  00018464    00000014     gimbal_stepper.o (.text.GimbalStepper_SetStepHalfPeriodTicks)
                  00018478    00000014     heading_control.o (.text.HeadingControl_Enable)
                  0001848c    00000014     mission_library.o (.text.MissionLibrary_GetByIndex)
                  000184a0    00000014     mission_manager.o (.text.MissionManager_GetSelectedMissionId)
                  000184b4    00000014     vision_uart.o (.text.VisionUart_Init)
                  000184c8    00000014     libclang_rt.builtins.a : aeabi_ldivmod.S.obj (.text.__aeabi_ldivmod)
                  000184dc    00000014                            : aeabi_uldivmod.S.obj (.text.__aeabi_uldivmod)
                  000184f0    00000012     driverlib.a : dl_uart.o (.text.DL_UART_setClockConfig)
                  00018502    00000012     libc.a : copy_decompress_none.c.obj (.text:decompress:none)
                  00018514    00000010     balance_position_control.o (.text.BalancePositionControl_HasFault)
                  00018524    00000010     driverlib.a : dl_timer.o (.text.DL_Timer_setCaptureCompareValue)
                  00018534    00000010     gimbal.o (.text.Gimbal_YawGetFeedback)
                  00018544    00000010     key.o (.text.Key_GetEvent)
                  00018554    00000010     libc.a : copy_zero_init.c.obj (.text:decompress:ZI)
                  00018564    0000000c     balance_encoder.o (.text.BalanceEncoder_GetCountAtomic)
                  00018570    0000000c     balance_position_control.o (.text.BalancePositionControl_IsBusy)
                  0001857c    0000000c     balance_soft_limits.o (.text.BalanceSoftLimits_IsCalibrationActive)
                  00018588    0000000c     balance_soft_limits.o (.text.BalanceSoftLimits_IsOscillationTestActive)
                  00018594    0000000c     balance_soft_limits.o (.text.BalanceSoftLimits_IsTravelTestActive)
                  000185a0    0000000c     car_controller.o (.text.CarController_GetRunMode)
                  000185ac    0000000c     car_controller.o (.text.CarController_Init)
                  000185b8    0000000c     car_controller.o (.text.CarController_IsSafetyHoldActive)
                  000185c4    0000000c     car_state.o (.text.CarState_Get)
                  000185d0    0000000c     car_state.o (.text.CarState_Init)
                  000185dc    0000000c     car_state.o (.text.CarState_Set)
                  000185e8    0000000c     emergency_stop.o (.text.EmergencyStop_Init)
                  000185f4    0000000c     emergency_stop.o (.text.EmergencyStop_IsActive)
                  00018600    0000000c     imu.o (.text.Imu_GetCorrectedGyroZDps)
                  0001860c    0000000c     imu.o (.text.Imu_GetYaw)
                  00018618    0000000c     menu.o (.text.Menu_GetPage)
                  00018624    0000000c     menu.o (.text.Menu_GetParamItem)
                  00018630    0000000c     mission_manager.o (.text.MissionManager_IsExternallyHeld)
                  0001863c    0000000c     mission_manager.o (.text.MissionManager_SetExternalHold)
                  00018648    0000000c     obstacle_avoidance.o (.text.ObstacleAvoidance_IsActive)
                  00018654    0000000c     obstacle_avoidance.o (.text.ObstacleAvoidance_IsFailed)
                  00018660    0000000c     obstacle_safety.o (.text.ObstacleSafety_IsHolding)
                  0001866c    0000000c     empty.o (.text.SystemTime_GetMs)
                  00018678    0000000c     watchdog_monitor.o (.text.WatchdogMonitor_HasTripped)
                  00018684    0000000c     libclang_rt.builtins.a : aeabi_memset.S.obj (.text.__aeabi_memclr)
                  00018690    0000000a     driverlib.a : dl_common.o (.text.DL_Common_delayCycles)
                  0001869a    0000000a     motion_action.o (.text.MotionAction_Resume)
                  000186a4    0000000a     motion_action.o (.text.MotionAction_Start)
                  000186ae    0000000a     track_sensor.o (.text.TrackSensor_IsCenterDetected)
                  000186b8    0000000a     track_sensor.o (.text.TrackSensor_IsLineDetected)
                  000186c2    0000000a     track_sensor.o (.text.TrackSensor_IsLineLost)
                  000186cc    00000008     balance_soft_limits.o (.text.BalanceSoftLimits_CancelPositionMove)
                  000186d4    00000008     balance_soft_limits.o (.text.BalanceSoftLimits_IsPositionMoveActive)
                  000186dc    00000008     bluetooth_uart.o (.text.BluetoothUart_GetRuntime)
                  000186e4    00000008     car_controller.o (.text.CarController_GetFeedback)
                  000186ec    00000008     fault.o (.text.Fault_GetRecord)
                  000186f4    00000008     gimbal_stepper.o (.text.GimbalStepper_GetFeedback)
                  000186fc    00000008     heading_control.o (.text.HeadingControl_GetRuntime)
                  00018704    00000008     imu.o (.text.Imu_GetRuntime)
                  0001870c    00000008     line_controller.o (.text.LineController_GetRuntime)
                  00018714    00000008     mission_manager.o (.text.MissionManager_GetMissionCount)
                  0001871c    00000008     mission_manager.o (.text.MissionManager_GetRuntime)
                  00018724    00000008     motion_action.o (.text.MotionAction_GetRuntime)
                  0001872c    00000008     motor_control.o (.text.MotorControl_GetRuntime)
                  00018734    00000008     obstacle_avoidance.o (.text.ObstacleAvoidance_GetFeedback)
                  0001873c    00000008     obstacle_monitor.o (.text.ObstacleMonitor_GetFeedback)
                  00018744    00000008     oled_ui.o (.text.OledUi_Init)
                  0001874c    00000008     runtime_snapshot.o (.text.RuntimeSnapshot_Get)
                  00018754    00000008     servo.o (.text.Servo_GetFeedback)
                  0001875c    00000008     ultrasonic.o (.text.Ultrasonic_GetFeedback)
                  00018764    00000008     vision_receiver.o (.text.VisionReceiver_GetBallPositionObservation)
                  0001876c    00000008     vision_receiver.o (.text.VisionReceiver_GetStatus)
                  00018774    00000008     vision_tuning_console.o (.text.VisionTuningConsole_GetStatus)
                  0001877c    00000008     watchdog_monitor.o (.text.WatchdogMonitor_GetStatus)
                  00018784    00000008     wheel_speed_estimator.o (.text.WheelSpeedEstimator_GetRuntime)
                  0001878c    00000008     libclang_rt.builtins.a : aeabi_memcpy.S.obj (.text.__aeabi_memcpy)
                  00018794    00000006     libc.a : exit.c.obj (.text:abort)
                  0001879a    00000004     libsysbm.a : hostexit.c.obj (.text.HOSTexit)
                  0001879e    00000004     mission_library.o (.text.MissionLibrary_GetCount)
                  000187a2    00000004     obstacle_avoidance.o (.text.ObstacleAvoidance_IsResumeGraceActive)
                  000187a6    00000004     startup_mspm0g350x_ticlang.o (.text.Reset_Handler)
                  000187aa    00000002     --HOLE-- [fill = 0]
                  000187ac    00000010     libc.a : boot_cortex_m.c.obj (.tramp._c_int00_noargs.1)
                  000187bc    00000004            : pre_init.c.obj (.text._system_pre_init)
                  000187c0    00000010     driverlib.a : dl_flashctl.o (.tramp.DL_FlashCTL_executeCommandFromRAM.1)

.TI.ramfunc 
*          0    00019430    00000060     RUN ADDR = 20201968
                  00019430    00000060     driverlib.a : dl_flashctl.o (.TI.ramfunc)

.cinit     0    00019490    00000030     
                  00019490    0000000c     (__TI_handler_table)
                  0001949c    00000008     (.cinit..bss.load) [load image, compression = zero_init]
                  000194a4    00000005     (.cinit..data.load) [load image, compression = lzss]
                  000194a9    00000003     --HOLE-- [fill = 0]
                  000194ac    00000010     (__TI_cinit_table)
                  000194bc    00000004     --HOLE-- [fill = 0]

.rodata    0    000187d0    00000c60     
                  000187d0    000000d8     oled.o (.rodata..Lswitch.table.OLED_PrintChar)
                  000188a8    00000050     mission_library.o (.rodata.g_missionRegistry)
                  000188f8    00000048     mission_library.o (.rodata.g_missionCompetitionMain)
                  00018940    00000048     mission_library.o (.rodata.g_missionTestDistance20)
                  00018988    00000048     mission_library.o (.rodata.g_missionTestLine)
                  000189d0    00000048     mission_library.o (.rodata.g_missionTestTurn)
                  00018a18    00000038     balance_tuning.o (.rodata..Lswitch.table.send_debug_receiver)
                  00018a50    00000034     oled_ui.o (.rodata..Lswitch.table.print_balance_vision_rx_debug_page)
                  00018a84    0000002c     oled_ui.o (.rodata..Lswitch.table.print_status_page)
                  00018ab0    00000028     balance_tuning.o (.rodata..Lswitch.table.send_debug_controller.152)
                  00018ad8    00000020     menu.o (.rodata..Lswitch.table.Menu_ParamItemToString)
                  00018af8    00000020     oled_ui.o (.rodata..Lswitch.table.print_balance_vision_page)
                  00018b18    00000020     balance_tuning.o (.rodata..Lswitch.table.send_debug_controller.151)
                  00018b38    0000001c     oled_ui.o (.rodata..Lswitch.table.print_balance_stepper_test_page.197)
                  00018b54    0000001c     oled_ui.o (.rodata..Lswitch.table.print_drive_distance_page)
                  00018b70    00000018     oled_ui.o (.rodata..Lswitch.table.print_status_page.198)
                  00018b88    00000018     balance_tuning.o (.rodata..Lswitch.table.send_debug_position_fault)
                  00018ba0    00000018     mission_library.o (.rodata.g_missionTestBallCenter)
                  00018bb8    00000018     balance_tuning.o (.rodata.str1.11920933488914742755.1)
                  00018bd0    00000017     balance_tuning.o (.rodata.str1.13404072320016493612.1)
                  00018be7    00000001     --HOLE-- [fill = 0]
                  00018be8    00000014     oled_ui.o (.rodata..Lswitch.table.print_balance_stepper_test_page.191)
                  00018bfc    00000014     oled_ui.o (.rodata..Lswitch.table.print_balance_stepper_test_page.193)
                  00018c10    00000014     oled_ui.o (.rodata..Lswitch.table.print_status_page.199)
                  00018c24    00000014     balance_tuning.o (.rodata..Lswitch.table.send_debug_filter)
                  00018c38    00000014     balance_tuning.o (.rodata.str1.2068070733339245865.1)
                  00018c4c    00000013     oled_ui.o (.rodata.str1.14774750633985060196.1)
                  00018c5f    00000013     balance_tuning.o (.rodata.str1.3233384059104302595.1)
                  00018c72    00000012     balance_tuning.o (.rodata.str1.16975567547049602772.1)
                  00018c84    00000011     oled_ui.o (.rodata.str1.14521350379984854626.1)
                  00018c95    00000011     oled_ui.o (.rodata.str1.17763087492223448992.1)
                  00018ca6    00000011     oled_ui.o (.rodata.str1.1974573040514735405.1)
                  00018cb7    00000011     oled_ui.o (.rodata.str1.9351772214919528733.1)
                  00018cc8    00000011     oled_ui.o (.rodata.str1.9584387800903135389.1)
                  00018cd9    00000003     ti_msp_dl_config.o (.rodata.gPWM_MOTORClockConfig)
                  00018cdc    00000010     oled_ui.o (.rodata..Lswitch.table.print_balance_stepper_test_page.194)
                  00018cec    00000010     balance_encoder.o (.rodata.cst16)
                  00018cfc    00000010     oled_ui.o (.rodata.str1.12697925274637991987.1)
                  00018d0c    0000000f     oled_ui.o (.rodata.str1.9229350655415085.1)
                  00018d1b    0000000e     oled_ui.o (.rodata.str1.10416366799939242409.1)
                  00018d29    0000000e     oled_ui.o (.rodata.str1.10430294223631918979.1)
                  00018d37    0000000e     oled_ui.o (.rodata.str1.14711868471336838103.1)
                  00018d45    0000000e     balance_tuning.o (.rodata.str1.3558965309215986498.1)
                  00018d53    0000000e     balance_tuning.o (.rodata.str1.4787913558422352643.1)
                  00018d61    0000000e     balance_tuning.o (.rodata.str1.7429938449141376701.1)
                  00018d6f    0000000d     balance_tuning.o (.rodata.str1.12833110812472946424.1)
                  00018d7c    0000000d     balance_tuning.o (.rodata.str1.14407532796619091063.1)
                  00018d89    0000000d     balance_tuning.o (.rodata.str1.4034695520341852388.1)
                  00018d96    0000000d     balance_tuning.o (.rodata.str1.570700920706815620.1)
                  00018da3    00000001     --HOLE-- [fill = 0]
                  00018da4    0000000c     oled_ui.o (.rodata..Lswitch.table.print_balance_stepper_test_page.192)
                  00018db0    0000000c     oled_ui.o (.rodata..Lswitch.table.print_balance_stepper_test_page.195)
                  00018dbc    0000000c     oled_ui.o (.rodata..Lswitch.table.print_balance_stepper_test_page)
                  00018dc8    0000000c     oled_ui.o (.rodata..Lswitch.table.print_sensor_page)
                  00018dd4    0000000c     balance_tuning.o (.rodata..Lswitch.table.send_calibration_status)
                  00018de0    0000000c     mission_library.o (.rodata.str1.11682660667400632204.1)
                  00018dec    0000000c     oled_ui.o (.rodata.str1.16290499236105125126.1)
                  00018df8    0000000c     balance_tuning.o (.rodata.str1.17549480707308297090.1)
                  00018e04    0000000c     balance_tuning.o (.rodata.str1.3946804622114928529.1)
                  00018e10    0000000b     balance_tuning.o (.rodata.str1.12203727298384633765.1)
                  00018e1b    0000000b     balance_tuning.o (.rodata.str1.12233546741183254892.1)
                  00018e26    0000000b     oled_ui.o (.rodata.str1.13882251010780863896.1)
                  00018e31    0000000b     balance_tuning.o (.rodata.str1.17166399224375095386.1)
                  00018e3c    0000000b     balance_tuning.o (.rodata.str1.5425032234050588950.1)
                  00018e47    00000001     --HOLE-- [fill = 0]
                  00018e48    0000000a     ti_msp_dl_config.o (.rodata.gUART_BALANCE_TUNINGConfig)
                  00018e52    0000000a     ti_msp_dl_config.o (.rodata.gUART_VISIONConfig)
                  00018e5c    0000000a     balance_tuning.o (.rodata.str1.11278905947013221575.1)
                  00018e66    0000000a     oled_ui.o (.rodata.str1.12447783896598192203.1)
                  00018e70    0000000a     mission_library.o (.rodata.str1.13636476544574750902.1)
                  00018e7a    0000000a     mission_library.o (.rodata.str1.15668266851434757964.1)
                  00018e84    0000000a     balance_tuning.o (.rodata.str1.16828945227823925029.1)
                  00018e8e    0000000a     balance_tuning.o (.rodata.str1.16995373371140357553.1)
                  00018e98    0000000a     oled_ui.o (.rodata.str1.17540787658903907660.1)
                  00018ea2    0000000a     balance_tuning.o (.rodata.str1.1862446224603202915.1)
                  00018eac    0000000a     mission_library.o (.rodata.str1.199678142196697465.1)
                  00018eb6    0000000a     oled_ui.o (.rodata.str1.2608729314174233125.1)
                  00018ec0    0000000a     oled_ui.o (.rodata.str1.4582914374586912483.1)
                  00018eca    0000000a     balance_tuning.o (.rodata.str1.7805572866881257290.1)
                  00018ed4    00000009     oled_ui.o (.rodata.str1.12043213579996415112.1)
                  00018edd    00000009     oled_ui.o (.rodata.str1.15917848551323629232.1)
                  00018ee6    00000009     balance_tuning.o (.rodata.str1.3496791163923278892.1)
                  00018eef    00000009     oled_ui.o (.rodata.str1.5965888106848176421.1)
                  00018ef8    00000009     balance_tuning.o (.rodata.str1.9755989949770481844.1)
                  00018f01    00000003     oled_ui.o (.rodata.str1.10263419832828250601.1)
                  00018f04    00000008     ti_msp_dl_config.o (.rodata.gPWM_MOTORConfig)
                  00018f0c    00000008     oled_ui.o (.rodata.str1.10163600690795753232.1)
                  00018f14    00000008     balance_tuning.o (.rodata.str1.1264218299910966159.1)
                  00018f1c    00000008     oled_ui.o (.rodata.str1.130772507669342127.1)
                  00018f24    00000008     oled_ui.o (.rodata.str1.13271657277589579873.1)
                  00018f2c    00000008     balance_tuning.o (.rodata.str1.13343969186687346557.1)
                  00018f34    00000008     oled_ui.o (.rodata.str1.17464849429964608858.1)
                  00018f3c    00000008     balance_tuning.o (.rodata.str1.2700731884220140365.1)
                  00018f44    00000008     balance_tuning.o (.rodata.str1.3829160663182747675.1)
                  00018f4c    00000008     balance_tuning.o (.rodata.str1.437153270038012910.1)
                  00018f54    00000008     balance_tuning.o (.rodata.str1.8563474565901259281.1)
                  00018f5c    00000007     oled_ui.o (.rodata.str1.1276391367487699528.1)
                  00018f63    00000007     oled_ui.o (.rodata.str1.13871579367539052597.1)
                  00018f6a    00000007     balance_tuning.o (.rodata.str1.13927408975829028648.1)
                  00018f71    00000007     mission_library.o (.rodata.str1.1440970855772709381.1)
                  00018f78    00000007     balance_tuning.o (.rodata.str1.14940683997065356497.1)
                  00018f7f    00000007     balance_tuning.o (.rodata.str1.16276113701240659636.1)
                  00018f86    00000007     oled_ui.o (.rodata.str1.4610220316623841660.1)
                  00018f8d    00000007     balance_tuning.o (.rodata.str1.7071644105955104486.1)
                  00018f94    00000007     oled_ui.o (.rodata.str1.9646571805098343045.1)
                  00018f9b    00000007     oled_ui.o (.rodata.str1.9992244628984851027.1)
                  00018fa2    00000006     oled_ui.o (.rodata.str1.10077435089618835710.1)
                  00018fa8    00000006     oled_ui.o (.rodata.str1.1019225241002246410.1)
                  00018fae    00000006     oled_ui.o (.rodata.str1.10600688730180713177.1)
                  00018fb4    00000006     oled_ui.o (.rodata.str1.11232419324784801130.1)
                  00018fba    00000006     oled_ui.o (.rodata.str1.12571791089077708471.1)
                  00018fc0    00000006     balance_tuning.o (.rodata.str1.12637522976786142932.1)
                  00018fc6    00000006     balance_tuning.o (.rodata.str1.12662652760121154555.1)
                  00018fcc    00000006     oled_ui.o (.rodata.str1.1445687256832830955.1)
                  00018fd2    00000006     oled_ui.o (.rodata.str1.14748562464132904299.1)
                  00018fd8    00000006     oled_ui.o (.rodata.str1.15817398807211891688.1)
                  00018fde    00000006     oled_ui.o (.rodata.str1.16411631209783952401.1)
                  00018fe4    00000006     oled_ui.o (.rodata.str1.17717236995185551183.1)
                  00018fea    00000006     oled_ui.o (.rodata.str1.240075016795266086.1)
                  00018ff0    00000006     oled_ui.o (.rodata.str1.2656948373757303877.1)
                  00018ff6    00000006     balance_tuning.o (.rodata.str1.3044366246123777871.1)
                  00018ffc    00000006     oled_ui.o (.rodata.str1.3247264562726604308.1)
                  00019002    00000006     balance_tuning.o (.rodata.str1.3256541037304612316.1)
                  00019008    00000006     balance_tuning.o (.rodata.str1.3392284968516405332.1)
                  0001900e    00000006     oled_ui.o (.rodata.str1.4932371652560868037.1)
                  00019014    00000006     oled_ui.o (.rodata.str1.5376340479846291137.1)
                  0001901a    00000006     oled_ui.o (.rodata.str1.5948326995020184415.1)
                  00019020    00000006     oled_ui.o (.rodata.str1.7050595558965647569.1)
                  00019026    00000006     oled_ui.o (.rodata.str1.7481335054564682966.1)
                  0001902c    00000006     oled_ui.o (.rodata.str1.8018480777946742726.1)
                  00019032    00000006     oled_ui.o (.rodata.str1.8783421139296713095.1)
                  00019038    00000006     balance_tuning.o (.rodata.str1.9462028229935726468.1)
                  0001903e    00000006     oled_ui.o (.rodata.str1.9544068167406571052.1)
                  00019044    00000005     motion_action.o (.rodata..Lswitch.table.MotionAction_Update_20ms)
                  00019049    00000005     oled.o (.rodata.oled_get_glyph.colon)
                  0001904e    00000005     oled.o (.rodata.oled_get_glyph.eight)
                  00019053    00000005     oled.o (.rodata.oled_get_glyph.five)
                  00019058    00000005     oled.o (.rodata.oled_get_glyph.four)
                  0001905d    00000005     oled.o (.rodata.oled_get_glyph.glyphA)
                  00019062    00000005     oled.o (.rodata.oled_get_glyph.glyphB)
                  00019067    00000005     oled.o (.rodata.oled_get_glyph.glyphC)
                  0001906c    00000005     oled.o (.rodata.oled_get_glyph.glyphD)
                  00019071    00000005     oled.o (.rodata.oled_get_glyph.glyphE)
                  00019076    00000005     oled.o (.rodata.oled_get_glyph.glyphF)
                  0001907b    00000005     oled.o (.rodata.oled_get_glyph.glyphG)
                  00019080    00000005     oled.o (.rodata.oled_get_glyph.glyphH)
                  00019085    00000005     oled.o (.rodata.oled_get_glyph.glyphI)
                  0001908a    00000005     oled.o (.rodata.oled_get_glyph.glyphK)
                  0001908f    00000005     oled.o (.rodata.oled_get_glyph.glyphL)
                  00019094    00000005     oled.o (.rodata.oled_get_glyph.glyphM)
                  00019099    00000005     oled.o (.rodata.oled_get_glyph.glyphN)
                  0001909e    00000005     oled.o (.rodata.oled_get_glyph.glyphO)
                  000190a3    00000005     oled.o (.rodata.oled_get_glyph.glyphP)
                  000190a8    00000005     oled.o (.rodata.oled_get_glyph.glyphR)
                  000190ad    00000005     oled.o (.rodata.oled_get_glyph.glyphS)
                  000190b2    00000005     oled.o (.rodata.oled_get_glyph.glyphT)
                  000190b7    00000005     oled.o (.rodata.oled_get_glyph.glyphU)
                  000190bc    00000005     oled.o (.rodata.oled_get_glyph.glyphV)
                  000190c1    00000005     oled.o (.rodata.oled_get_glyph.glyphW)
                  000190c6    00000005     oled.o (.rodata.oled_get_glyph.glyphX)
                  000190cb    00000005     oled.o (.rodata.oled_get_glyph.glyphY)
                  000190d0    00000005     oled.o (.rodata.oled_get_glyph.glyphb)
                  000190d5    00000005     oled.o (.rodata.oled_get_glyph.gt)
                  000190da    00000005     oled.o (.rodata.oled_get_glyph.minus)
                  000190df    00000005     oled.o (.rodata.oled_get_glyph.nine)
                  000190e4    00000005     oled.o (.rodata.oled_get_glyph.one)
                  000190e9    00000005     oled.o (.rodata.oled_get_glyph.seven)
                  000190ee    00000005     oled.o (.rodata.oled_get_glyph.six)
                  000190f3    00000005     oled.o (.rodata.oled_get_glyph.space)
                  000190f8    00000005     oled.o (.rodata.oled_get_glyph.three)
                  000190fd    00000005     oled.o (.rodata.oled_get_glyph.two)
                  00019102    00000005     oled.o (.rodata.oled_get_glyph.zero)
                  00019107    00000005     oled_ui.o (.rodata.str1.11049990970699464748.1)
                  0001910c    00000005     oled_ui.o (.rodata.str1.11627403558423016802.1)
                  00019111    00000005     oled_ui.o (.rodata.str1.12182588061437138428.1)
                  00019116    00000005     oled_ui.o (.rodata.str1.12359577037488465078.1)
                  0001911b    00000005     oled_ui.o (.rodata.str1.12493748764729730277.1)
                  00019120    00000005     oled_ui.o (.rodata.str1.12504350857748951577.1)
                  00019125    00000005     oled_ui.o (.rodata.str1.12617122458660443890.1)
                  0001912a    00000005     balance_tuning.o (.rodata.str1.12787636963787307533.1)
                  0001912f    00000005     balance_tuning.o (.rodata.str1.14427035260820240747.1)
                  00019134    00000005     fault.o (.rodata.str1.14435905801345341244.1)
                  00019139    00000005     fault.o (.rodata.str1.1506612114648992996.1)
                  0001913e    00000005     oled_ui.o (.rodata.str1.15132332204781002199.1)
                  00019143    00000005     oled_ui.o (.rodata.str1.15575624326185233262.1)
                  00019148    00000005     oled_ui.o (.rodata.str1.15577080202403550426.1)
                  0001914d    00000005     oled_ui.o (.rodata.str1.15613891207764622616.1)
                  00019152    00000005     oled_ui.o (.rodata.str1.15802367878353263018.1)
                  00019157    00000005     oled_ui.o (.rodata.str1.15829239520183577662.1)
                  0001915c    00000005     balance_tuning.o (.rodata.str1.16296215605590053309.1)
                  00019161    00000005     oled_ui.o (.rodata.str1.16526439943277383452.1)
                  00019166    00000005     oled_ui.o (.rodata.str1.16939060351352778619.1)
                  0001916b    00000005     oled_ui.o (.rodata.str1.17067061841413117831.1)
                  00019170    00000005     fault.o (.rodata.str1.17097894860660336008.1)
                  00019175    00000005     fault.o (.rodata.str1.17155043670132108083.1)
                  0001917a    00000005     oled_ui.o (.rodata.str1.17436941090773226089.1)
                  0001917f    00000005     oled_ui.o (.rodata.str1.17678525341650131470.1)
                  00019184    00000005     oled_ui.o (.rodata.str1.17763996158807330232.1)
                  00019189    00000005     oled_ui.o (.rodata.str1.17884296644359297425.1)
                  0001918e    00000005     oled_ui.o (.rodata.str1.2002540315216928218.1)
                  00019193    00000005     fault.o (.rodata.str1.2104670281202025270.1)
                  00019198    00000005     oled_ui.o (.rodata.str1.2193316011307952170.1)
                  0001919d    00000005     oled_ui.o (.rodata.str1.2308938766145545715.1)
                  000191a2    00000005     balance_tuning.o (.rodata.str1.2518525128920481353.1)
                  000191a7    00000005     oled_ui.o (.rodata.str1.2522137003438374266.1)
                  000191ac    00000005     oled_ui.o (.rodata.str1.270145429241168923.1)
                  000191b1    00000005     oled_ui.o (.rodata.str1.2714695401222167146.1)
                  000191b6    00000005     balance_tuning.o (.rodata.str1.3025565282533664955.1)
                  000191bb    00000005     oled_ui.o (.rodata.str1.344790106308886506.1)
                  000191c0    00000005     oled_ui.o (.rodata.str1.3455423528827705371.1)
                  000191c5    00000005     oled_ui.o (.rodata.str1.35417727660486075.1)
                  000191ca    00000005     balance_tuning.o (.rodata.str1.3977118008905300976.1)
                  000191cf    00000005     oled_ui.o (.rodata.str1.4082595774073207366.1)
                  000191d4    00000005     fault.o (.rodata.str1.4453281041433270631.1)
                  000191d9    00000005     fault.o (.rodata.str1.4549004730087743662.1)
                  000191de    00000005     oled_ui.o (.rodata.str1.4581472623415959594.1)
                  000191e3    00000005     balance_tuning.o (.rodata.str1.4648061835702390008.1)
                  000191e8    00000005     oled_ui.o (.rodata.str1.4723632947289500520.1)
                  000191ed    00000005     menu.o (.rodata.str1.4862307748908978627.1)
                  000191f2    00000005     balance_tuning.o (.rodata.str1.504352846468954294.1)
                  000191f7    00000005     balance_tuning.o (.rodata.str1.5223853263922667930.1)
                  000191fc    00000005     oled_ui.o (.rodata.str1.5291836437463020264.1)
                  00019201    00000005     balance_tuning.o (.rodata.str1.5894753939286773293.1)
                  00019206    00000005     oled_ui.o (.rodata.str1.5965450730569173784.1)
                  0001920b    00000005     fault.o (.rodata.str1.6372787129294360447.1)
                  00019210    00000005     oled_ui.o (.rodata.str1.6398192001994169976.1)
                  00019215    00000005     fault.o (.rodata.str1.6437946768974223044.1)
                  0001921a    00000005     oled_ui.o (.rodata.str1.6473435968988645044.1)
                  0001921f    00000005     balance_tuning.o (.rodata.str1.6600389014628918663.1)
                  00019224    00000005     oled_ui.o (.rodata.str1.6744096065564390185.1)
                  00019229    00000005     oled_ui.o (.rodata.str1.6806727740681590176.1)
                  0001922e    00000005     oled_ui.o (.rodata.str1.6954814719705590448.1)
                  00019233    00000005     balance_tuning.o (.rodata.str1.7618853495997136391.1)
                  00019238    00000005     oled_ui.o (.rodata.str1.763101100280173925.1)
                  0001923d    00000005     oled_ui.o (.rodata.str1.7774807581888385879.1)
                  00019242    00000005     oled_ui.o (.rodata.str1.8124536758062367015.1)
                  00019247    00000005     fault.o (.rodata.str1.8185770893384132067.1)
                  0001924c    00000005     oled_ui.o (.rodata.str1.8399051469953744892.1)
                  00019251    00000005     oled_ui.o (.rodata.str1.8426569189266129334.1)
                  00019256    00000005     oled_ui.o (.rodata.str1.8449035241871861290.1)
                  0001925b    00000005     oled_ui.o (.rodata.str1.8471462185882660445.1)
                  00019260    00000005     oled_ui.o (.rodata.str1.8615431116298670950.1)
                  00019265    00000005     balance_tuning.o (.rodata.str1.8659531508871313437.1)
                  0001926a    00000005     oled_ui.o (.rodata.str1.8693388333057100694.1)
                  0001926f    00000005     oled_ui.o (.rodata.str1.9044019526854345694.1)
                  00019274    00000005     oled_ui.o (.rodata.str1.9135818829835424837.1)
                  00019279    00000005     oled_ui.o (.rodata.str1.9611283282870761829.1)
                  0001927e    00000004     oled_ui.o (.rodata.str1.10568433575767188072.1)
                  00019282    00000004     balance_tuning.o (.rodata.str1.10633870927600830234.1)
                  00019286    00000004     balance_tuning.o (.rodata.str1.11007857853088784365.1)
                  0001928a    00000004     oled_ui.o (.rodata.str1.11149198520117834688.1)
                  0001928e    00000004     oled_ui.o (.rodata.str1.11388022865931857840.1)
                  00019292    00000004     oled_ui.o (.rodata.str1.11428648044669318875.1)
                  00019296    00000004     oled_ui.o (.rodata.str1.11614055506586029288.1)
                  0001929a    00000004     oled_ui.o (.rodata.str1.11794000050372113979.1)
                  0001929e    00000004     oled_ui.o (.rodata.str1.12595606217184830646.1)
                  000192a2    00000004     oled_ui.o (.rodata.str1.12888220461447056082.1)
                  000192a6    00000004     oled_ui.o (.rodata.str1.12928245060369742404.1)
                  000192aa    00000004     oled_ui.o (.rodata.str1.13244290092665904221.1)
                  000192ae    00000004     oled_ui.o (.rodata.str1.13567883086814673087.1)
                  000192b2    00000004     fault.o (.rodata.str1.13582094816268305212.1)
                  000192b6    00000004     oled_ui.o (.rodata.str1.13750180467131823662.1)
                  000192ba    00000004     oled_ui.o (.rodata.str1.13790669171379415506.1)
                  000192be    00000004     oled_ui.o (.rodata.str1.13875148296791986931.1)
                  000192c2    00000004     oled_ui.o (.rodata.str1.13892659840332223045.1)
                  000192c6    00000004     oled_ui.o (.rodata.str1.14132186318895045592.1)
                  000192ca    00000004     oled_ui.o (.rodata.str1.14168333168339663346.1)
                  000192ce    00000004     oled_ui.o (.rodata.str1.14265077442249237877.1)
                  000192d2    00000004     balance_tuning.o (.rodata.str1.14324971085387262535.1)
                  000192d6    00000004     oled_ui.o (.rodata.str1.14556837007311414654.1)
                  000192da    00000004     oled_ui.o (.rodata.str1.14675223611663555778.1)
                  000192de    00000004     oled_ui.o (.rodata.str1.14740362735394205067.1)
                  000192e2    00000004     oled_ui.o (.rodata.str1.15008238333949226094.1)
                  000192e6    00000004     balance_tuning.o (.rodata.str1.15818174819141905252.1)
                  000192ea    00000004     menu.o (.rodata.str1.16312125044762562515.1)
                  000192ee    00000004     fault.o (.rodata.str1.16482347271627360806.1)
                  000192f2    00000004     oled_ui.o (.rodata.str1.16554583589798097927.1)
                  000192f6    00000004     oled_ui.o (.rodata.str1.16849766574302683489.1)
                  000192fa    00000004     oled_ui.o (.rodata.str1.16895433903389883335.1)
                  000192fe    00000004     oled_ui.o (.rodata.str1.16931641404301806744.1)
                  00019302    00000004     menu.o (.rodata.str1.17041139162815566052.1)
                  00019306    00000004     oled_ui.o (.rodata.str1.17242430504649735449.1)
                  0001930a    00000004     oled_ui.o (.rodata.str1.17274519358952562110.1)
                  0001930e    00000004     oled_ui.o (.rodata.str1.17881291656140238186.1)
                  00019312    00000004     oled_ui.o (.rodata.str1.18128648927899109887.1)
                  00019316    00000004     oled_ui.o (.rodata.str1.18190418239766617312.1)
                  0001931a    00000004     oled_ui.o (.rodata.str1.182352409660151230.1)
                  0001931e    00000004     oled_ui.o (.rodata.str1.18266126048138325213.1)
                  00019322    00000004     oled_ui.o (.rodata.str1.18379317056176403938.1)
                  00019326    00000004     oled_ui.o (.rodata.str1.2742282290834473644.1)
                  0001932a    00000004     oled_ui.o (.rodata.str1.3407221357956504873.1)
                  0001932e    00000004     oled_ui.o (.rodata.str1.3467953211977455017.1)
                  00019332    00000004     oled_ui.o (.rodata.str1.3702290527496711532.1)
                  00019336    00000004     oled_ui.o (.rodata.str1.4551794666512319153.1)
                  0001933a    00000004     oled_ui.o (.rodata.str1.4581686099848791648.1)
                  0001933e    00000004     menu.o (.rodata.str1.4646809750356241979.1)
                  00019342    00000004     balance_tuning.o (.rodata.str1.4682479169720033769.1)
                  00019346    00000004     oled_ui.o (.rodata.str1.4691821198597473371.1)
                  0001934a    00000004     oled_ui.o (.rodata.str1.5004483696121082904.1)
                  0001934e    00000004     oled_ui.o (.rodata.str1.5463568455719735.1)
                  00019352    00000004     oled_ui.o (.rodata.str1.5689016102676777062.1)
                  00019356    00000004     oled_ui.o (.rodata.str1.5853739094453432564.1)
                  0001935a    00000004     oled_ui.o (.rodata.str1.58703915094955230.1)
                  0001935e    00000004     oled_ui.o (.rodata.str1.6835749436006845616.1)
                  00019362    00000004     oled_ui.o (.rodata.str1.7185587941321649510.1)
                  00019366    00000004     oled_ui.o (.rodata.str1.7205245123442117851.1)
                  0001936a    00000004     oled_ui.o (.rodata.str1.7219546930854689545.1)
                  0001936e    00000004     fault.o (.rodata.str1.7255546073596598018.1)
                  00019372    00000004     balance_tuning.o (.rodata.str1.7303502640274702539.1)
                  00019376    00000004     oled_ui.o (.rodata.str1.7419768602719733415.1)
                  0001937a    00000004     oled_ui.o (.rodata.str1.799718701096035713.1)
                  0001937e    00000004     oled_ui.o (.rodata.str1.8236579331345056500.1)
                  00019382    00000004     oled_ui.o (.rodata.str1.8403269972884532600.1)
                  00019386    00000004     oled_ui.o (.rodata.str1.8460525935980491721.1)
                  0001938a    00000004     balance_tuning.o (.rodata.str1.8647663465172892142.1)
                  0001938e    00000004     oled_ui.o (.rodata.str1.8709745090823444516.1)
                  00019392    00000004     oled_ui.o (.rodata.str1.9102528229756940648.1)
                  00019396    00000004     oled_ui.o (.rodata.str1.9159586779647977165.1)
                  0001939a    00000004     oled_ui.o (.rodata.str1.9250665025187963892.1)
                  0001939e    00000004     oled_ui.o (.rodata.str1.9295666102996717355.1)
                  000193a2    00000004     menu.o (.rodata.str1.9546740394641817443.1)
                  000193a6    00000004     balance_tuning.o (.rodata.str1.9612798771567357072.1)
                  000193aa    00000004     oled_ui.o (.rodata.str1.967006512144173535.1)
                  000193ae    00000004     oled_ui.o (.rodata.str1.9822857334037886482.1)
                  000193b2    00000004     oled_ui.o (.rodata.str1.9854382722193312766.1)
                  000193b6    00000003     oled_ui.o (.rodata.str1.10509309789429088155.1)
                  000193b9    00000003     oled_ui.o (.rodata.str1.10907125332684471422.1)
                  000193bc    00000003     oled_ui.o (.rodata.str1.1108652269057166745.1)
                  000193bf    00000003     oled_ui.o (.rodata.str1.11178346780556493352.1)
                  000193c2    00000003     balance_tuning.o (.rodata.str1.11520738983365952627.1)
                  000193c5    00000003     menu.o (.rodata.str1.12110183915172842339.1)
                  000193c8    00000003     oled_ui.o (.rodata.str1.12983537867572525563.1)
                  000193cb    00000003     menu.o (.rodata.str1.13124720451672825294.1)
                  000193ce    00000003     balance_tuning.o (.rodata.str1.14000290760835785496.1)
                  000193d1    00000003     menu.o (.rodata.str1.14098755746347272832.1)
                  000193d4    00000003     oled_ui.o (.rodata.str1.14134189893851348960.1)
                  000193d7    00000003     oled_ui.o (.rodata.str1.14142815821055334776.1)
                  000193da    00000003     oled_ui.o (.rodata.str1.14358698208395374265.1)
                  000193dd    00000003     balance_tuning.o (.rodata.str1.14867730425649151644.1)
                  000193e0    00000003     oled_ui.o (.rodata.str1.15859922799842739878.1)
                  000193e3    00000003     oled_ui.o (.rodata.str1.15935041339501476673.1)
                  000193e6    00000003     balance_tuning.o (.rodata.str1.16547832629819082202.1)
                  000193e9    00000003     oled_ui.o (.rodata.str1.16635595130967924751.1)
                  000193ec    00000003     oled_ui.o (.rodata.str1.17719310104486814868.1)
                  000193ef    00000003     oled_ui.o (.rodata.str1.17747339173178619492.1)
                  000193f2    00000003     oled_ui.o (.rodata.str1.17812014771544466701.1)
                  000193f5    00000003     balance_tuning.o (.rodata.str1.2493145903068608615.1)
                  000193f8    00000003     oled_ui.o (.rodata.str1.2603845803395459882.1)
                  000193fb    00000003     balance_tuning.o (.rodata.str1.2615500520006570324.1)
                  000193fe    00000003     oled_ui.o (.rodata.str1.2983744876309220570.1)
                  00019401    00000003     oled_ui.o (.rodata.str1.4193589846040060630.1)
                  00019404    00000003     oled_ui.o (.rodata.str1.4402311448527872260.1)
                  00019407    00000003     balance_tuning.o (.rodata.str1.533910187409029848.1)
                  0001940a    00000003     oled_ui.o (.rodata.str1.6350830172869379626.1)
                  0001940d    00000003     menu.o (.rodata.str1.6857549598058878762.1)
                  00019410    00000003     balance_tuning.o (.rodata.str1.7107703467260193608.1)
                  00019413    00000003     fault.o (.rodata.str1.8193046109637024842.1)
                  00019416    00000003     oled_ui.o (.rodata.str1.8703997732205428909.1)
                  00019419    00000003     oled_ui.o (.rodata.str1.8950259614286592359.1)
                  0001941c    00000003     balance_tuning.o (.rodata.str1.947389025480374218.1)
                  0001941f    00000003     oled_ui.o (.rodata.str1.9554470707595806150.1)
                  00019422    00000002     ti_msp_dl_config.o (.rodata.gUART_BALANCE_TUNINGClockConfig)
                  00019424    00000002     ti_msp_dl_config.o (.rodata.gUART_VISIONClockConfig)
                  00019426    00000002     balance_tuning.o (.rodata.str1.10719393435742183532.1)
                  00019428    00000002     oled_ui.o (.rodata.str1.16496169091617228061.1)
                  0001942a    00000002     oled_ui.o (.rodata.str1.3025253791635144717.1)
                  0001942c    00000004     --HOLE-- [fill = 0]

.init_array 
*          0    00000000    00000000     UNINITIALIZED

.binit     0    000194c0    00000010     
                  000194c0    00000010     (.binit)

.TI.bound:g_balanceCalibrationReservedSector 
*          0    0001fc00    00000400     
                  0001fc00    00000400     balance_calibration_store.o (.TI.bound:g_balanceCalibrationReservedSector)

.bss       0    20200000    00001965     UNINITIALIZED
                  20200000    00000800     balance_tuning.o (.bss.g_txRing)
                  20200800    00000400     oled.o (.bss.g_oledFrame)
                  20200c00    00000200     vision_receiver.o (.bss.g_ring)
                  20200e00    000001d0     runtime_snapshot.o (.bss.g_snapshot)
                  20200fd0    00000110     (.common:g_appConfig)
                  202010e0    00000100     balance_tuning.o (.bss.g_rxRing)
                  202011e0    00000084     (.common:g_imuRuntime)
                  20201264    0000007c     motor_control.o (.bss.g_runtime)
                  202012e0    00000070     (.common:g_appRuntime)
                  20201350    00000060     vision_receiver.o (.bss.g_line)
                  202013b0    0000005c     balance_soft_limits.o (.bss.g_runtime)
                  2020140c    00000058     vision_receiver.o (.bss.g_status)
                  20201464    00000004     imu.o (.bss.g_elapsedSinceValidSampleMs)
                  20201468    00000058     (.common:g_wheelSpeedEstimatorRuntime)
                  202014c0    00000044     balance_position_control.o (.bss.g_runtime)
                  20201504    00000004     balance_position_control.o (.bss.g_lastEncoderCount)
                  20201508    00000040     gimbal.o (.bss.g_feedback)
                  20201548    00000040     line_controller.o (.bss.g_lineRuntime)
                  20201588    00000040     balance_ball_control.o (.bss.g_runtime)
                  202015c8    00000030     balance_tuning.o (.bss.g_line)
                  202015f8    00000030     (.common:gUART_VISIONBackup)
                  20201628    0000002c     vision_receiver.o (.bss.g_observation)
                  20201654    0000002c     empty.o (.bss.g_schedulerStats)
                  20201680    00000028     vision_receiver.o (.bss.g_ballPositionObservation)
                  202016a8    00000028     balance_tuning.o (.bss.g_debug)
                  202016d0    00000020     bluetooth_uart.o (.bss.g_runtime)
                  202016f0    0000001c     mission_manager.o (.bss.g_missionRuntime)
                  2020170c    0000001c     balance_encoder.o (.bss.g_runtime)
                  20201728    0000001c     balance_tuning.o (.bss.g_status)
                  20201744    0000001c     (.common:g_headingRuntime)
                  20201760    00000018     obstacle_avoidance.o (.bss.g_avoidFeedback)
                  20201778    00000018     balance_ball_control.o (.bss.g_config)
                  20201790    00000018     gimbal_stepper.o (.bss.g_feedback)
                  202017a8    00000018     vision_tuning_console.o (.bss.g_status)
                  202017c0    00000014     motion_action.o (.bss.g_motionActionRuntime)
                  202017d4    00000014     watchdog_monitor.o (.bss.g_status)
                  202017e8    00000010     fault.o (.bss.g_faultRecord)
                  202017f8    00000010     motor.o (.bss.g_motorRuntime)
                  20201808    0000000e     car_controller.o (.bss.g_carControllerFeedback)
                  20201816    00000002     ultrasonic.o (.bss.g_echoTicks)
                  20201818    0000000e     ultrasonic.o (.bss.g_ultrasonicFeedback)
                  20201826    00000002     balance_ball_control.o (.bss.g_lastPositionMm)
                  20201828    0000000c     magnet.o (.bss.g_runtime)
                  20201834    0000000c     debug_telemetry.o (.bss.g_status)
                  20201840    0000000c     balance_soft_limits.o (.bss.g_storedLimits)
                  2020184c    00000004     debug_telemetry.o (.bss.g_lastFrameMs)
                  20201850    00000008     balance_position_control.o (.bss.g_lastStepCount)
                  20201858    00000008     balance_position_control.o (.bss.g_moveStartStepCount)
                  20201860    00000008     obstacle_monitor.o (.bss.g_obstacleFeedback)
                  20201868    00000008     gimbal_stepper.o (.bss.g_stepperEstimatedSteps)
                  20201870    00000008     gimbal_stepper.o (.bss.g_stepperTargetEstimatedSteps)
                  20201878    00000008     gimbal.o (.bss.g_yawContinuousDegX10)
                  20201880    00000008     gimbal.o (.bss.g_yawLockedWorldYawDegX10)
                  20201888    00000008     gimbal.o (.bss.g_yawTargetContinuousDegX10)
                  20201890    00000008     gimbal.o (.bss.g_yawWorldTargetDegX10)
                  20201898    00000008     gimbal.o (.bss.g_yawWrappedDegX10)
                  202018a0    00000006     ultrasonic.o (.bss.g_distanceSamples)
                  202018a6    00000006     key.o (.bss.g_key1)
                  202018ac    00000006     key.o (.bss.g_key2)
                  202018b2    00000006     key.o (.bss.g_key3)
                  202018b8    00000004     balance_ball_control.o (.bss.g_lastObservationUpdateCount)
                  202018bc    00000004     balance_ball_control.o (.bss.g_lastPositionTimeMs)
                  202018c0    00000004     balance_calibration_store.o (.bss.g_lastSequence)
                  202018c4    00000004     balance_ball_control.o (.bss.g_lastSessionId)
                  202018c8    00000004     vision_receiver.o (.bss.g_lastSourceTimestampMs)
                  202018cc    00000004     watchdog_monitor.o (.bss.g_lastTickMs)
                  202018d0    00000004     wheel_speed_estimator.o (.bss.g_latchedErrorFlags)
                  202018d4    00000004     vision_receiver.o (.bss.g_localSessionId)
                  202018d8    00000004     empty.o (.bss.g_localTimeMs)
                  202018dc    00000004     encoder.o (.bss.g_motorAPulses)
                  202018e0    00000004     encoder.o (.bss.g_motorBPulses)
                  202018e4    00000004     balance_position_control.o (.bss.g_moveStartEncoderCount)
                  202018e8    00000004     imu.o (.bss.g_previousValidCorrectedGyroZDps)
                  202018ec    00000004     mission_manager.o (.bss.g_selectedDefinition)
                  202018f0    00000004     servo.o (.bss.g_servoFeedback)
                  202018f4    00000004     balance_encoder.o (.bss.g_speedLastCount)
                  202018f8    00000004     balance_position_control.o (.bss.g_startSoftLimitClampCount)
                  202018fc    00000004     balance_position_control.o (.bss.g_stepConversionResidualNumerator)
                  20201900    00000004     gimbal_stepper.o (.bss.g_stepperCompletedSteps)
                  20201904    00000004     gimbal.o (.bss.g_yawCommandedRpm)
                  20201908    00000004     gimbal.o (.bss.g_yawTargetRpm)
                  2020190c    00000004     empty.o (.bss.main.lastAppUpdateMs)
                  20201910    00000002     vision_receiver.o (.bss.g_lineSize)
                  20201912    00000002     vision_receiver.o (.bss.g_ringHead)
                  20201914    00000002     vision_receiver.o (.bss.g_ringTail)
                  20201916    00000002     balance_tuning.o (.bss.g_rxHead)
                  20201918    00000002     balance_tuning.o (.bss.g_rxTail)
                  2020191a    00000002     servo.o (.bss.g_servoPwmPhase)
                  2020191c    00000002     ultrasonic.o (.bss.g_stateTicks)
                  2020191e    00000002     gimbal_stepper.o (.bss.g_stepperHalfPeriodTicks)
                  20201920    00000002     gimbal_stepper.o (.bss.g_stepperStepHalfPeriodTicks)
                  20201922    00000002     balance_position_control.o (.bss.g_trackingDeadbandCount)
                  20201924    00000002     balance_position_control.o (.bss.g_trackingReengageCount)
                  20201926    00000002     balance_tuning.o (.bss.g_tuningTargetMm)
                  20201928    00000002     balance_tuning.o (.bss.g_txHead)
                  2020192a    00000002     balance_tuning.o (.bss.g_txTail)
                  2020192c    00000002     (.common:g_trackError)
                  2020192e    00000001     oled_ui.o (.bss.OledUi_Update_20ms.flushRow)
                  2020192f    00000001     oled_ui.o (.bss.OledUi_Update_20ms.refreshDivider)
                  20201930    00000001     empty.o (.bss.SysTick_Handler.balanceEncoderSpeedMsCount)
                  20201931    00000001     empty.o (.bss.SysTick_Handler.controlMsCount)
[...]
0001559f  ADC0_IRQHandler                                      
0001559f  ADC1_IRQHandler                                      
0001559f  AES_IRQHandler                                       
0001559f  CANFD0_IRQHandler                                    
0001559f  DAC0_IRQHandler                                      
0001559f  DMA_IRQHandler                                       
0001559f  Default_Handler                                      
0001559f  GROUP0_IRQHandler                                    
0001559f  HardFault_Handler                                    
0001559f  I2C0_IRQHandler                                      
0001559f  I2C1_IRQHandler                                      
0001559f  NMI_Handler                                          
0001559f  PendSV_Handler                                       
0001559f  RTC_IRQHandler                                       
0001559f  SPI0_IRQHandler                                      
0001559f  SPI1_IRQHandler                                      
0001559f  SVC_Handler                                          
0001559f  TIMA0_IRQHandler                                     
0001559f  TIMA1_IRQHandler                                     
0001559f  TIMG0_IRQHandler                                     
0001559f  TIMG12_IRQHandler                                    
0001559f  TIMG6_IRQHandler                                     
0001559f  TIMG7_IRQHandler                                     
0001559f  TIMG8_IRQHandler                                     
0001559f  UART0_IRQHandler                                     
0001559f  UART1_IRQHandler                                     
000155a1  BalanceSoftLimits_AbortCalibration                   
000156e1  ObstacleMonitor_Update_20ms                          
0001577d  memcpy                                               
00015817  ObstacleAvoidance_Update_20ms                        
00015819  BalancePositionControl_ResetFault                    
000158b1  BalanceSoftLimits_CancelRecalibration                
000159e1  CarController_StartTurnToYawRelative                 
00015a75  BalanceTuning_Init                                   
00015b05  CarController_ResetTransientState                    
00015b95  SYSCFG_DL_PWM_MOTOR_init                             
00015c21  SYSCFG_DL_UART_BALANCE_TUNING_init                   
00015cad  __aeabi_fmul                                         
00015cad  __mulsf3                                             
00015e51  strcmp                                               
00015ed9  CarController_SetSafetyHold                          
00015f5d  GimbalStepper_ConfirmZero                            
00015fe1  Motor_Init                                           
00016065  __aeabi_fdiv                                         
00016065  __divsf3                                             
000160e7  TrackSensor_Init                                     
000160e9  BalancePositionControl_Init                          
00016169  CarController_StartDriveHeading                      
000161e9  Motor_Stop                                           
00016269  App_Init                                             
000162e7  __aeabi_idiv0                                        
000162e9  BalanceSoftLimits_Enforce100usFromIsr                
00016365  __TI_decompress_lzss                                 
00016541  GimbalStepper_Release                                
000165b1  SYSCFG_DL_UART_VISION_init                           
00016621  TrackSensor_DetectTurn                               
0001668f  __aeabi_ldiv0                                        
000166fd  MissionManager_GetSelectedMissionIndex               
000167cd  TrackSensor_GetErrorFromRaw                          
00016835  BalanceBallControl_Init                              
00016899  BalanceSoftLimits_ResetPositionFault                 
000168fd  MissionManager_Start                                 
00016961  App_ResetToReady                                     
000169c5  __aeabi_fcmpeq                                       
000169d9  __aeabi_fcmplt                                       
000169ed  __aeabi_fcmple                                       
00016a01  __aeabi_fcmpge                                       
00016a15  __aeabi_fcmpgt                                       
00016a27  memset                                               
00016a89  UART2_IRQHandler                                     
00016ae9  __aeabi_f2lz                                         
00016ae9  __fixsfdi                                            
00016b49  Ultrasonic_Update_20ms                               
00016ba5  VisionReceiver_Init                                  
00016d15  BalanceEncoder_Init                                  
00016d6d  MissionManager_Init                                  
00016dc5  OLED_PrintChar                                       
00016ecd  __aeabi_idiv                                         
00016ecd  __aeabi_idivmod                                      
00016f25  BalanceSoftLimits_BeginFullCalibrationAtCurrentAsZero
00016f79  CarController_Stop                                   
00016fcd  TrackSensor_ReadRaw                                  
00017021  WatchdogMonitor_ApplyFaultIfNeeded                   
000170c9  BalancePositionControl_SetTrackingTarget             
00017119  BalanceSoftLimits_GetSnapshot                        
00017169  Ultrasonic_Init                                      
000171b9  WatchdogMonitor_Tick1msFromIsr                       
00017209  __aeabi_l2f                                          
00017209  __floatdisf                                          
00017259  MotorControl_Stop                                    
000172a5  copy_in                                              
0001733d  __TI_auto_init_nopinit                               
00017389  DL_UART_init                                         
000173d1  MissionManager_Cancel                                
00017419  SYSCFG_DL_initPower                                  
00017461  CarController_StartFollowLine                        
000174a5  EmergencyStop_Reset                                  
000174e9  Encoder_GetAndClearPulseDeltas                       
0001752d  Imu_ResetYaw                                         
00017571  MissionManager_Reset                                 
000175b5  Servo_Tick100us                                      
000175f9  UART3_IRQHandler                                     
0001763d  BalanceEncoder_GetSnapshot                           
0001767d  BalanceSoftLimits_StopMotion                         
000176bd  CarController_ResumeFollowLine                       
000176fd  Fault_Raise                                          
0001773d  SYSCFG_DL_SYSCTL_init                                
0001777d  VisionReceiver_PushByteFromIsr                       
000177bd  __aeabi_uidiv                                        
000177bd  __aeabi_uidivmod                                     
0001783d  __divmoddi4                                          
0001787d  BalanceBallControl_Enable                            
000178b9  BalancePositionControl_Cancel                        
000178f5  MissionLibrary_FindById                              
00017931  MissionManager_Resume                                
0001796d  Servo_SetAngleDeg                                    
000179a9  __aeabi_i2f                                          
000179a9  __floatsisf                                          
000179e5  __gesf2                                              
000179e5  __gtsf2                                              
00017a5d  __cmpsf2                                             
00017a5d  __eqsf2                                              
00017a5d  __lesf2                                              
00017a5d  __ltsf2                                              
00017a5d  __nesf2                                              
00017a99  __muldsi3                                            
00017ad5  EmergencyStop_Trigger                                
00017b0d  __aeabi_f2iz                                         
00017b0d  __fixsfsi                                            
00017bb5  BalanceBallControl_SetTargetMm                       
00017be9  BalancePositionControl_SetTrackingThresholds         
00017c1d  Imu_IsReady                                          
00017c51  OLED_PrintString                                     
00017c85  Key_Init                                             
00017cb5  LineController_ObserveSensors                        
00017ce5  WatchdogMonitor_Init                                 
00017d15  WatchdogMonitor_Reset                                
00017d45  BalancePositionControl_StartTracking                 
00017d71  Encoder_Reset                                        
00017d9d  MissionManager_Pause                                 
00017dc9  TrackSensor_CountBlack                               
00017df5  BalanceBallControl_ResetConfig                       
00017e1d  BalanceSoftLimits_CancelTravelTest                   
00017e45  DL_FlashCTL_programMemoryFromRAM64WithECCGenerated   
00017e6d  EmergencyStop_Enforce                                
00017e95  Magnet_ForceOff                                      
00017ebd  SYSCFG_DL_init                                       
00017ee5  Servo_Init                                           
00017f0d  __aeabi_ui2f                                         
00017f0d  __floatunsisf                                        
00017f35  _c_int00_noargs                                      
00017f5d  BalanceEncoder_SampleSpeed10msFromIsr                
00017f81  BalancePositionControl_GetSnapshot                   
00017fa5  BalanceSoftLimits_CancelOscillationTest              
00017fc9  GimbalStepper_GetFeedbackSnapshot                    
00017fed  MissionManager_ReportExternalFailure                 
00018011  MotorControl_Init                                    
00018035  MotorControl_Reset                                   
00018059  OLED_ClearBuffer                                     
0001807d  __aeabi_lmul                                         
0001807d  __muldi3                                             
000180a1  BalanceBallControl_GetSnapshot                       
000180c1  DL_Timer_overrideCCPOut                              
000180e1  DebugTelemetry_Update                                
00018101  GROUP1_IRQHandler                                    
00018121  Magnet_Init                                          
00018141  OLED_SetCursor                                       
00018161  SchedulerMonitor_GetStats                            
00018181  VisionReceiver_GetProtocolErrorCount                 
000181a1  memcmp                                               
000181e1  __aeabi_llsl                                         
000181e1  __ashldi3                                            
00018201  BalanceBallControl_Disable                           
0001821d  BalanceBallControl_ForceStop                         
00018239  DL_Timer_setCaptCompUpdateMethod                     
00018255  DL_Timer_setClockConfig                              
00018271  HeadingControl_SetTargetYaw                          
0001828d  Menu_Init                                            
000182a9  MotionAction_Cancel                                  
000182c5  ObstacleMonitor_Init                                 
000182e1  ObstacleSafety_Init                                  
000182fd  WatchdogMonitor_NotifyControlCycleComplete           
00018335  BalanceBallControl_GetConfig                         
0001834d  DL_FlashCTL_eraseMemoryFromRAM                       
00018365  DL_Timer_setCaptureCompareOutCtl                     
0001837d  DebugTelemetry_Init                                  
00018395  HeadingControl_Init                                  
000183ad  HeadingControl_Reset                                 
000183c5  Menu_ParamItemToString                               
000183dd  MotionAction_Init                                    
000183f5  ObstacleAvoidance_Init                               
0001840d  RuntimeSnapshot_Init                                 
00018425  __aeabi_fcmpun                                       
00018425  __unordsf2                                           
0001843d  Fault_Clear                                          
00018451  Fault_Init                                           
00018465  GimbalStepper_SetStepHalfPeriodTicks                 
00018479  HeadingControl_Enable                                
0001848d  MissionLibrary_GetByIndex                            
000184a1  MissionManager_GetSelectedMissionId                  
000184b5  VisionUart_Init                                      
000184c9  __aeabi_ldivmod                                      
000184dd  __aeabi_uldivmod                                     
000184f1  DL_UART_setClockConfig                               
00018503  __TI_decompress_none                                 
00018515  BalancePositionControl_HasFault                      
00018525  DL_Timer_setCaptureCompareValue                      
00018535  Gimbal_YawGetFeedback                                
00018545  Key_GetEvent                                         
00018555  __TI_zero_init                                       
00018565  BalanceEncoder_GetCountAtomic                        
00018571  BalancePositionControl_IsBusy                        
0001857d  BalanceSoftLimits_IsCalibrationActive                
00018589  BalanceSoftLimits_IsOscillationTestActive            
00018595  BalanceSoftLimits_IsTravelTestActive                 
000185a1  CarController_GetRunMode                             
000185ad  CarController_Init                                   
000185b9  CarController_IsSafetyHoldActive                     
000185c5  CarState_Get                                         
000185d1  CarState_Init                                        
000185dd  CarState_Set                                         
000185e9  EmergencyStop_Init                                   
000185f5  EmergencyStop_IsActive                               
00018601  Imu_GetCorrectedGyroZDps                             
0001860d  Imu_GetYaw                                           
00018619  Menu_GetPage                                         
00018625  Menu_GetParamItem                                    
00018631  MissionManager_IsExternallyHeld                      
0001863d  MissionManager_SetExternalHold                       
00018649  ObstacleAvoidance_IsActive                           
00018655  ObstacleAvoidance_IsFailed                           
00018661  ObstacleSafety_IsHolding                             
0001866d  SystemTime_GetMs                                     
00018679  WatchdogMonitor_HasTripped                           
00018685  __aeabi_memclr                                       
00018685  __aeabi_memclr4                                      
00018685  __aeabi_memclr8                                      
00018691  DL_Common_delayCycles                                
0001869b  MotionAction_Resume                                  
000186a5  MotionAction_Start                                   
000186af  TrackSensor_IsCenterDetected                         
000186b9  TrackSensor_IsLineDetected                           
000186c3  TrackSensor_IsLineLost                               
000186cd  BalanceSoftLimits_CancelPositionMove                 
000186d5  BalanceSoftLimits_IsPositionMoveActive               
000186dd  BluetoothUart_GetRuntime                             
000186e5  CarController_GetFeedback                            
000186ed  Fault_GetRecord                                      
000186f5  GimbalStepper_GetFeedback                            
000186fd  HeadingControl_GetRuntime                            
00018705  Imu_GetRuntime                                       
0001870d  LineController_GetRuntime                            
00018715  MissionManager_GetMissionCount                       
0001871d  MissionManager_GetRuntime                            
00018725  MotionAction_GetRuntime                              
0001872d  MotorControl_GetRuntime                              
00018735  ObstacleAvoidance_GetFeedback                        
0001873d  ObstacleMonitor_GetFeedback                          
00018745  OledUi_Init                                          
0001874d  RuntimeSnapshot_Get                                  
00018755  Servo_GetFeedback                                    
0001875d  Ultrasonic_GetFeedback                               
00018765  VisionReceiver_GetBallPositionObservation            
0001876d  VisionReceiver_GetStatus                             
00018775  VisionTuningConsole_GetStatus                        
0001877d  WatchdogMonitor_GetStatus                            
00018785  WheelSpeedEstimator_GetRuntime                       
0001878d  __aeabi_memcpy                                       
0001878d  __aeabi_memcpy4                                      
0001878d  __aeabi_memcpy8                                      
00018795  abort                                                
0001879a  C$$EXIT                                              
0001879b  HOSTexit                                             
0001879f  MissionLibrary_GetCount                              
000187a3  ObstacleAvoidance_IsResumeGraceActive                
000187a7  Reset_Handler                                        
000187bd  _system_pre_init                                     
00019490  __TI_Handler_Table_Base                              
0001949c  __TI_Handler_Table_Limit                             
000194ac  __TI_CINIT_Base                                      
000194bc  __TI_CINIT_Limit                                     
000194bc  __TI_CINIT_Warm                                      
000194c0  __TI_table_binit                                     
000194c0  __binit__                                            
000194c0  binit                                                
0001fc00  g_balanceCalibrationReservedSector                   
20200000  __start___llvm_prf_bits                              
20200000  __start___llvm_prf_cnts                              
20200000  __stop___llvm_prf_bits                               
20200000  __stop___llvm_prf_cnts                               
20200fd0  g_appConfig                                          
202011e0  g_imuRuntime                                         
202012e0  g_appRuntime                                         
20201468  g_wheelSpeedEstimatorRuntime                         
202015f8  gUART_VISIONBackup                                   
20201744  g_headingRuntime                                     
2020192c  g_trackError                                         
2020195d  g_carStateDebug                                      
2020195e  g_keyEvent                                           
2020195f  g_oledPageDebug                                      
20201960  g_paramItemDebug                                     
20201961  g_trackBlackCount                                    
20201962  g_trackModeDebug                                     
20201963  g_trackRaw                                           
20201964  g_trackTurnDebug                                     
20207e00  __stack                                              
20208000  __STACK_END                                          
ffffffff  __TI_pprof_out_hndl                                  
ffffffff  __TI_prof_data_size                                  
ffffffff  __TI_prof_data_start                                 
UNDEFED   __mpu_init                                           
UNDEFED   _system_post_cinit                                   

[396 symbols]
