******************************************************************************
            TI ARM Clang Linker PC v4.0.4                      
******************************************************************************
>> Linked Thu Jul 23 16:29:12 2026

OUTPUT FILE NAME:   <diansaikaishi.out>
ENTRY POINT SYMBOL: "_c_int00_noargs"  address: 0000f991


MEMORY CONFIGURATION

         name            origin    length      used     unused   attr    fill
----------------------  --------  ---------  --------  --------  ----  --------
  FLASH                 00000000   00020000  00010b80  0000f480  R  X
  SRAM                  20200000   00008000  00000e32  000071ce  RW X
  BCR_CONFIG            41c00000   000000ff  00000000  000000ff  R   
  BSL_CONFIG            41c00100   00000080  00000000  00000080  R   


SEGMENT ALLOCATION MAP

run origin  load origin   length   init length attrs members
----------  ----------- ---------- ----------- ----- -------
00000000    00000000    00010b80   00010b80    r-x
  00000000    00000000    000000c0   000000c0    r-- .intvecs
  000000c0    000000c0    00010180   00010180    r-x .text
  00010240    00010240    00000910   00000910    r-- .rodata
  00010b50    00010b50    00000030   00000030    r-- .cinit
20200000    20200000    00000c32   00000000    rw-
  20200000    20200000    00000c31   00000000    rw- .bss
  20200c31    20200c31    00000001   00000000    rw- .data
20207e00    20207e00    00000200   00000000    rw-
  20207e00    20207e00    00000200   00000000    rw- .stack


SECTION ALLOCATION MAP

 output                                  attributes/
section   page    origin      length       input sections
--------  ----  ----------  ----------   ----------------
.intvecs   0    00000000    000000c0     
                  00000000    000000c0     startup_mspm0g350x_ticlang.o (.intvecs)

.text      0    000000c0    00010180     
                  000000c0    00001f5c     oled_ui.o (.text.OledUi_Update_20ms)
                  0000201c    00001dd4     vision_tuning_console.o (.text.VisionTuningConsole_Process)
                  00003df0    0000047c     gimbal_tracker.o (.text.GimbalTracker_Update)
                  0000426c    00000448     motor_control.o (.text.update_wheel)
                  000046b4    0000041c     wheel_speed_estimator.o (.text.WheelSpeedEstimator_Update)
                  00004ad0    000003b0     vision_receiver.o (.text.VisionReceiver_Process)
                  00004e80    00000390     app_config.o (.text.AppConfig_LimitAll)
                  00005210    00000388     gimbal_vision_yaw_tracker.o (.text.GimbalVisionYawTracker_Update10ms)
                  00005598    0000037c     menu.o (.text.Menu_HandleKeyEvent)
                  00005914    00000370     gimbal.o (.text.gimbal_update_feedback)
                  00005c84    00000340     obstacle_avoidance.o (.text.ObstacleAvoidance_Update_20ms)
                  00005fc4    00000310     vision_tuning_console.o (.text.append_scaled)
                  000062d4    000002f0     imu.o (.text.mpu6050_read_regs)
                  000065c4    000002e4     runtime_snapshot.o (.text.RuntimeSnapshot_Update)
                  000068a8    000002d8     imu.o (.text.Imu_Init)
                  00006b80    000002a8     gimbal_tracker.o (.text.update_feedback)
                  00006e28    00000298     gimbal.o (.text.Gimbal_YawSetWrappedTargetDeg)
                  000070c0    00000294     gimbal.o (.text.Gimbal_YawUpdate5ms)
                  00007354    00000290     gimbal.o (.text.Gimbal_PitchSetTrackingSpeedDegS)
                  000075e4    00000288     motor_control.o (.text.MotorControl_Update)
                  0000786c    00000278     car_controller.o (.text.handle_turn_to_yaw)
                  00007ae4    00000260     gimbal.o (.text.gimbal_pitch_set_target_steps)
                  00007d44    00000254     oled.o (.text.OLED_Clear)
                  00007f98    00000238     gimbal.o (.text.gimbal_pitch_update_feedback)
                  000081d0    00000234     motion_action.o (.text.MotionAction_Update_20ms)
                  00008404    00000228     gimbal_vision_pitch_tracker.o (.text.GimbalVisionPitchTracker_Update10ms)
                  0000862c    00000214     imu.o (.text.Imu_CalibrateGyroBias)
                  00008840    0000020c     car_controller.o (.text.handle_follow_line)
                  00008a4c    00000204     motor.o (.text.Motor_SetSpeed)
                  00008c50    000001f4     vision_protocol.o (.text.VisionProtocol_ParseV1TargetFrame)
                  00008e44    000001e4     motor_control.o (.text.config_is_valid)
                  00009028    000001cc     imu.o (.text.imu_i2c_write_byte)
                  000091f4    000001bc     gimbal.o (.text.Gimbal_PitchUpdate5ms)
                  000093b0    000001b8     oled.o (.text.oled_i2c_write_byte)
                  00009568    000001a0     ultrasonic.o (.text.Ultrasonic_Tick100us)
                  00009708    00000194     gimbal_stepper.o (.text.GimbalStepper_Tick100us)
                  0000989c    00000188     gimbal_vision_yaw_tracker.o (.text.GimbalVisionYawTracker_Enable)
                  00009a24    00000180     gimbal.o (.text.Gimbal_PitchTick100us)
                  00009ba4    0000017c     app_config.o (.text.AppConfig_InitDefault)
                  00009d20    0000017c     gimbal_stepper.o (.text.GimbalStepper_MoveToEstimatedSteps)
                  00009e9c    00000174     key.o (.text.Key_Update_20ms)
                  0000a010    0000016c     gimbal.o (.text.Gimbal_Init)
                  0000a17c    00000168     empty.o (.text.main)
                  0000a2e4    00000164     heading_control.o (.text.HeadingControl_Update)
                  0000a448    00000160     gimbal.o (.text.gimbal_yaw_set_target_x10)
                  0000a5a8    0000015c     car_controller.o (.text.handle_lost_recover)
                  0000a704    00000158     vision_tuning_console.o (.text.send_parameter_reply)
                  0000a85c    00000158     vision_tuning_console.o (.text.send_yaw_parameter_reply)
                  0000a9b4    00000150     car_controller.o (.text.CarController_Update_20ms)
                  0000ab04    00000150     car_controller.o (.text.handle_seek_line)
                  0000ac54    0000013c     oled.o (.text.OLED_PrintInt16)
                  0000ad90    00000134     imu.o (.text.Imu_Update)
                  0000aec4    00000134     car_controller.o (.text.handle_drive_heading)
                  0000aff8    0000012c     imu.o (.text.imu_i2c_recover_bus)
                  0000b124    00000128     app.o (.text.App_Update_20ms)
                  0000b24c    00000128     gimbal.o (.text.Gimbal_YawEnableWorldLock)
                  0000b374    00000128     motion_action.o (.text.MotionAction_Start)
                  0000b49c    00000124     vision_tuning_console.o (.text.send_simple_reply)
                  0000b5c0    00000124     gimbal_vision_yaw_tracker.o (.text.sync_target_from_yaw)
                  0000b6e4    00000104     driverlib.a : dl_timer.o (.text.DL_Timer_initFourCCPWMMode)
                  0000b7e8    00000104     car_controller.o (.text.handle_turn_90)
                  0000b8ec    00000100     motor_control.o (.text.MotorControl_SetNormalizedTarget)
                  0000b9ec    000000fc     gimbal.o (.text.Gimbal_PitchRelease)
                  0000bae8    000000fc     mission_manager.o (.text.MissionManager_Update_20ms)
                  0000bbe4    000000fc     empty.o (.text.SysTick_Handler)
                  0000bce0    000000f0     gimbal.o (.text.Gimbal_PitchStopHold)
                  0000bdd0    000000f0     mission_manager.o (.text.MissionManager_SelectNext)
                  0000bec0    000000ec     gimbal_tracker.o (.text.sync_targets_from_gimbal)
                  0000bfac    000000e8     vision_protocol.o (.text.fields_are_valid)
                  0000c094    000000e0     obstacle_safety.o (.text.ObstacleSafety_Update_20ms)
                  0000c174    000000dc     gimbal.o (.text.Gimbal_PitchConfirmZero)
                  0000c250    000000dc     ti_msp_dl_config.o (.text.SYSCFG_DL_GPIO_init)
                  0000c32c    000000dc     oled_ui.o (.text.print_tuning_change_value)
                  0000c408    000000d8     mission_manager.o (.text.MissionManager_SelectPrevious)
                  0000c4e0    000000d8     oled.o (.text.OLED_PrintUInt16)
                  0000c5b8    000000d8     wheel_speed_estimator.o (.text.WheelSpeedEstimator_Init)
                  0000c690    000000d8     menu.o (.text.menu_adjust_param)
                  0000c768    000000d8     libclang_rt.builtins.a : addsf3.S.obj (.text)
                  0000c840    000000d4     line_controller.o (.text.LineController_ResetControlState)
                  0000c914    000000d4     oled.o (.text.OLED_Init)
                  0000c9e8    000000d0     line_controller.o (.text.LineController_Init)
                  0000cab8    000000d0     line_controller.o (.text.LineController_Reset)
                  0000cb88    000000d0     oled.o (.text.OLED_PrintChar)
                  0000cc58    000000c8     fault.o (.text.FaultCode_ToShortString)
                  0000cd20    000000c8     gimbal.o (.text.Gimbal_YawConfirmZero)
                  0000cde8    000000c0     car_controller.o (.text.CarController_StartSeekLine)
                  0000cea8    000000bc     car_controller.o (.text.CarController_StartTurnToYawRelative)
                  0000cf64    000000b4     car_controller.o (.text.CarController_StartDriveHeading)
                  0000d018    000000b4     gimbal_stepper.o (.text.GimbalStepper_StopHold)
                  0000d0cc    000000b4     gimbal_vision_adapter.o (.text.GimbalVisionAdapter_Update)
                  0000d180    000000b0     gimbal_stepper.o (.text.GimbalStepper_Init)
                  0000d230    000000b0     gimbal.o (.text.Gimbal_PitchMoveRelativeDeg)
                  0000d2e0    000000aa     mission_library.o (.text.MissionLibrary_Validate)
                  0000d38a    00000002     startup_mspm0g350x_ticlang.o (.text.Default_Handler)
                  0000d38c    000000a8     gimbal_vision_pitch_tracker.o (.text.GimbalVisionPitchTracker_Enable)
                  0000d434    000000a4     encoder.o (.text.Encoder_HandleGpioInterrupt)
                  0000d4d8    000000a4     gimbal_vision_yaw_tracker.o (.text.wrap_deg_360)
                  0000d57c    000000a2     libclang_rt.builtins.a : udivmoddi4.S.obj (.text)
                  0000d61e    00000002     track_sensor.o (.text.TrackSensor_Init)
                  0000d620    0000009c     car_controller.o (.text.CarController_StartFollowLine)
                  0000d6bc    0000009c     obstacle_monitor.o (.text.ObstacleMonitor_Update_20ms)
                  0000d758    0000009a     libc.a : memcpy16.S.obj (.text:memcpy)
                  0000d7f2    00000002     libclang_rt.builtins.a : aeabi_div0.c.obj (.text.__aeabi_idiv0)
                  0000d7f4    00000098     imu.o (.text.mpu6050_write_reg)
                  0000d88c    00000090     car_controller.o (.text.CarController_Init)
                  0000d91c    00000090     car_controller.o (.text.CarController_StartTurnRight90)
                  0000d9ac    0000008c     car_controller.o (.text.CarController_ResetRuntime)
                  0000da38    0000008c     car_controller.o (.text.CarController_StartTurnLeft90)
                  0000dac4    0000008c     gimbal.o (.text.Gimbal_YawDisableWorldLock)
                  0000db50    0000008c     gimbal.o (.text.Gimbal_YawStopHold)
                  0000dbdc    0000008c     ti_msp_dl_config.o (.text.SYSCFG_DL_PWM_MOTOR_init)
                  0000dc68    0000008c     libclang_rt.builtins.a : mulsf3.S.obj (.text.__mulsf3)
                  0000dcf4    0000000c     car_controller.o (.text.CarController_GetRunMode)
                  0000dd00    00000088     libc.a : strcmp-armv6m.S.obj (.text:strcmp)
                  0000dd88    00000084     gimbal_stepper.o (.text.GimbalStepper_ConfirmZero)
                  0000de0c    00000084     gimbal_tracker.o (.text.GimbalTracker_PushObservation)
                  0000de90    00000084     motor.o (.text.Motor_Init)
                  0000df14    00000082     app.o (.text.App_Init)
                  0000df96    00000002     libclang_rt.builtins.a : aeabi_div0.c.obj (.text.__aeabi_ldiv0)
                  0000df98    00000082                            : divsf3.S.obj (.text.__divsf3)
                  0000e01a    00000002     --HOLE-- [fill = 0]
                  0000e01c    00000080     gimbal_tracker.o (.text.GimbalTracker_Init)
                  0000e09c    00000080     motor.o (.text.Motor_Stop)
                  0000e11c    0000007c     car_controller.o (.text.CarController_SetSafetyHold)
                  0000e198    0000007c     vision_pitch_tuning.o (.text.VisionPitchTuning_Set)
                  0000e214    0000007c     libc.a : copy_decompress_lzss.c.obj (.text:decompress:lzss)
                  0000e290    00000078     oled.o (.text.oled_write_command)
                  0000e308    00000074     motor_control.o (.text.latch_control_error)
                  0000e37c    00000070     gimbal_stepper.o (.text.GimbalStepper_Release)
                  0000e3ec    00000070     menu.o (.text.Menu_GetParamValue)
                  0000e45c    00000070     ti_msp_dl_config.o (.text.SYSCFG_DL_UART_VISION_init)
                  0000e4cc    00000070     vision_yaw_tuning.o (.text.VisionYawTuning_Set)
                  0000e53c    0000006e     track_sensor.o (.text.TrackSensor_DetectTurn)
                  0000e5aa    00000002     --HOLE-- [fill = 0]
                  0000e5ac    0000006c     gimbal_vision_yaw_tracker.o (.text.GimbalVisionYawTracker_Init)
                  0000e618    00000068     mission_manager.o (.text.MissionManager_GetSelectedMissionIndex)
                  0000e680    00000066     track_sensor.o (.text.TrackSensor_GetErrorFromRaw)
                  0000e6e6    00000002     --HOLE-- [fill = 0]
                  0000e6e8    00000064     gimbal.o (.text.Gimbal_YawRelease)
                  0000e74c    00000062     libclang_rt.builtins.a : aeabi_fcmp.S.obj (.text.__aeabi_fcmp)
                  0000e7ae    00000062     libc.a : memset16.S.obj (.text:memset)
                  0000e810    00000060     gimbal_tracker.o (.text.GimbalTracker_Enable)
                  0000e870    00000060     gimbal_tracker.o (.text.GimbalTracker_GetFeedback)
                  0000e8d0    00000060     vision_tuning_console.o (.text.VisionTuningConsole_Init)
                  0000e930    00000060     libclang_rt.builtins.a : fixsfdi.S.obj (.text.__fixsfdi)
                  0000e990    00000060     motion_action.o (.text.motion_action_resolve_yaw_target)
                  0000e9f0    0000005e     oled.o (.text.OLED_PrintBinary7)
                  0000ea4e    00000002     --HOLE-- [fill = 0]
                  0000ea50    0000005c     vision_uart.o (.text.UART3_IRQHandler)
                  0000eaac    0000005c     ultrasonic.o (.text.Ultrasonic_Update_20ms)
                  0000eb08    0000005c     obstacle_avoidance.o (.text.avoid_fail)
                  0000eb64    00000058     gimbal.o (.text.Gimbal_YawMoveRelativeDeg)
                  0000ebbc    00000056     libclang_rt.builtins.a : aeabi_idivmod.S.obj (.text.__aeabi_idivmod)
                  0000ec12    00000002     --HOLE-- [fill = 0]
                  0000ec14    00000054     track_sensor.o (.text.TrackSensor_ReadRaw)
                  0000ec68    00000054     gimbal_vision_yaw_tracker.o (.text.float_to_scaled_i16)
                  0000ecbc    00000054     gimbal_vision_yaw_tracker.o (.text.stop_owned_tracking)
                  0000ed10    00000050     mission_manager.o (.text.MissionManager_Start)
                  0000ed60    00000050     ultrasonic.o (.text.Ultrasonic_Init)
                  0000edb0    00000050     watchdog_monitor.o (.text.WatchdogMonitor_ApplyFaultIfNeeded)
                  0000ee00    0000004e     libclang_rt.builtins.a : floatdisf.S.obj (.text.__floatdisf)
                  0000ee4e    00000002     --HOLE-- [fill = 0]
                  0000ee50    0000004c     motor_control.o (.text.MotorControl_Stop)
                  0000ee9c    0000004c     watchdog_monitor.o (.text.WatchdogMonitor_Tick1msFromIsr)
                  0000eee8    0000004a     obstacle_avoidance.o (.text.avoid_can_start)
                  0000ef32    00000002     --HOLE-- [fill = 0]
                  0000ef34    00000048     driverlib.a : dl_uart.o (.text.DL_UART_init)
                  0000ef7c    00000048     mission_manager.o (.text.MissionManager_Init)
                  0000efc4    00000048     motion_action.o (.text.MotionAction_ReapplyControllerTarget)
                  0000f00c    00000044     encoder.o (.text.Encoder_GetAndClearPulseDeltas)
                  0000f050    00000044     servo.o (.text.Servo_Tick100us)
                  0000f094    00000040     emergency_stop.o (.text.EmergencyStop_Reset)
                  0000f0d4    00000040     gimbal_vision_pitch_tracker.o (.text.GimbalVisionPitchTracker_Init)
                  0000f114    00000040     ti_msp_dl_config.o (.text.SYSCFG_DL_SYSCTL_init)
                  0000f154    00000040     ti_msp_dl_config.o (.text.SYSCFG_DL_initPower)
                  0000f194    00000040     vision_receiver.o (.text.VisionReceiver_PushByteFromIsr)
                  0000f1d4    00000040     libclang_rt.builtins.a : aeabi_uidivmod.S.obj (.text.__aeabi_uidivmod)
                  0000f214    0000003e                            : divmoddi4.c.obj (.text.__divmoddi4)
                  0000f252    00000002     --HOLE-- [fill = 0]
                  0000f254    0000003c     gimbal_tracker.o (.text.GimbalTracker_ClearObservation)
                  0000f290    0000003c     servo.o (.text.Servo_SetAngleDeg)
                  0000f2cc    0000003c     vision_tuning_console.o (.text.VisionTuningConsole_PushByteFromIsr)
                  0000f308    0000003c     libclang_rt.builtins.a : floatsisf.S.obj (.text.__floatsisf)
                  0000f344    0000003c                            : comparesf2.S.obj (.text.__gtsf2)
                  0000f380    0000003c     libc.a : autoinit.c.obj (.text:__TI_auto_init_nobinit_nopinit)
                  0000f3bc    0000003a     libclang_rt.builtins.a : comparesf2.S.obj (.text.__eqsf2)
                  0000f3f6    00000002     --HOLE-- [fill = 0]
                  0000f3f8    0000003a                            : muldsi3.S.obj (.text.__muldsi3)
                  0000f432    00000002     --HOLE-- [fill = 0]
                  0000f434    00000038     vision_receiver.o (.text.VisionReceiver_Init)
                  0000f46c    00000038     libclang_rt.builtins.a : fixsfsi.S.obj (.text.__fixsfsi)
                  0000f4a4    00000034     emergency_stop.o (.text.EmergencyStop_Trigger)
                  0000f4d8    00000034     mission_manager.o (.text.MissionManager_Cancel)
                  0000f50c    00000034     oled.o (.text.OLED_SetCursor)
                  0000f540    00000034     vision_tuning_console.o (.text.VisionTuningConsole_TryPopTxByte)
                  0000f574    00000034     vision_uart.o (.text.VisionUart_Process)
                  0000f5a8    00000034     obstacle_avoidance.o (.text.avoid_start)
                  0000f5dc    00000032     oled.o (.text.OLED_PrintString)
                  0000f60e    00000002     --HOLE-- [fill = 0]
                  0000f610    00000030     fault.o (.text.Fault_Raise)
                  0000f640    00000030     gimbal_vision_yaw_tracker.o (.text.GimbalVisionYawTracker_GetFeedback)
                  0000f670    00000030     gimbal.o (.text.Gimbal_PitchGetFeedback)
                  0000f6a0    00000030     key.o (.text.Key_Init)
                  0000f6d0    00000030     line_controller.o (.text.LineController_ObserveSensors)
                  0000f700    00000030     mission_manager.o (.text.MissionManager_Reset)
                  0000f730    00000030     mission_manager.o (.text.MissionManager_Resume)
                  0000f760    00000030     vision_pitch_tuning.o (.text.VisionPitchTuning_RestoreDefault)
                  0000f790    00000030     watchdog_monitor.o (.text.WatchdogMonitor_Init)
                  0000f7c0    00000030     gimbal_vision_yaw_tracker.o (.text.refresh_yaw_feedback)
                  0000f7f0    0000002c     encoder.o (.text.Encoder_Reset)
                  0000f81c    0000002c     track_sensor.o (.text.TrackSensor_CountBlack)
                  0000f848    0000002c     vision_yaw_tuning.o (.text.VisionYawTuning_RestoreDefault)
                  0000f874    0000002c     gimbal_vision_pitch_tracker.o (.text.speed_to_x10)
                  0000f8a0    00000028     obstacle_avoidance.o (.text.ObstacleAvoidance_Init)
                  0000f8c8    00000028     servo.o (.text.Servo_Init)
                  0000f8f0    00000028     vision_pitch_tuning.o (.text.VisionPitchTuning_Init)
                  0000f918    00000028     watchdog_monitor.o (.text.WatchdogMonitor_Reset)
                  0000f940    00000028     libclang_rt.builtins.a : floatunsisf.S.obj (.text.__floatunsisf)
                  0000f968    00000028     libc.a : memmov.c.obj (.text.memmove)
                  0000f990    00000028            : boot_cortex_m.c.obj (.text:_c_int00_noargs)
                  0000f9b8    00000024     car_controller.o (.text.CarController_Stop)
                  0000f9dc    00000024     emergency_stop.o (.text.EmergencyStop_Enforce)
                  0000fa00    00000024     gimbal_vision_pitch_tracker.o (.text.GimbalVisionPitchTracker_GetFeedback)
                  0000fa24    00000024     mission_manager.o (.text.MissionManager_ReportExternalFailure)
                  0000fa48    00000024     motor_control.o (.text.MotorControl_Init)
                  0000fa6c    00000024     motor_control.o (.text.MotorControl_Reset)
                  0000fa90    00000024     ti_msp_dl_config.o (.text.SYSCFG_DL_init)
                  0000fab4    00000024     vision_yaw_tuning.o (.text.VisionYawTuning_Init)
                  0000fad8    00000024     libclang_rt.builtins.a : muldi3.S.obj (.text.__muldi3)
                  0000fafc    00000020     driverlib.a : dl_timer.o (.text.DL_Timer_overrideCCPOut)
                  0000fb1c    00000020     debug_telemetry.o (.text.DebugTelemetry_Update)
                  0000fb3c    00000020     mission_manager.o (.text.MissionManager_Pause)
                  0000fb5c    00000020     motion_action.o (.text.MotionAction_GetCurrentBypassDirection)
                  0000fb7c    00000020     motion_action.o (.text.MotionAction_GetCurrentObstaclePolicy)
                  0000fb9c    00000020     motion_action.o (.text.MotionAction_Init)
                  0000fbbc    00000020     empty.o (.text.SchedulerMonitor_GetStats)
                  0000fbdc    00000020     vision_receiver.o (.text.VisionReceiver_GetProtocolErrorCount)
                  0000fbfc    00000020     menu.o (.text.menu_next_main_page)
                  0000fc1c    00000020     mission_manager.o (.text.mission_finish_error)
                  0000fc3c    0000001e     libclang_rt.builtins.a : ashldi3.S.obj (.text.__ashldi3)
                  0000fc5a    00000002     --HOLE-- [fill = 0]
                  0000fc5c    0000001c     driverlib.a : dl_timer.o (.text.DL_Timer_setCaptCompUpdateMethod)
                  0000fc78    0000001c                 : dl_timer.o (.text.DL_Timer_setClockConfig)
                  0000fc94    0000001c     gimbal_vision_adapter.o (.text.GimbalVisionAdapter_Init)
                  0000fcb0    0000001c     imu.o (.text.Imu_IsReady)
                  0000fccc    0000001c     menu.o (.text.Menu_Init)
                  0000fce8    0000001c     obstacle_monitor.o (.text.ObstacleMonitor_Init)
                  0000fd04    0000001c     obstacle_safety.o (.text.ObstacleSafety_Init)
                  0000fd20    0000001c     vision_pitch_tuning.o (.text.VisionPitchTuning_ParamName)
                  0000fd3c    0000001c     vision_yaw_tuning.o (.text.VisionYawTuning_GetSnapshot)
                  0000fd58    0000001c     vision_yaw_tuning.o (.text.VisionYawTuning_ParamName)
                  0000fd74    0000001c     watchdog_monitor.o (.text.WatchdogMonitor_NotifyControlCycleComplete)
                  0000fd90    0000001c     mission_manager.o (.text.mission_finish_success)
                  0000fdac    00000018     car_controller.o (.text.CarController_RunModeToString)
                  0000fdc4    00000018     driverlib.a : dl_timer.o (.text.DL_Timer_setCaptureCompareOutCtl)
                  0000fddc    00000018     debug_telemetry.o (.text.DebugTelemetry_Init)
                  0000fdf4    00000018     heading_control.o (.text.HeadingControl_LockCurrentYaw)
                  0000fe0c    00000018     heading_control.o (.text.HeadingControl_SetTargetYaw)
                  0000fe24    00000018     menu.o (.text.Menu_ParamItemToString)
                  0000fe3c    00000018     mission_library.o (.text.MissionLibrary_FindById)
                  0000fe54    00000018     motion_action.o (.text.MotionAction_Cancel)
                  0000fe6c    00000018     runtime_snapshot.o (.text.RuntimeSnapshot_Init)
                  0000fe84    00000016     libclang_rt.builtins.a : comparesf2.S.obj (.text.__unordsf2)
                  0000fe9a    00000002     --HOLE-- [fill = 0]
                  0000fe9c    00000014     fault.o (.text.Fault_Clear)
                  0000feb0    00000014     fault.o (.text.Fault_Init)
                  0000fec4    00000014     empty.o (.text.GROUP1_IRQHandler)
                  0000fed8    00000014     gimbal_stepper.o (.text.GimbalStepper_SetStepHalfPeriodTicks)
                  0000feec    00000014     heading_control.o (.text.HeadingControl_Enable)
                  0000ff00    00000014     heading_control.o (.text.HeadingControl_Init)
                  0000ff14    00000014     heading_control.o (.text.HeadingControl_Reset)
                  0000ff28    00000014     mission_library.o (.text.MissionLibrary_GetByIndex)
                  0000ff3c    00000014     mission_manager.o (.text.MissionManager_GetSelectedMissionId)
                  0000ff50    00000014     vision_pitch_tuning.o (.text.VisionPitchTuning_GetSnapshot)
                  0000ff64    00000014     vision_uart.o (.text.VisionUart_Init)
                  0000ff78    00000014     libclang_rt.builtins.a : aeabi_ldivmod.S.obj (.text.__aeabi_ldivmod)
                  0000ff8c    00000014                            : aeabi_uldivmod.S.obj (.text.__aeabi_uldivmod)
                  0000ffa0    00000012     driverlib.a : dl_uart.o (.text.DL_UART_setClockConfig)
                  0000ffb2    00000012     libc.a : copy_decompress_none.c.obj (.text:decompress:none)
                  0000ffc4    00000010     driverlib.a : dl_timer.o (.text.DL_Timer_setCaptureCompareValue)
                  0000ffd4    00000010     gimbal.o (.text.Gimbal_YawGetFeedback)
                  0000ffe4    00000010     key.o (.text.Key_GetEvent)
                  0000fff4    00000010     obstacle_avoidance.o (.text.ObstacleAvoidance_IsResumeGraceActive)
                  00010004    00000010     libc.a : copy_zero_init.c.obj (.text:decompress:ZI)
                  00010014    0000000c     car_controller.o (.text.CarController_IsSafetyHoldActive)
                  00010020    0000000c     car_state.o (.text.CarState_Get)
                  0001002c    0000000c     car_state.o (.text.CarState_Init)
                  00010038    0000000c     car_state.o (.text.CarState_Set)
                  00010044    0000000c     emergency_stop.o (.text.EmergencyStop_Init)
                  00010050    0000000c     emergency_stop.o (.text.EmergencyStop_IsActive)
                  0001005c    0000000c     gimbal_vision_adapter.o (.text.GimbalVisionAdapter_GetObservation)
                  00010068    0000000c     gimbal.o (.text.Gimbal_Tick100us)
                  00010074    0000000c     gimbal.o (.text.Gimbal_Update5ms)
                  00010080    0000000c     imu.o (.text.Imu_GetCorrectedGyroZDps)
                  0001008c    0000000c     imu.o (.text.Imu_GetYaw)
                  00010098    0000000c     imu.o (.text.Imu_ResetYaw)
                  000100a4    0000000c     menu.o (.text.Menu_GetPage)
                  000100b0    0000000c     menu.o (.text.Menu_GetParamItem)
                  000100bc    0000000c     mission_manager.o (.text.MissionManager_IsExternallyHeld)
                  000100c8    0000000c     mission_manager.o (.text.MissionManager_SetExternalHold)
                  000100d4    0000000c     obstacle_avoidance.o (.text.ObstacleAvoidance_IsActive)
                  000100e0    0000000c     obstacle_avoidance.o (.text.ObstacleAvoidance_IsFailed)
                  000100ec    0000000c     obstacle_safety.o (.text.ObstacleSafety_IsHolding)
                  000100f8    0000000c     oled_ui.o (.text.OledUi_Init)
                  00010104    0000000c     empty.o (.text.SystemTime_GetMs)
                  00010110    0000000c     watchdog_monitor.o (.text.WatchdogMonitor_HasTripped)
                  0001011c    0000000c     libclang_rt.builtins.a : aeabi_memset.S.obj (.text.__aeabi_memclr)
                  00010128    0000000a     driverlib.a : dl_common.o (.text.DL_Common_delayCycles)
                  00010132    0000000a     track_sensor.o (.text.TrackSensor_IsCenterDetected)
                  0001013c    0000000a     track_sensor.o (.text.TrackSensor_IsLineDetected)
                  00010146    0000000a     track_sensor.o (.text.TrackSensor_IsLineLost)
                  00010150    00000008     car_controller.o (.text.CarController_GetFeedback)
                  00010158    00000008     fault.o (.text.Fault_GetRecord)
                  00010160    00000008     gimbal_stepper.o (.text.GimbalStepper_GetFeedback)
                  00010168    00000008     gimbal_vision_adapter.o (.text.GimbalVisionAdapter_GetFeedback)
                  00010170    00000008     gimbal.o (.text.Gimbal_PitchStopTrackingHold)
                  00010178    00000008     heading_control.o (.text.HeadingControl_GetRuntime)
                  00010180    00000008     imu.o (.text.Imu_GetRuntime)
                  00010188    00000008     line_controller.o (.text.LineController_GetRuntime)
                  00010190    00000008     mission_manager.o (.text.MissionManager_GetMissionCount)
                  00010198    00000008     mission_manager.o (.text.MissionManager_GetRuntime)
                  000101a0    00000008     motion_action.o (.text.MotionAction_GetRuntime)
                  000101a8    00000008     motor_control.o (.text.MotorControl_GetRuntime)
                  000101b0    00000008     obstacle_avoidance.o (.text.ObstacleAvoidance_GetFeedback)
                  000101b8    00000008     obstacle_monitor.o (.text.ObstacleMonitor_GetFeedback)
                  000101c0    00000008     servo.o (.text.Servo_GetFeedback)
                  000101c8    00000008     ultrasonic.o (.text.Ultrasonic_GetFeedback)
                  000101d0    00000008     vision_pitch_tuning.o (.text.VisionPitchTuning_GetStatus)
                  000101d8    00000008     vision_receiver.o (.text.VisionReceiver_GetObservation)
                  000101e0    00000008     vision_receiver.o (.text.VisionReceiver_GetStatus)
                  000101e8    00000008     vision_tuning_console.o (.text.VisionTuningConsole_GetStatus)
                  000101f0    00000008     watchdog_monitor.o (.text.WatchdogMonitor_GetStatus)
                  000101f8    00000008     wheel_speed_estimator.o (.text.WheelSpeedEstimator_GetRuntime)
                  00010200    00000008     libclang_rt.builtins.a : aeabi_memcpy.S.obj (.text.__aeabi_memcpy)
                  00010208    00000008                            : aeabi_memmove.S.obj (.text.__aeabi_memmove)
                  00010210    00000006     libc.a : exit.c.obj (.text:abort)
                  00010216    00000004     libsysbm.a : hostexit.c.obj (.text.HOSTexit)
                  0001021a    00000004     mission_library.o (.text.MissionLibrary_GetCount)
                  0001021e    00000004     startup_mspm0g350x_ticlang.o (.text.Reset_Handler)
                  00010222    00000002     --HOLE-- [fill = 0]
                  00010224    00000010     libc.a : boot_cortex_m.c.obj (.tramp._c_int00_noargs.1)
                  00010234    00000004            : pre_init.c.obj (.text._system_pre_init)
                  00010238    00000008     --HOLE-- [fill = 0]

.cinit     0    00010b50    00000030     
                  00010b50    0000000c     (__TI_handler_table)
                  00010b5c    00000008     (.cinit..bss.load) [load image, compression = zero_init]
                  00010b64    00000005     (.cinit..data.load) [load image, compression = lzss]
                  00010b69    00000003     --HOLE-- [fill = 0]
                  00010b6c    00000010     (__TI_cinit_table)
                  00010b7c    00000004     --HOLE-- [fill = 0]

.rodata    0    00010240    00000910     
                  00010240    000000d8     oled.o (.rodata..Lswitch.table.OLED_PrintChar)
                  00010318    000000a8     mission_library.o (.rodata.g_missionMapA)
                  000103c0    000000a8     mission_library.o (.rodata.g_missionMapB)
                  00010468    00000078     mission_library.o (.rodata.g_missionMapC)
                  000104e0    00000030     oled_ui.o (.rodata..Lswitch.table.OledUi_Update_20ms.171)
                  00010510    00000030     mission_library.o (.rodata.g_missionRegistry)
                  00010540    00000024     menu.o (.rodata..Lswitch.table.Menu_ParamItemToString)
                  00010564    00000024     oled_ui.o (.rodata..Lswitch.table.OledUi_Update_20ms.175)
                  00010588    00000024     oled_ui.o (.rodata..Lswitch.table.OledUi_Update_20ms.177)
                  000105ac    00000020     oled_ui.o (.rodata..Lswitch.table.OledUi_Update_20ms.176)
                  000105cc    0000001c     car_controller.o (.rodata..Lswitch.table.CarController_RunModeToString)
                  000105e8    0000001c     vision_tuning_console.o (.rodata.str1.1836208005852235077.1)
                  00010604    00000018     oled_ui.o (.rodata..Lswitch.table.OledUi_Update_20ms.178)
                  0001061c    00000018     vision_pitch_tuning.o (.rodata..Lswitch.table.VisionPitchTuning_ParamName)
                  00010634    00000014     vision_yaw_tuning.o (.rodata..Lswitch.table.VisionYawTuning_ParamName)
                  00010648    00000010     oled_ui.o (.rodata.str1.13882251010780863896.1)
                  00010658    0000000e     oled_ui.o (.rodata.str1.10416366799939242409.1)
                  00010666    00000002     ti_msp_dl_config.o (.rodata.gUART_VISIONClockConfig)
                  00010668    0000000c     mission_library.o (.rodata..Lswitch.table.MissionLibrary_FindById)
                  00010674    0000000c     oled_ui.o (.rodata..Lswitch.table.OledUi_Update_20ms.170)
                  00010680    0000000c     oled_ui.o (.rodata..Lswitch.table.OledUi_Update_20ms.172)
                  0001068c    0000000a     ti_msp_dl_config.o (.rodata.gUART_VISIONConfig)
                  00010696    0000000a     vision_tuning_console.o (.rodata.str1.4859846923128959820.1)
                  000106a0    0000000a     vision_tuning_console.o (.rodata.str1.7225688704195888286.1)
                  000106aa    00000009     oled_ui.o (.rodata.str1.14358698208395374265.1)
                  000106b3    00000009     oled_ui.o (.rodata.str1.3025253791635144717.1)
                  000106bc    00000008     menu.o (.rodata.cst8)
                  000106c4    00000008     ti_msp_dl_config.o (.rodata.gPWM_MOTORConfig)
                  000106cc    00000008     vision_tuning_console.o (.rodata.str1.11718269490974306969.1)
                  000106d4    00000008     oled_ui.o (.rodata.str1.14740362735394205067.1)
                  000106dc    00000008     oled_ui.o (.rodata.str1.16554583589798097927.1)
                  000106e4    00000008     vision_tuning_console.o (.rodata.str1.3293472937029561918.1)
                  000106ec    00000008     oled_ui.o (.rodata.str1.5689016102676777062.1)
                  000106f4    00000008     oled_ui.o (.rodata.str1.8950259614286592359.1)
                  000106fc    00000007     vision_tuning_console.o (.rodata.str1.10860306953068020798.1)
                  00010703    00000007     oled_ui.o (.rodata.str1.13750180467131823662.1)
                  0001070a    00000007     oled_ui.o (.rodata.str1.6350830172869379626.1)
                  00010711    00000006     vision_tuning_console.o (.rodata.str1.10319329813075420582.1)
                  00010717    00000006     oled_ui.o (.rodata.str1.1108652269057166745.1)
                  0001071d    00000006     mission_library.o (.rodata.str1.13636476544574750902.1)
                  00010723    00000006     oled_ui.o (.rodata.str1.1445687256832830955.1)
                  00010729    00000006     mission_library.o (.rodata.str1.15668266851434757964.1)
                  0001072f    00000006     oled_ui.o (.rodata.str1.15829239520183577662.1)
                  00010735    00000006     oled_ui.o (.rodata.str1.15935041339501476673.1)
                  0001073b    00000006     oled_ui.o (.rodata.str1.16411631209783952401.1)
                  00010741    00000006     oled_ui.o (.rodata.str1.17067061841413117831.1)
                  00010747    00000006     oled_ui.o (.rodata.str1.17242430504649735449.1)
                  0001074d    00000006     oled_ui.o (.rodata.str1.182352409660151230.1)
                  00010753    00000006     mission_library.o (.rodata.str1.199678142196697465.1)
                  00010759    00000006     oled_ui.o (.rodata.str1.2714695401222167146.1)
                  0001075f    00000006     oled_ui.o (.rodata.str1.3407221357956504873.1)
                  00010765    00000006     vision_tuning_console.o (.rodata.str1.4028100529439820245.1)
                  0001076b    00000006     oled_ui.o (.rodata.str1.9135818829835424837.1)
                  00010771    00000005     menu.o (.rodata..Lswitch.table.Menu_HandleKeyEvent)
                  00010776    00000005     oled.o (.rodata.oled_get_glyph.colon)
                  0001077b    00000005     oled.o (.rodata.oled_get_glyph.eight)
                  00010780    00000005     oled.o (.rodata.oled_get_glyph.five)
                  00010785    00000005     oled.o (.rodata.oled_get_glyph.four)
                  0001078a    00000005     oled.o (.rodata.oled_get_glyph.glyphA)
                  0001078f    00000005     oled.o (.rodata.oled_get_glyph.glyphB)
                  00010794    00000005     oled.o (.rodata.oled_get_glyph.glyphC)
                  00010799    00000005     oled.o (.rodata.oled_get_glyph.glyphD)
                  0001079e    00000005     oled.o (.rodata.oled_get_glyph.glyphE)
                  000107a3    00000005     oled.o (.rodata.oled_get_glyph.glyphG)
                  000107a8    00000005     oled.o (.rodata.oled_get_glyph.glyphH)
                  000107ad    00000005     oled.o (.rodata.oled_get_glyph.glyphI)
                  000107b2    00000005     oled.o (.rodata.oled_get_glyph.glyphK)
                  000107b7    00000005     oled.o (.rodata.oled_get_glyph.glyphL)
                  000107bc    00000005     oled.o (.rodata.oled_get_glyph.glyphM)
                  000107c1    00000005     oled.o (.rodata.oled_get_glyph.glyphN)
                  000107c6    00000005     oled.o (.rodata.oled_get_glyph.glyphO)
                  000107cb    00000005     oled.o (.rodata.oled_get_glyph.glyphP)
                  000107d0    00000005     oled.o (.rodata.oled_get_glyph.glyphR)
                  000107d5    00000005     oled.o (.rodata.oled_get_glyph.glyphS)
                  000107da    00000005     oled.o (.rodata.oled_get_glyph.glyphT)
                  000107df    00000005     oled.o (.rodata.oled_get_glyph.glyphU)
                  000107e4    00000005     oled.o (.rodata.oled_get_glyph.glyphV)
                  000107e9    00000005     oled.o (.rodata.oled_get_glyph.glyphW)
                  000107ee    00000005     oled.o (.rodata.oled_get_glyph.glyphX)
                  000107f3    00000005     oled.o (.rodata.oled_get_glyph.glyphY)
                  000107f8    00000005     oled.o (.rodata.oled_get_glyph.glyphb)
                  000107fd    00000005     oled.o (.rodata.oled_get_glyph.gt)
                  00010802    00000005     oled.o (.rodata.oled_get_glyph.minus)
                  00010807    00000005     oled.o (.rodata.oled_get_glyph.nine)
                  0001080c    00000005     oled.o (.rodata.oled_get_glyph.one)
                  00010811    00000005     oled.o (.rodata.oled_get_glyph.seven)
                  00010816    00000005     oled.o (.rodata.oled_get_glyph.six)
                  0001081b    00000005     oled.o (.rodata.oled_get_glyph.space)
                  00010820    00000005     oled.o (.rodata.oled_get_glyph.three)
                  00010825    00000005     oled.o (.rodata.oled_get_glyph.two)
                  0001082a    00000005     oled.o (.rodata.oled_get_glyph.zero)
                  0001082f    00000005     oled_ui.o (.rodata.str1.10263419832828250601.1)
                  00010834    00000005     oled_ui.o (.rodata.str1.10430294223631918979.1)
                  00010839    00000005     oled_ui.o (.rodata.str1.10509309789429088155.1)
                  0001083e    00000005     oled_ui.o (.rodata.str1.11232419324784801130.1)
                  00010843    00000005     oled_ui.o (.rodata.str1.11388022865931857840.1)
                  00010848    00000005     oled_ui.o (.rodata.str1.12043213579996415112.1)
                  0001084d    00000005     oled_ui.o (.rodata.str1.12504350857748951577.1)
                  00010852    00000005     oled_ui.o (.rodata.str1.12697925274637991987.1)
                  00010857    00000005     oled_ui.o (.rodata.str1.13244290092665904221.1)
                  0001085c    00000005     oled_ui.o (.rodata.str1.13790669171379415506.1)
                  00010861    00000005     vision_pitch_tuning.o (.rodata.str1.13915893147848268398.1)
                  00010866    00000005     oled_ui.o (.rodata.str1.14134189893851348960.1)
                  0001086b    00000005     oled_ui.o (.rodata.str1.14168333168339663346.1)
                  00010870    00000005     fault.o (.rodata.str1.14435905801345341244.1)
                  00010875    00000005     oled_ui.o (.rodata.str1.14521350379984854626.1)
                  0001087a    00000005     fault.o (.rodata.str1.1506612114648992996.1)
                  0001087f    00000005     oled_ui.o (.rodata.str1.15575624326185233262.1)
                  00010884    00000005     oled_ui.o (.rodata.str1.15802367878353263018.1)
                  00010889    00000005     car_controller.o (.rodata.str1.1652194605229746967.1)
                  0001088e    00000005     oled_ui.o (.rodata.str1.16931641404301806744.1)
                  00010893    00000005     oled_ui.o (.rodata.str1.16939060351352778619.1)
                  00010898    00000005     fault.o (.rodata.str1.17097894860660336008.1)
                  0001089d    00000005     fault.o (.rodata.str1.17155043670132108083.1)
                  000108a2    00000005     vision_tuning_console.o (.rodata.str1.17265544270347038021.1)
                  000108a7    00000005     oled_ui.o (.rodata.str1.17540787658903907660.1)
                  000108ac    00000005     oled_ui.o (.rodata.str1.17881291656140238186.1)
                  000108b1    00000005     oled_ui.o (.rodata.str1.18128648927899109887.1)
                  000108b6    00000005     fault.o (.rodata.str1.2104670281202025270.1)
                  000108bb    00000005     oled_ui.o (.rodata.str1.2308938766145545715.1)
                  000108c0    00000005     oled_ui.o (.rodata.str1.240075016795266086.1)
                  000108c5    00000005     oled_ui.o (.rodata.str1.35417727660486075.1)
                  000108ca    00000005     oled_ui.o (.rodata.str1.3702290527496711532.1)
                  000108cf    00000005     car_controller.o (.rodata.str1.4164979912472006574.1)
                  000108d4    00000005     fault.o (.rodata.str1.4453281041433270631.1)
                  000108d9    00000005     fault.o (.rodata.str1.4549004730087743662.1)
                  000108de    00000005     oled_ui.o (.rodata.str1.4551794666512319153.1)
                  000108e3    00000005     oled_ui.o (.rodata.str1.4581472623415959594.1)
                  000108e8    00000005     oled_ui.o (.rodata.str1.4610220316623841660.1)
                  000108ed    00000005     menu.o (.rodata.str1.4862307748908978627.1)
                  000108f2    00000005     oled_ui.o (.rodata.str1.5291836437463020264.1)
                  000108f7    00000005     oled_ui.o (.rodata.str1.58703915094955230.1)
                  000108fc    00000005     fault.o (.rodata.str1.6372787129294360447.1)
                  00010901    00000005     fault.o (.rodata.str1.6437946768974223044.1)
                  00010906    00000005     oled_ui.o (.rodata.str1.7050595558965647569.1)
                  0001090b    00000005     oled_ui.o (.rodata.str1.763101100280173925.1)
                  00010910    00000005     vision_yaw_tuning.o (.rodata.str1.7764041101441114269.1)
                  00010915    00000005     fault.o (.rodata.str1.8185770893384132067.1)
                  0001091a    00000005     oled_ui.o (.rodata.str1.8426569189266129334.1)
                  0001091f    00000005     oled_ui.o (.rodata.str1.8460525935980491721.1)
                  00010924    00000005     oled_ui.o (.rodata.str1.8471462185882660445.1)
                  00010929    00000005     oled_ui.o (.rodata.str1.8693388333057100694.1)
                  0001092e    00000005     oled_ui.o (.rodata.str1.8783421139296713095.1)
                  00010933    00000005     oled_ui.o (.rodata.str1.9159586779647977165.1)
                  00010938    00000005     oled_ui.o (.rodata.str1.9229350655415085.1)
                  0001093d    00000005     car_controller.o (.rodata.str1.9234375891235759983.1)
                  00010942    00000005     car_controller.o (.rodata.str1.9981487771679760427.1)
                  00010947    00000004     oled_ui.o (.rodata.str1.10077435089618835710.1)
                  0001094b    00000004     oled_ui.o (.rodata.str1.1019225241002246410.1)
                  0001094f    00000004     oled_ui.o (.rodata.str1.10568433575767188072.1)
                  00010953    00000004     oled_ui.o (.rodata.str1.10600688730180713177.1)
                  00010957    00000004     oled_ui.o (.rodata.str1.10907125332684471422.1)
                  0001095b    00000004     oled_ui.o (.rodata.str1.11178346780556493352.1)
                  0001095f    00000004     oled_ui.o (.rodata.str1.11428648044669318875.1)
                  00010963    00000004     oled_ui.o (.rodata.str1.11614055506586029288.1)
                  00010967    00000004     oled_ui.o (.rodata.str1.11627403558423016802.1)
                  0001096b    00000004     menu.o (.rodata.str1.12110183915172842339.1)
                  0001096f    00000004     oled_ui.o (.rodata.str1.12182588061437138428.1)
                  00010973    00000004     oled_ui.o (.rodata.str1.12359577037488465078.1)
                  00010977    00000004     car_controller.o (.rodata.str1.12442237994239546032.1)
                  0001097b    00000004     oled_ui.o (.rodata.str1.12571791089077708471.1)
                  0001097f    00000004     oled_ui.o (.rodata.str1.12595606217184830646.1)
                  00010983    00000004     oled_ui.o (.rodata.str1.1276391367487699528.1)
                  00010987    00000004     oled_ui.o (.rodata.str1.12888220461447056082.1)
                  0001098b    00000004     oled_ui.o (.rodata.str1.12983537867572525563.1)
                  0001098f    00000004     menu.o (.rodata.str1.13124720451672825294.1)
                  00010993    00000004     fault.o (.rodata.str1.13582094816268305212.1)
                  00010997    00000004     oled_ui.o (.rodata.str1.13871579367539052597.1)
                  0001099b    00000004     oled_ui.o (.rodata.str1.13875148296791986931.1)
                  0001099f    00000004     vision_tuning_console.o (.rodata.str1.14084955404328172175.1)
                  000109a3    00000004     menu.o (.rodata.str1.14098755746347272832.1)
                  000109a7    00000004     oled_ui.o (.rodata.str1.14556837007311414654.1)
                  000109ab    00000004     oled_ui.o (.rodata.str1.14711868471336838103.1)
                  000109af    00000004     oled_ui.o (.rodata.str1.14774750633985060196.1)
                  000109b3    00000004     oled_ui.o (.rodata.str1.15008238333949226094.1)
                  000109b7    00000004     oled_ui.o (.rodata.str1.15132332204781002199.1)
                  000109bb    00000004     oled_ui.o (.rodata.str1.15577080202403550426.1)
                  000109bf    00000004     oled_ui.o (.rodata.str1.15613891207764622616.1)
                  000109c3    00000004     oled_ui.o (.rodata.str1.15817398807211891688.1)
                  000109c7    00000004     oled_ui.o (.rodata.str1.15859922799842739878.1)
                  000109cb    00000004     oled_ui.o (.rodata.str1.15917848551323629232.1)
                  000109cf    00000004     oled_ui.o (.rodata.str1.16290499236105125126.1)
                  000109d3    00000004     fault.o (.rodata.str1.16482347271627360806.1)
                  000109d7    00000004     oled_ui.o (.rodata.str1.16496169091617228061.1)
                  000109db    00000004     oled_ui.o (.rodata.str1.16526439943277383452.1)
                  000109df    00000004     vision_pitch_tuning.o (.rodata.str1.16579632732967443104.1)
                  000109e3    00000004     oled_ui.o (.rodata.str1.16635595130967924751.1)
                  000109e7    00000004     oled_ui.o (.rodata.str1.16895433903389883335.1)
                  000109eb    00000004     menu.o (.rodata.str1.17041139162815566052.1)
                  000109ef    00000004     car_controller.o (.rodata.str1.17172356789460551389.1)
                  000109f3    00000004     oled_ui.o (.rodata.str1.17274519358952562110.1)
                  000109f7    00000004     oled_ui.o (.rodata.str1.17464849429964608858.1)
                  000109fb    00000004     oled_ui.o (.rodata.str1.17763087492223448992.1)
                  000109ff    00000004     oled_ui.o (.rodata.str1.17763996158807330232.1)
                  00010a03    00000004     oled_ui.o (.rodata.str1.17884296644359297425.1)
                  00010a07    00000004     car_controller.o (.rodata.str1.18191498530309206443.1)
                  00010a0b    00000004     oled_ui.o (.rodata.str1.1974573040514735405.1)
                  00010a0f    00000004     oled_ui.o (.rodata.str1.2603845803395459882.1)
                  00010a13    00000004     oled_ui.o (.rodata.str1.2608729314174233125.1)
                  00010a17    00000004     oled_ui.o (.rodata.str1.270145429241168923.1)
                  00010a1b    00000004     oled_ui.o (.rodata.str1.2742282290834473644.1)
                  00010a1f    00000004     oled_ui.o (.rodata.str1.344790106308886506.1)
                  00010a23    00000004     oled_ui.o (.rodata.str1.3455423528827705371.1)
                  00010a27    00000004     oled_ui.o (.rodata.str1.3467953211977455017.1)
                  00010a2b    00000004     oled_ui.o (.rodata.str1.4193589846040060630.1)
                  00010a2f    00000004     oled_ui.o (.rodata.str1.4402311448527872260.1)
                  00010a33    00000004     oled_ui.o (.rodata.str1.4581686099848791648.1)
                  00010a37    00000004     oled_ui.o (.rodata.str1.4582914374586912483.1)
                  00010a3b    00000004     oled_ui.o (.rodata.str1.4691821198597473371.1)
                  00010a3f    00000004     oled_ui.o (.rodata.str1.4723632947289500520.1)
                  00010a43    00000004     menu.o (.rodata.str1.5155000645726596423.1)
                  00010a47    00000004     oled_ui.o (.rodata.str1.5853739094453432564.1)
                  00010a4b    00000004     oled_ui.o (.rodata.str1.5965888106848176421.1)
                  00010a4f    00000004     oled_ui.o (.rodata.str1.6744096065564390185.1)
                  00010a53    00000004     oled_ui.o (.rodata.str1.6835749436006845616.1)
                  00010a57    00000004     oled_ui.o (.rodata.str1.6954814719705590448.1)
                  00010a5b    00000004     car_controller.o (.rodata.str1.702403006289709404.1)
                  00010a5f    00000004     oled_ui.o (.rodata.str1.7185587941321649510.1)
                  00010a63    00000004     oled_ui.o (.rodata.str1.7219546930854689545.1)
                  00010a67    00000004     fault.o (.rodata.str1.7255546073596598018.1)
                  00010a6b    00000004     oled_ui.o (.rodata.str1.799718701096035713.1)
                  00010a6f    00000004     oled_ui.o (.rodata.str1.8018480777946742726.1)
                  00010a73    00000004     oled_ui.o (.rodata.str1.8124536758062367015.1)
                  00010a77    00000004     oled_ui.o (.rodata.str1.8236579331345056500.1)
                  00010a7b    00000004     oled_ui.o (.rodata.str1.8399051469953744892.1)
                  00010a7f    00000004     oled_ui.o (.rodata.str1.8403269972884532600.1)
                  00010a83    00000004     vision_tuning_console.o (.rodata.str1.9292707793305368794.1)
                  00010a87    00000004     oled_ui.o (.rodata.str1.9295666102996717355.1)
                  00010a8b    00000004     oled_ui.o (.rodata.str1.9351772214919528733.1)
                  00010a8f    00000004     vision_yaw_tuning.o (.rodata.str1.9489746196023004463.1)
                  00010a93    00000004     menu.o (.rodata.str1.9546740394641817443.1)
                  00010a97    00000004     oled_ui.o (.rodata.str1.9554470707595806150.1)
                  00010a9b    00000004     oled_ui.o (.rodata.str1.9584387800903135389.1)
                  00010a9f    00000004     oled_ui.o (.rodata.str1.9611283282870761829.1)
                  00010aa3    00000004     oled_ui.o (.rodata.str1.967006512144173535.1)
                  00010aa7    00000004     oled_ui.o (.rodata.str1.9822857334037886482.1)
                  00010aab    00000004     oled_ui.o (.rodata.str1.9854382722193312766.1)
                  00010aaf    00000003     ti_msp_dl_config.o (.rodata.gPWM_MOTORClockConfig)
                  00010ab2    00000003     vision_pitch_tuning.o (.rodata.str1.10553819018306626402.1)
                  00010ab5    00000003     oled_ui.o (.rodata.str1.11149198520117834688.1)
                  00010ab8    00000003     oled_ui.o (.rodata.str1.11794000050372113979.1)
                  00010abb    00000003     vision_tuning_console.o (.rodata.str1.12197883643583142124.1)
                  00010abe    00000003     oled_ui.o (.rodata.str1.12493748764729730277.1)
                  00010ac1    00000003     oled_ui.o (.rodata.str1.12617122458660443890.1)
                  00010ac4    00000003     oled_ui.o (.rodata.str1.12928245060369742404.1)
                  00010ac7    00000003     oled_ui.o (.rodata.str1.130772507669342127.1)
                  00010aca    00000003     oled_ui.o (.rodata.str1.13271657277589579873.1)
                  00010acd    00000003     oled_ui.o (.rodata.str1.13567883086814673087.1)
                  00010ad0    00000003     oled_ui.o (.rodata.str1.14132186318895045592.1)
                  00010ad3    00000003     oled_ui.o (.rodata.str1.14265077442249237877.1)
                  00010ad6    00000003     vision_pitch_tuning.o (.rodata.str1.15082469624955958926.1)
                  00010ad9    00000003     vision_yaw_tuning.o (.rodata.str1.15455206247194842411.1)
                  00010adc    00000003     menu.o (.rodata.str1.16312125044762562515.1)
                  00010adf    00000003     vision_tuning_console.o (.rodata.str1.16336339630363933256.1)
                  00010ae2    00000003     oled_ui.o (.rodata.str1.16849766574302683489.1)
                  00010ae5    00000003     vision_pitch_tuning.o (.rodata.str1.17185918124541117546.1)
                  00010ae8    00000003     oled_ui.o (.rodata.str1.17436941090773226089.1)
                  00010aeb    00000003     oled_ui.o (.rodata.str1.17717236995185551183.1)
                  00010aee    00000003     oled_ui.o (.rodata.str1.17812014771544466701.1)
                  00010af1    00000003     oled_ui.o (.rodata.str1.18266126048138325213.1)
                  00010af4    00000003     vision_pitch_tuning.o (.rodata.str1.18308346119964257230.1)
                  00010af7    00000003     oled_ui.o (.rodata.str1.18379317056176403938.1)
                  00010afa    00000003     vision_pitch_tuning.o (.rodata.str1.2353024170771920291.1)
                  00010afd    00000003     oled_ui.o (.rodata.str1.2522137003438374266.1)
                  00010b00    00000003     oled_ui.o (.rodata.str1.2656948373757303877.1)
                  00010b03    00000003     oled_ui.o (.rodata.str1.2983744876309220570.1)
                  00010b06    00000003     vision_yaw_tuning.o (.rodata.str1.4032468970572441659.1)
                  00010b09    00000003     menu.o (.rodata.str1.4646809750356241979.1)
                  00010b0c    00000003     oled_ui.o (.rodata.str1.5004483696121082904.1)
                  00010b0f    00000003     oled_ui.o (.rodata.str1.5376340479846291137.1)
                  00010b12    00000003     oled_ui.o (.rodata.str1.5965450730569173784.1)
                  00010b15    00000003     vision_yaw_tuning.o (.rodata.str1.6393086909333857079.1)
                  00010b18    00000003     oled_ui.o (.rodata.str1.6473435968988645044.1)
                  00010b1b    00000003     vision_yaw_tuning.o (.rodata.str1.6657421771701333087.1)
                  00010b1e    00000003     oled_ui.o (.rodata.str1.6806727740681590176.1)
                  00010b21    00000003     menu.o (.rodata.str1.6857549598058878762.1)
                  00010b24    00000003     oled_ui.o (.rodata.str1.7419768602719733415.1)
                  00010b27    00000003     oled_ui.o (.rodata.str1.7481335054564682966.1)
                  00010b2a    00000003     oled_ui.o (.rodata.str1.7774807581888385879.1)
                  00010b2d    00000003     fault.o (.rodata.str1.8193046109637024842.1)
                  00010b30    00000003     oled_ui.o (.rodata.str1.8449035241871861290.1)
                  00010b33    00000003     oled_ui.o (.rodata.str1.8709745090823444516.1)
                  00010b36    00000003     oled_ui.o (.rodata.str1.9102528229756940648.1)
                  00010b39    00000003     oled_ui.o (.rodata.str1.9544068167406571052.1)
                  00010b3c    00000003     oled_ui.o (.rodata.str1.9646571805098343045.1)
                  00010b3f    00000003     oled_ui.o (.rodata.str1.9992244628984851027.1)
                  00010b42    00000002     oled_ui.o (.rodata.str1.2193316011307952170.1)
                  00010b44    00000002     oled_ui.o (.rodata.str1.4082595774073207366.1)
                  00010b46    00000002     oled_ui.o (.rodata.str1.4932371652560868037.1)
                  00010b48    00000002     oled_ui.o (.rodata.str1.5463568455719735.1)
                  00010b4a    00000002     oled_ui.o (.rodata.str1.9250665025187963892.1)
                  00010b4c    00000004     --HOLE-- [fill = 0]

.init_array 
*          0    00000000    00000000     UNINITIALIZED

.binit     0    00000000    00000000     

.bss       0    20200000    00000c31     UNINITIALIZED
                  20200000    00000200     vision_receiver.o (.bss.g_ring)
                  20200200    00000128     runtime_snapshot.o (.bss.g_snapshot)
                  20200328    00000100     vision_tuning_console.o (.bss.g_rxRing)
                  20200428    00000100     vision_tuning_console.o (.bss.g_txRing)
                  20200528    000000c4     (.common:g_appConfig)
                  202005ec    0000007c     motor_control.o (.bss.g_runtime)
                  20200668    00000058     vision_receiver.o (.bss.g_status)
                  202006c0    00000058     (.common:g_wheelSpeedEstimatorRuntime)
                  20200718    00000048     gimbal_vision_adapter.o (.bss.g_feedback)
                  20200760    00000040     gimbal.o (.bss.g_feedback)
                  202007a0    00000040     vision_tuning_console.o (.bss.g_line)
                  202007e0    00000040     gimbal.o (.bss.g_pitchFeedback)
                  20200820    00000040     (.common:g_appRuntime)
                  20200860    00000034     line_controller.o (.bss.g_lineRuntime)
                  20200894    00000030     (.common:gUART_VISIONBackup)
                  202008c4    0000002c     vision_receiver.o (.bss.g_observation)
                  202008f0    0000002c     empty.o (.bss.g_schedulerStats)
                  2020091c    00000028     gimbal_tracker.o (.bss.g_feedback)
                  20200944    00000028     vision_receiver.o (.bss.g_frame)
                  2020096c    00000028     (.common:g_imuRuntime)
                  20200994    00000024     gimbal_vision_yaw_tracker.o (.bss.g_feedback)
                  202009b8    00000020     mission_manager.o (.bss.g_missionRuntime)
                  202009d8    00000018     obstacle_avoidance.o (.bss.g_avoidFeedback)
                  202009f0    00000018     gimbal_stepper.o (.bss.g_feedback)
                  20200a08    00000018     gimbal_vision_pitch_tracker.o (.bss.g_feedback)
                  20200a20    00000018     vision_pitch_tuning.o (.bss.g_status)
                  20200a38    00000018     vision_tuning_console.o (.bss.g_status)
                  20200a50    00000014     motion_action.o (.bss.g_motionActionRuntime)
                  20200a64    00000004     gimbal_tracker.o (.bss.g_filteredErrorX)
                  20200a68    00000014     vision_yaw_tuning.o (.bss.g_status)
                  20200a7c    00000014     watchdog_monitor.o (.bss.g_status)
                  20200a90    00000014     (.common:g_headingRuntime)
                  20200aa4    00000010     fault.o (.bss.g_faultRecord)
                  20200ab4    00000010     motor.o (.bss.g_motorRuntime)
                  20200ac4    0000000e     car_controller.o (.bss.g_carControllerFeedback)
                  20200ad2    00000002     ultrasonic.o (.bss.g_echoTicks)
                  20200ad4    0000000e     ultrasonic.o (.bss.g_ultrasonicFeedback)
                  20200ae2    00000002     gimbal.o (.bss.g_pitchHalfPeriodTicks)
                  20200ae4    0000000c     gimbal_tracker.o (.bss.g_observation)
                  20200af0    0000000c     debug_telemetry.o (.bss.g_status)
                  20200afc    00000008     obstacle_monitor.o (.bss.g_obstacleFeedback)
                  20200b04    00000004     gimbal_tracker.o (.bss.g_filteredErrorY)
                  20200b08    00000008     gimbal.o (.bss.g_pitchContinuousDegX10)
                  20200b10    00000008     gimbal.o (.bss.g_pitchEstimatedSteps)
                  20200b18    00000008     gimbal.o (.bss.g_pitchTargetDegX10)
                  20200b20    00000008     gimbal.o (.bss.g_pitchTargetEstimatedSteps)
                  20200b28    00000008     gimbal_stepper.o (.bss.g_stepperEstimatedSteps)
                  20200b30    00000008     gimbal_stepper.o (.bss.g_stepperTargetEstimatedSteps)
                  20200b38    00000008     gimbal.o (.bss.g_yawContinuousDegX10)
                  20200b40    00000008     gimbal.o (.bss.g_yawLockedWorldYawDegX10)
                  20200b48    00000008     gimbal.o (.bss.g_yawTargetContinuousDegX10)
                  20200b50    00000008     gimbal.o (.bss.g_yawWorldTargetDegX10)
                  20200b58    00000008     gimbal.o (.bss.g_yawWrappedDegX10)
                  20200b60    00000006     ultrasonic.o (.bss.g_distanceSamples)
                  20200b66    00000006     key.o (.bss.g_key1)
                  20200b6c    00000006     key.o (.bss.g_key2)
                  20200b72    00000006     key.o (.bss.g_key3)
                  20200b78    00000004     gimbal_vision_adapter.o (.bss.g_lastAcceptedFrameCount)
                  20200b7c    00000004     debug_telemetry.o (.bss.g_lastFrameMs)
                  20200b80    00000004     watchdog_monitor.o (.bss.g_lastTickMs)
                  20200b84    00000004     wheel_speed_estimator.o (.bss.g_latchedErrorFlags)
                  20200b88    00000004     empty.o (.bss.g_localTimeMs)
                  20200b8c    00000004     motion_action.o (.bss.g_motionActionStartYawDeg)
                  20200b90    00000004     encoder.o (.bss.g_motorAPulses)
                  20200b94    00000004     encoder.o (.bss.g_motorBPulses)
                  20200b98    00000004     gimbal.o (.bss.g_pitchCommandedRpm)
                  20200b9c    00000004     gimbal.o (.bss.g_pitchCompletedSteps)
                  20200ba0    00000004     gimbal_tracker.o (.bss.g_pitchTargetDeg)
                  20200ba4    00000004     gimbal.o (.bss.g_pitchTargetRpm)
                  20200ba8    00000004     gimbal.o (.bss.g_pitchTrackingTargetRpm)
                  20200bac    00000004     servo.o (.bss.g_servoFeedback)
                  20200bb0    00000004     gimbal_vision_yaw_tracker.o (.bss.g_sessionId)
                  20200bb4    00000004     gimbal_stepper.o (.bss.g_stepperCompletedSteps)
                  20200bb8    00000004     gimbal_vision_yaw_tracker.o (.bss.g_targetWrappedDeg)
                  20200bbc    00000004     gimbal.o (.bss.g_yawCommandedRpm)
                  20200bc0    00000004     gimbal.o (.bss.g_yawTargetRpm)
                  20200bc4    00000004     gimbal_tracker.o (.bss.g_yawTargetWrappedDeg)
                  20200bc8    00000004     empty.o (.bss.main.lastAppUpdateMs)
                  20200bcc    00000002     gimbal.o (.bss.g_pitchStepHalfPeriodTicks)
                  20200bce    00000002     obstacle_avoidance.o (.bss.g_resumeGraceMs)
                  20200bd0    00000002     vision_receiver.o (.bss.g_ringHead)
                  20200bd2    00000002     vision_receiver.o (.bss.g_ringTail)
                  20200bd4    00000002     vision_tuning_console.o (.bss.g_rxHead)
                  20200bd6    00000002     vision_tuning_console.o (.bss.g_rxTail)
                  20200bd8    00000002     servo.o (.bss.g_servoPwmPhase)
                  20200bda    00000002     ultrasonic.o (.bss.g_stateTicks)
                  20200bdc    00000002     gimbal_stepper.o (.bss.g_stepperHalfPeriodTicks)
                  20200bde    00000002     gimbal_stepper.o (.bss.g_stepperStepHalfPeriodTicks)
                  20200be0    00000002     vision_tuning_console.o (.bss.g_txHead)
                  20200be2    00000002     vision_tuning_console.o (.bss.g_txTail)
                  20200be4    00000002     menu.o (.bss.menu_handle_status_key.trackerSequence)
                  20200be6    00000002     (.common:g_trackError)
                  20200be8    00000001     oled_ui.o (.bss.OledUi_Update_20ms.refreshDivider)
                  20200be9    00000001     empty.o (.bss.SysTick_Handler.controlMsCount)
                  20200bea    00000001     empty.o (.bss.SysTick_Handler.gimbalMsCount)
                  20200beb    00000001     empty.o (.bss.SysTick_Handler.tick100usCount)
                  20200bec    00000001     empty.o (.bss.SysTick_Handler.trackerMsCount)
                  20200bed    00000001     ultrasonic.o (.bss.Ultrasonic_Update_20ms.triggerDivider)
                  20200bee    00000001     empty.o (.bss.g_appUpdatePending)
                  20200bef    00000001     vision_tuning_console.o (.bss.g_capturing)
                  20200bf0    00000001     car_state.o (.bss.g_carState)
                  20200bf1    00000001     obstacle_monitor.o (.bss.g_centerSettleTicks)
                  20200bf2    00000001     vision_tuning_console.o (.bss.g_commandTarget)
                  20200bf3    00000001     ultrasonic.o (.bss.g_distanceSampleCount)
                  20200bf4    00000001     ultrasonic.o (.bss.g_distanceSampleIndex)
                  20200bf5    00000001     emergency_stop.o (.bss.g_emergencyStopActive)
                  20200bf6    00000001     gimbal_tracker.o (.bss.g_enabled)
                  20200bf7    00000001     gimbal_vision_pitch_tracker.o (.bss.g_enabled)
                  20200bf8    00000001     gimbal_vision_yaw_tracker.o (.bss.g_enabled)
                  20200bf9    00000001     watchdog_monitor.o (.bss.g_faultApplied)
                  20200bfa    00000001     watchdog_monitor.o (.bss.g_faultPending)
                  20200bfb    00000001     gimbal_tracker.o (.bss.g_filterReady)
                  20200bfc    00000001     vision_receiver.o (.bss.g_frameSize)
                  20200bfd    00000001     empty.o (.bss.g_gimbalUpdatePending)
                  20200bfe    00000001     wheel_speed_estimator.o (.bss.g_leftFilterInitialized)
                  20200bff    00000001     vision_tuning_console.o (.bss.g_lineSize)
                  20200c00    00000001     obstacle_safety.o (.bss.g_obstacleSafetyHolding)
                  20200c01    00000001     oled.o (.bss.g_oledColumn)
                  20200c02    00000001     menu.o (.bss.g_oledPage)
                  20200c03    00000001     encoder.o (.bss.g_overflowFlags)
                  20200c04    00000001     menu.o (.bss.g_paramItem)
                  20200c05    00000001     menu.o (.bss.g_paramReturnPage)
                  20200c06    00000001     key.o (.bss.g_pendingEvent)
                  20200c07    00000001     gimbal.o (.bss.g_pitchControlMode)
                  20200c08    00000001     gimbal.o (.bss.g_pitchDirection)
                  20200c09    00000001     gimbal.o (.bss.g_pitchInitialized)
                  20200c0a    00000001     gimbal.o (.bss.g_pitchLimitClamped)
                  20200c0b    00000001     gimbal.o (.bss.g_pitchLimitDirection)
                  20200c0c    00000001     gimbal.o (.bss.g_pitchPositionValid)
                  20200c0d    00000001     gimbal.o (.bss.g_pitchRunning)
                  20200c0e    00000001     gimbal.o (.bss.g_pitchStepHigh)
                  20200c0f    00000001     gimbal.o (.bss.g_pitchStopAfterStepLow)
                  20200c10    00000001     vision_tuning_console.o (.bss.g_prefixIndex)
                  20200c11    00000001     vision_tuning_console.o (.bss.g_prefixTarget)
                  20200c12    00000001     wheel_speed_estimator.o (.bss.g_rightFilterInitialized)
                  20200c13    00000001     car_controller.o (.bss.g_safetyHold)
                  20200c14    00000001     gimbal_vision_yaw_tracker.o (.bss.g_sessionInitialized)
                  20200c15    00000001     gimbal_tracker.o (.bss.g_simObservationUpdatesRemaining)
                  20200c16    00000001     obstacle_avoidance.o (.bss.g_stateStarted)
                  20200c17    00000001     gimbal_stepper.o (.bss.g_stepperDirection)
                  20200c18    00000001     gimbal_stepper.o (.bss.g_stepperRunning)
                  20200c19    00000001     gimbal_stepper.o (.bss.g_stepperStepHigh)
                  20200c1a    00000001     gimbal_stepper.o (.bss.g_stepperStopAfterStepLow)
                  20200c1b    00000001     motor_control.o (.bss.g_targetRefreshed)
                  20200c1c    00000001     gimbal_vision_yaw_tracker.o (.bss.g_targetSynced)
                  20200c1d    00000001     gimbal_tracker.o (.bss.g_targetValid)
                  20200c1e    00000001     gimbal_tracker.o (.bss.g_targetsSynced)
                  20200c1f    00000001     empty.o (.bss.g_trackerUpdatePending)
                  20200c20    00000001     gimbal_tracker.o (.bss.g_trackingActive)
                  20200c21    00000001     gimbal_vision_pitch_tracker.o (.bss.g_trackingActive)
                  20200c22    00000001     gimbal_vision_yaw_tracker.o (.bss.g_trackingActive)
                  20200c23    00000001     ultrasonic.o (.bss.g_triggerRequest)
                  20200c24    00000001     ultrasonic.o (.bss.g_ultrasonicState)
                  20200c25    00000001     gimbal.o (.bss.g_yawLimitClamped)
                  20200c26    00000001     gimbal.o (.bss.g_yawLimitDirection)
                  20200c27    00000001     gimbal.o (.bss.g_yawPositionValid)
                  20200c28    00000001     gimbal.o (.bss.g_yawWorldLockEnabled)
                  20200c29    00000001     (.common:g_carStateDebug)
                  20200c2a    00000001     (.common:g_keyEvent)
                  20200c2b    00000001     (.common:g_oledPageDebug)
                  20200c2c    00000001     (.common:g_paramItemDebug)
                  20200c2d    00000001     (.common:g_trackBlackCount)
                  20200c2e    00000001     (.common:g_trackModeDebug)
                  20200c2f    00000001     (.common:g_trackRaw)
                  20200c30    00000001     (.common:g_trackTurnDebug)

.data      0    20200c31    00000001     UNINITIALIZED
                  20200c31    00000001     car_controller.o (.data.g_followTurnPolicy)

.stack     0    20207e00    00000200     UNINITIALIZED
                  20207e00    00000004     libc.a : boot_cortex_m.c.obj (.stack)
                  20207e04    000001fc     --HOLE--

__llvm_prf_cnts 
*          0    20200000    00000000     UNINITIALIZED

__llvm_prf_bits 
*          0    20200000    00000000     UNINITIALIZED

MODULE SUMMARY

       Module                          code    ro data   rw data
       ------                          ----    -------   -------
    .\
       vision_tuning_console.o         9616    102       613    
       oled_ui.o                       8260    951       1      
       gimbal.o                        7528    0         241    
       car_controller.o                4244    64        80     
       imu.o                           3304    0         40     
       motor_control.o                 2756    0         125    
       oled.o                          2304    401       1      
       gimbal_tracker.o                2576    0         74     
       gimbal_vision_yaw_tracker.o     2124    0         48     
       vision_receiver.o               1112    0         689    
       app_config.o                    1292    0         196    
       gimbal_stepper.o                1412    0         52     
       menu.o                          1328    87        5      
       wheel_speed_estimator.o         1276    0         94     
       mission_manager.o               1300    0         32     
       motion_action.o                 1156    0         24     
       obstacle_avoidance.o            1138    0         27     
       runtime_snapshot.o              764     0         296    
       gimbal_vision_pitch_tracker.o   864     0         26     
       motor.o                         776     0         16     
       mission_library.o               218     534       0      
       line_controller.o               684     0         52     
       empty.o                         676     0         59     
       vision_protocol.o               732     0         0      
       ti_msp_dl_config.o              636     23        48     
       ultrasonic.o                    596     0         29     
       heading_control.o               472     0         20     
       key.o                           436     0         19     
       app.o                           426     0         10     
       fault.o                         296     65        16     
       track_sensor.o                  372     0         0      
       vision_pitch_tuning.o           268     48        24     
       watchdog_monitor.o              292     0         26     
       vision_yaw_tuning.o             248     41        20     
       gimbal_vision_adapter.o         228     0         76     
       encoder.o                       276     0         9      
       obstacle_safety.o               264     0         1      
       obstacle_monitor.o              192     0         9      
       startup_mspm0g350x_ticlang.o    6       192       0      
       servo.o                         176     0         6      
       emergency_stop.o                176     0         1      
       vision_uart.o                   164     0         0      
       debug_telemetry.o               56      0         16     
       car_state.o                     36      0         1      
    +--+-------------------------------+-------+---------+---------+
       Total:                          63056   2508      3122   
                                                                
    C:/TI/mspm0_sdk_2_05_01_00/source/ti/driverlib/lib/ticlang/m0p/mspm0g1x0x_g3x0x/driverlib.a
       dl_timer.o                      388     0         0      
       dl_uart.o                       90      0         0      
       dl_common.o                     10      0         0      
    +--+-------------------------------+-------+---------+---------+
       Total:                          488     0         0      
                                                                
    D:\TI\CCS\ccs\tools\compiler\ti-cgt-armllvm_4.0.4.LTS\lib\armv6m-ti-none-eabi/c/libc.a
       memcpy16.S.obj                  154     0         0      
       strcmp-armv6m.S.obj             136     0         0      
       copy_decompress_lzss.c.obj      124     0         0      
       memset16.S.obj                  98      0         0      
       autoinit.c.obj                  60      0         0      
       boot_cortex_m.c.obj             56      0         0      
       memmov.c.obj                    40      0         0      
       copy_decompress_none.c.obj      18      0         0      
       copy_zero_init.c.obj            16      0         0      
       exit.c.obj                      6       0         0      
       pre_init.c.obj                  4       0         0      
    +--+-------------------------------+-------+---------+---------+
       Total:                          712     0         0      
                                                                
    D:\TI\CCS\ccs\tools\compiler\ti-cgt-armllvm_4.0.4.LTS\lib\armv6m-ti-none-eabi/c/libsysbm.a
       hostexit.c.obj                  4       0         0      
    +--+-------------------------------+-------+---------+---------+
       Total:                          4       0         0      
                                                                
    D:\TI\CCS\ccs\tools\compiler\ti-cgt-armllvm_4.0.4.LTS\lib\armv6m-ti-none-eabi/libclang_rt.builtins.a
       addsf3.S.obj                    216     0         0      
       udivmoddi4.S.obj                162     0         0      
       comparesf2.S.obj                140     0         0      
       mulsf3.S.obj                    140     0         0      
       divsf3.S.obj                    130     0         0      
       aeabi_fcmp.S.obj                98      0         0      
       fixsfdi.S.obj                   96      0         0      
       aeabi_idivmod.S.obj             86      0         0      
       floatdisf.S.obj                 78      0         0      
       aeabi_uidivmod.S.obj            64      0         0      
       divmoddi4.c.obj                 62      0         0      
       floatsisf.S.obj                 60      0         0      
       muldsi3.S.obj                   58      0         0      
       fixsfsi.S.obj                   56      0         0      
[...]
000000c1  OledUi_Update_20ms                        
00000200  __STACK_SIZE                              
0000201d  VisionTuningConsole_Process               
00003df1  GimbalTracker_Update                      
000046b5  WheelSpeedEstimator_Update                
00004ad1  VisionReceiver_Process                    
00004e81  AppConfig_LimitAll                        
00005211  GimbalVisionYawTracker_Update10ms         
00005599  Menu_HandleKeyEvent                       
00005c85  ObstacleAvoidance_Update_20ms             
000065c5  RuntimeSnapshot_Update                    
000068a9  Imu_Init                                  
00006e29  Gimbal_YawSetWrappedTargetDeg             
000070c1  Gimbal_YawUpdate5ms                       
00007355  Gimbal_PitchSetTrackingSpeedDegS          
000075e5  MotorControl_Update                       
00007d45  OLED_Clear                                
000081d1  MotionAction_Update_20ms                  
00008405  GimbalVisionPitchTracker_Update10ms       
0000862d  Imu_CalibrateGyroBias                     
00008a4d  Motor_SetSpeed                            
00008c51  VisionProtocol_ParseV1TargetFrame         
000091f5  Gimbal_PitchUpdate5ms                     
00009569  Ultrasonic_Tick100us                      
00009709  GimbalStepper_Tick100us                   
0000989d  GimbalVisionYawTracker_Enable             
00009a25  Gimbal_PitchTick100us                     
00009ba5  AppConfig_InitDefault                     
00009d21  GimbalStepper_MoveToEstimatedSteps        
00009e9d  Key_Update_20ms                           
0000a011  Gimbal_Init                               
0000a17d  main                                      
0000a2e5  HeadingControl_Update                     
0000a9b5  CarController_Update_20ms                 
0000ac55  OLED_PrintInt16                           
0000ad91  Imu_Update                                
0000b125  App_Update_20ms                           
0000b24d  Gimbal_YawEnableWorldLock                 
0000b375  MotionAction_Start                        
0000b6e5  DL_Timer_initFourCCPWMMode                
0000b8ed  MotorControl_SetNormalizedTarget          
0000b9ed  Gimbal_PitchRelease                       
0000bae9  MissionManager_Update_20ms                
0000bbe5  SysTick_Handler                           
0000bce1  Gimbal_PitchStopHold                      
0000bdd1  MissionManager_SelectNext                 
0000c095  ObstacleSafety_Update_20ms                
0000c175  Gimbal_PitchConfirmZero                   
0000c251  SYSCFG_DL_GPIO_init                       
0000c409  MissionManager_SelectPrevious             
0000c4e1  OLED_PrintUInt16                          
0000c5b9  WheelSpeedEstimator_Init                  
0000c769  __aeabi_fsub                              
0000c769  __subsf3                                  
0000c773  __addsf3                                  
0000c773  __aeabi_fadd                              
0000c841  LineController_ResetControlState          
0000c915  OLED_Init                                 
0000c9e9  LineController_Init                       
0000cab9  LineController_Reset                      
0000cb89  OLED_PrintChar                            
0000cc59  FaultCode_ToShortString                   
0000cd21  Gimbal_YawConfirmZero                     
0000cde9  CarController_StartSeekLine               
0000cea9  CarController_StartTurnToYawRelative      
0000cf65  CarController_StartDriveHeading           
0000d019  GimbalStepper_StopHold                    
0000d0cd  GimbalVisionAdapter_Update                
0000d181  GimbalStepper_Init                        
0000d231  Gimbal_PitchMoveRelativeDeg               
0000d2e1  MissionLibrary_Validate                   
0000d38b  ADC0_IRQHandler                           
0000d38b  ADC1_IRQHandler                           
0000d38b  AES_IRQHandler                            
0000d38b  CANFD0_IRQHandler                         
0000d38b  DAC0_IRQHandler                           
0000d38b  DMA_IRQHandler                            
0000d38b  Default_Handler                           
0000d38b  GROUP0_IRQHandler                         
0000d38b  HardFault_Handler                         
0000d38b  I2C0_IRQHandler                           
0000d38b  I2C1_IRQHandler                           
0000d38b  NMI_Handler                               
0000d38b  PendSV_Handler                            
0000d38b  RTC_IRQHandler                            
0000d38b  SPI0_IRQHandler                           
0000d38b  SPI1_IRQHandler                           
0000d38b  SVC_Handler                               
0000d38b  TIMA0_IRQHandler                          
0000d38b  TIMA1_IRQHandler                          
0000d38b  TIMG0_IRQHandler                          
0000d38b  TIMG12_IRQHandler                         
0000d38b  TIMG6_IRQHandler                          
0000d38b  TIMG7_IRQHandler                          
0000d38b  TIMG8_IRQHandler                          
0000d38b  UART0_IRQHandler                          
0000d38b  UART1_IRQHandler                          
0000d38b  UART2_IRQHandler                          
0000d38d  GimbalVisionPitchTracker_Enable           
0000d435  Encoder_HandleGpioInterrupt               
0000d57d  __udivmoddi4                              
0000d61f  TrackSensor_Init                          
0000d621  CarController_StartFollowLine             
0000d6bd  ObstacleMonitor_Update_20ms               
0000d759  memcpy                                    
0000d7f3  __aeabi_idiv0                             
0000d88d  CarController_Init                        
0000d91d  CarController_StartTurnRight90            
0000d9ad  CarController_ResetRuntime                
0000da39  CarController_StartTurnLeft90             
0000dac5  Gimbal_YawDisableWorldLock                
0000db51  Gimbal_YawStopHold                        
0000dbdd  SYSCFG_DL_PWM_MOTOR_init                  
0000dc69  __aeabi_fmul                              
0000dc69  __mulsf3                                  
0000dcf5  CarController_GetRunMode                  
0000dd01  strcmp                                    
0000dd89  GimbalStepper_ConfirmZero                 
0000de0d  GimbalTracker_PushObservation             
0000de91  Motor_Init                                
0000df15  App_Init                                  
0000df97  __aeabi_ldiv0                             
0000df99  __aeabi_fdiv                              
0000df99  __divsf3                                  
0000e01d  GimbalTracker_Init                        
0000e09d  Motor_Stop                                
0000e11d  CarController_SetSafetyHold               
0000e199  VisionPitchTuning_Set                     
0000e215  __TI_decompress_lzss                      
0000e37d  GimbalStepper_Release                     
0000e3ed  Menu_GetParamValue                        
0000e45d  SYSCFG_DL_UART_VISION_init                
0000e4cd  VisionYawTuning_Set                       
0000e53d  TrackSensor_DetectTurn                    
0000e5ad  GimbalVisionYawTracker_Init               
0000e619  MissionManager_GetSelectedMissionIndex    
0000e681  TrackSensor_GetErrorFromRaw               
0000e6e9  Gimbal_YawRelease                         
0000e74d  __aeabi_fcmpeq                            
0000e761  __aeabi_fcmplt                            
0000e775  __aeabi_fcmple                            
0000e789  __aeabi_fcmpge                            
0000e79d  __aeabi_fcmpgt                            
0000e7af  memset                                    
0000e811  GimbalTracker_Enable                      
0000e871  GimbalTracker_GetFeedback                 
0000e8d1  VisionTuningConsole_Init                  
0000e931  __aeabi_f2lz                              
0000e931  __fixsfdi                                 
0000e9f1  OLED_PrintBinary7                         
0000ea51  UART3_IRQHandler                          
0000eaad  Ultrasonic_Update_20ms                    
0000eb65  Gimbal_YawMoveRelativeDeg                 
0000ebbd  __aeabi_idiv                              
0000ebbd  __aeabi_idivmod                           
0000ec15  TrackSensor_ReadRaw                       
0000ed11  MissionManager_Start                      
0000ed61  Ultrasonic_Init                           
0000edb1  WatchdogMonitor_ApplyFaultIfNeeded        
0000ee01  __aeabi_l2f                               
0000ee01  __floatdisf                               
0000ee51  MotorControl_Stop                         
0000ee9d  WatchdogMonitor_Tick1msFromIsr            
0000ef35  DL_UART_init                              
0000ef7d  MissionManager_Init                       
0000efc5  MotionAction_ReapplyControllerTarget      
0000f00d  Encoder_GetAndClearPulseDeltas            
0000f051  Servo_Tick100us                           
0000f095  EmergencyStop_Reset                       
0000f0d5  GimbalVisionPitchTracker_Init             
0000f115  SYSCFG_DL_SYSCTL_init                     
0000f155  SYSCFG_DL_initPower                       
0000f195  VisionReceiver_PushByteFromIsr            
0000f1d5  __aeabi_uidiv                             
0000f1d5  __aeabi_uidivmod                          
0000f215  __divmoddi4                               
0000f255  GimbalTracker_ClearObservation            
0000f291  Servo_SetAngleDeg                         
0000f2cd  VisionTuningConsole_PushByteFromIsr       
0000f309  __aeabi_i2f                               
0000f309  __floatsisf                               
0000f345  __gesf2                                   
0000f345  __gtsf2                                   
0000f381  __TI_auto_init_nobinit_nopinit            
0000f3bd  __cmpsf2                                  
0000f3bd  __eqsf2                                   
0000f3bd  __lesf2                                   
0000f3bd  __ltsf2                                   
0000f3bd  __nesf2                                   
0000f3f9  __muldsi3                                 
0000f435  VisionReceiver_Init                       
0000f46d  __aeabi_f2iz                              
0000f46d  __fixsfsi                                 
0000f4a5  EmergencyStop_Trigger                     
0000f4d9  MissionManager_Cancel                     
0000f50d  OLED_SetCursor                            
0000f541  VisionTuningConsole_TryPopTxByte          
0000f575  VisionUart_Process                        
0000f5dd  OLED_PrintString                          
0000f611  Fault_Raise                               
0000f641  GimbalVisionYawTracker_GetFeedback        
0000f671  Gimbal_PitchGetFeedback                   
0000f6a1  Key_Init                                  
0000f6d1  LineController_ObserveSensors             
0000f701  MissionManager_Reset                      
0000f731  MissionManager_Resume                     
0000f761  VisionPitchTuning_RestoreDefault          
0000f791  WatchdogMonitor_Init                      
0000f7f1  Encoder_Reset                             
0000f81d  TrackSensor_CountBlack                    
0000f849  VisionYawTuning_RestoreDefault            
0000f8a1  ObstacleAvoidance_Init                    
0000f8c9  Servo_Init                                
0000f8f1  VisionPitchTuning_Init                    
0000f919  WatchdogMonitor_Reset                     
0000f941  __aeabi_ui2f                              
0000f941  __floatunsisf                             
0000f969  memmove                                   
0000f991  _c_int00_noargs                           
0000f9b9  CarController_Stop                        
0000f9dd  EmergencyStop_Enforce                     
0000fa01  GimbalVisionPitchTracker_GetFeedback      
0000fa25  MissionManager_ReportExternalFailure      
0000fa49  MotorControl_Init                         
0000fa6d  MotorControl_Reset                        
0000fa91  SYSCFG_DL_init                            
0000fab5  VisionYawTuning_Init                      
0000fad9  __aeabi_lmul                              
0000fad9  __muldi3                                  
0000fafd  DL_Timer_overrideCCPOut                   
0000fb1d  DebugTelemetry_Update                     
0000fb3d  MissionManager_Pause                      
0000fb5d  MotionAction_GetCurrentBypassDirection    
0000fb7d  MotionAction_GetCurrentObstaclePolicy     
0000fb9d  MotionAction_Init                         
0000fbbd  SchedulerMonitor_GetStats                 
0000fbdd  VisionReceiver_GetProtocolErrorCount      
0000fc3d  __aeabi_llsl                              
0000fc3d  __ashldi3                                 
0000fc5d  DL_Timer_setCaptCompUpdateMethod          
0000fc79  DL_Timer_setClockConfig                   
0000fc95  GimbalVisionAdapter_Init                  
0000fcb1  Imu_IsReady                               
0000fccd  Menu_Init                                 
0000fce9  ObstacleMonitor_Init                      
0000fd05  ObstacleSafety_Init                       
0000fd21  VisionPitchTuning_ParamName               
0000fd3d  VisionYawTuning_GetSnapshot               
0000fd59  VisionYawTuning_ParamName                 
0000fd75  WatchdogMonitor_NotifyControlCycleComplete
0000fdad  CarController_RunModeToString             
0000fdc5  DL_Timer_setCaptureCompareOutCtl          
0000fddd  DebugTelemetry_Init                       
0000fdf5  HeadingControl_LockCurrentYaw             
0000fe0d  HeadingControl_SetTargetYaw               
0000fe25  Menu_ParamItemToString                    
0000fe3d  MissionLibrary_FindById                   
0000fe55  MotionAction_Cancel                       
0000fe6d  RuntimeSnapshot_Init                      
0000fe85  __aeabi_fcmpun                            
0000fe85  __unordsf2                                
0000fe9d  Fault_Clear                               
0000feb1  Fault_Init                                
0000fec5  GROUP1_IRQHandler                         
0000fed9  GimbalStepper_SetStepHalfPeriodTicks      
0000feed  HeadingControl_Enable                     
0000ff01  HeadingControl_Init                       
0000ff15  HeadingControl_Reset                      
0000ff29  MissionLibrary_GetByIndex                 
0000ff3d  MissionManager_GetSelectedMissionId       
0000ff51  VisionPitchTuning_GetSnapshot             
0000ff65  VisionUart_Init                           
0000ff79  __aeabi_ldivmod                           
0000ff8d  __aeabi_uldivmod                          
0000ffa1  DL_UART_setClockConfig                    
0000ffb3  __TI_decompress_none                      
0000ffc5  DL_Timer_setCaptureCompareValue           
0000ffd5  Gimbal_YawGetFeedback                     
0000ffe5  Key_GetEvent                              
0000fff5  ObstacleAvoidance_IsResumeGraceActive     
00010005  __TI_zero_init                            
00010015  CarController_IsSafetyHoldActive          
00010021  CarState_Get                              
0001002d  CarState_Init                             
00010039  CarState_Set                              
00010045  EmergencyStop_Init                        
00010051  EmergencyStop_IsActive                    
0001005d  GimbalVisionAdapter_GetObservation        
00010069  Gimbal_Tick100us                          
00010075  Gimbal_Update5ms                          
00010081  Imu_GetCorrectedGyroZDps                  
0001008d  Imu_GetYaw                                
00010099  Imu_ResetYaw                              
000100a5  Menu_GetPage                              
000100b1  Menu_GetParamItem                         
000100bd  MissionManager_IsExternallyHeld           
000100c9  MissionManager_SetExternalHold            
000100d5  ObstacleAvoidance_IsActive                
000100e1  ObstacleAvoidance_IsFailed                
000100ed  ObstacleSafety_IsHolding                  
000100f9  OledUi_Init                               
00010105  SystemTime_GetMs                          
00010111  WatchdogMonitor_HasTripped                
0001011d  __aeabi_memclr                            
0001011d  __aeabi_memclr4                           
0001011d  __aeabi_memclr8                           
00010129  DL_Common_delayCycles                     
00010133  TrackSensor_IsCenterDetected              
0001013d  TrackSensor_IsLineDetected                
00010147  TrackSensor_IsLineLost                    
00010151  CarController_GetFeedback                 
00010159  Fault_GetRecord                           
00010161  GimbalStepper_GetFeedback                 
00010169  GimbalVisionAdapter_GetFeedback           
00010171  Gimbal_PitchStopTrackingHold              
00010179  HeadingControl_GetRuntime                 
00010181  Imu_GetRuntime                            
00010189  LineController_GetRuntime                 
00010191  MissionManager_GetMissionCount            
00010199  MissionManager_GetRuntime                 
000101a1  MotionAction_GetRuntime                   
000101a9  MotorControl_GetRuntime                   
000101b1  ObstacleAvoidance_GetFeedback             
000101b9  ObstacleMonitor_GetFeedback               
000101c1  Servo_GetFeedback                         
000101c9  Ultrasonic_GetFeedback                    
000101d1  VisionPitchTuning_GetStatus               
000101d9  VisionReceiver_GetObservation             
000101e1  VisionReceiver_GetStatus                  
000101e9  VisionTuningConsole_GetStatus             
000101f1  WatchdogMonitor_GetStatus                 
000101f9  WheelSpeedEstimator_GetRuntime            
00010201  __aeabi_memcpy                            
00010201  __aeabi_memcpy4                           
00010201  __aeabi_memcpy8                           
00010209  __aeabi_memmove                           
00010209  __aeabi_memmove4                          
00010209  __aeabi_memmove8                          
00010211  abort                                     
00010216  C$$EXIT                                   
00010217  HOSTexit                                  
0001021b  MissionLibrary_GetCount                   
0001021f  Reset_Handler                             
00010235  _system_pre_init                          
00010b50  __TI_Handler_Table_Base                   
00010b5c  __TI_Handler_Table_Limit                  
00010b6c  __TI_CINIT_Base                           
00010b7c  __TI_CINIT_Limit                          
00010b7c  __TI_CINIT_Warm                           
20200000  __start___llvm_prf_bits                   
20200000  __start___llvm_prf_cnts                   
20200000  __stop___llvm_prf_bits                    
20200000  __stop___llvm_prf_cnts                    
20200528  g_appConfig                               
202006c0  g_wheelSpeedEstimatorRuntime              
20200820  g_appRuntime                              
20200894  gUART_VISIONBackup                        
2020096c  g_imuRuntime                              
20200a90  g_headingRuntime                          
20200be6  g_trackError                              
20200c29  g_carStateDebug                           
20200c2a  g_keyEvent                                
20200c2b  g_oledPageDebug                           
20200c2c  g_paramItemDebug                          
20200c2d  g_trackBlackCount                         
20200c2e  g_trackModeDebug                          
20200c2f  g_trackRaw                                
20200c30  g_trackTurnDebug                          
20207e00  __stack                                   
20208000  __STACK_END                               
ffffffff  __TI_pprof_out_hndl                       
ffffffff  __TI_prof_data_size                       
ffffffff  __TI_prof_data_start                      
ffffffff  __binit__                                 
ffffffff  binit                                     
UNDEFED   __mpu_init                                
UNDEFED   _system_post_cinit                        

[388 symbols]
