******************************************************************************
            TI ARM Clang Linker PC v4.0.4                      
******************************************************************************
>> Linked Thu Jul 23 17:00:32 2026

OUTPUT FILE NAME:   <diansaikaishi.out>
ENTRY POINT SYMBOL: "_c_int00_noargs"  address: 0000fcb1


MEMORY CONFIGURATION

         name            origin    length      used     unused   attr    fill
----------------------  --------  ---------  --------  --------  ----  --------
  FLASH                 00000000   00020000  000110a8  0000ef58  R  X
  SRAM                  20200000   00008000  00000e32  000071ce  RW X
  BCR_CONFIG            41c00000   000000ff  00000000  000000ff  R   
  BSL_CONFIG            41c00100   00000080  00000000  00000080  R   


SEGMENT ALLOCATION MAP

run origin  load origin   length   init length attrs members
----------  ----------- ---------- ----------- ----- -------
00000000    00000000    000110a8   000110a8    r-x
  00000000    00000000    000000c0   000000c0    r-- .intvecs
  000000c0    000000c0    00010480   00010480    r-x .text
  00010540    00010540    00000b38   00000b38    r-- .rodata
  00011078    00011078    00000030   00000030    r-- .cinit
20200000    20200000    00000c32   00000000    rw-
  20200000    20200000    00000c31   00000000    rw- .bss
  20200c31    20200c31    00000001   00000000    rw- .data
20207e00    20207e00    00000200   00000000    rw-
  20207e00    20207e00    00000200   00000000    rw- .stack


SECTION ALLOCATION MAP

 output                                  attributes/
section   page    origin      length       input sections
--------  ----  ----------  ----------   ----------------
.intvecs   0    00000000    000000c0     
                  00000000    000000c0     startup_mspm0g350x_ticlang.o (.intvecs)

.text      0    000000c0    00010480     
                  000000c0    00002030     oled_ui.o (.text.OledUi_Update_20ms)
                  000020f0    00001dd4     vision_tuning_console.o (.text.VisionTuningConsole_Process)
                  00003ec4    0000047c     gimbal_tracker.o (.text.GimbalTracker_Update)
                  00004340    00000448     motor_control.o (.text.update_wheel)
                  00004788    0000041c     wheel_speed_estimator.o (.text.WheelSpeedEstimator_Update)
                  00004ba4    000003b0     line_controller.o (.text.LineController_Update)
                  00004f54    000003b0     vision_receiver.o (.text.VisionReceiver_Process)
                  00005304    00000390     app_config.o (.text.AppConfig_LimitAll)
                  00005694    00000388     gimbal_vision_yaw_tracker.o (.text.GimbalVisionYawTracker_Update10ms)
                  00005a1c    0000037c     menu.o (.text.Menu_HandleKeyEvent)
                  00005d98    00000370     gimbal.o (.text.gimbal_update_feedback)
                  00006108    00000340     obstacle_avoidance.o (.text.ObstacleAvoidance_Update_20ms)
                  00006448    00000310     vision_tuning_console.o (.text.append_scaled)
                  00006758    000002f0     imu.o (.text.mpu6050_read_regs)
                  00006a48    000002e4     runtime_snapshot.o (.text.RuntimeSnapshot_Update)
                  00006d2c    000002d8     imu.o (.text.Imu_Init)
                  00007004    000002a8     gimbal_tracker.o (.text.update_feedback)
                  000072ac    00000298     gimbal.o (.text.Gimbal_YawSetWrappedTargetDeg)
                  00007544    00000294     gimbal.o (.text.Gimbal_YawUpdate5ms)
                  000077d8    00000290     gimbal.o (.text.Gimbal_PitchSetTrackingSpeedDegS)
                  00007a68    00000288     motor_control.o (.text.MotorControl_Update)
                  00007cf0    00000278     car_controller.o (.text.handle_turn_to_yaw)
                  00007f68    00000260     gimbal.o (.text.gimbal_pitch_set_target_steps)
                  000081c8    00000254     oled.o (.text.OLED_Clear)
                  0000841c    00000238     gimbal.o (.text.gimbal_pitch_update_feedback)
                  00008654    00000234     motion_action.o (.text.MotionAction_Update_20ms)
                  00008888    00000228     gimbal_vision_pitch_tracker.o (.text.GimbalVisionPitchTracker_Update10ms)
                  00008ab0    00000214     imu.o (.text.Imu_CalibrateGyroBias)
                  00008cc4    00000204     motor.o (.text.Motor_SetSpeed)
                  00008ec8    000001f4     vision_protocol.o (.text.VisionProtocol_ParseV1TargetFrame)
                  000090bc    000001e4     motor_control.o (.text.config_is_valid)
                  000092a0    000001cc     imu.o (.text.imu_i2c_write_byte)
                  0000946c    000001bc     gimbal.o (.text.Gimbal_PitchUpdate5ms)
                  00009628    000001b8     oled.o (.text.oled_i2c_write_byte)
                  000097e0    000001a0     ultrasonic.o (.text.Ultrasonic_Tick100us)
                  00009980    00000194     gimbal_stepper.o (.text.GimbalStepper_Tick100us)
                  00009b14    00000188     gimbal_vision_yaw_tracker.o (.text.GimbalVisionYawTracker_Enable)
                  00009c9c    00000180     gimbal.o (.text.Gimbal_PitchTick100us)
                  00009e1c    0000017c     app_config.o (.text.AppConfig_InitDefault)
                  00009f98    0000017c     gimbal_stepper.o (.text.GimbalStepper_MoveToEstimatedSteps)
                  0000a114    00000174     key.o (.text.Key_Update_20ms)
                  0000a288    0000016c     gimbal.o (.text.Gimbal_Init)
                  0000a3f4    00000168     empty.o (.text.main)
                  0000a55c    00000164     heading_control.o (.text.HeadingControl_Update)
                  0000a6c0    00000160     gimbal.o (.text.gimbal_yaw_set_target_x10)
                  0000a820    00000160     car_controller.o (.text.handle_lost_recover)
                  0000a980    00000158     vision_tuning_console.o (.text.send_parameter_reply)
                  0000aad8    00000158     vision_tuning_console.o (.text.send_yaw_parameter_reply)
                  0000ac30    00000154     car_controller.o (.text.handle_seek_line)
                  0000ad84    00000150     car_controller.o (.text.CarController_Update_20ms)
                  0000aed4    0000013c     oled.o (.text.OLED_PrintInt16)
                  0000b010    00000134     imu.o (.text.Imu_Update)
                  0000b144    00000134     car_controller.o (.text.handle_drive_heading)
                  0000b278    0000012c     imu.o (.text.imu_i2c_recover_bus)
                  0000b3a4    00000128     app.o (.text.App_Update_20ms)
                  0000b4cc    00000128     gimbal.o (.text.Gimbal_YawEnableWorldLock)
                  0000b5f4    00000128     motion_action.o (.text.MotionAction_Start)
                  0000b71c    00000124     vision_tuning_console.o (.text.send_simple_reply)
                  0000b840    00000124     gimbal_vision_yaw_tracker.o (.text.sync_target_from_yaw)
                  0000b964    00000120     car_controller.o (.text.handle_follow_line)
                  0000ba84    00000108     car_controller.o (.text.handle_turn_90)
                  0000bb8c    00000104     driverlib.a : dl_timer.o (.text.DL_Timer_initFourCCPWMMode)
                  0000bc90    00000100     motor_control.o (.text.MotorControl_SetNormalizedTarget)
                  0000bd90    000000fc     gimbal.o (.text.Gimbal_PitchRelease)
                  0000be8c    000000fc     mission_manager.o (.text.MissionManager_Update_20ms)
                  0000bf88    000000fc     empty.o (.text.SysTick_Handler)
                  0000c084    000000f0     gimbal.o (.text.Gimbal_PitchStopHold)
                  0000c174    000000f0     mission_manager.o (.text.MissionManager_SelectNext)
                  0000c264    000000ec     gimbal_tracker.o (.text.sync_targets_from_gimbal)
                  0000c350    000000e8     vision_protocol.o (.text.fields_are_valid)
                  0000c438    000000e0     obstacle_safety.o (.text.ObstacleSafety_Update_20ms)
                  0000c518    000000dc     gimbal.o (.text.Gimbal_PitchConfirmZero)
                  0000c5f4    000000dc     ti_msp_dl_config.o (.text.SYSCFG_DL_GPIO_init)
                  0000c6d0    000000dc     oled_ui.o (.text.print_tuning_change_value)
                  0000c7ac    000000d8     line_controller.o (.text.LineController_ResetControlState)
                  0000c884    000000d8     mission_manager.o (.text.MissionManager_SelectPrevious)
                  0000c95c    000000d8     oled.o (.text.OLED_PrintUInt16)
                  0000ca34    000000d8     wheel_speed_estimator.o (.text.WheelSpeedEstimator_Init)
                  0000cb0c    000000d8     menu.o (.text.menu_adjust_param)
                  0000cbe4    000000d8     libclang_rt.builtins.a : addsf3.S.obj (.text)
                  0000ccbc    000000d4     line_controller.o (.text.LineController_Init)
                  0000cd90    000000d4     line_controller.o (.text.LineController_Reset)
                  0000ce64    000000d4     oled.o (.text.OLED_Init)
                  0000cf38    000000d0     oled.o (.text.OLED_PrintChar)
                  0000d008    000000c8     fault.o (.text.FaultCode_ToShortString)
                  0000d0d0    000000c8     gimbal.o (.text.Gimbal_YawConfirmZero)
                  0000d198    000000c0     car_controller.o (.text.CarController_StartSeekLine)
                  0000d258    000000bc     car_controller.o (.text.CarController_StartTurnToYawRelative)
                  0000d314    000000b4     car_controller.o (.text.CarController_StartDriveHeading)
                  0000d3c8    000000b4     gimbal_stepper.o (.text.GimbalStepper_StopHold)
                  0000d47c    000000b4     gimbal_vision_adapter.o (.text.GimbalVisionAdapter_Update)
                  0000d530    000000b0     gimbal_stepper.o (.text.GimbalStepper_Init)
                  0000d5e0    000000b0     gimbal.o (.text.Gimbal_PitchMoveRelativeDeg)
                  0000d690    000000a8     gimbal_vision_pitch_tracker.o (.text.GimbalVisionPitchTracker_Enable)
                  0000d738    000000a4     encoder.o (.text.Encoder_HandleGpioInterrupt)
                  0000d7dc    000000a4     gimbal_vision_yaw_tracker.o (.text.wrap_deg_360)
                  0000d880    000000a2     libclang_rt.builtins.a : udivmoddi4.S.obj (.text)
                  0000d922    00000002     startup_mspm0g350x_ticlang.o (.text.Default_Handler)
                  0000d924    0000009c     car_controller.o (.text.CarController_StartFollowLine)
                  0000d9c0    0000009c     obstacle_monitor.o (.text.ObstacleMonitor_Update_20ms)
                  0000da5c    0000009a     libc.a : memcpy16.S.obj (.text:memcpy)
                  0000daf6    00000002     track_sensor.o (.text.TrackSensor_Init)
                  0000daf8    00000098     imu.o (.text.mpu6050_write_reg)
                  0000db90    00000090     car_controller.o (.text.CarController_Init)
                  0000dc20    00000090     car_controller.o (.text.CarController_StartTurnRight90)
                  0000dcb0    0000008c     car_controller.o (.text.CarController_ResetRuntime)
                  0000dd3c    0000008c     car_controller.o (.text.CarController_StartTurnLeft90)
                  0000ddc8    0000008c     gimbal.o (.text.Gimbal_YawDisableWorldLock)
                  0000de54    0000008c     gimbal.o (.text.Gimbal_YawStopHold)
                  0000dee0    0000008c     ti_msp_dl_config.o (.text.SYSCFG_DL_PWM_MOTOR_init)
                  0000df6c    0000008c     libclang_rt.builtins.a : mulsf3.S.obj (.text.__mulsf3)
                  0000dff8    00000008     car_controller.o (.text.CarController_GetFeedback)
                  0000e000    00000088     libc.a : strcmp-armv6m.S.obj (.text:strcmp)
                  0000e088    00000084     gimbal_stepper.o (.text.GimbalStepper_ConfirmZero)
                  0000e10c    00000084     gimbal_tracker.o (.text.GimbalTracker_PushObservation)
                  0000e190    00000084     motor.o (.text.Motor_Init)
                  0000e214    00000082     app.o (.text.App_Init)
                  0000e296    00000082     mission_library.o (.text.MissionLibrary_Validate)
                  0000e318    00000082     libclang_rt.builtins.a : divsf3.S.obj (.text.__divsf3)
                  0000e39a    00000002                            : aeabi_div0.c.obj (.text.__aeabi_idiv0)
                  0000e39c    00000080     gimbal_tracker.o (.text.GimbalTracker_Init)
                  0000e41c    00000080     motor.o (.text.Motor_Stop)
                  0000e49c    0000007c     car_controller.o (.text.CarController_SetSafetyHold)
                  0000e518    0000007c     vision_pitch_tuning.o (.text.VisionPitchTuning_Set)
                  0000e594    0000007c     libc.a : copy_decompress_lzss.c.obj (.text:decompress:lzss)
                  0000e610    00000078     oled.o (.text.oled_write_command)
                  0000e688    00000074     motor_control.o (.text.latch_control_error)
                  0000e6fc    00000070     gimbal_stepper.o (.text.GimbalStepper_Release)
                  0000e76c    00000070     menu.o (.text.Menu_GetParamValue)
                  0000e7dc    00000070     ti_msp_dl_config.o (.text.SYSCFG_DL_UART_VISION_init)
                  0000e84c    00000070     vision_yaw_tuning.o (.text.VisionYawTuning_Set)
                  0000e8bc    0000006e     track_sensor.o (.text.TrackSensor_DetectTurn)
                  0000e92a    00000002     libclang_rt.builtins.a : aeabi_div0.c.obj (.text.__aeabi_ldiv0)
                  0000e92c    0000006c     gimbal_vision_yaw_tracker.o (.text.GimbalVisionYawTracker_Init)
                  0000e998    00000068     mission_manager.o (.text.MissionManager_GetSelectedMissionIndex)
                  0000ea00    00000066     track_sensor.o (.text.TrackSensor_GetErrorFromRaw)
                  0000ea66    00000002     --HOLE-- [fill = 0]
                  0000ea68    00000064     gimbal.o (.text.Gimbal_YawRelease)
                  0000eacc    00000062     libclang_rt.builtins.a : aeabi_fcmp.S.obj (.text.__aeabi_fcmp)
                  0000eb2e    00000062     libc.a : memset16.S.obj (.text:memset)
                  0000eb90    00000060     gimbal_tracker.o (.text.GimbalTracker_Enable)
                  0000ebf0    00000060     gimbal_tracker.o (.text.GimbalTracker_GetFeedback)
                  0000ec50    00000060     vision_tuning_console.o (.text.VisionTuningConsole_Init)
                  0000ecb0    00000060     libclang_rt.builtins.a : fixsfdi.S.obj (.text.__fixsfdi)
                  0000ed10    00000060     motion_action.o (.text.motion_action_resolve_yaw_target)
                  0000ed70    0000005c     vision_uart.o (.text.UART3_IRQHandler)
                  0000edcc    0000005c     ultrasonic.o (.text.Ultrasonic_Update_20ms)
                  0000ee28    0000005c     obstacle_avoidance.o (.text.avoid_fail)
                  0000ee84    00000058     gimbal.o (.text.Gimbal_YawMoveRelativeDeg)
                  0000eedc    00000056     libclang_rt.builtins.a : aeabi_idivmod.S.obj (.text.__aeabi_idivmod)
                  0000ef32    00000002     --HOLE-- [fill = 0]
                  0000ef34    00000054     track_sensor.o (.text.TrackSensor_ReadRaw)
                  0000ef88    00000054     gimbal_vision_yaw_tracker.o (.text.float_to_scaled_i16)
                  0000efdc    00000054     gimbal_vision_yaw_tracker.o (.text.stop_owned_tracking)
                  0000f030    00000050     mission_manager.o (.text.MissionManager_Start)
                  0000f080    00000050     ultrasonic.o (.text.Ultrasonic_Init)
                  0000f0d0    00000050     watchdog_monitor.o (.text.WatchdogMonitor_ApplyFaultIfNeeded)
                  0000f120    0000004e     libclang_rt.builtins.a : floatdisf.S.obj (.text.__floatdisf)
                  0000f16e    00000002     --HOLE-- [fill = 0]
                  0000f170    0000004c     motor_control.o (.text.MotorControl_Stop)
                  0000f1bc    0000004c     watchdog_monitor.o (.text.WatchdogMonitor_Tick1msFromIsr)
                  0000f208    0000004a     obstacle_avoidance.o (.text.avoid_can_start)
                  0000f252    00000002     --HOLE-- [fill = 0]
                  0000f254    00000048     driverlib.a : dl_uart.o (.text.DL_UART_init)
                  0000f29c    00000048     mission_manager.o (.text.MissionManager_Init)
                  0000f2e4    00000048     motion_action.o (.text.MotionAction_ReapplyControllerTarget)
                  0000f32c    00000044     encoder.o (.text.Encoder_GetAndClearPulseDeltas)
                  0000f370    00000044     servo.o (.text.Servo_Tick100us)
                  0000f3b4    00000040     emergency_stop.o (.text.EmergencyStop_Reset)
                  0000f3f4    00000040     gimbal_vision_pitch_tracker.o (.text.GimbalVisionPitchTracker_Init)
                  0000f434    00000040     ti_msp_dl_config.o (.text.SYSCFG_DL_SYSCTL_init)
                  0000f474    00000040     ti_msp_dl_config.o (.text.SYSCFG_DL_initPower)
                  0000f4b4    00000040     vision_receiver.o (.text.VisionReceiver_PushByteFromIsr)
                  0000f4f4    00000040     libclang_rt.builtins.a : aeabi_uidivmod.S.obj (.text.__aeabi_uidivmod)
                  0000f534    0000003e                            : divmoddi4.c.obj (.text.__divmoddi4)
                  0000f572    00000002     --HOLE-- [fill = 0]
                  0000f574    0000003c     gimbal_tracker.o (.text.GimbalTracker_ClearObservation)
                  0000f5b0    0000003c     servo.o (.text.Servo_SetAngleDeg)
                  0000f5ec    0000003c     vision_tuning_console.o (.text.VisionTuningConsole_PushByteFromIsr)
                  0000f628    0000003c     libclang_rt.builtins.a : floatsisf.S.obj (.text.__floatsisf)
                  0000f664    0000003c                            : comparesf2.S.obj (.text.__gtsf2)
                  0000f6a0    0000003c     libc.a : autoinit.c.obj (.text:__TI_auto_init_nobinit_nopinit)
                  0000f6dc    0000003a     libclang_rt.builtins.a : comparesf2.S.obj (.text.__eqsf2)
                  0000f716    00000002     --HOLE-- [fill = 0]
                  0000f718    0000003a                            : muldsi3.S.obj (.text.__muldsi3)
                  0000f752    00000002     --HOLE-- [fill = 0]
                  0000f754    00000038     vision_receiver.o (.text.VisionReceiver_Init)
                  0000f78c    00000038     libclang_rt.builtins.a : fixsfsi.S.obj (.text.__fixsfsi)
                  0000f7c4    00000034     emergency_stop.o (.text.EmergencyStop_Trigger)
                  0000f7f8    00000034     mission_manager.o (.text.MissionManager_Cancel)
                  0000f82c    00000034     oled.o (.text.OLED_SetCursor)
                  0000f860    00000034     vision_tuning_console.o (.text.VisionTuningConsole_TryPopTxByte)
                  0000f894    00000034     vision_uart.o (.text.VisionUart_Process)
                  0000f8c8    00000034     obstacle_avoidance.o (.text.avoid_start)
                  0000f8fc    00000032     oled.o (.text.OLED_PrintString)
                  0000f92e    00000002     --HOLE-- [fill = 0]
                  0000f930    00000030     fault.o (.text.Fault_Raise)
                  0000f960    00000030     gimbal_vision_yaw_tracker.o (.text.GimbalVisionYawTracker_GetFeedback)
                  0000f990    00000030     gimbal.o (.text.Gimbal_PitchGetFeedback)
                  0000f9c0    00000030     key.o (.text.Key_Init)
                  0000f9f0    00000030     line_controller.o (.text.LineController_ObserveSensors)
                  0000fa20    00000030     mission_manager.o (.text.MissionManager_Reset)
                  0000fa50    00000030     mission_manager.o (.text.MissionManager_Resume)
                  0000fa80    00000030     vision_pitch_tuning.o (.text.VisionPitchTuning_RestoreDefault)
                  0000fab0    00000030     watchdog_monitor.o (.text.WatchdogMonitor_Init)
                  0000fae0    00000030     gimbal_vision_yaw_tracker.o (.text.refresh_yaw_feedback)
                  0000fb10    0000002c     encoder.o (.text.Encoder_Reset)
                  0000fb3c    0000002c     track_sensor.o (.text.TrackSensor_CountBlack)
                  0000fb68    0000002c     vision_yaw_tuning.o (.text.VisionYawTuning_RestoreDefault)
                  0000fb94    0000002c     gimbal_vision_pitch_tracker.o (.text.speed_to_x10)
                  0000fbc0    00000028     obstacle_avoidance.o (.text.ObstacleAvoidance_Init)
                  0000fbe8    00000028     servo.o (.text.Servo_Init)
                  0000fc10    00000028     vision_pitch_tuning.o (.text.VisionPitchTuning_Init)
                  0000fc38    00000028     watchdog_monitor.o (.text.WatchdogMonitor_Reset)
                  0000fc60    00000028     libclang_rt.builtins.a : floatunsisf.S.obj (.text.__floatunsisf)
                  0000fc88    00000028     libc.a : memmov.c.obj (.text.memmove)
                  0000fcb0    00000028            : boot_cortex_m.c.obj (.text:_c_int00_noargs)
                  0000fcd8    00000024     car_controller.o (.text.CarController_Stop)
                  0000fcfc    00000024     emergency_stop.o (.text.EmergencyStop_Enforce)
                  0000fd20    00000024     gimbal_vision_pitch_tracker.o (.text.GimbalVisionPitchTracker_GetFeedback)
                  0000fd44    00000024     mission_manager.o (.text.MissionManager_ReportExternalFailure)
                  0000fd68    00000024     motor_control.o (.text.MotorControl_Init)
                  0000fd8c    00000024     motor_control.o (.text.MotorControl_Reset)
                  0000fdb0    00000024     ti_msp_dl_config.o (.text.SYSCFG_DL_init)
                  0000fdd4    00000024     vision_yaw_tuning.o (.text.VisionYawTuning_Init)
                  0000fdf8    00000024     libclang_rt.builtins.a : muldi3.S.obj (.text.__muldi3)
                  0000fe1c    00000020     driverlib.a : dl_timer.o (.text.DL_Timer_overrideCCPOut)
                  0000fe3c    00000020     debug_telemetry.o (.text.DebugTelemetry_Update)
                  0000fe5c    00000020     mission_manager.o (.text.MissionManager_Pause)
                  0000fe7c    00000020     motion_action.o (.text.MotionAction_GetCurrentBypassDirection)
                  0000fe9c    00000020     motion_action.o (.text.MotionAction_GetCurrentObstaclePolicy)
                  0000febc    00000020     motion_action.o (.text.MotionAction_Init)
                  0000fedc    00000020     empty.o (.text.SchedulerMonitor_GetStats)
                  0000fefc    00000020     vision_receiver.o (.text.VisionReceiver_GetProtocolErrorCount)
                  0000ff1c    00000020     menu.o (.text.menu_next_main_page)
                  0000ff3c    00000020     mission_manager.o (.text.mission_finish_error)
                  0000ff5c    0000001e     libclang_rt.builtins.a : ashldi3.S.obj (.text.__ashldi3)
                  0000ff7a    00000002     --HOLE-- [fill = 0]
                  0000ff7c    0000001c     driverlib.a : dl_timer.o (.text.DL_Timer_setCaptCompUpdateMethod)
                  0000ff98    0000001c                 : dl_timer.o (.text.DL_Timer_setClockConfig)
                  0000ffb4    0000001c     gimbal_vision_adapter.o (.text.GimbalVisionAdapter_Init)
                  0000ffd0    0000001c     imu.o (.text.Imu_IsReady)
                  0000ffec    0000001c     menu.o (.text.Menu_Init)
                  00010008    0000001c     obstacle_monitor.o (.text.ObstacleMonitor_Init)
                  00010024    0000001c     obstacle_safety.o (.text.ObstacleSafety_Init)
                  00010040    0000001c     vision_pitch_tuning.o (.text.VisionPitchTuning_ParamName)
                  0001005c    0000001c     vision_yaw_tuning.o (.text.VisionYawTuning_GetSnapshot)
                  00010078    0000001c     vision_yaw_tuning.o (.text.VisionYawTuning_ParamName)
                  00010094    0000001c     watchdog_monitor.o (.text.WatchdogMonitor_NotifyControlCycleComplete)
                  000100b0    0000001c     mission_manager.o (.text.mission_finish_success)
                  000100cc    00000018     car_controller.o (.text.CarController_RunModeToString)
                  000100e4    00000018     driverlib.a : dl_timer.o (.text.DL_Timer_setCaptureCompareOutCtl)
                  000100fc    00000018     debug_telemetry.o (.text.DebugTelemetry_Init)
                  00010114    00000018     heading_control.o (.text.HeadingControl_SetTargetYaw)
                  0001012c    00000018     menu.o (.text.Menu_ParamItemToString)
                  00010144    00000018     motion_action.o (.text.MotionAction_Cancel)
                  0001015c    00000018     runtime_snapshot.o (.text.RuntimeSnapshot_Init)
                  00010174    00000016     libclang_rt.builtins.a : comparesf2.S.obj (.text.__unordsf2)
                  0001018a    00000002     --HOLE-- [fill = 0]
                  0001018c    00000014     fault.o (.text.Fault_Clear)
                  000101a0    00000014     fault.o (.text.Fault_Init)
                  000101b4    00000014     empty.o (.text.GROUP1_IRQHandler)
                  000101c8    00000014     gimbal_stepper.o (.text.GimbalStepper_SetStepHalfPeriodTicks)
                  000101dc    00000014     heading_control.o (.text.HeadingControl_Enable)
                  000101f0    00000014     heading_control.o (.text.HeadingControl_Init)
                  00010204    00000014     heading_control.o (.text.HeadingControl_Reset)
                  00010218    00000014     mission_library.o (.text.MissionLibrary_FindById)
                  0001022c    00000014     mission_library.o (.text.MissionLibrary_GetByIndex)
                  00010240    00000014     mission_manager.o (.text.MissionManager_GetSelectedMissionId)
                  00010254    00000014     vision_pitch_tuning.o (.text.VisionPitchTuning_GetSnapshot)
                  00010268    00000014     vision_uart.o (.text.VisionUart_Init)
                  0001027c    00000014     libclang_rt.builtins.a : aeabi_ldivmod.S.obj (.text.__aeabi_ldivmod)
                  00010290    00000014                            : aeabi_uldivmod.S.obj (.text.__aeabi_uldivmod)
                  000102a4    00000012     driverlib.a : dl_uart.o (.text.DL_UART_setClockConfig)
                  000102b6    00000012     libc.a : copy_decompress_none.c.obj (.text:decompress:none)
                  000102c8    00000010     driverlib.a : dl_timer.o (.text.DL_Timer_setCaptureCompareValue)
                  000102d8    00000010     gimbal.o (.text.Gimbal_YawGetFeedback)
                  000102e8    00000010     key.o (.text.Key_GetEvent)
                  000102f8    00000010     obstacle_avoidance.o (.text.ObstacleAvoidance_IsResumeGraceActive)
                  00010308    00000010     libc.a : copy_zero_init.c.obj (.text:decompress:ZI)
                  00010318    0000000c     car_controller.o (.text.CarController_GetRunMode)
                  00010324    0000000c     car_controller.o (.text.CarController_IsSafetyHoldActive)
                  00010330    0000000c     car_state.o (.text.CarState_Get)
                  0001033c    0000000c     car_state.o (.text.CarState_Init)
                  00010348    0000000c     car_state.o (.text.CarState_Set)
                  00010354    0000000c     emergency_stop.o (.text.EmergencyStop_Init)
                  00010360    0000000c     emergency_stop.o (.text.EmergencyStop_IsActive)
                  0001036c    0000000c     gimbal_vision_adapter.o (.text.GimbalVisionAdapter_GetObservation)
                  00010378    0000000c     gimbal.o (.text.Gimbal_Tick100us)
                  00010384    0000000c     gimbal.o (.text.Gimbal_Update5ms)
                  00010390    0000000c     imu.o (.text.Imu_GetCorrectedGyroZDps)
                  0001039c    0000000c     imu.o (.text.Imu_GetYaw)
                  000103a8    0000000c     imu.o (.text.Imu_ResetYaw)
                  000103b4    0000000c     menu.o (.text.Menu_GetPage)
                  000103c0    0000000c     menu.o (.text.Menu_GetParamItem)
                  000103cc    0000000c     mission_manager.o (.text.MissionManager_IsExternallyHeld)
                  000103d8    0000000c     mission_manager.o (.text.MissionManager_SetExternalHold)
                  000103e4    0000000c     obstacle_avoidance.o (.text.ObstacleAvoidance_IsActive)
                  000103f0    0000000c     obstacle_avoidance.o (.text.ObstacleAvoidance_IsFailed)
                  000103fc    0000000c     obstacle_safety.o (.text.ObstacleSafety_IsHolding)
                  00010408    0000000c     oled_ui.o (.text.OledUi_Init)
                  00010414    0000000c     empty.o (.text.SystemTime_GetMs)
                  00010420    0000000c     watchdog_monitor.o (.text.WatchdogMonitor_HasTripped)
                  0001042c    0000000c     libclang_rt.builtins.a : aeabi_memset.S.obj (.text.__aeabi_memclr)
                  00010438    0000000a     driverlib.a : dl_common.o (.text.DL_Common_delayCycles)
                  00010442    0000000a     track_sensor.o (.text.TrackSensor_IsCenterDetected)
                  0001044c    0000000a     track_sensor.o (.text.TrackSensor_IsLineDetected)
                  00010456    0000000a     track_sensor.o (.text.TrackSensor_IsLineLost)
                  00010460    00000008     fault.o (.text.Fault_GetRecord)
                  00010468    00000008     gimbal_stepper.o (.text.GimbalStepper_GetFeedback)
                  00010470    00000008     gimbal_vision_adapter.o (.text.GimbalVisionAdapter_GetFeedback)
                  00010478    00000008     gimbal.o (.text.Gimbal_PitchStopTrackingHold)
                  00010480    00000008     heading_control.o (.text.HeadingControl_GetRuntime)
                  00010488    00000008     imu.o (.text.Imu_GetRuntime)
                  00010490    00000008     line_controller.o (.text.LineController_GetRuntime)
                  00010498    00000008     mission_manager.o (.text.MissionManager_GetMissionCount)
                  000104a0    00000008     mission_manager.o (.text.MissionManager_GetRuntime)
                  000104a8    00000008     motion_action.o (.text.MotionAction_GetRuntime)
                  000104b0    00000008     motor_control.o (.text.MotorControl_GetRuntime)
                  000104b8    00000008     obstacle_avoidance.o (.text.ObstacleAvoidance_GetFeedback)
                  000104c0    00000008     obstacle_monitor.o (.text.ObstacleMonitor_GetFeedback)
                  000104c8    00000008     servo.o (.text.Servo_GetFeedback)
                  000104d0    00000008     ultrasonic.o (.text.Ultrasonic_GetFeedback)
                  000104d8    00000008     vision_pitch_tuning.o (.text.VisionPitchTuning_GetStatus)
                  000104e0    00000008     vision_receiver.o (.text.VisionReceiver_GetObservation)
                  000104e8    00000008     vision_receiver.o (.text.VisionReceiver_GetStatus)
                  000104f0    00000008     vision_tuning_console.o (.text.VisionTuningConsole_GetStatus)
                  000104f8    00000008     watchdog_monitor.o (.text.WatchdogMonitor_GetStatus)
                  00010500    00000008     wheel_speed_estimator.o (.text.WheelSpeedEstimator_GetRuntime)
                  00010508    00000008     libclang_rt.builtins.a : aeabi_memcpy.S.obj (.text.__aeabi_memcpy)
                  00010510    00000008                            : aeabi_memmove.S.obj (.text.__aeabi_memmove)
                  00010518    00000006     libc.a : exit.c.obj (.text:abort)
                  0001051e    00000004     libsysbm.a : hostexit.c.obj (.text.HOSTexit)
                  00010522    00000004     mission_library.o (.text.MissionLibrary_GetCount)
                  00010526    00000004     startup_mspm0g350x_ticlang.o (.text.Reset_Handler)
                  0001052a    00000002     --HOLE-- [fill = 0]
                  0001052c    00000010     libc.a : boot_cortex_m.c.obj (.tramp._c_int00_noargs.1)
                  0001053c    00000004            : pre_init.c.obj (.text._system_pre_init)

.cinit     0    00011078    00000030     
                  00011078    0000000c     (__TI_handler_table)
                  00011084    00000008     (.cinit..bss.load) [load image, compression = zero_init]
                  0001108c    00000005     (.cinit..data.load) [load image, compression = lzss]
                  00011091    00000003     --HOLE-- [fill = 0]
                  00011094    00000010     (__TI_cinit_table)
                  000110a4    00000004     --HOLE-- [fill = 0]

.rodata    0    00010540    00000b38     
                  00010540    000000d8     oled.o (.rodata..Lswitch.table.OLED_PrintChar)
                  00010618    000000a8     mission_library.o (.rodata.g_missionMapA)
                  000106c0    000000a8     mission_library.o (.rodata.g_missionMapB)
                  00010768    00000080     mission_library.o (.rodata.g_missionRegistry)
                  000107e8    00000078     mission_library.o (.rodata.g_missionMapC)
                  00010860    00000078     mission_library.o (.rodata.g_missionTestRight90Turn)
                  000108d8    00000060     mission_library.o (.rodata.g_missionTestYawHeading)
                  00010938    00000048     mission_library.o (.rodata.g_missionTestObstacleFixed)
                  00010980    00000048     mission_library.o (.rodata.g_missionTestSeekThenFollow)
                  000109c8    00000048     mission_library.o (.rodata.g_missionTestStopOnly)
                  00010a10    00000034     mission_library.o (.rodata..Lswitch.table.MissionLibrary_FindById)
                  00010a44    00000030     oled_ui.o (.rodata..Lswitch.table.OledUi_Update_20ms.165)
                  00010a74    00000024     menu.o (.rodata..Lswitch.table.Menu_ParamItemToString)
                  00010a98    00000024     oled_ui.o (.rodata..Lswitch.table.OledUi_Update_20ms.169)
                  00010abc    00000024     oled_ui.o (.rodata..Lswitch.table.OledUi_Update_20ms.171)
                  00010ae0    00000020     oled_ui.o (.rodata..Lswitch.table.OledUi_Update_20ms.170)
                  00010b00    0000001c     car_controller.o (.rodata..Lswitch.table.CarController_RunModeToString)
                  00010b1c    0000001c     vision_tuning_console.o (.rodata.str1.1836208005852235077.1)
                  00010b38    00000018     oled_ui.o (.rodata..Lswitch.table.OledUi_Update_20ms.172)
                  00010b50    00000018     vision_pitch_tuning.o (.rodata..Lswitch.table.VisionPitchTuning_ParamName)
                  00010b68    00000014     vision_yaw_tuning.o (.rodata..Lswitch.table.VisionYawTuning_ParamName)
                  00010b7c    0000000e     oled_ui.o (.rodata.str1.10416366799939242409.1)
                  00010b8a    00000002     ti_msp_dl_config.o (.rodata.gUART_VISIONClockConfig)
                  00010b8c    0000000c     oled_ui.o (.rodata..Lswitch.table.OledUi_Update_20ms.164)
                  00010b98    0000000c     oled_ui.o (.rodata..Lswitch.table.OledUi_Update_20ms.166)
                  00010ba4    0000000b     mission_library.o (.rodata.str1.1440970855772709381.1)
                  00010baf    0000000b     mission_library.o (.rodata.str1.199678142196697465.1)
                  00010bba    0000000a     ti_msp_dl_config.o (.rodata.gUART_VISIONConfig)
                  00010bc4    0000000a     mission_library.o (.rodata.str1.11682660667400632204.1)
                  00010bce    0000000a     vision_tuning_console.o (.rodata.str1.4859846923128959820.1)
                  00010bd8    0000000a     vision_tuning_console.o (.rodata.str1.7225688704195888286.1)
                  00010be2    00000009     mission_library.o (.rodata.str1.13636476544574750902.1)
                  00010beb    00000009     oled_ui.o (.rodata.str1.15008238333949226094.1)
                  00010bf4    00000008     menu.o (.rodata.cst8)
                  00010bfc    00000008     ti_msp_dl_config.o (.rodata.gPWM_MOTORConfig)
                  00010c04    00000008     oled_ui.o (.rodata.str1.10568433575767188072.1)
                  00010c0c    00000008     vision_tuning_console.o (.rodata.str1.11718269490974306969.1)
                  00010c14    00000008     mission_library.o (.rodata.str1.15668266851434757964.1)
                  00010c1c    00000008     oled_ui.o (.rodata.str1.15935041339501476673.1)
                  00010c24    00000008     vision_tuning_console.o (.rodata.str1.3293472937029561918.1)
                  00010c2c    00000008     oled_ui.o (.rodata.str1.5463568455719735.1)
                  00010c34    00000008     oled_ui.o (.rodata.str1.9584387800903135389.1)
                  00010c3c    00000007     vision_tuning_console.o (.rodata.str1.10860306953068020798.1)
                  00010c43    00000007     oled_ui.o (.rodata.str1.10907125332684471422.1)
                  00010c4a    00000007     oled_ui.o (.rodata.str1.12595606217184830646.1)
                  00010c51    00000006     vision_tuning_console.o (.rodata.str1.10319329813075420582.1)
                  00010c57    00000006     oled_ui.o (.rodata.str1.10600688730180713177.1)
                  00010c5d    00000006     oled_ui.o (.rodata.str1.12888220461447056082.1)
                  00010c63    00000006     oled_ui.o (.rodata.str1.130772507669342127.1)
                  00010c69    00000006     oled_ui.o (.rodata.str1.13875148296791986931.1)
                  00010c6f    00000006     oled_ui.o (.rodata.str1.13882251010780863896.1)
                  00010c75    00000006     oled_ui.o (.rodata.str1.14358698208395374265.1)
                  00010c7b    00000006     oled_ui.o (.rodata.str1.1445687256832830955.1)
                  00010c81    00000006     oled_ui.o (.rodata.str1.15575624326185233262.1)
                  00010c87    00000006     mission_library.o (.rodata.str1.15604890807705439409.1)
                  00010c8d    00000006     mission_library.o (.rodata.str1.1642528554392422750.1)
                  00010c93    00000006     vision_tuning_console.o (.rodata.str1.4028100529439820245.1)
                  00010c99    00000006     oled_ui.o (.rodata.str1.4082595774073207366.1)
                  00010c9f    00000006     mission_library.o (.rodata.str1.4392264057376583881.1)
                  00010ca5    00000006     oled_ui.o (.rodata.str1.7219546930854689545.1)
                  00010cab    00000006     oled_ui.o (.rodata.str1.763101100280173925.1)
                  00010cb1    00000006     oled_ui.o (.rodata.str1.7774807581888385879.1)
                  00010cb7    00000005     menu.o (.rodata..Lswitch.table.Menu_HandleKeyEvent)
                  00010cbc    00000005     oled.o (.rodata.oled_get_glyph.colon)
                  00010cc1    00000005     oled.o (.rodata.oled_get_glyph.eight)
                  00010cc6    00000005     oled.o (.rodata.oled_get_glyph.five)
                  00010ccb    00000005     oled.o (.rodata.oled_get_glyph.four)
                  00010cd0    00000005     oled.o (.rodata.oled_get_glyph.glyphA)
                  00010cd5    00000005     oled.o (.rodata.oled_get_glyph.glyphB)
                  00010cda    00000005     oled.o (.rodata.oled_get_glyph.glyphC)
                  00010cdf    00000005     oled.o (.rodata.oled_get_glyph.glyphD)
                  00010ce4    00000005     oled.o (.rodata.oled_get_glyph.glyphE)
                  00010ce9    00000005     oled.o (.rodata.oled_get_glyph.glyphG)
                  00010cee    00000005     oled.o (.rodata.oled_get_glyph.glyphH)
                  00010cf3    00000005     oled.o (.rodata.oled_get_glyph.glyphI)
                  00010cf8    00000005     oled.o (.rodata.oled_get_glyph.glyphK)
                  00010cfd    00000005     oled.o (.rodata.oled_get_glyph.glyphL)
                  00010d02    00000005     oled.o (.rodata.oled_get_glyph.glyphM)
                  00010d07    00000005     oled.o (.rodata.oled_get_glyph.glyphN)
                  00010d0c    00000005     oled.o (.rodata.oled_get_glyph.glyphO)
                  00010d11    00000005     oled.o (.rodata.oled_get_glyph.glyphP)
                  00010d16    00000005     oled.o (.rodata.oled_get_glyph.glyphR)
                  00010d1b    00000005     oled.o (.rodata.oled_get_glyph.glyphS)
                  00010d20    00000005     oled.o (.rodata.oled_get_glyph.glyphT)
                  00010d25    00000005     oled.o (.rodata.oled_get_glyph.glyphU)
                  00010d2a    00000005     oled.o (.rodata.oled_get_glyph.glyphV)
                  00010d2f    00000005     oled.o (.rodata.oled_get_glyph.glyphW)
                  00010d34    00000005     oled.o (.rodata.oled_get_glyph.glyphX)
                  00010d39    00000005     oled.o (.rodata.oled_get_glyph.glyphY)
                  00010d3e    00000005     oled.o (.rodata.oled_get_glyph.glyphb)
                  00010d43    00000005     oled.o (.rodata.oled_get_glyph.gt)
                  00010d48    00000005     oled.o (.rodata.oled_get_glyph.minus)
                  00010d4d    00000005     oled.o (.rodata.oled_get_glyph.nine)
                  00010d52    00000005     oled.o (.rodata.oled_get_glyph.one)
                  00010d57    00000005     oled.o (.rodata.oled_get_glyph.seven)
                  00010d5c    00000005     oled.o (.rodata.oled_get_glyph.six)
                  00010d61    00000005     oled.o (.rodata.oled_get_glyph.space)
                  00010d66    00000005     oled.o (.rodata.oled_get_glyph.three)
                  00010d6b    00000005     oled.o (.rodata.oled_get_glyph.two)
                  00010d70    00000005     oled.o (.rodata.oled_get_glyph.zero)
                  00010d75    00000005     oled_ui.o (.rodata.str1.1019225241002246410.1)
                  00010d7a    00000005     oled_ui.o (.rodata.str1.10263419832828250601.1)
                  00010d7f    00000005     oled_ui.o (.rodata.str1.10509309789429088155.1)
                  00010d84    00000005     oled_ui.o (.rodata.str1.12493748764729730277.1)
                  00010d89    00000005     vision_pitch_tuning.o (.rodata.str1.13915893147848268398.1)
                  00010d8e    00000005     oled_ui.o (.rodata.str1.14134189893851348960.1)
                  00010d93    00000005     oled_ui.o (.rodata.str1.14265077442249237877.1)
                  00010d98    00000005     fault.o (.rodata.str1.14435905801345341244.1)
                  00010d9d    00000005     fault.o (.rodata.str1.1506612114648992996.1)
                  00010da2    00000005     oled_ui.o (.rodata.str1.15817398807211891688.1)
                  00010da7    00000005     oled_ui.o (.rodata.str1.16411631209783952401.1)
                  00010dac    00000005     car_controller.o (.rodata.str1.1652194605229746967.1)
                  00010db1    00000005     fault.o (.rodata.str1.17097894860660336008.1)
                  00010db6    00000005     fault.o (.rodata.str1.17155043670132108083.1)
                  00010dbb    00000005     vision_tuning_console.o (.rodata.str1.17265544270347038021.1)
                  00010dc0    00000005     oled_ui.o (.rodata.str1.17274519358952562110.1)
                  00010dc5    00000005     oled_ui.o (.rodata.str1.17763087492223448992.1)
                  00010dca    00000005     oled_ui.o (.rodata.str1.17881291656140238186.1)
                  00010dcf    00000005     oled_ui.o (.rodata.str1.17884296644359297425.1)
                  00010dd4    00000005     oled_ui.o (.rodata.str1.18379317056176403938.1)
                  00010dd9    00000005     oled_ui.o (.rodata.str1.1974573040514735405.1)
                  00010dde    00000005     fault.o (.rodata.str1.2104670281202025270.1)
                  00010de3    00000005     oled_ui.o (.rodata.str1.2193316011307952170.1)
                  00010de8    00000005     oled_ui.o (.rodata.str1.240075016795266086.1)
                  00010ded    00000005     car_controller.o (.rodata.str1.4164979912472006574.1)
                  00010df2    00000005     fault.o (.rodata.str1.4453281041433270631.1)
                  00010df7    00000005     fault.o (.rodata.str1.4549004730087743662.1)
                  00010dfc    00000005     oled_ui.o (.rodata.str1.4551794666512319153.1)
                  00010e01    00000005     oled_ui.o (.rodata.str1.4581472623415959594.1)
                  00010e06    00000005     oled_ui.o (.rodata.str1.4610220316623841660.1)
                  00010e0b    00000005     menu.o (.rodata.str1.4862307748908978627.1)
                  00010e10    00000005     oled_ui.o (.rodata.str1.5965888106848176421.1)
                  00010e15    00000005     oled_ui.o (.rodata.str1.6350830172869379626.1)
                  00010e1a    00000005     fault.o (.rodata.str1.6372787129294360447.1)
                  00010e1f    00000005     fault.o (.rodata.str1.6437946768974223044.1)
                  00010e24    00000005     oled_ui.o (.rodata.str1.6744096065564390185.1)
                  00010e29    00000005     oled_ui.o (.rodata.str1.6806727740681590176.1)
                  00010e2e    00000005     oled_ui.o (.rodata.str1.6835749436006845616.1)
                  00010e33    00000005     oled_ui.o (.rodata.str1.6954814719705590448.1)
                  00010e38    00000005     vision_yaw_tuning.o (.rodata.str1.7764041101441114269.1)
                  00010e3d    00000005     oled_ui.o (.rodata.str1.799718701096035713.1)
                  00010e42    00000005     fault.o (.rodata.str1.8185770893384132067.1)
                  00010e47    00000005     oled_ui.o (.rodata.str1.8426569189266129334.1)
                  00010e4c    00000005     oled_ui.o (.rodata.str1.8693388333057100694.1)
                  00010e51    00000005     oled_ui.o (.rodata.str1.9102528229756940648.1)
                  00010e56    00000005     oled_ui.o (.rodata.str1.9135818829835424837.1)
                  00010e5b    00000005     car_controller.o (.rodata.str1.9234375891235759983.1)
                  00010e60    00000005     oled_ui.o (.rodata.str1.9250665025187963892.1)
                  00010e65    00000005     oled_ui.o (.rodata.str1.9611283282870761829.1)
                  00010e6a    00000005     oled_ui.o (.rodata.str1.9822857334037886482.1)
                  00010e6f    00000005     car_controller.o (.rodata.str1.9981487771679760427.1)
                  00010e74    00000004     oled_ui.o (.rodata.str1.10077435089618835710.1)
                  00010e78    00000004     oled_ui.o (.rodata.str1.10430294223631918979.1)
                  00010e7c    00000004     oled_ui.o (.rodata.str1.1108652269057166745.1)
                  00010e80    00000004     oled_ui.o (.rodata.str1.11149198520117834688.1)
                  00010e84    00000004     oled_ui.o (.rodata.str1.11178346780556493352.1)
                  00010e88    00000004     oled_ui.o (.rodata.str1.11388022865931857840.1)
                  00010e8c    00000004     oled_ui.o (.rodata.str1.11614055506586029288.1)
                  00010e90    00000004     oled_ui.o (.rodata.str1.11627403558423016802.1)
                  00010e94    00000004     oled_ui.o (.rodata.str1.11794000050372113979.1)
                  00010e98    00000004     oled_ui.o (.rodata.str1.12043213579996415112.1)
                  00010e9c    00000004     menu.o (.rodata.str1.12110183915172842339.1)
                  00010ea0    00000004     oled_ui.o (.rodata.str1.12182588061437138428.1)
                  00010ea4    00000004     car_controller.o (.rodata.str1.12442237994239546032.1)
                  00010ea8    00000004     oled_ui.o (.rodata.str1.12571791089077708471.1)
                  00010eac    00000004     oled_ui.o (.rodata.str1.1276391367487699528.1)
                  00010eb0    00000004     oled_ui.o (.rodata.str1.12928245060369742404.1)
                  00010eb4    00000004     oled_ui.o (.rodata.str1.12983537867572525563.1)
                  00010eb8    00000004     menu.o (.rodata.str1.13124720451672825294.1)
                  00010ebc    00000004     oled_ui.o (.rodata.str1.13244290092665904221.1)
                  00010ec0    00000004     oled_ui.o (.rodata.str1.13271657277589579873.1)
                  00010ec4    00000004     oled_ui.o (.rodata.str1.13567883086814673087.1)
                  00010ec8    00000004     fault.o (.rodata.str1.13582094816268305212.1)
                  00010ecc    00000004     oled_ui.o (.rodata.str1.13750180467131823662.1)
                  00010ed0    00000004     oled_ui.o (.rodata.str1.13871579367539052597.1)
                  00010ed4    00000004     vision_tuning_console.o (.rodata.str1.14084955404328172175.1)
                  00010ed8    00000004     menu.o (.rodata.str1.14098755746347272832.1)
                  00010edc    00000004     oled_ui.o (.rodata.str1.14132186318895045592.1)
                  00010ee0    00000004     oled_ui.o (.rodata.str1.14521350379984854626.1)
                  00010ee4    00000004     oled_ui.o (.rodata.str1.14556837007311414654.1)
                  00010ee8    00000004     oled_ui.o (.rodata.str1.14711868471336838103.1)
                  00010eec    00000004     oled_ui.o (.rodata.str1.14740362735394205067.1)
                  00010ef0    00000004     oled_ui.o (.rodata.str1.14774750633985060196.1)
                  00010ef4    00000004     oled_ui.o (.rodata.str1.15577080202403550426.1)
                  00010ef8    00000004     oled_ui.o (.rodata.str1.15802367878353263018.1)
                  00010efc    00000004     oled_ui.o (.rodata.str1.15829239520183577662.1)
                  00010f00    00000004     oled_ui.o (.rodata.str1.15859922799842739878.1)
                  00010f04    00000004     oled_ui.o (.rodata.str1.16290499236105125126.1)
                  00010f08    00000004     fault.o (.rodata.str1.16482347271627360806.1)
                  00010f0c    00000004     oled_ui.o (.rodata.str1.16554583589798097927.1)
                  00010f10    00000004     vision_pitch_tuning.o (.rodata.str1.16579632732967443104.1)
                  00010f14    00000004     oled_ui.o (.rodata.str1.16849766574302683489.1)
                  00010f18    00000004     oled_ui.o (.rodata.str1.16895433903389883335.1)
                  00010f1c    00000004     oled_ui.o (.rodata.str1.16931641404301806744.1)
                  00010f20    00000004     oled_ui.o (.rodata.str1.16939060351352778619.1)
                  00010f24    00000004     menu.o (.rodata.str1.17041139162815566052.1)
                  00010f28    00000004     car_controller.o (.rodata.str1.17172356789460551389.1)
                  00010f2c    00000004     oled_ui.o (.rodata.str1.17436941090773226089.1)
                  00010f30    00000004     oled_ui.o (.rodata.str1.17540787658903907660.1)
                  00010f34    00000004     oled_ui.o (.rodata.str1.17763996158807330232.1)
                  00010f38    00000004     car_controller.o (.rodata.str1.18191498530309206443.1)
                  00010f3c    00000004     oled_ui.o (.rodata.str1.18266126048138325213.1)
                  00010f40    00000004     oled_ui.o (.rodata.str1.2522137003438374266.1)
                  00010f44    00000004     oled_ui.o (.rodata.str1.2608729314174233125.1)
                  00010f48    00000004     oled_ui.o (.rodata.str1.2656948373757303877.1)
                  00010f4c    00000004     oled_ui.o (.rodata.str1.270145429241168923.1)
                  00010f50    00000004     oled_ui.o (.rodata.str1.2983744876309220570.1)
                  00010f54    00000004     oled_ui.o (.rodata.str1.3025253791635144717.1)
                  00010f58    00000004     oled_ui.o (.rodata.str1.3407221357956504873.1)
                  00010f5c    00000004     oled_ui.o (.rodata.str1.35417727660486075.1)
                  00010f60    00000004     oled_ui.o (.rodata.str1.3702290527496711532.1)
                  00010f64    00000004     oled_ui.o (.rodata.str1.4582914374586912483.1)
                  00010f68    00000004     oled_ui.o (.rodata.str1.4691821198597473371.1)
                  00010f6c    00000004     oled_ui.o (.rodata.str1.4723632947289500520.1)
                  00010f70    00000004     menu.o (.rodata.str1.5155000645726596423.1)
                  00010f74    00000004     oled_ui.o (.rodata.str1.5376340479846291137.1)
                  00010f78    00000004     oled_ui.o (.rodata.str1.5853739094453432564.1)
                  00010f7c    00000004     oled_ui.o (.rodata.str1.58703915094955230.1)
                  00010f80    00000004     oled_ui.o (.rodata.str1.5965450730569173784.1)
                  00010f84    00000004     car_controller.o (.rodata.str1.702403006289709404.1)
                  00010f88    00000004     oled_ui.o (.rodata.str1.7050595558965647569.1)
                  00010f8c    00000004     fault.o (.rodata.str1.7255546073596598018.1)
                  00010f90    00000004     oled_ui.o (.rodata.str1.7419768602719733415.1)
                  00010f94    00000004     oled_ui.o (.rodata.str1.7481335054564682966.1)
                  00010f98    00000004     oled_ui.o (.rodata.str1.8018480777946742726.1)
                  00010f9c    00000004     oled_ui.o (.rodata.str1.8124536758062367015.1)
                  00010fa0    00000004     oled_ui.o (.rodata.str1.8449035241871861290.1)
                  00010fa4    00000004     oled_ui.o (.rodata.str1.8460525935980491721.1)
                  00010fa8    00000004     oled_ui.o (.rodata.str1.8471462185882660445.1)
                  00010fac    00000004     oled_ui.o (.rodata.str1.8783421139296713095.1)
                  00010fb0    00000004     oled_ui.o (.rodata.str1.8950259614286592359.1)
                  00010fb4    00000004     oled_ui.o (.rodata.str1.9159586779647977165.1)
                  00010fb8    00000004     vision_tuning_console.o (.rodata.str1.9292707793305368794.1)
                  00010fbc    00000004     oled_ui.o (.rodata.str1.9295666102996717355.1)
                  00010fc0    00000004     oled_ui.o (.rodata.str1.9351772214919528733.1)
                  00010fc4    00000004     vision_yaw_tuning.o (.rodata.str1.9489746196023004463.1)
                  00010fc8    00000004     menu.o (.rodata.str1.9546740394641817443.1)
                  00010fcc    00000004     oled_ui.o (.rodata.str1.9646571805098343045.1)
                  00010fd0    00000004     oled_ui.o (.rodata.str1.967006512144173535.1)
                  00010fd4    00000004     oled_ui.o (.rodata.str1.9854382722193312766.1)
                  00010fd8    00000003     ti_msp_dl_config.o (.rodata.gPWM_MOTORClockConfig)
                  00010fdb    00000003     vision_pitch_tuning.o (.rodata.str1.10553819018306626402.1)
                  00010fde    00000003     oled_ui.o (.rodata.str1.11232419324784801130.1)
                  00010fe1    00000003     oled_ui.o (.rodata.str1.11428648044669318875.1)
                  00010fe4    00000003     vision_tuning_console.o (.rodata.str1.12197883643583142124.1)
                  00010fe7    00000003     oled_ui.o (.rodata.str1.12359577037488465078.1)
                  00010fea    00000003     oled_ui.o (.rodata.str1.12617122458660443890.1)
                  00010fed    00000003     oled_ui.o (.rodata.str1.12697925274637991987.1)
                  00010ff0    00000003     oled_ui.o (.rodata.str1.13790669171379415506.1)
                  00010ff3    00000003     vision_pitch_tuning.o (.rodata.str1.15082469624955958926.1)
                  00010ff6    00000003     oled_ui.o (.rodata.str1.15132332204781002199.1)
                  00010ff9    00000003     vision_yaw_tuning.o (.rodata.str1.15455206247194842411.1)
                  00010ffc    00000003     oled_ui.o (.rodata.str1.15613891207764622616.1)
                  00010fff    00000003     oled_ui.o (.rodata.str1.15917848551323629232.1)
                  00011002    00000003     menu.o (.rodata.str1.16312125044762562515.1)
                  00011005    00000003     vision_tuning_console.o (.rodata.str1.16336339630363933256.1)
                  00011008    00000003     oled_ui.o (.rodata.str1.16496169091617228061.1)
                  0001100b    00000003     oled_ui.o (.rodata.str1.16526439943277383452.1)
                  0001100e    00000003     oled_ui.o (.rodata.str1.16635595130967924751.1)
                  00011011    00000003     vision_pitch_tuning.o (.rodata.str1.17185918124541117546.1)
                  00011014    00000003     oled_ui.o (.rodata.str1.17464849429964608858.1)
                  00011017    00000003     oled_ui.o (.rodata.str1.17812014771544466701.1)
                  0001101a    00000003     oled_ui.o (.rodata.str1.182352409660151230.1)
                  0001101d    00000003     vision_pitch_tuning.o (.rodata.str1.18308346119964257230.1)
                  00011020    00000003     oled_ui.o (.rodata.str1.2308938766145545715.1)
                  00011023    00000003     vision_pitch_tuning.o (.rodata.str1.2353024170771920291.1)
                  00011026    00000003     oled_ui.o (.rodata.str1.2603845803395459882.1)
                  00011029    00000003     oled_ui.o (.rodata.str1.2742282290834473644.1)
                  0001102c    00000003     oled_ui.o (.rodata.str1.3455423528827705371.1)
                  0001102f    00000003     oled_ui.o (.rodata.str1.3467953211977455017.1)
                  00011032    00000003     vision_yaw_tuning.o (.rodata.str1.4032468970572441659.1)
                  00011035    00000003     oled_ui.o (.rodata.str1.4193589846040060630.1)
                  00011038    00000003     oled_ui.o (.rodata.str1.4402311448527872260.1)
                  0001103b    00000003     oled_ui.o (.rodata.str1.4581686099848791648.1)
                  0001103e    00000003     menu.o (.rodata.str1.4646809750356241979.1)
                  00011041    00000003     oled_ui.o (.rodata.str1.4932371652560868037.1)
                  00011044    00000003     oled_ui.o (.rodata.str1.5004483696121082904.1)
                  00011047    00000003     oled_ui.o (.rodata.str1.5291836437463020264.1)
                  0001104a    00000003     oled_ui.o (.rodata.str1.5689016102676777062.1)
                  0001104d    00000003     vision_yaw_tuning.o (.rodata.str1.6393086909333857079.1)
                  00011050    00000003     vision_yaw_tuning.o (.rodata.str1.6657421771701333087.1)
                  00011053    00000003     menu.o (.rodata.str1.6857549598058878762.1)
                  00011056    00000003     oled_ui.o (.rodata.str1.7185587941321649510.1)
                  00011059    00000003     fault.o (.rodata.str1.8193046109637024842.1)
                  0001105c    00000003     oled_ui.o (.rodata.str1.8236579331345056500.1)
                  0001105f    00000003     oled_ui.o (.rodata.str1.8403269972884532600.1)
                  00011062    00000003     oled_ui.o (.rodata.str1.8709745090823444516.1)
                  00011065    00000003     oled_ui.o (.rodata.str1.9544068167406571052.1)
                  00011068    00000003     oled_ui.o (.rodata.str1.9554470707595806150.1)
                  0001106b    00000003     oled_ui.o (.rodata.str1.9992244628984851027.1)
                  0001106e    00000002     oled_ui.o (.rodata.str1.17242430504649735449.1)
                  00011070    00000002     oled_ui.o (.rodata.str1.17717236995185551183.1)
                  00011072    00000002     oled_ui.o (.rodata.str1.6473435968988645044.1)
                  00011074    00000002     oled_ui.o (.rodata.str1.8399051469953744892.1)
                  00011076    00000002     oled_ui.o (.rodata.str1.9229350655415085.1)

.init_array 
*          0    00000000    00000000     UNINITIALIZED

.binit     0    00000000    00000000     

.bss       0    20200000    00000c31     UNINITIALIZED
                  20200000    00000200     vision_receiver.o (.bss.g_ring)
                  20200200    00000128     runtime_snapshot.o (.bss.g_snapshot)
                  20200328    00000100     vision_tuning_console.o (.bss.g_rxRing)
                  20200428    00000100     vision_tuning_console.o (.bss.g_txRing)
                  20200528    000000c4     (.common:g_appConfig)
                  202005ec    0000007c     motor_control.o (.bss.g_runtime)
                  20200668    00000058     vision_receiver.o (.bss.g_status)
                  202006c0    00000058     (.common:g_wheelSpeedEstimatorRuntime)
                  20200718    00000048     gimbal_vision_adapter.o (.bss.g_feedback)
                  20200760    00000040     gimbal.o (.bss.g_feedback)
                  202007a0    00000040     vision_tuning_console.o (.bss.g_line)
                  202007e0    00000040     gimbal.o (.bss.g_pitchFeedback)
                  20200820    00000040     (.common:g_appRuntime)
                  20200860    00000034     line_controller.o (.bss.g_lineRuntime)
                  20200894    00000030     (.common:gUART_VISIONBackup)
                  202008c4    0000002c     vision_receiver.o (.bss.g_observation)
                  202008f0    0000002c     empty.o (.bss.g_schedulerStats)
                  2020091c    00000028     gimbal_tracker.o (.bss.g_feedback)
                  20200944    00000028     vision_receiver.o (.bss.g_frame)
                  2020096c    00000028     (.common:g_imuRuntime)
                  20200994    00000024     gimbal_vision_yaw_tracker.o (.bss.g_feedback)
                  202009b8    00000020     mission_manager.o (.bss.g_missionRuntime)
                  202009d8    00000018     obstacle_avoidance.o (.bss.g_avoidFeedback)
                  202009f0    00000018     gimbal_stepper.o (.bss.g_feedback)
                  20200a08    00000018     gimbal_vision_pitch_tracker.o (.bss.g_feedback)
                  20200a20    00000018     vision_pitch_tuning.o (.bss.g_status)
                  20200a38    00000018     vision_tuning_console.o (.bss.g_status)
                  20200a50    00000014     motion_action.o (.bss.g_motionActionRuntime)
                  20200a64    00000004     gimbal_tracker.o (.bss.g_filteredErrorX)
                  20200a68    00000014     vision_yaw_tuning.o (.bss.g_status)
                  20200a7c    00000014     watchdog_monitor.o (.bss.g_status)
                  20200a90    00000014     (.common:g_headingRuntime)
                  20200aa4    00000010     fault.o (.bss.g_faultRecord)
                  20200ab4    00000010     motor.o (.bss.g_motorRuntime)
                  20200ac4    0000000e     car_controller.o (.bss.g_carControllerFeedback)
                  20200ad2    00000002     ultrasonic.o (.bss.g_echoTicks)
                  20200ad4    0000000e     ultrasonic.o (.bss.g_ultrasonicFeedback)
                  20200ae2    00000002     gimbal.o (.bss.g_pitchHalfPeriodTicks)
                  20200ae4    0000000c     gimbal_tracker.o (.bss.g_observation)
                  20200af0    0000000c     debug_telemetry.o (.bss.g_status)
                  20200afc    00000008     obstacle_monitor.o (.bss.g_obstacleFeedback)
                  20200b04    00000004     gimbal_tracker.o (.bss.g_filteredErrorY)
                  20200b08    00000008     gimbal.o (.bss.g_pitchContinuousDegX10)
                  20200b10    00000008     gimbal.o (.bss.g_pitchEstimatedSteps)
                  20200b18    00000008     gimbal.o (.bss.g_pitchTargetDegX10)
                  20200b20    00000008     gimbal.o (.bss.g_pitchTargetEstimatedSteps)
                  20200b28    00000008     gimbal_stepper.o (.bss.g_stepperEstimatedSteps)
                  20200b30    00000008     gimbal_stepper.o (.bss.g_stepperTargetEstimatedSteps)
                  20200b38    00000008     gimbal.o (.bss.g_yawContinuousDegX10)
                  20200b40    00000008     gimbal.o (.bss.g_yawLockedWorldYawDegX10)
                  20200b48    00000008     gimbal.o (.bss.g_yawTargetContinuousDegX10)
                  20200b50    00000008     gimbal.o (.bss.g_yawWorldTargetDegX10)
                  20200b58    00000008     gimbal.o (.bss.g_yawWrappedDegX10)
                  20200b60    00000006     ultrasonic.o (.bss.g_distanceSamples)
                  20200b66    00000006     key.o (.bss.g_key1)
                  20200b6c    00000006     key.o (.bss.g_key2)
                  20200b72    00000006     key.o (.bss.g_key3)
                  20200b78    00000004     gimbal_vision_adapter.o (.bss.g_lastAcceptedFrameCount)
                  20200b7c    00000004     debug_telemetry.o (.bss.g_lastFrameMs)
                  20200b80    00000004     watchdog_monitor.o (.bss.g_lastTickMs)
                  20200b84    00000004     wheel_speed_estimator.o (.bss.g_latchedErrorFlags)
                  20200b88    00000004     empty.o (.bss.g_localTimeMs)
                  20200b8c    00000004     motion_action.o (.bss.g_motionActionStartYawDeg)
                  20200b90    00000004     encoder.o (.bss.g_motorAPulses)
                  20200b94    00000004     encoder.o (.bss.g_motorBPulses)
                  20200b98    00000004     gimbal.o (.bss.g_pitchCommandedRpm)
                  20200b9c    00000004     gimbal.o (.bss.g_pitchCompletedSteps)
                  20200ba0    00000004     gimbal_tracker.o (.bss.g_pitchTargetDeg)
                  20200ba4    00000004     gimbal.o (.bss.g_pitchTargetRpm)
                  20200ba8    00000004     gimbal.o (.bss.g_pitchTrackingTargetRpm)
                  20200bac    00000004     servo.o (.bss.g_servoFeedback)
                  20200bb0    00000004     gimbal_vision_yaw_tracker.o (.bss.g_sessionId)
                  20200bb4    00000004     gimbal_stepper.o (.bss.g_stepperCompletedSteps)
                  20200bb8    00000004     gimbal_vision_yaw_tracker.o (.bss.g_targetWrappedDeg)
                  20200bbc    00000004     gimbal.o (.bss.g_yawCommandedRpm)
                  20200bc0    00000004     gimbal.o (.bss.g_yawTargetRpm)
                  20200bc4    00000004     gimbal_tracker.o (.bss.g_yawTargetWrappedDeg)
                  20200bc8    00000004     empty.o (.bss.main.lastAppUpdateMs)
                  20200bcc    00000002     gimbal.o (.bss.g_pitchStepHalfPeriodTicks)
                  20200bce    00000002     obstacle_avoidance.o (.bss.g_resumeGraceMs)
                  20200bd0    00000002     vision_receiver.o (.bss.g_ringHead)
                  20200bd2    00000002     vision_receiver.o (.bss.g_ringTail)
                  20200bd4    00000002     vision_tuning_console.o (.bss.g_rxHead)
                  20200bd6    00000002     vision_tuning_console.o (.bss.g_rxTail)
                  20200bd8    00000002     servo.o (.bss.g_servoPwmPhase)
                  20200bda    00000002     ultrasonic.o (.bss.g_stateTicks)
                  20200bdc    00000002     gimbal_stepper.o (.bss.g_stepperHalfPeriodTicks)
                  20200bde    00000002     gimbal_stepper.o (.bss.g_stepperStepHalfPeriodTicks)
                  20200be0    00000002     vision_tuning_console.o (.bss.g_txHead)
                  20200be2    00000002     vision_tuning_console.o (.bss.g_txTail)
                  20200be4    00000002     menu.o (.bss.menu_handle_status_key.trackerSequence)
                  20200be6    00000002     (.common:g_trackError)
                  20200be8    00000001     oled_ui.o (.bss.OledUi_Update_20ms.refreshDivider)
                  20200be9    00000001     empty.o (.bss.SysTick_Handler.controlMsCount)
                  20200bea    00000001     empty.o (.bss.SysTick_Handler.gimbalMsCount)
                  20200beb    00000001     empty.o (.bss.SysTick_Handler.tick100usCount)
                  20200bec    00000001     empty.o (.bss.SysTick_Handler.trackerMsCount)
                  20200bed    00000001     ultrasonic.o (.bss.Ultrasonic_Update_20ms.triggerDivider)
                  20200bee    00000001     empty.o (.bss.g_appUpdatePending)
                  20200bef    00000001     vision_tuning_console.o (.bss.g_capturing)
                  20200bf0    00000001     car_state.o (.bss.g_carState)
                  20200bf1    00000001     obstacle_monitor.o (.bss.g_centerSettleTicks)
                  20200bf2    00000001     vision_tuning_console.o (.bss.g_commandTarget)
                  20200bf3    00000001     ultrasonic.o (.bss.g_distanceSampleCount)
                  20200bf4    00000001     ultrasonic.o (.bss.g_distanceSampleIndex)
                  20200bf5    00000001     emergency_stop.o (.bss.g_emergencyStopActive)
                  20200bf6    00000001     gimbal_tracker.o (.bss.g_enabled)
                  20200bf7    00000001     gimbal_vision_pitch_tracker.o (.bss.g_enabled)
                  20200bf8    00000001     gimbal_vision_yaw_tracker.o (.bss.g_enabled)
                  20200bf9    00000001     watchdog_monitor.o (.bss.g_faultApplied)
                  20200bfa    00000001     watchdog_monitor.o (.bss.g_faultPending)
                  20200bfb    00000001     gimbal_tracker.o (.bss.g_filterReady)
                  20200bfc    00000001     vision_receiver.o (.bss.g_frameSize)
                  20200bfd    00000001     empty.o (.bss.g_gimbalUpdatePending)
                  20200bfe    00000001     wheel_speed_estimator.o (.bss.g_leftFilterInitialized)
                  20200bff    00000001     vision_tuning_console.o (.bss.g_lineSize)
                  20200c00    00000001     obstacle_safety.o (.bss.g_obstacleSafetyHolding)
                  20200c01    00000001     oled.o (.bss.g_oledColumn)
                  20200c02    00000001     menu.o (.bss.g_oledPage)
                  20200c03    00000001     encoder.o (.bss.g_overflowFlags)
                  20200c04    00000001     menu.o (.bss.g_paramItem)
                  20200c05    00000001     menu.o (.bss.g_paramReturnPage)
                  20200c06    00000001     key.o (.bss.g_pendingEvent)
                  20200c07    00000001     gimbal.o (.bss.g_pitchControlMode)
                  20200c08    00000001     gimbal.o (.bss.g_pitchDirection)
                  20200c09    00000001     gimbal.o (.bss.g_pitchInitialized)
                  20200c0a    00000001     gimbal.o (.bss.g_pitchLimitClamped)
                  20200c0b    00000001     gimbal.o (.bss.g_pitchLimitDirection)
                  20200c0c    00000001     gimbal.o (.bss.g_pitchPositionValid)
                  20200c0d    00000001     gimbal.o (.bss.g_pitchRunning)
                  20200c0e    00000001     gimbal.o (.bss.g_pitchStepHigh)
                  20200c0f    00000001     gimbal.o (.bss.g_pitchStopAfterStepLow)
                  20200c10    00000001     vision_tuning_console.o (.bss.g_prefixIndex)
                  20200c11    00000001     vision_tuning_console.o (.bss.g_prefixTarget)
                  20200c12    00000001     wheel_speed_estimator.o (.bss.g_rightFilterInitialized)
                  20200c13    00000001     car_controller.o (.bss.g_safetyHold)
                  20200c14    00000001     gimbal_vision_yaw_tracker.o (.bss.g_sessionInitialized)
                  20200c15    00000001     gimbal_tracker.o (.bss.g_simObservationUpdatesRemaining)
                  20200c16    00000001     obstacle_avoidance.o (.bss.g_stateStarted)
                  20200c17    00000001     gimbal_stepper.o (.bss.g_stepperDirection)
                  20200c18    00000001     gimbal_stepper.o (.bss.g_stepperRunning)
                  20200c19    00000001     gimbal_stepper.o (.bss.g_stepperStepHigh)
                  20200c1a    00000001     gimbal_stepper.o (.bss.g_stepperStopAfterStepLow)
                  20200c1b    00000001     motor_control.o (.bss.g_targetRefreshed)
                  20200c1c    00000001     gimbal_vision_yaw_tracker.o (.bss.g_targetSynced)
                  20200c1d    00000001     gimbal_tracker.o (.bss.g_targetValid)
                  20200c1e    00000001     gimbal_tracker.o (.bss.g_targetsSynced)
                  20200c1f    00000001     empty.o (.bss.g_trackerUpdatePending)
                  20200c20    00000001     gimbal_tracker.o (.bss.g_trackingActive)
                  20200c21    00000001     gimbal_vision_pitch_tracker.o (.bss.g_trackingActive)
                  20200c22    00000001     gimbal_vision_yaw_tracker.o (.bss.g_trackingActive)
                  20200c23    00000001     ultrasonic.o (.bss.g_triggerRequest)
                  20200c24    00000001     ultrasonic.o (.bss.g_ultrasonicState)
                  20200c25    00000001     gimbal.o (.bss.g_yawLimitClamped)
                  20200c26    00000001     gimbal.o (.bss.g_yawLimitDirection)
                  20200c27    00000001     gimbal.o (.bss.g_yawPositionValid)
                  20200c28    00000001     gimbal.o (.bss.g_yawWorldLockEnabled)
                  20200c29    00000001     (.common:g_carStateDebug)
                  20200c2a    00000001     (.common:g_keyEvent)
                  20200c2b    00000001     (.common:g_oledPageDebug)
                  20200c2c    00000001     (.common:g_paramItemDebug)
                  20200c2d    00000001     (.common:g_trackBlackCount)
                  20200c2e    00000001     (.common:g_trackModeDebug)
                  20200c2f    00000001     (.common:g_trackRaw)
                  20200c30    00000001     (.common:g_trackTurnDebug)

.data      0    20200c31    00000001     UNINITIALIZED
                  20200c31    00000001     car_controller.o (.data.g_followTurnPolicy)

.stack     0    20207e00    00000200     UNINITIALIZED
                  20207e00    00000004     libc.a : boot_cortex_m.c.obj (.stack)
                  20207e04    000001fc     --HOLE--

__llvm_prf_cnts 
*          0    20200000    00000000     UNINITIALIZED

__llvm_prf_bits 
*          0    20200000    00000000     UNINITIALIZED

MODULE SUMMARY

       Module                          code    ro data   rw data
       ------                          ----    -------   -------
    .\
       vision_tuning_console.o         9616    102       613    
       oled_ui.o                       8472    906       1      
       gimbal.o                        7528    0         241    
       car_controller.o                4020    64        80     
       imu.o                           3304    0         40     
       motor_control.o                 2756    0         125    
       gimbal_tracker.o                2576    0         74     
       oled.o                          2210    401       1      
       gimbal_vision_yaw_tracker.o     2124    0         48     
       vision_receiver.o               1112    0         689    
       line_controller.o               1640    0         52     
       app_config.o                    1292    0         196    
       gimbal_stepper.o                1412    0         52     
       menu.o                          1328    87        5      
       wheel_speed_estimator.o         1276    0         94     
       mission_manager.o               1300    0         32     
       mission_library.o               174     1135      0      
       motion_action.o                 1156    0         24     
       obstacle_avoidance.o            1138    0         27     
       runtime_snapshot.o              764     0         296    
       gimbal_vision_pitch_tracker.o   864     0         26     
       motor.o                         776     0         16     
       empty.o                         676     0         59     
       vision_protocol.o               732     0         0      
       ti_msp_dl_config.o              636     23        48     
       ultrasonic.o                    596     0         29     
       heading_control.o               448     0         20     
       key.o                           436     0         19     
       app.o                           426     0         10     
       fault.o                         296     65        16     
       track_sensor.o                  372     0         0      
       vision_pitch_tuning.o           268     48        24     
       watchdog_monitor.o              292     0         26     
       vision_yaw_tuning.o             248     41        20     
       gimbal_vision_adapter.o         228     0         76     
       encoder.o                       276     0         9      
       obstacle_safety.o               264     0         1      
       obstacle_monitor.o              192     0         9      
       startup_mspm0g350x_ticlang.o    6       192       0      
       servo.o                         176     0         6      
       emergency_stop.o                176     0         1      
       vision_uart.o                   164     0         0      
       debug_telemetry.o               56      0         16     
       car_state.o                     36      0         1      
    +--+-------------------------------+-------+---------+---------+
       Total:                          63838   3064      3122   
                                                                
    C:/TI/mspm0_sdk_2_05_01_00/source/ti/driverlib/lib/ticlang/m0p/mspm0g1x0x_g3x0x/driverlib.a
       dl_timer.o                      388     0         0      
       dl_uart.o                       90      0         0      
       dl_common.o                     10      0         0      
    +--+-------------------------------+-------+---------+---------+
       Total:                          488     0         0      
                                                                
    D:\TI\CCS\ccs\tools\compiler\ti-cgt-armllvm_4.0.4.LTS\lib\armv6m-ti-none-eabi/c/libc.a
       memcpy16.S.obj                  154     0         0      
       strcmp-armv6m.S.obj             136     0         0      
       copy_decompress_lzss.c.obj      124     0         0      
       memset16.S.obj                  98      0         0      
       autoinit.c.obj                  60      0         0      
       boot_cortex_m.c.obj             56      0         0      
       memmov.c.obj                    40      0         0      
       copy_decompress_none.c.obj      18      0         0      
       copy_zero_init.c.obj            16      0         0      
       exit.c.obj                      6       0         0      
       pre_init.c.obj                  4       0         0      
    +--+-------------------------------+-------+---------+---------+
       Total:                          712     0         0      
                                                                
    D:\TI\CCS\ccs\tools\compiler\ti-cgt-armllvm_4.0.4.LTS\lib\armv6m-ti-none-eabi/c/libsysbm.a
       hostexit.c.obj                  4       0         0      
    +--+-------------------------------+-------+---------+---------+
       Total:                          4       0         0      
                                                                
    D:\TI\CCS\ccs\tools\compiler\ti-cgt-armllvm_4.0.4.LTS\lib\armv6m-ti-none-eabi/libclang_rt.builtins.a
       addsf3.S.obj                    216     0         0      
       udivmoddi4.S.obj                162     0         0      
       comparesf2.S.obj                140     0         0      
       mulsf3.S.obj                    140     0         0      
       divsf3.S.obj                    130     0         0      
       aeabi_fcmp.S.obj                98      0         0      
       fixsfdi.S.obj                   96      0         0      
       aeabi_idivmod.S.obj             86      0         0      
       floatdisf.S.obj                 78      0         0      
       aeabi_uidivmod.S.obj            64      0         0      
       divmoddi4.c.obj                 62      0         0      
       floatsisf.S.obj                 60      0         0      
       muldsi3.S.obj                   58      0         0      
       fixsfsi.S.obj                   56      0         0      
[...]
00000000  interruptVectors                          
000000c1  OledUi_Update_20ms                        
00000200  __STACK_SIZE                              
000020f1  VisionTuningConsole_Process               
00003ec5  GimbalTracker_Update                      
00004789  WheelSpeedEstimator_Update                
00004ba5  LineController_Update                     
00004f55  VisionReceiver_Process                    
00005305  AppConfig_LimitAll                        
00005695  GimbalVisionYawTracker_Update10ms         
00005a1d  Menu_HandleKeyEvent                       
00006109  ObstacleAvoidance_Update_20ms             
00006a49  RuntimeSnapshot_Update                    
00006d2d  Imu_Init                                  
000072ad  Gimbal_YawSetWrappedTargetDeg             
00007545  Gimbal_YawUpdate5ms                       
000077d9  Gimbal_PitchSetTrackingSpeedDegS          
00007a69  MotorControl_Update                       
000081c9  OLED_Clear                                
00008655  MotionAction_Update_20ms                  
00008889  GimbalVisionPitchTracker_Update10ms       
00008ab1  Imu_CalibrateGyroBias                     
00008cc5  Motor_SetSpeed                            
00008ec9  VisionProtocol_ParseV1TargetFrame         
0000946d  Gimbal_PitchUpdate5ms                     
000097e1  Ultrasonic_Tick100us                      
00009981  GimbalStepper_Tick100us                   
00009b15  GimbalVisionYawTracker_Enable             
00009c9d  Gimbal_PitchTick100us                     
00009e1d  AppConfig_InitDefault                     
00009f99  GimbalStepper_MoveToEstimatedSteps        
0000a115  Key_Update_20ms                           
0000a289  Gimbal_Init                               
0000a3f5  main                                      
0000a55d  HeadingControl_Update                     
0000ad85  CarController_Update_20ms                 
0000aed5  OLED_PrintInt16                           
0000b011  Imu_Update                                
0000b3a5  App_Update_20ms                           
0000b4cd  Gimbal_YawEnableWorldLock                 
0000b5f5  MotionAction_Start                        
0000bb8d  DL_Timer_initFourCCPWMMode                
0000bc91  MotorControl_SetNormalizedTarget          
0000bd91  Gimbal_PitchRelease                       
0000be8d  MissionManager_Update_20ms                
0000bf89  SysTick_Handler                           
0000c085  Gimbal_PitchStopHold                      
0000c175  MissionManager_SelectNext                 
0000c439  ObstacleSafety_Update_20ms                
0000c519  Gimbal_PitchConfirmZero                   
0000c5f5  SYSCFG_DL_GPIO_init                       
0000c7ad  LineController_ResetControlState          
0000c885  MissionManager_SelectPrevious             
0000c95d  OLED_PrintUInt16                          
0000ca35  WheelSpeedEstimator_Init                  
0000cbe5  __aeabi_fsub                              
0000cbe5  __subsf3                                  
0000cbef  __addsf3                                  
0000cbef  __aeabi_fadd                              
0000ccbd  LineController_Init                       
0000cd91  LineController_Reset                      
0000ce65  OLED_Init                                 
0000cf39  OLED_PrintChar                            
0000d009  FaultCode_ToShortString                   
0000d0d1  Gimbal_YawConfirmZero                     
0000d199  CarController_StartSeekLine               
0000d259  CarController_StartTurnToYawRelative      
0000d315  CarController_StartDriveHeading           
0000d3c9  GimbalStepper_StopHold                    
0000d47d  GimbalVisionAdapter_Update                
0000d531  GimbalStepper_Init                        
0000d5e1  Gimbal_PitchMoveRelativeDeg               
0000d691  GimbalVisionPitchTracker_Enable           
0000d739  Encoder_HandleGpioInterrupt               
0000d881  __udivmoddi4                              
0000d923  ADC0_IRQHandler                           
0000d923  ADC1_IRQHandler                           
0000d923  AES_IRQHandler                            
0000d923  CANFD0_IRQHandler                         
0000d923  DAC0_IRQHandler                           
0000d923  DMA_IRQHandler                            
0000d923  Default_Handler                           
0000d923  GROUP0_IRQHandler                         
0000d923  HardFault_Handler                         
0000d923  I2C0_IRQHandler                           
0000d923  I2C1_IRQHandler                           
0000d923  NMI_Handler                               
0000d923  PendSV_Handler                            
0000d923  RTC_IRQHandler                            
0000d923  SPI0_IRQHandler                           
0000d923  SPI1_IRQHandler                           
0000d923  SVC_Handler                               
0000d923  TIMA0_IRQHandler                          
0000d923  TIMA1_IRQHandler                          
0000d923  TIMG0_IRQHandler                          
0000d923  TIMG12_IRQHandler                         
0000d923  TIMG6_IRQHandler                          
0000d923  TIMG7_IRQHandler                          
0000d923  TIMG8_IRQHandler                          
0000d923  UART0_IRQHandler                          
0000d923  UART1_IRQHandler                          
0000d923  UART2_IRQHandler                          
0000d925  CarController_StartFollowLine             
0000d9c1  ObstacleMonitor_Update_20ms               
0000da5d  memcpy                                    
0000daf7  TrackSensor_Init                          
0000db91  CarController_Init                        
0000dc21  CarController_StartTurnRight90            
0000dcb1  CarController_ResetRuntime                
0000dd3d  CarController_StartTurnLeft90             
0000ddc9  Gimbal_YawDisableWorldLock                
0000de55  Gimbal_YawStopHold                        
0000dee1  SYSCFG_DL_PWM_MOTOR_init                  
0000df6d  __aeabi_fmul                              
0000df6d  __mulsf3                                  
0000dff9  CarController_GetFeedback                 
0000e001  strcmp                                    
0000e089  GimbalStepper_ConfirmZero                 
0000e10d  GimbalTracker_PushObservation             
0000e191  Motor_Init                                
0000e215  App_Init                                  
0000e297  MissionLibrary_Validate                   
0000e319  __aeabi_fdiv                              
0000e319  __divsf3                                  
0000e39b  __aeabi_idiv0                             
0000e39d  GimbalTracker_Init                        
0000e41d  Motor_Stop                                
0000e49d  CarController_SetSafetyHold               
0000e519  VisionPitchTuning_Set                     
0000e595  __TI_decompress_lzss                      
0000e6fd  GimbalStepper_Release                     
0000e76d  Menu_GetParamValue                        
0000e7dd  SYSCFG_DL_UART_VISION_init                
0000e84d  VisionYawTuning_Set                       
0000e8bd  TrackSensor_DetectTurn                    
0000e92b  __aeabi_ldiv0                             
0000e92d  GimbalVisionYawTracker_Init               
0000e999  MissionManager_GetSelectedMissionIndex    
0000ea01  TrackSensor_GetErrorFromRaw               
0000ea69  Gimbal_YawRelease                         
0000eacd  __aeabi_fcmpeq                            
0000eae1  __aeabi_fcmplt                            
0000eaf5  __aeabi_fcmple                            
0000eb09  __aeabi_fcmpge                            
0000eb1d  __aeabi_fcmpgt                            
0000eb2f  memset                                    
0000eb91  GimbalTracker_Enable                      
0000ebf1  GimbalTracker_GetFeedback                 
0000ec51  VisionTuningConsole_Init                  
0000ecb1  __aeabi_f2lz                              
0000ecb1  __fixsfdi                                 
0000ed71  UART3_IRQHandler                          
0000edcd  Ultrasonic_Update_20ms                    
0000ee85  Gimbal_YawMoveRelativeDeg                 
0000eedd  __aeabi_idiv                              
0000eedd  __aeabi_idivmod                           
0000ef35  TrackSensor_ReadRaw                       
0000f031  MissionManager_Start                      
0000f081  Ultrasonic_Init                           
0000f0d1  WatchdogMonitor_ApplyFaultIfNeeded        
0000f121  __aeabi_l2f                               
0000f121  __floatdisf                               
0000f171  MotorControl_Stop                         
0000f1bd  WatchdogMonitor_Tick1msFromIsr            
0000f255  DL_UART_init                              
0000f29d  MissionManager_Init                       
0000f2e5  MotionAction_ReapplyControllerTarget      
0000f32d  Encoder_GetAndClearPulseDeltas            
0000f371  Servo_Tick100us                           
0000f3b5  EmergencyStop_Reset                       
0000f3f5  GimbalVisionPitchTracker_Init             
0000f435  SYSCFG_DL_SYSCTL_init                     
0000f475  SYSCFG_DL_initPower                       
0000f4b5  VisionReceiver_PushByteFromIsr            
0000f4f5  __aeabi_uidiv                             
0000f4f5  __aeabi_uidivmod                          
0000f535  __divmoddi4                               
0000f575  GimbalTracker_ClearObservation            
0000f5b1  Servo_SetAngleDeg                         
0000f5ed  VisionTuningConsole_PushByteFromIsr       
0000f629  __aeabi_i2f                               
0000f629  __floatsisf                               
0000f665  __gesf2                                   
0000f665  __gtsf2                                   
0000f6a1  __TI_auto_init_nobinit_nopinit            
0000f6dd  __cmpsf2                                  
0000f6dd  __eqsf2                                   
0000f6dd  __lesf2                                   
0000f6dd  __ltsf2                                   
0000f6dd  __nesf2                                   
0000f719  __muldsi3                                 
0000f755  VisionReceiver_Init                       
0000f78d  __aeabi_f2iz                              
0000f78d  __fixsfsi                                 
0000f7c5  EmergencyStop_Trigger                     
0000f7f9  MissionManager_Cancel                     
0000f82d  OLED_SetCursor                            
0000f861  VisionTuningConsole_TryPopTxByte          
0000f895  VisionUart_Process                        
0000f8fd  OLED_PrintString                          
0000f931  Fault_Raise                               
0000f961  GimbalVisionYawTracker_GetFeedback        
0000f991  Gimbal_PitchGetFeedback                   
0000f9c1  Key_Init                                  
0000f9f1  LineController_ObserveSensors             
0000fa21  MissionManager_Reset                      
0000fa51  MissionManager_Resume                     
0000fa81  VisionPitchTuning_RestoreDefault          
0000fab1  WatchdogMonitor_Init                      
0000fb11  Encoder_Reset                             
0000fb3d  TrackSensor_CountBlack                    
0000fb69  VisionYawTuning_RestoreDefault            
0000fbc1  ObstacleAvoidance_Init                    
0000fbe9  Servo_Init                                
0000fc11  VisionPitchTuning_Init                    
0000fc39  WatchdogMonitor_Reset                     
0000fc61  __aeabi_ui2f                              
0000fc61  __floatunsisf                             
0000fc89  memmove                                   
0000fcb1  _c_int00_noargs                           
0000fcd9  CarController_Stop                        
0000fcfd  EmergencyStop_Enforce                     
0000fd21  GimbalVisionPitchTracker_GetFeedback      
0000fd45  MissionManager_ReportExternalFailure      
0000fd69  MotorControl_Init                         
0000fd8d  MotorControl_Reset                        
0000fdb1  SYSCFG_DL_init                            
0000fdd5  VisionYawTuning_Init                      
0000fdf9  __aeabi_lmul                              
0000fdf9  __muldi3                                  
0000fe1d  DL_Timer_overrideCCPOut                   
0000fe3d  DebugTelemetry_Update                     
0000fe5d  MissionManager_Pause                      
0000fe7d  MotionAction_GetCurrentBypassDirection    
0000fe9d  MotionAction_GetCurrentObstaclePolicy     
0000febd  MotionAction_Init                         
0000fedd  SchedulerMonitor_GetStats                 
0000fefd  VisionReceiver_GetProtocolErrorCount      
0000ff5d  __aeabi_llsl                              
0000ff5d  __ashldi3                                 
0000ff7d  DL_Timer_setCaptCompUpdateMethod          
0000ff99  DL_Timer_setClockConfig                   
0000ffb5  GimbalVisionAdapter_Init                  
0000ffd1  Imu_IsReady                               
0000ffed  Menu_Init                                 
00010009  ObstacleMonitor_Init                      
00010025  ObstacleSafety_Init                       
00010041  VisionPitchTuning_ParamName               
0001005d  VisionYawTuning_GetSnapshot               
00010079  VisionYawTuning_ParamName                 
00010095  WatchdogMonitor_NotifyControlCycleComplete
000100cd  CarController_RunModeToString             
000100e5  DL_Timer_setCaptureCompareOutCtl          
000100fd  DebugTelemetry_Init                       
00010115  HeadingControl_SetTargetYaw               
0001012d  Menu_ParamItemToString                    
00010145  MotionAction_Cancel                       
0001015d  RuntimeSnapshot_Init                      
00010175  __aeabi_fcmpun                            
00010175  __unordsf2                                
0001018d  Fault_Clear                               
000101a1  Fault_Init                                
000101b5  GROUP1_IRQHandler                         
000101c9  GimbalStepper_SetStepHalfPeriodTicks      
000101dd  HeadingControl_Enable                     
000101f1  HeadingControl_Init                       
00010205  HeadingControl_Reset                      
00010219  MissionLibrary_FindById                   
0001022d  MissionLibrary_GetByIndex                 
00010241  MissionManager_GetSelectedMissionId       
00010255  VisionPitchTuning_GetSnapshot             
00010269  VisionUart_Init                           
0001027d  __aeabi_ldivmod                           
00010291  __aeabi_uldivmod                          
000102a5  DL_UART_setClockConfig                    
000102b7  __TI_decompress_none                      
000102c9  DL_Timer_setCaptureCompareValue           
000102d9  Gimbal_YawGetFeedback                     
000102e9  Key_GetEvent                              
000102f9  ObstacleAvoidance_IsResumeGraceActive     
00010309  __TI_zero_init                            
00010319  CarController_GetRunMode                  
00010325  CarController_IsSafetyHoldActive          
00010331  CarState_Get                              
0001033d  CarState_Init                             
00010349  CarState_Set                              
00010355  EmergencyStop_Init                        
00010361  EmergencyStop_IsActive                    
0001036d  GimbalVisionAdapter_GetObservation        
00010379  Gimbal_Tick100us                          
00010385  Gimbal_Update5ms                          
00010391  Imu_GetCorrectedGyroZDps                  
0001039d  Imu_GetYaw                                
000103a9  Imu_ResetYaw                              
000103b5  Menu_GetPage                              
000103c1  Menu_GetParamItem                         
000103cd  MissionManager_IsExternallyHeld           
000103d9  MissionManager_SetExternalHold            
000103e5  ObstacleAvoidance_IsActive                
000103f1  ObstacleAvoidance_IsFailed                
000103fd  ObstacleSafety_IsHolding                  
00010409  OledUi_Init                               
00010415  SystemTime_GetMs                          
00010421  WatchdogMonitor_HasTripped                
0001042d  __aeabi_memclr                            
0001042d  __aeabi_memclr4                           
0001042d  __aeabi_memclr8                           
00010439  DL_Common_delayCycles                     
00010443  TrackSensor_IsCenterDetected              
0001044d  TrackSensor_IsLineDetected                
00010457  TrackSensor_IsLineLost                    
00010461  Fault_GetRecord                           
00010469  GimbalStepper_GetFeedback                 
00010471  GimbalVisionAdapter_GetFeedback           
00010479  Gimbal_PitchStopTrackingHold              
00010481  HeadingControl_GetRuntime                 
00010489  Imu_GetRuntime                            
00010491  LineController_GetRuntime                 
00010499  MissionManager_GetMissionCount            
000104a1  MissionManager_GetRuntime                 
000104a9  MotionAction_GetRuntime                   
000104b1  MotorControl_GetRuntime                   
000104b9  ObstacleAvoidance_GetFeedback             
000104c1  ObstacleMonitor_GetFeedback               
000104c9  Servo_GetFeedback                         
000104d1  Ultrasonic_GetFeedback                    
000104d9  VisionPitchTuning_GetStatus               
000104e1  VisionReceiver_GetObservation             
000104e9  VisionReceiver_GetStatus                  
000104f1  VisionTuningConsole_GetStatus             
000104f9  WatchdogMonitor_GetStatus                 
00010501  WheelSpeedEstimator_GetRuntime            
00010509  __aeabi_memcpy                            
00010509  __aeabi_memcpy4                           
00010509  __aeabi_memcpy8                           
00010511  __aeabi_memmove                           
00010511  __aeabi_memmove4                          
00010511  __aeabi_memmove8                          
00010519  abort                                     
0001051e  C$$EXIT                                   
0001051f  HOSTexit                                  
00010523  MissionLibrary_GetCount                   
00010527  Reset_Handler                             
0001053d  _system_pre_init                          
00011078  __TI_Handler_Table_Base                   
00011084  __TI_Handler_Table_Limit                  
00011094  __TI_CINIT_Base                           
000110a4  __TI_CINIT_Limit                          
000110a4  __TI_CINIT_Warm                           
20200000  __start___llvm_prf_bits                   
20200000  __start___llvm_prf_cnts                   
20200000  __stop___llvm_prf_bits                    
20200000  __stop___llvm_prf_cnts                    
20200528  g_appConfig                               
202006c0  g_wheelSpeedEstimatorRuntime              
20200820  g_appRuntime                              
20200894  gUART_VISIONBackup                        
2020096c  g_imuRuntime                              
20200a90  g_headingRuntime                          
20200be6  g_trackError                              
20200c29  g_carStateDebug                           
20200c2a  g_keyEvent                                
20200c2b  g_oledPageDebug                           
20200c2c  g_paramItemDebug                          
20200c2d  g_trackBlackCount                         
20200c2e  g_trackModeDebug                          
20200c2f  g_trackRaw                                
20200c30  g_trackTurnDebug                          
20207e00  __stack                                   
20208000  __STACK_END                               
ffffffff  __TI_pprof_out_hndl                       
ffffffff  __TI_prof_data_size                       
ffffffff  __TI_prof_data_start                      
ffffffff  __binit__                                 
ffffffff  binit                                     
UNDEFED   __mpu_init                                
UNDEFED   _system_post_cinit                        

[387 symbols]
