******************************************************************************
            TI ARM Clang Linker PC v4.0.4                      
******************************************************************************
>> Linked Thu Jul 30 20:55:00 2026

OUTPUT FILE NAME:   <diansaikaishi.out>
ENTRY POINT SYMBOL: "_c_int00_noargs"  address: 0000f065


MEMORY CONFIGURATION

         name            origin    length      used     unused   attr    fill
----------------------  --------  ---------  --------  --------  ----  --------
  FLASH                 00000000   00020000  0000ffd0  00010030  R  X
  SRAM                  20200000   00008000  000012b7  00006d49  RW X
  BCR_CONFIG            41c00000   000000ff  00000000  000000ff  R   
  BSL_CONFIG            41c00100   00000080  00000000  00000080  R   


SEGMENT ALLOCATION MAP

run origin  load origin   length   init length attrs members
----------  ----------- ---------- ----------- ----- -------
00000000    00000000    0000ffd0   0000ffd0    r-x
  00000000    00000000    000000c0   000000c0    r-- .intvecs
  000000c0    000000c0    0000f770   0000f770    r-x .text
  0000f830    0000f830    00000770   00000770    r-- .rodata
  0000ffa0    0000ffa0    00000030   00000030    r-- .cinit
20200000    20200000    000010b7   00000000    rw-
  20200000    20200000    000010b6   00000000    rw- .bss
  202010b6    202010b6    00000001   00000000    rw- .data
20207e00    20207e00    00000200   00000000    rw-
  20207e00    20207e00    00000200   00000000    rw- .stack


SECTION ALLOCATION MAP

 output                                  attributes/
section   page    origin      length       input sections
--------  ----  ----------  ----------   ----------------
.intvecs   0    00000000    000000c0     
                  00000000    000000c0     startup_mspm0g350x_ticlang.o (.intvecs)

.text      0    000000c0    0000f770     
                  000000c0    0000317c     oled_ui.o (.text.OledUi_Update_20ms)
                  0000323c    00001dd4     vision_tuning_console.o (.text.VisionTuningConsole_Process)
                  00005010    0000064c     app_config.o (.text.AppConfig_LimitAll)
                  0000565c    000005ac     imu.o (.text.Imu_CalibrateGyroBias)
                  00005c08    00000524     line_controller.o (.text.LineController_Update)
                  0000612c    0000049c     runtime_snapshot.o (.text.RuntimeSnapshot_Update)
                  000065c8    0000044c     motor_control.o (.text.update_wheel)
                  00006a14    00000424     wheel_speed_estimator.o (.text.WheelSpeedEstimator_Update)
                  00006e38    000003e0     imu.o (.text.Imu_Update)
                  00007218    000003b0     vision_receiver.o (.text.VisionReceiver_Process)
                  000075c8    00000380     imu.o (.text.Imu_Init)
                  00007948    00000370     gimbal.o (.text.gimbal_update_feedback)
                  00007cb8    00000310     vision_tuning_console.o (.text.append_scaled)
                  00007fc8    000002f0     imu.o (.text.mpu6050_read_regs)
                  000082b8    000002cc     car_controller.o (.text.handle_drive_distance)
                  00008584    000002b0     motion_action.o (.text.MotionAction_Update_20ms)
                  00008834    0000028c     motor_control.o (.text.MotorControl_Update)
                  00008ac0    00000268     car_controller.o (.text.handle_turn_to_yaw)
                  00008d28    00000250     menu.o (.text.menu_adjust_param)
                  00008f78    00000220     app_config.o (.text.AppConfig_InitDefault)
                  00009198    00000220     motion_action.o (.text.motion_action_start_internal)
                  000093b8    00000204     motor.o (.text.Motor_SetSpeed)
                  000095bc    000001f4     vision_protocol.o (.text.VisionProtocol_ParseV1TargetFrame)
                  000097b0    000001e8     motor_control.o (.text.config_is_valid)
                  00009998    000001e4     mission_library.o (.text.MissionLibrary_Validate)
                  00009b7c    000001d4     menu.o (.text.Menu_HandleKeyEvent)
                  00009d50    000001cc     imu.o (.text.imu_i2c_write_byte)
                  00009f1c    000001cc     oled_ui.o (.text.print_status_page)
                  0000a0e8    000001b8     oled.o (.text.oled_i2c_write_byte)
                  0000a2a0    000001a0     ultrasonic.o (.text.Ultrasonic_Tick100us)
                  0000a440    0000019c     car_controller.o (.text.CarController_StartDriveDistanceAtYaw)
                  0000a5dc    00000194     gimbal_stepper.o (.text.GimbalStepper_Tick100us)
                  0000a770    00000190     car_controller.o (.text.CarController_Update_20ms)
                  0000a900    0000017c     app.o (.text.App_Update_20ms)
                  0000aa7c    00000174     key.o (.text.Key_Update_20ms)
                  0000abf0    00000170     oled.o (.text.OLED_FlushPage)
                  0000ad60    0000016c     oled.o (.text.OLED_PrintInt16)
                  0000aecc    00000158     vision_tuning_console.o (.text.send_parameter_reply)
                  0000b024    00000158     vision_tuning_console.o (.text.send_yaw_parameter_reply)
                  0000b17c    0000012c     imu.o (.text.imu_i2c_recover_bus)
                  0000b2a8    00000128     line_controller.o (.text.LineController_Reset)
                  0000b3d0    00000128     mission_manager.o (.text.MissionManager_Update_20ms)
                  0000b4f8    00000124     oled.o (.text.OLED_Init)
                  0000b61c    00000124     vision_tuning_console.o (.text.send_simple_reply)
                  0000b740    0000011c     car_controller.o (.text.handle_drive_heading)
                  0000b85c    00000114     car_controller.o (.text.handle_follow_line)
                  0000b970    0000010c     line_controller.o (.text.LineController_ResetControlState)
                  0000ba7c    00000104     driverlib.a : dl_timer.o (.text.DL_Timer_initFourCCPWMMode)
                  0000bb80    00000104     line_controller.o (.text.LineController_Init)
                  0000bc84    00000100     motor_control.o (.text.MotorControl_SetNormalizedTarget)
                  0000bd84    00000100     ti_msp_dl_config.o (.text.SYSCFG_DL_GPIO_init)
                  0000be84    000000fc     mission_manager.o (.text.MissionManager_SelectNext)
                  0000bf80    000000ec     heading_control.o (.text.HeadingControl_Update)
                  0000c06c    000000e8     mission_manager.o (.text.MissionManager_SelectPrevious)
                  0000c154    000000e8     obstacle_safety.o (.text.ObstacleSafety_Update_20ms)
                  0000c23c    000000e8     vision_protocol.o (.text.fields_are_valid)
                  0000c324    000000e8     empty.o (.text.main)
                  0000c40c    000000e0     wheel_speed_estimator.o (.text.WheelSpeedEstimator_Init)
                  0000c4ec    000000d8     oled.o (.text.OLED_PrintUInt16)
                  0000c5c4    000000d8     libclang_rt.builtins.a : addsf3.S.obj (.text)
                  0000c69c    000000d4     car_controller.o (.text.CarController_StartDriveDistance)
                  0000c770    000000d4     gimbal_stepper.o (.text.GimbalStepper_MoveRelativeSteps)
                  0000c844    000000cc     balance_encoder.o (.text.BalanceEncoder_HandleGpioInterrupt)
                  0000c910    000000c8     fault.o (.text.FaultCode_ToShortString)
                  0000c9d8    000000c0     angle_utils.o (.text.Angle_Normalize180)
                  0000ca98    000000bc     car_controller.o (.text.CarController_ResetRuntime)
                  0000cb54    000000bc     menu.o (.text.Menu_GetParamValue)
                  0000cc10    000000b4     gimbal_stepper.o (.text.GimbalStepper_StopHold)
                  0000ccc4    000000b0     gimbal_stepper.o (.text.GimbalStepper_Init)
                  0000cd74    000000ac     empty.o (.text.SysTick_Handler)
                  0000ce20    000000a4     encoder.o (.text.Encoder_HandleGpioInterrupt)
                  0000cec4    000000a2     libclang_rt.builtins.a : udivmoddi4.S.obj (.text)
                  0000cf66    00000002     startup_mspm0g350x_ticlang.o (.text.Default_Handler)
                  0000cf68    000000a0     car_controller.o (.text.drive_distance_high_decel_zone_cm)
                  0000d008    0000009c     obstacle_monitor.o (.text.ObstacleMonitor_Update_20ms)
                  0000d0a4    0000009a     libc.a : memcpy16.S.obj (.text:memcpy)
                  0000d13e    00000002     obstacle_avoidance.o (.text.ObstacleAvoidance_Update_20ms)
                  0000d140    00000098     imu.o (.text.mpu6050_write_reg)
                  0000d1d8    00000094     car_controller.o (.text.CarController_StartTurnToYawRelative)
                  0000d26c    00000090     car_controller.o (.text.CarController_ResetTransientState)
                  0000d2fc    0000008c     ti_msp_dl_config.o (.text.SYSCFG_DL_PWM_MOTOR_init)
                  0000d388    0000008c     libclang_rt.builtins.a : mulsf3.S.obj (.text.__mulsf3)
                  0000d414    0000008c     car_controller.o (.text.heading_imu_wait_or_fail)
                  0000d4a0    00000088     libc.a : strcmp-armv6m.S.obj (.text:strcmp)
                  0000d528    00000084     car_controller.o (.text.CarController_SetSafetyHold)
                  0000d5ac    00000084     gimbal_stepper.o (.text.GimbalStepper_ConfirmZero)
                  0000d630    00000084     motor.o (.text.Motor_Init)
                  0000d6b4    00000082     libclang_rt.builtins.a : divsf3.S.obj (.text.__divsf3)
                  0000d736    00000002     track_sensor.o (.text.TrackSensor_Init)
                  0000d738    00000080     car_controller.o (.text.CarController_StartDriveHeading)
                  0000d7b8    00000080     motor.o (.text.Motor_Stop)
                  0000d838    0000007e     app.o (.text.App_Init)
                  0000d8b6    00000002     libclang_rt.builtins.a : aeabi_div0.c.obj (.text.__aeabi_idiv0)
                  0000d8b8    0000007c     balance_encoder.o (.text.BalanceEncoder_CalculateSpeedRpmX10)
                  0000d934    0000007c     vision_pitch_tuning.o (.text.VisionPitchTuning_Set)
                  0000d9b0    0000007c     libc.a : copy_decompress_lzss.c.obj (.text:decompress:lzss)
                  0000da2c    00000078     oled.o (.text.oled_write_command)
                  0000daa4    00000074     motor_control.o (.text.latch_control_error)
                  0000db18    00000070     gimbal_stepper.o (.text.GimbalStepper_Release)
                  0000db88    00000070     ti_msp_dl_config.o (.text.SYSCFG_DL_UART_VISION_init)
                  0000dbf8    00000070     vision_yaw_tuning.o (.text.VisionYawTuning_Set)
                  0000dc68    0000006e     track_sensor.o (.text.TrackSensor_DetectTurn)
                  0000dcd6    00000002     libclang_rt.builtins.a : aeabi_div0.c.obj (.text.__aeabi_ldiv0)
                  0000dcd8    00000068     balance_encoder.o (.text.BalanceEncoder_CalculateFollowError)
                  0000dd40    00000068     mission_manager.o (.text.MissionManager_GetSelectedMissionIndex)
                  0000dda8    00000068     car_controller.o (.text.set_output_speed)
                  0000de10    00000066     track_sensor.o (.text.TrackSensor_GetErrorFromRaw)
                  0000de76    00000002     --HOLE-- [fill = 0]
                  0000de78    00000064     mission_manager.o (.text.MissionManager_Start)
                  0000dedc    00000062     app.o (.text.App_ResetToReady)
                  0000df3e    00000002     --HOLE-- [fill = 0]
                  0000df40    00000062     libclang_rt.builtins.a : aeabi_fcmp.S.obj (.text.__aeabi_fcmp)
                  0000dfa2    00000062     libc.a : memset16.S.obj (.text:memset)
                  0000e004    00000060     vision_tuning_console.o (.text.VisionTuningConsole_Init)
                  0000e064    00000060     libclang_rt.builtins.a : fixsfdi.S.obj (.text.__fixsfdi)
                  0000e0c4    0000005c     vision_uart.o (.text.UART3_IRQHandler)
                  0000e120    0000005c     ultrasonic.o (.text.Ultrasonic_Update_20ms)
                  0000e17c    0000005c     car_controller.o (.text.speed_cmps_to_normalized_command)
                  0000e1d8    00000058     balance_encoder.o (.text.BalanceEncoder_Init)
                  0000e230    00000058     balance_encoder.o (.text.BalanceEncoder_Reset)
                  0000e288    00000058     mission_manager.o (.text.MissionManager_Init)
                  0000e2e0    00000058     oled.o (.text.OLED_PrintChar)
                  0000e338    00000058     motion_action.o (.text.motion_action_start_imu_controller)
                  0000e390    00000056     libclang_rt.builtins.a : aeabi_idivmod.S.obj (.text.__aeabi_idivmod)
                  0000e3e6    00000002     --HOLE-- [fill = 0]
                  0000e3e8    00000054     car_controller.o (.text.CarController_Stop)
                  0000e43c    00000054     track_sensor.o (.text.TrackSensor_ReadRaw)
                  0000e490    00000054     watchdog_monitor.o (.text.WatchdogMonitor_ApplyFaultIfNeeded)
                  0000e4e4    00000050     ultrasonic.o (.text.Ultrasonic_Init)
                  0000e534    00000050     watchdog_monitor.o (.text.WatchdogMonitor_Tick1msFromIsr)
                  0000e584    0000004e     libclang_rt.builtins.a : floatdisf.S.obj (.text.__floatdisf)
                  0000e5d2    00000002     --HOLE-- [fill = 0]
                  0000e5d4    0000004c     motor_control.o (.text.MotorControl_Stop)
                  0000e620    00000048     driverlib.a : dl_uart.o (.text.DL_UART_init)
                  0000e668    00000048     mission_manager.o (.text.MissionManager_Cancel)
                  0000e6b0    00000044     car_controller.o (.text.CarController_StartFollowLine)
                  0000e6f4    00000044     emergency_stop.o (.text.EmergencyStop_Reset)
                  0000e738    00000044     encoder.o (.text.Encoder_GetAndClearPulseDeltas)
                  0000e77c    00000044     imu.o (.text.Imu_ResetYaw)
                  0000e7c0    00000044     mission_manager.o (.text.MissionManager_Reset)
                  0000e804    00000044     servo.o (.text.Servo_Tick100us)
                  0000e848    00000040     balance_encoder.o (.text.BalanceEncoder_GetSnapshot)
                  0000e888    00000040     car_controller.o (.text.CarController_ResumeFollowLine)
                  0000e8c8    00000040     fault.o (.text.Fault_Raise)
                  0000e908    00000040     ti_msp_dl_config.o (.text.SYSCFG_DL_SYSCTL_init)
                  0000e948    00000040     ti_msp_dl_config.o (.text.SYSCFG_DL_initPower)
                  0000e988    00000040     vision_receiver.o (.text.VisionReceiver_PushByteFromIsr)
                  0000e9c8    00000040     libclang_rt.builtins.a : aeabi_uidivmod.S.obj (.text.__aeabi_uidivmod)
                  0000ea08    0000003e                            : divmoddi4.c.obj (.text.__divmoddi4)
                  0000ea46    00000002     --HOLE-- [fill = 0]
                  0000ea48    0000003c     mission_manager.o (.text.MissionManager_Resume)
                  0000ea84    0000003c     servo.o (.text.Servo_SetAngleDeg)
                  0000eac0    0000003c     vision_tuning_console.o (.text.VisionTuningConsole_PushByteFromIsr)
                  0000eafc    0000003c     libclang_rt.builtins.a : floatsisf.S.obj (.text.__floatsisf)
                  0000eb38    0000003c                            : comparesf2.S.obj (.text.__gtsf2)
                  0000eb74    0000003c     libc.a : autoinit.c.obj (.text:__TI_auto_init_nobinit_nopinit)
                  0000ebb0    0000003a     libclang_rt.builtins.a : comparesf2.S.obj (.text.__eqsf2)
                  0000ebea    00000002     --HOLE-- [fill = 0]
                  0000ebec    0000003a                            : muldsi3.S.obj (.text.__muldsi3)
                  0000ec26    00000002     --HOLE-- [fill = 0]
                  0000ec28    00000038     emergency_stop.o (.text.EmergencyStop_Trigger)
                  0000ec60    00000038     vision_receiver.o (.text.VisionReceiver_Init)
                  0000ec98    00000038     libclang_rt.builtins.a : fixsfsi.S.obj (.text.__fixsfsi)
                  0000ecd0    00000034     imu.o (.text.Imu_IsReady)
                  0000ed04    00000034     mission_library.o (.text.MissionLibrary_FindById)
                  0000ed38    00000034     vision_tuning_console.o (.text.VisionTuningConsole_TryPopTxByte)
                  0000ed6c    00000034     vision_uart.o (.text.VisionUart_Process)
                  0000eda0    00000032     oled.o (.text.OLED_PrintString)
                  0000edd2    00000002     --HOLE-- [fill = 0]
                  0000edd4    00000030     key.o (.text.Key_Init)
                  0000ee04    00000030     line_controller.o (.text.LineController_ObserveSensors)
                  0000ee34    00000030     vision_pitch_tuning.o (.text.VisionPitchTuning_RestoreDefault)
                  0000ee64    00000030     watchdog_monitor.o (.text.WatchdogMonitor_Init)
                  0000ee94    00000030     watchdog_monitor.o (.text.WatchdogMonitor_Reset)
                  0000eec4    0000002c     encoder.o (.text.Encoder_Reset)
                  0000eef0    0000002c     mission_manager.o (.text.MissionManager_Pause)
                  0000ef1c    0000002c     track_sensor.o (.text.TrackSensor_CountBlack)
                  0000ef48    0000002c     vision_yaw_tuning.o (.text.VisionYawTuning_RestoreDefault)
                  0000ef74    00000028     emergency_stop.o (.text.EmergencyStop_Enforce)
                  0000ef9c    00000028     magnet.o (.text.Magnet_ForceOff)
                  0000efc4    00000028     servo.o (.text.Servo_Init)
                  0000efec    00000028     vision_pitch_tuning.o (.text.VisionPitchTuning_Init)
                  0000f014    00000028     libclang_rt.builtins.a : floatunsisf.S.obj (.text.__floatunsisf)
                  0000f03c    00000028     libc.a : memmov.c.obj (.text.memmove)
                  0000f064    00000028            : boot_cortex_m.c.obj (.text:_c_int00_noargs)
                  0000f08c    00000024     balance_encoder.o (.text.BalanceEncoder_SampleSpeed10msFromIsr)
                  0000f0b0    00000024     gimbal_stepper.o (.text.GimbalStepper_GetFeedbackSnapshot)
                  0000f0d4    00000024     mission_manager.o (.text.MissionManager_ReportExternalFailure)
                  0000f0f8    00000024     motor_control.o (.text.MotorControl_Init)
                  0000f11c    00000024     motor_control.o (.text.MotorControl_Reset)
                  0000f140    00000024     oled.o (.text.OLED_ClearBuffer)
                  0000f164    00000024     ti_msp_dl_config.o (.text.SYSCFG_DL_init)
                  0000f188    00000024     vision_yaw_tuning.o (.text.VisionYawTuning_Init)
                  0000f1ac    00000024     libclang_rt.builtins.a : muldi3.S.obj (.text.__muldi3)
                  0000f1d0    00000020     driverlib.a : dl_timer.o (.text.DL_Timer_overrideCCPOut)
                  0000f1f0    00000020     debug_telemetry.o (.text.DebugTelemetry_Update)
                  0000f210    00000020     empty.o (.text.GROUP1_IRQHandler)
                  0000f230    00000020     magnet.o (.text.Magnet_Init)
                  0000f250    00000020     oled.o (.text.OLED_SetCursor)
                  0000f270    00000020     empty.o (.text.SchedulerMonitor_GetStats)
                  0000f290    00000020     mission_manager.o (.text.mission_finish_error)
                  0000f2b0    0000001e     libclang_rt.builtins.a : ashldi3.S.obj (.text.__ashldi3)
                  0000f2ce    00000002     --HOLE-- [fill = 0]
                  0000f2d0    0000001c     driverlib.a : dl_timer.o (.text.DL_Timer_setCaptCompUpdateMethod)
                  0000f2ec    0000001c                 : dl_timer.o (.text.DL_Timer_setClockConfig)
                  0000f308    0000001c     heading_control.o (.text.HeadingControl_SetTargetYaw)
                  0000f324    0000001c     menu.o (.text.Menu_Init)
                  0000f340    0000001c     motion_action.o (.text.MotionAction_Cancel)
                  0000f35c    0000001c     obstacle_monitor.o (.text.ObstacleMonitor_Init)
                  0000f378    0000001c     obstacle_safety.o (.text.ObstacleSafety_Init)
                  0000f394    0000001c     vision_pitch_tuning.o (.text.VisionPitchTuning_ParamName)
                  0000f3b0    0000001c     vision_yaw_tuning.o (.text.VisionYawTuning_GetSnapshot)
                  0000f3cc    0000001c     vision_yaw_tuning.o (.text.VisionYawTuning_ParamName)
                  0000f3e8    0000001c     watchdog_monitor.o (.text.WatchdogMonitor_NotifyControlCycleComplete)
                  0000f404    0000001c     mission_manager.o (.text.mission_finish_success)
                  0000f420    00000018     driverlib.a : dl_timer.o (.text.DL_Timer_setCaptureCompareOutCtl)
                  0000f438    00000018     debug_telemetry.o (.text.DebugTelemetry_Init)
                  0000f450    00000018     heading_control.o (.text.HeadingControl_Init)
                  0000f468    00000018     heading_control.o (.text.HeadingControl_Reset)
                  0000f480    00000018     menu.o (.text.Menu_ParamItemToString)
                  0000f498    00000018     motion_action.o (.text.MotionAction_Init)
                  0000f4b0    00000018     obstacle_avoidance.o (.text.ObstacleAvoidance_Init)
                  0000f4c8    00000018     runtime_snapshot.o (.text.RuntimeSnapshot_Init)
                  0000f4e0    00000016     libclang_rt.builtins.a : comparesf2.S.obj (.text.__unordsf2)
                  0000f4f6    00000002     --HOLE-- [fill = 0]
                  0000f4f8    00000014     fault.o (.text.Fault_Clear)
                  0000f50c    00000014     fault.o (.text.Fault_Init)
                  0000f520    00000014     gimbal_stepper.o (.text.GimbalStepper_SetStepHalfPeriodTicks)
                  0000f534    00000014     heading_control.o (.text.HeadingControl_Enable)
                  0000f548    00000014     mission_library.o (.text.MissionLibrary_GetByIndex)
                  0000f55c    00000014     mission_manager.o (.text.MissionManager_GetSelectedMissionId)
                  0000f570    00000014     vision_pitch_tuning.o (.text.VisionPitchTuning_GetSnapshot)
                  0000f584    00000014     vision_uart.o (.text.VisionUart_Init)
                  0000f598    00000014     libclang_rt.builtins.a : aeabi_ldivmod.S.obj (.text.__aeabi_ldivmod)
                  0000f5ac    00000014                            : aeabi_uldivmod.S.obj (.text.__aeabi_uldivmod)
                  0000f5c0    00000012     driverlib.a : dl_uart.o (.text.DL_UART_setClockConfig)
                  0000f5d2    00000012     libc.a : copy_decompress_none.c.obj (.text:decompress:none)
                  0000f5e4    00000010     driverlib.a : dl_timer.o (.text.DL_Timer_setCaptureCompareValue)
                  0000f5f4    00000010     gimbal.o (.text.Gimbal_YawGetFeedback)
                  0000f604    00000010     key.o (.text.Key_GetEvent)
                  0000f614    00000010     libc.a : copy_zero_init.c.obj (.text:decompress:ZI)
                  0000f624    0000000c     car_controller.o (.text.CarController_GetRunMode)
                  0000f630    0000000c     car_controller.o (.text.CarController_Init)
                  0000f63c    0000000c     car_controller.o (.text.CarController_IsSafetyHoldActive)
                  0000f648    0000000c     car_state.o (.text.CarState_Get)
                  0000f654    0000000c     car_state.o (.text.CarState_Init)
                  0000f660    0000000c     car_state.o (.text.CarState_Set)
                  0000f66c    0000000c     emergency_stop.o (.text.EmergencyStop_Init)
                  0000f678    0000000c     emergency_stop.o (.text.EmergencyStop_IsActive)
                  0000f684    0000000c     imu.o (.text.Imu_GetCorrectedGyroZDps)
                  0000f690    0000000c     imu.o (.text.Imu_GetYaw)
                  0000f69c    0000000c     menu.o (.text.Menu_GetPage)
                  0000f6a8    0000000c     menu.o (.text.Menu_GetParamItem)
                  0000f6b4    0000000c     mission_manager.o (.text.MissionManager_IsExternallyHeld)
                  0000f6c0    0000000c     mission_manager.o (.text.MissionManager_SetExternalHold)
                  0000f6cc    0000000c     obstacle_avoidance.o (.text.ObstacleAvoidance_IsActive)
                  0000f6d8    0000000c     obstacle_avoidance.o (.text.ObstacleAvoidance_IsFailed)
                  0000f6e4    0000000c     obstacle_safety.o (.text.ObstacleSafety_IsHolding)
                  0000f6f0    0000000c     empty.o (.text.SystemTime_GetMs)
                  0000f6fc    0000000c     watchdog_monitor.o (.text.WatchdogMonitor_HasTripped)
                  0000f708    0000000c     libclang_rt.builtins.a : aeabi_memset.S.obj (.text.__aeabi_memclr)
                  0000f714    0000000a     driverlib.a : dl_common.o (.text.DL_Common_delayCycles)
                  0000f71e    0000000a     motion_action.o (.text.MotionAction_Resume)
                  0000f728    0000000a     motion_action.o (.text.MotionAction_Start)
                  0000f732    0000000a     track_sensor.o (.text.TrackSensor_IsCenterDetected)
                  0000f73c    0000000a     track_sensor.o (.text.TrackSensor_IsLineDetected)
                  0000f746    0000000a     track_sensor.o (.text.TrackSensor_IsLineLost)
                  0000f750    00000008     bluetooth_uart.o (.text.BluetoothUart_GetRuntime)
                  0000f758    00000008     car_controller.o (.text.CarController_GetFeedback)
                  0000f760    00000008     fault.o (.text.Fault_GetRecord)
                  0000f768    00000008     gimbal_stepper.o (.text.GimbalStepper_GetFeedback)
                  0000f770    00000008     heading_control.o (.text.HeadingControl_GetRuntime)
                  0000f778    00000008     imu.o (.text.Imu_GetRuntime)
                  0000f780    00000008     line_controller.o (.text.LineController_GetRuntime)
                  0000f788    00000008     mission_manager.o (.text.MissionManager_GetMissionCount)
                  0000f790    00000008     mission_manager.o (.text.MissionManager_GetRuntime)
                  0000f798    00000008     motion_action.o (.text.MotionAction_GetRuntime)
                  0000f7a0    00000008     motor_control.o (.text.MotorControl_GetRuntime)
                  0000f7a8    00000008     obstacle_avoidance.o (.text.ObstacleAvoidance_GetFeedback)
                  0000f7b0    00000008     obstacle_monitor.o (.text.ObstacleMonitor_GetFeedback)
                  0000f7b8    00000008     oled_ui.o (.text.OledUi_Init)
                  0000f7c0    00000008     runtime_snapshot.o (.text.RuntimeSnapshot_Get)
                  0000f7c8    00000008     servo.o (.text.Servo_GetFeedback)
                  0000f7d0    00000008     ultrasonic.o (.text.Ultrasonic_GetFeedback)
                  0000f7d8    00000008     vision_receiver.o (.text.VisionReceiver_GetStatus)
                  0000f7e0    00000008     vision_tuning_console.o (.text.VisionTuningConsole_GetStatus)
                  0000f7e8    00000008     watchdog_monitor.o (.text.WatchdogMonitor_GetStatus)
                  0000f7f0    00000008     wheel_speed_estimator.o (.text.WheelSpeedEstimator_GetRuntime)
                  0000f7f8    00000008     libclang_rt.builtins.a : aeabi_memcpy.S.obj (.text.__aeabi_memcpy)
                  0000f800    00000008                            : aeabi_memmove.S.obj (.text.__aeabi_memmove)
                  0000f808    00000006     libc.a : exit.c.obj (.text:abort)
                  0000f80e    00000004     libsysbm.a : hostexit.c.obj (.text.HOSTexit)
                  0000f812    00000004     mission_library.o (.text.MissionLibrary_GetCount)
                  0000f816    00000004     obstacle_avoidance.o (.text.ObstacleAvoidance_IsResumeGraceActive)
                  0000f81a    00000004     startup_mspm0g350x_ticlang.o (.text.Reset_Handler)
                  0000f81e    00000004     libc.a : pre_init.c.obj (.text._system_pre_init)
                  0000f822    0000000e     --HOLE-- [fill = 0]

.cinit     0    0000ffa0    00000030     
                  0000ffa0    0000000c     (__TI_handler_table)
                  0000ffac    00000008     (.cinit..bss.load) [load image, compression = zero_init]
                  0000ffb4    00000005     (.cinit..data.load) [load image, compression = lzss]
                  0000ffb9    00000003     --HOLE-- [fill = 0]
                  0000ffbc    00000010     (__TI_cinit_table)
                  0000ffcc    00000004     --HOLE-- [fill = 0]

.rodata    0    0000f830    00000770     
                  0000f830    000000d8     oled.o (.rodata..Lswitch.table.OLED_PrintChar)
                  0000f908    00000048     mission_library.o (.rodata.g_missionCompetitionMain)
                  0000f950    00000048     mission_library.o (.rodata.g_missionTestDistance20)
                  0000f998    00000048     mission_library.o (.rodata.g_missionTestLine)
                  0000f9e0    00000048     mission_library.o (.rodata.g_missionTestTurn)
                  0000fa28    00000040     mission_library.o (.rodata.g_missionRegistry)
                  0000fa68    0000002c     oled_ui.o (.rodata..Lswitch.table.print_status_page)
                  0000fa94    00000020     menu.o (.rodata..Lswitch.table.Menu_ParamItemToString)
                  0000fab4    0000001c     oled_ui.o (.rodata..Lswitch.table.OledUi_Update_20ms.128)
                  0000fad0    0000001c     vision_tuning_console.o (.rodata.str1.1836208005852235077.1)
                  0000faec    00000018     vision_pitch_tuning.o (.rodata..Lswitch.table.VisionPitchTuning_ParamName)
                  0000fb04    00000018     oled_ui.o (.rodata..Lswitch.table.print_status_page.129)
                  0000fb1c    00000014     vision_yaw_tuning.o (.rodata..Lswitch.table.VisionYawTuning_ParamName)
                  0000fb30    00000014     oled_ui.o (.rodata..Lswitch.table.print_status_page.130)
                  0000fb44    00000010     balance_encoder.o (.rodata.cst16)
                  0000fb54    0000000e     oled_ui.o (.rodata.str1.10416366799939242409.1)
                  0000fb62    00000002     ti_msp_dl_config.o (.rodata.gUART_VISIONClockConfig)
                  0000fb64    0000000c     oled_ui.o (.rodata..Lswitch.table.OledUi_Update_20ms)
                  0000fb70    0000000b     oled_ui.o (.rodata.str1.13882251010780863896.1)
                  0000fb7b    00000001     --HOLE-- [fill = 0]
                  0000fb7c    0000000a     ti_msp_dl_config.o (.rodata.gUART_VISIONConfig)
                  0000fb86    0000000a     mission_library.o (.rodata.str1.13636476544574750902.1)
                  0000fb90    0000000a     mission_library.o (.rodata.str1.15668266851434757964.1)
                  0000fb9a    0000000a     oled_ui.o (.rodata.str1.17540787658903907660.1)
                  0000fba4    0000000a     mission_library.o (.rodata.str1.199678142196697465.1)
                  0000fbae    0000000a     vision_tuning_console.o (.rodata.str1.4859846923128959820.1)
                  0000fbb8    0000000a     oled_ui.o (.rodata.str1.4932371652560868037.1)
                  0000fbc2    0000000a     vision_tuning_console.o (.rodata.str1.7225688704195888286.1)
                  0000fbcc    00000009     oled_ui.o (.rodata.str1.15917848551323629232.1)
                  0000fbd5    00000003     ti_msp_dl_config.o (.rodata.gPWM_MOTORClockConfig)
                  0000fbd8    00000008     ti_msp_dl_config.o (.rodata.gPWM_MOTORConfig)
                  0000fbe0    00000008     oled_ui.o (.rodata.str1.10430294223631918979.1)
                  0000fbe8    00000008     vision_tuning_console.o (.rodata.str1.11718269490974306969.1)
                  0000fbf0    00000008     oled_ui.o (.rodata.str1.130772507669342127.1)
                  0000fbf8    00000008     oled_ui.o (.rodata.str1.17464849429964608858.1)
                  0000fc00    00000008     oled_ui.o (.rodata.str1.2742282290834473644.1)
                  0000fc08    00000008     vision_tuning_console.o (.rodata.str1.3293472937029561918.1)
                  0000fc10    00000007     vision_tuning_console.o (.rodata.str1.10860306953068020798.1)
                  0000fc17    00000007     mission_library.o (.rodata.str1.1440970855772709381.1)
                  0000fc1e    00000007     oled_ui.o (.rodata.str1.4610220316623841660.1)
                  0000fc25    00000006     oled_ui.o (.rodata.str1.1019225241002246410.1)
                  0000fc2b    00000006     vision_tuning_console.o (.rodata.str1.10319329813075420582.1)
                  0000fc31    00000006     oled_ui.o (.rodata.str1.11149198520117834688.1)
                  0000fc37    00000006     oled_ui.o (.rodata.str1.11232419324784801130.1)
                  0000fc3d    00000006     oled_ui.o (.rodata.str1.12182588061437138428.1)
                  0000fc43    00000006     oled_ui.o (.rodata.str1.1276391367487699528.1)
                  0000fc49    00000006     oled_ui.o (.rodata.str1.1445687256832830955.1)
                  0000fc4f    00000006     oled_ui.o (.rodata.str1.15132332204781002199.1)
                  0000fc55    00000006     oled_ui.o (.rodata.str1.15817398807211891688.1)
                  0000fc5b    00000006     oled_ui.o (.rodata.str1.16411631209783952401.1)
                  0000fc61    00000006     vision_tuning_console.o (.rodata.str1.4028100529439820245.1)
                  0000fc67    00000006     oled_ui.o (.rodata.str1.4723632947289500520.1)
                  0000fc6d    00000006     oled_ui.o (.rodata.str1.8783421139296713095.1)
                  0000fc73    00000006     oled_ui.o (.rodata.str1.9544068167406571052.1)
                  0000fc79    00000005     motion_action.o (.rodata..Lswitch.table.MotionAction_Update_20ms)
                  0000fc7e    00000005     oled.o (.rodata.oled_get_glyph.colon)
                  0000fc83    00000005     oled.o (.rodata.oled_get_glyph.eight)
                  0000fc88    00000005     oled.o (.rodata.oled_get_glyph.five)
                  0000fc8d    00000005     oled.o (.rodata.oled_get_glyph.four)
                  0000fc92    00000005     oled.o (.rodata.oled_get_glyph.glyphA)
                  0000fc97    00000005     oled.o (.rodata.oled_get_glyph.glyphB)
                  0000fc9c    00000005     oled.o (.rodata.oled_get_glyph.glyphC)
                  0000fca1    00000005     oled.o (.rodata.oled_get_glyph.glyphD)
                  0000fca6    00000005     oled.o (.rodata.oled_get_glyph.glyphE)
                  0000fcab    00000005     oled.o (.rodata.oled_get_glyph.glyphF)
                  0000fcb0    00000005     oled.o (.rodata.oled_get_glyph.glyphG)
                  0000fcb5    00000005     oled.o (.rodata.oled_get_glyph.glyphH)
                  0000fcba    00000005     oled.o (.rodata.oled_get_glyph.glyphI)
                  0000fcbf    00000005     oled.o (.rodata.oled_get_glyph.glyphK)
                  0000fcc4    00000005     oled.o (.rodata.oled_get_glyph.glyphL)
                  0000fcc9    00000005     oled.o (.rodata.oled_get_glyph.glyphM)
                  0000fcce    00000005     oled.o (.rodata.oled_get_glyph.glyphN)
                  0000fcd3    00000005     oled.o (.rodata.oled_get_glyph.glyphO)
                  0000fcd8    00000005     oled.o (.rodata.oled_get_glyph.glyphP)
                  0000fcdd    00000005     oled.o (.rodata.oled_get_glyph.glyphR)
                  0000fce2    00000005     oled.o (.rodata.oled_get_glyph.glyphS)
                  0000fce7    00000005     oled.o (.rodata.oled_get_glyph.glyphT)
                  0000fcec    00000005     oled.o (.rodata.oled_get_glyph.glyphU)
                  0000fcf1    00000005     oled.o (.rodata.oled_get_glyph.glyphV)
                  0000fcf6    00000005     oled.o (.rodata.oled_get_glyph.glyphW)
                  0000fcfb    00000005     oled.o (.rodata.oled_get_glyph.glyphX)
                  0000fd00    00000005     oled.o (.rodata.oled_get_glyph.glyphY)
                  0000fd05    00000005     oled.o (.rodata.oled_get_glyph.glyphb)
                  0000fd0a    00000005     oled.o (.rodata.oled_get_glyph.gt)
                  0000fd0f    00000005     oled.o (.rodata.oled_get_glyph.minus)
                  0000fd14    00000005     oled.o (.rodata.oled_get_glyph.nine)
                  0000fd19    00000005     oled.o (.rodata.oled_get_glyph.one)
                  0000fd1e    00000005     oled.o (.rodata.oled_get_glyph.seven)
                  0000fd23    00000005     oled.o (.rodata.oled_get_glyph.six)
                  0000fd28    00000005     oled.o (.rodata.oled_get_glyph.space)
                  0000fd2d    00000005     oled.o (.rodata.oled_get_glyph.three)
                  0000fd32    00000005     oled.o (.rodata.oled_get_glyph.two)
                  0000fd37    00000005     oled.o (.rodata.oled_get_glyph.zero)
                  0000fd3c    00000005     oled_ui.o (.rodata.str1.10509309789429088155.1)
                  0000fd41    00000005     oled_ui.o (.rodata.str1.12493748764729730277.1)
                  0000fd46    00000005     oled_ui.o (.rodata.str1.12617122458660443890.1)
                  0000fd4b    00000005     oled_ui.o (.rodata.str1.13871579367539052597.1)
                  0000fd50    00000005     vision_pitch_tuning.o (.rodata.str1.13915893147848268398.1)
                  0000fd55    00000005     fault.o (.rodata.str1.14435905801345341244.1)
                  0000fd5a    00000005     oled_ui.o (.rodata.str1.14521350379984854626.1)
                  0000fd5f    00000005     fault.o (.rodata.str1.1506612114648992996.1)
                  0000fd64    00000005     oled_ui.o (.rodata.str1.15575624326185233262.1)
                  0000fd69    00000005     oled_ui.o (.rodata.str1.15577080202403550426.1)
                  0000fd6e    00000005     oled_ui.o (.rodata.str1.15613891207764622616.1)
                  0000fd73    00000005     oled_ui.o (.rodata.str1.15802367878353263018.1)
                  0000fd78    00000005     oled_ui.o (.rodata.str1.15829239520183577662.1)
                  0000fd7d    00000005     oled_ui.o (.rodata.str1.16526439943277383452.1)
                  0000fd82    00000005     oled_ui.o (.rodata.str1.16635595130967924751.1)
                  0000fd87    00000005     oled_ui.o (.rodata.str1.16939060351352778619.1)
                  0000fd8c    00000005     fault.o (.rodata.str1.17097894860660336008.1)
                  0000fd91    00000005     fault.o (.rodata.str1.17155043670132108083.1)
                  0000fd96    00000005     vision_tuning_console.o (.rodata.str1.17265544270347038021.1)
                  0000fd9b    00000005     oled_ui.o (.rodata.str1.17763087492223448992.1)
                  0000fda0    00000005     oled_ui.o (.rodata.str1.17763996158807330232.1)
                  0000fda5    00000005     oled_ui.o (.rodata.str1.17884296644359297425.1)
                  0000fdaa    00000005     fault.o (.rodata.str1.2104670281202025270.1)
                  0000fdaf    00000005     oled_ui.o (.rodata.str1.2193316011307952170.1)
                  0000fdb4    00000005     oled_ui.o (.rodata.str1.2308938766145545715.1)
                  0000fdb9    00000005     oled_ui.o (.rodata.str1.240075016795266086.1)
                  0000fdbe    00000005     oled_ui.o (.rodata.str1.2522137003438374266.1)
                  0000fdc3    00000005     oled_ui.o (.rodata.str1.270145429241168923.1)
                  0000fdc8    00000005     oled_ui.o (.rodata.str1.3455423528827705371.1)
                  0000fdcd    00000005     fault.o (.rodata.str1.4453281041433270631.1)
                  0000fdd2    00000005     fault.o (.rodata.str1.4549004730087743662.1)
                  0000fdd7    00000005     oled_ui.o (.rodata.str1.4581472623415959594.1)
                  0000fddc    00000005     oled_ui.o (.rodata.str1.4691821198597473371.1)
                  0000fde1    00000005     menu.o (.rodata.str1.4862307748908978627.1)
                  0000fde6    00000005     oled_ui.o (.rodata.str1.5004483696121082904.1)
                  0000fdeb    00000005     oled_ui.o (.rodata.str1.5376340479846291137.1)
                  0000fdf0    00000005     oled_ui.o (.rodata.str1.5965450730569173784.1)
                  0000fdf5    00000005     oled_ui.o (.rodata.str1.5965888106848176421.1)
                  0000fdfa    00000005     fault.o (.rodata.str1.6372787129294360447.1)
                  0000fdff    00000005     fault.o (.rodata.str1.6437946768974223044.1)
                  0000fe04    00000005     oled_ui.o (.rodata.str1.6806727740681590176.1)
                  0000fe09    00000005     oled_ui.o (.rodata.str1.6954814719705590448.1)
                  0000fe0e    00000005     oled_ui.o (.rodata.str1.7481335054564682966.1)
                  0000fe13    00000005     vision_yaw_tuning.o (.rodata.str1.7764041101441114269.1)
                  0000fe18    00000005     oled_ui.o (.rodata.str1.7774807581888385879.1)
                  0000fe1d    00000005     oled_ui.o (.rodata.str1.8124536758062367015.1)
                  0000fe22    00000005     fault.o (.rodata.str1.8185770893384132067.1)
                  0000fe27    00000005     oled_ui.o (.rodata.str1.8426569189266129334.1)
                  0000fe2c    00000005     oled_ui.o (.rodata.str1.8449035241871861290.1)
                  0000fe31    00000005     oled_ui.o (.rodata.str1.8471462185882660445.1)
                  0000fe36    00000005     oled_ui.o (.rodata.str1.8693388333057100694.1)
                  0000fe3b    00000005     oled_ui.o (.rodata.str1.8709745090823444516.1)
                  0000fe40    00000005     oled_ui.o (.rodata.str1.9351772214919528733.1)
                  0000fe45    00000005     oled_ui.o (.rodata.str1.9611283282870761829.1)
                  0000fe4a    00000005     oled_ui.o (.rodata.str1.9646571805098343045.1)
                  0000fe4f    00000005     oled_ui.o (.rodata.str1.9992244628984851027.1)
                  0000fe54    00000004     oled_ui.o (.rodata.str1.10263419832828250601.1)
                  0000fe58    00000004     oled_ui.o (.rodata.str1.10568433575767188072.1)
                  0000fe5c    00000004     oled_ui.o (.rodata.str1.11428648044669318875.1)
                  0000fe60    00000004     oled_ui.o (.rodata.str1.12697925274637991987.1)
                  0000fe64    00000004     oled_ui.o (.rodata.str1.12928245060369742404.1)
                  0000fe68    00000004     oled_ui.o (.rodata.str1.13244290092665904221.1)
                  0000fe6c    00000004     oled_ui.o (.rodata.str1.13567883086814673087.1)
                  0000fe70    00000004     fault.o (.rodata.str1.13582094816268305212.1)
                  0000fe74    00000004     oled_ui.o (.rodata.str1.13790669171379415506.1)
                  0000fe78    00000004     vision_tuning_console.o (.rodata.str1.14084955404328172175.1)
                  0000fe7c    00000004     oled_ui.o (.rodata.str1.14556837007311414654.1)
                  0000fe80    00000004     oled_ui.o (.rodata.str1.14740362735394205067.1)
                  0000fe84    00000004     oled_ui.o (.rodata.str1.14774750633985060196.1)
                  0000fe88    00000004     oled_ui.o (.rodata.str1.15008238333949226094.1)
                  0000fe8c    00000004     oled_ui.o (.rodata.str1.16290499236105125126.1)
                  0000fe90    00000004     menu.o (.rodata.str1.16312125044762562515.1)
                  0000fe94    00000004     fault.o (.rodata.str1.16482347271627360806.1)
                  0000fe98    00000004     oled_ui.o (.rodata.str1.16554583589798097927.1)
                  0000fe9c    00000004     vision_pitch_tuning.o (.rodata.str1.16579632732967443104.1)
                  0000fea0    00000004     oled_ui.o (.rodata.str1.16849766574302683489.1)
                  0000fea4    00000004     oled_ui.o (.rodata.str1.16895433903389883335.1)
                  0000fea8    00000004     oled_ui.o (.rodata.str1.16931641404301806744.1)
                  0000feac    00000004     menu.o (.rodata.str1.17041139162815566052.1)
                  0000feb0    00000004     oled_ui.o (.rodata.str1.17274519358952562110.1)
                  0000feb4    00000004     oled_ui.o (.rodata.str1.17436941090773226089.1)
                  0000feb8    00000004     oled_ui.o (.rodata.str1.18266126048138325213.1)
                  0000febc    00000004     oled_ui.o (.rodata.str1.18379317056176403938.1)
                  0000fec0    00000004     oled_ui.o (.rodata.str1.2608729314174233125.1)
                  0000fec4    00000004     oled_ui.o (.rodata.str1.2656948373757303877.1)
                  0000fec8    00000004     oled_ui.o (.rodata.str1.2983744876309220570.1)
                  0000fecc    00000004     oled_ui.o (.rodata.str1.3407221357956504873.1)
                  0000fed0    00000004     oled_ui.o (.rodata.str1.3467953211977455017.1)
                  0000fed4    00000004     oled_ui.o (.rodata.str1.3702290527496711532.1)
                  0000fed8    00000004     oled_ui.o (.rodata.str1.4581686099848791648.1)
                  0000fedc    00000004     oled_ui.o (.rodata.str1.4582914374586912483.1)
                  0000fee0    00000004     menu.o (.rodata.str1.4646809750356241979.1)
                  0000fee4    00000004     oled_ui.o (.rodata.str1.5291836437463020264.1)
                  0000fee8    00000004     oled_ui.o (.rodata.str1.5853739094453432564.1)
                  0000feec    00000004     oled_ui.o (.rodata.str1.7050595558965647569.1)
                  0000fef0    00000004     oled_ui.o (.rodata.str1.7185587941321649510.1)
                  0000fef4    00000004     oled_ui.o (.rodata.str1.7219546930854689545.1)
                  0000fef8    00000004     fault.o (.rodata.str1.7255546073596598018.1)
                  0000fefc    00000004     oled_ui.o (.rodata.str1.7419768602719733415.1)
                  0000ff00    00000004     oled_ui.o (.rodata.str1.8236579331345056500.1)
                  0000ff04    00000004     oled_ui.o (.rodata.str1.8403269972884532600.1)
                  0000ff08    00000004     oled_ui.o (.rodata.str1.8460525935980491721.1)
                  0000ff0c    00000004     oled_ui.o (.rodata.str1.8950259614286592359.1)
                  0000ff10    00000004     oled_ui.o (.rodata.str1.9102528229756940648.1)
                  0000ff14    00000004     oled_ui.o (.rodata.str1.9159586779647977165.1)
                  0000ff18    00000004     oled_ui.o (.rodata.str1.9229350655415085.1)
                  0000ff1c    00000004     vision_tuning_console.o (.rodata.str1.9292707793305368794.1)
                  0000ff20    00000004     oled_ui.o (.rodata.str1.9295666102996717355.1)
                  0000ff24    00000004     vision_yaw_tuning.o (.rodata.str1.9489746196023004463.1)
                  0000ff28    00000004     menu.o (.rodata.str1.9546740394641817443.1)
                  0000ff2c    00000004     oled_ui.o (.rodata.str1.967006512144173535.1)
                  0000ff30    00000004     oled_ui.o (.rodata.str1.9854382722193312766.1)
                  0000ff34    00000003     oled_ui.o (.rodata.str1.10077435089618835710.1)
                  0000ff37    00000003     vision_pitch_tuning.o (.rodata.str1.10553819018306626402.1)
                  0000ff3a    00000003     oled_ui.o (.rodata.str1.1108652269057166745.1)
                  0000ff3d    00000003     oled_ui.o (.rodata.str1.12043213579996415112.1)
                  0000ff40    00000003     menu.o (.rodata.str1.12110183915172842339.1)
                  0000ff43    00000003     vision_tuning_console.o (.rodata.str1.12197883643583142124.1)
                  0000ff46    00000003     oled_ui.o (.rodata.str1.12983537867572525563.1)
                  0000ff49    00000003     menu.o (.rodata.str1.13124720451672825294.1)
                  0000ff4c    00000003     menu.o (.rodata.str1.14098755746347272832.1)
                  0000ff4f    00000003     oled_ui.o (.rodata.str1.14134189893851348960.1)
                  0000ff52    00000003     oled_ui.o (.rodata.str1.14358698208395374265.1)
                  0000ff55    00000003     oled_ui.o (.rodata.str1.14711868471336838103.1)
                  0000ff58    00000003     vision_pitch_tuning.o (.rodata.str1.15082469624955958926.1)
                  0000ff5b    00000003     vision_yaw_tuning.o (.rodata.str1.15455206247194842411.1)
                  0000ff5e    00000003     oled_ui.o (.rodata.str1.15859922799842739878.1)
                  0000ff61    00000003     oled_ui.o (.rodata.str1.15935041339501476673.1)
                  0000ff64    00000003     vision_tuning_console.o (.rodata.str1.16336339630363933256.1)
                  0000ff67    00000003     vision_pitch_tuning.o (.rodata.str1.17185918124541117546.1)
                  0000ff6a    00000003     oled_ui.o (.rodata.str1.17812014771544466701.1)
                  0000ff6d    00000003     vision_pitch_tuning.o (.rodata.str1.18308346119964257230.1)
                  0000ff70    00000003     oled_ui.o (.rodata.str1.1974573040514735405.1)
                  0000ff73    00000003     vision_pitch_tuning.o (.rodata.str1.2353024170771920291.1)
                  0000ff76    00000003     oled_ui.o (.rodata.str1.2603845803395459882.1)
                  0000ff79    00000003     vision_yaw_tuning.o (.rodata.str1.4032468970572441659.1)
                  0000ff7c    00000003     oled_ui.o (.rodata.str1.4402311448527872260.1)
                  0000ff7f    00000003     vision_yaw_tuning.o (.rodata.str1.6393086909333857079.1)
                  0000ff82    00000003     vision_yaw_tuning.o (.rodata.str1.6657421771701333087.1)
                  0000ff85    00000003     menu.o (.rodata.str1.6857549598058878762.1)
                  0000ff88    00000003     oled_ui.o (.rodata.str1.8018480777946742726.1)
                  0000ff8b    00000003     fault.o (.rodata.str1.8193046109637024842.1)
                  0000ff8e    00000003     oled_ui.o (.rodata.str1.8399051469953744892.1)
                  0000ff91    00000003     oled_ui.o (.rodata.str1.9584387800903135389.1)
                  0000ff94    00000003     oled_ui.o (.rodata.str1.9822857334037886482.1)
                  0000ff97    00000002     oled_ui.o (.rodata.str1.3025253791635144717.1)
                  0000ff99    00000007     --HOLE-- [fill = 0]

.init_array 
*          0    00000000    00000000     UNINITIALIZED

.binit     0    00000000    00000000     

.bss       0    20200000    000010b6     UNINITIALIZED
                  20200000    00000400     oled.o (.bss.g_oledFrame)
                  20200400    00000200     vision_receiver.o (.bss.g_ring)
                  20200600    000001d0     runtime_snapshot.o (.bss.g_snapshot)
                  202007d0    00000110     (.common:g_appConfig)
                  202008e0    00000100     vision_tuning_console.o (.bss.g_rxRing)
                  202009e0    00000100     vision_tuning_console.o (.bss.g_txRing)
                  20200ae0    00000084     (.common:g_imuRuntime)
                  20200b64    0000007c     motor_control.o (.bss.g_runtime)
                  20200be0    00000070     (.common:g_appRuntime)
                  20200c50    00000058     vision_receiver.o (.bss.g_status)
                  20200ca8    00000058     (.common:g_wheelSpeedEstimatorRuntime)
                  20200d00    00000040     gimbal.o (.bss.g_feedback)
                  20200d40    00000040     vision_tuning_console.o (.bss.g_line)
                  20200d80    00000040     line_controller.o (.bss.g_lineRuntime)
                  20200dc0    00000030     (.common:gUART_VISIONBackup)
                  20200df0    0000002c     vision_receiver.o (.bss.g_observation)
                  20200e1c    0000002c     empty.o (.bss.g_schedulerStats)
                  20200e48    00000028     vision_receiver.o (.bss.g_frame)
                  20200e70    00000020     bluetooth_uart.o (.bss.g_runtime)
                  20200e90    0000001c     mission_manager.o (.bss.g_missionRuntime)
                  20200eac    0000001c     balance_encoder.o (.bss.g_runtime)
                  20200ec8    0000001c     (.common:g_headingRuntime)
                  20200ee4    00000018     obstacle_avoidance.o (.bss.g_avoidFeedback)
                  20200efc    00000004     imu.o (.bss.g_elapsedSinceValidSampleMs)
                  20200f00    00000018     gimbal_stepper.o (.bss.g_feedback)
                  20200f18    00000018     vision_pitch_tuning.o (.bss.g_status)
                  20200f30    00000018     vision_tuning_console.o (.bss.g_status)
                  20200f48    00000014     motion_action.o (.bss.g_motionActionRuntime)
                  20200f5c    00000004     debug_telemetry.o (.bss.g_lastFrameMs)
                  20200f60    00000014     vision_yaw_tuning.o (.bss.g_status)
                  20200f74    00000014     watchdog_monitor.o (.bss.g_status)
                  20200f88    00000010     fault.o (.bss.g_faultRecord)
                  20200f98    00000010     motor.o (.bss.g_motorRuntime)
                  20200fa8    0000000e     car_controller.o (.bss.g_carControllerFeedback)
                  20200fb6    00000002     ultrasonic.o (.bss.g_echoTicks)
                  20200fb8    0000000e     ultrasonic.o (.bss.g_ultrasonicFeedback)
                  20200fc6    00000002     vision_receiver.o (.bss.g_ringHead)
                  20200fc8    0000000c     magnet.o (.bss.g_runtime)
                  20200fd4    0000000c     debug_telemetry.o (.bss.g_status)
                  20200fe0    00000008     obstacle_monitor.o (.bss.g_obstacleFeedback)
                  20200fe8    00000008     gimbal_stepper.o (.bss.g_stepperEstimatedSteps)
                  20200ff0    00000008     gimbal_stepper.o (.bss.g_stepperTargetEstimatedSteps)
                  20200ff8    00000008     gimbal.o (.bss.g_yawContinuousDegX10)
                  20201000    00000008     gimbal.o (.bss.g_yawLockedWorldYawDegX10)
                  20201008    00000008     gimbal.o (.bss.g_yawTargetContinuousDegX10)
                  20201010    00000008     gimbal.o (.bss.g_yawWorldTargetDegX10)
                  20201018    00000008     gimbal.o (.bss.g_yawWrappedDegX10)
                  20201020    00000006     ultrasonic.o (.bss.g_distanceSamples)
                  20201026    00000006     key.o (.bss.g_key1)
                  2020102c    00000006     key.o (.bss.g_key2)
                  20201032    00000006     key.o (.bss.g_key3)
                  20201038    00000004     watchdog_monitor.o (.bss.g_lastTickMs)
                  2020103c    00000004     wheel_speed_estimator.o (.bss.g_latchedErrorFlags)
                  20201040    00000004     empty.o (.bss.g_localTimeMs)
                  20201044    00000004     encoder.o (.bss.g_motorAPulses)
                  20201048    00000004     encoder.o (.bss.g_motorBPulses)
                  2020104c    00000004     imu.o (.bss.g_previousValidCorrectedGyroZDps)
                  20201050    00000004     mission_manager.o (.bss.g_selectedDefinition)
                  20201054    00000004     servo.o (.bss.g_servoFeedback)
                  20201058    00000004     balance_encoder.o (.bss.g_speedLastCount)
                  2020105c    00000004     gimbal_stepper.o (.bss.g_stepperCompletedSteps)
                  20201060    00000004     gimbal.o (.bss.g_yawCommandedRpm)
                  20201064    00000004     gimbal.o (.bss.g_yawTargetRpm)
                  20201068    00000004     empty.o (.bss.main.lastAppUpdateMs)
                  2020106c    00000002     vision_receiver.o (.bss.g_ringTail)
                  2020106e    00000002     vision_tuning_console.o (.bss.g_rxHead)
                  20201070    00000002     vision_tuning_console.o (.bss.g_rxTail)
                  20201072    00000002     servo.o (.bss.g_servoPwmPhase)
                  20201074    00000002     ultrasonic.o (.bss.g_stateTicks)
                  20201076    00000002     gimbal_stepper.o (.bss.g_stepperHalfPeriodTicks)
                  20201078    00000002     gimbal_stepper.o (.bss.g_stepperStepHalfPeriodTicks)
                  2020107a    00000002     vision_tuning_console.o (.bss.g_txHead)
                  2020107c    00000002     vision_tuning_console.o (.bss.g_txTail)
                  2020107e    00000002     (.common:g_trackError)
                  20201080    00000001     oled_ui.o (.bss.OledUi_Update_20ms.flushRow)
                  20201081    00000001     oled_ui.o (.bss.OledUi_Update_20ms.refreshDivider)
                  20201082    00000001     empty.o (.bss.SysTick_Handler.balanceEncoderSpeedMsCount)
                  20201083    00000001     empty.o (.bss.SysTick_Handler.controlMsCount)
                  20201084    00000001     empty.o (.bss.SysTick_Handler.tick100usCount)
                  20201085    00000001     ultrasonic.o (.bss.Ultrasonic_Update_20ms.triggerDivider)
                  20201086    00000001     empty.o (.bss.g_appUpdatePending)
                  20201087    00000001     vision_tuning_console.o (.bss.g_capturing)
                  20201088    00000001     car_state.o (.bss.g_carState)
                  20201089    00000001     obstacle_monitor.o (.bss.g_centerSettleTicks)
                  2020108a    00000001     vision_tuning_console.o (.bss.g_commandTarget)
                  2020108b    00000001     ultrasonic.o (.bss.g_distanceSampleCount)
                  2020108c    00000001     ultrasonic.o (.bss.g_distanceSampleIndex)
                  2020108d    00000001     emergency_stop.o (.bss.g_emergencyStopActive)
                  2020108e    00000001     watchdog_monitor.o (.bss.g_faultApplied)
                  2020108f    00000001     watchdog_monitor.o (.bss.g_faultPending)
                  20201090    00000001     vision_receiver.o (.bss.g_frameSize)
                  20201091    00000001     imu.o (.bss.g_integrationHistoryValid)
                  20201092    00000001     wheel_speed_estimator.o (.bss.g_leftFilterInitialized)
                  20201093    00000001     vision_tuning_console.o (.bss.g_lineSize)
                  20201094    00000001     obstacle_safety.o (.bss.g_obstacleSafetyHolding)
                  20201095    00000001     oled.o (.bss.g_oledColumn)
                  20201096    00000001     menu.o (.bss.g_oledPage)
                  20201097    00000001     oled.o (.bss.g_oledPage)
                  20201098    00000001     encoder.o (.bss.g_overflowFlags)
                  20201099    00000001     menu.o (.bss.g_paramItem)
                  2020109a    00000001     menu.o (.bss.g_paramReturnPage)
                  2020109b    00000001     key.o (.bss.g_pendingEvent)
                  2020109c    00000001     vision_tuning_console.o (.bss.g_prefixIndex)
                  2020109d    00000001     vision_tuning_console.o (.bss.g_prefixTarget)
                  2020109e    00000001     mission_manager.o (.bss.g_resumeCurrentAction)
                  2020109f    00000001     wheel_speed_estimator.o (.bss.g_rightFilterInitialized)
                  202010a0    00000001     car_controller.o (.bss.g_safetyHold)
                  202010a1    00000001     imu.o (.bss.g_shortGapPending)
                  202010a2    00000001     gimbal_stepper.o (.bss.g_stepperDirection)
                  202010a3    00000001     gimbal_stepper.o (.bss.g_stepperRunning)
                  202010a4    00000001     gimbal_stepper.o (.bss.g_stepperStepHigh)
                  202010a5    00000001     gimbal_stepper.o (.bss.g_stepperStopAfterStepLow)
                  202010a6    00000001     motor_control.o (.bss.g_targetRefreshed)
                  202010a7    00000001     mission_manager.o (.bss.g_transientActionActive)
                  202010a8    00000001     ultrasonic.o (.bss.g_triggerRequest)
                  202010a9    00000001     ultrasonic.o (.bss.g_ultrasonicState)
                  202010aa    00000001     gimbal.o (.bss.g_yawLimitClamped)
                  202010ab    00000001     gimbal.o (.bss.g_yawLimitDirection)
                  202010ac    00000001     gimbal.o (.bss.g_yawPositionValid)
                  202010ad    00000001     gimbal.o (.bss.g_yawWorldLockEnabled)
                  202010ae    00000001     (.common:g_carStateDebug)
                  202010af    00000001     (.common:g_keyEvent)
                  202010b0    00000001     (.common:g_oledPageDebug)
                  202010b1    00000001     (.common:g_paramItemDebug)
                  202010b2    00000001     (.common:g_trackBlackCount)
                  202010b3    00000001     (.common:g_trackModeDebug)
                  202010b4    00000001     (.common:g_trackRaw)
                  202010b5    00000001     (.common:g_trackTurnDebug)

.data      0    202010b6    00000001     UNINITIALIZED
                  202010b6    00000001     car_controller.o (.data.g_followTurnPolicy)

.stack     0    20207e00    00000200     UNINITIALIZED
                  20207e00    00000004     libc.a : boot_cortex_m.c.obj (.stack)
                  20207e04    000001fc     --HOLE--

__llvm_prf_cnts 
*          0    20200000    00000000     UNINITIALIZED

__llvm_prf_bits 
*          0    20200000    00000000     UNINITIALIZED

MODULE SUMMARY

       Module                         code    ro data   rw data
       ------                         ----    -------   -------
    .\
       oled_ui.o                      13136   736       2      
       vision_tuning_console.o        9616    102       613    
       imu.o                          5156    0         142    
       car_controller.o               4412    0         128    
       oled.o                         2006    406       1026   
       motor_control.o                2768    0         125    
       app_config.o                   2156    0         272    
       line_controller.o              2196    0         64     
       vision_receiver.o              1072    0         689    
       runtime_snapshot.o             1212    0         464    
       mission_manager.o              1472    0         34     
       motion_action.o                1400    5         20     
       menu.o                         1324    65        3      
       wheel_speed_estimator.o        1292    0         94     
       gimbal_stepper.o               1280    0         52     
       gimbal.o                       896     0         116    
       mission_library.o              560     389       0      
       motor.o                        776     0         16     
       balance_encoder.o              708     16        32     
       ti_msp_dl_config.o             672     23        48     
       vision_protocol.o              732     0         0      
       ultrasonic.o                   596     0         29     
       app.o                          604     0         10     
       empty.o                        480     0         56     
       key.o                          436     0         19     
       fault.o                        312     65        16     
       track_sensor.o                 372     0         0      
       heading_control.o              340     0         28     
       watchdog_monitor.o             308     0         26     
       vision_pitch_tuning.o          260     48        24     
       vision_yaw_tuning.o            248     41        20     
       encoder.o                      276     0         9      
       obstacle_safety.o              272     0         1      
       obstacle_monitor.o             192     0         9      
       startup_mspm0g350x_ticlang.o   6       192       0      
       angle_utils.o                  192     0         0      
       emergency_stop.o               188     0         1      
       servo.o                        176     0         6      
       vision_uart.o                  164     0         0      
       obstacle_avoidance.o           62      0         24     
       magnet.o                       72      0         12     
       debug_telemetry.o              56      0         16     
       bluetooth_uart.o               8       0         32     
       car_state.o                    36      0         1      
    +--+------------------------------+-------+---------+---------+
       Total:                         60498   2088      4279   
                                                               
    C:/TI/mspm0_sdk_2_05_01_00/source/ti/driverlib/lib/ticlang/m0p/mspm0g1x0x_g3x0x/driverlib.a
       dl_timer.o                     388     0         0      
       dl_uart.o                      90      0         0      
       dl_common.o                    10      0         0      
    +--+------------------------------+-------+---------+---------+
       Total:                         488     0         0      
                                                               
    D:\TI\CCS\ccs\tools\compiler\ti-cgt-armllvm_4.0.4.LTS\lib\armv6m-ti-none-eabi/c/libc.a
       memcpy16.S.obj                 154     0         0      
       strcmp-armv6m.S.obj            136     0         0      
       copy_decompress_lzss.c.obj     124     0         0      
       memset16.S.obj                 98      0         0      
       autoinit.c.obj                 60      0         0      
       boot_cortex_m.c.obj            40      0         0      
       memmov.c.obj                   40      0         0      
       copy_decompress_none.c.obj     18      0         0      
       copy_zero_init.c.obj           16      0         0      
       exit.c.obj                     6       0         0      
       pre_init.c.obj                 4       0         0      
    +--+------------------------------+-------+---------+---------+
       Total:                         696     0         0      
                                                               
    D:\TI\CCS\ccs\tools\compiler\ti-cgt-armllvm_4.0.4.LTS\lib\armv6m-ti-none-eabi/c/libsysbm.a
       hostexit.c.obj                 4       0         0      
    +--+------------------------------+-------+---------+---------+
       Total:                         4       0         0      
                                                               
    D:\TI\CCS\ccs\tools\compiler\ti-cgt-armllvm_4.0.4.LTS\lib\armv6m-ti-none-eabi/libclang_rt.builtins.a
       addsf3.S.obj                   216     0         0      
       udivmoddi4.S.obj               162     0         0      
       comparesf2.S.obj               140     0         0      
       mulsf3.S.obj                   140     0         0      
       divsf3.S.obj                   130     0         0      
       aeabi_fcmp.S.obj               98      0         0      
       fixsfdi.S.obj                  96      0         0      
       aeabi_idivmod.S.obj            86      0         0      
       floatdisf.S.obj                78      0         0      
       aeabi_uidivmod.S.obj           64      0         0      
       divmoddi4.c.obj                62      0         0      
       floatsisf.S.obj                60      0         0      
       muldsi3.S.obj                  58      0         0      
       fixsfsi.S.obj                  56      0         0      
       floatunsisf.S.obj              40      0         0      
       muldi3.S.obj                   36      0         0      
       ashldi3.S.obj                  30      0         0      
       aeabi_ldivmod.S.obj            20      0         0      
       aeabi_uldivmod.S.obj           20      0         0      
       aeabi_memset.S.obj             12      0         0      
       aeabi_memcpy.S.obj             8       0         0      
       aeabi_memmove.S.obj            8       0         0      
       aeabi_div0.c.obj               4       0         0      
    +--+------------------------------+-------+---------+---------+
       Total:                         1624    0         0      
                                                               
       Stack:                         0       0         512    
       Linker Generated:              0       41        0      
    +--+------------------------------+-------+---------+---------+
       Grand Total:                   63310   2129      4791   


LINKER GENERATED COPY TABLES

__TI_cinit_table @ 0000ffbc records: 2, size/record: 8, table size: 16
	.bss: load addr=0000ffac, load size=00000008 bytes, run addr=20200000, run size=000010b6 bytes, compression=zero_init
	.data: load addr=0000ffb4, load size=00000005 bytes, run addr=202010b6, run size=00000001 bytes, compression=lzss


LINKER GENERATED HANDLER TABLE

__TI_handler_table @ 0000ffa0 records: 3, size/record: 4, table size: 12
	index: 0, handler: __TI_decompress_lzss
	index: 1, handler: __TI_decompress_none
	index: 2, handler: __TI_zero_init


GLOBAL SYMBOLS: SORTED ALPHABETICALLY BY Name 

address   name                                      
-------   ----                                      
0000cf67  ADC0_IRQHandler                           
0000cf67  ADC1_IRQHandler                           
0000cf67  AES_IRQHandler                            
0000c9d9  Angle_Normalize180                        
00008f79  AppConfig_InitDefault                     
00005011  AppConfig_LimitAll                        
0000d839  App_Init                                  
0000dedd  App_ResetToReady                          
0000a901  App_Update_20ms                           
0000dcd9  BalanceEncoder_CalculateFollowError       
0000d8b9  BalanceEncoder_CalculateSpeedRpmX10       
0000e849  BalanceEncoder_GetSnapshot                
0000c845  BalanceEncoder_HandleGpioInterrupt        
0000e1d9  BalanceEncoder_Init                       
0000e231  BalanceEncoder_Reset                      
0000f08d  BalanceEncoder_SampleSpeed10msFromIsr     
0000f751  BluetoothUart_GetRuntime                  
0000f80e  C$$EXIT                                   
0000cf67  CANFD0_IRQHandler                         
0000f759  CarController_GetFeedback                 
0000f625  CarController_GetRunMode                  
0000f631  CarController_Init                        
0000f63d  CarController_IsSafetyHoldActive          
0000ca99  CarController_ResetRuntime                
0000d26d  CarController_ResetTransientState         
0000e889  CarController_ResumeFollowLine            
0000d529  CarController_SetSafetyHold               
0000c69d  CarController_StartDriveDistance          
0000a441  CarController_StartDriveDistanceAtYaw     
0000d739  CarController_StartDriveHeading           
0000e6b1  CarController_StartFollowLine             
0000d1d9  CarController_StartTurnToYawRelative      
0000e3e9  CarController_Stop                        
0000a771  CarController_Update_20ms                 
0000f649  CarState_Get                              
0000f655  CarState_Init                             
0000f661  CarState_Set                              
0000cf67  DAC0_IRQHandler                           
0000f715  DL_Common_delayCycles                     
0000ba7d  DL_Timer_initFourCCPWMMode                
0000f1d1  DL_Timer_overrideCCPOut                   
0000f2d1  DL_Timer_setCaptCompUpdateMethod          
0000f421  DL_Timer_setCaptureCompareOutCtl          
0000f5e5  DL_Timer_setCaptureCompareValue           
0000f2ed  DL_Timer_setClockConfig                   
0000e621  DL_UART_init                              
0000f5c1  DL_UART_setClockConfig                    
0000cf67  DMA_IRQHandler                            
0000f439  DebugTelemetry_Init                       
0000f1f1  DebugTelemetry_Update                     
0000cf67  Default_Handler                           
0000ef75  EmergencyStop_Enforce                     
0000f66d  EmergencyStop_Init                        
0000f679  EmergencyStop_IsActive                    
0000e6f5  EmergencyStop_Reset                       
0000ec29  EmergencyStop_Trigger                     
0000e739  Encoder_GetAndClearPulseDeltas            
0000ce21  Encoder_HandleGpioInterrupt               
0000eec5  Encoder_Reset                             
0000c911  FaultCode_ToShortString                   
0000f4f9  Fault_Clear                               
0000f761  Fault_GetRecord                           
0000f50d  Fault_Init                                
0000e8c9  Fault_Raise                               
0000cf67  GROUP0_IRQHandler                         
0000f211  GROUP1_IRQHandler                         
0000d5ad  GimbalStepper_ConfirmZero                 
0000f769  GimbalStepper_GetFeedback                 
0000f0b1  GimbalStepper_GetFeedbackSnapshot         
0000ccc5  GimbalStepper_Init                        
0000c771  GimbalStepper_MoveRelativeSteps           
0000db19  GimbalStepper_Release                     
0000f521  GimbalStepper_SetStepHalfPeriodTicks      
0000cc11  GimbalStepper_StopHold                    
0000a5dd  GimbalStepper_Tick100us                   
0000f5f5  Gimbal_YawGetFeedback                     
0000f80f  HOSTexit                                  
0000cf67  HardFault_Handler                         
0000f535  HeadingControl_Enable                     
0000f771  HeadingControl_GetRuntime                 
0000f451  HeadingControl_Init                       
0000f469  HeadingControl_Reset                      
0000f309  HeadingControl_SetTargetYaw               
0000bf81  HeadingControl_Update                     
0000cf67  I2C0_IRQHandler                           
0000cf67  I2C1_IRQHandler                           
0000565d  Imu_CalibrateGyroBias                     
0000f685  Imu_GetCorrectedGyroZDps                  
0000f779  Imu_GetRuntime                            
0000f691  Imu_GetYaw                                
000075c9  Imu_Init                                  
0000ecd1  Imu_IsReady                               
0000e77d  Imu_ResetYaw                              
00006e39  Imu_Update                                
0000f605  Key_GetEvent                              
0000edd5  Key_Init                                  
0000aa7d  Key_Update_20ms                           
0000f781  LineController_GetRuntime                 
0000bb81  LineController_Init                       
0000ee05  LineController_ObserveSensors             
0000b2a9  LineController_Reset                      
0000b971  LineController_ResetControlState          
00005c09  LineController_Update                     
0000ef9d  Magnet_ForceOff                           
0000f231  Magnet_Init                               
0000f69d  Menu_GetPage                              
0000f6a9  Menu_GetParamItem                         
0000cb55  Menu_GetParamValue                        
00009b7d  Menu_HandleKeyEvent                       
0000f325  Menu_Init                                 
0000f481  Menu_ParamItemToString                    
0000ed05  MissionLibrary_FindById                   
0000f549  MissionLibrary_GetByIndex                 
0000f813  MissionLibrary_GetCount                   
00009999  MissionLibrary_Validate                   
0000e669  MissionManager_Cancel                     
0000f789  MissionManager_GetMissionCount            
0000f791  MissionManager_GetRuntime                 
0000f55d  MissionManager_GetSelectedMissionId       
0000dd41  MissionManager_GetSelectedMissionIndex    
0000e289  MissionManager_Init                       
0000f6b5  MissionManager_IsExternallyHeld           
0000eef1  MissionManager_Pause                      
0000f0d5  MissionManager_ReportExternalFailure      
0000e7c1  MissionManager_Reset                      
0000ea49  MissionManager_Resume                     
0000be85  MissionManager_SelectNext                 
0000c06d  MissionManager_SelectPrevious             
0000f6c1  MissionManager_SetExternalHold            
0000de79  MissionManager_Start                      
0000b3d1  MissionManager_Update_20ms                
0000f341  MotionAction_Cancel                       
0000f799  MotionAction_GetRuntime                   
0000f499  MotionAction_Init                         
0000f71f  MotionAction_Resume                       
0000f729  MotionAction_Start                        
00008585  MotionAction_Update_20ms                  
0000f7a1  MotorControl_GetRuntime                   
0000f0f9  MotorControl_Init                         
0000f11d  MotorControl_Reset                        
0000bc85  MotorControl_SetNormalizedTarget          
0000e5d5  MotorControl_Stop                         
00008835  MotorControl_Update                       
0000d631  Motor_Init                                
000093b9  Motor_SetSpeed                            
0000d7b9  Motor_Stop                                
0000cf67  NMI_Handler                               
0000f141  OLED_ClearBuffer                          
0000abf1  OLED_FlushPage                            
0000b4f9  OLED_Init                                 
0000e2e1  OLED_PrintChar                            
0000ad61  OLED_PrintInt16                           
0000eda1  OLED_PrintString                          
0000c4ed  OLED_PrintUInt16                          
0000f251  OLED_SetCursor                            
0000f7a9  ObstacleAvoidance_GetFeedback             
0000f4b1  ObstacleAvoidance_Init                    
0000f6cd  ObstacleAvoidance_IsActive                
0000f6d9  ObstacleAvoidance_IsFailed                
0000f817  ObstacleAvoidance_IsResumeGraceActive     
0000d13f  ObstacleAvoidance_Update_20ms             
0000f7b1  ObstacleMonitor_GetFeedback               
0000f35d  ObstacleMonitor_Init                      
0000d009  ObstacleMonitor_Update_20ms               
0000f379  ObstacleSafety_Init                       
0000f6e5  ObstacleSafety_IsHolding                  
0000c155  ObstacleSafety_Update_20ms                
0000f7b9  OledUi_Init                               
000000c1  OledUi_Update_20ms                        
0000cf67  PendSV_Handler                            
0000cf67  RTC_IRQHandler                            
0000f81b  Reset_Handler                             
0000f7c1  RuntimeSnapshot_Get                       
0000f4c9  RuntimeSnapshot_Init                      
0000612d  RuntimeSnapshot_Update                    
0000cf67  SPI0_IRQHandler                           
0000cf67  SPI1_IRQHandler                           
0000cf67  SVC_Handler                               
0000bd85  SYSCFG_DL_GPIO_init                       
0000d2fd  SYSCFG_DL_PWM_MOTOR_init                  
0000e909  SYSCFG_DL_SYSCTL_init                     
0000db89  SYSCFG_DL_UART_VISION_init                
0000f165  SYSCFG_DL_init                            
0000e949  SYSCFG_DL_initPower                       
0000f271  SchedulerMonitor_GetStats                 
0000f7c9  Servo_GetFeedback                         
0000efc5  Servo_Init                                
0000ea85  Servo_SetAngleDeg                         
0000e805  Servo_Tick100us                           
0000cd75  SysTick_Handler                           
0000f6f1  SystemTime_GetMs                          
0000cf67  TIMA0_IRQHandler                          
0000cf67  TIMA1_IRQHandler                          
0000cf67  TIMG0_IRQHandler                          
0000cf67  TIMG12_IRQHandler                         
0000cf67  TIMG6_IRQHandler                          
0000cf67  TIMG7_IRQHandler                          
0000cf67  TIMG8_IRQHandler                          
[...]
202010af  g_keyEvent                                
202010b0  g_oledPageDebug                           
202010b1  g_paramItemDebug                          
202010b2  g_trackBlackCount                         
2020107e  g_trackError                              
202010b3  g_trackModeDebug                          
202010b4  g_trackRaw                                
202010b5  g_trackTurnDebug                          
20200ca8  g_wheelSpeedEstimatorRuntime              
00000000  interruptVectors                          
0000c325  main                                      
0000d0a5  memcpy                                    
0000f03d  memmove                                   
0000dfa3  memset                                    
0000d4a1  strcmp                                    


GLOBAL SYMBOLS: SORTED BY Symbol Address 

address   name                                      
-------   ----                                      
00000000  __TI_ATRegion0_region_sz                  
00000000  __TI_ATRegion0_src_addr                   
00000000  __TI_ATRegion0_trg_addr                   
00000000  __TI_ATRegion1_region_sz                  
00000000  __TI_ATRegion1_src_addr                   
00000000  __TI_ATRegion1_trg_addr                   
00000000  __TI_ATRegion2_region_sz                  
00000000  __TI_ATRegion2_src_addr                   
00000000  __TI_ATRegion2_trg_addr                   
00000000  __TI_static_base__                        
00000000  interruptVectors                          
000000c1  OledUi_Update_20ms                        
00000200  __STACK_SIZE                              
0000323d  VisionTuningConsole_Process               
00005011  AppConfig_LimitAll                        
0000565d  Imu_CalibrateGyroBias                     
00005c09  LineController_Update                     
0000612d  RuntimeSnapshot_Update                    
00006a15  WheelSpeedEstimator_Update                
00006e39  Imu_Update                                
00007219  VisionReceiver_Process                    
000075c9  Imu_Init                                  
00008585  MotionAction_Update_20ms                  
00008835  MotorControl_Update                       
00008f79  AppConfig_InitDefault                     
000093b9  Motor_SetSpeed                            
000095bd  VisionProtocol_ParseV1TargetFrame         
00009999  MissionLibrary_Validate                   
00009b7d  Menu_HandleKeyEvent                       
0000a2a1  Ultrasonic_Tick100us                      
0000a441  CarController_StartDriveDistanceAtYaw     
0000a5dd  GimbalStepper_Tick100us                   
0000a771  CarController_Update_20ms                 
0000a901  App_Update_20ms                           
0000aa7d  Key_Update_20ms                           
0000abf1  OLED_FlushPage                            
0000ad61  OLED_PrintInt16                           
0000b2a9  LineController_Reset                      
0000b3d1  MissionManager_Update_20ms                
0000b4f9  OLED_Init                                 
0000b971  LineController_ResetControlState          
0000ba7d  DL_Timer_initFourCCPWMMode                
0000bb81  LineController_Init                       
0000bc85  MotorControl_SetNormalizedTarget          
0000bd85  SYSCFG_DL_GPIO_init                       
0000be85  MissionManager_SelectNext                 
0000bf81  HeadingControl_Update                     
0000c06d  MissionManager_SelectPrevious             
0000c155  ObstacleSafety_Update_20ms                
0000c325  main                                      
0000c40d  WheelSpeedEstimator_Init                  
0000c4ed  OLED_PrintUInt16                          
0000c5c5  __aeabi_fsub                              
0000c5c5  __subsf3                                  
0000c5cf  __addsf3                                  
0000c5cf  __aeabi_fadd                              
0000c69d  CarController_StartDriveDistance          
0000c771  GimbalStepper_MoveRelativeSteps           
0000c845  BalanceEncoder_HandleGpioInterrupt        
0000c911  FaultCode_ToShortString                   
0000c9d9  Angle_Normalize180                        
0000ca99  CarController_ResetRuntime                
0000cb55  Menu_GetParamValue                        
0000cc11  GimbalStepper_StopHold                    
0000ccc5  GimbalStepper_Init                        
0000cd75  SysTick_Handler                           
0000ce21  Encoder_HandleGpioInterrupt               
0000cec5  __udivmoddi4                              
0000cf67  ADC0_IRQHandler                           
0000cf67  ADC1_IRQHandler                           
0000cf67  AES_IRQHandler                            
0000cf67  CANFD0_IRQHandler                         
0000cf67  DAC0_IRQHandler                           
0000cf67  DMA_IRQHandler                            
0000cf67  Default_Handler                           
0000cf67  GROUP0_IRQHandler                         
0000cf67  HardFault_Handler                         
0000cf67  I2C0_IRQHandler                           
0000cf67  I2C1_IRQHandler                           
0000cf67  NMI_Handler                               
0000cf67  PendSV_Handler                            
0000cf67  RTC_IRQHandler                            
0000cf67  SPI0_IRQHandler                           
0000cf67  SPI1_IRQHandler                           
0000cf67  SVC_Handler                               
0000cf67  TIMA0_IRQHandler                          
0000cf67  TIMA1_IRQHandler                          
0000cf67  TIMG0_IRQHandler                          
0000cf67  TIMG12_IRQHandler                         
0000cf67  TIMG6_IRQHandler                          
0000cf67  TIMG7_IRQHandler                          
0000cf67  TIMG8_IRQHandler                          
0000cf67  UART0_IRQHandler                          
0000cf67  UART1_IRQHandler                          
0000cf67  UART2_IRQHandler                          
0000d009  ObstacleMonitor_Update_20ms               
0000d0a5  memcpy                                    
0000d13f  ObstacleAvoidance_Update_20ms             
0000d1d9  CarController_StartTurnToYawRelative      
0000d26d  CarController_ResetTransientState         
0000d2fd  SYSCFG_DL_PWM_MOTOR_init                  
0000d389  __aeabi_fmul                              
0000d389  __mulsf3                                  
0000d4a1  strcmp                                    
0000d529  CarController_SetSafetyHold               
0000d5ad  GimbalStepper_ConfirmZero                 
0000d631  Motor_Init                                
0000d6b5  __aeabi_fdiv                              
0000d6b5  __divsf3                                  
0000d737  TrackSensor_Init                          
0000d739  CarController_StartDriveHeading           
0000d7b9  Motor_Stop                                
0000d839  App_Init                                  
0000d8b7  __aeabi_idiv0                             
0000d8b9  BalanceEncoder_CalculateSpeedRpmX10       
0000d935  VisionPitchTuning_Set                     
0000d9b1  __TI_decompress_lzss                      
0000db19  GimbalStepper_Release                     
0000db89  SYSCFG_DL_UART_VISION_init                
0000dbf9  VisionYawTuning_Set                       
0000dc69  TrackSensor_DetectTurn                    
0000dcd7  __aeabi_ldiv0                             
0000dcd9  BalanceEncoder_CalculateFollowError       
0000dd41  MissionManager_GetSelectedMissionIndex    
0000de11  TrackSensor_GetErrorFromRaw               
0000de79  MissionManager_Start                      
0000dedd  App_ResetToReady                          
0000df41  __aeabi_fcmpeq                            
0000df55  __aeabi_fcmplt                            
0000df69  __aeabi_fcmple                            
0000df7d  __aeabi_fcmpge                            
0000df91  __aeabi_fcmpgt                            
0000dfa3  memset                                    
0000e005  VisionTuningConsole_Init                  
0000e065  __aeabi_f2lz                              
0000e065  __fixsfdi                                 
0000e0c5  UART3_IRQHandler                          
0000e121  Ultrasonic_Update_20ms                    
0000e1d9  BalanceEncoder_Init                       
0000e231  BalanceEncoder_Reset                      
0000e289  MissionManager_Init                       
0000e2e1  OLED_PrintChar                            
0000e391  __aeabi_idiv                              
0000e391  __aeabi_idivmod                           
0000e3e9  CarController_Stop                        
0000e43d  TrackSensor_ReadRaw                       
0000e491  WatchdogMonitor_ApplyFaultIfNeeded        
0000e4e5  Ultrasonic_Init                           
0000e535  WatchdogMonitor_Tick1msFromIsr            
0000e585  __aeabi_l2f                               
0000e585  __floatdisf                               
0000e5d5  MotorControl_Stop                         
0000e621  DL_UART_init                              
0000e669  MissionManager_Cancel                     
0000e6b1  CarController_StartFollowLine             
0000e6f5  EmergencyStop_Reset                       
0000e739  Encoder_GetAndClearPulseDeltas            
0000e77d  Imu_ResetYaw                              
0000e7c1  MissionManager_Reset                      
0000e805  Servo_Tick100us                           
0000e849  BalanceEncoder_GetSnapshot                
0000e889  CarController_ResumeFollowLine            
0000e8c9  Fault_Raise                               
0000e909  SYSCFG_DL_SYSCTL_init                     
0000e949  SYSCFG_DL_initPower                       
0000e989  VisionReceiver_PushByteFromIsr            
0000e9c9  __aeabi_uidiv                             
0000e9c9  __aeabi_uidivmod                          
0000ea09  __divmoddi4                               
0000ea49  MissionManager_Resume                     
0000ea85  Servo_SetAngleDeg                         
0000eac1  VisionTuningConsole_PushByteFromIsr       
0000eafd  __aeabi_i2f                               
0000eafd  __floatsisf                               
0000eb39  __gesf2                                   
0000eb39  __gtsf2                                   
0000eb75  __TI_auto_init_nobinit_nopinit            
0000ebb1  __cmpsf2                                  
0000ebb1  __eqsf2                                   
0000ebb1  __lesf2                                   
0000ebb1  __ltsf2                                   
0000ebb1  __nesf2                                   
0000ebed  __muldsi3                                 
0000ec29  EmergencyStop_Trigger                     
0000ec61  VisionReceiver_Init                       
0000ec99  __aeabi_f2iz                              
0000ec99  __fixsfsi                                 
0000ecd1  Imu_IsReady                               
0000ed05  MissionLibrary_FindById                   
0000ed39  VisionTuningConsole_TryPopTxByte          
0000ed6d  VisionUart_Process                        
0000eda1  OLED_PrintString                          
0000edd5  Key_Init                                  
0000ee05  LineController_ObserveSensors             
0000ee35  VisionPitchTuning_RestoreDefault          
0000ee65  WatchdogMonitor_Init                      
0000ee95  WatchdogMonitor_Reset                     
0000eec5  Encoder_Reset                             
0000eef1  MissionManager_Pause                      
0000ef1d  TrackSensor_CountBlack                    
0000ef49  VisionYawTuning_RestoreDefault            
0000ef75  EmergencyStop_Enforce                     
0000ef9d  Magnet_ForceOff                           
0000efc5  Servo_Init                                
0000efed  VisionPitchTuning_Init                    
0000f015  __aeabi_ui2f                              
0000f015  __floatunsisf                             
0000f03d  memmove                                   
0000f065  _c_int00_noargs                           
0000f08d  BalanceEncoder_SampleSpeed10msFromIsr     
0000f0b1  GimbalStepper_GetFeedbackSnapshot         
0000f0d5  MissionManager_ReportExternalFailure      
0000f0f9  MotorControl_Init                         
0000f11d  MotorControl_Reset                        
0000f141  OLED_ClearBuffer                          
0000f165  SYSCFG_DL_init                            
0000f189  VisionYawTuning_Init                      
0000f1ad  __aeabi_lmul                              
0000f1ad  __muldi3                                  
0000f1d1  DL_Timer_overrideCCPOut                   
0000f1f1  DebugTelemetry_Update                     
0000f211  GROUP1_IRQHandler                         
0000f231  Magnet_Init                               
0000f251  OLED_SetCursor                            
0000f271  SchedulerMonitor_GetStats                 
0000f2b1  __aeabi_llsl                              
0000f2b1  __ashldi3                                 
0000f2d1  DL_Timer_setCaptCompUpdateMethod          
0000f2ed  DL_Timer_setClockConfig                   
0000f309  HeadingControl_SetTargetYaw               
0000f325  Menu_Init                                 
0000f341  MotionAction_Cancel                       
0000f35d  ObstacleMonitor_Init                      
0000f379  ObstacleSafety_Init                       
0000f395  VisionPitchTuning_ParamName               
0000f3b1  VisionYawTuning_GetSnapshot               
0000f3cd  VisionYawTuning_ParamName                 
0000f3e9  WatchdogMonitor_NotifyControlCycleComplete
0000f421  DL_Timer_setCaptureCompareOutCtl          
0000f439  DebugTelemetry_Init                       
0000f451  HeadingControl_Init                       
0000f469  HeadingControl_Reset                      
0000f481  Menu_ParamItemToString                    
0000f499  MotionAction_Init                         
0000f4b1  ObstacleAvoidance_Init                    
0000f4c9  RuntimeSnapshot_Init                      
0000f4e1  __aeabi_fcmpun                            
0000f4e1  __unordsf2                                
0000f4f9  Fault_Clear                               
0000f50d  Fault_Init                                
0000f521  GimbalStepper_SetStepHalfPeriodTicks      
0000f535  HeadingControl_Enable                     
0000f549  MissionLibrary_GetByIndex                 
0000f55d  MissionManager_GetSelectedMissionId       
0000f571  VisionPitchTuning_GetSnapshot             
0000f585  VisionUart_Init                           
0000f599  __aeabi_ldivmod                           
0000f5ad  __aeabi_uldivmod                          
0000f5c1  DL_UART_setClockConfig                    
0000f5d3  __TI_decompress_none                      
0000f5e5  DL_Timer_setCaptureCompareValue           
0000f5f5  Gimbal_YawGetFeedback                     
0000f605  Key_GetEvent                              
0000f615  __TI_zero_init                            
0000f625  CarController_GetRunMode                  
0000f631  CarController_Init                        
0000f63d  CarController_IsSafetyHoldActive          
0000f649  CarState_Get                              
0000f655  CarState_Init                             
0000f661  CarState_Set                              
0000f66d  EmergencyStop_Init                        
0000f679  EmergencyStop_IsActive                    
0000f685  Imu_GetCorrectedGyroZDps                  
0000f691  Imu_GetYaw                                
0000f69d  Menu_GetPage                              
0000f6a9  Menu_GetParamItem                         
0000f6b5  MissionManager_IsExternallyHeld           
0000f6c1  MissionManager_SetExternalHold            
0000f6cd  ObstacleAvoidance_IsActive                
0000f6d9  ObstacleAvoidance_IsFailed                
0000f6e5  ObstacleSafety_IsHolding                  
0000f6f1  SystemTime_GetMs                          
0000f6fd  WatchdogMonitor_HasTripped                
0000f709  __aeabi_memclr                            
0000f709  __aeabi_memclr4                           
0000f709  __aeabi_memclr8                           
0000f715  DL_Common_delayCycles                     
0000f71f  MotionAction_Resume                       
0000f729  MotionAction_Start                        
0000f733  TrackSensor_IsCenterDetected              
0000f73d  TrackSensor_IsLineDetected                
0000f747  TrackSensor_IsLineLost                    
0000f751  BluetoothUart_GetRuntime                  
0000f759  CarController_GetFeedback                 
0000f761  Fault_GetRecord                           
0000f769  GimbalStepper_GetFeedback                 
0000f771  HeadingControl_GetRuntime                 
0000f779  Imu_GetRuntime                            
0000f781  LineController_GetRuntime                 
0000f789  MissionManager_GetMissionCount            
0000f791  MissionManager_GetRuntime                 
0000f799  MotionAction_GetRuntime                   
0000f7a1  MotorControl_GetRuntime                   
0000f7a9  ObstacleAvoidance_GetFeedback             
0000f7b1  ObstacleMonitor_GetFeedback               
0000f7b9  OledUi_Init                               
0000f7c1  RuntimeSnapshot_Get                       
0000f7c9  Servo_GetFeedback                         
0000f7d1  Ultrasonic_GetFeedback                    
0000f7d9  VisionReceiver_GetStatus                  
0000f7e1  VisionTuningConsole_GetStatus             
0000f7e9  WatchdogMonitor_GetStatus                 
0000f7f1  WheelSpeedEstimator_GetRuntime            
0000f7f9  __aeabi_memcpy                            
0000f7f9  __aeabi_memcpy4                           
0000f7f9  __aeabi_memcpy8                           
0000f801  __aeabi_memmove                           
0000f801  __aeabi_memmove4                          
0000f801  __aeabi_memmove8                          
0000f809  abort                                     
0000f80e  C$$EXIT                                   
0000f80f  HOSTexit                                  
0000f813  MissionLibrary_GetCount                   
0000f817  ObstacleAvoidance_IsResumeGraceActive     
0000f81b  Reset_Handler                             
0000f81f  _system_pre_init                          
0000ffa0  __TI_Handler_Table_Base                   
0000ffac  __TI_Handler_Table_Limit                  
0000ffbc  __TI_CINIT_Base                           
0000ffcc  __TI_CINIT_Limit                          
0000ffcc  __TI_CINIT_Warm                           
20200000  __start___llvm_prf_bits                   
20200000  __start___llvm_prf_cnts                   
20200000  __stop___llvm_prf_bits                    
20200000  __stop___llvm_prf_cnts                    
202007d0  g_appConfig                               
20200ae0  g_imuRuntime                              
20200be0  g_appRuntime                              
20200ca8  g_wheelSpeedEstimatorRuntime              
20200dc0  gUART_VISIONBackup                        
20200ec8  g_headingRuntime                          
2020107e  g_trackError                              
202010ae  g_carStateDebug                           
202010af  g_keyEvent                                
202010b0  g_oledPageDebug                           
202010b1  g_paramItemDebug                          
202010b2  g_trackBlackCount                         
202010b3  g_trackModeDebug                          
202010b4  g_trackRaw                                
202010b5  g_trackTurnDebug                          
20207e00  __stack                                   
20208000  __STACK_END                               
ffffffff  __TI_pprof_out_hndl                       
ffffffff  __TI_prof_data_size                       
ffffffff  __TI_prof_data_start                      
ffffffff  __binit__                                 
ffffffff  binit                                     
UNDEFED   __mpu_init                                
UNDEFED   _system_post_cinit                        

[359 symbols]
