******************************************************************************
            TI ARM Clang Linker PC v4.0.4                      
******************************************************************************
>> Linked Fri Jul 10 22:18:38 2026

OUTPUT FILE NAME:   <diansaikaishi.out>
ENTRY POINT SYMBOL: "_c_int00_noargs"  address: 000022c5


MEMORY CONFIGURATION

         name            origin    length      used     unused   attr    fill
----------------------  --------  ---------  --------  --------  ----  --------
  FLASH                 00000000   00020000  000026f8  0001d908  R  X
  SRAM                  20200000   00008000  0000029e  00007d62  RW X
  BCR_CONFIG            41c00000   000000ff  00000000  000000ff  R   
  BSL_CONFIG            41c00100   00000080  00000000  00000080  R   


SEGMENT ALLOCATION MAP

run origin  load origin   length   init length attrs members
----------  ----------- ---------- ----------- ----- -------
00000000    00000000    000026f8   000026f8    r-x
  00000000    00000000    000000c0   000000c0    r-- .intvecs
  000000c0    000000c0    000023b0   000023b0    r-x .text
  00002470    00002470    00000270   00000270    r-- .rodata
  000026e0    000026e0    00000018   00000018    r-- .cinit
20200000    20200000    0000009e   00000000    rw-
  20200000    20200000    0000009e   00000000    rw- .bss
20207e00    20207e00    00000200   00000000    rw-
  20207e00    20207e00    00000200   00000000    rw- .stack


SECTION ALLOCATION MAP

 output                                  attributes/
section   page    origin      length       input sections
--------  ----  ----------  ----------   ----------------
.intvecs   0    00000000    000000c0     
                  00000000    000000c0     startup_mspm0g350x_ticlang.o (.intvecs)

.text      0    000000c0    000023b0     
                  000000c0    000002f4     oled_ui.o (.text.OledUi_Update_20ms)
                  000003b4    000002e8     imu.o (.text.mpu6050_read_regs)
                  0000069c    000002b0     car_controller.o (.text.CarController_Update_20ms)
                  0000094c    00000254     oled.o (.text.OLED_Clear)
                  00000ba0    000001cc     imu.o (.text.imu_i2c_write_byte)
                  00000d6c    000001b8     oled.o (.text.oled_i2c_write_byte)
                  00000f24    00000198     menu.o (.text.Menu_HandleKeyEvent)
                  000010bc    00000174     key.o (.text.Key_Update_20ms)
                  00001230    00000168     app_config.o (.text.AppConfig_LimitAll)
                  00001398    0000013c     oled.o (.text.OLED_PrintInt16)
                  000014d4    00000100     imu.o (.text.Imu_Init)
                  000015d4    000000d4     oled.o (.text.OLED_Init)
                  000016a8    000000d0     oled.o (.text.OLED_PrintChar)
                  00001778    000000b0     motor.o (.text.Motor_SetSpeed)
                  00001828    000000a8     ti_msp_dl_config.o (.text.SYSCFG_DL_GPIO_init)
                  000018d0    000000a4     app.o (.text.App_Update_20ms)
                  00001974    00000098     imu.o (.text.mpu6050_write_reg)
                  00001a0c    0000008c     libclang_rt.builtins.a : mulsf3.S.obj (.text.__mulsf3)
                  00001a98    00000082                            : divsf3.S.obj (.text.__divsf3)
                  00001b1a    00000002     startup_mspm0g350x_ticlang.o (.text.Default_Handler)
                  00001b1c    00000078     oled.o (.text.oled_write_command)
                  00001b94    0000006c     encoder.o (.text.Encoder_HandleGpioInterrupt)
                  00001c00    0000006c     empty.o (.text.main)
                  00001c6c    00000066     track_sensor.o (.text.TrackSensor_GetErrorFromRaw)
                  00001cd2    00000002     track_sensor.o (.text.TrackSensor_Init)
                  00001cd4    00000060     app_config.o (.text.AppConfig_InitDefault)
                  00001d34    00000060     imu.o (.text.Imu_Update)
                  00001d94    0000005e     oled.o (.text.OLED_PrintBinary7)
                  00001df2    00000002     libclang_rt.builtins.a : aeabi_div0.c.obj (.text.__aeabi_idiv0)
                  00001df4    00000058     menu.o (.text.Menu_GetParamValue)
                  00001e4c    00000056     libclang_rt.builtins.a : aeabi_idivmod.S.obj (.text.__aeabi_idivmod)
                  00001ea2    00000002     --HOLE-- [fill = 0]
                  00001ea4    00000054     track_sensor.o (.text.TrackSensor_ReadRaw)
                  00001ef8    00000050     motor.o (.text.Motor_PwmTick100us)
                  00001f48    00000040     ti_msp_dl_config.o (.text.SYSCFG_DL_SYSCTL_init)
                  00001f88    0000003c     empty.o (.text.SysTick_Handler)
                  00001fc4    0000003c     libclang_rt.builtins.a : floatsisf.S.obj (.text.__floatsisf)
                  00002000    0000003c     libc.a : autoinit.c.obj (.text:__TI_auto_init_nobinit_nopinit)
                  0000203c    0000003a     libclang_rt.builtins.a : muldsi3.S.obj (.text.__muldsi3)
                  00002076    00000002     --HOLE-- [fill = 0]
                  00002078    00000038     motor.o (.text.Motor_Init)
                  000020b0    00000038     libclang_rt.builtins.a : fixsfsi.S.obj (.text.__fixsfsi)
                  000020e8    00000036     track_sensor.o (.text.TrackSensor_DetectTurn)
                  0000211e    00000002     --HOLE-- [fill = 0]
                  00002120    00000034     oled.o (.text.OLED_SetCursor)
                  00002154    00000032     oled.o (.text.OLED_PrintString)
                  00002186    00000030     app.o (.text.App_Init)
                  000021b6    00000002     --HOLE-- [fill = 0]
                  000021b8    00000030     key.o (.text.Key_Init)
                  000021e8    0000002c     car_controller.o (.text.CarController_Init)
                  00002214    0000002c     car_controller.o (.text.CarController_ResetRuntime)
                  00002240    0000002c     motor.o (.text.Motor_Stop)
                  0000226c    0000002c     ti_msp_dl_config.o (.text.SYSCFG_DL_initPower)
                  00002298    0000002c     track_sensor.o (.text.TrackSensor_CountBlack)
                  000022c4    00000028     libc.a : boot_cortex_m.c.obj (.text:_c_int00_noargs)
                  000022ec    00000024     encoder.o (.text.Encoder_Reset)
                  00002310    00000018     car_controller.o (.text.CarController_RunModeToString)
                  00002328    00000018     car_state.o (.text.CarState_ToString)
                  00002340    00000018     menu.o (.text.Menu_ParamItemToString)
                  00002358    00000016     libc.a : copy_zero_init.c.obj (.text:decompress:ZI:__TI_zero_init_nomemset)
                  0000236e    00000002     --HOLE-- [fill = 0]
                  00002370    00000014     app_config.o (.text.AppConfig_DecreaseTargetLap)
                  00002384    00000014     app_config.o (.text.AppConfig_IncreaseTargetLap)
                  00002398    00000014     empty.o (.text.GROUP1_IRQHandler)
                  000023ac    00000014     menu.o (.text.Menu_Init)
                  000023c0    00000010     key.o (.text.Key_GetEvent)
                  000023d0    00000010     ti_msp_dl_config.o (.text.SYSCFG_DL_init)
                  000023e0    0000000c     car_controller.o (.text.CarController_GetRunMode)
                  000023ec    0000000c     car_state.o (.text.CarState_Get)
                  000023f8    0000000c     car_state.o (.text.CarState_Init)
                  00002404    0000000c     car_state.o (.text.CarState_Set)
                  00002410    0000000c     menu.o (.text.Menu_GetPage)
                  0000241c    0000000c     menu.o (.text.Menu_GetParamItem)
                  00002428    0000000c     oled_ui.o (.text.OledUi_Init)
                  00002434    0000000a     driverlib.a : dl_common.o (.text.DL_Common_delayCycles)
                  0000243e    0000000a     track_sensor.o (.text.TrackSensor_IsCenterDetected)
                  00002448    0000000a     track_sensor.o (.text.TrackSensor_IsLineLost)
                  00002452    00000002     --HOLE-- [fill = 0]
                  00002454    00000008     imu.o (.text.Imu_GetRuntime)
                  0000245c    00000006     libc.a : exit.c.obj (.text:abort)
                  00002462    00000004     libsysbm.a : hostexit.c.obj (.text.HOSTexit)
                  00002466    00000004     startup_mspm0g350x_ticlang.o (.text.Reset_Handler)
                  0000246a    00000004     libc.a : pre_init.c.obj (.text._system_pre_init)
                  0000246e    00000002     --HOLE-- [fill = 0]

.cinit     0    000026e0    00000018     
                  000026e0    00000008     (.cinit..bss.load) [load image, compression = zero_init]
                  000026e8    00000004     (__TI_handler_table)
                  000026ec    00000008     (__TI_cinit_table)
                  000026f4    00000004     --HOLE-- [fill = 0]

.rodata    0    00002470    00000270     
                  00002470    000000b4     oled.o (.rodata..Lswitch.table.OLED_PrintChar)
                  00002524    0000001c     menu.o (.rodata..Lswitch.table.Menu_ParamItemToString)
                  00002540    00000018     car_state.o (.rodata..Lswitch.table.CarState_ToString)
                  00002558    00000014     car_controller.o (.rodata..Lswitch.table.CarController_RunModeToString)
                  0000256c    00000007     oled_ui.o (.rodata.str1.8426569189266129334.1)
                  00002573    00000006     oled_ui.o (.rodata.str1.1445687256832830955.1)
                  00002579    00000006     car_state.o (.rodata.str1.1675797584173499143.1)
                  0000257f    00000006     car_state.o (.rodata.str1.41590466491370331.1)
                  00002585    00000006     menu.o (.rodata.str1.4646809750356241979.1)
                  0000258b    00000006     oled_ui.o (.rodata.str1.5853739094453432564.1)
                  00002591    00000005     oled.o (.rodata.oled_get_glyph.colon)
                  00002596    00000005     oled.o (.rodata.oled_get_glyph.eight)
                  0000259b    00000005     oled.o (.rodata.oled_get_glyph.five)
                  000025a0    00000005     oled.o (.rodata.oled_get_glyph.four)
                  000025a5    00000005     oled.o (.rodata.oled_get_glyph.glyphA)
                  000025aa    00000005     oled.o (.rodata.oled_get_glyph.glyphC)
                  000025af    00000005     oled.o (.rodata.oled_get_glyph.glyphD)
                  000025b4    00000005     oled.o (.rodata.oled_get_glyph.glyphE)
                  000025b9    00000005     oled.o (.rodata.oled_get_glyph.glyphG)
                  000025be    00000005     oled.o (.rodata.oled_get_glyph.glyphH)
                  000025c3    00000005     oled.o (.rodata.oled_get_glyph.glyphI)
                  000025c8    00000005     oled.o (.rodata.oled_get_glyph.glyphK)
                  000025cd    00000005     oled.o (.rodata.oled_get_glyph.glyphL)
                  000025d2    00000005     oled.o (.rodata.oled_get_glyph.glyphM)
                  000025d7    00000005     oled.o (.rodata.oled_get_glyph.glyphN)
                  000025dc    00000005     oled.o (.rodata.oled_get_glyph.glyphO)
                  000025e1    00000005     oled.o (.rodata.oled_get_glyph.glyphP)
                  000025e6    00000005     oled.o (.rodata.oled_get_glyph.glyphR)
                  000025eb    00000005     oled.o (.rodata.oled_get_glyph.glyphS)
                  000025f0    00000005     oled.o (.rodata.oled_get_glyph.glyphT)
                  000025f5    00000005     oled.o (.rodata.oled_get_glyph.glyphU)
                  000025fa    00000005     oled.o (.rodata.oled_get_glyph.glyphV)
                  000025ff    00000005     oled.o (.rodata.oled_get_glyph.glyphW)
                  00002604    00000005     oled.o (.rodata.oled_get_glyph.glyphX)
                  00002609    00000005     oled.o (.rodata.oled_get_glyph.glyphY)
                  0000260e    00000005     oled.o (.rodata.oled_get_glyph.gt)
                  00002613    00000005     oled.o (.rodata.oled_get_glyph.minus)
                  00002618    00000005     oled.o (.rodata.oled_get_glyph.nine)
                  0000261d    00000005     oled.o (.rodata.oled_get_glyph.one)
                  00002622    00000005     oled.o (.rodata.oled_get_glyph.seven)
                  00002627    00000005     oled.o (.rodata.oled_get_glyph.six)
                  0000262c    00000005     oled.o (.rodata.oled_get_glyph.space)
                  00002631    00000005     oled.o (.rodata.oled_get_glyph.three)
                  00002636    00000005     oled.o (.rodata.oled_get_glyph.two)
                  0000263b    00000005     oled.o (.rodata.oled_get_glyph.zero)
                  00002640    00000005     oled_ui.o (.rodata.str1.10416366799939242409.1)
                  00002645    00000005     menu.o (.rodata.str1.12110183915172842339.1)
                  0000264a    00000005     oled_ui.o (.rodata.str1.17540787658903907660.1)
                  0000264f    00000005     car_controller.o (.rodata.str1.18191498530309206443.1)
                  00002654    00000005     oled_ui.o (.rodata.str1.3455423528827705371.1)
                  00002659    00000005     car_controller.o (.rodata.str1.4164979912472006574.1)
                  0000265e    00000005     oled_ui.o (.rodata.str1.4581472623415959594.1)
                  00002663    00000005     car_state.o (.rodata.str1.8223341253983108753.1)
                  00002668    00000005     car_state.o (.rodata.str1.8698975129455933903.1)
                  0000266d    00000005     oled_ui.o (.rodata.str1.9544068167406571052.1)
                  00002672    00000005     car_controller.o (.rodata.str1.9981487771679760427.1)
                  00002677    00000004     oled_ui.o (.rodata.str1.1019225241002246410.1)
                  0000267b    00000004     oled_ui.o (.rodata.str1.1108652269057166745.1)
                  0000267f    00000004     car_controller.o (.rodata.str1.12442237994239546032.1)
                  00002683    00000004     menu.o (.rodata.str1.13124720451672825294.1)
                  00002687    00000004     oled_ui.o (.rodata.str1.13882251010780863896.1)
                  0000268b    00000004     car_state.o (.rodata.str1.13986535679874659196.1)
                  0000268f    00000004     oled_ui.o (.rodata.str1.14556837007311414654.1)
                  00002693    00000004     oled_ui.o (.rodata.str1.15917848551323629232.1)
                  00002697    00000004     menu.o (.rodata.str1.16312125044762562515.1)
                  0000269b    00000004     oled_ui.o (.rodata.str1.16931641404301806744.1)
                  0000269f    00000004     car_controller.o (.rodata.str1.17172356789460551389.1)
                  000026a3    00000004     oled_ui.o (.rodata.str1.17812014771544466701.1)
                  000026a7    00000004     car_state.o (.rodata.str1.3601627812925153765.1)
                  000026ab    00000004     oled_ui.o (.rodata.str1.3702290527496711532.1)
                  000026af    00000004     oled_ui.o (.rodata.str1.4402311448527872260.1)
                  000026b3    00000004     menu.o (.rodata.str1.4862307748908978627.1)
                  000026b7    00000004     oled_ui.o (.rodata.str1.5965450730569173784.1)
                  000026bb    00000004     menu.o (.rodata.str1.6857549598058878762.1)
                  000026bf    00000004     oled_ui.o (.rodata.str1.9159586779647977165.1)
                  000026c3    00000004     car_controller.o (.rodata.str1.9234375891235759983.1)
                  000026c7    00000004     oled_ui.o (.rodata.str1.967006512144173535.1)
                  000026cb    00000003     oled_ui.o (.rodata.str1.11232419324784801130.1)
                  000026ce    00000003     oled_ui.o (.rodata.str1.130772507669342127.1)
                  000026d1    00000003     menu.o (.rodata.str1.14098755746347272832.1)
                  000026d4    00000003     menu.o (.rodata.str1.17041139162815566052.1)
                  000026d7    00000003     oled_ui.o (.rodata.str1.2308938766145545715.1)
                  000026da    00000003     oled_ui.o (.rodata.str1.3025253791635144717.1)
                  000026dd    00000003     oled_ui.o (.rodata.str1.9854382722193312766.1)

.init_array 
*          0    00000000    00000000     UNINITIALIZED

.binit     0    00000000    00000000     

.bss       0    20200000    0000009e     UNINITIALIZED
                  20200000    00000032     (.common:g_appConfig)
                  20200032    00000002     (.common:g_trackError)
                  20200034    00000020     (.common:g_imuRuntime)
                  20200054    0000001c     (.common:g_appRuntime)
                  20200070    00000006     key.o (.bss.g_key1)
                  20200076    00000006     key.o (.bss.g_key2)
                  2020007c    00000006     key.o (.bss.g_key3)
                  20200082    00000001     oled_ui.o (.bss.OledUi_Update_20ms.refreshDivider)
                  20200083    00000001     empty.o (.bss.SysTick_Handler.controlMsCount)
                  20200084    00000004     encoder.o (.bss.g_motorAPulses)
                  20200088    00000004     encoder.o (.bss.g_motorBPulses)
                  2020008c    00000001     empty.o (.bss.SysTick_Handler.tick100usCount)
                  2020008d    00000001     empty.o (.bss.g_appUpdateDue)
                  2020008e    00000001     car_state.o (.bss.g_carState)
                  2020008f    00000001     motor.o (.bss.g_motorADutyLevel)
                  20200090    00000001     motor.o (.bss.g_motorBDutyLevel)
                  20200091    00000001     oled.o (.bss.g_oledColumn)
                  20200092    00000001     menu.o (.bss.g_oledPage)
                  20200093    00000001     menu.o (.bss.g_paramItem)
                  20200094    00000001     key.o (.bss.g_pendingEvent)
                  20200095    00000001     motor.o (.bss.g_pwmPhase)
                  20200096    00000001     (.common:g_carStateDebug)
                  20200097    00000001     (.common:g_keyEvent)
                  20200098    00000001     (.common:g_oledPageDebug)
                  20200099    00000001     (.common:g_paramItemDebug)
                  2020009a    00000001     (.common:g_trackBlackCount)
                  2020009b    00000001     (.common:g_trackModeDebug)
                  2020009c    00000001     (.common:g_trackRaw)
                  2020009d    00000001     (.common:g_trackTurnDebug)

.stack     0    20207e00    00000200     UNINITIALIZED
                  20207e00    00000004     libc.a : boot_cortex_m.c.obj (.stack)
                  20207e04    000001fc     --HOLE--

__llvm_prf_cnts 
*          0    20200000    00000000     UNINITIALIZED

__llvm_prf_bits 
*          0    20200000    00000000     UNINITIALIZED

MODULE SUMMARY

       Module                         code   ro data   rw data
       ------                         ----   -------   -------
    .\
       oled.o                         2088   355       1      
       imu.o                          1716   0         32     
       car_controller.o               812    47        28     
       oled_ui.o                      768    107       1      
       menu.o                         564    61        2      
       app_config.o                   496    0         50     
       key.o                          436    0         19     
       motor.o                        356    0         3      
       track_sensor.o                 306    0         0      
       ti_msp_dl_config.o             292    0         0      
       app.o                          212    0         10     
       startup_mspm0g350x_ticlang.o   6      192       0      
       empty.o                        188    0         3      
       encoder.o                      144    0         8      
       car_state.o                    60     54        1      
    +--+------------------------------+------+---------+---------+
       Total:                         8444   816       158    
                                                              
    C:/TI/mspm0_sdk_2_05_01_00/source/ti/driverlib/lib/ticlang/m0p/mspm0g1x0x_g3x0x/driverlib.a
       dl_common.o                    10     0         0      
    +--+------------------------------+------+---------+---------+
       Total:                         10     0         0      
                                                              
    D:\TI\CCS\ccs\tools\compiler\ti-cgt-armllvm_4.0.4.LTS\lib\armv6m-ti-none-eabi/c/libc.a
       autoinit.c.obj                 60     0         0      
       boot_cortex_m.c.obj            40     0         0      
       copy_zero_init.c.obj           22     0         0      
       exit.c.obj                     6      0         0      
       pre_init.c.obj                 4      0         0      
    +--+------------------------------+------+---------+---------+
       Total:                         132    0         0      
                                                              
    D:\TI\CCS\ccs\tools\compiler\ti-cgt-armllvm_4.0.4.LTS\lib\armv6m-ti-none-eabi/c/libsysbm.a
       hostexit.c.obj                 4      0         0      
    +--+------------------------------+------+---------+---------+
       Total:                         4      0         0      
                                                              
    D:\TI\CCS\ccs\tools\compiler\ti-cgt-armllvm_4.0.4.LTS\lib\armv6m-ti-none-eabi/libclang_rt.builtins.a
       mulsf3.S.obj                   140    0         0      
       divsf3.S.obj                   130    0         0      
       aeabi_idivmod.S.obj            86     0         0      
       floatsisf.S.obj                60     0         0      
       muldsi3.S.obj                  58     0         0      
       fixsfsi.S.obj                  56     0         0      
       aeabi_div0.c.obj               2      0         0      
    +--+------------------------------+------+---------+---------+
       Total:                         532    0         0      
                                                              
       Stack:                         0      0         512    
       Linker Generated:              0      20        0      
    +--+------------------------------+------+---------+---------+
       Grand Total:                   9122   836       670    


LINKER GENERATED COPY TABLES

__TI_cinit_table @ 000026ec records: 1, size/record: 8, table size: 8
	.bss: load addr=000026e0, load size=00000008 bytes, run addr=20200000, run size=0000009e bytes, compression=zero_init


LINKER GENERATED HANDLER TABLE

__TI_handler_table @ 000026e8 records: 1, size/record: 4, table size: 4
	index: 0, handler: __TI_zero_init


GLOBAL SYMBOLS: SORTED ALPHABETICALLY BY Name 

address   name                          
-------   ----                          
00001b1b  ADC0_IRQHandler               
00001b1b  ADC1_IRQHandler               
00001b1b  AES_IRQHandler                
00002371  AppConfig_DecreaseTargetLap   
00002385  AppConfig_IncreaseTargetLap   
00001cd5  AppConfig_InitDefault         
00001231  AppConfig_LimitAll            
00002187  App_Init                      
000018d1  App_Update_20ms               
00002462  C$$EXIT                       
00001b1b  CANFD0_IRQHandler             
000023e1  CarController_GetRunMode      
000021e9  CarController_Init            
00002215  CarController_ResetRuntime    
00002311  CarController_RunModeToString 
0000069d  CarController_Update_20ms     
000023ed  CarState_Get                  
000023f9  CarState_Init                 
00002405  CarState_Set                  
00002329  CarState_ToString             
00001b1b  DAC0_IRQHandler               
00002435  DL_Common_delayCycles         
00001b1b  DMA_IRQHandler                
00001b1b  Default_Handler               
00001b95  Encoder_HandleGpioInterrupt   
000022ed  Encoder_Reset                 
00001b1b  GROUP0_IRQHandler             
00002399  GROUP1_IRQHandler             
00002463  HOSTexit                      
00001b1b  HardFault_Handler             
00001b1b  I2C0_IRQHandler               
00001b1b  I2C1_IRQHandler               
00002455  Imu_GetRuntime                
000014d5  Imu_Init                      
00001d35  Imu_Update                    
000023c1  Key_GetEvent                  
000021b9  Key_Init                      
000010bd  Key_Update_20ms               
00002411  Menu_GetPage                  
0000241d  Menu_GetParamItem             
00001df5  Menu_GetParamValue            
00000f25  Menu_HandleKeyEvent           
000023ad  Menu_Init                     
00002341  Menu_ParamItemToString        
00002079  Motor_Init                    
00001ef9  Motor_PwmTick100us            
00001779  Motor_SetSpeed                
00002241  Motor_Stop                    
00001b1b  NMI_Handler                   
0000094d  OLED_Clear                    
000015d5  OLED_Init                     
00001d95  OLED_PrintBinary7             
000016a9  OLED_PrintChar                
00001399  OLED_PrintInt16               
00002155  OLED_PrintString              
00002121  OLED_SetCursor                
00002429  OledUi_Init                   
000000c1  OledUi_Update_20ms            
00001b1b  PendSV_Handler                
00001b1b  RTC_IRQHandler                
00002467  Reset_Handler                 
00001b1b  SPI0_IRQHandler               
00001b1b  SPI1_IRQHandler               
00001b1b  SVC_Handler                   
00001829  SYSCFG_DL_GPIO_init           
00001f49  SYSCFG_DL_SYSCTL_init         
000023d1  SYSCFG_DL_init                
0000226d  SYSCFG_DL_initPower           
00001f89  SysTick_Handler               
00001b1b  TIMA0_IRQHandler              
00001b1b  TIMA1_IRQHandler              
00001b1b  TIMG0_IRQHandler              
00001b1b  TIMG12_IRQHandler             
00001b1b  TIMG6_IRQHandler              
00001b1b  TIMG7_IRQHandler              
00001b1b  TIMG8_IRQHandler              
00002299  TrackSensor_CountBlack        
000020e9  TrackSensor_DetectTurn        
00001c6d  TrackSensor_GetErrorFromRaw   
00001cd3  TrackSensor_Init              
0000243f  TrackSensor_IsCenterDetected  
00002449  TrackSensor_IsLineLost        
00001ea5  TrackSensor_ReadRaw           
00001b1b  UART0_IRQHandler              
00001b1b  UART1_IRQHandler              
00001b1b  UART2_IRQHandler              
00001b1b  UART3_IRQHandler              
20208000  __STACK_END                   
00000200  __STACK_SIZE                  
00000000  __TI_ATRegion0_region_sz      
00000000  __TI_ATRegion0_src_addr       
00000000  __TI_ATRegion0_trg_addr       
00000000  __TI_ATRegion1_region_sz      
00000000  __TI_ATRegion1_src_addr       
00000000  __TI_ATRegion1_trg_addr       
00000000  __TI_ATRegion2_region_sz      
00000000  __TI_ATRegion2_src_addr       
00000000  __TI_ATRegion2_trg_addr       
000026ec  __TI_CINIT_Base               
000026f4  __TI_CINIT_Limit              
000026f4  __TI_CINIT_Warm               
000026e8  __TI_Handler_Table_Base       
000026ec  __TI_Handler_Table_Limit      
00002001  __TI_auto_init_nobinit_nopinit
ffffffff  __TI_pprof_out_hndl           
ffffffff  __TI_prof_data_size           
ffffffff  __TI_prof_data_start          
00000000  __TI_static_base__            
00002359  __TI_zero_init_nomemset       
000020b1  __aeabi_f2iz                  
00001a99  __aeabi_fdiv                  
00001a0d  __aeabi_fmul                  
00001fc5  __aeabi_i2f                   
00001e4d  __aeabi_idiv                  
00001df3  __aeabi_idiv0                 
00001e4d  __aeabi_idivmod               
ffffffff  __binit__                     
00001a99  __divsf3                      
000020b1  __fixsfsi                     
00001fc5  __floatsisf                   
UNDEFED   __mpu_init                    
0000203d  __muldsi3                     
00001a0d  __mulsf3                      
20207e00  __stack                       
20200000  __start___llvm_prf_bits       
20200000  __start___llvm_prf_cnts       
20200000  __stop___llvm_prf_bits        
20200000  __stop___llvm_prf_cnts        
000022c5  _c_int00_noargs               
UNDEFED   _system_post_cinit            
0000246b  _system_pre_init              
0000245d  abort                         
ffffffff  binit                         
20200000  g_appConfig                   
20200054  g_appRuntime                  
20200096  g_carStateDebug               
20200034  g_imuRuntime                  
20200097  g_keyEvent                    
20200098  g_oledPageDebug               
20200099  g_paramItemDebug              
2020009a  g_trackBlackCount             
20200032  g_trackError                  
2020009b  g_trackModeDebug              
2020009c  g_trackRaw                    
2020009d  g_trackTurnDebug              
00000000  interruptVectors              
00001c01  main                          


GLOBAL SYMBOLS: SORTED BY Symbol Address 

address   name                          
-------   ----                          
00000000  __TI_ATRegion0_region_sz      
00000000  __TI_ATRegion0_src_addr       
00000000  __TI_ATRegion0_trg_addr       
00000000  __TI_ATRegion1_region_sz      
00000000  __TI_ATRegion1_src_addr       
00000000  __TI_ATRegion1_trg_addr       
00000000  __TI_ATRegion2_region_sz      
00000000  __TI_ATRegion2_src_addr       
00000000  __TI_ATRegion2_trg_addr       
00000000  __TI_static_base__            
00000000  interruptVectors              
000000c1  OledUi_Update_20ms            
00000200  __STACK_SIZE                  
0000069d  CarController_Update_20ms     
0000094d  OLED_Clear                    
00000f25  Menu_HandleKeyEvent           
000010bd  Key_Update_20ms               
00001231  AppConfig_LimitAll            
00001399  OLED_PrintInt16               
000014d5  Imu_Init                      
000015d5  OLED_Init                     
000016a9  OLED_PrintChar                
00001779  Motor_SetSpeed                
00001829  SYSCFG_DL_GPIO_init           
000018d1  App_Update_20ms               
00001a0d  __aeabi_fmul                  
00001a0d  __mulsf3                      
00001a99  __aeabi_fdiv                  
00001a99  __divsf3                      
00001b1b  ADC0_IRQHandler               
00001b1b  ADC1_IRQHandler               
00001b1b  AES_IRQHandler                
00001b1b  CANFD0_IRQHandler             
00001b1b  DAC0_IRQHandler               
00001b1b  DMA_IRQHandler                
00001b1b  Default_Handler               
00001b1b  GROUP0_IRQHandler             
00001b1b  HardFault_Handler             
00001b1b  I2C0_IRQHandler               
00001b1b  I2C1_IRQHandler               
00001b1b  NMI_Handler                   
00001b1b  PendSV_Handler                
00001b1b  RTC_IRQHandler                
00001b1b  SPI0_IRQHandler               
00001b1b  SPI1_IRQHandler               
00001b1b  SVC_Handler                   
00001b1b  TIMA0_IRQHandler              
00001b1b  TIMA1_IRQHandler              
00001b1b  TIMG0_IRQHandler              
00001b1b  TIMG12_IRQHandler             
00001b1b  TIMG6_IRQHandler              
00001b1b  TIMG7_IRQHandler              
00001b1b  TIMG8_IRQHandler              
00001b1b  UART0_IRQHandler              
00001b1b  UART1_IRQHandler              
00001b1b  UART2_IRQHandler              
00001b1b  UART3_IRQHandler              
00001b95  Encoder_HandleGpioInterrupt   
00001c01  main                          
00001c6d  TrackSensor_GetErrorFromRaw   
00001cd3  TrackSensor_Init              
00001cd5  AppConfig_InitDefault         
00001d35  Imu_Update                    
00001d95  OLED_PrintBinary7             
00001df3  __aeabi_idiv0                 
00001df5  Menu_GetParamValue            
00001e4d  __aeabi_idiv                  
00001e4d  __aeabi_idivmod               
00001ea5  TrackSensor_ReadRaw           
00001ef9  Motor_PwmTick100us            
00001f49  SYSCFG_DL_SYSCTL_init         
00001f89  SysTick_Handler               
00001fc5  __aeabi_i2f                   
00001fc5  __floatsisf                   
00002001  __TI_auto_init_nobinit_nopinit
0000203d  __muldsi3                     
00002079  Motor_Init                    
000020b1  __aeabi_f2iz                  
000020b1  __fixsfsi                     
000020e9  TrackSensor_DetectTurn        
00002121  OLED_SetCursor                
00002155  OLED_PrintString              
00002187  App_Init                      
000021b9  Key_Init                      
000021e9  CarController_Init            
00002215  CarController_ResetRuntime    
00002241  Motor_Stop                    
0000226d  SYSCFG_DL_initPower           
00002299  TrackSensor_CountBlack        
000022c5  _c_int00_noargs               
000022ed  Encoder_Reset                 
00002311  CarController_RunModeToString 
00002329  CarState_ToString             
00002341  Menu_ParamItemToString        
00002359  __TI_zero_init_nomemset       
00002371  AppConfig_DecreaseTargetLap   
00002385  AppConfig_IncreaseTargetLap   
00002399  GROUP1_IRQHandler             
000023ad  Menu_Init                     
000023c1  Key_GetEvent                  
000023d1  SYSCFG_DL_init                
000023e1  CarController_GetRunMode      
000023ed  CarState_Get                  
000023f9  CarState_Init                 
00002405  CarState_Set                  
00002411  Menu_GetPage                  
0000241d  Menu_GetParamItem             
00002429  OledUi_Init                   
00002435  DL_Common_delayCycles         
0000243f  TrackSensor_IsCenterDetected  
00002449  TrackSensor_IsLineLost        
00002455  Imu_GetRuntime                
0000245d  abort                         
00002462  C$$EXIT                       
00002463  HOSTexit                      
00002467  Reset_Handler                 
0000246b  _system_pre_init              
000026e8  __TI_Handler_Table_Base       
000026ec  __TI_CINIT_Base               
000026ec  __TI_Handler_Table_Limit      
000026f4  __TI_CINIT_Limit              
000026f4  __TI_CINIT_Warm               
20200000  __start___llvm_prf_bits       
20200000  __start___llvm_prf_cnts       
20200000  __stop___llvm_prf_bits        
20200000  __stop___llvm_prf_cnts        
20200000  g_appConfig                   
20200032  g_trackError                  
20200034  g_imuRuntime                  
20200054  g_appRuntime                  
20200096  g_carStateDebug               
20200097  g_keyEvent                    
20200098  g_oledPageDebug               
20200099  g_paramItemDebug              
2020009a  g_trackBlackCount             
2020009b  g_trackModeDebug              
2020009c  g_trackRaw                    
2020009d  g_trackTurnDebug              
20207e00  __stack                       
20208000  __STACK_END                   
ffffffff  __TI_pprof_out_hndl           
ffffffff  __TI_prof_data_size           
ffffffff  __TI_prof_data_start          
ffffffff  __binit__                     
ffffffff  binit                         
UNDEFED   __mpu_init                    
UNDEFED   _system_post_cinit            

[147 symbols]
