******************************************************************************
            TI ARM Clang Linker PC v4.0.4                      
******************************************************************************
>> Linked Sun Jul 26 01:02:39 2026

OUTPUT FILE NAME:   <diansaikaishi.out>
ENTRY POINT SYMBOL: "_c_int00_noargs"  address: 00011875


MEMORY CONFIGURATION

         name            origin    length      used     unused   attr    fill
----------------------  --------  ---------  --------  --------  ----  --------
  FLASH                 00000000   00020000  00012998  0000d668  R  X
  SRAM                  20200000   00008000  000013a3  00006c5d  RW X
  BCR_CONFIG            41c00000   000000ff  00000000  000000ff  R   
  BSL_CONFIG            41c00100   00000080  00000000  00000080  R   


SEGMENT ALLOCATION MAP

run origin  load origin   length   init length attrs members
----------  ----------- ---------- ----------- ----- -------
00000000    00000000    00012998   00012998    r-x
  00000000    00000000    000000c0   000000c0    r-- .intvecs
  000000c0    000000c0    00011fe0   00011fe0    r-x .text
  000120a0    000120a0    000008c8   000008c8    r-- .rodata
  00012968    00012968    00000030   00000030    r-- .cinit
20200000    20200000    000011a3   00000000    rw-
  20200000    20200000    000011a2   00000000    rw- .bss
  202011a2    202011a2    00000001   00000000    rw- .data
20207e00    20207e00    00000200   00000000    rw-
  20207e00    20207e00    00000200   00000000    rw- .stack


SECTION ALLOCATION MAP

 output                                  attributes/
section   page    origin      length       input sections
--------  ----  ----------  ----------   ----------------
.intvecs   0    00000000    000000c0     
                  00000000    000000c0     startup_mspm0g350x_ticlang.o (.intvecs)

.text      0    000000c0    00011fe0     
                  000000c0    000034e4     oled_ui.o (.text.OledUi_Update_20ms)
                  000035a4    00001dd4     vision_tuning_console.o (.text.VisionTuningConsole_Process)
                  00005378    00000570     app_config.o (.text.AppConfig_LimitAll)
                  000058e8    000004f0     line_controller.o (.text.LineController_Update)
                  00005dd8    00000488     menu.o (.text.Menu_HandleKeyEvent)
                  00006260    00000480     runtime_snapshot.o (.text.RuntimeSnapshot_Update)
                  000066e0    0000047c     gimbal_tracker.o (.text.GimbalTracker_Update)
                  00006b5c    0000044c     motor_control.o (.text.update_wheel)
                  00006fa8    00000424     wheel_speed_estimator.o (.text.WheelSpeedEstimator_Update)
                  000073cc    000003e0     imu.o (.text.Imu_Update)
                  000077ac    000003b0     vision_receiver.o (.text.VisionReceiver_Process)
                  00007b5c    00000388     gimbal_vision_yaw_tracker.o (.text.GimbalVisionYawTracker_Update10ms)
                  00007ee4    00000374     imu.o (.text.Imu_Init)
                  00008258    00000370     gimbal.o (.text.gimbal_update_feedback)
                  000085c8    00000310     vision_tuning_console.o (.text.append_scaled)
                  000088d8    000002f0     imu.o (.text.mpu6050_read_regs)
                  00008bc8    000002a8     gimbal_tracker.o (.text.update_feedback)
                  00008e70    0000029c     motion_action.o (.text.MotionAction_Update_20ms)
                  0000910c    00000298     gimbal.o (.text.Gimbal_YawSetWrappedTargetDeg)
                  000093a4    00000294     gimbal.o (.text.Gimbal_YawUpdate5ms)
                  00009638    00000290     gimbal.o (.text.Gimbal_PitchSetTrackingSpeedDegS)
                  000098c8    0000028c     motor_control.o (.text.MotorControl_Update)
                  00009b54    00000260     gimbal.o (.text.gimbal_pitch_set_target_steps)
                  00009db4    00000244     car_controller.o (.text.handle_drive_distance)
                  00009ff8    00000238     gimbal.o (.text.gimbal_pitch_update_feedback)
                  0000a230    00000230     imu.o (.text.Imu_CalibrateGyroBias)
                  0000a460    00000228     gimbal_vision_pitch_tracker.o (.text.GimbalVisionPitchTracker_Update10ms)
                  0000a688    00000204     motor.o (.text.Motor_SetSpeed)
                  0000a88c    000001f4     vision_protocol.o (.text.VisionProtocol_ParseV1TargetFrame)
                  0000aa80    000001f0     app_config.o (.text.AppConfig_InitDefault)
                  0000ac70    000001e8     motor_control.o (.text.config_is_valid)
                  0000ae58    000001e8     car_controller.o (.text.handle_turn_to_yaw)
                  0000b040    000001d4     car_controller.o (.text.CarController_StartDriveDistanceAtYaw)
                  0000b214    000001cc     imu.o (.text.imu_i2c_write_byte)
                  0000b3e0    000001bc     gimbal.o (.text.Gimbal_PitchUpdate5ms)
                  0000b59c    000001bc     motion_action.o (.text.MotionAction_Start)
                  0000b758    000001b8     oled.o (.text.oled_i2c_write_byte)
                  0000b910    000001a0     ultrasonic.o (.text.Ultrasonic_Tick100us)
                  0000bab0    00000194     gimbal_stepper.o (.text.GimbalStepper_Tick100us)
                  0000bc44    00000190     car_controller.o (.text.CarController_Update_20ms)
                  0000bdd4    00000188     gimbal_vision_yaw_tracker.o (.text.GimbalVisionYawTracker_Enable)
                  0000bf5c    00000180     gimbal.o (.text.Gimbal_PitchTick100us)
                  0000c0dc    0000017c     gimbal_stepper.o (.text.GimbalStepper_MoveToEstimatedSteps)
                  0000c258    0000017c     mission_library.o (.text.MissionLibrary_Validate)
                  0000c3d4    00000174     key.o (.text.Key_Update_20ms)
                  0000c548    00000170     oled.o (.text.OLED_FlushPage)
                  0000c6b8    0000016c     gimbal.o (.text.Gimbal_Init)
                  0000c824    0000016c     oled.o (.text.OLED_PrintInt16)
                  0000c990    00000168     empty.o (.text.main)
                  0000caf8    00000160     gimbal.o (.text.gimbal_yaw_set_target_x10)
                  0000cc58    00000158     vision_tuning_console.o (.text.send_parameter_reply)
                  0000cdb0    00000158     vision_tuning_console.o (.text.send_yaw_parameter_reply)
                  0000cf08    0000012c     imu.o (.text.imu_i2c_recover_bus)
                  0000d034    00000128     gimbal.o (.text.Gimbal_YawEnableWorldLock)
                  0000d15c    00000124     oled.o (.text.OLED_Init)
                  0000d280    00000124     vision_tuning_console.o (.text.send_simple_reply)
                  0000d3a4    00000124     gimbal_vision_yaw_tracker.o (.text.sync_target_from_yaw)
                  0000d4c8    0000011c     car_controller.o (.text.CarController_StartDriveDistance)
                  0000d5e4    0000011c     line_controller.o (.text.LineController_Reset)
                  0000d700    0000011c     car_controller.o (.text.handle_drive_heading)
                  0000d81c    00000118     app.o (.text.App_Update_20ms)
                  0000d934    0000010c     car_controller.o (.text.handle_follow_line)
                  0000da40    00000104     driverlib.a : dl_timer.o (.text.DL_Timer_initFourCCPWMMode)
                  0000db44    00000104     line_controller.o (.text.LineController_ResetControlState)
                  0000dc48    00000104     mission_manager.o (.text.MissionManager_Update_20ms)
                  0000dd4c    00000100     car_controller.o (.text.CarController_StartDriveHeading)
                  0000de4c    00000100     motor_control.o (.text.MotorControl_SetNormalizedTarget)
                  0000df4c    000000fc     gimbal.o (.text.Gimbal_PitchRelease)
                  0000e048    000000fc     empty.o (.text.SysTick_Handler)
                  0000e144    000000f8     line_controller.o (.text.LineController_Init)
                  0000e23c    000000f0     gimbal.o (.text.Gimbal_PitchStopHold)
                  0000e32c    000000ec     car_controller.o (.text.CarController_StartTurnToYawRelative)
                  0000e418    000000ec     heading_control.o (.text.HeadingControl_Update)
                  0000e504    000000ec     gimbal_tracker.o (.text.sync_targets_from_gimbal)
                  0000e5f0    000000e8     obstacle_safety.o (.text.ObstacleSafety_Update_20ms)
                  0000e6d8    000000e8     vision_protocol.o (.text.fields_are_valid)
                  0000e7c0    000000e4     mission_manager.o (.text.MissionManager_SelectNext)
                  0000e8a4    000000e0     wheel_speed_estimator.o (.text.WheelSpeedEstimator_Init)
                  0000e984    000000dc     gimbal.o (.text.Gimbal_PitchConfirmZero)
                  0000ea60    000000dc     ti_msp_dl_config.o (.text.SYSCFG_DL_GPIO_init)
                  0000eb3c    000000dc     oled_ui.o (.text.print_tuning_change_value)
                  0000ec18    000000d8     oled.o (.text.OLED_PrintUInt16)
                  0000ecf0    000000d8     libclang_rt.builtins.a : addsf3.S.obj (.text)
                  0000edc8    000000cc     mission_manager.o (.text.MissionManager_SelectPrevious)
                  0000ee94    000000c8     fault.o (.text.FaultCode_ToShortString)
                  0000ef5c    000000c8     gimbal.o (.text.Gimbal_YawConfirmZero)
                  0000f024    000000c0     angle_utils.o (.text.Angle_Normalize180)
                  0000f0e4    000000c0     car_controller.o (.text.CarController_StartFollowLine)
                  0000f1a4    000000b4     car_controller.o (.text.CarController_ResetRuntime)
                  0000f258    000000b4     gimbal_stepper.o (.text.GimbalStepper_StopHold)
                  0000f30c    000000b4     gimbal_vision_adapter.o (.text.GimbalVisionAdapter_Update)
                  0000f3c0    000000b0     gimbal_stepper.o (.text.GimbalStepper_Init)
                  0000f470    000000b0     gimbal.o (.text.Gimbal_PitchMoveRelativeDeg)
                  0000f520    000000a8     gimbal_vision_pitch_tracker.o (.text.GimbalVisionPitchTracker_Enable)
                  0000f5c8    000000a4     encoder.o (.text.Encoder_HandleGpioInterrupt)
                  0000f66c    000000a4     gimbal_vision_yaw_tracker.o (.text.wrap_deg_360)
                  0000f710    000000a2     libclang_rt.builtins.a : udivmoddi4.S.obj (.text)
                  0000f7b2    00000002     startup_mspm0g350x_ticlang.o (.text.Default_Handler)
                  0000f7b4    0000009c     obstacle_monitor.o (.text.ObstacleMonitor_Update_20ms)
                  0000f850    0000009a     libc.a : memcpy16.S.obj (.text:memcpy)
                  0000f8ea    00000002     obstacle_avoidance.o (.text.ObstacleAvoidance_Update_20ms)
                  0000f8ec    00000098     imu.o (.text.mpu6050_write_reg)
                  0000f984    0000008c     gimbal.o (.text.Gimbal_YawDisableWorldLock)
                  0000fa10    0000008c     gimbal.o (.text.Gimbal_YawStopHold)
                  0000fa9c    0000008c     ti_msp_dl_config.o (.text.SYSCFG_DL_PWM_MOTOR_init)
                  0000fb28    0000008c     libclang_rt.builtins.a : mulsf3.S.obj (.text.__mulsf3)
                  0000fbb4    0000008c     car_controller.o (.text.heading_imu_wait_or_fail)
                  0000fc40    00000088     libc.a : strcmp-armv6m.S.obj (.text:strcmp)
                  0000fcc8    00000084     car_controller.o (.text.CarController_SetSafetyHold)
                  0000fd4c    00000084     gimbal_stepper.o (.text.GimbalStepper_ConfirmZero)
                  0000fdd0    00000084     gimbal_tracker.o (.text.GimbalTracker_PushObservation)
                  0000fe54    00000084     motor.o (.text.Motor_Init)
                  0000fed8    00000082     app.o (.text.App_Init)
                  0000ff5a    00000002     track_sensor.o (.text.TrackSensor_Init)
                  0000ff5c    00000082     libclang_rt.builtins.a : divsf3.S.obj (.text.__divsf3)
                  0000ffde    00000002                            : aeabi_div0.c.obj (.text.__aeabi_idiv0)
                  0000ffe0    00000080     gimbal_tracker.o (.text.GimbalTracker_Init)
                  00010060    00000080     motor.o (.text.Motor_Stop)
                  000100e0    0000007c     vision_pitch_tuning.o (.text.VisionPitchTuning_Set)
                  0001015c    0000007c     libc.a : copy_decompress_lzss.c.obj (.text:decompress:lzss)
                  000101d8    00000078     oled.o (.text.oled_write_command)
                  00010250    00000074     motor_control.o (.text.latch_control_error)
                  000102c4    00000070     gimbal_stepper.o (.text.GimbalStepper_Release)
                  00010334    00000070     ti_msp_dl_config.o (.text.SYSCFG_DL_UART_VISION_init)
                  000103a4    00000070     vision_yaw_tuning.o (.text.VisionYawTuning_Set)
                  00010414    0000006e     track_sensor.o (.text.TrackSensor_DetectTurn)
                  00010482    00000002     libclang_rt.builtins.a : aeabi_div0.c.obj (.text.__aeabi_ldiv0)
                  00010484    0000006c     gimbal_vision_yaw_tracker.o (.text.GimbalVisionYawTracker_Init)
                  000104f0    00000068     mission_manager.o (.text.MissionManager_GetSelectedMissionIndex)
                  00010558    00000068     car_controller.o (.text.set_output_speed)
                  000105c0    00000066     track_sensor.o (.text.TrackSensor_GetErrorFromRaw)
                  00010626    00000002     --HOLE-- [fill = 0]
                  00010628    00000064     gimbal.o (.text.Gimbal_YawRelease)
                  0001068c    00000064     menu.o (.text.Menu_GetParamValue)
                  000106f0    00000062     libclang_rt.builtins.a : aeabi_fcmp.S.obj (.text.__aeabi_fcmp)
                  00010752    00000062     libc.a : memset16.S.obj (.text:memset)
                  000107b4    00000060     gimbal_tracker.o (.text.GimbalTracker_Enable)
                  00010814    00000060     gimbal_tracker.o (.text.GimbalTracker_GetFeedback)
                  00010874    00000060     vision_tuning_console.o (.text.VisionTuningConsole_Init)
                  000108d4    00000060     libclang_rt.builtins.a : fixsfdi.S.obj (.text.__fixsfdi)
                  00010934    0000005c     vision_uart.o (.text.UART3_IRQHandler)
                  00010990    0000005c     ultrasonic.o (.text.Ultrasonic_Update_20ms)
                  000109ec    00000058     gimbal.o (.text.Gimbal_YawMoveRelativeDeg)
                  00010a44    00000058     oled.o (.text.OLED_PrintChar)
                  00010a9c    00000056     libclang_rt.builtins.a : aeabi_idivmod.S.obj (.text.__aeabi_idivmod)
                  00010af2    00000002     --HOLE-- [fill = 0]
                  00010af4    00000054     car_controller.o (.text.CarController_Stop)
                  00010b48    00000054     track_sensor.o (.text.TrackSensor_ReadRaw)
                  00010b9c    00000054     gimbal_vision_yaw_tracker.o (.text.float_to_scaled_i16)
                  00010bf0    00000054     gimbal_vision_yaw_tracker.o (.text.stop_owned_tracking)
                  00010c44    00000050     ultrasonic.o (.text.Ultrasonic_Init)
                  00010c94    00000050     watchdog_monitor.o (.text.WatchdogMonitor_ApplyFaultIfNeeded)
                  00010ce4    0000004e     libclang_rt.builtins.a : floatdisf.S.obj (.text.__floatdisf)
                  00010d32    00000002     --HOLE-- [fill = 0]
                  00010d34    0000004c     mission_manager.o (.text.MissionManager_Start)
                  00010d80    0000004c     motor_control.o (.text.MotorControl_Stop)
                  00010dcc    0000004c     watchdog_monitor.o (.text.WatchdogMonitor_Tick1msFromIsr)
                  00010e18    00000048     driverlib.a : dl_uart.o (.text.DL_UART_init)
                  00010e60    00000044     encoder.o (.text.Encoder_GetAndClearPulseDeltas)
                  00010ea4    00000044     imu.o (.text.Imu_ResetYaw)
                  00010ee8    00000044     servo.o (.text.Servo_Tick100us)
                  00010f2c    00000040     emergency_stop.o (.text.EmergencyStop_Reset)
                  00010f6c    00000040     gimbal_vision_pitch_tracker.o (.text.GimbalVisionPitchTracker_Init)
                  00010fac    00000040     mission_manager.o (.text.MissionManager_Init)
                  00010fec    00000040     ti_msp_dl_config.o (.text.SYSCFG_DL_SYSCTL_init)
                  0001102c    00000040     ti_msp_dl_config.o (.text.SYSCFG_DL_initPower)
                  0001106c    00000040     vision_receiver.o (.text.VisionReceiver_PushByteFromIsr)
                  000110ac    00000040     libclang_rt.builtins.a : aeabi_uidivmod.S.obj (.text.__aeabi_uidivmod)
                  000110ec    00000040     motion_action.o (.text.motion_action_start_imu_controller)
                  0001112c    0000003e     libclang_rt.builtins.a : divmoddi4.c.obj (.text.__divmoddi4)
                  0001116a    00000002     --HOLE-- [fill = 0]
                  0001116c    0000003c     gimbal_tracker.o (.text.GimbalTracker_ClearObservation)
                  000111a8    0000003c     servo.o (.text.Servo_SetAngleDeg)
                  000111e4    0000003c     vision_tuning_console.o (.text.VisionTuningConsole_PushByteFromIsr)
                  00011220    0000003c     libclang_rt.builtins.a : floatsisf.S.obj (.text.__floatsisf)
                  0001125c    0000003c                            : comparesf2.S.obj (.text.__gtsf2)
                  00011298    0000003c     libc.a : autoinit.c.obj (.text:__TI_auto_init_nobinit_nopinit)
                  000112d4    0000003a     libclang_rt.builtins.a : comparesf2.S.obj (.text.__eqsf2)
                  0001130e    00000002     --HOLE-- [fill = 0]
                  00011310    0000003a                            : muldsi3.S.obj (.text.__muldsi3)
                  0001134a    00000002     --HOLE-- [fill = 0]
                  0001134c    00000038     vision_receiver.o (.text.VisionReceiver_Init)
                  00011384    00000038     libclang_rt.builtins.a : fixsfsi.S.obj (.text.__fixsfsi)
                  000113bc    00000034     emergency_stop.o (.text.EmergencyStop_Trigger)
                  000113f0    00000034     imu.o (.text.Imu_IsReady)
                  00011424    00000034     mission_library.o (.text.MissionLibrary_FindById)
                  00011458    00000034     vision_tuning_console.o (.text.VisionTuningConsole_TryPopTxByte)
                  0001148c    00000034     vision_uart.o (.text.VisionUart_Process)
                  000114c0    00000032     oled.o (.text.OLED_PrintString)
                  000114f2    00000002     --HOLE-- [fill = 0]
                  000114f4    00000030     fault.o (.text.Fault_Raise)
                  00011524    00000030     gimbal_vision_yaw_tracker.o (.text.GimbalVisionYawTracker_GetFeedback)
                  00011554    00000030     gimbal.o (.text.Gimbal_PitchGetFeedback)
                  00011584    00000030     key.o (.text.Key_Init)
                  000115b4    00000030     line_controller.o (.text.LineController_ObserveSensors)
                  000115e4    00000030     mission_manager.o (.text.MissionManager_Resume)
                  00011614    00000030     vision_pitch_tuning.o (.text.VisionPitchTuning_RestoreDefault)
                  00011644    00000030     watchdog_monitor.o (.text.WatchdogMonitor_Init)
                  00011674    00000030     gimbal_vision_yaw_tracker.o (.text.refresh_yaw_feedback)
                  000116a4    0000002c     encoder.o (.text.Encoder_Reset)
                  000116d0    0000002c     mission_manager.o (.text.MissionManager_Cancel)
                  000116fc    0000002c     mission_manager.o (.text.MissionManager_Reset)
                  00011728    0000002c     track_sensor.o (.text.TrackSensor_CountBlack)
                  00011754    0000002c     vision_yaw_tuning.o (.text.VisionYawTuning_RestoreDefault)
                  00011780    0000002c     gimbal_vision_pitch_tracker.o (.text.speed_to_x10)
                  000117ac    00000028     servo.o (.text.Servo_Init)
                  000117d4    00000028     vision_pitch_tuning.o (.text.VisionPitchTuning_Init)
                  000117fc    00000028     watchdog_monitor.o (.text.WatchdogMonitor_Reset)
                  00011824    00000028     libclang_rt.builtins.a : floatunsisf.S.obj (.text.__floatunsisf)
                  0001184c    00000028     libc.a : memmov.c.obj (.text.memmove)
                  00011874    00000028            : boot_cortex_m.c.obj (.text:_c_int00_noargs)
                  0001189c    00000024     emergency_stop.o (.text.EmergencyStop_Enforce)
                  000118c0    00000024     gimbal_vision_pitch_tracker.o (.text.GimbalVisionPitchTracker_GetFeedback)
                  000118e4    00000024     mission_manager.o (.text.MissionManager_ReportExternalFailure)
                  00011908    00000024     motor_control.o (.text.MotorControl_Init)
                  0001192c    00000024     motor_control.o (.text.MotorControl_Reset)
                  00011950    00000024     oled.o (.text.OLED_ClearBuffer)
                  00011974    00000024     ti_msp_dl_config.o (.text.SYSCFG_DL_init)
                  00011998    00000024     vision_yaw_tuning.o (.text.VisionYawTuning_Init)
                  000119bc    00000024     libclang_rt.builtins.a : muldi3.S.obj (.text.__muldi3)
                  000119e0    00000020     driverlib.a : dl_timer.o (.text.DL_Timer_overrideCCPOut)
                  00011a00    00000020     debug_telemetry.o (.text.DebugTelemetry_Update)
                  00011a20    00000020     mission_manager.o (.text.MissionManager_Pause)
                  00011a40    00000020     oled.o (.text.OLED_SetCursor)
                  00011a60    00000020     empty.o (.text.SchedulerMonitor_GetStats)
                  00011a80    00000020     vision_receiver.o (.text.VisionReceiver_GetProtocolErrorCount)
                  00011aa0    00000020     mission_manager.o (.text.mission_finish_error)
                  00011ac0    0000001e     libclang_rt.builtins.a : ashldi3.S.obj (.text.__ashldi3)
                  00011ade    00000002     --HOLE-- [fill = 0]
                  00011ae0    0000001c     driverlib.a : dl_timer.o (.text.DL_Timer_setCaptCompUpdateMethod)
                  00011afc    0000001c                 : dl_timer.o (.text.DL_Timer_setClockConfig)
                  00011b18    0000001c     gimbal_vision_adapter.o (.text.GimbalVisionAdapter_Init)
                  00011b34    0000001c     heading_control.o (.text.HeadingControl_SetTargetYaw)
                  00011b50    0000001c     menu.o (.text.Menu_Init)
                  00011b6c    0000001c     motion_action.o (.text.MotionAction_Cancel)
                  00011b88    0000001c     obstacle_monitor.o (.text.ObstacleMonitor_Init)
                  00011ba4    0000001c     obstacle_safety.o (.text.ObstacleSafety_Init)
                  00011bc0    0000001c     vision_pitch_tuning.o (.text.VisionPitchTuning_ParamName)
                  00011bdc    0000001c     vision_yaw_tuning.o (.text.VisionYawTuning_GetSnapshot)
                  00011bf8    0000001c     vision_yaw_tuning.o (.text.VisionYawTuning_ParamName)
                  00011c14    0000001c     watchdog_monitor.o (.text.WatchdogMonitor_NotifyControlCycleComplete)
                  00011c30    0000001c     mission_manager.o (.text.mission_finish_success)
                  00011c4c    00000018     driverlib.a : dl_timer.o (.text.DL_Timer_setCaptureCompareOutCtl)
                  00011c64    00000018     debug_telemetry.o (.text.DebugTelemetry_Init)
                  00011c7c    00000018     heading_control.o (.text.HeadingControl_Init)
                  00011c94    00000018     heading_control.o (.text.HeadingControl_Reset)
                  00011cac    00000018     menu.o (.text.Menu_ParamItemToString)
                  00011cc4    00000018     motion_action.o (.text.MotionAction_Init)
                  00011cdc    00000018     obstacle_avoidance.o (.text.ObstacleAvoidance_Init)
                  00011cf4    00000018     runtime_snapshot.o (.text.RuntimeSnapshot_Init)
                  00011d0c    00000016     libclang_rt.builtins.a : comparesf2.S.obj (.text.__unordsf2)
                  00011d22    00000002     --HOLE-- [fill = 0]
                  00011d24    00000014     fault.o (.text.Fault_Clear)
                  00011d38    00000014     fault.o (.text.Fault_Init)
                  00011d4c    00000014     empty.o (.text.GROUP1_IRQHandler)
                  00011d60    00000014     gimbal_stepper.o (.text.GimbalStepper_SetStepHalfPeriodTicks)
                  00011d74    00000014     heading_control.o (.text.HeadingControl_Enable)
                  00011d88    00000014     mission_library.o (.text.MissionLibrary_GetByIndex)
                  00011d9c    00000014     mission_manager.o (.text.MissionManager_GetSelectedMissionId)
                  00011db0    00000014     vision_pitch_tuning.o (.text.VisionPitchTuning_GetSnapshot)
                  00011dc4    00000014     vision_uart.o (.text.VisionUart_Init)
                  00011dd8    00000014     libclang_rt.builtins.a : aeabi_ldivmod.S.obj (.text.__aeabi_ldivmod)
                  00011dec    00000014                            : aeabi_uldivmod.S.obj (.text.__aeabi_uldivmod)
                  00011e00    00000012     driverlib.a : dl_uart.o (.text.DL_UART_setClockConfig)
                  00011e12    00000012     libc.a : copy_decompress_none.c.obj (.text:decompress:none)
                  00011e24    00000010     driverlib.a : dl_timer.o (.text.DL_Timer_setCaptureCompareValue)
                  00011e34    00000010     gimbal.o (.text.Gimbal_YawGetFeedback)
                  00011e44    00000010     key.o (.text.Key_GetEvent)
                  00011e54    00000010     libc.a : copy_zero_init.c.obj (.text:decompress:ZI)
                  00011e64    0000000c     car_controller.o (.text.CarController_GetRunMode)
                  00011e70    0000000c     car_controller.o (.text.CarController_Init)
                  00011e7c    0000000c     car_controller.o (.text.CarController_IsSafetyHoldActive)
                  00011e88    0000000c     car_state.o (.text.CarState_Get)
                  00011e94    0000000c     car_state.o (.text.CarState_Init)
                  00011ea0    0000000c     car_state.o (.text.CarState_Set)
                  00011eac    0000000c     emergency_stop.o (.text.EmergencyStop_Init)
                  00011eb8    0000000c     emergency_stop.o (.text.EmergencyStop_IsActive)
                  00011ec4    0000000c     gimbal_vision_adapter.o (.text.GimbalVisionAdapter_GetObservation)
                  00011ed0    0000000c     gimbal.o (.text.Gimbal_Tick100us)
                  00011edc    0000000c     gimbal.o (.text.Gimbal_Update5ms)
                  00011ee8    0000000c     imu.o (.text.Imu_GetCorrectedGyroZDps)
                  00011ef4    0000000c     imu.o (.text.Imu_GetYaw)
                  00011f00    0000000c     menu.o (.text.Menu_GetPage)
                  00011f0c    0000000c     menu.o (.text.Menu_GetParamItem)
                  00011f18    0000000c     mission_manager.o (.text.MissionManager_IsExternallyHeld)
                  00011f24    0000000c     mission_manager.o (.text.MissionManager_SetExternalHold)
                  00011f30    0000000c     obstacle_avoidance.o (.text.ObstacleAvoidance_IsActive)
                  00011f3c    0000000c     obstacle_avoidance.o (.text.ObstacleAvoidance_IsFailed)
                  00011f48    0000000c     obstacle_safety.o (.text.ObstacleSafety_IsHolding)
                  00011f54    0000000c     empty.o (.text.SystemTime_GetMs)
                  00011f60    0000000c     watchdog_monitor.o (.text.WatchdogMonitor_HasTripped)
                  00011f6c    0000000c     libclang_rt.builtins.a : aeabi_memset.S.obj (.text.__aeabi_memclr)
                  00011f78    0000000a     driverlib.a : dl_common.o (.text.DL_Common_delayCycles)
                  00011f82    0000000a     track_sensor.o (.text.TrackSensor_IsCenterDetected)
                  00011f8c    0000000a     track_sensor.o (.text.TrackSensor_IsLineDetected)
                  00011f96    0000000a     track_sensor.o (.text.TrackSensor_IsLineLost)
                  00011fa0    00000008     car_controller.o (.text.CarController_GetFeedback)
                  00011fa8    00000008     fault.o (.text.Fault_GetRecord)
                  00011fb0    00000008     gimbal_stepper.o (.text.GimbalStepper_GetFeedback)
                  00011fb8    00000008     gimbal_vision_adapter.o (.text.GimbalVisionAdapter_GetFeedback)
                  00011fc0    00000008     gimbal.o (.text.Gimbal_PitchStopTrackingHold)
                  00011fc8    00000008     heading_control.o (.text.HeadingControl_GetRuntime)
                  00011fd0    00000008     imu.o (.text.Imu_GetRuntime)
                  00011fd8    00000008     line_controller.o (.text.LineController_GetRuntime)
                  00011fe0    00000008     mission_manager.o (.text.MissionManager_GetMissionCount)
                  00011fe8    00000008     mission_manager.o (.text.MissionManager_GetRuntime)
                  00011ff0    00000008     motion_action.o (.text.MotionAction_GetRuntime)
                  00011ff8    00000008     motor_control.o (.text.MotorControl_GetRuntime)
                  00012000    00000008     obstacle_avoidance.o (.text.ObstacleAvoidance_GetFeedback)
                  00012008    00000008     obstacle_monitor.o (.text.ObstacleMonitor_GetFeedback)
                  00012010    00000008     oled_ui.o (.text.OledUi_Init)
                  00012018    00000008     runtime_snapshot.o (.text.RuntimeSnapshot_Get)
                  00012020    00000008     servo.o (.text.Servo_GetFeedback)
                  00012028    00000008     ultrasonic.o (.text.Ultrasonic_GetFeedback)
                  00012030    00000008     vision_pitch_tuning.o (.text.VisionPitchTuning_GetStatus)
                  00012038    00000008     vision_receiver.o (.text.VisionReceiver_GetObservation)
                  00012040    00000008     vision_receiver.o (.text.VisionReceiver_GetStatus)
                  00012048    00000008     vision_tuning_console.o (.text.VisionTuningConsole_GetStatus)
                  00012050    00000008     watchdog_monitor.o (.text.WatchdogMonitor_GetStatus)
                  00012058    00000008     wheel_speed_estimator.o (.text.WheelSpeedEstimator_GetRuntime)
                  00012060    00000008     libclang_rt.builtins.a : aeabi_memcpy.S.obj (.text.__aeabi_memcpy)
                  00012068    00000008                            : aeabi_memmove.S.obj (.text.__aeabi_memmove)
                  00012070    00000006     libc.a : exit.c.obj (.text:abort)
                  00012076    00000004     libsysbm.a : hostexit.c.obj (.text.HOSTexit)
                  0001207a    00000004     mission_library.o (.text.MissionLibrary_GetCount)
                  0001207e    00000004     obstacle_avoidance.o (.text.ObstacleAvoidance_IsResumeGraceActive)
                  00012082    00000004     startup_mspm0g350x_ticlang.o (.text.Reset_Handler)
                  00012086    00000002     --HOLE-- [fill = 0]
                  00012088    00000010     libc.a : boot_cortex_m.c.obj (.tramp._c_int00_noargs.1)
                  00012098    00000004            : pre_init.c.obj (.text._system_pre_init)
                  0001209c    00000004     --HOLE-- [fill = 0]

.cinit     0    00012968    00000030     
                  00012968    0000000c     (__TI_handler_table)
                  00012974    00000008     (.cinit..bss.load) [load image, compression = zero_init]
                  0001297c    00000005     (.cinit..data.load) [load image, compression = lzss]
                  00012981    00000003     --HOLE-- [fill = 0]
                  00012984    00000010     (__TI_cinit_table)
                  00012994    00000004     --HOLE-- [fill = 0]

.rodata    0    000120a0    000008c8     
                  000120a0    000000d8     oled.o (.rodata..Lswitch.table.OLED_PrintChar)
                  00012178    00000048     mission_library.o (.rodata.g_missionCompetitionMain)
                  000121c0    00000048     mission_library.o (.rodata.g_missionTestDistance20)
                  00012208    00000048     mission_library.o (.rodata.g_missionTestLine)
                  00012250    00000048     mission_library.o (.rodata.g_missionTestTurn)
                  00012298    00000040     mission_library.o (.rodata.g_missionRegistry)
                  000122d8    00000030     oled_ui.o (.rodata..Lswitch.table.OledUi_Update_20ms.192)
                  00012308    0000002c     oled_ui.o (.rodata..Lswitch.table.OledUi_Update_20ms.198)
                  00012334    00000024     oled_ui.o (.rodata..Lswitch.table.OledUi_Update_20ms.196)
                  00012358    00000020     oled_ui.o (.rodata..Lswitch.table.OledUi_Update_20ms.197)
                  00012378    0000001c     menu.o (.rodata..Lswitch.table.Menu_ParamItemToString)
                  00012394    0000001c     vision_tuning_console.o (.rodata.str1.1836208005852235077.1)
                  000123b0    00000018     oled_ui.o (.rodata..Lswitch.table.OledUi_Update_20ms.189)
                  000123c8    00000018     oled_ui.o (.rodata..Lswitch.table.OledUi_Update_20ms.199)
                  000123e0    00000018     vision_pitch_tuning.o (.rodata..Lswitch.table.VisionPitchTuning_ParamName)
                  000123f8    00000014     oled_ui.o (.rodata..Lswitch.table.OledUi_Update_20ms.200)
                  0001240c    00000014     vision_yaw_tuning.o (.rodata..Lswitch.table.VisionYawTuning_ParamName)
                  00012420    0000000e     oled_ui.o (.rodata.str1.10416366799939242409.1)
                  0001242e    00000002     ti_msp_dl_config.o (.rodata.gUART_VISIONClockConfig)
                  00012430    0000000c     oled_ui.o (.rodata..Lswitch.table.OledUi_Update_20ms.191)
                  0001243c    0000000c     oled_ui.o (.rodata..Lswitch.table.OledUi_Update_20ms.193)
                  00012448    0000000c     oled_ui.o (.rodata..Lswitch.table.OledUi_Update_20ms)
                  00012454    0000000a     ti_msp_dl_config.o (.rodata.gUART_VISIONConfig)
                  0001245e    0000000a     mission_library.o (.rodata.str1.13636476544574750902.1)
                  00012468    0000000a     mission_library.o (.rodata.str1.15668266851434757964.1)
                  00012472    0000000a     mission_library.o (.rodata.str1.199678142196697465.1)
                  0001247c    0000000a     oled_ui.o (.rodata.str1.2002540315216928218.1)
                  00012486    0000000a     vision_tuning_console.o (.rodata.str1.4859846923128959820.1)
                  00012490    0000000a     vision_tuning_console.o (.rodata.str1.7225688704195888286.1)
                  0001249a    00000002     oled_ui.o (.rodata.str1.12504350857748951577.1)
                  0001249c    00000008     ti_msp_dl_config.o (.rodata.gPWM_MOTORConfig)
                  000124a4    00000008     vision_tuning_console.o (.rodata.str1.11718269490974306969.1)
                  000124ac    00000008     oled_ui.o (.rodata.str1.13871579367539052597.1)
                  000124b4    00000008     oled_ui.o (.rodata.str1.14142815821055334776.1)
                  000124bc    00000008     oled_ui.o (.rodata.str1.17719310104486814868.1)
                  000124c4    00000008     vision_tuning_console.o (.rodata.str1.3293472937029561918.1)
                  000124cc    00000008     oled_ui.o (.rodata.str1.9159586779647977165.1)
                  000124d4    00000008     oled_ui.o (.rodata.str1.9611283282870761829.1)
                  000124dc    00000008     oled_ui.o (.rodata.str1.9646571805098343045.1)
                  000124e4    00000008     oled_ui.o (.rodata.str1.9822857334037886482.1)
                  000124ec    00000007     menu.o (.rodata..Lswitch.table.Menu_HandleKeyEvent.8)
                  000124f3    00000007     vision_tuning_console.o (.rodata.str1.10860306953068020798.1)
                  000124fa    00000007     oled_ui.o (.rodata.str1.14168333168339663346.1)
                  00012501    00000007     mission_library.o (.rodata.str1.1440970855772709381.1)
                  00012508    00000007     oled_ui.o (.rodata.str1.7219546930854689545.1)
                  0001250f    00000006     vision_tuning_console.o (.rodata.str1.10319329813075420582.1)
                  00012515    00000006     oled_ui.o (.rodata.str1.10568433575767188072.1)
                  0001251b    00000006     oled_ui.o (.rodata.str1.1108652269057166745.1)
                  00012521    00000006     oled_ui.o (.rodata.str1.11388022865931857840.1)
                  00012527    00000006     oled_ui.o (.rodata.str1.1445687256832830955.1)
                  0001252d    00000006     oled_ui.o (.rodata.str1.14711868471336838103.1)
                  00012533    00000006     oled_ui.o (.rodata.str1.15132332204781002199.1)
                  00012539    00000006     oled_ui.o (.rodata.str1.16526439943277383452.1)
                  0001253f    00000006     oled_ui.o (.rodata.str1.17540787658903907660.1)
                  00012545    00000006     oled_ui.o (.rodata.str1.17678525341650131470.1)
                  0001254b    00000006     oled_ui.o (.rodata.str1.18128648927899109887.1)
                  00012551    00000006     oled_ui.o (.rodata.str1.2308938766145545715.1)
                  00012557    00000006     oled_ui.o (.rodata.str1.3247264562726604308.1)
                  0001255d    00000006     vision_tuning_console.o (.rodata.str1.4028100529439820245.1)
                  00012563    00000006     oled_ui.o (.rodata.str1.5948326995020184415.1)
                  00012569    00000006     oled_ui.o (.rodata.str1.8236579331345056500.1)
                  0001256f    00000005     menu.o (.rodata..Lswitch.table.Menu_HandleKeyEvent)
                  00012574    00000005     motion_action.o (.rodata..Lswitch.table.MotionAction_Update_20ms)
                  00012579    00000005     oled.o (.rodata.oled_get_glyph.colon)
                  0001257e    00000005     oled.o (.rodata.oled_get_glyph.eight)
                  00012583    00000005     oled.o (.rodata.oled_get_glyph.five)
                  00012588    00000005     oled.o (.rodata.oled_get_glyph.four)
                  0001258d    00000005     oled.o (.rodata.oled_get_glyph.glyphA)
                  00012592    00000005     oled.o (.rodata.oled_get_glyph.glyphB)
                  00012597    00000005     oled.o (.rodata.oled_get_glyph.glyphC)
                  0001259c    00000005     oled.o (.rodata.oled_get_glyph.glyphD)
                  000125a1    00000005     oled.o (.rodata.oled_get_glyph.glyphE)
                  000125a6    00000005     oled.o (.rodata.oled_get_glyph.glyphF)
                  000125ab    00000005     oled.o (.rodata.oled_get_glyph.glyphG)
                  000125b0    00000005     oled.o (.rodata.oled_get_glyph.glyphH)
                  000125b5    00000005     oled.o (.rodata.oled_get_glyph.glyphI)
                  000125ba    00000005     oled.o (.rodata.oled_get_glyph.glyphK)
                  000125bf    00000005     oled.o (.rodata.oled_get_glyph.glyphL)
                  000125c4    00000005     oled.o (.rodata.oled_get_glyph.glyphM)
                  000125c9    00000005     oled.o (.rodata.oled_get_glyph.glyphN)
                  000125ce    00000005     oled.o (.rodata.oled_get_glyph.glyphO)
                  000125d3    00000005     oled.o (.rodata.oled_get_glyph.glyphP)
                  000125d8    00000005     oled.o (.rodata.oled_get_glyph.glyphR)
                  000125dd    00000005     oled.o (.rodata.oled_get_glyph.glyphS)
                  000125e2    00000005     oled.o (.rodata.oled_get_glyph.glyphT)
                  000125e7    00000005     oled.o (.rodata.oled_get_glyph.glyphU)
                  000125ec    00000005     oled.o (.rodata.oled_get_glyph.glyphV)
                  000125f1    00000005     oled.o (.rodata.oled_get_glyph.glyphW)
                  000125f6    00000005     oled.o (.rodata.oled_get_glyph.glyphX)
                  000125fb    00000005     oled.o (.rodata.oled_get_glyph.glyphY)
                  00012600    00000005     oled.o (.rodata.oled_get_glyph.glyphb)
                  00012605    00000005     oled.o (.rodata.oled_get_glyph.gt)
                  0001260a    00000005     oled.o (.rodata.oled_get_glyph.minus)
                  0001260f    00000005     oled.o (.rodata.oled_get_glyph.nine)
                  00012614    00000005     oled.o (.rodata.oled_get_glyph.one)
                  00012619    00000005     oled.o (.rodata.oled_get_glyph.seven)
                  0001261e    00000005     oled.o (.rodata.oled_get_glyph.six)
                  00012623    00000005     oled.o (.rodata.oled_get_glyph.space)
                  00012628    00000005     oled.o (.rodata.oled_get_glyph.three)
                  0001262d    00000005     oled.o (.rodata.oled_get_glyph.two)
                  00012632    00000005     oled.o (.rodata.oled_get_glyph.zero)
                  00012637    00000005     oled_ui.o (.rodata.str1.11049990970699464748.1)
                  0001263c    00000005     oled_ui.o (.rodata.str1.11178346780556493352.1)
                  00012641    00000005     oled_ui.o (.rodata.str1.11794000050372113979.1)
                  00012646    00000005     oled_ui.o (.rodata.str1.12182588061437138428.1)
                  0001264b    00000005     oled_ui.o (.rodata.str1.12447783896598192203.1)
                  00012650    00000005     oled_ui.o (.rodata.str1.13567883086814673087.1)
                  00012655    00000005     oled_ui.o (.rodata.str1.13790669171379415506.1)
                  0001265a    00000005     vision_pitch_tuning.o (.rodata.str1.13915893147848268398.1)
                  0001265f    00000005     oled_ui.o (.rodata.str1.14132186318895045592.1)
                  00012664    00000005     oled_ui.o (.rodata.str1.14358698208395374265.1)
                  00012669    00000005     fault.o (.rodata.str1.14435905801345341244.1)
                  0001266e    00000005     oled_ui.o (.rodata.str1.14521350379984854626.1)
                  00012673    00000005     oled_ui.o (.rodata.str1.14675223611663555778.1)
                  00012678    00000005     oled_ui.o (.rodata.str1.14740362735394205067.1)
                  0001267d    00000005     fault.o (.rodata.str1.1506612114648992996.1)
                  00012682    00000005     oled_ui.o (.rodata.str1.15613891207764622616.1)
                  00012687    00000005     oled_ui.o (.rodata.str1.15817398807211891688.1)
                  0001268c    00000005     oled_ui.o (.rodata.str1.15935041339501476673.1)
                  00012691    00000005     oled_ui.o (.rodata.str1.16411631209783952401.1)
                  00012696    00000005     oled_ui.o (.rodata.str1.16554583589798097927.1)
                  0001269b    00000005     oled_ui.o (.rodata.str1.16635595130967924751.1)
                  000126a0    00000005     oled_ui.o (.rodata.str1.16931641404301806744.1)
                  000126a5    00000005     oled_ui.o (.rodata.str1.16939060351352778619.1)
                  000126aa    00000005     fault.o (.rodata.str1.17097894860660336008.1)
                  000126af    00000005     fault.o (.rodata.str1.17155043670132108083.1)
                  000126b4    00000005     vision_tuning_console.o (.rodata.str1.17265544270347038021.1)
                  000126b9    00000005     oled_ui.o (.rodata.str1.17464849429964608858.1)
                  000126be    00000005     oled_ui.o (.rodata.str1.18190418239766617312.1)
                  000126c3    00000005     oled_ui.o (.rodata.str1.1974573040514735405.1)
                  000126c8    00000005     fault.o (.rodata.str1.2104670281202025270.1)
                  000126cd    00000005     oled_ui.o (.rodata.str1.240075016795266086.1)
                  000126d2    00000005     oled_ui.o (.rodata.str1.2522137003438374266.1)
                  000126d7    00000005     oled_ui.o (.rodata.str1.2603845803395459882.1)
                  000126dc    00000005     oled_ui.o (.rodata.str1.2714695401222167146.1)
                  000126e1    00000005     oled_ui.o (.rodata.str1.3702290527496711532.1)
                  000126e6    00000005     fault.o (.rodata.str1.4453281041433270631.1)
                  000126eb    00000005     fault.o (.rodata.str1.4549004730087743662.1)
                  000126f0    00000005     oled_ui.o (.rodata.str1.4581472623415959594.1)
                  000126f5    00000005     oled_ui.o (.rodata.str1.4582914374586912483.1)
                  000126fa    00000005     oled_ui.o (.rodata.str1.4610220316623841660.1)
                  000126ff    00000005     menu.o (.rodata.str1.4862307748908978627.1)
                  00012704    00000005     oled_ui.o (.rodata.str1.5004483696121082904.1)
                  00012709    00000005     fault.o (.rodata.str1.6372787129294360447.1)
                  0001270e    00000005     fault.o (.rodata.str1.6437946768974223044.1)
                  00012713    00000005     oled_ui.o (.rodata.str1.6473435968988645044.1)
                  00012718    00000005     oled_ui.o (.rodata.str1.7419768602719733415.1)
                  0001271d    00000005     vision_yaw_tuning.o (.rodata.str1.7764041101441114269.1)
                  00012722    00000005     oled_ui.o (.rodata.str1.7774807581888385879.1)
                  00012727    00000005     fault.o (.rodata.str1.8185770893384132067.1)
                  0001272c    00000005     oled_ui.o (.rodata.str1.8403269972884532600.1)
                  00012731    00000005     oled_ui.o (.rodata.str1.8426569189266129334.1)
                  00012736    00000005     oled_ui.o (.rodata.str1.8449035241871861290.1)
                  0001273b    00000005     oled_ui.o (.rodata.str1.8460525935980491721.1)
                  00012740    00000005     oled_ui.o (.rodata.str1.8615431116298670950.1)
                  00012745    00000005     oled_ui.o (.rodata.str1.8693388333057100694.1)
                  0001274a    00000005     oled_ui.o (.rodata.str1.9044019526854345694.1)
                  0001274f    00000005     oled_ui.o (.rodata.str1.9102528229756940648.1)
                  00012754    00000005     oled_ui.o (.rodata.str1.9295666102996717355.1)
                  00012759    00000005     oled_ui.o (.rodata.str1.9351772214919528733.1)
                  0001275e    00000005     oled_ui.o (.rodata.str1.9554470707595806150.1)
                  00012763    00000005     oled_ui.o (.rodata.str1.9584387800903135389.1)
                  00012768    00000004     oled_ui.o (.rodata.str1.10077435089618835710.1)
                  0001276c    00000004     oled_ui.o (.rodata.str1.10163600690795753232.1)
                  00012770    00000004     oled_ui.o (.rodata.str1.1019225241002246410.1)
                  00012774    00000004     oled_ui.o (.rodata.str1.10263419832828250601.1)
                  00012778    00000004     oled_ui.o (.rodata.str1.10430294223631918979.1)
                  0001277c    00000004     oled_ui.o (.rodata.str1.10907125332684471422.1)
                  00012780    00000004     oled_ui.o (.rodata.str1.11149198520117834688.1)
                  00012784    00000004     oled_ui.o (.rodata.str1.11232419324784801130.1)
                  00012788    00000004     oled_ui.o (.rodata.str1.11428648044669318875.1)
                  0001278c    00000004     oled_ui.o (.rodata.str1.11614055506586029288.1)
                  00012790    00000004     oled_ui.o (.rodata.str1.11627403558423016802.1)
                  00012794    00000004     oled_ui.o (.rodata.str1.12043213579996415112.1)
                  00012798    00000004     menu.o (.rodata.str1.12110183915172842339.1)
                  0001279c    00000004     oled_ui.o (.rodata.str1.12493748764729730277.1)
                  000127a0    00000004     oled_ui.o (.rodata.str1.12571791089077708471.1)
                  000127a4    00000004     oled_ui.o (.rodata.str1.12617122458660443890.1)
                  000127a8    00000004     oled_ui.o (.rodata.str1.1276391367487699528.1)
                  000127ac    00000004     oled_ui.o (.rodata.str1.12888220461447056082.1)
                  000127b0    00000004     oled_ui.o (.rodata.str1.12928245060369742404.1)
                  000127b4    00000004     oled_ui.o (.rodata.str1.12983537867572525563.1)
                  000127b8    00000004     oled_ui.o (.rodata.str1.13244290092665904221.1)
                  000127bc    00000004     oled_ui.o (.rodata.str1.13271657277589579873.1)
                  000127c0    00000004     fault.o (.rodata.str1.13582094816268305212.1)
                  000127c4    00000004     oled_ui.o (.rodata.str1.13875148296791986931.1)
                  000127c8    00000004     oled_ui.o (.rodata.str1.13882251010780863896.1)
                  000127cc    00000004     oled_ui.o (.rodata.str1.13892659840332223045.1)
                  000127d0    00000004     vision_tuning_console.o (.rodata.str1.14084955404328172175.1)
                  000127d4    00000004     oled_ui.o (.rodata.str1.14134189893851348960.1)
                  000127d8    00000004     oled_ui.o (.rodata.str1.14265077442249237877.1)
                  000127dc    00000004     oled_ui.o (.rodata.str1.15008238333949226094.1)
                  000127e0    00000004     oled_ui.o (.rodata.str1.15575624326185233262.1)
                  000127e4    00000004     oled_ui.o (.rodata.str1.15577080202403550426.1)
                  000127e8    00000004     oled_ui.o (.rodata.str1.15802367878353263018.1)
                  000127ec    00000004     oled_ui.o (.rodata.str1.15829239520183577662.1)
                  000127f0    00000004     menu.o (.rodata.str1.16312125044762562515.1)
                  000127f4    00000004     fault.o (.rodata.str1.16482347271627360806.1)
                  000127f8    00000004     oled_ui.o (.rodata.str1.16496169091617228061.1)
                  000127fc    00000004     vision_pitch_tuning.o (.rodata.str1.16579632732967443104.1)
                  00012800    00000004     oled_ui.o (.rodata.str1.16849766574302683489.1)
                  00012804    00000004     oled_ui.o (.rodata.str1.16895433903389883335.1)
                  00012808    00000004     menu.o (.rodata.str1.17041139162815566052.1)
                  0001280c    00000004     oled_ui.o (.rodata.str1.17067061841413117831.1)
                  00012810    00000004     oled_ui.o (.rodata.str1.17274519358952562110.1)
                  00012814    00000004     oled_ui.o (.rodata.str1.17747339173178619492.1)
                  00012818    00000004     oled_ui.o (.rodata.str1.17763996158807330232.1)
                  0001281c    00000004     oled_ui.o (.rodata.str1.17881291656140238186.1)
                  00012820    00000004     oled_ui.o (.rodata.str1.182352409660151230.1)
                  00012824    00000004     oled_ui.o (.rodata.str1.18266126048138325213.1)
                  00012828    00000004     oled_ui.o (.rodata.str1.18379317056176403938.1)
                  0001282c    00000004     oled_ui.o (.rodata.str1.2193316011307952170.1)
                  00012830    00000004     oled_ui.o (.rodata.str1.2608729314174233125.1)
                  00012834    00000004     oled_ui.o (.rodata.str1.270145429241168923.1)
                  00012838    00000004     oled_ui.o (.rodata.str1.2742282290834473644.1)
                  0001283c    00000004     oled_ui.o (.rodata.str1.2983744876309220570.1)
                  00012840    00000004     oled_ui.o (.rodata.str1.3407221357956504873.1)
                  00012844    00000004     oled_ui.o (.rodata.str1.3455423528827705371.1)
                  00012848    00000004     oled_ui.o (.rodata.str1.4193589846040060630.1)
                  0001284c    00000004     oled_ui.o (.rodata.str1.4402311448527872260.1)
                  00012850    00000004     oled_ui.o (.rodata.str1.4581686099848791648.1)
                  00012854    00000004     oled_ui.o (.rodata.str1.4691821198597473371.1)
                  00012858    00000004     oled_ui.o (.rodata.str1.4723632947289500520.1)
                  0001285c    00000004     oled_ui.o (.rodata.str1.4932371652560868037.1)
                  00012860    00000004     oled_ui.o (.rodata.str1.5376340479846291137.1)
                  00012864    00000004     oled_ui.o (.rodata.str1.5689016102676777062.1)
                  00012868    00000004     oled_ui.o (.rodata.str1.5853739094453432564.1)
                  0001286c    00000004     oled_ui.o (.rodata.str1.58703915094955230.1)
                  00012870    00000004     oled_ui.o (.rodata.str1.5965450730569173784.1)
                  00012874    00000004     oled_ui.o (.rodata.str1.6350830172869379626.1)
                  00012878    00000004     oled_ui.o (.rodata.str1.6398192001994169976.1)
                  0001287c    00000004     oled_ui.o (.rodata.str1.6744096065564390185.1)
                  00012880    00000004     oled_ui.o (.rodata.str1.6806727740681590176.1)
                  00012884    00000004     oled_ui.o (.rodata.str1.6835749436006845616.1)
                  00012888    00000004     menu.o (.rodata.str1.6857549598058878762.1)
                  0001288c    00000004     oled_ui.o (.rodata.str1.6954814719705590448.1)
                  00012890    00000004     oled_ui.o (.rodata.str1.7185587941321649510.1)
                  00012894    00000004     oled_ui.o (.rodata.str1.7205245123442117851.1)
                  00012898    00000004     fault.o (.rodata.str1.7255546073596598018.1)
                  0001289c    00000004     oled_ui.o (.rodata.str1.7481335054564682966.1)
                  000128a0    00000004     oled_ui.o (.rodata.str1.8018480777946742726.1)
                  000128a4    00000004     oled_ui.o (.rodata.str1.8124536758062367015.1)
                  000128a8    00000004     oled_ui.o (.rodata.str1.8399051469953744892.1)
                  000128ac    00000004     oled_ui.o (.rodata.str1.8703997732205428909.1)
                  000128b0    00000004     oled_ui.o (.rodata.str1.8783421139296713095.1)
                  000128b4    00000004     oled_ui.o (.rodata.str1.8950259614286592359.1)
                  000128b8    00000004     oled_ui.o (.rodata.str1.9229350655415085.1)
                  000128bc    00000004     vision_tuning_console.o (.rodata.str1.9292707793305368794.1)
                  000128c0    00000004     vision_yaw_tuning.o (.rodata.str1.9489746196023004463.1)
                  000128c4    00000004     oled_ui.o (.rodata.str1.967006512144173535.1)
                  000128c8    00000004     oled_ui.o (.rodata.str1.9854382722193312766.1)
                  000128cc    00000004     oled_ui.o (.rodata.str1.9992244628984851027.1)
                  000128d0    00000003     ti_msp_dl_config.o (.rodata.gPWM_MOTORClockConfig)
                  000128d3    00000003     oled_ui.o (.rodata.str1.10509309789429088155.1)
                  000128d6    00000003     vision_pitch_tuning.o (.rodata.str1.10553819018306626402.1)
                  000128d9    00000003     oled_ui.o (.rodata.str1.10600688730180713177.1)
                  000128dc    00000003     vision_tuning_console.o (.rodata.str1.12197883643583142124.1)
                  000128df    00000003     oled_ui.o (.rodata.str1.12359577037488465078.1)
                  000128e2    00000003     oled_ui.o (.rodata.str1.12595606217184830646.1)
                  000128e5    00000003     oled_ui.o (.rodata.str1.12697925274637991987.1)
                  000128e8    00000003     oled_ui.o (.rodata.str1.130772507669342127.1)
                  000128eb    00000003     menu.o (.rodata.str1.13124720451672825294.1)
                  000128ee    00000003     oled_ui.o (.rodata.str1.13750180467131823662.1)
                  000128f1    00000003     menu.o (.rodata.str1.14098755746347272832.1)
                  000128f4    00000003     oled_ui.o (.rodata.str1.14556837007311414654.1)
                  000128f7    00000003     oled_ui.o (.rodata.str1.14774750633985060196.1)
                  000128fa    00000003     vision_pitch_tuning.o (.rodata.str1.15082469624955958926.1)
                  000128fd    00000003     vision_yaw_tuning.o (.rodata.str1.15455206247194842411.1)
                  00012900    00000003     oled_ui.o (.rodata.str1.15859922799842739878.1)
                  00012903    00000003     oled_ui.o (.rodata.str1.16290499236105125126.1)
                  00012906    00000003     vision_tuning_console.o (.rodata.str1.16336339630363933256.1)
                  00012909    00000003     vision_pitch_tuning.o (.rodata.str1.17185918124541117546.1)
                  0001290c    00000003     oled_ui.o (.rodata.str1.17242430504649735449.1)
                  0001290f    00000003     oled_ui.o (.rodata.str1.17436941090773226089.1)
                  00012912    00000003     oled_ui.o (.rodata.str1.17717236995185551183.1)
                  00012915    00000003     oled_ui.o (.rodata.str1.17763087492223448992.1)
                  00012918    00000003     oled_ui.o (.rodata.str1.17812014771544466701.1)
                  0001291b    00000003     oled_ui.o (.rodata.str1.17884296644359297425.1)
                  0001291e    00000003     vision_pitch_tuning.o (.rodata.str1.18308346119964257230.1)
                  00012921    00000003     vision_pitch_tuning.o (.rodata.str1.2353024170771920291.1)
                  00012924    00000003     oled_ui.o (.rodata.str1.2656948373757303877.1)
                  00012927    00000003     oled_ui.o (.rodata.str1.3025253791635144717.1)
                  0001292a    00000003     oled_ui.o (.rodata.str1.344790106308886506.1)
                  0001292d    00000003     oled_ui.o (.rodata.str1.3467953211977455017.1)
                  00012930    00000003     vision_yaw_tuning.o (.rodata.str1.4032468970572441659.1)
                  00012933    00000003     oled_ui.o (.rodata.str1.4082595774073207366.1)
                  00012936    00000003     oled_ui.o (.rodata.str1.4551794666512319153.1)
                  00012939    00000003     menu.o (.rodata.str1.4646809750356241979.1)
                  0001293c    00000003     oled_ui.o (.rodata.str1.5291836437463020264.1)
                  0001293f    00000003     oled_ui.o (.rodata.str1.5463568455719735.1)
                  00012942    00000003     oled_ui.o (.rodata.str1.5965888106848176421.1)
                  00012945    00000003     vision_yaw_tuning.o (.rodata.str1.6393086909333857079.1)
                  00012948    00000003     vision_yaw_tuning.o (.rodata.str1.6657421771701333087.1)
                  0001294b    00000003     oled_ui.o (.rodata.str1.7050595558965647569.1)
                  0001294e    00000003     fault.o (.rodata.str1.8193046109637024842.1)
                  00012951    00000003     oled_ui.o (.rodata.str1.8471462185882660445.1)
                  00012954    00000003     oled_ui.o (.rodata.str1.9135818829835424837.1)
                  00012957    00000003     oled_ui.o (.rodata.str1.9250665025187963892.1)
                  0001295a    00000003     oled_ui.o (.rodata.str1.9544068167406571052.1)
                  0001295d    00000002     oled_ui.o (.rodata.str1.15917848551323629232.1)
                  0001295f    00000002     oled_ui.o (.rodata.str1.35417727660486075.1)
                  00012961    00000002     oled_ui.o (.rodata.str1.763101100280173925.1)
                  00012963    00000002     oled_ui.o (.rodata.str1.799718701096035713.1)
                  00012965    00000002     oled_ui.o (.rodata.str1.8709745090823444516.1)
                  00012967    00000001     --HOLE-- [fill = 0]

.init_array 
*          0    00000000    00000000     UNINITIALIZED

.binit     0    00000000    00000000     

.bss       0    20200000    000011a2     UNINITIALIZED
                  20200000    00000400     oled.o (.bss.g_oledFrame)
                  20200400    00000200     vision_receiver.o (.bss.g_ring)
                  20200600    000001c8     runtime_snapshot.o (.bss.g_snapshot)
                  202007c8    00000100     vision_tuning_console.o (.bss.g_rxRing)
                  202008c8    00000100     vision_tuning_console.o (.bss.g_txRing)
                  202009c8    00000100     (.common:g_appConfig)
                  20200ac8    00000084     (.common:g_imuRuntime)
                  20200b4c    0000007c     motor_control.o (.bss.g_runtime)
                  20200bc8    00000064     (.common:g_appRuntime)
                  20200c2c    00000058     vision_receiver.o (.bss.g_status)
                  20200c84    00000004     imu.o (.bss.g_elapsedSinceValidSampleMs)
                  20200c88    00000058     (.common:g_wheelSpeedEstimatorRuntime)
                  20200ce0    00000048     gimbal_vision_adapter.o (.bss.g_feedback)
                  20200d28    00000040     gimbal.o (.bss.g_feedback)
                  20200d68    00000040     vision_tuning_console.o (.bss.g_line)
                  20200da8    00000040     line_controller.o (.bss.g_lineRuntime)
                  20200de8    00000040     gimbal.o (.bss.g_pitchFeedback)
                  20200e28    00000030     (.common:gUART_VISIONBackup)
                  20200e58    0000002c     vision_receiver.o (.bss.g_observation)
                  20200e84    0000002c     empty.o (.bss.g_schedulerStats)
                  20200eb0    00000028     gimbal_tracker.o (.bss.g_feedback)
                  20200ed8    00000028     vision_receiver.o (.bss.g_frame)
                  20200f00    00000024     gimbal_vision_yaw_tracker.o (.bss.g_feedback)
                  20200f24    0000001c     mission_manager.o (.bss.g_missionRuntime)
                  20200f40    0000001c     (.common:g_headingRuntime)
                  20200f5c    00000018     obstacle_avoidance.o (.bss.g_avoidFeedback)
                  20200f74    00000004     gimbal_tracker.o (.bss.g_filteredErrorX)
                  20200f78    00000018     gimbal_stepper.o (.bss.g_feedback)
                  20200f90    00000018     gimbal_vision_pitch_tracker.o (.bss.g_feedback)
                  20200fa8    00000018     vision_pitch_tuning.o (.bss.g_status)
                  20200fc0    00000018     vision_tuning_console.o (.bss.g_status)
                  20200fd8    00000014     motion_action.o (.bss.g_motionActionRuntime)
                  20200fec    00000004     gimbal_tracker.o (.bss.g_filteredErrorY)
                  20200ff0    00000014     vision_yaw_tuning.o (.bss.g_status)
                  20201004    00000014     watchdog_monitor.o (.bss.g_status)
                  20201018    00000010     fault.o (.bss.g_faultRecord)
                  20201028    00000010     motor.o (.bss.g_motorRuntime)
                  20201038    0000000e     car_controller.o (.bss.g_carControllerFeedback)
                  20201046    00000002     ultrasonic.o (.bss.g_echoTicks)
                  20201048    0000000e     ultrasonic.o (.bss.g_ultrasonicFeedback)
                  20201056    00000002     gimbal.o (.bss.g_pitchHalfPeriodTicks)
                  20201058    0000000c     gimbal_tracker.o (.bss.g_observation)
                  20201064    0000000c     debug_telemetry.o (.bss.g_status)
                  20201070    00000008     obstacle_monitor.o (.bss.g_obstacleFeedback)
                  20201078    00000008     gimbal.o (.bss.g_pitchContinuousDegX10)
                  20201080    00000008     gimbal.o (.bss.g_pitchEstimatedSteps)
                  20201088    00000008     gimbal.o (.bss.g_pitchTargetDegX10)
                  20201090    00000008     gimbal.o (.bss.g_pitchTargetEstimatedSteps)
                  20201098    00000008     gimbal_stepper.o (.bss.g_stepperEstimatedSteps)
                  202010a0    00000008     gimbal_stepper.o (.bss.g_stepperTargetEstimatedSteps)
                  202010a8    00000008     gimbal.o (.bss.g_yawContinuousDegX10)
                  202010b0    00000008     gimbal.o (.bss.g_yawLockedWorldYawDegX10)
                  202010b8    00000008     gimbal.o (.bss.g_yawTargetContinuousDegX10)
                  202010c0    00000008     gimbal.o (.bss.g_yawWorldTargetDegX10)
                  202010c8    00000008     gimbal.o (.bss.g_yawWrappedDegX10)
                  202010d0    00000006     ultrasonic.o (.bss.g_distanceSamples)
                  202010d6    00000006     key.o (.bss.g_key1)
                  202010dc    00000006     key.o (.bss.g_key2)
                  202010e2    00000006     key.o (.bss.g_key3)
                  202010e8    00000004     gimbal_vision_adapter.o (.bss.g_lastAcceptedFrameCount)
                  202010ec    00000004     debug_telemetry.o (.bss.g_lastFrameMs)
                  202010f0    00000004     watchdog_monitor.o (.bss.g_lastTickMs)
                  202010f4    00000004     wheel_speed_estimator.o (.bss.g_latchedErrorFlags)
                  202010f8    00000004     empty.o (.bss.g_localTimeMs)
                  202010fc    00000004     encoder.o (.bss.g_motorAPulses)
                  20201100    00000004     encoder.o (.bss.g_motorBPulses)
                  20201104    00000004     gimbal.o (.bss.g_pitchCommandedRpm)
                  20201108    00000004     gimbal.o (.bss.g_pitchCompletedSteps)
                  2020110c    00000004     gimbal_tracker.o (.bss.g_pitchTargetDeg)
                  20201110    00000004     gimbal.o (.bss.g_pitchTargetRpm)
                  20201114    00000004     gimbal.o (.bss.g_pitchTrackingTargetRpm)
                  20201118    00000004     imu.o (.bss.g_previousValidCorrectedGyroZDps)
                  2020111c    00000004     servo.o (.bss.g_servoFeedback)
                  20201120    00000004     gimbal_vision_yaw_tracker.o (.bss.g_sessionId)
                  20201124    00000004     gimbal_stepper.o (.bss.g_stepperCompletedSteps)
                  20201128    00000004     gimbal_vision_yaw_tracker.o (.bss.g_targetWrappedDeg)
                  2020112c    00000004     gimbal.o (.bss.g_yawCommandedRpm)
                  20201130    00000004     gimbal.o (.bss.g_yawTargetRpm)
                  20201134    00000004     gimbal_tracker.o (.bss.g_yawTargetWrappedDeg)
                  20201138    00000004     empty.o (.bss.main.lastAppUpdateMs)
                  2020113c    00000002     gimbal.o (.bss.g_pitchStepHalfPeriodTicks)
                  2020113e    00000002     vision_receiver.o (.bss.g_ringHead)
                  20201140    00000002     vision_receiver.o (.bss.g_ringTail)
                  20201142    00000002     vision_tuning_console.o (.bss.g_rxHead)
                  20201144    00000002     vision_tuning_console.o (.bss.g_rxTail)
                  20201146    00000002     servo.o (.bss.g_servoPwmPhase)
                  20201148    00000002     ultrasonic.o (.bss.g_stateTicks)
                  2020114a    00000002     gimbal_stepper.o (.bss.g_stepperHalfPeriodTicks)
                  2020114c    00000002     gimbal_stepper.o (.bss.g_stepperStepHalfPeriodTicks)
                  2020114e    00000002     vision_tuning_console.o (.bss.g_txHead)
                  20201150    00000002     vision_tuning_console.o (.bss.g_txTail)
                  20201152    00000002     menu.o (.bss.menu_handle_status_key.trackerSequence)
                  20201154    00000002     (.common:g_trackError)
                  20201156    00000001     oled_ui.o (.bss.OledUi_Update_20ms.flushRow)
                  20201157    00000001     oled_ui.o (.bss.OledUi_Update_20ms.refreshDivider)
                  20201158    00000001     empty.o (.bss.SysTick_Handler.controlMsCount)
                  20201159    00000001     empty.o (.bss.SysTick_Handler.gimbalMsCount)
                  2020115a    00000001     empty.o (.bss.SysTick_Handler.tick100usCount)
                  2020115b    00000001     empty.o (.bss.SysTick_Handler.trackerMsCount)
                  2020115c    00000001     ultrasonic.o (.bss.Ultrasonic_Update_20ms.triggerDivider)
                  2020115d    00000001     empty.o (.bss.g_appUpdatePending)
                  2020115e    00000001     vision_tuning_console.o (.bss.g_capturing)
                  2020115f    00000001     car_state.o (.bss.g_carState)
                  20201160    00000001     obstacle_monitor.o (.bss.g_centerSettleTicks)
                  20201161    00000001     vision_tuning_console.o (.bss.g_commandTarget)
                  20201162    00000001     ultrasonic.o (.bss.g_distanceSampleCount)
                  20201163    00000001     ultrasonic.o (.bss.g_distanceSampleIndex)
                  20201164    00000001     emergency_stop.o (.bss.g_emergencyStopActive)
                  20201165    00000001     gimbal_tracker.o (.bss.g_enabled)
                  20201166    00000001     gimbal_vision_pitch_tracker.o (.bss.g_enabled)
                  20201167    00000001     gimbal_vision_yaw_tracker.o (.bss.g_enabled)
                  20201168    00000001     watchdog_monitor.o (.bss.g_faultApplied)
                  20201169    00000001     watchdog_monitor.o (.bss.g_faultPending)
                  2020116a    00000001     gimbal_tracker.o (.bss.g_filterReady)
                  2020116b    00000001     vision_receiver.o (.bss.g_frameSize)
                  2020116c    00000001     empty.o (.bss.g_gimbalUpdatePending)
                  2020116d    00000001     imu.o (.bss.g_integrationHistoryValid)
                  2020116e    00000001     wheel_speed_estimator.o (.bss.g_leftFilterInitialized)
                  2020116f    00000001     vision_tuning_console.o (.bss.g_lineSize)
                  20201170    00000001     obstacle_safety.o (.bss.g_obstacleSafetyHolding)
                  20201171    00000001     oled.o (.bss.g_oledColumn)
                  20201172    00000001     menu.o (.bss.g_oledPage)
                  20201173    00000001     oled.o (.bss.g_oledPage)
                  20201174    00000001     encoder.o (.bss.g_overflowFlags)
                  20201175    00000001     menu.o (.bss.g_paramItem)
                  20201176    00000001     menu.o (.bss.g_paramReturnPage)
                  20201177    00000001     key.o (.bss.g_pendingEvent)
                  20201178    00000001     gimbal.o (.bss.g_pitchControlMode)
                  20201179    00000001     gimbal.o (.bss.g_pitchDirection)
                  2020117a    00000001     gimbal.o (.bss.g_pitchInitialized)
                  2020117b    00000001     gimbal.o (.bss.g_pitchLimitClamped)
                  2020117c    00000001     gimbal.o (.bss.g_pitchLimitDirection)
                  2020117d    00000001     gimbal.o (.bss.g_pitchPositionValid)
                  2020117e    00000001     gimbal.o (.bss.g_pitchRunning)
                  2020117f    00000001     gimbal.o (.bss.g_pitchStepHigh)
                  20201180    00000001     gimbal.o (.bss.g_pitchStopAfterStepLow)
                  20201181    00000001     vision_tuning_console.o (.bss.g_prefixIndex)
                  20201182    00000001     vision_tuning_console.o (.bss.g_prefixTarget)
                  20201183    00000001     wheel_speed_estimator.o (.bss.g_rightFilterInitialized)
                  20201184    00000001     car_controller.o (.bss.g_safetyHold)
                  20201185    00000001     gimbal_vision_yaw_tracker.o (.bss.g_sessionInitialized)
                  20201186    00000001     imu.o (.bss.g_shortGapPending)
                  20201187    00000001     gimbal_tracker.o (.bss.g_simObservationUpdatesRemaining)
                  20201188    00000001     gimbal_stepper.o (.bss.g_stepperDirection)
                  20201189    00000001     gimbal_stepper.o (.bss.g_stepperRunning)
                  2020118a    00000001     gimbal_stepper.o (.bss.g_stepperStepHigh)
                  2020118b    00000001     gimbal_stepper.o (.bss.g_stepperStopAfterStepLow)
                  2020118c    00000001     motor_control.o (.bss.g_targetRefreshed)
                  2020118d    00000001     gimbal_vision_yaw_tracker.o (.bss.g_targetSynced)
                  2020118e    00000001     gimbal_tracker.o (.bss.g_targetValid)
                  2020118f    00000001     gimbal_tracker.o (.bss.g_targetsSynced)
                  20201190    00000001     empty.o (.bss.g_trackerUpdatePending)
                  20201191    00000001     gimbal_tracker.o (.bss.g_trackingActive)
                  20201192    00000001     gimbal_vision_pitch_tracker.o (.bss.g_trackingActive)
                  20201193    00000001     gimbal_vision_yaw_tracker.o (.bss.g_trackingActive)
                  20201194    00000001     ultrasonic.o (.bss.g_triggerRequest)
                  20201195    00000001     ultrasonic.o (.bss.g_ultrasonicState)
                  20201196    00000001     gimbal.o (.bss.g_yawLimitClamped)
                  20201197    00000001     gimbal.o (.bss.g_yawLimitDirection)
                  20201198    00000001     gimbal.o (.bss.g_yawPositionValid)
                  20201199    00000001     gimbal.o (.bss.g_yawWorldLockEnabled)
                  2020119a    00000001     (.common:g_carStateDebug)
                  2020119b    00000001     (.common:g_keyEvent)
                  2020119c    00000001     (.common:g_oledPageDebug)
                  2020119d    00000001     (.common:g_paramItemDebug)
                  2020119e    00000001     (.common:g_trackBlackCount)
                  2020119f    00000001     (.common:g_trackModeDebug)
                  202011a0    00000001     (.common:g_trackRaw)
                  202011a1    00000001     (.common:g_trackTurnDebug)

.data      0    202011a2    00000001     UNINITIALIZED
                  202011a2    00000001     car_controller.o (.data.g_followTurnPolicy)

.stack     0    20207e00    00000200     UNINITIALIZED
                  20207e00    00000004     libc.a : boot_cortex_m.c.obj (.stack)
                  20207e04    000001fc     --HOLE--

__llvm_prf_cnts 
*          0    20200000    00000000     UNINITIALIZED

__llvm_prf_bits 
*          0    20200000    00000000     UNINITIALIZED

MODULE SUMMARY

       Module                          code    ro data   rw data
       ------                          ----    -------   -------
    .\
       oled_ui.o                       13768   1098      2      
       vision_tuning_console.o         9616    102       613    
       gimbal.o                        7528    0         241    
       imu.o                           4252    0         142    
       car_controller.o                4140    0         116    
       oled.o                          2006    406       1026   
       motor_control.o                 2768    0         125    
       gimbal_tracker.o                2576    0         74     
       line_controller.o               2112    0         64     
       gimbal_vision_yaw_tracker.o     2124    0         48     
       app_config.o                    1888    0         256    
       vision_receiver.o               1112    0         689    
       runtime_snapshot.o              1184    0         456    
       gimbal_stepper.o                1412    0         52     
       menu.o                          1336    70        5      
       wheel_speed_estimator.o         1292    0         94     
       mission_manager.o               1260    0         28     
       motion_action.o                 1236    5         20     
       gimbal_vision_pitch_tracker.o   864     0         26     
       mission_library.o               456     389       0      
       motor.o                         776     0         16     
       empty.o                         676     0         59     
       vision_protocol.o               732     0         0      
       ti_msp_dl_config.o              636     23        48     
       ultrasonic.o                    596     0         29     
       key.o                           436     0         19     
       app.o                           410     0         10     
       fault.o                         296     65        16     
       track_sensor.o                  372     0         0      
       heading_control.o               340     0         28     
       vision_pitch_tuning.o           268     48        24     
       watchdog_monitor.o              292     0         26     
       vision_yaw_tuning.o             248     41        20     
       gimbal_vision_adapter.o         228     0         76     
       encoder.o                       276     0         9      
       obstacle_safety.o               272     0         1      
       obstacle_monitor.o              192     0         9      
       startup_mspm0g350x_ticlang.o    6       192       0      
       angle_utils.o                   192     0         0      
       servo.o                         176     0         6      
       emergency_stop.o                176     0         1      
       vision_uart.o                   164     0         0      
       obstacle_avoidance.o            62      0         24     
       debug_telemetry.o               56      0         16     
       car_state.o                     36      0         1      
    +--+-------------------------------+-------+---------+---------+
       Total:                          70844   2439      4515   
                                                                
    C:/TI/mspm0_sdk_2_05_01_00/source/ti/driverlib/lib/ticlang/m0p/mspm0g1x0x_g3x0x/driverlib.a
       dl_timer.o                      388     0         0      
       dl_uart.o                       90      0         0      
       dl_common.o                     10      0         0      
    +--+-------------------------------+-------+---------+---------+
       Total:                          488     0         0      
                                                                
    D:\TI\CCS\ccs\tools\compiler\ti-cgt-armllvm_4.0.4.LTS\lib\armv6m-ti-none-eabi/c/libc.a
       memcpy16.S.obj                  154     0         0      
       strcmp-armv6m.S.obj             136     0         0      
       copy_decompress_lzss.c.obj      124     0         0      
       memset16.S.obj                  98      0         0      
       autoinit.c.obj                  60      0         0      
       boot_cortex_m.c.obj             56      0         0      
       memmov.c.obj                    40      0         0      
       copy_decompress_none.c.obj      18      0         0      
       copy_zero_init.c.obj            16      0         0      
       exit.c.obj                      6       0         0      
       pre_init.c.obj                  4       0         0      
    +--+-------------------------------+-------+---------+---------+
       Total:                          712     0         0      
                                                                
    D:\TI\CCS\ccs\tools\compiler\ti-cgt-armllvm_4.0.4.LTS\lib\armv6m-ti-none-eabi/c/libsysbm.a
       hostexit.c.obj                  4       0         0      
    +--+-------------------------------+-------+---------+---------+
       Total:                          4       0         0      
                                                                
    D:\TI\CCS\ccs\tools\compiler\ti-cgt-armllvm_4.0.4.LTS\lib\armv6m-ti-none-eabi/libclang_rt.builtins.a
       addsf3.S.obj                    216     0         0      
       udivmoddi4.S.obj                162     0         0      
       comparesf2.S.obj                140     0         0      
       mulsf3.S.obj                    140     0         0      
       divsf3.S.obj                    130     0         0      
[...]
00000000  __TI_ATRegion2_trg_addr                   
00000000  __TI_static_base__                        
00000000  interruptVectors                          
000000c1  OledUi_Update_20ms                        
00000200  __STACK_SIZE                              
000035a5  VisionTuningConsole_Process               
00005379  AppConfig_LimitAll                        
000058e9  LineController_Update                     
00005dd9  Menu_HandleKeyEvent                       
00006261  RuntimeSnapshot_Update                    
000066e1  GimbalTracker_Update                      
00006fa9  WheelSpeedEstimator_Update                
000073cd  Imu_Update                                
000077ad  VisionReceiver_Process                    
00007b5d  GimbalVisionYawTracker_Update10ms         
00007ee5  Imu_Init                                  
00008e71  MotionAction_Update_20ms                  
0000910d  Gimbal_YawSetWrappedTargetDeg             
000093a5  Gimbal_YawUpdate5ms                       
00009639  Gimbal_PitchSetTrackingSpeedDegS          
000098c9  MotorControl_Update                       
0000a231  Imu_CalibrateGyroBias                     
0000a461  GimbalVisionPitchTracker_Update10ms       
0000a689  Motor_SetSpeed                            
0000a88d  VisionProtocol_ParseV1TargetFrame         
0000aa81  AppConfig_InitDefault                     
0000b041  CarController_StartDriveDistanceAtYaw     
0000b3e1  Gimbal_PitchUpdate5ms                     
0000b59d  MotionAction_Start                        
0000b911  Ultrasonic_Tick100us                      
0000bab1  GimbalStepper_Tick100us                   
0000bc45  CarController_Update_20ms                 
0000bdd5  GimbalVisionYawTracker_Enable             
0000bf5d  Gimbal_PitchTick100us                     
0000c0dd  GimbalStepper_MoveToEstimatedSteps        
0000c259  MissionLibrary_Validate                   
0000c3d5  Key_Update_20ms                           
0000c549  OLED_FlushPage                            
0000c6b9  Gimbal_Init                               
0000c825  OLED_PrintInt16                           
0000c991  main                                      
0000d035  Gimbal_YawEnableWorldLock                 
0000d15d  OLED_Init                                 
0000d4c9  CarController_StartDriveDistance          
0000d5e5  LineController_Reset                      
0000d81d  App_Update_20ms                           
0000da41  DL_Timer_initFourCCPWMMode                
0000db45  LineController_ResetControlState          
0000dc49  MissionManager_Update_20ms                
0000dd4d  CarController_StartDriveHeading           
0000de4d  MotorControl_SetNormalizedTarget          
0000df4d  Gimbal_PitchRelease                       
0000e049  SysTick_Handler                           
0000e145  LineController_Init                       
0000e23d  Gimbal_PitchStopHold                      
0000e32d  CarController_StartTurnToYawRelative      
0000e419  HeadingControl_Update                     
0000e5f1  ObstacleSafety_Update_20ms                
0000e7c1  MissionManager_SelectNext                 
0000e8a5  WheelSpeedEstimator_Init                  
0000e985  Gimbal_PitchConfirmZero                   
0000ea61  SYSCFG_DL_GPIO_init                       
0000ec19  OLED_PrintUInt16                          
0000ecf1  __aeabi_fsub                              
0000ecf1  __subsf3                                  
0000ecfb  __addsf3                                  
0000ecfb  __aeabi_fadd                              
0000edc9  MissionManager_SelectPrevious             
0000ee95  FaultCode_ToShortString                   
0000ef5d  Gimbal_YawConfirmZero                     
0000f025  Angle_Normalize180                        
0000f0e5  CarController_StartFollowLine             
0000f1a5  CarController_ResetRuntime                
0000f259  GimbalStepper_StopHold                    
0000f30d  GimbalVisionAdapter_Update                
0000f3c1  GimbalStepper_Init                        
0000f471  Gimbal_PitchMoveRelativeDeg               
0000f521  GimbalVisionPitchTracker_Enable           
0000f5c9  Encoder_HandleGpioInterrupt               
0000f711  __udivmoddi4                              
0000f7b3  ADC0_IRQHandler                           
0000f7b3  ADC1_IRQHandler                           
0000f7b3  AES_IRQHandler                            
0000f7b3  CANFD0_IRQHandler                         
0000f7b3  DAC0_IRQHandler                           
0000f7b3  DMA_IRQHandler                            
0000f7b3  Default_Handler                           
0000f7b3  GROUP0_IRQHandler                         
0000f7b3  HardFault_Handler                         
0000f7b3  I2C0_IRQHandler                           
0000f7b3  I2C1_IRQHandler                           
0000f7b3  NMI_Handler                               
0000f7b3  PendSV_Handler                            
0000f7b3  RTC_IRQHandler                            
0000f7b3  SPI0_IRQHandler                           
0000f7b3  SPI1_IRQHandler                           
0000f7b3  SVC_Handler                               
0000f7b3  TIMA0_IRQHandler                          
0000f7b3  TIMA1_IRQHandler                          
0000f7b3  TIMG0_IRQHandler                          
0000f7b3  TIMG12_IRQHandler                         
0000f7b3  TIMG6_IRQHandler                          
0000f7b3  TIMG7_IRQHandler                          
0000f7b3  TIMG8_IRQHandler                          
0000f7b3  UART0_IRQHandler                          
0000f7b3  UART1_IRQHandler                          
0000f7b3  UART2_IRQHandler                          
0000f7b5  ObstacleMonitor_Update_20ms               
0000f851  memcpy                                    
0000f8eb  ObstacleAvoidance_Update_20ms             
0000f985  Gimbal_YawDisableWorldLock                
0000fa11  Gimbal_YawStopHold                        
0000fa9d  SYSCFG_DL_PWM_MOTOR_init                  
0000fb29  __aeabi_fmul                              
0000fb29  __mulsf3                                  
0000fc41  strcmp                                    
0000fcc9  CarController_SetSafetyHold               
0000fd4d  GimbalStepper_ConfirmZero                 
0000fdd1  GimbalTracker_PushObservation             
0000fe55  Motor_Init                                
0000fed9  App_Init                                  
0000ff5b  TrackSensor_Init                          
0000ff5d  __aeabi_fdiv                              
0000ff5d  __divsf3                                  
0000ffdf  __aeabi_idiv0                             
0000ffe1  GimbalTracker_Init                        
00010061  Motor_Stop                                
000100e1  VisionPitchTuning_Set                     
0001015d  __TI_decompress_lzss                      
000102c5  GimbalStepper_Release                     
00010335  SYSCFG_DL_UART_VISION_init                
000103a5  VisionYawTuning_Set                       
00010415  TrackSensor_DetectTurn                    
00010483  __aeabi_ldiv0                             
00010485  GimbalVisionYawTracker_Init               
000104f1  MissionManager_GetSelectedMissionIndex    
000105c1  TrackSensor_GetErrorFromRaw               
00010629  Gimbal_YawRelease                         
0001068d  Menu_GetParamValue                        
000106f1  __aeabi_fcmpeq                            
00010705  __aeabi_fcmplt                            
00010719  __aeabi_fcmple                            
0001072d  __aeabi_fcmpge                            
00010741  __aeabi_fcmpgt                            
00010753  memset                                    
000107b5  GimbalTracker_Enable                      
00010815  GimbalTracker_GetFeedback                 
00010875  VisionTuningConsole_Init                  
000108d5  __aeabi_f2lz                              
000108d5  __fixsfdi                                 
00010935  UART3_IRQHandler                          
00010991  Ultrasonic_Update_20ms                    
000109ed  Gimbal_YawMoveRelativeDeg                 
00010a45  OLED_PrintChar                            
00010a9d  __aeabi_idiv                              
00010a9d  __aeabi_idivmod                           
00010af5  CarController_Stop                        
00010b49  TrackSensor_ReadRaw                       
00010c45  Ultrasonic_Init                           
00010c95  WatchdogMonitor_ApplyFaultIfNeeded        
00010ce5  __aeabi_l2f                               
00010ce5  __floatdisf                               
00010d35  MissionManager_Start                      
00010d81  MotorControl_Stop                         
00010dcd  WatchdogMonitor_Tick1msFromIsr            
00010e19  DL_UART_init                              
00010e61  Encoder_GetAndClearPulseDeltas            
00010ea5  Imu_ResetYaw                              
00010ee9  Servo_Tick100us                           
00010f2d  EmergencyStop_Reset                       
00010f6d  GimbalVisionPitchTracker_Init             
00010fad  MissionManager_Init                       
00010fed  SYSCFG_DL_SYSCTL_init                     
0001102d  SYSCFG_DL_initPower                       
0001106d  VisionReceiver_PushByteFromIsr            
000110ad  __aeabi_uidiv                             
000110ad  __aeabi_uidivmod                          
0001112d  __divmoddi4                               
0001116d  GimbalTracker_ClearObservation            
000111a9  Servo_SetAngleDeg                         
000111e5  VisionTuningConsole_PushByteFromIsr       
00011221  __aeabi_i2f                               
00011221  __floatsisf                               
0001125d  __gesf2                                   
0001125d  __gtsf2                                   
00011299  __TI_auto_init_nobinit_nopinit            
000112d5  __cmpsf2                                  
000112d5  __eqsf2                                   
000112d5  __lesf2                                   
000112d5  __ltsf2                                   
000112d5  __nesf2                                   
00011311  __muldsi3                                 
0001134d  VisionReceiver_Init                       
00011385  __aeabi_f2iz                              
00011385  __fixsfsi                                 
000113bd  EmergencyStop_Trigger                     
000113f1  Imu_IsReady                               
00011425  MissionLibrary_FindById                   
00011459  VisionTuningConsole_TryPopTxByte          
0001148d  VisionUart_Process                        
000114c1  OLED_PrintString                          
000114f5  Fault_Raise                               
00011525  GimbalVisionYawTracker_GetFeedback        
00011555  Gimbal_PitchGetFeedback                   
00011585  Key_Init                                  
000115b5  LineController_ObserveSensors             
000115e5  MissionManager_Resume                     
00011615  VisionPitchTuning_RestoreDefault          
00011645  WatchdogMonitor_Init                      
000116a5  Encoder_Reset                             
000116d1  MissionManager_Cancel                     
000116fd  MissionManager_Reset                      
00011729  TrackSensor_CountBlack                    
00011755  VisionYawTuning_RestoreDefault            
000117ad  Servo_Init                                
000117d5  VisionPitchTuning_Init                    
000117fd  WatchdogMonitor_Reset                     
00011825  __aeabi_ui2f                              
00011825  __floatunsisf                             
0001184d  memmove                                   
00011875  _c_int00_noargs                           
0001189d  EmergencyStop_Enforce                     
000118c1  GimbalVisionPitchTracker_GetFeedback      
000118e5  MissionManager_ReportExternalFailure      
00011909  MotorControl_Init                         
0001192d  MotorControl_Reset                        
00011951  OLED_ClearBuffer                          
00011975  SYSCFG_DL_init                            
00011999  VisionYawTuning_Init                      
000119bd  __aeabi_lmul                              
000119bd  __muldi3                                  
000119e1  DL_Timer_overrideCCPOut                   
00011a01  DebugTelemetry_Update                     
00011a21  MissionManager_Pause                      
00011a41  OLED_SetCursor                            
00011a61  SchedulerMonitor_GetStats                 
00011a81  VisionReceiver_GetProtocolErrorCount      
00011ac1  __aeabi_llsl                              
00011ac1  __ashldi3                                 
00011ae1  DL_Timer_setCaptCompUpdateMethod          
00011afd  DL_Timer_setClockConfig                   
00011b19  GimbalVisionAdapter_Init                  
00011b35  HeadingControl_SetTargetYaw               
00011b51  Menu_Init                                 
00011b6d  MotionAction_Cancel                       
00011b89  ObstacleMonitor_Init                      
00011ba5  ObstacleSafety_Init                       
00011bc1  VisionPitchTuning_ParamName               
00011bdd  VisionYawTuning_GetSnapshot               
00011bf9  VisionYawTuning_ParamName                 
00011c15  WatchdogMonitor_NotifyControlCycleComplete
00011c4d  DL_Timer_setCaptureCompareOutCtl          
00011c65  DebugTelemetry_Init                       
00011c7d  HeadingControl_Init                       
00011c95  HeadingControl_Reset                      
00011cad  Menu_ParamItemToString                    
00011cc5  MotionAction_Init                         
00011cdd  ObstacleAvoidance_Init                    
00011cf5  RuntimeSnapshot_Init                      
00011d0d  __aeabi_fcmpun                            
00011d0d  __unordsf2                                
00011d25  Fault_Clear                               
00011d39  Fault_Init                                
00011d4d  GROUP1_IRQHandler                         
00011d61  GimbalStepper_SetStepHalfPeriodTicks      
00011d75  HeadingControl_Enable                     
00011d89  MissionLibrary_GetByIndex                 
00011d9d  MissionManager_GetSelectedMissionId       
00011db1  VisionPitchTuning_GetSnapshot             
00011dc5  VisionUart_Init                           
00011dd9  __aeabi_ldivmod                           
00011ded  __aeabi_uldivmod                          
00011e01  DL_UART_setClockConfig                    
00011e13  __TI_decompress_none                      
00011e25  DL_Timer_setCaptureCompareValue           
00011e35  Gimbal_YawGetFeedback                     
00011e45  Key_GetEvent                              
00011e55  __TI_zero_init                            
00011e65  CarController_GetRunMode                  
00011e71  CarController_Init                        
00011e7d  CarController_IsSafetyHoldActive          
00011e89  CarState_Get                              
00011e95  CarState_Init                             
00011ea1  CarState_Set                              
00011ead  EmergencyStop_Init                        
00011eb9  EmergencyStop_IsActive                    
00011ec5  GimbalVisionAdapter_GetObservation        
00011ed1  Gimbal_Tick100us                          
00011edd  Gimbal_Update5ms                          
00011ee9  Imu_GetCorrectedGyroZDps                  
00011ef5  Imu_GetYaw                                
00011f01  Menu_GetPage                              
00011f0d  Menu_GetParamItem                         
00011f19  MissionManager_IsExternallyHeld           
00011f25  MissionManager_SetExternalHold            
00011f31  ObstacleAvoidance_IsActive                
00011f3d  ObstacleAvoidance_IsFailed                
00011f49  ObstacleSafety_IsHolding                  
00011f55  SystemTime_GetMs                          
00011f61  WatchdogMonitor_HasTripped                
00011f6d  __aeabi_memclr                            
00011f6d  __aeabi_memclr4                           
00011f6d  __aeabi_memclr8                           
00011f79  DL_Common_delayCycles                     
00011f83  TrackSensor_IsCenterDetected              
00011f8d  TrackSensor_IsLineDetected                
00011f97  TrackSensor_IsLineLost                    
00011fa1  CarController_GetFeedback                 
00011fa9  Fault_GetRecord                           
00011fb1  GimbalStepper_GetFeedback                 
00011fb9  GimbalVisionAdapter_GetFeedback           
00011fc1  Gimbal_PitchStopTrackingHold              
00011fc9  HeadingControl_GetRuntime                 
00011fd1  Imu_GetRuntime                            
00011fd9  LineController_GetRuntime                 
00011fe1  MissionManager_GetMissionCount            
00011fe9  MissionManager_GetRuntime                 
00011ff1  MotionAction_GetRuntime                   
00011ff9  MotorControl_GetRuntime                   
00012001  ObstacleAvoidance_GetFeedback             
00012009  ObstacleMonitor_GetFeedback               
00012011  OledUi_Init                               
00012019  RuntimeSnapshot_Get                       
00012021  Servo_GetFeedback                         
00012029  Ultrasonic_GetFeedback                    
00012031  VisionPitchTuning_GetStatus               
00012039  VisionReceiver_GetObservation             
00012041  VisionReceiver_GetStatus                  
00012049  VisionTuningConsole_GetStatus             
00012051  WatchdogMonitor_GetStatus                 
00012059  WheelSpeedEstimator_GetRuntime            
00012061  __aeabi_memcpy                            
00012061  __aeabi_memcpy4                           
00012061  __aeabi_memcpy8                           
00012069  __aeabi_memmove                           
00012069  __aeabi_memmove4                          
00012069  __aeabi_memmove8                          
00012071  abort                                     
00012076  C$$EXIT                                   
00012077  HOSTexit                                  
0001207b  MissionLibrary_GetCount                   
0001207f  ObstacleAvoidance_IsResumeGraceActive     
00012083  Reset_Handler                             
00012099  _system_pre_init                          
00012968  __TI_Handler_Table_Base                   
00012974  __TI_Handler_Table_Limit                  
00012984  __TI_CINIT_Base                           
00012994  __TI_CINIT_Limit                          
00012994  __TI_CINIT_Warm                           
20200000  __start___llvm_prf_bits                   
20200000  __start___llvm_prf_cnts                   
20200000  __stop___llvm_prf_bits                    
20200000  __stop___llvm_prf_cnts                    
202009c8  g_appConfig                               
20200ac8  g_imuRuntime                              
20200bc8  g_appRuntime                              
20200c88  g_wheelSpeedEstimatorRuntime              
20200e28  gUART_VISIONBackup                        
20200f40  g_headingRuntime                          
20201154  g_trackError                              
2020119a  g_carStateDebug                           
2020119b  g_keyEvent                                
2020119c  g_oledPageDebug                           
2020119d  g_paramItemDebug                          
2020119e  g_trackBlackCount                         
2020119f  g_trackModeDebug                          
202011a0  g_trackRaw                                
202011a1  g_trackTurnDebug                          
20207e00  __stack                                   
20208000  __STACK_END                               
ffffffff  __TI_pprof_out_hndl                       
ffffffff  __TI_prof_data_size                       
ffffffff  __TI_prof_data_start                      
ffffffff  __binit__                                 
ffffffff  binit                                     
UNDEFED   __mpu_init                                
UNDEFED   _system_post_cinit                        

[385 symbols]
