******************************************************************************
            TI ARM Clang Linker PC v4.0.4                      
******************************************************************************
>> Linked Fri Jul 10 22:30:44 2026

OUTPUT FILE NAME:   <diansaikaishi.out>
ENTRY POINT SYMBOL: "_c_int00_noargs"  address: 00002341


MEMORY CONFIGURATION

         name            origin    length      used     unused   attr    fill
----------------------  --------  ---------  --------  --------  ----  --------
  FLASH                 00000000   00020000  00002778  0001d888  R  X
  SRAM                  20200000   00008000  0000029e  00007d62  RW X
  BCR_CONFIG            41c00000   000000ff  00000000  000000ff  R   
  BSL_CONFIG            41c00100   00000080  00000000  00000080  R   


SEGMENT ALLOCATION MAP

run origin  load origin   length   init length attrs members
----------  ----------- ---------- ----------- ----- -------
00000000    00000000    00002778   00002778    r-x
  00000000    00000000    000000c0   000000c0    r-- .intvecs
  000000c0    000000c0    00002430   00002430    r-x .text
  000024f0    000024f0    00000270   00000270    r-- .rodata
  00002760    00002760    00000018   00000018    r-- .cinit
20200000    20200000    0000009e   00000000    rw-
  20200000    20200000    0000009e   00000000    rw- .bss
20207e00    20207e00    00000200   00000000    rw-
  20207e00    20207e00    00000200   00000000    rw- .stack


SECTION ALLOCATION MAP

 output                                  attributes/
section   page    origin      length       input sections
--------  ----  ----------  ----------   ----------------
.intvecs   0    00000000    000000c0     
                  00000000    000000c0     startup_mspm0g350x_ticlang.o (.intvecs)

.text      0    000000c0    00002430     
                  000000c0    000002f4     oled_ui.o (.text.OledUi_Update_20ms)
                  000003b4    000002e8     imu.o (.text.mpu6050_read_regs)
                  0000069c    000002b0     car_controller.o (.text.CarController_Update_20ms)
                  0000094c    00000254     oled.o (.text.OLED_Clear)
                  00000ba0    000001cc     imu.o (.text.imu_i2c_write_byte)
                  00000d6c    000001b8     oled.o (.text.oled_i2c_write_byte)
                  00000f24    00000198     menu.o (.text.Menu_HandleKeyEvent)
                  000010bc    00000174     key.o (.text.Key_Update_20ms)
                  00001230    00000168     app_config.o (.text.AppConfig_LimitAll)
                  00001398    00000140     imu.o (.text.Imu_Init)
                  000014d8    0000013c     oled.o (.text.OLED_PrintInt16)
                  00001614    000000d4     oled.o (.text.OLED_Init)
                  000016e8    000000d0     oled.o (.text.OLED_PrintChar)
                  000017b8    000000b0     motor.o (.text.Motor_SetSpeed)
                  00001868    000000a8     ti_msp_dl_config.o (.text.SYSCFG_DL_GPIO_init)
                  00001910    000000a4     app.o (.text.App_Update_20ms)
                  000019b4    0000009c     imu.o (.text.Imu_Update)
                  00001a50    00000098     imu.o (.text.mpu6050_write_reg)
                  00001ae8    0000008c     libclang_rt.builtins.a : mulsf3.S.obj (.text.__mulsf3)
                  00001b74    00000082                            : divsf3.S.obj (.text.__divsf3)
                  00001bf6    00000002     startup_mspm0g350x_ticlang.o (.text.Default_Handler)
                  00001bf8    00000078     oled.o (.text.oled_write_command)
                  00001c70    0000006c     encoder.o (.text.Encoder_HandleGpioInterrupt)
                  00001cdc    0000006c     empty.o (.text.main)
                  00001d48    00000066     track_sensor.o (.text.TrackSensor_GetErrorFromRaw)
                  00001dae    00000002     track_sensor.o (.text.TrackSensor_Init)
                  00001db0    00000060     app_config.o (.text.AppConfig_InitDefault)
                  00001e10    0000005e     oled.o (.text.OLED_PrintBinary7)
                  00001e6e    00000002     libclang_rt.builtins.a : aeabi_div0.c.obj (.text.__aeabi_idiv0)
                  00001e70    00000058     menu.o (.text.Menu_GetParamValue)
                  00001ec8    00000056     libclang_rt.builtins.a : aeabi_idivmod.S.obj (.text.__aeabi_idivmod)
                  00001f1e    00000002     --HOLE-- [fill = 0]
                  00001f20    00000054     track_sensor.o (.text.TrackSensor_ReadRaw)
                  00001f74    00000050     motor.o (.text.Motor_PwmTick100us)
                  00001fc4    00000040     ti_msp_dl_config.o (.text.SYSCFG_DL_SYSCTL_init)
                  00002004    0000003c     empty.o (.text.SysTick_Handler)
                  00002040    0000003c     libclang_rt.builtins.a : floatsisf.S.obj (.text.__floatsisf)
                  0000207c    0000003c     libc.a : autoinit.c.obj (.text:__TI_auto_init_nobinit_nopinit)
                  000020b8    0000003a     libclang_rt.builtins.a : muldsi3.S.obj (.text.__muldsi3)
                  000020f2    00000002     --HOLE-- [fill = 0]
                  000020f4    00000038     motor.o (.text.Motor_Init)
                  0000212c    00000038     libclang_rt.builtins.a : fixsfsi.S.obj (.text.__fixsfsi)
                  00002164    00000036     track_sensor.o (.text.TrackSensor_DetectTurn)
                  0000219a    00000002     --HOLE-- [fill = 0]
                  0000219c    00000034     oled.o (.text.OLED_SetCursor)
                  000021d0    00000032     oled.o (.text.OLED_PrintString)
                  00002202    00000030     app.o (.text.App_Init)
                  00002232    00000002     --HOLE-- [fill = 0]
                  00002234    00000030     key.o (.text.Key_Init)
                  00002264    0000002c     car_controller.o (.text.CarController_Init)
                  00002290    0000002c     car_controller.o (.text.CarController_ResetRuntime)
                  000022bc    0000002c     motor.o (.text.Motor_Stop)
                  000022e8    0000002c     ti_msp_dl_config.o (.text.SYSCFG_DL_initPower)
                  00002314    0000002c     track_sensor.o (.text.TrackSensor_CountBlack)
                  00002340    00000028     libc.a : boot_cortex_m.c.obj (.text:_c_int00_noargs)
                  00002368    00000024     encoder.o (.text.Encoder_Reset)
                  0000238c    00000018     car_controller.o (.text.CarController_RunModeToString)
                  000023a4    00000018     car_state.o (.text.CarState_ToString)
                  000023bc    00000018     menu.o (.text.Menu_ParamItemToString)
                  000023d4    00000016     libc.a : copy_zero_init.c.obj (.text:decompress:ZI:__TI_zero_init_nomemset)
                  000023ea    00000002     --HOLE-- [fill = 0]
                  000023ec    00000014     app_config.o (.text.AppConfig_DecreaseTargetLap)
                  00002400    00000014     app_config.o (.text.AppConfig_IncreaseTargetLap)
                  00002414    00000014     empty.o (.text.GROUP1_IRQHandler)
                  00002428    00000014     menu.o (.text.Menu_Init)
                  0000243c    00000010     key.o (.text.Key_GetEvent)
                  0000244c    00000010     ti_msp_dl_config.o (.text.SYSCFG_DL_init)
                  0000245c    0000000c     car_controller.o (.text.CarController_GetRunMode)
                  00002468    0000000c     car_state.o (.text.CarState_Get)
                  00002474    0000000c     car_state.o (.text.CarState_Init)
                  00002480    0000000c     car_state.o (.text.CarState_Set)
                  0000248c    0000000c     menu.o (.text.Menu_GetPage)
                  00002498    0000000c     menu.o (.text.Menu_GetParamItem)
                  000024a4    0000000c     oled_ui.o (.text.OledUi_Init)
                  000024b0    0000000a     driverlib.a : dl_common.o (.text.DL_Common_delayCycles)
                  000024ba    0000000a     track_sensor.o (.text.TrackSensor_IsCenterDetected)
                  000024c4    0000000a     track_sensor.o (.text.TrackSensor_IsLineLost)
                  000024ce    00000002     --HOLE-- [fill = 0]
                  000024d0    00000008     imu.o (.text.Imu_GetRuntime)
                  000024d8    00000006     libc.a : exit.c.obj (.text:abort)
                  000024de    00000004     libsysbm.a : hostexit.c.obj (.text.HOSTexit)
                  000024e2    00000004     startup_mspm0g350x_ticlang.o (.text.Reset_Handler)
                  000024e6    00000004     libc.a : pre_init.c.obj (.text._system_pre_init)
                  000024ea    00000006     --HOLE-- [fill = 0]

.cinit     0    00002760    00000018     
                  00002760    00000008     (.cinit..bss.load) [load image, compression = zero_init]
                  00002768    00000004     (__TI_handler_table)
                  0000276c    00000008     (__TI_cinit_table)
                  00002774    00000004     --HOLE-- [fill = 0]

.rodata    0    000024f0    00000270     
                  000024f0    000000b4     oled.o (.rodata..Lswitch.table.OLED_PrintChar)
                  000025a4    0000001c     menu.o (.rodata..Lswitch.table.Menu_ParamItemToString)
                  000025c0    00000018     car_state.o (.rodata..Lswitch.table.CarState_ToString)
                  000025d8    00000014     car_controller.o (.rodata..Lswitch.table.CarController_RunModeToString)
                  000025ec    00000007     oled_ui.o (.rodata.str1.8426569189266129334.1)
                  000025f3    00000006     oled_ui.o (.rodata.str1.1445687256832830955.1)
                  000025f9    00000006     car_state.o (.rodata.str1.1675797584173499143.1)
                  000025ff    00000006     car_state.o (.rodata.str1.41590466491370331.1)
                  00002605    00000006     menu.o (.rodata.str1.4646809750356241979.1)
                  0000260b    00000006     oled_ui.o (.rodata.str1.5853739094453432564.1)
                  00002611    00000005     oled.o (.rodata.oled_get_glyph.colon)
                  00002616    00000005     oled.o (.rodata.oled_get_glyph.eight)
                  0000261b    00000005     oled.o (.rodata.oled_get_glyph.five)
                  00002620    00000005     oled.o (.rodata.oled_get_glyph.four)
                  00002625    00000005     oled.o (.rodata.oled_get_glyph.glyphA)
                  0000262a    00000005     oled.o (.rodata.oled_get_glyph.glyphC)
                  0000262f    00000005     oled.o (.rodata.oled_get_glyph.glyphD)
                  00002634    00000005     oled.o (.rodata.oled_get_glyph.glyphE)
                  00002639    00000005     oled.o (.rodata.oled_get_glyph.glyphG)
                  0000263e    00000005     oled.o (.rodata.oled_get_glyph.glyphH)
                  00002643    00000005     oled.o (.rodata.oled_get_glyph.glyphI)
                  00002648    00000005     oled.o (.rodata.oled_get_glyph.glyphK)
                  0000264d    00000005     oled.o (.rodata.oled_get_glyph.glyphL)
                  00002652    00000005     oled.o (.rodata.oled_get_glyph.glyphM)
                  00002657    00000005     oled.o (.rodata.oled_get_glyph.glyphN)
                  0000265c    00000005     oled.o (.rodata.oled_get_glyph.glyphO)
                  00002661    00000005     oled.o (.rodata.oled_get_glyph.glyphP)
                  00002666    00000005     oled.o (.rodata.oled_get_glyph.glyphR)
                  0000266b    00000005     oled.o (.rodata.oled_get_glyph.glyphS)
                  00002670    00000005     oled.o (.rodata.oled_get_glyph.glyphT)
                  00002675    00000005     oled.o (.rodata.oled_get_glyph.glyphU)
                  0000267a    00000005     oled.o (.rodata.oled_get_glyph.glyphV)
                  0000267f    00000005     oled.o (.rodata.oled_get_glyph.glyphW)
                  00002684    00000005     oled.o (.rodata.oled_get_glyph.glyphX)
                  00002689    00000005     oled.o (.rodata.oled_get_glyph.glyphY)
                  0000268e    00000005     oled.o (.rodata.oled_get_glyph.gt)
                  00002693    00000005     oled.o (.rodata.oled_get_glyph.minus)
                  00002698    00000005     oled.o (.rodata.oled_get_glyph.nine)
                  0000269d    00000005     oled.o (.rodata.oled_get_glyph.one)
                  000026a2    00000005     oled.o (.rodata.oled_get_glyph.seven)
                  000026a7    00000005     oled.o (.rodata.oled_get_glyph.six)
                  000026ac    00000005     oled.o (.rodata.oled_get_glyph.space)
                  000026b1    00000005     oled.o (.rodata.oled_get_glyph.three)
                  000026b6    00000005     oled.o (.rodata.oled_get_glyph.two)
                  000026bb    00000005     oled.o (.rodata.oled_get_glyph.zero)
                  000026c0    00000005     oled_ui.o (.rodata.str1.10416366799939242409.1)
                  000026c5    00000005     menu.o (.rodata.str1.12110183915172842339.1)
                  000026ca    00000005     oled_ui.o (.rodata.str1.17540787658903907660.1)
                  000026cf    00000005     car_controller.o (.rodata.str1.18191498530309206443.1)
                  000026d4    00000005     oled_ui.o (.rodata.str1.3455423528827705371.1)
                  000026d9    00000005     car_controller.o (.rodata.str1.4164979912472006574.1)
                  000026de    00000005     oled_ui.o (.rodata.str1.4581472623415959594.1)
                  000026e3    00000005     car_state.o (.rodata.str1.8223341253983108753.1)
                  000026e8    00000005     car_state.o (.rodata.str1.8698975129455933903.1)
                  000026ed    00000005     oled_ui.o (.rodata.str1.9544068167406571052.1)
                  000026f2    00000005     car_controller.o (.rodata.str1.9981487771679760427.1)
                  000026f7    00000004     oled_ui.o (.rodata.str1.1019225241002246410.1)
                  000026fb    00000004     oled_ui.o (.rodata.str1.1108652269057166745.1)
                  000026ff    00000004     car_controller.o (.rodata.str1.12442237994239546032.1)
                  00002703    00000004     menu.o (.rodata.str1.13124720451672825294.1)
                  00002707    00000004     oled_ui.o (.rodata.str1.13882251010780863896.1)
                  0000270b    00000004     car_state.o (.rodata.str1.13986535679874659196.1)
                  0000270f    00000004     oled_ui.o (.rodata.str1.14556837007311414654.1)
                  00002713    00000004     oled_ui.o (.rodata.str1.15917848551323629232.1)
                  00002717    00000004     menu.o (.rodata.str1.16312125044762562515.1)
                  0000271b    00000004     oled_ui.o (.rodata.str1.16931641404301806744.1)
                  0000271f    00000004     car_controller.o (.rodata.str1.17172356789460551389.1)
                  00002723    00000004     oled_ui.o (.rodata.str1.17812014771544466701.1)
                  00002727    00000004     car_state.o (.rodata.str1.3601627812925153765.1)
                  0000272b    00000004     oled_ui.o (.rodata.str1.3702290527496711532.1)
                  0000272f    00000004     oled_ui.o (.rodata.str1.4402311448527872260.1)
                  00002733    00000004     menu.o (.rodata.str1.4862307748908978627.1)
                  00002737    00000004     oled_ui.o (.rodata.str1.5965450730569173784.1)
                  0000273b    00000004     menu.o (.rodata.str1.6857549598058878762.1)
                  0000273f    00000004     oled_ui.o (.rodata.str1.9159586779647977165.1)
                  00002743    00000004     car_controller.o (.rodata.str1.9234375891235759983.1)
                  00002747    00000004     oled_ui.o (.rodata.str1.967006512144173535.1)
                  0000274b    00000003     oled_ui.o (.rodata.str1.11232419324784801130.1)
                  0000274e    00000003     oled_ui.o (.rodata.str1.130772507669342127.1)
                  00002751    00000003     menu.o (.rodata.str1.14098755746347272832.1)
                  00002754    00000003     menu.o (.rodata.str1.17041139162815566052.1)
                  00002757    00000003     oled_ui.o (.rodata.str1.2308938766145545715.1)
                  0000275a    00000003     oled_ui.o (.rodata.str1.3025253791635144717.1)
                  0000275d    00000003     oled_ui.o (.rodata.str1.9854382722193312766.1)

.init_array 
*          0    00000000    00000000     UNINITIALIZED

.binit     0    00000000    00000000     

.bss       0    20200000    0000009e     UNINITIALIZED
                  20200000    00000032     (.common:g_appConfig)
                  20200032    00000002     (.common:g_trackError)
                  20200034    00000020     (.common:g_imuRuntime)
                  20200054    0000001c     (.common:g_appRuntime)
                  20200070    00000006     key.o (.bss.g_key1)
                  20200076    00000006     key.o (.bss.g_key2)
                  2020007c    00000006     key.o (.bss.g_key3)
                  20200082    00000001     oled_ui.o (.bss.OledUi_Update_20ms.refreshDivider)
                  20200083    00000001     empty.o (.bss.SysTick_Handler.controlMsCount)
                  20200084    00000004     encoder.o (.bss.g_motorAPulses)
                  20200088    00000004     encoder.o (.bss.g_motorBPulses)
                  2020008c    00000001     empty.o (.bss.SysTick_Handler.tick100usCount)
                  2020008d    00000001     empty.o (.bss.g_appUpdateDue)
                  2020008e    00000001     car_state.o (.bss.g_carState)
                  2020008f    00000001     motor.o (.bss.g_motorADutyLevel)
                  20200090    00000001     motor.o (.bss.g_motorBDutyLevel)
                  20200091    00000001     oled.o (.bss.g_oledColumn)
                  20200092    00000001     menu.o (.bss.g_oledPage)
                  20200093    00000001     menu.o (.bss.g_paramItem)
                  20200094    00000001     key.o (.bss.g_pendingEvent)
                  20200095    00000001     motor.o (.bss.g_pwmPhase)
                  20200096    00000001     (.common:g_carStateDebug)
                  20200097    00000001     (.common:g_keyEvent)
                  20200098    00000001     (.common:g_oledPageDebug)
                  20200099    00000001     (.common:g_paramItemDebug)
                  2020009a    00000001     (.common:g_trackBlackCount)
                  2020009b    00000001     (.common:g_trackModeDebug)
                  2020009c    00000001     (.common:g_trackRaw)
                  2020009d    00000001     (.common:g_trackTurnDebug)

.stack     0    20207e00    00000200     UNINITIALIZED
                  20207e00    00000004     libc.a : boot_cortex_m.c.obj (.stack)
                  20207e04    000001fc     --HOLE--

__llvm_prf_cnts 
*          0    20200000    00000000     UNINITIALIZED

__llvm_prf_bits 
*          0    20200000    00000000     UNINITIALIZED

MODULE SUMMARY

       Module                         code   ro data   rw data
       ------                         ----   -------   -------
    .\
       oled.o                         2088   355       1      
       imu.o                          1840   0         32     
       car_controller.o               812    47        28     
       oled_ui.o                      768    107       1      
       menu.o                         564    61        2      
       app_config.o                   496    0         50     
       key.o                          436    0         19     
       motor.o                        356    0         3      
       track_sensor.o                 306    0         0      
       ti_msp_dl_config.o             292    0         0      
       app.o                          212    0         10     
       startup_mspm0g350x_ticlang.o   6      192       0      
       empty.o                        188    0         3      
       encoder.o                      144    0         8      
       car_state.o                    60     54        1      
    +--+------------------------------+------+---------+---------+
       Total:                         8568   816       158    
                                                              
    C:/TI/mspm0_sdk_2_05_01_00/source/ti/driverlib/lib/ticlang/m0p/mspm0g1x0x_g3x0x/driverlib.a
       dl_common.o                    10     0         0      
    +--+------------------------------+------+---------+---------+
       Total:                         10     0         0      
                                                              
    D:\TI\CCS\ccs\tools\compiler\ti-cgt-armllvm_4.0.4.LTS\lib\armv6m-ti-none-eabi/c/libc.a
       autoinit.c.obj                 60     0         0      
       boot_cortex_m.c.obj            40     0         0      
       copy_zero_init.c.obj           22     0         0      
       exit.c.obj                     6      0         0      
       pre_init.c.obj                 4      0         0      
    +--+------------------------------+------+---------+---------+
       Total:                         132    0         0      
                                                              
    D:\TI\CCS\ccs\tools\compiler\ti-cgt-armllvm_4.0.4.LTS\lib\armv6m-ti-none-eabi/c/libsysbm.a
       hostexit.c.obj                 4      0         0      
    +--+------------------------------+------+---------+---------+
       Total:                         4      0         0      
                                                              
    D:\TI\CCS\ccs\tools\compiler\ti-cgt-armllvm_4.0.4.LTS\lib\armv6m-ti-none-eabi/libclang_rt.builtins.a
       mulsf3.S.obj                   140    0         0      
       divsf3.S.obj                   130    0         0      
       aeabi_idivmod.S.obj            86     0         0      
       floatsisf.S.obj                60     0         0      
       muldsi3.S.obj                  58     0         0      
       fixsfsi.S.obj                  56     0         0      
       aeabi_div0.c.obj               2      0         0      
    +--+------------------------------+------+---------+---------+
       Total:                         532    0         0      
                                                              
       Stack:                         0      0         512    
       Linker Generated:              0      20        0      
    +--+------------------------------+------+---------+---------+
       Grand Total:                   9246   836       670    


LINKER GENERATED COPY TABLES

__TI_cinit_table @ 0000276c records: 1, size/record: 8, table size: 8
	.bss: load addr=00002760, load size=00000008 bytes, run addr=20200000, run size=0000009e bytes, compression=zero_init


LINKER GENERATED HANDLER TABLE

__TI_handler_table @ 00002768 records: 1, size/record: 4, table size: 4
	index: 0, handler: __TI_zero_init


GLOBAL SYMBOLS: SORTED ALPHABETICALLY BY Name 

address   name                          
-------   ----                          
00001bf7  ADC0_IRQHandler               
00001bf7  ADC1_IRQHandler               
00001bf7  AES_IRQHandler                
000023ed  AppConfig_DecreaseTargetLap   
00002401  AppConfig_IncreaseTargetLap   
00001db1  AppConfig_InitDefault         
00001231  AppConfig_LimitAll            
00002203  App_Init                      
00001911  App_Update_20ms               
000024de  C$$EXIT                       
00001bf7  CANFD0_IRQHandler             
0000245d  CarController_GetRunMode      
00002265  CarController_Init            
00002291  CarController_ResetRuntime    
0000238d  CarController_RunModeToString 
0000069d  CarController_Update_20ms     
00002469  CarState_Get                  
00002475  CarState_Init                 
00002481  CarState_Set                  
000023a5  CarState_ToString             
00001bf7  DAC0_IRQHandler               
000024b1  DL_Common_delayCycles         
00001bf7  DMA_IRQHandler                
00001bf7  Default_Handler               
00001c71  Encoder_HandleGpioInterrupt   
00002369  Encoder_Reset                 
00001bf7  GROUP0_IRQHandler             
00002415  GROUP1_IRQHandler             
000024df  HOSTexit                      
00001bf7  HardFault_Handler             
00001bf7  I2C0_IRQHandler               
00001bf7  I2C1_IRQHandler               
000024d1  Imu_GetRuntime                
00001399  Imu_Init                      
000019b5  Imu_Update                    
0000243d  Key_GetEvent                  
00002235  Key_Init                      
000010bd  Key_Update_20ms               
0000248d  Menu_GetPage                  
00002499  Menu_GetParamItem             
00001e71  Menu_GetParamValue            
00000f25  Menu_HandleKeyEvent           
00002429  Menu_Init                     
000023bd  Menu_ParamItemToString        
000020f5  Motor_Init                    
00001f75  Motor_PwmTick100us            
000017b9  Motor_SetSpeed                
000022bd  Motor_Stop                    
00001bf7  NMI_Handler                   
0000094d  OLED_Clear                    
00001615  OLED_Init                     
00001e11  OLED_PrintBinary7             
000016e9  OLED_PrintChar                
000014d9  OLED_PrintInt16               
000021d1  OLED_PrintString              
0000219d  OLED_SetCursor                
000024a5  OledUi_Init                   
000000c1  OledUi_Update_20ms            
00001bf7  PendSV_Handler                
00001bf7  RTC_IRQHandler                
000024e3  Reset_Handler                 
00001bf7  SPI0_IRQHandler               
00001bf7  SPI1_IRQHandler               
00001bf7  SVC_Handler                   
00001869  SYSCFG_DL_GPIO_init           
00001fc5  SYSCFG_DL_SYSCTL_init         
0000244d  SYSCFG_DL_init                
000022e9  SYSCFG_DL_initPower           
00002005  SysTick_Handler               
00001bf7  TIMA0_IRQHandler              
00001bf7  TIMA1_IRQHandler              
00001bf7  TIMG0_IRQHandler              
00001bf7  TIMG12_IRQHandler             
00001bf7  TIMG6_IRQHandler              
00001bf7  TIMG7_IRQHandler              
00001bf7  TIMG8_IRQHandler              
00002315  TrackSensor_CountBlack        
00002165  TrackSensor_DetectTurn        
00001d49  TrackSensor_GetErrorFromRaw   
00001daf  TrackSensor_Init              
000024bb  TrackSensor_IsCenterDetected  
000024c5  TrackSensor_IsLineLost        
00001f21  TrackSensor_ReadRaw           
00001bf7  UART0_IRQHandler              
00001bf7  UART1_IRQHandler              
00001bf7  UART2_IRQHandler              
00001bf7  UART3_IRQHandler              
20208000  __STACK_END                   
00000200  __STACK_SIZE                  
00000000  __TI_ATRegion0_region_sz      
00000000  __TI_ATRegion0_src_addr       
00000000  __TI_ATRegion0_trg_addr       
00000000  __TI_ATRegion1_region_sz      
00000000  __TI_ATRegion1_src_addr       
00000000  __TI_ATRegion1_trg_addr       
00000000  __TI_ATRegion2_region_sz      
00000000  __TI_ATRegion2_src_addr       
00000000  __TI_ATRegion2_trg_addr       
0000276c  __TI_CINIT_Base               
00002774  __TI_CINIT_Limit              
00002774  __TI_CINIT_Warm               
00002768  __TI_Handler_Table_Base       
0000276c  __TI_Handler_Table_Limit      
0000207d  __TI_auto_init_nobinit_nopinit
ffffffff  __TI_pprof_out_hndl           
ffffffff  __TI_prof_data_size           
ffffffff  __TI_prof_data_start          
00000000  __TI_static_base__            
000023d5  __TI_zero_init_nomemset       
0000212d  __aeabi_f2iz                  
00001b75  __aeabi_fdiv                  
00001ae9  __aeabi_fmul                  
00002041  __aeabi_i2f                   
00001ec9  __aeabi_idiv                  
00001e6f  __aeabi_idiv0                 
00001ec9  __aeabi_idivmod               
ffffffff  __binit__                     
00001b75  __divsf3                      
0000212d  __fixsfsi                     
00002041  __floatsisf                   
UNDEFED   __mpu_init                    
000020b9  __muldsi3                     
00001ae9  __mulsf3                      
20207e00  __stack                       
20200000  __start___llvm_prf_bits       
20200000  __start___llvm_prf_cnts       
20200000  __stop___llvm_prf_bits        
20200000  __stop___llvm_prf_cnts        
00002341  _c_int00_noargs               
UNDEFED   _system_post_cinit            
000024e7  _system_pre_init              
000024d9  abort                         
ffffffff  binit                         
20200000  g_appConfig                   
20200054  g_appRuntime                  
20200096  g_carStateDebug               
20200034  g_imuRuntime                  
20200097  g_keyEvent                    
20200098  g_oledPageDebug               
20200099  g_paramItemDebug              
2020009a  g_trackBlackCount             
20200032  g_trackError                  
2020009b  g_trackModeDebug              
2020009c  g_trackRaw                    
2020009d  g_trackTurnDebug              
00000000  interruptVectors              
00001cdd  main                          


GLOBAL SYMBOLS: SORTED BY Symbol Address 

address   name                          
-------   ----                          
00000000  __TI_ATRegion0_region_sz      
00000000  __TI_ATRegion0_src_addr       
00000000  __TI_ATRegion0_trg_addr       
00000000  __TI_ATRegion1_region_sz      
00000000  __TI_ATRegion1_src_addr       
00000000  __TI_ATRegion1_trg_addr       
00000000  __TI_ATRegion2_region_sz      
00000000  __TI_ATRegion2_src_addr       
00000000  __TI_ATRegion2_trg_addr       
00000000  __TI_static_base__            
00000000  interruptVectors              
000000c1  OledUi_Update_20ms            
00000200  __STACK_SIZE                  
0000069d  CarController_Update_20ms     
0000094d  OLED_Clear                    
00000f25  Menu_HandleKeyEvent           
000010bd  Key_Update_20ms               
00001231  AppConfig_LimitAll            
00001399  Imu_Init                      
000014d9  OLED_PrintInt16               
00001615  OLED_Init                     
000016e9  OLED_PrintChar                
000017b9  Motor_SetSpeed                
00001869  SYSCFG_DL_GPIO_init           
00001911  App_Update_20ms               
000019b5  Imu_Update                    
00001ae9  __aeabi_fmul                  
00001ae9  __mulsf3                      
00001b75  __aeabi_fdiv                  
00001b75  __divsf3                      
00001bf7  ADC0_IRQHandler               
00001bf7  ADC1_IRQHandler               
00001bf7  AES_IRQHandler                
00001bf7  CANFD0_IRQHandler             
00001bf7  DAC0_IRQHandler               
00001bf7  DMA_IRQHandler                
00001bf7  Default_Handler               
00001bf7  GROUP0_IRQHandler             
00001bf7  HardFault_Handler             
00001bf7  I2C0_IRQHandler               
00001bf7  I2C1_IRQHandler               
00001bf7  NMI_Handler                   
00001bf7  PendSV_Handler                
00001bf7  RTC_IRQHandler                
00001bf7  SPI0_IRQHandler               
00001bf7  SPI1_IRQHandler               
00001bf7  SVC_Handler                   
00001bf7  TIMA0_IRQHandler              
00001bf7  TIMA1_IRQHandler              
00001bf7  TIMG0_IRQHandler              
00001bf7  TIMG12_IRQHandler             
00001bf7  TIMG6_IRQHandler              
00001bf7  TIMG7_IRQHandler              
00001bf7  TIMG8_IRQHandler              
00001bf7  UART0_IRQHandler              
00001bf7  UART1_IRQHandler              
00001bf7  UART2_IRQHandler              
00001bf7  UART3_IRQHandler              
00001c71  Encoder_HandleGpioInterrupt   
00001cdd  main                          
00001d49  TrackSensor_GetErrorFromRaw   
00001daf  TrackSensor_Init              
00001db1  AppConfig_InitDefault         
00001e11  OLED_PrintBinary7             
00001e6f  __aeabi_idiv0                 
00001e71  Menu_GetParamValue            
00001ec9  __aeabi_idiv                  
00001ec9  __aeabi_idivmod               
00001f21  TrackSensor_ReadRaw           
00001f75  Motor_PwmTick100us            
00001fc5  SYSCFG_DL_SYSCTL_init         
00002005  SysTick_Handler               
00002041  __aeabi_i2f                   
00002041  __floatsisf                   
0000207d  __TI_auto_init_nobinit_nopinit
000020b9  __muldsi3                     
000020f5  Motor_Init                    
0000212d  __aeabi_f2iz                  
0000212d  __fixsfsi                     
00002165  TrackSensor_DetectTurn        
0000219d  OLED_SetCursor                
000021d1  OLED_PrintString              
00002203  App_Init                      
00002235  Key_Init                      
00002265  CarController_Init            
00002291  CarController_ResetRuntime    
000022bd  Motor_Stop                    
000022e9  SYSCFG_DL_initPower           
00002315  TrackSensor_CountBlack        
00002341  _c_int00_noargs               
00002369  Encoder_Reset                 
0000238d  CarController_RunModeToString 
000023a5  CarState_ToString             
000023bd  Menu_ParamItemToString        
000023d5  __TI_zero_init_nomemset       
000023ed  AppConfig_DecreaseTargetLap   
00002401  AppConfig_IncreaseTargetLap   
00002415  GROUP1_IRQHandler             
00002429  Menu_Init                     
0000243d  Key_GetEvent                  
0000244d  SYSCFG_DL_init                
0000245d  CarController_GetRunMode      
00002469  CarState_Get                  
00002475  CarState_Init                 
00002481  CarState_Set                  
0000248d  Menu_GetPage                  
00002499  Menu_GetParamItem             
000024a5  OledUi_Init                   
000024b1  DL_Common_delayCycles         
000024bb  TrackSensor_IsCenterDetected  
000024c5  TrackSensor_IsLineLost        
000024d1  Imu_GetRuntime                
000024d9  abort                         
000024de  C$$EXIT                       
000024df  HOSTexit                      
000024e3  Reset_Handler                 
000024e7  _system_pre_init              
00002768  __TI_Handler_Table_Base       
0000276c  __TI_CINIT_Base               
0000276c  __TI_Handler_Table_Limit      
00002774  __TI_CINIT_Limit              
00002774  __TI_CINIT_Warm               
20200000  __start___llvm_prf_bits       
20200000  __start___llvm_prf_cnts       
20200000  __stop___llvm_prf_bits        
20200000  __stop___llvm_prf_cnts        
20200000  g_appConfig                   
20200032  g_trackError                  
20200034  g_imuRuntime                  
20200054  g_appRuntime                  
20200096  g_carStateDebug               
20200097  g_keyEvent                    
20200098  g_oledPageDebug               
20200099  g_paramItemDebug              
2020009a  g_trackBlackCount             
2020009b  g_trackModeDebug              
2020009c  g_trackRaw                    
2020009d  g_trackTurnDebug              
20207e00  __stack                       
20208000  __STACK_END                   
ffffffff  __TI_pprof_out_hndl           
ffffffff  __TI_prof_data_size           
ffffffff  __TI_prof_data_start          
ffffffff  __binit__                     
ffffffff  binit                         
UNDEFED   __mpu_init                    
UNDEFED   _system_post_cinit            

[147 symbols]
