******************************************************************************
            TI ARM Clang Linker PC v4.0.4                      
******************************************************************************
>> Linked Mon Jul 13 02:15:29 2026

OUTPUT FILE NAME:   <diansaikaishi.out>
ENTRY POINT SYMBOL: "_c_int00_noargs"  address: 00003f09


MEMORY CONFIGURATION

         name            origin    length      used     unused   attr    fill
----------------------  --------  ---------  --------  --------  ----  --------
  FLASH                 00000000   00020000  00004a98  0001b568  R  X
  SRAM                  20200000   00008000  00000338  00007cc8  RW X
  BCR_CONFIG            41c00000   000000ff  00000000  000000ff  R   
  BSL_CONFIG            41c00100   00000080  00000000  00000080  R   


SEGMENT ALLOCATION MAP

run origin  load origin   length   init length attrs members
----------  ----------- ---------- ----------- ----- -------
00000000    00000000    00004a98   00004a98    r-x
  00000000    00000000    000000c0   000000c0    r-- .intvecs
  000000c0    000000c0    000041d8   000041d8    r-x .text
  00004298    00004298    000007d0   000007d0    r-- .rodata
  00004a68    00004a68    00000030   00000030    r-- .cinit
20200000    20200000    00000138   00000000    rw-
  20200000    20200000    00000137   00000000    rw- .bss
  20200137    20200137    00000001   00000000    rw- .data
20207e00    20207e00    00000200   00000000    rw-
  20207e00    20207e00    00000200   00000000    rw- .stack


SECTION ALLOCATION MAP

 output                                  attributes/
section   page    origin      length       input sections
--------  ----  ----------  ----------   ----------------
.intvecs   0    00000000    000000c0     
                  00000000    000000c0     startup_mspm0g350x_ticlang.o (.intvecs)

.text      0    000000c0    000041d8     
                  000000c0    00000528     oled_ui.o (.text.OledUi_Update_20ms)
                  000005e8    00000454     car_controller.o (.text.CarController_Update_20ms)
                  00000a3c    000002f0     imu.o (.text.mpu6050_read_regs)
                  00000d2c    000002d8     imu.o (.text.Imu_Init)
                  00001004    00000254     oled.o (.text.OLED_Clear)
                  00001258    00000214     imu.o (.text.Imu_CalibrateGyroBias)
                  0000146c    00000208     app_config.o (.text.AppConfig_LimitAll)
                  00001674    000001cc     imu.o (.text.imu_i2c_write_byte)
                  00001840    000001b8     oled.o (.text.oled_i2c_write_byte)
                  000019f8    000001a0     ultrasonic.o (.text.Ultrasonic_Tick100us)
                  00001b98    00000190     menu.o (.text.Menu_HandleKeyEvent)
                  00001d28    00000174     key.o (.text.Key_Update_20ms)
                  00001e9c    00000160     heading_control.o (.text.HeadingControl_Update)
                  00001ffc    0000013c     oled.o (.text.OLED_PrintInt16)
                  00002138    00000134     imu.o (.text.Imu_Update)
                  0000226c    0000012c     imu.o (.text.imu_i2c_recover_bus)
                  00002398    0000011c     motion_action.o (.text.MotionAction_Update_20ms)
                  000024b4    000000f4     mission_manager.o (.text.MissionManager_Update_20ms)
                  000025a8    000000f0     mission_manager.o (.text.MissionManager_SelectNext)
                  00002698    000000e8     motion_action.o (.text.MotionAction_Start)
                  00002780    000000d8     libclang_rt.builtins.a : addsf3.S.obj (.text)
                  00002858    000000d4     mission_manager.o (.text.MissionManager_SelectPrevious)
                  0000292c    000000d4     oled.o (.text.OLED_Init)
                  00002a00    000000d0     oled.o (.text.OLED_PrintChar)
                  00002ad0    000000cc     car_controller.o (.text.handle_turn_90)
                  00002b9c    000000b0     motor.o (.text.Motor_SetSpeed)
                  00002c4c    000000b0     ti_msp_dl_config.o (.text.SYSCFG_DL_GPIO_init)
                  00002cfc    000000ac     app.o (.text.App_Update_20ms)
                  00002da8    000000a2     libclang_rt.builtins.a : udivmoddi4.S.obj (.text)
                  00002e4a    0000009a     libc.a : memcpy16.S.obj (.text:memcpy)
                  00002ee4    00000098     app_config.o (.text.AppConfig_InitDefault)
                  00002f7c    00000098     imu.o (.text.mpu6050_write_reg)
                  00003014    0000008c     libclang_rt.builtins.a : mulsf3.S.obj (.text.__mulsf3)
                  000030a0    00000088     car_controller.o (.text.CarController_StartSeekLine)
                  00003128    00000082     libclang_rt.builtins.a : divsf3.S.obj (.text.__divsf3)
                  000031aa    00000080     mission_library.o (.text.MissionLibrary_Validate)
                  0000322a    00000002     startup_mspm0g350x_ticlang.o (.text.Default_Handler)
                  0000322c    0000007c     libc.a : copy_decompress_lzss.c.obj (.text:decompress:lzss)
                  000032a8    00000078     car_controller.o (.text.CarController_StartFollowLine)
                  00003320    00000078     oled.o (.text.oled_write_command)
                  00003398    0000006e     track_sensor.o (.text.TrackSensor_DetectTurn)
                  00003406    00000002     track_sensor.o (.text.TrackSensor_Init)
                  00003408    0000006c     car_controller.o (.text.CarController_Init)
                  00003474    0000006c     car_controller.o (.text.CarController_ResetRuntime)
                  000034e0    0000006c     car_controller.o (.text.CarController_StartTurnLeft90)
                  0000354c    0000006c     car_controller.o (.text.CarController_StartTurnRight90)
                  000035b8    0000006c     encoder.o (.text.Encoder_HandleGpioInterrupt)
                  00003624    0000006c     empty.o (.text.main)
                  00003690    00000068     mission_manager.o (.text.MissionManager_GetSelectedMissionIndex)
                  000036f8    00000066     track_sensor.o (.text.TrackSensor_GetErrorFromRaw)
                  0000375e    00000002     libclang_rt.builtins.a : aeabi_div0.c.obj (.text.__aeabi_idiv0)
                  00003760    00000062                            : aeabi_fcmp.S.obj (.text.__aeabi_fcmp)
                  000037c2    0000005e     oled.o (.text.OLED_PrintBinary7)
                  00003820    0000005c     menu.o (.text.Menu_GetParamValue)
                  0000387c    0000005c     ultrasonic.o (.text.Ultrasonic_Update_20ms)
                  000038d8    00000056     libclang_rt.builtins.a : aeabi_idivmod.S.obj (.text.__aeabi_idivmod)
                  0000392e    00000002                            : aeabi_div0.c.obj (.text.__aeabi_ldiv0)
                  00003930    00000054     track_sensor.o (.text.TrackSensor_ReadRaw)
                  00003984    00000050     motor.o (.text.Motor_PwmTick100us)
                  000039d4    00000050     ultrasonic.o (.text.Ultrasonic_Init)
                  00003a24    0000004a     app.o (.text.App_Init)
                  00003a6e    00000002     --HOLE-- [fill = 0]
                  00003a70    00000048     mission_manager.o (.text.MissionManager_Init)
                  00003ab8    00000040     ti_msp_dl_config.o (.text.SYSCFG_DL_SYSCTL_init)
                  00003af8    00000040     empty.o (.text.SysTick_Handler)
                  00003b38    00000040     libclang_rt.builtins.a : aeabi_uidivmod.S.obj (.text.__aeabi_uidivmod)
                  00003b78    0000003e                            : divmoddi4.c.obj (.text.__divmoddi4)
                  00003bb6    00000002     --HOLE-- [fill = 0]
                  00003bb8    0000003c     mission_manager.o (.text.MissionManager_Start)
                  00003bf4    0000003c     libclang_rt.builtins.a : floatsisf.S.obj (.text.__floatsisf)
                  00003c30    0000003c                            : comparesf2.S.obj (.text.__gtsf2)
                  00003c6c    0000003c     libc.a : autoinit.c.obj (.text:__TI_auto_init_nobinit_nopinit)
                  00003ca8    0000003a     libclang_rt.builtins.a : comparesf2.S.obj (.text.__eqsf2)
                  00003ce2    00000002     --HOLE-- [fill = 0]
                  00003ce4    0000003a                            : muldsi3.S.obj (.text.__muldsi3)
                  00003d1e    00000002     --HOLE-- [fill = 0]
                  00003d20    00000038     motor.o (.text.Motor_Init)
                  00003d58    00000038     libclang_rt.builtins.a : fixsfsi.S.obj (.text.__fixsfsi)
                  00003d90    00000034     oled.o (.text.OLED_SetCursor)
                  00003dc4    00000032     oled.o (.text.OLED_PrintString)
                  00003df6    00000002     --HOLE-- [fill = 0]
                  00003df8    00000030     key.o (.text.Key_Init)
                  00003e28    00000030     mission_manager.o (.text.MissionManager_Reset)
                  00003e58    0000002c     mission_manager.o (.text.MissionManager_Cancel)
                  00003e84    0000002c     motor.o (.text.Motor_Stop)
                  00003eb0    0000002c     ti_msp_dl_config.o (.text.SYSCFG_DL_initPower)
                  00003edc    0000002c     track_sensor.o (.text.TrackSensor_CountBlack)
                  00003f08    00000028     libc.a : boot_cortex_m.c.obj (.text:_c_int00_noargs)
                  00003f30    00000024     encoder.o (.text.Encoder_Reset)
                  00003f54    00000020     car_controller.o (.text.CarController_Stop)
                  00003f74    00000020     mission_manager.o (.text.MissionManager_Pause)
                  00003f94    00000020     mission_manager.o (.text.MissionManager_Resume)
                  00003fb4    00000020     mission_manager.o (.text.mission_finish_error)
                  00003fd4    0000001e     libclang_rt.builtins.a : ashldi3.S.obj (.text.__ashldi3)
                  00003ff2    00000002     --HOLE-- [fill = 0]
                  00003ff4    0000001c     imu.o (.text.Imu_IsReady)
                  00004010    00000018     car_controller.o (.text.CarController_RunModeToString)
                  00004028    00000018     heading_control.o (.text.HeadingControl_LockCurrentYaw)
                  00004040    00000018     heading_control.o (.text.HeadingControl_SetTargetYaw)
                  00004058    00000018     menu.o (.text.Menu_ParamItemToString)
                  00004070    00000018     motion_action.o (.text.MotionAction_Cancel)
                  00004088    00000016     libc.a : copy_zero_init.c.obj (.text:decompress:ZI:__TI_zero_init_nomemset)
                  0000409e    00000002     --HOLE-- [fill = 0]
                  000040a0    00000014     empty.o (.text.GROUP1_IRQHandler)
                  000040b4    00000014     heading_control.o (.text.HeadingControl_Enable)
                  000040c8    00000014     heading_control.o (.text.HeadingControl_Init)
                  000040dc    00000014     heading_control.o (.text.HeadingControl_Reset)
                  000040f0    00000014     menu.o (.text.Menu_Init)
                  00004104    00000014     mission_library.o (.text.MissionLibrary_FindById)
                  00004118    00000014     mission_library.o (.text.MissionLibrary_GetByIndex)
                  0000412c    00000014     mission_manager.o (.text.MissionManager_GetSelectedMissionId)
                  00004140    00000014     motion_action.o (.text.MotionAction_Init)
                  00004154    00000014     libclang_rt.builtins.a : aeabi_ldivmod.S.obj (.text.__aeabi_ldivmod)
                  00004168    00000012     libc.a : copy_decompress_none.c.obj (.text:decompress:none)
                  0000417a    00000002     --HOLE-- [fill = 0]
                  0000417c    00000010     key.o (.text.Key_GetEvent)
                  0000418c    00000010     ti_msp_dl_config.o (.text.SYSCFG_DL_init)
                  0000419c    0000000c     car_controller.o (.text.CarController_GetRunMode)
                  000041a8    0000000c     car_state.o (.text.CarState_Get)
                  000041b4    0000000c     car_state.o (.text.CarState_Init)
                  000041c0    0000000c     car_state.o (.text.CarState_Set)
                  000041cc    0000000c     imu.o (.text.Imu_GetCorrectedGyroZDps)
                  000041d8    0000000c     imu.o (.text.Imu_GetYaw)
                  000041e4    0000000c     imu.o (.text.Imu_ResetYaw)
                  000041f0    0000000c     menu.o (.text.Menu_GetPage)
                  000041fc    0000000c     menu.o (.text.Menu_GetParamItem)
                  00004208    0000000c     oled_ui.o (.text.OledUi_Init)
                  00004214    0000000a     driverlib.a : dl_common.o (.text.DL_Common_delayCycles)
                  0000421e    0000000a     track_sensor.o (.text.TrackSensor_IsCenterDetected)
                  00004228    0000000a     track_sensor.o (.text.TrackSensor_IsLineDetected)
                  00004232    0000000a     track_sensor.o (.text.TrackSensor_IsLineLost)
                  0000423c    00000008     car_controller.o (.text.CarController_GetFeedback)
                  00004244    00000008     heading_control.o (.text.HeadingControl_GetRuntime)
                  0000424c    00000008     imu.o (.text.Imu_GetRuntime)
                  00004254    00000008     mission_manager.o (.text.MissionManager_GetMissionCount)
                  0000425c    00000008     mission_manager.o (.text.MissionManager_GetRuntime)
                  00004264    00000008     motion_action.o (.text.MotionAction_GetRuntime)
                  0000426c    00000008     ultrasonic.o (.text.Ultrasonic_GetFeedback)
                  00004274    00000008     libclang_rt.builtins.a : aeabi_memcpy.S.obj (.text.__aeabi_memcpy)
                  0000427c    00000006     libc.a : exit.c.obj (.text:abort)
                  00004282    00000004     libsysbm.a : hostexit.c.obj (.text.HOSTexit)
                  00004286    00000004     mission_library.o (.text.MissionLibrary_GetCount)
                  0000428a    00000004     startup_mspm0g350x_ticlang.o (.text.Reset_Handler)
                  0000428e    00000004     libc.a : pre_init.c.obj (.text._system_pre_init)
                  00004292    00000006     --HOLE-- [fill = 0]

.cinit     0    00004a68    00000030     
                  00004a68    0000000c     (__TI_handler_table)
                  00004a74    00000008     (.cinit..bss.load) [load image, compression = zero_init]
                  00004a7c    00000005     (.cinit..data.load) [load image, compression = lzss]
                  00004a81    00000003     --HOLE-- [fill = 0]
                  00004a84    00000010     (__TI_cinit_table)
                  00004a94    00000004     --HOLE-- [fill = 0]

.rodata    0    00004298    000007d0     
                  00004298    000000d8     oled.o (.rodata..Lswitch.table.OLED_PrintChar)
                  00004370    000000a8     mission_library.o (.rodata.g_missionMapA)
                  00004418    000000a8     mission_library.o (.rodata.g_missionMapB)
                  000044c0    00000090     mission_library.o (.rodata.g_missionRegistry)
                  00004550    00000078     mission_library.o (.rodata.g_missionMapC)
                  000045c8    00000078     mission_library.o (.rodata.g_missionTestRight90Turn)
                  00004640    00000078     mission_library.o (.rodata.g_missionTestSeekFollow)
                  000046b8    00000048     mission_library.o (.rodata.g_missionLegacy)
                  00004700    00000048     mission_library.o (.rodata.g_missionTestRight90Stop)
                  00004748    00000048     mission_library.o (.rodata.g_missionTestSeekThenFollow)
                  00004790    00000034     mission_library.o (.rodata..Lswitch.table.MissionLibrary_FindById)
                  000047c4    00000030     mission_library.o (.rodata.g_missionTestSeekThenStop)
                  000047f4    0000001c     menu.o (.rodata..Lswitch.table.Menu_ParamItemToString)
                  00004810    00000018     oled_ui.o (.rodata..Lswitch.table.OledUi_Update_20ms.46)
                  00004828    00000018     oled_ui.o (.rodata..Lswitch.table.OledUi_Update_20ms)
                  00004840    00000014     car_controller.o (.rodata..Lswitch.table.CarController_RunModeToString)
                  00004854    0000000b     mission_library.o (.rodata.str1.1440970855772709381.1)
                  0000485f    0000000a     mission_library.o (.rodata.str1.11682660667400632204.1)
                  00004869    0000000a     mission_library.o (.rodata.str1.15604890807705439409.1)
                  00004873    00000009     mission_library.o (.rodata.str1.15668266851434757964.1)
                  0000487c    00000009     oled_ui.o (.rodata.str1.18266126048138325213.1)
                  00004885    00000008     mission_library.o (.rodata.str1.13636476544574750902.1)
                  0000488d    00000007     mission_library.o (.rodata.str1.199678142196697465.1)
                  00004894    00000007     oled_ui.o (.rodata.str1.9544068167406571052.1)
                  0000489b    00000006     oled_ui.o (.rodata.str1.1445687256832830955.1)
                  000048a1    00000006     oled_ui.o (.rodata.str1.15008238333949226094.1)
                  000048a7    00000006     oled_ui.o (.rodata.str1.15817398807211891688.1)
                  000048ad    00000006     oled_ui.o (.rodata.str1.16411631209783952401.1)
                  000048b3    00000006     mission_library.o (.rodata.str1.1642528554392422750.1)
                  000048b9    00000006     oled_ui.o (.rodata.str1.17540787658903907660.1)
                  000048bf    00000006     oled_ui.o (.rodata.str1.18379317056176403938.1)
                  000048c5    00000006     mission_library.o (.rodata.str1.4251661066630729623.1)
                  000048cb    00000006     mission_library.o (.rodata.str1.4392264057376583881.1)
                  000048d1    00000006     oled_ui.o (.rodata.str1.5965450730569173784.1)
                  000048d7    00000005     oled.o (.rodata.oled_get_glyph.colon)
                  000048dc    00000005     oled.o (.rodata.oled_get_glyph.eight)
                  000048e1    00000005     oled.o (.rodata.oled_get_glyph.five)
                  000048e6    00000005     oled.o (.rodata.oled_get_glyph.four)
                  000048eb    00000005     oled.o (.rodata.oled_get_glyph.glyphA)
                  000048f0    00000005     oled.o (.rodata.oled_get_glyph.glyphB)
                  000048f5    00000005     oled.o (.rodata.oled_get_glyph.glyphC)
                  000048fa    00000005     oled.o (.rodata.oled_get_glyph.glyphD)
                  000048ff    00000005     oled.o (.rodata.oled_get_glyph.glyphE)
                  00004904    00000005     oled.o (.rodata.oled_get_glyph.glyphG)
                  00004909    00000005     oled.o (.rodata.oled_get_glyph.glyphH)
                  0000490e    00000005     oled.o (.rodata.oled_get_glyph.glyphI)
                  00004913    00000005     oled.o (.rodata.oled_get_glyph.glyphK)
                  00004918    00000005     oled.o (.rodata.oled_get_glyph.glyphL)
                  0000491d    00000005     oled.o (.rodata.oled_get_glyph.glyphM)
                  00004922    00000005     oled.o (.rodata.oled_get_glyph.glyphN)
                  00004927    00000005     oled.o (.rodata.oled_get_glyph.glyphO)
                  0000492c    00000005     oled.o (.rodata.oled_get_glyph.glyphP)
                  00004931    00000005     oled.o (.rodata.oled_get_glyph.glyphR)
                  00004936    00000005     oled.o (.rodata.oled_get_glyph.glyphS)
                  0000493b    00000005     oled.o (.rodata.oled_get_glyph.glyphT)
                  00004940    00000005     oled.o (.rodata.oled_get_glyph.glyphU)
                  00004945    00000005     oled.o (.rodata.oled_get_glyph.glyphV)
                  0000494a    00000005     oled.o (.rodata.oled_get_glyph.glyphW)
                  0000494f    00000005     oled.o (.rodata.oled_get_glyph.glyphX)
                  00004954    00000005     oled.o (.rodata.oled_get_glyph.glyphY)
                  00004959    00000005     oled.o (.rodata.oled_get_glyph.glyphb)
                  0000495e    00000005     oled.o (.rodata.oled_get_glyph.gt)
                  00004963    00000005     oled.o (.rodata.oled_get_glyph.minus)
                  00004968    00000005     oled.o (.rodata.oled_get_glyph.nine)
                  0000496d    00000005     oled.o (.rodata.oled_get_glyph.one)
                  00004972    00000005     oled.o (.rodata.oled_get_glyph.seven)
                  00004977    00000005     oled.o (.rodata.oled_get_glyph.six)
                  0000497c    00000005     oled.o (.rodata.oled_get_glyph.space)
                  00004981    00000005     oled.o (.rodata.oled_get_glyph.three)
                  00004986    00000005     oled.o (.rodata.oled_get_glyph.two)
                  0000498b    00000005     oled.o (.rodata.oled_get_glyph.zero)
                  00004990    00000005     oled_ui.o (.rodata.str1.1108652269057166745.1)
                  00004995    00000005     oled_ui.o (.rodata.str1.13567883086814673087.1)
                  0000499a    00000005     oled_ui.o (.rodata.str1.13790669171379415506.1)
                  0000499f    00000005     oled_ui.o (.rodata.str1.13882251010780863896.1)
                  000049a4    00000005     oled_ui.o (.rodata.str1.14134189893851348960.1)
                  000049a9    00000005     oled_ui.o (.rodata.str1.14358698208395374265.1)
                  000049ae    00000005     oled_ui.o (.rodata.str1.15577080202403550426.1)
                  000049b3    00000005     oled_ui.o (.rodata.str1.15917848551323629232.1)
                  000049b8    00000005     oled_ui.o (.rodata.str1.17274519358952562110.1)
                  000049bd    00000005     car_controller.o (.rodata.str1.18191498530309206443.1)
                  000049c2    00000005     oled_ui.o (.rodata.str1.270145429241168923.1)
                  000049c7    00000005     car_controller.o (.rodata.str1.4164979912472006574.1)
                  000049cc    00000005     oled_ui.o (.rodata.str1.4402311448527872260.1)
                  000049d1    00000005     oled_ui.o (.rodata.str1.4581472623415959594.1)
                  000049d6    00000005     menu.o (.rodata.str1.4862307748908978627.1)
                  000049db    00000005     oled_ui.o (.rodata.str1.7219546930854689545.1)
                  000049e0    00000005     oled_ui.o (.rodata.str1.8236579331345056500.1)
                  000049e5    00000005     oled_ui.o (.rodata.str1.8426569189266129334.1)
                  000049ea    00000005     oled_ui.o (.rodata.str1.8783421139296713095.1)
                  000049ef    00000005     car_controller.o (.rodata.str1.9981487771679760427.1)
                  000049f4    00000004     oled_ui.o (.rodata.str1.1019225241002246410.1)
                  000049f8    00000004     oled_ui.o (.rodata.str1.10416366799939242409.1)
                  000049fc    00000004     menu.o (.rodata.str1.12110183915172842339.1)
                  00004a00    00000004     car_controller.o (.rodata.str1.12442237994239546032.1)
                  00004a04    00000004     oled_ui.o (.rodata.str1.130772507669342127.1)
                  00004a08    00000004     menu.o (.rodata.str1.13124720451672825294.1)
                  00004a0c    00000004     menu.o (.rodata.str1.14098755746347272832.1)
                  00004a10    00000004     oled_ui.o (.rodata.str1.15859922799842739878.1)
                  00004a14    00000004     menu.o (.rodata.str1.16312125044762562515.1)
                  00004a18    00000004     oled_ui.o (.rodata.str1.16526439943277383452.1)
                  00004a1c    00000004     oled_ui.o (.rodata.str1.16849766574302683489.1)
                  00004a20    00000004     menu.o (.rodata.str1.17041139162815566052.1)
                  00004a24    00000004     car_controller.o (.rodata.str1.17172356789460551389.1)
                  00004a28    00000004     oled_ui.o (.rodata.str1.17884296644359297425.1)
                  00004a2c    00000004     oled_ui.o (.rodata.str1.2308938766145545715.1)
                  00004a30    00000004     oled_ui.o (.rodata.str1.3025253791635144717.1)
                  00004a34    00000004     oled_ui.o (.rodata.str1.3407221357956504873.1)
                  00004a38    00000004     oled_ui.o (.rodata.str1.3455423528827705371.1)
                  00004a3c    00000004     oled_ui.o (.rodata.str1.3702290527496711532.1)
                  00004a40    00000004     oled_ui.o (.rodata.str1.5853739094453432564.1)
                  00004a44    00000004     oled_ui.o (.rodata.str1.9159586779647977165.1)
                  00004a48    00000004     car_controller.o (.rodata.str1.9234375891235759983.1)
                  00004a4c    00000004     oled_ui.o (.rodata.str1.967006512144173535.1)
                  00004a50    00000003     oled_ui.o (.rodata.str1.11232419324784801130.1)
                  00004a53    00000003     oled_ui.o (.rodata.str1.13244290092665904221.1)
                  00004a56    00000003     oled_ui.o (.rodata.str1.14556837007311414654.1)
                  00004a59    00000003     oled_ui.o (.rodata.str1.16931641404301806744.1)
                  00004a5c    00000003     oled_ui.o (.rodata.str1.17812014771544466701.1)
                  00004a5f    00000003     menu.o (.rodata.str1.4646809750356241979.1)
                  00004a62    00000003     menu.o (.rodata.str1.6857549598058878762.1)
                  00004a65    00000003     oled_ui.o (.rodata.str1.9854382722193312766.1)

.init_array 
*          0    00000000    00000000     UNINITIALIZED

.binit     0    00000000    00000000     

.bss       0    20200000    00000137     UNINITIALIZED
                  20200000    0000004c     (.common:g_appConfig)
                  2020004c    00000028     (.common:g_appRuntime)
                  20200074    00000028     (.common:g_imuRuntime)
                  2020009c    0000001c     mission_manager.o (.bss.g_missionRuntime)
                  202000b8    00000014     (.common:g_headingRuntime)
                  202000cc    00000010     motion_action.o (.bss.g_motionActionRuntime)
                  202000dc    0000000e     car_controller.o (.bss.g_carControllerFeedback)
                  202000ea    00000002     ultrasonic.o (.bss.g_echoTicks)
                  202000ec    0000000e     ultrasonic.o (.bss.g_ultrasonicFeedback)
                  202000fa    00000006     ultrasonic.o (.bss.g_distanceSamples)
                  20200100    00000006     key.o (.bss.g_key1)
                  20200106    00000006     key.o (.bss.g_key2)
                  2020010c    00000006     key.o (.bss.g_key3)
                  20200112    00000002     ultrasonic.o (.bss.g_stateTicks)
                  20200114    00000004     encoder.o (.bss.g_motorAPulses)
                  20200118    00000004     encoder.o (.bss.g_motorBPulses)
                  2020011c    00000002     (.common:g_trackError)
                  2020011e    00000001     oled_ui.o (.bss.OledUi_Update_20ms.refreshDivider)
                  2020011f    00000001     empty.o (.bss.SysTick_Handler.controlMsCount)
                  20200120    00000001     empty.o (.bss.SysTick_Handler.tick100usCount)
                  20200121    00000001     ultrasonic.o (.bss.Ultrasonic_Update_20ms.triggerDivider)
                  20200122    00000001     empty.o (.bss.g_appUpdateDue)
                  20200123    00000001     car_state.o (.bss.g_carState)
                  20200124    00000001     ultrasonic.o (.bss.g_distanceSampleCount)
                  20200125    00000001     ultrasonic.o (.bss.g_distanceSampleIndex)
                  20200126    00000001     motor.o (.bss.g_motorADutyLevel)
                  20200127    00000001     motor.o (.bss.g_motorBDutyLevel)
                  20200128    00000001     oled.o (.bss.g_oledColumn)
                  20200129    00000001     menu.o (.bss.g_oledPage)
                  2020012a    00000001     menu.o (.bss.g_paramItem)
                  2020012b    00000001     key.o (.bss.g_pendingEvent)
                  2020012c    00000001     motor.o (.bss.g_pwmPhase)
                  2020012d    00000001     ultrasonic.o (.bss.g_triggerRequest)
                  2020012e    00000001     ultrasonic.o (.bss.g_ultrasonicState)
                  2020012f    00000001     (.common:g_carStateDebug)
                  20200130    00000001     (.common:g_keyEvent)
                  20200131    00000001     (.common:g_oledPageDebug)
                  20200132    00000001     (.common:g_paramItemDebug)
                  20200133    00000001     (.common:g_trackBlackCount)
                  20200134    00000001     (.common:g_trackModeDebug)
                  20200135    00000001     (.common:g_trackRaw)
                  20200136    00000001     (.common:g_trackTurnDebug)

.data      0    20200137    00000001     UNINITIALIZED
                  20200137    00000001     car_controller.o (.data.g_followTurnPolicy)

.stack     0    20207e00    00000200     UNINITIALIZED
                  20207e00    00000004     libc.a : boot_cortex_m.c.obj (.stack)
                  20207e04    000001fc     --HOLE--

__llvm_prf_cnts 
*          0    20200000    00000000     UNINITIALIZED

__llvm_prf_bits 
*          0    20200000    00000000     UNINITIALIZED

MODULE SUMMARY

       Module                         code    ro data   rw data
       ------                         ----    -------   -------
    .\
       imu.o                          3304    0         40     
       oled.o                         2088    401       1      
       car_controller.o               2076    47        55     
       oled_ui.o                      1332    264       1      
       mission_library.o              172     1229      0      
       mission_manager.o              1156    0         28     
       app_config.o                   672     0         76     
       ultrasonic.o                   596     0         29     
       menu.o                         560     59        2      
       motion_action.o                568     0         16     
       heading_control.o              468     0         20     
       key.o                          436     0         19     
       track_sensor.o                 372     0         0      
       motor.o                        356     0         3      
       ti_msp_dl_config.o             300     0         0      
       app.o                          246     0         10     
       startup_mspm0g350x_ticlang.o   6       192       0      
       empty.o                        192     0         3      
       encoder.o                      144     0         8      
       car_state.o                    36      0         1      
    +--+------------------------------+-------+---------+---------+
       Total:                         15080   2192      312    
                                                               
    C:/TI/mspm0_sdk_2_05_01_00/source/ti/driverlib/lib/ticlang/m0p/mspm0g1x0x_g3x0x/driverlib.a
       dl_common.o                    10      0         0      
    +--+------------------------------+-------+---------+---------+
       Total:                         10      0         0      
                                                               
    D:\TI\CCS\ccs\tools\compiler\ti-cgt-armllvm_4.0.4.LTS\lib\armv6m-ti-none-eabi/c/libc.a
       memcpy16.S.obj                 154     0         0      
       copy_decompress_lzss.c.obj     124     0         0      
       autoinit.c.obj                 60      0         0      
       boot_cortex_m.c.obj            40      0         0      
       copy_zero_init.c.obj           22      0         0      
       copy_decompress_none.c.obj     18      0         0      
       exit.c.obj                     6       0         0      
       pre_init.c.obj                 4       0         0      
    +--+------------------------------+-------+---------+---------+
       Total:                         428     0         0      
                                                               
    D:\TI\CCS\ccs\tools\compiler\ti-cgt-armllvm_4.0.4.LTS\lib\armv6m-ti-none-eabi/c/libsysbm.a
       hostexit.c.obj                 4       0         0      
    +--+------------------------------+-------+---------+---------+
       Total:                         4       0         0      
                                                               
    D:\TI\CCS\ccs\tools\compiler\ti-cgt-armllvm_4.0.4.LTS\lib\armv6m-ti-none-eabi/libclang_rt.builtins.a
       addsf3.S.obj                   216     0         0      
       udivmoddi4.S.obj               162     0         0      
       mulsf3.S.obj                   140     0         0      
       divsf3.S.obj                   130     0         0      
       comparesf2.S.obj               118     0         0      
       aeabi_fcmp.S.obj               98      0         0      
       aeabi_idivmod.S.obj            86      0         0      
       aeabi_uidivmod.S.obj           64      0         0      
       divmoddi4.c.obj                62      0         0      
       floatsisf.S.obj                60      0         0      
       muldsi3.S.obj                  58      0         0      
       fixsfsi.S.obj                  56      0         0      
       ashldi3.S.obj                  30      0         0      
       aeabi_ldivmod.S.obj            20      0         0      
       aeabi_memcpy.S.obj             8       0         0      
       aeabi_div0.c.obj               4       0         0      
    +--+------------------------------+-------+---------+---------+
       Total:                         1312    0         0      
                                                               
       Stack:                         0       0         512    
       Linker Generated:              0       41        0      
    +--+------------------------------+-------+---------+---------+
       Grand Total:                   16834   2233      824    


LINKER GENERATED COPY TABLES

__TI_cinit_table @ 00004a84 records: 2, size/record: 8, table size: 16
	.bss: load addr=00004a74, load size=00000008 bytes, run addr=20200000, run size=00000137 bytes, compression=zero_init
	.data: load addr=00004a7c, load size=00000005 bytes, run addr=20200137, run size=00000001 bytes, compression=lzss


LINKER GENERATED HANDLER TABLE

__TI_handler_table @ 00004a68 records: 3, size/record: 4, table size: 12
	index: 0, handler: __TI_decompress_lzss
	index: 1, handler: __TI_decompress_none
	index: 2, handler: __TI_zero_init


GLOBAL SYMBOLS: SORTED ALPHABETICALLY BY Name 

address   name                                  
-------   ----                                  
0000322b  ADC0_IRQHandler                       
0000322b  ADC1_IRQHandler                       
0000322b  AES_IRQHandler                        
00002ee5  AppConfig_InitDefault                 
0000146d  AppConfig_LimitAll                    
00003a25  App_Init                              
00002cfd  App_Update_20ms                       
00004282  C$$EXIT                               
0000322b  CANFD0_IRQHandler                     
0000423d  CarController_GetFeedback             
0000419d  CarController_GetRunMode              
00003409  CarController_Init                    
00003475  CarController_ResetRuntime            
00004011  CarController_RunModeToString         
000032a9  CarController_StartFollowLine         
000030a1  CarController_StartSeekLine           
000034e1  CarController_StartTurnLeft90         
0000354d  CarController_StartTurnRight90        
00003f55  CarController_Stop                    
000005e9  CarController_Update_20ms             
000041a9  CarState_Get                          
000041b5  CarState_Init                         
000041c1  CarState_Set                          
0000322b  DAC0_IRQHandler                       
00004215  DL_Common_delayCycles                 
0000322b  DMA_IRQHandler                        
0000322b  Default_Handler                       
000035b9  Encoder_HandleGpioInterrupt           
00003f31  Encoder_Reset                         
0000322b  GROUP0_IRQHandler                     
000040a1  GROUP1_IRQHandler                     
00004283  HOSTexit                              
0000322b  HardFault_Handler                     
000040b5  HeadingControl_Enable                 
00004245  HeadingControl_GetRuntime             
000040c9  HeadingControl_Init                   
00004029  HeadingControl_LockCurrentYaw         
000040dd  HeadingControl_Reset                  
00004041  HeadingControl_SetTargetYaw           
00001e9d  HeadingControl_Update                 
0000322b  I2C0_IRQHandler                       
0000322b  I2C1_IRQHandler                       
00001259  Imu_CalibrateGyroBias                 
000041cd  Imu_GetCorrectedGyroZDps              
0000424d  Imu_GetRuntime                        
000041d9  Imu_GetYaw                            
00000d2d  Imu_Init                              
00003ff5  Imu_IsReady                           
000041e5  Imu_ResetYaw                          
00002139  Imu_Update                            
0000417d  Key_GetEvent                          
00003df9  Key_Init                              
00001d29  Key_Update_20ms                       
000041f1  Menu_GetPage                          
000041fd  Menu_GetParamItem                     
00003821  Menu_GetParamValue                    
00001b99  Menu_HandleKeyEvent                   
000040f1  Menu_Init                             
00004059  Menu_ParamItemToString                
00004105  MissionLibrary_FindById               
00004119  MissionLibrary_GetByIndex             
00004287  MissionLibrary_GetCount               
000031ab  MissionLibrary_Validate               
00003e59  MissionManager_Cancel                 
00004255  MissionManager_GetMissionCount        
0000425d  MissionManager_GetRuntime             
0000412d  MissionManager_GetSelectedMissionId   
00003691  MissionManager_GetSelectedMissionIndex
00003a71  MissionManager_Init                   
00003f75  MissionManager_Pause                  
00003e29  MissionManager_Reset                  
00003f95  MissionManager_Resume                 
000025a9  MissionManager_SelectNext             
00002859  MissionManager_SelectPrevious         
00003bb9  MissionManager_Start                  
000024b5  MissionManager_Update_20ms            
00004071  MotionAction_Cancel                   
00004265  MotionAction_GetRuntime               
00004141  MotionAction_Init                     
00002699  MotionAction_Start                    
00002399  MotionAction_Update_20ms              
00003d21  Motor_Init                            
00003985  Motor_PwmTick100us                    
00002b9d  Motor_SetSpeed                        
00003e85  Motor_Stop                            
0000322b  NMI_Handler                           
00001005  OLED_Clear                            
0000292d  OLED_Init                             
000037c3  OLED_PrintBinary7                     
00002a01  OLED_PrintChar                        
00001ffd  OLED_PrintInt16                       
00003dc5  OLED_PrintString                      
00003d91  OLED_SetCursor                        
00004209  OledUi_Init                           
000000c1  OledUi_Update_20ms                    
0000322b  PendSV_Handler                        
0000322b  RTC_IRQHandler                        
0000428b  Reset_Handler                         
0000322b  SPI0_IRQHandler                       
0000322b  SPI1_IRQHandler                       
0000322b  SVC_Handler                           
00002c4d  SYSCFG_DL_GPIO_init                   
00003ab9  SYSCFG_DL_SYSCTL_init                 
0000418d  SYSCFG_DL_init                        
00003eb1  SYSCFG_DL_initPower                   
00003af9  SysTick_Handler                       
0000322b  TIMA0_IRQHandler                      
0000322b  TIMA1_IRQHandler                      
0000322b  TIMG0_IRQHandler                      
0000322b  TIMG12_IRQHandler                     
0000322b  TIMG6_IRQHandler                      
0000322b  TIMG7_IRQHandler                      
0000322b  TIMG8_IRQHandler                      
00003edd  TrackSensor_CountBlack                
00003399  TrackSensor_DetectTurn                
000036f9  TrackSensor_GetErrorFromRaw           
00003407  TrackSensor_Init                      
0000421f  TrackSensor_IsCenterDetected          
00004229  TrackSensor_IsLineDetected            
00004233  TrackSensor_IsLineLost                
00003931  TrackSensor_ReadRaw                   
0000322b  UART0_IRQHandler                      
0000322b  UART1_IRQHandler                      
0000322b  UART2_IRQHandler                      
0000322b  UART3_IRQHandler                      
0000426d  Ultrasonic_GetFeedback                
000039d5  Ultrasonic_Init                       
000019f9  Ultrasonic_Tick100us                  
0000387d  Ultrasonic_Update_20ms                
20208000  __STACK_END                           
00000200  __STACK_SIZE                          
00000000  __TI_ATRegion0_region_sz              
00000000  __TI_ATRegion0_src_addr               
00000000  __TI_ATRegion0_trg_addr               
00000000  __TI_ATRegion1_region_sz              
00000000  __TI_ATRegion1_src_addr               
00000000  __TI_ATRegion1_trg_addr               
00000000  __TI_ATRegion2_region_sz              
00000000  __TI_ATRegion2_src_addr               
00000000  __TI_ATRegion2_trg_addr               
00004a84  __TI_CINIT_Base                       
00004a94  __TI_CINIT_Limit                      
00004a94  __TI_CINIT_Warm                       
00004a68  __TI_Handler_Table_Base               
00004a74  __TI_Handler_Table_Limit              
00003c6d  __TI_auto_init_nobinit_nopinit        
0000322d  __TI_decompress_lzss                  
00004169  __TI_decompress_none                  
ffffffff  __TI_pprof_out_hndl                   
ffffffff  __TI_prof_data_size                   
ffffffff  __TI_prof_data_start                  
00000000  __TI_static_base__                    
00004089  __TI_zero_init_nomemset               
0000278b  __addsf3                              
00003d59  __aeabi_f2iz                          
0000278b  __aeabi_fadd                          
00003761  __aeabi_fcmpeq                        
0000379d  __aeabi_fcmpge                        
000037b1  __aeabi_fcmpgt                        
00003789  __aeabi_fcmple                        
00003775  __aeabi_fcmplt                        
00003129  __aeabi_fdiv                          
00003015  __aeabi_fmul                          
00002781  __aeabi_fsub                          
00003bf5  __aeabi_i2f                           
000038d9  __aeabi_idiv                          
0000375f  __aeabi_idiv0                         
000038d9  __aeabi_idivmod                       
0000392f  __aeabi_ldiv0                         
00004155  __aeabi_ldivmod                       
00003fd5  __aeabi_llsl                          
00004275  __aeabi_memcpy                        
00004275  __aeabi_memcpy4                       
00004275  __aeabi_memcpy8                       
00003b39  __aeabi_uidiv                         
00003b39  __aeabi_uidivmod                      
00003fd5  __ashldi3                             
ffffffff  __binit__                             
00003ca9  __cmpsf2                              
00003b79  __divmoddi4                           
00003129  __divsf3                              
00003ca9  __eqsf2                               
00003d59  __fixsfsi                             
00003bf5  __floatsisf                           
00003c31  __gesf2                               
00003c31  __gtsf2                               
00003ca9  __lesf2                               
00003ca9  __ltsf2                               
UNDEFED   __mpu_init                            
00003ce5  __muldsi3                             
00003015  __mulsf3                              
00003ca9  __nesf2                               
20207e00  __stack                               
20200000  __start___llvm_prf_bits               
20200000  __start___llvm_prf_cnts               
20200000  __stop___llvm_prf_bits                
20200000  __stop___llvm_prf_cnts                
00002781  __subsf3                              
00002da9  __udivmoddi4                          
00003f09  _c_int00_noargs                       
UNDEFED   _system_post_cinit                    
0000428f  _system_pre_init                      
0000427d  abort                                 
ffffffff  binit                                 
20200000  g_appConfig                           
2020004c  g_appRuntime                          
2020012f  g_carStateDebug                       
202000b8  g_headingRuntime                      
20200074  g_imuRuntime                          
20200130  g_keyEvent                            
20200131  g_oledPageDebug                       
20200132  g_paramItemDebug                      
20200133  g_trackBlackCount                     
2020011c  g_trackError                          
20200134  g_trackModeDebug                      
20200135  g_trackRaw                            
20200136  g_trackTurnDebug                      
00000000  interruptVectors                      
00003625  main                                  
00002e4b  memcpy                                


GLOBAL SYMBOLS: SORTED BY Symbol Address 

address   name                                  
-------   ----                                  
00000000  __TI_ATRegion0_region_sz              
00000000  __TI_ATRegion0_src_addr               
00000000  __TI_ATRegion0_trg_addr               
00000000  __TI_ATRegion1_region_sz              
00000000  __TI_ATRegion1_src_addr               
00000000  __TI_ATRegion1_trg_addr               
00000000  __TI_ATRegion2_region_sz              
00000000  __TI_ATRegion2_src_addr               
00000000  __TI_ATRegion2_trg_addr               
00000000  __TI_static_base__                    
00000000  interruptVectors                      
000000c1  OledUi_Update_20ms                    
00000200  __STACK_SIZE                          
000005e9  CarController_Update_20ms             
00000d2d  Imu_Init                              
00001005  OLED_Clear                            
00001259  Imu_CalibrateGyroBias                 
0000146d  AppConfig_LimitAll                    
000019f9  Ultrasonic_Tick100us                  
00001b99  Menu_HandleKeyEvent                   
00001d29  Key_Update_20ms                       
00001e9d  HeadingControl_Update                 
00001ffd  OLED_PrintInt16                       
00002139  Imu_Update                            
00002399  MotionAction_Update_20ms              
000024b5  MissionManager_Update_20ms            
000025a9  MissionManager_SelectNext             
00002699  MotionAction_Start                    
00002781  __aeabi_fsub                          
00002781  __subsf3                              
0000278b  __addsf3                              
0000278b  __aeabi_fadd                          
00002859  MissionManager_SelectPrevious         
0000292d  OLED_Init                             
00002a01  OLED_PrintChar                        
00002b9d  Motor_SetSpeed                        
00002c4d  SYSCFG_DL_GPIO_init                   
00002cfd  App_Update_20ms                       
00002da9  __udivmoddi4                          
00002e4b  memcpy                                
00002ee5  AppConfig_InitDefault                 
00003015  __aeabi_fmul                          
00003015  __mulsf3                              
000030a1  CarController_StartSeekLine           
00003129  __aeabi_fdiv                          
00003129  __divsf3                              
000031ab  MissionLibrary_Validate               
0000322b  ADC0_IRQHandler                       
0000322b  ADC1_IRQHandler                       
0000322b  AES_IRQHandler                        
0000322b  CANFD0_IRQHandler                     
0000322b  DAC0_IRQHandler                       
0000322b  DMA_IRQHandler                        
0000322b  Default_Handler                       
0000322b  GROUP0_IRQHandler                     
0000322b  HardFault_Handler                     
0000322b  I2C0_IRQHandler                       
0000322b  I2C1_IRQHandler                       
0000322b  NMI_Handler                           
0000322b  PendSV_Handler                        
0000322b  RTC_IRQHandler                        
0000322b  SPI0_IRQHandler                       
0000322b  SPI1_IRQHandler                       
0000322b  SVC_Handler                           
0000322b  TIMA0_IRQHandler                      
0000322b  TIMA1_IRQHandler                      
0000322b  TIMG0_IRQHandler                      
0000322b  TIMG12_IRQHandler                     
0000322b  TIMG6_IRQHandler                      
0000322b  TIMG7_IRQHandler                      
0000322b  TIMG8_IRQHandler                      
0000322b  UART0_IRQHandler                      
0000322b  UART1_IRQHandler                      
0000322b  UART2_IRQHandler                      
0000322b  UART3_IRQHandler                      
0000322d  __TI_decompress_lzss                  
000032a9  CarController_StartFollowLine         
00003399  TrackSensor_DetectTurn                
00003407  TrackSensor_Init                      
00003409  CarController_Init                    
00003475  CarController_ResetRuntime            
000034e1  CarController_StartTurnLeft90         
0000354d  CarController_StartTurnRight90        
000035b9  Encoder_HandleGpioInterrupt           
00003625  main                                  
00003691  MissionManager_GetSelectedMissionIndex
000036f9  TrackSensor_GetErrorFromRaw           
0000375f  __aeabi_idiv0                         
00003761  __aeabi_fcmpeq                        
00003775  __aeabi_fcmplt                        
00003789  __aeabi_fcmple                        
0000379d  __aeabi_fcmpge                        
000037b1  __aeabi_fcmpgt                        
000037c3  OLED_PrintBinary7                     
00003821  Menu_GetParamValue                    
0000387d  Ultrasonic_Update_20ms                
000038d9  __aeabi_idiv                          
000038d9  __aeabi_idivmod                       
0000392f  __aeabi_ldiv0                         
00003931  TrackSensor_ReadRaw                   
00003985  Motor_PwmTick100us                    
000039d5  Ultrasonic_Init                       
00003a25  App_Init                              
00003a71  MissionManager_Init                   
00003ab9  SYSCFG_DL_SYSCTL_init                 
00003af9  SysTick_Handler                       
00003b39  __aeabi_uidiv                         
00003b39  __aeabi_uidivmod                      
00003b79  __divmoddi4                           
00003bb9  MissionManager_Start                  
00003bf5  __aeabi_i2f                           
00003bf5  __floatsisf                           
00003c31  __gesf2                               
00003c31  __gtsf2                               
00003c6d  __TI_auto_init_nobinit_nopinit        
00003ca9  __cmpsf2                              
00003ca9  __eqsf2                               
00003ca9  __lesf2                               
00003ca9  __ltsf2                               
00003ca9  __nesf2                               
00003ce5  __muldsi3                             
00003d21  Motor_Init                            
00003d59  __aeabi_f2iz                          
00003d59  __fixsfsi                             
00003d91  OLED_SetCursor                        
00003dc5  OLED_PrintString                      
00003df9  Key_Init                              
00003e29  MissionManager_Reset                  
00003e59  MissionManager_Cancel                 
00003e85  Motor_Stop                            
00003eb1  SYSCFG_DL_initPower                   
00003edd  TrackSensor_CountBlack                
00003f09  _c_int00_noargs                       
00003f31  Encoder_Reset                         
00003f55  CarController_Stop                    
00003f75  MissionManager_Pause                  
00003f95  MissionManager_Resume                 
00003fd5  __aeabi_llsl                          
00003fd5  __ashldi3                             
00003ff5  Imu_IsReady                           
00004011  CarController_RunModeToString         
00004029  HeadingControl_LockCurrentYaw         
00004041  HeadingControl_SetTargetYaw           
00004059  Menu_ParamItemToString                
00004071  MotionAction_Cancel                   
00004089  __TI_zero_init_nomemset               
000040a1  GROUP1_IRQHandler                     
000040b5  HeadingControl_Enable                 
000040c9  HeadingControl_Init                   
000040dd  HeadingControl_Reset                  
000040f1  Menu_Init                             
00004105  MissionLibrary_FindById               
00004119  MissionLibrary_GetByIndex             
0000412d  MissionManager_GetSelectedMissionId   
00004141  MotionAction_Init                     
00004155  __aeabi_ldivmod                       
00004169  __TI_decompress_none                  
0000417d  Key_GetEvent                          
0000418d  SYSCFG_DL_init                        
0000419d  CarController_GetRunMode              
000041a9  CarState_Get                          
000041b5  CarState_Init                         
000041c1  CarState_Set                          
000041cd  Imu_GetCorrectedGyroZDps              
000041d9  Imu_GetYaw                            
000041e5  Imu_ResetYaw                          
000041f1  Menu_GetPage                          
000041fd  Menu_GetParamItem                     
00004209  OledUi_Init                           
00004215  DL_Common_delayCycles                 
0000421f  TrackSensor_IsCenterDetected          
00004229  TrackSensor_IsLineDetected            
00004233  TrackSensor_IsLineLost                
0000423d  CarController_GetFeedback             
00004245  HeadingControl_GetRuntime             
0000424d  Imu_GetRuntime                        
00004255  MissionManager_GetMissionCount        
0000425d  MissionManager_GetRuntime             
00004265  MotionAction_GetRuntime               
0000426d  Ultrasonic_GetFeedback                
00004275  __aeabi_memcpy                        
00004275  __aeabi_memcpy4                       
00004275  __aeabi_memcpy8                       
0000427d  abort                                 
00004282  C$$EXIT                               
00004283  HOSTexit                              
00004287  MissionLibrary_GetCount               
0000428b  Reset_Handler                         
0000428f  _system_pre_init                      
00004a68  __TI_Handler_Table_Base               
00004a74  __TI_Handler_Table_Limit              
00004a84  __TI_CINIT_Base                       
00004a94  __TI_CINIT_Limit                      
00004a94  __TI_CINIT_Warm                       
20200000  __start___llvm_prf_bits               
20200000  __start___llvm_prf_cnts               
20200000  __stop___llvm_prf_bits                
20200000  __stop___llvm_prf_cnts                
20200000  g_appConfig                           
2020004c  g_appRuntime                          
20200074  g_imuRuntime                          
202000b8  g_headingRuntime                      
2020011c  g_trackError                          
2020012f  g_carStateDebug                       
20200130  g_keyEvent                            
20200131  g_oledPageDebug                       
20200132  g_paramItemDebug                      
20200133  g_trackBlackCount                     
20200134  g_trackModeDebug                      
20200135  g_trackRaw                            
20200136  g_trackTurnDebug                      
20207e00  __stack                               
20208000  __STACK_END                           
ffffffff  __TI_pprof_out_hndl                   
ffffffff  __TI_prof_data_size                   
ffffffff  __TI_prof_data_start                  
ffffffff  __binit__                             
ffffffff  binit                                 
UNDEFED   __mpu_init                            
UNDEFED   _system_post_cinit                    

[220 symbols]
