******************************************************************************
            TI ARM Clang Linker PC v4.0.4                      
******************************************************************************
>> Linked Sat Aug  1 05:42:19 2026

OUTPUT FILE NAME:   <diansaikaishi.out>
ENTRY POINT SYMBOL: "_c_int00_noargs"  address: 00016ee1


MEMORY CONFIGURATION

         name            origin    length      used     unused   attr    fill
----------------------  --------  ---------  --------  --------  ----  --------
  FLASH                 00000000   00020000  000187a8  00007858  R  X
  SRAM                  20200000   00008000  00001bc3  0000643d  RW X
  BCR_CONFIG            41c00000   000000ff  00000000  000000ff  R   
  BSL_CONFIG            41c00100   00000080  00000000  00000080  R   


SEGMENT ALLOCATION MAP

run origin  load origin   length   init length attrs members
----------  ----------- ---------- ----------- ----- -------
00000000    00000000    00018308   00018308    r-x
  00000000    00000000    000000c0   000000c0    r-- .intvecs
  000000c0    000000c0    000176b0   000176b0    r-x .text
  00017770    00017770    00000b98   00000b98    r-- .rodata
00018368    00018368    00000040   00000040    r--
  00018368    00018368    00000030   00000030    r-- .cinit
  00018398    00018398    00000010   00000010    r-- .binit
0001fc00    0001fc00    00000400   00000400    r--
  0001fc00    0001fc00    00000400   00000400    r-- .TI.bound:g_balanceCalibrationReservedSector
20200000    20200000    00001963   00000000    rw-
  20200000    20200000    00001962   00000000    rw- .bss
  20201962    20201962    00000001   00000000    rw- .data
20201968    00018308    00000060   00000060    r-x
  20201968    00018308    00000060   00000060    r-x .TI.ramfunc
20207e00    20207e00    00000200   00000000    rw-
  20207e00    20207e00    00000200   00000000    rw- .stack


SECTION ALLOCATION MAP

 output                                  attributes/
section   page    origin      length       input sections
--------  ----  ----------  ----------   ----------------
.intvecs   0    00000000    000000c0     
                  00000000    000000c0     startup_mspm0g350x_ticlang.o (.intvecs)

.text      0    000000c0    000176b0     
                  000000c0    00001700     oled_ui.o (.text.print_balance_stepper_test_page)
                  000017c0    00001030     balance_tuning.o (.text.send_debug_receiver)
                  000027f0    00000f60     balance_tuning.o (.text.send_debug_controller)
                  00003750    00000d34     balance_tuning.o (.text.send_debug_filter)
                  00004484    00000ad8     oled_ui.o (.text.print_imu_counters_page)
                  00004f5c    00000ac4     balance_tuning.o (.text.send_debug_position_fault)
                  00005a20    00000884     balance_tuning.o (.text.send_debug_axis)
                  000062a4    00000834     balance_tuning.o (.text.send_config)
                  00006ad8    00000820     balance_tuning.o (.text.send_debug_limit)
                  000072f8    000007ec     oled_ui.o (.text.print_balance_vision_page)
                  00007ae4    0000064c     app_config.o (.text.AppConfig_LimitAll)
                  00008130    000005b8     balance_tuning.o (.text.consume_rx_byte)
                  000086e8    000005ac     imu.o (.text.Imu_CalibrateGyroBias)
                  00008c94    00000524     line_controller.o (.text.LineController_Update)
                  000091b8    000004bc     oled_ui.o (.text.print_encoder_page)
                  00009674    0000049c     balance_ball_control.o (.text.BalanceBallControl_Update20ms)
                  00009b10    0000049c     runtime_snapshot.o (.text.RuntimeSnapshot_Update)
                  00009fac    00000478     oled_ui.o (.text.print_sensor_page)
                  0000a424    00000460     balance_tuning.o (.text.BalanceTuning_Update20ms)
                  0000a884    0000044c     motor_control.o (.text.update_wheel)
                  0000acd0    00000424     wheel_speed_estimator.o (.text.WheelSpeedEstimator_Update)
                  0000b0f4    000003f4     vision_protocol.o (.text.VisionProtocol_ParseBallAsciiLine)
                  0000b4e8    000003e0     balance_position_control.o (.text.BalancePositionControl_Update20ms)
                  0000b8c8    000003e0     imu.o (.text.Imu_Update)
                  0000bca8    000003c4     oled_ui.o (.text.print_motor_control_detail_page)
                  0000c06c    00000380     imu.o (.text.Imu_Init)
                  0000c3ec    0000037c     oled_ui.o (.text.print_heading_page)
                  0000c768    00000370     gimbal.o (.text.gimbal_update_feedback)
                  0000cad8    0000033c     oled_ui.o (.text.print_drive_distance_page)
                  0000ce14    00000324     oled_ui.o (.text.print_imu_detail_page)
                  0000d138    00000314     menu.o (.text.Menu_HandleKeyEvent)
                  0000d44c    00000300     oled_ui.o (.text.print_motor_control_page)
                  0000d74c    000002f0     imu.o (.text.mpu6050_read_regs)
                  0000da3c    000002cc     car_controller.o (.text.handle_drive_distance)
                  0000dd08    000002b0     motion_action.o (.text.MotionAction_Update_20ms)
                  0000dfb8    00000290     balance_calibration_store.o (.text.BalanceCalibrationStore_Save)
                  0000e248    0000028c     motor_control.o (.text.MotorControl_Update)
                  0000e4d4    0000026c     balance_soft_limits.o (.text.BalanceSoftLimits_Update20ms)
                  0000e740    00000268     car_controller.o (.text.handle_turn_to_yaw)
                  0000e9a8    00000250     menu.o (.text.menu_adjust_param)
                  0000ebf8    00000248     vision_receiver.o (.text.VisionReceiver_Process)
                  0000ee40    00000220     app_config.o (.text.AppConfig_InitDefault)
                  0000f060    00000220     motion_action.o (.text.motion_action_start_internal)
                  0000f280    0000021c     balance_tuning.o (.text.BalanceTuning_Process)
                  0000f49c    00000204     motor.o (.text.Motor_SetSpeed)
                  0000f6a0    00000200     balance_tuning.o (.text.apply_parameter)
                  0000f8a0    000001f0     oled_ui.o (.text.print_param_page)
                  0000fa90    000001e8     motor_control.o (.text.config_is_valid)
                  0000fc78    000001e4     mission_library.o (.text.MissionLibrary_Validate)
                  0000fe5c    000001cc     imu.o (.text.imu_i2c_write_byte)
                  00010028    000001cc     oled_ui.o (.text.print_status_page)
                  000101f4    000001b8     oled.o (.text.oled_i2c_write_byte)
                  000103ac    000001a8     app.o (.text.App_Update_20ms)
                  00010554    000001a0     ultrasonic.o (.text.Ultrasonic_Tick100us)
                  000106f4    0000019c     car_controller.o (.text.CarController_StartDriveDistanceAtYaw)
                  00010890    00000194     gimbal_stepper.o (.text.GimbalStepper_Tick100us)
                  00010a24    00000190     car_controller.o (.text.CarController_Update_20ms)
                  00010bb4    00000188     oled_ui.o (.text.print_imu_page)
                  00010d3c    00000174     key.o (.text.Key_Update_20ms)
                  00010eb0    00000170     oled.o (.text.OLED_FlushPage)
                  00011020    0000016c     oled.o (.text.OLED_PrintInt16)
                  0001118c    0000016c     balance_tuning.o (.text.parse_x100)
                  000112f8    00000160     oled_ui.o (.text.print_balance_limit_value)
                  00011458    0000015c     oled_ui.o (.text.print_signed_total_tail)
                  000115b4    00000150     vision_protocol.o (.text.parse_decimal_x1000)
                  00011704    0000014c     balance_position_control.o (.text.BalancePositionControl_Start)
                  00011850    0000014c     balance_soft_limits.o (.text.BalanceSoftLimits_CaptureCurrentStage)
                  0001199c    00000140     balance_calibration_store.o (.text.BalanceCalibrationStore_Load)
                  00011adc    0000013c     vision_receiver.o (.text.accept_packet)
                  00011c18    0000013c     oled_ui.o (.text.print_balance_vision_rx_debug_page)
                  00011d54    0000012c     imu.o (.text.imu_i2c_recover_bus)
                  00011e80    0000012c     oled_ui.o (.text.print_uint64_decimal)
                  00011fac    00000128     line_controller.o (.text.LineController_Reset)
                  000120d4    00000128     mission_manager.o (.text.MissionManager_Update_20ms)
                  000121fc    00000124     oled.o (.text.OLED_Init)
                  00012320    00000120     oled_ui.o (.text.print_bluetooth_page)
                  00012440    0000011c     car_controller.o (.text.handle_drive_heading)
                  0001255c    00000118     oled_ui.o (.text.print_obstacle_page)
                  00012674    00000114     car_controller.o (.text.handle_follow_line)
                  00012788    0000010c     balance_soft_limits.o (.text.BalanceSoftLimits_BeginAtCurrentAsZero)
                  00012894    0000010c     line_controller.o (.text.LineController_ResetControlState)
                  000129a0    00000104     driverlib.a : dl_timer.o (.text.DL_Timer_initFourCCPWMMode)
                  00012aa4    00000104     line_controller.o (.text.LineController_Init)
                  00012ba8    00000104     ti_msp_dl_config.o (.text.SYSCFG_DL_GPIO_init)
                  00012cac    00000104     balance_tuning.o (.text.send_text)
                  00012db0    00000100     motor_control.o (.text.MotorControl_SetNormalizedTarget)
                  00012eb0    000000fc     mission_manager.o (.text.MissionManager_SelectNext)
                  00012fac    000000f8     vision_uart.o (.text.VisionUart_Process)
                  000130a4    000000ec     heading_control.o (.text.HeadingControl_Update)
                  00013190    000000ec     empty.o (.text.main)
                  0001327c    000000e8     balance_soft_limits.o (.text.BalanceSoftLimits_StartRelativePositionMoveSteps)
                  00013364    000000e8     mission_manager.o (.text.MissionManager_SelectPrevious)
                  0001344c    000000e8     obstacle_safety.o (.text.ObstacleSafety_Update_20ms)
                  00013534    000000e0     wheel_speed_estimator.o (.text.WheelSpeedEstimator_Init)
                  00013614    000000d8     driverlib.a : dl_flashctl.o (.text.DL_FlashCTL_unprotectSector)
                  000136ec    000000d8     oled.o (.text.OLED_PrintUInt16)
                  000137c4    000000d8     balance_ball_control.o (.text.return_toward_zero)
                  0001389c    000000d8     libclang_rt.builtins.a : addsf3.S.obj (.text)
                  00013974    000000d4     car_controller.o (.text.CarController_StartDriveDistance)
                  00013a48    000000d4     gimbal_stepper.o (.text.GimbalStepper_MoveRelativeSteps)
                  00013b1c    000000cc     balance_encoder.o (.text.BalanceEncoder_HandleGpioInterrupt)
                  00013be8    000000cc     oled_ui.o (.text.OledUi_Update_20ms)
                  00013cb4    000000c8     fault.o (.text.FaultCode_ToShortString)
                  00013d7c    000000c0     angle_utils.o (.text.Angle_Normalize180)
                  00013e3c    000000c0     balance_soft_limits.o (.text.oscillation_target_for_phase)
                  00013efc    000000bc     balance_ball_control.o (.text.BalanceBallControl_SetConfig)
                  00013fb8    000000bc     balance_soft_limits.o (.text.BalanceSoftLimits_Init)
                  00014074    000000bc     car_controller.o (.text.CarController_ResetRuntime)
                  00014130    000000bc     menu.o (.text.Menu_GetParamValue)
                  000141ec    000000b4     gimbal_stepper.o (.text.GimbalStepper_StopHold)
                  000142a0    000000b0     gimbal_stepper.o (.text.GimbalStepper_Init)
                  00014350    000000b0     empty.o (.text.SysTick_Handler)
                  00014400    000000ac     balance_soft_limits.o (.text.BalanceSoftLimits_StartPositionMoveToLogicalCount)
                  000144ac    000000a8     balance_soft_limits.o (.text.BalanceSoftLimits_ArmRecalibration)
                  00014554    000000a4     encoder.o (.text.Encoder_HandleGpioInterrupt)
                  000145f8    000000a4     balance_calibration_store.o (.text.calibration_crc32)
                  0001469c    000000a2     libclang_rt.builtins.a : udivmoddi4.S.obj (.text)
                  0001473e    00000002     startup_mspm0g350x_ticlang.o (.text.Default_Handler)
                  00014740    000000a0     balance_soft_limits.o (.text.BalanceSoftLimits_AbortCalibration)
                  000147e0    000000a0     car_controller.o (.text.drive_distance_high_decel_zone_cm)
                  00014880    0000009c     obstacle_monitor.o (.text.ObstacleMonitor_Update_20ms)
                  0001491c    0000009a     libc.a : memcpy16.S.obj (.text:memcpy)
                  000149b6    00000002     obstacle_avoidance.o (.text.ObstacleAvoidance_Update_20ms)
                  000149b8    00000098     balance_position_control.o (.text.BalancePositionControl_ResetFault)
                  00014a50    00000098     balance_soft_limits.o (.text.BalanceSoftLimits_CancelRecalibration)
                  00014ae8    00000098     imu.o (.text.mpu6050_write_reg)
                  00014b80    00000094     car_controller.o (.text.CarController_StartTurnToYawRelative)
                  00014c14    00000090     car_controller.o (.text.CarController_ResetTransientState)
                  00014ca4    0000008c     ti_msp_dl_config.o (.text.SYSCFG_DL_PWM_MOTOR_init)
                  00014d30    0000008c     ti_msp_dl_config.o (.text.SYSCFG_DL_UART_BALANCE_TUNING_init)
                  00014dbc    0000008c     libclang_rt.builtins.a : mulsf3.S.obj (.text.__mulsf3)
                  00014e48    0000008c     car_controller.o (.text.heading_imu_wait_or_fail)
                  00014ed4    0000000c     balance_encoder.o (.text.BalanceEncoder_GetCountAtomic)
                  00014ee0    00000088     libc.a : strcmp-armv6m.S.obj (.text:strcmp)
                  00014f68    00000084     car_controller.o (.text.CarController_SetSafetyHold)
                  00014fec    00000084     gimbal_stepper.o (.text.GimbalStepper_ConfirmZero)
                  00015070    00000084     motor.o (.text.Motor_Init)
                  000150f4    00000082     libclang_rt.builtins.a : divsf3.S.obj (.text.__divsf3)
                  00015176    00000002     track_sensor.o (.text.TrackSensor_Init)
                  00015178    00000080     balance_position_control.o (.text.BalancePositionControl_Init)
                  000151f8    00000080     balance_tuning.o (.text.BalanceTuning_Init)
                  00015278    00000080     car_controller.o (.text.CarController_StartDriveHeading)
                  000152f8    00000080     motor.o (.text.Motor_Stop)
                  00015378    0000007e     app.o (.text.App_Init)
                  000153f6    00000002     libclang_rt.builtins.a : aeabi_div0.c.obj (.text.__aeabi_idiv0)
                  000153f8    0000007c     balance_soft_limits.o (.text.BalanceSoftLimits_Enforce100usFromIsr)
                  00015474    0000007c     libc.a : copy_decompress_lzss.c.obj (.text:decompress:lzss)
                  000154f0    00000078     oled.o (.text.oled_write_command)
                  00015568    00000074     balance_ball_control.o (.text.command_offset)
                  000155dc    00000074     motor_control.o (.text.latch_control_error)
                  00015650    00000070     gimbal_stepper.o (.text.GimbalStepper_Release)
                  000156c0    00000070     ti_msp_dl_config.o (.text.SYSCFG_DL_UART_VISION_init)
                  00015730    0000006e     track_sensor.o (.text.TrackSensor_DetectTurn)
                  0001579e    00000002     libclang_rt.builtins.a : aeabi_div0.c.obj (.text.__aeabi_ldiv0)
                  000157a0    00000068     mission_manager.o (.text.MissionManager_GetSelectedMissionIndex)
                  00015808    00000068     car_controller.o (.text.set_output_speed)
                  00015870    00000066     track_sensor.o (.text.TrackSensor_GetErrorFromRaw)
                  000158d6    00000002     --HOLE-- [fill = 0]
                  000158d8    00000064     balance_ball_control.o (.text.BalanceBallControl_Init)
                  0001593c    00000064     balance_soft_limits.o (.text.BalanceSoftLimits_ResetPositionFault)
                  000159a0    00000064     mission_manager.o (.text.MissionManager_Start)
                  00015a04    00000062     app.o (.text.App_ResetToReady)
                  00015a66    00000002     --HOLE-- [fill = 0]
                  00015a68    00000062     libclang_rt.builtins.a : aeabi_fcmp.S.obj (.text.__aeabi_fcmp)
                  00015aca    00000062     libc.a : memset16.S.obj (.text:memset)
                  00015b2c    00000060     balance_tuning.o (.text.UART2_IRQHandler)
                  00015b8c    00000060     libclang_rt.builtins.a : fixsfdi.S.obj (.text.__fixsfdi)
                  00015bec    0000005c     ultrasonic.o (.text.Ultrasonic_Update_20ms)
                  00015c48    0000005c     vision_receiver.o (.text.VisionReceiver_Init)
                  00015ca4    0000005c     vision_protocol.o (.text.parse_u32)
                  00015d00    0000005c     car_controller.o (.text.speed_cmps_to_normalized_command)
                  00015d5c    0000005c     balance_soft_limits.o (.text.test_start_target)
                  00015db8    00000058     balance_encoder.o (.text.BalanceEncoder_Init)
                  00015e10    00000058     mission_manager.o (.text.MissionManager_Init)
                  00015e68    00000058     oled.o (.text.OLED_PrintChar)
                  00015ec0    00000058     balance_ball_control.o (.text.ensure_tracking_started)
                  00015f18    00000058     motion_action.o (.text.motion_action_start_imu_controller)
                  00015f70    00000056     libclang_rt.builtins.a : aeabi_idivmod.S.obj (.text.__aeabi_idivmod)
                  00015fc6    00000002     --HOLE-- [fill = 0]
                  00015fc8    00000054     car_controller.o (.text.CarController_Stop)
                  0001601c    00000054     track_sensor.o (.text.TrackSensor_ReadRaw)
                  00016070    00000054     watchdog_monitor.o (.text.WatchdogMonitor_ApplyFaultIfNeeded)
                  000160c4    00000054     menu.o (.text.menu_next_main_page)
                  00016118    00000050     balance_position_control.o (.text.BalancePositionControl_SetTrackingTarget)
                  00016168    00000050     balance_soft_limits.o (.text.BalanceSoftLimits_GetSnapshot)
                  000161b8    00000050     ultrasonic.o (.text.Ultrasonic_Init)
                  00016208    00000050     watchdog_monitor.o (.text.WatchdogMonitor_Tick1msFromIsr)
                  00016258    0000004e     libclang_rt.builtins.a : floatdisf.S.obj (.text.__floatdisf)
                  000162a6    00000002     --HOLE-- [fill = 0]
                  000162a8    0000004c     motor_control.o (.text.MotorControl_Stop)
                  000162f4    0000004c     libc.a : cpy_tbl.c.obj (.text.copy_in)
                  00016340    0000004c     vision_protocol.o (.text.state_is_valid)
                  0001638c    0000004c     libc.a : autoinit.c.obj (.text:__TI_auto_init_nopinit)
                  000163d8    00000048     driverlib.a : dl_uart.o (.text.DL_UART_init)
                  00016420    00000048     mission_manager.o (.text.MissionManager_Cancel)
                  00016468    00000048     ti_msp_dl_config.o (.text.SYSCFG_DL_initPower)
                  000164b0    00000044     car_controller.o (.text.CarController_StartFollowLine)
                  000164f4    00000044     emergency_stop.o (.text.EmergencyStop_Reset)
                  00016538    00000044     encoder.o (.text.Encoder_GetAndClearPulseDeltas)
                  0001657c    00000044     imu.o (.text.Imu_ResetYaw)
                  000165c0    00000044     mission_manager.o (.text.MissionManager_Reset)
                  00016604    00000044     servo.o (.text.Servo_Tick100us)
                  00016648    00000044     vision_uart.o (.text.UART3_IRQHandler)
                  0001668c    00000040     balance_encoder.o (.text.BalanceEncoder_GetSnapshot)
                  000166cc    00000040     balance_soft_limits.o (.text.BalanceSoftLimits_StopMotion)
                  0001670c    00000040     car_controller.o (.text.CarController_ResumeFollowLine)
                  0001674c    00000040     fault.o (.text.Fault_Raise)
                  0001678c    00000040     ti_msp_dl_config.o (.text.SYSCFG_DL_SYSCTL_init)
                  000167cc    00000040     vision_receiver.o (.text.VisionReceiver_PushByteFromIsr)
                  0001680c    00000040     libclang_rt.builtins.a : aeabi_uidivmod.S.obj (.text.__aeabi_uidivmod)
                  0001684c    00000040     vision_protocol.o (.text.parse_confidence)
                  0001688c    0000003e     libclang_rt.builtins.a : divmoddi4.c.obj (.text.__divmoddi4)
                  000168ca    00000002     --HOLE-- [fill = 0]
                  000168cc    0000003c     balance_ball_control.o (.text.BalanceBallControl_Enable)
                  00016908    0000003c     balance_position_control.o (.text.BalancePositionControl_Cancel)
                  00016944    0000003c     mission_library.o (.text.MissionLibrary_FindById)
                  00016980    0000003c     mission_manager.o (.text.MissionManager_Resume)
                  000169bc    0000003c     servo.o (.text.Servo_SetAngleDeg)
                  000169f8    0000003c     libclang_rt.builtins.a : floatsisf.S.obj (.text.__floatsisf)
                  00016a34    0000003c                            : comparesf2.S.obj (.text.__gtsf2)
                  00016a70    0000003c     balance_position_control.o (.text.latch_fault)
                  00016aac    0000003a     libclang_rt.builtins.a : comparesf2.S.obj (.text.__eqsf2)
                  00016ae6    00000002     --HOLE-- [fill = 0]
                  00016ae8    0000003a                            : muldsi3.S.obj (.text.__muldsi3)
                  00016b22    00000002     --HOLE-- [fill = 0]
                  00016b24    00000038     emergency_stop.o (.text.EmergencyStop_Trigger)
                  00016b5c    00000038     libclang_rt.builtins.a : fixsfsi.S.obj (.text.__fixsfsi)
                  00016b94    00000034     balance_position_control.o (.text.BalancePositionControl_SetTrackingThresholds)
                  00016bc8    00000034     imu.o (.text.Imu_IsReady)
                  00016bfc    00000032     oled.o (.text.OLED_PrintString)
                  00016c2e    00000002     --HOLE-- [fill = 0]
                  00016c30    00000030     key.o (.text.Key_Init)
                  00016c60    00000030     line_controller.o (.text.LineController_ObserveSensors)
                  00016c90    00000030     watchdog_monitor.o (.text.WatchdogMonitor_Init)
                  00016cc0    00000030     watchdog_monitor.o (.text.WatchdogMonitor_Reset)
                  00016cf0    0000002c     balance_position_control.o (.text.BalancePositionControl_StartTracking)
                  00016d1c    0000002c     encoder.o (.text.Encoder_Reset)
                  00016d48    0000002c     mission_manager.o (.text.MissionManager_Pause)
                  00016d74    0000002c     track_sensor.o (.text.TrackSensor_CountBlack)
                  00016da0    00000028     balance_ball_control.o (.text.BalanceBallControl_ResetConfig)
                  00016dc8    00000028     balance_soft_limits.o (.text.BalanceSoftLimits_CancelTravelTest)
                  00016df0    00000028     driverlib.a : dl_flashctl.o (.text.DL_FlashCTL_programMemoryFromRAM64WithECCGenerated)
                  00016e18    00000028     emergency_stop.o (.text.EmergencyStop_Enforce)
                  00016e40    00000028     magnet.o (.text.Magnet_ForceOff)
                  00016e68    00000028     ti_msp_dl_config.o (.text.SYSCFG_DL_init)
                  00016e90    00000028     servo.o (.text.Servo_Init)
                  00016eb8    00000028     libclang_rt.builtins.a : floatunsisf.S.obj (.text.__floatunsisf)
                  00016ee0    00000028     libc.a : boot_cortex_m.c.obj (.text:_c_int00_noargs)
                  00016f08    00000024     balance_encoder.o (.text.BalanceEncoder_SampleSpeed10msFromIsr)
                  00016f2c    00000024     balance_position_control.o (.text.BalancePositionControl_GetSnapshot)
                  00016f50    00000024     balance_soft_limits.o (.text.BalanceSoftLimits_CancelOscillationTest)
                  00016f74    00000024     gimbal_stepper.o (.text.GimbalStepper_GetFeedbackSnapshot)
                  00016f98    00000024     mission_manager.o (.text.MissionManager_ReportExternalFailure)
                  00016fbc    00000024     motor_control.o (.text.MotorControl_Init)
                  00016fe0    00000024     motor_control.o (.text.MotorControl_Reset)
                  00017004    00000024     oled.o (.text.OLED_ClearBuffer)
                  00017028    00000024     libclang_rt.builtins.a : muldi3.S.obj (.text.__muldi3)
                  0001704c    00000020     balance_ball_control.o (.text.BalanceBallControl_GetSnapshot)
                  0001706c    00000020     driverlib.a : dl_timer.o (.text.DL_Timer_overrideCCPOut)
                  0001708c    00000020     debug_telemetry.o (.text.DebugTelemetry_Update)
                  000170ac    00000020     empty.o (.text.GROUP1_IRQHandler)
                  000170cc    00000020     magnet.o (.text.Magnet_Init)
                  000170ec    00000020     oled.o (.text.OLED_SetCursor)
                  0001710c    00000020     empty.o (.text.SchedulerMonitor_GetStats)
                  0001712c    00000020     vision_receiver.o (.text.VisionReceiver_GetProtocolErrorCount)
                  0001714c    00000020     libc.a : memcmp.c.obj (.text.memcmp)
                  0001716c    00000020     mission_manager.o (.text.mission_finish_error)
                  0001718c    0000001e     libclang_rt.builtins.a : ashldi3.S.obj (.text.__ashldi3)
                  000171aa    00000002     --HOLE-- [fill = 0]
                  000171ac    0000001c     balance_ball_control.o (.text.BalanceBallControl_Disable)
                  000171c8    0000001c     balance_ball_control.o (.text.BalanceBallControl_ForceStop)
                  000171e4    0000001c     driverlib.a : dl_timer.o (.text.DL_Timer_setCaptCompUpdateMethod)
                  00017200    0000001c                 : dl_timer.o (.text.DL_Timer_setClockConfig)
                  0001721c    0000001c     heading_control.o (.text.HeadingControl_SetTargetYaw)
                  00017238    0000001c     menu.o (.text.Menu_Init)
                  00017254    0000001c     motion_action.o (.text.MotionAction_Cancel)
                  00017270    0000001c     obstacle_monitor.o (.text.ObstacleMonitor_Init)
                  0001728c    0000001c     obstacle_safety.o (.text.ObstacleSafety_Init)
                  000172a8    0000001c     watchdog_monitor.o (.text.WatchdogMonitor_NotifyControlCycleComplete)
                  000172c4    0000001c     mission_manager.o (.text.mission_finish_success)
                  000172e0    00000018     balance_ball_control.o (.text.BalanceBallControl_GetConfig)
                  000172f8    00000018     driverlib.a : dl_flashctl.o (.text.DL_FlashCTL_eraseMemoryFromRAM)
                  00017310    00000018                 : dl_timer.o (.text.DL_Timer_setCaptureCompareOutCtl)
                  00017328    00000018     debug_telemetry.o (.text.DebugTelemetry_Init)
                  00017340    00000018     heading_control.o (.text.HeadingControl_Init)
                  00017358    00000018     heading_control.o (.text.HeadingControl_Reset)
                  00017370    00000018     menu.o (.text.Menu_ParamItemToString)
                  00017388    00000018     motion_action.o (.text.MotionAction_Init)
                  000173a0    00000018     obstacle_avoidance.o (.text.ObstacleAvoidance_Init)
                  000173b8    00000018     runtime_snapshot.o (.text.RuntimeSnapshot_Init)
                  000173d0    00000016     libclang_rt.builtins.a : comparesf2.S.obj (.text.__unordsf2)
                  000173e6    00000002     --HOLE-- [fill = 0]
                  000173e8    00000014     fault.o (.text.Fault_Clear)
                  000173fc    00000014     fault.o (.text.Fault_Init)
                  00017410    00000014     gimbal_stepper.o (.text.GimbalStepper_SetStepHalfPeriodTicks)
                  00017424    00000014     heading_control.o (.text.HeadingControl_Enable)
                  00017438    00000014     mission_library.o (.text.MissionLibrary_GetByIndex)
                  0001744c    00000014     mission_manager.o (.text.MissionManager_GetSelectedMissionId)
                  00017460    00000014     vision_uart.o (.text.VisionUart_Init)
                  00017474    00000014     libclang_rt.builtins.a : aeabi_ldivmod.S.obj (.text.__aeabi_ldivmod)
                  00017488    00000014                            : aeabi_uldivmod.S.obj (.text.__aeabi_uldivmod)
                  0001749c    00000012     driverlib.a : dl_uart.o (.text.DL_UART_setClockConfig)
                  000174ae    00000012     libc.a : copy_decompress_none.c.obj (.text:decompress:none)
                  000174c0    00000010     balance_position_control.o (.text.BalancePositionControl_HasFault)
                  000174d0    00000010     driverlib.a : dl_timer.o (.text.DL_Timer_setCaptureCompareValue)
                  000174e0    00000010     gimbal.o (.text.Gimbal_YawGetFeedback)
                  000174f0    00000010     key.o (.text.Key_GetEvent)
                  00017500    00000010     libc.a : copy_zero_init.c.obj (.text:decompress:ZI)
                  00017510    0000000c     balance_position_control.o (.text.BalancePositionControl_IsBusy)
                  0001751c    0000000c     balance_soft_limits.o (.text.BalanceSoftLimits_IsCalibrationActive)
                  00017528    0000000c     balance_soft_limits.o (.text.BalanceSoftLimits_IsOscillationTestActive)
                  00017534    0000000c     balance_soft_limits.o (.text.BalanceSoftLimits_IsTravelTestActive)
                  00017540    0000000c     car_controller.o (.text.CarController_GetRunMode)
                  0001754c    0000000c     car_controller.o (.text.CarController_Init)
                  00017558    0000000c     car_controller.o (.text.CarController_IsSafetyHoldActive)
                  00017564    0000000c     car_state.o (.text.CarState_Get)
                  00017570    0000000c     car_state.o (.text.CarState_Init)
                  0001757c    0000000c     car_state.o (.text.CarState_Set)
                  00017588    0000000c     emergency_stop.o (.text.EmergencyStop_Init)
                  00017594    0000000c     emergency_stop.o (.text.EmergencyStop_IsActive)
                  000175a0    0000000c     imu.o (.text.Imu_GetCorrectedGyroZDps)
                  000175ac    0000000c     imu.o (.text.Imu_GetYaw)
                  000175b8    0000000c     menu.o (.text.Menu_GetPage)
                  000175c4    0000000c     menu.o (.text.Menu_GetParamItem)
                  000175d0    0000000c     mission_manager.o (.text.MissionManager_IsExternallyHeld)
                  000175dc    0000000c     mission_manager.o (.text.MissionManager_SetExternalHold)
                  000175e8    0000000c     obstacle_avoidance.o (.text.ObstacleAvoidance_IsActive)
                  000175f4    0000000c     obstacle_avoidance.o (.text.ObstacleAvoidance_IsFailed)
                  00017600    0000000c     obstacle_safety.o (.text.ObstacleSafety_IsHolding)
                  0001760c    0000000c     empty.o (.text.SystemTime_GetMs)
                  00017618    0000000c     watchdog_monitor.o (.text.WatchdogMonitor_HasTripped)
                  00017624    0000000c     libclang_rt.builtins.a : aeabi_memset.S.obj (.text.__aeabi_memclr)
                  00017630    0000000a     driverlib.a : dl_common.o (.text.DL_Common_delayCycles)
                  0001763a    0000000a     motion_action.o (.text.MotionAction_Resume)
                  00017644    0000000a     motion_action.o (.text.MotionAction_Start)
                  0001764e    0000000a     track_sensor.o (.text.TrackSensor_IsCenterDetected)
                  00017658    0000000a     track_sensor.o (.text.TrackSensor_IsLineDetected)
                  00017662    0000000a     track_sensor.o (.text.TrackSensor_IsLineLost)
                  0001766c    00000008     balance_soft_limits.o (.text.BalanceSoftLimits_CancelPositionMove)
                  00017674    00000008     balance_soft_limits.o (.text.BalanceSoftLimits_IsPositionMoveActive)
                  0001767c    00000008     bluetooth_uart.o (.text.BluetoothUart_GetRuntime)
                  00017684    00000008     car_controller.o (.text.CarController_GetFeedback)
                  0001768c    00000008     fault.o (.text.Fault_GetRecord)
                  00017694    00000008     gimbal_stepper.o (.text.GimbalStepper_GetFeedback)
                  0001769c    00000008     heading_control.o (.text.HeadingControl_GetRuntime)
                  000176a4    00000008     imu.o (.text.Imu_GetRuntime)
                  000176ac    00000008     line_controller.o (.text.LineController_GetRuntime)
                  000176b4    00000008     mission_manager.o (.text.MissionManager_GetMissionCount)
                  000176bc    00000008     mission_manager.o (.text.MissionManager_GetRuntime)
                  000176c4    00000008     motion_action.o (.text.MotionAction_GetRuntime)
                  000176cc    00000008     motor_control.o (.text.MotorControl_GetRuntime)
                  000176d4    00000008     obstacle_avoidance.o (.text.ObstacleAvoidance_GetFeedback)
                  000176dc    00000008     obstacle_monitor.o (.text.ObstacleMonitor_GetFeedback)
                  000176e4    00000008     oled_ui.o (.text.OledUi_Init)
                  000176ec    00000008     runtime_snapshot.o (.text.RuntimeSnapshot_Get)
                  000176f4    00000008     servo.o (.text.Servo_GetFeedback)
                  000176fc    00000008     ultrasonic.o (.text.Ultrasonic_GetFeedback)
                  00017704    00000008     vision_receiver.o (.text.VisionReceiver_GetBallPositionObservation)
                  0001770c    00000008     vision_receiver.o (.text.VisionReceiver_GetStatus)
                  00017714    00000008     vision_tuning_console.o (.text.VisionTuningConsole_GetStatus)
                  0001771c    00000008     watchdog_monitor.o (.text.WatchdogMonitor_GetStatus)
                  00017724    00000008     wheel_speed_estimator.o (.text.WheelSpeedEstimator_GetRuntime)
                  0001772c    00000008     libclang_rt.builtins.a : aeabi_memcpy.S.obj (.text.__aeabi_memcpy)
                  00017734    00000006     libc.a : exit.c.obj (.text:abort)
                  0001773a    00000004     libsysbm.a : hostexit.c.obj (.text.HOSTexit)
                  0001773e    00000004     mission_library.o (.text.MissionLibrary_GetCount)
                  00017742    00000004     obstacle_avoidance.o (.text.ObstacleAvoidance_IsResumeGraceActive)
                  00017746    00000004     startup_mspm0g350x_ticlang.o (.text.Reset_Handler)
                  0001774a    00000002     --HOLE-- [fill = 0]
                  0001774c    00000010     libc.a : boot_cortex_m.c.obj (.tramp._c_int00_noargs.1)
                  0001775c    00000004            : pre_init.c.obj (.text._system_pre_init)
                  00017760    00000010     driverlib.a : dl_flashctl.o (.tramp.DL_FlashCTL_executeCommandFromRAM.1)

.TI.ramfunc 
*          0    00018308    00000060     RUN ADDR = 20201968
                  00018308    00000060     driverlib.a : dl_flashctl.o (.TI.ramfunc)

.cinit     0    00018368    00000030     
                  00018368    0000000c     (__TI_handler_table)
                  00018374    00000008     (.cinit..bss.load) [load image, compression = zero_init]
                  0001837c    00000005     (.cinit..data.load) [load image, compression = lzss]
                  00018381    00000003     --HOLE-- [fill = 0]
                  00018384    00000010     (__TI_cinit_table)
                  00018394    00000004     --HOLE-- [fill = 0]

.rodata    0    00017770    00000b98     
                  00017770    000000d8     oled.o (.rodata..Lswitch.table.OLED_PrintChar)
                  00017848    00000050     mission_library.o (.rodata.g_missionRegistry)
                  00017898    00000048     mission_library.o (.rodata.g_missionCompetitionMain)
                  000178e0    00000048     mission_library.o (.rodata.g_missionTestDistance20)
                  00017928    00000048     mission_library.o (.rodata.g_missionTestLine)
                  00017970    00000048     mission_library.o (.rodata.g_missionTestTurn)
                  000179b8    00000038     balance_tuning.o (.rodata..Lswitch.table.send_debug_receiver)
                  000179f0    00000034     oled_ui.o (.rodata..Lswitch.table.print_balance_vision_rx_debug_page)
                  00017a24    0000002c     oled_ui.o (.rodata..Lswitch.table.print_status_page)
                  00017a50    00000028     balance_tuning.o (.rodata..Lswitch.table.send_debug_controller.119)
                  00017a78    00000020     menu.o (.rodata..Lswitch.table.Menu_ParamItemToString)
                  00017a98    00000020     oled_ui.o (.rodata..Lswitch.table.print_balance_vision_page)
                  00017ab8    00000020     balance_tuning.o (.rodata..Lswitch.table.send_debug_controller.118)
                  00017ad8    0000001c     oled_ui.o (.rodata..Lswitch.table.print_balance_stepper_test_page.197)
                  00017af4    0000001c     oled_ui.o (.rodata..Lswitch.table.print_drive_distance_page)
                  00017b10    00000018     oled_ui.o (.rodata..Lswitch.table.print_status_page.198)
                  00017b28    00000018     balance_tuning.o (.rodata..Lswitch.table.send_debug_position_fault)
                  00017b40    00000018     mission_library.o (.rodata.g_missionTestBallCenter)
                  00017b58    00000014     oled_ui.o (.rodata..Lswitch.table.print_balance_stepper_test_page.191)
                  00017b6c    00000014     oled_ui.o (.rodata..Lswitch.table.print_balance_stepper_test_page.193)
                  00017b80    00000014     oled_ui.o (.rodata..Lswitch.table.print_status_page.199)
                  00017b94    00000014     balance_tuning.o (.rodata..Lswitch.table.send_debug_filter)
                  00017ba8    00000014     balance_tuning.o (.rodata.str1.12203727298384633765.1)
                  00017bbc    00000013     oled_ui.o (.rodata.str1.14774750633985060196.1)
                  00017bcf    00000012     balance_tuning.o (.rodata.str1.3977118008905300976.1)
                  00017be1    00000011     oled_ui.o (.rodata.str1.14521350379984854626.1)
                  00017bf2    00000011     oled_ui.o (.rodata.str1.17763087492223448992.1)
                  00017c03    00000011     oled_ui.o (.rodata.str1.1974573040514735405.1)
                  00017c14    00000011     oled_ui.o (.rodata.str1.9351772214919528733.1)
                  00017c25    00000011     oled_ui.o (.rodata.str1.9584387800903135389.1)
                  00017c36    00000002     ti_msp_dl_config.o (.rodata.gUART_BALANCE_TUNINGClockConfig)
                  00017c38    00000010     oled_ui.o (.rodata..Lswitch.table.print_balance_stepper_test_page.194)
                  00017c48    00000010     balance_encoder.o (.rodata.cst16)
                  00017c58    00000010     oled_ui.o (.rodata.str1.12697925274637991987.1)
                  00017c68    0000000f     oled_ui.o (.rodata.str1.9229350655415085.1)
                  00017c77    0000000e     oled_ui.o (.rodata.str1.10416366799939242409.1)
                  00017c85    0000000e     oled_ui.o (.rodata.str1.10430294223631918979.1)
                  00017c93    0000000e     balance_tuning.o (.rodata.str1.10633870927600830234.1)
                  00017ca1    0000000e     oled_ui.o (.rodata.str1.14711868471336838103.1)
                  00017caf    0000000d     balance_tuning.o (.rodata.str1.14324971085387262535.1)
                  00017cbc    0000000d     balance_tuning.o (.rodata.str1.5223853263922667930.1)
                  00017cc9    0000000d     balance_tuning.o (.rodata.str1.7107703467260193608.1)
                  00017cd6    00000002     ti_msp_dl_config.o (.rodata.gUART_VISIONClockConfig)
                  00017cd8    0000000c     oled_ui.o (.rodata..Lswitch.table.print_balance_stepper_test_page.192)
                  00017ce4    0000000c     oled_ui.o (.rodata..Lswitch.table.print_balance_stepper_test_page.195)
                  00017cf0    0000000c     oled_ui.o (.rodata..Lswitch.table.print_balance_stepper_test_page)
                  00017cfc    0000000c     oled_ui.o (.rodata..Lswitch.table.print_sensor_page)
                  00017d08    0000000c     balance_tuning.o (.rodata.str1.10719393435742183532.1)
                  00017d14    0000000c     mission_library.o (.rodata.str1.11682660667400632204.1)
                  00017d20    0000000c     oled_ui.o (.rodata.str1.16290499236105125126.1)
                  00017d2c    0000000c     balance_tuning.o (.rodata.str1.2615500520006570324.1)
                  00017d38    0000000b     balance_tuning.o (.rodata.str1.11007857853088784365.1)
                  00017d43    0000000b     oled_ui.o (.rodata.str1.13882251010780863896.1)
                  00017d4e    0000000b     balance_tuning.o (.rodata.str1.14867730425649151644.1)
                  00017d59    0000000b     balance_tuning.o (.rodata.str1.5894753939286773293.1)
                  00017d64    0000000a     ti_msp_dl_config.o (.rodata.gUART_BALANCE_TUNINGConfig)
                  00017d6e    0000000a     ti_msp_dl_config.o (.rodata.gUART_VISIONConfig)
                  00017d78    0000000a     balance_tuning.o (.rodata.str1.11520738983365952627.1)
                  00017d82    0000000a     oled_ui.o (.rodata.str1.12447783896598192203.1)
                  00017d8c    0000000a     mission_library.o (.rodata.str1.13636476544574750902.1)
                  00017d96    0000000a     mission_library.o (.rodata.str1.15668266851434757964.1)
                  00017da0    0000000a     oled_ui.o (.rodata.str1.17540787658903907660.1)
                  00017daa    0000000a     mission_library.o (.rodata.str1.199678142196697465.1)
                  00017db4    0000000a     oled_ui.o (.rodata.str1.2608729314174233125.1)
                  00017dbe    0000000a     oled_ui.o (.rodata.str1.4582914374586912483.1)
                  00017dc8    0000000a     balance_tuning.o (.rodata.str1.533910187409029848.1)
                  00017dd2    0000000a     balance_tuning.o (.rodata.str1.8659531508871313437.1)
                  00017ddc    00000009     oled_ui.o (.rodata.str1.12043213579996415112.1)
                  00017de5    00000009     balance_tuning.o (.rodata.str1.13887619254000044375.1)
                  00017dee    00000009     balance_tuning.o (.rodata.str1.14000290760835785496.1)
                  00017df7    00000009     oled_ui.o (.rodata.str1.15917848551323629232.1)
                  00017e00    00000009     oled_ui.o (.rodata.str1.5965888106848176421.1)
                  00017e09    00000003     ti_msp_dl_config.o (.rodata.gPWM_MOTORClockConfig)
                  00017e0c    00000008     ti_msp_dl_config.o (.rodata.gPWM_MOTORConfig)
                  00017e14    00000008     oled_ui.o (.rodata.str1.10163600690795753232.1)
                  00017e1c    00000008     balance_tuning.o (.rodata.str1.12635714987897210726.1)
                  00017e24    00000008     oled_ui.o (.rodata.str1.130772507669342127.1)
                  00017e2c    00000008     oled_ui.o (.rodata.str1.13271657277589579873.1)
                  00017e34    00000008     balance_tuning.o (.rodata.str1.15238033161365484872.1)
                  00017e3c    00000008     balance_tuning.o (.rodata.str1.17166399224375095386.1)
                  00017e44    00000008     oled_ui.o (.rodata.str1.17464849429964608858.1)
                  00017e4c    00000008     balance_tuning.o (.rodata.str1.2493145903068608615.1)
                  00017e54    00000008     balance_tuning.o (.rodata.str1.4629573628335303588.1)
                  00017e5c    00000008     balance_tuning.o (.rodata.str1.9478990218017967919.1)
                  00017e64    00000007     oled_ui.o (.rodata.str1.1276391367487699528.1)
                  00017e6b    00000007     oled_ui.o (.rodata.str1.13871579367539052597.1)
                  00017e72    00000007     mission_library.o (.rodata.str1.1440970855772709381.1)
                  00017e79    00000007     balance_tuning.o (.rodata.str1.16975567547049602772.1)
                  00017e80    00000007     balance_tuning.o (.rodata.str1.3025565282533664955.1)
                  00017e87    00000007     oled_ui.o (.rodata.str1.4610220316623841660.1)
                  00017e8e    00000007     balance_tuning.o (.rodata.str1.4612574170956397295.1)
                  00017e95    00000007     balance_tuning.o (.rodata.str1.947389025480374218.1)
                  00017e9c    00000007     oled_ui.o (.rodata.str1.9646571805098343045.1)
                  00017ea3    00000007     oled_ui.o (.rodata.str1.9992244628984851027.1)
                  00017eaa    00000006     oled_ui.o (.rodata.str1.10077435089618835710.1)
                  00017eb0    00000006     oled_ui.o (.rodata.str1.1019225241002246410.1)
                  00017eb6    00000006     oled_ui.o (.rodata.str1.10600688730180713177.1)
                  00017ebc    00000006     balance_tuning.o (.rodata.str1.10969382713942392268.1)
                  00017ec2    00000006     oled_ui.o (.rodata.str1.11232419324784801130.1)
                  00017ec8    00000006     balance_tuning.o (.rodata.str1.11812704373018521324.1)
                  00017ece    00000006     oled_ui.o (.rodata.str1.12571791089077708471.1)
                  00017ed4    00000006     oled_ui.o (.rodata.str1.1445687256832830955.1)
                  00017eda    00000006     oled_ui.o (.rodata.str1.14748562464132904299.1)
                  00017ee0    00000006     oled_ui.o (.rodata.str1.15817398807211891688.1)
                  00017ee6    00000006     oled_ui.o (.rodata.str1.16411631209783952401.1)
                  00017eec    00000006     oled_ui.o (.rodata.str1.17717236995185551183.1)
                  00017ef2    00000006     balance_tuning.o (.rodata.str1.212598471458399308.1)
                  00017ef8    00000006     oled_ui.o (.rodata.str1.240075016795266086.1)
                  00017efe    00000006     oled_ui.o (.rodata.str1.2656948373757303877.1)
                  00017f04    00000006     oled_ui.o (.rodata.str1.3247264562726604308.1)
                  00017f0a    00000006     balance_tuning.o (.rodata.str1.4034695520341852388.1)
                  00017f10    00000006     balance_tuning.o (.rodata.str1.4787913558422352643.1)
                  00017f16    00000006     oled_ui.o (.rodata.str1.4932371652560868037.1)
                  00017f1c    00000006     oled_ui.o (.rodata.str1.5376340479846291137.1)
                  00017f22    00000006     oled_ui.o (.rodata.str1.5948326995020184415.1)
                  00017f28    00000006     oled_ui.o (.rodata.str1.7050595558965647569.1)
                  00017f2e    00000006     oled_ui.o (.rodata.str1.7481335054564682966.1)
                  00017f34    00000006     oled_ui.o (.rodata.str1.8018480777946742726.1)
                  00017f3a    00000006     oled_ui.o (.rodata.str1.8783421139296713095.1)
                  00017f40    00000006     oled_ui.o (.rodata.str1.9544068167406571052.1)
                  00017f46    00000005     motion_action.o (.rodata..Lswitch.table.MotionAction_Update_20ms)
                  00017f4b    00000005     oled.o (.rodata.oled_get_glyph.colon)
                  00017f50    00000005     oled.o (.rodata.oled_get_glyph.eight)
                  00017f55    00000005     oled.o (.rodata.oled_get_glyph.five)
                  00017f5a    00000005     oled.o (.rodata.oled_get_glyph.four)
                  00017f5f    00000005     oled.o (.rodata.oled_get_glyph.glyphA)
                  00017f64    00000005     oled.o (.rodata.oled_get_glyph.glyphB)
                  00017f69    00000005     oled.o (.rodata.oled_get_glyph.glyphC)
                  00017f6e    00000005     oled.o (.rodata.oled_get_glyph.glyphD)
                  00017f73    00000005     oled.o (.rodata.oled_get_glyph.glyphE)
                  00017f78    00000005     oled.o (.rodata.oled_get_glyph.glyphF)
                  00017f7d    00000005     oled.o (.rodata.oled_get_glyph.glyphG)
                  00017f82    00000005     oled.o (.rodata.oled_get_glyph.glyphH)
                  00017f87    00000005     oled.o (.rodata.oled_get_glyph.glyphI)
                  00017f8c    00000005     oled.o (.rodata.oled_get_glyph.glyphK)
                  00017f91    00000005     oled.o (.rodata.oled_get_glyph.glyphL)
                  00017f96    00000005     oled.o (.rodata.oled_get_glyph.glyphM)
                  00017f9b    00000005     oled.o (.rodata.oled_get_glyph.glyphN)
                  00017fa0    00000005     oled.o (.rodata.oled_get_glyph.glyphO)
                  00017fa5    00000005     oled.o (.rodata.oled_get_glyph.glyphP)
                  00017faa    00000005     oled.o (.rodata.oled_get_glyph.glyphR)
                  00017faf    00000005     oled.o (.rodata.oled_get_glyph.glyphS)
                  00017fb4    00000005     oled.o (.rodata.oled_get_glyph.glyphT)
                  00017fb9    00000005     oled.o (.rodata.oled_get_glyph.glyphU)
                  00017fbe    00000005     oled.o (.rodata.oled_get_glyph.glyphV)
                  00017fc3    00000005     oled.o (.rodata.oled_get_glyph.glyphW)
                  00017fc8    00000005     oled.o (.rodata.oled_get_glyph.glyphX)
                  00017fcd    00000005     oled.o (.rodata.oled_get_glyph.glyphY)
                  00017fd2    00000005     oled.o (.rodata.oled_get_glyph.glyphb)
                  00017fd7    00000005     oled.o (.rodata.oled_get_glyph.gt)
                  00017fdc    00000005     oled.o (.rodata.oled_get_glyph.minus)
                  00017fe1    00000005     oled.o (.rodata.oled_get_glyph.nine)
                  00017fe6    00000005     oled.o (.rodata.oled_get_glyph.one)
                  00017feb    00000005     oled.o (.rodata.oled_get_glyph.seven)
                  00017ff0    00000005     oled.o (.rodata.oled_get_glyph.six)
                  00017ff5    00000005     oled.o (.rodata.oled_get_glyph.space)
                  00017ffa    00000005     oled.o (.rodata.oled_get_glyph.three)
                  00017fff    00000005     oled.o (.rodata.oled_get_glyph.two)
                  00018004    00000005     oled.o (.rodata.oled_get_glyph.zero)
                  00018009    00000005     oled_ui.o (.rodata.str1.11049990970699464748.1)
                  0001800e    00000005     oled_ui.o (.rodata.str1.11627403558423016802.1)
                  00018013    00000005     oled_ui.o (.rodata.str1.12182588061437138428.1)
                  00018018    00000005     oled_ui.o (.rodata.str1.12359577037488465078.1)
                  0001801d    00000005     oled_ui.o (.rodata.str1.12493748764729730277.1)
                  00018022    00000005     oled_ui.o (.rodata.str1.12504350857748951577.1)
                  00018027    00000005     oled_ui.o (.rodata.str1.12617122458660443890.1)
                  0001802c    00000005     balance_tuning.o (.rodata.str1.12734032557881089407.1)
                  00018031    00000005     fault.o (.rodata.str1.14435905801345341244.1)
                  00018036    00000005     fault.o (.rodata.str1.1506612114648992996.1)
                  0001803b    00000005     balance_tuning.o (.rodata.str1.15069732734787989725.1)
                  00018040    00000005     oled_ui.o (.rodata.str1.15132332204781002199.1)
                  00018045    00000005     oled_ui.o (.rodata.str1.15575624326185233262.1)
                  0001804a    00000005     oled_ui.o (.rodata.str1.15577080202403550426.1)
                  0001804f    00000005     oled_ui.o (.rodata.str1.15613891207764622616.1)
                  00018054    00000005     oled_ui.o (.rodata.str1.15802367878353263018.1)
                  00018059    00000005     oled_ui.o (.rodata.str1.15829239520183577662.1)
                  0001805e    00000005     balance_tuning.o (.rodata.str1.16296215605590053309.1)
                  00018063    00000005     oled_ui.o (.rodata.str1.16526439943277383452.1)
                  00018068    00000005     balance_tuning.o (.rodata.str1.16624360291371912819.1)
                  0001806d    00000005     oled_ui.o (.rodata.str1.16939060351352778619.1)
                  00018072    00000005     oled_ui.o (.rodata.str1.17067061841413117831.1)
                  00018077    00000005     fault.o (.rodata.str1.17097894860660336008.1)
                  0001807c    00000005     fault.o (.rodata.str1.17155043670132108083.1)
                  00018081    00000005     oled_ui.o (.rodata.str1.17436941090773226089.1)
                  00018086    00000005     oled_ui.o (.rodata.str1.17678525341650131470.1)
                  0001808b    00000005     oled_ui.o (.rodata.str1.17763996158807330232.1)
                  00018090    00000005     oled_ui.o (.rodata.str1.17884296644359297425.1)
                  00018095    00000005     oled_ui.o (.rodata.str1.2002540315216928218.1)
                  0001809a    00000005     fault.o (.rodata.str1.2104670281202025270.1)
                  0001809f    00000005     oled_ui.o (.rodata.str1.2193316011307952170.1)
                  000180a4    00000005     oled_ui.o (.rodata.str1.2308938766145545715.1)
                  000180a9    00000005     oled_ui.o (.rodata.str1.2522137003438374266.1)
                  000180ae    00000005     oled_ui.o (.rodata.str1.270145429241168923.1)
                  000180b3    00000005     oled_ui.o (.rodata.str1.2714695401222167146.1)
                  000180b8    00000005     oled_ui.o (.rodata.str1.344790106308886506.1)
                  000180bd    00000005     oled_ui.o (.rodata.str1.3455423528827705371.1)
                  000180c2    00000005     oled_ui.o (.rodata.str1.35417727660486075.1)
                  000180c7    00000005     oled_ui.o (.rodata.str1.4082595774073207366.1)
                  000180cc    00000005     balance_tuning.o (.rodata.str1.437153270038012910.1)
                  000180d1    00000005     fault.o (.rodata.str1.4453281041433270631.1)
                  000180d6    00000005     fault.o (.rodata.str1.4549004730087743662.1)
                  000180db    00000005     oled_ui.o (.rodata.str1.4581472623415959594.1)
                  000180e0    00000005     oled_ui.o (.rodata.str1.4723632947289500520.1)
                  000180e5    00000005     menu.o (.rodata.str1.4862307748908978627.1)
                  000180ea    00000005     oled_ui.o (.rodata.str1.5291836437463020264.1)
                  000180ef    00000005     balance_tuning.o (.rodata.str1.5712957265389193314.1)
                  000180f4    00000005     oled_ui.o (.rodata.str1.5965450730569173784.1)
                  000180f9    00000005     fault.o (.rodata.str1.6372787129294360447.1)
                  000180fe    00000005     oled_ui.o (.rodata.str1.6398192001994169976.1)
                  00018103    00000005     fault.o (.rodata.str1.6437946768974223044.1)
                  00018108    00000005     oled_ui.o (.rodata.str1.6473435968988645044.1)
                  0001810d    00000005     balance_tuning.o (.rodata.str1.6698858527707543766.1)
                  00018112    00000005     oled_ui.o (.rodata.str1.6744096065564390185.1)
                  00018117    00000005     oled_ui.o (.rodata.str1.6806727740681590176.1)
                  0001811c    00000005     oled_ui.o (.rodata.str1.6954814719705590448.1)
                  00018121    00000005     oled_ui.o (.rodata.str1.763101100280173925.1)
                  00018126    00000005     oled_ui.o (.rodata.str1.7774807581888385879.1)
                  0001812b    00000005     balance_tuning.o (.rodata.str1.7805572866881257290.1)
                  00018130    00000005     balance_tuning.o (.rodata.str1.7922330767575921184.1)
                  00018135    00000005     oled_ui.o (.rodata.str1.8124536758062367015.1)
                  0001813a    00000005     fault.o (.rodata.str1.8185770893384132067.1)
                  0001813f    00000005     oled_ui.o (.rodata.str1.8399051469953744892.1)
                  00018144    00000005     oled_ui.o (.rodata.str1.8426569189266129334.1)
                  00018149    00000005     oled_ui.o (.rodata.str1.8449035241871861290.1)
                  0001814e    00000005     oled_ui.o (.rodata.str1.8471462185882660445.1)
                  00018153    00000005     oled_ui.o (.rodata.str1.8615431116298670950.1)
                  00018158    00000005     oled_ui.o (.rodata.str1.8693388333057100694.1)
                  0001815d    00000005     oled_ui.o (.rodata.str1.9044019526854345694.1)
                  00018162    00000005     oled_ui.o (.rodata.str1.9135818829835424837.1)
                  00018167    00000005     oled_ui.o (.rodata.str1.9611283282870761829.1)
                  0001816c    00000004     oled_ui.o (.rodata.str1.10568433575767188072.1)
                  00018170    00000004     oled_ui.o (.rodata.str1.11149198520117834688.1)
                  00018174    00000004     oled_ui.o (.rodata.str1.11388022865931857840.1)
                  00018178    00000004     oled_ui.o (.rodata.str1.11428648044669318875.1)
                  0001817c    00000004     oled_ui.o (.rodata.str1.11614055506586029288.1)
                  00018180    00000004     balance_tuning.o (.rodata.str1.11637300377853929957.1)
                  00018184    00000004     oled_ui.o (.rodata.str1.11794000050372113979.1)
                  00018188    00000004     oled_ui.o (.rodata.str1.12595606217184830646.1)
                  0001818c    00000004     oled_ui.o (.rodata.str1.12888220461447056082.1)
                  00018190    00000004     oled_ui.o (.rodata.str1.12928245060369742404.1)
                  00018194    00000004     oled_ui.o (.rodata.str1.13244290092665904221.1)
                  00018198    00000004     balance_tuning.o (.rodata.str1.13554789348763976691.1)
                  0001819c    00000004     oled_ui.o (.rodata.str1.13567883086814673087.1)
                  000181a0    00000004     fault.o (.rodata.str1.13582094816268305212.1)
                  000181a4    00000004     oled_ui.o (.rodata.str1.13750180467131823662.1)
                  000181a8    00000004     oled_ui.o (.rodata.str1.13790669171379415506.1)
                  000181ac    00000004     oled_ui.o (.rodata.str1.13875148296791986931.1)
                  000181b0    00000004     oled_ui.o (.rodata.str1.13892659840332223045.1)
                  000181b4    00000004     oled_ui.o (.rodata.str1.14132186318895045592.1)
                  000181b8    00000004     oled_ui.o (.rodata.str1.14168333168339663346.1)
                  000181bc    00000004     oled_ui.o (.rodata.str1.14265077442249237877.1)
                  000181c0    00000004     oled_ui.o (.rodata.str1.14556837007311414654.1)
                  000181c4    00000004     oled_ui.o (.rodata.str1.14675223611663555778.1)
                  000181c8    00000004     oled_ui.o (.rodata.str1.14740362735394205067.1)
                  000181cc    00000004     oled_ui.o (.rodata.str1.15008238333949226094.1)
                  000181d0    00000004     menu.o (.rodata.str1.16312125044762562515.1)
                  000181d4    00000004     fault.o (.rodata.str1.16482347271627360806.1)
                  000181d8    00000004     oled_ui.o (.rodata.str1.16554583589798097927.1)
                  000181dc    00000004     balance_tuning.o (.rodata.str1.16687097882701048688.1)
                  000181e0    00000004     oled_ui.o (.rodata.str1.16849766574302683489.1)
                  000181e4    00000004     oled_ui.o (.rodata.str1.16895433903389883335.1)
                  000181e8    00000004     oled_ui.o (.rodata.str1.16931641404301806744.1)
                  000181ec    00000004     menu.o (.rodata.str1.17041139162815566052.1)
                  000181f0    00000004     oled_ui.o (.rodata.str1.17242430504649735449.1)
                  000181f4    00000004     oled_ui.o (.rodata.str1.17274519358952562110.1)
                  000181f8    00000004     balance_tuning.o (.rodata.str1.17389270080926788623.1)
                  000181fc    00000004     oled_ui.o (.rodata.str1.17881291656140238186.1)
                  00018200    00000004     oled_ui.o (.rodata.str1.18128648927899109887.1)
                  00018204    00000004     oled_ui.o (.rodata.str1.18190418239766617312.1)
                  00018208    00000004     oled_ui.o (.rodata.str1.182352409660151230.1)
                  0001820c    00000004     oled_ui.o (.rodata.str1.18266126048138325213.1)
                  00018210    00000004     oled_ui.o (.rodata.str1.18379317056176403938.1)
                  00018214    00000004     oled_ui.o (.rodata.str1.2742282290834473644.1)
                  00018218    00000004     balance_tuning.o (.rodata.str1.3233384059104302595.1)
                  0001821c    00000004     oled_ui.o (.rodata.str1.3407221357956504873.1)
                  00018220    00000004     oled_ui.o (.rodata.str1.3467953211977455017.1)
                  00018224    00000004     oled_ui.o (.rodata.str1.3702290527496711532.1)
                  00018228    00000004     oled_ui.o (.rodata.str1.4551794666512319153.1)
                  0001822c    00000004     oled_ui.o (.rodata.str1.4581686099848791648.1)
                  00018230    00000004     menu.o (.rodata.str1.4646809750356241979.1)
                  00018234    00000004     oled_ui.o (.rodata.str1.4691821198597473371.1)
                  00018238    00000004     oled_ui.o (.rodata.str1.5004483696121082904.1)
                  0001823c    00000004     oled_ui.o (.rodata.str1.5463568455719735.1)
                  00018240    00000004     oled_ui.o (.rodata.str1.5689016102676777062.1)
                  00018244    00000004     oled_ui.o (.rodata.str1.5853739094453432564.1)
                  00018248    00000004     oled_ui.o (.rodata.str1.58703915094955230.1)
                  0001824c    00000004     oled_ui.o (.rodata.str1.6835749436006845616.1)
                  00018250    00000004     balance_tuning.o (.rodata.str1.6917382548022814571.1)
                  00018254    00000004     oled_ui.o (.rodata.str1.7185587941321649510.1)
                  00018258    00000004     oled_ui.o (.rodata.str1.7205245123442117851.1)
                  0001825c    00000004     oled_ui.o (.rodata.str1.7219546930854689545.1)
                  00018260    00000004     fault.o (.rodata.str1.7255546073596598018.1)
                  00018264    00000004     oled_ui.o (.rodata.str1.7419768602719733415.1)
                  00018268    00000004     oled_ui.o (.rodata.str1.799718701096035713.1)
                  0001826c    00000004     oled_ui.o (.rodata.str1.8236579331345056500.1)
                  00018270    00000004     oled_ui.o (.rodata.str1.8403269972884532600.1)
                  00018274    00000004     oled_ui.o (.rodata.str1.8460525935980491721.1)
                  00018278    00000004     oled_ui.o (.rodata.str1.8709745090823444516.1)
                  0001827c    00000004     oled_ui.o (.rodata.str1.9102528229756940648.1)
                  00018280    00000004     oled_ui.o (.rodata.str1.9159586779647977165.1)
                  00018284    00000004     oled_ui.o (.rodata.str1.9250665025187963892.1)
                  00018288    00000004     oled_ui.o (.rodata.str1.9295666102996717355.1)
                  0001828c    00000004     menu.o (.rodata.str1.9546740394641817443.1)
                  00018290    00000004     oled_ui.o (.rodata.str1.967006512144173535.1)
                  00018294    00000004     oled_ui.o (.rodata.str1.9822857334037886482.1)
                  00018298    00000004     oled_ui.o (.rodata.str1.9854382722193312766.1)
                  0001829c    00000003     oled_ui.o (.rodata.str1.10263419832828250601.1)
                  0001829f    00000003     oled_ui.o (.rodata.str1.10509309789429088155.1)
                  000182a2    00000003     oled_ui.o (.rodata.str1.10907125332684471422.1)
                  000182a5    00000003     oled_ui.o (.rodata.str1.1108652269057166745.1)
                  000182a8    00000003     oled_ui.o (.rodata.str1.11178346780556493352.1)
                  000182ab    00000003     menu.o (.rodata.str1.12110183915172842339.1)
                  000182ae    00000003     balance_tuning.o (.rodata.str1.12233546741183254892.1)
                  000182b1    00000003     oled_ui.o (.rodata.str1.12983537867572525563.1)
                  000182b4    00000003     menu.o (.rodata.str1.13124720451672825294.1)
                  000182b7    00000003     balance_tuning.o (.rodata.str1.14081320955337914945.1)
                  000182ba    00000003     menu.o (.rodata.str1.14098755746347272832.1)
                  000182bd    00000003     oled_ui.o (.rodata.str1.14134189893851348960.1)
                  000182c0    00000003     oled_ui.o (.rodata.str1.14142815821055334776.1)
                  000182c3    00000003     oled_ui.o (.rodata.str1.14358698208395374265.1)
                  000182c6    00000003     oled_ui.o (.rodata.str1.15859922799842739878.1)
                  000182c9    00000003     oled_ui.o (.rodata.str1.15935041339501476673.1)
                  000182cc    00000003     balance_tuning.o (.rodata.str1.16612448349671680203.1)
                  000182cf    00000003     oled_ui.o (.rodata.str1.16635595130967924751.1)
                  000182d2    00000003     oled_ui.o (.rodata.str1.17719310104486814868.1)
                  000182d5    00000003     oled_ui.o (.rodata.str1.17747339173178619492.1)
                  000182d8    00000003     oled_ui.o (.rodata.str1.17812014771544466701.1)
                  000182db    00000003     balance_tuning.o (.rodata.str1.190387033829999932.1)
                  000182de    00000003     oled_ui.o (.rodata.str1.2603845803395459882.1)
                  000182e1    00000003     oled_ui.o (.rodata.str1.2983744876309220570.1)
                  000182e4    00000003     balance_tuning.o (.rodata.str1.3558965309215986498.1)
                  000182e7    00000003     oled_ui.o (.rodata.str1.4193589846040060630.1)
                  000182ea    00000003     oled_ui.o (.rodata.str1.4402311448527872260.1)
                  000182ed    00000003     oled_ui.o (.rodata.str1.6350830172869379626.1)
                  000182f0    00000003     menu.o (.rodata.str1.6857549598058878762.1)
                  000182f3    00000003     fault.o (.rodata.str1.8193046109637024842.1)
                  000182f6    00000003     oled_ui.o (.rodata.str1.8703997732205428909.1)
                  000182f9    00000003     oled_ui.o (.rodata.str1.8950259614286592359.1)
                  000182fc    00000003     oled_ui.o (.rodata.str1.9554470707595806150.1)
                  000182ff    00000002     balance_tuning.o (.rodata.str1.12833110812472946424.1)
                  00018301    00000002     oled_ui.o (.rodata.str1.16496169091617228061.1)
                  00018303    00000002     oled_ui.o (.rodata.str1.3025253791635144717.1)
                  00018305    00000003     --HOLE-- [fill = 0]

.init_array 
*          0    00000000    00000000     UNINITIALIZED

.binit     0    00018398    00000010     
                  00018398    00000010     (.binit)

.TI.bound:g_balanceCalibrationReservedSector 
*          0    0001fc00    00000400     
                  0001fc00    00000400     balance_calibration_store.o (.TI.bound:g_balanceCalibrationReservedSector)

.bss       0    20200000    00001962     UNINITIALIZED
                  20200000    00000800     balance_tuning.o (.bss.g_txRing)
                  20200800    00000400     oled.o (.bss.g_oledFrame)
                  20200c00    00000200     vision_receiver.o (.bss.g_ring)
                  20200e00    000001d0     runtime_snapshot.o (.bss.g_snapshot)
                  20200fd0    00000110     (.common:g_appConfig)
                  202010e0    00000100     balance_tuning.o (.bss.g_rxRing)
                  202011e0    00000084     (.common:g_imuRuntime)
                  20201264    0000007c     motor_control.o (.bss.g_runtime)
                  202012e0    00000070     (.common:g_appRuntime)
                  20201350    00000060     vision_receiver.o (.bss.g_line)
                  202013b0    0000005c     balance_soft_limits.o (.bss.g_runtime)
                  2020140c    00000058     vision_receiver.o (.bss.g_status)
                  20201464    00000004     imu.o (.bss.g_elapsedSinceValidSampleMs)
                  20201468    00000058     (.common:g_wheelSpeedEstimatorRuntime)
                  202014c0    00000044     balance_position_control.o (.bss.g_runtime)
                  20201504    00000004     balance_position_control.o (.bss.g_lastEncoderCount)
                  20201508    00000040     gimbal.o (.bss.g_feedback)
                  20201548    00000040     line_controller.o (.bss.g_lineRuntime)
                  20201588    00000040     balance_ball_control.o (.bss.g_runtime)
                  202015c8    00000030     balance_tuning.o (.bss.g_line)
                  202015f8    00000030     (.common:gUART_VISIONBackup)
                  20201628    0000002c     vision_receiver.o (.bss.g_observation)
                  20201654    0000002c     empty.o (.bss.g_schedulerStats)
                  20201680    00000028     vision_receiver.o (.bss.g_ballPositionObservation)
                  202016a8    00000028     balance_tuning.o (.bss.g_debug)
                  202016d0    00000020     bluetooth_uart.o (.bss.g_runtime)
                  202016f0    0000001c     mission_manager.o (.bss.g_missionRuntime)
                  2020170c    0000001c     balance_encoder.o (.bss.g_runtime)
                  20201728    0000001c     balance_tuning.o (.bss.g_status)
                  20201744    0000001c     (.common:g_headingRuntime)
                  20201760    00000018     obstacle_avoidance.o (.bss.g_avoidFeedback)
                  20201778    00000018     balance_ball_control.o (.bss.g_config)
                  20201790    00000018     gimbal_stepper.o (.bss.g_feedback)
                  202017a8    00000018     vision_tuning_console.o (.bss.g_status)
                  202017c0    00000014     motion_action.o (.bss.g_motionActionRuntime)
                  202017d4    00000014     watchdog_monitor.o (.bss.g_status)
                  202017e8    00000010     fault.o (.bss.g_faultRecord)
                  202017f8    00000010     motor.o (.bss.g_motorRuntime)
                  20201808    0000000e     car_controller.o (.bss.g_carControllerFeedback)
                  20201816    00000002     ultrasonic.o (.bss.g_echoTicks)
                  20201818    0000000e     ultrasonic.o (.bss.g_ultrasonicFeedback)
                  20201826    00000002     balance_ball_control.o (.bss.g_lastPositionMm)
                  20201828    0000000c     magnet.o (.bss.g_runtime)
                  20201834    0000000c     debug_telemetry.o (.bss.g_status)
                  20201840    0000000c     balance_soft_limits.o (.bss.g_storedLimits)
                  2020184c    00000004     debug_telemetry.o (.bss.g_lastFrameMs)
                  20201850    00000008     balance_position_control.o (.bss.g_lastStepCount)
                  20201858    00000008     balance_position_control.o (.bss.g_moveStartStepCount)
                  20201860    00000008     obstacle_monitor.o (.bss.g_obstacleFeedback)
                  20201868    00000008     gimbal_stepper.o (.bss.g_stepperEstimatedSteps)
                  20201870    00000008     gimbal_stepper.o (.bss.g_stepperTargetEstimatedSteps)
                  20201878    00000008     gimbal.o (.bss.g_yawContinuousDegX10)
                  20201880    00000008     gimbal.o (.bss.g_yawLockedWorldYawDegX10)
                  20201888    00000008     gimbal.o (.bss.g_yawTargetContinuousDegX10)
                  20201890    00000008     gimbal.o (.bss.g_yawWorldTargetDegX10)
                  20201898    00000008     gimbal.o (.bss.g_yawWrappedDegX10)
                  202018a0    00000006     ultrasonic.o (.bss.g_distanceSamples)
                  202018a6    00000006     key.o (.bss.g_key1)
                  202018ac    00000006     key.o (.bss.g_key2)
                  202018b2    00000006     key.o (.bss.g_key3)
                  202018b8    00000004     balance_ball_control.o (.bss.g_lastObservationUpdateCount)
                  202018bc    00000004     balance_ball_control.o (.bss.g_lastPositionTimeMs)
                  202018c0    00000004     balance_calibration_store.o (.bss.g_lastSequence)
                  202018c4    00000004     balance_ball_control.o (.bss.g_lastSessionId)
                  202018c8    00000004     vision_receiver.o (.bss.g_lastSourceTimestampMs)
                  202018cc    00000004     watchdog_monitor.o (.bss.g_lastTickMs)
                  202018d0    00000004     wheel_speed_estimator.o (.bss.g_latchedErrorFlags)
                  202018d4    00000004     vision_receiver.o (.bss.g_localSessionId)
                  202018d8    00000004     empty.o (.bss.g_localTimeMs)
                  202018dc    00000004     encoder.o (.bss.g_motorAPulses)
                  202018e0    00000004     encoder.o (.bss.g_motorBPulses)
                  202018e4    00000004     balance_position_control.o (.bss.g_moveStartEncoderCount)
                  202018e8    00000004     imu.o (.bss.g_previousValidCorrectedGyroZDps)
                  202018ec    00000004     mission_manager.o (.bss.g_selectedDefinition)
                  202018f0    00000004     servo.o (.bss.g_servoFeedback)
                  202018f4    00000004     balance_encoder.o (.bss.g_speedLastCount)
                  202018f8    00000004     balance_position_control.o (.bss.g_startSoftLimitClampCount)
                  202018fc    00000004     balance_position_control.o (.bss.g_stepConversionResidualNumerator)
                  20201900    00000004     gimbal_stepper.o (.bss.g_stepperCompletedSteps)
                  20201904    00000004     gimbal.o (.bss.g_yawCommandedRpm)
                  20201908    00000004     gimbal.o (.bss.g_yawTargetRpm)
                  2020190c    00000004     empty.o (.bss.main.lastAppUpdateMs)
                  20201910    00000002     vision_receiver.o (.bss.g_lineSize)
                  20201912    00000002     vision_receiver.o (.bss.g_ringHead)
                  20201914    00000002     vision_receiver.o (.bss.g_ringTail)
                  20201916    00000002     balance_tuning.o (.bss.g_rxHead)
                  20201918    00000002     balance_tuning.o (.bss.g_rxTail)
                  2020191a    00000002     servo.o (.bss.g_servoPwmPhase)
                  2020191c    00000002     ultrasonic.o (.bss.g_stateTicks)
                  2020191e    00000002     gimbal_stepper.o (.bss.g_stepperHalfPeriodTicks)
                  20201920    00000002     gimbal_stepper.o (.bss.g_stepperStepHalfPeriodTicks)
                  20201922    00000002     balance_position_control.o (.bss.g_trackingDeadbandCount)
                  20201924    00000002     balance_position_control.o (.bss.g_trackingReengageCount)
                  20201926    00000002     balance_tuning.o (.bss.g_txHead)
                  20201928    00000002     balance_tuning.o (.bss.g_txTail)
                  2020192a    00000002     (.common:g_trackError)
                  2020192c    00000001     oled_ui.o (.bss.OledUi_Update_20ms.flushRow)
                  2020192d    00000001     oled_ui.o (.bss.OledUi_Update_20ms.refreshDivider)
                  2020192e    00000001     empty.o (.bss.SysTick_Handler.balanceEncoderSpeedMsCount)
                  2020192f    00000001     empty.o (.bss.SysTick_Handler.controlMsCount)
                  20201930    00000001     empty.o (.bss.SysTick_Handler.tick100usCount)
                  20201931    00000001     ultrasonic.o (.bss.Ultrasonic_Update_20ms.triggerDivider)
                  20201932    00000001     empty.o (.bss.g_appUpdatePending)
                  20201933    00000001     car_state.o (.bss.g_carState)
                  20201934    00000001     obstacle_monitor.o (.bss.g_centerSettleTicks)
                  20201935    00000001     balance_tuning.o (.bss.g_discardLine)
                  20201936    00000001     vision_receiver.o (.bss.g_discardUntilNewline)
                  20201937    00000001     ultrasonic.o (.bss.g_distanceSampleCount)
                  20201938    00000001     ultrasonic.o (.bss.g_distanceSampleIndex)
                  20201939    00000001     emergency_stop.o (.bss.g_emergencyStopActive)
                  2020193a    00000001     watchdog_monitor.o (.bss.g_faultApplied)
                  2020193b    00000001     watchdog_monitor.o (.bss.g_faultPending)
                  2020193c    00000001     balance_tuning.o (.bss.g_forceDebugSnapshot)
                  2020193d    00000001     imu.o (.bss.g_integrationHistoryValid)
                  2020193e    00000001     wheel_speed_estimator.o (.bss.g_leftFilterInitialized)
                  2020193f    00000001     balance_tuning.o (.bss.g_lineLength)
                  20201940    00000001     obstacle_safety.o (.bss.g_obstacleSafetyHolding)
                  20201941    00000001     oled.o (.bss.g_oledColumn)
                  20201942    00000001     menu.o (.bss.g_oledPage)
                  20201943    00000001     oled.o (.bss.g_oledPage)
                  20201944    00000001     encoder.o (.bss.g_overflowFlags)
                  20201945    00000001     menu.o (.bss.g_paramItem)
                  20201946    00000001     menu.o (.bss.g_paramReturnPage)
                  20201947    00000001     key.o (.bss.g_pendingEvent)
                  20201948    00000001     mission_manager.o (.bss.g_resumeCurrentAction)
                  20201949    00000001     wheel_speed_estimator.o (.bss.g_rightFilterInitialized)
                  2020194a    00000001     car_controller.o (.bss.g_safetyHold)
                  2020194b    00000001     imu.o (.bss.g_shortGapPending)
                  2020194c    00000001     gimbal_stepper.o (.bss.g_stepperDirection)
                  2020194d    00000001     gimbal_stepper.o (.bss.g_stepperRunning)
                  2020194e    00000001     gimbal_stepper.o (.bss.g_stepperStepHigh)
                  2020194f    00000001     gimbal_stepper.o (.bss.g_stepperStopAfterStepLow)
                  20201950    00000001     balance_soft_limits.o (.bss.g_storedLimitsValid)
                  20201951    00000001     motor_control.o (.bss.g_targetRefreshed)
                  20201952    00000001     mission_manager.o (.bss.g_transientActionActive)
                  20201953    00000001     ultrasonic.o (.bss.g_triggerRequest)
[...]
00013975  CarController_StartDriveDistance                  
00013a49  GimbalStepper_MoveRelativeSteps                   
00013b1d  BalanceEncoder_HandleGpioInterrupt                
00013be9  OledUi_Update_20ms                                
00013cb5  FaultCode_ToShortString                           
00013d7d  Angle_Normalize180                                
00013efd  BalanceBallControl_SetConfig                      
00013fb9  BalanceSoftLimits_Init                            
00014075  CarController_ResetRuntime                        
00014131  Menu_GetParamValue                                
000141ed  GimbalStepper_StopHold                            
000142a1  GimbalStepper_Init                                
00014351  SysTick_Handler                                   
00014401  BalanceSoftLimits_StartPositionMoveToLogicalCount 
000144ad  BalanceSoftLimits_ArmRecalibration                
00014555  Encoder_HandleGpioInterrupt                       
0001469d  __udivmoddi4                                      
0001473f  ADC0_IRQHandler                                   
0001473f  ADC1_IRQHandler                                   
0001473f  AES_IRQHandler                                    
0001473f  CANFD0_IRQHandler                                 
0001473f  DAC0_IRQHandler                                   
0001473f  DMA_IRQHandler                                    
0001473f  Default_Handler                                   
0001473f  GROUP0_IRQHandler                                 
0001473f  HardFault_Handler                                 
0001473f  I2C0_IRQHandler                                   
0001473f  I2C1_IRQHandler                                   
0001473f  NMI_Handler                                       
0001473f  PendSV_Handler                                    
0001473f  RTC_IRQHandler                                    
0001473f  SPI0_IRQHandler                                   
0001473f  SPI1_IRQHandler                                   
0001473f  SVC_Handler                                       
0001473f  TIMA0_IRQHandler                                  
0001473f  TIMA1_IRQHandler                                  
0001473f  TIMG0_IRQHandler                                  
0001473f  TIMG12_IRQHandler                                 
0001473f  TIMG6_IRQHandler                                  
0001473f  TIMG7_IRQHandler                                  
0001473f  TIMG8_IRQHandler                                  
0001473f  UART0_IRQHandler                                  
0001473f  UART1_IRQHandler                                  
00014741  BalanceSoftLimits_AbortCalibration                
00014881  ObstacleMonitor_Update_20ms                       
0001491d  memcpy                                            
000149b7  ObstacleAvoidance_Update_20ms                     
000149b9  BalancePositionControl_ResetFault                 
00014a51  BalanceSoftLimits_CancelRecalibration             
00014b81  CarController_StartTurnToYawRelative              
00014c15  CarController_ResetTransientState                 
00014ca5  SYSCFG_DL_PWM_MOTOR_init                          
00014d31  SYSCFG_DL_UART_BALANCE_TUNING_init                
00014dbd  __aeabi_fmul                                      
00014dbd  __mulsf3                                          
00014ed5  BalanceEncoder_GetCountAtomic                     
00014ee1  strcmp                                            
00014f69  CarController_SetSafetyHold                       
00014fed  GimbalStepper_ConfirmZero                         
00015071  Motor_Init                                        
000150f5  __aeabi_fdiv                                      
000150f5  __divsf3                                          
00015177  TrackSensor_Init                                  
00015179  BalancePositionControl_Init                       
000151f9  BalanceTuning_Init                                
00015279  CarController_StartDriveHeading                   
000152f9  Motor_Stop                                        
00015379  App_Init                                          
000153f7  __aeabi_idiv0                                     
000153f9  BalanceSoftLimits_Enforce100usFromIsr             
00015475  __TI_decompress_lzss                              
00015651  GimbalStepper_Release                             
000156c1  SYSCFG_DL_UART_VISION_init                        
00015731  TrackSensor_DetectTurn                            
0001579f  __aeabi_ldiv0                                     
000157a1  MissionManager_GetSelectedMissionIndex            
00015871  TrackSensor_GetErrorFromRaw                       
000158d9  BalanceBallControl_Init                           
0001593d  BalanceSoftLimits_ResetPositionFault              
000159a1  MissionManager_Start                              
00015a05  App_ResetToReady                                  
00015a69  __aeabi_fcmpeq                                    
00015a7d  __aeabi_fcmplt                                    
00015a91  __aeabi_fcmple                                    
00015aa5  __aeabi_fcmpge                                    
00015ab9  __aeabi_fcmpgt                                    
00015acb  memset                                            
00015b2d  UART2_IRQHandler                                  
00015b8d  __aeabi_f2lz                                      
00015b8d  __fixsfdi                                         
00015bed  Ultrasonic_Update_20ms                            
00015c49  VisionReceiver_Init                               
00015db9  BalanceEncoder_Init                               
00015e11  MissionManager_Init                               
00015e69  OLED_PrintChar                                    
00015f71  __aeabi_idiv                                      
00015f71  __aeabi_idivmod                                   
00015fc9  CarController_Stop                                
0001601d  TrackSensor_ReadRaw                               
00016071  WatchdogMonitor_ApplyFaultIfNeeded                
00016119  BalancePositionControl_SetTrackingTarget          
00016169  BalanceSoftLimits_GetSnapshot                     
000161b9  Ultrasonic_Init                                   
00016209  WatchdogMonitor_Tick1msFromIsr                    
00016259  __aeabi_l2f                                       
00016259  __floatdisf                                       
000162a9  MotorControl_Stop                                 
000162f5  copy_in                                           
0001638d  __TI_auto_init_nopinit                            
000163d9  DL_UART_init                                      
00016421  MissionManager_Cancel                             
00016469  SYSCFG_DL_initPower                               
000164b1  CarController_StartFollowLine                     
000164f5  EmergencyStop_Reset                               
00016539  Encoder_GetAndClearPulseDeltas                    
0001657d  Imu_ResetYaw                                      
000165c1  MissionManager_Reset                              
00016605  Servo_Tick100us                                   
00016649  UART3_IRQHandler                                  
0001668d  BalanceEncoder_GetSnapshot                        
000166cd  BalanceSoftLimits_StopMotion                      
0001670d  CarController_ResumeFollowLine                    
0001674d  Fault_Raise                                       
0001678d  SYSCFG_DL_SYSCTL_init                             
000167cd  VisionReceiver_PushByteFromIsr                    
0001680d  __aeabi_uidiv                                     
0001680d  __aeabi_uidivmod                                  
0001688d  __divmoddi4                                       
000168cd  BalanceBallControl_Enable                         
00016909  BalancePositionControl_Cancel                     
00016945  MissionLibrary_FindById                           
00016981  MissionManager_Resume                             
000169bd  Servo_SetAngleDeg                                 
000169f9  __aeabi_i2f                                       
000169f9  __floatsisf                                       
00016a35  __gesf2                                           
00016a35  __gtsf2                                           
00016aad  __cmpsf2                                          
00016aad  __eqsf2                                           
00016aad  __lesf2                                           
00016aad  __ltsf2                                           
00016aad  __nesf2                                           
00016ae9  __muldsi3                                         
00016b25  EmergencyStop_Trigger                             
00016b5d  __aeabi_f2iz                                      
00016b5d  __fixsfsi                                         
00016b95  BalancePositionControl_SetTrackingThresholds      
00016bc9  Imu_IsReady                                       
00016bfd  OLED_PrintString                                  
00016c31  Key_Init                                          
00016c61  LineController_ObserveSensors                     
00016c91  WatchdogMonitor_Init                              
00016cc1  WatchdogMonitor_Reset                             
00016cf1  BalancePositionControl_StartTracking              
00016d1d  Encoder_Reset                                     
00016d49  MissionManager_Pause                              
00016d75  TrackSensor_CountBlack                            
00016da1  BalanceBallControl_ResetConfig                    
00016dc9  BalanceSoftLimits_CancelTravelTest                
00016df1  DL_FlashCTL_programMemoryFromRAM64WithECCGenerated
00016e19  EmergencyStop_Enforce                             
00016e41  Magnet_ForceOff                                   
00016e69  SYSCFG_DL_init                                    
00016e91  Servo_Init                                        
00016eb9  __aeabi_ui2f                                      
00016eb9  __floatunsisf                                     
00016ee1  _c_int00_noargs                                   
00016f09  BalanceEncoder_SampleSpeed10msFromIsr             
00016f2d  BalancePositionControl_GetSnapshot                
00016f51  BalanceSoftLimits_CancelOscillationTest           
00016f75  GimbalStepper_GetFeedbackSnapshot                 
00016f99  MissionManager_ReportExternalFailure              
00016fbd  MotorControl_Init                                 
00016fe1  MotorControl_Reset                                
00017005  OLED_ClearBuffer                                  
00017029  __aeabi_lmul                                      
00017029  __muldi3                                          
0001704d  BalanceBallControl_GetSnapshot                    
0001706d  DL_Timer_overrideCCPOut                           
0001708d  DebugTelemetry_Update                             
000170ad  GROUP1_IRQHandler                                 
000170cd  Magnet_Init                                       
000170ed  OLED_SetCursor                                    
0001710d  SchedulerMonitor_GetStats                         
0001712d  VisionReceiver_GetProtocolErrorCount              
0001714d  memcmp                                            
0001718d  __aeabi_llsl                                      
0001718d  __ashldi3                                         
000171ad  BalanceBallControl_Disable                        
000171c9  BalanceBallControl_ForceStop                      
000171e5  DL_Timer_setCaptCompUpdateMethod                  
00017201  DL_Timer_setClockConfig                           
0001721d  HeadingControl_SetTargetYaw                       
00017239  Menu_Init                                         
00017255  MotionAction_Cancel                               
00017271  ObstacleMonitor_Init                              
0001728d  ObstacleSafety_Init                               
000172a9  WatchdogMonitor_NotifyControlCycleComplete        
000172e1  BalanceBallControl_GetConfig                      
000172f9  DL_FlashCTL_eraseMemoryFromRAM                    
00017311  DL_Timer_setCaptureCompareOutCtl                  
00017329  DebugTelemetry_Init                               
00017341  HeadingControl_Init                               
00017359  HeadingControl_Reset                              
00017371  Menu_ParamItemToString                            
00017389  MotionAction_Init                                 
000173a1  ObstacleAvoidance_Init                            
000173b9  RuntimeSnapshot_Init                              
000173d1  __aeabi_fcmpun                                    
000173d1  __unordsf2                                        
000173e9  Fault_Clear                                       
000173fd  Fault_Init                                        
00017411  GimbalStepper_SetStepHalfPeriodTicks              
00017425  HeadingControl_Enable                             
00017439  MissionLibrary_GetByIndex                         
0001744d  MissionManager_GetSelectedMissionId               
00017461  VisionUart_Init                                   
00017475  __aeabi_ldivmod                                   
00017489  __aeabi_uldivmod                                  
0001749d  DL_UART_setClockConfig                            
000174af  __TI_decompress_none                              
000174c1  BalancePositionControl_HasFault                   
000174d1  DL_Timer_setCaptureCompareValue                   
000174e1  Gimbal_YawGetFeedback                             
000174f1  Key_GetEvent                                      
00017501  __TI_zero_init                                    
00017511  BalancePositionControl_IsBusy                     
0001751d  BalanceSoftLimits_IsCalibrationActive             
00017529  BalanceSoftLimits_IsOscillationTestActive         
00017535  BalanceSoftLimits_IsTravelTestActive              
00017541  CarController_GetRunMode                          
0001754d  CarController_Init                                
00017559  CarController_IsSafetyHoldActive                  
00017565  CarState_Get                                      
00017571  CarState_Init                                     
0001757d  CarState_Set                                      
00017589  EmergencyStop_Init                                
00017595  EmergencyStop_IsActive                            
000175a1  Imu_GetCorrectedGyroZDps                          
000175ad  Imu_GetYaw                                        
000175b9  Menu_GetPage                                      
000175c5  Menu_GetParamItem                                 
000175d1  MissionManager_IsExternallyHeld                   
000175dd  MissionManager_SetExternalHold                    
000175e9  ObstacleAvoidance_IsActive                        
000175f5  ObstacleAvoidance_IsFailed                        
00017601  ObstacleSafety_IsHolding                          
0001760d  SystemTime_GetMs                                  
00017619  WatchdogMonitor_HasTripped                        
00017625  __aeabi_memclr                                    
00017625  __aeabi_memclr4                                   
00017625  __aeabi_memclr8                                   
00017631  DL_Common_delayCycles                             
0001763b  MotionAction_Resume                               
00017645  MotionAction_Start                                
0001764f  TrackSensor_IsCenterDetected                      
00017659  TrackSensor_IsLineDetected                        
00017663  TrackSensor_IsLineLost                            
0001766d  BalanceSoftLimits_CancelPositionMove              
00017675  BalanceSoftLimits_IsPositionMoveActive            
0001767d  BluetoothUart_GetRuntime                          
00017685  CarController_GetFeedback                         
0001768d  Fault_GetRecord                                   
00017695  GimbalStepper_GetFeedback                         
0001769d  HeadingControl_GetRuntime                         
000176a5  Imu_GetRuntime                                    
000176ad  LineController_GetRuntime                         
000176b5  MissionManager_GetMissionCount                    
000176bd  MissionManager_GetRuntime                         
000176c5  MotionAction_GetRuntime                           
000176cd  MotorControl_GetRuntime                           
000176d5  ObstacleAvoidance_GetFeedback                     
000176dd  ObstacleMonitor_GetFeedback                       
000176e5  OledUi_Init                                       
000176ed  RuntimeSnapshot_Get                               
000176f5  Servo_GetFeedback                                 
000176fd  Ultrasonic_GetFeedback                            
00017705  VisionReceiver_GetBallPositionObservation         
0001770d  VisionReceiver_GetStatus                          
00017715  VisionTuningConsole_GetStatus                     
0001771d  WatchdogMonitor_GetStatus                         
00017725  WheelSpeedEstimator_GetRuntime                    
0001772d  __aeabi_memcpy                                    
0001772d  __aeabi_memcpy4                                   
0001772d  __aeabi_memcpy8                                   
00017735  abort                                             
0001773a  C$$EXIT                                           
0001773b  HOSTexit                                          
0001773f  MissionLibrary_GetCount                           
00017743  ObstacleAvoidance_IsResumeGraceActive             
00017747  Reset_Handler                                     
0001775d  _system_pre_init                                  
00018368  __TI_Handler_Table_Base                           
00018374  __TI_Handler_Table_Limit                          
00018384  __TI_CINIT_Base                                   
00018394  __TI_CINIT_Limit                                  
00018394  __TI_CINIT_Warm                                   
00018398  __TI_table_binit                                  
00018398  __binit__                                         
00018398  binit                                             
0001fc00  g_balanceCalibrationReservedSector                
20200000  __start___llvm_prf_bits                           
20200000  __start___llvm_prf_cnts                           
20200000  __stop___llvm_prf_bits                            
20200000  __stop___llvm_prf_cnts                            
20200fd0  g_appConfig                                       
202011e0  g_imuRuntime                                      
202012e0  g_appRuntime                                      
20201468  g_wheelSpeedEstimatorRuntime                      
202015f8  gUART_VISIONBackup                                
20201744  g_headingRuntime                                  
2020192a  g_trackError                                      
2020195a  g_carStateDebug                                   
2020195b  g_keyEvent                                        
2020195c  g_oledPageDebug                                   
2020195d  g_paramItemDebug                                  
2020195e  g_trackBlackCount                                 
2020195f  g_trackModeDebug                                  
20201960  g_trackRaw                                        
20201961  g_trackTurnDebug                                  
20207e00  __stack                                           
20208000  __STACK_END                                       
ffffffff  __TI_pprof_out_hndl                               
ffffffff  __TI_prof_data_size                               
ffffffff  __TI_prof_data_start                              
UNDEFED   __mpu_init                                        
UNDEFED   _system_post_cinit                                

[394 symbols]
