******************************************************************************
            TI ARM Clang Linker PC v4.0.4                      
******************************************************************************
>> Linked Mon Jul 13 04:15:17 2026

OUTPUT FILE NAME:   <diansaikaishi.out>
ENTRY POINT SYMBOL: "_c_int00_noargs"  address: 00004219


MEMORY CONFIGURATION

         name            origin    length      used     unused   attr    fill
----------------------  --------  ---------  --------  --------  ----  --------
  FLASH                 00000000   00020000  00004e08  0001b1f8  R  X
  SRAM                  20200000   00008000  00000350  00007cb0  RW X
  BCR_CONFIG            41c00000   000000ff  00000000  000000ff  R   
  BSL_CONFIG            41c00100   00000080  00000000  00000080  R   


SEGMENT ALLOCATION MAP

run origin  load origin   length   init length attrs members
----------  ----------- ---------- ----------- ----- -------
00000000    00000000    00004e08   00004e08    r-x
  00000000    00000000    000000c0   000000c0    r-- .intvecs
  000000c0    000000c0    00004538   00004538    r-x .text
  000045f8    000045f8    000007e0   000007e0    r-- .rodata
  00004dd8    00004dd8    00000030   00000030    r-- .cinit
20200000    20200000    00000150   00000000    rw-
  20200000    20200000    0000014f   00000000    rw- .bss
  2020014f    2020014f    00000001   00000000    rw- .data
20207e00    20207e00    00000200   00000000    rw-
  20207e00    20207e00    00000200   00000000    rw- .stack


SECTION ALLOCATION MAP

 output                                  attributes/
section   page    origin      length       input sections
--------  ----  ----------  ----------   ----------------
.intvecs   0    00000000    000000c0     
                  00000000    000000c0     startup_mspm0g350x_ticlang.o (.intvecs)

.text      0    000000c0    00004538     
                  000000c0    00000508     oled_ui.o (.text.OledUi_Update_20ms)
                  000005c8    000004a8     car_controller.o (.text.CarController_Update_20ms)
                  00000a70    000002f0     imu.o (.text.mpu6050_read_regs)
                  00000d60    000002d8     imu.o (.text.Imu_Init)
                  00001038    00000254     oled.o (.text.OLED_Clear)
                  0000128c    00000224     app_config.o (.text.AppConfig_LimitAll)
                  000014b0    00000220     menu.o (.text.Menu_HandleKeyEvent)
                  000016d0    00000214     imu.o (.text.Imu_CalibrateGyroBias)
                  000018e4    000001cc     imu.o (.text.imu_i2c_write_byte)
                  00001ab0    000001b8     oled.o (.text.oled_i2c_write_byte)
                  00001c68    000001a0     ultrasonic.o (.text.Ultrasonic_Tick100us)
                  00001e08    00000174     key.o (.text.Key_Update_20ms)
                  00001f7c    00000160     heading_control.o (.text.HeadingControl_Update)
                  000020dc    0000013c     oled.o (.text.OLED_PrintInt16)
                  00002218    00000134     imu.o (.text.Imu_Update)
                  0000234c    0000012c     imu.o (.text.imu_i2c_recover_bus)
                  00002478    0000011c     motion_action.o (.text.MotionAction_Update_20ms)
                  00002594    000000f8     mission_manager.o (.text.MissionManager_Update_20ms)
                  0000268c    000000f0     mission_manager.o (.text.MissionManager_SelectNext)
                  0000277c    000000ec     car_controller.o (.text.handle_turn_90)
                  00002868    000000e8     motion_action.o (.text.MotionAction_Start)
                  00002950    000000d8     mission_manager.o (.text.MissionManager_SelectPrevious)
                  00002a28    000000d8     libclang_rt.builtins.a : addsf3.S.obj (.text)
                  00002b00    000000d4     oled.o (.text.OLED_Init)
                  00002bd4    000000d0     oled.o (.text.OLED_PrintChar)
                  00002ca4    000000c0     app.o (.text.App_Update_20ms)
                  00002d64    000000b0     motor.o (.text.Motor_SetSpeed)
                  00002e14    000000b0     ti_msp_dl_config.o (.text.SYSCFG_DL_GPIO_init)
                  00002ec4    000000a2     libclang_rt.builtins.a : udivmoddi4.S.obj (.text)
                  00002f66    00000002     startup_mspm0g350x_ticlang.o (.text.Default_Handler)
                  00002f68    0000009c     app_config.o (.text.AppConfig_InitDefault)
                  00003004    0000009a     libc.a : memcpy16.S.obj (.text:memcpy)
                  0000309e    00000002     track_sensor.o (.text.TrackSensor_Init)
                  000030a0    00000098     imu.o (.text.mpu6050_write_reg)
                  00003138    00000090     car_controller.o (.text.CarController_StartSeekLine)
                  000031c8    0000008c     libclang_rt.builtins.a : mulsf3.S.obj (.text.__mulsf3)
                  00003254    00000082                            : divsf3.S.obj (.text.__divsf3)
                  000032d6    00000080     mission_library.o (.text.MissionLibrary_Validate)
                  00003356    00000002     libclang_rt.builtins.a : aeabi_div0.c.obj (.text.__aeabi_idiv0)
                  00003358    0000007c     libc.a : copy_decompress_lzss.c.obj (.text:decompress:lzss)
                  000033d4    00000078     car_controller.o (.text.CarController_StartFollowLine)
                  0000344c    00000078     oled.o (.text.oled_write_command)
                  000034c4    00000074     car_controller.o (.text.CarController_Init)
                  00003538    00000074     car_controller.o (.text.CarController_ResetRuntime)
                  000035ac    0000006e     track_sensor.o (.text.TrackSensor_DetectTurn)
                  0000361a    00000002     libclang_rt.builtins.a : aeabi_div0.c.obj (.text.__aeabi_ldiv0)
                  0000361c    0000006c     car_controller.o (.text.CarController_StartTurnLeft90)
                  00003688    0000006c     car_controller.o (.text.CarController_StartTurnRight90)
                  000036f4    0000006c     encoder.o (.text.Encoder_HandleGpioInterrupt)
                  00003760    0000006c     empty.o (.text.main)
                  000037cc    00000068     mission_manager.o (.text.MissionManager_GetSelectedMissionIndex)
                  00003834    00000068     obstacle_monitor.o (.text.ObstacleMonitor_Update_20ms)
                  0000389c    00000066     track_sensor.o (.text.TrackSensor_GetErrorFromRaw)
                  00003902    00000002     --HOLE-- [fill = 0]
                  00003904    00000062     libclang_rt.builtins.a : aeabi_fcmp.S.obj (.text.__aeabi_fcmp)
                  00003966    00000002     --HOLE-- [fill = 0]
                  00003968    00000060     menu.o (.text.Menu_GetParamValue)
                  000039c8    0000005e     oled.o (.text.OLED_PrintBinary7)
                  00003a26    00000002     --HOLE-- [fill = 0]
                  00003a28    0000005c     ultrasonic.o (.text.Ultrasonic_Update_20ms)
                  00003a84    00000056     app.o (.text.App_Init)
                  00003ada    00000002     --HOLE-- [fill = 0]
                  00003adc    00000056     libclang_rt.builtins.a : aeabi_idivmod.S.obj (.text.__aeabi_idivmod)
                  00003b32    00000002     --HOLE-- [fill = 0]
                  00003b34    00000054     obstacle_safety.o (.text.ObstacleSafety_Update_20ms)
                  00003b88    00000054     track_sensor.o (.text.TrackSensor_ReadRaw)
                  00003bdc    00000050     car_controller.o (.text.CarController_SetSafetyHold)
                  00003c2c    00000050     motor.o (.text.Motor_PwmTick100us)
                  00003c7c    00000050     ultrasonic.o (.text.Ultrasonic_Init)
                  00003ccc    00000048     mission_manager.o (.text.MissionManager_Init)
                  00003d14    00000044     servo.o (.text.Servo_Tick100us)
                  00003d58    00000044     empty.o (.text.SysTick_Handler)
                  00003d9c    00000040     mission_manager.o (.text.MissionManager_Start)
                  00003ddc    00000040     ti_msp_dl_config.o (.text.SYSCFG_DL_SYSCTL_init)
                  00003e1c    00000040     libclang_rt.builtins.a : aeabi_uidivmod.S.obj (.text.__aeabi_uidivmod)
                  00003e5c    0000003e                            : divmoddi4.c.obj (.text.__divmoddi4)
                  00003e9a    00000002     --HOLE-- [fill = 0]
                  00003e9c    0000003c     servo.o (.text.Servo_SetAngleDeg)
                  00003ed8    0000003c     libclang_rt.builtins.a : floatsisf.S.obj (.text.__floatsisf)
                  00003f14    0000003c                            : comparesf2.S.obj (.text.__gtsf2)
                  00003f50    0000003c     libc.a : autoinit.c.obj (.text:__TI_auto_init_nobinit_nopinit)
                  00003f8c    0000003a     libclang_rt.builtins.a : comparesf2.S.obj (.text.__eqsf2)
                  00003fc6    00000002     --HOLE-- [fill = 0]
                  00003fc8    0000003a                            : muldsi3.S.obj (.text.__muldsi3)
                  00004002    00000002     --HOLE-- [fill = 0]
                  00004004    00000038     motor.o (.text.Motor_Init)
                  0000403c    00000038     libclang_rt.builtins.a : fixsfsi.S.obj (.text.__fixsfsi)
                  00004074    00000034     oled.o (.text.OLED_SetCursor)
                  000040a8    00000032     oled.o (.text.OLED_PrintString)
                  000040da    00000002     --HOLE-- [fill = 0]
                  000040dc    00000030     key.o (.text.Key_Init)
                  0000410c    00000030     mission_manager.o (.text.MissionManager_Cancel)
                  0000413c    00000030     mission_manager.o (.text.MissionManager_Reset)
                  0000416c    0000002c     motor.o (.text.Motor_Stop)
                  00004198    0000002c     ti_msp_dl_config.o (.text.SYSCFG_DL_initPower)
                  000041c4    0000002c     track_sensor.o (.text.TrackSensor_CountBlack)
                  000041f0    00000028     servo.o (.text.Servo_Init)
                  00004218    00000028     libc.a : boot_cortex_m.c.obj (.text:_c_int00_noargs)
                  00004240    00000024     encoder.o (.text.Encoder_Reset)
                  00004264    00000020     car_controller.o (.text.CarController_Stop)
                  00004284    00000020     mission_manager.o (.text.MissionManager_Pause)
                  000042a4    00000020     mission_manager.o (.text.MissionManager_Resume)
                  000042c4    00000020     mission_manager.o (.text.mission_finish_error)
                  000042e4    0000001e     libclang_rt.builtins.a : ashldi3.S.obj (.text.__ashldi3)
                  00004302    00000002     --HOLE-- [fill = 0]
                  00004304    0000001c     imu.o (.text.Imu_IsReady)
                  00004320    0000001c     obstacle_safety.o (.text.ObstacleSafety_Init)
                  0000433c    00000018     car_controller.o (.text.CarController_RunModeToString)
                  00004354    00000018     heading_control.o (.text.HeadingControl_LockCurrentYaw)
                  0000436c    00000018     heading_control.o (.text.HeadingControl_SetTargetYaw)
                  00004384    00000018     menu.o (.text.Menu_ParamItemToString)
                  0000439c    00000018     motion_action.o (.text.MotionAction_Cancel)
                  000043b4    00000016     libc.a : copy_zero_init.c.obj (.text:decompress:ZI:__TI_zero_init_nomemset)
                  000043ca    00000002     --HOLE-- [fill = 0]
                  000043cc    00000014     empty.o (.text.GROUP1_IRQHandler)
                  000043e0    00000014     heading_control.o (.text.HeadingControl_Enable)
                  000043f4    00000014     heading_control.o (.text.HeadingControl_Init)
                  00004408    00000014     heading_control.o (.text.HeadingControl_Reset)
                  0000441c    00000014     menu.o (.text.Menu_Init)
                  00004430    00000014     mission_library.o (.text.MissionLibrary_FindById)
                  00004444    00000014     mission_library.o (.text.MissionLibrary_GetByIndex)
                  00004458    00000014     mission_manager.o (.text.MissionManager_GetSelectedMissionId)
                  0000446c    00000014     motion_action.o (.text.MotionAction_Init)
                  00004480    00000014     obstacle_monitor.o (.text.ObstacleMonitor_Init)
                  00004494    00000014     libclang_rt.builtins.a : aeabi_ldivmod.S.obj (.text.__aeabi_ldivmod)
                  000044a8    00000012     libc.a : copy_decompress_none.c.obj (.text:decompress:none)
                  000044ba    00000002     --HOLE-- [fill = 0]
                  000044bc    00000010     key.o (.text.Key_GetEvent)
                  000044cc    00000010     ti_msp_dl_config.o (.text.SYSCFG_DL_init)
                  000044dc    0000000c     car_controller.o (.text.CarController_GetRunMode)
                  000044e8    0000000c     car_state.o (.text.CarState_Get)
                  000044f4    0000000c     car_state.o (.text.CarState_Init)
                  00004500    0000000c     car_state.o (.text.CarState_Set)
                  0000450c    0000000c     imu.o (.text.Imu_GetCorrectedGyroZDps)
                  00004518    0000000c     imu.o (.text.Imu_GetYaw)
                  00004524    0000000c     imu.o (.text.Imu_ResetYaw)
                  00004530    0000000c     menu.o (.text.Menu_GetPage)
                  0000453c    0000000c     menu.o (.text.Menu_GetParamItem)
                  00004548    0000000c     mission_manager.o (.text.MissionManager_SetExternalHold)
                  00004554    0000000c     obstacle_safety.o (.text.ObstacleSafety_IsHolding)
                  00004560    0000000c     oled_ui.o (.text.OledUi_Init)
                  0000456c    0000000a     driverlib.a : dl_common.o (.text.DL_Common_delayCycles)
                  00004576    0000000a     track_sensor.o (.text.TrackSensor_IsCenterDetected)
                  00004580    0000000a     track_sensor.o (.text.TrackSensor_IsLineDetected)
                  0000458a    0000000a     track_sensor.o (.text.TrackSensor_IsLineLost)
                  00004594    00000008     car_controller.o (.text.CarController_GetFeedback)
                  0000459c    00000008     heading_control.o (.text.HeadingControl_GetRuntime)
                  000045a4    00000008     imu.o (.text.Imu_GetRuntime)
                  000045ac    00000008     mission_manager.o (.text.MissionManager_GetMissionCount)
                  000045b4    00000008     mission_manager.o (.text.MissionManager_GetRuntime)
                  000045bc    00000008     motion_action.o (.text.MotionAction_GetRuntime)
                  000045c4    00000008     obstacle_monitor.o (.text.ObstacleMonitor_GetFeedback)
                  000045cc    00000008     ultrasonic.o (.text.Ultrasonic_GetFeedback)
                  000045d4    00000008     libclang_rt.builtins.a : aeabi_memcpy.S.obj (.text.__aeabi_memcpy)
                  000045dc    00000006     libc.a : exit.c.obj (.text:abort)
                  000045e2    00000004     libsysbm.a : hostexit.c.obj (.text.HOSTexit)
                  000045e6    00000004     mission_library.o (.text.MissionLibrary_GetCount)
                  000045ea    00000004     startup_mspm0g350x_ticlang.o (.text.Reset_Handler)
                  000045ee    00000004     libc.a : pre_init.c.obj (.text._system_pre_init)
                  000045f2    00000006     --HOLE-- [fill = 0]

.cinit     0    00004dd8    00000030     
                  00004dd8    0000000c     (__TI_handler_table)
                  00004de4    00000008     (.cinit..bss.load) [load image, compression = zero_init]
                  00004dec    00000005     (.cinit..data.load) [load image, compression = lzss]
                  00004df1    00000003     --HOLE-- [fill = 0]
                  00004df4    00000010     (__TI_cinit_table)
                  00004e04    00000004     --HOLE-- [fill = 0]

.rodata    0    000045f8    000007e0     
                  000045f8    000000d8     oled.o (.rodata..Lswitch.table.OLED_PrintChar)
                  000046d0    000000a8     mission_library.o (.rodata.g_missionMapA)
                  00004778    000000a8     mission_library.o (.rodata.g_missionMapB)
                  00004820    00000090     mission_library.o (.rodata.g_missionRegistry)
                  000048b0    00000078     mission_library.o (.rodata.g_missionMapC)
                  00004928    00000078     mission_library.o (.rodata.g_missionTestRight90Turn)
                  000049a0    00000078     mission_library.o (.rodata.g_missionTestSeekFollow)
                  00004a18    00000048     mission_library.o (.rodata.g_missionLegacy)
                  00004a60    00000048     mission_library.o (.rodata.g_missionTestRight90Stop)
                  00004aa8    00000048     mission_library.o (.rodata.g_missionTestSeekThenFollow)
                  00004af0    00000034     mission_library.o (.rodata..Lswitch.table.MissionLibrary_FindById)
                  00004b24    00000030     mission_library.o (.rodata.g_missionTestSeekThenStop)
                  00004b54    00000020     menu.o (.rodata..Lswitch.table.Menu_ParamItemToString)
                  00004b74    00000018     oled_ui.o (.rodata..Lswitch.table.OledUi_Update_20ms.47)
                  00004b8c    00000018     oled_ui.o (.rodata..Lswitch.table.OledUi_Update_20ms)
                  00004ba4    00000014     car_controller.o (.rodata..Lswitch.table.CarController_RunModeToString)
                  00004bb8    0000000b     mission_library.o (.rodata.str1.1440970855772709381.1)
                  00004bc3    0000000a     mission_library.o (.rodata.str1.11682660667400632204.1)
                  00004bcd    0000000a     mission_library.o (.rodata.str1.15604890807705439409.1)
                  00004bd7    00000009     mission_library.o (.rodata.str1.15668266851434757964.1)
                  00004be0    00000009     oled_ui.o (.rodata.str1.18266126048138325213.1)
                  00004be9    00000008     mission_library.o (.rodata.str1.13636476544574750902.1)
                  00004bf1    00000007     mission_library.o (.rodata.str1.199678142196697465.1)
                  00004bf8    00000007     oled_ui.o (.rodata.str1.9544068167406571052.1)
                  00004bff    00000006     oled_ui.o (.rodata.str1.1445687256832830955.1)
                  00004c05    00000006     oled_ui.o (.rodata.str1.15008238333949226094.1)
                  00004c0b    00000006     oled_ui.o (.rodata.str1.15577080202403550426.1)
                  00004c11    00000006     oled_ui.o (.rodata.str1.15817398807211891688.1)
                  00004c17    00000006     oled_ui.o (.rodata.str1.15859922799842739878.1)
                  00004c1d    00000006     mission_library.o (.rodata.str1.1642528554392422750.1)
                  00004c23    00000006     oled_ui.o (.rodata.str1.16849766574302683489.1)
                  00004c29    00000006     oled_ui.o (.rodata.str1.17540787658903907660.1)
                  00004c2f    00000006     mission_library.o (.rodata.str1.4251661066630729623.1)
                  00004c35    00000006     mission_library.o (.rodata.str1.4392264057376583881.1)
                  00004c3b    00000006     oled_ui.o (.rodata.str1.5965450730569173784.1)
                  00004c41    00000005     oled.o (.rodata.oled_get_glyph.colon)
                  00004c46    00000005     oled.o (.rodata.oled_get_glyph.eight)
                  00004c4b    00000005     oled.o (.rodata.oled_get_glyph.five)
                  00004c50    00000005     oled.o (.rodata.oled_get_glyph.four)
                  00004c55    00000005     oled.o (.rodata.oled_get_glyph.glyphA)
                  00004c5a    00000005     oled.o (.rodata.oled_get_glyph.glyphB)
                  00004c5f    00000005     oled.o (.rodata.oled_get_glyph.glyphC)
                  00004c64    00000005     oled.o (.rodata.oled_get_glyph.glyphD)
                  00004c69    00000005     oled.o (.rodata.oled_get_glyph.glyphE)
                  00004c6e    00000005     oled.o (.rodata.oled_get_glyph.glyphG)
                  00004c73    00000005     oled.o (.rodata.oled_get_glyph.glyphH)
                  00004c78    00000005     oled.o (.rodata.oled_get_glyph.glyphI)
                  00004c7d    00000005     oled.o (.rodata.oled_get_glyph.glyphK)
                  00004c82    00000005     oled.o (.rodata.oled_get_glyph.glyphL)
                  00004c87    00000005     oled.o (.rodata.oled_get_glyph.glyphM)
                  00004c8c    00000005     oled.o (.rodata.oled_get_glyph.glyphN)
                  00004c91    00000005     oled.o (.rodata.oled_get_glyph.glyphO)
                  00004c96    00000005     oled.o (.rodata.oled_get_glyph.glyphP)
                  00004c9b    00000005     oled.o (.rodata.oled_get_glyph.glyphR)
                  00004ca0    00000005     oled.o (.rodata.oled_get_glyph.glyphS)
                  00004ca5    00000005     oled.o (.rodata.oled_get_glyph.glyphT)
                  00004caa    00000005     oled.o (.rodata.oled_get_glyph.glyphU)
                  00004caf    00000005     oled.o (.rodata.oled_get_glyph.glyphV)
                  00004cb4    00000005     oled.o (.rodata.oled_get_glyph.glyphW)
                  00004cb9    00000005     oled.o (.rodata.oled_get_glyph.glyphX)
                  00004cbe    00000005     oled.o (.rodata.oled_get_glyph.glyphY)
                  00004cc3    00000005     oled.o (.rodata.oled_get_glyph.glyphb)
                  00004cc8    00000005     oled.o (.rodata.oled_get_glyph.gt)
                  00004ccd    00000005     oled.o (.rodata.oled_get_glyph.minus)
                  00004cd2    00000005     oled.o (.rodata.oled_get_glyph.nine)
                  00004cd7    00000005     oled.o (.rodata.oled_get_glyph.one)
                  00004cdc    00000005     oled.o (.rodata.oled_get_glyph.seven)
                  00004ce1    00000005     oled.o (.rodata.oled_get_glyph.six)
                  00004ce6    00000005     oled.o (.rodata.oled_get_glyph.space)
                  00004ceb    00000005     oled.o (.rodata.oled_get_glyph.three)
                  00004cf0    00000005     oled.o (.rodata.oled_get_glyph.two)
                  00004cf5    00000005     oled.o (.rodata.oled_get_glyph.zero)
                  00004cfa    00000005     oled_ui.o (.rodata.str1.1108652269057166745.1)
                  00004cff    00000005     oled_ui.o (.rodata.str1.13790669171379415506.1)
                  00004d04    00000005     oled_ui.o (.rodata.str1.13882251010780863896.1)
                  00004d09    00000005     oled_ui.o (.rodata.str1.14134189893851348960.1)
                  00004d0e    00000005     oled_ui.o (.rodata.str1.14358698208395374265.1)
                  00004d13    00000005     oled_ui.o (.rodata.str1.15917848551323629232.1)
                  00004d18    00000005     oled_ui.o (.rodata.str1.17274519358952562110.1)
                  00004d1d    00000005     oled_ui.o (.rodata.str1.17884296644359297425.1)
                  00004d22    00000005     car_controller.o (.rodata.str1.18191498530309206443.1)
                  00004d27    00000005     oled_ui.o (.rodata.str1.18379317056176403938.1)
                  00004d2c    00000005     oled_ui.o (.rodata.str1.270145429241168923.1)
                  00004d31    00000005     car_controller.o (.rodata.str1.4164979912472006574.1)
                  00004d36    00000005     oled_ui.o (.rodata.str1.4402311448527872260.1)
                  00004d3b    00000005     oled_ui.o (.rodata.str1.4581472623415959594.1)
                  00004d40    00000005     oled_ui.o (.rodata.str1.4610220316623841660.1)
                  00004d45    00000005     menu.o (.rodata.str1.4862307748908978627.1)
                  00004d4a    00000005     oled_ui.o (.rodata.str1.7219546930854689545.1)
                  00004d4f    00000005     oled_ui.o (.rodata.str1.8426569189266129334.1)
                  00004d54    00000005     oled_ui.o (.rodata.str1.8783421139296713095.1)
                  00004d59    00000005     car_controller.o (.rodata.str1.9981487771679760427.1)
                  00004d5e    00000004     oled_ui.o (.rodata.str1.1019225241002246410.1)
                  00004d62    00000004     oled_ui.o (.rodata.str1.10416366799939242409.1)
                  00004d66    00000004     menu.o (.rodata.str1.12110183915172842339.1)
                  00004d6a    00000004     car_controller.o (.rodata.str1.12442237994239546032.1)
                  00004d6e    00000004     oled_ui.o (.rodata.str1.130772507669342127.1)
                  00004d72    00000004     menu.o (.rodata.str1.13124720451672825294.1)
                  00004d76    00000004     oled_ui.o (.rodata.str1.13244290092665904221.1)
                  00004d7a    00000004     oled_ui.o (.rodata.str1.13567883086814673087.1)
                  00004d7e    00000004     menu.o (.rodata.str1.14098755746347272832.1)
                  00004d82    00000004     oled_ui.o (.rodata.str1.16411631209783952401.1)
                  00004d86    00000004     oled_ui.o (.rodata.str1.16526439943277383452.1)
                  00004d8a    00000004     menu.o (.rodata.str1.17041139162815566052.1)
                  00004d8e    00000004     car_controller.o (.rodata.str1.17172356789460551389.1)
                  00004d92    00000004     oled_ui.o (.rodata.str1.2308938766145545715.1)
                  00004d96    00000004     oled_ui.o (.rodata.str1.3025253791635144717.1)
                  00004d9a    00000004     oled_ui.o (.rodata.str1.3407221357956504873.1)
                  00004d9e    00000004     oled_ui.o (.rodata.str1.3455423528827705371.1)
                  00004da2    00000004     oled_ui.o (.rodata.str1.3702290527496711532.1)
                  00004da6    00000004     oled_ui.o (.rodata.str1.5853739094453432564.1)
                  00004daa    00000004     oled_ui.o (.rodata.str1.8236579331345056500.1)
                  00004dae    00000004     oled_ui.o (.rodata.str1.9159586779647977165.1)
                  00004db2    00000004     car_controller.o (.rodata.str1.9234375891235759983.1)
                  00004db6    00000004     menu.o (.rodata.str1.9546740394641817443.1)
                  00004dba    00000004     oled_ui.o (.rodata.str1.967006512144173535.1)
                  00004dbe    00000003     oled_ui.o (.rodata.str1.11232419324784801130.1)
                  00004dc1    00000003     oled_ui.o (.rodata.str1.14556837007311414654.1)
                  00004dc4    00000003     menu.o (.rodata.str1.16312125044762562515.1)
                  00004dc7    00000003     oled_ui.o (.rodata.str1.16931641404301806744.1)
                  00004dca    00000003     oled_ui.o (.rodata.str1.17812014771544466701.1)
                  00004dcd    00000003     menu.o (.rodata.str1.4646809750356241979.1)
                  00004dd0    00000003     menu.o (.rodata.str1.6857549598058878762.1)
                  00004dd3    00000003     oled_ui.o (.rodata.str1.9854382722193312766.1)
                  00004dd6    00000002     --HOLE-- [fill = 0]

.init_array 
*          0    00000000    00000000     UNINITIALIZED

.binit     0    00000000    00000000     

.bss       0    20200000    0000014f     UNINITIALIZED
                  20200000    00000050     (.common:g_appConfig)
                  20200050    00000028     (.common:g_appRuntime)
                  20200078    00000028     (.common:g_imuRuntime)
                  202000a0    00000020     mission_manager.o (.bss.g_missionRuntime)
                  202000c0    00000014     (.common:g_headingRuntime)
                  202000d4    00000010     motion_action.o (.bss.g_motionActionRuntime)
                  202000e4    0000000e     car_controller.o (.bss.g_carControllerFeedback)
                  202000f2    00000002     ultrasonic.o (.bss.g_echoTicks)
                  202000f4    0000000e     ultrasonic.o (.bss.g_ultrasonicFeedback)
                  20200102    00000008     obstacle_monitor.o (.bss.g_obstacleFeedback)
                  2020010a    00000006     ultrasonic.o (.bss.g_distanceSamples)
                  20200110    00000006     key.o (.bss.g_key1)
                  20200116    00000006     key.o (.bss.g_key2)
                  2020011c    00000006     key.o (.bss.g_key3)
                  20200122    00000002     servo.o (.bss.g_servoPwmPhase)
                  20200124    00000004     encoder.o (.bss.g_motorAPulses)
                  20200128    00000004     encoder.o (.bss.g_motorBPulses)
                  2020012c    00000004     servo.o (.bss.g_servoFeedback)
                  20200130    00000002     ultrasonic.o (.bss.g_stateTicks)
                  20200132    00000002     (.common:g_trackError)
                  20200134    00000001     oled_ui.o (.bss.OledUi_Update_20ms.refreshDivider)
                  20200135    00000001     empty.o (.bss.SysTick_Handler.controlMsCount)
                  20200136    00000001     empty.o (.bss.SysTick_Handler.tick100usCount)
                  20200137    00000001     ultrasonic.o (.bss.Ultrasonic_Update_20ms.triggerDivider)
                  20200138    00000001     empty.o (.bss.g_appUpdateDue)
                  20200139    00000001     car_state.o (.bss.g_carState)
                  2020013a    00000001     ultrasonic.o (.bss.g_distanceSampleCount)
                  2020013b    00000001     ultrasonic.o (.bss.g_distanceSampleIndex)
                  2020013c    00000001     motor.o (.bss.g_motorADutyLevel)
                  2020013d    00000001     motor.o (.bss.g_motorBDutyLevel)
                  2020013e    00000001     obstacle_safety.o (.bss.g_obstacleSafetyHolding)
                  2020013f    00000001     oled.o (.bss.g_oledColumn)
                  20200140    00000001     menu.o (.bss.g_oledPage)
                  20200141    00000001     menu.o (.bss.g_paramItem)
                  20200142    00000001     key.o (.bss.g_pendingEvent)
                  20200143    00000001     motor.o (.bss.g_pwmPhase)
                  20200144    00000001     car_controller.o (.bss.g_safetyHold)
                  20200145    00000001     ultrasonic.o (.bss.g_triggerRequest)
                  20200146    00000001     ultrasonic.o (.bss.g_ultrasonicState)
                  20200147    00000001     (.common:g_carStateDebug)
                  20200148    00000001     (.common:g_keyEvent)
                  20200149    00000001     (.common:g_oledPageDebug)
                  2020014a    00000001     (.common:g_paramItemDebug)
                  2020014b    00000001     (.common:g_trackBlackCount)
                  2020014c    00000001     (.common:g_trackModeDebug)
                  2020014d    00000001     (.common:g_trackRaw)
                  2020014e    00000001     (.common:g_trackTurnDebug)

.data      0    2020014f    00000001     UNINITIALIZED
                  2020014f    00000001     car_controller.o (.data.g_followTurnPolicy)

.stack     0    20207e00    00000200     UNINITIALIZED
                  20207e00    00000004     libc.a : boot_cortex_m.c.obj (.stack)
                  20207e04    000001fc     --HOLE--

__llvm_prf_cnts 
*          0    20200000    00000000     UNINITIALIZED

__llvm_prf_bits 
*          0    20200000    00000000     UNINITIALIZED

MODULE SUMMARY

       Module                         code    ro data   rw data
       ------                         ----    -------   -------
    .\
       imu.o                          3304    0         40     
       oled.o                         2088    401       1      
       car_controller.o               2296    47        56     
       oled_ui.o                      1300    271       1      
       mission_library.o              172     1229      0      
       mission_manager.o              1184    0         32     
       app_config.o                   704     0         80     
       menu.o                         708     66        2      
       ultrasonic.o                   596     0         29     
       motion_action.o                568     0         16     
       heading_control.o              468     0         20     
       key.o                          436     0         19     
       track_sensor.o                 372     0         0      
       motor.o                        356     0         3      
       ti_msp_dl_config.o             300     0         0      
       app.o                          278     0         10     
       empty.o                        196     0         3      
       startup_mspm0g350x_ticlang.o   6       192       0      
       servo.o                        168     0         6      
       encoder.o                      144     0         8      
       obstacle_monitor.o             132     0         8      
       obstacle_safety.o              124     0         1      
       car_state.o                    36      0         1      
    +--+------------------------------+-------+---------+---------+
       Total:                         15936   2206      336    
                                                               
    C:/TI/mspm0_sdk_2_05_01_00/source/ti/driverlib/lib/ticlang/m0p/mspm0g1x0x_g3x0x/driverlib.a
       dl_common.o                    10      0         0      
    +--+------------------------------+-------+---------+---------+
       Total:                         10      0         0      
                                                               
    D:\TI\CCS\ccs\tools\compiler\ti-cgt-armllvm_4.0.4.LTS\lib\armv6m-ti-none-eabi/c/libc.a
       memcpy16.S.obj                 154     0         0      
       copy_decompress_lzss.c.obj     124     0         0      
       autoinit.c.obj                 60      0         0      
       boot_cortex_m.c.obj            40      0         0      
       copy_zero_init.c.obj           22      0         0      
       copy_decompress_none.c.obj     18      0         0      
       exit.c.obj                     6       0         0      
       pre_init.c.obj                 4       0         0      
    +--+------------------------------+-------+---------+---------+
       Total:                         428     0         0      
                                                               
    D:\TI\CCS\ccs\tools\compiler\ti-cgt-armllvm_4.0.4.LTS\lib\armv6m-ti-none-eabi/c/libsysbm.a
       hostexit.c.obj                 4       0         0      
    +--+------------------------------+-------+---------+---------+
       Total:                         4       0         0      
                                                               
    D:\TI\CCS\ccs\tools\compiler\ti-cgt-armllvm_4.0.4.LTS\lib\armv6m-ti-none-eabi/libclang_rt.builtins.a
       addsf3.S.obj                   216     0         0      
       udivmoddi4.S.obj               162     0         0      
       mulsf3.S.obj                   140     0         0      
       divsf3.S.obj                   130     0         0      
       comparesf2.S.obj               118     0         0      
       aeabi_fcmp.S.obj               98      0         0      
       aeabi_idivmod.S.obj            86      0         0      
       aeabi_uidivmod.S.obj           64      0         0      
       divmoddi4.c.obj                62      0         0      
       floatsisf.S.obj                60      0         0      
       muldsi3.S.obj                  58      0         0      
       fixsfsi.S.obj                  56      0         0      
       ashldi3.S.obj                  30      0         0      
       aeabi_ldivmod.S.obj            20      0         0      
       aeabi_memcpy.S.obj             8       0         0      
       aeabi_div0.c.obj               4       0         0      
    +--+------------------------------+-------+---------+---------+
       Total:                         1312    0         0      
                                                               
       Stack:                         0       0         512    
       Linker Generated:              0       41        0      
    +--+------------------------------+-------+---------+---------+
       Grand Total:                   17690   2247      848    


LINKER GENERATED COPY TABLES

__TI_cinit_table @ 00004df4 records: 2, size/record: 8, table size: 16
	.bss: load addr=00004de4, load size=00000008 bytes, run addr=20200000, run size=0000014f bytes, compression=zero_init
	.data: load addr=00004dec, load size=00000005 bytes, run addr=2020014f, run size=00000001 bytes, compression=lzss


LINKER GENERATED HANDLER TABLE

__TI_handler_table @ 00004dd8 records: 3, size/record: 4, table size: 12
	index: 0, handler: __TI_decompress_lzss
	index: 1, handler: __TI_decompress_none
	index: 2, handler: __TI_zero_init


GLOBAL SYMBOLS: SORTED ALPHABETICALLY BY Name 

address   name                                  
-------   ----                                  
00002f67  ADC0_IRQHandler                       
00002f67  ADC1_IRQHandler                       
00002f67  AES_IRQHandler                        
00002f69  AppConfig_InitDefault                 
0000128d  AppConfig_LimitAll                    
00003a85  App_Init                              
00002ca5  App_Update_20ms                       
000045e2  C$$EXIT                               
00002f67  CANFD0_IRQHandler                     
00004595  CarController_GetFeedback             
000044dd  CarController_GetRunMode              
000034c5  CarController_Init                    
00003539  CarController_ResetRuntime            
0000433d  CarController_RunModeToString         
00003bdd  CarController_SetSafetyHold           
000033d5  CarController_StartFollowLine         
00003139  CarController_StartSeekLine           
0000361d  CarController_StartTurnLeft90         
00003689  CarController_StartTurnRight90        
00004265  CarController_Stop                    
000005c9  CarController_Update_20ms             
000044e9  CarState_Get                          
000044f5  CarState_Init                         
00004501  CarState_Set                          
00002f67  DAC0_IRQHandler                       
0000456d  DL_Common_delayCycles                 
00002f67  DMA_IRQHandler                        
00002f67  Default_Handler                       
000036f5  Encoder_HandleGpioInterrupt           
00004241  Encoder_Reset                         
00002f67  GROUP0_IRQHandler                     
000043cd  GROUP1_IRQHandler                     
000045e3  HOSTexit                              
00002f67  HardFault_Handler                     
000043e1  HeadingControl_Enable                 
0000459d  HeadingControl_GetRuntime             
000043f5  HeadingControl_Init                   
00004355  HeadingControl_LockCurrentYaw         
00004409  HeadingControl_Reset                  
0000436d  HeadingControl_SetTargetYaw           
00001f7d  HeadingControl_Update                 
00002f67  I2C0_IRQHandler                       
00002f67  I2C1_IRQHandler                       
000016d1  Imu_CalibrateGyroBias                 
0000450d  Imu_GetCorrectedGyroZDps              
000045a5  Imu_GetRuntime                        
00004519  Imu_GetYaw                            
00000d61  Imu_Init                              
00004305  Imu_IsReady                           
00004525  Imu_ResetYaw                          
00002219  Imu_Update                            
000044bd  Key_GetEvent                          
000040dd  Key_Init                              
00001e09  Key_Update_20ms                       
00004531  Menu_GetPage                          
0000453d  Menu_GetParamItem                     
00003969  Menu_GetParamValue                    
000014b1  Menu_HandleKeyEvent                   
0000441d  Menu_Init                             
00004385  Menu_ParamItemToString                
00004431  MissionLibrary_FindById               
00004445  MissionLibrary_GetByIndex             
000045e7  MissionLibrary_GetCount               
000032d7  MissionLibrary_Validate               
0000410d  MissionManager_Cancel                 
000045ad  MissionManager_GetMissionCount        
000045b5  MissionManager_GetRuntime             
00004459  MissionManager_GetSelectedMissionId   
000037cd  MissionManager_GetSelectedMissionIndex
00003ccd  MissionManager_Init                   
00004285  MissionManager_Pause                  
0000413d  MissionManager_Reset                  
000042a5  MissionManager_Resume                 
0000268d  MissionManager_SelectNext             
00002951  MissionManager_SelectPrevious         
00004549  MissionManager_SetExternalHold        
00003d9d  MissionManager_Start                  
00002595  MissionManager_Update_20ms            
0000439d  MotionAction_Cancel                   
000045bd  MotionAction_GetRuntime               
0000446d  MotionAction_Init                     
00002869  MotionAction_Start                    
00002479  MotionAction_Update_20ms              
00004005  Motor_Init                            
00003c2d  Motor_PwmTick100us                    
00002d65  Motor_SetSpeed                        
0000416d  Motor_Stop                            
00002f67  NMI_Handler                           
00001039  OLED_Clear                            
00002b01  OLED_Init                             
000039c9  OLED_PrintBinary7                     
00002bd5  OLED_PrintChar                        
000020dd  OLED_PrintInt16                       
000040a9  OLED_PrintString                      
00004075  OLED_SetCursor                        
000045c5  ObstacleMonitor_GetFeedback           
00004481  ObstacleMonitor_Init                  
00003835  ObstacleMonitor_Update_20ms           
00004321  ObstacleSafety_Init                   
00004555  ObstacleSafety_IsHolding              
00003b35  ObstacleSafety_Update_20ms            
00004561  OledUi_Init                           
000000c1  OledUi_Update_20ms                    
00002f67  PendSV_Handler                        
00002f67  RTC_IRQHandler                        
000045eb  Reset_Handler                         
00002f67  SPI0_IRQHandler                       
00002f67  SPI1_IRQHandler                       
00002f67  SVC_Handler                           
00002e15  SYSCFG_DL_GPIO_init                   
00003ddd  SYSCFG_DL_SYSCTL_init                 
000044cd  SYSCFG_DL_init                        
00004199  SYSCFG_DL_initPower                   
000041f1  Servo_Init                            
00003e9d  Servo_SetAngleDeg                     
00003d15  Servo_Tick100us                       
00003d59  SysTick_Handler                       
00002f67  TIMA0_IRQHandler                      
00002f67  TIMA1_IRQHandler                      
00002f67  TIMG0_IRQHandler                      
00002f67  TIMG12_IRQHandler                     
00002f67  TIMG6_IRQHandler                      
00002f67  TIMG7_IRQHandler                      
00002f67  TIMG8_IRQHandler                      
000041c5  TrackSensor_CountBlack                
000035ad  TrackSensor_DetectTurn                
0000389d  TrackSensor_GetErrorFromRaw           
0000309f  TrackSensor_Init                      
00004577  TrackSensor_IsCenterDetected          
00004581  TrackSensor_IsLineDetected            
0000458b  TrackSensor_IsLineLost                
00003b89  TrackSensor_ReadRaw                   
00002f67  UART0_IRQHandler                      
00002f67  UART1_IRQHandler                      
00002f67  UART2_IRQHandler                      
00002f67  UART3_IRQHandler                      
000045cd  Ultrasonic_GetFeedback                
00003c7d  Ultrasonic_Init                       
00001c69  Ultrasonic_Tick100us                  
00003a29  Ultrasonic_Update_20ms                
20208000  __STACK_END                           
00000200  __STACK_SIZE                          
00000000  __TI_ATRegion0_region_sz              
00000000  __TI_ATRegion0_src_addr               
00000000  __TI_ATRegion0_trg_addr               
00000000  __TI_ATRegion1_region_sz              
00000000  __TI_ATRegion1_src_addr               
00000000  __TI_ATRegion1_trg_addr               
00000000  __TI_ATRegion2_region_sz              
00000000  __TI_ATRegion2_src_addr               
00000000  __TI_ATRegion2_trg_addr               
00004df4  __TI_CINIT_Base                       
00004e04  __TI_CINIT_Limit                      
00004e04  __TI_CINIT_Warm                       
00004dd8  __TI_Handler_Table_Base               
00004de4  __TI_Handler_Table_Limit              
00003f51  __TI_auto_init_nobinit_nopinit        
00003359  __TI_decompress_lzss                  
000044a9  __TI_decompress_none                  
ffffffff  __TI_pprof_out_hndl                   
ffffffff  __TI_prof_data_size                   
ffffffff  __TI_prof_data_start                  
00000000  __TI_static_base__                    
000043b5  __TI_zero_init_nomemset               
00002a33  __addsf3                              
0000403d  __aeabi_f2iz                          
00002a33  __aeabi_fadd                          
00003905  __aeabi_fcmpeq                        
00003941  __aeabi_fcmpge                        
00003955  __aeabi_fcmpgt                        
0000392d  __aeabi_fcmple                        
00003919  __aeabi_fcmplt                        
00003255  __aeabi_fdiv                          
000031c9  __aeabi_fmul                          
00002a29  __aeabi_fsub                          
00003ed9  __aeabi_i2f                           
00003add  __aeabi_idiv                          
00003357  __aeabi_idiv0                         
00003add  __aeabi_idivmod                       
0000361b  __aeabi_ldiv0                         
00004495  __aeabi_ldivmod                       
000042e5  __aeabi_llsl                          
000045d5  __aeabi_memcpy                        
000045d5  __aeabi_memcpy4                       
000045d5  __aeabi_memcpy8                       
00003e1d  __aeabi_uidiv                         
00003e1d  __aeabi_uidivmod                      
000042e5  __ashldi3                             
ffffffff  __binit__                             
00003f8d  __cmpsf2                              
00003e5d  __divmoddi4                           
00003255  __divsf3                              
00003f8d  __eqsf2                               
0000403d  __fixsfsi                             
00003ed9  __floatsisf                           
00003f15  __gesf2                               
00003f15  __gtsf2                               
00003f8d  __lesf2                               
00003f8d  __ltsf2                               
UNDEFED   __mpu_init                            
00003fc9  __muldsi3                             
000031c9  __mulsf3                              
00003f8d  __nesf2                               
20207e00  __stack                               
20200000  __start___llvm_prf_bits               
20200000  __start___llvm_prf_cnts               
20200000  __stop___llvm_prf_bits                
20200000  __stop___llvm_prf_cnts                
00002a29  __subsf3                              
00002ec5  __udivmoddi4                          
00004219  _c_int00_noargs                       
UNDEFED   _system_post_cinit                    
000045ef  _system_pre_init                      
000045dd  abort                                 
ffffffff  binit                                 
20200000  g_appConfig                           
20200050  g_appRuntime                          
20200147  g_carStateDebug                       
202000c0  g_headingRuntime                      
20200078  g_imuRuntime                          
20200148  g_keyEvent                            
20200149  g_oledPageDebug                       
2020014a  g_paramItemDebug                      
2020014b  g_trackBlackCount                     
20200132  g_trackError                          
2020014c  g_trackModeDebug                      
2020014d  g_trackRaw                            
2020014e  g_trackTurnDebug                      
00000000  interruptVectors                      
00003761  main                                  
00003005  memcpy                                


GLOBAL SYMBOLS: SORTED BY Symbol Address 

address   name                                  
-------   ----                                  
00000000  __TI_ATRegion0_region_sz              
00000000  __TI_ATRegion0_src_addr               
00000000  __TI_ATRegion0_trg_addr               
00000000  __TI_ATRegion1_region_sz              
00000000  __TI_ATRegion1_src_addr               
00000000  __TI_ATRegion1_trg_addr               
00000000  __TI_ATRegion2_region_sz              
00000000  __TI_ATRegion2_src_addr               
00000000  __TI_ATRegion2_trg_addr               
00000000  __TI_static_base__                    
00000000  interruptVectors                      
000000c1  OledUi_Update_20ms                    
00000200  __STACK_SIZE                          
000005c9  CarController_Update_20ms             
00000d61  Imu_Init                              
00001039  OLED_Clear                            
0000128d  AppConfig_LimitAll                    
000014b1  Menu_HandleKeyEvent                   
000016d1  Imu_CalibrateGyroBias                 
00001c69  Ultrasonic_Tick100us                  
00001e09  Key_Update_20ms                       
00001f7d  HeadingControl_Update                 
000020dd  OLED_PrintInt16                       
00002219  Imu_Update                            
00002479  MotionAction_Update_20ms              
00002595  MissionManager_Update_20ms            
0000268d  MissionManager_SelectNext             
00002869  MotionAction_Start                    
00002951  MissionManager_SelectPrevious         
00002a29  __aeabi_fsub                          
00002a29  __subsf3                              
00002a33  __addsf3                              
00002a33  __aeabi_fadd                          
00002b01  OLED_Init                             
00002bd5  OLED_PrintChar                        
00002ca5  App_Update_20ms                       
00002d65  Motor_SetSpeed                        
00002e15  SYSCFG_DL_GPIO_init                   
00002ec5  __udivmoddi4                          
00002f67  ADC0_IRQHandler                       
00002f67  ADC1_IRQHandler                       
00002f67  AES_IRQHandler                        
00002f67  CANFD0_IRQHandler                     
00002f67  DAC0_IRQHandler                       
00002f67  DMA_IRQHandler                        
00002f67  Default_Handler                       
00002f67  GROUP0_IRQHandler                     
00002f67  HardFault_Handler                     
00002f67  I2C0_IRQHandler                       
00002f67  I2C1_IRQHandler                       
00002f67  NMI_Handler                           
00002f67  PendSV_Handler                        
00002f67  RTC_IRQHandler                        
00002f67  SPI0_IRQHandler                       
00002f67  SPI1_IRQHandler                       
00002f67  SVC_Handler                           
00002f67  TIMA0_IRQHandler                      
00002f67  TIMA1_IRQHandler                      
00002f67  TIMG0_IRQHandler                      
00002f67  TIMG12_IRQHandler                     
00002f67  TIMG6_IRQHandler                      
00002f67  TIMG7_IRQHandler                      
00002f67  TIMG8_IRQHandler                      
00002f67  UART0_IRQHandler                      
00002f67  UART1_IRQHandler                      
00002f67  UART2_IRQHandler                      
00002f67  UART3_IRQHandler                      
00002f69  AppConfig_InitDefault                 
00003005  memcpy                                
0000309f  TrackSensor_Init                      
00003139  CarController_StartSeekLine           
000031c9  __aeabi_fmul                          
000031c9  __mulsf3                              
00003255  __aeabi_fdiv                          
00003255  __divsf3                              
000032d7  MissionLibrary_Validate               
00003357  __aeabi_idiv0                         
00003359  __TI_decompress_lzss                  
000033d5  CarController_StartFollowLine         
000034c5  CarController_Init                    
00003539  CarController_ResetRuntime            
000035ad  TrackSensor_DetectTurn                
0000361b  __aeabi_ldiv0                         
0000361d  CarController_StartTurnLeft90         
00003689  CarController_StartTurnRight90        
000036f5  Encoder_HandleGpioInterrupt           
00003761  main                                  
000037cd  MissionManager_GetSelectedMissionIndex
00003835  ObstacleMonitor_Update_20ms           
0000389d  TrackSensor_GetErrorFromRaw           
00003905  __aeabi_fcmpeq                        
00003919  __aeabi_fcmplt                        
0000392d  __aeabi_fcmple                        
00003941  __aeabi_fcmpge                        
00003955  __aeabi_fcmpgt                        
00003969  Menu_GetParamValue                    
000039c9  OLED_PrintBinary7                     
00003a29  Ultrasonic_Update_20ms                
00003a85  App_Init                              
00003add  __aeabi_idiv                          
00003add  __aeabi_idivmod                       
00003b35  ObstacleSafety_Update_20ms            
00003b89  TrackSensor_ReadRaw                   
00003bdd  CarController_SetSafetyHold           
00003c2d  Motor_PwmTick100us                    
00003c7d  Ultrasonic_Init                       
00003ccd  MissionManager_Init                   
00003d15  Servo_Tick100us                       
00003d59  SysTick_Handler                       
00003d9d  MissionManager_Start                  
00003ddd  SYSCFG_DL_SYSCTL_init                 
00003e1d  __aeabi_uidiv                         
00003e1d  __aeabi_uidivmod                      
00003e5d  __divmoddi4                           
00003e9d  Servo_SetAngleDeg                     
00003ed9  __aeabi_i2f                           
00003ed9  __floatsisf                           
00003f15  __gesf2                               
00003f15  __gtsf2                               
00003f51  __TI_auto_init_nobinit_nopinit        
00003f8d  __cmpsf2                              
00003f8d  __eqsf2                               
00003f8d  __lesf2                               
00003f8d  __ltsf2                               
00003f8d  __nesf2                               
00003fc9  __muldsi3                             
00004005  Motor_Init                            
0000403d  __aeabi_f2iz                          
0000403d  __fixsfsi                             
00004075  OLED_SetCursor                        
000040a9  OLED_PrintString                      
000040dd  Key_Init                              
0000410d  MissionManager_Cancel                 
0000413d  MissionManager_Reset                  
0000416d  Motor_Stop                            
00004199  SYSCFG_DL_initPower                   
000041c5  TrackSensor_CountBlack                
000041f1  Servo_Init                            
00004219  _c_int00_noargs                       
00004241  Encoder_Reset                         
00004265  CarController_Stop                    
00004285  MissionManager_Pause                  
000042a5  MissionManager_Resume                 
000042e5  __aeabi_llsl                          
000042e5  __ashldi3                             
00004305  Imu_IsReady                           
00004321  ObstacleSafety_Init                   
0000433d  CarController_RunModeToString         
00004355  HeadingControl_LockCurrentYaw         
0000436d  HeadingControl_SetTargetYaw           
00004385  Menu_ParamItemToString                
0000439d  MotionAction_Cancel                   
000043b5  __TI_zero_init_nomemset               
000043cd  GROUP1_IRQHandler                     
000043e1  HeadingControl_Enable                 
000043f5  HeadingControl_Init                   
00004409  HeadingControl_Reset                  
0000441d  Menu_Init                             
00004431  MissionLibrary_FindById               
00004445  MissionLibrary_GetByIndex             
00004459  MissionManager_GetSelectedMissionId   
0000446d  MotionAction_Init                     
00004481  ObstacleMonitor_Init                  
00004495  __aeabi_ldivmod                       
000044a9  __TI_decompress_none                  
000044bd  Key_GetEvent                          
000044cd  SYSCFG_DL_init                        
000044dd  CarController_GetRunMode              
000044e9  CarState_Get                          
000044f5  CarState_Init                         
00004501  CarState_Set                          
0000450d  Imu_GetCorrectedGyroZDps              
00004519  Imu_GetYaw                            
00004525  Imu_ResetYaw                          
00004531  Menu_GetPage                          
0000453d  Menu_GetParamItem                     
00004549  MissionManager_SetExternalHold        
00004555  ObstacleSafety_IsHolding              
00004561  OledUi_Init                           
0000456d  DL_Common_delayCycles                 
00004577  TrackSensor_IsCenterDetected          
00004581  TrackSensor_IsLineDetected            
0000458b  TrackSensor_IsLineLost                
00004595  CarController_GetFeedback             
0000459d  HeadingControl_GetRuntime             
000045a5  Imu_GetRuntime                        
000045ad  MissionManager_GetMissionCount        
000045b5  MissionManager_GetRuntime             
000045bd  MotionAction_GetRuntime               
000045c5  ObstacleMonitor_GetFeedback           
000045cd  Ultrasonic_GetFeedback                
000045d5  __aeabi_memcpy                        
000045d5  __aeabi_memcpy4                       
000045d5  __aeabi_memcpy8                       
000045dd  abort                                 
000045e2  C$$EXIT                               
000045e3  HOSTexit                              
000045e7  MissionLibrary_GetCount               
000045eb  Reset_Handler                         
000045ef  _system_pre_init                      
00004dd8  __TI_Handler_Table_Base               
00004de4  __TI_Handler_Table_Limit              
00004df4  __TI_CINIT_Base                       
00004e04  __TI_CINIT_Limit                      
00004e04  __TI_CINIT_Warm                       
20200000  __start___llvm_prf_bits               
20200000  __start___llvm_prf_cnts               
20200000  __stop___llvm_prf_bits                
20200000  __stop___llvm_prf_cnts                
20200000  g_appConfig                           
20200050  g_appRuntime                          
20200078  g_imuRuntime                          
202000c0  g_headingRuntime                      
20200132  g_trackError                          
20200147  g_carStateDebug                       
20200148  g_keyEvent                            
20200149  g_oledPageDebug                       
2020014a  g_paramItemDebug                      
2020014b  g_trackBlackCount                     
2020014c  g_trackModeDebug                      
2020014d  g_trackRaw                            
2020014e  g_trackTurnDebug                      
20207e00  __stack                               
20208000  __STACK_END                           
ffffffff  __TI_pprof_out_hndl                   
ffffffff  __TI_prof_data_size                   
ffffffff  __TI_prof_data_start                  
ffffffff  __binit__                             
ffffffff  binit                                 
UNDEFED   __mpu_init                            
UNDEFED   _system_post_cinit                    

[231 symbols]
