******************************************************************************
            TI ARM Clang Linker PC v4.0.4                      
******************************************************************************
>> Linked Mon Jul 13 04:36:14 2026

OUTPUT FILE NAME:   <diansaikaishi.out>
ENTRY POINT SYMBOL: "_c_int00_noargs"  address: 00004511


MEMORY CONFIGURATION

         name            origin    length      used     unused   attr    fill
----------------------  --------  ---------  --------  --------  ----  --------
  FLASH                 00000000   00020000  00005158  0001aea8  R  X
  SRAM                  20200000   00008000  00000363  00007c9d  RW X
  BCR_CONFIG            41c00000   000000ff  00000000  000000ff  R   
  BSL_CONFIG            41c00100   00000080  00000000  00000080  R   


SEGMENT ALLOCATION MAP

run origin  load origin   length   init length attrs members
----------  ----------- ---------- ----------- ----- -------
00000000    00000000    00005158   00005158    r-x
  00000000    00000000    000000c0   000000c0    r-- .intvecs
  000000c0    000000c0    00004860   00004860    r-x .text
  00004920    00004920    00000808   00000808    r-- .rodata
  00005128    00005128    00000030   00000030    r-- .cinit
20200000    20200000    00000163   00000000    rw-
  20200000    20200000    00000162   00000000    rw- .bss
  20200162    20200162    00000001   00000000    rw- .data
20207e00    20207e00    00000200   00000000    rw-
  20207e00    20207e00    00000200   00000000    rw- .stack


SECTION ALLOCATION MAP

 output                                  attributes/
section   page    origin      length       input sections
--------  ----  ----------  ----------   ----------------
.intvecs   0    00000000    000000c0     
                  00000000    000000c0     startup_mspm0g350x_ticlang.o (.intvecs)

.text      0    000000c0    00004860     
                  000000c0    00000568     oled_ui.o (.text.OledUi_Update_20ms)
                  00000628    000004a8     car_controller.o (.text.CarController_Update_20ms)
                  00000ad0    000002f0     imu.o (.text.mpu6050_read_regs)
                  00000dc0    000002d8     imu.o (.text.Imu_Init)
                  00001098    00000254     oled.o (.text.OLED_Clear)
                  000012ec    00000224     app_config.o (.text.AppConfig_LimitAll)
                  00001510    00000220     menu.o (.text.Menu_HandleKeyEvent)
                  00001730    00000214     imu.o (.text.Imu_CalibrateGyroBias)
                  00001944    000001f4     obstacle_scanner.o (.text.ObstacleScanner_Update_20ms)
                  00001b38    000001cc     imu.o (.text.imu_i2c_write_byte)
                  00001d04    000001b8     oled.o (.text.oled_i2c_write_byte)
                  00001ebc    000001a0     ultrasonic.o (.text.Ultrasonic_Tick100us)
                  0000205c    00000174     key.o (.text.Key_Update_20ms)
                  000021d0    00000160     heading_control.o (.text.HeadingControl_Update)
                  00002330    0000013c     oled.o (.text.OLED_PrintInt16)
                  0000246c    00000134     imu.o (.text.Imu_Update)
                  000025a0    0000012c     imu.o (.text.imu_i2c_recover_bus)
                  000026cc    0000011c     motion_action.o (.text.MotionAction_Update_20ms)
                  000027e8    000000f8     mission_manager.o (.text.MissionManager_Update_20ms)
                  000028e0    000000f0     mission_manager.o (.text.MissionManager_SelectNext)
                  000029d0    000000ec     car_controller.o (.text.handle_turn_90)
                  00002abc    000000e8     motion_action.o (.text.MotionAction_Start)
                  00002ba4    000000d8     mission_manager.o (.text.MissionManager_SelectPrevious)
                  00002c7c    000000d8     libclang_rt.builtins.a : addsf3.S.obj (.text)
                  00002d54    000000d4     app.o (.text.App_Update_20ms)
                  00002e28    000000d4     oled.o (.text.OLED_Init)
                  00002efc    000000d0     oled.o (.text.OLED_PrintChar)
                  00002fcc    000000b0     motor.o (.text.Motor_SetSpeed)
                  0000307c    000000b0     ti_msp_dl_config.o (.text.SYSCFG_DL_GPIO_init)
                  0000312c    000000a2     libclang_rt.builtins.a : udivmoddi4.S.obj (.text)
                  000031ce    00000002     startup_mspm0g350x_ticlang.o (.text.Default_Handler)
                  000031d0    0000009c     app_config.o (.text.AppConfig_InitDefault)
                  0000326c    0000009c     obstacle_monitor.o (.text.ObstacleMonitor_Update_20ms)
                  00003308    0000009a     libc.a : memcpy16.S.obj (.text:memcpy)
                  000033a2    00000002     track_sensor.o (.text.TrackSensor_Init)
                  000033a4    00000098     imu.o (.text.mpu6050_write_reg)
                  0000343c    00000090     car_controller.o (.text.CarController_StartSeekLine)
                  000034cc    0000008c     libclang_rt.builtins.a : mulsf3.S.obj (.text.__mulsf3)
                  00003558    00000082                            : divsf3.S.obj (.text.__divsf3)
                  000035da    00000080     mission_library.o (.text.MissionLibrary_Validate)
                  0000365a    00000002     libclang_rt.builtins.a : aeabi_div0.c.obj (.text.__aeabi_idiv0)
                  0000365c    0000007c     libc.a : copy_decompress_lzss.c.obj (.text:decompress:lzss)
                  000036d8    00000078     car_controller.o (.text.CarController_StartFollowLine)
                  00003750    00000078     oled.o (.text.oled_write_command)
                  000037c8    00000074     car_controller.o (.text.CarController_Init)
                  0000383c    00000074     car_controller.o (.text.CarController_ResetRuntime)
                  000038b0    0000006e     track_sensor.o (.text.TrackSensor_DetectTurn)
                  0000391e    00000002     libclang_rt.builtins.a : aeabi_div0.c.obj (.text.__aeabi_ldiv0)
                  00003920    0000006c     car_controller.o (.text.CarController_StartTurnLeft90)
                  0000398c    0000006c     car_controller.o (.text.CarController_StartTurnRight90)
                  000039f8    0000006c     encoder.o (.text.Encoder_HandleGpioInterrupt)
                  00003a64    0000006c     empty.o (.text.main)
                  00003ad0    00000068     mission_manager.o (.text.MissionManager_GetSelectedMissionIndex)
                  00003b38    00000066     track_sensor.o (.text.TrackSensor_GetErrorFromRaw)
                  00003b9e    00000002     --HOLE-- [fill = 0]
                  00003ba0    00000062     libclang_rt.builtins.a : aeabi_fcmp.S.obj (.text.__aeabi_fcmp)
                  00003c02    00000002     --HOLE-- [fill = 0]
                  00003c04    00000060     menu.o (.text.Menu_GetParamValue)
                  00003c64    0000005e     oled.o (.text.OLED_PrintBinary7)
                  00003cc2    00000002     --HOLE-- [fill = 0]
                  00003cc4    0000005c     ultrasonic.o (.text.Ultrasonic_Update_20ms)
                  00003d20    0000005a     app.o (.text.App_Init)
                  00003d7a    00000002     --HOLE-- [fill = 0]
                  00003d7c    00000056     libclang_rt.builtins.a : aeabi_idivmod.S.obj (.text.__aeabi_idivmod)
                  00003dd2    00000002     --HOLE-- [fill = 0]
                  00003dd4    00000054     obstacle_safety.o (.text.ObstacleSafety_Update_20ms)
                  00003e28    00000054     track_sensor.o (.text.TrackSensor_ReadRaw)
                  00003e7c    00000050     car_controller.o (.text.CarController_SetSafetyHold)
                  00003ecc    00000050     motor.o (.text.Motor_PwmTick100us)
                  00003f1c    00000050     ultrasonic.o (.text.Ultrasonic_Init)
                  00003f6c    00000048     mission_manager.o (.text.MissionManager_Init)
                  00003fb4    00000044     servo.o (.text.Servo_Tick100us)
                  00003ff8    00000044     empty.o (.text.SysTick_Handler)
                  0000403c    00000040     mission_manager.o (.text.MissionManager_Start)
                  0000407c    00000040     ti_msp_dl_config.o (.text.SYSCFG_DL_SYSCTL_init)
                  000040bc    00000040     libclang_rt.builtins.a : aeabi_uidivmod.S.obj (.text.__aeabi_uidivmod)
                  000040fc    0000003e                            : divmoddi4.c.obj (.text.__divmoddi4)
                  0000413a    00000002     --HOLE-- [fill = 0]
                  0000413c    0000003c     servo.o (.text.Servo_SetAngleDeg)
                  00004178    0000003c     libclang_rt.builtins.a : floatsisf.S.obj (.text.__floatsisf)
                  000041b4    0000003c                            : comparesf2.S.obj (.text.__gtsf2)
                  000041f0    0000003c     libc.a : autoinit.c.obj (.text:__TI_auto_init_nobinit_nopinit)
                  0000422c    0000003a     libclang_rt.builtins.a : comparesf2.S.obj (.text.__eqsf2)
                  00004266    00000002     --HOLE-- [fill = 0]
                  00004268    0000003a                            : muldsi3.S.obj (.text.__muldsi3)
                  000042a2    00000002     --HOLE-- [fill = 0]
                  000042a4    00000038     motor.o (.text.Motor_Init)
                  000042dc    00000038     libclang_rt.builtins.a : fixsfsi.S.obj (.text.__fixsfsi)
                  00004314    00000034     oled.o (.text.OLED_SetCursor)
                  00004348    00000032     oled.o (.text.OLED_PrintString)
                  0000437a    00000002     --HOLE-- [fill = 0]
                  0000437c    00000030     key.o (.text.Key_Init)
                  000043ac    00000030     mission_manager.o (.text.MissionManager_Cancel)
                  000043dc    00000030     mission_manager.o (.text.MissionManager_Reset)
                  0000440c    00000030     obstacle_scanner.o (.text.ObstacleScanner_Init)
                  0000443c    0000002c     motor.o (.text.Motor_Stop)
                  00004468    0000002c     ti_msp_dl_config.o (.text.SYSCFG_DL_initPower)
                  00004494    0000002c     track_sensor.o (.text.TrackSensor_CountBlack)
                  000044c0    00000028     servo.o (.text.Servo_Init)
                  000044e8    00000028     ultrasonic.o (.text.Ultrasonic_ResetFilter)
                  00004510    00000028     libc.a : boot_cortex_m.c.obj (.text:_c_int00_noargs)
                  00004538    00000024     encoder.o (.text.Encoder_Reset)
                  0000455c    00000020     car_controller.o (.text.CarController_Stop)
                  0000457c    00000020     mission_manager.o (.text.MissionManager_Pause)
                  0000459c    00000020     mission_manager.o (.text.MissionManager_Resume)
                  000045bc    00000020     mission_manager.o (.text.mission_finish_error)
                  000045dc    0000001e     libclang_rt.builtins.a : ashldi3.S.obj (.text.__ashldi3)
                  000045fa    00000002     --HOLE-- [fill = 0]
                  000045fc    0000001c     imu.o (.text.Imu_IsReady)
                  00004618    0000001c     obstacle_monitor.o (.text.ObstacleMonitor_Init)
                  00004634    0000001c     obstacle_safety.o (.text.ObstacleSafety_Init)
                  00004650    0000001c     obstacle_scanner.o (.text.ObstacleScanner_DirectionToString)
                  0000466c    00000018     car_controller.o (.text.CarController_RunModeToString)
                  00004684    00000018     heading_control.o (.text.HeadingControl_LockCurrentYaw)
                  0000469c    00000018     heading_control.o (.text.HeadingControl_SetTargetYaw)
                  000046b4    00000018     menu.o (.text.Menu_ParamItemToString)
                  000046cc    00000018     motion_action.o (.text.MotionAction_Cancel)
                  000046e4    00000016     libc.a : copy_zero_init.c.obj (.text:decompress:ZI:__TI_zero_init_nomemset)
                  000046fa    00000002     --HOLE-- [fill = 0]
                  000046fc    00000014     empty.o (.text.GROUP1_IRQHandler)
                  00004710    00000014     heading_control.o (.text.HeadingControl_Enable)
                  00004724    00000014     heading_control.o (.text.HeadingControl_Init)
                  00004738    00000014     heading_control.o (.text.HeadingControl_Reset)
                  0000474c    00000014     menu.o (.text.Menu_Init)
                  00004760    00000014     mission_library.o (.text.MissionLibrary_FindById)
                  00004774    00000014     mission_library.o (.text.MissionLibrary_GetByIndex)
                  00004788    00000014     mission_manager.o (.text.MissionManager_GetSelectedMissionId)
                  0000479c    00000014     motion_action.o (.text.MotionAction_Init)
                  000047b0    00000014     libclang_rt.builtins.a : aeabi_ldivmod.S.obj (.text.__aeabi_ldivmod)
                  000047c4    00000012     libc.a : copy_decompress_none.c.obj (.text:decompress:none)
                  000047d6    00000002     --HOLE-- [fill = 0]
                  000047d8    00000010     key.o (.text.Key_GetEvent)
                  000047e8    00000010     ti_msp_dl_config.o (.text.SYSCFG_DL_init)
                  000047f8    0000000c     car_controller.o (.text.CarController_GetRunMode)
                  00004804    0000000c     car_state.o (.text.CarState_Get)
                  00004810    0000000c     car_state.o (.text.CarState_Init)
                  0000481c    0000000c     car_state.o (.text.CarState_Set)
                  00004828    0000000c     imu.o (.text.Imu_GetCorrectedGyroZDps)
                  00004834    0000000c     imu.o (.text.Imu_GetYaw)
                  00004840    0000000c     imu.o (.text.Imu_ResetYaw)
                  0000484c    0000000c     menu.o (.text.Menu_GetPage)
                  00004858    0000000c     menu.o (.text.Menu_GetParamItem)
                  00004864    0000000c     mission_manager.o (.text.MissionManager_SetExternalHold)
                  00004870    0000000c     obstacle_safety.o (.text.ObstacleSafety_IsHolding)
                  0000487c    0000000c     oled_ui.o (.text.OledUi_Init)
                  00004888    0000000a     driverlib.a : dl_common.o (.text.DL_Common_delayCycles)
                  00004892    0000000a     track_sensor.o (.text.TrackSensor_IsCenterDetected)
                  0000489c    0000000a     track_sensor.o (.text.TrackSensor_IsLineDetected)
                  000048a6    0000000a     track_sensor.o (.text.TrackSensor_IsLineLost)
                  000048b0    00000008     car_controller.o (.text.CarController_GetFeedback)
                  000048b8    00000008     heading_control.o (.text.HeadingControl_GetRuntime)
                  000048c0    00000008     imu.o (.text.Imu_GetRuntime)
                  000048c8    00000008     mission_manager.o (.text.MissionManager_GetMissionCount)
                  000048d0    00000008     mission_manager.o (.text.MissionManager_GetRuntime)
                  000048d8    00000008     motion_action.o (.text.MotionAction_GetRuntime)
                  000048e0    00000008     obstacle_monitor.o (.text.ObstacleMonitor_GetFeedback)
                  000048e8    00000008     obstacle_scanner.o (.text.ObstacleScanner_GetFeedback)
                  000048f0    00000008     servo.o (.text.Servo_GetFeedback)
                  000048f8    00000008     ultrasonic.o (.text.Ultrasonic_GetFeedback)
                  00004900    00000008     libclang_rt.builtins.a : aeabi_memcpy.S.obj (.text.__aeabi_memcpy)
                  00004908    00000006     libc.a : exit.c.obj (.text:abort)
                  0000490e    00000004     libsysbm.a : hostexit.c.obj (.text.HOSTexit)
                  00004912    00000004     mission_library.o (.text.MissionLibrary_GetCount)
                  00004916    00000004     startup_mspm0g350x_ticlang.o (.text.Reset_Handler)
                  0000491a    00000004     libc.a : pre_init.c.obj (.text._system_pre_init)
                  0000491e    00000002     --HOLE-- [fill = 0]

.cinit     0    00005128    00000030     
                  00005128    0000000c     (__TI_handler_table)
                  00005134    00000008     (.cinit..bss.load) [load image, compression = zero_init]
                  0000513c    00000005     (.cinit..data.load) [load image, compression = lzss]
                  00005141    00000003     --HOLE-- [fill = 0]
                  00005144    00000010     (__TI_cinit_table)
                  00005154    00000004     --HOLE-- [fill = 0]

.rodata    0    00004920    00000808     
                  00004920    000000d8     oled.o (.rodata..Lswitch.table.OLED_PrintChar)
                  000049f8    000000a8     mission_library.o (.rodata.g_missionMapA)
                  00004aa0    000000a8     mission_library.o (.rodata.g_missionMapB)
                  00004b48    00000090     mission_library.o (.rodata.g_missionRegistry)
                  00004bd8    00000078     mission_library.o (.rodata.g_missionMapC)
                  00004c50    00000078     mission_library.o (.rodata.g_missionTestRight90Turn)
                  00004cc8    00000078     mission_library.o (.rodata.g_missionTestSeekFollow)
                  00004d40    00000048     mission_library.o (.rodata.g_missionLegacy)
                  00004d88    00000048     mission_library.o (.rodata.g_missionTestRight90Stop)
                  00004dd0    00000048     mission_library.o (.rodata.g_missionTestSeekThenFollow)
                  00004e18    00000034     mission_library.o (.rodata..Lswitch.table.MissionLibrary_FindById)
                  00004e4c    00000030     mission_library.o (.rodata.g_missionTestSeekThenStop)
                  00004e7c    00000020     menu.o (.rodata..Lswitch.table.Menu_ParamItemToString)
                  00004e9c    00000018     oled_ui.o (.rodata..Lswitch.table.OledUi_Update_20ms.50)
                  00004eb4    00000018     oled_ui.o (.rodata..Lswitch.table.OledUi_Update_20ms)
                  00004ecc    00000014     car_controller.o (.rodata..Lswitch.table.CarController_RunModeToString)
                  00004ee0    00000010     obstacle_scanner.o (.rodata..Lswitch.table.ObstacleScanner_DirectionToString)
                  00004ef0    0000000b     mission_library.o (.rodata.str1.1440970855772709381.1)
                  00004efb    0000000a     mission_library.o (.rodata.str1.11682660667400632204.1)
                  00004f05    0000000a     mission_library.o (.rodata.str1.15604890807705439409.1)
                  00004f0f    00000009     mission_library.o (.rodata.str1.15668266851434757964.1)
                  00004f18    00000009     oled_ui.o (.rodata.str1.18266126048138325213.1)
                  00004f21    00000008     mission_library.o (.rodata.str1.13636476544574750902.1)
                  00004f29    00000007     mission_library.o (.rodata.str1.199678142196697465.1)
                  00004f30    00000007     oled_ui.o (.rodata.str1.9544068167406571052.1)
                  00004f37    00000006     oled_ui.o (.rodata.str1.1445687256832830955.1)
                  00004f3d    00000006     oled_ui.o (.rodata.str1.15008238333949226094.1)
                  00004f43    00000006     oled_ui.o (.rodata.str1.15817398807211891688.1)
                  00004f49    00000006     mission_library.o (.rodata.str1.1642528554392422750.1)
                  00004f4f    00000006     oled_ui.o (.rodata.str1.17540787658903907660.1)
                  00004f55    00000006     oled_ui.o (.rodata.str1.17884296644359297425.1)
                  00004f5b    00000006     mission_library.o (.rodata.str1.4251661066630729623.1)
                  00004f61    00000006     mission_library.o (.rodata.str1.4392264057376583881.1)
                  00004f67    00000006     oled_ui.o (.rodata.str1.4610220316623841660.1)
                  00004f6d    00000006     oled_ui.o (.rodata.str1.5965450730569173784.1)
                  00004f73    00000006     oled_ui.o (.rodata.str1.8460525935980491721.1)
                  00004f79    00000005     oled.o (.rodata.oled_get_glyph.colon)
                  00004f7e    00000005     oled.o (.rodata.oled_get_glyph.eight)
                  00004f83    00000005     oled.o (.rodata.oled_get_glyph.five)
                  00004f88    00000005     oled.o (.rodata.oled_get_glyph.four)
                  00004f8d    00000005     oled.o (.rodata.oled_get_glyph.glyphA)
                  00004f92    00000005     oled.o (.rodata.oled_get_glyph.glyphB)
                  00004f97    00000005     oled.o (.rodata.oled_get_glyph.glyphC)
                  00004f9c    00000005     oled.o (.rodata.oled_get_glyph.glyphD)
                  00004fa1    00000005     oled.o (.rodata.oled_get_glyph.glyphE)
                  00004fa6    00000005     oled.o (.rodata.oled_get_glyph.glyphG)
                  00004fab    00000005     oled.o (.rodata.oled_get_glyph.glyphH)
                  00004fb0    00000005     oled.o (.rodata.oled_get_glyph.glyphI)
                  00004fb5    00000005     oled.o (.rodata.oled_get_glyph.glyphK)
                  00004fba    00000005     oled.o (.rodata.oled_get_glyph.glyphL)
                  00004fbf    00000005     oled.o (.rodata.oled_get_glyph.glyphM)
                  00004fc4    00000005     oled.o (.rodata.oled_get_glyph.glyphN)
                  00004fc9    00000005     oled.o (.rodata.oled_get_glyph.glyphO)
                  00004fce    00000005     oled.o (.rodata.oled_get_glyph.glyphP)
                  00004fd3    00000005     oled.o (.rodata.oled_get_glyph.glyphR)
                  00004fd8    00000005     oled.o (.rodata.oled_get_glyph.glyphS)
                  00004fdd    00000005     oled.o (.rodata.oled_get_glyph.glyphT)
                  00004fe2    00000005     oled.o (.rodata.oled_get_glyph.glyphU)
                  00004fe7    00000005     oled.o (.rodata.oled_get_glyph.glyphV)
                  00004fec    00000005     oled.o (.rodata.oled_get_glyph.glyphW)
                  00004ff1    00000005     oled.o (.rodata.oled_get_glyph.glyphX)
                  00004ff6    00000005     oled.o (.rodata.oled_get_glyph.glyphY)
                  00004ffb    00000005     oled.o (.rodata.oled_get_glyph.glyphb)
                  00005000    00000005     oled.o (.rodata.oled_get_glyph.gt)
                  00005005    00000005     oled.o (.rodata.oled_get_glyph.minus)
                  0000500a    00000005     oled.o (.rodata.oled_get_glyph.nine)
                  0000500f    00000005     oled.o (.rodata.oled_get_glyph.one)
                  00005014    00000005     oled.o (.rodata.oled_get_glyph.seven)
                  00005019    00000005     oled.o (.rodata.oled_get_glyph.six)
                  0000501e    00000005     oled.o (.rodata.oled_get_glyph.space)
                  00005023    00000005     oled.o (.rodata.oled_get_glyph.three)
                  00005028    00000005     oled.o (.rodata.oled_get_glyph.two)
                  0000502d    00000005     oled.o (.rodata.oled_get_glyph.zero)
                  00005032    00000005     oled_ui.o (.rodata.str1.1108652269057166745.1)
                  00005037    00000005     oled_ui.o (.rodata.str1.12983537867572525563.1)
                  0000503c    00000005     oled_ui.o (.rodata.str1.13567883086814673087.1)
                  00005041    00000005     oled_ui.o (.rodata.str1.13790669171379415506.1)
                  00005046    00000005     oled_ui.o (.rodata.str1.13882251010780863896.1)
                  0000504b    00000005     oled_ui.o (.rodata.str1.14134189893851348960.1)
                  00005050    00000005     oled_ui.o (.rodata.str1.14358698208395374265.1)
                  00005055    00000005     oled_ui.o (.rodata.str1.15577080202403550426.1)
                  0000505a    00000005     oled_ui.o (.rodata.str1.15859922799842739878.1)
                  0000505f    00000005     oled_ui.o (.rodata.str1.15917848551323629232.1)
                  00005064    00000005     oled_ui.o (.rodata.str1.16411631209783952401.1)
                  00005069    00000005     oled_ui.o (.rodata.str1.17274519358952562110.1)
                  0000506e    00000005     car_controller.o (.rodata.str1.18191498530309206443.1)
                  00005073    00000005     car_controller.o (.rodata.str1.4164979912472006574.1)
                  00005078    00000005     oled_ui.o (.rodata.str1.4402311448527872260.1)
                  0000507d    00000005     oled_ui.o (.rodata.str1.4581472623415959594.1)
                  00005082    00000005     menu.o (.rodata.str1.4862307748908978627.1)
                  00005087    00000005     oled_ui.o (.rodata.str1.7219546930854689545.1)
                  0000508c    00000005     oled_ui.o (.rodata.str1.8426569189266129334.1)
                  00005091    00000005     car_controller.o (.rodata.str1.9981487771679760427.1)
                  00005096    00000004     oled_ui.o (.rodata.str1.1019225241002246410.1)
                  0000509a    00000004     oled_ui.o (.rodata.str1.10416366799939242409.1)
                  0000509e    00000004     menu.o (.rodata.str1.12110183915172842339.1)
                  000050a2    00000004     car_controller.o (.rodata.str1.12442237994239546032.1)
                  000050a6    00000004     oled_ui.o (.rodata.str1.130772507669342127.1)
                  000050aa    00000004     menu.o (.rodata.str1.13124720451672825294.1)
                  000050ae    00000004     oled_ui.o (.rodata.str1.13244290092665904221.1)
                  000050b2    00000004     menu.o (.rodata.str1.14098755746347272832.1)
                  000050b6    00000004     oled_ui.o (.rodata.str1.16526439943277383452.1)
                  000050ba    00000004     menu.o (.rodata.str1.17041139162815566052.1)
                  000050be    00000004     car_controller.o (.rodata.str1.17172356789460551389.1)
                  000050c2    00000004     oled_ui.o (.rodata.str1.18379317056176403938.1)
                  000050c6    00000004     oled_ui.o (.rodata.str1.2308938766145545715.1)
                  000050ca    00000004     oled_ui.o (.rodata.str1.270145429241168923.1)
                  000050ce    00000004     oled_ui.o (.rodata.str1.3025253791635144717.1)
                  000050d2    00000004     oled_ui.o (.rodata.str1.3407221357956504873.1)
                  000050d6    00000004     oled_ui.o (.rodata.str1.3455423528827705371.1)
                  000050da    00000004     oled_ui.o (.rodata.str1.3702290527496711532.1)
                  000050de    00000004     oled_ui.o (.rodata.str1.4581686099848791648.1)
                  000050e2    00000004     oled_ui.o (.rodata.str1.5853739094453432564.1)
                  000050e6    00000004     oled_ui.o (.rodata.str1.8236579331345056500.1)
                  000050ea    00000004     oled_ui.o (.rodata.str1.8783421139296713095.1)
                  000050ee    00000004     oled_ui.o (.rodata.str1.9159586779647977165.1)
                  000050f2    00000004     car_controller.o (.rodata.str1.9234375891235759983.1)
                  000050f6    00000004     menu.o (.rodata.str1.9546740394641817443.1)
                  000050fa    00000004     oled_ui.o (.rodata.str1.967006512144173535.1)
                  000050fe    00000003     oled_ui.o (.rodata.str1.11232419324784801130.1)
                  00005101    00000003     oled_ui.o (.rodata.str1.14556837007311414654.1)
                  00005104    00000003     menu.o (.rodata.str1.16312125044762562515.1)
                  00005107    00000003     oled_ui.o (.rodata.str1.16849766574302683489.1)
                  0000510a    00000003     oled_ui.o (.rodata.str1.16931641404301806744.1)
                  0000510d    00000003     oled_ui.o (.rodata.str1.17812014771544466701.1)
                  00005110    00000003     menu.o (.rodata.str1.4646809750356241979.1)
                  00005113    00000003     menu.o (.rodata.str1.6857549598058878762.1)
                  00005116    00000003     oled_ui.o (.rodata.str1.9854382722193312766.1)
                  00005119    00000002     obstacle_scanner.o (.rodata.str1.11939683097049013124.1)
                  0000511b    00000002     obstacle_scanner.o (.rodata.str1.14577498031971741607.1)
                  0000511d    00000002     obstacle_scanner.o (.rodata.str1.5067209812142241413.1)
                  0000511f    00000002     obstacle_scanner.o (.rodata.str1.8397422230016258530.1)
                  00005121    00000002     obstacle_scanner.o (.rodata.str1.972179551522492159.1)
                  00005123    00000005     --HOLE-- [fill = 0]

.init_array 
*          0    00000000    00000000     UNINITIALIZED

.binit     0    00000000    00000000     

.bss       0    20200000    00000162     UNINITIALIZED
                  20200000    00000050     (.common:g_appConfig)
                  20200050    00000028     (.common:g_appRuntime)
                  20200078    00000028     (.common:g_imuRuntime)
                  202000a0    00000020     mission_manager.o (.bss.g_missionRuntime)
                  202000c0    00000014     (.common:g_headingRuntime)
                  202000d4    00000010     motion_action.o (.bss.g_motionActionRuntime)
                  202000e4    00000010     obstacle_scanner.o (.bss.g_obstacleScanFeedback)
                  202000f4    0000000e     car_controller.o (.bss.g_carControllerFeedback)
                  20200102    00000002     ultrasonic.o (.bss.g_echoTicks)
                  20200104    0000000e     ultrasonic.o (.bss.g_ultrasonicFeedback)
                  20200112    00000008     obstacle_monitor.o (.bss.g_obstacleFeedback)
                  2020011a    00000006     ultrasonic.o (.bss.g_distanceSamples)
                  20200120    00000006     key.o (.bss.g_key1)
                  20200126    00000006     key.o (.bss.g_key2)
                  2020012c    00000006     key.o (.bss.g_key3)
                  20200132    00000002     obstacle_scanner.o (.bss.g_scanWaitTicks)
                  20200134    00000004     encoder.o (.bss.g_motorAPulses)
                  20200138    00000004     encoder.o (.bss.g_motorBPulses)
                  2020013c    00000004     servo.o (.bss.g_servoFeedback)
                  20200140    00000002     servo.o (.bss.g_servoPwmPhase)
                  20200142    00000002     ultrasonic.o (.bss.g_stateTicks)
                  20200144    00000002     (.common:g_trackError)
                  20200146    00000001     oled_ui.o (.bss.OledUi_Update_20ms.refreshDivider)
                  20200147    00000001     empty.o (.bss.SysTick_Handler.controlMsCount)
                  20200148    00000001     empty.o (.bss.SysTick_Handler.tick100usCount)
                  20200149    00000001     ultrasonic.o (.bss.Ultrasonic_Update_20ms.triggerDivider)
                  2020014a    00000001     empty.o (.bss.g_appUpdateDue)
                  2020014b    00000001     car_state.o (.bss.g_carState)
                  2020014c    00000001     obstacle_monitor.o (.bss.g_centerSettleTicks)
                  2020014d    00000001     ultrasonic.o (.bss.g_distanceSampleCount)
                  2020014e    00000001     ultrasonic.o (.bss.g_distanceSampleIndex)
                  2020014f    00000001     motor.o (.bss.g_motorADutyLevel)
                  20200150    00000001     motor.o (.bss.g_motorBDutyLevel)
                  20200151    00000001     obstacle_safety.o (.bss.g_obstacleSafetyHolding)
                  20200152    00000001     oled.o (.bss.g_oledColumn)
                  20200153    00000001     menu.o (.bss.g_oledPage)
                  20200154    00000001     menu.o (.bss.g_paramItem)
                  20200155    00000001     key.o (.bss.g_pendingEvent)
                  20200156    00000001     motor.o (.bss.g_pwmPhase)
                  20200157    00000001     car_controller.o (.bss.g_safetyHold)
                  20200158    00000001     ultrasonic.o (.bss.g_triggerRequest)
                  20200159    00000001     ultrasonic.o (.bss.g_ultrasonicState)
                  2020015a    00000001     (.common:g_carStateDebug)
                  2020015b    00000001     (.common:g_keyEvent)
                  2020015c    00000001     (.common:g_oledPageDebug)
                  2020015d    00000001     (.common:g_paramItemDebug)
                  2020015e    00000001     (.common:g_trackBlackCount)
                  2020015f    00000001     (.common:g_trackModeDebug)
                  20200160    00000001     (.common:g_trackRaw)
                  20200161    00000001     (.common:g_trackTurnDebug)

.data      0    20200162    00000001     UNINITIALIZED
                  20200162    00000001     car_controller.o (.data.g_followTurnPolicy)

.stack     0    20207e00    00000200     UNINITIALIZED
                  20207e00    00000004     libc.a : boot_cortex_m.c.obj (.stack)
                  20207e04    000001fc     --HOLE--

__llvm_prf_cnts 
*          0    20200000    00000000     UNINITIALIZED

__llvm_prf_bits 
*          0    20200000    00000000     UNINITIALIZED

MODULE SUMMARY

       Module                         code    ro data   rw data
       ------                         ----    -------   -------
    .\
       imu.o                          3304    0         40     
       oled.o                         2088    401       1      
       car_controller.o               2296    47        56     
       oled_ui.o                      1396    282       1      
       mission_library.o              172     1229      0      
       mission_manager.o              1184    0         32     
       app_config.o                   704     0         80     
       menu.o                         708     66        2      
       ultrasonic.o                   636     0         29     
       obstacle_scanner.o             584     26        18     
       motion_action.o                568     0         16     
       heading_control.o              468     0         20     
       key.o                          436     0         19     
       track_sensor.o                 372     0         0      
       motor.o                        356     0         3      
       app.o                          302     0         10     
       ti_msp_dl_config.o             300     0         0      
       obstacle_monitor.o             192     0         9      
       empty.o                        196     0         3      
       startup_mspm0g350x_ticlang.o   6       192       0      
       servo.o                        176     0         6      
       encoder.o                      144     0         8      
       obstacle_safety.o              124     0         1      
       car_state.o                    36      0         1      
    +--+------------------------------+-------+---------+---------+
       Total:                         16748   2243      355    
                                                               
    C:/TI/mspm0_sdk_2_05_01_00/source/ti/driverlib/lib/ticlang/m0p/mspm0g1x0x_g3x0x/driverlib.a
       dl_common.o                    10      0         0      
    +--+------------------------------+-------+---------+---------+
       Total:                         10      0         0      
                                                               
    D:\TI\CCS\ccs\tools\compiler\ti-cgt-armllvm_4.0.4.LTS\lib\armv6m-ti-none-eabi/c/libc.a
       memcpy16.S.obj                 154     0         0      
       copy_decompress_lzss.c.obj     124     0         0      
       autoinit.c.obj                 60      0         0      
       boot_cortex_m.c.obj            40      0         0      
       copy_zero_init.c.obj           22      0         0      
       copy_decompress_none.c.obj     18      0         0      
       exit.c.obj                     6       0         0      
       pre_init.c.obj                 4       0         0      
    +--+------------------------------+-------+---------+---------+
       Total:                         428     0         0      
                                                               
    D:\TI\CCS\ccs\tools\compiler\ti-cgt-armllvm_4.0.4.LTS\lib\armv6m-ti-none-eabi/c/libsysbm.a
       hostexit.c.obj                 4       0         0      
    +--+------------------------------+-------+---------+---------+
       Total:                         4       0         0      
                                                               
    D:\TI\CCS\ccs\tools\compiler\ti-cgt-armllvm_4.0.4.LTS\lib\armv6m-ti-none-eabi/libclang_rt.builtins.a
       addsf3.S.obj                   216     0         0      
       udivmoddi4.S.obj               162     0         0      
       mulsf3.S.obj                   140     0         0      
       divsf3.S.obj                   130     0         0      
       comparesf2.S.obj               118     0         0      
       aeabi_fcmp.S.obj               98      0         0      
       aeabi_idivmod.S.obj            86      0         0      
       aeabi_uidivmod.S.obj           64      0         0      
       divmoddi4.c.obj                62      0         0      
       floatsisf.S.obj                60      0         0      
       muldsi3.S.obj                  58      0         0      
       fixsfsi.S.obj                  56      0         0      
       ashldi3.S.obj                  30      0         0      
       aeabi_ldivmod.S.obj            20      0         0      
       aeabi_memcpy.S.obj             8       0         0      
       aeabi_div0.c.obj               4       0         0      
    +--+------------------------------+-------+---------+---------+
       Total:                         1312    0         0      
                                                               
       Stack:                         0       0         512    
       Linker Generated:              0       41        0      
    +--+------------------------------+-------+---------+---------+
       Grand Total:                   18502   2284      867    


LINKER GENERATED COPY TABLES

__TI_cinit_table @ 00005144 records: 2, size/record: 8, table size: 16
	.bss: load addr=00005134, load size=00000008 bytes, run addr=20200000, run size=00000162 bytes, compression=zero_init
	.data: load addr=0000513c, load size=00000005 bytes, run addr=20200162, run size=00000001 bytes, compression=lzss


LINKER GENERATED HANDLER TABLE

__TI_handler_table @ 00005128 records: 3, size/record: 4, table size: 12
	index: 0, handler: __TI_decompress_lzss
	index: 1, handler: __TI_decompress_none
	index: 2, handler: __TI_zero_init


GLOBAL SYMBOLS: SORTED ALPHABETICALLY BY Name 

address   name                                  
-------   ----                                  
000031cf  ADC0_IRQHandler                       
000031cf  ADC1_IRQHandler                       
000031cf  AES_IRQHandler                        
000031d1  AppConfig_InitDefault                 
000012ed  AppConfig_LimitAll                    
00003d21  App_Init                              
00002d55  App_Update_20ms                       
0000490e  C$$EXIT                               
000031cf  CANFD0_IRQHandler                     
000048b1  CarController_GetFeedback             
000047f9  CarController_GetRunMode              
000037c9  CarController_Init                    
0000383d  CarController_ResetRuntime            
0000466d  CarController_RunModeToString         
00003e7d  CarController_SetSafetyHold           
000036d9  CarController_StartFollowLine         
0000343d  CarController_StartSeekLine           
00003921  CarController_StartTurnLeft90         
0000398d  CarController_StartTurnRight90        
0000455d  CarController_Stop                    
00000629  CarController_Update_20ms             
00004805  CarState_Get                          
00004811  CarState_Init                         
0000481d  CarState_Set                          
000031cf  DAC0_IRQHandler                       
00004889  DL_Common_delayCycles                 
000031cf  DMA_IRQHandler                        
000031cf  Default_Handler                       
000039f9  Encoder_HandleGpioInterrupt           
00004539  Encoder_Reset                         
000031cf  GROUP0_IRQHandler                     
000046fd  GROUP1_IRQHandler                     
0000490f  HOSTexit                              
000031cf  HardFault_Handler                     
00004711  HeadingControl_Enable                 
000048b9  HeadingControl_GetRuntime             
00004725  HeadingControl_Init                   
00004685  HeadingControl_LockCurrentYaw         
00004739  HeadingControl_Reset                  
0000469d  HeadingControl_SetTargetYaw           
000021d1  HeadingControl_Update                 
000031cf  I2C0_IRQHandler                       
000031cf  I2C1_IRQHandler                       
00001731  Imu_CalibrateGyroBias                 
00004829  Imu_GetCorrectedGyroZDps              
000048c1  Imu_GetRuntime                        
00004835  Imu_GetYaw                            
00000dc1  Imu_Init                              
000045fd  Imu_IsReady                           
00004841  Imu_ResetYaw                          
0000246d  Imu_Update                            
000047d9  Key_GetEvent                          
0000437d  Key_Init                              
0000205d  Key_Update_20ms                       
0000484d  Menu_GetPage                          
00004859  Menu_GetParamItem                     
00003c05  Menu_GetParamValue                    
00001511  Menu_HandleKeyEvent                   
0000474d  Menu_Init                             
000046b5  Menu_ParamItemToString                
00004761  MissionLibrary_FindById               
00004775  MissionLibrary_GetByIndex             
00004913  MissionLibrary_GetCount               
000035db  MissionLibrary_Validate               
000043ad  MissionManager_Cancel                 
000048c9  MissionManager_GetMissionCount        
000048d1  MissionManager_GetRuntime             
00004789  MissionManager_GetSelectedMissionId   
00003ad1  MissionManager_GetSelectedMissionIndex
00003f6d  MissionManager_Init                   
0000457d  MissionManager_Pause                  
000043dd  MissionManager_Reset                  
0000459d  MissionManager_Resume                 
000028e1  MissionManager_SelectNext             
00002ba5  MissionManager_SelectPrevious         
00004865  MissionManager_SetExternalHold        
0000403d  MissionManager_Start                  
000027e9  MissionManager_Update_20ms            
000046cd  MotionAction_Cancel                   
000048d9  MotionAction_GetRuntime               
0000479d  MotionAction_Init                     
00002abd  MotionAction_Start                    
000026cd  MotionAction_Update_20ms              
000042a5  Motor_Init                            
00003ecd  Motor_PwmTick100us                    
00002fcd  Motor_SetSpeed                        
0000443d  Motor_Stop                            
000031cf  NMI_Handler                           
00001099  OLED_Clear                            
00002e29  OLED_Init                             
00003c65  OLED_PrintBinary7                     
00002efd  OLED_PrintChar                        
00002331  OLED_PrintInt16                       
00004349  OLED_PrintString                      
00004315  OLED_SetCursor                        
000048e1  ObstacleMonitor_GetFeedback           
00004619  ObstacleMonitor_Init                  
0000326d  ObstacleMonitor_Update_20ms           
00004635  ObstacleSafety_Init                   
00004871  ObstacleSafety_IsHolding              
00003dd5  ObstacleSafety_Update_20ms            
00004651  ObstacleScanner_DirectionToString     
000048e9  ObstacleScanner_GetFeedback           
0000440d  ObstacleScanner_Init                  
00001945  ObstacleScanner_Update_20ms           
0000487d  OledUi_Init                           
000000c1  OledUi_Update_20ms                    
000031cf  PendSV_Handler                        
000031cf  RTC_IRQHandler                        
00004917  Reset_Handler                         
000031cf  SPI0_IRQHandler                       
000031cf  SPI1_IRQHandler                       
000031cf  SVC_Handler                           
0000307d  SYSCFG_DL_GPIO_init                   
0000407d  SYSCFG_DL_SYSCTL_init                 
000047e9  SYSCFG_DL_init                        
00004469  SYSCFG_DL_initPower                   
000048f1  Servo_GetFeedback                     
000044c1  Servo_Init                            
0000413d  Servo_SetAngleDeg                     
00003fb5  Servo_Tick100us                       
00003ff9  SysTick_Handler                       
000031cf  TIMA0_IRQHandler                      
000031cf  TIMA1_IRQHandler                      
000031cf  TIMG0_IRQHandler                      
000031cf  TIMG12_IRQHandler                     
000031cf  TIMG6_IRQHandler                      
000031cf  TIMG7_IRQHandler                      
000031cf  TIMG8_IRQHandler                      
00004495  TrackSensor_CountBlack                
000038b1  TrackSensor_DetectTurn                
00003b39  TrackSensor_GetErrorFromRaw           
000033a3  TrackSensor_Init                      
00004893  TrackSensor_IsCenterDetected          
0000489d  TrackSensor_IsLineDetected            
000048a7  TrackSensor_IsLineLost                
00003e29  TrackSensor_ReadRaw                   
000031cf  UART0_IRQHandler                      
000031cf  UART1_IRQHandler                      
000031cf  UART2_IRQHandler                      
000031cf  UART3_IRQHandler                      
000048f9  Ultrasonic_GetFeedback                
00003f1d  Ultrasonic_Init                       
000044e9  Ultrasonic_ResetFilter                
00001ebd  Ultrasonic_Tick100us                  
00003cc5  Ultrasonic_Update_20ms                
20208000  __STACK_END                           
00000200  __STACK_SIZE                          
00000000  __TI_ATRegion0_region_sz              
00000000  __TI_ATRegion0_src_addr               
00000000  __TI_ATRegion0_trg_addr               
00000000  __TI_ATRegion1_region_sz              
00000000  __TI_ATRegion1_src_addr               
00000000  __TI_ATRegion1_trg_addr               
00000000  __TI_ATRegion2_region_sz              
00000000  __TI_ATRegion2_src_addr               
00000000  __TI_ATRegion2_trg_addr               
00005144  __TI_CINIT_Base                       
00005154  __TI_CINIT_Limit                      
00005154  __TI_CINIT_Warm                       
00005128  __TI_Handler_Table_Base               
00005134  __TI_Handler_Table_Limit              
000041f1  __TI_auto_init_nobinit_nopinit        
0000365d  __TI_decompress_lzss                  
000047c5  __TI_decompress_none                  
ffffffff  __TI_pprof_out_hndl                   
ffffffff  __TI_prof_data_size                   
ffffffff  __TI_prof_data_start                  
00000000  __TI_static_base__                    
000046e5  __TI_zero_init_nomemset               
00002c87  __addsf3                              
000042dd  __aeabi_f2iz                          
00002c87  __aeabi_fadd                          
00003ba1  __aeabi_fcmpeq                        
00003bdd  __aeabi_fcmpge                        
00003bf1  __aeabi_fcmpgt                        
00003bc9  __aeabi_fcmple                        
00003bb5  __aeabi_fcmplt                        
00003559  __aeabi_fdiv                          
000034cd  __aeabi_fmul                          
00002c7d  __aeabi_fsub                          
00004179  __aeabi_i2f                           
00003d7d  __aeabi_idiv                          
0000365b  __aeabi_idiv0                         
00003d7d  __aeabi_idivmod                       
0000391f  __aeabi_ldiv0                         
000047b1  __aeabi_ldivmod                       
000045dd  __aeabi_llsl                          
00004901  __aeabi_memcpy                        
00004901  __aeabi_memcpy4                       
00004901  __aeabi_memcpy8                       
000040bd  __aeabi_uidiv                         
000040bd  __aeabi_uidivmod                      
000045dd  __ashldi3                             
ffffffff  __binit__                             
0000422d  __cmpsf2                              
000040fd  __divmoddi4                           
00003559  __divsf3                              
0000422d  __eqsf2                               
000042dd  __fixsfsi                             
00004179  __floatsisf                           
000041b5  __gesf2                               
000041b5  __gtsf2                               
0000422d  __lesf2                               
0000422d  __ltsf2                               
UNDEFED   __mpu_init                            
00004269  __muldsi3                             
000034cd  __mulsf3                              
0000422d  __nesf2                               
20207e00  __stack                               
20200000  __start___llvm_prf_bits               
20200000  __start___llvm_prf_cnts               
20200000  __stop___llvm_prf_bits                
20200000  __stop___llvm_prf_cnts                
00002c7d  __subsf3                              
0000312d  __udivmoddi4                          
00004511  _c_int00_noargs                       
UNDEFED   _system_post_cinit                    
0000491b  _system_pre_init                      
00004909  abort                                 
ffffffff  binit                                 
20200000  g_appConfig                           
20200050  g_appRuntime                          
2020015a  g_carStateDebug                       
202000c0  g_headingRuntime                      
20200078  g_imuRuntime                          
2020015b  g_keyEvent                            
2020015c  g_oledPageDebug                       
2020015d  g_paramItemDebug                      
2020015e  g_trackBlackCount                     
20200144  g_trackError                          
2020015f  g_trackModeDebug                      
20200160  g_trackRaw                            
20200161  g_trackTurnDebug                      
00000000  interruptVectors                      
00003a65  main                                  
00003309  memcpy                                


GLOBAL SYMBOLS: SORTED BY Symbol Address 

address   name                                  
-------   ----                                  
00000000  __TI_ATRegion0_region_sz              
00000000  __TI_ATRegion0_src_addr               
00000000  __TI_ATRegion0_trg_addr               
00000000  __TI_ATRegion1_region_sz              
00000000  __TI_ATRegion1_src_addr               
00000000  __TI_ATRegion1_trg_addr               
00000000  __TI_ATRegion2_region_sz              
00000000  __TI_ATRegion2_src_addr               
00000000  __TI_ATRegion2_trg_addr               
00000000  __TI_static_base__                    
00000000  interruptVectors                      
000000c1  OledUi_Update_20ms                    
00000200  __STACK_SIZE                          
00000629  CarController_Update_20ms             
00000dc1  Imu_Init                              
00001099  OLED_Clear                            
000012ed  AppConfig_LimitAll                    
00001511  Menu_HandleKeyEvent                   
00001731  Imu_CalibrateGyroBias                 
00001945  ObstacleScanner_Update_20ms           
00001ebd  Ultrasonic_Tick100us                  
0000205d  Key_Update_20ms                       
000021d1  HeadingControl_Update                 
00002331  OLED_PrintInt16                       
0000246d  Imu_Update                            
000026cd  MotionAction_Update_20ms              
000027e9  MissionManager_Update_20ms            
000028e1  MissionManager_SelectNext             
00002abd  MotionAction_Start                    
00002ba5  MissionManager_SelectPrevious         
00002c7d  __aeabi_fsub                          
00002c7d  __subsf3                              
00002c87  __addsf3                              
00002c87  __aeabi_fadd                          
00002d55  App_Update_20ms                       
00002e29  OLED_Init                             
00002efd  OLED_PrintChar                        
00002fcd  Motor_SetSpeed                        
0000307d  SYSCFG_DL_GPIO_init                   
0000312d  __udivmoddi4                          
000031cf  ADC0_IRQHandler                       
000031cf  ADC1_IRQHandler                       
000031cf  AES_IRQHandler                        
000031cf  CANFD0_IRQHandler                     
000031cf  DAC0_IRQHandler                       
000031cf  DMA_IRQHandler                        
000031cf  Default_Handler                       
000031cf  GROUP0_IRQHandler                     
000031cf  HardFault_Handler                     
000031cf  I2C0_IRQHandler                       
000031cf  I2C1_IRQHandler                       
000031cf  NMI_Handler                           
000031cf  PendSV_Handler                        
000031cf  RTC_IRQHandler                        
000031cf  SPI0_IRQHandler                       
000031cf  SPI1_IRQHandler                       
000031cf  SVC_Handler                           
000031cf  TIMA0_IRQHandler                      
000031cf  TIMA1_IRQHandler                      
000031cf  TIMG0_IRQHandler                      
000031cf  TIMG12_IRQHandler                     
000031cf  TIMG6_IRQHandler                      
000031cf  TIMG7_IRQHandler                      
000031cf  TIMG8_IRQHandler                      
000031cf  UART0_IRQHandler                      
000031cf  UART1_IRQHandler                      
000031cf  UART2_IRQHandler                      
000031cf  UART3_IRQHandler                      
000031d1  AppConfig_InitDefault                 
0000326d  ObstacleMonitor_Update_20ms           
00003309  memcpy                                
000033a3  TrackSensor_Init                      
0000343d  CarController_StartSeekLine           
000034cd  __aeabi_fmul                          
000034cd  __mulsf3                              
00003559  __aeabi_fdiv                          
00003559  __divsf3                              
000035db  MissionLibrary_Validate               
0000365b  __aeabi_idiv0                         
0000365d  __TI_decompress_lzss                  
000036d9  CarController_StartFollowLine         
000037c9  CarController_Init                    
0000383d  CarController_ResetRuntime            
000038b1  TrackSensor_DetectTurn                
0000391f  __aeabi_ldiv0                         
00003921  CarController_StartTurnLeft90         
0000398d  CarController_StartTurnRight90        
000039f9  Encoder_HandleGpioInterrupt           
00003a65  main                                  
00003ad1  MissionManager_GetSelectedMissionIndex
00003b39  TrackSensor_GetErrorFromRaw           
00003ba1  __aeabi_fcmpeq                        
00003bb5  __aeabi_fcmplt                        
00003bc9  __aeabi_fcmple                        
00003bdd  __aeabi_fcmpge                        
00003bf1  __aeabi_fcmpgt                        
00003c05  Menu_GetParamValue                    
00003c65  OLED_PrintBinary7                     
00003cc5  Ultrasonic_Update_20ms                
00003d21  App_Init                              
00003d7d  __aeabi_idiv                          
00003d7d  __aeabi_idivmod                       
00003dd5  ObstacleSafety_Update_20ms            
00003e29  TrackSensor_ReadRaw                   
00003e7d  CarController_SetSafetyHold           
00003ecd  Motor_PwmTick100us                    
00003f1d  Ultrasonic_Init                       
00003f6d  MissionManager_Init                   
00003fb5  Servo_Tick100us                       
00003ff9  SysTick_Handler                       
0000403d  MissionManager_Start                  
0000407d  SYSCFG_DL_SYSCTL_init                 
000040bd  __aeabi_uidiv                         
000040bd  __aeabi_uidivmod                      
000040fd  __divmoddi4                           
0000413d  Servo_SetAngleDeg                     
00004179  __aeabi_i2f                           
00004179  __floatsisf                           
000041b5  __gesf2                               
000041b5  __gtsf2                               
000041f1  __TI_auto_init_nobinit_nopinit        
0000422d  __cmpsf2                              
0000422d  __eqsf2                               
0000422d  __lesf2                               
0000422d  __ltsf2                               
0000422d  __nesf2                               
00004269  __muldsi3                             
000042a5  Motor_Init                            
000042dd  __aeabi_f2iz                          
000042dd  __fixsfsi                             
00004315  OLED_SetCursor                        
00004349  OLED_PrintString                      
0000437d  Key_Init                              
000043ad  MissionManager_Cancel                 
000043dd  MissionManager_Reset                  
0000440d  ObstacleScanner_Init                  
0000443d  Motor_Stop                            
00004469  SYSCFG_DL_initPower                   
00004495  TrackSensor_CountBlack                
000044c1  Servo_Init                            
000044e9  Ultrasonic_ResetFilter                
00004511  _c_int00_noargs                       
00004539  Encoder_Reset                         
0000455d  CarController_Stop                    
0000457d  MissionManager_Pause                  
0000459d  MissionManager_Resume                 
000045dd  __aeabi_llsl                          
000045dd  __ashldi3                             
000045fd  Imu_IsReady                           
00004619  ObstacleMonitor_Init                  
00004635  ObstacleSafety_Init                   
00004651  ObstacleScanner_DirectionToString     
0000466d  CarController_RunModeToString         
00004685  HeadingControl_LockCurrentYaw         
0000469d  HeadingControl_SetTargetYaw           
000046b5  Menu_ParamItemToString                
000046cd  MotionAction_Cancel                   
000046e5  __TI_zero_init_nomemset               
000046fd  GROUP1_IRQHandler                     
00004711  HeadingControl_Enable                 
00004725  HeadingControl_Init                   
00004739  HeadingControl_Reset                  
0000474d  Menu_Init                             
00004761  MissionLibrary_FindById               
00004775  MissionLibrary_GetByIndex             
00004789  MissionManager_GetSelectedMissionId   
0000479d  MotionAction_Init                     
000047b1  __aeabi_ldivmod                       
000047c5  __TI_decompress_none                  
000047d9  Key_GetEvent                          
000047e9  SYSCFG_DL_init                        
000047f9  CarController_GetRunMode              
00004805  CarState_Get                          
00004811  CarState_Init                         
0000481d  CarState_Set                          
00004829  Imu_GetCorrectedGyroZDps              
00004835  Imu_GetYaw                            
00004841  Imu_ResetYaw                          
0000484d  Menu_GetPage                          
00004859  Menu_GetParamItem                     
00004865  MissionManager_SetExternalHold        
00004871  ObstacleSafety_IsHolding              
0000487d  OledUi_Init                           
00004889  DL_Common_delayCycles                 
00004893  TrackSensor_IsCenterDetected          
0000489d  TrackSensor_IsLineDetected            
000048a7  TrackSensor_IsLineLost                
000048b1  CarController_GetFeedback             
000048b9  HeadingControl_GetRuntime             
000048c1  Imu_GetRuntime                        
000048c9  MissionManager_GetMissionCount        
000048d1  MissionManager_GetRuntime             
000048d9  MotionAction_GetRuntime               
000048e1  ObstacleMonitor_GetFeedback           
000048e9  ObstacleScanner_GetFeedback           
000048f1  Servo_GetFeedback                     
000048f9  Ultrasonic_GetFeedback                
00004901  __aeabi_memcpy                        
00004901  __aeabi_memcpy4                       
00004901  __aeabi_memcpy8                       
00004909  abort                                 
0000490e  C$$EXIT                               
0000490f  HOSTexit                              
00004913  MissionLibrary_GetCount               
00004917  Reset_Handler                         
0000491b  _system_pre_init                      
00005128  __TI_Handler_Table_Base               
00005134  __TI_Handler_Table_Limit              
00005144  __TI_CINIT_Base                       
00005154  __TI_CINIT_Limit                      
00005154  __TI_CINIT_Warm                       
20200000  __start___llvm_prf_bits               
20200000  __start___llvm_prf_cnts               
20200000  __stop___llvm_prf_bits                
20200000  __stop___llvm_prf_cnts                
20200000  g_appConfig                           
20200050  g_appRuntime                          
20200078  g_imuRuntime                          
202000c0  g_headingRuntime                      
20200144  g_trackError                          
2020015a  g_carStateDebug                       
2020015b  g_keyEvent                            
2020015c  g_oledPageDebug                       
2020015d  g_paramItemDebug                      
2020015e  g_trackBlackCount                     
2020015f  g_trackModeDebug                      
20200160  g_trackRaw                            
20200161  g_trackTurnDebug                      
20207e00  __stack                               
20208000  __STACK_END                           
ffffffff  __TI_pprof_out_hndl                   
ffffffff  __TI_prof_data_size                   
ffffffff  __TI_prof_data_start                  
ffffffff  __binit__                             
ffffffff  binit                                 
UNDEFED   __mpu_init                            
UNDEFED   _system_post_cinit                    

[237 symbols]
