******************************************************************************
            TI ARM Clang Linker PC v4.0.4                      
******************************************************************************
>> Linked Fri Jul 31 20:26:28 2026

OUTPUT FILE NAME:   <diansaikaishi.out>
ENTRY POINT SYMBOL: "_c_int00_noargs"  address: 000128c9


MEMORY CONFIGURATION

         name            origin    length      used     unused   attr    fill
----------------------  --------  ---------  --------  --------  ----  --------
  FLASH                 00000000   00020000  00013f58  0000c0a8  R  X
  SRAM                  20200000   00008000  00001b8a  00006476  RW X
  BCR_CONFIG            41c00000   000000ff  00000000  000000ff  R   
  BSL_CONFIG            41c00100   00000080  00000000  00000080  R   


SEGMENT ALLOCATION MAP

run origin  load origin   length   init length attrs members
----------  ----------- ---------- ----------- ----- -------
00000000    00000000    00013ab8   00013ab8    r-x
  00000000    00000000    000000c0   000000c0    r-- .intvecs
  000000c0    000000c0    00013080   00013080    r-x .text
  00013140    00013140    00000978   00000978    r-- .rodata
00013b18    00013b18    00000040   00000040    r--
  00013b18    00013b18    00000030   00000030    r-- .cinit
  00013b48    00013b48    00000010   00000010    r-- .binit
0001fc00    0001fc00    00000400   00000400    r--
  0001fc00    0001fc00    00000400   00000400    r-- .TI.bound:g_balanceCalibrationReservedSector
20200000    20200000    0000192a   00000000    rw-
  20200000    20200000    00001929   00000000    rw- .bss
  20201929    20201929    00000001   00000000    rw- .data
20201930    00013ab8    00000060   00000060    r-x
  20201930    00013ab8    00000060   00000060    r-x .TI.ramfunc
20207e00    20207e00    00000200   00000000    rw-
  20207e00    20207e00    00000200   00000000    rw- .stack


SECTION ALLOCATION MAP

 output                                  attributes/
section   page    origin      length       input sections
--------  ----  ----------  ----------   ----------------
.intvecs   0    00000000    000000c0     
                  00000000    000000c0     startup_mspm0g350x_ticlang.o (.intvecs)

.text      0    000000c0    00013080     
                  000000c0    0000171c     oled_ui.o (.text.print_balance_stepper_test_page)
                  000017dc    00000ad8     oled_ui.o (.text.print_imu_counters_page)
                  000022b4    00000834     balance_tuning.o (.text.send_config)
                  00002ae8    000007ec     oled_ui.o (.text.print_balance_vision_page)
                  000032d4    0000064c     app_config.o (.text.AppConfig_LimitAll)
                  00003920    00000640     balance_tuning.o (.text.consume_rx_byte)
                  00003f60    000005ac     imu.o (.text.Imu_CalibrateGyroBias)
                  0000450c    000005a0     vision_receiver.o (.text.VisionReceiver_Process)
                  00004aac    00000524     line_controller.o (.text.LineController_Update)
                  00004fd0    000004bc     oled_ui.o (.text.print_encoder_page)
                  0000548c    0000049c     runtime_snapshot.o (.text.RuntimeSnapshot_Update)
                  00005928    00000478     oled_ui.o (.text.print_sensor_page)
                  00005da0    00000450     balance_position_control.o (.text.BalancePositionControl_Update20ms)
                  000061f0    0000044c     motor_control.o (.text.update_wheel)
                  0000663c    00000424     wheel_speed_estimator.o (.text.WheelSpeedEstimator_Update)
                  00006a60    000003f4     balance_ball_control.o (.text.BalanceBallControl_Update20ms)
                  00006e54    000003f4     vision_protocol.o (.text.VisionProtocol_ParseBallAsciiLine)
                  00007248    000003e0     imu.o (.text.Imu_Update)
                  00007628    000003c4     oled_ui.o (.text.print_motor_control_detail_page)
                  000079ec    00000380     imu.o (.text.Imu_Init)
                  00007d6c    0000037c     oled_ui.o (.text.print_heading_page)
                  000080e8    00000370     gimbal.o (.text.gimbal_update_feedback)
                  00008458    0000033c     oled_ui.o (.text.print_drive_distance_page)
                  00008794    00000324     oled_ui.o (.text.print_imu_detail_page)
                  00008ab8    00000300     oled_ui.o (.text.print_motor_control_page)
                  00008db8    000002f0     imu.o (.text.mpu6050_read_regs)
                  000090a8    000002ec     menu.o (.text.Menu_HandleKeyEvent)
                  00009394    000002cc     car_controller.o (.text.handle_drive_distance)
                  00009660    000002b0     motion_action.o (.text.MotionAction_Update_20ms)
                  00009910    00000290     balance_calibration_store.o (.text.BalanceCalibrationStore_Save)
                  00009ba0    0000028c     motor_control.o (.text.MotorControl_Update)
                  00009e2c    00000278     balance_tuning.o (.text.BalanceTuning_Update20ms)
                  0000a0a4    0000026c     balance_soft_limits.o (.text.BalanceSoftLimits_Update20ms)
                  0000a310    00000268     car_controller.o (.text.handle_turn_to_yaw)
                  0000a578    00000250     menu.o (.text.menu_adjust_param)
                  0000a7c8    00000220     app_config.o (.text.AppConfig_InitDefault)
                  0000a9e8    00000220     motion_action.o (.text.motion_action_start_internal)
                  0000ac08    0000021c     balance_tuning.o (.text.BalanceTuning_Process)
                  0000ae24    00000204     motor.o (.text.Motor_SetSpeed)
                  0000b028    00000200     balance_tuning.o (.text.apply_parameter)
                  0000b228    000001f0     oled_ui.o (.text.print_param_page)
                  0000b418    000001e8     motor_control.o (.text.config_is_valid)
                  0000b600    000001e4     mission_library.o (.text.MissionLibrary_Validate)
                  0000b7e4    000001cc     imu.o (.text.imu_i2c_write_byte)
                  0000b9b0    000001cc     oled_ui.o (.text.print_status_page)
                  0000bb7c    000001b8     oled.o (.text.oled_i2c_write_byte)
                  0000bd34    000001a8     app.o (.text.App_Update_20ms)
                  0000bedc    000001a0     ultrasonic.o (.text.Ultrasonic_Tick100us)
                  0000c07c    0000019c     car_controller.o (.text.CarController_StartDriveDistanceAtYaw)
                  0000c218    00000194     gimbal_stepper.o (.text.GimbalStepper_Tick100us)
                  0000c3ac    00000190     car_controller.o (.text.CarController_Update_20ms)
                  0000c53c    00000188     oled_ui.o (.text.print_imu_page)
                  0000c6c4    00000174     key.o (.text.Key_Update_20ms)
                  0000c838    00000170     oled.o (.text.OLED_FlushPage)
                  0000c9a8    0000016c     oled.o (.text.OLED_PrintInt16)
                  0000cb14    0000016c     balance_tuning.o (.text.parse_x100)
                  0000cc80    00000160     oled_ui.o (.text.print_balance_limit_value)
                  0000cde0    0000015c     oled_ui.o (.text.print_signed_total_tail)
                  0000cf3c    00000150     vision_protocol.o (.text.parse_decimal_x1000)
                  0000d08c    0000014c     balance_soft_limits.o (.text.BalanceSoftLimits_CaptureCurrentStage)
                  0000d1d8    00000140     balance_calibration_store.o (.text.BalanceCalibrationStore_Load)
                  0000d318    0000013c     balance_position_control.o (.text.BalancePositionControl_Start)
                  0000d454    0000013c     oled_ui.o (.text.print_balance_vision_rx_debug_page)
                  0000d590    0000012c     balance_soft_limits.o (.text.BalanceSoftLimits_StartOscillationTest)
                  0000d6bc    0000012c     imu.o (.text.imu_i2c_recover_bus)
                  0000d7e8    0000012c     oled_ui.o (.text.print_uint64_decimal)
                  0000d914    00000128     line_controller.o (.text.LineController_Reset)
                  0000da3c    00000128     mission_manager.o (.text.MissionManager_Update_20ms)
                  0000db64    00000124     oled.o (.text.OLED_Init)
                  0000dc88    00000120     balance_soft_limits.o (.text.BalanceSoftLimits_StartRelativePositionMoveSteps)
                  0000dda8    00000120     oled_ui.o (.text.print_bluetooth_page)
                  0000dec8    0000011c     car_controller.o (.text.handle_drive_heading)
                  0000dfe4    00000118     oled_ui.o (.text.print_obstacle_page)
                  0000e0fc    00000114     car_controller.o (.text.handle_follow_line)
                  0000e210    0000010c     balance_soft_limits.o (.text.BalanceSoftLimits_BeginAtCurrentAsZero)
                  0000e31c    0000010c     line_controller.o (.text.LineController_ResetControlState)
                  0000e428    00000108     vision_receiver.o (.text.accept_packet)
                  0000e530    00000104     driverlib.a : dl_timer.o (.text.DL_Timer_initFourCCPWMMode)
                  0000e634    00000104     line_controller.o (.text.LineController_Init)
                  0000e738    00000104     ti_msp_dl_config.o (.text.SYSCFG_DL_GPIO_init)
                  0000e83c    00000104     balance_tuning.o (.text.send_text)
                  0000e940    00000100     motor_control.o (.text.MotorControl_SetNormalizedTarget)
                  0000ea40    000000fc     mission_manager.o (.text.MissionManager_SelectNext)
                  0000eb3c    000000f8     vision_uart.o (.text.VisionUart_Process)
                  0000ec34    000000ec     heading_control.o (.text.HeadingControl_Update)
                  0000ed20    000000ec     empty.o (.text.main)
                  0000ee0c    000000e8     mission_manager.o (.text.MissionManager_SelectPrevious)
                  0000eef4    000000e8     obstacle_safety.o (.text.ObstacleSafety_Update_20ms)
                  0000efdc    000000e0     wheel_speed_estimator.o (.text.WheelSpeedEstimator_Init)
                  0000f0bc    000000d8     driverlib.a : dl_flashctl.o (.text.DL_FlashCTL_unprotectSector)
                  0000f194    000000d8     oled.o (.text.OLED_PrintUInt16)
                  0000f26c    000000d8     balance_ball_control.o (.text.return_toward_zero)
                  0000f344    000000d8     libclang_rt.builtins.a : addsf3.S.obj (.text)
                  0000f41c    000000d4     car_controller.o (.text.CarController_StartDriveDistance)
                  0000f4f0    000000d4     gimbal_stepper.o (.text.GimbalStepper_MoveRelativeSteps)
                  0000f5c4    000000cc     balance_encoder.o (.text.BalanceEncoder_HandleGpioInterrupt)
                  0000f690    000000cc     oled_ui.o (.text.OledUi_Update_20ms)
                  0000f75c    000000c8     fault.o (.text.FaultCode_ToShortString)
                  0000f824    000000c0     angle_utils.o (.text.Angle_Normalize180)
                  0000f8e4    000000c0     balance_soft_limits.o (.text.oscillation_target_for_phase)
                  0000f9a4    000000bc     balance_ball_control.o (.text.BalanceBallControl_SetConfig)
                  0000fa60    000000bc     balance_soft_limits.o (.text.BalanceSoftLimits_Init)
                  0000fb1c    000000bc     car_controller.o (.text.CarController_ResetRuntime)
                  0000fbd8    000000bc     menu.o (.text.Menu_GetParamValue)
                  0000fc94    000000b4     gimbal_stepper.o (.text.GimbalStepper_StopHold)
                  0000fd48    000000b0     gimbal_stepper.o (.text.GimbalStepper_Init)
                  0000fdf8    000000b0     empty.o (.text.SysTick_Handler)
                  0000fea8    000000a8     balance_soft_limits.o (.text.BalanceSoftLimits_ArmRecalibration)
                  0000ff50    000000a4     encoder.o (.text.Encoder_HandleGpioInterrupt)
                  0000fff4    000000a4     balance_calibration_store.o (.text.calibration_crc32)
                  00010098    000000a2     libclang_rt.builtins.a : udivmoddi4.S.obj (.text)
                  0001013a    00000002     startup_mspm0g350x_ticlang.o (.text.Default_Handler)
                  0001013c    000000a0     balance_soft_limits.o (.text.BalanceSoftLimits_AbortCalibration)
                  000101dc    000000a0     balance_ball_control.o (.text.command_offset)
                  0001027c    000000a0     car_controller.o (.text.drive_distance_high_decel_zone_cm)
                  0001031c    0000009c     obstacle_monitor.o (.text.ObstacleMonitor_Update_20ms)
                  000103b8    0000009a     libc.a : memcpy16.S.obj (.text:memcpy)
                  00010452    00000002     obstacle_avoidance.o (.text.ObstacleAvoidance_Update_20ms)
                  00010454    00000098     balance_soft_limits.o (.text.BalanceSoftLimits_CancelRecalibration)
                  000104ec    00000098     imu.o (.text.mpu6050_write_reg)
                  00010584    00000094     balance_position_control.o (.text.BalancePositionControl_ResetFault)
                  00010618    00000094     car_controller.o (.text.CarController_StartTurnToYawRelative)
                  000106ac    00000090     car_controller.o (.text.CarController_ResetTransientState)
                  0001073c    0000008c     ti_msp_dl_config.o (.text.SYSCFG_DL_PWM_MOTOR_init)
                  000107c8    0000008c     ti_msp_dl_config.o (.text.SYSCFG_DL_UART_BALANCE_TUNING_init)
                  00010854    0000008c     libclang_rt.builtins.a : mulsf3.S.obj (.text.__mulsf3)
                  000108e0    0000008c     car_controller.o (.text.heading_imu_wait_or_fail)
                  0001096c    00000004     libsysbm.a : hostexit.c.obj (.text.HOSTexit)
                  00010970    00000088     libc.a : strcmp-armv6m.S.obj (.text:strcmp)
                  000109f8    00000084     car_controller.o (.text.CarController_SetSafetyHold)
                  00010a7c    00000084     gimbal_stepper.o (.text.GimbalStepper_ConfirmZero)
                  00010b00    00000084     motor.o (.text.Motor_Init)
                  00010b84    00000082     libclang_rt.builtins.a : divsf3.S.obj (.text.__divsf3)
                  00010c06    00000002     track_sensor.o (.text.TrackSensor_Init)
                  00010c08    00000080     car_controller.o (.text.CarController_StartDriveHeading)
                  00010c88    00000080     motor.o (.text.Motor_Stop)
                  00010d08    0000007e     app.o (.text.App_Init)
                  00010d86    00000002     libclang_rt.builtins.a : aeabi_div0.c.obj (.text.__aeabi_idiv0)
                  00010d88    0000007c     balance_position_control.o (.text.BalancePositionControl_Init)
                  00010e04    0000007c     balance_soft_limits.o (.text.BalanceSoftLimits_Enforce100usFromIsr)
                  00010e80    0000007c     libc.a : copy_decompress_lzss.c.obj (.text:decompress:lzss)
                  00010efc    00000078     oled.o (.text.oled_write_command)
                  00010f74    00000074     motor_control.o (.text.latch_control_error)
                  00010fe8    00000070     gimbal_stepper.o (.text.GimbalStepper_Release)
                  00011058    00000070     ti_msp_dl_config.o (.text.SYSCFG_DL_UART_VISION_init)
                  000110c8    0000006e     track_sensor.o (.text.TrackSensor_DetectTurn)
                  00011136    00000002     libclang_rt.builtins.a : aeabi_div0.c.obj (.text.__aeabi_ldiv0)
                  00011138    0000006c     balance_tuning.o (.text.BalanceTuning_Init)
                  000111a4    00000068     mission_manager.o (.text.MissionManager_GetSelectedMissionIndex)
                  0001120c    00000068     car_controller.o (.text.set_output_speed)
                  00011274    00000066     track_sensor.o (.text.TrackSensor_GetErrorFromRaw)
                  000112da    00000002     --HOLE-- [fill = 0]
                  000112dc    00000064     balance_ball_control.o (.text.BalanceBallControl_Init)
                  00011340    00000064     balance_soft_limits.o (.text.BalanceSoftLimits_ResetPositionFault)
                  000113a4    00000064     mission_manager.o (.text.MissionManager_Start)
                  00011408    00000062     app.o (.text.App_ResetToReady)
                  0001146a    00000002     --HOLE-- [fill = 0]
                  0001146c    00000062     libclang_rt.builtins.a : aeabi_fcmp.S.obj (.text.__aeabi_fcmp)
                  000114ce    00000062     libc.a : memset16.S.obj (.text:memset)
                  00011530    00000060     balance_tuning.o (.text.UART2_IRQHandler)
                  00011590    00000060     libclang_rt.builtins.a : fixsfdi.S.obj (.text.__fixsfdi)
                  000115f0    0000005c     ultrasonic.o (.text.Ultrasonic_Update_20ms)
                  0001164c    0000005c     vision_receiver.o (.text.VisionReceiver_Init)
                  000116a8    0000005c     vision_protocol.o (.text.parse_u32)
                  00011704    0000005c     car_controller.o (.text.speed_cmps_to_normalized_command)
                  00011760    0000005c     balance_soft_limits.o (.text.test_start_target)
                  000117bc    00000058     balance_encoder.o (.text.BalanceEncoder_Init)
                  00011814    00000058     mission_manager.o (.text.MissionManager_Init)
                  0001186c    00000058     oled.o (.text.OLED_PrintChar)
                  000118c4    00000058     balance_ball_control.o (.text.ensure_tracking_started)
                  0001191c    00000058     motion_action.o (.text.motion_action_start_imu_controller)
                  00011974    00000056     libclang_rt.builtins.a : aeabi_idivmod.S.obj (.text.__aeabi_idivmod)
                  000119ca    00000002     --HOLE-- [fill = 0]
                  000119cc    00000054     car_controller.o (.text.CarController_Stop)
                  00011a20    00000054     track_sensor.o (.text.TrackSensor_ReadRaw)
                  00011a74    00000054     watchdog_monitor.o (.text.WatchdogMonitor_ApplyFaultIfNeeded)
                  00011ac8    00000054     menu.o (.text.menu_next_main_page)
                  00011b1c    00000050     balance_position_control.o (.text.BalancePositionControl_SetTrackingTarget)
                  00011b6c    00000050     balance_soft_limits.o (.text.BalanceSoftLimits_GetSnapshot)
                  00011bbc    00000050     ultrasonic.o (.text.Ultrasonic_Init)
                  00011c0c    00000050     watchdog_monitor.o (.text.WatchdogMonitor_Tick1msFromIsr)
                  00011c5c    0000004e     libclang_rt.builtins.a : floatdisf.S.obj (.text.__floatdisf)
                  00011caa    00000002     --HOLE-- [fill = 0]
                  00011cac    0000004c     motor_control.o (.text.MotorControl_Stop)
                  00011cf8    0000004c     libc.a : cpy_tbl.c.obj (.text.copy_in)
                  00011d44    0000004c     vision_protocol.o (.text.state_is_valid)
                  00011d90    0000004c     libc.a : autoinit.c.obj (.text:__TI_auto_init_nopinit)
                  00011ddc    00000048     driverlib.a : dl_uart.o (.text.DL_UART_init)
                  00011e24    00000048     mission_manager.o (.text.MissionManager_Cancel)
                  00011e6c    00000048     ti_msp_dl_config.o (.text.SYSCFG_DL_initPower)
                  00011eb4    00000044     car_controller.o (.text.CarController_StartFollowLine)
                  00011ef8    00000044     emergency_stop.o (.text.EmergencyStop_Reset)
                  00011f3c    00000044     encoder.o (.text.Encoder_GetAndClearPulseDeltas)
                  00011f80    00000044     imu.o (.text.Imu_ResetYaw)
                  00011fc4    00000044     mission_manager.o (.text.MissionManager_Reset)
                  00012008    00000044     servo.o (.text.Servo_Tick100us)
                  0001204c    00000044     vision_uart.o (.text.UART3_IRQHandler)
                  00012090    00000040     balance_ball_control.o (.text.BalanceBallControl_Enable)
                  000120d0    00000040     balance_encoder.o (.text.BalanceEncoder_GetSnapshot)
                  00012110    00000040     balance_soft_limits.o (.text.BalanceSoftLimits_StopMotion)
                  00012150    00000040     car_controller.o (.text.CarController_ResumeFollowLine)
                  00012190    00000040     fault.o (.text.Fault_Raise)
                  000121d0    00000040     ti_msp_dl_config.o (.text.SYSCFG_DL_SYSCTL_init)
                  00012210    00000040     vision_receiver.o (.text.VisionReceiver_PushByteFromIsr)
                  00012250    00000040     libclang_rt.builtins.a : aeabi_uidivmod.S.obj (.text.__aeabi_uidivmod)
                  00012290    00000040     vision_protocol.o (.text.parse_confidence)
                  000122d0    0000003e     libclang_rt.builtins.a : divmoddi4.c.obj (.text.__divmoddi4)
                  0001230e    00000002     --HOLE-- [fill = 0]
                  00012310    0000003c     mission_manager.o (.text.MissionManager_Resume)
                  0001234c    0000003c     servo.o (.text.Servo_SetAngleDeg)
                  00012388    0000003c     libclang_rt.builtins.a : floatsisf.S.obj (.text.__floatsisf)
                  000123c4    0000003c                            : comparesf2.S.obj (.text.__gtsf2)
                  00012400    0000003a                            : comparesf2.S.obj (.text.__eqsf2)
                  0001243a    00000002     --HOLE-- [fill = 0]
                  0001243c    0000003a                            : muldsi3.S.obj (.text.__muldsi3)
                  00012476    00000002     --HOLE-- [fill = 0]
                  00012478    00000038     emergency_stop.o (.text.EmergencyStop_Trigger)
                  000124b0    00000038     libclang_rt.builtins.a : fixsfsi.S.obj (.text.__fixsfsi)
                  000124e8    00000034     balance_position_control.o (.text.BalancePositionControl_Cancel)
                  0001251c    00000034     balance_position_control.o (.text.BalancePositionControl_SetTrackingThresholds)
                  00012550    00000034     imu.o (.text.Imu_IsReady)
                  00012584    00000034     mission_library.o (.text.MissionLibrary_FindById)
                  000125b8    00000032     oled.o (.text.OLED_PrintString)
                  000125ea    00000002     --HOLE-- [fill = 0]
                  000125ec    00000030     key.o (.text.Key_Init)
                  0001261c    00000030     line_controller.o (.text.LineController_ObserveSensors)
                  0001264c    00000030     watchdog_monitor.o (.text.WatchdogMonitor_Init)
                  0001267c    00000030     watchdog_monitor.o (.text.WatchdogMonitor_Reset)
                  000126ac    0000002c     balance_position_control.o (.text.BalancePositionControl_GetSnapshot)
                  000126d8    0000002c     balance_position_control.o (.text.BalancePositionControl_StartTracking)
                  00012704    0000002c     encoder.o (.text.Encoder_Reset)
                  00012730    0000002c     mission_manager.o (.text.MissionManager_Pause)
                  0001275c    0000002c     track_sensor.o (.text.TrackSensor_CountBlack)
                  00012788    00000028     balance_ball_control.o (.text.BalanceBallControl_ResetConfig)
                  000127b0    00000028     balance_soft_limits.o (.text.BalanceSoftLimits_CancelTravelTest)
                  000127d8    00000028     driverlib.a : dl_flashctl.o (.text.DL_FlashCTL_programMemoryFromRAM64WithECCGenerated)
                  00012800    00000028     emergency_stop.o (.text.EmergencyStop_Enforce)
                  00012828    00000028     magnet.o (.text.Magnet_ForceOff)
                  00012850    00000028     ti_msp_dl_config.o (.text.SYSCFG_DL_init)
                  00012878    00000028     servo.o (.text.Servo_Init)
                  000128a0    00000028     libclang_rt.builtins.a : floatunsisf.S.obj (.text.__floatunsisf)
                  000128c8    00000028     libc.a : boot_cortex_m.c.obj (.text:_c_int00_noargs)
                  000128f0    00000024     balance_encoder.o (.text.BalanceEncoder_SampleSpeed10msFromIsr)
                  00012914    00000024     balance_soft_limits.o (.text.BalanceSoftLimits_CancelOscillationTest)
                  00012938    00000024     gimbal_stepper.o (.text.GimbalStepper_GetFeedbackSnapshot)
                  0001295c    00000024     mission_manager.o (.text.MissionManager_ReportExternalFailure)
                  00012980    00000024     motor_control.o (.text.MotorControl_Init)
                  000129a4    00000024     motor_control.o (.text.MotorControl_Reset)
                  000129c8    00000024     oled.o (.text.OLED_ClearBuffer)
                  000129ec    00000024     libclang_rt.builtins.a : muldi3.S.obj (.text.__muldi3)
                  00012a10    00000020     balance_ball_control.o (.text.BalanceBallControl_GetSnapshot)
                  00012a30    00000020     driverlib.a : dl_timer.o (.text.DL_Timer_overrideCCPOut)
                  00012a50    00000020     debug_telemetry.o (.text.DebugTelemetry_Update)
                  00012a70    00000020     empty.o (.text.GROUP1_IRQHandler)
                  00012a90    00000020     magnet.o (.text.Magnet_Init)
                  00012ab0    00000020     oled.o (.text.OLED_SetCursor)
                  00012ad0    00000020     empty.o (.text.SchedulerMonitor_GetStats)
                  00012af0    00000020     vision_receiver.o (.text.VisionReceiver_GetProtocolErrorCount)
                  00012b10    00000020     libc.a : memcmp.c.obj (.text.memcmp)
                  00012b30    00000020     mission_manager.o (.text.mission_finish_error)
                  00012b50    0000001e     libclang_rt.builtins.a : ashldi3.S.obj (.text.__ashldi3)
                  00012b6e    00000002     --HOLE-- [fill = 0]
                  00012b70    0000001c     balance_ball_control.o (.text.BalanceBallControl_Disable)
                  00012b8c    0000001c     balance_ball_control.o (.text.BalanceBallControl_ForceStop)
                  00012ba8    0000001c     driverlib.a : dl_timer.o (.text.DL_Timer_setCaptCompUpdateMethod)
                  00012bc4    0000001c                 : dl_timer.o (.text.DL_Timer_setClockConfig)
                  00012be0    0000001c     heading_control.o (.text.HeadingControl_SetTargetYaw)
                  00012bfc    0000001c     menu.o (.text.Menu_Init)
                  00012c18    0000001c     motion_action.o (.text.MotionAction_Cancel)
                  00012c34    0000001c     obstacle_monitor.o (.text.ObstacleMonitor_Init)
                  00012c50    0000001c     obstacle_safety.o (.text.ObstacleSafety_Init)
                  00012c6c    0000001c     watchdog_monitor.o (.text.WatchdogMonitor_NotifyControlCycleComplete)
                  00012c88    0000001c     mission_manager.o (.text.mission_finish_success)
                  00012ca4    00000018     balance_ball_control.o (.text.BalanceBallControl_GetConfig)
                  00012cbc    00000018     driverlib.a : dl_flashctl.o (.text.DL_FlashCTL_eraseMemoryFromRAM)
                  00012cd4    00000018                 : dl_timer.o (.text.DL_Timer_setCaptureCompareOutCtl)
                  00012cec    00000018     debug_telemetry.o (.text.DebugTelemetry_Init)
                  00012d04    00000018     heading_control.o (.text.HeadingControl_Init)
                  00012d1c    00000018     heading_control.o (.text.HeadingControl_Reset)
                  00012d34    00000018     menu.o (.text.Menu_ParamItemToString)
                  00012d4c    00000018     motion_action.o (.text.MotionAction_Init)
                  00012d64    00000018     obstacle_avoidance.o (.text.ObstacleAvoidance_Init)
                  00012d7c    00000018     runtime_snapshot.o (.text.RuntimeSnapshot_Init)
                  00012d94    00000016     libclang_rt.builtins.a : comparesf2.S.obj (.text.__unordsf2)
                  00012daa    00000002     --HOLE-- [fill = 0]
                  00012dac    00000014     fault.o (.text.Fault_Clear)
                  00012dc0    00000014     fault.o (.text.Fault_Init)
                  00012dd4    00000014     gimbal_stepper.o (.text.GimbalStepper_SetStepHalfPeriodTicks)
                  00012de8    00000014     heading_control.o (.text.HeadingControl_Enable)
                  00012dfc    00000014     mission_library.o (.text.MissionLibrary_GetByIndex)
                  00012e10    00000014     mission_manager.o (.text.MissionManager_GetSelectedMissionId)
                  00012e24    00000014     vision_uart.o (.text.VisionUart_Init)
                  00012e38    00000014     libclang_rt.builtins.a : aeabi_ldivmod.S.obj (.text.__aeabi_ldivmod)
                  00012e4c    00000014                            : aeabi_uldivmod.S.obj (.text.__aeabi_uldivmod)
                  00012e60    00000012     driverlib.a : dl_uart.o (.text.DL_UART_setClockConfig)
                  00012e72    00000012     libc.a : copy_decompress_none.c.obj (.text:decompress:none)
                  00012e84    00000010     balance_position_control.o (.text.BalancePositionControl_HasFault)
                  00012e94    00000010     driverlib.a : dl_timer.o (.text.DL_Timer_setCaptureCompareValue)
                  00012ea4    00000010     gimbal.o (.text.Gimbal_YawGetFeedback)
                  00012eb4    00000010     key.o (.text.Key_GetEvent)
                  00012ec4    00000010     libc.a : copy_zero_init.c.obj (.text:decompress:ZI)
                  00012ed4    0000000c     balance_encoder.o (.text.BalanceEncoder_GetCountAtomic)
                  00012ee0    0000000c     balance_position_control.o (.text.BalancePositionControl_IsBusy)
                  00012eec    0000000c     balance_soft_limits.o (.text.BalanceSoftLimits_IsCalibrationActive)
                  00012ef8    0000000c     balance_soft_limits.o (.text.BalanceSoftLimits_IsOscillationTestActive)
                  00012f04    0000000c     balance_soft_limits.o (.text.BalanceSoftLimits_IsTravelTestActive)
                  00012f10    0000000c     car_controller.o (.text.CarController_GetRunMode)
                  00012f1c    0000000c     car_controller.o (.text.CarController_Init)
                  00012f28    0000000c     car_controller.o (.text.CarController_IsSafetyHoldActive)
                  00012f34    0000000c     car_state.o (.text.CarState_Get)
                  00012f40    0000000c     car_state.o (.text.CarState_Init)
                  00012f4c    0000000c     car_state.o (.text.CarState_Set)
                  00012f58    0000000c     emergency_stop.o (.text.EmergencyStop_Init)
                  00012f64    0000000c     emergency_stop.o (.text.EmergencyStop_IsActive)
                  00012f70    0000000c     imu.o (.text.Imu_GetCorrectedGyroZDps)
                  00012f7c    0000000c     imu.o (.text.Imu_GetYaw)
                  00012f88    0000000c     menu.o (.text.Menu_GetPage)
                  00012f94    0000000c     menu.o (.text.Menu_GetParamItem)
                  00012fa0    0000000c     mission_manager.o (.text.MissionManager_IsExternallyHeld)
                  00012fac    0000000c     mission_manager.o (.text.MissionManager_SetExternalHold)
                  00012fb8    0000000c     obstacle_avoidance.o (.text.ObstacleAvoidance_IsActive)
                  00012fc4    0000000c     obstacle_avoidance.o (.text.ObstacleAvoidance_IsFailed)
                  00012fd0    0000000c     obstacle_safety.o (.text.ObstacleSafety_IsHolding)
                  00012fdc    0000000c     empty.o (.text.SystemTime_GetMs)
                  00012fe8    0000000c     watchdog_monitor.o (.text.WatchdogMonitor_HasTripped)
                  00012ff4    0000000c     libclang_rt.builtins.a : aeabi_memset.S.obj (.text.__aeabi_memclr)
                  00013000    0000000a     driverlib.a : dl_common.o (.text.DL_Common_delayCycles)
                  0001300a    0000000a     motion_action.o (.text.MotionAction_Resume)
                  00013014    0000000a     motion_action.o (.text.MotionAction_Start)
                  0001301e    0000000a     track_sensor.o (.text.TrackSensor_IsCenterDetected)
                  00013028    0000000a     track_sensor.o (.text.TrackSensor_IsLineDetected)
                  00013032    0000000a     track_sensor.o (.text.TrackSensor_IsLineLost)
                  0001303c    00000008     balance_soft_limits.o (.text.BalanceSoftLimits_CancelPositionMove)
                  00013044    00000008     balance_soft_limits.o (.text.BalanceSoftLimits_IsPositionMoveActive)
                  0001304c    00000008     bluetooth_uart.o (.text.BluetoothUart_GetRuntime)
                  00013054    00000008     car_controller.o (.text.CarController_GetFeedback)
                  0001305c    00000008     fault.o (.text.Fault_GetRecord)
                  00013064    00000008     gimbal_stepper.o (.text.GimbalStepper_GetFeedback)
                  0001306c    00000008     heading_control.o (.text.HeadingControl_GetRuntime)
                  00013074    00000008     imu.o (.text.Imu_GetRuntime)
                  0001307c    00000008     line_controller.o (.text.LineController_GetRuntime)
                  00013084    00000008     mission_manager.o (.text.MissionManager_GetMissionCount)
                  0001308c    00000008     mission_manager.o (.text.MissionManager_GetRuntime)
                  00013094    00000008     motion_action.o (.text.MotionAction_GetRuntime)
                  0001309c    00000008     motor_control.o (.text.MotorControl_GetRuntime)
                  000130a4    00000008     obstacle_avoidance.o (.text.ObstacleAvoidance_GetFeedback)
                  000130ac    00000008     obstacle_monitor.o (.text.ObstacleMonitor_GetFeedback)
                  000130b4    00000008     oled_ui.o (.text.OledUi_Init)
                  000130bc    00000008     runtime_snapshot.o (.text.RuntimeSnapshot_Get)
                  000130c4    00000008     servo.o (.text.Servo_GetFeedback)
                  000130cc    00000008     ultrasonic.o (.text.Ultrasonic_GetFeedback)
                  000130d4    00000008     vision_receiver.o (.text.VisionReceiver_GetBallPositionObservation)
                  000130dc    00000008     vision_receiver.o (.text.VisionReceiver_GetStatus)
                  000130e4    00000008     vision_tuning_console.o (.text.VisionTuningConsole_GetStatus)
                  000130ec    00000008     watchdog_monitor.o (.text.WatchdogMonitor_GetStatus)
                  000130f4    00000008     wheel_speed_estimator.o (.text.WheelSpeedEstimator_GetRuntime)
                  000130fc    00000008     libclang_rt.builtins.a : aeabi_memcpy.S.obj (.text.__aeabi_memcpy)
                  00013104    00000006     libc.a : exit.c.obj (.text:abort)
                  0001310a    00000004     mission_library.o (.text.MissionLibrary_GetCount)
                  0001310e    00000004     obstacle_avoidance.o (.text.ObstacleAvoidance_IsResumeGraceActive)
                  00013112    00000004     startup_mspm0g350x_ticlang.o (.text.Reset_Handler)
                  00013116    00000002     --HOLE-- [fill = 0]
                  00013118    00000010     libc.a : boot_cortex_m.c.obj (.tramp._c_int00_noargs.1)
                  00013128    00000004            : pre_init.c.obj (.text._system_pre_init)
                  0001312c    00000010     driverlib.a : dl_flashctl.o (.tramp.DL_FlashCTL_executeCommandFromRAM.1)
                  0001313c    00000004     --HOLE-- [fill = 0]

.TI.ramfunc 
*          0    00013ab8    00000060     RUN ADDR = 20201930
                  00013ab8    00000060     driverlib.a : dl_flashctl.o (.TI.ramfunc)

.cinit     0    00013b18    00000030     
                  00013b18    0000000c     (__TI_handler_table)
                  00013b24    00000008     (.cinit..bss.load) [load image, compression = zero_init]
                  00013b2c    00000005     (.cinit..data.load) [load image, compression = lzss]
                  00013b31    00000003     --HOLE-- [fill = 0]
                  00013b34    00000010     (__TI_cinit_table)
                  00013b44    00000004     --HOLE-- [fill = 0]

.rodata    0    00013140    00000978     
                  00013140    000000d8     oled.o (.rodata..Lswitch.table.OLED_PrintChar)
                  00013218    00000048     mission_library.o (.rodata.g_missionCompetitionMain)
                  00013260    00000048     mission_library.o (.rodata.g_missionTestDistance20)
                  000132a8    00000048     mission_library.o (.rodata.g_missionTestLine)
                  000132f0    00000048     mission_library.o (.rodata.g_missionTestTurn)
                  00013338    00000040     mission_library.o (.rodata.g_missionRegistry)
                  00013378    00000034     oled_ui.o (.rodata..Lswitch.table.print_balance_vision_rx_debug_page)
                  000133ac    0000002c     oled_ui.o (.rodata..Lswitch.table.print_status_page)
                  000133d8    00000020     menu.o (.rodata..Lswitch.table.Menu_ParamItemToString)
                  000133f8    0000001c     oled_ui.o (.rodata..Lswitch.table.print_balance_stepper_test_page.198)
                  00013414    0000001c     oled_ui.o (.rodata..Lswitch.table.print_drive_distance_page)
                  00013430    00000018     oled_ui.o (.rodata..Lswitch.table.print_balance_vision_page)
                  00013448    00000018     oled_ui.o (.rodata..Lswitch.table.print_status_page.199)
                  00013460    00000014     oled_ui.o (.rodata..Lswitch.table.print_balance_stepper_test_page.192)
                  00013474    00000014     oled_ui.o (.rodata..Lswitch.table.print_balance_stepper_test_page.194)
                  00013488    00000014     oled_ui.o (.rodata..Lswitch.table.print_status_page.200)
                  0001349c    00000014     balance_tuning.o (.rodata.str1.14867730425649151644.1)
                  000134b0    00000013     oled_ui.o (.rodata.str1.14774750633985060196.1)
                  000134c3    00000011     oled_ui.o (.rodata.str1.14521350379984854626.1)
                  000134d4    00000011     oled_ui.o (.rodata.str1.17763087492223448992.1)
                  000134e5    00000011     oled_ui.o (.rodata.str1.9584387800903135389.1)
                  000134f6    00000002     ti_msp_dl_config.o (.rodata.gUART_BALANCE_TUNINGClockConfig)
                  000134f8    00000010     oled_ui.o (.rodata..Lswitch.table.print_balance_stepper_test_page.195)
                  00013508    00000010     balance_encoder.o (.rodata.cst16)
                  00013518    00000010     oled_ui.o (.rodata.str1.12697925274637991987.1)
                  00013528    00000010     oled_ui.o (.rodata.str1.9351772214919528733.1)
                  00013538    00000010     oled_ui.o (.rodata.str1.9822857334037886482.1)
                  00013548    0000000f     oled_ui.o (.rodata.str1.9229350655415085.1)
                  00013557    0000000e     oled_ui.o (.rodata.str1.10416366799939242409.1)
                  00013565    0000000e     oled_ui.o (.rodata.str1.10430294223631918979.1)
                  00013573    0000000e     oled_ui.o (.rodata.str1.14711868471336838103.1)
                  00013581    00000003     ti_msp_dl_config.o (.rodata.gPWM_MOTORClockConfig)
                  00013584    0000000c     oled_ui.o (.rodata..Lswitch.table.print_balance_stepper_test_page.193)
                  00013590    0000000c     oled_ui.o (.rodata..Lswitch.table.print_balance_stepper_test_page.196)
                  0001359c    0000000c     oled_ui.o (.rodata..Lswitch.table.print_balance_stepper_test_page)
                  000135a8    0000000c     oled_ui.o (.rodata..Lswitch.table.print_sensor_page)
                  000135b4    0000000c     oled_ui.o (.rodata.str1.16290499236105125126.1)
                  000135c0    0000000b     oled_ui.o (.rodata.str1.13882251010780863896.1)
                  000135cb    00000001     --HOLE-- [fill = 0]
                  000135cc    0000000a     ti_msp_dl_config.o (.rodata.gUART_BALANCE_TUNINGConfig)
                  000135d6    0000000a     ti_msp_dl_config.o (.rodata.gUART_VISIONConfig)
                  000135e0    0000000a     balance_tuning.o (.rodata.str1.11920933488914742755.1)
                  000135ea    0000000a     mission_library.o (.rodata.str1.13636476544574750902.1)
                  000135f4    0000000a     mission_library.o (.rodata.str1.15668266851434757964.1)
                  000135fe    0000000a     oled_ui.o (.rodata.str1.17540787658903907660.1)
                  00013608    0000000a     mission_library.o (.rodata.str1.199678142196697465.1)
                  00013612    0000000a     oled_ui.o (.rodata.str1.2608729314174233125.1)
                  0001361c    0000000a     balance_tuning.o (.rodata.str1.8659531508871313437.1)
                  00013626    0000000a     oled_ui.o (.rodata.str1.9044019526854345694.1)
                  00013630    00000009     oled_ui.o (.rodata.str1.12043213579996415112.1)
                  00013639    00000009     oled_ui.o (.rodata.str1.15917848551323629232.1)
                  00013642    00000009     oled_ui.o (.rodata.str1.4582914374586912483.1)
                  0001364b    00000009     oled_ui.o (.rodata.str1.5965888106848176421.1)
                  00013654    00000008     ti_msp_dl_config.o (.rodata.gPWM_MOTORConfig)
                  0001365c    00000008     oled_ui.o (.rodata.str1.130772507669342127.1)
                  00013664    00000008     oled_ui.o (.rodata.str1.14132186318895045592.1)
                  0001366c    00000008     oled_ui.o (.rodata.str1.17464849429964608858.1)
                  00013674    00000008     oled_ui.o (.rodata.str1.18190418239766617312.1)
                  0001367c    00000008     oled_ui.o (.rodata.str1.1974573040514735405.1)
                  00013684    00000007     oled_ui.o (.rodata.str1.13871579367539052597.1)
                  0001368b    00000007     mission_library.o (.rodata.str1.1440970855772709381.1)
                  00013692    00000007     oled_ui.o (.rodata.str1.4610220316623841660.1)
                  00013699    00000007     oled_ui.o (.rodata.str1.4723632947289500520.1)
                  000136a0    00000007     oled_ui.o (.rodata.str1.8709745090823444516.1)
                  000136a7    00000007     oled_ui.o (.rodata.str1.9646571805098343045.1)
                  000136ae    00000006     oled_ui.o (.rodata.str1.10077435089618835710.1)
                  000136b4    00000006     oled_ui.o (.rodata.str1.1019225241002246410.1)
                  000136ba    00000006     oled_ui.o (.rodata.str1.11149198520117834688.1)
                  000136c0    00000006     oled_ui.o (.rodata.str1.11232419324784801130.1)
                  000136c6    00000006     oled_ui.o (.rodata.str1.11614055506586029288.1)
                  000136cc    00000006     oled_ui.o (.rodata.str1.1445687256832830955.1)
                  000136d2    00000006     oled_ui.o (.rodata.str1.14748562464132904299.1)
                  000136d8    00000006     oled_ui.o (.rodata.str1.15817398807211891688.1)
                  000136de    00000006     oled_ui.o (.rodata.str1.16133855533230012141.1)
                  000136e4    00000006     oled_ui.o (.rodata.str1.16411631209783952401.1)
                  000136ea    00000006     oled_ui.o (.rodata.str1.17242430504649735449.1)
                  000136f0    00000006     oled_ui.o (.rodata.str1.17436941090773226089.1)
                  000136f6    00000006     oled_ui.o (.rodata.str1.2656948373757303877.1)
                  000136fc    00000006     oled_ui.o (.rodata.str1.3247264562726604308.1)
                  00013702    00000006     oled_ui.o (.rodata.str1.4932371652560868037.1)
                  00013708    00000006     oled_ui.o (.rodata.str1.6835749436006845616.1)
                  0001370e    00000006     oled_ui.o (.rodata.str1.8018480777946742726.1)
                  00013714    00000006     oled_ui.o (.rodata.str1.8449035241871861290.1)
                  0001371a    00000006     oled_ui.o (.rodata.str1.8783421139296713095.1)
                  00013720    00000006     oled_ui.o (.rodata.str1.9544068167406571052.1)
                  00013726    00000006     oled_ui.o (.rodata.str1.9992244628984851027.1)
                  0001372c    00000005     motion_action.o (.rodata..Lswitch.table.MotionAction_Update_20ms)
                  00013731    00000005     oled.o (.rodata.oled_get_glyph.colon)
                  00013736    00000005     oled.o (.rodata.oled_get_glyph.eight)
                  0001373b    00000005     oled.o (.rodata.oled_get_glyph.five)
                  00013740    00000005     oled.o (.rodata.oled_get_glyph.four)
                  00013745    00000005     oled.o (.rodata.oled_get_glyph.glyphA)
                  0001374a    00000005     oled.o (.rodata.oled_get_glyph.glyphB)
                  0001374f    00000005     oled.o (.rodata.oled_get_glyph.glyphC)
                  00013754    00000005     oled.o (.rodata.oled_get_glyph.glyphD)
                  00013759    00000005     oled.o (.rodata.oled_get_glyph.glyphE)
                  0001375e    00000005     oled.o (.rodata.oled_get_glyph.glyphF)
                  00013763    00000005     oled.o (.rodata.oled_get_glyph.glyphG)
                  00013768    00000005     oled.o (.rodata.oled_get_glyph.glyphH)
                  0001376d    00000005     oled.o (.rodata.oled_get_glyph.glyphI)
                  00013772    00000005     oled.o (.rodata.oled_get_glyph.glyphK)
                  00013777    00000005     oled.o (.rodata.oled_get_glyph.glyphL)
                  0001377c    00000005     oled.o (.rodata.oled_get_glyph.glyphM)
                  00013781    00000005     oled.o (.rodata.oled_get_glyph.glyphN)
                  00013786    00000005     oled.o (.rodata.oled_get_glyph.glyphO)
                  0001378b    00000005     oled.o (.rodata.oled_get_glyph.glyphP)
                  00013790    00000005     oled.o (.rodata.oled_get_glyph.glyphR)
                  00013795    00000005     oled.o (.rodata.oled_get_glyph.glyphS)
                  0001379a    00000005     oled.o (.rodata.oled_get_glyph.glyphT)
                  0001379f    00000005     oled.o (.rodata.oled_get_glyph.glyphU)
                  000137a4    00000005     oled.o (.rodata.oled_get_glyph.glyphV)
                  000137a9    00000005     oled.o (.rodata.oled_get_glyph.glyphW)
                  000137ae    00000005     oled.o (.rodata.oled_get_glyph.glyphX)
                  000137b3    00000005     oled.o (.rodata.oled_get_glyph.glyphY)
                  000137b8    00000005     oled.o (.rodata.oled_get_glyph.glyphb)
                  000137bd    00000005     oled.o (.rodata.oled_get_glyph.gt)
                  000137c2    00000005     oled.o (.rodata.oled_get_glyph.minus)
                  000137c7    00000005     oled.o (.rodata.oled_get_glyph.nine)
                  000137cc    00000005     oled.o (.rodata.oled_get_glyph.one)
                  000137d1    00000005     oled.o (.rodata.oled_get_glyph.seven)
                  000137d6    00000005     oled.o (.rodata.oled_get_glyph.six)
                  000137db    00000005     oled.o (.rodata.oled_get_glyph.space)
                  000137e0    00000005     oled.o (.rodata.oled_get_glyph.three)
                  000137e5    00000005     oled.o (.rodata.oled_get_glyph.two)
                  000137ea    00000005     oled.o (.rodata.oled_get_glyph.zero)
                  000137ef    00000005     oled_ui.o (.rodata.str1.10600688730180713177.1)
                  000137f4    00000005     oled_ui.o (.rodata.str1.11049990970699464748.1)
                  000137f9    00000005     oled_ui.o (.rodata.str1.11388022865931857840.1)
                  000137fe    00000005     oled_ui.o (.rodata.str1.12182588061437138428.1)
                  00013803    00000005     oled_ui.o (.rodata.str1.12447783896598192203.1)
                  00013808    00000005     oled_ui.o (.rodata.str1.12493748764729730277.1)
                  0001380d    00000005     oled_ui.o (.rodata.str1.12571791089077708471.1)
                  00013812    00000005     oled_ui.o (.rodata.str1.12595606217184830646.1)
                  00013817    00000005     oled_ui.o (.rodata.str1.12617122458660443890.1)
                  0001381c    00000005     balance_tuning.o (.rodata.str1.12833110812472946424.1)
                  00013821    00000005     oled_ui.o (.rodata.str1.13271657277589579873.1)
                  00013826    00000005     oled_ui.o (.rodata.str1.14168333168339663346.1)
                  0001382b    00000005     fault.o (.rodata.str1.14435905801345341244.1)
                  00013830    00000005     fault.o (.rodata.str1.1506612114648992996.1)
                  00013835    00000005     oled_ui.o (.rodata.str1.15132332204781002199.1)
                  0001383a    00000005     oled_ui.o (.rodata.str1.15575624326185233262.1)
                  0001383f    00000005     oled_ui.o (.rodata.str1.15577080202403550426.1)
                  00013844    00000005     oled_ui.o (.rodata.str1.15613891207764622616.1)
                  00013849    00000005     oled_ui.o (.rodata.str1.15802367878353263018.1)
                  0001384e    00000005     oled_ui.o (.rodata.str1.15829239520183577662.1)
                  00013853    00000005     balance_tuning.o (.rodata.str1.16296215605590053309.1)
                  00013858    00000005     oled_ui.o (.rodata.str1.16526439943277383452.1)
                  0001385d    00000005     oled_ui.o (.rodata.str1.16635595130967924751.1)
                  00013862    00000005     oled_ui.o (.rodata.str1.16939060351352778619.1)
                  00013867    00000005     fault.o (.rodata.str1.17097894860660336008.1)
                  0001386c    00000005     fault.o (.rodata.str1.17155043670132108083.1)
                  00013871    00000005     oled_ui.o (.rodata.str1.17678525341650131470.1)
                  00013876    00000005     oled_ui.o (.rodata.str1.17717236995185551183.1)
                  0001387b    00000005     oled_ui.o (.rodata.str1.17763996158807330232.1)
                  00013880    00000005     oled_ui.o (.rodata.str1.17884296644359297425.1)
                  00013885    00000005     oled_ui.o (.rodata.str1.18128648927899109887.1)
                  0001388a    00000005     fault.o (.rodata.str1.2104670281202025270.1)
                  0001388f    00000005     oled_ui.o (.rodata.str1.2193316011307952170.1)
                  00013894    00000005     oled_ui.o (.rodata.str1.2308938766145545715.1)
                  00013899    00000005     oled_ui.o (.rodata.str1.2522137003438374266.1)
                  0001389e    00000005     oled_ui.o (.rodata.str1.270145429241168923.1)
                  000138a3    00000005     oled_ui.o (.rodata.str1.2714695401222167146.1)
                  000138a8    00000005     oled_ui.o (.rodata.str1.344790106308886506.1)
                  000138ad    00000005     oled_ui.o (.rodata.str1.3455423528827705371.1)
                  000138b2    00000005     fault.o (.rodata.str1.4453281041433270631.1)
                  000138b7    00000005     fault.o (.rodata.str1.4549004730087743662.1)
                  000138bc    00000005     oled_ui.o (.rodata.str1.4581472623415959594.1)
                  000138c1    00000005     menu.o (.rodata.str1.4862307748908978627.1)
                  000138c6    00000005     oled_ui.o (.rodata.str1.5376340479846291137.1)
                  000138cb    00000005     oled_ui.o (.rodata.str1.5463568455719735.1)
                  000138d0    00000005     oled_ui.o (.rodata.str1.5948326995020184415.1)
                  000138d5    00000005     oled_ui.o (.rodata.str1.5965450730569173784.1)
                  000138da    00000005     fault.o (.rodata.str1.6372787129294360447.1)
                  000138df    00000005     oled_ui.o (.rodata.str1.6398192001994169976.1)
                  000138e4    00000005     fault.o (.rodata.str1.6437946768974223044.1)
                  000138e9    00000005     oled_ui.o (.rodata.str1.6806727740681590176.1)
                  000138ee    00000005     oled_ui.o (.rodata.str1.6954814719705590448.1)
                  000138f3    00000005     oled_ui.o (.rodata.str1.7050595558965647569.1)
                  000138f8    00000005     oled_ui.o (.rodata.str1.7205245123442117851.1)
                  000138fd    00000005     oled_ui.o (.rodata.str1.7481335054564682966.1)
                  00013902    00000005     oled_ui.o (.rodata.str1.7774807581888385879.1)
                  00013907    00000005     oled_ui.o (.rodata.str1.799718701096035713.1)
                  0001390c    00000005     oled_ui.o (.rodata.str1.8124536758062367015.1)
                  00013911    00000005     fault.o (.rodata.str1.8185770893384132067.1)
                  00013916    00000005     oled_ui.o (.rodata.str1.8426569189266129334.1)
                  0001391b    00000005     oled_ui.o (.rodata.str1.8471462185882660445.1)
                  00013920    00000005     oled_ui.o (.rodata.str1.8693388333057100694.1)
                  00013925    00000005     oled_ui.o (.rodata.str1.9250665025187963892.1)
                  0001392a    00000005     oled_ui.o (.rodata.str1.9611283282870761829.1)
                  0001392f    00000004     oled_ui.o (.rodata.str1.10263419832828250601.1)
                  00013933    00000004     oled_ui.o (.rodata.str1.10568433575767188072.1)
                  00013937    00000004     oled_ui.o (.rodata.str1.10907125332684471422.1)
                  0001393b    00000004     oled_ui.o (.rodata.str1.11428648044669318875.1)
                  0001393f    00000004     oled_ui.o (.rodata.str1.11627403558423016802.1)
                  00013943    00000004     oled_ui.o (.rodata.str1.11794000050372113979.1)
                  00013947    00000004     oled_ui.o (.rodata.str1.12359577037488465078.1)
                  0001394b    00000004     oled_ui.o (.rodata.str1.12504350857748951577.1)
                  0001394f    00000004     oled_ui.o (.rodata.str1.1276391367487699528.1)
                  00013953    00000004     oled_ui.o (.rodata.str1.12888220461447056082.1)
                  00013957    00000004     oled_ui.o (.rodata.str1.12928245060369742404.1)
                  0001395b    00000004     oled_ui.o (.rodata.str1.13244290092665904221.1)
                  0001395f    00000004     oled_ui.o (.rodata.str1.13567883086814673087.1)
                  00013963    00000004     fault.o (.rodata.str1.13582094816268305212.1)
                  00013967    00000004     oled_ui.o (.rodata.str1.13750180467131823662.1)
                  0001396b    00000004     oled_ui.o (.rodata.str1.13790669171379415506.1)
                  0001396f    00000004     oled_ui.o (.rodata.str1.13892659840332223045.1)
                  00013973    00000004     oled_ui.o (.rodata.str1.14142815821055334776.1)
                  00013977    00000004     oled_ui.o (.rodata.str1.14556837007311414654.1)
                  0001397b    00000004     oled_ui.o (.rodata.str1.14675223611663555778.1)
                  0001397f    00000004     oled_ui.o (.rodata.str1.14740362735394205067.1)
                  00013983    00000004     oled_ui.o (.rodata.str1.15008238333949226094.1)
                  00013987    00000004     menu.o (.rodata.str1.16312125044762562515.1)
                  0001398b    00000004     fault.o (.rodata.str1.16482347271627360806.1)
                  0001398f    00000004     oled_ui.o (.rodata.str1.16496169091617228061.1)
                  00013993    00000004     oled_ui.o (.rodata.str1.16554583589798097927.1)
                  00013997    00000004     oled_ui.o (.rodata.str1.16849766574302683489.1)
                  0001399b    00000004     oled_ui.o (.rodata.str1.16895433903389883335.1)
                  0001399f    00000004     oled_ui.o (.rodata.str1.16931641404301806744.1)
                  000139a3    00000004     menu.o (.rodata.str1.17041139162815566052.1)
                  000139a7    00000004     oled_ui.o (.rodata.str1.17067061841413117831.1)
                  000139ab    00000004     oled_ui.o (.rodata.str1.17274519358952562110.1)
                  000139af    00000004     oled_ui.o (.rodata.str1.182352409660151230.1)
                  000139b3    00000004     oled_ui.o (.rodata.str1.18266126048138325213.1)
                  000139b7    00000004     oled_ui.o (.rodata.str1.18379317056176403938.1)
                  000139bb    00000004     oled_ui.o (.rodata.str1.2002540315216928218.1)
                  000139bf    00000004     oled_ui.o (.rodata.str1.3407221357956504873.1)
                  000139c3    00000004     oled_ui.o (.rodata.str1.3467953211977455017.1)
                  000139c7    00000004     oled_ui.o (.rodata.str1.3702290527496711532.1)
                  000139cb    00000004     oled_ui.o (.rodata.str1.4082595774073207366.1)
                  000139cf    00000004     oled_ui.o (.rodata.str1.4193589846040060630.1)
                  000139d3    00000004     oled_ui.o (.rodata.str1.4551794666512319153.1)
                  000139d7    00000004     oled_ui.o (.rodata.str1.4581686099848791648.1)
                  000139db    00000004     menu.o (.rodata.str1.4646809750356241979.1)
                  000139df    00000004     oled_ui.o (.rodata.str1.4691821198597473371.1)
                  000139e3    00000004     oled_ui.o (.rodata.str1.5004483696121082904.1)
                  000139e7    00000004     oled_ui.o (.rodata.str1.5291836437463020264.1)
                  000139eb    00000004     oled_ui.o (.rodata.str1.5689016102676777062.1)
                  000139ef    00000004     oled_ui.o (.rodata.str1.5853739094453432564.1)
                  000139f3    00000004     oled_ui.o (.rodata.str1.58703915094955230.1)
                  000139f7    00000004     oled_ui.o (.rodata.str1.6350830172869379626.1)
                  000139fb    00000004     oled_ui.o (.rodata.str1.6473435968988645044.1)
                  000139ff    00000004     oled_ui.o (.rodata.str1.6744096065564390185.1)
                  00013a03    00000004     oled_ui.o (.rodata.str1.7185587941321649510.1)
                  00013a07    00000004     oled_ui.o (.rodata.str1.7219546930854689545.1)
                  00013a0b    00000004     fault.o (.rodata.str1.7255546073596598018.1)
                  00013a0f    00000004     oled_ui.o (.rodata.str1.7419768602719733415.1)
                  00013a13    00000004     oled_ui.o (.rodata.str1.763101100280173925.1)
                  00013a17    00000004     oled_ui.o (.rodata.str1.8236579331345056500.1)
                  00013a1b    00000004     oled_ui.o (.rodata.str1.8399051469953744892.1)
                  00013a1f    00000004     oled_ui.o (.rodata.str1.8403269972884532600.1)
                  00013a23    00000004     oled_ui.o (.rodata.str1.8460525935980491721.1)
                  00013a27    00000004     oled_ui.o (.rodata.str1.8615431116298670950.1)
                  00013a2b    00000004     oled_ui.o (.rodata.str1.9102528229756940648.1)
                  00013a2f    00000004     oled_ui.o (.rodata.str1.9135818829835424837.1)
                  00013a33    00000004     oled_ui.o (.rodata.str1.9159586779647977165.1)
                  00013a37    00000004     oled_ui.o (.rodata.str1.9295666102996717355.1)
                  00013a3b    00000004     menu.o (.rodata.str1.9546740394641817443.1)
                  00013a3f    00000004     oled_ui.o (.rodata.str1.967006512144173535.1)
                  00013a43    00000004     oled_ui.o (.rodata.str1.9854382722193312766.1)
                  00013a47    00000003     oled_ui.o (.rodata.str1.10163600690795753232.1)
                  00013a4a    00000003     oled_ui.o (.rodata.str1.10509309789429088155.1)
                  00013a4d    00000003     oled_ui.o (.rodata.str1.1108652269057166745.1)
                  00013a50    00000003     menu.o (.rodata.str1.12110183915172842339.1)
                  00013a53    00000003     balance_tuning.o (.rodata.str1.12613043758309916612.1)
                  00013a56    00000003     balance_tuning.o (.rodata.str1.12662652760121154555.1)
                  00013a59    00000003     oled_ui.o (.rodata.str1.12983537867572525563.1)
                  00013a5c    00000003     menu.o (.rodata.str1.13124720451672825294.1)
                  00013a5f    00000003     oled_ui.o (.rodata.str1.13875148296791986931.1)
                  00013a62    00000003     balance_tuning.o (.rodata.str1.14081320955337914945.1)
                  00013a65    00000003     menu.o (.rodata.str1.14098755746347272832.1)
                  00013a68    00000003     oled_ui.o (.rodata.str1.14134189893851348960.1)
                  00013a6b    00000003     balance_tuning.o (.rodata.str1.14264142961881584424.1)
                  00013a6e    00000003     oled_ui.o (.rodata.str1.14265077442249237877.1)
                  00013a71    00000003     oled_ui.o (.rodata.str1.14358698208395374265.1)
                  00013a74    00000003     oled_ui.o (.rodata.str1.15859922799842739878.1)
                  00013a77    00000003     oled_ui.o (.rodata.str1.15935041339501476673.1)
                  00013a7a    00000003     balance_tuning.o (.rodata.str1.16612448349671680203.1)
                  00013a7d    00000003     oled_ui.o (.rodata.str1.17719310104486814868.1)
                  00013a80    00000003     oled_ui.o (.rodata.str1.17747339173178619492.1)
                  00013a83    00000003     oled_ui.o (.rodata.str1.17812014771544466701.1)
                  00013a86    00000003     oled_ui.o (.rodata.str1.17881291656140238186.1)
                  00013a89    00000003     oled_ui.o (.rodata.str1.240075016795266086.1)
                  00013a8c    00000003     oled_ui.o (.rodata.str1.2603845803395459882.1)
                  00013a8f    00000003     oled_ui.o (.rodata.str1.2742282290834473644.1)
                  00013a92    00000003     oled_ui.o (.rodata.str1.2983744876309220570.1)
                  00013a95    00000003     oled_ui.o (.rodata.str1.35417727660486075.1)
                  00013a98    00000003     oled_ui.o (.rodata.str1.4402311448527872260.1)
                  00013a9b    00000003     menu.o (.rodata.str1.6857549598058878762.1)
                  00013a9e    00000003     fault.o (.rodata.str1.8193046109637024842.1)
                  00013aa1    00000003     oled_ui.o (.rodata.str1.8703997732205428909.1)
                  00013aa4    00000003     oled_ui.o (.rodata.str1.8950259614286592359.1)
                  00013aa7    00000003     oled_ui.o (.rodata.str1.9554470707595806150.1)
                  00013aaa    00000002     ti_msp_dl_config.o (.rodata.gUART_VISIONClockConfig)
                  00013aac    00000002     oled_ui.o (.rodata.str1.11178346780556493352.1)
                  00013aae    00000002     oled_ui.o (.rodata.str1.3025253791635144717.1)
                  00013ab0    00000002     balance_tuning.o (.rodata.str1.3558965309215986498.1)
                  00013ab2    00000006     --HOLE-- [fill = 0]

.init_array 
*          0    00000000    00000000     UNINITIALIZED

.binit     0    00013b48    00000010     
                  00013b48    00000010     (.binit)

.TI.bound:g_balanceCalibrationReservedSector 
*          0    0001fc00    00000400     
                  0001fc00    00000400     balance_calibration_store.o (.TI.bound:g_balanceCalibrationReservedSector)

.bss       0    20200000    00001929     UNINITIALIZED
                  20200000    00000800     balance_tuning.o (.bss.g_txRing)
                  20200800    00000400     oled.o (.bss.g_oledFrame)
                  20200c00    00000200     vision_receiver.o (.bss.g_ring)
                  20200e00    000001d0     runtime_snapshot.o (.bss.g_snapshot)
                  20200fd0    00000110     (.common:g_appConfig)
                  202010e0    00000100     balance_tuning.o (.bss.g_rxRing)
                  202011e0    00000084     (.common:g_imuRuntime)
                  20201264    0000007c     motor_control.o (.bss.g_runtime)
                  202012e0    00000070     (.common:g_appRuntime)
                  20201350    00000060     vision_receiver.o (.bss.g_line)
                  202013b0    0000005c     balance_soft_limits.o (.bss.g_runtime)
                  2020140c    00000058     vision_receiver.o (.bss.g_status)
                  20201464    00000004     imu.o (.bss.g_elapsedSinceValidSampleMs)
                  20201468    00000058     (.common:g_wheelSpeedEstimatorRuntime)
                  202014c0    00000040     gimbal.o (.bss.g_feedback)
                  20201500    00000040     line_controller.o (.bss.g_lineRuntime)
                  20201540    00000040     balance_position_control.o (.bss.g_runtime)
                  20201580    00000038     balance_ball_control.o (.bss.g_runtime)
                  202015b8    00000030     balance_tuning.o (.bss.g_line)
                  202015e8    00000030     (.common:gUART_VISIONBackup)
                  20201618    0000002c     vision_receiver.o (.bss.g_observation)
                  20201644    0000002c     empty.o (.bss.g_schedulerStats)
                  20201670    00000028     vision_receiver.o (.bss.g_ballPositionObservation)
                  20201698    00000020     bluetooth_uart.o (.bss.g_runtime)
                  202016b8    0000001c     mission_manager.o (.bss.g_missionRuntime)
                  202016d4    0000001c     balance_encoder.o (.bss.g_runtime)
                  202016f0    0000001c     balance_tuning.o (.bss.g_status)
                  2020170c    0000001c     (.common:g_headingRuntime)
                  20201728    00000018     obstacle_avoidance.o (.bss.g_avoidFeedback)
                  20201740    00000018     balance_ball_control.o (.bss.g_config)
                  20201758    00000018     gimbal_stepper.o (.bss.g_feedback)
                  20201770    00000018     vision_tuning_console.o (.bss.g_status)
                  20201788    00000014     motion_action.o (.bss.g_motionActionRuntime)
                  2020179c    00000014     watchdog_monitor.o (.bss.g_status)
                  202017b0    00000010     fault.o (.bss.g_faultRecord)
                  202017c0    00000010     motor.o (.bss.g_motorRuntime)
                  202017d0    0000000e     car_controller.o (.bss.g_carControllerFeedback)
                  202017de    00000002     ultrasonic.o (.bss.g_echoTicks)
                  202017e0    0000000e     ultrasonic.o (.bss.g_ultrasonicFeedback)
                  202017ee    00000002     balance_ball_control.o (.bss.g_lastPositionMm)
                  202017f0    0000000c     magnet.o (.bss.g_runtime)
                  202017fc    0000000c     debug_telemetry.o (.bss.g_status)
                  20201808    0000000c     balance_soft_limits.o (.bss.g_storedLimits)
                  20201814    00000004     balance_position_control.o (.bss.g_lastEncoderCount)
                  20201818    00000008     balance_position_control.o (.bss.g_lastStepCount)
                  20201820    00000008     balance_position_control.o (.bss.g_moveStartStepCount)
                  20201828    00000008     obstacle_monitor.o (.bss.g_obstacleFeedback)
                  20201830    00000008     gimbal_stepper.o (.bss.g_stepperEstimatedSteps)
                  20201838    00000008     gimbal_stepper.o (.bss.g_stepperTargetEstimatedSteps)
                  20201840    00000008     gimbal.o (.bss.g_yawContinuousDegX10)
                  20201848    00000008     gimbal.o (.bss.g_yawLockedWorldYawDegX10)
                  20201850    00000008     gimbal.o (.bss.g_yawTargetContinuousDegX10)
                  20201858    00000008     gimbal.o (.bss.g_yawWorldTargetDegX10)
                  20201860    00000008     gimbal.o (.bss.g_yawWrappedDegX10)
                  20201868    00000006     ultrasonic.o (.bss.g_distanceSamples)
                  2020186e    00000006     key.o (.bss.g_key1)
                  20201874    00000006     key.o (.bss.g_key2)
                  2020187a    00000006     key.o (.bss.g_key3)
                  20201880    00000004     debug_telemetry.o (.bss.g_lastFrameMs)
                  20201884    00000004     balance_ball_control.o (.bss.g_lastObservationUpdateCount)
                  20201888    00000004     balance_ball_control.o (.bss.g_lastPositionTimeMs)
                  2020188c    00000004     balance_calibration_store.o (.bss.g_lastSequence)
                  20201890    00000004     balance_ball_control.o (.bss.g_lastSessionId)
                  20201894    00000004     vision_receiver.o (.bss.g_lastSourceTimestampMs)
                  20201898    00000004     watchdog_monitor.o (.bss.g_lastTickMs)
                  2020189c    00000004     wheel_speed_estimator.o (.bss.g_latchedErrorFlags)
                  202018a0    00000004     vision_receiver.o (.bss.g_localSessionId)
                  202018a4    00000004     empty.o (.bss.g_localTimeMs)
                  202018a8    00000004     encoder.o (.bss.g_motorAPulses)
                  202018ac    00000004     encoder.o (.bss.g_motorBPulses)
                  202018b0    00000004     balance_position_control.o (.bss.g_moveStartEncoderCount)
                  202018b4    00000004     imu.o (.bss.g_previousValidCorrectedGyroZDps)
                  202018b8    00000004     mission_manager.o (.bss.g_selectedDefinition)
                  202018bc    00000004     servo.o (.bss.g_servoFeedback)
                  202018c0    00000004     balance_encoder.o (.bss.g_speedLastCount)
                  202018c4    00000004     balance_position_control.o (.bss.g_startSoftLimitClampCount)
                  202018c8    00000004     gimbal_stepper.o (.bss.g_stepperCompletedSteps)
                  202018cc    00000004     gimbal.o (.bss.g_yawCommandedRpm)
                  202018d0    00000004     gimbal.o (.bss.g_yawTargetRpm)
                  202018d4    00000004     empty.o (.bss.main.lastAppUpdateMs)
                  202018d8    00000002     vision_receiver.o (.bss.g_lineSize)
                  202018da    00000002     vision_receiver.o (.bss.g_ringHead)
                  202018dc    00000002     vision_receiver.o (.bss.g_ringTail)
                  202018de    00000002     balance_tuning.o (.bss.g_rxHead)
                  202018e0    00000002     balance_tuning.o (.bss.g_rxTail)
                  202018e2    00000002     servo.o (.bss.g_servoPwmPhase)
                  202018e4    00000002     ultrasonic.o (.bss.g_stateTicks)
                  202018e6    00000002     gimbal_stepper.o (.bss.g_stepperHalfPeriodTicks)
                  202018e8    00000002     gimbal_stepper.o (.bss.g_stepperStepHalfPeriodTicks)
                  202018ea    00000002     balance_position_control.o (.bss.g_trackingDeadbandCount)
                  202018ec    00000002     balance_position_control.o (.bss.g_trackingReengageCount)
                  202018ee    00000002     balance_tuning.o (.bss.g_txHead)
                  202018f0    00000002     balance_tuning.o (.bss.g_txTail)
                  202018f2    00000002     (.common:g_trackError)
                  202018f4    00000001     oled_ui.o (.bss.OledUi_Update_20ms.flushRow)
                  202018f5    00000001     oled_ui.o (.bss.OledUi_Update_20ms.refreshDivider)
                  202018f6    00000001     empty.o (.bss.SysTick_Handler.balanceEncoderSpeedMsCount)
                  202018f7    00000001     empty.o (.bss.SysTick_Handler.controlMsCount)
                  202018f8    00000001     empty.o (.bss.SysTick_Handler.tick100usCount)
                  202018f9    00000001     ultrasonic.o (.bss.Ultrasonic_Update_20ms.triggerDivider)
                  202018fa    00000001     empty.o (.bss.g_appUpdatePending)
                  202018fb    00000001     car_state.o (.bss.g_carState)
                  202018fc    00000001     obstacle_monitor.o (.bss.g_centerSettleTicks)
                  202018fd    00000001     balance_tuning.o (.bss.g_discardLine)
                  202018fe    00000001     vision_receiver.o (.bss.g_discardUntilNewline)
                  202018ff    00000001     ultrasonic.o (.bss.g_distanceSampleCount)
                  20201900    00000001     ultrasonic.o (.bss.g_distanceSampleIndex)
                  20201901    00000001     emergency_stop.o (.bss.g_emergencyStopActive)
                  20201902    00000001     watchdog_monitor.o (.bss.g_faultApplied)
                  20201903    00000001     watchdog_monitor.o (.bss.g_faultPending)
                  20201904    00000001     imu.o (.bss.g_integrationHistoryValid)
                  20201905    00000001     wheel_speed_estimator.o (.bss.g_leftFilterInitialized)
                  20201906    00000001     balance_tuning.o (.bss.g_lineLength)
                  20201907    00000001     obstacle_safety.o (.bss.g_obstacleSafetyHolding)
                  20201908    00000001     oled.o (.bss.g_oledColumn)
                  20201909    00000001     menu.o (.bss.g_oledPage)
                  2020190a    00000001     oled.o (.bss.g_oledPage)
                  2020190b    00000001     encoder.o (.bss.g_overflowFlags)
                  2020190c    00000001     menu.o (.bss.g_paramItem)
                  2020190d    00000001     menu.o (.bss.g_paramReturnPage)
                  2020190e    00000001     key.o (.bss.g_pendingEvent)
                  2020190f    00000001     mission_manager.o (.bss.g_resumeCurrentAction)
                  20201910    00000001     wheel_speed_estimator.o (.bss.g_rightFilterInitialized)
                  20201911    00000001     car_controller.o (.bss.g_safetyHold)
                  20201912    00000001     imu.o (.bss.g_shortGapPending)
                  20201913    00000001     gimbal_stepper.o (.bss.g_stepperDirection)
                  20201914    00000001     gimbal_stepper.o (.bss.g_stepperRunning)
                  20201915    00000001     gimbal_stepper.o (.bss.g_stepperStepHigh)
                  20201916    00000001     gimbal_stepper.o (.bss.g_stepperStopAfterStepLow)
                  20201917    00000001     balance_soft_limits.o (.bss.g_storedLimitsValid)
                  20201918    00000001     motor_control.o (.bss.g_targetRefreshed)
                  20201919    00000001     mission_manager.o (.bss.g_transientActionActive)
                  2020191a    00000001     ultrasonic.o (.bss.g_triggerRequest)
                  2020191b    00000001     ultrasonic.o (.bss.g_ultrasonicState)
                  2020191c    00000001     balance_ball_control.o (.bss.g_velocityInitialized)
                  2020191d    00000001     gimbal.o (.bss.g_yawLimitClamped)
                  2020191e    00000001     gimbal.o (.bss.g_yawLimitDirection)
                  2020191f    00000001     gimbal.o (.bss.g_yawPositionValid)
                  20201920    00000001     gimbal.o (.bss.g_yawWorldLockEnabled)
                  20201921    00000001     (.common:g_carStateDebug)
                  20201922    00000001     (.common:g_keyEvent)
                  20201923    00000001     (.common:g_oledPageDebug)
                  20201924    00000001     (.common:g_paramItemDebug)
                  20201925    00000001     (.common:g_trackBlackCount)
                  20201926    00000001     (.common:g_trackModeDebug)
                  20201927    00000001     (.common:g_trackRaw)
                  20201928    00000001     (.common:g_trackTurnDebug)

.data      0    20201929    00000001     UNINITIALIZED
                  20201929    00000001     car_controller.o (.data.g_followTurnPolicy)

.stack     0    20207e00    00000200     UNINITIALIZED
                  20207e00    00000004     libc.a : boot_cortex_m.c.obj (.stack)
                  20207e04    000001fc     --HOLE--

__llvm_prf_cnts 
*          0    20200000    00000000     UNINITIALIZED

__llvm_prf_bits 
*          0    20200000    00000000     UNINITIALIZED

MODULE SUMMARY

       Module                         code    ro data   rw data
       ------                         ----    -------   -------
    .\
       oled_ui.o                      20776   1369      2      
       balance_tuning.o               6212    67        2390   
       imu.o                          5156    0         142    
       car_controller.o               4412    0         128    
       oled.o                         2006    406       1026   
       balance_soft_limits.o          3256    0         105    
       motor_control.o                2768    0         125    
       vision_receiver.o              1908    0         795    
       app_config.o                   2156    0         272    
       line_controller.o              2196    0         64     
       balance_calibration_store.o    1140    1024      4      
       balance_position_control.o     1992    0         96     
       balance_ball_control.o         1980    0         95     
       menu.o                         1688    65        3      
       runtime_snapshot.o             1212    0         464    
       vision_protocol.o              1580    0         0      
       mission_manager.o              1472    0         34     
       motion_action.o                1400    5         20     
       wheel_speed_estimator.o        1292    0         94     
       gimbal_stepper.o               1280    0         52     
       gimbal.o                       896     0         116    
       mission_library.o              560     389       0      
       ti_msp_dl_config.o             828     35        48     
       motor.o                        776     0         16     
       app.o                          648     0         10     
       ultrasonic.o                   596     0         29     
       empty.o                        488     0         56     
       key.o                          436     0         19     
       balance_encoder.o              404     16        32     
       fault.o                        312     65        16     
       track_sensor.o                 372     0         0      
       heading_control.o              340     0         28     
       vision_uart.o                  336     0         0      
       watchdog_monitor.o             308     0         26     
       encoder.o                      276     0         9      
       obstacle_safety.o              272     0         1      
       obstacle_monitor.o             192     0         9      
       startup_mspm0g350x_ticlang.o   6       192       0      
       angle_utils.o                  192     0         0      
       emergency_stop.o               188     0         1      
       servo.o                        176     0         6      
       obstacle_avoidance.o           62      0         24     
       magnet.o                       72      0         12     
       debug_telemetry.o              56      0         16     
       bluetooth_uart.o               8       0         32     
       car_state.o                    36      0         1      
       vision_tuning_console.o        8       0         24     
    +--+------------------------------+-------+---------+---------+
       Total:                         74726   3633      6442   
                                                               
    C:/TI/mspm0_sdk_2_05_01_00/source/ti/driverlib/lib/ticlang/m0p/mspm0g1x0x_g3x0x/driverlib.a
       dl_flashctl.o                  488     0         0      
       dl_timer.o                     388     0         0      
       dl_uart.o                      90      0         0      
       dl_common.o                    10      0         0      
    +--+------------------------------+-------+---------+---------+
       Total:                         976     0         0      
                                                               
[...]
0000f34f  __aeabi_fadd                                      
0000f41d  CarController_StartDriveDistance                  
0000f4f1  GimbalStepper_MoveRelativeSteps                   
0000f5c5  BalanceEncoder_HandleGpioInterrupt                
0000f691  OledUi_Update_20ms                                
0000f75d  FaultCode_ToShortString                           
0000f825  Angle_Normalize180                                
0000f9a5  BalanceBallControl_SetConfig                      
0000fa61  BalanceSoftLimits_Init                            
0000fb1d  CarController_ResetRuntime                        
0000fbd9  Menu_GetParamValue                                
0000fc95  GimbalStepper_StopHold                            
0000fd49  GimbalStepper_Init                                
0000fdf9  SysTick_Handler                                   
0000fea9  BalanceSoftLimits_ArmRecalibration                
0000ff51  Encoder_HandleGpioInterrupt                       
00010099  __udivmoddi4                                      
0001013b  ADC0_IRQHandler                                   
0001013b  ADC1_IRQHandler                                   
0001013b  AES_IRQHandler                                    
0001013b  CANFD0_IRQHandler                                 
0001013b  DAC0_IRQHandler                                   
0001013b  DMA_IRQHandler                                    
0001013b  Default_Handler                                   
0001013b  GROUP0_IRQHandler                                 
0001013b  HardFault_Handler                                 
0001013b  I2C0_IRQHandler                                   
0001013b  I2C1_IRQHandler                                   
0001013b  NMI_Handler                                       
0001013b  PendSV_Handler                                    
0001013b  RTC_IRQHandler                                    
0001013b  SPI0_IRQHandler                                   
0001013b  SPI1_IRQHandler                                   
0001013b  SVC_Handler                                       
0001013b  TIMA0_IRQHandler                                  
0001013b  TIMA1_IRQHandler                                  
0001013b  TIMG0_IRQHandler                                  
0001013b  TIMG12_IRQHandler                                 
0001013b  TIMG6_IRQHandler                                  
0001013b  TIMG7_IRQHandler                                  
0001013b  TIMG8_IRQHandler                                  
0001013b  UART0_IRQHandler                                  
0001013b  UART1_IRQHandler                                  
0001013d  BalanceSoftLimits_AbortCalibration                
0001031d  ObstacleMonitor_Update_20ms                       
000103b9  memcpy                                            
00010453  ObstacleAvoidance_Update_20ms                     
00010455  BalanceSoftLimits_CancelRecalibration             
00010585  BalancePositionControl_ResetFault                 
00010619  CarController_StartTurnToYawRelative              
000106ad  CarController_ResetTransientState                 
0001073d  SYSCFG_DL_PWM_MOTOR_init                          
000107c9  SYSCFG_DL_UART_BALANCE_TUNING_init                
00010855  __aeabi_fmul                                      
00010855  __mulsf3                                          
0001096c  C$$EXIT                                           
0001096d  HOSTexit                                          
00010971  strcmp                                            
000109f9  CarController_SetSafetyHold                       
00010a7d  GimbalStepper_ConfirmZero                         
00010b01  Motor_Init                                        
00010b85  __aeabi_fdiv                                      
00010b85  __divsf3                                          
00010c07  TrackSensor_Init                                  
00010c09  CarController_StartDriveHeading                   
00010c89  Motor_Stop                                        
00010d09  App_Init                                          
00010d87  __aeabi_idiv0                                     
00010d89  BalancePositionControl_Init                       
00010e05  BalanceSoftLimits_Enforce100usFromIsr             
00010e81  __TI_decompress_lzss                              
00010fe9  GimbalStepper_Release                             
00011059  SYSCFG_DL_UART_VISION_init                        
000110c9  TrackSensor_DetectTurn                            
00011137  __aeabi_ldiv0                                     
00011139  BalanceTuning_Init                                
000111a5  MissionManager_GetSelectedMissionIndex            
00011275  TrackSensor_GetErrorFromRaw                       
000112dd  BalanceBallControl_Init                           
00011341  BalanceSoftLimits_ResetPositionFault              
000113a5  MissionManager_Start                              
00011409  App_ResetToReady                                  
0001146d  __aeabi_fcmpeq                                    
00011481  __aeabi_fcmplt                                    
00011495  __aeabi_fcmple                                    
000114a9  __aeabi_fcmpge                                    
000114bd  __aeabi_fcmpgt                                    
000114cf  memset                                            
00011531  UART2_IRQHandler                                  
00011591  __aeabi_f2lz                                      
00011591  __fixsfdi                                         
000115f1  Ultrasonic_Update_20ms                            
0001164d  VisionReceiver_Init                               
000117bd  BalanceEncoder_Init                               
00011815  MissionManager_Init                               
0001186d  OLED_PrintChar                                    
00011975  __aeabi_idiv                                      
00011975  __aeabi_idivmod                                   
000119cd  CarController_Stop                                
00011a21  TrackSensor_ReadRaw                               
00011a75  WatchdogMonitor_ApplyFaultIfNeeded                
00011b1d  BalancePositionControl_SetTrackingTarget          
00011b6d  BalanceSoftLimits_GetSnapshot                     
00011bbd  Ultrasonic_Init                                   
00011c0d  WatchdogMonitor_Tick1msFromIsr                    
00011c5d  __aeabi_l2f                                       
00011c5d  __floatdisf                                       
00011cad  MotorControl_Stop                                 
00011cf9  copy_in                                           
00011d91  __TI_auto_init_nopinit                            
00011ddd  DL_UART_init                                      
00011e25  MissionManager_Cancel                             
00011e6d  SYSCFG_DL_initPower                               
00011eb5  CarController_StartFollowLine                     
00011ef9  EmergencyStop_Reset                               
00011f3d  Encoder_GetAndClearPulseDeltas                    
00011f81  Imu_ResetYaw                                      
00011fc5  MissionManager_Reset                              
00012009  Servo_Tick100us                                   
0001204d  UART3_IRQHandler                                  
00012091  BalanceBallControl_Enable                         
000120d1  BalanceEncoder_GetSnapshot                        
00012111  BalanceSoftLimits_StopMotion                      
00012151  CarController_ResumeFollowLine                    
00012191  Fault_Raise                                       
000121d1  SYSCFG_DL_SYSCTL_init                             
00012211  VisionReceiver_PushByteFromIsr                    
00012251  __aeabi_uidiv                                     
00012251  __aeabi_uidivmod                                  
000122d1  __divmoddi4                                       
00012311  MissionManager_Resume                             
0001234d  Servo_SetAngleDeg                                 
00012389  __aeabi_i2f                                       
00012389  __floatsisf                                       
000123c5  __gesf2                                           
000123c5  __gtsf2                                           
00012401  __cmpsf2                                          
00012401  __eqsf2                                           
00012401  __lesf2                                           
00012401  __ltsf2                                           
00012401  __nesf2                                           
0001243d  __muldsi3                                         
00012479  EmergencyStop_Trigger                             
000124b1  __aeabi_f2iz                                      
000124b1  __fixsfsi                                         
000124e9  BalancePositionControl_Cancel                     
0001251d  BalancePositionControl_SetTrackingThresholds      
00012551  Imu_IsReady                                       
00012585  MissionLibrary_FindById                           
000125b9  OLED_PrintString                                  
000125ed  Key_Init                                          
0001261d  LineController_ObserveSensors                     
0001264d  WatchdogMonitor_Init                              
0001267d  WatchdogMonitor_Reset                             
000126ad  BalancePositionControl_GetSnapshot                
000126d9  BalancePositionControl_StartTracking              
00012705  Encoder_Reset                                     
00012731  MissionManager_Pause                              
0001275d  TrackSensor_CountBlack                            
00012789  BalanceBallControl_ResetConfig                    
000127b1  BalanceSoftLimits_CancelTravelTest                
000127d9  DL_FlashCTL_programMemoryFromRAM64WithECCGenerated
00012801  EmergencyStop_Enforce                             
00012829  Magnet_ForceOff                                   
00012851  SYSCFG_DL_init                                    
00012879  Servo_Init                                        
000128a1  __aeabi_ui2f                                      
000128a1  __floatunsisf                                     
000128c9  _c_int00_noargs                                   
000128f1  BalanceEncoder_SampleSpeed10msFromIsr             
00012915  BalanceSoftLimits_CancelOscillationTest           
00012939  GimbalStepper_GetFeedbackSnapshot                 
0001295d  MissionManager_ReportExternalFailure              
00012981  MotorControl_Init                                 
000129a5  MotorControl_Reset                                
000129c9  OLED_ClearBuffer                                  
000129ed  __aeabi_lmul                                      
000129ed  __muldi3                                          
00012a11  BalanceBallControl_GetSnapshot                    
00012a31  DL_Timer_overrideCCPOut                           
00012a51  DebugTelemetry_Update                             
00012a71  GROUP1_IRQHandler                                 
00012a91  Magnet_Init                                       
00012ab1  OLED_SetCursor                                    
00012ad1  SchedulerMonitor_GetStats                         
00012af1  VisionReceiver_GetProtocolErrorCount              
00012b11  memcmp                                            
00012b51  __aeabi_llsl                                      
00012b51  __ashldi3                                         
00012b71  BalanceBallControl_Disable                        
00012b8d  BalanceBallControl_ForceStop                      
00012ba9  DL_Timer_setCaptCompUpdateMethod                  
00012bc5  DL_Timer_setClockConfig                           
00012be1  HeadingControl_SetTargetYaw                       
00012bfd  Menu_Init                                         
00012c19  MotionAction_Cancel                               
00012c35  ObstacleMonitor_Init                              
00012c51  ObstacleSafety_Init                               
00012c6d  WatchdogMonitor_NotifyControlCycleComplete        
00012ca5  BalanceBallControl_GetConfig                      
00012cbd  DL_FlashCTL_eraseMemoryFromRAM                    
00012cd5  DL_Timer_setCaptureCompareOutCtl                  
00012ced  DebugTelemetry_Init                               
00012d05  HeadingControl_Init                               
00012d1d  HeadingControl_Reset                              
00012d35  Menu_ParamItemToString                            
00012d4d  MotionAction_Init                                 
00012d65  ObstacleAvoidance_Init                            
00012d7d  RuntimeSnapshot_Init                              
00012d95  __aeabi_fcmpun                                    
00012d95  __unordsf2                                        
00012dad  Fault_Clear                                       
00012dc1  Fault_Init                                        
00012dd5  GimbalStepper_SetStepHalfPeriodTicks              
00012de9  HeadingControl_Enable                             
00012dfd  MissionLibrary_GetByIndex                         
00012e11  MissionManager_GetSelectedMissionId               
00012e25  VisionUart_Init                                   
00012e39  __aeabi_ldivmod                                   
00012e4d  __aeabi_uldivmod                                  
00012e61  DL_UART_setClockConfig                            
00012e73  __TI_decompress_none                              
00012e85  BalancePositionControl_HasFault                   
00012e95  DL_Timer_setCaptureCompareValue                   
00012ea5  Gimbal_YawGetFeedback                             
00012eb5  Key_GetEvent                                      
00012ec5  __TI_zero_init                                    
00012ed5  BalanceEncoder_GetCountAtomic                     
00012ee1  BalancePositionControl_IsBusy                     
00012eed  BalanceSoftLimits_IsCalibrationActive             
00012ef9  BalanceSoftLimits_IsOscillationTestActive         
00012f05  BalanceSoftLimits_IsTravelTestActive              
00012f11  CarController_GetRunMode                          
00012f1d  CarController_Init                                
00012f29  CarController_IsSafetyHoldActive                  
00012f35  CarState_Get                                      
00012f41  CarState_Init                                     
00012f4d  CarState_Set                                      
00012f59  EmergencyStop_Init                                
00012f65  EmergencyStop_IsActive                            
00012f71  Imu_GetCorrectedGyroZDps                          
00012f7d  Imu_GetYaw                                        
00012f89  Menu_GetPage                                      
00012f95  Menu_GetParamItem                                 
00012fa1  MissionManager_IsExternallyHeld                   
00012fad  MissionManager_SetExternalHold                    
00012fb9  ObstacleAvoidance_IsActive                        
00012fc5  ObstacleAvoidance_IsFailed                        
00012fd1  ObstacleSafety_IsHolding                          
00012fdd  SystemTime_GetMs                                  
00012fe9  WatchdogMonitor_HasTripped                        
00012ff5  __aeabi_memclr                                    
00012ff5  __aeabi_memclr4                                   
00012ff5  __aeabi_memclr8                                   
00013001  DL_Common_delayCycles                             
0001300b  MotionAction_Resume                               
00013015  MotionAction_Start                                
0001301f  TrackSensor_IsCenterDetected                      
00013029  TrackSensor_IsLineDetected                        
00013033  TrackSensor_IsLineLost                            
0001303d  BalanceSoftLimits_CancelPositionMove              
00013045  BalanceSoftLimits_IsPositionMoveActive            
0001304d  BluetoothUart_GetRuntime                          
00013055  CarController_GetFeedback                         
0001305d  Fault_GetRecord                                   
00013065  GimbalStepper_GetFeedback                         
0001306d  HeadingControl_GetRuntime                         
00013075  Imu_GetRuntime                                    
0001307d  LineController_GetRuntime                         
00013085  MissionManager_GetMissionCount                    
0001308d  MissionManager_GetRuntime                         
00013095  MotionAction_GetRuntime                           
0001309d  MotorControl_GetRuntime                           
000130a5  ObstacleAvoidance_GetFeedback                     
000130ad  ObstacleMonitor_GetFeedback                       
000130b5  OledUi_Init                                       
000130bd  RuntimeSnapshot_Get                               
000130c5  Servo_GetFeedback                                 
000130cd  Ultrasonic_GetFeedback                            
000130d5  VisionReceiver_GetBallPositionObservation         
000130dd  VisionReceiver_GetStatus                          
000130e5  VisionTuningConsole_GetStatus                     
000130ed  WatchdogMonitor_GetStatus                         
000130f5  WheelSpeedEstimator_GetRuntime                    
000130fd  __aeabi_memcpy                                    
000130fd  __aeabi_memcpy4                                   
000130fd  __aeabi_memcpy8                                   
00013105  abort                                             
0001310b  MissionLibrary_GetCount                           
0001310f  ObstacleAvoidance_IsResumeGraceActive             
00013113  Reset_Handler                                     
00013129  _system_pre_init                                  
00013b18  __TI_Handler_Table_Base                           
00013b24  __TI_Handler_Table_Limit                          
00013b34  __TI_CINIT_Base                                   
00013b44  __TI_CINIT_Limit                                  
00013b44  __TI_CINIT_Warm                                   
00013b48  __TI_table_binit                                  
00013b48  __binit__                                         
00013b48  binit                                             
0001fc00  g_balanceCalibrationReservedSector                
20200000  __start___llvm_prf_bits                           
20200000  __start___llvm_prf_cnts                           
20200000  __stop___llvm_prf_bits                            
20200000  __stop___llvm_prf_cnts                            
20200fd0  g_appConfig                                       
202011e0  g_imuRuntime                                      
202012e0  g_appRuntime                                      
20201468  g_wheelSpeedEstimatorRuntime                      
202015e8  gUART_VISIONBackup                                
2020170c  g_headingRuntime                                  
202018f2  g_trackError                                      
20201921  g_carStateDebug                                   
20201922  g_keyEvent                                        
20201923  g_oledPageDebug                                   
20201924  g_paramItemDebug                                  
20201925  g_trackBlackCount                                 
20201926  g_trackModeDebug                                  
20201927  g_trackRaw                                        
20201928  g_trackTurnDebug                                  
20207e00  __stack                                           
20208000  __STACK_END                                       
ffffffff  __TI_pprof_out_hndl                               
ffffffff  __TI_prof_data_size                               
ffffffff  __TI_prof_data_start                              
UNDEFED   __mpu_init                                        
UNDEFED   _system_post_cinit                                

[394 symbols]
