******************************************************************************
            TI ARM Clang Linker PC v4.0.4                      
******************************************************************************
>> Linked Wed Jul 22 22:18:50 2026

OUTPUT FILE NAME:   <diansaikaishi.out>
ENTRY POINT SYMBOL: "_c_int00_noargs"  address: 0000d609


MEMORY CONFIGURATION

         name            origin    length      used     unused   attr    fill
----------------------  --------  ---------  --------  --------  ----  --------
  FLASH                 00000000   00020000  0000e6d8  00011928  R  X
  SRAM                  20200000   00008000  00000d92  0000726e  RW X
  BCR_CONFIG            41c00000   000000ff  00000000  000000ff  R   
  BSL_CONFIG            41c00100   00000080  00000000  00000080  R   


SEGMENT ALLOCATION MAP

run origin  load origin   length   init length attrs members
----------  ----------- ---------- ----------- ----- -------
00000000    00000000    0000e6d8   0000e6d8    r-x
  00000000    00000000    000000c0   000000c0    r-- .intvecs
  000000c0    000000c0    0000dcf0   0000dcf0    r-x .text
  0000ddb0    0000ddb0    000008f8   000008f8    r-- .rodata
  0000e6a8    0000e6a8    00000030   00000030    r-- .cinit
20200000    20200000    00000b92   00000000    rw-
  20200000    20200000    00000b91   00000000    rw- .bss
  20200b91    20200b91    00000001   00000000    rw- .data
20207e00    20207e00    00000200   00000000    rw-
  20207e00    20207e00    00000200   00000000    rw- .stack


SECTION ALLOCATION MAP

 output                                  attributes/
section   page    origin      length       input sections
--------  ----  ----------  ----------   ----------------
.intvecs   0    00000000    000000c0     
                  00000000    000000c0     startup_mspm0g350x_ticlang.o (.intvecs)

.text      0    000000c0    0000dcf0     
                  000000c0    00001dd4     vision_tuning_console.o (.text.VisionTuningConsole_Process)
                  00001e94    00001b88     oled_ui.o (.text.OledUi_Update_20ms)
                  00003a1c    0000047c     gimbal_tracker.o (.text.GimbalTracker_Update)
                  00003e98    0000041c     wheel_speed_estimator.o (.text.WheelSpeedEstimator_Update)
                  000042b4    000003b0     vision_receiver.o (.text.VisionReceiver_Process)
                  00004664    00000388     gimbal_vision_yaw_tracker.o (.text.GimbalVisionYawTracker_Update10ms)
                  000049ec    00000380     menu.o (.text.Menu_HandleKeyEvent)
                  00004d6c    00000370     gimbal.o (.text.gimbal_update_feedback)
                  000050dc    00000310     vision_tuning_console.o (.text.append_scaled)
                  000053ec    0000030c     motor_control.o (.text.update_wheel)
                  000056f8    000002f0     imu.o (.text.mpu6050_read_regs)
                  000059e8    000002d8     imu.o (.text.Imu_Init)
                  00005cc0    000002c4     app_config.o (.text.AppConfig_LimitAll)
                  00005f84    000002a8     gimbal_tracker.o (.text.update_feedback)
                  0000622c    00000298     gimbal.o (.text.Gimbal_YawSetWrappedTargetDeg)
                  000064c4    00000294     gimbal.o (.text.Gimbal_YawUpdate5ms)
                  00006758    00000290     gimbal.o (.text.Gimbal_PitchSetTrackingSpeedDegS)
                  000069e8    0000027c     motor_control.o (.text.MotorControl_Update)
                  00006c64    00000260     gimbal.o (.text.gimbal_pitch_set_target_steps)
                  00006ec4    00000254     oled.o (.text.OLED_Clear)
                  00007118    00000238     gimbal.o (.text.gimbal_pitch_update_feedback)
                  00007350    00000228     gimbal_vision_pitch_tracker.o (.text.GimbalVisionPitchTracker_Update10ms)
                  00007578    00000220     runtime_snapshot.o (.text.RuntimeSnapshot_Update)
                  00007798    00000214     imu.o (.text.Imu_CalibrateGyroBias)
                  000079ac    00000204     motor.o (.text.Motor_SetSpeed)
                  00007bb0    000001f4     vision_protocol.o (.text.VisionProtocol_ParseV1TargetFrame)
                  00007da4    000001cc     imu.o (.text.imu_i2c_write_byte)
                  00007f70    000001bc     gimbal.o (.text.Gimbal_PitchUpdate5ms)
                  0000812c    000001b8     oled.o (.text.oled_i2c_write_byte)
                  000082e4    000001a0     motor_control.o (.text.MotorControl_SetSpeedTargetCmps)
                  00008484    000001a0     ultrasonic.o (.text.Ultrasonic_Tick100us)
                  00008624    00000194     gimbal_stepper.o (.text.GimbalStepper_Tick100us)
                  000087b8    00000188     gimbal_vision_yaw_tracker.o (.text.GimbalVisionYawTracker_Enable)
                  00008940    00000180     gimbal.o (.text.Gimbal_PitchTick100us)
                  00008ac0    0000017c     gimbal_stepper.o (.text.GimbalStepper_MoveToEstimatedSteps)
                  00008c3c    00000178     motor_control.o (.text.config_is_valid)
                  00008db4    00000174     key.o (.text.Key_Update_20ms)
                  00008f28    0000016c     gimbal.o (.text.Gimbal_Init)
                  00009094    00000168     empty.o (.text.main)
                  000091fc    00000160     gimbal.o (.text.gimbal_yaw_set_target_x10)
                  0000935c    00000158     vision_tuning_console.o (.text.send_parameter_reply)
                  000094b4    00000158     vision_tuning_console.o (.text.send_yaw_parameter_reply)
                  0000960c    0000013c     oled.o (.text.OLED_PrintInt16)
                  00009748    00000138     app.o (.text.App_Update_20ms)
                  00009880    00000134     imu.o (.text.Imu_Update)
                  000099b4    00000130     app_config.o (.text.AppConfig_InitDefault)
                  00009ae4    0000012c     imu.o (.text.imu_i2c_recover_bus)
                  00009c10    00000128     gimbal.o (.text.Gimbal_YawEnableWorldLock)
                  00009d38    00000124     vision_tuning_console.o (.text.send_simple_reply)
                  00009e5c    00000124     gimbal_vision_yaw_tracker.o (.text.sync_target_from_yaw)
                  00009f80    00000104     driverlib.a : dl_timer.o (.text.DL_Timer_initFourCCPWMMode)
                  0000a084    000000fc     gimbal.o (.text.Gimbal_PitchRelease)
                  0000a180    000000fc     empty.o (.text.SysTick_Handler)
                  0000a27c    000000f0     gimbal.o (.text.Gimbal_PitchStopHold)
                  0000a36c    000000f0     mission_manager.o (.text.MissionManager_SelectNext)
                  0000a45c    000000ec     gimbal_tracker.o (.text.sync_targets_from_gimbal)
                  0000a548    000000e8     vision_protocol.o (.text.fields_are_valid)
                  0000a630    000000e0     obstacle_safety.o (.text.ObstacleSafety_Update_20ms)
                  0000a710    000000dc     gimbal.o (.text.Gimbal_PitchConfirmZero)
                  0000a7ec    000000dc     ti_msp_dl_config.o (.text.SYSCFG_DL_GPIO_init)
                  0000a8c8    000000dc     oled_ui.o (.text.print_tuning_change_value)
                  0000a9a4    000000d8     mission_manager.o (.text.MissionManager_SelectPrevious)
                  0000aa7c    000000d8     oled.o (.text.OLED_PrintUInt16)
                  0000ab54    000000d8     wheel_speed_estimator.o (.text.WheelSpeedEstimator_Init)
                  0000ac2c    000000d8     menu.o (.text.menu_adjust_param)
                  0000ad04    000000d8     libclang_rt.builtins.a : addsf3.S.obj (.text)
                  0000addc    000000d4     oled.o (.text.OLED_Init)
                  0000aeb0    000000d0     oled.o (.text.OLED_PrintChar)
                  0000af80    000000c8     fault.o (.text.FaultCode_ToShortString)
                  0000b048    000000c8     gimbal.o (.text.Gimbal_YawConfirmZero)
                  0000b110    000000b4     gimbal_stepper.o (.text.GimbalStepper_StopHold)
                  0000b1c4    000000b4     gimbal_vision_adapter.o (.text.GimbalVisionAdapter_Update)
                  0000b278    000000b0     gimbal_stepper.o (.text.GimbalStepper_Init)
                  0000b328    000000b0     gimbal.o (.text.Gimbal_PitchMoveRelativeDeg)
                  0000b3d8    000000aa     mission_library.o (.text.MissionLibrary_Validate)
                  0000b482    00000002     startup_mspm0g350x_ticlang.o (.text.Default_Handler)
                  0000b484    000000a8     gimbal_vision_pitch_tracker.o (.text.GimbalVisionPitchTracker_Enable)
                  0000b52c    000000a4     encoder.o (.text.Encoder_HandleGpioInterrupt)
                  0000b5d0    000000a4     gimbal_vision_yaw_tracker.o (.text.wrap_deg_360)
                  0000b674    000000a2     libclang_rt.builtins.a : udivmoddi4.S.obj (.text)
                  0000b716    00000002     track_sensor.o (.text.TrackSensor_Init)
                  0000b718    0000009c     obstacle_monitor.o (.text.ObstacleMonitor_Update_20ms)
                  0000b7b4    0000009a     libc.a : memcpy16.S.obj (.text:memcpy)
                  0000b84e    00000002     libclang_rt.builtins.a : aeabi_div0.c.obj (.text.__aeabi_idiv0)
                  0000b850    00000098     imu.o (.text.mpu6050_write_reg)
                  0000b8e8    0000008c     gimbal.o (.text.Gimbal_YawDisableWorldLock)
                  0000b974    0000008c     gimbal.o (.text.Gimbal_YawStopHold)
                  0000ba00    0000008c     ti_msp_dl_config.o (.text.SYSCFG_DL_PWM_MOTOR_init)
                  0000ba8c    0000008c     libclang_rt.builtins.a : mulsf3.S.obj (.text.__mulsf3)
                  0000bb18    00000008     fault.o (.text.Fault_GetRecord)
                  0000bb20    00000088     libc.a : strcmp-armv6m.S.obj (.text:strcmp)
                  0000bba8    00000084     gimbal_stepper.o (.text.GimbalStepper_ConfirmZero)
                  0000bc2c    00000084     gimbal_tracker.o (.text.GimbalTracker_PushObservation)
                  0000bcb0    00000084     motor.o (.text.Motor_Init)
                  0000bd34    00000082     app.o (.text.App_Init)
                  0000bdb6    00000002     libclang_rt.builtins.a : aeabi_div0.c.obj (.text.__aeabi_ldiv0)
                  0000bdb8    00000082                            : divsf3.S.obj (.text.__divsf3)
                  0000be3a    00000002     --HOLE-- [fill = 0]
                  0000be3c    00000080     car_controller.o (.text.CarController_Init)
                  0000bebc    00000080     car_controller.o (.text.CarController_ResetRuntime)
                  0000bf3c    00000080     gimbal_tracker.o (.text.GimbalTracker_Init)
                  0000bfbc    00000080     motor.o (.text.Motor_Stop)
                  0000c03c    0000007c     vision_pitch_tuning.o (.text.VisionPitchTuning_Set)
                  0000c0b8    0000007c     libc.a : copy_decompress_lzss.c.obj (.text:decompress:lzss)
                  0000c134    00000078     oled.o (.text.oled_write_command)
                  0000c1ac    00000074     car_controller.o (.text.CarController_SetSafetyHold)
                  0000c220    00000070     gimbal_stepper.o (.text.GimbalStepper_Release)
                  0000c290    00000070     menu.o (.text.Menu_GetParamValue)
                  0000c300    00000070     ti_msp_dl_config.o (.text.SYSCFG_DL_UART_VISION_init)
                  0000c370    00000070     vision_yaw_tuning.o (.text.VisionYawTuning_Set)
                  0000c3e0    0000006e     track_sensor.o (.text.TrackSensor_DetectTurn)
                  0000c44e    00000002     --HOLE-- [fill = 0]
                  0000c450    0000006c     gimbal_vision_yaw_tracker.o (.text.GimbalVisionYawTracker_Init)
                  0000c4bc    0000006c     motor_control.o (.text.latch_control_error)
                  0000c528    00000068     mission_manager.o (.text.MissionManager_GetSelectedMissionIndex)
                  0000c590    00000064     gimbal.o (.text.Gimbal_YawRelease)
                  0000c5f4    00000062     libclang_rt.builtins.a : aeabi_fcmp.S.obj (.text.__aeabi_fcmp)
                  0000c656    00000062     libc.a : memset16.S.obj (.text:memset)
                  0000c6b8    00000060     gimbal_tracker.o (.text.GimbalTracker_Enable)
                  0000c718    00000060     gimbal_tracker.o (.text.GimbalTracker_GetFeedback)
                  0000c778    00000060     vision_tuning_console.o (.text.VisionTuningConsole_Init)
                  0000c7d8    00000060     libclang_rt.builtins.a : fixsfdi.S.obj (.text.__fixsfdi)
                  0000c838    0000005e     oled.o (.text.OLED_PrintBinary7)
                  0000c896    00000002     --HOLE-- [fill = 0]
                  0000c898    0000005c     vision_uart.o (.text.UART3_IRQHandler)
                  0000c8f4    0000005c     ultrasonic.o (.text.Ultrasonic_Update_20ms)
                  0000c950    00000058     gimbal.o (.text.Gimbal_YawMoveRelativeDeg)
                  0000c9a8    00000056     libclang_rt.builtins.a : aeabi_idivmod.S.obj (.text.__aeabi_idivmod)
                  0000c9fe    00000002     --HOLE-- [fill = 0]
                  0000ca00    00000054     gimbal_vision_yaw_tracker.o (.text.float_to_scaled_i16)
                  0000ca54    00000054     gimbal_vision_yaw_tracker.o (.text.stop_owned_tracking)
                  0000caa8    00000050     mission_manager.o (.text.MissionManager_Start)
                  0000caf8    00000050     motor_control.o (.text.MotorControl_Stop)
                  0000cb48    00000050     ultrasonic.o (.text.Ultrasonic_Init)
                  0000cb98    00000050     watchdog_monitor.o (.text.WatchdogMonitor_ApplyFaultIfNeeded)
                  0000cbe8    0000004e     libclang_rt.builtins.a : floatdisf.S.obj (.text.__floatdisf)
                  0000cc36    00000002     --HOLE-- [fill = 0]
                  0000cc38    0000004c     watchdog_monitor.o (.text.WatchdogMonitor_Tick1msFromIsr)
                  0000cc84    00000048     driverlib.a : dl_uart.o (.text.DL_UART_init)
                  0000cccc    00000048     mission_manager.o (.text.MissionManager_Init)
                  0000cd14    00000044     encoder.o (.text.Encoder_GetAndClearPulseDeltas)
                  0000cd58    00000044     servo.o (.text.Servo_Tick100us)
                  0000cd9c    00000040     emergency_stop.o (.text.EmergencyStop_Reset)
                  0000cddc    00000040     gimbal_vision_pitch_tracker.o (.text.GimbalVisionPitchTracker_Init)
                  0000ce1c    00000040     ti_msp_dl_config.o (.text.SYSCFG_DL_SYSCTL_init)
                  0000ce5c    00000040     ti_msp_dl_config.o (.text.SYSCFG_DL_initPower)
                  0000ce9c    00000040     vision_receiver.o (.text.VisionReceiver_PushByteFromIsr)
                  0000cedc    00000040     libclang_rt.builtins.a : aeabi_uidivmod.S.obj (.text.__aeabi_uidivmod)
                  0000cf1c    0000003e                            : divmoddi4.c.obj (.text.__divmoddi4)
                  0000cf5a    00000002     --HOLE-- [fill = 0]
                  0000cf5c    0000003c     gimbal_tracker.o (.text.GimbalTracker_ClearObservation)
                  0000cf98    0000003c     servo.o (.text.Servo_SetAngleDeg)
                  0000cfd4    0000003c     vision_tuning_console.o (.text.VisionTuningConsole_PushByteFromIsr)
                  0000d010    0000003c     libclang_rt.builtins.a : floatsisf.S.obj (.text.__floatsisf)
                  0000d04c    0000003c                            : comparesf2.S.obj (.text.__gtsf2)
                  0000d088    0000003c     libc.a : autoinit.c.obj (.text:__TI_auto_init_nobinit_nopinit)
                  0000d0c4    0000003a     libclang_rt.builtins.a : comparesf2.S.obj (.text.__eqsf2)
                  0000d0fe    00000002     --HOLE-- [fill = 0]
                  0000d100    0000003a                            : muldsi3.S.obj (.text.__muldsi3)
                  0000d13a    00000002     --HOLE-- [fill = 0]
                  0000d13c    00000038     vision_receiver.o (.text.VisionReceiver_Init)
                  0000d174    00000038     libclang_rt.builtins.a : fixsfsi.S.obj (.text.__fixsfsi)
                  0000d1ac    00000034     emergency_stop.o (.text.EmergencyStop_Trigger)
                  0000d1e0    00000034     mission_manager.o (.text.MissionManager_Cancel)
                  0000d214    00000034     oled.o (.text.OLED_SetCursor)
                  0000d248    00000034     vision_tuning_console.o (.text.VisionTuningConsole_TryPopTxByte)
                  0000d27c    00000034     vision_uart.o (.text.VisionUart_Process)
                  0000d2b0    00000032     oled.o (.text.OLED_PrintString)
                  0000d2e2    00000002     --HOLE-- [fill = 0]
                  0000d2e4    00000030     fault.o (.text.Fault_Raise)
                  0000d314    00000030     gimbal_vision_yaw_tracker.o (.text.GimbalVisionYawTracker_GetFeedback)
                  0000d344    00000030     gimbal.o (.text.Gimbal_PitchGetFeedback)
                  0000d374    00000030     key.o (.text.Key_Init)
                  0000d3a4    00000030     mission_manager.o (.text.MissionManager_Reset)
                  0000d3d4    00000030     mission_manager.o (.text.MissionManager_Resume)
                  0000d404    00000030     vision_pitch_tuning.o (.text.VisionPitchTuning_RestoreDefault)
                  0000d434    00000030     watchdog_monitor.o (.text.WatchdogMonitor_Init)
                  0000d464    00000030     gimbal_vision_yaw_tracker.o (.text.refresh_yaw_feedback)
                  0000d494    0000002c     encoder.o (.text.Encoder_Reset)
                  0000d4c0    0000002c     vision_yaw_tuning.o (.text.VisionYawTuning_RestoreDefault)
                  0000d4ec    0000002c     gimbal_vision_pitch_tracker.o (.text.speed_to_x10)
                  0000d518    00000028     obstacle_avoidance.o (.text.ObstacleAvoidance_Init)
                  0000d540    00000028     servo.o (.text.Servo_Init)
                  0000d568    00000028     vision_pitch_tuning.o (.text.VisionPitchTuning_Init)
                  0000d590    00000028     watchdog_monitor.o (.text.WatchdogMonitor_Reset)
                  0000d5b8    00000028     libclang_rt.builtins.a : floatunsisf.S.obj (.text.__floatunsisf)
                  0000d5e0    00000028     libc.a : memmov.c.obj (.text.memmove)
                  0000d608    00000028            : boot_cortex_m.c.obj (.text:_c_int00_noargs)
                  0000d630    00000024     emergency_stop.o (.text.EmergencyStop_Enforce)
                  0000d654    00000024     gimbal_vision_pitch_tracker.o (.text.GimbalVisionPitchTracker_GetFeedback)
                  0000d678    00000024     mission_manager.o (.text.MissionManager_ReportExternalFailure)
                  0000d69c    00000024     motor_control.o (.text.MotorControl_Init)
                  0000d6c0    00000024     motor_control.o (.text.MotorControl_Reset)
                  0000d6e4    00000024     ti_msp_dl_config.o (.text.SYSCFG_DL_init)
                  0000d708    00000024     vision_yaw_tuning.o (.text.VisionYawTuning_Init)
                  0000d72c    00000024     libclang_rt.builtins.a : muldi3.S.obj (.text.__muldi3)
                  0000d750    00000020     car_controller.o (.text.CarController_Stop)
                  0000d770    00000020     driverlib.a : dl_timer.o (.text.DL_Timer_overrideCCPOut)
                  0000d790    00000020     debug_telemetry.o (.text.DebugTelemetry_Update)
                  0000d7b0    00000020     mission_manager.o (.text.MissionManager_Pause)
                  0000d7d0    00000020     motion_action.o (.text.MotionAction_Init)
                  0000d7f0    00000020     empty.o (.text.SchedulerMonitor_GetStats)
                  0000d810    00000020     vision_receiver.o (.text.VisionReceiver_GetProtocolErrorCount)
                  0000d830    0000001e     libclang_rt.builtins.a : ashldi3.S.obj (.text.__ashldi3)
                  0000d84e    00000002     --HOLE-- [fill = 0]
                  0000d850    0000001c     driverlib.a : dl_timer.o (.text.DL_Timer_setCaptCompUpdateMethod)
                  0000d86c    0000001c                 : dl_timer.o (.text.DL_Timer_setClockConfig)
                  0000d888    0000001c     gimbal_vision_adapter.o (.text.GimbalVisionAdapter_Init)
                  0000d8a4    0000001c     imu.o (.text.Imu_IsReady)
                  0000d8c0    0000001c     menu.o (.text.Menu_Init)
                  0000d8dc    0000001c     obstacle_monitor.o (.text.ObstacleMonitor_Init)
                  0000d8f8    0000001c     obstacle_safety.o (.text.ObstacleSafety_Init)
                  0000d914    0000001c     vision_pitch_tuning.o (.text.VisionPitchTuning_ParamName)
                  0000d930    0000001c     vision_yaw_tuning.o (.text.VisionYawTuning_GetSnapshot)
                  0000d94c    0000001c     vision_yaw_tuning.o (.text.VisionYawTuning_ParamName)
                  0000d968    0000001c     watchdog_monitor.o (.text.WatchdogMonitor_NotifyControlCycleComplete)
                  0000d984    00000018     car_controller.o (.text.CarController_RunModeToString)
                  0000d99c    00000018     driverlib.a : dl_timer.o (.text.DL_Timer_setCaptureCompareOutCtl)
                  0000d9b4    00000018     debug_telemetry.o (.text.DebugTelemetry_Init)
                  0000d9cc    00000018     menu.o (.text.Menu_ParamItemToString)
                  0000d9e4    00000018     mission_library.o (.text.MissionLibrary_FindById)
                  0000d9fc    00000018     motion_action.o (.text.MotionAction_Cancel)
                  0000da14    00000018     runtime_snapshot.o (.text.RuntimeSnapshot_Init)
                  0000da2c    00000016     libclang_rt.builtins.a : comparesf2.S.obj (.text.__unordsf2)
                  0000da42    00000002     --HOLE-- [fill = 0]
                  0000da44    00000014     fault.o (.text.Fault_Clear)
                  0000da58    00000014     fault.o (.text.Fault_Init)
                  0000da6c    00000014     empty.o (.text.GROUP1_IRQHandler)
                  0000da80    00000014     gimbal_stepper.o (.text.GimbalStepper_SetStepHalfPeriodTicks)
                  0000da94    00000014     heading_control.o (.text.HeadingControl_Init)
                  0000daa8    00000014     heading_control.o (.text.HeadingControl_Reset)
                  0000dabc    00000014     mission_library.o (.text.MissionLibrary_GetByIndex)
                  0000dad0    00000014     mission_manager.o (.text.MissionManager_GetSelectedMissionId)
                  0000dae4    00000014     vision_pitch_tuning.o (.text.VisionPitchTuning_GetSnapshot)
                  0000daf8    00000014     vision_uart.o (.text.VisionUart_Init)
                  0000db0c    00000014     libclang_rt.builtins.a : aeabi_ldivmod.S.obj (.text.__aeabi_ldivmod)
                  0000db20    00000014                            : aeabi_uldivmod.S.obj (.text.__aeabi_uldivmod)
                  0000db34    00000012     driverlib.a : dl_uart.o (.text.DL_UART_setClockConfig)
                  0000db46    00000012     libc.a : copy_decompress_none.c.obj (.text:decompress:none)
                  0000db58    00000010     driverlib.a : dl_timer.o (.text.DL_Timer_setCaptureCompareValue)
                  0000db68    00000010     gimbal.o (.text.Gimbal_YawGetFeedback)
                  0000db78    00000010     key.o (.text.Key_GetEvent)
                  0000db88    00000010     obstacle_avoidance.o (.text.ObstacleAvoidance_IsResumeGraceActive)
                  0000db98    00000010     libc.a : copy_zero_init.c.obj (.text:decompress:ZI)
                  0000dba8    0000000c     car_controller.o (.text.CarController_GetRunMode)
                  0000dbb4    0000000c     car_controller.o (.text.CarController_IsSafetyHoldActive)
                  0000dbc0    0000000c     car_state.o (.text.CarState_Get)
                  0000dbcc    0000000c     car_state.o (.text.CarState_Init)
                  0000dbd8    0000000c     car_state.o (.text.CarState_Set)
                  0000dbe4    0000000c     emergency_stop.o (.text.EmergencyStop_Init)
                  0000dbf0    0000000c     emergency_stop.o (.text.EmergencyStop_IsActive)
                  0000dbfc    0000000c     gimbal_vision_adapter.o (.text.GimbalVisionAdapter_GetObservation)
                  0000dc08    0000000c     gimbal.o (.text.Gimbal_Tick100us)
                  0000dc14    0000000c     gimbal.o (.text.Gimbal_Update5ms)
                  0000dc20    0000000c     imu.o (.text.Imu_GetCorrectedGyroZDps)
                  0000dc2c    0000000c     imu.o (.text.Imu_GetYaw)
                  0000dc38    0000000c     imu.o (.text.Imu_ResetYaw)
                  0000dc44    0000000c     menu.o (.text.Menu_GetPage)
                  0000dc50    0000000c     menu.o (.text.Menu_GetParamItem)
                  0000dc5c    0000000c     mission_manager.o (.text.MissionManager_IsExternallyHeld)
                  0000dc68    0000000c     mission_manager.o (.text.MissionManager_SetExternalHold)
                  0000dc74    0000000c     obstacle_avoidance.o (.text.ObstacleAvoidance_IsActive)
                  0000dc80    0000000c     obstacle_avoidance.o (.text.ObstacleAvoidance_IsFailed)
                  0000dc8c    0000000c     obstacle_safety.o (.text.ObstacleSafety_IsHolding)
                  0000dc98    0000000c     oled_ui.o (.text.OledUi_Init)
                  0000dca4    0000000c     empty.o (.text.SystemTime_GetMs)
                  0000dcb0    0000000c     watchdog_monitor.o (.text.WatchdogMonitor_HasTripped)
                  0000dcbc    0000000c     libclang_rt.builtins.a : aeabi_memset.S.obj (.text.__aeabi_memclr)
                  0000dcc8    0000000a     driverlib.a : dl_common.o (.text.DL_Common_delayCycles)
                  0000dcd2    0000000a     track_sensor.o (.text.TrackSensor_IsCenterDetected)
                  0000dcdc    0000000a     track_sensor.o (.text.TrackSensor_IsLineDetected)
                  0000dce6    0000000a     track_sensor.o (.text.TrackSensor_IsLineLost)
                  0000dcf0    00000008     gimbal_stepper.o (.text.GimbalStepper_GetFeedback)
                  0000dcf8    00000008     gimbal_vision_adapter.o (.text.GimbalVisionAdapter_GetFeedback)
                  0000dd00    00000008     gimbal.o (.text.Gimbal_PitchStopTrackingHold)
                  0000dd08    00000008     heading_control.o (.text.HeadingControl_GetRuntime)
                  0000dd10    00000008     imu.o (.text.Imu_GetRuntime)
                  0000dd18    00000008     mission_manager.o (.text.MissionManager_GetMissionCount)
                  0000dd20    00000008     mission_manager.o (.text.MissionManager_GetRuntime)
                  0000dd28    00000008     motion_action.o (.text.MotionAction_GetRuntime)
                  0000dd30    00000008     motor_control.o (.text.MotorControl_GetRuntime)
                  0000dd38    00000008     obstacle_avoidance.o (.text.ObstacleAvoidance_GetFeedback)
                  0000dd40    00000008     obstacle_monitor.o (.text.ObstacleMonitor_GetFeedback)
                  0000dd48    00000008     servo.o (.text.Servo_GetFeedback)
                  0000dd50    00000008     ultrasonic.o (.text.Ultrasonic_GetFeedback)
                  0000dd58    00000008     vision_pitch_tuning.o (.text.VisionPitchTuning_GetStatus)
                  0000dd60    00000008     vision_receiver.o (.text.VisionReceiver_GetObservation)
                  0000dd68    00000008     vision_receiver.o (.text.VisionReceiver_GetStatus)
                  0000dd70    00000008     vision_tuning_console.o (.text.VisionTuningConsole_GetStatus)
                  0000dd78    00000008     watchdog_monitor.o (.text.WatchdogMonitor_GetStatus)
                  0000dd80    00000008     wheel_speed_estimator.o (.text.WheelSpeedEstimator_GetRuntime)
                  0000dd88    00000008     libclang_rt.builtins.a : aeabi_memcpy.S.obj (.text.__aeabi_memcpy)
                  0000dd90    00000008                            : aeabi_memmove.S.obj (.text.__aeabi_memmove)
                  0000dd98    00000006     libc.a : exit.c.obj (.text:abort)
                  0000dd9e    00000004     libsysbm.a : hostexit.c.obj (.text.HOSTexit)
                  0000dda2    00000004     mission_library.o (.text.MissionLibrary_GetCount)
                  0000dda6    00000004     startup_mspm0g350x_ticlang.o (.text.Reset_Handler)
                  0000ddaa    00000004     libc.a : pre_init.c.obj (.text._system_pre_init)
                  0000ddae    00000002     --HOLE-- [fill = 0]

.cinit     0    0000e6a8    00000030     
                  0000e6a8    0000000c     (__TI_handler_table)
                  0000e6b4    00000008     (.cinit..bss.load) [load image, compression = zero_init]
                  0000e6bc    00000005     (.cinit..data.load) [load image, compression = lzss]
                  0000e6c1    00000003     --HOLE-- [fill = 0]
                  0000e6c4    00000010     (__TI_cinit_table)
                  0000e6d4    00000004     --HOLE-- [fill = 0]

.rodata    0    0000ddb0    000008f8     
                  0000ddb0    000000d8     oled.o (.rodata..Lswitch.table.OLED_PrintChar)
                  0000de88    000000a8     mission_library.o (.rodata.g_missionMapA)
                  0000df30    000000a8     mission_library.o (.rodata.g_missionMapB)
                  0000dfd8    00000078     mission_library.o (.rodata.g_missionMapC)
                  0000e050    00000030     oled_ui.o (.rodata..Lswitch.table.OledUi_Update_20ms.165)
                  0000e080    00000030     mission_library.o (.rodata.g_missionRegistry)
                  0000e0b0    00000024     menu.o (.rodata..Lswitch.table.Menu_ParamItemToString)
                  0000e0d4    00000024     oled_ui.o (.rodata..Lswitch.table.OledUi_Update_20ms.169)
                  0000e0f8    00000024     oled_ui.o (.rodata..Lswitch.table.OledUi_Update_20ms.171)
                  0000e11c    00000020     oled_ui.o (.rodata..Lswitch.table.OledUi_Update_20ms.170)
                  0000e13c    0000001c     car_controller.o (.rodata..Lswitch.table.CarController_RunModeToString)
                  0000e158    0000001c     vision_tuning_console.o (.rodata.str1.1836208005852235077.1)
                  0000e174    00000018     oled_ui.o (.rodata..Lswitch.table.OledUi_Update_20ms.172)
                  0000e18c    00000018     vision_pitch_tuning.o (.rodata..Lswitch.table.VisionPitchTuning_ParamName)
                  0000e1a4    00000014     vision_yaw_tuning.o (.rodata..Lswitch.table.VisionYawTuning_ParamName)
                  0000e1b8    00000010     oled_ui.o (.rodata.str1.13882251010780863896.1)
                  0000e1c8    0000000e     oled_ui.o (.rodata.str1.10416366799939242409.1)
                  0000e1d6    00000002     ti_msp_dl_config.o (.rodata.gUART_VISIONClockConfig)
                  0000e1d8    0000000c     mission_library.o (.rodata..Lswitch.table.MissionLibrary_FindById)
                  0000e1e4    0000000c     oled_ui.o (.rodata..Lswitch.table.OledUi_Update_20ms.164)
                  0000e1f0    0000000c     oled_ui.o (.rodata..Lswitch.table.OledUi_Update_20ms.166)
                  0000e1fc    0000000a     ti_msp_dl_config.o (.rodata.gUART_VISIONConfig)
                  0000e206    0000000a     vision_tuning_console.o (.rodata.str1.4859846923128959820.1)
                  0000e210    0000000a     vision_tuning_console.o (.rodata.str1.7225688704195888286.1)
                  0000e21a    00000009     oled_ui.o (.rodata.str1.14358698208395374265.1)
                  0000e223    00000009     oled_ui.o (.rodata.str1.3025253791635144717.1)
                  0000e22c    00000008     ti_msp_dl_config.o (.rodata.gPWM_MOTORConfig)
                  0000e234    00000008     vision_tuning_console.o (.rodata.str1.11718269490974306969.1)
                  0000e23c    00000008     oled_ui.o (.rodata.str1.14740362735394205067.1)
                  0000e244    00000008     oled_ui.o (.rodata.str1.15575624326185233262.1)
                  0000e24c    00000008     oled_ui.o (.rodata.str1.17763996158807330232.1)
                  0000e254    00000008     vision_tuning_console.o (.rodata.str1.3293472937029561918.1)
                  0000e25c    00000008     oled_ui.o (.rodata.str1.4082595774073207366.1)
                  0000e264    00000007     menu.o (.rodata..Lswitch.table.Menu_HandleKeyEvent.10)
                  0000e26b    00000007     vision_tuning_console.o (.rodata.str1.10860306953068020798.1)
                  0000e272    00000007     oled_ui.o (.rodata.str1.13750180467131823662.1)
                  0000e279    00000007     oled_ui.o (.rodata.str1.6473435968988645044.1)
                  0000e280    00000006     vision_tuning_console.o (.rodata.str1.10319329813075420582.1)
                  0000e286    00000006     oled_ui.o (.rodata.str1.10600688730180713177.1)
                  0000e28c    00000006     oled_ui.o (.rodata.str1.1108652269057166745.1)
                  0000e292    00000006     oled_ui.o (.rodata.str1.12617122458660443890.1)
                  0000e298    00000006     oled_ui.o (.rodata.str1.12888220461447056082.1)
                  0000e29e    00000006     mission_library.o (.rodata.str1.13636476544574750902.1)
                  0000e2a4    00000006     oled_ui.o (.rodata.str1.1445687256832830955.1)
                  0000e2aa    00000006     mission_library.o (.rodata.str1.15668266851434757964.1)
                  0000e2b0    00000006     oled_ui.o (.rodata.str1.16411631209783952401.1)
                  0000e2b6    00000006     mission_library.o (.rodata.str1.199678142196697465.1)
                  0000e2bc    00000006     oled_ui.o (.rodata.str1.3407221357956504873.1)
                  0000e2c2    00000006     vision_tuning_console.o (.rodata.str1.4028100529439820245.1)
                  0000e2c8    00000006     oled_ui.o (.rodata.str1.4193589846040060630.1)
                  0000e2ce    00000006     oled_ui.o (.rodata.str1.763101100280173925.1)
                  0000e2d4    00000006     oled_ui.o (.rodata.str1.9102528229756940648.1)
                  0000e2da    00000006     oled_ui.o (.rodata.str1.9250665025187963892.1)
                  0000e2e0    00000005     menu.o (.rodata..Lswitch.table.Menu_HandleKeyEvent)
                  0000e2e5    00000005     oled.o (.rodata.oled_get_glyph.colon)
                  0000e2ea    00000005     oled.o (.rodata.oled_get_glyph.eight)
                  0000e2ef    00000005     oled.o (.rodata.oled_get_glyph.five)
                  0000e2f4    00000005     oled.o (.rodata.oled_get_glyph.four)
                  0000e2f9    00000005     oled.o (.rodata.oled_get_glyph.glyphA)
                  0000e2fe    00000005     oled.o (.rodata.oled_get_glyph.glyphB)
                  0000e303    00000005     oled.o (.rodata.oled_get_glyph.glyphC)
                  0000e308    00000005     oled.o (.rodata.oled_get_glyph.glyphD)
                  0000e30d    00000005     oled.o (.rodata.oled_get_glyph.glyphE)
                  0000e312    00000005     oled.o (.rodata.oled_get_glyph.glyphG)
                  0000e317    00000005     oled.o (.rodata.oled_get_glyph.glyphH)
                  0000e31c    00000005     oled.o (.rodata.oled_get_glyph.glyphI)
                  0000e321    00000005     oled.o (.rodata.oled_get_glyph.glyphK)
                  0000e326    00000005     oled.o (.rodata.oled_get_glyph.glyphL)
                  0000e32b    00000005     oled.o (.rodata.oled_get_glyph.glyphM)
                  0000e330    00000005     oled.o (.rodata.oled_get_glyph.glyphN)
                  0000e335    00000005     oled.o (.rodata.oled_get_glyph.glyphO)
                  0000e33a    00000005     oled.o (.rodata.oled_get_glyph.glyphP)
                  0000e33f    00000005     oled.o (.rodata.oled_get_glyph.glyphR)
                  0000e344    00000005     oled.o (.rodata.oled_get_glyph.glyphS)
                  0000e349    00000005     oled.o (.rodata.oled_get_glyph.glyphT)
                  0000e34e    00000005     oled.o (.rodata.oled_get_glyph.glyphU)
                  0000e353    00000005     oled.o (.rodata.oled_get_glyph.glyphV)
                  0000e358    00000005     oled.o (.rodata.oled_get_glyph.glyphW)
                  0000e35d    00000005     oled.o (.rodata.oled_get_glyph.glyphX)
                  0000e362    00000005     oled.o (.rodata.oled_get_glyph.glyphY)
                  0000e367    00000005     oled.o (.rodata.oled_get_glyph.glyphb)
                  0000e36c    00000005     oled.o (.rodata.oled_get_glyph.gt)
                  0000e371    00000005     oled.o (.rodata.oled_get_glyph.minus)
                  0000e376    00000005     oled.o (.rodata.oled_get_glyph.nine)
                  0000e37b    00000005     oled.o (.rodata.oled_get_glyph.one)
                  0000e380    00000005     oled.o (.rodata.oled_get_glyph.seven)
                  0000e385    00000005     oled.o (.rodata.oled_get_glyph.six)
                  0000e38a    00000005     oled.o (.rodata.oled_get_glyph.space)
                  0000e38f    00000005     oled.o (.rodata.oled_get_glyph.three)
                  0000e394    00000005     oled.o (.rodata.oled_get_glyph.two)
                  0000e399    00000005     oled.o (.rodata.oled_get_glyph.zero)
                  0000e39e    00000005     oled_ui.o (.rodata.str1.10907125332684471422.1)
                  0000e3a3    00000005     oled_ui.o (.rodata.str1.11232419324784801130.1)
                  0000e3a8    00000005     oled_ui.o (.rodata.str1.12182588061437138428.1)
                  0000e3ad    00000005     oled_ui.o (.rodata.str1.12359577037488465078.1)
                  0000e3b2    00000005     oled_ui.o (.rodata.str1.12493748764729730277.1)
                  0000e3b7    00000005     oled_ui.o (.rodata.str1.13244290092665904221.1)
                  0000e3bc    00000005     oled_ui.o (.rodata.str1.13790669171379415506.1)
                  0000e3c1    00000005     vision_pitch_tuning.o (.rodata.str1.13915893147848268398.1)
                  0000e3c6    00000005     oled_ui.o (.rodata.str1.14134189893851348960.1)
                  0000e3cb    00000005     fault.o (.rodata.str1.14435905801345341244.1)
                  0000e3d0    00000005     fault.o (.rodata.str1.1506612114648992996.1)
                  0000e3d5    00000005     oled_ui.o (.rodata.str1.15613891207764622616.1)
                  0000e3da    00000005     oled_ui.o (.rodata.str1.15802367878353263018.1)
                  0000e3df    00000005     car_controller.o (.rodata.str1.1652194605229746967.1)
                  0000e3e4    00000005     oled_ui.o (.rodata.str1.16635595130967924751.1)
                  0000e3e9    00000005     oled_ui.o (.rodata.str1.16895433903389883335.1)
                  0000e3ee    00000005     oled_ui.o (.rodata.str1.16931641404301806744.1)
                  0000e3f3    00000005     oled_ui.o (.rodata.str1.16939060351352778619.1)
                  0000e3f8    00000005     fault.o (.rodata.str1.17097894860660336008.1)
                  0000e3fd    00000005     fault.o (.rodata.str1.17155043670132108083.1)
                  0000e402    00000005     vision_tuning_console.o (.rodata.str1.17265544270347038021.1)
                  0000e407    00000005     oled_ui.o (.rodata.str1.17540787658903907660.1)
                  0000e40c    00000005     oled_ui.o (.rodata.str1.17763087492223448992.1)
                  0000e411    00000005     oled_ui.o (.rodata.str1.17881291656140238186.1)
                  0000e416    00000005     fault.o (.rodata.str1.2104670281202025270.1)
                  0000e41b    00000005     oled_ui.o (.rodata.str1.2308938766145545715.1)
                  0000e420    00000005     oled_ui.o (.rodata.str1.2603845803395459882.1)
                  0000e425    00000005     oled_ui.o (.rodata.str1.3467953211977455017.1)
                  0000e42a    00000005     oled_ui.o (.rodata.str1.3702290527496711532.1)
                  0000e42f    00000005     car_controller.o (.rodata.str1.4164979912472006574.1)
                  0000e434    00000005     fault.o (.rodata.str1.4453281041433270631.1)
                  0000e439    00000005     fault.o (.rodata.str1.4549004730087743662.1)
                  0000e43e    00000005     oled_ui.o (.rodata.str1.4551794666512319153.1)
                  0000e443    00000005     oled_ui.o (.rodata.str1.4581472623415959594.1)
                  0000e448    00000005     oled_ui.o (.rodata.str1.4582914374586912483.1)
                  0000e44d    00000005     oled_ui.o (.rodata.str1.4610220316623841660.1)
                  0000e452    00000005     oled_ui.o (.rodata.str1.4723632947289500520.1)
                  0000e457    00000005     menu.o (.rodata.str1.4862307748908978627.1)
                  0000e45c    00000005     oled_ui.o (.rodata.str1.6350830172869379626.1)
                  0000e461    00000005     fault.o (.rodata.str1.6372787129294360447.1)
                  0000e466    00000005     fault.o (.rodata.str1.6437946768974223044.1)
                  0000e46b    00000005     oled_ui.o (.rodata.str1.6744096065564390185.1)
                  0000e470    00000005     oled_ui.o (.rodata.str1.7185587941321649510.1)
                  0000e475    00000005     vision_yaw_tuning.o (.rodata.str1.7764041101441114269.1)
                  0000e47a    00000005     oled_ui.o (.rodata.str1.799718701096035713.1)
                  0000e47f    00000005     oled_ui.o (.rodata.str1.8018480777946742726.1)
                  0000e484    00000005     fault.o (.rodata.str1.8185770893384132067.1)
                  0000e489    00000005     oled_ui.o (.rodata.str1.8399051469953744892.1)
                  0000e48e    00000005     oled_ui.o (.rodata.str1.8426569189266129334.1)
                  0000e493    00000005     oled_ui.o (.rodata.str1.8460525935980491721.1)
                  0000e498    00000005     oled_ui.o (.rodata.str1.8693388333057100694.1)
                  0000e49d    00000005     oled_ui.o (.rodata.str1.8783421139296713095.1)
                  0000e4a2    00000005     oled_ui.o (.rodata.str1.9135818829835424837.1)
                  0000e4a7    00000005     oled_ui.o (.rodata.str1.9159586779647977165.1)
                  0000e4ac    00000005     car_controller.o (.rodata.str1.9234375891235759983.1)
                  0000e4b1    00000005     car_controller.o (.rodata.str1.9981487771679760427.1)
                  0000e4b6    00000004     oled_ui.o (.rodata.str1.1019225241002246410.1)
                  0000e4ba    00000004     oled_ui.o (.rodata.str1.10509309789429088155.1)
                  0000e4be    00000004     oled_ui.o (.rodata.str1.10568433575767188072.1)
                  0000e4c2    00000004     oled_ui.o (.rodata.str1.11149198520117834688.1)
                  0000e4c6    00000004     oled_ui.o (.rodata.str1.11388022865931857840.1)
                  0000e4ca    00000004     oled_ui.o (.rodata.str1.11428648044669318875.1)
                  0000e4ce    00000004     oled_ui.o (.rodata.str1.11614055506586029288.1)
                  0000e4d2    00000004     oled_ui.o (.rodata.str1.11627403558423016802.1)
                  0000e4d6    00000004     oled_ui.o (.rodata.str1.12043213579996415112.1)
                  0000e4da    00000004     menu.o (.rodata.str1.12110183915172842339.1)
                  0000e4de    00000004     car_controller.o (.rodata.str1.12442237994239546032.1)
                  0000e4e2    00000004     oled_ui.o (.rodata.str1.12571791089077708471.1)
                  0000e4e6    00000004     oled_ui.o (.rodata.str1.12595606217184830646.1)
                  0000e4ea    00000004     oled_ui.o (.rodata.str1.12697925274637991987.1)
                  0000e4ee    00000004     oled_ui.o (.rodata.str1.1276391367487699528.1)
                  0000e4f2    00000004     oled_ui.o (.rodata.str1.12928245060369742404.1)
                  0000e4f6    00000004     oled_ui.o (.rodata.str1.12983537867572525563.1)
                  0000e4fa    00000004     menu.o (.rodata.str1.13124720451672825294.1)
                  0000e4fe    00000004     oled_ui.o (.rodata.str1.13271657277589579873.1)
                  0000e502    00000004     fault.o (.rodata.str1.13582094816268305212.1)
                  0000e506    00000004     oled_ui.o (.rodata.str1.13871579367539052597.1)
                  0000e50a    00000004     vision_tuning_console.o (.rodata.str1.14084955404328172175.1)
                  0000e50e    00000004     menu.o (.rodata.str1.14098755746347272832.1)
                  0000e512    00000004     oled_ui.o (.rodata.str1.14132186318895045592.1)
                  0000e516    00000004     oled_ui.o (.rodata.str1.14265077442249237877.1)
                  0000e51a    00000004     oled_ui.o (.rodata.str1.14521350379984854626.1)
                  0000e51e    00000004     oled_ui.o (.rodata.str1.14556837007311414654.1)
                  0000e522    00000004     oled_ui.o (.rodata.str1.15008238333949226094.1)
                  0000e526    00000004     oled_ui.o (.rodata.str1.15132332204781002199.1)
                  0000e52a    00000004     oled_ui.o (.rodata.str1.15577080202403550426.1)
                  0000e52e    00000004     oled_ui.o (.rodata.str1.15817398807211891688.1)
                  0000e532    00000004     oled_ui.o (.rodata.str1.15829239520183577662.1)
                  0000e536    00000004     oled_ui.o (.rodata.str1.15859922799842739878.1)
                  0000e53a    00000004     oled_ui.o (.rodata.str1.15917848551323629232.1)
                  0000e53e    00000004     oled_ui.o (.rodata.str1.15935041339501476673.1)
                  0000e542    00000004     fault.o (.rodata.str1.16482347271627360806.1)
                  0000e546    00000004     oled_ui.o (.rodata.str1.16496169091617228061.1)
                  0000e54a    00000004     oled_ui.o (.rodata.str1.16526439943277383452.1)
                  0000e54e    00000004     oled_ui.o (.rodata.str1.16554583589798097927.1)
                  0000e552    00000004     vision_pitch_tuning.o (.rodata.str1.16579632732967443104.1)
                  0000e556    00000004     menu.o (.rodata.str1.17041139162815566052.1)
                  0000e55a    00000004     car_controller.o (.rodata.str1.17172356789460551389.1)
                  0000e55e    00000004     oled_ui.o (.rodata.str1.17274519358952562110.1)
                  0000e562    00000004     oled_ui.o (.rodata.str1.17436941090773226089.1)
                  0000e566    00000004     oled_ui.o (.rodata.str1.17464849429964608858.1)
                  0000e56a    00000004     oled_ui.o (.rodata.str1.17884296644359297425.1)
                  0000e56e    00000004     car_controller.o (.rodata.str1.18191498530309206443.1)
                  0000e572    00000004     oled_ui.o (.rodata.str1.2193316011307952170.1)
                  0000e576    00000004     oled_ui.o (.rodata.str1.2608729314174233125.1)
                  0000e57a    00000004     oled_ui.o (.rodata.str1.2656948373757303877.1)
                  0000e57e    00000004     oled_ui.o (.rodata.str1.270145429241168923.1)
                  0000e582    00000004     oled_ui.o (.rodata.str1.2983744876309220570.1)
                  0000e586    00000004     oled_ui.o (.rodata.str1.3455423528827705371.1)
                  0000e58a    00000004     oled_ui.o (.rodata.str1.4402311448527872260.1)
                  0000e58e    00000004     oled_ui.o (.rodata.str1.4581686099848791648.1)
                  0000e592    00000004     oled_ui.o (.rodata.str1.4691821198597473371.1)
                  0000e596    00000004     oled_ui.o (.rodata.str1.5004483696121082904.1)
                  0000e59a    00000004     menu.o (.rodata.str1.5155000645726596423.1)
                  0000e59e    00000004     oled_ui.o (.rodata.str1.5291836437463020264.1)
                  0000e5a2    00000004     oled_ui.o (.rodata.str1.5376340479846291137.1)
                  0000e5a6    00000004     oled_ui.o (.rodata.str1.5463568455719735.1)
                  0000e5aa    00000004     oled_ui.o (.rodata.str1.5853739094453432564.1)
                  0000e5ae    00000004     oled_ui.o (.rodata.str1.5965888106848176421.1)
                  0000e5b2    00000004     oled_ui.o (.rodata.str1.6806727740681590176.1)
                  0000e5b6    00000004     oled_ui.o (.rodata.str1.6954814719705590448.1)
                  0000e5ba    00000004     car_controller.o (.rodata.str1.702403006289709404.1)
                  0000e5be    00000004     oled_ui.o (.rodata.str1.7050595558965647569.1)
                  0000e5c2    00000004     oled_ui.o (.rodata.str1.7219546930854689545.1)
                  0000e5c6    00000004     fault.o (.rodata.str1.7255546073596598018.1)
                  0000e5ca    00000004     oled_ui.o (.rodata.str1.7481335054564682966.1)
                  0000e5ce    00000004     oled_ui.o (.rodata.str1.7774807581888385879.1)
                  0000e5d2    00000004     oled_ui.o (.rodata.str1.8124536758062367015.1)
                  0000e5d6    00000004     oled_ui.o (.rodata.str1.8236579331345056500.1)
                  0000e5da    00000004     oled_ui.o (.rodata.str1.8403269972884532600.1)
                  0000e5de    00000004     oled_ui.o (.rodata.str1.8449035241871861290.1)
                  0000e5e2    00000004     oled_ui.o (.rodata.str1.8709745090823444516.1)
                  0000e5e6    00000004     oled_ui.o (.rodata.str1.8950259614286592359.1)
                  0000e5ea    00000004     vision_tuning_console.o (.rodata.str1.9292707793305368794.1)
                  0000e5ee    00000004     oled_ui.o (.rodata.str1.9295666102996717355.1)
                  0000e5f2    00000004     oled_ui.o (.rodata.str1.9351772214919528733.1)
                  0000e5f6    00000004     vision_yaw_tuning.o (.rodata.str1.9489746196023004463.1)
                  0000e5fa    00000004     menu.o (.rodata.str1.9546740394641817443.1)
                  0000e5fe    00000004     oled_ui.o (.rodata.str1.9554470707595806150.1)
                  0000e602    00000004     oled_ui.o (.rodata.str1.9584387800903135389.1)
                  0000e606    00000004     oled_ui.o (.rodata.str1.9611283282870761829.1)
                  0000e60a    00000004     oled_ui.o (.rodata.str1.9646571805098343045.1)
                  0000e60e    00000004     oled_ui.o (.rodata.str1.967006512144173535.1)
                  0000e612    00000004     oled_ui.o (.rodata.str1.9854382722193312766.1)
                  0000e616    00000003     ti_msp_dl_config.o (.rodata.gPWM_MOTORClockConfig)
                  0000e619    00000003     oled_ui.o (.rodata.str1.10263419832828250601.1)
                  0000e61c    00000003     oled_ui.o (.rodata.str1.10430294223631918979.1)
                  0000e61f    00000003     vision_pitch_tuning.o (.rodata.str1.10553819018306626402.1)
                  0000e622    00000003     oled_ui.o (.rodata.str1.11178346780556493352.1)
                  0000e625    00000003     oled_ui.o (.rodata.str1.11794000050372113979.1)
                  0000e628    00000003     vision_tuning_console.o (.rodata.str1.12197883643583142124.1)
                  0000e62b    00000003     oled_ui.o (.rodata.str1.130772507669342127.1)
                  0000e62e    00000003     oled_ui.o (.rodata.str1.13567883086814673087.1)
                  0000e631    00000003     oled_ui.o (.rodata.str1.13875148296791986931.1)
                  0000e634    00000003     oled_ui.o (.rodata.str1.14711868471336838103.1)
                  0000e637    00000003     vision_pitch_tuning.o (.rodata.str1.15082469624955958926.1)
                  0000e63a    00000003     vision_yaw_tuning.o (.rodata.str1.15455206247194842411.1)
                  0000e63d    00000003     oled_ui.o (.rodata.str1.16290499236105125126.1)
                  0000e640    00000003     menu.o (.rodata.str1.16312125044762562515.1)
                  0000e643    00000003     vision_tuning_console.o (.rodata.str1.16336339630363933256.1)
                  0000e646    00000003     oled_ui.o (.rodata.str1.16849766574302683489.1)
                  0000e649    00000003     vision_pitch_tuning.o (.rodata.str1.17185918124541117546.1)
                  0000e64c    00000003     oled_ui.o (.rodata.str1.17812014771544466701.1)
                  0000e64f    00000003     oled_ui.o (.rodata.str1.182352409660151230.1)
                  0000e652    00000003     oled_ui.o (.rodata.str1.18266126048138325213.1)
                  0000e655    00000003     vision_pitch_tuning.o (.rodata.str1.18308346119964257230.1)
                  0000e658    00000003     oled_ui.o (.rodata.str1.18379317056176403938.1)
                  0000e65b    00000003     oled_ui.o (.rodata.str1.1974573040514735405.1)
                  0000e65e    00000003     vision_pitch_tuning.o (.rodata.str1.2353024170771920291.1)
                  0000e661    00000003     oled_ui.o (.rodata.str1.240075016795266086.1)
                  0000e664    00000003     oled_ui.o (.rodata.str1.2522137003438374266.1)
                  0000e667    00000003     oled_ui.o (.rodata.str1.2742282290834473644.1)
                  0000e66a    00000003     vision_yaw_tuning.o (.rodata.str1.4032468970572441659.1)
                  0000e66d    00000003     menu.o (.rodata.str1.4646809750356241979.1)
                  0000e670    00000003     oled_ui.o (.rodata.str1.4932371652560868037.1)
                  0000e673    00000003     oled_ui.o (.rodata.str1.5689016102676777062.1)
                  0000e676    00000003     oled_ui.o (.rodata.str1.58703915094955230.1)
                  0000e679    00000003     oled_ui.o (.rodata.str1.5965450730569173784.1)
                  0000e67c    00000003     vision_yaw_tuning.o (.rodata.str1.6393086909333857079.1)
                  0000e67f    00000003     vision_yaw_tuning.o (.rodata.str1.6657421771701333087.1)
                  0000e682    00000003     oled_ui.o (.rodata.str1.6835749436006845616.1)
                  0000e685    00000003     menu.o (.rodata.str1.6857549598058878762.1)
                  0000e688    00000003     oled_ui.o (.rodata.str1.7419768602719733415.1)
                  0000e68b    00000003     fault.o (.rodata.str1.8193046109637024842.1)
                  0000e68e    00000003     oled_ui.o (.rodata.str1.8471462185882660445.1)
                  0000e691    00000003     oled_ui.o (.rodata.str1.9229350655415085.1)
                  0000e694    00000003     oled_ui.o (.rodata.str1.9544068167406571052.1)
                  0000e697    00000003     oled_ui.o (.rodata.str1.9822857334037886482.1)
                  0000e69a    00000003     oled_ui.o (.rodata.str1.9992244628984851027.1)
                  0000e69d    00000002     oled_ui.o (.rodata.str1.10077435089618835710.1)
                  0000e69f    00000002     oled_ui.o (.rodata.str1.14774750633985060196.1)
                  0000e6a1    00000002     oled_ui.o (.rodata.str1.17242430504649735449.1)
                  0000e6a3    00000002     oled_ui.o (.rodata.str1.17717236995185551183.1)
                  0000e6a5    00000002     oled_ui.o (.rodata.str1.35417727660486075.1)
                  0000e6a7    00000001     --HOLE-- [fill = 0]

.init_array 
*          0    00000000    00000000     UNINITIALIZED

.binit     0    00000000    00000000     

.bss       0    20200000    00000b91     UNINITIALIZED
                  20200000    00000200     vision_receiver.o (.bss.g_ring)
                  20200200    00000100     vision_tuning_console.o (.bss.g_rxRing)
                  20200300    00000100     vision_tuning_console.o (.bss.g_txRing)
                  20200400    000000f0     runtime_snapshot.o (.bss.g_snapshot)
                  202004f0    000000a0     (.common:g_appConfig)
                  20200590    0000006c     motor_control.o (.bss.g_runtime)
                  202005fc    00000058     vision_receiver.o (.bss.g_status)
                  20200654    00000004     gimbal_tracker.o (.bss.g_filteredErrorX)
                  20200658    00000058     (.common:g_wheelSpeedEstimatorRuntime)
                  202006b0    00000048     gimbal_vision_adapter.o (.bss.g_feedback)
                  202006f8    00000040     gimbal.o (.bss.g_feedback)
                  20200738    00000040     vision_tuning_console.o (.bss.g_line)
                  20200778    00000040     gimbal.o (.bss.g_pitchFeedback)
                  202007b8    00000040     (.common:g_appRuntime)
                  202007f8    00000030     (.common:gUART_VISIONBackup)
                  20200828    0000002c     vision_receiver.o (.bss.g_observation)
                  20200854    0000002c     empty.o (.bss.g_schedulerStats)
                  20200880    00000028     gimbal_tracker.o (.bss.g_feedback)
                  202008a8    00000028     vision_receiver.o (.bss.g_frame)
                  202008d0    00000028     (.common:g_imuRuntime)
                  202008f8    00000024     gimbal_vision_yaw_tracker.o (.bss.g_feedback)
                  2020091c    00000020     mission_manager.o (.bss.g_missionRuntime)
                  2020093c    00000018     obstacle_avoidance.o (.bss.g_avoidFeedback)
                  20200954    00000004     gimbal_tracker.o (.bss.g_filteredErrorY)
                  20200958    00000018     gimbal_stepper.o (.bss.g_feedback)
                  20200970    00000018     gimbal_vision_pitch_tracker.o (.bss.g_feedback)
                  20200988    00000018     vision_pitch_tuning.o (.bss.g_status)
                  202009a0    00000018     vision_tuning_console.o (.bss.g_status)
                  202009b8    00000014     motion_action.o (.bss.g_motionActionRuntime)
                  202009cc    00000004     gimbal_vision_adapter.o (.bss.g_lastAcceptedFrameCount)
                  202009d0    00000014     vision_yaw_tuning.o (.bss.g_status)
                  202009e4    00000014     watchdog_monitor.o (.bss.g_status)
                  202009f8    00000014     (.common:g_headingRuntime)
                  20200a0c    00000010     fault.o (.bss.g_faultRecord)
                  20200a1c    00000010     motor.o (.bss.g_motorRuntime)
                  20200a2c    0000000e     car_controller.o (.bss.g_carControllerFeedback)
                  20200a3a    00000002     ultrasonic.o (.bss.g_echoTicks)
                  20200a3c    0000000e     ultrasonic.o (.bss.g_ultrasonicFeedback)
                  20200a4a    00000002     gimbal.o (.bss.g_pitchHalfPeriodTicks)
                  20200a4c    0000000c     gimbal_tracker.o (.bss.g_observation)
                  20200a58    0000000c     debug_telemetry.o (.bss.g_status)
                  20200a64    00000008     obstacle_monitor.o (.bss.g_obstacleFeedback)
                  20200a6c    00000004     debug_telemetry.o (.bss.g_lastFrameMs)
                  20200a70    00000008     gimbal.o (.bss.g_pitchContinuousDegX10)
                  20200a78    00000008     gimbal.o (.bss.g_pitchEstimatedSteps)
                  20200a80    00000008     gimbal.o (.bss.g_pitchTargetDegX10)
                  20200a88    00000008     gimbal.o (.bss.g_pitchTargetEstimatedSteps)
                  20200a90    00000008     gimbal_stepper.o (.bss.g_stepperEstimatedSteps)
                  20200a98    00000008     gimbal_stepper.o (.bss.g_stepperTargetEstimatedSteps)
                  20200aa0    00000008     gimbal.o (.bss.g_yawContinuousDegX10)
                  20200aa8    00000008     gimbal.o (.bss.g_yawLockedWorldYawDegX10)
                  20200ab0    00000008     gimbal.o (.bss.g_yawTargetContinuousDegX10)
                  20200ab8    00000008     gimbal.o (.bss.g_yawWorldTargetDegX10)
                  20200ac0    00000008     gimbal.o (.bss.g_yawWrappedDegX10)
                  20200ac8    00000006     ultrasonic.o (.bss.g_distanceSamples)
                  20200ace    00000006     key.o (.bss.g_key1)
                  20200ad4    00000006     key.o (.bss.g_key2)
                  20200ada    00000006     key.o (.bss.g_key3)
                  20200ae0    00000004     watchdog_monitor.o (.bss.g_lastTickMs)
                  20200ae4    00000004     wheel_speed_estimator.o (.bss.g_latchedErrorFlags)
                  20200ae8    00000004     empty.o (.bss.g_localTimeMs)
                  20200aec    00000004     motion_action.o (.bss.g_motionActionStartYawDeg)
                  20200af0    00000004     encoder.o (.bss.g_motorAPulses)
                  20200af4    00000004     encoder.o (.bss.g_motorBPulses)
                  20200af8    00000004     gimbal.o (.bss.g_pitchCommandedRpm)
                  20200afc    00000004     gimbal.o (.bss.g_pitchCompletedSteps)
                  20200b00    00000004     gimbal_tracker.o (.bss.g_pitchTargetDeg)
                  20200b04    00000004     gimbal.o (.bss.g_pitchTargetRpm)
                  20200b08    00000004     gimbal.o (.bss.g_pitchTrackingTargetRpm)
                  20200b0c    00000004     servo.o (.bss.g_servoFeedback)
                  20200b10    00000004     gimbal_vision_yaw_tracker.o (.bss.g_sessionId)
                  20200b14    00000004     gimbal_stepper.o (.bss.g_stepperCompletedSteps)
                  20200b18    00000004     gimbal_vision_yaw_tracker.o (.bss.g_targetWrappedDeg)
                  20200b1c    00000004     gimbal.o (.bss.g_yawCommandedRpm)
                  20200b20    00000004     gimbal.o (.bss.g_yawTargetRpm)
                  20200b24    00000004     gimbal_tracker.o (.bss.g_yawTargetWrappedDeg)
                  20200b28    00000004     empty.o (.bss.main.lastAppUpdateMs)
                  20200b2c    00000002     gimbal.o (.bss.g_pitchStepHalfPeriodTicks)
                  20200b2e    00000002     obstacle_avoidance.o (.bss.g_resumeGraceMs)
                  20200b30    00000002     vision_receiver.o (.bss.g_ringHead)
                  20200b32    00000002     vision_receiver.o (.bss.g_ringTail)
                  20200b34    00000002     vision_tuning_console.o (.bss.g_rxHead)
                  20200b36    00000002     vision_tuning_console.o (.bss.g_rxTail)
                  20200b38    00000002     servo.o (.bss.g_servoPwmPhase)
                  20200b3a    00000002     ultrasonic.o (.bss.g_stateTicks)
                  20200b3c    00000002     gimbal_stepper.o (.bss.g_stepperHalfPeriodTicks)
                  20200b3e    00000002     gimbal_stepper.o (.bss.g_stepperStepHalfPeriodTicks)
                  20200b40    00000002     vision_tuning_console.o (.bss.g_txHead)
                  20200b42    00000002     vision_tuning_console.o (.bss.g_txTail)
                  20200b44    00000002     menu.o (.bss.menu_handle_status_key.trackerSequence)
                  20200b46    00000002     (.common:g_trackError)
                  20200b48    00000001     oled_ui.o (.bss.OledUi_Update_20ms.refreshDivider)
                  20200b49    00000001     empty.o (.bss.SysTick_Handler.controlMsCount)
                  20200b4a    00000001     empty.o (.bss.SysTick_Handler.gimbalMsCount)
                  20200b4b    00000001     empty.o (.bss.SysTick_Handler.tick100usCount)
                  20200b4c    00000001     empty.o (.bss.SysTick_Handler.trackerMsCount)
                  20200b4d    00000001     ultrasonic.o (.bss.Ultrasonic_Update_20ms.triggerDivider)
                  20200b4e    00000001     empty.o (.bss.g_appUpdatePending)
                  20200b4f    00000001     vision_tuning_console.o (.bss.g_capturing)
                  20200b50    00000001     car_state.o (.bss.g_carState)
                  20200b51    00000001     obstacle_monitor.o (.bss.g_centerSettleTicks)
                  20200b52    00000001     vision_tuning_console.o (.bss.g_commandTarget)
                  20200b53    00000001     ultrasonic.o (.bss.g_distanceSampleCount)
                  20200b54    00000001     ultrasonic.o (.bss.g_distanceSampleIndex)
                  20200b55    00000001     emergency_stop.o (.bss.g_emergencyStopActive)
                  20200b56    00000001     gimbal_tracker.o (.bss.g_enabled)
                  20200b57    00000001     gimbal_vision_pitch_tracker.o (.bss.g_enabled)
                  20200b58    00000001     gimbal_vision_yaw_tracker.o (.bss.g_enabled)
                  20200b59    00000001     watchdog_monitor.o (.bss.g_faultApplied)
                  20200b5a    00000001     watchdog_monitor.o (.bss.g_faultPending)
                  20200b5b    00000001     gimbal_tracker.o (.bss.g_filterReady)
                  20200b5c    00000001     vision_receiver.o (.bss.g_frameSize)
                  20200b5d    00000001     empty.o (.bss.g_gimbalUpdatePending)
                  20200b5e    00000001     wheel_speed_estimator.o (.bss.g_leftFilterInitialized)
                  20200b5f    00000001     vision_tuning_console.o (.bss.g_lineSize)
                  20200b60    00000001     obstacle_safety.o (.bss.g_obstacleSafetyHolding)
                  20200b61    00000001     oled.o (.bss.g_oledColumn)
                  20200b62    00000001     menu.o (.bss.g_oledPage)
                  20200b63    00000001     encoder.o (.bss.g_overflowFlags)
                  20200b64    00000001     menu.o (.bss.g_paramItem)
                  20200b65    00000001     menu.o (.bss.g_paramReturnPage)
                  20200b66    00000001     key.o (.bss.g_pendingEvent)
                  20200b67    00000001     gimbal.o (.bss.g_pitchControlMode)
                  20200b68    00000001     gimbal.o (.bss.g_pitchDirection)
                  20200b69    00000001     gimbal.o (.bss.g_pitchInitialized)
                  20200b6a    00000001     gimbal.o (.bss.g_pitchLimitClamped)
                  20200b6b    00000001     gimbal.o (.bss.g_pitchLimitDirection)
                  20200b6c    00000001     gimbal.o (.bss.g_pitchPositionValid)
                  20200b6d    00000001     gimbal.o (.bss.g_pitchRunning)
                  20200b6e    00000001     gimbal.o (.bss.g_pitchStepHigh)
                  20200b6f    00000001     gimbal.o (.bss.g_pitchStopAfterStepLow)
                  20200b70    00000001     vision_tuning_console.o (.bss.g_prefixIndex)
                  20200b71    00000001     vision_tuning_console.o (.bss.g_prefixTarget)
                  20200b72    00000001     wheel_speed_estimator.o (.bss.g_rightFilterInitialized)
                  20200b73    00000001     car_controller.o (.bss.g_safetyHold)
                  20200b74    00000001     gimbal_vision_yaw_tracker.o (.bss.g_sessionInitialized)
                  20200b75    00000001     gimbal_tracker.o (.bss.g_simObservationUpdatesRemaining)
                  20200b76    00000001     obstacle_avoidance.o (.bss.g_stateStarted)
                  20200b77    00000001     gimbal_stepper.o (.bss.g_stepperDirection)
                  20200b78    00000001     gimbal_stepper.o (.bss.g_stepperRunning)
                  20200b79    00000001     gimbal_stepper.o (.bss.g_stepperStepHigh)
                  20200b7a    00000001     gimbal_stepper.o (.bss.g_stepperStopAfterStepLow)
                  20200b7b    00000001     motor_control.o (.bss.g_targetRefreshed)
                  20200b7c    00000001     gimbal_vision_yaw_tracker.o (.bss.g_targetSynced)
                  20200b7d    00000001     gimbal_tracker.o (.bss.g_targetValid)
                  20200b7e    00000001     gimbal_tracker.o (.bss.g_targetsSynced)
                  20200b7f    00000001     empty.o (.bss.g_trackerUpdatePending)
                  20200b80    00000001     gimbal_tracker.o (.bss.g_trackingActive)
                  20200b81    00000001     gimbal_vision_pitch_tracker.o (.bss.g_trackingActive)
                  20200b82    00000001     gimbal_vision_yaw_tracker.o (.bss.g_trackingActive)
                  20200b83    00000001     ultrasonic.o (.bss.g_triggerRequest)
                  20200b84    00000001     ultrasonic.o (.bss.g_ultrasonicState)
                  20200b85    00000001     gimbal.o (.bss.g_yawLimitClamped)
                  20200b86    00000001     gimbal.o (.bss.g_yawLimitDirection)
                  20200b87    00000001     gimbal.o (.bss.g_yawPositionValid)
                  20200b88    00000001     gimbal.o (.bss.g_yawWorldLockEnabled)
                  20200b89    00000001     (.common:g_carStateDebug)
                  20200b8a    00000001     (.common:g_keyEvent)
                  20200b8b    00000001     (.common:g_oledPageDebug)
                  20200b8c    00000001     (.common:g_paramItemDebug)
                  20200b8d    00000001     (.common:g_trackBlackCount)
                  20200b8e    00000001     (.common:g_trackModeDebug)
                  20200b8f    00000001     (.common:g_trackRaw)
                  20200b90    00000001     (.common:g_trackTurnDebug)

.data      0    20200b91    00000001     UNINITIALIZED
                  20200b91    00000001     car_controller.o (.data.g_followTurnPolicy)

.stack     0    20207e00    00000200     UNINITIALIZED
                  20207e00    00000004     libc.a : boot_cortex_m.c.obj (.stack)
                  20207e04    000001fc     --HOLE--

__llvm_prf_cnts 
*          0    20200000    00000000     UNINITIALIZED

__llvm_prf_bits 
*          0    20200000    00000000     UNINITIALIZED

MODULE SUMMARY

       Module                          code    ro data   rw data
       ------                          ----    -------   -------
    .\
       vision_tuning_console.o         9616    102       613    
       oled_ui.o                       7280    931       1      
       gimbal.o                        7528    0         241    
       imu.o                           3304    0         40     
       oled.o                          2304    401       1      
       gimbal_tracker.o                2576    0         74     
       motor_control.o                 2476    0         109    
       gimbal_vision_yaw_tracker.o     2124    0         48     
       vision_receiver.o               1112    0         689    
       gimbal_stepper.o                1412    0         52     
       menu.o                          1300    86        5      
       wheel_speed_estimator.o         1276    0         94     
       app_config.o                    1012    0         160    
       mission_manager.o               988     0         32     
       gimbal_vision_pitch_tracker.o   864     0         26     
       runtime_snapshot.o              568     0         240    
       motor.o                         776     0         16     
       mission_library.o               218     534       0      
       empty.o                         676     0         59     
       vision_protocol.o               732     0         0      
       ti_msp_dl_config.o              636     23        48     
       ultrasonic.o                    596     0         29     
       car_controller.o                452     64        80     
       key.o                           436     0         19     
       app.o                           442     0         10     
       fault.o                         296     65        16     
       vision_pitch_tuning.o           268     48        24     
       watchdog_monitor.o              292     0         26     
       vision_yaw_tuning.o             248     41        20     
       gimbal_vision_adapter.o         228     0         76     
       encoder.o                       276     0         9      
       obstacle_safety.o               264     0         1      
       obstacle_monitor.o              192     0         9      
       startup_mspm0g350x_ticlang.o    6       192       0      
       servo.o                         176     0         6      
       emergency_stop.o                176     0         1      
       vision_uart.o                   164     0         0      
       track_sensor.o                  142     0         0      
       obstacle_avoidance.o            88      0         27     
       motion_action.o                 64      0         24     
       debug_telemetry.o               56      0         16     
       heading_control.o               48      0         20     
       car_state.o                     36      0         1      
    +--+-------------------------------+-------+---------+---------+
       Total:                          53724   2487      2962   
                                                                
    C:/TI/mspm0_sdk_2_05_01_00/source/ti/driverlib/lib/ticlang/m0p/mspm0g1x0x_g3x0x/driverlib.a
       dl_timer.o                      388     0         0      
       dl_uart.o                       90      0         0      
       dl_common.o                     10      0         0      
    +--+-------------------------------+-------+---------+---------+
       Total:                          488     0         0      
                                                                
    D:\TI\CCS\ccs\tools\compiler\ti-cgt-armllvm_4.0.4.LTS\lib\armv6m-ti-none-eabi/c/libc.a
       memcpy16.S.obj                  154     0         0      
       strcmp-armv6m.S.obj             136     0         0      
       copy_decompress_lzss.c.obj      124     0         0      
       memset16.S.obj                  98      0         0      
       autoinit.c.obj                  60      0         0      
       boot_cortex_m.c.obj             40      0         0      
       memmov.c.obj                    40      0         0      
       copy_decompress_none.c.obj      18      0         0      
       copy_zero_init.c.obj            16      0         0      
       exit.c.obj                      6       0         0      
       pre_init.c.obj                  4       0         0      
    +--+-------------------------------+-------+---------+---------+
       Total:                          696     0         0      
                                                                
    D:\TI\CCS\ccs\tools\compiler\ti-cgt-armllvm_4.0.4.LTS\lib\armv6m-ti-none-eabi/c/libsysbm.a
       hostexit.c.obj                  4       0         0      
    +--+-------------------------------+-------+---------+---------+
       Total:                          4       0         0      
                                                                
    D:\TI\CCS\ccs\tools\compiler\ti-cgt-armllvm_4.0.4.LTS\lib\armv6m-ti-none-eabi/libclang_rt.builtins.a
       addsf3.S.obj                    216     0         0      
       udivmoddi4.S.obj                162     0         0      
       comparesf2.S.obj                140     0         0      
       mulsf3.S.obj                    140     0         0      
       divsf3.S.obj                    130     0         0      
       aeabi_fcmp.S.obj                98      0         0      
       fixsfdi.S.obj                   96      0         0      
       aeabi_idivmod.S.obj             86      0         0      
       floatdisf.S.obj                 78      0         0      
       aeabi_uidivmod.S.obj            64      0         0      
       divmoddi4.c.obj                 62      0         0      
       floatsisf.S.obj                 60      0         0      
       muldsi3.S.obj                   58      0         0      
       fixsfsi.S.obj                   56      0         0      
       floatunsisf.S.obj               40      0         0      
       muldi3.S.obj                    36      0         0      
       ashldi3.S.obj                   30      0         0      
       aeabi_ldivmod.S.obj             20      0         0      
       aeabi_uldivmod.S.obj            20      0         0      
       aeabi_memset.S.obj              12      0         0      
       aeabi_memcpy.S.obj              8       0         0      
       aeabi_memmove.S.obj             8       0         0      
       aeabi_div0.c.obj                4       0         0      
    +--+-------------------------------+-------+---------+---------+
       Total:                          1624    0         0      
                                                                
       Stack:                          0       0         512    
       Linker Generated:               0       41        0      
    +--+-------------------------------+-------+---------+---------+
       Grand Total:                    56536   2528      3474   


LINKER GENERATED COPY TABLES

__TI_cinit_table @ 0000e6c4 records: 2, size/record: 8, table size: 16
	.bss: load addr=0000e6b4, load size=00000008 bytes, run addr=20200000, run size=00000b91 bytes, compression=zero_init
	.data: load addr=0000e6bc, load size=00000005 bytes, run addr=20200b91, run size=00000001 bytes, compression=lzss


LINKER GENERATED HANDLER TABLE

__TI_handler_table @ 0000e6a8 records: 3, size/record: 4, table size: 12
	index: 0, handler: __TI_decompress_lzss
	index: 1, handler: __TI_decompress_none
	index: 2, handler: __TI_zero_init


GLOBAL SYMBOLS: SORTED ALPHABETICALLY BY Name 

address   name                                      
-------   ----                                      
0000b483  ADC0_IRQHandler                           
0000b483  ADC1_IRQHandler                           
0000b483  AES_IRQHandler                            
000099b5  AppConfig_InitDefault                     
00005cc1  AppConfig_LimitAll                        
0000bd35  App_Init                                  
00009749  App_Update_20ms                           
0000dd9e  C$$EXIT                                   
0000b483  CANFD0_IRQHandler                         
0000dba9  CarController_GetRunMode                  
0000be3d  CarController_Init                        
0000dbb5  CarController_IsSafetyHoldActive          
0000bebd  CarController_ResetRuntime                
0000d985  CarController_RunModeToString             
0000c1ad  CarController_SetSafetyHold               
0000d751  CarController_Stop                        
0000dbc1  CarState_Get                              
0000dbcd  CarState_Init                             
0000dbd9  CarState_Set                              
0000b483  DAC0_IRQHandler                           
0000dcc9  DL_Common_delayCycles                     
00009f81  DL_Timer_initFourCCPWMMode                
0000d771  DL_Timer_overrideCCPOut                   
0000d851  DL_Timer_setCaptCompUpdateMethod          
0000d99d  DL_Timer_setCaptureCompareOutCtl          
0000db59  DL_Timer_setCaptureCompareValue           
0000d86d  DL_Timer_setClockConfig                   
0000cc85  DL_UART_init                              
0000db35  DL_UART_setClockConfig                    
0000b483  DMA_IRQHandler                            
0000d9b5  DebugTelemetry_Init                       
0000d791  DebugTelemetry_Update                     
0000b483  Default_Handler                           
0000d631  EmergencyStop_Enforce                     
0000dbe5  EmergencyStop_Init                        
0000dbf1  EmergencyStop_IsActive                    
0000cd9d  EmergencyStop_Reset                       
0000d1ad  EmergencyStop_Trigger                     
0000cd15  Encoder_GetAndClearPulseDeltas            
0000b52d  Encoder_HandleGpioInterrupt               
0000d495  Encoder_Reset                             
0000af81  FaultCode_ToShortString                   
0000da45  Fault_Clear                               
0000bb19  Fault_GetRecord                           
0000da59  Fault_Init                                
0000d2e5  Fault_Raise                               
0000b483  GROUP0_IRQHandler                         
0000da6d  GROUP1_IRQHandler                         
0000bba9  GimbalStepper_ConfirmZero                 
0000dcf1  GimbalStepper_GetFeedback                 
0000b279  GimbalStepper_Init                        
00008ac1  GimbalStepper_MoveToEstimatedSteps        
0000c221  GimbalStepper_Release                     
0000da81  GimbalStepper_SetStepHalfPeriodTicks      
0000b111  GimbalStepper_StopHold                    
[...]
20200b8c  g_paramItemDebug                          
20200b8d  g_trackBlackCount                         
20200b46  g_trackError                              
20200b8e  g_trackModeDebug                          
20200b8f  g_trackRaw                                
20200b90  g_trackTurnDebug                          
20200658  g_wheelSpeedEstimatorRuntime              
00000000  interruptVectors                          
00009095  main                                      
0000b7b5  memcpy                                    
0000d5e1  memmove                                   
0000c657  memset                                    
0000bb21  strcmp                                    


GLOBAL SYMBOLS: SORTED BY Symbol Address 

address   name                                      
-------   ----                                      
00000000  __TI_ATRegion0_region_sz                  
00000000  __TI_ATRegion0_src_addr                   
00000000  __TI_ATRegion0_trg_addr                   
00000000  __TI_ATRegion1_region_sz                  
00000000  __TI_ATRegion1_src_addr                   
00000000  __TI_ATRegion1_trg_addr                   
00000000  __TI_ATRegion2_region_sz                  
00000000  __TI_ATRegion2_src_addr                   
00000000  __TI_ATRegion2_trg_addr                   
00000000  __TI_static_base__                        
00000000  interruptVectors                          
000000c1  VisionTuningConsole_Process               
00000200  __STACK_SIZE                              
00001e95  OledUi_Update_20ms                        
00003a1d  GimbalTracker_Update                      
00003e99  WheelSpeedEstimator_Update                
000042b5  VisionReceiver_Process                    
00004665  GimbalVisionYawTracker_Update10ms         
000049ed  Menu_HandleKeyEvent                       
000059e9  Imu_Init                                  
00005cc1  AppConfig_LimitAll                        
0000622d  Gimbal_YawSetWrappedTargetDeg             
000064c5  Gimbal_YawUpdate5ms                       
00006759  Gimbal_PitchSetTrackingSpeedDegS          
000069e9  MotorControl_Update                       
00006ec5  OLED_Clear                                
00007351  GimbalVisionPitchTracker_Update10ms       
00007579  RuntimeSnapshot_Update                    
00007799  Imu_CalibrateGyroBias                     
000079ad  Motor_SetSpeed                            
00007bb1  VisionProtocol_ParseV1TargetFrame         
00007f71  Gimbal_PitchUpdate5ms                     
000082e5  MotorControl_SetSpeedTargetCmps           
00008485  Ultrasonic_Tick100us                      
00008625  GimbalStepper_Tick100us                   
000087b9  GimbalVisionYawTracker_Enable             
00008941  Gimbal_PitchTick100us                     
00008ac1  GimbalStepper_MoveToEstimatedSteps        
00008db5  Key_Update_20ms                           
00008f29  Gimbal_Init                               
00009095  main                                      
0000960d  OLED_PrintInt16                           
00009749  App_Update_20ms                           
00009881  Imu_Update                                
000099b5  AppConfig_InitDefault                     
00009c11  Gimbal_YawEnableWorldLock                 
00009f81  DL_Timer_initFourCCPWMMode                
0000a085  Gimbal_PitchRelease                       
0000a181  SysTick_Handler                           
0000a27d  Gimbal_PitchStopHold                      
0000a36d  MissionManager_SelectNext                 
0000a631  ObstacleSafety_Update_20ms                
0000a711  Gimbal_PitchConfirmZero                   
0000a7ed  SYSCFG_DL_GPIO_init                       
0000a9a5  MissionManager_SelectPrevious             
0000aa7d  OLED_PrintUInt16                          
0000ab55  WheelSpeedEstimator_Init                  
0000ad05  __aeabi_fsub                              
0000ad05  __subsf3                                  
0000ad0f  __addsf3                                  
0000ad0f  __aeabi_fadd                              
0000addd  OLED_Init                                 
0000aeb1  OLED_PrintChar                            
0000af81  FaultCode_ToShortString                   
0000b049  Gimbal_YawConfirmZero                     
0000b111  GimbalStepper_StopHold                    
0000b1c5  GimbalVisionAdapter_Update                
0000b279  GimbalStepper_Init                        
0000b329  Gimbal_PitchMoveRelativeDeg               
0000b3d9  MissionLibrary_Validate                   
0000b483  ADC0_IRQHandler                           
0000b483  ADC1_IRQHandler                           
0000b483  AES_IRQHandler                            
0000b483  CANFD0_IRQHandler                         
0000b483  DAC0_IRQHandler                           
0000b483  DMA_IRQHandler                            
0000b483  Default_Handler                           
0000b483  GROUP0_IRQHandler                         
0000b483  HardFault_Handler                         
0000b483  I2C0_IRQHandler                           
0000b483  I2C1_IRQHandler                           
0000b483  NMI_Handler                               
0000b483  PendSV_Handler                            
0000b483  RTC_IRQHandler                            
0000b483  SPI0_IRQHandler                           
0000b483  SPI1_IRQHandler                           
0000b483  SVC_Handler                               
0000b483  TIMA0_IRQHandler                          
0000b483  TIMA1_IRQHandler                          
0000b483  TIMG0_IRQHandler                          
0000b483  TIMG12_IRQHandler                         
0000b483  TIMG6_IRQHandler                          
0000b483  TIMG7_IRQHandler                          
0000b483  TIMG8_IRQHandler                          
0000b483  UART0_IRQHandler                          
0000b483  UART1_IRQHandler                          
0000b483  UART2_IRQHandler                          
0000b485  GimbalVisionPitchTracker_Enable           
0000b52d  Encoder_HandleGpioInterrupt               
0000b675  __udivmoddi4                              
0000b717  TrackSensor_Init                          
0000b719  ObstacleMonitor_Update_20ms               
0000b7b5  memcpy                                    
0000b84f  __aeabi_idiv0                             
0000b8e9  Gimbal_YawDisableWorldLock                
0000b975  Gimbal_YawStopHold                        
0000ba01  SYSCFG_DL_PWM_MOTOR_init                  
0000ba8d  __aeabi_fmul                              
0000ba8d  __mulsf3                                  
0000bb19  Fault_GetRecord                           
0000bb21  strcmp                                    
0000bba9  GimbalStepper_ConfirmZero                 
0000bc2d  GimbalTracker_PushObservation             
0000bcb1  Motor_Init                                
0000bd35  App_Init                                  
0000bdb7  __aeabi_ldiv0                             
0000bdb9  __aeabi_fdiv                              
0000bdb9  __divsf3                                  
0000be3d  CarController_Init                        
0000bebd  CarController_ResetRuntime                
0000bf3d  GimbalTracker_Init                        
0000bfbd  Motor_Stop                                
0000c03d  VisionPitchTuning_Set                     
0000c0b9  __TI_decompress_lzss                      
0000c1ad  CarController_SetSafetyHold               
0000c221  GimbalStepper_Release                     
0000c291  Menu_GetParamValue                        
0000c301  SYSCFG_DL_UART_VISION_init                
0000c371  VisionYawTuning_Set                       
0000c3e1  TrackSensor_DetectTurn                    
0000c451  GimbalVisionYawTracker_Init               
0000c529  MissionManager_GetSelectedMissionIndex    
0000c591  Gimbal_YawRelease                         
0000c5f5  __aeabi_fcmpeq                            
0000c609  __aeabi_fcmplt                            
0000c61d  __aeabi_fcmple                            
0000c631  __aeabi_fcmpge                            
0000c645  __aeabi_fcmpgt                            
0000c657  memset                                    
0000c6b9  GimbalTracker_Enable                      
0000c719  GimbalTracker_GetFeedback                 
0000c779  VisionTuningConsole_Init                  
0000c7d9  __aeabi_f2lz                              
0000c7d9  __fixsfdi                                 
0000c839  OLED_PrintBinary7                         
0000c899  UART3_IRQHandler                          
0000c8f5  Ultrasonic_Update_20ms                    
0000c951  Gimbal_YawMoveRelativeDeg                 
0000c9a9  __aeabi_idiv                              
0000c9a9  __aeabi_idivmod                           
0000caa9  MissionManager_Start                      
0000caf9  MotorControl_Stop                         
0000cb49  Ultrasonic_Init                           
0000cb99  WatchdogMonitor_ApplyFaultIfNeeded        
0000cbe9  __aeabi_l2f                               
0000cbe9  __floatdisf                               
0000cc39  WatchdogMonitor_Tick1msFromIsr            
0000cc85  DL_UART_init                              
0000cccd  MissionManager_Init                       
0000cd15  Encoder_GetAndClearPulseDeltas            
0000cd59  Servo_Tick100us                           
0000cd9d  EmergencyStop_Reset                       
0000cddd  GimbalVisionPitchTracker_Init             
0000ce1d  SYSCFG_DL_SYSCTL_init                     
0000ce5d  SYSCFG_DL_initPower                       
0000ce9d  VisionReceiver_PushByteFromIsr            
0000cedd  __aeabi_uidiv                             
0000cedd  __aeabi_uidivmod                          
0000cf1d  __divmoddi4                               
0000cf5d  GimbalTracker_ClearObservation            
0000cf99  Servo_SetAngleDeg                         
0000cfd5  VisionTuningConsole_PushByteFromIsr       
0000d011  __aeabi_i2f                               
0000d011  __floatsisf                               
0000d04d  __gesf2                                   
0000d04d  __gtsf2                                   
0000d089  __TI_auto_init_nobinit_nopinit            
0000d0c5  __cmpsf2                                  
0000d0c5  __eqsf2                                   
0000d0c5  __lesf2                                   
0000d0c5  __ltsf2                                   
0000d0c5  __nesf2                                   
0000d101  __muldsi3                                 
0000d13d  VisionReceiver_Init                       
0000d175  __aeabi_f2iz                              
0000d175  __fixsfsi                                 
0000d1ad  EmergencyStop_Trigger                     
0000d1e1  MissionManager_Cancel                     
0000d215  OLED_SetCursor                            
0000d249  VisionTuningConsole_TryPopTxByte          
0000d27d  VisionUart_Process                        
0000d2b1  OLED_PrintString                          
0000d2e5  Fault_Raise                               
0000d315  GimbalVisionYawTracker_GetFeedback        
0000d345  Gimbal_PitchGetFeedback                   
0000d375  Key_Init                                  
0000d3a5  MissionManager_Reset                      
0000d3d5  MissionManager_Resume                     
0000d405  VisionPitchTuning_RestoreDefault          
0000d435  WatchdogMonitor_Init                      
0000d495  Encoder_Reset                             
0000d4c1  VisionYawTuning_RestoreDefault            
0000d519  ObstacleAvoidance_Init                    
0000d541  Servo_Init                                
0000d569  VisionPitchTuning_Init                    
0000d591  WatchdogMonitor_Reset                     
0000d5b9  __aeabi_ui2f                              
0000d5b9  __floatunsisf                             
0000d5e1  memmove                                   
0000d609  _c_int00_noargs                           
0000d631  EmergencyStop_Enforce                     
0000d655  GimbalVisionPitchTracker_GetFeedback      
0000d679  MissionManager_ReportExternalFailure      
0000d69d  MotorControl_Init                         
0000d6c1  MotorControl_Reset                        
0000d6e5  SYSCFG_DL_init                            
0000d709  VisionYawTuning_Init                      
0000d72d  __aeabi_lmul                              
0000d72d  __muldi3                                  
0000d751  CarController_Stop                        
0000d771  DL_Timer_overrideCCPOut                   
0000d791  DebugTelemetry_Update                     
0000d7b1  MissionManager_Pause                      
0000d7d1  MotionAction_Init                         
0000d7f1  SchedulerMonitor_GetStats                 
0000d811  VisionReceiver_GetProtocolErrorCount      
0000d831  __aeabi_llsl                              
0000d831  __ashldi3                                 
0000d851  DL_Timer_setCaptCompUpdateMethod          
0000d86d  DL_Timer_setClockConfig                   
0000d889  GimbalVisionAdapter_Init                  
0000d8a5  Imu_IsReady                               
0000d8c1  Menu_Init                                 
0000d8dd  ObstacleMonitor_Init                      
0000d8f9  ObstacleSafety_Init                       
0000d915  VisionPitchTuning_ParamName               
0000d931  VisionYawTuning_GetSnapshot               
0000d94d  VisionYawTuning_ParamName                 
0000d969  WatchdogMonitor_NotifyControlCycleComplete
0000d985  CarController_RunModeToString             
0000d99d  DL_Timer_setCaptureCompareOutCtl          
0000d9b5  DebugTelemetry_Init                       
0000d9cd  Menu_ParamItemToString                    
0000d9e5  MissionLibrary_FindById                   
0000d9fd  MotionAction_Cancel                       
0000da15  RuntimeSnapshot_Init                      
0000da2d  __aeabi_fcmpun                            
0000da2d  __unordsf2                                
0000da45  Fault_Clear                               
0000da59  Fault_Init                                
0000da6d  GROUP1_IRQHandler                         
0000da81  GimbalStepper_SetStepHalfPeriodTicks      
0000da95  HeadingControl_Init                       
0000daa9  HeadingControl_Reset                      
0000dabd  MissionLibrary_GetByIndex                 
0000dad1  MissionManager_GetSelectedMissionId       
0000dae5  VisionPitchTuning_GetSnapshot             
0000daf9  VisionUart_Init                           
0000db0d  __aeabi_ldivmod                           
0000db21  __aeabi_uldivmod                          
0000db35  DL_UART_setClockConfig                    
0000db47  __TI_decompress_none                      
0000db59  DL_Timer_setCaptureCompareValue           
0000db69  Gimbal_YawGetFeedback                     
0000db79  Key_GetEvent                              
0000db89  ObstacleAvoidance_IsResumeGraceActive     
0000db99  __TI_zero_init                            
0000dba9  CarController_GetRunMode                  
0000dbb5  CarController_IsSafetyHoldActive          
0000dbc1  CarState_Get                              
0000dbcd  CarState_Init                             
0000dbd9  CarState_Set                              
0000dbe5  EmergencyStop_Init                        
0000dbf1  EmergencyStop_IsActive                    
0000dbfd  GimbalVisionAdapter_GetObservation        
0000dc09  Gimbal_Tick100us                          
0000dc15  Gimbal_Update5ms                          
0000dc21  Imu_GetCorrectedGyroZDps                  
0000dc2d  Imu_GetYaw                                
0000dc39  Imu_ResetYaw                              
0000dc45  Menu_GetPage                              
0000dc51  Menu_GetParamItem                         
0000dc5d  MissionManager_IsExternallyHeld           
0000dc69  MissionManager_SetExternalHold            
0000dc75  ObstacleAvoidance_IsActive                
0000dc81  ObstacleAvoidance_IsFailed                
0000dc8d  ObstacleSafety_IsHolding                  
0000dc99  OledUi_Init                               
0000dca5  SystemTime_GetMs                          
0000dcb1  WatchdogMonitor_HasTripped                
0000dcbd  __aeabi_memclr                            
0000dcbd  __aeabi_memclr4                           
0000dcbd  __aeabi_memclr8                           
0000dcc9  DL_Common_delayCycles                     
0000dcd3  TrackSensor_IsCenterDetected              
0000dcdd  TrackSensor_IsLineDetected                
0000dce7  TrackSensor_IsLineLost                    
0000dcf1  GimbalStepper_GetFeedback                 
0000dcf9  GimbalVisionAdapter_GetFeedback           
0000dd01  Gimbal_PitchStopTrackingHold              
0000dd09  HeadingControl_GetRuntime                 
0000dd11  Imu_GetRuntime                            
0000dd19  MissionManager_GetMissionCount            
0000dd21  MissionManager_GetRuntime                 
0000dd29  MotionAction_GetRuntime                   
0000dd31  MotorControl_GetRuntime                   
0000dd39  ObstacleAvoidance_GetFeedback             
0000dd41  ObstacleMonitor_GetFeedback               
0000dd49  Servo_GetFeedback                         
0000dd51  Ultrasonic_GetFeedback                    
0000dd59  VisionPitchTuning_GetStatus               
0000dd61  VisionReceiver_GetObservation             
0000dd69  VisionReceiver_GetStatus                  
0000dd71  VisionTuningConsole_GetStatus             
0000dd79  WatchdogMonitor_GetStatus                 
0000dd81  WheelSpeedEstimator_GetRuntime            
0000dd89  __aeabi_memcpy                            
0000dd89  __aeabi_memcpy4                           
0000dd89  __aeabi_memcpy8                           
0000dd91  __aeabi_memmove                           
0000dd91  __aeabi_memmove4                          
0000dd91  __aeabi_memmove8                          
0000dd99  abort                                     
0000dd9e  C$$EXIT                                   
0000dd9f  HOSTexit                                  
0000dda3  MissionLibrary_GetCount                   
0000dda7  Reset_Handler                             
0000ddab  _system_pre_init                          
0000e6a8  __TI_Handler_Table_Base                   
0000e6b4  __TI_Handler_Table_Limit                  
0000e6c4  __TI_CINIT_Base                           
0000e6d4  __TI_CINIT_Limit                          
0000e6d4  __TI_CINIT_Warm                           
20200000  __start___llvm_prf_bits                   
20200000  __start___llvm_prf_cnts                   
20200000  __stop___llvm_prf_bits                    
20200000  __stop___llvm_prf_cnts                    
202004f0  g_appConfig                               
20200658  g_wheelSpeedEstimatorRuntime              
202007b8  g_appRuntime                              
202007f8  gUART_VISIONBackup                        
202008d0  g_imuRuntime                              
202009f8  g_headingRuntime                          
20200b46  g_trackError                              
20200b89  g_carStateDebug                           
20200b8a  g_keyEvent                                
20200b8b  g_oledPageDebug                           
20200b8c  g_paramItemDebug                          
20200b8d  g_trackBlackCount                         
20200b8e  g_trackModeDebug                          
20200b8f  g_trackRaw                                
20200b90  g_trackTurnDebug                          
20207e00  __stack                                   
20208000  __STACK_END                               
ffffffff  __TI_pprof_out_hndl                       
ffffffff  __TI_prof_data_size                       
ffffffff  __TI_prof_data_start                      
ffffffff  __binit__                                 
ffffffff  binit                                     
UNDEFED   __mpu_init                                
UNDEFED   _system_post_cinit                        

[361 symbols]
