******************************************************************************
            TI ARM Clang Linker PC v4.0.4                      
******************************************************************************
>> Linked Fri Jul 10 22:51:21 2026

OUTPUT FILE NAME:   <diansaikaishi.out>
ENTRY POINT SYMBOL: "_c_int00_noargs"  address: 000027d5


MEMORY CONFIGURATION

         name            origin    length      used     unused   attr    fill
----------------------  --------  ---------  --------  --------  ----  --------
  FLASH                 00000000   00020000  00002c50  0001d3b0  R  X
  SRAM                  20200000   00008000  000002a8  00007d58  RW X
  BCR_CONFIG            41c00000   000000ff  00000000  000000ff  R   
  BSL_CONFIG            41c00100   00000080  00000000  00000080  R   


SEGMENT ALLOCATION MAP

run origin  load origin   length   init length attrs members
----------  ----------- ---------- ----------- ----- -------
00000000    00000000    00002c50   00002c50    r-x
  00000000    00000000    000000c0   000000c0    r-- .intvecs
  000000c0    000000c0    00002900   00002900    r-x .text
  000029c0    000029c0    00000278   00000278    r-- .rodata
  00002c38    00002c38    00000018   00000018    r-- .cinit
20200000    20200000    000000a8   00000000    rw-
  20200000    20200000    000000a8   00000000    rw- .bss
20207e00    20207e00    00000200   00000000    rw-
  20207e00    20207e00    00000200   00000000    rw- .stack


SECTION ALLOCATION MAP

 output                                  attributes/
section   page    origin      length       input sections
--------  ----  ----------  ----------   ----------------
.intvecs   0    00000000    000000c0     
                  00000000    000000c0     startup_mspm0g350x_ticlang.o (.intvecs)

.text      0    000000c0    00002900     
                  000000c0    00000328     oled_ui.o (.text.OledUi_Update_20ms)
                  000003e8    000002e8     imu.o (.text.mpu6050_read_regs)
                  000006d0    000002b0     car_controller.o (.text.CarController_Update_20ms)
                  00000980    00000254     oled.o (.text.OLED_Clear)
                  00000bd4    000001cc     imu.o (.text.imu_i2c_write_byte)
                  00000da0    000001b8     oled.o (.text.oled_i2c_write_byte)
                  00000f58    0000019c     imu.o (.text.Imu_Init)
                  000010f4    00000198     menu.o (.text.Menu_HandleKeyEvent)
                  0000128c    00000174     key.o (.text.Key_Update_20ms)
                  00001400    00000168     app_config.o (.text.AppConfig_LimitAll)
                  00001568    0000013c     oled.o (.text.OLED_PrintInt16)
                  000016a4    0000012c     imu.o (.text.Imu_Update)
                  000017d0    000000d8     libclang_rt.builtins.a : addsf3.S.obj (.text)
                  000018a8    000000d4     oled.o (.text.OLED_Init)
                  0000197c    000000d0     oled.o (.text.OLED_PrintChar)
                  00001a4c    000000bc     imu.o (.text.Imu_CalibrateGyroBias)
                  00001b08    000000b0     motor.o (.text.Motor_SetSpeed)
                  00001bb8    000000a8     ti_msp_dl_config.o (.text.SYSCFG_DL_GPIO_init)
                  00001c60    000000a4     app.o (.text.App_Update_20ms)
                  00001d04    000000a2     libclang_rt.builtins.a : udivmoddi4.S.obj (.text)
                  00001da6    00000002     startup_mspm0g350x_ticlang.o (.text.Default_Handler)
                  00001da8    00000098     imu.o (.text.mpu6050_write_reg)
                  00001e40    0000008c     libclang_rt.builtins.a : mulsf3.S.obj (.text.__mulsf3)
                  00001ecc    00000082                            : divsf3.S.obj (.text.__divsf3)
                  00001f4e    00000002     track_sensor.o (.text.TrackSensor_Init)
                  00001f50    00000078     app_config.o (.text.AppConfig_InitDefault)
                  00001fc8    00000078     oled.o (.text.oled_write_command)
                  00002040    0000006c     encoder.o (.text.Encoder_HandleGpioInterrupt)
                  000020ac    0000006c     empty.o (.text.main)
                  00002118    00000066     track_sensor.o (.text.TrackSensor_GetErrorFromRaw)
                  0000217e    00000002     libclang_rt.builtins.a : aeabi_div0.c.obj (.text.__aeabi_idiv0)
                  00002180    00000062                            : aeabi_fcmp.S.obj (.text.__aeabi_fcmp)
                  000021e2    0000005e     oled.o (.text.OLED_PrintBinary7)
                  00002240    00000058     menu.o (.text.Menu_GetParamValue)
                  00002298    00000056     libclang_rt.builtins.a : aeabi_idivmod.S.obj (.text.__aeabi_idivmod)
                  000022ee    00000002                            : aeabi_div0.c.obj (.text.__aeabi_ldiv0)
                  000022f0    00000054     track_sensor.o (.text.TrackSensor_ReadRaw)
                  00002344    00000050     motor.o (.text.Motor_PwmTick100us)
                  00002394    00000040     ti_msp_dl_config.o (.text.SYSCFG_DL_SYSCTL_init)
                  000023d4    0000003e     app.o (.text.App_Init)
                  00002412    0000003e     libclang_rt.builtins.a : divmoddi4.c.obj (.text.__divmoddi4)
                  00002450    0000003c     empty.o (.text.SysTick_Handler)
                  0000248c    0000003c     libclang_rt.builtins.a : floatsisf.S.obj (.text.__floatsisf)
                  000024c8    0000003c                            : comparesf2.S.obj (.text.__gtsf2)
                  00002504    0000003c     libc.a : autoinit.c.obj (.text:__TI_auto_init_nobinit_nopinit)
                  00002540    0000003a     libclang_rt.builtins.a : comparesf2.S.obj (.text.__eqsf2)
                  0000257a    00000002     --HOLE-- [fill = 0]
                  0000257c    0000003a                            : muldsi3.S.obj (.text.__muldsi3)
                  000025b6    00000002     --HOLE-- [fill = 0]
                  000025b8    00000038     motor.o (.text.Motor_Init)
                  000025f0    00000038     libclang_rt.builtins.a : fixsfsi.S.obj (.text.__fixsfsi)
                  00002628    00000036     track_sensor.o (.text.TrackSensor_DetectTurn)
                  0000265e    00000002     --HOLE-- [fill = 0]
                  00002660    00000034     oled.o (.text.OLED_SetCursor)
                  00002694    00000032     oled.o (.text.OLED_PrintString)
                  000026c6    00000002     --HOLE-- [fill = 0]
                  000026c8    00000030     key.o (.text.Key_Init)
                  000026f8    0000002c     car_controller.o (.text.CarController_Init)
                  00002724    0000002c     car_controller.o (.text.CarController_ResetRuntime)
                  00002750    0000002c     motor.o (.text.Motor_Stop)
                  0000277c    0000002c     ti_msp_dl_config.o (.text.SYSCFG_DL_initPower)
                  000027a8    0000002c     track_sensor.o (.text.TrackSensor_CountBlack)
                  000027d4    00000028     libc.a : boot_cortex_m.c.obj (.text:_c_int00_noargs)
                  000027fc    00000024     encoder.o (.text.Encoder_Reset)
                  00002820    0000001e     libclang_rt.builtins.a : ashldi3.S.obj (.text.__ashldi3)
                  0000283e    00000002     --HOLE-- [fill = 0]
                  00002840    00000018     car_controller.o (.text.CarController_RunModeToString)
                  00002858    00000018     car_state.o (.text.CarState_ToString)
                  00002870    00000018     menu.o (.text.Menu_ParamItemToString)
                  00002888    00000016     libc.a : copy_zero_init.c.obj (.text:decompress:ZI:__TI_zero_init_nomemset)
                  0000289e    00000002     --HOLE-- [fill = 0]
                  000028a0    00000014     app_config.o (.text.AppConfig_DecreaseTargetLap)
                  000028b4    00000014     app_config.o (.text.AppConfig_IncreaseTargetLap)
                  000028c8    00000014     empty.o (.text.GROUP1_IRQHandler)
                  000028dc    00000014     menu.o (.text.Menu_Init)
                  000028f0    00000014     libclang_rt.builtins.a : aeabi_ldivmod.S.obj (.text.__aeabi_ldivmod)
                  00002904    00000010     key.o (.text.Key_GetEvent)
                  00002914    00000010     ti_msp_dl_config.o (.text.SYSCFG_DL_init)
                  00002924    0000000c     car_controller.o (.text.CarController_GetRunMode)
                  00002930    0000000c     car_state.o (.text.CarState_Get)
                  0000293c    0000000c     car_state.o (.text.CarState_Init)
                  00002948    0000000c     car_state.o (.text.CarState_Set)
                  00002954    0000000c     imu.o (.text.Imu_ResetYaw)
                  00002960    0000000c     menu.o (.text.Menu_GetPage)
                  0000296c    0000000c     menu.o (.text.Menu_GetParamItem)
                  00002978    0000000c     oled_ui.o (.text.OledUi_Init)
                  00002984    0000000a     driverlib.a : dl_common.o (.text.DL_Common_delayCycles)
                  0000298e    0000000a     track_sensor.o (.text.TrackSensor_IsCenterDetected)
                  00002998    0000000a     track_sensor.o (.text.TrackSensor_IsLineLost)
                  000029a2    00000002     --HOLE-- [fill = 0]
                  000029a4    00000008     imu.o (.text.Imu_GetRuntime)
                  000029ac    00000006     libc.a : exit.c.obj (.text:abort)
                  000029b2    00000004     libsysbm.a : hostexit.c.obj (.text.HOSTexit)
                  000029b6    00000004     startup_mspm0g350x_ticlang.o (.text.Reset_Handler)
                  000029ba    00000004     libc.a : pre_init.c.obj (.text._system_pre_init)
                  000029be    00000002     --HOLE-- [fill = 0]

.cinit     0    00002c38    00000018     
                  00002c38    00000008     (.cinit..bss.load) [load image, compression = zero_init]
                  00002c40    00000004     (__TI_handler_table)
                  00002c44    00000008     (__TI_cinit_table)
                  00002c4c    00000004     --HOLE-- [fill = 0]

.rodata    0    000029c0    00000278     
                  000029c0    000000b4     oled.o (.rodata..Lswitch.table.OLED_PrintChar)
                  00002a74    0000001c     menu.o (.rodata..Lswitch.table.Menu_ParamItemToString)
                  00002a90    00000018     car_state.o (.rodata..Lswitch.table.CarState_ToString)
                  00002aa8    00000014     car_controller.o (.rodata..Lswitch.table.CarController_RunModeToString)
                  00002abc    00000007     oled_ui.o (.rodata.str1.8426569189266129334.1)
                  00002ac3    00000006     oled_ui.o (.rodata.str1.1445687256832830955.1)
                  00002ac9    00000006     car_state.o (.rodata.str1.1675797584173499143.1)
                  00002acf    00000006     oled_ui.o (.rodata.str1.3025253791635144717.1)
                  00002ad5    00000006     car_state.o (.rodata.str1.41590466491370331.1)
                  00002adb    00000006     menu.o (.rodata.str1.4646809750356241979.1)
                  00002ae1    00000006     oled_ui.o (.rodata.str1.5853739094453432564.1)
                  00002ae7    00000005     oled.o (.rodata.oled_get_glyph.colon)
                  00002aec    00000005     oled.o (.rodata.oled_get_glyph.eight)
                  00002af1    00000005     oled.o (.rodata.oled_get_glyph.five)
                  00002af6    00000005     oled.o (.rodata.oled_get_glyph.four)
                  00002afb    00000005     oled.o (.rodata.oled_get_glyph.glyphA)
                  00002b00    00000005     oled.o (.rodata.oled_get_glyph.glyphC)
                  00002b05    00000005     oled.o (.rodata.oled_get_glyph.glyphD)
                  00002b0a    00000005     oled.o (.rodata.oled_get_glyph.glyphE)
                  00002b0f    00000005     oled.o (.rodata.oled_get_glyph.glyphG)
                  00002b14    00000005     oled.o (.rodata.oled_get_glyph.glyphH)
                  00002b19    00000005     oled.o (.rodata.oled_get_glyph.glyphI)
                  00002b1e    00000005     oled.o (.rodata.oled_get_glyph.glyphK)
                  00002b23    00000005     oled.o (.rodata.oled_get_glyph.glyphL)
                  00002b28    00000005     oled.o (.rodata.oled_get_glyph.glyphM)
                  00002b2d    00000005     oled.o (.rodata.oled_get_glyph.glyphN)
                  00002b32    00000005     oled.o (.rodata.oled_get_glyph.glyphO)
                  00002b37    00000005     oled.o (.rodata.oled_get_glyph.glyphP)
                  00002b3c    00000005     oled.o (.rodata.oled_get_glyph.glyphR)
                  00002b41    00000005     oled.o (.rodata.oled_get_glyph.glyphS)
                  00002b46    00000005     oled.o (.rodata.oled_get_glyph.glyphT)
                  00002b4b    00000005     oled.o (.rodata.oled_get_glyph.glyphU)
                  00002b50    00000005     oled.o (.rodata.oled_get_glyph.glyphV)
                  00002b55    00000005     oled.o (.rodata.oled_get_glyph.glyphW)
                  00002b5a    00000005     oled.o (.rodata.oled_get_glyph.glyphX)
                  00002b5f    00000005     oled.o (.rodata.oled_get_glyph.glyphY)
                  00002b64    00000005     oled.o (.rodata.oled_get_glyph.gt)
                  00002b69    00000005     oled.o (.rodata.oled_get_glyph.minus)
                  00002b6e    00000005     oled.o (.rodata.oled_get_glyph.nine)
                  00002b73    00000005     oled.o (.rodata.oled_get_glyph.one)
                  00002b78    00000005     oled.o (.rodata.oled_get_glyph.seven)
                  00002b7d    00000005     oled.o (.rodata.oled_get_glyph.six)
                  00002b82    00000005     oled.o (.rodata.oled_get_glyph.space)
                  00002b87    00000005     oled.o (.rodata.oled_get_glyph.three)
                  00002b8c    00000005     oled.o (.rodata.oled_get_glyph.two)
                  00002b91    00000005     oled.o (.rodata.oled_get_glyph.zero)
                  00002b96    00000005     oled_ui.o (.rodata.str1.10416366799939242409.1)
                  00002b9b    00000005     menu.o (.rodata.str1.12110183915172842339.1)
                  00002ba0    00000005     oled_ui.o (.rodata.str1.130772507669342127.1)
                  00002ba5    00000005     oled_ui.o (.rodata.str1.14556837007311414654.1)
                  00002baa    00000005     oled_ui.o (.rodata.str1.17540787658903907660.1)
                  00002baf    00000005     car_controller.o (.rodata.str1.18191498530309206443.1)
                  00002bb4    00000005     car_controller.o (.rodata.str1.4164979912472006574.1)
                  00002bb9    00000005     oled_ui.o (.rodata.str1.4581472623415959594.1)
                  00002bbe    00000005     car_state.o (.rodata.str1.8223341253983108753.1)
                  00002bc3    00000005     car_state.o (.rodata.str1.8698975129455933903.1)
                  00002bc8    00000005     oled_ui.o (.rodata.str1.9544068167406571052.1)
                  00002bcd    00000005     car_controller.o (.rodata.str1.9981487771679760427.1)
                  00002bd2    00000004     oled_ui.o (.rodata.str1.11232419324784801130.1)
                  00002bd6    00000004     car_controller.o (.rodata.str1.12442237994239546032.1)
                  00002bda    00000004     menu.o (.rodata.str1.13124720451672825294.1)
                  00002bde    00000004     oled_ui.o (.rodata.str1.13882251010780863896.1)
                  00002be2    00000004     car_state.o (.rodata.str1.13986535679874659196.1)
                  00002be6    00000004     oled_ui.o (.rodata.str1.15917848551323629232.1)
                  00002bea    00000004     menu.o (.rodata.str1.16312125044762562515.1)
                  00002bee    00000004     oled_ui.o (.rodata.str1.16931641404301806744.1)
                  00002bf2    00000004     car_controller.o (.rodata.str1.17172356789460551389.1)
                  00002bf6    00000004     oled_ui.o (.rodata.str1.17812014771544466701.1)
                  00002bfa    00000004     oled_ui.o (.rodata.str1.18266126048138325213.1)
                  00002bfe    00000004     oled_ui.o (.rodata.str1.3455423528827705371.1)
                  00002c02    00000004     car_state.o (.rodata.str1.3601627812925153765.1)
                  00002c06    00000004     oled_ui.o (.rodata.str1.3702290527496711532.1)
                  00002c0a    00000004     oled_ui.o (.rodata.str1.4402311448527872260.1)
                  00002c0e    00000004     menu.o (.rodata.str1.4862307748908978627.1)
                  00002c12    00000004     oled_ui.o (.rodata.str1.5965450730569173784.1)
                  00002c16    00000004     menu.o (.rodata.str1.6857549598058878762.1)
                  00002c1a    00000004     car_controller.o (.rodata.str1.9234375891235759983.1)
                  00002c1e    00000004     oled_ui.o (.rodata.str1.967006512144173535.1)
                  00002c22    00000003     oled_ui.o (.rodata.str1.1019225241002246410.1)
                  00002c25    00000003     oled_ui.o (.rodata.str1.1108652269057166745.1)
                  00002c28    00000003     menu.o (.rodata.str1.14098755746347272832.1)
                  00002c2b    00000003     menu.o (.rodata.str1.17041139162815566052.1)
                  00002c2e    00000003     oled_ui.o (.rodata.str1.2308938766145545715.1)
                  00002c31    00000003     oled_ui.o (.rodata.str1.9159586779647977165.1)
                  00002c34    00000003     oled_ui.o (.rodata.str1.9854382722193312766.1)
                  00002c37    00000001     --HOLE-- [fill = 0]

.init_array 
*          0    00000000    00000000     UNINITIALIZED

.binit     0    00000000    00000000     

.bss       0    20200000    000000a8     UNINITIALIZED
                  20200000    00000038     (.common:g_appConfig)
                  20200038    00000024     (.common:g_imuRuntime)
                  2020005c    0000001c     (.common:g_appRuntime)
                  20200078    00000006     key.o (.bss.g_key1)
                  2020007e    00000006     key.o (.bss.g_key2)
                  20200084    00000006     key.o (.bss.g_key3)
                  2020008a    00000002     (.common:g_trackError)
                  2020008c    00000004     encoder.o (.bss.g_motorAPulses)
                  20200090    00000004     encoder.o (.bss.g_motorBPulses)
                  20200094    00000001     oled_ui.o (.bss.OledUi_Update_20ms.refreshDivider)
                  20200095    00000001     empty.o (.bss.SysTick_Handler.controlMsCount)
                  20200096    00000001     empty.o (.bss.SysTick_Handler.tick100usCount)
                  20200097    00000001     empty.o (.bss.g_appUpdateDue)
                  20200098    00000001     car_state.o (.bss.g_carState)
                  20200099    00000001     motor.o (.bss.g_motorADutyLevel)
                  2020009a    00000001     motor.o (.bss.g_motorBDutyLevel)
                  2020009b    00000001     oled.o (.bss.g_oledColumn)
                  2020009c    00000001     menu.o (.bss.g_oledPage)
                  2020009d    00000001     menu.o (.bss.g_paramItem)
                  2020009e    00000001     key.o (.bss.g_pendingEvent)
                  2020009f    00000001     motor.o (.bss.g_pwmPhase)
                  202000a0    00000001     (.common:g_carStateDebug)
                  202000a1    00000001     (.common:g_keyEvent)
                  202000a2    00000001     (.common:g_oledPageDebug)
                  202000a3    00000001     (.common:g_paramItemDebug)
                  202000a4    00000001     (.common:g_trackBlackCount)
                  202000a5    00000001     (.common:g_trackModeDebug)
                  202000a6    00000001     (.common:g_trackRaw)
                  202000a7    00000001     (.common:g_trackTurnDebug)

.stack     0    20207e00    00000200     UNINITIALIZED
                  20207e00    00000004     libc.a : boot_cortex_m.c.obj (.stack)
                  20207e04    000001fc     --HOLE--

__llvm_prf_cnts 
*          0    20200000    00000000     UNINITIALIZED

__llvm_prf_bits 
*          0    20200000    00000000     UNINITIALIZED

MODULE SUMMARY

       Module                         code    ro data   rw data
       ------                         ----    -------   -------
    .\
       oled.o                         2088    355       1      
       imu.o                          2276    0         36     
       oled_ui.o                      820     114       1      
       car_controller.o               812     47        28     
       menu.o                         564     61        2      
       app_config.o                   520     0         56     
       key.o                          436     0         19     
       motor.o                        356     0         3      
       track_sensor.o                 306     0         0      
       ti_msp_dl_config.o             292     0         0      
       app.o                          226     0         10     
       startup_mspm0g350x_ticlang.o   6       192       0      
       empty.o                        188     0         3      
       encoder.o                      144     0         8      
       car_state.o                    60      54        1      
    +--+------------------------------+-------+---------+---------+
       Total:                         9094    823       168    
                                                               
    C:/TI/mspm0_sdk_2_05_01_00/source/ti/driverlib/lib/ticlang/m0p/mspm0g1x0x_g3x0x/driverlib.a
       dl_common.o                    10      0         0      
    +--+------------------------------+-------+---------+---------+
       Total:                         10      0         0      
                                                               
    D:\TI\CCS\ccs\tools\compiler\ti-cgt-armllvm_4.0.4.LTS\lib\armv6m-ti-none-eabi/c/libc.a
       autoinit.c.obj                 60      0         0      
       boot_cortex_m.c.obj            40      0         0      
       copy_zero_init.c.obj           22      0         0      
       exit.c.obj                     6       0         0      
       pre_init.c.obj                 4       0         0      
    +--+------------------------------+-------+---------+---------+
       Total:                         132     0         0      
                                                               
    D:\TI\CCS\ccs\tools\compiler\ti-cgt-armllvm_4.0.4.LTS\lib\armv6m-ti-none-eabi/c/libsysbm.a
       hostexit.c.obj                 4       0         0      
    +--+------------------------------+-------+---------+---------+
       Total:                         4       0         0      
                                                               
    D:\TI\CCS\ccs\tools\compiler\ti-cgt-armllvm_4.0.4.LTS\lib\armv6m-ti-none-eabi/libclang_rt.builtins.a
       addsf3.S.obj                   216     0         0      
       udivmoddi4.S.obj               162     0         0      
       mulsf3.S.obj                   140     0         0      
       divsf3.S.obj                   130     0         0      
       comparesf2.S.obj               118     0         0      
       aeabi_fcmp.S.obj               98      0         0      
       aeabi_idivmod.S.obj            86      0         0      
       divmoddi4.c.obj                62      0         0      
       floatsisf.S.obj                60      0         0      
       muldsi3.S.obj                  58      0         0      
       fixsfsi.S.obj                  56      0         0      
       ashldi3.S.obj                  30      0         0      
       aeabi_ldivmod.S.obj            20      0         0      
       aeabi_div0.c.obj               4       0         0      
    +--+------------------------------+-------+---------+---------+
       Total:                         1240    0         0      
                                                               
       Stack:                         0       0         512    
       Linker Generated:              0       20        0      
    +--+------------------------------+-------+---------+---------+
       Grand Total:                   10480   843       680    


LINKER GENERATED COPY TABLES

__TI_cinit_table @ 00002c44 records: 1, size/record: 8, table size: 8
	.bss: load addr=00002c38, load size=00000008 bytes, run addr=20200000, run size=000000a8 bytes, compression=zero_init


LINKER GENERATED HANDLER TABLE

__TI_handler_table @ 00002c40 records: 1, size/record: 4, table size: 4
	index: 0, handler: __TI_zero_init


GLOBAL SYMBOLS: SORTED ALPHABETICALLY BY Name 

address   name                          
-------   ----                          
00001da7  ADC0_IRQHandler               
00001da7  ADC1_IRQHandler               
00001da7  AES_IRQHandler                
000028a1  AppConfig_DecreaseTargetLap   
000028b5  AppConfig_IncreaseTargetLap   
00001f51  AppConfig_InitDefault         
00001401  AppConfig_LimitAll            
000023d5  App_Init                      
00001c61  App_Update_20ms               
000029b2  C$$EXIT                       
00001da7  CANFD0_IRQHandler             
00002925  CarController_GetRunMode      
000026f9  CarController_Init            
00002725  CarController_ResetRuntime    
00002841  CarController_RunModeToString 
000006d1  CarController_Update_20ms     
00002931  CarState_Get                  
0000293d  CarState_Init                 
00002949  CarState_Set                  
00002859  CarState_ToString             
00001da7  DAC0_IRQHandler               
00002985  DL_Common_delayCycles         
00001da7  DMA_IRQHandler                
00001da7  Default_Handler               
00002041  Encoder_HandleGpioInterrupt   
000027fd  Encoder_Reset                 
00001da7  GROUP0_IRQHandler             
000028c9  GROUP1_IRQHandler             
000029b3  HOSTexit                      
00001da7  HardFault_Handler             
00001da7  I2C0_IRQHandler               
00001da7  I2C1_IRQHandler               
00001a4d  Imu_CalibrateGyroBias         
000029a5  Imu_GetRuntime                
00000f59  Imu_Init                      
00002955  Imu_ResetYaw                  
000016a5  Imu_Update                    
00002905  Key_GetEvent                  
000026c9  Key_Init                      
0000128d  Key_Update_20ms               
00002961  Menu_GetPage                  
0000296d  Menu_GetParamItem             
00002241  Menu_GetParamValue            
000010f5  Menu_HandleKeyEvent           
000028dd  Menu_Init                     
00002871  Menu_ParamItemToString        
000025b9  Motor_Init                    
00002345  Motor_PwmTick100us            
00001b09  Motor_SetSpeed                
00002751  Motor_Stop                    
00001da7  NMI_Handler                   
00000981  OLED_Clear                    
000018a9  OLED_Init                     
000021e3  OLED_PrintBinary7             
0000197d  OLED_PrintChar                
00001569  OLED_PrintInt16               
00002695  OLED_PrintString              
00002661  OLED_SetCursor                
00002979  OledUi_Init                   
000000c1  OledUi_Update_20ms            
00001da7  PendSV_Handler                
00001da7  RTC_IRQHandler                
000029b7  Reset_Handler                 
00001da7  SPI0_IRQHandler               
00001da7  SPI1_IRQHandler               
00001da7  SVC_Handler                   
00001bb9  SYSCFG_DL_GPIO_init           
00002395  SYSCFG_DL_SYSCTL_init         
00002915  SYSCFG_DL_init                
0000277d  SYSCFG_DL_initPower           
00002451  SysTick_Handler               
00001da7  TIMA0_IRQHandler              
00001da7  TIMA1_IRQHandler              
00001da7  TIMG0_IRQHandler              
00001da7  TIMG12_IRQHandler             
00001da7  TIMG6_IRQHandler              
00001da7  TIMG7_IRQHandler              
00001da7  TIMG8_IRQHandler              
000027a9  TrackSensor_CountBlack        
00002629  TrackSensor_DetectTurn        
00002119  TrackSensor_GetErrorFromRaw   
00001f4f  TrackSensor_Init              
0000298f  TrackSensor_IsCenterDetected  
00002999  TrackSensor_IsLineLost        
000022f1  TrackSensor_ReadRaw           
00001da7  UART0_IRQHandler              
00001da7  UART1_IRQHandler              
00001da7  UART2_IRQHandler              
00001da7  UART3_IRQHandler              
20208000  __STACK_END                   
00000200  __STACK_SIZE                  
00000000  __TI_ATRegion0_region_sz      
00000000  __TI_ATRegion0_src_addr       
00000000  __TI_ATRegion0_trg_addr       
00000000  __TI_ATRegion1_region_sz      
00000000  __TI_ATRegion1_src_addr       
00000000  __TI_ATRegion1_trg_addr       
00000000  __TI_ATRegion2_region_sz      
00000000  __TI_ATRegion2_src_addr       
00000000  __TI_ATRegion2_trg_addr       
00002c44  __TI_CINIT_Base               
00002c4c  __TI_CINIT_Limit              
00002c4c  __TI_CINIT_Warm               
00002c40  __TI_Handler_Table_Base       
00002c44  __TI_Handler_Table_Limit      
00002505  __TI_auto_init_nobinit_nopinit
ffffffff  __TI_pprof_out_hndl           
ffffffff  __TI_prof_data_size           
ffffffff  __TI_prof_data_start          
00000000  __TI_static_base__            
00002889  __TI_zero_init_nomemset       
000017db  __addsf3                      
000025f1  __aeabi_f2iz                  
000017db  __aeabi_fadd                  
00002181  __aeabi_fcmpeq                
000021bd  __aeabi_fcmpge                
000021d1  __aeabi_fcmpgt                
000021a9  __aeabi_fcmple                
00002195  __aeabi_fcmplt                
00001ecd  __aeabi_fdiv                  
00001e41  __aeabi_fmul                  
000017d1  __aeabi_fsub                  
0000248d  __aeabi_i2f                   
00002299  __aeabi_idiv                  
0000217f  __aeabi_idiv0                 
00002299  __aeabi_idivmod               
000022ef  __aeabi_ldiv0                 
000028f1  __aeabi_ldivmod               
00002821  __aeabi_llsl                  
00002821  __ashldi3                     
ffffffff  __binit__                     
00002541  __cmpsf2                      
00002413  __divmoddi4                   
00001ecd  __divsf3                      
00002541  __eqsf2                       
000025f1  __fixsfsi                     
0000248d  __floatsisf                   
000024c9  __gesf2                       
000024c9  __gtsf2                       
00002541  __lesf2                       
00002541  __ltsf2                       
UNDEFED   __mpu_init                    
0000257d  __muldsi3                     
00001e41  __mulsf3                      
00002541  __nesf2                       
20207e00  __stack                       
20200000  __start___llvm_prf_bits       
20200000  __start___llvm_prf_cnts       
20200000  __stop___llvm_prf_bits        
20200000  __stop___llvm_prf_cnts        
000017d1  __subsf3                      
00001d05  __udivmoddi4                  
000027d5  _c_int00_noargs               
UNDEFED   _system_post_cinit            
000029bb  _system_pre_init              
000029ad  abort                         
ffffffff  binit                         
20200000  g_appConfig                   
2020005c  g_appRuntime                  
202000a0  g_carStateDebug               
20200038  g_imuRuntime                  
202000a1  g_keyEvent                    
202000a2  g_oledPageDebug               
202000a3  g_paramItemDebug              
202000a4  g_trackBlackCount             
2020008a  g_trackError                  
202000a5  g_trackModeDebug              
202000a6  g_trackRaw                    
202000a7  g_trackTurnDebug              
00000000  interruptVectors              
000020ad  main                          


GLOBAL SYMBOLS: SORTED BY Symbol Address 

address   name                          
-------   ----                          
00000000  __TI_ATRegion0_region_sz      
00000000  __TI_ATRegion0_src_addr       
00000000  __TI_ATRegion0_trg_addr       
00000000  __TI_ATRegion1_region_sz      
00000000  __TI_ATRegion1_src_addr       
00000000  __TI_ATRegion1_trg_addr       
00000000  __TI_ATRegion2_region_sz      
00000000  __TI_ATRegion2_src_addr       
00000000  __TI_ATRegion2_trg_addr       
00000000  __TI_static_base__            
00000000  interruptVectors              
000000c1  OledUi_Update_20ms            
00000200  __STACK_SIZE                  
000006d1  CarController_Update_20ms     
00000981  OLED_Clear                    
00000f59  Imu_Init                      
000010f5  Menu_HandleKeyEvent           
0000128d  Key_Update_20ms               
00001401  AppConfig_LimitAll            
00001569  OLED_PrintInt16               
000016a5  Imu_Update                    
000017d1  __aeabi_fsub                  
000017d1  __subsf3                      
000017db  __addsf3                      
000017db  __aeabi_fadd                  
000018a9  OLED_Init                     
0000197d  OLED_PrintChar                
00001a4d  Imu_CalibrateGyroBias         
00001b09  Motor_SetSpeed                
00001bb9  SYSCFG_DL_GPIO_init           
00001c61  App_Update_20ms               
00001d05  __udivmoddi4                  
00001da7  ADC0_IRQHandler               
00001da7  ADC1_IRQHandler               
00001da7  AES_IRQHandler                
00001da7  CANFD0_IRQHandler             
00001da7  DAC0_IRQHandler               
00001da7  DMA_IRQHandler                
00001da7  Default_Handler               
00001da7  GROUP0_IRQHandler             
00001da7  HardFault_Handler             
00001da7  I2C0_IRQHandler               
00001da7  I2C1_IRQHandler               
00001da7  NMI_Handler                   
00001da7  PendSV_Handler                
00001da7  RTC_IRQHandler                
00001da7  SPI0_IRQHandler               
00001da7  SPI1_IRQHandler               
00001da7  SVC_Handler                   
00001da7  TIMA0_IRQHandler              
00001da7  TIMA1_IRQHandler              
00001da7  TIMG0_IRQHandler              
00001da7  TIMG12_IRQHandler             
00001da7  TIMG6_IRQHandler              
00001da7  TIMG7_IRQHandler              
00001da7  TIMG8_IRQHandler              
00001da7  UART0_IRQHandler              
00001da7  UART1_IRQHandler              
00001da7  UART2_IRQHandler              
00001da7  UART3_IRQHandler              
00001e41  __aeabi_fmul                  
00001e41  __mulsf3                      
00001ecd  __aeabi_fdiv                  
00001ecd  __divsf3                      
00001f4f  TrackSensor_Init              
00001f51  AppConfig_InitDefault         
00002041  Encoder_HandleGpioInterrupt   
000020ad  main                          
00002119  TrackSensor_GetErrorFromRaw   
0000217f  __aeabi_idiv0                 
00002181  __aeabi_fcmpeq                
00002195  __aeabi_fcmplt                
000021a9  __aeabi_fcmple                
000021bd  __aeabi_fcmpge                
000021d1  __aeabi_fcmpgt                
000021e3  OLED_PrintBinary7             
00002241  Menu_GetParamValue            
00002299  __aeabi_idiv                  
00002299  __aeabi_idivmod               
000022ef  __aeabi_ldiv0                 
000022f1  TrackSensor_ReadRaw           
00002345  Motor_PwmTick100us            
00002395  SYSCFG_DL_SYSCTL_init         
000023d5  App_Init                      
00002413  __divmoddi4                   
00002451  SysTick_Handler               
0000248d  __aeabi_i2f                   
0000248d  __floatsisf                   
000024c9  __gesf2                       
000024c9  __gtsf2                       
00002505  __TI_auto_init_nobinit_nopinit
00002541  __cmpsf2                      
00002541  __eqsf2                       
00002541  __lesf2                       
00002541  __ltsf2                       
00002541  __nesf2                       
0000257d  __muldsi3                     
000025b9  Motor_Init                    
000025f1  __aeabi_f2iz                  
000025f1  __fixsfsi                     
00002629  TrackSensor_DetectTurn        
00002661  OLED_SetCursor                
00002695  OLED_PrintString              
000026c9  Key_Init                      
000026f9  CarController_Init            
00002725  CarController_ResetRuntime    
00002751  Motor_Stop                    
0000277d  SYSCFG_DL_initPower           
000027a9  TrackSensor_CountBlack        
000027d5  _c_int00_noargs               
000027fd  Encoder_Reset                 
00002821  __aeabi_llsl                  
00002821  __ashldi3                     
00002841  CarController_RunModeToString 
00002859  CarState_ToString             
00002871  Menu_ParamItemToString        
00002889  __TI_zero_init_nomemset       
000028a1  AppConfig_DecreaseTargetLap   
000028b5  AppConfig_IncreaseTargetLap   
000028c9  GROUP1_IRQHandler             
000028dd  Menu_Init                     
000028f1  __aeabi_ldivmod               
00002905  Key_GetEvent                  
00002915  SYSCFG_DL_init                
00002925  CarController_GetRunMode      
00002931  CarState_Get                  
0000293d  CarState_Init                 
00002949  CarState_Set                  
00002955  Imu_ResetYaw                  
00002961  Menu_GetPage                  
0000296d  Menu_GetParamItem             
00002979  OledUi_Init                   
00002985  DL_Common_delayCycles         
0000298f  TrackSensor_IsCenterDetected  
00002999  TrackSensor_IsLineLost        
000029a5  Imu_GetRuntime                
000029ad  abort                         
000029b2  C$$EXIT                       
000029b3  HOSTexit                      
000029b7  Reset_Handler                 
000029bb  _system_pre_init              
00002c40  __TI_Handler_Table_Base       
00002c44  __TI_CINIT_Base               
00002c44  __TI_Handler_Table_Limit      
00002c4c  __TI_CINIT_Limit              
00002c4c  __TI_CINIT_Warm               
20200000  __start___llvm_prf_bits       
20200000  __start___llvm_prf_cnts       
20200000  __stop___llvm_prf_bits        
20200000  __stop___llvm_prf_cnts        
20200000  g_appConfig                   
20200038  g_imuRuntime                  
2020005c  g_appRuntime                  
2020008a  g_trackError                  
202000a0  g_carStateDebug               
202000a1  g_keyEvent                    
202000a2  g_oledPageDebug               
202000a3  g_paramItemDebug              
202000a4  g_trackBlackCount             
202000a5  g_trackModeDebug              
202000a6  g_trackRaw                    
202000a7  g_trackTurnDebug              
20207e00  __stack                       
20208000  __STACK_END                   
ffffffff  __TI_pprof_out_hndl           
ffffffff  __TI_prof_data_size           
ffffffff  __TI_prof_data_start          
ffffffff  __binit__                     
ffffffff  binit                         
UNDEFED   __mpu_init                    
UNDEFED   _system_post_cinit            

[171 symbols]
