******************************************************************************
            TI ARM Clang Linker PC v4.0.4                      
******************************************************************************
>> Linked Sat Jul 25 21:38:29 2026

OUTPUT FILE NAME:   <diansaikaishi.out>
ENTRY POINT SYMBOL: "_c_int00_noargs"  address: 00011c75


MEMORY CONFIGURATION

         name            origin    length      used     unused   attr    fill
----------------------  --------  ---------  --------  --------  ----  --------
  FLASH                 00000000   00020000  00012d48  0000d2b8  R  X
  SRAM                  20200000   00008000  00000f7c  00007084  RW X
  BCR_CONFIG            41c00000   000000ff  00000000  000000ff  R   
  BSL_CONFIG            41c00100   00000080  00000000  00000080  R   


SEGMENT ALLOCATION MAP

run origin  load origin   length   init length attrs members
----------  ----------- ---------- ----------- ----- -------
00000000    00000000    00012d48   00012d48    r-x
  00000000    00000000    000000c0   000000c0    r-- .intvecs
  000000c0    000000c0    00012400   00012400    r-x .text
  000124c0    000124c0    00000858   00000858    r-- .rodata
  00012d18    00012d18    00000030   00000030    r-- .cinit
20200000    20200000    00000d7c   00000000    rw-
  20200000    20200000    00000d7b   00000000    rw- .bss
  20200d7b    20200d7b    00000001   00000000    rw- .data
20207e00    20207e00    00000200   00000000    rw-
  20207e00    20207e00    00000200   00000000    rw- .stack


SECTION ALLOCATION MAP

 output                                  attributes/
section   page    origin      length       input sections
--------  ----  ----------  ----------   ----------------
.intvecs   0    00000000    000000c0     
                  00000000    000000c0     startup_mspm0g350x_ticlang.o (.intvecs)

.text      0    000000c0    00012400     
                  000000c0    000033c0     oled_ui.o (.text.OledUi_Update_20ms)
                  00003480    00001dd4     vision_tuning_console.o (.text.VisionTuningConsole_Process)
                  00005254    0000054c     app_config.o (.text.AppConfig_LimitAll)
                  000057a0    000004f0     line_controller.o (.text.LineController_Update)
                  00005c90    00000488     menu.o (.text.Menu_HandleKeyEvent)
                  00006118    0000047c     gimbal_tracker.o (.text.GimbalTracker_Update)
                  00006594    00000450     runtime_snapshot.o (.text.RuntimeSnapshot_Update)
                  000069e4    0000044c     motor_control.o (.text.update_wheel)
                  00006e30    00000424     wheel_speed_estimator.o (.text.WheelSpeedEstimator_Update)
                  00007254    000003e0     imu.o (.text.Imu_Update)
                  00007634    000003b0     vision_receiver.o (.text.VisionReceiver_Process)
                  000079e4    00000388     gimbal_vision_yaw_tracker.o (.text.GimbalVisionYawTracker_Update10ms)
                  00007d6c    00000374     imu.o (.text.Imu_Init)
                  000080e0    00000370     gimbal.o (.text.gimbal_update_feedback)
                  00008450    00000344     obstacle_avoidance.o (.text.ObstacleAvoidance_Update_20ms)
                  00008794    00000310     vision_tuning_console.o (.text.append_scaled)
                  00008aa4    000002f0     imu.o (.text.mpu6050_read_regs)
                  00008d94    000002a8     gimbal_tracker.o (.text.update_feedback)
                  0000903c    00000298     gimbal.o (.text.Gimbal_YawSetWrappedTargetDeg)
                  000092d4    00000294     gimbal.o (.text.Gimbal_YawUpdate5ms)
                  00009568    00000290     gimbal.o (.text.Gimbal_PitchSetTrackingSpeedDegS)
                  000097f8    0000028c     motor_control.o (.text.MotorControl_Update)
                  00009a84    00000280     motion_action.o (.text.MotionAction_Update_20ms)
                  00009d04    00000260     gimbal.o (.text.gimbal_pitch_set_target_steps)
                  00009f64    00000254     oled.o (.text.OLED_Clear)
                  0000a1b8    00000238     gimbal.o (.text.gimbal_pitch_update_feedback)
                  0000a3f0    00000230     imu.o (.text.Imu_CalibrateGyroBias)
                  0000a620    00000228     gimbal_vision_pitch_tracker.o (.text.GimbalVisionPitchTracker_Update10ms)
                  0000a848    00000204     motor.o (.text.Motor_SetSpeed)
                  0000aa4c    000001f4     vision_protocol.o (.text.VisionProtocol_ParseV1TargetFrame)
                  0000ac40    000001ec     app_config.o (.text.AppConfig_InitDefault)
                  0000ae2c    000001e8     motor_control.o (.text.config_is_valid)
                  0000b014    000001e8     car_controller.o (.text.handle_turn_to_yaw)
                  0000b1fc    000001cc     imu.o (.text.imu_i2c_write_byte)
                  0000b3c8    000001bc     gimbal.o (.text.Gimbal_PitchUpdate5ms)
                  0000b584    000001b8     oled.o (.text.oled_i2c_write_byte)
                  0000b73c    000001a0     ultrasonic.o (.text.Ultrasonic_Tick100us)
                  0000b8dc    00000198     car_controller.o (.text.CarController_Update_20ms)
                  0000ba74    00000194     gimbal_stepper.o (.text.GimbalStepper_Tick100us)
                  0000bc08    00000188     gimbal_vision_yaw_tracker.o (.text.GimbalVisionYawTracker_Enable)
                  0000bd90    00000180     gimbal.o (.text.Gimbal_PitchTick100us)
                  0000bf10    00000180     car_controller.o (.text.handle_drive_distance)
                  0000c090    0000017c     gimbal_stepper.o (.text.GimbalStepper_MoveToEstimatedSteps)
                  0000c20c    00000174     key.o (.text.Key_Update_20ms)
                  0000c380    0000016c     gimbal.o (.text.Gimbal_Init)
                  0000c4ec    00000168     empty.o (.text.main)
                  0000c654    00000160     gimbal.o (.text.gimbal_yaw_set_target_x10)
                  0000c7b4    00000160     car_controller.o (.text.handle_lost_recover)
                  0000c914    00000158     vision_tuning_console.o (.text.send_parameter_reply)
                  0000ca6c    00000158     vision_tuning_console.o (.text.send_yaw_parameter_reply)
                  0000cbc4    0000013c     oled.o (.text.OLED_PrintInt16)
                  0000cd00    0000012c     imu.o (.text.imu_i2c_recover_bus)
                  0000ce2c    00000128     gimbal.o (.text.Gimbal_YawEnableWorldLock)
                  0000cf54    00000124     vision_tuning_console.o (.text.send_simple_reply)
                  0000d078    00000124     gimbal_vision_yaw_tracker.o (.text.sync_target_from_yaw)
                  0000d19c    00000120     car_controller.o (.text.handle_drive_heading)
                  0000d2bc    0000011c     line_controller.o (.text.LineController_Reset)
                  0000d3d8    00000118     app.o (.text.App_Update_20ms)
                  0000d4f0    00000118     motion_action.o (.text.MotionAction_Start)
                  0000d608    00000114     car_controller.o (.text.CarController_StartDriveDistance)
                  0000d71c    0000010c     car_controller.o (.text.handle_follow_line)
                  0000d828    00000108     car_controller.o (.text.handle_turn_90)
                  0000d930    00000104     driverlib.a : dl_timer.o (.text.DL_Timer_initFourCCPWMMode)
                  0000da34    00000104     line_controller.o (.text.LineController_ResetControlState)
                  0000db38    00000104     mission_manager.o (.text.MissionManager_Update_20ms)
                  0000dc3c    00000100     motor_control.o (.text.MotorControl_SetNormalizedTarget)
                  0000dd3c    000000fc     gimbal.o (.text.Gimbal_PitchRelease)
                  0000de38    000000fc     empty.o (.text.SysTick_Handler)
                  0000df34    000000f8     line_controller.o (.text.LineController_Init)
                  0000e02c    000000f0     gimbal.o (.text.Gimbal_PitchStopHold)
                  0000e11c    000000ec     heading_control.o (.text.HeadingControl_Update)
                  0000e208    000000ec     gimbal_tracker.o (.text.sync_targets_from_gimbal)
                  0000e2f4    000000e8     vision_protocol.o (.text.fields_are_valid)
                  0000e3dc    000000e4     car_controller.o (.text.CarController_StartTurnToYawRelative)
                  0000e4c0    000000e4     mission_manager.o (.text.MissionManager_SelectNext)
                  0000e5a4    000000e0     obstacle_safety.o (.text.ObstacleSafety_Update_20ms)
                  0000e684    000000e0     wheel_speed_estimator.o (.text.WheelSpeedEstimator_Init)
                  0000e764    000000dc     car_controller.o (.text.CarController_StartDriveHeading)
                  0000e840    000000dc     gimbal.o (.text.Gimbal_PitchConfirmZero)
                  0000e91c    000000dc     ti_msp_dl_config.o (.text.SYSCFG_DL_GPIO_init)
                  0000e9f8    000000dc     oled_ui.o (.text.print_tuning_change_value)
                  0000ead4    000000d8     oled.o (.text.OLED_PrintUInt16)
                  0000ebac    000000d8     libclang_rt.builtins.a : addsf3.S.obj (.text)
                  0000ec84    000000d4     oled.o (.text.OLED_Init)
                  0000ed58    000000d0     oled.o (.text.OLED_PrintChar)
                  0000ee28    000000cc     mission_manager.o (.text.MissionManager_SelectPrevious)
                  0000eef4    000000c8     fault.o (.text.FaultCode_ToShortString)
                  0000efbc    000000c8     gimbal.o (.text.Gimbal_YawConfirmZero)
                  0000f084    000000c4     mission_library.o (.text.MissionLibrary_Validate)
                  0000f148    000000c0     angle_utils.o (.text.Angle_Normalize180)
                  0000f208    000000bc     car_controller.o (.text.CarController_StartFollowLine)
                  0000f2c4    000000b4     gimbal_stepper.o (.text.GimbalStepper_StopHold)
                  0000f378    000000b4     gimbal_vision_adapter.o (.text.GimbalVisionAdapter_Update)
                  0000f42c    000000b0     car_controller.o (.text.CarController_StartTurnRight90)
                  0000f4dc    000000b0     gimbal_stepper.o (.text.GimbalStepper_Init)
                  0000f58c    000000b0     gimbal.o (.text.Gimbal_PitchMoveRelativeDeg)
                  0000f63c    000000ac     car_controller.o (.text.CarController_StartTurnLeft90)
                  0000f6e8    000000a8     gimbal_vision_pitch_tracker.o (.text.GimbalVisionPitchTracker_Enable)
                  0000f790    000000a4     encoder.o (.text.Encoder_HandleGpioInterrupt)
                  0000f834    000000a4     gimbal_vision_yaw_tracker.o (.text.wrap_deg_360)
                  0000f8d8    000000a2     libclang_rt.builtins.a : udivmoddi4.S.obj (.text)
                  0000f97a    00000002     startup_mspm0g350x_ticlang.o (.text.Default_Handler)
                  0000f97c    000000a0     car_controller.o (.text.CarController_ResetRuntime)
                  0000fa1c    0000009c     obstacle_monitor.o (.text.ObstacleMonitor_Update_20ms)
                  0000fab8    0000009a     libc.a : memcpy16.S.obj (.text:memcpy)
                  0000fb52    00000002     track_sensor.o (.text.TrackSensor_Init)
                  0000fb54    00000098     car_controller.o (.text.handle_seek_line)
                  0000fbec    00000098     imu.o (.text.mpu6050_write_reg)
                  0000fc84    0000008c     gimbal.o (.text.Gimbal_YawDisableWorldLock)
                  0000fd10    0000008c     gimbal.o (.text.Gimbal_YawStopHold)
                  0000fd9c    0000008c     ti_msp_dl_config.o (.text.SYSCFG_DL_PWM_MOTOR_init)
                  0000fe28    0000008c     libclang_rt.builtins.a : mulsf3.S.obj (.text.__mulsf3)
                  0000feb4    0000008c     car_controller.o (.text.heading_imu_wait_or_fail)
                  0000ff40    00000088     libc.a : strcmp-armv6m.S.obj (.text:strcmp)
                  0000ffc8    00000084     gimbal_stepper.o (.text.GimbalStepper_ConfirmZero)
                  0001004c    00000084     gimbal_tracker.o (.text.GimbalTracker_PushObservation)
                  000100d0    00000084     motor.o (.text.Motor_Init)
                  00010154    00000082     app.o (.text.App_Init)
                  000101d6    00000002     libclang_rt.builtins.a : aeabi_div0.c.obj (.text.__aeabi_idiv0)
                  000101d8    00000082                            : divsf3.S.obj (.text.__divsf3)
                  0001025a    00000002                            : aeabi_div0.c.obj (.text.__aeabi_ldiv0)
                  0001025c    00000080     car_controller.o (.text.CarController_SetSafetyHold)
                  000102dc    00000080     gimbal_tracker.o (.text.GimbalTracker_Init)
                  0001035c    00000080     motor.o (.text.Motor_Stop)
                  000103dc    0000007c     vision_pitch_tuning.o (.text.VisionPitchTuning_Set)
                  00010458    0000007c     libc.a : copy_decompress_lzss.c.obj (.text:decompress:lzss)
                  000104d4    00000078     oled.o (.text.oled_write_command)
                  0001054c    00000074     motor_control.o (.text.latch_control_error)
                  000105c0    00000070     gimbal_stepper.o (.text.GimbalStepper_Release)
                  00010630    00000070     ti_msp_dl_config.o (.text.SYSCFG_DL_UART_VISION_init)
                  000106a0    00000070     vision_yaw_tuning.o (.text.VisionYawTuning_Set)
                  00010710    0000006e     track_sensor.o (.text.TrackSensor_DetectTurn)
                  0001077e    00000002     --HOLE-- [fill = 0]
                  00010780    0000006c     gimbal_vision_yaw_tracker.o (.text.GimbalVisionYawTracker_Init)
                  000107ec    00000068     mission_manager.o (.text.MissionManager_GetSelectedMissionIndex)
                  00010854    00000068     car_controller.o (.text.set_output_speed)
                  000108bc    00000066     track_sensor.o (.text.TrackSensor_GetErrorFromRaw)
                  00010922    00000002     --HOLE-- [fill = 0]
                  00010924    00000064     gimbal.o (.text.Gimbal_YawRelease)
                  00010988    00000064     menu.o (.text.Menu_GetParamValue)
                  000109ec    00000062     libclang_rt.builtins.a : aeabi_fcmp.S.obj (.text.__aeabi_fcmp)
                  00010a4e    00000062     libc.a : memset16.S.obj (.text:memset)
                  00010ab0    00000060     gimbal_tracker.o (.text.GimbalTracker_Enable)
                  00010b10    00000060     gimbal_tracker.o (.text.GimbalTracker_GetFeedback)
                  00010b70    00000060     vision_tuning_console.o (.text.VisionTuningConsole_Init)
                  00010bd0    00000060     libclang_rt.builtins.a : fixsfdi.S.obj (.text.__fixsfdi)
                  00010c30    0000005c     vision_uart.o (.text.UART3_IRQHandler)
                  00010c8c    0000005c     ultrasonic.o (.text.Ultrasonic_Update_20ms)
                  00010ce8    0000005c     obstacle_avoidance.o (.text.avoid_fail)
                  00010d44    00000058     gimbal.o (.text.Gimbal_YawMoveRelativeDeg)
                  00010d9c    00000056     libclang_rt.builtins.a : aeabi_idivmod.S.obj (.text.__aeabi_idivmod)
                  00010df2    00000002     --HOLE-- [fill = 0]
                  00010df4    00000054     track_sensor.o (.text.TrackSensor_ReadRaw)
                  00010e48    00000054     gimbal_vision_yaw_tracker.o (.text.float_to_scaled_i16)
                  00010e9c    00000054     gimbal_vision_yaw_tracker.o (.text.stop_owned_tracking)
                  00010ef0    00000050     ultrasonic.o (.text.Ultrasonic_Init)
                  00010f40    00000050     watchdog_monitor.o (.text.WatchdogMonitor_ApplyFaultIfNeeded)
                  00010f90    0000004e     libclang_rt.builtins.a : floatdisf.S.obj (.text.__floatdisf)
                  00010fde    00000002     --HOLE-- [fill = 0]
                  00010fe0    0000004c     mission_manager.o (.text.MissionManager_Start)
                  0001102c    0000004c     motor_control.o (.text.MotorControl_Stop)
                  00011078    0000004c     watchdog_monitor.o (.text.WatchdogMonitor_Tick1msFromIsr)
                  000110c4    0000004a     obstacle_avoidance.o (.text.avoid_can_start)
                  0001110e    00000002     --HOLE-- [fill = 0]
                  00011110    00000048     car_controller.o (.text.CarController_Stop)
                  00011158    00000048     driverlib.a : dl_uart.o (.text.DL_UART_init)
                  000111a0    00000048     motion_action.o (.text.MotionAction_ReapplyControllerTarget)
                  000111e8    00000044     encoder.o (.text.Encoder_GetAndClearPulseDeltas)
                  0001122c    00000044     imu.o (.text.Imu_ResetYaw)
                  00011270    00000044     servo.o (.text.Servo_Tick100us)
                  000112b4    00000040     emergency_stop.o (.text.EmergencyStop_Reset)
                  000112f4    00000040     gimbal_vision_pitch_tracker.o (.text.GimbalVisionPitchTracker_Init)
                  00011334    00000040     mission_manager.o (.text.MissionManager_Init)
                  00011374    00000040     ti_msp_dl_config.o (.text.SYSCFG_DL_SYSCTL_init)
                  000113b4    00000040     ti_msp_dl_config.o (.text.SYSCFG_DL_initPower)
                  000113f4    00000040     vision_receiver.o (.text.VisionReceiver_PushByteFromIsr)
                  00011434    00000040     libclang_rt.builtins.a : aeabi_uidivmod.S.obj (.text.__aeabi_uidivmod)
                  00011474    0000003e                            : divmoddi4.c.obj (.text.__divmoddi4)
                  000114b2    00000002     --HOLE-- [fill = 0]
                  000114b4    0000003c     gimbal_tracker.o (.text.GimbalTracker_ClearObservation)
                  000114f0    0000003c     servo.o (.text.Servo_SetAngleDeg)
                  0001152c    0000003c     vision_tuning_console.o (.text.VisionTuningConsole_PushByteFromIsr)
                  00011568    0000003c     libclang_rt.builtins.a : floatsisf.S.obj (.text.__floatsisf)
                  000115a4    0000003c                            : comparesf2.S.obj (.text.__gtsf2)
                  000115e0    0000003c     libc.a : autoinit.c.obj (.text:__TI_auto_init_nobinit_nopinit)
                  0001161c    0000003a     libclang_rt.builtins.a : comparesf2.S.obj (.text.__eqsf2)
                  00011656    00000002     --HOLE-- [fill = 0]
                  00011658    0000003a                            : muldsi3.S.obj (.text.__muldsi3)
                  00011692    00000002     --HOLE-- [fill = 0]
                  00011694    00000038     vision_receiver.o (.text.VisionReceiver_Init)
                  000116cc    00000038     libclang_rt.builtins.a : fixsfsi.S.obj (.text.__fixsfsi)
                  00011704    00000034     emergency_stop.o (.text.EmergencyStop_Trigger)
                  00011738    00000034     imu.o (.text.Imu_IsReady)
                  0001176c    00000034     oled.o (.text.OLED_SetCursor)
                  000117a0    00000034     vision_tuning_console.o (.text.VisionTuningConsole_TryPopTxByte)
                  000117d4    00000034     vision_uart.o (.text.VisionUart_Process)
                  00011808    00000034     obstacle_avoidance.o (.text.avoid_start)
                  0001183c    00000032     oled.o (.text.OLED_PrintString)
                  0001186e    00000002     --HOLE-- [fill = 0]
                  00011870    00000030     car_controller.o (.text.CarController_StartSeekLine)
                  000118a0    00000030     fault.o (.text.Fault_Raise)
                  000118d0    00000030     gimbal_vision_yaw_tracker.o (.text.GimbalVisionYawTracker_GetFeedback)
                  00011900    00000030     gimbal.o (.text.Gimbal_PitchGetFeedback)
                  00011930    00000030     key.o (.text.Key_Init)
                  00011960    00000030     line_controller.o (.text.LineController_ObserveSensors)
                  00011990    00000030     mission_manager.o (.text.MissionManager_Resume)
                  000119c0    00000030     vision_pitch_tuning.o (.text.VisionPitchTuning_RestoreDefault)
                  000119f0    00000030     watchdog_monitor.o (.text.WatchdogMonitor_Init)
                  00011a20    00000030     gimbal_vision_yaw_tracker.o (.text.refresh_yaw_feedback)
                  00011a50    0000002c     encoder.o (.text.Encoder_Reset)
                  00011a7c    0000002c     mission_manager.o (.text.MissionManager_Cancel)
                  00011aa8    0000002c     mission_manager.o (.text.MissionManager_Reset)
                  00011ad4    0000002c     track_sensor.o (.text.TrackSensor_CountBlack)
                  00011b00    0000002c     vision_yaw_tuning.o (.text.VisionYawTuning_RestoreDefault)
                  00011b2c    0000002c     motion_action.o (.text.motion_action_start_imu_controller)
                  00011b58    0000002c     gimbal_vision_pitch_tracker.o (.text.speed_to_x10)
                  00011b84    00000028     obstacle_avoidance.o (.text.ObstacleAvoidance_Init)
                  00011bac    00000028     servo.o (.text.Servo_Init)
                  00011bd4    00000028     vision_pitch_tuning.o (.text.VisionPitchTuning_Init)
                  00011bfc    00000028     watchdog_monitor.o (.text.WatchdogMonitor_Reset)
                  00011c24    00000028     libclang_rt.builtins.a : floatunsisf.S.obj (.text.__floatunsisf)
                  00011c4c    00000028     libc.a : memmov.c.obj (.text.memmove)
                  00011c74    00000028            : boot_cortex_m.c.obj (.text:_c_int00_noargs)
                  00011c9c    00000024     emergency_stop.o (.text.EmergencyStop_Enforce)
                  00011cc0    00000024     gimbal_vision_pitch_tracker.o (.text.GimbalVisionPitchTracker_GetFeedback)
                  00011ce4    00000024     mission_library.o (.text.MissionLibrary_FindById)
                  00011d08    00000024     mission_manager.o (.text.MissionManager_ReportExternalFailure)
                  00011d2c    00000024     motor_control.o (.text.MotorControl_Init)
                  00011d50    00000024     motor_control.o (.text.MotorControl_Reset)
                  00011d74    00000024     ti_msp_dl_config.o (.text.SYSCFG_DL_init)
                  00011d98    00000024     vision_yaw_tuning.o (.text.VisionYawTuning_Init)
                  00011dbc    00000024     libclang_rt.builtins.a : muldi3.S.obj (.text.__muldi3)
                  00011de0    00000020     driverlib.a : dl_timer.o (.text.DL_Timer_overrideCCPOut)
                  00011e00    00000020     debug_telemetry.o (.text.DebugTelemetry_Update)
                  00011e20    00000020     mission_manager.o (.text.MissionManager_Pause)
                  00011e40    00000020     motion_action.o (.text.MotionAction_GetCurrentBypassDirection)
                  00011e60    00000020     motion_action.o (.text.MotionAction_GetCurrentObstaclePolicy)
                  00011e80    00000020     empty.o (.text.SchedulerMonitor_GetStats)
                  00011ea0    00000020     vision_receiver.o (.text.VisionReceiver_GetProtocolErrorCount)
                  00011ec0    00000020     mission_manager.o (.text.mission_finish_error)
                  00011ee0    0000001e     libclang_rt.builtins.a : ashldi3.S.obj (.text.__ashldi3)
                  00011efe    00000002     --HOLE-- [fill = 0]
                  00011f00    0000001c     driverlib.a : dl_timer.o (.text.DL_Timer_setCaptCompUpdateMethod)
                  00011f1c    0000001c                 : dl_timer.o (.text.DL_Timer_setClockConfig)
                  00011f38    0000001c     gimbal_vision_adapter.o (.text.GimbalVisionAdapter_Init)
                  00011f54    0000001c     heading_control.o (.text.HeadingControl_SetTargetYaw)
                  00011f70    0000001c     menu.o (.text.Menu_Init)
                  00011f8c    0000001c     motion_action.o (.text.MotionAction_Cancel)
                  00011fa8    0000001c     obstacle_monitor.o (.text.ObstacleMonitor_Init)
                  00011fc4    0000001c     obstacle_safety.o (.text.ObstacleSafety_Init)
                  00011fe0    0000001c     vision_pitch_tuning.o (.text.VisionPitchTuning_ParamName)
                  00011ffc    0000001c     vision_yaw_tuning.o (.text.VisionYawTuning_GetSnapshot)
                  00012018    0000001c     vision_yaw_tuning.o (.text.VisionYawTuning_ParamName)
                  00012034    0000001c     watchdog_monitor.o (.text.WatchdogMonitor_NotifyControlCycleComplete)
                  00012050    0000001c     mission_manager.o (.text.mission_finish_success)
                  0001206c    00000018     driverlib.a : dl_timer.o (.text.DL_Timer_setCaptureCompareOutCtl)
                  00012084    00000018     debug_telemetry.o (.text.DebugTelemetry_Init)
                  0001209c    00000018     heading_control.o (.text.HeadingControl_Init)
                  000120b4    00000018     heading_control.o (.text.HeadingControl_Reset)
                  000120cc    00000018     menu.o (.text.Menu_ParamItemToString)
                  000120e4    00000018     motion_action.o (.text.MotionAction_Init)
                  000120fc    00000018     runtime_snapshot.o (.text.RuntimeSnapshot_Init)
                  00012114    00000016     libclang_rt.builtins.a : comparesf2.S.obj (.text.__unordsf2)
                  0001212a    00000002     --HOLE-- [fill = 0]
                  0001212c    00000014     fault.o (.text.Fault_Clear)
                  00012140    00000014     fault.o (.text.Fault_Init)
                  00012154    00000014     empty.o (.text.GROUP1_IRQHandler)
                  00012168    00000014     gimbal_stepper.o (.text.GimbalStepper_SetStepHalfPeriodTicks)
                  0001217c    00000014     heading_control.o (.text.HeadingControl_Enable)
                  00012190    00000014     mission_library.o (.text.MissionLibrary_GetByIndex)
                  000121a4    00000014     mission_manager.o (.text.MissionManager_GetSelectedMissionId)
                  000121b8    00000014     vision_pitch_tuning.o (.text.VisionPitchTuning_GetSnapshot)
                  000121cc    00000014     vision_uart.o (.text.VisionUart_Init)
                  000121e0    00000014     libclang_rt.builtins.a : aeabi_ldivmod.S.obj (.text.__aeabi_ldivmod)
                  000121f4    00000014                            : aeabi_uldivmod.S.obj (.text.__aeabi_uldivmod)
                  00012208    00000012     driverlib.a : dl_uart.o (.text.DL_UART_setClockConfig)
                  0001221a    00000012     libc.a : copy_decompress_none.c.obj (.text:decompress:none)
                  0001222c    00000010     driverlib.a : dl_timer.o (.text.DL_Timer_setCaptureCompareValue)
                  0001223c    00000010     gimbal.o (.text.Gimbal_YawGetFeedback)
                  0001224c    00000010     key.o (.text.Key_GetEvent)
                  0001225c    00000010     obstacle_avoidance.o (.text.ObstacleAvoidance_IsResumeGraceActive)
                  0001226c    00000010     libc.a : copy_zero_init.c.obj (.text:decompress:ZI)
                  0001227c    0000000c     car_controller.o (.text.CarController_GetRunMode)
                  00012288    0000000c     car_controller.o (.text.CarController_Init)
                  00012294    0000000c     car_controller.o (.text.CarController_IsSafetyHoldActive)
                  000122a0    0000000c     car_state.o (.text.CarState_Get)
                  000122ac    0000000c     car_state.o (.text.CarState_Init)
                  000122b8    0000000c     car_state.o (.text.CarState_Set)
                  000122c4    0000000c     emergency_stop.o (.text.EmergencyStop_Init)
                  000122d0    0000000c     emergency_stop.o (.text.EmergencyStop_IsActive)
                  000122dc    0000000c     gimbal_vision_adapter.o (.text.GimbalVisionAdapter_GetObservation)
                  000122e8    0000000c     gimbal.o (.text.Gimbal_Tick100us)
                  000122f4    0000000c     gimbal.o (.text.Gimbal_Update5ms)
                  00012300    0000000c     imu.o (.text.Imu_GetCorrectedGyroZDps)
                  0001230c    0000000c     imu.o (.text.Imu_GetYaw)
                  00012318    0000000c     menu.o (.text.Menu_GetPage)
                  00012324    0000000c     menu.o (.text.Menu_GetParamItem)
                  00012330    0000000c     mission_manager.o (.text.MissionManager_IsExternallyHeld)
                  0001233c    0000000c     mission_manager.o (.text.MissionManager_SetExternalHold)
                  00012348    0000000c     obstacle_avoidance.o (.text.ObstacleAvoidance_IsActive)
                  00012354    0000000c     obstacle_avoidance.o (.text.ObstacleAvoidance_IsFailed)
                  00012360    0000000c     obstacle_safety.o (.text.ObstacleSafety_IsHolding)
                  0001236c    0000000c     oled_ui.o (.text.OledUi_Init)
                  00012378    0000000c     empty.o (.text.SystemTime_GetMs)
                  00012384    0000000c     watchdog_monitor.o (.text.WatchdogMonitor_HasTripped)
                  00012390    0000000c     libclang_rt.builtins.a : aeabi_memset.S.obj (.text.__aeabi_memclr)
                  0001239c    0000000a     driverlib.a : dl_common.o (.text.DL_Common_delayCycles)
                  000123a6    0000000a     track_sensor.o (.text.TrackSensor_IsCenterDetected)
                  000123b0    0000000a     track_sensor.o (.text.TrackSensor_IsLineDetected)
                  000123ba    0000000a     track_sensor.o (.text.TrackSensor_IsLineLost)
                  000123c4    00000008     car_controller.o (.text.CarController_GetFeedback)
                  000123cc    00000008     fault.o (.text.Fault_GetRecord)
                  000123d4    00000008     gimbal_stepper.o (.text.GimbalStepper_GetFeedback)
                  000123dc    00000008     gimbal_vision_adapter.o (.text.GimbalVisionAdapter_GetFeedback)
                  000123e4    00000008     gimbal.o (.text.Gimbal_PitchStopTrackingHold)
                  000123ec    00000008     heading_control.o (.text.HeadingControl_GetRuntime)
                  000123f4    00000008     imu.o (.text.Imu_GetRuntime)
                  000123fc    00000008     line_controller.o (.text.LineController_GetRuntime)
                  00012404    00000008     mission_manager.o (.text.MissionManager_GetMissionCount)
                  0001240c    00000008     mission_manager.o (.text.MissionManager_GetRuntime)
                  00012414    00000008     motion_action.o (.text.MotionAction_GetRuntime)
                  0001241c    00000008     motor_control.o (.text.MotorControl_GetRuntime)
                  00012424    00000008     obstacle_avoidance.o (.text.ObstacleAvoidance_GetFeedback)
                  0001242c    00000008     obstacle_monitor.o (.text.ObstacleMonitor_GetFeedback)
                  00012434    00000008     runtime_snapshot.o (.text.RuntimeSnapshot_Get)
                  0001243c    00000008     servo.o (.text.Servo_GetFeedback)
                  00012444    00000008     ultrasonic.o (.text.Ultrasonic_GetFeedback)
                  0001244c    00000008     vision_pitch_tuning.o (.text.VisionPitchTuning_GetStatus)
                  00012454    00000008     vision_receiver.o (.text.VisionReceiver_GetObservation)
                  0001245c    00000008     vision_receiver.o (.text.VisionReceiver_GetStatus)
                  00012464    00000008     vision_tuning_console.o (.text.VisionTuningConsole_GetStatus)
                  0001246c    00000008     watchdog_monitor.o (.text.WatchdogMonitor_GetStatus)
                  00012474    00000008     wheel_speed_estimator.o (.text.WheelSpeedEstimator_GetRuntime)
                  0001247c    00000008     libclang_rt.builtins.a : aeabi_memcpy.S.obj (.text.__aeabi_memcpy)
                  00012484    00000008                            : aeabi_memmove.S.obj (.text.__aeabi_memmove)
                  0001248c    00000006     libc.a : exit.c.obj (.text:abort)
                  00012492    00000004     libsysbm.a : hostexit.c.obj (.text.HOSTexit)
                  00012496    00000004     mission_library.o (.text.MissionLibrary_GetCount)
                  0001249a    00000004     startup_mspm0g350x_ticlang.o (.text.Reset_Handler)
                  0001249e    00000002     --HOLE-- [fill = 0]
                  000124a0    00000010     libc.a : boot_cortex_m.c.obj (.tramp._c_int00_noargs.1)
                  000124b0    00000004            : pre_init.c.obj (.text._system_pre_init)
                  000124b4    0000000c     --HOLE-- [fill = 0]

.cinit     0    00012d18    00000030     
                  00012d18    0000000c     (__TI_handler_table)
                  00012d24    00000008     (.cinit..bss.load) [load image, compression = zero_init]
                  00012d2c    00000005     (.cinit..data.load) [load image, compression = lzss]
                  00012d31    00000003     --HOLE-- [fill = 0]
                  00012d34    00000010     (__TI_cinit_table)
                  00012d44    00000004     --HOLE-- [fill = 0]

.rodata    0    000124c0    00000858     
                  000124c0    000000d8     oled.o (.rodata..Lswitch.table.OLED_PrintChar)
                  00012598    00000048     mission_library.o (.rodata.g_missionTestDistance20)
                  000125e0    00000048     mission_library.o (.rodata.g_missionTestLine)
                  00012628    00000048     mission_library.o (.rodata.g_missionTestTurn)
                  00012670    00000030     oled_ui.o (.rodata..Lswitch.table.OledUi_Update_20ms.191)
                  000126a0    00000030     mission_library.o (.rodata.g_missionRegistry)
                  000126d0    00000024     oled_ui.o (.rodata..Lswitch.table.OledUi_Update_20ms.195)
                  000126f4    00000024     oled_ui.o (.rodata..Lswitch.table.OledUi_Update_20ms.197)
                  00012718    00000020     oled_ui.o (.rodata..Lswitch.table.OledUi_Update_20ms.196)
                  00012738    0000001c     menu.o (.rodata..Lswitch.table.Menu_ParamItemToString)
                  00012754    0000001c     vision_tuning_console.o (.rodata.str1.1836208005852235077.1)
                  00012770    00000018     oled_ui.o (.rodata..Lswitch.table.OledUi_Update_20ms.188)
                  00012788    00000018     oled_ui.o (.rodata..Lswitch.table.OledUi_Update_20ms.198)
                  000127a0    00000018     vision_pitch_tuning.o (.rodata..Lswitch.table.VisionPitchTuning_ParamName)
                  000127b8    00000014     oled_ui.o (.rodata..Lswitch.table.OledUi_Update_20ms.199)
                  000127cc    00000014     vision_yaw_tuning.o (.rodata..Lswitch.table.VisionYawTuning_ParamName)
                  000127e0    0000000e     oled_ui.o (.rodata.str1.10416366799939242409.1)
                  000127ee    00000002     ti_msp_dl_config.o (.rodata.gUART_VISIONClockConfig)
                  000127f0    0000000c     oled_ui.o (.rodata..Lswitch.table.OledUi_Update_20ms.190)
                  000127fc    0000000c     oled_ui.o (.rodata..Lswitch.table.OledUi_Update_20ms.192)
                  00012808    0000000c     oled_ui.o (.rodata..Lswitch.table.OledUi_Update_20ms)
                  00012814    0000000a     ti_msp_dl_config.o (.rodata.gUART_VISIONConfig)
                  0001281e    0000000a     oled_ui.o (.rodata.str1.12447783896598192203.1)
                  00012828    0000000a     mission_library.o (.rodata.str1.13636476544574750902.1)
                  00012832    0000000a     mission_library.o (.rodata.str1.15668266851434757964.1)
                  0001283c    0000000a     mission_library.o (.rodata.str1.199678142196697465.1)
                  00012846    0000000a     vision_tuning_console.o (.rodata.str1.4859846923128959820.1)
                  00012850    0000000a     vision_tuning_console.o (.rodata.str1.7225688704195888286.1)
                  0001285a    00000002     oled_ui.o (.rodata.str1.12504350857748951577.1)
                  0001285c    00000008     ti_msp_dl_config.o (.rodata.gPWM_MOTORConfig)
                  00012864    00000008     vision_tuning_console.o (.rodata.str1.11718269490974306969.1)
                  0001286c    00000008     oled_ui.o (.rodata.str1.12043213579996415112.1)
                  00012874    00000008     oled_ui.o (.rodata.str1.17747339173178619492.1)
                  0001287c    00000008     oled_ui.o (.rodata.str1.2656948373757303877.1)
                  00012884    00000008     vision_tuning_console.o (.rodata.str1.3293472937029561918.1)
                  0001288c    00000008     oled_ui.o (.rodata.str1.8399051469953744892.1)
                  00012894    00000008     oled_ui.o (.rodata.str1.8703997732205428909.1)
                  0001289c    00000008     oled_ui.o (.rodata.str1.9159586779647977165.1)
                  000128a4    00000008     oled_ui.o (.rodata.str1.9611283282870761829.1)
                  000128ac    00000007     menu.o (.rodata..Lswitch.table.Menu_HandleKeyEvent.8)
                  000128b3    00000007     vision_tuning_console.o (.rodata.str1.10860306953068020798.1)
                  000128ba    00000007     oled_ui.o (.rodata.str1.17067061841413117831.1)
                  000128c1    00000007     oled_ui.o (.rodata.str1.7219546930854689545.1)
                  000128c8    00000006     vision_tuning_console.o (.rodata.str1.10319329813075420582.1)
                  000128ce    00000006     oled_ui.o (.rodata.str1.1108652269057166745.1)
                  000128d4    00000006     oled_ui.o (.rodata.str1.12493748764729730277.1)
                  000128da    00000006     oled_ui.o (.rodata.str1.14142815821055334776.1)
                  000128e0    00000006     oled_ui.o (.rodata.str1.1445687256832830955.1)
                  000128e6    00000006     oled_ui.o (.rodata.str1.16526439943277383452.1)
                  000128ec    00000006     oled_ui.o (.rodata.str1.17540787658903907660.1)
                  000128f2    00000006     oled_ui.o (.rodata.str1.17678525341650131470.1)
                  000128f8    00000006     oled_ui.o (.rodata.str1.2308938766145545715.1)
                  000128fe    00000006     oled_ui.o (.rodata.str1.2608729314174233125.1)
                  00012904    00000006     vision_tuning_console.o (.rodata.str1.4028100529439820245.1)
                  0001290a    00000006     oled_ui.o (.rodata.str1.4551794666512319153.1)
                  00012910    00000006     oled_ui.o (.rodata.str1.5948326995020184415.1)
                  00012916    00000006     oled_ui.o (.rodata.str1.6806727740681590176.1)
                  0001291c    00000006     oled_ui.o (.rodata.str1.8236579331345056500.1)
                  00012922    00000006     oled_ui.o (.rodata.str1.9229350655415085.1)
                  00012928    00000005     menu.o (.rodata..Lswitch.table.Menu_HandleKeyEvent)
                  0001292d    00000005     oled.o (.rodata.oled_get_glyph.colon)
                  00012932    00000005     oled.o (.rodata.oled_get_glyph.eight)
                  00012937    00000005     oled.o (.rodata.oled_get_glyph.five)
                  0001293c    00000005     oled.o (.rodata.oled_get_glyph.four)
                  00012941    00000005     oled.o (.rodata.oled_get_glyph.glyphA)
                  00012946    00000005     oled.o (.rodata.oled_get_glyph.glyphB)
                  0001294b    00000005     oled.o (.rodata.oled_get_glyph.glyphC)
                  00012950    00000005     oled.o (.rodata.oled_get_glyph.glyphD)
                  00012955    00000005     oled.o (.rodata.oled_get_glyph.glyphE)
                  0001295a    00000005     oled.o (.rodata.oled_get_glyph.glyphG)
                  0001295f    00000005     oled.o (.rodata.oled_get_glyph.glyphH)
                  00012964    00000005     oled.o (.rodata.oled_get_glyph.glyphI)
                  00012969    00000005     oled.o (.rodata.oled_get_glyph.glyphK)
                  0001296e    00000005     oled.o (.rodata.oled_get_glyph.glyphL)
                  00012973    00000005     oled.o (.rodata.oled_get_glyph.glyphM)
                  00012978    00000005     oled.o (.rodata.oled_get_glyph.glyphN)
                  0001297d    00000005     oled.o (.rodata.oled_get_glyph.glyphO)
                  00012982    00000005     oled.o (.rodata.oled_get_glyph.glyphP)
                  00012987    00000005     oled.o (.rodata.oled_get_glyph.glyphR)
                  0001298c    00000005     oled.o (.rodata.oled_get_glyph.glyphS)
                  00012991    00000005     oled.o (.rodata.oled_get_glyph.glyphT)
                  00012996    00000005     oled.o (.rodata.oled_get_glyph.glyphU)
                  0001299b    00000005     oled.o (.rodata.oled_get_glyph.glyphV)
                  000129a0    00000005     oled.o (.rodata.oled_get_glyph.glyphW)
                  000129a5    00000005     oled.o (.rodata.oled_get_glyph.glyphX)
                  000129aa    00000005     oled.o (.rodata.oled_get_glyph.glyphY)
                  000129af    00000005     oled.o (.rodata.oled_get_glyph.glyphb)
                  000129b4    00000005     oled.o (.rodata.oled_get_glyph.gt)
                  000129b9    00000005     oled.o (.rodata.oled_get_glyph.minus)
                  000129be    00000005     oled.o (.rodata.oled_get_glyph.nine)
                  000129c3    00000005     oled.o (.rodata.oled_get_glyph.one)
                  000129c8    00000005     oled.o (.rodata.oled_get_glyph.seven)
                  000129cd    00000005     oled.o (.rodata.oled_get_glyph.six)
                  000129d2    00000005     oled.o (.rodata.oled_get_glyph.space)
                  000129d7    00000005     oled.o (.rodata.oled_get_glyph.three)
                  000129dc    00000005     oled.o (.rodata.oled_get_glyph.two)
                  000129e1    00000005     oled.o (.rodata.oled_get_glyph.zero)
                  000129e6    00000005     oled_ui.o (.rodata.str1.10077435089618835710.1)
                  000129eb    00000005     oled_ui.o (.rodata.str1.10509309789429088155.1)
                  000129f0    00000005     oled_ui.o (.rodata.str1.11049990970699464748.1)
                  000129f5    00000005     oled_ui.o (.rodata.str1.11428648044669318875.1)
                  000129fa    00000005     oled_ui.o (.rodata.str1.12359577037488465078.1)
                  000129ff    00000005     oled_ui.o (.rodata.str1.12595606217184830646.1)
                  00012a04    00000005     oled_ui.o (.rodata.str1.13567883086814673087.1)
                  00012a09    00000005     oled_ui.o (.rodata.str1.13790669171379415506.1)
                  00012a0e    00000005     vision_pitch_tuning.o (.rodata.str1.13915893147848268398.1)
                  00012a13    00000005     oled_ui.o (.rodata.str1.14358698208395374265.1)
                  00012a18    00000005     fault.o (.rodata.str1.14435905801345341244.1)
                  00012a1d    00000005     oled_ui.o (.rodata.str1.14521350379984854626.1)
                  00012a22    00000005     fault.o (.rodata.str1.1506612114648992996.1)
                  00012a27    00000005     oled_ui.o (.rodata.str1.15132332204781002199.1)
                  00012a2c    00000005     oled_ui.o (.rodata.str1.15613891207764622616.1)
                  00012a31    00000005     oled_ui.o (.rodata.str1.15817398807211891688.1)
                  00012a36    00000005     oled_ui.o (.rodata.str1.15829239520183577662.1)
                  00012a3b    00000005     oled_ui.o (.rodata.str1.16411631209783952401.1)
                  00012a40    00000005     oled_ui.o (.rodata.str1.16895433903389883335.1)
                  00012a45    00000005     oled_ui.o (.rodata.str1.16931641404301806744.1)
                  00012a4a    00000005     oled_ui.o (.rodata.str1.16939060351352778619.1)
                  00012a4f    00000005     fault.o (.rodata.str1.17097894860660336008.1)
                  00012a54    00000005     fault.o (.rodata.str1.17155043670132108083.1)
                  00012a59    00000005     vision_tuning_console.o (.rodata.str1.17265544270347038021.1)
                  00012a5e    00000005     oled_ui.o (.rodata.str1.17464849429964608858.1)
                  00012a63    00000005     oled_ui.o (.rodata.str1.18128648927899109887.1)
                  00012a68    00000005     oled_ui.o (.rodata.str1.2002540315216928218.1)
                  00012a6d    00000005     fault.o (.rodata.str1.2104670281202025270.1)
                  00012a72    00000005     oled_ui.o (.rodata.str1.2522137003438374266.1)
                  00012a77    00000005     oled_ui.o (.rodata.str1.2603845803395459882.1)
                  00012a7c    00000005     oled_ui.o (.rodata.str1.2742282290834473644.1)
                  00012a81    00000005     oled_ui.o (.rodata.str1.35417727660486075.1)
                  00012a86    00000005     oled_ui.o (.rodata.str1.3702290527496711532.1)
                  00012a8b    00000005     fault.o (.rodata.str1.4453281041433270631.1)
                  00012a90    00000005     fault.o (.rodata.str1.4549004730087743662.1)
                  00012a95    00000005     oled_ui.o (.rodata.str1.4581472623415959594.1)
                  00012a9a    00000005     oled_ui.o (.rodata.str1.4610220316623841660.1)
                  00012a9f    00000005     menu.o (.rodata.str1.4862307748908978627.1)
                  00012aa4    00000005     oled_ui.o (.rodata.str1.4932371652560868037.1)
                  00012aa9    00000005     oled_ui.o (.rodata.str1.5376340479846291137.1)
                  00012aae    00000005     fault.o (.rodata.str1.6372787129294360447.1)
                  00012ab3    00000005     oled_ui.o (.rodata.str1.6398192001994169976.1)
                  00012ab8    00000005     fault.o (.rodata.str1.6437946768974223044.1)
                  00012abd    00000005     oled_ui.o (.rodata.str1.6954814719705590448.1)
                  00012ac2    00000005     oled_ui.o (.rodata.str1.7419768602719733415.1)
                  00012ac7    00000005     vision_yaw_tuning.o (.rodata.str1.7764041101441114269.1)
                  00012acc    00000005     oled_ui.o (.rodata.str1.7774807581888385879.1)
                  00012ad1    00000005     oled_ui.o (.rodata.str1.8018480777946742726.1)
                  00012ad6    00000005     fault.o (.rodata.str1.8185770893384132067.1)
                  00012adb    00000005     oled_ui.o (.rodata.str1.8403269972884532600.1)
                  00012ae0    00000005     oled_ui.o (.rodata.str1.8426569189266129334.1)
                  00012ae5    00000005     oled_ui.o (.rodata.str1.8460525935980491721.1)
                  00012aea    00000005     oled_ui.o (.rodata.str1.8615431116298670950.1)
                  00012aef    00000005     oled_ui.o (.rodata.str1.8693388333057100694.1)
                  00012af4    00000005     oled_ui.o (.rodata.str1.9044019526854345694.1)
                  00012af9    00000005     oled_ui.o (.rodata.str1.9102528229756940648.1)
                  00012afe    00000005     oled_ui.o (.rodata.str1.9135818829835424837.1)
                  00012b03    00000005     oled_ui.o (.rodata.str1.9295666102996717355.1)
                  00012b08    00000005     oled_ui.o (.rodata.str1.9554470707595806150.1)
                  00012b0d    00000005     oled_ui.o (.rodata.str1.9822857334037886482.1)
                  00012b12    00000004     oled_ui.o (.rodata.str1.10163600690795753232.1)
                  00012b16    00000004     oled_ui.o (.rodata.str1.1019225241002246410.1)
                  00012b1a    00000004     oled_ui.o (.rodata.str1.10263419832828250601.1)
                  00012b1e    00000004     oled_ui.o (.rodata.str1.10568433575767188072.1)
                  00012b22    00000004     oled_ui.o (.rodata.str1.10600688730180713177.1)
                  00012b26    00000004     oled_ui.o (.rodata.str1.11149198520117834688.1)
                  00012b2a    00000004     oled_ui.o (.rodata.str1.11178346780556493352.1)
                  00012b2e    00000004     oled_ui.o (.rodata.str1.11232419324784801130.1)
                  00012b32    00000004     oled_ui.o (.rodata.str1.11627403558423016802.1)
                  00012b36    00000004     menu.o (.rodata.str1.12110183915172842339.1)
                  00012b3a    00000004     oled_ui.o (.rodata.str1.12182588061437138428.1)
                  00012b3e    00000004     oled_ui.o (.rodata.str1.12571791089077708471.1)
                  00012b42    00000004     oled_ui.o (.rodata.str1.12617122458660443890.1)
                  00012b46    00000004     oled_ui.o (.rodata.str1.1276391367487699528.1)
                  00012b4a    00000004     oled_ui.o (.rodata.str1.12888220461447056082.1)
                  00012b4e    00000004     oled_ui.o (.rodata.str1.12983537867572525563.1)
                  00012b52    00000004     oled_ui.o (.rodata.str1.13244290092665904221.1)
                  00012b56    00000004     oled_ui.o (.rodata.str1.13271657277589579873.1)
                  00012b5a    00000004     fault.o (.rodata.str1.13582094816268305212.1)
                  00012b5e    00000004     oled_ui.o (.rodata.str1.13875148296791986931.1)
                  00012b62    00000004     oled_ui.o (.rodata.str1.13882251010780863896.1)
                  00012b66    00000004     oled_ui.o (.rodata.str1.13892659840332223045.1)
                  00012b6a    00000004     vision_tuning_console.o (.rodata.str1.14084955404328172175.1)
                  00012b6e    00000004     oled_ui.o (.rodata.str1.14132186318895045592.1)
                  00012b72    00000004     oled_ui.o (.rodata.str1.14134189893851348960.1)
                  00012b76    00000004     oled_ui.o (.rodata.str1.14265077442249237877.1)
                  00012b7a    00000004     oled_ui.o (.rodata.str1.14675223611663555778.1)
                  00012b7e    00000004     oled_ui.o (.rodata.str1.14740362735394205067.1)
                  00012b82    00000004     oled_ui.o (.rodata.str1.15008238333949226094.1)
                  00012b86    00000004     oled_ui.o (.rodata.str1.15575624326185233262.1)
                  00012b8a    00000004     oled_ui.o (.rodata.str1.15577080202403550426.1)
                  00012b8e    00000004     oled_ui.o (.rodata.str1.15802367878353263018.1)
                  00012b92    00000004     oled_ui.o (.rodata.str1.15935041339501476673.1)
                  00012b96    00000004     menu.o (.rodata.str1.16312125044762562515.1)
                  00012b9a    00000004     fault.o (.rodata.str1.16482347271627360806.1)
                  00012b9e    00000004     oled_ui.o (.rodata.str1.16496169091617228061.1)
                  00012ba2    00000004     vision_pitch_tuning.o (.rodata.str1.16579632732967443104.1)
                  00012ba6    00000004     oled_ui.o (.rodata.str1.16635595130967924751.1)
                  00012baa    00000004     oled_ui.o (.rodata.str1.16849766574302683489.1)
                  00012bae    00000004     menu.o (.rodata.str1.17041139162815566052.1)
                  00012bb2    00000004     oled_ui.o (.rodata.str1.17274519358952562110.1)
                  00012bb6    00000004     oled_ui.o (.rodata.str1.17719310104486814868.1)
                  00012bba    00000004     oled_ui.o (.rodata.str1.17763996158807330232.1)
                  00012bbe    00000004     oled_ui.o (.rodata.str1.17881291656140238186.1)
                  00012bc2    00000004     oled_ui.o (.rodata.str1.18190418239766617312.1)
                  00012bc6    00000004     oled_ui.o (.rodata.str1.182352409660151230.1)
                  00012bca    00000004     oled_ui.o (.rodata.str1.18266126048138325213.1)
                  00012bce    00000004     oled_ui.o (.rodata.str1.18379317056176403938.1)
                  00012bd2    00000004     oled_ui.o (.rodata.str1.1974573040514735405.1)
                  00012bd6    00000004     oled_ui.o (.rodata.str1.2193316011307952170.1)
                  00012bda    00000004     oled_ui.o (.rodata.str1.240075016795266086.1)
                  00012bde    00000004     oled_ui.o (.rodata.str1.270145429241168923.1)
                  00012be2    00000004     oled_ui.o (.rodata.str1.2983744876309220570.1)
                  00012be6    00000004     oled_ui.o (.rodata.str1.3407221357956504873.1)
                  00012bea    00000004     oled_ui.o (.rodata.str1.344790106308886506.1)
                  00012bee    00000004     oled_ui.o (.rodata.str1.3455423528827705371.1)
                  00012bf2    00000004     oled_ui.o (.rodata.str1.3467953211977455017.1)
                  00012bf6    00000004     oled_ui.o (.rodata.str1.4193589846040060630.1)
                  00012bfa    00000004     oled_ui.o (.rodata.str1.4402311448527872260.1)
                  00012bfe    00000004     oled_ui.o (.rodata.str1.4581686099848791648.1)
                  00012c02    00000004     oled_ui.o (.rodata.str1.4582914374586912483.1)
                  00012c06    00000004     oled_ui.o (.rodata.str1.4691821198597473371.1)
                  00012c0a    00000004     oled_ui.o (.rodata.str1.4723632947289500520.1)
                  00012c0e    00000004     oled_ui.o (.rodata.str1.5004483696121082904.1)
                  00012c12    00000004     oled_ui.o (.rodata.str1.5689016102676777062.1)
                  00012c16    00000004     oled_ui.o (.rodata.str1.5853739094453432564.1)
                  00012c1a    00000004     oled_ui.o (.rodata.str1.58703915094955230.1)
                  00012c1e    00000004     oled_ui.o (.rodata.str1.5965450730569173784.1)
                  00012c22    00000004     oled_ui.o (.rodata.str1.5965888106848176421.1)
                  00012c26    00000004     oled_ui.o (.rodata.str1.6350830172869379626.1)
                  00012c2a    00000004     oled_ui.o (.rodata.str1.6835749436006845616.1)
                  00012c2e    00000004     menu.o (.rodata.str1.6857549598058878762.1)
                  00012c32    00000004     oled_ui.o (.rodata.str1.7185587941321649510.1)
                  00012c36    00000004     oled_ui.o (.rodata.str1.7205245123442117851.1)
                  00012c3a    00000004     fault.o (.rodata.str1.7255546073596598018.1)
                  00012c3e    00000004     oled_ui.o (.rodata.str1.763101100280173925.1)
                  00012c42    00000004     oled_ui.o (.rodata.str1.8124536758062367015.1)
                  00012c46    00000004     oled_ui.o (.rodata.str1.8449035241871861290.1)
                  00012c4a    00000004     oled_ui.o (.rodata.str1.8471462185882660445.1)
                  00012c4e    00000004     oled_ui.o (.rodata.str1.8709745090823444516.1)
                  00012c52    00000004     oled_ui.o (.rodata.str1.8783421139296713095.1)
                  00012c56    00000004     oled_ui.o (.rodata.str1.8950259614286592359.1)
                  00012c5a    00000004     vision_tuning_console.o (.rodata.str1.9292707793305368794.1)
                  00012c5e    00000004     oled_ui.o (.rodata.str1.9351772214919528733.1)
                  00012c62    00000004     vision_yaw_tuning.o (.rodata.str1.9489746196023004463.1)
                  00012c66    00000004     oled_ui.o (.rodata.str1.9584387800903135389.1)
                  00012c6a    00000004     oled_ui.o (.rodata.str1.9646571805098343045.1)
                  00012c6e    00000004     oled_ui.o (.rodata.str1.967006512144173535.1)
                  00012c72    00000004     oled_ui.o (.rodata.str1.9854382722193312766.1)
                  00012c76    00000004     oled_ui.o (.rodata.str1.9992244628984851027.1)
                  00012c7a    00000003     ti_msp_dl_config.o (.rodata.gPWM_MOTORClockConfig)
                  00012c7d    00000003     oled_ui.o (.rodata.str1.10430294223631918979.1)
                  00012c80    00000003     vision_pitch_tuning.o (.rodata.str1.10553819018306626402.1)
                  00012c83    00000003     oled_ui.o (.rodata.str1.10907125332684471422.1)
                  00012c86    00000003     oled_ui.o (.rodata.str1.11388022865931857840.1)
                  00012c89    00000003     oled_ui.o (.rodata.str1.11614055506586029288.1)
                  00012c8c    00000003     oled_ui.o (.rodata.str1.11794000050372113979.1)
                  00012c8f    00000003     vision_tuning_console.o (.rodata.str1.12197883643583142124.1)
                  00012c92    00000003     oled_ui.o (.rodata.str1.12697925274637991987.1)
                  00012c95    00000003     oled_ui.o (.rodata.str1.12928245060369742404.1)
                  00012c98    00000003     oled_ui.o (.rodata.str1.130772507669342127.1)
                  00012c9b    00000003     menu.o (.rodata.str1.13124720451672825294.1)
                  00012c9e    00000003     oled_ui.o (.rodata.str1.13750180467131823662.1)
                  00012ca1    00000003     oled_ui.o (.rodata.str1.13871579367539052597.1)
                  00012ca4    00000003     menu.o (.rodata.str1.14098755746347272832.1)
                  00012ca7    00000003     oled_ui.o (.rodata.str1.14556837007311414654.1)
                  00012caa    00000003     oled_ui.o (.rodata.str1.14711868471336838103.1)
                  00012cad    00000003     oled_ui.o (.rodata.str1.14774750633985060196.1)
                  00012cb0    00000003     vision_pitch_tuning.o (.rodata.str1.15082469624955958926.1)
                  00012cb3    00000003     vision_yaw_tuning.o (.rodata.str1.15455206247194842411.1)
                  00012cb6    00000003     oled_ui.o (.rodata.str1.15859922799842739878.1)
                  00012cb9    00000003     oled_ui.o (.rodata.str1.16290499236105125126.1)
                  00012cbc    00000003     vision_tuning_console.o (.rodata.str1.16336339630363933256.1)
                  00012cbf    00000003     oled_ui.o (.rodata.str1.16554583589798097927.1)
                  00012cc2    00000003     vision_pitch_tuning.o (.rodata.str1.17185918124541117546.1)
                  00012cc5    00000003     oled_ui.o (.rodata.str1.17242430504649735449.1)
                  00012cc8    00000003     oled_ui.o (.rodata.str1.17436941090773226089.1)
                  00012ccb    00000003     oled_ui.o (.rodata.str1.17763087492223448992.1)
                  00012cce    00000003     oled_ui.o (.rodata.str1.17812014771544466701.1)
                  00012cd1    00000003     oled_ui.o (.rodata.str1.17884296644359297425.1)
                  00012cd4    00000003     vision_pitch_tuning.o (.rodata.str1.18308346119964257230.1)
                  00012cd7    00000003     vision_pitch_tuning.o (.rodata.str1.2353024170771920291.1)
                  00012cda    00000003     oled_ui.o (.rodata.str1.2714695401222167146.1)
                  00012cdd    00000003     oled_ui.o (.rodata.str1.3025253791635144717.1)
                  00012ce0    00000003     vision_yaw_tuning.o (.rodata.str1.4032468970572441659.1)
                  00012ce3    00000003     oled_ui.o (.rodata.str1.4082595774073207366.1)
                  00012ce6    00000003     menu.o (.rodata.str1.4646809750356241979.1)
                  00012ce9    00000003     oled_ui.o (.rodata.str1.5463568455719735.1)
                  00012cec    00000003     vision_yaw_tuning.o (.rodata.str1.6393086909333857079.1)
                  00012cef    00000003     oled_ui.o (.rodata.str1.6473435968988645044.1)
                  00012cf2    00000003     vision_yaw_tuning.o (.rodata.str1.6657421771701333087.1)
                  00012cf5    00000003     oled_ui.o (.rodata.str1.6744096065564390185.1)
                  00012cf8    00000003     oled_ui.o (.rodata.str1.7050595558965647569.1)
                  00012cfb    00000003     oled_ui.o (.rodata.str1.7481335054564682966.1)
                  00012cfe    00000003     fault.o (.rodata.str1.8193046109637024842.1)
                  00012d01    00000003     oled_ui.o (.rodata.str1.9250665025187963892.1)
                  00012d04    00000003     oled_ui.o (.rodata.str1.9544068167406571052.1)
                  00012d07    00000002     oled_ui.o (.rodata.str1.14168333168339663346.1)
                  00012d09    00000002     oled_ui.o (.rodata.str1.15917848551323629232.1)
                  00012d0b    00000002     oled_ui.o (.rodata.str1.17717236995185551183.1)
                  00012d0d    00000002     oled_ui.o (.rodata.str1.5291836437463020264.1)
                  00012d0f    00000002     oled_ui.o (.rodata.str1.799718701096035713.1)
                  00012d11    00000007     --HOLE-- [fill = 0]

.init_array 
*          0    00000000    00000000     UNINITIALIZED

.binit     0    00000000    00000000     

.bss       0    20200000    00000d7b     UNINITIALIZED
                  20200000    00000200     vision_receiver.o (.bss.g_ring)
                  20200200    000001b8     runtime_snapshot.o (.bss.g_snapshot)
                  202003b8    00000100     vision_tuning_console.o (.bss.g_rxRing)
                  202004b8    00000100     vision_tuning_console.o (.bss.g_txRing)
                  202005b8    000000f8     (.common:g_appConfig)
                  202006b0    00000084     (.common:g_imuRuntime)
                  20200734    0000007c     motor_control.o (.bss.g_runtime)
                  202007b0    00000058     vision_receiver.o (.bss.g_status)
                  20200808    00000058     (.common:g_wheelSpeedEstimatorRuntime)
                  20200860    00000054     (.common:g_appRuntime)
                  202008b4    00000048     gimbal_vision_adapter.o (.bss.g_feedback)
                  202008fc    00000004     imu.o (.bss.g_elapsedSinceValidSampleMs)
                  20200900    00000040     gimbal.o (.bss.g_feedback)
                  20200940    00000040     vision_tuning_console.o (.bss.g_line)
                  20200980    00000040     line_controller.o (.bss.g_lineRuntime)
                  202009c0    00000040     gimbal.o (.bss.g_pitchFeedback)
                  20200a00    00000030     (.common:gUART_VISIONBackup)
                  20200a30    0000002c     vision_receiver.o (.bss.g_observation)
                  20200a5c    0000002c     empty.o (.bss.g_schedulerStats)
                  20200a88    00000028     gimbal_tracker.o (.bss.g_feedback)
                  20200ab0    00000028     vision_receiver.o (.bss.g_frame)
                  20200ad8    00000024     gimbal_vision_yaw_tracker.o (.bss.g_feedback)
                  20200afc    0000001c     mission_manager.o (.bss.g_missionRuntime)
                  20200b18    0000001c     (.common:g_headingRuntime)
                  20200b34    00000018     obstacle_avoidance.o (.bss.g_avoidFeedback)
                  20200b4c    00000004     gimbal_tracker.o (.bss.g_filteredErrorX)
                  20200b50    00000018     gimbal_stepper.o (.bss.g_feedback)
                  20200b68    00000018     gimbal_vision_pitch_tracker.o (.bss.g_feedback)
                  20200b80    00000018     vision_pitch_tuning.o (.bss.g_status)
                  20200b98    00000018     vision_tuning_console.o (.bss.g_status)
                  20200bb0    00000014     motion_action.o (.bss.g_motionActionRuntime)
                  20200bc4    00000004     gimbal_tracker.o (.bss.g_filteredErrorY)
                  20200bc8    00000014     vision_yaw_tuning.o (.bss.g_status)
                  20200bdc    00000014     watchdog_monitor.o (.bss.g_status)
                  20200bf0    00000010     fault.o (.bss.g_faultRecord)
                  20200c00    00000010     motor.o (.bss.g_motorRuntime)
                  20200c10    0000000e     car_controller.o (.bss.g_carControllerFeedback)
                  20200c1e    00000002     ultrasonic.o (.bss.g_echoTicks)
                  20200c20    0000000e     ultrasonic.o (.bss.g_ultrasonicFeedback)
                  20200c2e    00000002     gimbal.o (.bss.g_pitchHalfPeriodTicks)
                  20200c30    0000000c     gimbal_tracker.o (.bss.g_observation)
                  20200c3c    0000000c     debug_telemetry.o (.bss.g_status)
                  20200c48    00000008     obstacle_monitor.o (.bss.g_obstacleFeedback)
                  20200c50    00000008     gimbal.o (.bss.g_pitchContinuousDegX10)
                  20200c58    00000008     gimbal.o (.bss.g_pitchEstimatedSteps)
                  20200c60    00000008     gimbal.o (.bss.g_pitchTargetDegX10)
                  20200c68    00000008     gimbal.o (.bss.g_pitchTargetEstimatedSteps)
                  20200c70    00000008     gimbal_stepper.o (.bss.g_stepperEstimatedSteps)
                  20200c78    00000008     gimbal_stepper.o (.bss.g_stepperTargetEstimatedSteps)
                  20200c80    00000008     gimbal.o (.bss.g_yawContinuousDegX10)
                  20200c88    00000008     gimbal.o (.bss.g_yawLockedWorldYawDegX10)
                  20200c90    00000008     gimbal.o (.bss.g_yawTargetContinuousDegX10)
                  20200c98    00000008     gimbal.o (.bss.g_yawWorldTargetDegX10)
                  20200ca0    00000008     gimbal.o (.bss.g_yawWrappedDegX10)
                  20200ca8    00000006     ultrasonic.o (.bss.g_distanceSamples)
                  20200cae    00000006     key.o (.bss.g_key1)
                  20200cb4    00000006     key.o (.bss.g_key2)
                  20200cba    00000006     key.o (.bss.g_key3)
                  20200cc0    00000004     gimbal_vision_adapter.o (.bss.g_lastAcceptedFrameCount)
                  20200cc4    00000004     debug_telemetry.o (.bss.g_lastFrameMs)
                  20200cc8    00000004     watchdog_monitor.o (.bss.g_lastTickMs)
                  20200ccc    00000004     wheel_speed_estimator.o (.bss.g_latchedErrorFlags)
                  20200cd0    00000004     empty.o (.bss.g_localTimeMs)
                  20200cd4    00000004     encoder.o (.bss.g_motorAPulses)
                  20200cd8    00000004     encoder.o (.bss.g_motorBPulses)
                  20200cdc    00000004     gimbal.o (.bss.g_pitchCommandedRpm)
                  20200ce0    00000004     gimbal.o (.bss.g_pitchCompletedSteps)
                  20200ce4    00000004     gimbal_tracker.o (.bss.g_pitchTargetDeg)
                  20200ce8    00000004     gimbal.o (.bss.g_pitchTargetRpm)
                  20200cec    00000004     gimbal.o (.bss.g_pitchTrackingTargetRpm)
                  20200cf0    00000004     imu.o (.bss.g_previousValidCorrectedGyroZDps)
                  20200cf4    00000004     servo.o (.bss.g_servoFeedback)
                  20200cf8    00000004     gimbal_vision_yaw_tracker.o (.bss.g_sessionId)
                  20200cfc    00000004     gimbal_stepper.o (.bss.g_stepperCompletedSteps)
                  20200d00    00000004     gimbal_vision_yaw_tracker.o (.bss.g_targetWrappedDeg)
                  20200d04    00000004     gimbal.o (.bss.g_yawCommandedRpm)
                  20200d08    00000004     gimbal.o (.bss.g_yawTargetRpm)
                  20200d0c    00000004     gimbal_tracker.o (.bss.g_yawTargetWrappedDeg)
                  20200d10    00000004     empty.o (.bss.main.lastAppUpdateMs)
                  20200d14    00000002     gimbal.o (.bss.g_pitchStepHalfPeriodTicks)
                  20200d16    00000002     obstacle_avoidance.o (.bss.g_resumeGraceMs)
                  20200d18    00000002     vision_receiver.o (.bss.g_ringHead)
                  20200d1a    00000002     vision_receiver.o (.bss.g_ringTail)
                  20200d1c    00000002     vision_tuning_console.o (.bss.g_rxHead)
                  20200d1e    00000002     vision_tuning_console.o (.bss.g_rxTail)
                  20200d20    00000002     servo.o (.bss.g_servoPwmPhase)
                  20200d22    00000002     ultrasonic.o (.bss.g_stateTicks)
                  20200d24    00000002     gimbal_stepper.o (.bss.g_stepperHalfPeriodTicks)
                  20200d26    00000002     gimbal_stepper.o (.bss.g_stepperStepHalfPeriodTicks)
                  20200d28    00000002     vision_tuning_console.o (.bss.g_txHead)
                  20200d2a    00000002     vision_tuning_console.o (.bss.g_txTail)
                  20200d2c    00000002     menu.o (.bss.menu_handle_status_key.trackerSequence)
                  20200d2e    00000002     (.common:g_trackError)
                  20200d30    00000001     oled_ui.o (.bss.OledUi_Update_20ms.refreshDivider)
                  20200d31    00000001     empty.o (.bss.SysTick_Handler.controlMsCount)
                  20200d32    00000001     empty.o (.bss.SysTick_Handler.gimbalMsCount)
                  20200d33    00000001     empty.o (.bss.SysTick_Handler.tick100usCount)
                  20200d34    00000001     empty.o (.bss.SysTick_Handler.trackerMsCount)
                  20200d35    00000001     ultrasonic.o (.bss.Ultrasonic_Update_20ms.triggerDivider)
                  20200d36    00000001     empty.o (.bss.g_appUpdatePending)
                  20200d37    00000001     vision_tuning_console.o (.bss.g_capturing)
                  20200d38    00000001     car_state.o (.bss.g_carState)
                  20200d39    00000001     obstacle_monitor.o (.bss.g_centerSettleTicks)
                  20200d3a    00000001     vision_tuning_console.o (.bss.g_commandTarget)
                  20200d3b    00000001     ultrasonic.o (.bss.g_distanceSampleCount)
                  20200d3c    00000001     ultrasonic.o (.bss.g_distanceSampleIndex)
                  20200d3d    00000001     emergency_stop.o (.bss.g_emergencyStopActive)
                  20200d3e    00000001     gimbal_tracker.o (.bss.g_enabled)
                  20200d3f    00000001     gimbal_vision_pitch_tracker.o (.bss.g_enabled)
                  20200d40    00000001     gimbal_vision_yaw_tracker.o (.bss.g_enabled)
                  20200d41    00000001     watchdog_monitor.o (.bss.g_faultApplied)
                  20200d42    00000001     watchdog_monitor.o (.bss.g_faultPending)
                  20200d43    00000001     gimbal_tracker.o (.bss.g_filterReady)
                  20200d44    00000001     vision_receiver.o (.bss.g_frameSize)
                  20200d45    00000001     empty.o (.bss.g_gimbalUpdatePending)
                  20200d46    00000001     imu.o (.bss.g_integrationHistoryValid)
                  20200d47    00000001     wheel_speed_estimator.o (.bss.g_leftFilterInitialized)
                  20200d48    00000001     vision_tuning_console.o (.bss.g_lineSize)
                  20200d49    00000001     obstacle_safety.o (.bss.g_obstacleSafetyHolding)
                  20200d4a    00000001     oled.o (.bss.g_oledColumn)
                  20200d4b    00000001     menu.o (.bss.g_oledPage)
                  20200d4c    00000001     encoder.o (.bss.g_overflowFlags)
                  20200d4d    00000001     menu.o (.bss.g_paramItem)
                  20200d4e    00000001     menu.o (.bss.g_paramReturnPage)
                  20200d4f    00000001     key.o (.bss.g_pendingEvent)
                  20200d50    00000001     gimbal.o (.bss.g_pitchControlMode)
                  20200d51    00000001     gimbal.o (.bss.g_pitchDirection)
                  20200d52    00000001     gimbal.o (.bss.g_pitchInitialized)
                  20200d53    00000001     gimbal.o (.bss.g_pitchLimitClamped)
                  20200d54    00000001     gimbal.o (.bss.g_pitchLimitDirection)
                  20200d55    00000001     gimbal.o (.bss.g_pitchPositionValid)
                  20200d56    00000001     gimbal.o (.bss.g_pitchRunning)
                  20200d57    00000001     gimbal.o (.bss.g_pitchStepHigh)
                  20200d58    00000001     gimbal.o (.bss.g_pitchStopAfterStepLow)
                  20200d59    00000001     vision_tuning_console.o (.bss.g_prefixIndex)
                  20200d5a    00000001     vision_tuning_console.o (.bss.g_prefixTarget)
                  20200d5b    00000001     wheel_speed_estimator.o (.bss.g_rightFilterInitialized)
                  20200d5c    00000001     car_controller.o (.bss.g_safetyHold)
                  20200d5d    00000001     gimbal_vision_yaw_tracker.o (.bss.g_sessionInitialized)
                  20200d5e    00000001     imu.o (.bss.g_shortGapPending)
                  20200d5f    00000001     gimbal_tracker.o (.bss.g_simObservationUpdatesRemaining)
                  20200d60    00000001     obstacle_avoidance.o (.bss.g_stateStarted)
                  20200d61    00000001     gimbal_stepper.o (.bss.g_stepperDirection)
                  20200d62    00000001     gimbal_stepper.o (.bss.g_stepperRunning)
                  20200d63    00000001     gimbal_stepper.o (.bss.g_stepperStepHigh)
                  20200d64    00000001     gimbal_stepper.o (.bss.g_stepperStopAfterStepLow)
                  20200d65    00000001     motor_control.o (.bss.g_targetRefreshed)
                  20200d66    00000001     gimbal_vision_yaw_tracker.o (.bss.g_targetSynced)
                  20200d67    00000001     gimbal_tracker.o (.bss.g_targetValid)
                  20200d68    00000001     gimbal_tracker.o (.bss.g_targetsSynced)
                  20200d69    00000001     empty.o (.bss.g_trackerUpdatePending)
                  20200d6a    00000001     gimbal_tracker.o (.bss.g_trackingActive)
                  20200d6b    00000001     gimbal_vision_pitch_tracker.o (.bss.g_trackingActive)
                  20200d6c    00000001     gimbal_vision_yaw_tracker.o (.bss.g_trackingActive)
                  20200d6d    00000001     ultrasonic.o (.bss.g_triggerRequest)
                  20200d6e    00000001     ultrasonic.o (.bss.g_ultrasonicState)
                  20200d6f    00000001     gimbal.o (.bss.g_yawLimitClamped)
                  20200d70    00000001     gimbal.o (.bss.g_yawLimitDirection)
                  20200d71    00000001     gimbal.o (.bss.g_yawPositionValid)
                  20200d72    00000001     gimbal.o (.bss.g_yawWorldLockEnabled)
                  20200d73    00000001     (.common:g_carStateDebug)
                  20200d74    00000001     (.common:g_keyEvent)
                  20200d75    00000001     (.common:g_oledPageDebug)
                  20200d76    00000001     (.common:g_paramItemDebug)
                  20200d77    00000001     (.common:g_trackBlackCount)
                  20200d78    00000001     (.common:g_trackModeDebug)
                  20200d79    00000001     (.common:g_trackRaw)
                  20200d7a    00000001     (.common:g_trackTurnDebug)

.data      0    20200d7b    00000001     UNINITIALIZED
                  20200d7b    00000001     car_controller.o (.data.g_followTurnPolicy)

.stack     0    20207e00    00000200     UNINITIALIZED
                  20207e00    00000004     libc.a : boot_cortex_m.c.obj (.stack)
                  20207e04    000001fc     --HOLE--

__llvm_prf_cnts 
*          0    20200000    00000000     UNINITIALIZED

__llvm_prf_bits 
*          0    20200000    00000000     UNINITIALIZED

MODULE SUMMARY

       Module                          code    ro data   rw data
       ------                          ----    -------   -------
    .\
       oled_ui.o                       13480   1085      1      
       vision_tuning_console.o         9616    102       613    
       gimbal.o                        7528    0         241    
       car_controller.o                4560    0         100    
       imu.o                           4252    0         142    
       motor_control.o                 2768    0         125    
       gimbal_tracker.o                2576    0         74     
       oled.o                          2210    401       1      
       line_controller.o               2112    0         64     
       gimbal_vision_yaw_tracker.o     2124    0         48     
       app_config.o                    1848    0         248    
       vision_receiver.o               1112    0         689    
       runtime_snapshot.o              1136    0         440    
       gimbal_stepper.o                1412    0         52     
       menu.o                          1336    70        5      
       wheel_speed_estimator.o         1292    0         94     
       mission_manager.o               1260    0         28     
       motion_action.o                 1160    0         20     
       obstacle_avoidance.o            1142    0         27     
       gimbal_vision_pitch_tracker.o   864     0         26     
       motor.o                         776     0         16     
       empty.o                         676     0         59     
       vision_protocol.o               732     0         0      
       ti_msp_dl_config.o              636     23        48     
       ultrasonic.o                    596     0         29     
       mission_library.o               256     294       0      
       key.o                           436     0         19     
       app.o                           410     0         10     
       fault.o                         296     65        16     
       track_sensor.o                  372     0         0      
       heading_control.o               340     0         28     
       vision_pitch_tuning.o           268     48        24     
       watchdog_monitor.o              292     0         26     
       vision_yaw_tuning.o             248     41        20     
       gimbal_vision_adapter.o         228     0         76     
       encoder.o                       276     0         9      
       obstacle_safety.o               264     0         1      
       obstacle_monitor.o              192     0         9      
       startup_mspm0g350x_ticlang.o    6       192       0      
       angle_utils.o                   192     0         0      
       servo.o                         176     0         6      
       emergency_stop.o                176     0         1      
       vision_uart.o                   164     0         0      
       debug_telemetry.o               56      0         16     
       car_state.o                     36      0         1      
    +--+-------------------------------+-------+---------+---------+
       Total:                          71888   2321      3452   
                                                                
    C:/TI/mspm0_sdk_2_05_01_00/source/ti/driverlib/lib/ticlang/m0p/mspm0g1x0x_g3x0x/driverlib.a
       dl_timer.o                      388     0         0      
       dl_uart.o                       90      0         0      
       dl_common.o                     10      0         0      
    +--+-------------------------------+-------+---------+---------+
       Total:                          488     0         0      
                                                                
    D:\TI\CCS\ccs\tools\compiler\ti-cgt-armllvm_4.0.4.LTS\lib\armv6m-ti-none-eabi/c/libc.a
       memcpy16.S.obj                  154     0         0      
       strcmp-armv6m.S.obj             136     0         0      
       copy_decompress_lzss.c.obj      124     0         0      
       memset16.S.obj                  98      0         0      
       autoinit.c.obj                  60      0         0      
       boot_cortex_m.c.obj             56      0         0      
       memmov.c.obj                    40      0         0      
       copy_decompress_none.c.obj      18      0         0      
       copy_zero_init.c.obj            16      0         0      
       exit.c.obj                      6       0         0      
       pre_init.c.obj                  4       0         0      
    +--+-------------------------------+-------+---------+---------+
       Total:                          712     0         0      
                                                                
    D:\TI\CCS\ccs\tools\compiler\ti-cgt-armllvm_4.0.4.LTS\lib\armv6m-ti-none-eabi/c/libsysbm.a
       hostexit.c.obj                  4       0         0      
    +--+-------------------------------+-------+---------+---------+
       Total:                          4       0         0      
[...]
00000200  __STACK_SIZE                              
00003481  VisionTuningConsole_Process               
00005255  AppConfig_LimitAll                        
000057a1  LineController_Update                     
00005c91  Menu_HandleKeyEvent                       
00006119  GimbalTracker_Update                      
00006595  RuntimeSnapshot_Update                    
00006e31  WheelSpeedEstimator_Update                
00007255  Imu_Update                                
00007635  VisionReceiver_Process                    
000079e5  GimbalVisionYawTracker_Update10ms         
00007d6d  Imu_Init                                  
00008451  ObstacleAvoidance_Update_20ms             
0000903d  Gimbal_YawSetWrappedTargetDeg             
000092d5  Gimbal_YawUpdate5ms                       
00009569  Gimbal_PitchSetTrackingSpeedDegS          
000097f9  MotorControl_Update                       
00009a85  MotionAction_Update_20ms                  
00009f65  OLED_Clear                                
0000a3f1  Imu_CalibrateGyroBias                     
0000a621  GimbalVisionPitchTracker_Update10ms       
0000a849  Motor_SetSpeed                            
0000aa4d  VisionProtocol_ParseV1TargetFrame         
0000ac41  AppConfig_InitDefault                     
0000b3c9  Gimbal_PitchUpdate5ms                     
0000b73d  Ultrasonic_Tick100us                      
0000b8dd  CarController_Update_20ms                 
0000ba75  GimbalStepper_Tick100us                   
0000bc09  GimbalVisionYawTracker_Enable             
0000bd91  Gimbal_PitchTick100us                     
0000c091  GimbalStepper_MoveToEstimatedSteps        
0000c20d  Key_Update_20ms                           
0000c381  Gimbal_Init                               
0000c4ed  main                                      
0000cbc5  OLED_PrintInt16                           
0000ce2d  Gimbal_YawEnableWorldLock                 
0000d2bd  LineController_Reset                      
0000d3d9  App_Update_20ms                           
0000d4f1  MotionAction_Start                        
0000d609  CarController_StartDriveDistance          
0000d931  DL_Timer_initFourCCPWMMode                
0000da35  LineController_ResetControlState          
0000db39  MissionManager_Update_20ms                
0000dc3d  MotorControl_SetNormalizedTarget          
0000dd3d  Gimbal_PitchRelease                       
0000de39  SysTick_Handler                           
0000df35  LineController_Init                       
0000e02d  Gimbal_PitchStopHold                      
0000e11d  HeadingControl_Update                     
0000e3dd  CarController_StartTurnToYawRelative      
0000e4c1  MissionManager_SelectNext                 
0000e5a5  ObstacleSafety_Update_20ms                
0000e685  WheelSpeedEstimator_Init                  
0000e765  CarController_StartDriveHeading           
0000e841  Gimbal_PitchConfirmZero                   
0000e91d  SYSCFG_DL_GPIO_init                       
0000ead5  OLED_PrintUInt16                          
0000ebad  __aeabi_fsub                              
0000ebad  __subsf3                                  
0000ebb7  __addsf3                                  
0000ebb7  __aeabi_fadd                              
0000ec85  OLED_Init                                 
0000ed59  OLED_PrintChar                            
0000ee29  MissionManager_SelectPrevious             
0000eef5  FaultCode_ToShortString                   
0000efbd  Gimbal_YawConfirmZero                     
0000f085  MissionLibrary_Validate                   
0000f149  Angle_Normalize180                        
0000f209  CarController_StartFollowLine             
0000f2c5  GimbalStepper_StopHold                    
0000f379  GimbalVisionAdapter_Update                
0000f42d  CarController_StartTurnRight90            
0000f4dd  GimbalStepper_Init                        
0000f58d  Gimbal_PitchMoveRelativeDeg               
0000f63d  CarController_StartTurnLeft90             
0000f6e9  GimbalVisionPitchTracker_Enable           
0000f791  Encoder_HandleGpioInterrupt               
0000f8d9  __udivmoddi4                              
0000f97b  ADC0_IRQHandler                           
0000f97b  ADC1_IRQHandler                           
0000f97b  AES_IRQHandler                            
0000f97b  CANFD0_IRQHandler                         
0000f97b  DAC0_IRQHandler                           
0000f97b  DMA_IRQHandler                            
0000f97b  Default_Handler                           
0000f97b  GROUP0_IRQHandler                         
0000f97b  HardFault_Handler                         
0000f97b  I2C0_IRQHandler                           
0000f97b  I2C1_IRQHandler                           
0000f97b  NMI_Handler                               
0000f97b  PendSV_Handler                            
0000f97b  RTC_IRQHandler                            
0000f97b  SPI0_IRQHandler                           
0000f97b  SPI1_IRQHandler                           
0000f97b  SVC_Handler                               
0000f97b  TIMA0_IRQHandler                          
0000f97b  TIMA1_IRQHandler                          
0000f97b  TIMG0_IRQHandler                          
0000f97b  TIMG12_IRQHandler                         
0000f97b  TIMG6_IRQHandler                          
0000f97b  TIMG7_IRQHandler                          
0000f97b  TIMG8_IRQHandler                          
0000f97b  UART0_IRQHandler                          
0000f97b  UART1_IRQHandler                          
0000f97b  UART2_IRQHandler                          
0000f97d  CarController_ResetRuntime                
0000fa1d  ObstacleMonitor_Update_20ms               
0000fab9  memcpy                                    
0000fb53  TrackSensor_Init                          
0000fc85  Gimbal_YawDisableWorldLock                
0000fd11  Gimbal_YawStopHold                        
0000fd9d  SYSCFG_DL_PWM_MOTOR_init                  
0000fe29  __aeabi_fmul                              
0000fe29  __mulsf3                                  
0000ff41  strcmp                                    
0000ffc9  GimbalStepper_ConfirmZero                 
0001004d  GimbalTracker_PushObservation             
000100d1  Motor_Init                                
00010155  App_Init                                  
000101d7  __aeabi_idiv0                             
000101d9  __aeabi_fdiv                              
000101d9  __divsf3                                  
0001025b  __aeabi_ldiv0                             
0001025d  CarController_SetSafetyHold               
000102dd  GimbalTracker_Init                        
0001035d  Motor_Stop                                
000103dd  VisionPitchTuning_Set                     
00010459  __TI_decompress_lzss                      
000105c1  GimbalStepper_Release                     
00010631  SYSCFG_DL_UART_VISION_init                
000106a1  VisionYawTuning_Set                       
00010711  TrackSensor_DetectTurn                    
00010781  GimbalVisionYawTracker_Init               
000107ed  MissionManager_GetSelectedMissionIndex    
000108bd  TrackSensor_GetErrorFromRaw               
00010925  Gimbal_YawRelease                         
00010989  Menu_GetParamValue                        
000109ed  __aeabi_fcmpeq                            
00010a01  __aeabi_fcmplt                            
00010a15  __aeabi_fcmple                            
00010a29  __aeabi_fcmpge                            
00010a3d  __aeabi_fcmpgt                            
00010a4f  memset                                    
00010ab1  GimbalTracker_Enable                      
00010b11  GimbalTracker_GetFeedback                 
00010b71  VisionTuningConsole_Init                  
00010bd1  __aeabi_f2lz                              
00010bd1  __fixsfdi                                 
00010c31  UART3_IRQHandler                          
00010c8d  Ultrasonic_Update_20ms                    
00010d45  Gimbal_YawMoveRelativeDeg                 
00010d9d  __aeabi_idiv                              
00010d9d  __aeabi_idivmod                           
00010df5  TrackSensor_ReadRaw                       
00010ef1  Ultrasonic_Init                           
00010f41  WatchdogMonitor_ApplyFaultIfNeeded        
00010f91  __aeabi_l2f                               
00010f91  __floatdisf                               
00010fe1  MissionManager_Start                      
0001102d  MotorControl_Stop                         
00011079  WatchdogMonitor_Tick1msFromIsr            
00011111  CarController_Stop                        
00011159  DL_UART_init                              
000111a1  MotionAction_ReapplyControllerTarget      
000111e9  Encoder_GetAndClearPulseDeltas            
0001122d  Imu_ResetYaw                              
00011271  Servo_Tick100us                           
000112b5  EmergencyStop_Reset                       
000112f5  GimbalVisionPitchTracker_Init             
00011335  MissionManager_Init                       
00011375  SYSCFG_DL_SYSCTL_init                     
000113b5  SYSCFG_DL_initPower                       
000113f5  VisionReceiver_PushByteFromIsr            
00011435  __aeabi_uidiv                             
00011435  __aeabi_uidivmod                          
00011475  __divmoddi4                               
000114b5  GimbalTracker_ClearObservation            
000114f1  Servo_SetAngleDeg                         
0001152d  VisionTuningConsole_PushByteFromIsr       
00011569  __aeabi_i2f                               
00011569  __floatsisf                               
000115a5  __gesf2                                   
000115a5  __gtsf2                                   
000115e1  __TI_auto_init_nobinit_nopinit            
0001161d  __cmpsf2                                  
0001161d  __eqsf2                                   
0001161d  __lesf2                                   
0001161d  __ltsf2                                   
0001161d  __nesf2                                   
00011659  __muldsi3                                 
00011695  VisionReceiver_Init                       
000116cd  __aeabi_f2iz                              
000116cd  __fixsfsi                                 
00011705  EmergencyStop_Trigger                     
00011739  Imu_IsReady                               
0001176d  OLED_SetCursor                            
000117a1  VisionTuningConsole_TryPopTxByte          
000117d5  VisionUart_Process                        
0001183d  OLED_PrintString                          
00011871  CarController_StartSeekLine               
000118a1  Fault_Raise                               
000118d1  GimbalVisionYawTracker_GetFeedback        
00011901  Gimbal_PitchGetFeedback                   
00011931  Key_Init                                  
00011961  LineController_ObserveSensors             
00011991  MissionManager_Resume                     
000119c1  VisionPitchTuning_RestoreDefault          
000119f1  WatchdogMonitor_Init                      
00011a51  Encoder_Reset                             
00011a7d  MissionManager_Cancel                     
00011aa9  MissionManager_Reset                      
00011ad5  TrackSensor_CountBlack                    
00011b01  VisionYawTuning_RestoreDefault            
00011b85  ObstacleAvoidance_Init                    
00011bad  Servo_Init                                
00011bd5  VisionPitchTuning_Init                    
00011bfd  WatchdogMonitor_Reset                     
00011c25  __aeabi_ui2f                              
00011c25  __floatunsisf                             
00011c4d  memmove                                   
00011c75  _c_int00_noargs                           
00011c9d  EmergencyStop_Enforce                     
00011cc1  GimbalVisionPitchTracker_GetFeedback      
00011ce5  MissionLibrary_FindById                   
00011d09  MissionManager_ReportExternalFailure      
00011d2d  MotorControl_Init                         
00011d51  MotorControl_Reset                        
00011d75  SYSCFG_DL_init                            
00011d99  VisionYawTuning_Init                      
00011dbd  __aeabi_lmul                              
00011dbd  __muldi3                                  
00011de1  DL_Timer_overrideCCPOut                   
00011e01  DebugTelemetry_Update                     
00011e21  MissionManager_Pause                      
00011e41  MotionAction_GetCurrentBypassDirection    
00011e61  MotionAction_GetCurrentObstaclePolicy     
00011e81  SchedulerMonitor_GetStats                 
00011ea1  VisionReceiver_GetProtocolErrorCount      
00011ee1  __aeabi_llsl                              
00011ee1  __ashldi3                                 
00011f01  DL_Timer_setCaptCompUpdateMethod          
00011f1d  DL_Timer_setClockConfig                   
00011f39  GimbalVisionAdapter_Init                  
00011f55  HeadingControl_SetTargetYaw               
00011f71  Menu_Init                                 
00011f8d  MotionAction_Cancel                       
00011fa9  ObstacleMonitor_Init                      
00011fc5  ObstacleSafety_Init                       
00011fe1  VisionPitchTuning_ParamName               
00011ffd  VisionYawTuning_GetSnapshot               
00012019  VisionYawTuning_ParamName                 
00012035  WatchdogMonitor_NotifyControlCycleComplete
0001206d  DL_Timer_setCaptureCompareOutCtl          
00012085  DebugTelemetry_Init                       
0001209d  HeadingControl_Init                       
000120b5  HeadingControl_Reset                      
000120cd  Menu_ParamItemToString                    
000120e5  MotionAction_Init                         
000120fd  RuntimeSnapshot_Init                      
00012115  __aeabi_fcmpun                            
00012115  __unordsf2                                
0001212d  Fault_Clear                               
00012141  Fault_Init                                
00012155  GROUP1_IRQHandler                         
00012169  GimbalStepper_SetStepHalfPeriodTicks      
0001217d  HeadingControl_Enable                     
00012191  MissionLibrary_GetByIndex                 
000121a5  MissionManager_GetSelectedMissionId       
000121b9  VisionPitchTuning_GetSnapshot             
000121cd  VisionUart_Init                           
000121e1  __aeabi_ldivmod                           
000121f5  __aeabi_uldivmod                          
00012209  DL_UART_setClockConfig                    
0001221b  __TI_decompress_none                      
0001222d  DL_Timer_setCaptureCompareValue           
0001223d  Gimbal_YawGetFeedback                     
0001224d  Key_GetEvent                              
0001225d  ObstacleAvoidance_IsResumeGraceActive     
0001226d  __TI_zero_init                            
0001227d  CarController_GetRunMode                  
00012289  CarController_Init                        
00012295  CarController_IsSafetyHoldActive          
000122a1  CarState_Get                              
000122ad  CarState_Init                             
000122b9  CarState_Set                              
000122c5  EmergencyStop_Init                        
000122d1  EmergencyStop_IsActive                    
000122dd  GimbalVisionAdapter_GetObservation        
000122e9  Gimbal_Tick100us                          
000122f5  Gimbal_Update5ms                          
00012301  Imu_GetCorrectedGyroZDps                  
0001230d  Imu_GetYaw                                
00012319  Menu_GetPage                              
00012325  Menu_GetParamItem                         
00012331  MissionManager_IsExternallyHeld           
0001233d  MissionManager_SetExternalHold            
00012349  ObstacleAvoidance_IsActive                
00012355  ObstacleAvoidance_IsFailed                
00012361  ObstacleSafety_IsHolding                  
0001236d  OledUi_Init                               
00012379  SystemTime_GetMs                          
00012385  WatchdogMonitor_HasTripped                
00012391  __aeabi_memclr                            
00012391  __aeabi_memclr4                           
00012391  __aeabi_memclr8                           
0001239d  DL_Common_delayCycles                     
000123a7  TrackSensor_IsCenterDetected              
000123b1  TrackSensor_IsLineDetected                
000123bb  TrackSensor_IsLineLost                    
000123c5  CarController_GetFeedback                 
000123cd  Fault_GetRecord                           
000123d5  GimbalStepper_GetFeedback                 
000123dd  GimbalVisionAdapter_GetFeedback           
000123e5  Gimbal_PitchStopTrackingHold              
000123ed  HeadingControl_GetRuntime                 
000123f5  Imu_GetRuntime                            
000123fd  LineController_GetRuntime                 
00012405  MissionManager_GetMissionCount            
0001240d  MissionManager_GetRuntime                 
00012415  MotionAction_GetRuntime                   
0001241d  MotorControl_GetRuntime                   
00012425  ObstacleAvoidance_GetFeedback             
0001242d  ObstacleMonitor_GetFeedback               
00012435  RuntimeSnapshot_Get                       
0001243d  Servo_GetFeedback                         
00012445  Ultrasonic_GetFeedback                    
0001244d  VisionPitchTuning_GetStatus               
00012455  VisionReceiver_GetObservation             
0001245d  VisionReceiver_GetStatus                  
00012465  VisionTuningConsole_GetStatus             
0001246d  WatchdogMonitor_GetStatus                 
00012475  WheelSpeedEstimator_GetRuntime            
0001247d  __aeabi_memcpy                            
0001247d  __aeabi_memcpy4                           
0001247d  __aeabi_memcpy8                           
00012485  __aeabi_memmove                           
00012485  __aeabi_memmove4                          
00012485  __aeabi_memmove8                          
0001248d  abort                                     
00012492  C$$EXIT                                   
00012493  HOSTexit                                  
00012497  MissionLibrary_GetCount                   
0001249b  Reset_Handler                             
000124b1  _system_pre_init                          
00012d18  __TI_Handler_Table_Base                   
00012d24  __TI_Handler_Table_Limit                  
00012d34  __TI_CINIT_Base                           
00012d44  __TI_CINIT_Limit                          
00012d44  __TI_CINIT_Warm                           
20200000  __start___llvm_prf_bits                   
20200000  __start___llvm_prf_cnts                   
20200000  __stop___llvm_prf_bits                    
20200000  __stop___llvm_prf_cnts                    
202005b8  g_appConfig                               
202006b0  g_imuRuntime                              
20200808  g_wheelSpeedEstimatorRuntime              
20200860  g_appRuntime                              
20200a00  gUART_VISIONBackup                        
20200b18  g_headingRuntime                          
20200d2e  g_trackError                              
20200d73  g_carStateDebug                           
20200d74  g_keyEvent                                
20200d75  g_oledPageDebug                           
20200d76  g_paramItemDebug                          
20200d77  g_trackBlackCount                         
20200d78  g_trackModeDebug                          
20200d79  g_trackRaw                                
20200d7a  g_trackTurnDebug                          
20207e00  __stack                                   
20208000  __STACK_END                               
ffffffff  __TI_pprof_out_hndl                       
ffffffff  __TI_prof_data_size                       
ffffffff  __TI_prof_data_start                      
ffffffff  __binit__                                 
ffffffff  binit                                     
UNDEFED   __mpu_init                                
UNDEFED   _system_post_cinit                        

[389 symbols]
