******************************************************************************
            TI ARM Clang Linker PC v4.0.4                      
******************************************************************************
>> Linked Sat Aug  1 20:42:36 2026

OUTPUT FILE NAME:   <diansaikaishi.out>
ENTRY POINT SYMBOL: "_c_int00_noargs"  address: 0001c869


MEMORY CONFIGURATION

         name            origin    length      used     unused   attr    fill
----------------------  --------  ---------  --------  --------  ----  --------
  FLASH                 00000000   00020000  0001e520  00001ae0  R  X
  SRAM                  20200000   00008000  00001d0b  000062f5  RW X
  BCR_CONFIG            41c00000   000000ff  00000000  000000ff  R   
  BSL_CONFIG            41c00100   00000080  00000000  00000080  R   


SEGMENT ALLOCATION MAP

run origin  load origin   length   init length attrs members
----------  ----------- ---------- ----------- ----- -------
00000000    00000000    0001e080   0001e080    r-x
  00000000    00000000    000000c0   000000c0    r-- .intvecs
  000000c0    000000c0    0001d0e0   0001d0e0    r-x .text
  0001d1a0    0001d1a0    00000ee0   00000ee0    r-- .rodata
0001e0e0    0001e0e0    00000040   00000040    r--
  0001e0e0    0001e0e0    00000030   00000030    r-- .cinit
  0001e110    0001e110    00000010   00000010    r-- .binit
0001fc00    0001fc00    00000400   00000400    r--
  0001fc00    0001fc00    00000400   00000400    r-- .TI.bound:g_balanceCalibrationReservedSector
20200000    20200000    00001aab   00000000    rw-
  20200000    20200000    00001aaa   00000000    rw- .bss
  20201aaa    20201aaa    00000001   00000000    rw- .data
20201ab0    0001e080    00000060   00000060    r-x
  20201ab0    0001e080    00000060   00000060    r-x .TI.ramfunc
20207e00    20207e00    00000200   00000000    rw-
  20207e00    20207e00    00000200   00000000    rw- .stack


SECTION ALLOCATION MAP

 output                                  attributes/
section   page    origin      length       input sections
--------  ----  ----------  ----------   ----------------
.intvecs   0    00000000    000000c0     
                  00000000    000000c0     startup_mspm0g350x_ticlang.o (.intvecs)

.text      0    000000c0    0001d0e0     
                  000000c0    00001910     balance_tuning.o (.text.send_debug_filter)
                  000019d0    00001700     oled_ui.o (.text.print_balance_stepper_test_page)
                  000030d0    0000166c     balance_tuning.o (.text.send_debug_receiver)
                  0000473c    00001000     balance_tuning.o (.text.send_config)
                  0000573c    00000f6c     balance_tuning.o (.text.send_debug_controller)
                  000066a8    00000ad8     oled_ui.o (.text.print_imu_counters_page)
                  00007180    00000ac4     balance_tuning.o (.text.send_debug_position_fault)
                  00007c44    00000a5c     balance_tuning.o (.text.send_calibration_status)
                  000086a0    00000a34     balance_tuning.o (.text.consume_rx_byte)
                  000090d4    00000884     balance_tuning.o (.text.send_debug_axis)
                  00009958    00000820     balance_tuning.o (.text.send_debug_limit)
                  0000a178    0000081c     oled_ui.o (.text.print_balance_vision_page)
                  0000a994    0000064c     app_config.o (.text.AppConfig_LimitAll)
                  0000afe0    00000638     balance_ball_control.o (.text.BalanceBallControl_Update20ms)
                  0000b618    000005ac     imu.o (.text.Imu_CalibrateGyroBias)
                  0000bbc4    00000528     line_controller.o (.text.LineController_Update)
                  0000c0ec    000004bc     oled_ui.o (.text.print_encoder_page)
                  0000c5a8    000004a0     runtime_snapshot.o (.text.RuntimeSnapshot_Update)
                  0000ca48    00000498     balance_tuning.o (.text.BalanceTuning_Update20ms)
                  0000cee0    00000480     vision_receiver.o (.text.VisionReceiver_Process)
                  0000d360    00000478     menu.o (.text.Menu_HandleKeyEvent)
                  0000d7d8    00000474     motion_action.o (.text.MotionAction_Update_20ms)
                  0000dc4c    00000458     menu.o (.text.menu_adjust_param)
                  0000e0a4    0000044c     motor_control.o (.text.update_wheel)
                  0000e4f0    00000424     wheel_speed_estimator.o (.text.WheelSpeedEstimator_Update)
                  0000e914    000003f4     vision_protocol.o (.text.VisionProtocol_ParseBallAsciiLine)
                  0000ed08    000003f0     balance_position_control.o (.text.BalancePositionControl_Update20ms)
                  0000f0f8    000003e0     imu.o (.text.Imu_Update)
                  0000f4d8    000003c4     oled_ui.o (.text.print_motor_control_detail_page)
                  0000f89c    00000394     balance_tuning.o (.text.apply_parameter)
                  0000fc30    00000380     imu.o (.text.Imu_Init)
                  0000ffb0    0000037c     oled_ui.o (.text.print_heading_page)
                  0001032c    00000370     gimbal.o (.text.gimbal_update_feedback)
                  0001069c    00000364     motion_action.o (.text.motion_action_start_internal)
                  00010a00    00000360     h_task_controller.o (.text.h_update_vehicle_supervision)
                  00010d60    0000033c     oled_ui.o (.text.print_drive_distance_page)
                  0001109c    0000032c     balance_ball_control.o (.text.calculate_cascade_request)
                  000113c8    00000324     oled_ui.o (.text.print_imu_detail_page)
                  000116ec    00000300     oled_ui.o (.text.print_motor_control_page)
                  000119ec    000002f8     h_task_controller.o (.text.HTaskController_Update20ms)
                  00011ce4    000002f0     imu.o (.text.mpu6050_read_regs)
                  00011fd4    000002cc     car_controller.o (.text.handle_drive_distance)
                  000122a0    000002bc     oled_ui.o (.text.print_elapsed_mm_ss_t)
                  0001255c    000002b8     h_task_controller.o (.text.HTaskController_Start)
                  00012814    000002b4     motor_control.o (.text.MotorControl_Update)
                  00012ac8    00000290     balance_calibration_store.o (.text.BalanceCalibrationStore_Save)
                  00012d58    0000028c     balance_soft_limits.o (.text.BalanceSoftLimits_Update20ms)
                  00012fe4    00000288     oled_ui.o (.text.print_param_page)
                  0001326c    00000268     car_controller.o (.text.handle_turn_to_yaw)
                  000134d4    00000264     h_task_controller.o (.text.h_update_h3)
                  00013738    00000260     mission_library.o (.text.MissionLibrary_Validate)
                  00013998    00000230     oled_ui.o (.text.print_status_page)
                  00013bc8    00000224     app_config.o (.text.AppConfig_InitDefault)
                  00013dec    0000021c     balance_tuning.o (.text.BalanceTuning_Process)
                  00014008    00000204     motor.o (.text.Motor_SetSpeed)
                  0001420c    000001e8     motor_control.o (.text.config_is_valid)
                  000143f4    000001d0     oled_ui.o (.text.print_sensor_page)
                  000145c4    000001cc     imu.o (.text.imu_i2c_write_byte)
                  00014790    000001b8     oled.o (.text.oled_i2c_write_byte)
                  00014948    000001a8     app.o (.text.App_Update_20ms)
                  00014af0    000001a8     key.o (.text.Key_Update_20ms)
                  00014c98    000001a0     ultrasonic.o (.text.Ultrasonic_Tick100us)
                  00014e38    0000019c     car_controller.o (.text.CarController_StartDriveDistanceAtYaw)
                  00014fd4    00000194     gimbal_stepper.o (.text.GimbalStepper_Tick100us)
                  00015168    00000190     car_controller.o (.text.CarController_Update_20ms)
                  000152f8    00000188     oled_ui.o (.text.print_imu_page)
                  00015480    00000174     oled_ui.o (.text.print_h_task_status_page)
                  000155f4    00000170     oled.o (.text.OLED_FlushPage)
                  00015764    0000016c     oled.o (.text.OLED_PrintInt16)
                  000158d0    0000016c     balance_tuning.o (.text.parse_x100)
                  00015a3c    00000160     h_task_controller.o (.text.h_update_start_verify)
                  00015b9c    00000160     oled_ui.o (.text.print_balance_limit_value)
                  00015cfc    0000015c     oled_ui.o (.text.print_signed_total_tail)
                  00015e58    00000158     balance_ball_control.o (.text.BalanceBallControl_SetConfig)
                  00015fb0    00000154     balance_position_control.o (.text.BalancePositionControl_Start)
                  00016104    00000150     vision_protocol.o (.text.parse_decimal_x1000)
                  00016254    0000014c     balance_soft_limits.o (.text.BalanceSoftLimits_CaptureCurrentStage)
                  000163a0    00000140     balance_calibration_store.o (.text.BalanceCalibrationStore_Load)
                  000164e0    0000013c     oled_ui.o (.text.print_balance_vision_rx_debug_page)
                  0001661c    0000013c     balance_ball_control.o (.text.return_toward_zero)
                  00016758    0000012c     imu.o (.text.imu_i2c_recover_bus)
                  00016884    0000012c     oled_ui.o (.text.print_uint64_decimal)
                  000169b0    00000128     line_controller.o (.text.LineController_Reset)
                  00016ad8    00000128     mission_manager.o (.text.MissionManager_Update_20ms)
                  00016c00    00000124     oled.o (.text.OLED_Init)
                  00016d24    00000124     h_task_controller.o (.text.h_update_vision_hold)
                  00016e48    00000120     line_controller.o (.text.LineController_Init)
                  00016f68    00000120     car_controller.o (.text.handle_follow_line)
                  00017088    00000120     oled_ui.o (.text.print_bluetooth_page)
                  000171a8    0000011c     balance_ball_control.o (.text.BalanceBallControl_Enable)
                  000172c4    0000011c     car_controller.o (.text.handle_drive_heading)
                  000173e0    00000118     vision_receiver.o (.text.accept_packet)
                  000174f8    00000118     oled_ui.o (.text.print_obstacle_page)
                  00017610    0000010c     balance_soft_limits.o (.text.BalanceSoftLimits_BeginAtCurrentAsZero)
                  0001771c    0000010c     line_controller.o (.text.LineController_ResetControlState)
                  00017828    00000104     driverlib.a : dl_timer.o (.text.DL_Timer_initFourCCPWMMode)
                  0001792c    00000104     menu.o (.text.Menu_GetParamValue)
                  00017a30    00000104     ti_msp_dl_config.o (.text.SYSCFG_DL_GPIO_init)
                  00017b34    00000104     balance_tuning.o (.text.send_text)
                  00017c38    00000100     motor_control.o (.text.MotorControl_SetNormalizedTarget)
                  00017d38    000000fc     mission_manager.o (.text.MissionManager_SelectNext)
                  00017e34    000000f4     empty.o (.text.main)
                  00017f28    000000ec     heading_control.o (.text.HeadingControl_Update)
                  00018014    000000e8     balance_soft_limits.o (.text.BalanceSoftLimits_StartRelativePositionMoveSteps)
                  000180fc    000000e8     mission_manager.o (.text.MissionManager_SelectPrevious)
                  000181e4    000000e8     obstacle_safety.o (.text.ObstacleSafety_Update_20ms)
                  000182cc    000000e0     wheel_speed_estimator.o (.text.WheelSpeedEstimator_Init)
                  000183ac    000000dc     balance_ball_control.o (.text.BalanceBallControl_Init)
                  00018488    000000d8     driverlib.a : dl_flashctl.o (.text.DL_FlashCTL_unprotectSector)
                  00018560    000000d8     oled.o (.text.OLED_PrintUInt16)
                  00018638    000000d8     libclang_rt.builtins.a : addsf3.S.obj (.text)
                  00018710    000000d4     car_controller.o (.text.CarController_StartDriveDistance)
                  000187e4    000000d4     gimbal_stepper.o (.text.GimbalStepper_MoveRelativeSteps)
                  000188b8    000000d4     h_task_controller.o (.text.h_start_car)
                  0001898c    000000d0     h_task_controller.o (.text.HTaskController_Reset)
                  00018a5c    000000cc     balance_encoder.o (.text.BalanceEncoder_HandleGpioInterrupt)
                  00018b28    000000cc     oled_ui.o (.text.OledUi_Update_20ms)
                  00018bf4    000000c8     car_controller.o (.text.CarController_ResetRuntime)
                  00018cbc    000000c8     fault.o (.text.FaultCode_ToShortString)
                  00018d84    000000c4     balance_soft_limits.o (.text.BalanceSoftLimits_Init)
                  00018e48    000000c0     angle_utils.o (.text.Angle_Normalize180)
                  00018f08    000000c0     balance_ball_control.o (.text.command_offset)
                  00018fc8    000000c0     balance_soft_limits.o (.text.oscillation_target_for_phase)
                  00019088    000000b4     gimbal_stepper.o (.text.GimbalStepper_StopHold)
                  0001913c    000000b4     h_task_controller.o (.text.h_apply_chassis_profile)
                  000191f0    000000b0     gimbal_stepper.o (.text.GimbalStepper_Init)
                  000192a0    000000b0     empty.o (.text.SysTick_Handler)
                  00019350    000000ac     balance_soft_limits.o (.text.BalanceSoftLimits_StartPositionMoveToLogicalCount)
                  000193fc    000000a8     balance_soft_limits.o (.text.BalanceSoftLimits_ArmRecalibration)
                  000194a4    000000a4     encoder.o (.text.Encoder_HandleGpioInterrupt)
                  00019548    000000a4     balance_calibration_store.o (.text.calibration_crc32)
                  000195ec    000000a2     libclang_rt.builtins.a : udivmoddi4.S.obj (.text)
                  0001968e    00000002     startup_mspm0g350x_ticlang.o (.text.Default_Handler)
                  00019690    000000a0     balance_soft_limits.o (.text.BalanceSoftLimits_AbortCalibration)
                  00019730    000000a0     car_controller.o (.text.drive_distance_high_decel_zone_cm)
                  000197d0    0000009c     obstacle_monitor.o (.text.ObstacleMonitor_Update_20ms)
                  0001986c    0000009a     libc.a : memcpy16.S.obj (.text:memcpy)
                  00019906    00000002     obstacle_avoidance.o (.text.ObstacleAvoidance_Update_20ms)
                  00019908    00000098     balance_position_control.o (.text.BalancePositionControl_ResetFault)
                  000199a0    00000098     balance_soft_limits.o (.text.BalanceSoftLimits_CancelRecalibration)
                  00019a38    00000098     car_controller.o (.text.CarController_ResetTransientState)
                  00019ad0    00000098     imu.o (.text.mpu6050_write_reg)
                  00019b68    00000094     car_controller.o (.text.CarController_StartTurnToYawRelative)
                  00019bfc    00000094     h_task_controller.o (.text.h_release_chassis_profile)
                  00019c90    00000090     balance_tuning.o (.text.BalanceTuning_Init)
                  00019d20    00000090     ti_msp_dl_config.o (.text.SYSCFG_DL_UART_VISION_init)
                  00019db0    0000008c     motion_action.o (.text.MotionAction_RefreshFollowLineTuning)
                  00019e3c    0000008c     ti_msp_dl_config.o (.text.SYSCFG_DL_PWM_MOTOR_init)
                  00019ec8    0000008c     ti_msp_dl_config.o (.text.SYSCFG_DL_UART_BALANCE_TUNING_init)
                  00019f54    0000008c     libclang_rt.builtins.a : mulsf3.S.obj (.text.__mulsf3)
                  00019fe0    0000008c     car_controller.o (.text.heading_imu_wait_or_fail)
                  0001a06c    00000088     balance_soft_limits.o (.text.BalanceSoftLimits_Enforce100usFromIsr)
                  0001a0f4    0000000c     balance_encoder.o (.text.BalanceEncoder_GetCountAtomic)
                  0001a100    00000088     libc.a : strcmp-armv6m.S.obj (.text:strcmp)
                  0001a188    00000084     app.o (.text.App_Init)
                  0001a20c    00000084     car_controller.o (.text.CarController_SetSafetyHold)
                  0001a290    00000084     gimbal_stepper.o (.text.GimbalStepper_ConfirmZero)
                  0001a314    00000084     line_controller.o (.text.LineController_SetProfileOverride)
                  0001a398    00000084     motor.o (.text.Motor_Init)
                  0001a41c    00000084     balance_tuning.o (.text.parse_i16)
                  0001a4a0    00000082     libclang_rt.builtins.a : divsf3.S.obj (.text.__divsf3)
                  0001a522    00000002     track_sensor.o (.text.TrackSensor_Init)
                  0001a524    00000080     balance_ball_control.o (.text.BalanceBallControl_SetTransferAssist)
                  0001a5a4    00000080     balance_position_control.o (.text.BalancePositionControl_Init)
                  0001a624    00000080     car_controller.o (.text.CarController_StartDriveHeading)
                  0001a6a4    00000080     motor.o (.text.Motor_Stop)
                  0001a724    00000080     vision_uart.o (.text.UART3_IRQHandler)
                  0001a7a4    0000007c     mission_manager.o (.text.MissionManager_Pause)
                  0001a820    0000007c     oled_ui.o (.text.OledUi_ShowBootStatus)
                  0001a89c    0000007c     libc.a : copy_decompress_lzss.c.obj (.text:decompress:lzss)
                  0001a918    00000078     oled.o (.text.oled_write_command)
                  0001a990    00000074     balance_ball_control.o (.text.command_offset_limited)
                  0001aa04    00000074     motor_control.o (.text.latch_control_error)
                  0001aa78    00000070     gimbal_stepper.o (.text.GimbalStepper_Release)
                  0001aae8    00000070     h_task_controller.o (.text.HTaskController_SetChassisTuning)
                  0001ab58    00000070     h_task_controller.o (.text.h_apply_car_ball_config)
                  0001abc8    00000070     balance_tuning.o (.text.serial_calibration_confirm)
                  0001ac38    0000006e     track_sensor.o (.text.TrackSensor_DetectTurn)
                  0001aca6    00000002     vision_uart.o (.text.VisionUart_Process)
                  0001aca8    0000006c     h_task_controller.o (.text.h_fault)
                  0001ad14    00000068     mission_manager.o (.text.MissionManager_GetSelectedMissionIndex)
                  0001ad7c    00000068     motor_control.o (.text.MotorControl_SetFeedforwardOverride)
                  0001ade4    00000068     car_controller.o (.text.set_output_speed)
                  0001ae4c    00000066     track_sensor.o (.text.TrackSensor_GetErrorFromRaw)
                  0001aeb2    00000002     libclang_rt.builtins.a : aeabi_div0.c.obj (.text.__aeabi_idiv0)
                  0001aeb4    00000064     balance_soft_limits.o (.text.BalanceSoftLimits_ResetPositionFault)
                  0001af18    00000064     balance_soft_limits.o (.text.BalanceSoftLimits_StartCalibrationJogSteps)
                  0001af7c    00000064     mission_manager.o (.text.MissionManager_Start)
                  0001afe0    00000064     h_task_controller.o (.text.h_arm_h3_transfer)
                  0001b044    00000062     app.o (.text.App_ResetToReady)
                  0001b0a6    00000002     libclang_rt.builtins.a : aeabi_div0.c.obj (.text.__aeabi_ldiv0)
                  0001b0a8    00000062                            : aeabi_fcmp.S.obj (.text.__aeabi_fcmp)
                  0001b10a    00000062     libc.a : memset16.S.obj (.text:memset)
                  0001b16c    00000060     balance_tuning.o (.text.UART2_IRQHandler)
                  0001b1cc    00000060     libclang_rt.builtins.a : fixsfdi.S.obj (.text.__fixsfdi)
                  0001b22c    0000005c     ultrasonic.o (.text.Ultrasonic_Update_20ms)
                  0001b288    0000005c     vision_receiver.o (.text.VisionReceiver_Init)
                  0001b2e4    0000005c     motion_action.o (.text.motion_action_start_imu_controller)
                  0001b340    0000005c     vision_protocol.o (.text.parse_u32)
                  0001b39c    0000005c     car_controller.o (.text.speed_cmps_to_normalized_command)
                  0001b3f8    0000005c     balance_soft_limits.o (.text.test_start_target)
                  0001b454    00000058     balance_encoder.o (.text.BalanceEncoder_Init)
                  0001b4ac    00000058     car_controller.o (.text.CarController_StartFollowLineAtCommand)
                  0001b504    00000058     mission_manager.o (.text.MissionManager_Init)
                  0001b55c    00000058     mission_manager.o (.text.MissionManager_Reset)
                  0001b5b4    00000058     oled.o (.text.OLED_PrintChar)
                  0001b60c    00000058     balance_ball_control.o (.text.ensure_tracking_started)
                  0001b664    00000058     menu.o (.text.menu_recover_balance_axis_after_reset)
                  0001b6bc    00000056     libclang_rt.builtins.a : aeabi_idivmod.S.obj (.text.__aeabi_idivmod)
                  0001b712    00000002     --HOLE-- [fill = 0]
                  0001b714    00000054     balance_soft_limits.o (.text.BalanceSoftLimits_BeginFullCalibrationAtCurrentAsZero)
                  0001b768    00000054     car_controller.o (.text.CarController_Stop)
                  0001b7bc    00000054     track_sensor.o (.text.TrackSensor_ReadRaw)
                  0001b810    00000054     watchdog_monitor.o (.text.WatchdogMonitor_ApplyFaultIfNeeded)
                  0001b864    00000050     balance_position_control.o (.text.BalancePositionControl_SetTrackingTarget)
                  0001b8b4    00000050     balance_soft_limits.o (.text.BalanceSoftLimits_GetSnapshot)
                  0001b904    00000050     ultrasonic.o (.text.Ultrasonic_Init)
                  0001b954    00000050     watchdog_monitor.o (.text.WatchdogMonitor_Tick1msFromIsr)
                  0001b9a4    0000004e     libclang_rt.builtins.a : floatdisf.S.obj (.text.__floatdisf)
                  0001b9f2    00000002     --HOLE-- [fill = 0]
                  0001b9f4    0000004c     car_controller.o (.text.CarController_StartFollowLine)
                  0001ba40    0000004c     mission_manager.o (.text.MissionManager_Cancel)
                  0001ba8c    0000004c     motor_control.o (.text.MotorControl_Stop)
                  0001bad8    0000004c     libc.a : cpy_tbl.c.obj (.text.copy_in)
                  0001bb24    0000004c     vision_protocol.o (.text.state_is_valid)
                  0001bb70    0000004c     libc.a : autoinit.c.obj (.text:__TI_auto_init_nopinit)
                  0001bbbc    00000048     car_controller.o (.text.CarController_ResumeFollowLine)
                  0001bc04    00000048     driverlib.a : dl_uart.o (.text.DL_UART_init)
                  0001bc4c    00000048     ti_msp_dl_config.o (.text.SYSCFG_DL_initPower)
                  0001bc94    00000046     balance_tuning.o (.text.parse_u16)
                  0001bcda    00000002     --HOLE-- [fill = 0]
                  0001bcdc    00000044     balance_ball_control.o (.text.BalanceBallControl_ResetConfig)
                  0001bd20    00000044     balance_tuning.o (.text.BalanceTuning_AbortCalibrationSession)
                  0001bd64    00000044     emergency_stop.o (.text.EmergencyStop_Reset)
                  0001bda8    00000044     encoder.o (.text.Encoder_GetAndClearPulseDeltas)
                  0001bdec    00000044     imu.o (.text.Imu_ResetYaw)
                  0001be30    00000044     servo.o (.text.Servo_Tick100us)
                  0001be74    00000040     balance_encoder.o (.text.BalanceEncoder_GetSnapshot)
                  0001beb4    00000040     balance_soft_limits.o (.text.BalanceSoftLimits_StopMotion)
                  0001bef4    00000040     fault.o (.text.Fault_Raise)
                  0001bf34    00000040     ti_msp_dl_config.o (.text.SYSCFG_DL_SYSCTL_init)
                  0001bf74    00000040     vision_receiver.o (.text.VisionReceiver_PushByteFromIsr)
                  0001bfb4    00000040     vision_uart.o (.text.VisionUart_Init)
                  0001bff4    00000040     libclang_rt.builtins.a : aeabi_uidivmod.S.obj (.text.__aeabi_uidivmod)
                  0001c034    00000040     balance_tuning.o (.text.abort_serial_calibration)
                  0001c074    00000040     vision_protocol.o (.text.parse_confidence)
                  0001c0b4    0000003e     libclang_rt.builtins.a : divmoddi4.c.obj (.text.__divmoddi4)
                  0001c0f2    00000002     --HOLE-- [fill = 0]
                  0001c0f4    0000003c     balance_position_control.o (.text.BalancePositionControl_Cancel)
                  0001c130    0000003c     mission_manager.o (.text.MissionManager_Resume)
                  0001c16c    0000003c     motor_control.o (.text.MotorControl_Init)
                  0001c1a8    0000003c     servo.o (.text.Servo_SetAngleDeg)
                  0001c1e4    0000003c     libclang_rt.builtins.a : floatsisf.S.obj (.text.__floatsisf)
                  0001c220    0000003c                            : comparesf2.S.obj (.text.__gtsf2)
                  0001c25c    0000003c     balance_position_control.o (.text.latch_fault)
                  0001c298    0000003a     libclang_rt.builtins.a : comparesf2.S.obj (.text.__eqsf2)
                  0001c2d2    00000002     --HOLE-- [fill = 0]
                  0001c2d4    0000003a                            : muldsi3.S.obj (.text.__muldsi3)
                  0001c30e    00000002     --HOLE-- [fill = 0]
                  0001c310    00000038     balance_ball_control.o (.text.BalanceBallControl_ForceStop)
                  0001c348    00000038     balance_ball_control.o (.text.BalanceBallControl_SetTargetMm)
                  0001c380    00000038     emergency_stop.o (.text.EmergencyStop_Trigger)
                  0001c3b8    00000038     motion_action.o (.text.MotionAction_Cancel)
                  0001c3f0    00000038     libclang_rt.builtins.a : fixsfsi.S.obj (.text.__fixsfsi)
                  0001c428    00000034     balance_position_control.o (.text.BalancePositionControl_SetTrackingThresholds)
                  0001c45c    00000034     imu.o (.text.Imu_IsReady)
                  0001c490    00000034     h_task_controller.o (.text.h_enter_vision_hold)
                  0001c4c4    00000034     balance_tuning.o (.text.serial_calibration_jog)
                  0001c4f8    00000032     oled.o (.text.OLED_PrintString)
                  0001c52a    00000002     --HOLE-- [fill = 0]
                  0001c52c    00000030     key.o (.text.Key_Init)
                  0001c55c    00000030     line_controller.o (.text.LineController_ObserveSensors)
                  0001c58c    00000030     watchdog_monitor.o (.text.WatchdogMonitor_Init)
                  0001c5bc    00000030     watchdog_monitor.o (.text.WatchdogMonitor_Reset)
                  0001c5ec    0000002c     balance_position_control.o (.text.BalancePositionControl_StartTracking)
                  0001c618    0000002c     car_controller.o (.text.CarController_SetFollowLineBaseCommand)
                  0001c644    0000002c     encoder.o (.text.Encoder_Reset)
                  0001c670    0000002c     motion_action.o (.text.MotionAction_Init)
                  0001c69c    0000002c     track_sensor.o (.text.TrackSensor_CountBlack)
                  0001c6c8    00000028     balance_ball_control.o (.text.BalanceBallControl_SetAngleFeedforwardCount)
                  0001c6f0    00000028     balance_soft_limits.o (.text.BalanceSoftLimits_CancelTravelTest)
                  0001c718    00000028     driverlib.a : dl_flashctl.o (.text.DL_FlashCTL_programMemoryFromRAM64WithECCGenerated)
                  0001c740    00000010                 : dl_flashctl.o (.tramp.DL_FlashCTL_executeCommandFromRAM.1)
                  0001c750    00000028     emergency_stop.o (.text.EmergencyStop_Enforce)
                  0001c778    00000028     h_task_controller.o (.text.HTaskController_Init)
                  0001c7a0    00000028     h_task_controller.o (.text.HTaskController_RequestNormalStop)
                  0001c7c8    00000028     magnet.o (.text.Magnet_ForceOff)
                  0001c7f0    00000028     ti_msp_dl_config.o (.text.SYSCFG_DL_init)
                  0001c818    00000028     servo.o (.text.Servo_Init)
                  0001c840    00000028     libclang_rt.builtins.a : floatunsisf.S.obj (.text.__floatunsisf)
                  0001c868    00000028     libc.a : boot_cortex_m.c.obj (.text:_c_int00_noargs)
                  0001c890    00000024     balance_encoder.o (.text.BalanceEncoder_SampleSpeed10msFromIsr)
                  0001c8b4    00000024     balance_position_control.o (.text.BalancePositionControl_GetSnapshot)
                  0001c8d8    00000024     balance_soft_limits.o (.text.BalanceSoftLimits_CancelOscillationTest)
                  0001c8fc    00000024     gimbal_stepper.o (.text.GimbalStepper_GetFeedbackSnapshot)
                  0001c920    00000024     h_task_controller.o (.text.HTaskController_VehicleToString)
                  0001c944    00000024     line_controller.o (.text.LineController_ClearProfileOverride)
                  0001c968    00000024     menu.o (.text.Menu_Init)
                  0001c98c    00000024     mission_manager.o (.text.MissionManager_ReportExternalFailure)
                  0001c9b0    00000024     motor_control.o (.text.MotorControl_Reset)
                  0001c9d4    00000024     oled.o (.text.OLED_ClearBuffer)
                  0001c9f8    00000024     libclang_rt.builtins.a : muldi3.S.obj (.text.__muldi3)
                  0001ca1c    00000020     driverlib.a : dl_timer.o (.text.DL_Timer_overrideCCPOut)
                  0001ca3c    00000020     debug_telemetry.o (.text.DebugTelemetry_Update)
                  0001ca5c    00000020     empty.o (.text.GROUP1_IRQHandler)
                  0001ca7c    00000020     magnet.o (.text.Magnet_Init)
                  0001ca9c    00000020     oled.o (.text.OLED_SetCursor)
                  0001cabc    00000020     empty.o (.text.SchedulerMonitor_GetStats)
                  0001cadc    00000020     vision_receiver.o (.text.VisionReceiver_GetProtocolErrorCount)
                  0001cafc    00000020     libc.a : memcmp.c.obj (.text.memcmp)
                  0001cb1c    00000020     mission_manager.o (.text.mission_finish_error)
                  0001cb3c    0000001e     libclang_rt.builtins.a : ashldi3.S.obj (.text.__ashldi3)
                  0001cb5a    00000002     --HOLE-- [fill = 0]
                  0001cb5c    0000001c     balance_ball_control.o (.text.BalanceBallControl_Disable)
                  0001cb78    0000001c     balance_ball_control.o (.text.BalanceBallControl_GetConfig)
                  0001cb94    0000001c     driverlib.a : dl_timer.o (.text.DL_Timer_setCaptCompUpdateMethod)
                  0001cbb0    0000001c                 : dl_timer.o (.text.DL_Timer_setClockConfig)
                  0001cbcc    0000001c     h_task_controller.o (.text.HTaskController_GetSnapshot)
                  0001cbe8    0000001c     h_task_controller.o (.text.HTaskController_IsActive)
                  0001cc04    0000001c     h_task_controller.o (.text.HTaskController_StateToString)
                  0001cc20    0000001c     heading_control.o (.text.HeadingControl_SetTargetYaw)
                  0001cc3c    0000001c     motor_control.o (.text.MotorControl_ClearFeedforwardOverride)
                  0001cc58    0000001c     obstacle_monitor.o (.text.ObstacleMonitor_Init)
                  0001cc74    0000001c     obstacle_safety.o (.text.ObstacleSafety_Init)
                  0001cc90    0000001c     watchdog_monitor.o (.text.WatchdogMonitor_NotifyControlCycleComplete)
                  0001ccac    0000001c     mission_manager.o (.text.mission_finish_success)
                  0001ccc8    00000018     driverlib.a : dl_flashctl.o (.text.DL_FlashCTL_eraseMemoryFromRAM)
                  0001cce0    00000018                 : dl_timer.o (.text.DL_Timer_setCaptureCompareOutCtl)
                  0001ccf8    00000018     debug_telemetry.o (.text.DebugTelemetry_Init)
                  0001cd10    00000018     heading_control.o (.text.HeadingControl_Init)
                  0001cd28    00000018     heading_control.o (.text.HeadingControl_Reset)
                  0001cd40    00000018     menu.o (.text.Menu_ParamItemToString)
                  0001cd58    00000018     mission_library.o (.text.MissionLibrary_FindById)
                  0001cd70    00000018     obstacle_avoidance.o (.text.ObstacleAvoidance_Init)
                  0001cd88    00000018     runtime_snapshot.o (.text.RuntimeSnapshot_Init)
                  0001cda0    00000016     libclang_rt.builtins.a : comparesf2.S.obj (.text.__unordsf2)
                  0001cdb6    00000002     --HOLE-- [fill = 0]
                  0001cdb8    00000014     balance_ball_control.o (.text.BalanceBallControl_GetSnapshot)
                  0001cdcc    00000014     fault.o (.text.Fault_Clear)
                  0001cde0    00000014     fault.o (.text.Fault_Init)
                  0001cdf4    00000014     gimbal_stepper.o (.text.GimbalStepper_SetStepHalfPeriodTicks)
                  0001ce08    00000014     h_task_controller.o (.text.HTaskController_GetChassisTuning)
                  0001ce1c    00000014     heading_control.o (.text.HeadingControl_Enable)
                  0001ce30    00000014     mission_library.o (.text.MissionLibrary_GetByIndex)
                  0001ce44    00000014     mission_manager.o (.text.MissionManager_GetSelectedMissionId)
                  0001ce58    00000014     libclang_rt.builtins.a : aeabi_ldivmod.S.obj (.text.__aeabi_ldivmod)
                  0001ce6c    00000014                            : aeabi_uldivmod.S.obj (.text.__aeabi_uldivmod)
                  0001ce80    00000012     driverlib.a : dl_uart.o (.text.DL_UART_setClockConfig)
                  0001ce92    00000012     libc.a : copy_decompress_none.c.obj (.text:decompress:none)
                  0001cea4    00000010     balance_position_control.o (.text.BalancePositionControl_HasFault)
                  0001ceb4    00000010     driverlib.a : dl_timer.o (.text.DL_Timer_setCaptureCompareValue)
                  0001cec4    00000010     gimbal.o (.text.Gimbal_YawGetFeedback)
                  0001ced4    00000010     h_task_controller.o (.text.HTaskController_HasFault)
                  0001cee4    00000010     key.o (.text.Key_GetEvent)
                  0001cef4    00000010     vision_receiver.o (.text.VisionReceiver_RecordUartBreakErrorFromIsr)
                  0001cf04    00000010     vision_receiver.o (.text.VisionReceiver_RecordUartFramingErrorFromIsr)
                  0001cf14    00000010     vision_receiver.o (.text.VisionReceiver_RecordUartOverrunFromIsr)
                  0001cf24    00000010     vision_receiver.o (.text.VisionReceiver_RecordUartParityErrorFromIsr)
                  0001cf34    00000010     libc.a : copy_zero_init.c.obj (.text:decompress:ZI)
                  0001cf44    0000000c     balance_position_control.o (.text.BalancePositionControl_IsBusy)
                  0001cf50    0000000c     balance_soft_limits.o (.text.BalanceSoftLimits_CancelCalibrationJog)
                  0001cf5c    0000000c     balance_soft_limits.o (.text.BalanceSoftLimits_IsCalibrationActive)
                  0001cf68    0000000c     balance_soft_limits.o (.text.BalanceSoftLimits_IsOscillationTestActive)
                  0001cf74    0000000c     balance_soft_limits.o (.text.BalanceSoftLimits_IsTravelTestActive)
                  0001cf80    0000000c     car_controller.o (.text.CarController_GetRunMode)
                  0001cf8c    0000000c     car_controller.o (.text.CarController_Init)
                  0001cf98    0000000c     car_controller.o (.text.CarController_IsSafetyHoldActive)
                  0001cfa4    0000000c     car_state.o (.text.CarState_Get)
                  0001cfb0    0000000c     car_state.o (.text.CarState_Init)
                  0001cfbc    0000000c     car_state.o (.text.CarState_Set)
                  0001cfc8    0000000c     emergency_stop.o (.text.EmergencyStop_Init)
                  0001cfd4    0000000c     emergency_stop.o (.text.EmergencyStop_IsActive)
                  0001cfe0    0000000c     imu.o (.text.Imu_GetCorrectedGyroZDps)
                  0001cfec    0000000c     imu.o (.text.Imu_GetYaw)
                  0001cff8    0000000c     menu.o (.text.Menu_GetPage)
                  0001d004    0000000c     menu.o (.text.Menu_GetParamItem)
                  0001d010    0000000c     mission_manager.o (.text.MissionManager_IsExternallyHeld)
                  0001d01c    0000000c     mission_manager.o (.text.MissionManager_SetExternalHold)
                  0001d028    0000000c     obstacle_avoidance.o (.text.ObstacleAvoidance_IsActive)
                  0001d034    0000000c     obstacle_avoidance.o (.text.ObstacleAvoidance_IsFailed)
                  0001d040    0000000c     obstacle_safety.o (.text.ObstacleSafety_IsHolding)
                  0001d04c    0000000c     empty.o (.text.SystemTime_GetMs)
                  0001d058    0000000c     watchdog_monitor.o (.text.WatchdogMonitor_HasTripped)
                  0001d064    0000000c     libclang_rt.builtins.a : aeabi_memset.S.obj (.text.__aeabi_memclr)
                  0001d070    0000000a     driverlib.a : dl_common.o (.text.DL_Common_delayCycles)
                  0001d07a    0000000a     motion_action.o (.text.MotionAction_Resume)
                  0001d084    0000000a     motion_action.o (.text.MotionAction_Start)
                  0001d08e    0000000a     track_sensor.o (.text.TrackSensor_IsCenterDetected)
                  0001d098    0000000a     track_sensor.o (.text.TrackSensor_IsLineDetected)
                  0001d0a2    0000000a     track_sensor.o (.text.TrackSensor_IsLineLost)
                  0001d0ac    00000008     balance_soft_limits.o (.text.BalanceSoftLimits_CancelPositionMove)
                  0001d0b4    00000008     balance_soft_limits.o (.text.BalanceSoftLimits_IsPositionMoveActive)
                  0001d0bc    00000008     bluetooth_uart.o (.text.BluetoothUart_GetRuntime)
                  0001d0c4    00000008     car_controller.o (.text.CarController_GetFeedback)
                  0001d0cc    00000008     fault.o (.text.Fault_GetRecord)
                  0001d0d4    00000008     gimbal_stepper.o (.text.GimbalStepper_GetFeedback)
                  0001d0dc    00000008     heading_control.o (.text.HeadingControl_GetRuntime)
                  0001d0e4    00000008     imu.o (.text.Imu_GetRuntime)
                  0001d0ec    00000008     line_controller.o (.text.LineController_GetRuntime)
                  0001d0f4    00000008     mission_manager.o (.text.MissionManager_GetMissionCount)
                  0001d0fc    00000008     mission_manager.o (.text.MissionManager_GetRuntime)
                  0001d104    00000008     motion_action.o (.text.MotionAction_GetRuntime)
                  0001d10c    00000008     motor_control.o (.text.MotorControl_GetRuntime)
                  0001d114    00000008     obstacle_avoidance.o (.text.ObstacleAvoidance_GetFeedback)
                  0001d11c    00000008     obstacle_monitor.o (.text.ObstacleMonitor_GetFeedback)
                  0001d124    00000008     oled_ui.o (.text.OledUi_Init)
                  0001d12c    00000008     runtime_snapshot.o (.text.RuntimeSnapshot_Get)
                  0001d134    00000008     servo.o (.text.Servo_GetFeedback)
                  0001d13c    00000008     ultrasonic.o (.text.Ultrasonic_GetFeedback)
                  0001d144    00000008     vision_receiver.o (.text.VisionReceiver_GetBallPositionObservation)
                  0001d14c    00000008     vision_receiver.o (.text.VisionReceiver_GetStatus)
                  0001d154    00000008     vision_tuning_console.o (.text.VisionTuningConsole_GetStatus)
                  0001d15c    00000008     watchdog_monitor.o (.text.WatchdogMonitor_GetStatus)
                  0001d164    00000008     wheel_speed_estimator.o (.text.WheelSpeedEstimator_GetRuntime)
                  0001d16c    00000008     libclang_rt.builtins.a : aeabi_memcpy.S.obj (.text.__aeabi_memcpy)
                  0001d174    00000006     libc.a : exit.c.obj (.text:abort)
                  0001d17a    00000004     libsysbm.a : hostexit.c.obj (.text.HOSTexit)
                  0001d17e    00000004     mission_library.o (.text.MissionLibrary_GetCount)
                  0001d182    00000004     obstacle_avoidance.o (.text.ObstacleAvoidance_IsResumeGraceActive)
                  0001d186    00000004     startup_mspm0g350x_ticlang.o (.text.Reset_Handler)
                  0001d18a    00000002     --HOLE-- [fill = 0]
                  0001d18c    00000010     libc.a : boot_cortex_m.c.obj (.tramp._c_int00_noargs.1)
                  0001d19c    00000004            : pre_init.c.obj (.text._system_pre_init)

.TI.ramfunc 
*          0    0001e080    00000060     RUN ADDR = 20201ab0
                  0001e080    00000060     driverlib.a : dl_flashctl.o (.TI.ramfunc)

.cinit     0    0001e0e0    00000030     
                  0001e0e0    0000000c     (__TI_handler_table)
                  0001e0ec    00000008     (.cinit..bss.load) [load image, compression = zero_init]
                  0001e0f4    00000005     (.cinit..data.load) [load image, compression = lzss]
                  0001e0f9    00000003     --HOLE-- [fill = 0]
                  0001e0fc    00000010     (__TI_cinit_table)
                  0001e10c    00000004     --HOLE-- [fill = 0]

.rodata    0    0001d1a0    00000ee0     
                  0001d1a0    000000d8     oled.o (.rodata..Lswitch.table.OLED_PrintChar)
                  0001d278    00000050     mission_library.o (.rodata.g_missionRegistry)
                  0001d2c8    00000048     menu.o (.rodata..Lswitch.table.Menu_ParamItemToString)
                  0001d310    0000003c     balance_tuning.o (.rodata..Lswitch.table.send_debug_receiver)
                  0001d34c    00000038     oled_ui.o (.rodata..Lswitch.table.print_balance_vision_rx_debug_page)
                  0001d384    00000038     mission_library.o (.rodata.g_missionH3)
                  0001d3bc    00000038     mission_library.o (.rodata.g_missionH4)
                  0001d3f4    00000038     mission_library.o (.rodata.g_missionH5)
                  0001d42c    00000038     mission_library.o (.rodata.g_missionH6)
                  0001d464    00000038     mission_library.o (.rodata.g_missionTask1)
                  0001d49c    00000034     oled_ui.o (.rodata..Lswitch.table.print_status_page)
                  0001d4d0    0000002c     balance_tuning.o (.rodata..Lswitch.table.send_debug_controller.182)
                  0001d4fc    00000028     oled_ui.o (.rodata..Lswitch.table.print_h_task_status_page.230)
                  0001d524    00000024     h_task_controller.o (.rodata..Lswitch.table.HTaskController_StateToString)
                  0001d548    00000020     oled_ui.o (.rodata..Lswitch.table.print_balance_vision_page)
                  0001d568    00000020     balance_tuning.o (.rodata..Lswitch.table.send_debug_controller.181)
                  0001d588    00000020     balance_tuning.o (.rodata..Lswitch.table.send_debug_filter)
                  0001d5a8    0000001c     oled_ui.o (.rodata..Lswitch.table.print_balance_stepper_test_page.226)
                  0001d5c4    0000001c     oled_ui.o (.rodata..Lswitch.table.print_balance_vision_page.227)
                  0001d5e0    0000001c     oled_ui.o (.rodata..Lswitch.table.print_drive_distance_page)
                  0001d5fc    0000001c     oled_ui.o (.rodata..Lswitch.table.print_h_task_status_page)
                  0001d618    00000018     oled_ui.o (.rodata..Lswitch.table.print_status_page.228)
                  0001d630    00000018     balance_tuning.o (.rodata..Lswitch.table.send_debug_position_fault)
                  0001d648    00000018     balance_tuning.o (.rodata.str1.12203727298384633765.1)
                  0001d660    00000017     balance_tuning.o (.rodata.str1.7429938449141376701.1)
                  0001d677    00000015     balance_tuning.o (.rodata.str1.12153495617120739732.1)
                  0001d68c    00000014     mission_library.o (.rodata..Lswitch.table.MissionLibrary_FindById)
                  0001d6a0    00000014     oled_ui.o (.rodata..Lswitch.table.print_balance_stepper_test_page.220)
                  0001d6b4    00000014     oled_ui.o (.rodata..Lswitch.table.print_balance_stepper_test_page.222)
                  0001d6c8    00000014     oled_ui.o (.rodata..Lswitch.table.print_status_page.229)
                  0001d6dc    00000014     balance_tuning.o (.rodata.str1.16828945227823925029.1)
                  0001d6f0    00000013     oled_ui.o (.rodata.str1.13871579367539052597.1)
                  0001d703    00000013     balance_tuning.o (.rodata.str1.14264142961881584424.1)
                  0001d716    00000012     balance_tuning.o (.rodata.str1.8563474565901259281.1)
                  0001d728    00000011     oled_ui.o (.rodata.str1.15132332204781002199.1)
                  0001d739    00000011     oled_ui.o (.rodata.str1.17436941090773226089.1)
                  0001d74a    00000011     oled_ui.o (.rodata.str1.2603845803395459882.1)
                  0001d75b    00000011     oled_ui.o (.rodata.str1.2608729314174233125.1)
                  0001d76c    00000011     oled_ui.o (.rodata.str1.9992244628984851027.1)
                  0001d77d    00000003     ti_msp_dl_config.o (.rodata.gPWM_MOTORClockConfig)
                  0001d780    00000010     oled_ui.o (.rodata..Lswitch.table.print_balance_stepper_test_page.223)
                  0001d790    00000010     balance_encoder.o (.rodata.cst16)
                  0001d7a0    00000010     oled_ui.o (.rodata.str1.2656948373757303877.1)
                  0001d7b0    0000000f     menu.o (.rodata..Lswitch.table.Menu_HandleKeyEvent)
                  0001d7bf    0000000f     oled_ui.o (.rodata.str1.17274519358952562110.1)
                  0001d7ce    0000000f     oled_ui.o (.rodata.str1.2397705740312973058.1)
                  0001d7dd    0000000f     oled_ui.o (.rodata.str1.9351772214919528733.1)
                  0001d7ec    0000000f     oled_ui.o (.rodata.str1.9854382722193312766.1)
                  0001d7fb    0000000e     oled_ui.o (.rodata.str1.11232419324784801130.1)
                  0001d809    0000000e     balance_tuning.o (.rodata.str1.1264218299910966159.1)
                  0001d817    0000000e     balance_tuning.o (.rodata.str1.12833110812472946424.1)
                  0001d825    0000000e     mission_library.o (.rodata.str1.1440970855772709381.1)
                  0001d833    0000000e     oled_ui.o (.rodata.str1.14556837007311414654.1)
                  0001d841    0000000e     oled_ui.o (.rodata.str1.15917848551323629232.1)
                  0001d84f    0000000e     oled_ui.o (.rodata.str1.18266126048138325213.1)
                  0001d85d    0000000e     oled_ui.o (.rodata.str1.2193316011307952170.1)
                  0001d86b    0000000e     balance_tuning.o (.rodata.str1.3233384059104302595.1)
                  0001d879    0000000e     oled_ui.o (.rodata.str1.8124536758062367015.1)
                  0001d887    0000000d     balance_tuning.o (.rodata.str1.12787636963787307533.1)
                  0001d894    0000000d     mission_library.o (.rodata.str1.15668266851434757964.1)
                  0001d8a1    0000000d     balance_tuning.o (.rodata.str1.2068070733339245865.1)
                  0001d8ae    0000000d     balance_tuning.o (.rodata.str1.7303502640274702539.1)
                  0001d8bb    0000000d     balance_tuning.o (.rodata.str1.7805572866881257290.1)
                  0001d8c8    0000000c     oled_ui.o (.rodata..Lswitch.table.print_balance_stepper_test_page.221)
                  0001d8d4    0000000c     oled_ui.o (.rodata..Lswitch.table.print_balance_stepper_test_page.224)
                  0001d8e0    0000000c     oled_ui.o (.rodata..Lswitch.table.print_balance_stepper_test_page)
                  0001d8ec    0000000c     oled_ui.o (.rodata..Lswitch.table.print_sensor_page)
                  0001d8f8    0000000c     balance_tuning.o (.rodata..Lswitch.table.send_calibration_status)
                  0001d904    0000000c     oled_ui.o (.rodata.str1.1019225241002246410.1)
                  0001d910    0000000c     balance_tuning.o (.rodata.str1.11153751536558257278.1)
                  0001d91c    0000000c     mission_library.o (.rodata.str1.11682660667400632204.1)
                  0001d928    0000000c     oled_ui.o (.rodata.str1.12043213579996415112.1)
                  0001d934    0000000c     balance_tuning.o (.rodata.str1.14379570804519814092.1)
                  0001d940    0000000c     oled_ui.o (.rodata.str1.5965450730569173784.1)
                  0001d94c    0000000b     oled_ui.o (.rodata.str1.130772507669342127.1)
                  0001d957    0000000b     balance_tuning.o (.rodata.str1.13927408975829028648.1)
                  0001d962    0000000b     balance_tuning.o (.rodata.str1.16995373371140357553.1)
                  0001d96d    0000000b     balance_tuning.o (.rodata.str1.2700731884220140365.1)
                  0001d978    0000000b     oled_ui.o (.rodata.str1.3455423528827705371.1)
                  0001d983    0000000b     oled_ui.o (.rodata.str1.3702290527496711532.1)
                  0001d98e    0000000b     balance_tuning.o (.rodata.str1.4113204610233820215.1)
                  0001d999    0000000b     balance_tuning.o (.rodata.str1.9462028229935726468.1)
                  0001d9a4    0000000a     ti_msp_dl_config.o (.rodata.gUART_BALANCE_TUNINGConfig)
                  0001d9ae    0000000a     ti_msp_dl_config.o (.rodata.gUART_VISIONConfig)
                  0001d9b8    0000000a     oled_ui.o (.rodata.str1.1108652269057166745.1)
                  0001d9c2    0000000a     balance_tuning.o (.rodata.str1.11429545149414127667.1)
                  0001d9cc    0000000a     balance_tuning.o (.rodata.str1.11965935882277854026.1)
                  0001d9d6    0000000a     balance_tuning.o (.rodata.str1.1225708768031363644.1)
                  0001d9e0    0000000a     balance_tuning.o (.rodata.str1.12662652760121154555.1)
                  0001d9ea    0000000a     mission_library.o (.rodata.str1.13636476544574750902.1)
                  0001d9f4    0000000a     balance_tuning.o (.rodata.str1.14407532796619091063.1)
                  0001d9fe    0000000a     oled_ui.o (.rodata.str1.16931641404301806744.1)
                  0001da08    0000000a     balance_tuning.o (.rodata.str1.190387033829999932.1)
                  0001da12    0000000a     oled_ui.o (.rodata.str1.1974573040514735405.1)
                  0001da1c    0000000a     mission_library.o (.rodata.str1.199678142196697465.1)
                  0001da26    0000000a     oled_ui.o (.rodata.str1.5291836437463020264.1)
                  0001da30    0000000a     oled_ui.o (.rodata.str1.6381889798382488904.1)
                  0001da3a    00000009     balance_tuning.o (.rodata.str1.13060521858833474728.1)
                  0001da43    00000009     balance_tuning.o (.rodata.str1.16006537837561361483.1)
                  0001da4c    00000009     oled_ui.o (.rodata.str1.240075016795266086.1)
                  0001da55    00000009     oled_ui.o (.rodata.str1.4402311448527872260.1)
                  0001da5e    00000009     balance_tuning.o (.rodata.str1.9007449870089704693.1)
                  0001da67    00000009     oled_ui.o (.rodata.str1.9646571805098343045.1)
                  0001da70    00000008     ti_msp_dl_config.o (.rodata.gPWM_MOTORConfig)
                  0001da78    00000008     balance_tuning.o (.rodata.str1.10864470326470540157.1)
                  0001da80    00000008     balance_tuning.o (.rodata.str1.12637522976786142932.1)
                  0001da88    00000008     balance_tuning.o (.rodata.str1.12835793291258929699.1)
                  0001da90    00000008     oled_ui.o (.rodata.str1.12928245060369742404.1)
                  0001da98    00000008     app.o (.rodata.str1.13935281678674483141.1)
                  0001daa0    00000008     balance_tuning.o (.rodata.str1.15818174819141905252.1)
                  0001daa8    00000008     oled_ui.o (.rodata.str1.270145429241168923.1)
                  0001dab0    00000008     balance_tuning.o (.rodata.str1.3392284968516405332.1)
                  0001dab8    00000008     balance_tuning.o (.rodata.str1.7071644105955104486.1)
                  0001dac0    00000008     oled_ui.o (.rodata.str1.8703997732205428909.1)
                  0001dac8    00000007     oled_ui.o (.rodata.str1.10263419832828250601.1)
                  0001dacf    00000007     balance_tuning.o (.rodata.str1.11690988241288759035.1)
                  0001dad6    00000007     oled_ui.o (.rodata.str1.12571791089077708471.1)
                  0001dadd    00000007     oled_ui.o (.rodata.str1.13750180467131823662.1)
                  0001dae4    00000007     oled_ui.o (.rodata.str1.14132186318895045592.1)
                  0001daeb    00000007     oled_ui.o (.rodata.str1.15613891207764622616.1)
                  0001daf2    00000007     h_task_controller.o (.rodata.str1.15725356076850704266.1)
                  0001daf9    00000007     balance_tuning.o (.rodata.str1.15769814967733252227.1)
                  0001db00    00000007     oled_ui.o (.rodata.str1.16635595130967924751.1)
                  0001db07    00000007     oled_ui.o (.rodata.str1.16767111097834273992.1)
                  0001db0e    00000007     h_task_controller.o (.rodata.str1.3267964509806984770.1)
                  0001db15    00000007     balance_tuning.o (.rodata.str1.3829160663182747675.1)
                  0001db1c    00000007     oled_ui.o (.rodata.str1.6473435968988645044.1)
                  0001db23    00000007     oled_ui.o (.rodata.str1.6744096065564390185.1)
                  0001db2a    00000007     balance_tuning.o (.rodata.str1.7224754546233542076.1)
                  0001db31    00000007     oled_ui.o (.rodata.str1.9135818829835424837.1)
                  0001db38    00000007     balance_tuning.o (.rodata.str1.9755989949770481844.1)
                  0001db3f    00000006     oled_ui.o (.rodata.str1.11178346780556493352.1)
                  0001db45    00000006     oled_ui.o (.rodata.str1.11388022865931857840.1)
                  0001db4b    00000006     oled_ui.o (.rodata.str1.11794000050372113979.1)
                  0001db51    00000006     oled_ui.o (.rodata.str1.12617122458660443890.1)
                  0001db57    00000006     oled_ui.o (.rodata.str1.1276391367487699528.1)
                  0001db5d    00000006     balance_tuning.o (.rodata.str1.12987821060827392178.1)
                  0001db63    00000006     balance_tuning.o (.rodata.str1.13102443532555841901.1)
                  0001db69    00000006     menu.o (.rodata.str1.13617062986815958976.1)
                  0001db6f    00000006     oled_ui.o (.rodata.str1.13790669171379415506.1)
                  0001db75    00000006     oled_ui.o (.rodata.str1.13875148296791986931.1)
                  0001db7b    00000006     oled_ui.o (.rodata.str1.14824331111526742204.1)
                  0001db81    00000006     oled_ui.o (.rodata.str1.15802367878353263018.1)
                  0001db87    00000006     oled_ui.o (.rodata.str1.15859922799842739878.1)
                  0001db8d    00000006     balance_tuning.o (.rodata.str1.16284837996370273307.1)
                  0001db93    00000006     balance_tuning.o (.rodata.str1.16612448349671680203.1)
                  0001db99    00000006     oled_ui.o (.rodata.str1.17300182281883965258.1)
                  0001db9f    00000006     oled_ui.o (.rodata.str1.17540787658903907660.1)
                  0001dba5    00000006     balance_tuning.o (.rodata.str1.18012996296540459495.1)
                  0001dbab    00000006     oled_ui.o (.rodata.str1.182352409660151230.1)
                  0001dbb1    00000006     balance_tuning.o (.rodata.str1.1862446224603202915.1)
                  0001dbb7    00000006     oled_ui.o (.rodata.str1.2742282290834473644.1)
                  0001dbbd    00000006     oled_ui.o (.rodata.str1.3407221357956504873.1)
                  0001dbc3    00000006     oled_ui.o (.rodata.str1.35417727660486075.1)
                  0001dbc9    00000006     oled_ui.o (.rodata.str1.4206774382274784027.1)
                  0001dbcf    00000006     oled_ui.o (.rodata.str1.4723632947289500520.1)
                  0001dbd5    00000006     oled_ui.o (.rodata.str1.5359389153162985499.1)
                  0001dbdb    00000006     h_task_controller.o (.rodata.str1.6296723155108836847.1)
                  0001dbe1    00000006     oled_ui.o (.rodata.str1.6398192001994169976.1)
                  0001dbe7    00000006     oled_ui.o (.rodata.str1.7050595558965647569.1)
                  0001dbed    00000006     oled_ui.o (.rodata.str1.8709745090823444516.1)
                  0001dbf3    00000006     oled_ui.o (.rodata.str1.967006512144173535.1)
                  0001dbf9    00000005     motion_action.o (.rodata..Lswitch.table.MotionAction_Update_20ms)
                  0001dbfe    00000005     oled.o (.rodata.oled_get_glyph.colon)
                  0001dc03    00000005     oled.o (.rodata.oled_get_glyph.eight)
                  0001dc08    00000005     oled.o (.rodata.oled_get_glyph.five)
                  0001dc0d    00000005     oled.o (.rodata.oled_get_glyph.four)
                  0001dc12    00000005     oled.o (.rodata.oled_get_glyph.glyphA)
                  0001dc17    00000005     oled.o (.rodata.oled_get_glyph.glyphB)
                  0001dc1c    00000005     oled.o (.rodata.oled_get_glyph.glyphC)
                  0001dc21    00000005     oled.o (.rodata.oled_get_glyph.glyphD)
                  0001dc26    00000005     oled.o (.rodata.oled_get_glyph.glyphE)
                  0001dc2b    00000005     oled.o (.rodata.oled_get_glyph.glyphF)
                  0001dc30    00000005     oled.o (.rodata.oled_get_glyph.glyphG)
                  0001dc35    00000005     oled.o (.rodata.oled_get_glyph.glyphH)
                  0001dc3a    00000005     oled.o (.rodata.oled_get_glyph.glyphI)
                  0001dc3f    00000005     oled.o (.rodata.oled_get_glyph.glyphK)
                  0001dc44    00000005     oled.o (.rodata.oled_get_glyph.glyphL)
                  0001dc49    00000005     oled.o (.rodata.oled_get_glyph.glyphM)
                  0001dc4e    00000005     oled.o (.rodata.oled_get_glyph.glyphN)
                  0001dc53    00000005     oled.o (.rodata.oled_get_glyph.glyphO)
                  0001dc58    00000005     oled.o (.rodata.oled_get_glyph.glyphP)
                  0001dc5d    00000005     oled.o (.rodata.oled_get_glyph.glyphR)
                  0001dc62    00000005     oled.o (.rodata.oled_get_glyph.glyphS)
                  0001dc67    00000005     oled.o (.rodata.oled_get_glyph.glyphT)
                  0001dc6c    00000005     oled.o (.rodata.oled_get_glyph.glyphU)
                  0001dc71    00000005     oled.o (.rodata.oled_get_glyph.glyphV)
                  0001dc76    00000005     oled.o (.rodata.oled_get_glyph.glyphW)
                  0001dc7b    00000005     oled.o (.rodata.oled_get_glyph.glyphX)
                  0001dc80    00000005     oled.o (.rodata.oled_get_glyph.glyphY)
                  0001dc85    00000005     oled.o (.rodata.oled_get_glyph.glyphb)
                  0001dc8a    00000005     oled.o (.rodata.oled_get_glyph.gt)
                  0001dc8f    00000005     oled.o (.rodata.oled_get_glyph.minus)
                  0001dc94    00000005     oled.o (.rodata.oled_get_glyph.nine)
                  0001dc99    00000005     oled.o (.rodata.oled_get_glyph.one)
                  0001dc9e    00000005     oled.o (.rodata.oled_get_glyph.seven)
                  0001dca3    00000005     oled.o (.rodata.oled_get_glyph.six)
                  0001dca8    00000005     oled.o (.rodata.oled_get_glyph.space)
                  0001dcad    00000005     oled.o (.rodata.oled_get_glyph.three)
                  0001dcb2    00000005     oled.o (.rodata.oled_get_glyph.two)
                  0001dcb7    00000005     oled.o (.rodata.oled_get_glyph.zero)
                  0001dcbc    00000005     oled_ui.o (.rodata.str1.10077435089618835710.1)
                  0001dcc1    00000005     oled_ui.o (.rodata.str1.10509309789429088155.1)
                  0001dcc6    00000005     oled_ui.o (.rodata.str1.10568433575767188072.1)
                  0001dccb    00000005     oled_ui.o (.rodata.str1.10600688730180713177.1)
                  0001dcd0    00000005     balance_tuning.o (.rodata.str1.10969382713942392268.1)
                  0001dcd5    00000005     oled_ui.o (.rodata.str1.11428648044669318875.1)
                  0001dcda    00000005     oled_ui.o (.rodata.str1.1144361573494598876.1)
                  0001dcdf    00000005     balance_tuning.o (.rodata.str1.11520738983365952627.1)
                  0001dce4    00000005     oled_ui.o (.rodata.str1.11614055506586029288.1)
                  0001dce9    00000005     oled_ui.o (.rodata.str1.11627403558423016802.1)
                  0001dcee    00000005     oled_ui.o (.rodata.str1.11733562463285951762.1)
                  0001dcf3    00000005     balance_tuning.o (.rodata.str1.11920933488914742755.1)
                  0001dcf8    00000005     menu.o (.rodata.str1.12110183915172842339.1)
                  0001dcfd    00000005     oled_ui.o (.rodata.str1.12182588061437138428.1)
                  0001dd02    00000005     oled_ui.o (.rodata.str1.12493748764729730277.1)
                  0001dd07    00000005     oled_ui.o (.rodata.str1.12595606217184830646.1)
                  0001dd0c    00000005     oled_ui.o (.rodata.str1.12888220461447056082.1)
                  0001dd11    00000005     oled_ui.o (.rodata.str1.12983537867572525563.1)
                  0001dd16    00000005     oled_ui.o (.rodata.str1.13244290092665904221.1)
                  0001dd1b    00000005     oled_ui.o (.rodata.str1.13455707389137064912.1)
                  0001dd20    00000005     oled_ui.o (.rodata.str1.13892659840332223045.1)
                  0001dd25    00000005     balance_tuning.o (.rodata.str1.14000290760835785496.1)
                  0001dd2a    00000005     oled_ui.o (.rodata.str1.14059743082376491124.1)
                  0001dd2f    00000005     fault.o (.rodata.str1.14435905801345341244.1)
                  0001dd34    00000005     oled_ui.o (.rodata.str1.1445687256832830955.1)
                  0001dd39    00000005     oled_ui.o (.rodata.str1.14711868471336838103.1)
                  0001dd3e    00000005     oled_ui.o (.rodata.str1.14740362735394205067.1)
                  0001dd43    00000005     oled_ui.o (.rodata.str1.14774750633985060196.1)
                  0001dd48    00000005     fault.o (.rodata.str1.1506612114648992996.1)
                  0001dd4d    00000005     balance_tuning.o (.rodata.str1.15919845898950636588.1)
                  0001dd52    00000005     oled_ui.o (.rodata.str1.15935041339501476673.1)
                  0001dd57    00000005     balance_tuning.o (.rodata.str1.16068706543213351269.1)
                  0001dd5c    00000005     balance_tuning.o (.rodata.str1.16276113701240659636.1)
                  0001dd61    00000005     menu.o (.rodata.str1.1645282505431347711.1)
                  0001dd66    00000005     oled_ui.o (.rodata.str1.16496169091617228061.1)
                  0001dd6b    00000005     oled_ui.o (.rodata.str1.16895433903389883335.1)
                  0001dd70    00000005     fault.o (.rodata.str1.17097894860660336008.1)
                  0001dd75    00000005     fault.o (.rodata.str1.17155043670132108083.1)
                  0001dd7a    00000005     oled_ui.o (.rodata.str1.17464849429964608858.1)
                  0001dd7f    00000005     balance_tuning.o (.rodata.str1.17549480707308297090.1)
                  0001dd84    00000005     oled_ui.o (.rodata.str1.17678525341650131470.1)
                  0001dd89    00000005     oled_ui.o (.rodata.str1.17719310104486814868.1)
                  0001dd8e    00000005     oled_ui.o (.rodata.str1.17763996158807330232.1)
                  0001dd93    00000005     balance_tuning.o (.rodata.str1.17777434972134067752.1)
                  0001dd98    00000005     oled_ui.o (.rodata.str1.17812014771544466701.1)
                  0001dd9d    00000005     oled_ui.o (.rodata.str1.18190418239766617312.1)
                  0001dda2    00000005     fault.o (.rodata.str1.2104670281202025270.1)
                  0001dda7    00000005     h_task_controller.o (.rodata.str1.2316076610917938976.1)
                  0001ddac    00000005     oled_ui.o (.rodata.str1.2522137003438374266.1)
                  0001ddb1    00000005     balance_tuning.o (.rodata.str1.3025565282533664955.1)
                  0001ddb6    00000005     oled_ui.o (.rodata.str1.3247264562726604308.1)
                  0001ddbb    00000005     balance_tuning.o (.rodata.str1.3946804622114928529.1)
                  0001ddc0    00000005     oled_ui.o (.rodata.str1.4145722311425911355.1)
                  0001ddc5    00000005     oled_ui.o (.rodata.str1.4193589846040060630.1)
                  0001ddca    00000005     balance_tuning.o (.rodata.str1.4303511908001058520.1)
                  0001ddcf    00000005     fault.o (.rodata.str1.4453281041433270631.1)
                  0001ddd4    00000005     h_task_controller.o (.rodata.str1.4521604808130619732.1)
                  0001ddd9    00000005     fault.o (.rodata.str1.4549004730087743662.1)
                  0001ddde    00000005     oled_ui.o (.rodata.str1.4551794666512319153.1)
                  0001dde3    00000005     oled_ui.o (.rodata.str1.4581472623415959594.1)
                  0001dde8    00000005     balance_tuning.o (.rodata.str1.4612574170956397295.1)
                  0001dded    00000005     menu.o (.rodata.str1.4862307748908978627.1)
                  0001ddf2    00000005     oled_ui.o (.rodata.str1.4932371652560868037.1)
                  0001ddf7    00000005     balance_tuning.o (.rodata.str1.504352846468954294.1)
                  0001ddfc    00000005     balance_tuning.o (.rodata.str1.533910187409029848.1)
                  0001de01    00000005     oled_ui.o (.rodata.str1.5806700949489897179.1)
                  0001de06    00000005     oled_ui.o (.rodata.str1.583767485161932155.1)
                  0001de0b    00000005     oled_ui.o (.rodata.str1.5853739094453432564.1)
                  0001de10    00000005     oled_ui.o (.rodata.str1.58703915094955230.1)
                  0001de15    00000005     oled_ui.o (.rodata.str1.5948326995020184415.1)
                  0001de1a    00000005     h_task_controller.o (.rodata.str1.6223731695138908434.1)
                  0001de1f    00000005     fault.o (.rodata.str1.6372787129294360447.1)
                  0001de24    00000005     fault.o (.rodata.str1.6437946768974223044.1)
                  0001de29    00000005     oled_ui.o (.rodata.str1.6806727740681590176.1)
                  0001de2e    00000005     oled_ui.o (.rodata.str1.7058381418100166061.1)
                  0001de33    00000005     oled_ui.o (.rodata.str1.7419768602719733415.1)
                  0001de38    00000005     fault.o (.rodata.str1.8185770893384132067.1)
                  0001de3d    00000005     oled_ui.o (.rodata.str1.8236579331345056500.1)
                  0001de42    00000005     oled_ui.o (.rodata.str1.8353780705845994846.1)
                  0001de47    00000005     oled_ui.o (.rodata.str1.8449035241871861290.1)
                  0001de4c    00000005     oled_ui.o (.rodata.str1.8471462185882660445.1)
                  0001de51    00000005     oled_ui.o (.rodata.str1.8615431116298670950.1)
                  0001de56    00000005     oled_ui.o (.rodata.str1.8693388333057100694.1)
                  0001de5b    00000005     menu.o (.rodata.str1.8935930992971773687.1)
                  0001de60    00000005     oled_ui.o (.rodata.str1.9044019526854345694.1)
                  0001de65    00000005     oled_ui.o (.rodata.str1.9159586779647977165.1)
                  0001de6a    00000005     oled_ui.o (.rodata.str1.9229350655415085.1)
                  0001de6f    00000005     h_task_controller.o (.rodata.str1.9476182539875367558.1)
                  0001de74    00000005     balance_tuning.o (.rodata.str1.9478990218017967919.1)
                  0001de79    00000005     oled_ui.o (.rodata.str1.9554470707595806150.1)
                  0001de7e    00000005     oled_ui.o (.rodata.str1.9584387800903135389.1)
                  0001de83    00000005     oled_ui.o (.rodata.str1.9822857334037886482.1)
                  0001de88    00000004     oled_ui.o (.rodata.str1.10163600690795753232.1)
                  0001de8c    00000004     oled_ui.o (.rodata.str1.10416366799939242409.1)
                  0001de90    00000004     oled_ui.o (.rodata.str1.10418495993736659646.1)
                  0001de94    00000004     oled_ui.o (.rodata.str1.10430294223631918979.1)
                  0001de98    00000004     balance_tuning.o (.rodata.str1.10719393435742183532.1)
                  0001de9c    00000004     oled_ui.o (.rodata.str1.11049990970699464748.1)
                  0001dea0    00000004     oled_ui.o (.rodata.str1.11149198520117834688.1)
                  0001dea4    00000004     oled_ui.o (.rodata.str1.11385560076888697311.1)
                  0001dea8    00000004     oled_ui.o (.rodata.str1.12359577037488465078.1)
                  0001deac    00000004     oled_ui.o (.rodata.str1.12447783896598192203.1)
                  0001deb0    00000004     menu.o (.rodata.str1.12621154128155039063.1)
                  0001deb4    00000004     oled_ui.o (.rodata.str1.12697925274637991987.1)
                  0001deb8    00000004     h_task_controller.o (.rodata.str1.13154793040940860060.1)
                  0001debc    00000004     oled_ui.o (.rodata.str1.13271657277589579873.1)
                  0001dec0    00000004     oled_ui.o (.rodata.str1.13567883086814673087.1)
                  0001dec4    00000004     fault.o (.rodata.str1.13582094816268305212.1)
                  0001dec8    00000004     h_task_controller.o (.rodata.str1.13677751924825772483.1)
                  0001decc    00000004     oled_ui.o (.rodata.str1.14134189893851348960.1)
                  0001ded0    00000004     oled_ui.o (.rodata.str1.14168333168339663346.1)
                  0001ded4    00000004     oled_ui.o (.rodata.str1.14358698208395374265.1)
                  0001ded8    00000004     oled_ui.o (.rodata.str1.14521350379984854626.1)
                  0001dedc    00000004     oled_ui.o (.rodata.str1.14675223611663555778.1)
                  0001dee0    00000004     oled_ui.o (.rodata.str1.14705090427839013503.1)
                  0001dee4    00000004     oled_ui.o (.rodata.str1.14748562464132904299.1)
                  0001dee8    00000004     h_task_controller.o (.rodata.str1.15447513579622963267.1)
                  0001deec    00000004     oled_ui.o (.rodata.str1.15575624326185233262.1)
                  0001def0    00000004     oled_ui.o (.rodata.str1.15577080202403550426.1)
                  0001def4    00000004     oled_ui.o (.rodata.str1.15829239520183577662.1)
                  0001def8    00000004     oled_ui.o (.rodata.str1.16290499236105125126.1)
                  0001defc    00000004     menu.o (.rodata.str1.16312125044762562515.1)
                  0001df00    00000004     oled_ui.o (.rodata.str1.16411631209783952401.1)
                  0001df04    00000004     fault.o (.rodata.str1.16482347271627360806.1)
                  0001df08    00000004     oled_ui.o (.rodata.str1.16526439943277383452.1)
                  0001df0c    00000004     oled_ui.o (.rodata.str1.16554583589798097927.1)
                  0001df10    00000004     oled_ui.o (.rodata.str1.16849766574302683489.1)
                  0001df14    00000004     menu.o (.rodata.str1.17041139162815566052.1)
                  0001df18    00000004     oled_ui.o (.rodata.str1.17067061841413117831.1)
                  0001df1c    00000004     oled_ui.o (.rodata.str1.17242430504649735449.1)
                  0001df20    00000004     oled_ui.o (.rodata.str1.17717236995185551183.1)
                  0001df24    00000004     oled_ui.o (.rodata.str1.17747339173178619492.1)
                  0001df28    00000004     oled_ui.o (.rodata.str1.17881291656140238186.1)
                  0001df2c    00000004     oled_ui.o (.rodata.str1.18128648927899109887.1)
                  0001df30    00000004     menu.o (.rodata.str1.1955320522770775823.1)
                  0001df34    00000004     oled_ui.o (.rodata.str1.2002540315216928218.1)
                  0001df38    00000004     balance_tuning.o (.rodata.str1.212598471458399308.1)
                  0001df3c    00000004     oled_ui.o (.rodata.str1.2308938766145545715.1)
                  0001df40    00000004     balance_tuning.o (.rodata.str1.2518525128920481353.1)
                  0001df44    00000004     oled_ui.o (.rodata.str1.2714695401222167146.1)
                  0001df48    00000004     oled_ui.o (.rodata.str1.3025253791635144717.1)
                  0001df4c    00000004     balance_tuning.o (.rodata.str1.3044366246123777871.1)
                  0001df50    00000004     oled_ui.o (.rodata.str1.344790106308886506.1)
                  0001df54    00000004     oled_ui.o (.rodata.str1.3467953211977455017.1)
                  0001df58    00000004     balance_tuning.o (.rodata.str1.3496791163923278892.1)
                  0001df5c    00000004     oled_ui.o (.rodata.str1.4082595774073207366.1)
                  0001df60    00000004     oled_ui.o (.rodata.str1.4333660085836505987.1)
                  0001df64    00000004     oled_ui.o (.rodata.str1.4581686099848791648.1)
                  0001df68    00000004     oled_ui.o (.rodata.str1.4610220316623841660.1)
                  0001df6c    00000004     menu.o (.rodata.str1.4646809750356241979.1)
                  0001df70    00000004     menu.o (.rodata.str1.5102509094067202407.1)
                  0001df74    00000004     menu.o (.rodata.str1.5155000645726596423.1)
                  0001df78    00000004     balance_tuning.o (.rodata.str1.5425032234050588950.1)
                  0001df7c    00000004     oled_ui.o (.rodata.str1.5689016102676777062.1)
                  0001df80    00000004     balance_tuning.o (.rodata.str1.5712957265389193314.1)
                  0001df84    00000004     oled_ui.o (.rodata.str1.5965888106848176421.1)
                  0001df88    00000004     oled_ui.o (.rodata.str1.6350830172869379626.1)
                  0001df8c    00000004     balance_tuning.o (.rodata.str1.6600389014628918663.1)
                  0001df90    00000004     menu.o (.rodata.str1.6617442809723977961.1)
                  0001df94    00000004     oled_ui.o (.rodata.str1.6765272904519285768.1)
                  0001df98    00000004     oled_ui.o (.rodata.str1.6835749436006845616.1)
                  0001df9c    00000004     oled_ui.o (.rodata.str1.6954814719705590448.1)
                  0001dfa0    00000004     oled_ui.o (.rodata.str1.7047564630061872329.1)
                  0001dfa4    00000004     oled_ui.o (.rodata.str1.7185587941321649510.1)
                  0001dfa8    00000004     oled_ui.o (.rodata.str1.7205245123442117851.1)
                  0001dfac    00000004     oled_ui.o (.rodata.str1.7219546930854689545.1)
                  0001dfb0    00000004     fault.o (.rodata.str1.7255546073596598018.1)
                  0001dfb4    00000004     oled_ui.o (.rodata.str1.7481335054564682966.1)
                  0001dfb8    00000004     oled_ui.o (.rodata.str1.763101100280173925.1)
                  0001dfbc    00000004     oled_ui.o (.rodata.str1.7995683487334987046.1)
                  0001dfc0    00000004     oled_ui.o (.rodata.str1.799718701096035713.1)
                  0001dfc4    00000004     oled_ui.o (.rodata.str1.8018480777946742726.1)
                  0001dfc8    00000004     oled_ui.o (.rodata.str1.8403269972884532600.1)
                  0001dfcc    00000004     oled_ui.o (.rodata.str1.8426569189266129334.1)
                  0001dfd0    00000004     oled_ui.o (.rodata.str1.8460525935980491721.1)
                  0001dfd4    00000004     oled_ui.o (.rodata.str1.8950259614286592359.1)
                  0001dfd8    00000004     oled_ui.o (.rodata.str1.9102528229756940648.1)
                  0001dfdc    00000004     oled_ui.o (.rodata.str1.9295666102996717355.1)
                  0001dfe0    00000004     menu.o (.rodata.str1.9335743632997171283.1)
                  0001dfe4    00000004     oled_ui.o (.rodata.str1.9544068167406571052.1)
                  0001dfe8    00000004     menu.o (.rodata.str1.9546740394641817443.1)
                  0001dfec    00000004     oled_ui.o (.rodata.str1.9611283282870761829.1)
                  0001dff0    00000003     oled_ui.o (.rodata.str1.10767072398481191905.1)
                  0001dff3    00000003     oled_ui.o (.rodata.str1.10907125332684471422.1)
                  0001dff6    00000003     oled_ui.o (.rodata.str1.11044102588127922728.1)
                  0001dff9    00000003     balance_tuning.o (.rodata.str1.11278905947013221575.1)
                  0001dffc    00000003     balance_tuning.o (.rodata.str1.11637300377853929957.1)
                  0001dfff    00000003     oled_ui.o (.rodata.str1.12504350857748951577.1)
                  0001e002    00000003     balance_tuning.o (.rodata.str1.12635714987897210726.1)
                  0001e005    00000003     balance_tuning.o (.rodata.str1.12734032557881089407.1)
                  0001e008    00000003     menu.o (.rodata.str1.13124720451672825294.1)
                  0001e00b    00000003     oled_ui.o (.rodata.str1.13882251010780863896.1)
                  0001e00e    00000003     balance_tuning.o (.rodata.str1.13887619254000044375.1)
                  0001e011    00000003     menu.o (.rodata.str1.14098755746347272832.1)
                  0001e014    00000003     oled_ui.o (.rodata.str1.14142815821055334776.1)
                  0001e017    00000003     oled_ui.o (.rodata.str1.14265077442249237877.1)
                  0001e01a    00000003     balance_tuning.o (.rodata.str1.14528236570236992956.1)
                  0001e01d    00000003     oled_ui.o (.rodata.str1.15008238333949226094.1)
                  0001e020    00000003     menu.o (.rodata.str1.15382373691547772653.1)
                  0001e023    00000003     oled_ui.o (.rodata.str1.16133855533230012141.1)
                  0001e026    00000003     balance_tuning.o (.rodata.str1.16296215605590053309.1)
                  0001e029    00000003     balance_tuning.o (.rodata.str1.16547832629819082202.1)
                  0001e02c    00000003     oled_ui.o (.rodata.str1.16583701629962107131.1)
                  0001e02f    00000003     oled_ui.o (.rodata.str1.16939060351352778619.1)
                  0001e032    00000003     oled_ui.o (.rodata.str1.17763087492223448992.1)
                  0001e035    00000003     oled_ui.o (.rodata.str1.17884296644359297425.1)
                  0001e038    00000003     oled_ui.o (.rodata.str1.18379317056176403938.1)
                  0001e03b    00000003     balance_tuning.o (.rodata.str1.2615500520006570324.1)
                  0001e03e    00000003     oled_ui.o (.rodata.str1.2983744876309220570.1)
                  0001e041    00000003     oled_ui.o (.rodata.str1.4582914374586912483.1)
                  0001e044    00000003     balance_tuning.o (.rodata.str1.4682479169720033769.1)
[...]
0001968f  UART1_IRQHandler                                     
00019691  BalanceSoftLimits_AbortCalibration                   
000197d1  ObstacleMonitor_Update_20ms                          
0001986d  memcpy                                               
00019907  ObstacleAvoidance_Update_20ms                        
00019909  BalancePositionControl_ResetFault                    
000199a1  BalanceSoftLimits_CancelRecalibration                
00019a39  CarController_ResetTransientState                    
00019b69  CarController_StartTurnToYawRelative                 
00019c91  BalanceTuning_Init                                   
00019d21  SYSCFG_DL_UART_VISION_init                           
00019db1  MotionAction_RefreshFollowLineTuning                 
00019e3d  SYSCFG_DL_PWM_MOTOR_init                             
00019ec9  SYSCFG_DL_UART_BALANCE_TUNING_init                   
00019f55  __aeabi_fmul                                         
00019f55  __mulsf3                                             
0001a06d  BalanceSoftLimits_Enforce100usFromIsr                
0001a0f5  BalanceEncoder_GetCountAtomic                        
0001a101  strcmp                                               
0001a189  App_Init                                             
0001a20d  CarController_SetSafetyHold                          
0001a291  GimbalStepper_ConfirmZero                            
0001a315  LineController_SetProfileOverride                    
0001a399  Motor_Init                                           
0001a4a1  __aeabi_fdiv                                         
0001a4a1  __divsf3                                             
0001a523  TrackSensor_Init                                     
0001a525  BalanceBallControl_SetTransferAssist                 
0001a5a5  BalancePositionControl_Init                          
0001a625  CarController_StartDriveHeading                      
0001a6a5  Motor_Stop                                           
0001a725  UART3_IRQHandler                                     
0001a7a5  MissionManager_Pause                                 
0001a821  OledUi_ShowBootStatus                                
0001a89d  __TI_decompress_lzss                                 
0001aa79  GimbalStepper_Release                                
0001aae9  HTaskController_SetChassisTuning                     
0001ac39  TrackSensor_DetectTurn                               
0001aca7  VisionUart_Process                                   
0001ad15  MissionManager_GetSelectedMissionIndex               
0001ad7d  MotorControl_SetFeedforwardOverride                  
0001ae4d  TrackSensor_GetErrorFromRaw                          
0001aeb3  __aeabi_idiv0                                        
0001aeb5  BalanceSoftLimits_ResetPositionFault                 
0001af19  BalanceSoftLimits_StartCalibrationJogSteps           
0001af7d  MissionManager_Start                                 
0001b045  App_ResetToReady                                     
0001b0a7  __aeabi_ldiv0                                        
0001b0a9  __aeabi_fcmpeq                                       
0001b0bd  __aeabi_fcmplt                                       
0001b0d1  __aeabi_fcmple                                       
0001b0e5  __aeabi_fcmpge                                       
0001b0f9  __aeabi_fcmpgt                                       
0001b10b  memset                                               
0001b16d  UART2_IRQHandler                                     
0001b1cd  __aeabi_f2lz                                         
0001b1cd  __fixsfdi                                            
0001b22d  Ultrasonic_Update_20ms                               
0001b289  VisionReceiver_Init                                  
0001b455  BalanceEncoder_Init                                  
0001b4ad  CarController_StartFollowLineAtCommand               
0001b505  MissionManager_Init                                  
0001b55d  MissionManager_Reset                                 
0001b5b5  OLED_PrintChar                                       
0001b6bd  __aeabi_idiv                                         
0001b6bd  __aeabi_idivmod                                      
0001b715  BalanceSoftLimits_BeginFullCalibrationAtCurrentAsZero
0001b769  CarController_Stop                                   
0001b7bd  TrackSensor_ReadRaw                                  
0001b811  WatchdogMonitor_ApplyFaultIfNeeded                   
0001b865  BalancePositionControl_SetTrackingTarget             
0001b8b5  BalanceSoftLimits_GetSnapshot                        
0001b905  Ultrasonic_Init                                      
0001b955  WatchdogMonitor_Tick1msFromIsr                       
0001b9a5  __aeabi_l2f                                          
0001b9a5  __floatdisf                                          
0001b9f5  CarController_StartFollowLine                        
0001ba41  MissionManager_Cancel                                
0001ba8d  MotorControl_Stop                                    
0001bad9  copy_in                                              
0001bb71  __TI_auto_init_nopinit                               
0001bbbd  CarController_ResumeFollowLine                       
0001bc05  DL_UART_init                                         
0001bc4d  SYSCFG_DL_initPower                                  
0001bcdd  BalanceBallControl_ResetConfig                       
0001bd21  BalanceTuning_AbortCalibrationSession                
0001bd65  EmergencyStop_Reset                                  
0001bda9  Encoder_GetAndClearPulseDeltas                       
0001bded  Imu_ResetYaw                                         
0001be31  Servo_Tick100us                                      
0001be75  BalanceEncoder_GetSnapshot                           
0001beb5  BalanceSoftLimits_StopMotion                         
0001bef5  Fault_Raise                                          
0001bf35  SYSCFG_DL_SYSCTL_init                                
0001bf75  VisionReceiver_PushByteFromIsr                       
0001bfb5  VisionUart_Init                                      
0001bff5  __aeabi_uidiv                                        
0001bff5  __aeabi_uidivmod                                     
0001c0b5  __divmoddi4                                          
0001c0f5  BalancePositionControl_Cancel                        
0001c131  MissionManager_Resume                                
0001c16d  MotorControl_Init                                    
0001c1a9  Servo_SetAngleDeg                                    
0001c1e5  __aeabi_i2f                                          
0001c1e5  __floatsisf                                          
0001c221  __gesf2                                              
0001c221  __gtsf2                                              
0001c299  __cmpsf2                                             
0001c299  __eqsf2                                              
0001c299  __lesf2                                              
0001c299  __ltsf2                                              
0001c299  __nesf2                                              
0001c2d5  __muldsi3                                            
0001c311  BalanceBallControl_ForceStop                         
0001c349  BalanceBallControl_SetTargetMm                       
0001c381  EmergencyStop_Trigger                                
0001c3b9  MotionAction_Cancel                                  
0001c3f1  __aeabi_f2iz                                         
0001c3f1  __fixsfsi                                            
0001c429  BalancePositionControl_SetTrackingThresholds         
0001c45d  Imu_IsReady                                          
0001c4f9  OLED_PrintString                                     
0001c52d  Key_Init                                             
0001c55d  LineController_ObserveSensors                        
0001c58d  WatchdogMonitor_Init                                 
0001c5bd  WatchdogMonitor_Reset                                
0001c5ed  BalancePositionControl_StartTracking                 
0001c619  CarController_SetFollowLineBaseCommand               
0001c645  Encoder_Reset                                        
0001c671  MotionAction_Init                                    
0001c69d  TrackSensor_CountBlack                               
0001c6c9  BalanceBallControl_SetAngleFeedforwardCount          
0001c6f1  BalanceSoftLimits_CancelTravelTest                   
0001c719  DL_FlashCTL_programMemoryFromRAM64WithECCGenerated   
0001c751  EmergencyStop_Enforce                                
0001c779  HTaskController_Init                                 
0001c7a1  HTaskController_RequestNormalStop                    
0001c7c9  Magnet_ForceOff                                      
0001c7f1  SYSCFG_DL_init                                       
0001c819  Servo_Init                                           
0001c841  __aeabi_ui2f                                         
0001c841  __floatunsisf                                        
0001c869  _c_int00_noargs                                      
0001c891  BalanceEncoder_SampleSpeed10msFromIsr                
0001c8b5  BalancePositionControl_GetSnapshot                   
0001c8d9  BalanceSoftLimits_CancelOscillationTest              
0001c8fd  GimbalStepper_GetFeedbackSnapshot                    
0001c921  HTaskController_VehicleToString                      
0001c945  LineController_ClearProfileOverride                  
0001c969  Menu_Init                                            
0001c98d  MissionManager_ReportExternalFailure                 
0001c9b1  MotorControl_Reset                                   
0001c9d5  OLED_ClearBuffer                                     
0001c9f9  __aeabi_lmul                                         
0001c9f9  __muldi3                                             
0001ca1d  DL_Timer_overrideCCPOut                              
0001ca3d  DebugTelemetry_Update                                
0001ca5d  GROUP1_IRQHandler                                    
0001ca7d  Magnet_Init                                          
0001ca9d  OLED_SetCursor                                       
0001cabd  SchedulerMonitor_GetStats                            
0001cadd  VisionReceiver_GetProtocolErrorCount                 
0001cafd  memcmp                                               
0001cb3d  __aeabi_llsl                                         
0001cb3d  __ashldi3                                            
0001cb5d  BalanceBallControl_Disable                           
0001cb79  BalanceBallControl_GetConfig                         
0001cb95  DL_Timer_setCaptCompUpdateMethod                     
0001cbb1  DL_Timer_setClockConfig                              
0001cbcd  HTaskController_GetSnapshot                          
0001cbe9  HTaskController_IsActive                             
0001cc05  HTaskController_StateToString                        
0001cc21  HeadingControl_SetTargetYaw                          
0001cc3d  MotorControl_ClearFeedforwardOverride                
0001cc59  ObstacleMonitor_Init                                 
0001cc75  ObstacleSafety_Init                                  
0001cc91  WatchdogMonitor_NotifyControlCycleComplete           
0001ccc9  DL_FlashCTL_eraseMemoryFromRAM                       
0001cce1  DL_Timer_setCaptureCompareOutCtl                     
0001ccf9  DebugTelemetry_Init                                  
0001cd11  HeadingControl_Init                                  
0001cd29  HeadingControl_Reset                                 
0001cd41  Menu_ParamItemToString                               
0001cd59  MissionLibrary_FindById                              
0001cd71  ObstacleAvoidance_Init                               
0001cd89  RuntimeSnapshot_Init                                 
0001cda1  __aeabi_fcmpun                                       
0001cda1  __unordsf2                                           
0001cdb9  BalanceBallControl_GetSnapshot                       
0001cdcd  Fault_Clear                                          
0001cde1  Fault_Init                                           
0001cdf5  GimbalStepper_SetStepHalfPeriodTicks                 
0001ce09  HTaskController_GetChassisTuning                     
0001ce1d  HeadingControl_Enable                                
0001ce31  MissionLibrary_GetByIndex                            
0001ce45  MissionManager_GetSelectedMissionId                  
0001ce59  __aeabi_ldivmod                                      
0001ce6d  __aeabi_uldivmod                                     
0001ce81  DL_UART_setClockConfig                               
0001ce93  __TI_decompress_none                                 
0001cea5  BalancePositionControl_HasFault                      
0001ceb5  DL_Timer_setCaptureCompareValue                      
0001cec5  Gimbal_YawGetFeedback                                
0001ced5  HTaskController_HasFault                             
0001cee5  Key_GetEvent                                         
0001cef5  VisionReceiver_RecordUartBreakErrorFromIsr           
0001cf05  VisionReceiver_RecordUartFramingErrorFromIsr         
0001cf15  VisionReceiver_RecordUartOverrunFromIsr              
0001cf25  VisionReceiver_RecordUartParityErrorFromIsr          
0001cf35  __TI_zero_init                                       
0001cf45  BalancePositionControl_IsBusy                        
0001cf51  BalanceSoftLimits_CancelCalibrationJog               
0001cf5d  BalanceSoftLimits_IsCalibrationActive                
0001cf69  BalanceSoftLimits_IsOscillationTestActive            
0001cf75  BalanceSoftLimits_IsTravelTestActive                 
0001cf81  CarController_GetRunMode                             
0001cf8d  CarController_Init                                   
0001cf99  CarController_IsSafetyHoldActive                     
0001cfa5  CarState_Get                                         
0001cfb1  CarState_Init                                        
0001cfbd  CarState_Set                                         
0001cfc9  EmergencyStop_Init                                   
0001cfd5  EmergencyStop_IsActive                               
0001cfe1  Imu_GetCorrectedGyroZDps                             
0001cfed  Imu_GetYaw                                           
0001cff9  Menu_GetPage                                         
0001d005  Menu_GetParamItem                                    
0001d011  MissionManager_IsExternallyHeld                      
0001d01d  MissionManager_SetExternalHold                       
0001d029  ObstacleAvoidance_IsActive                           
0001d035  ObstacleAvoidance_IsFailed                           
0001d041  ObstacleSafety_IsHolding                             
0001d04d  SystemTime_GetMs                                     
0001d059  WatchdogMonitor_HasTripped                           
0001d065  __aeabi_memclr                                       
0001d065  __aeabi_memclr4                                      
0001d065  __aeabi_memclr8                                      
0001d071  DL_Common_delayCycles                                
0001d07b  MotionAction_Resume                                  
0001d085  MotionAction_Start                                   
0001d08f  TrackSensor_IsCenterDetected                         
0001d099  TrackSensor_IsLineDetected                           
0001d0a3  TrackSensor_IsLineLost                               
0001d0ad  BalanceSoftLimits_CancelPositionMove                 
0001d0b5  BalanceSoftLimits_IsPositionMoveActive               
0001d0bd  BluetoothUart_GetRuntime                             
0001d0c5  CarController_GetFeedback                            
0001d0cd  Fault_GetRecord                                      
0001d0d5  GimbalStepper_GetFeedback                            
0001d0dd  HeadingControl_GetRuntime                            
0001d0e5  Imu_GetRuntime                                       
0001d0ed  LineController_GetRuntime                            
0001d0f5  MissionManager_GetMissionCount                       
0001d0fd  MissionManager_GetRuntime                            
0001d105  MotionAction_GetRuntime                              
0001d10d  MotorControl_GetRuntime                              
0001d115  ObstacleAvoidance_GetFeedback                        
0001d11d  ObstacleMonitor_GetFeedback                          
0001d125  OledUi_Init                                          
0001d12d  RuntimeSnapshot_Get                                  
0001d135  Servo_GetFeedback                                    
0001d13d  Ultrasonic_GetFeedback                               
0001d145  VisionReceiver_GetBallPositionObservation            
0001d14d  VisionReceiver_GetStatus                             
0001d155  VisionTuningConsole_GetStatus                        
0001d15d  WatchdogMonitor_GetStatus                            
0001d165  WheelSpeedEstimator_GetRuntime                       
0001d16d  __aeabi_memcpy                                       
0001d16d  __aeabi_memcpy4                                      
0001d16d  __aeabi_memcpy8                                      
0001d175  abort                                                
0001d17a  C$$EXIT                                              
0001d17b  HOSTexit                                             
0001d17f  MissionLibrary_GetCount                              
0001d183  ObstacleAvoidance_IsResumeGraceActive                
0001d187  Reset_Handler                                        
0001d19d  _system_pre_init                                     
0001e0e0  __TI_Handler_Table_Base                              
0001e0ec  __TI_Handler_Table_Limit                             
0001e0fc  __TI_CINIT_Base                                      
0001e10c  __TI_CINIT_Limit                                     
0001e10c  __TI_CINIT_Warm                                      
0001e110  __TI_table_binit                                     
0001e110  __binit__                                            
0001e110  binit                                                
0001fc00  g_balanceCalibrationReservedSector                   
20200000  __start___llvm_prf_bits                              
20200000  __start___llvm_prf_cnts                              
20200000  __stop___llvm_prf_bits                               
20200000  __stop___llvm_prf_cnts                               
20200fd0  g_appConfig                                          
202011e0  g_imuRuntime                                         
202013c4  g_appRuntime                                         
202014f0  g_wheelSpeedEstimatorRuntime                         
202016a8  gUART_VISIONBackup                                   
20201848  g_headingRuntime                                     
20201a60  g_trackError                                         
20201aa2  g_carStateDebug                                      
20201aa3  g_keyEvent                                           
20201aa4  g_oledPageDebug                                      
20201aa5  g_paramItemDebug                                     
20201aa6  g_trackBlackCount                                    
20201aa7  g_trackModeDebug                                     
20201aa8  g_trackRaw                                           
20201aa9  g_trackTurnDebug                                     
20207e00  __stack                                              
20208000  __STACK_END                                          
ffffffff  __TI_pprof_out_hndl                                  
ffffffff  __TI_prof_data_size                                  
ffffffff  __TI_prof_data_start                                 
UNDEFED   __mpu_init                                           
UNDEFED   _system_post_cinit                                   

[425 symbols]
