******************************************************************************
            TI ARM Clang Linker PC v4.0.4                      
******************************************************************************
>> Linked Mon Jul 13 20:01:45 2026

OUTPUT FILE NAME:   <diansaikaishi.out>
ENTRY POINT SYMBOL: "_c_int00_noargs"  address: 00004de1


MEMORY CONFIGURATION

         name            origin    length      used     unused   attr    fill
----------------------  --------  ---------  --------  --------  ----  --------
  FLASH                 00000000   00020000  00005ca0  0001a360  R  X
  SRAM                  20200000   00008000  00000382  00007c7e  RW X
  BCR_CONFIG            41c00000   000000ff  00000000  000000ff  R   
  BSL_CONFIG            41c00100   00000080  00000000  00000080  R   


SEGMENT ALLOCATION MAP

run origin  load origin   length   init length attrs members
----------  ----------- ---------- ----------- ----- -------
00000000    00000000    00005ca0   00005ca0    r-x
  00000000    00000000    000000c0   000000c0    r-- .intvecs
  000000c0    000000c0    00005190   00005190    r-x .text
  00005250    00005250    00000a20   00000a20    r-- .rodata
  00005c70    00005c70    00000030   00000030    r-- .cinit
20200000    20200000    00000182   00000000    rw-
  20200000    20200000    00000181   00000000    rw- .bss
  20200181    20200181    00000001   00000000    rw- .data
20207e00    20207e00    00000200   00000000    rw-
  20207e00    20207e00    00000200   00000000    rw- .stack


SECTION ALLOCATION MAP

 output                                  attributes/
section   page    origin      length       input sections
--------  ----  ----------  ----------   ----------------
.intvecs   0    00000000    000000c0     
                  00000000    000000c0     startup_mspm0g350x_ticlang.o (.intvecs)

.text      0    000000c0    00005190     
                  000000c0    000006f4     car_controller.o (.text.CarController_Update_20ms)
                  000007b4    00000680     oled_ui.o (.text.OledUi_Update_20ms)
                  00000e34    000002f0     imu.o (.text.mpu6050_read_regs)
                  00001124    000002d8     imu.o (.text.Imu_Init)
                  000013fc    00000254     oled.o (.text.OLED_Clear)
                  00001650    00000228     menu.o (.text.Menu_HandleKeyEvent)
                  00001878    00000224     app_config.o (.text.AppConfig_LimitAll)
                  00001a9c    00000214     imu.o (.text.Imu_CalibrateGyroBias)
                  00001cb0    00000214     obstacle_avoidance.o (.text.ObstacleAvoidance_Update_20ms)
                  00001ec4    00000208     motion_action.o (.text.MotionAction_Update_20ms)
                  000020cc    000001f4     obstacle_scanner.o (.text.ObstacleScanner_Update_20ms)
                  000022c0    000001cc     imu.o (.text.imu_i2c_write_byte)
                  0000248c    000001b8     oled.o (.text.oled_i2c_write_byte)
                  00002644    000001a0     ultrasonic.o (.text.Ultrasonic_Tick100us)
                  000027e4    00000174     key.o (.text.Key_Update_20ms)
                  00002958    00000160     heading_control.o (.text.HeadingControl_Update)
                  00002ab8    00000140     motion_action.o (.text.MotionAction_Start)
                  00002bf8    0000013c     oled.o (.text.OLED_PrintInt16)
                  00002d34    00000134     imu.o (.text.Imu_Update)
                  00002e68    0000012c     imu.o (.text.imu_i2c_recover_bus)
                  00002f94    000000f8     mission_manager.o (.text.MissionManager_Update_20ms)
                  0000308c    000000f0     mission_manager.o (.text.MissionManager_SelectNext)
                  0000317c    000000ec     car_controller.o (.text.handle_turn_90)
                  00003268    000000d8     app.o (.text.App_Update_20ms)
                  00003340    000000d8     mission_manager.o (.text.MissionManager_SelectPrevious)
                  00003418    000000d8     libclang_rt.builtins.a : addsf3.S.obj (.text)
                  000034f0    000000d4     oled.o (.text.OLED_Init)
                  000035c4    000000d0     oled.o (.text.OLED_PrintChar)
                  00003694    000000b4     obstacle_safety.o (.text.ObstacleSafety_Update_20ms)
                  00003748    000000b0     motor.o (.text.Motor_SetSpeed)
                  000037f8    000000b0     ti_msp_dl_config.o (.text.SYSCFG_DL_GPIO_init)
                  000038a8    000000a2     libclang_rt.builtins.a : udivmoddi4.S.obj (.text)
                  0000394a    00000002     startup_mspm0g350x_ticlang.o (.text.Default_Handler)
                  0000394c    0000009c     app_config.o (.text.AppConfig_InitDefault)
                  000039e8    0000009c     obstacle_monitor.o (.text.ObstacleMonitor_Update_20ms)
                  00003a84    0000009a     libc.a : memcpy16.S.obj (.text:memcpy)
                  00003b1e    00000002     track_sensor.o (.text.TrackSensor_Init)
                  00003b20    00000098     car_controller.o (.text.CarController_StartSeekLine)
                  00003bb8    00000098     imu.o (.text.mpu6050_write_reg)
                  00003c50    00000094     car_controller.o (.text.CarController_StartDriveHeading)
                  00003ce4    0000008c     libclang_rt.builtins.a : mulsf3.S.obj (.text.__mulsf3)
                  00003d70    00000088     car_controller.o (.text.CarController_StartTurnToYawRelative)
                  00003df8    00000082     mission_library.o (.text.MissionLibrary_Validate)
                  00003e7a    00000002     libclang_rt.builtins.a : aeabi_div0.c.obj (.text.__aeabi_idiv0)
                  00003e7c    00000082                            : divsf3.S.obj (.text.__divsf3)
                  00003efe    00000002                            : aeabi_div0.c.obj (.text.__aeabi_ldiv0)
                  00003f00    0000007c     car_controller.o (.text.CarController_Init)
                  00003f7c    0000007c     car_controller.o (.text.CarController_ResetRuntime)
                  00003ff8    0000007c     car_controller.o (.text.CarController_StartFollowLine)
                  00004074    0000007c     libc.a : copy_decompress_lzss.c.obj (.text:decompress:lzss)
                  000040f0    00000078     oled.o (.text.oled_write_command)
                  00004168    00000074     car_controller.o (.text.CarController_StartTurnRight90)
                  000041dc    00000070     car_controller.o (.text.CarController_StartTurnLeft90)
                  0000424c    0000006e     track_sensor.o (.text.TrackSensor_DetectTurn)
                  000042ba    00000002     --HOLE-- [fill = 0]
                  000042bc    0000006c     encoder.o (.text.Encoder_HandleGpioInterrupt)
                  00004328    0000006c     empty.o (.text.main)
                  00004394    00000068     mission_manager.o (.text.MissionManager_GetSelectedMissionIndex)
                  000043fc    00000066     track_sensor.o (.text.TrackSensor_GetErrorFromRaw)
                  00004462    00000002     --HOLE-- [fill = 0]
                  00004464    00000062     libclang_rt.builtins.a : aeabi_fcmp.S.obj (.text.__aeabi_fcmp)
                  000044c6    00000002     --HOLE-- [fill = 0]
                  000044c8    00000060     menu.o (.text.Menu_GetParamValue)
                  00004528    0000005e     app.o (.text.App_Init)
                  00004586    0000005e     oled.o (.text.OLED_PrintBinary7)
                  000045e4    0000005c     ultrasonic.o (.text.Ultrasonic_Update_20ms)
                  00004640    00000056     libclang_rt.builtins.a : aeabi_idivmod.S.obj (.text.__aeabi_idivmod)
                  00004696    00000002     --HOLE-- [fill = 0]
                  00004698    00000054     track_sensor.o (.text.TrackSensor_ReadRaw)
                  000046ec    00000050     car_controller.o (.text.CarController_SetSafetyHold)
                  0000473c    00000050     motor.o (.text.Motor_PwmTick100us)
                  0000478c    00000050     ultrasonic.o (.text.Ultrasonic_Init)
                  000047dc    00000048     mission_manager.o (.text.MissionManager_Init)
                  00004824    00000044     servo.o (.text.Servo_Tick100us)
                  00004868    00000044     empty.o (.text.SysTick_Handler)
                  000048ac    00000040     mission_manager.o (.text.MissionManager_Start)
                  000048ec    00000040     ti_msp_dl_config.o (.text.SYSCFG_DL_SYSCTL_init)
                  0000492c    00000040     libclang_rt.builtins.a : aeabi_uidivmod.S.obj (.text.__aeabi_uidivmod)
                  0000496c    0000003e                            : divmoddi4.c.obj (.text.__divmoddi4)
                  000049aa    00000002     --HOLE-- [fill = 0]
                  000049ac    0000003c     servo.o (.text.Servo_SetAngleDeg)
                  000049e8    0000003c     libclang_rt.builtins.a : floatsisf.S.obj (.text.__floatsisf)
                  00004a24    0000003c                            : comparesf2.S.obj (.text.__gtsf2)
                  00004a60    0000003c     libc.a : autoinit.c.obj (.text:__TI_auto_init_nobinit_nopinit)
                  00004a9c    0000003a     libclang_rt.builtins.a : comparesf2.S.obj (.text.__eqsf2)
                  00004ad6    00000002     --HOLE-- [fill = 0]
                  00004ad8    0000003a                            : muldsi3.S.obj (.text.__muldsi3)
                  00004b12    00000002     --HOLE-- [fill = 0]
                  00004b14    00000038     motion_action.o (.text.MotionAction_ReapplyControllerTarget)
                  00004b4c    00000038     motor.o (.text.Motor_Init)
                  00004b84    00000038     libclang_rt.builtins.a : fixsfsi.S.obj (.text.__fixsfsi)
                  00004bbc    00000034     oled.o (.text.OLED_SetCursor)
                  00004bf0    00000032     oled.o (.text.OLED_PrintString)
                  00004c22    00000002     --HOLE-- [fill = 0]
                  00004c24    00000030     key.o (.text.Key_Init)
                  00004c54    00000030     mission_manager.o (.text.MissionManager_Cancel)
                  00004c84    00000030     mission_manager.o (.text.MissionManager_Reset)
                  00004cb4    00000030     obstacle_scanner.o (.text.ObstacleScanner_Init)
                  00004ce4    0000002c     motor.o (.text.Motor_Stop)
                  00004d10    0000002c     ti_msp_dl_config.o (.text.SYSCFG_DL_initPower)
                  00004d3c    0000002c     track_sensor.o (.text.TrackSensor_CountBlack)
                  00004d68    00000028     servo.o (.text.Servo_Init)
                  00004d90    00000028     ultrasonic.o (.text.Ultrasonic_ResetFilter)
                  00004db8    00000028     obstacle_avoidance.o (.text.avoid_fail)
                  00004de0    00000028     libc.a : boot_cortex_m.c.obj (.text:_c_int00_noargs)
                  00004e08    00000024     encoder.o (.text.Encoder_Reset)
                  00004e2c    00000024     obstacle_avoidance.o (.text.ObstacleAvoidance_Init)
                  00004e50    00000020     car_controller.o (.text.CarController_Stop)
                  00004e70    00000020     mission_manager.o (.text.MissionManager_Pause)
                  00004e90    00000020     mission_manager.o (.text.MissionManager_Resume)
                  00004eb0    00000020     mission_manager.o (.text.mission_finish_error)
                  00004ed0    0000001e     libclang_rt.builtins.a : ashldi3.S.obj (.text.__ashldi3)
                  00004eee    00000002     --HOLE-- [fill = 0]
                  00004ef0    0000001c     imu.o (.text.Imu_IsReady)
                  00004f0c    0000001c     obstacle_monitor.o (.text.ObstacleMonitor_Init)
                  00004f28    0000001c     obstacle_safety.o (.text.ObstacleSafety_Init)
                  00004f44    0000001c     obstacle_scanner.o (.text.ObstacleScanner_DirectionToString)
                  00004f60    00000018     car_controller.o (.text.CarController_RunModeToString)
                  00004f78    00000018     heading_control.o (.text.HeadingControl_LockCurrentYaw)
                  00004f90    00000018     heading_control.o (.text.HeadingControl_SetTargetYaw)
                  00004fa8    00000018     menu.o (.text.Menu_ParamItemToString)
                  00004fc0    00000018     motion_action.o (.text.MotionAction_Cancel)
                  00004fd8    00000018     motion_action.o (.text.MotionAction_Init)
                  00004ff0    00000016     libc.a : copy_zero_init.c.obj (.text:decompress:ZI:__TI_zero_init_nomemset)
                  00005006    00000002     --HOLE-- [fill = 0]
                  00005008    00000014     empty.o (.text.GROUP1_IRQHandler)
                  0000501c    00000014     heading_control.o (.text.HeadingControl_Enable)
                  00005030    00000014     heading_control.o (.text.HeadingControl_Init)
                  00005044    00000014     heading_control.o (.text.HeadingControl_Reset)
                  00005058    00000014     menu.o (.text.Menu_Init)
                  0000506c    00000014     mission_library.o (.text.MissionLibrary_FindById)
                  00005080    00000014     mission_library.o (.text.MissionLibrary_GetByIndex)
                  00005094    00000014     mission_manager.o (.text.MissionManager_GetSelectedMissionId)
                  000050a8    00000014     libclang_rt.builtins.a : aeabi_ldivmod.S.obj (.text.__aeabi_ldivmod)
                  000050bc    00000012     libc.a : copy_decompress_none.c.obj (.text:decompress:none)
                  000050ce    00000002     --HOLE-- [fill = 0]
                  000050d0    00000010     key.o (.text.Key_GetEvent)
                  000050e0    00000010     obstacle_avoidance.o (.text.ObstacleAvoidance_IsResumeGraceActive)
                  000050f0    00000010     ti_msp_dl_config.o (.text.SYSCFG_DL_init)
                  00005100    0000000c     car_controller.o (.text.CarController_GetRunMode)
                  0000510c    0000000c     car_state.o (.text.CarState_Get)
                  00005118    0000000c     car_state.o (.text.CarState_Init)
                  00005124    0000000c     car_state.o (.text.CarState_Set)
                  00005130    0000000c     imu.o (.text.Imu_GetCorrectedGyroZDps)
                  0000513c    0000000c     imu.o (.text.Imu_GetYaw)
                  00005148    0000000c     imu.o (.text.Imu_ResetYaw)
                  00005154    0000000c     menu.o (.text.Menu_GetPage)
                  00005160    0000000c     menu.o (.text.Menu_GetParamItem)
                  0000516c    0000000c     mission_manager.o (.text.MissionManager_IsExternallyHeld)
                  00005178    0000000c     mission_manager.o (.text.MissionManager_SetExternalHold)
                  00005184    0000000c     obstacle_avoidance.o (.text.ObstacleAvoidance_IsActive)
                  00005190    0000000c     obstacle_avoidance.o (.text.ObstacleAvoidance_IsFailed)
                  0000519c    0000000c     obstacle_safety.o (.text.ObstacleSafety_IsHolding)
                  000051a8    0000000c     oled_ui.o (.text.OledUi_Init)
                  000051b4    0000000a     driverlib.a : dl_common.o (.text.DL_Common_delayCycles)
                  000051be    0000000a     track_sensor.o (.text.TrackSensor_IsCenterDetected)
                  000051c8    0000000a     track_sensor.o (.text.TrackSensor_IsLineDetected)
                  000051d2    0000000a     track_sensor.o (.text.TrackSensor_IsLineLost)
                  000051dc    00000008     car_controller.o (.text.CarController_GetFeedback)
                  000051e4    00000008     heading_control.o (.text.HeadingControl_GetRuntime)
                  000051ec    00000008     imu.o (.text.Imu_GetRuntime)
                  000051f4    00000008     mission_manager.o (.text.MissionManager_GetMissionCount)
                  000051fc    00000008     mission_manager.o (.text.MissionManager_GetRuntime)
                  00005204    00000008     motion_action.o (.text.MotionAction_GetRuntime)
                  0000520c    00000008     obstacle_monitor.o (.text.ObstacleMonitor_GetFeedback)
                  00005214    00000008     obstacle_scanner.o (.text.ObstacleScanner_GetFeedback)
                  0000521c    00000008     servo.o (.text.Servo_GetFeedback)
                  00005224    00000008     ultrasonic.o (.text.Ultrasonic_GetFeedback)
                  0000522c    00000008     libclang_rt.builtins.a : aeabi_memcpy.S.obj (.text.__aeabi_memcpy)
                  00005234    00000006     libc.a : exit.c.obj (.text:abort)
                  0000523a    00000004     libsysbm.a : hostexit.c.obj (.text.HOSTexit)
                  0000523e    00000004     mission_library.o (.text.MissionLibrary_GetCount)
                  00005242    00000004     startup_mspm0g350x_ticlang.o (.text.Reset_Handler)
                  00005246    00000004     libc.a : pre_init.c.obj (.text._system_pre_init)
                  0000524a    00000006     --HOLE-- [fill = 0]

.cinit     0    00005c70    00000030     
                  00005c70    0000000c     (__TI_handler_table)
                  00005c7c    00000008     (.cinit..bss.load) [load image, compression = zero_init]
                  00005c84    00000005     (.cinit..data.load) [load image, compression = lzss]
                  00005c89    00000003     --HOLE-- [fill = 0]
                  00005c8c    00000010     (__TI_cinit_table)
                  00005c9c    00000004     --HOLE-- [fill = 0]

.rodata    0    00005250    00000a20     
                  00005250    000000d8     oled.o (.rodata..Lswitch.table.OLED_PrintChar)
                  00005328    000000c0     mission_library.o (.rodata.g_missionRegistry)
                  000053e8    000000a8     mission_library.o (.rodata.g_missionMapA)
                  00005490    000000a8     mission_library.o (.rodata.g_missionMapB)
                  00005538    00000090     mission_library.o (.rodata.g_missionTestReacquire)
                  000055c8    00000078     mission_library.o (.rodata.g_missionMapC)
                  00005640    00000078     mission_library.o (.rodata.g_missionTestRight90Turn)
                  000056b8    00000078     mission_library.o (.rodata.g_missionTestSeekFollow)
                  00005730    00000060     mission_library.o (.rodata.g_missionTestYaw)
                  00005790    00000048     mission_library.o (.rodata.g_missionLegacy)
                  000057d8    00000048     mission_library.o (.rodata.g_missionTestHeadingDrive)
                  00005820    00000048     mission_library.o (.rodata.g_missionTestRight90Stop)
                  00005868    00000048     mission_library.o (.rodata.g_missionTestSeekThenFollow)
                  000058b0    00000034     mission_library.o (.rodata..Lswitch.table.MissionLibrary_FindById)
                  000058e4    00000030     oled_ui.o (.rodata..Lswitch.table.OledUi_Update_20ms)
                  00005914    00000030     mission_library.o (.rodata.g_missionTestSeekThenStop)
                  00005944    00000024     oled_ui.o (.rodata..Lswitch.table.OledUi_Update_20ms.67)
                  00005968    00000020     menu.o (.rodata..Lswitch.table.Menu_ParamItemToString)
                  00005988    0000001c     car_controller.o (.rodata..Lswitch.table.CarController_RunModeToString)
                  000059a4    00000018     oled_ui.o (.rodata..Lswitch.table.OledUi_Update_20ms.68)
                  000059bc    00000010     obstacle_scanner.o (.rodata..Lswitch.table.ObstacleScanner_DirectionToString)
                  000059cc    0000000b     mission_library.o (.rodata.str1.1440970855772709381.1)
                  000059d7    0000000a     mission_library.o (.rodata.str1.11682660667400632204.1)
                  000059e1    0000000a     mission_library.o (.rodata.str1.15604890807705439409.1)
                  000059eb    0000000a     mission_library.o (.rodata.str1.4392264057376583881.1)
                  000059f5    00000009     mission_library.o (.rodata.str1.15668266851434757964.1)
                  000059fe    00000009     mission_library.o (.rodata.str1.1642528554392422750.1)
                  00005a07    00000009     oled_ui.o (.rodata.str1.18266126048138325213.1)
                  00005a10    00000009     mission_library.o (.rodata.str1.4251661066630729623.1)
                  00005a19    00000008     mission_library.o (.rodata.str1.13636476544574750902.1)
                  00005a21    00000007     oled_ui.o (.rodata.str1.14358698208395374265.1)
                  00005a28    00000007     mission_library.o (.rodata.str1.199678142196697465.1)
                  00005a2f    00000007     oled_ui.o (.rodata.str1.9544068167406571052.1)
                  00005a36    00000006     mission_library.o (.rodata.str1.10039516787862681314.1)
                  00005a3c    00000006     oled_ui.o (.rodata.str1.11428648044669318875.1)
                  00005a42    00000006     oled_ui.o (.rodata.str1.12983537867572525563.1)
                  00005a48    00000006     oled_ui.o (.rodata.str1.1445687256832830955.1)
                  00005a4e    00000006     oled_ui.o (.rodata.str1.15008238333949226094.1)
                  00005a54    00000006     oled_ui.o (.rodata.str1.17540787658903907660.1)
                  00005a5a    00000006     oled_ui.o (.rodata.str1.5965450730569173784.1)
                  00005a60    00000006     oled_ui.o (.rodata.str1.6806727740681590176.1)
                  00005a66    00000006     oled_ui.o (.rodata.str1.8403269972884532600.1)
                  00005a6c    00000006     mission_library.o (.rodata.str1.842268438279787774.1)
                  00005a72    00000006     mission_library.o (.rodata.str1.8714982518355203214.1)
                  00005a78    00000005     oled.o (.rodata.oled_get_glyph.colon)
                  00005a7d    00000005     oled.o (.rodata.oled_get_glyph.eight)
                  00005a82    00000005     oled.o (.rodata.oled_get_glyph.five)
                  00005a87    00000005     oled.o (.rodata.oled_get_glyph.four)
                  00005a8c    00000005     oled.o (.rodata.oled_get_glyph.glyphA)
                  00005a91    00000005     oled.o (.rodata.oled_get_glyph.glyphB)
                  00005a96    00000005     oled.o (.rodata.oled_get_glyph.glyphC)
                  00005a9b    00000005     oled.o (.rodata.oled_get_glyph.glyphD)
                  00005aa0    00000005     oled.o (.rodata.oled_get_glyph.glyphE)
                  00005aa5    00000005     oled.o (.rodata.oled_get_glyph.glyphG)
                  00005aaa    00000005     oled.o (.rodata.oled_get_glyph.glyphH)
                  00005aaf    00000005     oled.o (.rodata.oled_get_glyph.glyphI)
                  00005ab4    00000005     oled.o (.rodata.oled_get_glyph.glyphK)
                  00005ab9    00000005     oled.o (.rodata.oled_get_glyph.glyphL)
                  00005abe    00000005     oled.o (.rodata.oled_get_glyph.glyphM)
                  00005ac3    00000005     oled.o (.rodata.oled_get_glyph.glyphN)
                  00005ac8    00000005     oled.o (.rodata.oled_get_glyph.glyphO)
                  00005acd    00000005     oled.o (.rodata.oled_get_glyph.glyphP)
                  00005ad2    00000005     oled.o (.rodata.oled_get_glyph.glyphR)
                  00005ad7    00000005     oled.o (.rodata.oled_get_glyph.glyphS)
                  00005adc    00000005     oled.o (.rodata.oled_get_glyph.glyphT)
                  00005ae1    00000005     oled.o (.rodata.oled_get_glyph.glyphU)
                  00005ae6    00000005     oled.o (.rodata.oled_get_glyph.glyphV)
                  00005aeb    00000005     oled.o (.rodata.oled_get_glyph.glyphW)
                  00005af0    00000005     oled.o (.rodata.oled_get_glyph.glyphX)
                  00005af5    00000005     oled.o (.rodata.oled_get_glyph.glyphY)
                  00005afa    00000005     oled.o (.rodata.oled_get_glyph.glyphb)
                  00005aff    00000005     oled.o (.rodata.oled_get_glyph.gt)
                  00005b04    00000005     oled.o (.rodata.oled_get_glyph.minus)
                  00005b09    00000005     oled.o (.rodata.oled_get_glyph.nine)
                  00005b0e    00000005     oled.o (.rodata.oled_get_glyph.one)
                  00005b13    00000005     oled.o (.rodata.oled_get_glyph.seven)
                  00005b18    00000005     oled.o (.rodata.oled_get_glyph.six)
                  00005b1d    00000005     oled.o (.rodata.oled_get_glyph.space)
                  00005b22    00000005     oled.o (.rodata.oled_get_glyph.three)
                  00005b27    00000005     oled.o (.rodata.oled_get_glyph.two)
                  00005b2c    00000005     oled.o (.rodata.oled_get_glyph.zero)
                  00005b31    00000005     oled_ui.o (.rodata.str1.1108652269057166745.1)
                  00005b36    00000005     oled_ui.o (.rodata.str1.13882251010780863896.1)
                  00005b3b    00000005     oled_ui.o (.rodata.str1.14134189893851348960.1)
                  00005b40    00000005     oled_ui.o (.rodata.str1.15917848551323629232.1)
                  00005b45    00000005     car_controller.o (.rodata.str1.1652194605229746967.1)
                  00005b4a    00000005     oled_ui.o (.rodata.str1.16939060351352778619.1)
                  00005b4f    00000005     oled_ui.o (.rodata.str1.17274519358952562110.1)
                  00005b54    00000005     oled_ui.o (.rodata.str1.2522137003438374266.1)
                  00005b59    00000005     oled_ui.o (.rodata.str1.270145429241168923.1)
                  00005b5e    00000005     car_controller.o (.rodata.str1.4164979912472006574.1)
                  00005b63    00000005     oled_ui.o (.rodata.str1.4402311448527872260.1)
                  00005b68    00000005     oled_ui.o (.rodata.str1.4581472623415959594.1)
                  00005b6d    00000005     oled_ui.o (.rodata.str1.4581686099848791648.1)
                  00005b72    00000005     menu.o (.rodata.str1.4862307748908978627.1)
                  00005b77    00000005     oled_ui.o (.rodata.str1.7185587941321649510.1)
                  00005b7c    00000005     oled_ui.o (.rodata.str1.8426569189266129334.1)
                  00005b81    00000005     oled_ui.o (.rodata.str1.8460525935980491721.1)
                  00005b86    00000005     oled_ui.o (.rodata.str1.8693388333057100694.1)
                  00005b8b    00000005     oled_ui.o (.rodata.str1.9102528229756940648.1)
                  00005b90    00000005     car_controller.o (.rodata.str1.9234375891235759983.1)
                  00005b95    00000005     oled_ui.o (.rodata.str1.9295666102996717355.1)
                  00005b9a    00000005     car_controller.o (.rodata.str1.9981487771679760427.1)
                  00005b9f    00000004     oled_ui.o (.rodata.str1.1019225241002246410.1)
                  00005ba3    00000004     oled_ui.o (.rodata.str1.10416366799939242409.1)
                  00005ba7    00000004     menu.o (.rodata.str1.12110183915172842339.1)
                  00005bab    00000004     car_controller.o (.rodata.str1.12442237994239546032.1)
                  00005baf    00000004     oled_ui.o (.rodata.str1.12617122458660443890.1)
                  00005bb3    00000004     oled_ui.o (.rodata.str1.130772507669342127.1)
                  00005bb7    00000004     menu.o (.rodata.str1.13124720451672825294.1)
                  00005bbb    00000004     oled_ui.o (.rodata.str1.13244290092665904221.1)
                  00005bbf    00000004     oled_ui.o (.rodata.str1.13567883086814673087.1)
                  00005bc3    00000004     menu.o (.rodata.str1.14098755746347272832.1)
                  00005bc7    00000004     oled_ui.o (.rodata.str1.15577080202403550426.1)
                  00005bcb    00000004     oled_ui.o (.rodata.str1.15613891207764622616.1)
                  00005bcf    00000004     oled_ui.o (.rodata.str1.15802367878353263018.1)
                  00005bd3    00000004     oled_ui.o (.rodata.str1.15817398807211891688.1)
                  00005bd7    00000004     oled_ui.o (.rodata.str1.15829239520183577662.1)
                  00005bdb    00000004     oled_ui.o (.rodata.str1.15859922799842739878.1)
                  00005bdf    00000004     oled_ui.o (.rodata.str1.16411631209783952401.1)
                  00005be3    00000004     oled_ui.o (.rodata.str1.16526439943277383452.1)
                  00005be7    00000004     oled_ui.o (.rodata.str1.16849766574302683489.1)
                  00005beb    00000004     menu.o (.rodata.str1.17041139162815566052.1)
                  00005bef    00000004     car_controller.o (.rodata.str1.17172356789460551389.1)
                  00005bf3    00000004     oled_ui.o (.rodata.str1.17464849429964608858.1)
                  00005bf7    00000004     oled_ui.o (.rodata.str1.17884296644359297425.1)
                  00005bfb    00000004     car_controller.o (.rodata.str1.18191498530309206443.1)
                  00005bff    00000004     oled_ui.o (.rodata.str1.18379317056176403938.1)
                  00005c03    00000004     oled_ui.o (.rodata.str1.2308938766145545715.1)
                  00005c07    00000004     oled_ui.o (.rodata.str1.3025253791635144717.1)
                  00005c0b    00000004     oled_ui.o (.rodata.str1.3455423528827705371.1)
                  00005c0f    00000004     oled_ui.o (.rodata.str1.3702290527496711532.1)
                  00005c13    00000004     oled_ui.o (.rodata.str1.4610220316623841660.1)
                  00005c17    00000004     oled_ui.o (.rodata.str1.5853739094453432564.1)
                  00005c1b    00000004     car_controller.o (.rodata.str1.702403006289709404.1)
                  00005c1f    00000004     oled_ui.o (.rodata.str1.7219546930854689545.1)
                  00005c23    00000004     oled_ui.o (.rodata.str1.7419768602719733415.1)
                  00005c27    00000004     oled_ui.o (.rodata.str1.7774807581888385879.1)
                  00005c2b    00000004     oled_ui.o (.rodata.str1.8236579331345056500.1)
                  00005c2f    00000004     oled_ui.o (.rodata.str1.8783421139296713095.1)
                  00005c33    00000004     oled_ui.o (.rodata.str1.9159586779647977165.1)
                  00005c37    00000004     menu.o (.rodata.str1.9546740394641817443.1)
                  00005c3b    00000004     oled_ui.o (.rodata.str1.9611283282870761829.1)
                  00005c3f    00000004     oled_ui.o (.rodata.str1.967006512144173535.1)
                  00005c43    00000003     oled_ui.o (.rodata.str1.11232419324784801130.1)
                  00005c46    00000003     oled_ui.o (.rodata.str1.13790669171379415506.1)
                  00005c49    00000003     oled_ui.o (.rodata.str1.14556837007311414654.1)
                  00005c4c    00000003     menu.o (.rodata.str1.16312125044762562515.1)
                  00005c4f    00000003     oled_ui.o (.rodata.str1.16931641404301806744.1)
                  00005c52    00000003     oled_ui.o (.rodata.str1.17812014771544466701.1)
                  00005c55    00000003     oled_ui.o (.rodata.str1.3407221357956504873.1)
                  00005c58    00000003     menu.o (.rodata.str1.4646809750356241979.1)
                  00005c5b    00000003     menu.o (.rodata.str1.6857549598058878762.1)
                  00005c5e    00000003     oled_ui.o (.rodata.str1.9854382722193312766.1)
                  00005c61    00000002     obstacle_scanner.o (.rodata.str1.11939683097049013124.1)
                  00005c63    00000002     obstacle_scanner.o (.rodata.str1.14577498031971741607.1)
                  00005c65    00000002     obstacle_scanner.o (.rodata.str1.5067209812142241413.1)
                  00005c67    00000002     obstacle_scanner.o (.rodata.str1.8397422230016258530.1)
                  00005c69    00000002     obstacle_scanner.o (.rodata.str1.972179551522492159.1)
                  00005c6b    00000005     --HOLE-- [fill = 0]

.init_array 
*          0    00000000    00000000     UNINITIALIZED

.binit     0    00000000    00000000     

.bss       0    20200000    00000181     UNINITIALIZED
                  20200000    00000050     (.common:g_appConfig)
                  20200050    00000038     (.common:g_appRuntime)
                  20200088    00000028     (.common:g_imuRuntime)
                  202000b0    00000020     mission_manager.o (.bss.g_missionRuntime)
                  202000d0    00000014     motion_action.o (.bss.g_motionActionRuntime)
                  202000e4    00000014     (.common:g_headingRuntime)
                  202000f8    00000010     obstacle_scanner.o (.bss.g_obstacleScanFeedback)
                  20200108    0000000e     car_controller.o (.bss.g_carControllerFeedback)
                  20200116    00000002     ultrasonic.o (.bss.g_echoTicks)
                  20200118    0000000e     ultrasonic.o (.bss.g_ultrasonicFeedback)
                  20200126    00000008     obstacle_avoidance.o (.bss.g_avoidFeedback)
                  2020012e    00000008     obstacle_monitor.o (.bss.g_obstacleFeedback)
                  20200136    00000006     ultrasonic.o (.bss.g_distanceSamples)
                  2020013c    00000006     key.o (.bss.g_key1)
                  20200142    00000006     key.o (.bss.g_key2)
                  20200148    00000006     key.o (.bss.g_key3)
                  2020014e    00000002     obstacle_avoidance.o (.bss.g_resumeGraceMs)
                  20200150    00000004     encoder.o (.bss.g_motorAPulses)
                  20200154    00000004     encoder.o (.bss.g_motorBPulses)
                  20200158    00000004     servo.o (.bss.g_servoFeedback)
                  2020015c    00000002     obstacle_scanner.o (.bss.g_scanWaitTicks)
                  2020015e    00000002     servo.o (.bss.g_servoPwmPhase)
                  20200160    00000002     ultrasonic.o (.bss.g_stateTicks)
                  20200162    00000002     (.common:g_trackError)
                  20200164    00000001     oled_ui.o (.bss.OledUi_Update_20ms.refreshDivider)
                  20200165    00000001     empty.o (.bss.SysTick_Handler.controlMsCount)
                  20200166    00000001     empty.o (.bss.SysTick_Handler.tick100usCount)
                  20200167    00000001     ultrasonic.o (.bss.Ultrasonic_Update_20ms.triggerDivider)
                  20200168    00000001     empty.o (.bss.g_appUpdateDue)
                  20200169    00000001     car_state.o (.bss.g_carState)
                  2020016a    00000001     obstacle_monitor.o (.bss.g_centerSettleTicks)
                  2020016b    00000001     ultrasonic.o (.bss.g_distanceSampleCount)
                  2020016c    00000001     ultrasonic.o (.bss.g_distanceSampleIndex)
                  2020016d    00000001     motor.o (.bss.g_motorADutyLevel)
                  2020016e    00000001     motor.o (.bss.g_motorBDutyLevel)
                  2020016f    00000001     obstacle_safety.o (.bss.g_obstacleSafetyHolding)
                  20200170    00000001     oled.o (.bss.g_oledColumn)
                  20200171    00000001     menu.o (.bss.g_oledPage)
                  20200172    00000001     menu.o (.bss.g_paramItem)
                  20200173    00000001     key.o (.bss.g_pendingEvent)
                  20200174    00000001     motor.o (.bss.g_pwmPhase)
                  20200175    00000001     car_controller.o (.bss.g_safetyHold)
                  20200176    00000001     obstacle_avoidance.o (.bss.g_stateStarted)
                  20200177    00000001     ultrasonic.o (.bss.g_triggerRequest)
                  20200178    00000001     ultrasonic.o (.bss.g_ultrasonicState)
                  20200179    00000001     (.common:g_carStateDebug)
                  2020017a    00000001     (.common:g_keyEvent)
                  2020017b    00000001     (.common:g_oledPageDebug)
                  2020017c    00000001     (.common:g_paramItemDebug)
                  2020017d    00000001     (.common:g_trackBlackCount)
                  2020017e    00000001     (.common:g_trackModeDebug)
                  2020017f    00000001     (.common:g_trackRaw)
                  20200180    00000001     (.common:g_trackTurnDebug)

.data      0    20200181    00000001     UNINITIALIZED
                  20200181    00000001     car_controller.o (.data.g_followTurnPolicy)

.stack     0    20207e00    00000200     UNINITIALIZED
                  20207e00    00000004     libc.a : boot_cortex_m.c.obj (.stack)
                  20207e04    000001fc     --HOLE--

__llvm_prf_cnts 
*          0    20200000    00000000     UNINITIALIZED

__llvm_prf_bits 
*          0    20200000    00000000     UNINITIALIZED

MODULE SUMMARY

       Module                         code    ro data   rw data
       ------                         ----    -------   -------
    .\
       car_controller.o               3208    64        72     
       imu.o                          3304    0         40     
       oled.o                         2088    401       1      
       oled_ui.o                      1676    413       1      
       mission_library.o              174     1617      0      
       mission_manager.o              1196    0         32     
       motion_action.o                952     0         20     
       app_config.o                   704     0         80     
       menu.o                         716     66        2      
       ultrasonic.o                   636     0         29     
       obstacle_avoidance.o           648     0         11     
       obstacle_scanner.o             584     26        18     
       heading_control.o              468     0         20     
       key.o                          436     0         19     
       track_sensor.o                 372     0         0      
       motor.o                        356     0         3      
       app.o                          310     0         10     
       ti_msp_dl_config.o             300     0         0      
       obstacle_safety.o              220     0         1      
       obstacle_monitor.o             192     0         9      
       empty.o                        196     0         3      
       startup_mspm0g350x_ticlang.o   6       192       0      
       servo.o                        176     0         6      
       encoder.o                      144     0         8      
       car_state.o                    36      0         1      
    +--+------------------------------+-------+---------+---------+
       Total:                         19098   2779      386    
                                                               
    C:/TI/mspm0_sdk_2_05_01_00/source/ti/driverlib/lib/ticlang/m0p/mspm0g1x0x_g3x0x/driverlib.a
       dl_common.o                    10      0         0      
    +--+------------------------------+-------+---------+---------+
       Total:                         10      0         0      
                                                               
    D:\TI\CCS\ccs\tools\compiler\ti-cgt-armllvm_4.0.4.LTS\lib\armv6m-ti-none-eabi/c/libc.a
       memcpy16.S.obj                 154     0         0      
       copy_decompress_lzss.c.obj     124     0         0      
       autoinit.c.obj                 60      0         0      
       boot_cortex_m.c.obj            40      0         0      
       copy_zero_init.c.obj           22      0         0      
       copy_decompress_none.c.obj     18      0         0      
       exit.c.obj                     6       0         0      
       pre_init.c.obj                 4       0         0      
    +--+------------------------------+-------+---------+---------+
       Total:                         428     0         0      
                                                               
    D:\TI\CCS\ccs\tools\compiler\ti-cgt-armllvm_4.0.4.LTS\lib\armv6m-ti-none-eabi/c/libsysbm.a
       hostexit.c.obj                 4       0         0      
    +--+------------------------------+-------+---------+---------+
       Total:                         4       0         0      
                                                               
    D:\TI\CCS\ccs\tools\compiler\ti-cgt-armllvm_4.0.4.LTS\lib\armv6m-ti-none-eabi/libclang_rt.builtins.a
       addsf3.S.obj                   216     0         0      
       udivmoddi4.S.obj               162     0         0      
       mulsf3.S.obj                   140     0         0      
       divsf3.S.obj                   130     0         0      
       comparesf2.S.obj               118     0         0      
       aeabi_fcmp.S.obj               98      0         0      
       aeabi_idivmod.S.obj            86      0         0      
       aeabi_uidivmod.S.obj           64      0         0      
       divmoddi4.c.obj                62      0         0      
       floatsisf.S.obj                60      0         0      
       muldsi3.S.obj                  58      0         0      
       fixsfsi.S.obj                  56      0         0      
       ashldi3.S.obj                  30      0         0      
       aeabi_ldivmod.S.obj            20      0         0      
       aeabi_memcpy.S.obj             8       0         0      
       aeabi_div0.c.obj               4       0         0      
    +--+------------------------------+-------+---------+---------+
       Total:                         1312    0         0      
                                                               
       Stack:                         0       0         512    
       Linker Generated:              0       41        0      
    +--+------------------------------+-------+---------+---------+
       Grand Total:                   20852   2820      898    


LINKER GENERATED COPY TABLES

__TI_cinit_table @ 00005c8c records: 2, size/record: 8, table size: 16
	.bss: load addr=00005c7c, load size=00000008 bytes, run addr=20200000, run size=00000181 bytes, compression=zero_init
	.data: load addr=00005c84, load size=00000005 bytes, run addr=20200181, run size=00000001 bytes, compression=lzss


LINKER GENERATED HANDLER TABLE

__TI_handler_table @ 00005c70 records: 3, size/record: 4, table size: 12
	index: 0, handler: __TI_decompress_lzss
	index: 1, handler: __TI_decompress_none
	index: 2, handler: __TI_zero_init


GLOBAL SYMBOLS: SORTED ALPHABETICALLY BY Name 

address   name                                  
-------   ----                                  
0000394b  ADC0_IRQHandler                       
0000394b  ADC1_IRQHandler                       
0000394b  AES_IRQHandler                        
0000394d  AppConfig_InitDefault                 
00001879  AppConfig_LimitAll                    
00004529  App_Init                              
00003269  App_Update_20ms                       
0000523a  C$$EXIT                               
0000394b  CANFD0_IRQHandler                     
000051dd  CarController_GetFeedback             
00005101  CarController_GetRunMode              
00003f01  CarController_Init                    
00003f7d  CarController_ResetRuntime            
00004f61  CarController_RunModeToString         
000046ed  CarController_SetSafetyHold           
00003c51  CarController_StartDriveHeading       
00003ff9  CarController_StartFollowLine         
00003b21  CarController_StartSeekLine           
000041dd  CarController_StartTurnLeft90         
00004169  CarController_StartTurnRight90        
00003d71  CarController_StartTurnToYawRelative  
00004e51  CarController_Stop                    
000000c1  CarController_Update_20ms             
0000510d  CarState_Get                          
00005119  CarState_Init                         
00005125  CarState_Set                          
0000394b  DAC0_IRQHandler                       
000051b5  DL_Common_delayCycles                 
0000394b  DMA_IRQHandler                        
0000394b  Default_Handler                       
000042bd  Encoder_HandleGpioInterrupt           
00004e09  Encoder_Reset                         
0000394b  GROUP0_IRQHandler                     
00005009  GROUP1_IRQHandler                     
0000523b  HOSTexit                              
0000394b  HardFault_Handler                     
0000501d  HeadingControl_Enable                 
000051e5  HeadingControl_GetRuntime             
00005031  HeadingControl_Init                   
00004f79  HeadingControl_LockCurrentYaw         
00005045  HeadingControl_Reset                  
00004f91  HeadingControl_SetTargetYaw           
00002959  HeadingControl_Update                 
0000394b  I2C0_IRQHandler                       
0000394b  I2C1_IRQHandler                       
00001a9d  Imu_CalibrateGyroBias                 
00005131  Imu_GetCorrectedGyroZDps              
000051ed  Imu_GetRuntime                        
0000513d  Imu_GetYaw                            
00001125  Imu_Init                              
00004ef1  Imu_IsReady                           
00005149  Imu_ResetYaw                          
00002d35  Imu_Update                            
000050d1  Key_GetEvent                          
00004c25  Key_Init                              
000027e5  Key_Update_20ms                       
00005155  Menu_GetPage                          
00005161  Menu_GetParamItem                     
000044c9  Menu_GetParamValue                    
00001651  Menu_HandleKeyEvent                   
00005059  Menu_Init                             
00004fa9  Menu_ParamItemToString                
0000506d  MissionLibrary_FindById               
00005081  MissionLibrary_GetByIndex             
0000523f  MissionLibrary_GetCount               
00003df9  MissionLibrary_Validate               
00004c55  MissionManager_Cancel                 
000051f5  MissionManager_GetMissionCount        
000051fd  MissionManager_GetRuntime             
00005095  MissionManager_GetSelectedMissionId   
00004395  MissionManager_GetSelectedMissionIndex
000047dd  MissionManager_Init                   
0000516d  MissionManager_IsExternallyHeld       
00004e71  MissionManager_Pause                  
00004c85  MissionManager_Reset                  
00004e91  MissionManager_Resume                 
0000308d  MissionManager_SelectNext             
00003341  MissionManager_SelectPrevious         
00005179  MissionManager_SetExternalHold        
000048ad  MissionManager_Start                  
00002f95  MissionManager_Update_20ms            
00004fc1  MotionAction_Cancel                   
00005205  MotionAction_GetRuntime               
00004fd9  MotionAction_Init                     
00004b15  MotionAction_ReapplyControllerTarget  
00002ab9  MotionAction_Start                    
00001ec5  MotionAction_Update_20ms              
00004b4d  Motor_Init                            
0000473d  Motor_PwmTick100us                    
00003749  Motor_SetSpeed                        
00004ce5  Motor_Stop                            
0000394b  NMI_Handler                           
000013fd  OLED_Clear                            
000034f1  OLED_Init                             
00004587  OLED_PrintBinary7                     
000035c5  OLED_PrintChar                        
00002bf9  OLED_PrintInt16                       
00004bf1  OLED_PrintString                      
00004bbd  OLED_SetCursor                        
00004e2d  ObstacleAvoidance_Init                
00005185  ObstacleAvoidance_IsActive            
00005191  ObstacleAvoidance_IsFailed            
000050e1  ObstacleAvoidance_IsResumeGraceActive 
00001cb1  ObstacleAvoidance_Update_20ms         
0000520d  ObstacleMonitor_GetFeedback           
00004f0d  ObstacleMonitor_Init                  
000039e9  ObstacleMonitor_Update_20ms           
00004f29  ObstacleSafety_Init                   
0000519d  ObstacleSafety_IsHolding              
00003695  ObstacleSafety_Update_20ms            
00004f45  ObstacleScanner_DirectionToString     
00005215  ObstacleScanner_GetFeedback           
00004cb5  ObstacleScanner_Init                  
000020cd  ObstacleScanner_Update_20ms           
000051a9  OledUi_Init                           
000007b5  OledUi_Update_20ms                    
0000394b  PendSV_Handler                        
0000394b  RTC_IRQHandler                        
00005243  Reset_Handler                         
0000394b  SPI0_IRQHandler                       
0000394b  SPI1_IRQHandler                       
0000394b  SVC_Handler                           
000037f9  SYSCFG_DL_GPIO_init                   
000048ed  SYSCFG_DL_SYSCTL_init                 
000050f1  SYSCFG_DL_init                        
00004d11  SYSCFG_DL_initPower                   
0000521d  Servo_GetFeedback                     
00004d69  Servo_Init                            
000049ad  Servo_SetAngleDeg                     
00004825  Servo_Tick100us                       
00004869  SysTick_Handler                       
0000394b  TIMA0_IRQHandler                      
0000394b  TIMA1_IRQHandler                      
0000394b  TIMG0_IRQHandler                      
0000394b  TIMG12_IRQHandler                     
0000394b  TIMG6_IRQHandler                      
0000394b  TIMG7_IRQHandler                      
0000394b  TIMG8_IRQHandler                      
00004d3d  TrackSensor_CountBlack                
0000424d  TrackSensor_DetectTurn                
000043fd  TrackSensor_GetErrorFromRaw           
00003b1f  TrackSensor_Init                      
000051bf  TrackSensor_IsCenterDetected          
000051c9  TrackSensor_IsLineDetected            
000051d3  TrackSensor_IsLineLost                
00004699  TrackSensor_ReadRaw                   
0000394b  UART0_IRQHandler                      
0000394b  UART1_IRQHandler                      
0000394b  UART2_IRQHandler                      
0000394b  UART3_IRQHandler                      
00005225  Ultrasonic_GetFeedback                
0000478d  Ultrasonic_Init                       
00004d91  Ultrasonic_ResetFilter                
00002645  Ultrasonic_Tick100us                  
000045e5  Ultrasonic_Update_20ms                
20208000  __STACK_END                           
00000200  __STACK_SIZE                          
00000000  __TI_ATRegion0_region_sz              
00000000  __TI_ATRegion0_src_addr               
00000000  __TI_ATRegion0_trg_addr               
00000000  __TI_ATRegion1_region_sz              
00000000  __TI_ATRegion1_src_addr               
00000000  __TI_ATRegion1_trg_addr               
00000000  __TI_ATRegion2_region_sz              
00000000  __TI_ATRegion2_src_addr               
00000000  __TI_ATRegion2_trg_addr               
00005c8c  __TI_CINIT_Base                       
00005c9c  __TI_CINIT_Limit                      
00005c9c  __TI_CINIT_Warm                       
00005c70  __TI_Handler_Table_Base               
00005c7c  __TI_Handler_Table_Limit              
00004a61  __TI_auto_init_nobinit_nopinit        
00004075  __TI_decompress_lzss                  
000050bd  __TI_decompress_none                  
ffffffff  __TI_pprof_out_hndl                   
ffffffff  __TI_prof_data_size                   
ffffffff  __TI_prof_data_start                  
00000000  __TI_static_base__                    
00004ff1  __TI_zero_init_nomemset               
00003423  __addsf3                              
00004b85  __aeabi_f2iz                          
00003423  __aeabi_fadd                          
00004465  __aeabi_fcmpeq                        
000044a1  __aeabi_fcmpge                        
000044b5  __aeabi_fcmpgt                        
0000448d  __aeabi_fcmple                        
00004479  __aeabi_fcmplt                        
00003e7d  __aeabi_fdiv                          
00003ce5  __aeabi_fmul                          
00003419  __aeabi_fsub                          
000049e9  __aeabi_i2f                           
00004641  __aeabi_idiv                          
00003e7b  __aeabi_idiv0                         
00004641  __aeabi_idivmod                       
00003eff  __aeabi_ldiv0                         
000050a9  __aeabi_ldivmod                       
00004ed1  __aeabi_llsl                          
0000522d  __aeabi_memcpy                        
0000522d  __aeabi_memcpy4                       
0000522d  __aeabi_memcpy8                       
0000492d  __aeabi_uidiv                         
0000492d  __aeabi_uidivmod                      
00004ed1  __ashldi3                             
ffffffff  __binit__                             
00004a9d  __cmpsf2                              
0000496d  __divmoddi4                           
00003e7d  __divsf3                              
00004a9d  __eqsf2                               
00004b85  __fixsfsi                             
000049e9  __floatsisf                           
00004a25  __gesf2                               
00004a25  __gtsf2                               
00004a9d  __lesf2                               
00004a9d  __ltsf2                               
UNDEFED   __mpu_init                            
00004ad9  __muldsi3                             
00003ce5  __mulsf3                              
00004a9d  __nesf2                               
20207e00  __stack                               
20200000  __start___llvm_prf_bits               
20200000  __start___llvm_prf_cnts               
20200000  __stop___llvm_prf_bits                
20200000  __stop___llvm_prf_cnts                
00003419  __subsf3                              
000038a9  __udivmoddi4                          
00004de1  _c_int00_noargs                       
UNDEFED   _system_post_cinit                    
00005247  _system_pre_init                      
00005235  abort                                 
ffffffff  binit                                 
20200000  g_appConfig                           
20200050  g_appRuntime                          
20200179  g_carStateDebug                       
202000e4  g_headingRuntime                      
20200088  g_imuRuntime                          
2020017a  g_keyEvent                            
2020017b  g_oledPageDebug                       
2020017c  g_paramItemDebug                      
2020017d  g_trackBlackCount                     
20200162  g_trackError                          
2020017e  g_trackModeDebug                      
2020017f  g_trackRaw                            
20200180  g_trackTurnDebug                      
00000000  interruptVectors                      
00004329  main                                  
00003a85  memcpy                                


GLOBAL SYMBOLS: SORTED BY Symbol Address 

address   name                                  
-------   ----                                  
00000000  __TI_ATRegion0_region_sz              
00000000  __TI_ATRegion0_src_addr               
00000000  __TI_ATRegion0_trg_addr               
00000000  __TI_ATRegion1_region_sz              
00000000  __TI_ATRegion1_src_addr               
00000000  __TI_ATRegion1_trg_addr               
00000000  __TI_ATRegion2_region_sz              
00000000  __TI_ATRegion2_src_addr               
00000000  __TI_ATRegion2_trg_addr               
00000000  __TI_static_base__                    
00000000  interruptVectors                      
000000c1  CarController_Update_20ms             
00000200  __STACK_SIZE                          
000007b5  OledUi_Update_20ms                    
00001125  Imu_Init                              
000013fd  OLED_Clear                            
00001651  Menu_HandleKeyEvent                   
00001879  AppConfig_LimitAll                    
00001a9d  Imu_CalibrateGyroBias                 
00001cb1  ObstacleAvoidance_Update_20ms         
00001ec5  MotionAction_Update_20ms              
000020cd  ObstacleScanner_Update_20ms           
00002645  Ultrasonic_Tick100us                  
000027e5  Key_Update_20ms                       
00002959  HeadingControl_Update                 
00002ab9  MotionAction_Start                    
00002bf9  OLED_PrintInt16                       
00002d35  Imu_Update                            
00002f95  MissionManager_Update_20ms            
0000308d  MissionManager_SelectNext             
00003269  App_Update_20ms                       
00003341  MissionManager_SelectPrevious         
00003419  __aeabi_fsub                          
00003419  __subsf3                              
00003423  __addsf3                              
00003423  __aeabi_fadd                          
000034f1  OLED_Init                             
000035c5  OLED_PrintChar                        
00003695  ObstacleSafety_Update_20ms            
00003749  Motor_SetSpeed                        
000037f9  SYSCFG_DL_GPIO_init                   
000038a9  __udivmoddi4                          
0000394b  ADC0_IRQHandler                       
0000394b  ADC1_IRQHandler                       
0000394b  AES_IRQHandler                        
0000394b  CANFD0_IRQHandler                     
0000394b  DAC0_IRQHandler                       
0000394b  DMA_IRQHandler                        
0000394b  Default_Handler                       
0000394b  GROUP0_IRQHandler                     
0000394b  HardFault_Handler                     
0000394b  I2C0_IRQHandler                       
0000394b  I2C1_IRQHandler                       
0000394b  NMI_Handler                           
0000394b  PendSV_Handler                        
0000394b  RTC_IRQHandler                        
0000394b  SPI0_IRQHandler                       
0000394b  SPI1_IRQHandler                       
0000394b  SVC_Handler                           
0000394b  TIMA0_IRQHandler                      
0000394b  TIMA1_IRQHandler                      
0000394b  TIMG0_IRQHandler                      
0000394b  TIMG12_IRQHandler                     
0000394b  TIMG6_IRQHandler                      
0000394b  TIMG7_IRQHandler                      
0000394b  TIMG8_IRQHandler                      
0000394b  UART0_IRQHandler                      
0000394b  UART1_IRQHandler                      
0000394b  UART2_IRQHandler                      
0000394b  UART3_IRQHandler                      
0000394d  AppConfig_InitDefault                 
000039e9  ObstacleMonitor_Update_20ms           
00003a85  memcpy                                
00003b1f  TrackSensor_Init                      
00003b21  CarController_StartSeekLine           
00003c51  CarController_StartDriveHeading       
00003ce5  __aeabi_fmul                          
00003ce5  __mulsf3                              
00003d71  CarController_StartTurnToYawRelative  
00003df9  MissionLibrary_Validate               
00003e7b  __aeabi_idiv0                         
00003e7d  __aeabi_fdiv                          
00003e7d  __divsf3                              
00003eff  __aeabi_ldiv0                         
00003f01  CarController_Init                    
00003f7d  CarController_ResetRuntime            
00003ff9  CarController_StartFollowLine         
00004075  __TI_decompress_lzss                  
00004169  CarController_StartTurnRight90        
000041dd  CarController_StartTurnLeft90         
0000424d  TrackSensor_DetectTurn                
000042bd  Encoder_HandleGpioInterrupt           
00004329  main                                  
00004395  MissionManager_GetSelectedMissionIndex
000043fd  TrackSensor_GetErrorFromRaw           
00004465  __aeabi_fcmpeq                        
00004479  __aeabi_fcmplt                        
0000448d  __aeabi_fcmple                        
000044a1  __aeabi_fcmpge                        
000044b5  __aeabi_fcmpgt                        
000044c9  Menu_GetParamValue                    
00004529  App_Init                              
00004587  OLED_PrintBinary7                     
000045e5  Ultrasonic_Update_20ms                
00004641  __aeabi_idiv                          
00004641  __aeabi_idivmod                       
00004699  TrackSensor_ReadRaw                   
000046ed  CarController_SetSafetyHold           
0000473d  Motor_PwmTick100us                    
0000478d  Ultrasonic_Init                       
000047dd  MissionManager_Init                   
00004825  Servo_Tick100us                       
00004869  SysTick_Handler                       
000048ad  MissionManager_Start                  
000048ed  SYSCFG_DL_SYSCTL_init                 
0000492d  __aeabi_uidiv                         
0000492d  __aeabi_uidivmod                      
0000496d  __divmoddi4                           
000049ad  Servo_SetAngleDeg                     
000049e9  __aeabi_i2f                           
000049e9  __floatsisf                           
00004a25  __gesf2                               
00004a25  __gtsf2                               
00004a61  __TI_auto_init_nobinit_nopinit        
00004a9d  __cmpsf2                              
00004a9d  __eqsf2                               
00004a9d  __lesf2                               
00004a9d  __ltsf2                               
00004a9d  __nesf2                               
00004ad9  __muldsi3                             
00004b15  MotionAction_ReapplyControllerTarget  
00004b4d  Motor_Init                            
00004b85  __aeabi_f2iz                          
00004b85  __fixsfsi                             
00004bbd  OLED_SetCursor                        
00004bf1  OLED_PrintString                      
00004c25  Key_Init                              
00004c55  MissionManager_Cancel                 
00004c85  MissionManager_Reset                  
00004cb5  ObstacleScanner_Init                  
00004ce5  Motor_Stop                            
00004d11  SYSCFG_DL_initPower                   
00004d3d  TrackSensor_CountBlack                
00004d69  Servo_Init                            
00004d91  Ultrasonic_ResetFilter                
00004de1  _c_int00_noargs                       
00004e09  Encoder_Reset                         
00004e2d  ObstacleAvoidance_Init                
00004e51  CarController_Stop                    
00004e71  MissionManager_Pause                  
00004e91  MissionManager_Resume                 
00004ed1  __aeabi_llsl                          
00004ed1  __ashldi3                             
00004ef1  Imu_IsReady                           
00004f0d  ObstacleMonitor_Init                  
00004f29  ObstacleSafety_Init                   
00004f45  ObstacleScanner_DirectionToString     
00004f61  CarController_RunModeToString         
00004f79  HeadingControl_LockCurrentYaw         
00004f91  HeadingControl_SetTargetYaw           
00004fa9  Menu_ParamItemToString                
00004fc1  MotionAction_Cancel                   
00004fd9  MotionAction_Init                     
00004ff1  __TI_zero_init_nomemset               
00005009  GROUP1_IRQHandler                     
0000501d  HeadingControl_Enable                 
00005031  HeadingControl_Init                   
00005045  HeadingControl_Reset                  
00005059  Menu_Init                             
0000506d  MissionLibrary_FindById               
00005081  MissionLibrary_GetByIndex             
00005095  MissionManager_GetSelectedMissionId   
000050a9  __aeabi_ldivmod                       
000050bd  __TI_decompress_none                  
000050d1  Key_GetEvent                          
000050e1  ObstacleAvoidance_IsResumeGraceActive 
000050f1  SYSCFG_DL_init                        
00005101  CarController_GetRunMode              
0000510d  CarState_Get                          
00005119  CarState_Init                         
00005125  CarState_Set                          
00005131  Imu_GetCorrectedGyroZDps              
0000513d  Imu_GetYaw                            
00005149  Imu_ResetYaw                          
00005155  Menu_GetPage                          
00005161  Menu_GetParamItem                     
0000516d  MissionManager_IsExternallyHeld       
00005179  MissionManager_SetExternalHold        
00005185  ObstacleAvoidance_IsActive            
00005191  ObstacleAvoidance_IsFailed            
0000519d  ObstacleSafety_IsHolding              
000051a9  OledUi_Init                           
000051b5  DL_Common_delayCycles                 
000051bf  TrackSensor_IsCenterDetected          
000051c9  TrackSensor_IsLineDetected            
000051d3  TrackSensor_IsLineLost                
000051dd  CarController_GetFeedback             
000051e5  HeadingControl_GetRuntime             
000051ed  Imu_GetRuntime                        
000051f5  MissionManager_GetMissionCount        
000051fd  MissionManager_GetRuntime             
00005205  MotionAction_GetRuntime               
0000520d  ObstacleMonitor_GetFeedback           
00005215  ObstacleScanner_GetFeedback           
0000521d  Servo_GetFeedback                     
00005225  Ultrasonic_GetFeedback                
0000522d  __aeabi_memcpy                        
0000522d  __aeabi_memcpy4                       
0000522d  __aeabi_memcpy8                       
00005235  abort                                 
0000523a  C$$EXIT                               
0000523b  HOSTexit                              
0000523f  MissionLibrary_GetCount               
00005243  Reset_Handler                         
00005247  _system_pre_init                      
00005c70  __TI_Handler_Table_Base               
00005c7c  __TI_Handler_Table_Limit              
00005c8c  __TI_CINIT_Base                       
00005c9c  __TI_CINIT_Limit                      
00005c9c  __TI_CINIT_Warm                       
20200000  __start___llvm_prf_bits               
20200000  __start___llvm_prf_cnts               
20200000  __stop___llvm_prf_bits                
20200000  __stop___llvm_prf_cnts                
20200000  g_appConfig                           
20200050  g_appRuntime                          
20200088  g_imuRuntime                          
202000e4  g_headingRuntime                      
20200162  g_trackError                          
20200179  g_carStateDebug                       
2020017a  g_keyEvent                            
2020017b  g_oledPageDebug                       
2020017c  g_paramItemDebug                      
2020017d  g_trackBlackCount                     
2020017e  g_trackModeDebug                      
2020017f  g_trackRaw                            
20200180  g_trackTurnDebug                      
20207e00  __stack                               
20208000  __STACK_END                           
ffffffff  __TI_pprof_out_hndl                   
ffffffff  __TI_prof_data_size                   
ffffffff  __TI_prof_data_start                  
ffffffff  __binit__                             
ffffffff  binit                                 
UNDEFED   __mpu_init                            
UNDEFED   _system_post_cinit                    

[246 symbols]
