******************************************************************************
            TI ARM Clang Linker PC v4.0.4                      
******************************************************************************
>> Linked Fri Jul 31 01:50:15 2026

OUTPUT FILE NAME:   <diansaikaishi.out>
ENTRY POINT SYMBOL: "_c_int00_noargs"  address: 0000fe5d


MEMORY CONFIGURATION

         name            origin    length      used     unused   attr    fill
----------------------  --------  ---------  --------  --------  ----  --------
  FLASH                 00000000   00020000  000113a0  0000ec60  R  X
  SRAM                  20200000   00008000  0000117f  00006e81  RW X
  BCR_CONFIG            41c00000   000000ff  00000000  000000ff  R   
  BSL_CONFIG            41c00100   00000080  00000000  00000080  R   


SEGMENT ALLOCATION MAP

run origin  load origin   length   init length attrs members
----------  ----------- ---------- ----------- ----- -------
00000000    00000000    00010f00   00010f00    r-x
  00000000    00000000    000000c0   000000c0    r-- .intvecs
  000000c0    000000c0    000105a0   000105a0    r-x .text
  00010660    00010660    000008a0   000008a0    r-- .rodata
00010f60    00010f60    00000040   00000040    r--
  00010f60    00010f60    00000030   00000030    r-- .cinit
  00010f90    00010f90    00000010   00000010    r-- .binit
0001fc00    0001fc00    00000400   00000400    r--
  0001fc00    0001fc00    00000400   00000400    r-- .TI.bound:g_balanceCalibrationReservedSector
20200000    20200000    00000f1f   00000000    rw-
  20200000    20200000    00000f1e   00000000    rw- .bss
  20200f1e    20200f1e    00000001   00000000    rw- .data
20200f20    00010f00    00000060   00000060    r-x
  20200f20    00010f00    00000060   00000060    r-x .TI.ramfunc
20207e00    20207e00    00000200   00000000    rw-
  20207e00    20207e00    00000200   00000000    rw- .stack


SECTION ALLOCATION MAP

 output                                  attributes/
section   page    origin      length       input sections
--------  ----  ----------  ----------   ----------------
.intvecs   0    00000000    000000c0     
                  00000000    000000c0     startup_mspm0g350x_ticlang.o (.intvecs)

.text      0    000000c0    000105a0     
                  000000c0    0000171c     oled_ui.o (.text.print_balance_stepper_test_page)
                  000017dc    0000133c     oled_ui.o (.text.OledUi_Update_20ms)
                  00002b18    00000ad8     oled_ui.o (.text.print_imu_counters_page)
                  000035f0    0000064c     app_config.o (.text.AppConfig_LimitAll)
                  00003c3c    000005bc     vision_receiver.o (.text.VisionReceiver_Process)
                  000041f8    000005ac     imu.o (.text.Imu_CalibrateGyroBias)
                  000047a4    00000524     line_controller.o (.text.LineController_Update)
                  00004cc8    0000049c     runtime_snapshot.o (.text.RuntimeSnapshot_Update)
                  00005164    00000478     oled_ui.o (.text.print_sensor_page)
                  000055dc    0000044c     motor_control.o (.text.update_wheel)
                  00005a28    00000424     wheel_speed_estimator.o (.text.WheelSpeedEstimator_Update)
                  00005e4c    00000414     balance_position_control.o (.text.BalancePositionControl_Update20ms)
                  00006260    000003e0     imu.o (.text.Imu_Update)
                  00006640    00000380     imu.o (.text.Imu_Init)
                  000069c0    0000037c     oled_ui.o (.text.print_heading_page)
                  00006d3c    00000370     gimbal.o (.text.gimbal_update_feedback)
                  000070ac    0000033c     oled_ui.o (.text.print_drive_distance_page)
                  000073e8    00000300     oled_ui.o (.text.print_motor_control_page)
                  000076e8    000002f0     imu.o (.text.mpu6050_read_regs)
                  000079d8    000002cc     car_controller.o (.text.handle_drive_distance)
                  00007ca4    000002b4     menu.o (.text.Menu_HandleKeyEvent)
                  00007f58    000002b0     motion_action.o (.text.MotionAction_Update_20ms)
                  00008208    00000290     balance_calibration_store.o (.text.BalanceCalibrationStore_Save)
                  00008498    0000028c     motor_control.o (.text.MotorControl_Update)
                  00008724    0000026c     balance_soft_limits.o (.text.BalanceSoftLimits_Update20ms)
                  00008990    00000268     car_controller.o (.text.handle_turn_to_yaw)
                  00008bf8    00000250     menu.o (.text.menu_adjust_param)
                  00008e48    00000220     app_config.o (.text.AppConfig_InitDefault)
                  00009068    00000220     motion_action.o (.text.motion_action_start_internal)
                  00009288    00000204     motor.o (.text.Motor_SetSpeed)
                  0000948c    000001f4     vision_protocol.o (.text.VisionProtocol_ParseV1TargetFrame)
                  00009680    000001f0     oled_ui.o (.text.print_param_page)
                  00009870    000001e8     motor_control.o (.text.config_is_valid)
                  00009a58    000001e4     mission_library.o (.text.MissionLibrary_Validate)
                  00009c3c    000001cc     imu.o (.text.imu_i2c_write_byte)
                  00009e08    000001cc     oled_ui.o (.text.print_status_page)
                  00009fd4    000001b8     oled.o (.text.oled_i2c_write_byte)
                  0000a18c    000001a0     ultrasonic.o (.text.Ultrasonic_Tick100us)
                  0000a32c    0000019c     car_controller.o (.text.CarController_StartDriveDistanceAtYaw)
                  0000a4c8    00000198     app.o (.text.App_Update_20ms)
                  0000a660    00000194     gimbal_stepper.o (.text.GimbalStepper_Tick100us)
                  0000a7f4    00000190     car_controller.o (.text.CarController_Update_20ms)
                  0000a984    00000188     oled_ui.o (.text.print_imu_page)
                  0000ab0c    00000174     key.o (.text.Key_Update_20ms)
                  0000ac80    00000170     oled.o (.text.OLED_FlushPage)
                  0000adf0    0000016c     oled.o (.text.OLED_PrintInt16)
                  0000af5c    00000160     oled_ui.o (.text.print_balance_limit_value)
                  0000b0bc    0000015c     oled_ui.o (.text.print_signed_total_tail)
                  0000b218    0000014c     balance_soft_limits.o (.text.BalanceSoftLimits_CaptureCurrentStage)
                  0000b364    00000140     balance_calibration_store.o (.text.BalanceCalibrationStore_Load)
                  0000b4a4    0000013c     balance_position_control.o (.text.BalancePositionControl_Start)
                  0000b5e0    0000012c     balance_soft_limits.o (.text.BalanceSoftLimits_StartOscillationTest)
                  0000b70c    0000012c     imu.o (.text.imu_i2c_recover_bus)
                  0000b838    0000012c     oled_ui.o (.text.print_uint64_decimal)
                  0000b964    00000128     line_controller.o (.text.LineController_Reset)
                  0000ba8c    00000128     mission_manager.o (.text.MissionManager_Update_20ms)
                  0000bbb4    00000124     oled.o (.text.OLED_Init)
                  0000bcd8    00000120     balance_soft_limits.o (.text.BalanceSoftLimits_StartRelativePositionMoveSteps)
                  0000bdf8    00000120     oled_ui.o (.text.print_bluetooth_page)
                  0000bf18    0000011c     car_controller.o (.text.handle_drive_heading)
                  0000c034    00000114     car_controller.o (.text.handle_follow_line)
                  0000c148    0000010c     balance_soft_limits.o (.text.BalanceSoftLimits_BeginAtCurrentAsZero)
                  0000c254    0000010c     line_controller.o (.text.LineController_ResetControlState)
                  0000c360    00000104     driverlib.a : dl_timer.o (.text.DL_Timer_initFourCCPWMMode)
                  0000c464    00000104     line_controller.o (.text.LineController_Init)
                  0000c568    00000100     motor_control.o (.text.MotorControl_SetNormalizedTarget)
                  0000c668    00000100     ti_msp_dl_config.o (.text.SYSCFG_DL_GPIO_init)
                  0000c768    000000fc     mission_manager.o (.text.MissionManager_SelectNext)
                  0000c864    000000ec     heading_control.o (.text.HeadingControl_Update)
                  0000c950    000000e8     mission_manager.o (.text.MissionManager_SelectPrevious)
                  0000ca38    000000e8     obstacle_safety.o (.text.ObstacleSafety_Update_20ms)
                  0000cb20    000000e8     vision_protocol.o (.text.fields_are_valid)
                  0000cc08    000000e0     wheel_speed_estimator.o (.text.WheelSpeedEstimator_Init)
                  0000cce8    000000e0     empty.o (.text.main)
                  0000cdc8    000000d8     driverlib.a : dl_flashctl.o (.text.DL_FlashCTL_unprotectSector)
                  0000cea0    000000d8     oled.o (.text.OLED_PrintUInt16)
                  0000cf78    000000d8     libclang_rt.builtins.a : addsf3.S.obj (.text)
                  0000d050    000000d4     car_controller.o (.text.CarController_StartDriveDistance)
                  0000d124    000000d4     gimbal_stepper.o (.text.GimbalStepper_MoveRelativeSteps)
                  0000d1f8    000000cc     balance_encoder.o (.text.BalanceEncoder_HandleGpioInterrupt)
                  0000d2c4    000000c8     fault.o (.text.FaultCode_ToShortString)
                  0000d38c    000000c0     angle_utils.o (.text.Angle_Normalize180)
                  0000d44c    000000c0     balance_soft_limits.o (.text.oscillation_target_for_phase)
                  0000d50c    000000bc     balance_soft_limits.o (.text.BalanceSoftLimits_Init)
                  0000d5c8    000000bc     car_controller.o (.text.CarController_ResetRuntime)
                  0000d684    000000bc     menu.o (.text.Menu_GetParamValue)
                  0000d740    000000b4     gimbal_stepper.o (.text.GimbalStepper_StopHold)
                  0000d7f4    000000b0     gimbal_stepper.o (.text.GimbalStepper_Init)
                  0000d8a4    000000b0     empty.o (.text.SysTick_Handler)
                  0000d954    000000a8     balance_soft_limits.o (.text.BalanceSoftLimits_ArmRecalibration)
                  0000d9fc    000000a4     encoder.o (.text.Encoder_HandleGpioInterrupt)
                  0000daa0    000000a4     balance_calibration_store.o (.text.calibration_crc32)
                  0000db44    000000a2     libclang_rt.builtins.a : udivmoddi4.S.obj (.text)
                  0000dbe6    00000002     startup_mspm0g350x_ticlang.o (.text.Default_Handler)
                  0000dbe8    000000a0     balance_soft_limits.o (.text.BalanceSoftLimits_AbortCalibration)
                  0000dc88    000000a0     car_controller.o (.text.drive_distance_high_decel_zone_cm)
                  0000dd28    0000009c     obstacle_monitor.o (.text.ObstacleMonitor_Update_20ms)
                  0000ddc4    0000009a     libc.a : memcpy16.S.obj (.text:memcpy)
                  0000de5e    00000002     obstacle_avoidance.o (.text.ObstacleAvoidance_Update_20ms)
                  0000de60    00000098     balance_soft_limits.o (.text.BalanceSoftLimits_CancelRecalibration)
                  0000def8    00000098     imu.o (.text.mpu6050_write_reg)
                  0000df90    00000094     car_controller.o (.text.CarController_StartTurnToYawRelative)
                  0000e024    00000090     car_controller.o (.text.CarController_ResetTransientState)
                  0000e0b4    0000008c     ti_msp_dl_config.o (.text.SYSCFG_DL_PWM_MOTOR_init)
                  0000e140    0000008c     libclang_rt.builtins.a : mulsf3.S.obj (.text.__mulsf3)
                  0000e1cc    0000008c     car_controller.o (.text.heading_imu_wait_or_fail)
                  0000e258    00000084     car_controller.o (.text.CarController_SetSafetyHold)
                  0000e2dc    00000084     gimbal_stepper.o (.text.GimbalStepper_ConfirmZero)
                  0000e360    00000084     motor.o (.text.Motor_Init)
                  0000e3e4    00000082     libclang_rt.builtins.a : divsf3.S.obj (.text.__divsf3)
                  0000e466    00000002     track_sensor.o (.text.TrackSensor_Init)
                  0000e468    00000080     car_controller.o (.text.CarController_StartDriveHeading)
                  0000e4e8    00000080     motor.o (.text.Motor_Stop)
                  0000e568    0000007e     app.o (.text.App_Init)
                  0000e5e6    00000002     vision_uart.o (.text.VisionUart_Process)
                  0000e5e8    0000007c     balance_soft_limits.o (.text.BalanceSoftLimits_Enforce100usFromIsr)
                  0000e664    0000007c     libc.a : copy_decompress_lzss.c.obj (.text:decompress:lzss)
                  0000e6e0    00000078     balance_position_control.o (.text.BalancePositionControl_ResetFault)
                  0000e758    00000078     oled.o (.text.oled_write_command)
                  0000e7d0    00000074     motor_control.o (.text.latch_control_error)
                  0000e844    00000070     gimbal_stepper.o (.text.GimbalStepper_Release)
                  0000e8b4    00000070     ti_msp_dl_config.o (.text.SYSCFG_DL_UART_VISION_init)
                  0000e924    0000006e     track_sensor.o (.text.TrackSensor_DetectTurn)
                  0000e992    00000002     libclang_rt.builtins.a : aeabi_div0.c.obj (.text.__aeabi_idiv0)
                  0000e994    00000068     mission_manager.o (.text.MissionManager_GetSelectedMissionIndex)
                  0000e9fc    00000068     car_controller.o (.text.set_output_speed)
                  0000ea64    00000066     track_sensor.o (.text.TrackSensor_GetErrorFromRaw)
                  0000eaca    00000002     libclang_rt.builtins.a : aeabi_div0.c.obj (.text.__aeabi_ldiv0)
                  0000eacc    00000064     balance_soft_limits.o (.text.BalanceSoftLimits_ResetPositionFault)
                  0000eb30    00000064     mission_manager.o (.text.MissionManager_Start)
                  0000eb94    00000062     app.o (.text.App_ResetToReady)
                  0000ebf6    00000002     --HOLE-- [fill = 0]
                  0000ebf8    00000062     libclang_rt.builtins.a : aeabi_fcmp.S.obj (.text.__aeabi_fcmp)
                  0000ec5a    00000062     libc.a : memset16.S.obj (.text:memset)
                  0000ecbc    00000060     balance_position_control.o (.text.BalancePositionControl_Init)
                  0000ed1c    00000060     libclang_rt.builtins.a : fixsfdi.S.obj (.text.__fixsfdi)
                  0000ed7c    0000005c     ultrasonic.o (.text.Ultrasonic_Update_20ms)
                  0000edd8    0000005c     car_controller.o (.text.speed_cmps_to_normalized_command)
                  0000ee34    0000005c     balance_soft_limits.o (.text.test_start_target)
                  0000ee90    00000058     balance_encoder.o (.text.BalanceEncoder_Init)
                  0000eee8    00000058     mission_manager.o (.text.MissionManager_Init)
                  0000ef40    00000058     oled.o (.text.OLED_PrintChar)
                  0000ef98    00000058     motion_action.o (.text.motion_action_start_imu_controller)
                  0000eff0    00000056     libclang_rt.builtins.a : aeabi_idivmod.S.obj (.text.__aeabi_idivmod)
                  0000f046    00000002     --HOLE-- [fill = 0]
                  0000f048    00000054     car_controller.o (.text.CarController_Stop)
                  0000f09c    00000054     track_sensor.o (.text.TrackSensor_ReadRaw)
                  0000f0f0    00000054     watchdog_monitor.o (.text.WatchdogMonitor_ApplyFaultIfNeeded)
                  0000f144    00000050     balance_position_control.o (.text.BalancePositionControl_SetTrackingTarget)
                  0000f194    00000050     balance_soft_limits.o (.text.BalanceSoftLimits_GetSnapshot)
                  0000f1e4    00000050     ultrasonic.o (.text.Ultrasonic_Init)
                  0000f234    00000050     watchdog_monitor.o (.text.WatchdogMonitor_Tick1msFromIsr)
                  0000f284    00000050     menu.o (.text.menu_next_main_page)
                  0000f2d4    0000004e     libclang_rt.builtins.a : floatdisf.S.obj (.text.__floatdisf)
                  0000f322    00000002     --HOLE-- [fill = 0]
                  0000f324    0000004c     motor_control.o (.text.MotorControl_Stop)
                  0000f370    0000004c     vision_receiver.o (.text.VisionReceiver_Init)
                  0000f3bc    0000004c     libc.a : cpy_tbl.c.obj (.text.copy_in)
                  0000f408    0000004c            : autoinit.c.obj (.text:__TI_auto_init_nopinit)
                  0000f454    00000048     driverlib.a : dl_uart.o (.text.DL_UART_init)
                  0000f49c    00000048     mission_manager.o (.text.MissionManager_Cancel)
                  0000f4e4    00000044     car_controller.o (.text.CarController_StartFollowLine)
                  0000f528    00000044     emergency_stop.o (.text.EmergencyStop_Reset)
                  0000f56c    00000044     encoder.o (.text.Encoder_GetAndClearPulseDeltas)
                  0000f5b0    00000044     imu.o (.text.Imu_ResetYaw)
                  0000f5f4    00000044     mission_manager.o (.text.MissionManager_Reset)
                  0000f638    00000044     servo.o (.text.Servo_Tick100us)
                  0000f67c    00000044     vision_uart.o (.text.UART3_IRQHandler)
                  0000f6c0    00000040     balance_encoder.o (.text.BalanceEncoder_GetSnapshot)
                  0000f700    00000040     balance_soft_limits.o (.text.BalanceSoftLimits_StopMotion)
                  0000f740    00000040     car_controller.o (.text.CarController_ResumeFollowLine)
                  0000f780    00000040     fault.o (.text.Fault_Raise)
                  0000f7c0    00000040     ti_msp_dl_config.o (.text.SYSCFG_DL_SYSCTL_init)
                  0000f800    00000040     ti_msp_dl_config.o (.text.SYSCFG_DL_initPower)
                  0000f840    00000040     vision_receiver.o (.text.VisionReceiver_PushByteFromIsr)
                  0000f880    00000040     libclang_rt.builtins.a : aeabi_uidivmod.S.obj (.text.__aeabi_uidivmod)
                  0000f8c0    0000003e                            : divmoddi4.c.obj (.text.__divmoddi4)
                  0000f8fe    00000002     --HOLE-- [fill = 0]
                  0000f900    0000003c     mission_manager.o (.text.MissionManager_Resume)
                  0000f93c    0000003c     servo.o (.text.Servo_SetAngleDeg)
                  0000f978    0000003c     libclang_rt.builtins.a : floatsisf.S.obj (.text.__floatsisf)
                  0000f9b4    0000003c                            : comparesf2.S.obj (.text.__gtsf2)
                  0000f9f0    0000003a                            : comparesf2.S.obj (.text.__eqsf2)
                  0000fa2a    00000002     --HOLE-- [fill = 0]
                  0000fa2c    0000003a                            : muldsi3.S.obj (.text.__muldsi3)
                  0000fa66    00000002     --HOLE-- [fill = 0]
                  0000fa68    00000038     emergency_stop.o (.text.EmergencyStop_Trigger)
                  0000faa0    00000038     libclang_rt.builtins.a : fixsfsi.S.obj (.text.__fixsfsi)
                  0000fad8    00000034     balance_position_control.o (.text.BalancePositionControl_Cancel)
                  0000fb0c    00000034     imu.o (.text.Imu_IsReady)
                  0000fb40    00000034     mission_library.o (.text.MissionLibrary_FindById)
                  0000fb74    00000032     oled.o (.text.OLED_PrintString)
                  0000fba6    00000002     --HOLE-- [fill = 0]
                  0000fba8    00000030     key.o (.text.Key_Init)
                  0000fbd8    00000030     line_controller.o (.text.LineController_ObserveSensors)
                  0000fc08    00000030     watchdog_monitor.o (.text.WatchdogMonitor_Init)
                  0000fc38    00000030     watchdog_monitor.o (.text.WatchdogMonitor_Reset)
                  0000fc68    0000002c     balance_position_control.o (.text.BalancePositionControl_GetSnapshot)
                  0000fc94    0000002c     balance_position_control.o (.text.BalancePositionControl_StartTracking)
                  0000fcc0    0000002c     encoder.o (.text.Encoder_Reset)
                  0000fcec    0000002c     mission_manager.o (.text.MissionManager_Pause)
                  0000fd18    0000002c     track_sensor.o (.text.TrackSensor_CountBlack)
                  0000fd44    00000028     balance_soft_limits.o (.text.BalanceSoftLimits_CancelTravelTest)
                  0000fd6c    00000028     driverlib.a : dl_flashctl.o (.text.DL_FlashCTL_programMemoryFromRAM64WithECCGenerated)
                  0000fd94    00000028     emergency_stop.o (.text.EmergencyStop_Enforce)
                  0000fdbc    00000028     magnet.o (.text.Magnet_ForceOff)
                  0000fde4    00000028     servo.o (.text.Servo_Init)
                  0000fe0c    00000028     libclang_rt.builtins.a : floatunsisf.S.obj (.text.__floatunsisf)
                  0000fe34    00000028     libc.a : memmov.c.obj (.text.memmove)
                  0000fe5c    00000028            : boot_cortex_m.c.obj (.text:_c_int00_noargs)
                  0000fe84    00000024     balance_encoder.o (.text.BalanceEncoder_SampleSpeed10msFromIsr)
                  0000fea8    00000024     balance_soft_limits.o (.text.BalanceSoftLimits_CancelOscillationTest)
                  0000fecc    00000024     gimbal_stepper.o (.text.GimbalStepper_GetFeedbackSnapshot)
                  0000fef0    00000024     mission_manager.o (.text.MissionManager_ReportExternalFailure)
                  0000ff14    00000024     motor_control.o (.text.MotorControl_Init)
                  0000ff38    00000024     motor_control.o (.text.MotorControl_Reset)
                  0000ff5c    00000024     oled.o (.text.OLED_ClearBuffer)
                  0000ff80    00000024     ti_msp_dl_config.o (.text.SYSCFG_DL_init)
                  0000ffa4    00000024     libclang_rt.builtins.a : muldi3.S.obj (.text.__muldi3)
                  0000ffc8    00000020     driverlib.a : dl_timer.o (.text.DL_Timer_overrideCCPOut)
                  0000ffe8    00000020     debug_telemetry.o (.text.DebugTelemetry_Update)
                  00010008    00000020     empty.o (.text.GROUP1_IRQHandler)
                  00010028    00000020     magnet.o (.text.Magnet_Init)
                  00010048    00000020     oled.o (.text.OLED_SetCursor)
                  00010068    00000020     empty.o (.text.SchedulerMonitor_GetStats)
                  00010088    00000020     vision_receiver.o (.text.VisionReceiver_GetProtocolErrorCount)
                  000100a8    00000020     mission_manager.o (.text.mission_finish_error)
                  000100c8    0000001e     libclang_rt.builtins.a : ashldi3.S.obj (.text.__ashldi3)
                  000100e6    00000002     --HOLE-- [fill = 0]
                  000100e8    0000001c     driverlib.a : dl_timer.o (.text.DL_Timer_setCaptCompUpdateMethod)
                  00010104    0000001c                 : dl_timer.o (.text.DL_Timer_setClockConfig)
                  00010120    0000001c     heading_control.o (.text.HeadingControl_SetTargetYaw)
                  0001013c    0000001c     menu.o (.text.Menu_Init)
                  00010158    0000001c     motion_action.o (.text.MotionAction_Cancel)
                  00010174    0000001c     obstacle_monitor.o (.text.ObstacleMonitor_Init)
                  00010190    0000001c     obstacle_safety.o (.text.ObstacleSafety_Init)
                  000101ac    0000001c     watchdog_monitor.o (.text.WatchdogMonitor_NotifyControlCycleComplete)
                  000101c8    0000001c     mission_manager.o (.text.mission_finish_success)
                  000101e4    00000018     driverlib.a : dl_flashctl.o (.text.DL_FlashCTL_eraseMemoryFromRAM)
                  000101fc    00000018                 : dl_timer.o (.text.DL_Timer_setCaptureCompareOutCtl)
                  00010214    00000018     debug_telemetry.o (.text.DebugTelemetry_Init)
                  0001022c    00000018     heading_control.o (.text.HeadingControl_Init)
                  00010244    00000018     heading_control.o (.text.HeadingControl_Reset)
                  0001025c    00000018     menu.o (.text.Menu_ParamItemToString)
                  00010274    00000018     motion_action.o (.text.MotionAction_Init)
                  0001028c    00000018     obstacle_avoidance.o (.text.ObstacleAvoidance_Init)
                  000102a4    00000018     runtime_snapshot.o (.text.RuntimeSnapshot_Init)
                  000102bc    00000016     libclang_rt.builtins.a : comparesf2.S.obj (.text.__unordsf2)
                  000102d2    00000002     --HOLE-- [fill = 0]
                  000102d4    00000014     fault.o (.text.Fault_Clear)
                  000102e8    00000014     fault.o (.text.Fault_Init)
                  000102fc    00000014     gimbal_stepper.o (.text.GimbalStepper_SetStepHalfPeriodTicks)
                  00010310    00000014     heading_control.o (.text.HeadingControl_Enable)
                  00010324    00000014     mission_library.o (.text.MissionLibrary_GetByIndex)
                  00010338    00000014     mission_manager.o (.text.MissionManager_GetSelectedMissionId)
                  0001034c    00000014     vision_uart.o (.text.VisionUart_Init)
                  00010360    00000014     libclang_rt.builtins.a : aeabi_ldivmod.S.obj (.text.__aeabi_ldivmod)
                  00010374    00000014                            : aeabi_uldivmod.S.obj (.text.__aeabi_uldivmod)
                  00010388    00000012     driverlib.a : dl_uart.o (.text.DL_UART_setClockConfig)
                  0001039a    00000012     libc.a : copy_decompress_none.c.obj (.text:decompress:none)
                  000103ac    00000010     balance_position_control.o (.text.BalancePositionControl_HasFault)
                  000103bc    00000010     driverlib.a : dl_timer.o (.text.DL_Timer_setCaptureCompareValue)
                  000103cc    00000010     gimbal.o (.text.Gimbal_YawGetFeedback)
                  000103dc    00000010     key.o (.text.Key_GetEvent)
                  000103ec    00000010     libc.a : copy_zero_init.c.obj (.text:decompress:ZI)
                  000103fc    0000000c     balance_encoder.o (.text.BalanceEncoder_GetCountAtomic)
                  00010408    0000000c     balance_position_control.o (.text.BalancePositionControl_IsBusy)
                  00010414    0000000c     balance_soft_limits.o (.text.BalanceSoftLimits_IsCalibrationActive)
                  00010420    0000000c     balance_soft_limits.o (.text.BalanceSoftLimits_IsOscillationTestActive)
                  0001042c    0000000c     balance_soft_limits.o (.text.BalanceSoftLimits_IsTravelTestActive)
                  00010438    0000000c     car_controller.o (.text.CarController_GetRunMode)
                  00010444    0000000c     car_controller.o (.text.CarController_Init)
                  00010450    0000000c     car_controller.o (.text.CarController_IsSafetyHoldActive)
                  0001045c    0000000c     car_state.o (.text.CarState_Get)
                  00010468    0000000c     car_state.o (.text.CarState_Init)
                  00010474    0000000c     car_state.o (.text.CarState_Set)
                  00010480    0000000c     emergency_stop.o (.text.EmergencyStop_Init)
                  0001048c    0000000c     emergency_stop.o (.text.EmergencyStop_IsActive)
                  00010498    0000000c     imu.o (.text.Imu_GetCorrectedGyroZDps)
                  000104a4    0000000c     imu.o (.text.Imu_GetYaw)
                  000104b0    0000000c     menu.o (.text.Menu_GetPage)
                  000104bc    0000000c     menu.o (.text.Menu_GetParamItem)
                  000104c8    0000000c     mission_manager.o (.text.MissionManager_IsExternallyHeld)
                  000104d4    0000000c     mission_manager.o (.text.MissionManager_SetExternalHold)
                  000104e0    0000000c     obstacle_avoidance.o (.text.ObstacleAvoidance_IsActive)
                  000104ec    0000000c     obstacle_avoidance.o (.text.ObstacleAvoidance_IsFailed)
                  000104f8    0000000c     obstacle_safety.o (.text.ObstacleSafety_IsHolding)
                  00010504    0000000c     empty.o (.text.SystemTime_GetMs)
                  00010510    0000000c     watchdog_monitor.o (.text.WatchdogMonitor_HasTripped)
                  0001051c    0000000c     libclang_rt.builtins.a : aeabi_memset.S.obj (.text.__aeabi_memclr)
                  00010528    0000000a     driverlib.a : dl_common.o (.text.DL_Common_delayCycles)
                  00010532    0000000a     motion_action.o (.text.MotionAction_Resume)
                  0001053c    0000000a     motion_action.o (.text.MotionAction_Start)
                  00010546    0000000a     track_sensor.o (.text.TrackSensor_IsCenterDetected)
                  00010550    0000000a     track_sensor.o (.text.TrackSensor_IsLineDetected)
                  0001055a    0000000a     track_sensor.o (.text.TrackSensor_IsLineLost)
                  00010564    00000008     balance_soft_limits.o (.text.BalanceSoftLimits_CancelPositionMove)
                  0001056c    00000008     balance_soft_limits.o (.text.BalanceSoftLimits_IsPositionMoveActive)
                  00010574    00000008     bluetooth_uart.o (.text.BluetoothUart_GetRuntime)
                  0001057c    00000008     car_controller.o (.text.CarController_GetFeedback)
                  00010584    00000008     fault.o (.text.Fault_GetRecord)
                  0001058c    00000008     gimbal_stepper.o (.text.GimbalStepper_GetFeedback)
                  00010594    00000008     heading_control.o (.text.HeadingControl_GetRuntime)
                  0001059c    00000008     imu.o (.text.Imu_GetRuntime)
                  000105a4    00000008     line_controller.o (.text.LineController_GetRuntime)
                  000105ac    00000008     mission_manager.o (.text.MissionManager_GetMissionCount)
                  000105b4    00000008     mission_manager.o (.text.MissionManager_GetRuntime)
                  000105bc    00000008     motion_action.o (.text.MotionAction_GetRuntime)
                  000105c4    00000008     motor_control.o (.text.MotorControl_GetRuntime)
                  000105cc    00000008     obstacle_avoidance.o (.text.ObstacleAvoidance_GetFeedback)
                  000105d4    00000008     obstacle_monitor.o (.text.ObstacleMonitor_GetFeedback)
                  000105dc    00000008     oled_ui.o (.text.OledUi_Init)
                  000105e4    00000008     runtime_snapshot.o (.text.RuntimeSnapshot_Get)
                  000105ec    00000008     servo.o (.text.Servo_GetFeedback)
                  000105f4    00000008     ultrasonic.o (.text.Ultrasonic_GetFeedback)
                  000105fc    00000008     vision_receiver.o (.text.VisionReceiver_GetBallAxisObservation)
                  00010604    00000008     vision_receiver.o (.text.VisionReceiver_GetStatus)
                  0001060c    00000008     vision_tuning_console.o (.text.VisionTuningConsole_GetStatus)
                  00010614    00000008     watchdog_monitor.o (.text.WatchdogMonitor_GetStatus)
                  0001061c    00000008     wheel_speed_estimator.o (.text.WheelSpeedEstimator_GetRuntime)
                  00010624    00000008     libclang_rt.builtins.a : aeabi_memcpy.S.obj (.text.__aeabi_memcpy)
                  0001062c    00000008                            : aeabi_memmove.S.obj (.text.__aeabi_memmove)
                  00010634    00000006     libc.a : exit.c.obj (.text:abort)
                  0001063a    00000004     libsysbm.a : hostexit.c.obj (.text.HOSTexit)
                  0001063e    00000004     mission_library.o (.text.MissionLibrary_GetCount)
                  00010642    00000004     obstacle_avoidance.o (.text.ObstacleAvoidance_IsResumeGraceActive)
                  00010646    00000004     startup_mspm0g350x_ticlang.o (.text.Reset_Handler)
                  0001064a    00000004     libc.a : pre_init.c.obj (.text._system_pre_init)
                  0001064e    00000002     --HOLE-- [fill = 0]
                  00010650    00000010     driverlib.a : dl_flashctl.o (.tramp.DL_FlashCTL_executeCommandFromRAM.1)

.TI.ramfunc 
*          0    00010f00    00000060     RUN ADDR = 20200f20
                  00010f00    00000060     driverlib.a : dl_flashctl.o (.TI.ramfunc)

.cinit     0    00010f60    00000030     
                  00010f60    0000000c     (__TI_handler_table)
                  00010f6c    00000008     (.cinit..bss.load) [load image, compression = zero_init]
                  00010f74    00000005     (.cinit..data.load) [load image, compression = lzss]
                  00010f79    00000003     --HOLE-- [fill = 0]
                  00010f7c    00000010     (__TI_cinit_table)
                  00010f8c    00000004     --HOLE-- [fill = 0]

.rodata    0    00010660    000008a0     
                  00010660    000000d8     oled.o (.rodata..Lswitch.table.OLED_PrintChar)
                  00010738    00000048     mission_library.o (.rodata.g_missionCompetitionMain)
                  00010780    00000048     mission_library.o (.rodata.g_missionTestDistance20)
                  000107c8    00000048     mission_library.o (.rodata.g_missionTestLine)
                  00010810    00000048     mission_library.o (.rodata.g_missionTestTurn)
                  00010858    00000040     mission_library.o (.rodata.g_missionRegistry)
                  00010898    0000002c     oled_ui.o (.rodata..Lswitch.table.print_status_page)
                  000108c4    00000020     menu.o (.rodata..Lswitch.table.Menu_ParamItemToString)
                  000108e4    0000001c     oled_ui.o (.rodata..Lswitch.table.print_balance_stepper_test_page.183)
                  00010900    0000001c     oled_ui.o (.rodata..Lswitch.table.print_drive_distance_page)
                  0001091c    00000018     oled_ui.o (.rodata..Lswitch.table.print_status_page.184)
                  00010934    00000014     oled_ui.o (.rodata..Lswitch.table.print_balance_stepper_test_page.177)
                  00010948    00000014     oled_ui.o (.rodata..Lswitch.table.print_balance_stepper_test_page.179)
                  0001095c    00000014     oled_ui.o (.rodata..Lswitch.table.print_status_page.185)
                  00010970    00000013     oled_ui.o (.rodata.str1.14774750633985060196.1)
                  00010983    00000011     oled_ui.o (.rodata.str1.14521350379984854626.1)
                  00010994    00000011     oled_ui.o (.rodata.str1.17763087492223448992.1)
                  000109a5    00000011     oled_ui.o (.rodata.str1.9584387800903135389.1)
                  000109b6    00000002     ti_msp_dl_config.o (.rodata.gUART_VISIONClockConfig)
                  000109b8    00000010     oled_ui.o (.rodata..Lswitch.table.print_balance_stepper_test_page.180)
                  000109c8    00000010     balance_encoder.o (.rodata.cst16)
                  000109d8    00000010     oled_ui.o (.rodata.str1.12697925274637991987.1)
                  000109e8    00000010     oled_ui.o (.rodata.str1.9351772214919528733.1)
                  000109f8    00000010     oled_ui.o (.rodata.str1.9822857334037886482.1)
                  00010a08    0000000f     oled_ui.o (.rodata.str1.9229350655415085.1)
                  00010a17    0000000e     oled_ui.o (.rodata.str1.10416366799939242409.1)
                  00010a25    0000000e     oled_ui.o (.rodata.str1.10430294223631918979.1)
                  00010a33    0000000e     oled_ui.o (.rodata.str1.14711868471336838103.1)
                  00010a41    00000003     ti_msp_dl_config.o (.rodata.gPWM_MOTORClockConfig)
                  00010a44    0000000c     oled_ui.o (.rodata..Lswitch.table.print_balance_stepper_test_page.178)
                  00010a50    0000000c     oled_ui.o (.rodata..Lswitch.table.print_balance_stepper_test_page.181)
                  00010a5c    0000000c     oled_ui.o (.rodata..Lswitch.table.print_balance_stepper_test_page)
                  00010a68    0000000c     oled_ui.o (.rodata..Lswitch.table.print_sensor_page)
                  00010a74    0000000c     oled_ui.o (.rodata.str1.16290499236105125126.1)
                  00010a80    0000000b     oled_ui.o (.rodata.str1.13882251010780863896.1)
                  00010a8b    00000001     --HOLE-- [fill = 0]
                  00010a8c    0000000a     ti_msp_dl_config.o (.rodata.gUART_VISIONConfig)
                  00010a96    0000000a     mission_library.o (.rodata.str1.13636476544574750902.1)
                  00010aa0    0000000a     mission_library.o (.rodata.str1.15668266851434757964.1)
                  00010aaa    0000000a     oled_ui.o (.rodata.str1.17540787658903907660.1)
                  00010ab4    0000000a     mission_library.o (.rodata.str1.199678142196697465.1)
                  00010abe    0000000a     oled_ui.o (.rodata.str1.2608729314174233125.1)
                  00010ac8    0000000a     oled_ui.o (.rodata.str1.799718701096035713.1)
                  00010ad2    00000009     oled_ui.o (.rodata.str1.12043213579996415112.1)
                  00010adb    00000009     oled_ui.o (.rodata.str1.15917848551323629232.1)
                  00010ae4    00000009     oled_ui.o (.rodata.str1.4582914374586912483.1)
                  00010aed    00000009     oled_ui.o (.rodata.str1.5965888106848176421.1)
                  00010af6    00000002     oled_ui.o (.rodata.str1.3025253791635144717.1)
                  00010af8    00000008     ti_msp_dl_config.o (.rodata.gPWM_MOTORConfig)
                  00010b00    00000008     oled_ui.o (.rodata.str1.10600688730180713177.1)
                  00010b08    00000008     oled_ui.o (.rodata.str1.130772507669342127.1)
                  00010b10    00000008     oled_ui.o (.rodata.str1.17464849429964608858.1)
                  00010b18    00000008     oled_ui.o (.rodata.str1.1974573040514735405.1)
                  00010b20    00000008     oled_ui.o (.rodata.str1.6473435968988645044.1)
                  00010b28    00000007     oled_ui.o (.rodata.str1.13871579367539052597.1)
                  00010b2f    00000007     mission_library.o (.rodata.str1.1440970855772709381.1)
                  00010b36    00000007     oled_ui.o (.rodata.str1.4610220316623841660.1)
                  00010b3d    00000007     oled_ui.o (.rodata.str1.4723632947289500520.1)
                  00010b44    00000007     oled_ui.o (.rodata.str1.8709745090823444516.1)
                  00010b4b    00000007     oled_ui.o (.rodata.str1.9646571805098343045.1)
                  00010b52    00000006     oled_ui.o (.rodata.str1.10077435089618835710.1)
                  00010b58    00000006     oled_ui.o (.rodata.str1.10163600690795753232.1)
                  00010b5e    00000006     oled_ui.o (.rodata.str1.1019225241002246410.1)
                  00010b64    00000006     oled_ui.o (.rodata.str1.10907125332684471422.1)
                  00010b6a    00000006     oled_ui.o (.rodata.str1.11149198520117834688.1)
                  00010b70    00000006     oled_ui.o (.rodata.str1.11232419324784801130.1)
                  00010b76    00000006     oled_ui.o (.rodata.str1.1445687256832830955.1)
                  00010b7c    00000006     oled_ui.o (.rodata.str1.15817398807211891688.1)
                  00010b82    00000006     oled_ui.o (.rodata.str1.16411631209783952401.1)
                  00010b88    00000006     oled_ui.o (.rodata.str1.17242430504649735449.1)
                  00010b8e    00000006     oled_ui.o (.rodata.str1.17436941090773226089.1)
                  00010b94    00000006     oled_ui.o (.rodata.str1.17719310104486814868.1)
                  00010b9a    00000006     oled_ui.o (.rodata.str1.2656948373757303877.1)
                  00010ba0    00000006     oled_ui.o (.rodata.str1.4932371652560868037.1)
                  00010ba6    00000006     oled_ui.o (.rodata.str1.6835749436006845616.1)
                  00010bac    00000006     oled_ui.o (.rodata.str1.8018480777946742726.1)
                  00010bb2    00000006     oled_ui.o (.rodata.str1.8449035241871861290.1)
                  00010bb8    00000006     oled_ui.o (.rodata.str1.8703997732205428909.1)
                  00010bbe    00000006     oled_ui.o (.rodata.str1.8783421139296713095.1)
                  00010bc4    00000006     oled_ui.o (.rodata.str1.9544068167406571052.1)
                  00010bca    00000006     oled_ui.o (.rodata.str1.9992244628984851027.1)
                  00010bd0    00000005     motion_action.o (.rodata..Lswitch.table.MotionAction_Update_20ms)
                  00010bd5    00000005     oled.o (.rodata.oled_get_glyph.colon)
                  00010bda    00000005     oled.o (.rodata.oled_get_glyph.eight)
                  00010bdf    00000005     oled.o (.rodata.oled_get_glyph.five)
                  00010be4    00000005     oled.o (.rodata.oled_get_glyph.four)
                  00010be9    00000005     oled.o (.rodata.oled_get_glyph.glyphA)
                  00010bee    00000005     oled.o (.rodata.oled_get_glyph.glyphB)
                  00010bf3    00000005     oled.o (.rodata.oled_get_glyph.glyphC)
                  00010bf8    00000005     oled.o (.rodata.oled_get_glyph.glyphD)
                  00010bfd    00000005     oled.o (.rodata.oled_get_glyph.glyphE)
                  00010c02    00000005     oled.o (.rodata.oled_get_glyph.glyphF)
                  00010c07    00000005     oled.o (.rodata.oled_get_glyph.glyphG)
                  00010c0c    00000005     oled.o (.rodata.oled_get_glyph.glyphH)
                  00010c11    00000005     oled.o (.rodata.oled_get_glyph.glyphI)
                  00010c16    00000005     oled.o (.rodata.oled_get_glyph.glyphK)
                  00010c1b    00000005     oled.o (.rodata.oled_get_glyph.glyphL)
                  00010c20    00000005     oled.o (.rodata.oled_get_glyph.glyphM)
                  00010c25    00000005     oled.o (.rodata.oled_get_glyph.glyphN)
                  00010c2a    00000005     oled.o (.rodata.oled_get_glyph.glyphO)
                  00010c2f    00000005     oled.o (.rodata.oled_get_glyph.glyphP)
                  00010c34    00000005     oled.o (.rodata.oled_get_glyph.glyphR)
                  00010c39    00000005     oled.o (.rodata.oled_get_glyph.glyphS)
                  00010c3e    00000005     oled.o (.rodata.oled_get_glyph.glyphT)
                  00010c43    00000005     oled.o (.rodata.oled_get_glyph.glyphU)
                  00010c48    00000005     oled.o (.rodata.oled_get_glyph.glyphV)
                  00010c4d    00000005     oled.o (.rodata.oled_get_glyph.glyphW)
                  00010c52    00000005     oled.o (.rodata.oled_get_glyph.glyphX)
                  00010c57    00000005     oled.o (.rodata.oled_get_glyph.glyphY)
                  00010c5c    00000005     oled.o (.rodata.oled_get_glyph.glyphb)
                  00010c61    00000005     oled.o (.rodata.oled_get_glyph.gt)
                  00010c66    00000005     oled.o (.rodata.oled_get_glyph.minus)
                  00010c6b    00000005     oled.o (.rodata.oled_get_glyph.nine)
                  00010c70    00000005     oled.o (.rodata.oled_get_glyph.one)
                  00010c75    00000005     oled.o (.rodata.oled_get_glyph.seven)
                  00010c7a    00000005     oled.o (.rodata.oled_get_glyph.six)
                  00010c7f    00000005     oled.o (.rodata.oled_get_glyph.space)
                  00010c84    00000005     oled.o (.rodata.oled_get_glyph.three)
                  00010c89    00000005     oled.o (.rodata.oled_get_glyph.two)
                  00010c8e    00000005     oled.o (.rodata.oled_get_glyph.zero)
                  00010c93    00000005     oled_ui.o (.rodata.str1.11627403558423016802.1)
                  00010c98    00000005     oled_ui.o (.rodata.str1.11794000050372113979.1)
                  00010c9d    00000005     oled_ui.o (.rodata.str1.12182588061437138428.1)
                  00010ca2    00000005     oled_ui.o (.rodata.str1.12493748764729730277.1)
                  00010ca7    00000005     oled_ui.o (.rodata.str1.12504350857748951577.1)
                  00010cac    00000005     oled_ui.o (.rodata.str1.12571791089077708471.1)
                  00010cb1    00000005     oled_ui.o (.rodata.str1.12617122458660443890.1)
                  00010cb6    00000005     oled_ui.o (.rodata.str1.13271657277589579873.1)
                  00010cbb    00000005     oled_ui.o (.rodata.str1.13750180467131823662.1)
                  00010cc0    00000005     oled_ui.o (.rodata.str1.14142815821055334776.1)
                  00010cc5    00000005     oled_ui.o (.rodata.str1.14168333168339663346.1)
                  00010cca    00000005     fault.o (.rodata.str1.14435905801345341244.1)
                  00010ccf    00000005     fault.o (.rodata.str1.1506612114648992996.1)
                  00010cd4    00000005     oled_ui.o (.rodata.str1.15132332204781002199.1)
                  00010cd9    00000005     oled_ui.o (.rodata.str1.15575624326185233262.1)
                  00010cde    00000005     oled_ui.o (.rodata.str1.15577080202403550426.1)
                  00010ce3    00000005     oled_ui.o (.rodata.str1.15613891207764622616.1)
                  00010ce8    00000005     oled_ui.o (.rodata.str1.15802367878353263018.1)
                  00010ced    00000005     oled_ui.o (.rodata.str1.15829239520183577662.1)
                  00010cf2    00000005     oled_ui.o (.rodata.str1.16526439943277383452.1)
                  00010cf7    00000005     oled_ui.o (.rodata.str1.16635595130967924751.1)
                  00010cfc    00000005     oled_ui.o (.rodata.str1.16939060351352778619.1)
                  00010d01    00000005     fault.o (.rodata.str1.17097894860660336008.1)
                  00010d06    00000005     fault.o (.rodata.str1.17155043670132108083.1)
                  00010d0b    00000005     oled_ui.o (.rodata.str1.17717236995185551183.1)
                  00010d10    00000005     oled_ui.o (.rodata.str1.17747339173178619492.1)
                  00010d15    00000005     oled_ui.o (.rodata.str1.17763996158807330232.1)
                  00010d1a    00000005     oled_ui.o (.rodata.str1.17884296644359297425.1)
                  00010d1f    00000005     oled_ui.o (.rodata.str1.18128648927899109887.1)
                  00010d24    00000005     fault.o (.rodata.str1.2104670281202025270.1)
                  00010d29    00000005     oled_ui.o (.rodata.str1.2193316011307952170.1)
                  00010d2e    00000005     oled_ui.o (.rodata.str1.2308938766145545715.1)
                  00010d33    00000005     oled_ui.o (.rodata.str1.2522137003438374266.1)
                  00010d38    00000005     oled_ui.o (.rodata.str1.270145429241168923.1)
                  00010d3d    00000005     oled_ui.o (.rodata.str1.3455423528827705371.1)
                  00010d42    00000005     oled_ui.o (.rodata.str1.35417727660486075.1)
                  00010d47    00000005     fault.o (.rodata.str1.4453281041433270631.1)
                  00010d4c    00000005     fault.o (.rodata.str1.4549004730087743662.1)
                  00010d51    00000005     oled_ui.o (.rodata.str1.4581472623415959594.1)
                  00010d56    00000005     menu.o (.rodata.str1.4862307748908978627.1)
                  00010d5b    00000005     oled_ui.o (.rodata.str1.5376340479846291137.1)
                  00010d60    00000005     oled_ui.o (.rodata.str1.5689016102676777062.1)
                  00010d65    00000005     oled_ui.o (.rodata.str1.58703915094955230.1)
                  00010d6a    00000005     oled_ui.o (.rodata.str1.5965450730569173784.1)
                  00010d6f    00000005     oled_ui.o (.rodata.str1.6350830172869379626.1)
                  00010d74    00000005     fault.o (.rodata.str1.6372787129294360447.1)
                  00010d79    00000005     fault.o (.rodata.str1.6437946768974223044.1)
                  00010d7e    00000005     oled_ui.o (.rodata.str1.6806727740681590176.1)
                  00010d83    00000005     oled_ui.o (.rodata.str1.6954814719705590448.1)
                  00010d88    00000005     oled_ui.o (.rodata.str1.7050595558965647569.1)
                  00010d8d    00000005     oled_ui.o (.rodata.str1.7481335054564682966.1)
                  00010d92    00000005     oled_ui.o (.rodata.str1.763101100280173925.1)
                  00010d97    00000005     oled_ui.o (.rodata.str1.7774807581888385879.1)
                  00010d9c    00000005     oled_ui.o (.rodata.str1.8124536758062367015.1)
                  00010da1    00000005     fault.o (.rodata.str1.8185770893384132067.1)
                  00010da6    00000005     oled_ui.o (.rodata.str1.8426569189266129334.1)
                  00010dab    00000005     oled_ui.o (.rodata.str1.8471462185882660445.1)
                  00010db0    00000005     oled_ui.o (.rodata.str1.8693388333057100694.1)
                  00010db5    00000005     oled_ui.o (.rodata.str1.9611283282870761829.1)
                  00010dba    00000004     oled_ui.o (.rodata.str1.10263419832828250601.1)
                  00010dbe    00000004     oled_ui.o (.rodata.str1.10568433575767188072.1)
                  00010dc2    00000004     oled_ui.o (.rodata.str1.11428648044669318875.1)
                  00010dc6    00000004     oled_ui.o (.rodata.str1.11614055506586029288.1)
                  00010dca    00000004     oled_ui.o (.rodata.str1.12359577037488465078.1)
                  00010dce    00000004     oled_ui.o (.rodata.str1.12595606217184830646.1)
                  00010dd2    00000004     oled_ui.o (.rodata.str1.1276391367487699528.1)
                  00010dd6    00000004     oled_ui.o (.rodata.str1.12888220461447056082.1)
                  00010dda    00000004     oled_ui.o (.rodata.str1.12928245060369742404.1)
                  00010dde    00000004     oled_ui.o (.rodata.str1.13244290092665904221.1)
                  00010de2    00000004     oled_ui.o (.rodata.str1.13567883086814673087.1)
                  00010de6    00000004     fault.o (.rodata.str1.13582094816268305212.1)
                  00010dea    00000004     oled_ui.o (.rodata.str1.13790669171379415506.1)
                  00010dee    00000004     oled_ui.o (.rodata.str1.14132186318895045592.1)
                  00010df2    00000004     oled_ui.o (.rodata.str1.14265077442249237877.1)
                  00010df6    00000004     oled_ui.o (.rodata.str1.14556837007311414654.1)
                  00010dfa    00000004     oled_ui.o (.rodata.str1.14740362735394205067.1)
                  00010dfe    00000004     oled_ui.o (.rodata.str1.15008238333949226094.1)
                  00010e02    00000004     menu.o (.rodata.str1.16312125044762562515.1)
                  00010e06    00000004     fault.o (.rodata.str1.16482347271627360806.1)
                  00010e0a    00000004     oled_ui.o (.rodata.str1.16496169091617228061.1)
                  00010e0e    00000004     oled_ui.o (.rodata.str1.16554583589798097927.1)
                  00010e12    00000004     oled_ui.o (.rodata.str1.16849766574302683489.1)
                  00010e16    00000004     oled_ui.o (.rodata.str1.16895433903389883335.1)
                  00010e1a    00000004     oled_ui.o (.rodata.str1.16931641404301806744.1)
                  00010e1e    00000004     menu.o (.rodata.str1.17041139162815566052.1)
                  00010e22    00000004     oled_ui.o (.rodata.str1.17067061841413117831.1)
                  00010e26    00000004     oled_ui.o (.rodata.str1.17274519358952562110.1)
                  00010e2a    00000004     oled_ui.o (.rodata.str1.182352409660151230.1)
                  00010e2e    00000004     oled_ui.o (.rodata.str1.18266126048138325213.1)
                  00010e32    00000004     oled_ui.o (.rodata.str1.18379317056176403938.1)
                  00010e36    00000004     oled_ui.o (.rodata.str1.2714695401222167146.1)
                  00010e3a    00000004     oled_ui.o (.rodata.str1.3407221357956504873.1)
                  00010e3e    00000004     oled_ui.o (.rodata.str1.344790106308886506.1)
                  00010e42    00000004     oled_ui.o (.rodata.str1.3467953211977455017.1)
                  00010e46    00000004     oled_ui.o (.rodata.str1.3702290527496711532.1)
                  00010e4a    00000004     oled_ui.o (.rodata.str1.4193589846040060630.1)
                  00010e4e    00000004     oled_ui.o (.rodata.str1.4581686099848791648.1)
                  00010e52    00000004     menu.o (.rodata.str1.4646809750356241979.1)
                  00010e56    00000004     oled_ui.o (.rodata.str1.4691821198597473371.1)
                  00010e5a    00000004     oled_ui.o (.rodata.str1.5004483696121082904.1)
                  00010e5e    00000004     oled_ui.o (.rodata.str1.5291836437463020264.1)
                  00010e62    00000004     oled_ui.o (.rodata.str1.5463568455719735.1)
                  00010e66    00000004     oled_ui.o (.rodata.str1.5853739094453432564.1)
                  00010e6a    00000004     oled_ui.o (.rodata.str1.7185587941321649510.1)
                  00010e6e    00000004     oled_ui.o (.rodata.str1.7219546930854689545.1)
                  00010e72    00000004     fault.o (.rodata.str1.7255546073596598018.1)
                  00010e76    00000004     oled_ui.o (.rodata.str1.7419768602719733415.1)
                  00010e7a    00000004     oled_ui.o (.rodata.str1.8236579331345056500.1)
                  00010e7e    00000004     oled_ui.o (.rodata.str1.8399051469953744892.1)
                  00010e82    00000004     oled_ui.o (.rodata.str1.8403269972884532600.1)
                  00010e86    00000004     oled_ui.o (.rodata.str1.8460525935980491721.1)
                  00010e8a    00000004     oled_ui.o (.rodata.str1.9102528229756940648.1)
                  00010e8e    00000004     oled_ui.o (.rodata.str1.9159586779647977165.1)
                  00010e92    00000004     oled_ui.o (.rodata.str1.9250665025187963892.1)
                  00010e96    00000004     oled_ui.o (.rodata.str1.9295666102996717355.1)
                  00010e9a    00000004     menu.o (.rodata.str1.9546740394641817443.1)
                  00010e9e    00000004     oled_ui.o (.rodata.str1.967006512144173535.1)
                  00010ea2    00000004     oled_ui.o (.rodata.str1.9854382722193312766.1)
                  00010ea6    00000003     oled_ui.o (.rodata.str1.10509309789429088155.1)
                  00010ea9    00000003     oled_ui.o (.rodata.str1.1108652269057166745.1)
                  00010eac    00000003     oled_ui.o (.rodata.str1.11178346780556493352.1)
                  00010eaf    00000003     oled_ui.o (.rodata.str1.11388022865931857840.1)
                  00010eb2    00000003     menu.o (.rodata.str1.12110183915172842339.1)
                  00010eb5    00000003     oled_ui.o (.rodata.str1.12983537867572525563.1)
                  00010eb8    00000003     menu.o (.rodata.str1.13124720451672825294.1)
                  00010ebb    00000003     oled_ui.o (.rodata.str1.13875148296791986931.1)
                  00010ebe    00000003     menu.o (.rodata.str1.14098755746347272832.1)
                  00010ec1    00000003     oled_ui.o (.rodata.str1.14134189893851348960.1)
                  00010ec4    00000003     oled_ui.o (.rodata.str1.14358698208395374265.1)
                  00010ec7    00000003     oled_ui.o (.rodata.str1.15859922799842739878.1)
                  00010eca    00000003     oled_ui.o (.rodata.str1.15935041339501476673.1)
                  00010ecd    00000003     oled_ui.o (.rodata.str1.17812014771544466701.1)
                  00010ed0    00000003     oled_ui.o (.rodata.str1.17881291656140238186.1)
                  00010ed3    00000003     oled_ui.o (.rodata.str1.240075016795266086.1)
                  00010ed6    00000003     oled_ui.o (.rodata.str1.2603845803395459882.1)
                  00010ed9    00000003     oled_ui.o (.rodata.str1.2742282290834473644.1)
                  00010edc    00000003     oled_ui.o (.rodata.str1.2983744876309220570.1)
                  00010edf    00000003     oled_ui.o (.rodata.str1.4082595774073207366.1)
                  00010ee2    00000003     oled_ui.o (.rodata.str1.4402311448527872260.1)
                  00010ee5    00000003     oled_ui.o (.rodata.str1.4551794666512319153.1)
                  00010ee8    00000003     oled_ui.o (.rodata.str1.6744096065564390185.1)
                  00010eeb    00000003     menu.o (.rodata.str1.6857549598058878762.1)
                  00010eee    00000003     fault.o (.rodata.str1.8193046109637024842.1)
                  00010ef1    00000003     oled_ui.o (.rodata.str1.8950259614286592359.1)
                  00010ef4    00000003     oled_ui.o (.rodata.str1.9135818829835424837.1)
                  00010ef7    00000003     oled_ui.o (.rodata.str1.9554470707595806150.1)
                  00010efa    00000006     --HOLE-- [fill = 0]

.init_array 
*          0    00000000    00000000     UNINITIALIZED

.binit     0    00010f90    00000010     
                  00010f90    00000010     (.binit)

.TI.bound:g_balanceCalibrationReservedSector 
*          0    0001fc00    00000400     
                  0001fc00    00000400     balance_calibration_store.o (.TI.bound:g_balanceCalibrationReservedSector)

.bss       0    20200000    00000f1e     UNINITIALIZED
                  20200000    00000400     oled.o (.bss.g_oledFrame)
                  20200400    00000200     vision_receiver.o (.bss.g_ring)
                  20200600    000001d0     runtime_snapshot.o (.bss.g_snapshot)
                  202007d0    00000110     (.common:g_appConfig)
                  202008e0    00000084     (.common:g_imuRuntime)
                  20200964    0000007c     motor_control.o (.bss.g_runtime)
                  202009e0    00000070     (.common:g_appRuntime)
                  20200a50    0000005c     balance_soft_limits.o (.bss.g_runtime)
                  20200aac    00000058     vision_receiver.o (.bss.g_status)
                  20200b04    00000004     imu.o (.bss.g_elapsedSinceValidSampleMs)
                  20200b08    00000058     (.common:g_wheelSpeedEstimatorRuntime)
                  20200b60    00000040     gimbal.o (.bss.g_feedback)
                  20200ba0    00000040     line_controller.o (.bss.g_lineRuntime)
                  20200be0    0000003c     balance_position_control.o (.bss.g_runtime)
                  20200c1c    00000030     (.common:gUART_VISIONBackup)
                  20200c4c    0000002c     vision_receiver.o (.bss.g_observation)
                  20200c78    0000002c     empty.o (.bss.g_schedulerStats)
                  20200ca4    00000028     vision_receiver.o (.bss.g_frame)
                  20200ccc    00000020     bluetooth_uart.o (.bss.g_runtime)
                  20200cec    0000001c     vision_receiver.o (.bss.g_ballAxisObservation)
                  20200d08    0000001c     mission_manager.o (.bss.g_missionRuntime)
                  20200d24    0000001c     balance_encoder.o (.bss.g_runtime)
                  20200d40    0000001c     (.common:g_headingRuntime)
                  20200d5c    00000018     obstacle_avoidance.o (.bss.g_avoidFeedback)
                  20200d74    00000004     balance_position_control.o (.bss.g_lastEncoderCount)
                  20200d78    00000018     gimbal_stepper.o (.bss.g_feedback)
                  20200d90    00000018     vision_tuning_console.o (.bss.g_status)
                  20200da8    00000014     motion_action.o (.bss.g_motionActionRuntime)
                  20200dbc    00000014     watchdog_monitor.o (.bss.g_status)
                  20200dd0    00000010     fault.o (.bss.g_faultRecord)
                  20200de0    00000010     motor.o (.bss.g_motorRuntime)
                  20200df0    0000000e     car_controller.o (.bss.g_carControllerFeedback)
                  20200dfe    00000002     ultrasonic.o (.bss.g_echoTicks)
                  20200e00    0000000e     ultrasonic.o (.bss.g_ultrasonicFeedback)
                  20200e0e    00000002     vision_receiver.o (.bss.g_ringHead)
                  20200e10    0000000c     magnet.o (.bss.g_runtime)
                  20200e1c    0000000c     debug_telemetry.o (.bss.g_status)
                  20200e28    0000000c     balance_soft_limits.o (.bss.g_storedLimits)
                  20200e34    00000004     debug_telemetry.o (.bss.g_lastFrameMs)
                  20200e38    00000008     balance_position_control.o (.bss.g_lastStepCount)
                  20200e40    00000008     balance_position_control.o (.bss.g_moveStartStepCount)
                  20200e48    00000008     obstacle_monitor.o (.bss.g_obstacleFeedback)
                  20200e50    00000008     gimbal_stepper.o (.bss.g_stepperEstimatedSteps)
                  20200e58    00000008     gimbal_stepper.o (.bss.g_stepperTargetEstimatedSteps)
                  20200e60    00000008     gimbal.o (.bss.g_yawContinuousDegX10)
                  20200e68    00000008     gimbal.o (.bss.g_yawLockedWorldYawDegX10)
                  20200e70    00000008     gimbal.o (.bss.g_yawTargetContinuousDegX10)
                  20200e78    00000008     gimbal.o (.bss.g_yawWorldTargetDegX10)
                  20200e80    00000008     gimbal.o (.bss.g_yawWrappedDegX10)
                  20200e88    00000006     ultrasonic.o (.bss.g_distanceSamples)
                  20200e8e    00000006     key.o (.bss.g_key1)
                  20200e94    00000006     key.o (.bss.g_key2)
                  20200e9a    00000006     key.o (.bss.g_key3)
                  20200ea0    00000004     balance_calibration_store.o (.bss.g_lastSequence)
                  20200ea4    00000004     watchdog_monitor.o (.bss.g_lastTickMs)
                  20200ea8    00000004     wheel_speed_estimator.o (.bss.g_latchedErrorFlags)
                  20200eac    00000004     empty.o (.bss.g_localTimeMs)
                  20200eb0    00000004     encoder.o (.bss.g_motorAPulses)
                  20200eb4    00000004     encoder.o (.bss.g_motorBPulses)
                  20200eb8    00000004     balance_position_control.o (.bss.g_moveStartEncoderCount)
                  20200ebc    00000004     imu.o (.bss.g_previousValidCorrectedGyroZDps)
                  20200ec0    00000004     mission_manager.o (.bss.g_selectedDefinition)
                  20200ec4    00000004     servo.o (.bss.g_servoFeedback)
                  20200ec8    00000004     balance_encoder.o (.bss.g_speedLastCount)
                  20200ecc    00000004     balance_position_control.o (.bss.g_startSoftLimitClampCount)
                  20200ed0    00000004     gimbal_stepper.o (.bss.g_stepperCompletedSteps)
                  20200ed4    00000004     gimbal.o (.bss.g_yawCommandedRpm)
                  20200ed8    00000004     gimbal.o (.bss.g_yawTargetRpm)
                  20200edc    00000004     empty.o (.bss.main.lastAppUpdateMs)
                  20200ee0    00000002     vision_receiver.o (.bss.g_ringTail)
                  20200ee2    00000002     servo.o (.bss.g_servoPwmPhase)
                  20200ee4    00000002     ultrasonic.o (.bss.g_stateTicks)
                  20200ee6    00000002     gimbal_stepper.o (.bss.g_stepperHalfPeriodTicks)
                  20200ee8    00000002     gimbal_stepper.o (.bss.g_stepperStepHalfPeriodTicks)
                  20200eea    00000002     (.common:g_trackError)
                  20200eec    00000001     oled_ui.o (.bss.OledUi_Update_20ms.flushRow)
                  20200eed    00000001     oled_ui.o (.bss.OledUi_Update_20ms.refreshDivider)
                  20200eee    00000001     empty.o (.bss.SysTick_Handler.balanceEncoderSpeedMsCount)
                  20200eef    00000001     empty.o (.bss.SysTick_Handler.controlMsCount)
                  20200ef0    00000001     empty.o (.bss.SysTick_Handler.tick100usCount)
                  20200ef1    00000001     ultrasonic.o (.bss.Ultrasonic_Update_20ms.triggerDivider)
                  20200ef2    00000001     empty.o (.bss.g_appUpdatePending)
                  20200ef3    00000001     car_state.o (.bss.g_carState)
                  20200ef4    00000001     obstacle_monitor.o (.bss.g_centerSettleTicks)
                  20200ef5    00000001     ultrasonic.o (.bss.g_distanceSampleCount)
                  20200ef6    00000001     ultrasonic.o (.bss.g_distanceSampleIndex)
                  20200ef7    00000001     emergency_stop.o (.bss.g_emergencyStopActive)
                  20200ef8    00000001     watchdog_monitor.o (.bss.g_faultApplied)
                  20200ef9    00000001     watchdog_monitor.o (.bss.g_faultPending)
                  20200efa    00000001     vision_receiver.o (.bss.g_frameSize)
                  20200efb    00000001     imu.o (.bss.g_integrationHistoryValid)
                  20200efc    00000001     wheel_speed_estimator.o (.bss.g_leftFilterInitialized)
                  20200efd    00000001     obstacle_safety.o (.bss.g_obstacleSafetyHolding)
                  20200efe    00000001     oled.o (.bss.g_oledColumn)
                  20200eff    00000001     menu.o (.bss.g_oledPage)
                  20200f00    00000001     oled.o (.bss.g_oledPage)
                  20200f01    00000001     encoder.o (.bss.g_overflowFlags)
                  20200f02    00000001     menu.o (.bss.g_paramItem)
                  20200f03    00000001     menu.o (.bss.g_paramReturnPage)
                  20200f04    00000001     key.o (.bss.g_pendingEvent)
                  20200f05    00000001     mission_manager.o (.bss.g_resumeCurrentAction)
                  20200f06    00000001     wheel_speed_estimator.o (.bss.g_rightFilterInitialized)
                  20200f07    00000001     car_controller.o (.bss.g_safetyHold)
                  20200f08    00000001     imu.o (.bss.g_shortGapPending)
                  20200f09    00000001     gimbal_stepper.o (.bss.g_stepperDirection)
                  20200f0a    00000001     gimbal_stepper.o (.bss.g_stepperRunning)
                  20200f0b    00000001     gimbal_stepper.o (.bss.g_stepperStepHigh)
                  20200f0c    00000001     gimbal_stepper.o (.bss.g_stepperStopAfterStepLow)
                  20200f0d    00000001     balance_soft_limits.o (.bss.g_storedLimitsValid)
                  20200f0e    00000001     motor_control.o (.bss.g_targetRefreshed)
                  20200f0f    00000001     mission_manager.o (.bss.g_transientActionActive)
                  20200f10    00000001     ultrasonic.o (.bss.g_triggerRequest)
                  20200f11    00000001     ultrasonic.o (.bss.g_ultrasonicState)
                  20200f12    00000001     gimbal.o (.bss.g_yawLimitClamped)
                  20200f13    00000001     gimbal.o (.bss.g_yawLimitDirection)
                  20200f14    00000001     gimbal.o (.bss.g_yawPositionValid)
                  20200f15    00000001     gimbal.o (.bss.g_yawWorldLockEnabled)
                  20200f16    00000001     (.common:g_carStateDebug)
                  20200f17    00000001     (.common:g_keyEvent)
                  20200f18    00000001     (.common:g_oledPageDebug)
                  20200f19    00000001     (.common:g_paramItemDebug)
                  20200f1a    00000001     (.common:g_trackBlackCount)
                  20200f1b    00000001     (.common:g_trackModeDebug)
                  20200f1c    00000001     (.common:g_trackRaw)
                  20200f1d    00000001     (.common:g_trackTurnDebug)

.data      0    20200f1e    00000001     UNINITIALIZED
                  20200f1e    00000001     car_controller.o (.data.g_followTurnPolicy)

.stack     0    20207e00    00000200     UNINITIALIZED
                  20207e00    00000004     libc.a : boot_cortex_m.c.obj (.stack)
                  20207e04    000001fc     --HOLE--

__llvm_prf_cnts 
*          0    20200000    00000000     UNINITIALIZED

__llvm_prf_bits 
*          0    20200000    00000000     UNINITIALIZED

MODULE SUMMARY

       Module                         code    ro data   rw data
       ------                         ----    -------   -------
    .\
       oled_ui.o                      19892   1232      2      
       imu.o                          5156    0         142    
       car_controller.o               4412    0         128    
       oled.o                         2006    406       1026   
       balance_soft_limits.o          3256    0         105    
       motor_control.o                2768    0         125    
       app_config.o                   2156    0         272    
       vision_receiver.o              1656    0         717    
       line_controller.o              2196    0         64     
       balance_calibration_store.o    1140    1024      4      
       balance_position_control.o     1824    0         88     
       menu.o                         1628    65        3      
       runtime_snapshot.o             1212    0         464    
       mission_manager.o              1472    0         34     
       motion_action.o                1400    5         20     
       wheel_speed_estimator.o        1292    0         94     
       gimbal_stepper.o               1280    0         52     
       gimbal.o                       896     0         116    
       mission_library.o              560     389       0      
       motor.o                        776     0         16     
       ti_msp_dl_config.o             672     23        48     
       vision_protocol.o              732     0         0      
       app.o                          632     0         10     
       ultrasonic.o                   596     0         29     
       empty.o                        476     0         56     
       key.o                          436     0         19     
       balance_encoder.o              404     16        32     
       fault.o                        312     65        16     
       track_sensor.o                 372     0         0      
       heading_control.o              340     0         28     
       watchdog_monitor.o             308     0         26     
       encoder.o                      276     0         9      
       obstacle_safety.o              272     0         1      
       obstacle_monitor.o             192     0         9      
       startup_mspm0g350x_ticlang.o   6       192       0      
       angle_utils.o                  192     0         0      
       emergency_stop.o               188     0         1      
       servo.o                        176     0         6      
       vision_uart.o                  90      0         0      
       obstacle_avoidance.o           62      0         24     
       magnet.o                       72      0         12     
       debug_telemetry.o              56      0         16     
       bluetooth_uart.o               8       0         32     
       car_state.o                    36      0         1      
       vision_tuning_console.o        8       0         24     
    +--+------------------------------+-------+---------+---------+
       Total:                         63892   3417      3871   
                                                               
    C:/TI/mspm0_sdk_2_05_01_00/source/ti/driverlib/lib/ticlang/m0p/mspm0g1x0x_g3x0x/driverlib.a
       dl_flashctl.o                  488     0         0      
       dl_timer.o                     388     0         0      
       dl_uart.o                      90      0         0      
       dl_common.o                    10      0         0      
    +--+------------------------------+-------+---------+---------+
       Total:                         976     0         0      
                                                               
    D:\TI\CCS\ccs\tools\compiler\ti-cgt-armllvm_4.0.4.LTS\lib\armv6m-ti-none-eabi/c/libc.a
       memcpy16.S.obj                 154     0         0      
       copy_decompress_lzss.c.obj     124     0         0      
       memset16.S.obj                 98      0         0      
       autoinit.c.obj                 76      0         0      
       cpy_tbl.c.obj                  76      0         0      
       boot_cortex_m.c.obj            40      0         0      
       memmov.c.obj                   40      0         0      
       copy_decompress_none.c.obj     18      0         0      
       copy_zero_init.c.obj           16      0         0      
       exit.c.obj                     6       0         0      
       pre_init.c.obj                 4       0         0      
    +--+------------------------------+-------+---------+---------+
       Total:                         652     0         0      
                                                               
    D:\TI\CCS\ccs\tools\compiler\ti-cgt-armllvm_4.0.4.LTS\lib\armv6m-ti-none-eabi/c/libsysbm.a
       hostexit.c.obj                 4       0         0      
    +--+------------------------------+-------+---------+---------+
       Total:                         4       0         0      
                                                               
    D:\TI\CCS\ccs\tools\compiler\ti-cgt-armllvm_4.0.4.LTS\lib\armv6m-ti-none-eabi/libclang_rt.builtins.a
       addsf3.S.obj                   216     0         0      
       udivmoddi4.S.obj               162     0         0      
       comparesf2.S.obj               140     0         0      
       mulsf3.S.obj                   140     0         0      
       divsf3.S.obj                   130     0         0      
       aeabi_fcmp.S.obj               98      0         0      
       fixsfdi.S.obj                  96      0         0      
       aeabi_idivmod.S.obj            86      0         0      
       floatdisf.S.obj                78      0         0      
       aeabi_uidivmod.S.obj           64      0         0      
       divmoddi4.c.obj                62      0         0      
       floatsisf.S.obj                60      0         0      
       muldsi3.S.obj                  58      0         0      
       fixsfsi.S.obj                  56      0         0      
       floatunsisf.S.obj              40      0         0      
       muldi3.S.obj                   36      0         0      
       ashldi3.S.obj                  30      0         0      
       aeabi_ldivmod.S.obj            20      0         0      
       aeabi_uldivmod.S.obj           20      0         0      
       aeabi_memset.S.obj             12      0         0      
       aeabi_memcpy.S.obj             8       0         0      
       aeabi_memmove.S.obj            8       0         0      
       aeabi_div0.c.obj               4       0         0      
    +--+------------------------------+-------+---------+---------+
       Total:                         1624    0         0      
                                                               
       Stack:                         0       0         512    
       Linker Generated:              0       57        0      
    +--+------------------------------+-------+---------+---------+
       Grand Total:                   67148   3474      4383   


LINKER GENERATED COPY TABLES

__TI_cinit_table @ 00010f7c records: 2, size/record: 8, table size: 16
	.bss: load addr=00010f6c, load size=00000008 bytes, run addr=20200000, run size=00000f1e bytes, compression=zero_init
	.data: load addr=00010f74, load size=00000005 bytes, run addr=20200f1e, run size=00000001 bytes, compression=lzss
binit @ 00010f90 records: 1, size/record: 12, table size: 16
	.TI.ramfunc: load addr=00010f00, load size=00000060, run addr=20200f20, run size=00000060, compression=none


LINKER GENERATED HANDLER TABLE

__TI_handler_table @ 00010f60 records: 3, size/record: 4, table size: 12
	index: 0, handler: __TI_decompress_lzss
	index: 1, handler: __TI_decompress_none
	index: 2, handler: __TI_zero_init


FAR CALL TRAMPOLINES

callee name               trampoline name
   callee addr  tramp addr   call addr  call info
--------------  -----------  ---------  ----------------
DL_FlashCTL_executeCommandFromRAM  $Tramp$TT$L$PI$$DL_FlashCTL_executeCommandFromRAM
   20200f21     00010650     0000fd84   driverlib.a : dl_flashctl.o (.text.DL_FlashCTL_programMemoryFromRAM64WithECCGenerated)
                             000101f2               : dl_flashctl.o (.text.DL_FlashCTL_eraseMemoryFromRAM)

[1 trampolines]
[2 trampoline calls]


SEGMENT ATTRIBUTES

    id tag       seg value 
    -- ---       --- ----- 
     0 PHA_BOUND 3   (null)


GLOBAL SYMBOLS: SORTED ALPHABETICALLY BY Name 

address   name                                              
-------   ----                                              
0000dbe7  ADC0_IRQHandler                                   
0000dbe7  ADC1_IRQHandler                                   
0000dbe7  AES_IRQHandler                                    
0000d38d  Angle_Normalize180                                
00008e49  AppConfig_InitDefault                             
000035f1  AppConfig_LimitAll                                
0000e569  App_Init                                          
0000eb95  App_ResetToReady                                  
0000a4c9  App_Update_20ms                                   
0000b365  BalanceCalibrationStore_Load                      
00008209  BalanceCalibrationStore_Save                      
000103fd  BalanceEncoder_GetCountAtomic                     
0000f6c1  BalanceEncoder_GetSnapshot                        
0000d1f9  BalanceEncoder_HandleGpioInterrupt                
0000ee91  BalanceEncoder_Init                               
0000fe85  BalanceEncoder_SampleSpeed10msFromIsr             
0000fad9  BalancePositionControl_Cancel                     
0000fc69  BalancePositionControl_GetSnapshot                
000103ad  BalancePositionControl_HasFault                   
0000ecbd  BalancePositionControl_Init                       
00010409  BalancePositionControl_IsBusy                     
0000e6e1  BalancePositionControl_ResetFault                 
0000f145  BalancePositionControl_SetTrackingTarget          
0000b4a5  BalancePositionControl_Start                      
0000fc95  BalancePositionControl_StartTracking              
00005e4d  BalancePositionControl_Update20ms                 
0000dbe9  BalanceSoftLimits_AbortCalibration                
0000d955  BalanceSoftLimits_ArmRecalibration                
0000c149  BalanceSoftLimits_BeginAtCurrentAsZero            
0000fea9  BalanceSoftLimits_CancelOscillationTest           
00010565  BalanceSoftLimits_CancelPositionMove              
0000de61  BalanceSoftLimits_CancelRecalibration             
0000fd45  BalanceSoftLimits_CancelTravelTest                
0000b219  BalanceSoftLimits_CaptureCurrentStage             
0000e5e9  BalanceSoftLimits_Enforce100usFromIsr             
0000f195  BalanceSoftLimits_GetSnapshot                     
0000d50d  BalanceSoftLimits_Init                            
00010415  BalanceSoftLimits_IsCalibrationActive             
00010421  BalanceSoftLimits_IsOscillationTestActive         
0001056d  BalanceSoftLimits_IsPositionMoveActive            
0001042d  BalanceSoftLimits_IsTravelTestActive              
0000eacd  BalanceSoftLimits_ResetPositionFault              
0000b5e1  BalanceSoftLimits_StartOscillationTest            
0000bcd9  BalanceSoftLimits_StartRelativePositionMoveSteps  
0000f701  BalanceSoftLimits_StopMotion                      
00008725  BalanceSoftLimits_Update20ms                      
00010575  BluetoothUart_GetRuntime                          
0001063a  C$$EXIT                                           
0000dbe7  CANFD0_IRQHandler                                 
0001057d  CarController_GetFeedback                         
00010439  CarController_GetRunMode                          
00010445  CarController_Init                                
[...]
0000c951  MissionManager_SelectPrevious                     
0000ca39  ObstacleSafety_Update_20ms                        
0000cc09  WheelSpeedEstimator_Init                          
0000cce9  main                                              
0000cdc9  DL_FlashCTL_unprotectSector                       
0000cea1  OLED_PrintUInt16                                  
0000cf79  __aeabi_fsub                                      
0000cf79  __subsf3                                          
0000cf83  __addsf3                                          
0000cf83  __aeabi_fadd                                      
0000d051  CarController_StartDriveDistance                  
0000d125  GimbalStepper_MoveRelativeSteps                   
0000d1f9  BalanceEncoder_HandleGpioInterrupt                
0000d2c5  FaultCode_ToShortString                           
0000d38d  Angle_Normalize180                                
0000d50d  BalanceSoftLimits_Init                            
0000d5c9  CarController_ResetRuntime                        
0000d685  Menu_GetParamValue                                
0000d741  GimbalStepper_StopHold                            
0000d7f5  GimbalStepper_Init                                
0000d8a5  SysTick_Handler                                   
0000d955  BalanceSoftLimits_ArmRecalibration                
0000d9fd  Encoder_HandleGpioInterrupt                       
0000db45  __udivmoddi4                                      
0000dbe7  ADC0_IRQHandler                                   
0000dbe7  ADC1_IRQHandler                                   
0000dbe7  AES_IRQHandler                                    
0000dbe7  CANFD0_IRQHandler                                 
0000dbe7  DAC0_IRQHandler                                   
0000dbe7  DMA_IRQHandler                                    
0000dbe7  Default_Handler                                   
0000dbe7  GROUP0_IRQHandler                                 
0000dbe7  HardFault_Handler                                 
0000dbe7  I2C0_IRQHandler                                   
0000dbe7  I2C1_IRQHandler                                   
0000dbe7  NMI_Handler                                       
0000dbe7  PendSV_Handler                                    
0000dbe7  RTC_IRQHandler                                    
0000dbe7  SPI0_IRQHandler                                   
0000dbe7  SPI1_IRQHandler                                   
0000dbe7  SVC_Handler                                       
0000dbe7  TIMA0_IRQHandler                                  
0000dbe7  TIMA1_IRQHandler                                  
0000dbe7  TIMG0_IRQHandler                                  
0000dbe7  TIMG12_IRQHandler                                 
0000dbe7  TIMG6_IRQHandler                                  
0000dbe7  TIMG7_IRQHandler                                  
0000dbe7  TIMG8_IRQHandler                                  
0000dbe7  UART0_IRQHandler                                  
0000dbe7  UART1_IRQHandler                                  
0000dbe7  UART2_IRQHandler                                  
0000dbe9  BalanceSoftLimits_AbortCalibration                
0000dd29  ObstacleMonitor_Update_20ms                       
0000ddc5  memcpy                                            
0000de5f  ObstacleAvoidance_Update_20ms                     
0000de61  BalanceSoftLimits_CancelRecalibration             
0000df91  CarController_StartTurnToYawRelative              
0000e025  CarController_ResetTransientState                 
0000e0b5  SYSCFG_DL_PWM_MOTOR_init                          
0000e141  __aeabi_fmul                                      
0000e141  __mulsf3                                          
0000e259  CarController_SetSafetyHold                       
0000e2dd  GimbalStepper_ConfirmZero                         
0000e361  Motor_Init                                        
0000e3e5  __aeabi_fdiv                                      
0000e3e5  __divsf3                                          
0000e467  TrackSensor_Init                                  
0000e469  CarController_StartDriveHeading                   
0000e4e9  Motor_Stop                                        
0000e569  App_Init                                          
0000e5e7  VisionUart_Process                                
0000e5e9  BalanceSoftLimits_Enforce100usFromIsr             
0000e665  __TI_decompress_lzss                              
0000e6e1  BalancePositionControl_ResetFault                 
0000e845  GimbalStepper_Release                             
0000e8b5  SYSCFG_DL_UART_VISION_init                        
0000e925  TrackSensor_DetectTurn                            
0000e993  __aeabi_idiv0                                     
0000e995  MissionManager_GetSelectedMissionIndex            
0000ea65  TrackSensor_GetErrorFromRaw                       
0000eacb  __aeabi_ldiv0                                     
0000eacd  BalanceSoftLimits_ResetPositionFault              
0000eb31  MissionManager_Start                              
0000eb95  App_ResetToReady                                  
0000ebf9  __aeabi_fcmpeq                                    
0000ec0d  __aeabi_fcmplt                                    
0000ec21  __aeabi_fcmple                                    
0000ec35  __aeabi_fcmpge                                    
0000ec49  __aeabi_fcmpgt                                    
0000ec5b  memset                                            
0000ecbd  BalancePositionControl_Init                       
0000ed1d  __aeabi_f2lz                                      
0000ed1d  __fixsfdi                                         
0000ed7d  Ultrasonic_Update_20ms                            
0000ee91  BalanceEncoder_Init                               
0000eee9  MissionManager_Init                               
0000ef41  OLED_PrintChar                                    
0000eff1  __aeabi_idiv                                      
0000eff1  __aeabi_idivmod                                   
0000f049  CarController_Stop                                
0000f09d  TrackSensor_ReadRaw                               
0000f0f1  WatchdogMonitor_ApplyFaultIfNeeded                
0000f145  BalancePositionControl_SetTrackingTarget          
0000f195  BalanceSoftLimits_GetSnapshot                     
0000f1e5  Ultrasonic_Init                                   
0000f235  WatchdogMonitor_Tick1msFromIsr                    
0000f2d5  __aeabi_l2f                                       
0000f2d5  __floatdisf                                       
0000f325  MotorControl_Stop                                 
0000f371  VisionReceiver_Init                               
0000f3bd  copy_in                                           
0000f409  __TI_auto_init_nopinit                            
0000f455  DL_UART_init                                      
0000f49d  MissionManager_Cancel                             
0000f4e5  CarController_StartFollowLine                     
0000f529  EmergencyStop_Reset                               
0000f56d  Encoder_GetAndClearPulseDeltas                    
0000f5b1  Imu_ResetYaw                                      
0000f5f5  MissionManager_Reset                              
0000f639  Servo_Tick100us                                   
0000f67d  UART3_IRQHandler                                  
0000f6c1  BalanceEncoder_GetSnapshot                        
0000f701  BalanceSoftLimits_StopMotion                      
0000f741  CarController_ResumeFollowLine                    
0000f781  Fault_Raise                                       
0000f7c1  SYSCFG_DL_SYSCTL_init                             
0000f801  SYSCFG_DL_initPower                               
0000f841  VisionReceiver_PushByteFromIsr                    
0000f881  __aeabi_uidiv                                     
0000f881  __aeabi_uidivmod                                  
0000f8c1  __divmoddi4                                       
0000f901  MissionManager_Resume                             
0000f93d  Servo_SetAngleDeg                                 
0000f979  __aeabi_i2f                                       
0000f979  __floatsisf                                       
0000f9b5  __gesf2                                           
0000f9b5  __gtsf2                                           
0000f9f1  __cmpsf2                                          
0000f9f1  __eqsf2                                           
0000f9f1  __lesf2                                           
0000f9f1  __ltsf2                                           
0000f9f1  __nesf2                                           
0000fa2d  __muldsi3                                         
0000fa69  EmergencyStop_Trigger                             
0000faa1  __aeabi_f2iz                                      
0000faa1  __fixsfsi                                         
0000fad9  BalancePositionControl_Cancel                     
0000fb0d  Imu_IsReady                                       
0000fb41  MissionLibrary_FindById                           
0000fb75  OLED_PrintString                                  
0000fba9  Key_Init                                          
0000fbd9  LineController_ObserveSensors                     
0000fc09  WatchdogMonitor_Init                              
0000fc39  WatchdogMonitor_Reset                             
0000fc69  BalancePositionControl_GetSnapshot                
0000fc95  BalancePositionControl_StartTracking              
0000fcc1  Encoder_Reset                                     
0000fced  MissionManager_Pause                              
0000fd19  TrackSensor_CountBlack                            
0000fd45  BalanceSoftLimits_CancelTravelTest                
0000fd6d  DL_FlashCTL_programMemoryFromRAM64WithECCGenerated
0000fd95  EmergencyStop_Enforce                             
0000fdbd  Magnet_ForceOff                                   
0000fde5  Servo_Init                                        
0000fe0d  __aeabi_ui2f                                      
0000fe0d  __floatunsisf                                     
0000fe35  memmove                                           
0000fe5d  _c_int00_noargs                                   
0000fe85  BalanceEncoder_SampleSpeed10msFromIsr             
0000fea9  BalanceSoftLimits_CancelOscillationTest           
0000fecd  GimbalStepper_GetFeedbackSnapshot                 
0000fef1  MissionManager_ReportExternalFailure              
0000ff15  MotorControl_Init                                 
0000ff39  MotorControl_Reset                                
0000ff5d  OLED_ClearBuffer                                  
0000ff81  SYSCFG_DL_init                                    
0000ffa5  __aeabi_lmul                                      
0000ffa5  __muldi3                                          
0000ffc9  DL_Timer_overrideCCPOut                           
0000ffe9  DebugTelemetry_Update                             
00010009  GROUP1_IRQHandler                                 
00010029  Magnet_Init                                       
00010049  OLED_SetCursor                                    
00010069  SchedulerMonitor_GetStats                         
00010089  VisionReceiver_GetProtocolErrorCount              
000100c9  __aeabi_llsl                                      
000100c9  __ashldi3                                         
000100e9  DL_Timer_setCaptCompUpdateMethod                  
00010105  DL_Timer_setClockConfig                           
00010121  HeadingControl_SetTargetYaw                       
0001013d  Menu_Init                                         
00010159  MotionAction_Cancel                               
00010175  ObstacleMonitor_Init                              
00010191  ObstacleSafety_Init                               
000101ad  WatchdogMonitor_NotifyControlCycleComplete        
000101e5  DL_FlashCTL_eraseMemoryFromRAM                    
000101fd  DL_Timer_setCaptureCompareOutCtl                  
00010215  DebugTelemetry_Init                               
0001022d  HeadingControl_Init                               
00010245  HeadingControl_Reset                              
0001025d  Menu_ParamItemToString                            
00010275  MotionAction_Init                                 
0001028d  ObstacleAvoidance_Init                            
000102a5  RuntimeSnapshot_Init                              
000102bd  __aeabi_fcmpun                                    
000102bd  __unordsf2                                        
000102d5  Fault_Clear                                       
000102e9  Fault_Init                                        
000102fd  GimbalStepper_SetStepHalfPeriodTicks              
00010311  HeadingControl_Enable                             
00010325  MissionLibrary_GetByIndex                         
00010339  MissionManager_GetSelectedMissionId               
0001034d  VisionUart_Init                                   
00010361  __aeabi_ldivmod                                   
00010375  __aeabi_uldivmod                                  
00010389  DL_UART_setClockConfig                            
0001039b  __TI_decompress_none                              
000103ad  BalancePositionControl_HasFault                   
000103bd  DL_Timer_setCaptureCompareValue                   
000103cd  Gimbal_YawGetFeedback                             
000103dd  Key_GetEvent                                      
000103ed  __TI_zero_init                                    
000103fd  BalanceEncoder_GetCountAtomic                     
00010409  BalancePositionControl_IsBusy                     
00010415  BalanceSoftLimits_IsCalibrationActive             
00010421  BalanceSoftLimits_IsOscillationTestActive         
0001042d  BalanceSoftLimits_IsTravelTestActive              
00010439  CarController_GetRunMode                          
00010445  CarController_Init                                
00010451  CarController_IsSafetyHoldActive                  
0001045d  CarState_Get                                      
00010469  CarState_Init                                     
00010475  CarState_Set                                      
00010481  EmergencyStop_Init                                
0001048d  EmergencyStop_IsActive                            
00010499  Imu_GetCorrectedGyroZDps                          
000104a5  Imu_GetYaw                                        
000104b1  Menu_GetPage                                      
000104bd  Menu_GetParamItem                                 
000104c9  MissionManager_IsExternallyHeld                   
000104d5  MissionManager_SetExternalHold                    
000104e1  ObstacleAvoidance_IsActive                        
000104ed  ObstacleAvoidance_IsFailed                        
000104f9  ObstacleSafety_IsHolding                          
00010505  SystemTime_GetMs                                  
00010511  WatchdogMonitor_HasTripped                        
0001051d  __aeabi_memclr                                    
0001051d  __aeabi_memclr4                                   
0001051d  __aeabi_memclr8                                   
00010529  DL_Common_delayCycles                             
00010533  MotionAction_Resume                               
0001053d  MotionAction_Start                                
00010547  TrackSensor_IsCenterDetected                      
00010551  TrackSensor_IsLineDetected                        
0001055b  TrackSensor_IsLineLost                            
00010565  BalanceSoftLimits_CancelPositionMove              
0001056d  BalanceSoftLimits_IsPositionMoveActive            
00010575  BluetoothUart_GetRuntime                          
0001057d  CarController_GetFeedback                         
00010585  Fault_GetRecord                                   
0001058d  GimbalStepper_GetFeedback                         
00010595  HeadingControl_GetRuntime                         
0001059d  Imu_GetRuntime                                    
000105a5  LineController_GetRuntime                         
000105ad  MissionManager_GetMissionCount                    
000105b5  MissionManager_GetRuntime                         
000105bd  MotionAction_GetRuntime                           
000105c5  MotorControl_GetRuntime                           
000105cd  ObstacleAvoidance_GetFeedback                     
000105d5  ObstacleMonitor_GetFeedback                       
000105dd  OledUi_Init                                       
000105e5  RuntimeSnapshot_Get                               
000105ed  Servo_GetFeedback                                 
000105f5  Ultrasonic_GetFeedback                            
000105fd  VisionReceiver_GetBallAxisObservation             
00010605  VisionReceiver_GetStatus                          
0001060d  VisionTuningConsole_GetStatus                     
00010615  WatchdogMonitor_GetStatus                         
0001061d  WheelSpeedEstimator_GetRuntime                    
00010625  __aeabi_memcpy                                    
00010625  __aeabi_memcpy4                                   
00010625  __aeabi_memcpy8                                   
0001062d  __aeabi_memmove                                   
0001062d  __aeabi_memmove4                                  
0001062d  __aeabi_memmove8                                  
00010635  abort                                             
0001063a  C$$EXIT                                           
0001063b  HOSTexit                                          
0001063f  MissionLibrary_GetCount                           
00010643  ObstacleAvoidance_IsResumeGraceActive             
00010647  Reset_Handler                                     
0001064b  _system_pre_init                                  
00010f60  __TI_Handler_Table_Base                           
00010f6c  __TI_Handler_Table_Limit                          
00010f7c  __TI_CINIT_Base                                   
00010f8c  __TI_CINIT_Limit                                  
00010f8c  __TI_CINIT_Warm                                   
00010f90  __TI_table_binit                                  
00010f90  __binit__                                         
00010f90  binit                                             
0001fc00  g_balanceCalibrationReservedSector                
20200000  __start___llvm_prf_bits                           
20200000  __start___llvm_prf_cnts                           
20200000  __stop___llvm_prf_bits                            
20200000  __stop___llvm_prf_cnts                            
202007d0  g_appConfig                                       
202008e0  g_imuRuntime                                      
202009e0  g_appRuntime                                      
20200b08  g_wheelSpeedEstimatorRuntime                      
20200c1c  gUART_VISIONBackup                                
20200d40  g_headingRuntime                                  
20200eea  g_trackError                                      
20200f16  g_carStateDebug                                   
20200f17  g_keyEvent                                        
20200f18  g_oledPageDebug                                   
20200f19  g_paramItemDebug                                  
20200f1a  g_trackBlackCount                                 
20200f1b  g_trackModeDebug                                  
20200f1c  g_trackRaw                                        
20200f1d  g_trackTurnDebug                                  
20207e00  __stack                                           
20208000  __STACK_END                                       
ffffffff  __TI_pprof_out_hndl                               
ffffffff  __TI_prof_data_size                               
ffffffff  __TI_prof_data_start                              
UNDEFED   __mpu_init                                        
UNDEFED   _system_post_cinit                                

[382 symbols]
