******************************************************************************
            TI ARM Clang Linker PC v4.0.4                      
******************************************************************************
>> Linked Wed Jul 29 20:57:14 2026

OUTPUT FILE NAME:   <diansaikaishi.out>
ENTRY POINT SYMBOL: "_c_int00_noargs"  address: 000134f1


MEMORY CONFIGURATION

         name            origin    length      used     unused   attr    fill
----------------------  --------  ---------  --------  --------  ----  --------
  FLASH                 00000000   00020000  00014790  0000b870  R  X
  SRAM                  20200000   00008000  00001692  0000696e  RW X
  BCR_CONFIG            41c00000   000000ff  00000000  000000ff  R   
  BSL_CONFIG            41c00100   00000080  00000000  00000080  R   


SEGMENT ALLOCATION MAP

run origin  load origin   length   init length attrs members
----------  ----------- ---------- ----------- ----- -------
00000000    00000000    00014790   00014790    r-x
  00000000    00000000    000000c0   000000c0    r-- .intvecs
  000000c0    000000c0    00013bd0   00013bd0    r-x .text
  00013c90    00013c90    00000ad0   00000ad0    r-- .rodata
  00014760    00014760    00000030   00000030    r-- .cinit
20200000    20200000    00001492   00000000    rw-
  20200000    20200000    0000148c   00000000    rw- .bss
  2020148c    2020148c    00000006   00000000    rw- .data
20207e00    20207e00    00000200   00000000    rw-
  20207e00    20207e00    00000200   00000000    rw- .stack


SECTION ALLOCATION MAP

 output                                  attributes/
section   page    origin      length       input sections
--------  ----  ----------  ----------   ----------------
.intvecs   0    00000000    000000c0     
                  00000000    000000c0     startup_mspm0g350x_ticlang.o (.intvecs)

.text      0    000000c0    00013bd0     
                  000000c0    00002b00     oled_ui.o (.text.OledUi_Update_20ms)
                  00002bc0    00001fbc     app.o (.text.app_remote_dispatch_tokens)
                  00004b7c    00001dd4     vision_tuning_console.o (.text.VisionTuningConsole_Process)
                  00006950    00000d84     app.o (.text.App_Update_20ms)
                  000076d4    00000d28     app.o (.text.app_remote_update_result)
                  000083fc    0000064c     app_config.o (.text.AppConfig_LimitAll)
                  00008a48    00000524     line_controller.o (.text.LineController_Update)
                  00008f6c    0000049c     runtime_snapshot.o (.text.RuntimeSnapshot_Update)
                  00009408    0000044c     motor_control.o (.text.update_wheel)
                  00009854    0000042c     app.o (.text.app_remote_cancel_current_action)
                  00009c80    00000424     wheel_speed_estimator.o (.text.WheelSpeedEstimator_Update)
                  0000a0a4    000003e8     app.o (.text.app_remote_build_sequenced_response)
                  0000a48c    000003e0     imu.o (.text.Imu_Update)
                  0000a86c    000003b0     vision_receiver.o (.text.VisionReceiver_Process)
                  0000ac1c    000003b0     app.o (.text.app_remote_send_action_ack)
                  0000afcc    00000374     imu.o (.text.Imu_Init)
                  0000b340    00000370     gimbal.o (.text.gimbal_update_feedback)
                  0000b6b0    00000310     vision_tuning_console.o (.text.append_scaled)
                  0000b9c0    000002f0     app.o (.text.app_remote_send)
                  0000bcb0    000002f0     imu.o (.text.mpu6050_read_regs)
                  0000bfa0    000002cc     car_controller.o (.text.handle_drive_distance)
                  0000c26c    000002b0     motion_action.o (.text.MotionAction_Update_20ms)
                  0000c51c    0000028c     motor_control.o (.text.MotorControl_Update)
                  0000c7a8    00000268     car_controller.o (.text.handle_turn_to_yaw)
                  0000ca10    00000250     menu.o (.text.menu_adjust_param)
                  0000cc60    00000230     imu.o (.text.Imu_CalibrateGyroBias)
                  0000ce90    00000220     app_config.o (.text.AppConfig_InitDefault)
                  0000d0b0    00000220     motion_action.o (.text.motion_action_start_internal)
                  0000d2d0    00000218     app.o (.text.app_remote_append_float_tenth)
                  0000d4e8    00000208     app.o (.text.app_remote_send_sequence_error)
                  0000d6f0    00000204     motor.o (.text.Motor_SetSpeed)
                  0000d8f4    000001f4     vision_protocol.o (.text.VisionProtocol_ParseV1TargetFrame)
                  0000dae8    000001ec     bluetooth_uart.o (.text.BluetoothUart_TryWriteBuffer)
                  0000dcd4    000001e8     motor_control.o (.text.config_is_valid)
                  0000debc    000001e4     mission_library.o (.text.MissionLibrary_Validate)
                  0000e0a0    000001cc     imu.o (.text.imu_i2c_write_byte)
                  0000e26c    000001cc     oled_ui.o (.text.print_status_page)
                  0000e438    000001b8     oled.o (.text.oled_i2c_write_byte)
                  0000e5f0    000001a0     ultrasonic.o (.text.Ultrasonic_Tick100us)
                  0000e790    0000019c     car_controller.o (.text.CarController_StartDriveDistanceAtYaw)
                  0000e92c    00000190     car_controller.o (.text.CarController_Update_20ms)
                  0000eabc    00000174     key.o (.text.Key_Update_20ms)
                  0000ec30    00000170     oled.o (.text.OLED_FlushPage)
                  0000eda0    0000016c     oled.o (.text.OLED_PrintInt16)
                  0000ef0c    00000158     vision_tuning_console.o (.text.send_parameter_reply)
                  0000f064    00000158     vision_tuning_console.o (.text.send_yaw_parameter_reply)
                  0000f1bc    0000014c     app.o (.text.App_Init)
                  0000f308    0000014c     bluetooth_uart.o (.text.BluetoothUart_Process)
                  0000f454    00000140     menu.o (.text.Menu_HandleKeyEvent)
                  0000f594    0000012c     imu.o (.text.imu_i2c_recover_bus)
                  0000f6c0    00000128     line_controller.o (.text.LineController_Reset)
                  0000f7e8    00000128     mission_manager.o (.text.MissionManager_Update_20ms)
                  0000f910    00000124     oled.o (.text.OLED_Init)
                  0000fa34    00000124     vision_tuning_console.o (.text.send_simple_reply)
                  0000fb58    0000011c     car_controller.o (.text.handle_drive_heading)
                  0000fc74    00000114     car_controller.o (.text.handle_follow_line)
                  0000fd88    0000010c     line_controller.o (.text.LineController_ResetControlState)
                  0000fe94    00000104     driverlib.a : dl_timer.o (.text.DL_Timer_initFourCCPWMMode)
                  0000ff98    00000104     line_controller.o (.text.LineController_Init)
                  0001009c    00000100     motor_control.o (.text.MotorControl_SetNormalizedTarget)
                  0001019c    000000fc     mission_manager.o (.text.MissionManager_SelectNext)
                  00010298    000000fc     app.o (.text.app_remote_handle_turn)
                  00010394    000000ec     heading_control.o (.text.HeadingControl_Update)
                  00010480    000000e8     mission_manager.o (.text.MissionManager_SelectPrevious)
                  00010568    000000e8     obstacle_safety.o (.text.ObstacleSafety_Update_20ms)
                  00010650    000000e8     vision_protocol.o (.text.fields_are_valid)
                  00010738    000000e4     bluetooth_uart.o (.text.UART1_IRQHandler)
                  0001081c    000000e0     wheel_speed_estimator.o (.text.WheelSpeedEstimator_Init)
                  000108fc    000000e0     empty.o (.text.main)
                  000109dc    000000dc     ti_msp_dl_config.o (.text.SYSCFG_DL_GPIO_init)
                  00010ab8    000000d8     oled.o (.text.OLED_PrintUInt16)
                  00010b90    000000d8     libclang_rt.builtins.a : addsf3.S.obj (.text)
                  00010c68    000000d4     car_controller.o (.text.CarController_StartDriveDistance)
                  00010d3c    000000d0     app.o (.text.app_remote_start_action)
                  00010e0c    000000c8     fault.o (.text.FaultCode_ToShortString)
                  00010ed4    000000c0     angle_utils.o (.text.Angle_Normalize180)
                  00010f94    000000c0     app.o (.text.app_remote_send_action_result)
                  00011054    000000bc     car_controller.o (.text.CarController_ResetRuntime)
                  00011110    000000bc     menu.o (.text.Menu_GetParamValue)
                  000111cc    000000bc     mission_manager.o (.text.MissionManager_StartTransientAction)
                  00011288    000000ac     app.o (.text.App_ResetToReady)
                  00011334    000000a4     encoder.o (.text.Encoder_HandleGpioInterrupt)
                  000113d8    000000a2     libclang_rt.builtins.a : udivmoddi4.S.obj (.text)
                  0001147a    00000002     startup_mspm0g350x_ticlang.o (.text.Default_Handler)
                  0001147c    000000a0     car_controller.o (.text.drive_distance_high_decel_zone_cm)
                  0001151c    0000009c     obstacle_monitor.o (.text.ObstacleMonitor_Update_20ms)
                  000115b8    0000009a     libc.a : memcpy16.S.obj (.text:memcpy)
                  00011652    00000002     obstacle_avoidance.o (.text.ObstacleAvoidance_Update_20ms)
                  00011654    00000098     bluetooth_uart.o (.text.BluetoothUart_Init)
                  000116ec    00000098     imu.o (.text.mpu6050_write_reg)
                  00011784    00000094     car_controller.o (.text.CarController_StartTurnToYawRelative)
                  00011818    00000090     car_controller.o (.text.CarController_ResetTransientState)
                  000118a8    0000008c     ti_msp_dl_config.o (.text.SYSCFG_DL_PWM_MOTOR_init)
                  00011934    0000008c     ti_msp_dl_config.o (.text.SYSCFG_DL_UART_BLUETOOTH_init)
                  000119c0    0000008c     libclang_rt.builtins.a : mulsf3.S.obj (.text.__mulsf3)
                  00011a4c    0000008c     car_controller.o (.text.heading_imu_wait_or_fail)
                  00011ad8    00000008     bluetooth_uart.o (.text.BluetoothUart_GetRuntime)
                  00011ae0    00000088     libc.a : strcmp-armv6m.S.obj (.text:strcmp)
                  00011b68    00000084     car_controller.o (.text.CarController_SetSafetyHold)
                  00011bec    00000084     motor.o (.text.Motor_Init)
                  00011c70    00000082     libclang_rt.builtins.a : divsf3.S.obj (.text.__divsf3)
                  00011cf2    00000002     track_sensor.o (.text.TrackSensor_Init)
                  00011cf4    00000080     car_controller.o (.text.CarController_StartDriveHeading)
                  00011d74    00000080     motor.o (.text.Motor_Stop)
                  00011df4    0000007c     vision_pitch_tuning.o (.text.VisionPitchTuning_Set)
                  00011e70    0000007c     libc.a : copy_decompress_lzss.c.obj (.text:decompress:lzss)
                  00011eec    00000078     empty.o (.text.SysTick_Handler)
                  00011f64    00000078     oled.o (.text.oled_write_command)
                  00011fdc    00000074     motor_control.o (.text.latch_control_error)
                  00012050    00000070     ti_msp_dl_config.o (.text.SYSCFG_DL_UART_VISION_init)
                  000120c0    00000070     vision_yaw_tuning.o (.text.VisionYawTuning_Set)
                  00012130    0000006e     track_sensor.o (.text.TrackSensor_DetectTurn)
                  0001219e    00000002     libclang_rt.builtins.a : aeabi_div0.c.obj (.text.__aeabi_idiv0)
                  000121a0    00000068     mission_manager.o (.text.MissionManager_GetSelectedMissionIndex)
                  00012208    00000068     car_controller.o (.text.set_output_speed)
                  00012270    00000066     track_sensor.o (.text.TrackSensor_GetErrorFromRaw)
                  000122d6    00000002     libclang_rt.builtins.a : aeabi_div0.c.obj (.text.__aeabi_ldiv0)
                  000122d8    00000064     mission_manager.o (.text.MissionManager_Start)
                  0001233c    00000062     libclang_rt.builtins.a : aeabi_fcmp.S.obj (.text.__aeabi_fcmp)
                  0001239e    00000062     libc.a : memset16.S.obj (.text:memset)
                  00012400    00000060     vision_tuning_console.o (.text.VisionTuningConsole_Init)
                  00012460    00000060     libclang_rt.builtins.a : fixsfdi.S.obj (.text.__fixsfdi)
                  000124c0    0000005c     magnet.o (.text.Magnet_Set)
                  0001251c    0000005c     vision_uart.o (.text.UART3_IRQHandler)
                  00012578    0000005c     ultrasonic.o (.text.Ultrasonic_Update_20ms)
                  000125d4    0000005c     car_controller.o (.text.speed_cmps_to_normalized_command)
                  00012630    00000058     mission_manager.o (.text.MissionManager_Init)
                  00012688    00000058     oled.o (.text.OLED_PrintChar)
                  000126e0    00000058     motion_action.o (.text.motion_action_start_imu_controller)
                  00012738    00000056     libclang_rt.builtins.a : aeabi_idivmod.S.obj (.text.__aeabi_idivmod)
                  0001278e    00000002     --HOLE-- [fill = 0]
                  00012790    00000054     car_controller.o (.text.CarController_Stop)
                  000127e4    00000054     track_sensor.o (.text.TrackSensor_ReadRaw)
                  00012838    00000054     watchdog_monitor.o (.text.WatchdogMonitor_ApplyFaultIfNeeded)
                  0001288c    00000054     app.o (.text.app_remote_parse_gear)
                  000128e0    00000050     ultrasonic.o (.text.Ultrasonic_Init)
                  00012930    00000050     watchdog_monitor.o (.text.WatchdogMonitor_Tick1msFromIsr)
                  00012980    0000004e     libclang_rt.builtins.a : floatdisf.S.obj (.text.__floatdisf)
                  000129ce    00000002     --HOLE-- [fill = 0]
                  000129d0    0000004c     motor_control.o (.text.MotorControl_Stop)
                  00012a1c    00000048     driverlib.a : dl_uart.o (.text.DL_UART_init)
                  00012a64    00000048     mission_manager.o (.text.MissionManager_Cancel)
                  00012aac    00000048     ti_msp_dl_config.o (.text.SYSCFG_DL_initPower)
                  00012af4    00000044     car_controller.o (.text.CarController_StartFollowLine)
                  00012b38    00000044     emergency_stop.o (.text.EmergencyStop_Reset)
                  00012b7c    00000044     encoder.o (.text.Encoder_GetAndClearPulseDeltas)
                  00012bc0    00000044     imu.o (.text.Imu_ResetYaw)
                  00012c04    00000044     mission_manager.o (.text.MissionManager_Reset)
                  00012c48    00000044     servo.o (.text.Servo_Tick100us)
                  00012c8c    00000040     car_controller.o (.text.CarController_ResumeFollowLine)
                  00012ccc    00000040     fault.o (.text.Fault_Raise)
                  00012d0c    00000040     ti_msp_dl_config.o (.text.SYSCFG_DL_SYSCTL_init)
                  00012d4c    00000040     vision_receiver.o (.text.VisionReceiver_PushByteFromIsr)
                  00012d8c    00000040     libclang_rt.builtins.a : aeabi_uidivmod.S.obj (.text.__aeabi_uidivmod)
                  00012dcc    0000003e                            : divmoddi4.c.obj (.text.__divmoddi4)
                  00012e0a    00000002     --HOLE-- [fill = 0]
                  00012e0c    0000003c     mission_manager.o (.text.MissionManager_Resume)
                  00012e48    0000003c     servo.o (.text.Servo_SetAngleDeg)
                  00012e84    0000003c     vision_tuning_console.o (.text.VisionTuningConsole_PushByteFromIsr)
                  00012ec0    0000003c     libclang_rt.builtins.a : floatsisf.S.obj (.text.__floatsisf)
                  00012efc    0000003c                            : comparesf2.S.obj (.text.__gtsf2)
                  00012f38    0000003c     libc.a : autoinit.c.obj (.text:__TI_auto_init_nobinit_nopinit)
                  00012f74    0000003a     libclang_rt.builtins.a : comparesf2.S.obj (.text.__eqsf2)
                  00012fae    00000002     --HOLE-- [fill = 0]
                  00012fb0    0000003a                            : muldsi3.S.obj (.text.__muldsi3)
                  00012fea    00000002     --HOLE-- [fill = 0]
                  00012fec    00000038     emergency_stop.o (.text.EmergencyStop_Trigger)
                  00013024    00000038     vision_receiver.o (.text.VisionReceiver_Init)
                  0001305c    00000038     libclang_rt.builtins.a : fixsfsi.S.obj (.text.__fixsfsi)
                  00013094    00000036     bluetooth_uart.o (.text.BluetoothUart_TryWriteString)
                  000130ca    00000002     --HOLE-- [fill = 0]
                  000130cc    00000034     bluetooth_uart.o (.text.BluetoothUart_TryReadByte)
                  00013100    00000034     imu.o (.text.Imu_IsReady)
                  00013134    00000034     mission_library.o (.text.MissionLibrary_FindById)
                  00013168    00000034     vision_tuning_console.o (.text.VisionTuningConsole_TryPopTxByte)
                  0001319c    00000034     vision_uart.o (.text.VisionUart_Process)
                  000131d0    00000032     oled.o (.text.OLED_PrintString)
                  00013202    00000002     --HOLE-- [fill = 0]
                  00013204    00000032     libclang_rt.builtins.a : fixunssfsi.S.obj (.text.__fixunssfsi)
                  00013236    00000002     --HOLE-- [fill = 0]
                  00013238    00000030     key.o (.text.Key_Init)
                  00013268    00000030     line_controller.o (.text.LineController_ObserveSensors)
                  00013298    00000030     vision_pitch_tuning.o (.text.VisionPitchTuning_RestoreDefault)
                  000132c8    00000030     watchdog_monitor.o (.text.WatchdogMonitor_Init)
                  000132f8    00000030     watchdog_monitor.o (.text.WatchdogMonitor_Reset)
                  00013328    0000002c     encoder.o (.text.Encoder_Reset)
                  00013354    0000002c     mission_manager.o (.text.MissionManager_Pause)
                  00013380    0000002c     track_sensor.o (.text.TrackSensor_CountBlack)
                  000133ac    0000002c     vision_yaw_tuning.o (.text.VisionYawTuning_RestoreDefault)
                  000133d8    00000028     emergency_stop.o (.text.EmergencyStop_Enforce)
                  00013400    00000028     magnet.o (.text.Magnet_ForceOff)
                  00013428    00000028     ti_msp_dl_config.o (.text.SYSCFG_DL_init)
                  00013450    00000028     servo.o (.text.Servo_Init)
                  00013478    00000028     vision_pitch_tuning.o (.text.VisionPitchTuning_Init)
                  000134a0    00000028     libclang_rt.builtins.a : floatunsisf.S.obj (.text.__floatunsisf)
                  000134c8    00000028     libc.a : memmov.c.obj (.text.memmove)
                  000134f0    00000028            : boot_cortex_m.c.obj (.text:_c_int00_noargs)
                  00013518    00000024     mission_manager.o (.text.MissionManager_ReportExternalFailure)
                  0001353c    00000024     motor_control.o (.text.MotorControl_Init)
                  00013560    00000024     motor_control.o (.text.MotorControl_Reset)
                  00013584    00000024     oled.o (.text.OLED_ClearBuffer)
                  000135a8    00000024     vision_yaw_tuning.o (.text.VisionYawTuning_Init)
                  000135cc    00000024     libclang_rt.builtins.a : muldi3.S.obj (.text.__muldi3)
                  000135f0    00000020     driverlib.a : dl_timer.o (.text.DL_Timer_overrideCCPOut)
                  00013610    00000020     debug_telemetry.o (.text.DebugTelemetry_Update)
                  00013630    00000020     magnet.o (.text.Magnet_Init)
                  00013650    00000020     oled.o (.text.OLED_SetCursor)
                  00013670    00000020     empty.o (.text.SchedulerMonitor_GetStats)
                  00013690    00000020     libc.a : memcmp.c.obj (.text.memcmp)
                  000136b0    00000020     mission_manager.o (.text.mission_finish_error)
                  000136d0    0000001e     libclang_rt.builtins.a : ashldi3.S.obj (.text.__ashldi3)
                  000136ee    00000002     --HOLE-- [fill = 0]
                  000136f0    0000001c     driverlib.a : dl_timer.o (.text.DL_Timer_setCaptCompUpdateMethod)
                  0001370c    0000001c                 : dl_timer.o (.text.DL_Timer_setClockConfig)
                  00013728    0000001c     heading_control.o (.text.HeadingControl_SetTargetYaw)
                  00013744    0000001c     menu.o (.text.Menu_Init)
                  00013760    0000001c     motion_action.o (.text.MotionAction_Cancel)
                  0001377c    0000001c     obstacle_monitor.o (.text.ObstacleMonitor_Init)
                  00013798    0000001c     obstacle_safety.o (.text.ObstacleSafety_Init)
                  000137b4    0000001c     vision_pitch_tuning.o (.text.VisionPitchTuning_ParamName)
                  000137d0    0000001c     vision_yaw_tuning.o (.text.VisionYawTuning_GetSnapshot)
                  000137ec    0000001c     vision_yaw_tuning.o (.text.VisionYawTuning_ParamName)
                  00013808    0000001c     watchdog_monitor.o (.text.WatchdogMonitor_NotifyControlCycleComplete)
                  00013824    0000001c     mission_manager.o (.text.mission_finish_success)
                  00013840    00000018     car_controller.o (.text.CarController_RunModeToString)
                  00013858    00000018     car_state.o (.text.CarState_ToString)
                  00013870    00000018     driverlib.a : dl_timer.o (.text.DL_Timer_setCaptureCompareOutCtl)
                  00013888    00000018     debug_telemetry.o (.text.DebugTelemetry_Init)
                  000138a0    00000018     heading_control.o (.text.HeadingControl_Init)
                  000138b8    00000018     heading_control.o (.text.HeadingControl_Reset)
                  000138d0    00000018     menu.o (.text.Menu_ParamItemToString)
                  000138e8    00000018     motion_action.o (.text.MotionAction_Init)
                  00013900    00000018     obstacle_avoidance.o (.text.ObstacleAvoidance_Init)
                  00013918    00000018     runtime_snapshot.o (.text.RuntimeSnapshot_Init)
                  00013930    00000016     libclang_rt.builtins.a : comparesf2.S.obj (.text.__unordsf2)
                  00013946    00000002     --HOLE-- [fill = 0]
                  00013948    00000014     fault.o (.text.Fault_Clear)
                  0001395c    00000014     fault.o (.text.Fault_Init)
                  00013970    00000014     empty.o (.text.GROUP1_IRQHandler)
                  00013984    00000014     heading_control.o (.text.HeadingControl_Enable)
                  00013998    00000014     mission_library.o (.text.MissionLibrary_GetByIndex)
                  000139ac    00000014     mission_manager.o (.text.MissionManager_GetSelectedMissionId)
                  000139c0    00000014     vision_pitch_tuning.o (.text.VisionPitchTuning_GetSnapshot)
                  000139d4    00000014     vision_uart.o (.text.VisionUart_Init)
                  000139e8    00000014     libclang_rt.builtins.a : aeabi_ldivmod.S.obj (.text.__aeabi_ldivmod)
                  000139fc    00000014                            : aeabi_uldivmod.S.obj (.text.__aeabi_uldivmod)
                  00013a10    00000012     driverlib.a : dl_uart.o (.text.DL_UART_setClockConfig)
                  00013a22    00000012     libc.a : copy_decompress_none.c.obj (.text:decompress:none)
                  00013a34    00000010     driverlib.a : dl_timer.o (.text.DL_Timer_setCaptureCompareValue)
                  00013a44    00000010     gimbal.o (.text.Gimbal_YawGetFeedback)
                  00013a54    00000010     key.o (.text.Key_GetEvent)
                  00013a64    00000010     libc.a : copy_zero_init.c.obj (.text:decompress:ZI)
                  00013a74    0000000c     car_controller.o (.text.CarController_GetRunMode)
                  00013a80    0000000c     car_controller.o (.text.CarController_Init)
                  00013a8c    0000000c     car_controller.o (.text.CarController_IsSafetyHoldActive)
                  00013a98    0000000c     car_state.o (.text.CarState_Get)
                  00013aa4    0000000c     car_state.o (.text.CarState_Init)
                  00013ab0    0000000c     car_state.o (.text.CarState_Set)
                  00013abc    0000000c     emergency_stop.o (.text.EmergencyStop_Init)
                  00013ac8    0000000c     emergency_stop.o (.text.EmergencyStop_IsActive)
                  00013ad4    0000000c     imu.o (.text.Imu_GetCorrectedGyroZDps)
                  00013ae0    0000000c     imu.o (.text.Imu_GetYaw)
                  00013aec    0000000c     magnet.o (.text.Magnet_IsOn)
                  00013af8    0000000c     menu.o (.text.Menu_GetPage)
                  00013b04    0000000c     menu.o (.text.Menu_GetParamItem)
                  00013b10    0000000c     mission_manager.o (.text.MissionManager_IsExternallyHeld)
                  00013b1c    0000000c     mission_manager.o (.text.MissionManager_IsTransientAction)
                  00013b28    0000000c     mission_manager.o (.text.MissionManager_SetExternalHold)
                  00013b34    0000000c     obstacle_avoidance.o (.text.ObstacleAvoidance_IsActive)
                  00013b40    0000000c     obstacle_avoidance.o (.text.ObstacleAvoidance_IsFailed)
                  00013b4c    0000000c     obstacle_safety.o (.text.ObstacleSafety_IsHolding)
                  00013b58    0000000c     empty.o (.text.SystemTime_GetMs)
                  00013b64    0000000c     watchdog_monitor.o (.text.WatchdogMonitor_HasTripped)
                  00013b70    0000000c     libclang_rt.builtins.a : aeabi_memset.S.obj (.text.__aeabi_memclr)
                  00013b7c    0000000a     driverlib.a : dl_common.o (.text.DL_Common_delayCycles)
                  00013b86    0000000a     motion_action.o (.text.MotionAction_Resume)
                  00013b90    0000000a     motion_action.o (.text.MotionAction_Start)
                  00013b9a    0000000a     track_sensor.o (.text.TrackSensor_IsCenterDetected)
                  00013ba4    0000000a     track_sensor.o (.text.TrackSensor_IsLineDetected)
                  00013bae    0000000a     track_sensor.o (.text.TrackSensor_IsLineLost)
                  00013bb8    00000008     car_controller.o (.text.CarController_GetFeedback)
                  00013bc0    00000008     fault.o (.text.Fault_GetRecord)
                  00013bc8    00000008     gimbal_stepper.o (.text.GimbalStepper_GetFeedback)
                  00013bd0    00000008     heading_control.o (.text.HeadingControl_GetRuntime)
                  00013bd8    00000008     imu.o (.text.Imu_GetRuntime)
                  00013be0    00000008     line_controller.o (.text.LineController_GetRuntime)
                  00013be8    00000008     mission_manager.o (.text.MissionManager_GetMissionCount)
                  00013bf0    00000008     mission_manager.o (.text.MissionManager_GetRuntime)
                  00013bf8    00000008     motion_action.o (.text.MotionAction_GetRuntime)
                  00013c00    00000008     motor_control.o (.text.MotorControl_GetRuntime)
                  00013c08    00000008     obstacle_avoidance.o (.text.ObstacleAvoidance_GetFeedback)
                  00013c10    00000008     obstacle_monitor.o (.text.ObstacleMonitor_GetFeedback)
                  00013c18    00000008     oled_ui.o (.text.OledUi_Init)
                  00013c20    00000008     runtime_snapshot.o (.text.RuntimeSnapshot_Get)
                  00013c28    00000008     servo.o (.text.Servo_GetFeedback)
                  00013c30    00000008     ultrasonic.o (.text.Ultrasonic_GetFeedback)
                  00013c38    00000008     vision_receiver.o (.text.VisionReceiver_GetStatus)
                  00013c40    00000008     vision_tuning_console.o (.text.VisionTuningConsole_GetStatus)
                  00013c48    00000008     watchdog_monitor.o (.text.WatchdogMonitor_GetStatus)
                  00013c50    00000008     wheel_speed_estimator.o (.text.WheelSpeedEstimator_GetRuntime)
                  00013c58    00000008     libclang_rt.builtins.a : aeabi_memcpy.S.obj (.text.__aeabi_memcpy)
                  00013c60    00000008                            : aeabi_memmove.S.obj (.text.__aeabi_memmove)
                  00013c68    00000006     libc.a : exit.c.obj (.text:abort)
                  00013c6e    00000004     libsysbm.a : hostexit.c.obj (.text.HOSTexit)
                  00013c72    00000004     mission_library.o (.text.MissionLibrary_GetCount)
                  00013c76    00000004     obstacle_avoidance.o (.text.ObstacleAvoidance_IsResumeGraceActive)
                  00013c7a    00000004     startup_mspm0g350x_ticlang.o (.text.Reset_Handler)
                  00013c7e    00000004     libc.a : pre_init.c.obj (.text._system_pre_init)
                  00013c82    0000000e     --HOLE-- [fill = 0]

.cinit     0    00014760    00000030     
                  00014760    0000000c     (__TI_handler_table)
                  0001476c    00000008     (.cinit..bss.load) [load image, compression = zero_init]
                  00014774    00000008     (.cinit..data.load) [load image, compression = lzss]
                  0001477c    00000010     (__TI_cinit_table)
                  0001478c    00000004     --HOLE-- [fill = 0]

.rodata    0    00013c90    00000ad0     
                  00013c90    000000d8     oled.o (.rodata..Lswitch.table.OLED_PrintChar)
                  00013d68    00000048     mission_library.o (.rodata.g_missionCompetitionMain)
                  00013db0    00000048     mission_library.o (.rodata.g_missionTestDistance20)
                  00013df8    00000048     mission_library.o (.rodata.g_missionTestLine)
                  00013e40    00000048     mission_library.o (.rodata.g_missionTestTurn)
                  00013e88    00000040     mission_library.o (.rodata.g_missionRegistry)
                  00013ec8    0000002c     oled_ui.o (.rodata..Lswitch.table.print_status_page)
                  00013ef4    00000028     car_controller.o (.rodata..Lswitch.table.CarController_RunModeToString)
                  00013f1c    00000020     menu.o (.rodata..Lswitch.table.Menu_ParamItemToString)
                  00013f3c    0000001c     oled_ui.o (.rodata..Lswitch.table.OledUi_Update_20ms.120)
                  00013f58    0000001c     vision_tuning_console.o (.rodata.str1.1836208005852235077.1)
                  00013f74    00000018     car_state.o (.rodata..Lswitch.table.CarState_ToString)
                  00013f8c    00000018     vision_pitch_tuning.o (.rodata..Lswitch.table.VisionPitchTuning_ParamName)
                  00013fa4    00000018     oled_ui.o (.rodata..Lswitch.table.print_status_page.121)
                  00013fbc    00000018     app.o (.rodata.str1.3994855026183401623.1)
                  00013fd4    00000016     app.o (.rodata.str1.10370861725203452414.1)
                  00013fea    00000016     app.o (.rodata.str1.16363875852440222089.1)
                  00014000    00000015     app.o (.rodata.str1.12363847334704989178.1)
                  00014015    00000015     app.o (.rodata.str1.1944712146988729081.1)
                  0001402a    00000002     ti_msp_dl_config.o (.rodata.gUART_BLUETOOTHClockConfig)
                  0001402c    00000014     vision_yaw_tuning.o (.rodata..Lswitch.table.VisionYawTuning_ParamName)
                  00014040    00000014     app.o (.rodata..Lswitch.table.app_remote_dispatch_tokens.92)
                  00014054    00000014     oled_ui.o (.rodata..Lswitch.table.print_status_page.122)
                  00014068    00000014     app.o (.rodata.str1.1428064158287234977.1)
                  0001407c    00000013     app.o (.rodata.str1.10678445697442035063.1)
                  0001408f    00000012     app.o (.rodata.str1.17399001118936924778.1)
                  000140a1    00000012     app.o (.rodata.str1.4569028545979382413.1)
                  000140b3    00000012     app.o (.rodata.str1.7256834521257261525.1)
                  000140c5    00000011     app.o (.rodata.str1.10201341428208791189.1)
                  000140d6    00000011     app.o (.rodata.str1.16027775433168351399.1)
                  000140e7    00000011     app.o (.rodata.str1.2540114484728192048.1)
                  000140f8    00000011     app.o (.rodata.str1.2865839870395542595.1)
                  00014109    00000011     app.o (.rodata.str1.5697808172495890429.1)
                  0001411a    00000011     app.o (.rodata.str1.6838489472292434579.1)
                  0001412b    00000010     app.o (.rodata.str1.11016788133198141870.1)
                  0001413b    00000010     app.o (.rodata.str1.12846834802551182568.1)
                  0001414b    00000010     app.o (.rodata.str1.6257995686053783187.1)
                  0001415b    0000000e     oled_ui.o (.rodata.str1.10416366799939242409.1)
                  00014169    0000000e     app.o (.rodata.str1.10444262525283912398.1)
                  00014177    0000000d     app.o (.rodata.str1.11879963978103418143.1)
                  00014184    0000000d     app.o (.rodata.str1.5602021903949372904.1)
                  00014191    00000003     ti_msp_dl_config.o (.rodata.gPWM_MOTORClockConfig)
                  00014194    0000000c     oled_ui.o (.rodata..Lswitch.table.OledUi_Update_20ms)
                  000141a0    0000000c     app.o (.rodata..Lswitch.table.app_remote_dispatch_tokens)
                  000141ac    0000000c     app.o (.rodata.str1.15213098692428571688.1)
                  000141b8    0000000c     app.o (.rodata.str1.16810183106006904764.1)
                  000141c4    0000000c     app.o (.rodata.str1.300513063366140995.1)
                  000141d0    0000000c     app.o (.rodata.str1.8821673477993256101.1)
                  000141dc    0000000c     app.o (.rodata.str1.9736592238987147851.1)
                  000141e8    0000000b     oled_ui.o (.rodata.str1.13882251010780863896.1)
                  000141f3    0000000b     app.o (.rodata.str1.13935281678674483141.1)
                  000141fe    0000000b     app.o (.rodata.str1.16907334182888988062.1)
                  00014209    00000001     --HOLE-- [fill = 0]
                  0001420a    0000000a     ti_msp_dl_config.o (.rodata.gUART_BLUETOOTHConfig)
                  00014214    0000000a     ti_msp_dl_config.o (.rodata.gUART_VISIONConfig)
                  0001421e    0000000a     oled_ui.o (.rodata.str1.10077435089618835710.1)
                  00014228    0000000a     mission_library.o (.rodata.str1.13636476544574750902.1)
                  00014232    0000000a     mission_library.o (.rodata.str1.15668266851434757964.1)
                  0001423c    0000000a     oled_ui.o (.rodata.str1.17540787658903907660.1)
                  00014246    0000000a     mission_library.o (.rodata.str1.199678142196697465.1)
                  00014250    0000000a     vision_tuning_console.o (.rodata.str1.4859846923128959820.1)
                  0001425a    0000000a     vision_tuning_console.o (.rodata.str1.7225688704195888286.1)
                  00014264    00000009     oled_ui.o (.rodata.str1.15917848551323629232.1)
                  0001426d    00000003     app.o (.rodata.str1.10250497020811341304.1)
                  00014270    00000008     ti_msp_dl_config.o (.rodata.gPWM_MOTORConfig)
                  00014278    00000008     vision_tuning_console.o (.rodata.str1.11718269490974306969.1)
                  00014280    00000008     oled_ui.o (.rodata.str1.12493748764729730277.1)
                  00014288    00000008     oled_ui.o (.rodata.str1.130772507669342127.1)
                  00014290    00000008     oled_ui.o (.rodata.str1.17464849429964608858.1)
                  00014298    00000008     vision_tuning_console.o (.rodata.str1.3293472937029561918.1)
                  000142a0    00000008     oled_ui.o (.rodata.str1.9351772214919528733.1)
                  000142a8    00000007     vision_tuning_console.o (.rodata.str1.10860306953068020798.1)
                  000142af    00000007     app.o (.rodata.str1.11496703787469058505.1)
                  000142b6    00000007     app.o (.rodata.str1.11849843482968746561.1)
                  000142bd    00000007     app.o (.rodata.str1.13047991517565047521.1)
                  000142c4    00000007     mission_library.o (.rodata.str1.1440970855772709381.1)
                  000142cb    00000007     mission_manager.o (.rodata.str1.378057020374253378.1)
                  000142d2    00000007     app.o (.rodata.str1.4454204961402941108.1)
                  000142d9    00000007     oled_ui.o (.rodata.str1.4610220316623841660.1)
                  000142e0    00000007     app.o (.rodata.str1.6961527725762523919.1)
                  000142e7    00000006     oled_ui.o (.rodata.str1.1019225241002246410.1)
                  000142ed    00000006     vision_tuning_console.o (.rodata.str1.10319329813075420582.1)
                  000142f3    00000006     oled_ui.o (.rodata.str1.11232419324784801130.1)
                  000142f9    00000006     app.o (.rodata.str1.13152753855131087754.1)
                  000142ff    00000006     app.o (.rodata.str1.13595109925716521204.1)
                  00014305    00000006     app.o (.rodata.str1.13719379709283632147.1)
                  0001430b    00000006     oled_ui.o (.rodata.str1.1445687256832830955.1)
                  00014311    00000006     app.o (.rodata.str1.15806209423872462041.1)
                  00014317    00000006     oled_ui.o (.rodata.str1.15817398807211891688.1)
                  0001431d    00000006     oled_ui.o (.rodata.str1.16411631209783952401.1)
                  00014323    00000006     car_state.o (.rodata.str1.1675797584173499143.1)
                  00014329    00000006     app.o (.rodata.str1.2636138999981784935.1)
                  0001432f    00000006     vision_tuning_console.o (.rodata.str1.4028100529439820245.1)
                  00014335    00000006     car_state.o (.rodata.str1.41590466491370331.1)
                  0001433b    00000006     app.o (.rodata.str1.459633387597029752.1)
                  00014341    00000006     oled_ui.o (.rodata.str1.5291836437463020264.1)
                  00014347    00000006     car_controller.o (.rodata.str1.5475209154116713896.1)
                  0001434d    00000006     oled_ui.o (.rodata.str1.5965888106848176421.1)
                  00014353    00000006     app.o (.rodata.str1.6842359452639101718.1)
                  00014359    00000006     oled_ui.o (.rodata.str1.7050595558965647569.1)
                  0001435f    00000006     app.o (.rodata.str1.7777424699149452427.1)
                  00014365    00000006     oled_ui.o (.rodata.str1.8783421139296713095.1)
                  0001436b    00000006     app.o (.rodata.str1.8951131030274028623.1)
                  00014371    00000006     oled_ui.o (.rodata.str1.9544068167406571052.1)
                  00014377    00000006     oled_ui.o (.rodata.str1.9992244628984851027.1)
                  0001437d    00000005     motion_action.o (.rodata..Lswitch.table.MotionAction_Update_20ms)
                  00014382    00000005     oled.o (.rodata.oled_get_glyph.colon)
                  00014387    00000005     oled.o (.rodata.oled_get_glyph.eight)
                  0001438c    00000005     oled.o (.rodata.oled_get_glyph.five)
                  00014391    00000005     oled.o (.rodata.oled_get_glyph.four)
                  00014396    00000005     oled.o (.rodata.oled_get_glyph.glyphA)
                  0001439b    00000005     oled.o (.rodata.oled_get_glyph.glyphB)
                  000143a0    00000005     oled.o (.rodata.oled_get_glyph.glyphC)
                  000143a5    00000005     oled.o (.rodata.oled_get_glyph.glyphD)
                  000143aa    00000005     oled.o (.rodata.oled_get_glyph.glyphE)
                  000143af    00000005     oled.o (.rodata.oled_get_glyph.glyphF)
                  000143b4    00000005     oled.o (.rodata.oled_get_glyph.glyphG)
                  000143b9    00000005     oled.o (.rodata.oled_get_glyph.glyphH)
                  000143be    00000005     oled.o (.rodata.oled_get_glyph.glyphI)
                  000143c3    00000005     oled.o (.rodata.oled_get_glyph.glyphK)
                  000143c8    00000005     oled.o (.rodata.oled_get_glyph.glyphL)
                  000143cd    00000005     oled.o (.rodata.oled_get_glyph.glyphM)
                  000143d2    00000005     oled.o (.rodata.oled_get_glyph.glyphN)
                  000143d7    00000005     oled.o (.rodata.oled_get_glyph.glyphO)
                  000143dc    00000005     oled.o (.rodata.oled_get_glyph.glyphP)
                  000143e1    00000005     oled.o (.rodata.oled_get_glyph.glyphR)
                  000143e6    00000005     oled.o (.rodata.oled_get_glyph.glyphS)
                  000143eb    00000005     oled.o (.rodata.oled_get_glyph.glyphT)
                  000143f0    00000005     oled.o (.rodata.oled_get_glyph.glyphU)
                  000143f5    00000005     oled.o (.rodata.oled_get_glyph.glyphV)
                  000143fa    00000005     oled.o (.rodata.oled_get_glyph.glyphW)
                  000143ff    00000005     oled.o (.rodata.oled_get_glyph.glyphX)
                  00014404    00000005     oled.o (.rodata.oled_get_glyph.glyphY)
                  00014409    00000005     oled.o (.rodata.oled_get_glyph.glyphb)
                  0001440e    00000005     oled.o (.rodata.oled_get_glyph.gt)
                  00014413    00000005     oled.o (.rodata.oled_get_glyph.minus)
                  00014418    00000005     oled.o (.rodata.oled_get_glyph.nine)
                  0001441d    00000005     oled.o (.rodata.oled_get_glyph.one)
                  00014422    00000005     oled.o (.rodata.oled_get_glyph.seven)
                  00014427    00000005     oled.o (.rodata.oled_get_glyph.six)
                  0001442c    00000005     oled.o (.rodata.oled_get_glyph.space)
                  00014431    00000005     oled.o (.rodata.oled_get_glyph.three)
                  00014436    00000005     oled.o (.rodata.oled_get_glyph.two)
                  0001443b    00000005     oled.o (.rodata.oled_get_glyph.zero)
                  00014440    00000005     oled_ui.o (.rodata.str1.10263419832828250601.1)
                  00014445    00000005     oled_ui.o (.rodata.str1.10430294223631918979.1)
                  0001444a    00000005     app.o (.rodata.str1.1203029987332226495.1)
                  0001444f    00000005     app.o (.rodata.str1.12290654951824413813.1)
                  00014454    00000005     app.o (.rodata.str1.12441497784875596899.1)
                  00014459    00000005     car_controller.o (.rodata.str1.12442237994239546032.1)
                  0001445e    00000005     oled_ui.o (.rodata.str1.12617122458660443890.1)
                  00014463    00000005     app.o (.rodata.str1.1329290160258583221.1)
                  00014468    00000005     vision_pitch_tuning.o (.rodata.str1.13915893147848268398.1)
                  0001446d    00000005     fault.o (.rodata.str1.14435905801345341244.1)
                  00014472    00000005     app.o (.rodata.str1.14614617329940285853.1)
                  00014477    00000005     oled_ui.o (.rodata.str1.14711868471336838103.1)
                  0001447c    00000005     oled_ui.o (.rodata.str1.14774750633985060196.1)
                  00014481    00000005     fault.o (.rodata.str1.1506612114648992996.1)
                  00014486    00000005     oled_ui.o (.rodata.str1.15132332204781002199.1)
                  0001448b    00000005     oled_ui.o (.rodata.str1.15575624326185233262.1)
                  00014490    00000005     oled_ui.o (.rodata.str1.15577080202403550426.1)
                  00014495    00000005     oled_ui.o (.rodata.str1.15613891207764622616.1)
                  0001449a    00000005     oled_ui.o (.rodata.str1.15802367878353263018.1)
                  0001449f    00000005     oled_ui.o (.rodata.str1.15829239520183577662.1)
                  000144a4    00000005     car_controller.o (.rodata.str1.1652194605229746967.1)
                  000144a9    00000005     oled_ui.o (.rodata.str1.16526439943277383452.1)
                  000144ae    00000005     app.o (.rodata.str1.16692611307951120442.1)
                  000144b3    00000005     app.o (.rodata.str1.16845902142436992655.1)
                  000144b8    00000005     oled_ui.o (.rodata.str1.16939060351352778619.1)
                  000144bd    00000005     fault.o (.rodata.str1.17097894860660336008.1)
                  000144c2    00000005     fault.o (.rodata.str1.17155043670132108083.1)
                  000144c7    00000005     vision_tuning_console.o (.rodata.str1.17265544270347038021.1)
                  000144cc    00000005     app.o (.rodata.str1.17432819948416611743.1)
                  000144d1    00000005     oled_ui.o (.rodata.str1.17763996158807330232.1)
                  000144d6    00000005     oled_ui.o (.rodata.str1.17884296644359297425.1)
                  000144db    00000005     app.o (.rodata.str1.1796468832600293665.1)
                  000144e0    00000005     app.o (.rodata.str1.17980129702820282969.1)
                  000144e5    00000005     app.o (.rodata.str1.1893846744673705871.1)
                  000144ea    00000005     oled_ui.o (.rodata.str1.1974573040514735405.1)
                  000144ef    00000005     fault.o (.rodata.str1.2104670281202025270.1)
                  000144f4    00000005     oled_ui.o (.rodata.str1.2308938766145545715.1)
                  000144f9    00000005     oled_ui.o (.rodata.str1.240075016795266086.1)
                  000144fe    00000005     oled_ui.o (.rodata.str1.2522137003438374266.1)
                  00014503    00000005     app.o (.rodata.str1.2568190970272041647.1)
                  00014508    00000005     app.o (.rodata.str1.2606929252065540862.1)
                  0001450d    00000005     oled_ui.o (.rodata.str1.2608729314174233125.1)
                  00014512    00000005     oled_ui.o (.rodata.str1.270145429241168923.1)
                  00014517    00000005     oled_ui.o (.rodata.str1.3455423528827705371.1)
                  0001451c    00000005     app.o (.rodata.str1.3543938948723267646.1)
                  00014521    00000005     car_controller.o (.rodata.str1.4164979912472006574.1)
                  00014526    00000005     app.o (.rodata.str1.4360399834097859481.1)
                  0001452b    00000005     fault.o (.rodata.str1.4453281041433270631.1)
                  00014530    00000005     fault.o (.rodata.str1.4549004730087743662.1)
                  00014535    00000005     oled_ui.o (.rodata.str1.4581472623415959594.1)
                  0001453a    00000005     oled_ui.o (.rodata.str1.4582914374586912483.1)
                  0001453f    00000005     car_controller.o (.rodata.str1.4850163232891874878.1)
                  00014544    00000005     menu.o (.rodata.str1.4862307748908978627.1)
                  00014549    00000005     oled_ui.o (.rodata.str1.4932371652560868037.1)
                  0001454e    00000005     oled_ui.o (.rodata.str1.5004483696121082904.1)
                  00014553    00000005     app.o (.rodata.str1.5135238925662358659.1)
                  00014558    00000005     app.o (.rodata.str1.5950367083599167409.1)
                  0001455d    00000005     oled_ui.o (.rodata.str1.5965450730569173784.1)
                  00014562    00000005     fault.o (.rodata.str1.6372787129294360447.1)
                  00014567    00000005     fault.o (.rodata.str1.6437946768974223044.1)
                  0001456c    00000005     oled_ui.o (.rodata.str1.6806727740681590176.1)
                  00014571    00000005     app.o (.rodata.str1.6810515665389614968.1)
                  00014576    00000005     app.o (.rodata.str1.6937253152838018734.1)
                  0001457b    00000005     oled_ui.o (.rodata.str1.6954814719705590448.1)
                  00014580    00000005     car_controller.o (.rodata.str1.702403006289709404.1)
                  00014585    00000005     app.o (.rodata.str1.7228600276961548272.1)
                  0001458a    00000005     vision_yaw_tuning.o (.rodata.str1.7764041101441114269.1)
                  0001458f    00000005     oled_ui.o (.rodata.str1.7774807581888385879.1)
                  00014594    00000005     oled_ui.o (.rodata.str1.8124536758062367015.1)
                  00014599    00000005     app.o (.rodata.str1.8149634197813164057.1)
                  0001459e    00000005     fault.o (.rodata.str1.8185770893384132067.1)
                  000145a3    00000005     app.o (.rodata.str1.8214673950224663419.1)
                  000145a8    00000005     car_state.o (.rodata.str1.8223341253983108753.1)
                  000145ad    00000005     oled_ui.o (.rodata.str1.8426569189266129334.1)
                  000145b2    00000005     oled_ui.o (.rodata.str1.8471462185882660445.1)
                  000145b7    00000005     app.o (.rodata.str1.8682387830711593804.1)
                  000145bc    00000005     oled_ui.o (.rodata.str1.8693388333057100694.1)
                  000145c1    00000005     car_state.o (.rodata.str1.8698975129455933903.1)
                  000145c6    00000005     oled_ui.o (.rodata.str1.8709745090823444516.1)
                  000145cb    00000005     app.o (.rodata.str1.9222971948914276833.1)
                  000145d0    00000005     oled_ui.o (.rodata.str1.9611283282870761829.1)
                  000145d5    00000005     oled_ui.o (.rodata.str1.9822857334037886482.1)
                  000145da    00000005     car_controller.o (.rodata.str1.9981487771679760427.1)
                  000145df    00000004     app.o (.rodata.str1.10450196737795524526.1)
                  000145e3    00000004     oled_ui.o (.rodata.str1.10509309789429088155.1)
                  000145e7    00000004     oled_ui.o (.rodata.str1.10568433575767188072.1)
                  000145eb    00000004     oled_ui.o (.rodata.str1.11428648044669318875.1)
                  000145ef    00000004     app.o (.rodata.str1.1201226133333828823.1)
                  000145f3    00000004     oled_ui.o (.rodata.str1.12182588061437138428.1)
                  000145f7    00000004     car_controller.o (.rodata.str1.12661897076542654461.1)
                  000145fb    00000004     oled_ui.o (.rodata.str1.12697925274637991987.1)
                  000145ff    00000004     oled_ui.o (.rodata.str1.12928245060369742404.1)
                  00014603    00000004     oled_ui.o (.rodata.str1.13244290092665904221.1)
                  00014607    00000004     oled_ui.o (.rodata.str1.13567883086814673087.1)
                  0001460b    00000004     fault.o (.rodata.str1.13582094816268305212.1)
                  0001460f    00000004     oled_ui.o (.rodata.str1.13790669171379415506.1)
                  00014613    00000004     car_state.o (.rodata.str1.13986535679874659196.1)
                  00014617    00000004     vision_tuning_console.o (.rodata.str1.14084955404328172175.1)
                  0001461b    00000004     oled_ui.o (.rodata.str1.14556837007311414654.1)
                  0001461f    00000004     oled_ui.o (.rodata.str1.14740362735394205067.1)
                  00014623    00000004     oled_ui.o (.rodata.str1.15008238333949226094.1)
                  00014627    00000004     app.o (.rodata.str1.16143489755095309550.1)
                  0001462b    00000004     oled_ui.o (.rodata.str1.16290499236105125126.1)
                  0001462f    00000004     menu.o (.rodata.str1.16312125044762562515.1)
                  00014633    00000004     fault.o (.rodata.str1.16482347271627360806.1)
                  00014637    00000004     oled_ui.o (.rodata.str1.16554583589798097927.1)
                  0001463b    00000004     vision_pitch_tuning.o (.rodata.str1.16579632732967443104.1)
                  0001463f    00000004     oled_ui.o (.rodata.str1.16635595130967924751.1)
                  00014643    00000004     oled_ui.o (.rodata.str1.16849766574302683489.1)
                  00014647    00000004     oled_ui.o (.rodata.str1.16895433903389883335.1)
                  0001464b    00000004     oled_ui.o (.rodata.str1.16931641404301806744.1)
                  0001464f    00000004     menu.o (.rodata.str1.17041139162815566052.1)
                  00014653    00000004     car_controller.o (.rodata.str1.17172356789460551389.1)
                  00014657    00000004     oled_ui.o (.rodata.str1.17274519358952562110.1)
                  0001465b    00000004     oled_ui.o (.rodata.str1.17763087492223448992.1)
                  0001465f    00000004     car_controller.o (.rodata.str1.18191498530309206443.1)
                  00014663    00000004     oled_ui.o (.rodata.str1.18266126048138325213.1)
                  00014667    00000004     oled_ui.o (.rodata.str1.18379317056176403938.1)
                  0001466b    00000004     oled_ui.o (.rodata.str1.2742282290834473644.1)
                  0001466f    00000004     oled_ui.o (.rodata.str1.2983744876309220570.1)
                  00014673    00000004     oled_ui.o (.rodata.str1.3407221357956504873.1)
                  00014677    00000004     app.o (.rodata.str1.3437893941128827834.1)
                  0001467b    00000004     oled_ui.o (.rodata.str1.3467953211977455017.1)
                  0001467f    00000004     car_state.o (.rodata.str1.3601627812925153765.1)
                  00014683    00000004     oled_ui.o (.rodata.str1.3702290527496711532.1)
                  00014687    00000004     oled_ui.o (.rodata.str1.4581686099848791648.1)
                  0001468b    00000004     menu.o (.rodata.str1.4646809750356241979.1)
                  0001468f    00000004     oled_ui.o (.rodata.str1.5853739094453432564.1)
                  00014693    00000004     oled_ui.o (.rodata.str1.7185587941321649510.1)
                  00014697    00000004     oled_ui.o (.rodata.str1.7219546930854689545.1)
                  0001469b    00000004     fault.o (.rodata.str1.7255546073596598018.1)
                  0001469f    00000004     oled_ui.o (.rodata.str1.7419768602719733415.1)
                  000146a3    00000004     app.o (.rodata.str1.7550388926703112983.1)
                  000146a7    00000004     oled_ui.o (.rodata.str1.8018480777946742726.1)
                  000146ab    00000004     oled_ui.o (.rodata.str1.8236579331345056500.1)
                  000146af    00000004     oled_ui.o (.rodata.str1.8399051469953744892.1)
                  000146b3    00000004     oled_ui.o (.rodata.str1.8403269972884532600.1)
                  000146b7    00000004     oled_ui.o (.rodata.str1.8460525935980491721.1)
                  000146bb    00000004     app.o (.rodata.str1.8524103983287916360.1)
                  000146bf    00000004     oled_ui.o (.rodata.str1.9102528229756940648.1)
                  000146c3    00000004     oled_ui.o (.rodata.str1.9159586779647977165.1)
                  000146c7    00000004     oled_ui.o (.rodata.str1.9229350655415085.1)
                  000146cb    00000004     car_controller.o (.rodata.str1.9234375891235759983.1)
                  000146cf    00000004     vision_tuning_console.o (.rodata.str1.9292707793305368794.1)
                  000146d3    00000004     oled_ui.o (.rodata.str1.9295666102996717355.1)
                  000146d7    00000004     vision_yaw_tuning.o (.rodata.str1.9489746196023004463.1)
                  000146db    00000004     menu.o (.rodata.str1.9546740394641817443.1)
                  000146df    00000004     oled_ui.o (.rodata.str1.9584387800903135389.1)
                  000146e3    00000004     oled_ui.o (.rodata.str1.967006512144173535.1)
                  000146e7    00000004     oled_ui.o (.rodata.str1.9854382722193312766.1)
                  000146eb    00000003     vision_pitch_tuning.o (.rodata.str1.10553819018306626402.1)
                  000146ee    00000003     oled_ui.o (.rodata.str1.1108652269057166745.1)
                  000146f1    00000003     oled_ui.o (.rodata.str1.12043213579996415112.1)
                  000146f4    00000003     menu.o (.rodata.str1.12110183915172842339.1)
                  000146f7    00000003     vision_tuning_console.o (.rodata.str1.12197883643583142124.1)
                  000146fa    00000003     app.o (.rodata.str1.12497096898470556516.1)
                  000146fd    00000003     oled_ui.o (.rodata.str1.12983537867572525563.1)
                  00014700    00000003     menu.o (.rodata.str1.13124720451672825294.1)
                  00014703    00000003     oled_ui.o (.rodata.str1.13871579367539052597.1)
                  00014706    00000003     menu.o (.rodata.str1.14098755746347272832.1)
                  00014709    00000003     oled_ui.o (.rodata.str1.14134189893851348960.1)
                  0001470c    00000003     app.o (.rodata.str1.14141965288680528547.1)
                  0001470f    00000003     oled_ui.o (.rodata.str1.14358698208395374265.1)
                  00014712    00000003     oled_ui.o (.rodata.str1.14521350379984854626.1)
                  00014715    00000003     vision_pitch_tuning.o (.rodata.str1.15082469624955958926.1)
                  00014718    00000003     vision_yaw_tuning.o (.rodata.str1.15455206247194842411.1)
                  0001471b    00000003     oled_ui.o (.rodata.str1.15859922799842739878.1)
                  0001471e    00000003     oled_ui.o (.rodata.str1.15935041339501476673.1)
                  00014721    00000003     vision_tuning_console.o (.rodata.str1.16336339630363933256.1)
                  00014724    00000003     vision_pitch_tuning.o (.rodata.str1.17185918124541117546.1)
                  00014727    00000003     oled_ui.o (.rodata.str1.17812014771544466701.1)
                  0001472a    00000003     vision_pitch_tuning.o (.rodata.str1.18308346119964257230.1)
                  0001472d    00000003     oled_ui.o (.rodata.str1.2193316011307952170.1)
                  00014730    00000003     vision_pitch_tuning.o (.rodata.str1.2353024170771920291.1)
                  00014733    00000003     oled_ui.o (.rodata.str1.2603845803395459882.1)
                  00014736    00000003     oled_ui.o (.rodata.str1.2656948373757303877.1)
                  00014739    00000003     app.o (.rodata.str1.3926683289694998730.1)
                  0001473c    00000003     vision_yaw_tuning.o (.rodata.str1.4032468970572441659.1)
                  0001473f    00000003     oled_ui.o (.rodata.str1.4402311448527872260.1)
                  00014742    00000003     app.o (.rodata.str1.5290328808575308624.1)
                  00014745    00000003     vision_yaw_tuning.o (.rodata.str1.6393086909333857079.1)
                  00014748    00000003     vision_yaw_tuning.o (.rodata.str1.6657421771701333087.1)
                  0001474b    00000003     menu.o (.rodata.str1.6857549598058878762.1)
                  0001474e    00000003     fault.o (.rodata.str1.8193046109637024842.1)
                  00014751    00000003     app.o (.rodata.str1.8900468877210241818.1)
                  00014754    00000003     oled_ui.o (.rodata.str1.8950259614286592359.1)
                  00014757    00000003     oled_ui.o (.rodata.str1.9646571805098343045.1)
                  0001475a    00000002     ti_msp_dl_config.o (.rodata.gUART_VISIONClockConfig)
                  0001475c    00000002     oled_ui.o (.rodata.str1.3025253791635144717.1)
                  0001475e    00000002     --HOLE-- [fill = 0]

.init_array 
*          0    00000000    00000000     UNINITIALIZED

.binit     0    00000000    00000000     

.bss       0    20200000    0000148c     UNINITIALIZED
                  20200000    00000400     oled.o (.bss.g_oledFrame)
                  20200400    00000200     vision_receiver.o (.bss.g_ring)
                  20200600    000001d0     runtime_snapshot.o (.bss.g_snapshot)
                  202007d0    00000194     app.o (.bss.g_remoteCommandCache)
                  20200964    00000110     (.common:g_appConfig)
                  20200a74    00000100     vision_tuning_console.o (.bss.g_rxRing)
                  20200b74    00000100     bluetooth_uart.o (.bss.g_txRing)
                  20200c74    00000100     vision_tuning_console.o (.bss.g_txRing)
                  20200d74    00000084     (.common:g_imuRuntime)
                  20200df8    00000080     bluetooth_uart.o (.bss.g_rxRing)
                  20200e78    0000007c     motor_control.o (.bss.g_runtime)
                  20200ef4    00000070     (.common:g_appRuntime)
                  20200f64    00000058     vision_receiver.o (.bss.g_status)
                  20200fbc    00000004     imu.o (.bss.g_elapsedSinceValidSampleMs)
                  20200fc0    00000058     (.common:g_wheelSpeedEstimatorRuntime)
                  20201018    00000040     gimbal.o (.bss.g_feedback)
                  20201058    00000040     vision_tuning_console.o (.bss.g_line)
                  20201098    00000040     line_controller.o (.bss.g_lineRuntime)
                  202010d8    00000040     app.o (.bss.g_remoteDispatchPayload)
                  20201118    00000040     app.o (.bss.g_remoteLine)
                  20201158    00000030     mission_manager.o (.bss.g_transientActions)
                  20201188    00000030     (.common:gUART_VISIONBackup)
                  202011b8    0000002c     vision_receiver.o (.bss.g_observation)
                  202011e4    0000002c     empty.o (.bss.g_schedulerStats)
                  20201210    00000028     vision_receiver.o (.bss.g_frame)
                  20201238    00000020     bluetooth_uart.o (.bss.g_runtime)
                  20201258    0000001c     mission_manager.o (.bss.g_missionRuntime)
                  20201274    0000001c     (.common:g_headingRuntime)
                  20201290    00000018     obstacle_avoidance.o (.bss.g_avoidFeedback)
                  202012a8    00000018     gimbal_stepper.o (.bss.g_feedback)
                  202012c0    00000018     vision_pitch_tuning.o (.bss.g_status)
                  202012d8    00000018     vision_tuning_console.o (.bss.g_status)
                  202012f0    00000014     motion_action.o (.bss.g_motionActionRuntime)
                  20201304    00000004     debug_telemetry.o (.bss.g_lastFrameMs)
                  20201308    00000014     vision_yaw_tuning.o (.bss.g_status)
                  2020131c    00000014     watchdog_monitor.o (.bss.g_status)
                  20201330    00000010     fault.o (.bss.g_faultRecord)
                  20201340    00000010     motor.o (.bss.g_motorRuntime)
                  20201350    00000010     mission_manager.o (.bss.g_transientDefinition)
                  20201360    0000000e     car_controller.o (.bss.g_carControllerFeedback)
                  2020136e    00000002     ultrasonic.o (.bss.g_echoTicks)
                  20201370    0000000e     ultrasonic.o (.bss.g_ultrasonicFeedback)
                  2020137e    00000002     app.o (.bss.g_remoteLastErrorCode)
                  20201380    0000000c     magnet.o (.bss.g_runtime)
                  2020138c    0000000c     debug_telemetry.o (.bss.g_status)
                  20201398    00000008     obstacle_monitor.o (.bss.g_obstacleFeedback)
                  202013a0    00000008     app.o (.bss.g_remoteDispatchCommand)
                  202013a8    00000008     gimbal.o (.bss.g_yawContinuousDegX10)
                  202013b0    00000008     gimbal.o (.bss.g_yawLockedWorldYawDegX10)
                  202013b8    00000008     gimbal.o (.bss.g_yawTargetContinuousDegX10)
                  202013c0    00000008     gimbal.o (.bss.g_yawWorldTargetDegX10)
                  202013c8    00000008     gimbal.o (.bss.g_yawWrappedDegX10)
                  202013d0    00000006     ultrasonic.o (.bss.g_distanceSamples)
                  202013d6    00000006     key.o (.bss.g_key1)
                  202013dc    00000006     key.o (.bss.g_key2)
                  202013e2    00000006     key.o (.bss.g_key3)
                  202013e8    00000004     watchdog_monitor.o (.bss.g_lastTickMs)
                  202013ec    00000004     wheel_speed_estimator.o (.bss.g_latchedErrorFlags)
                  202013f0    00000004     empty.o (.bss.g_localTimeMs)
                  202013f4    00000004     encoder.o (.bss.g_motorAPulses)
                  202013f8    00000004     encoder.o (.bss.g_motorBPulses)
                  202013fc    00000004     imu.o (.bss.g_previousValidCorrectedGyroZDps)
                  20201400    00000004     app.o (.bss.g_remoteActionId)
                  20201404    00000004     app.o (.bss.g_remoteActionSequence)
                  20201408    00000004     app.o (.bss.g_remoteActionStartMs)
                  2020140c    00000004     app.o (.bss.g_remoteDispatchSequence)
                  20201410    00000004     app.o (.bss.g_remoteLastActionId)
                  20201414    00000004     app.o (.bss.g_remoteLastContactMs)
                  20201418    00000004     app.o (.bss.g_remoteLastDurationMs)
                  2020141c    00000004     app.o (.bss.g_remoteLineLastByteMs)
                  20201420    00000004     app.o (.bss.g_remoteLinkTimeoutCount)
                  20201424    00000004     mission_manager.o (.bss.g_selectedDefinition)
                  20201428    00000004     servo.o (.bss.g_servoFeedback)
                  2020142c    00000004     gimbal.o (.bss.g_yawCommandedRpm)
                  20201430    00000004     gimbal.o (.bss.g_yawTargetRpm)
                  20201434    00000004     empty.o (.bss.main.lastAppUpdateMs)
                  20201438    00000002     vision_receiver.o (.bss.g_ringHead)
                  2020143a    00000002     vision_receiver.o (.bss.g_ringTail)
                  2020143c    00000002     bluetooth_uart.o (.bss.g_rxHead)
                  2020143e    00000002     vision_tuning_console.o (.bss.g_rxHead)
                  20201440    00000002     bluetooth_uart.o (.bss.g_rxTail)
                  20201442    00000002     vision_tuning_console.o (.bss.g_rxTail)
                  20201444    00000002     servo.o (.bss.g_servoPwmPhase)
                  20201446    00000002     ultrasonic.o (.bss.g_stateTicks)
                  20201448    00000002     bluetooth_uart.o (.bss.g_txHead)
                  2020144a    00000002     vision_tuning_console.o (.bss.g_txHead)
                  2020144c    00000002     bluetooth_uart.o (.bss.g_txTail)
                  2020144e    00000002     vision_tuning_console.o (.bss.g_txTail)
                  20201450    00000002     (.common:g_trackError)
                  20201452    00000001     oled_ui.o (.bss.OledUi_Update_20ms.flushRow)
                  20201453    00000001     oled_ui.o (.bss.OledUi_Update_20ms.refreshDivider)
                  20201454    00000001     empty.o (.bss.SysTick_Handler.controlMsCount)
                  20201455    00000001     empty.o (.bss.SysTick_Handler.tick100usCount)
                  20201456    00000001     ultrasonic.o (.bss.Ultrasonic_Update_20ms.triggerDivider)
                  20201457    00000001     empty.o (.bss.g_appUpdatePending)
                  20201458    00000001     vision_tuning_console.o (.bss.g_capturing)
                  20201459    00000001     car_state.o (.bss.g_carState)
                  2020145a    00000001     obstacle_monitor.o (.bss.g_centerSettleTicks)
                  2020145b    00000001     vision_tuning_console.o (.bss.g_commandTarget)
                  2020145c    00000001     ultrasonic.o (.bss.g_distanceSampleCount)
                  2020145d    00000001     ultrasonic.o (.bss.g_distanceSampleIndex)
                  2020145e    00000001     emergency_stop.o (.bss.g_emergencyStopActive)
                  2020145f    00000001     watchdog_monitor.o (.bss.g_faultApplied)
                  20201460    00000001     watchdog_monitor.o (.bss.g_faultPending)
                  20201461    00000001     vision_receiver.o (.bss.g_frameSize)
                  20201462    00000001     imu.o (.bss.g_integrationHistoryValid)
                  20201463    00000001     wheel_speed_estimator.o (.bss.g_leftFilterInitialized)
                  20201464    00000001     vision_tuning_console.o (.bss.g_lineSize)
                  20201465    00000001     obstacle_safety.o (.bss.g_obstacleSafetyHolding)
                  20201466    00000001     oled.o (.bss.g_oledColumn)
                  20201467    00000001     menu.o (.bss.g_oledPage)
                  20201468    00000001     oled.o (.bss.g_oledPage)
                  20201469    00000001     encoder.o (.bss.g_overflowFlags)
                  2020146a    00000001     menu.o (.bss.g_paramItem)
                  2020146b    00000001     menu.o (.bss.g_paramReturnPage)
                  2020146c    00000001     key.o (.bss.g_pendingEvent)
                  2020146d    00000001     vision_tuning_console.o (.bss.g_prefixIndex)
                  2020146e    00000001     vision_tuning_console.o (.bss.g_prefixTarget)
                  2020146f    00000001     app.o (.bss.g_remoteAction)
                  20201470    00000001     app.o (.bss.g_remoteActionSequenced)
                  20201471    00000001     app.o (.bss.g_remoteDiscardInvalid)
                  20201472    00000001     app.o (.bss.g_remoteDiscardLine)
                  20201473    00000001     app.o (.bss.g_remoteLastAction)
                  20201474    00000001     app.o (.bss.g_remoteLastResult)
                  20201475    00000001     app.o (.bss.g_remoteLineLength)
                  20201476    00000001     app.o (.bss.g_remoteLinkLost)
                  20201477    00000001     app.o (.bss.g_remoteSequenceDispatch)
                  20201478    00000001     mission_manager.o (.bss.g_resumeCurrentAction)
                  20201479    00000001     wheel_speed_estimator.o (.bss.g_rightFilterInitialized)
                  2020147a    00000001     car_controller.o (.bss.g_safetyHold)
                  2020147b    00000001     imu.o (.bss.g_shortGapPending)
                  2020147c    00000001     motor_control.o (.bss.g_targetRefreshed)
                  2020147d    00000001     mission_manager.o (.bss.g_transientActionActive)
                  2020147e    00000001     ultrasonic.o (.bss.g_triggerRequest)
                  2020147f    00000001     ultrasonic.o (.bss.g_ultrasonicState)
                  20201480    00000001     gimbal.o (.bss.g_yawLimitClamped)
                  20201481    00000001     gimbal.o (.bss.g_yawLimitDirection)
                  20201482    00000001     gimbal.o (.bss.g_yawPositionValid)
                  20201483    00000001     gimbal.o (.bss.g_yawWorldLockEnabled)
                  20201484    00000001     (.common:g_carStateDebug)
                  20201485    00000001     (.common:g_keyEvent)
                  20201486    00000001     (.common:g_oledPageDebug)
                  20201487    00000001     (.common:g_paramItemDebug)
                  20201488    00000001     (.common:g_trackBlackCount)
                  20201489    00000001     (.common:g_trackModeDebug)
                  2020148a    00000001     (.common:g_trackRaw)
                  2020148b    00000001     (.common:g_trackTurnDebug)

.data      0    2020148c    00000006     UNINITIALIZED
                  2020148c    00000004     app.o (.data.g_remoteNextActionId)
                  20201490    00000001     car_controller.o (.data.g_followTurnPolicy)
                  20201491    00000001     app.o (.data.g_remoteGear)

.stack     0    20207e00    00000200     UNINITIALIZED
                  20207e00    00000004     libc.a : boot_cortex_m.c.obj (.stack)
                  20207e04    000001fc     --HOLE--

__llvm_prf_cnts 
*          0    20200000    00000000     UNINITIALIZED

__llvm_prf_bits 
*          0    20200000    00000000     UNINITIALIZED

MODULE SUMMARY

       Module                         code    ro data   rw data
       ------                         ----    -------   -------
    .\
       app.o                          21012   758       602    
       oled_ui.o                      11476   698       2      
       vision_tuning_console.o        9616    102       613    
       car_controller.o               4436    92        128    
       imu.o                          4252    0         142    
       oled.o                         2006    406       1026   
       motor_control.o                2768    0         125    
       app_config.o                   2156    0         272    
       line_controller.o              2196    0         64     
       mission_manager.o              1672    7         98     
       vision_receiver.o              1072    0         689    
       bluetooth_uart.o               1318    0         424    
       runtime_snapshot.o             1212    0         464    
       motion_action.o                1400    5         20     
       wheel_speed_estimator.o        1292    0         94     
       menu.o                         1176    65        3      
       gimbal.o                       896     0         116    
       mission_library.o              560     389       0      
       ti_msp_dl_config.o             788     35        48     
       motor.o                        776     0         16     
       vision_protocol.o              732     0         0      
       ultrasonic.o                   596     0         29     
       empty.o                        408     0         55     
       key.o                          436     0         19     
       fault.o                        312     65        16     
       track_sensor.o                 372     0         0      
       heading_control.o              340     0         28     
       watchdog_monitor.o             308     0         26     
       vision_pitch_tuning.o          260     48        24     
       vision_yaw_tuning.o            248     41        20     
       encoder.o                      276     0         9      
       obstacle_safety.o              272     0         1      
       obstacle_monitor.o             192     0         9      
       startup_mspm0g350x_ticlang.o   6       192       0      
       angle_utils.o                  192     0         0      
       emergency_stop.o               188     0         1      
       magnet.o                       176     0         12     
       servo.o                        176     0         6      
       vision_uart.o                  164     0         0      
       car_state.o                    60      54        1      
       obstacle_avoidance.o           62      0         24     
       debug_telemetry.o              56      0         16     
       gimbal_stepper.o               8       0         24     
    +--+------------------------------+-------+---------+---------+
       Total:                         77920   2957      5266   
                                                               
    C:/TI/mspm0_sdk_2_05_01_00/source/ti/driverlib/lib/ticlang/m0p/mspm0g1x0x_g3x0x/driverlib.a
       dl_timer.o                     388     0         0      
       dl_uart.o                      90      0         0      
       dl_common.o                    10      0         0      
    +--+------------------------------+-------+---------+---------+
       Total:                         488     0         0      
                                                               
    D:\TI\CCS\ccs\tools\compiler\ti-cgt-armllvm_4.0.4.LTS\lib\armv6m-ti-none-eabi/c/libc.a
       memcpy16.S.obj                 154     0         0      
       strcmp-armv6m.S.obj            136     0         0      
       copy_decompress_lzss.c.obj     124     0         0      
       memset16.S.obj                 98      0         0      
       autoinit.c.obj                 60      0         0      
       boot_cortex_m.c.obj            40      0         0      
       memmov.c.obj                   40      0         0      
       memcmp.c.obj                   32      0         0      
       copy_decompress_none.c.obj     18      0         0      
       copy_zero_init.c.obj           16      0         0      
       exit.c.obj                     6       0         0      
       pre_init.c.obj                 4       0         0      
    +--+------------------------------+-------+---------+---------+
       Total:                         728     0         0      
                                                               
    D:\TI\CCS\ccs\tools\compiler\ti-cgt-armllvm_4.0.4.LTS\lib\armv6m-ti-none-eabi/c/libsysbm.a
       hostexit.c.obj                 4       0         0      
    +--+------------------------------+-------+---------+---------+
       Total:                         4       0         0      
                                                               
    D:\TI\CCS\ccs\tools\compiler\ti-cgt-armllvm_4.0.4.LTS\lib\armv6m-ti-none-eabi/libclang_rt.builtins.a
       addsf3.S.obj                   216     0         0      
       udivmoddi4.S.obj               162     0         0      
       comparesf2.S.obj               140     0         0      
       mulsf3.S.obj                   140     0         0      
       divsf3.S.obj                   130     0         0      
       aeabi_fcmp.S.obj               98      0         0      
       fixsfdi.S.obj                  96      0         0      
       aeabi_idivmod.S.obj            86      0         0      
       floatdisf.S.obj                78      0         0      
       aeabi_uidivmod.S.obj           64      0         0      
       divmoddi4.c.obj                62      0         0      
       floatsisf.S.obj                60      0         0      
       muldsi3.S.obj                  58      0         0      
       fixsfsi.S.obj                  56      0         0      
       fixunssfsi.S.obj               50      0         0      
       floatunsisf.S.obj              40      0         0      
       muldi3.S.obj                   36      0         0      
       ashldi3.S.obj                  30      0         0      
       aeabi_ldivmod.S.obj            20      0         0      
       aeabi_uldivmod.S.obj           20      0         0      
       aeabi_memset.S.obj             12      0         0      
       aeabi_memcpy.S.obj             8       0         0      
       aeabi_memmove.S.obj            8       0         0      
       aeabi_div0.c.obj               4       0         0      
    +--+------------------------------+-------+---------+---------+
       Total:                         1674    0         0      
                                                               
       Stack:                         0       0         512    
       Linker Generated:              0       44        0      
    +--+------------------------------+-------+---------+---------+
       Grand Total:                   80814   3001      5778   


LINKER GENERATED COPY TABLES

__TI_cinit_table @ 0001477c records: 2, size/record: 8, table size: 16
	.bss: load addr=0001476c, load size=00000008 bytes, run addr=20200000, run size=0000148c bytes, compression=zero_init
	.data: load addr=00014774, load size=00000008 bytes, run addr=2020148c, run size=00000006 bytes, compression=lzss


LINKER GENERATED HANDLER TABLE

__TI_handler_table @ 00014760 records: 3, size/record: 4, table size: 12
	index: 0, handler: __TI_decompress_lzss
[...]
20201486  g_oledPageDebug                           
20201487  g_paramItemDebug                          
20201488  g_trackBlackCount                         
20201450  g_trackError                              
20201489  g_trackModeDebug                          
2020148a  g_trackRaw                                
2020148b  g_trackTurnDebug                          
20200fc0  g_wheelSpeedEstimatorRuntime              
00000000  interruptVectors                          
000108fd  main                                      
00013691  memcmp                                    
000115b9  memcpy                                    
000134c9  memmove                                   
0001239f  memset                                    
00011ae1  strcmp                                    


GLOBAL SYMBOLS: SORTED BY Symbol Address 

address   name                                      
-------   ----                                      
00000000  __TI_ATRegion0_region_sz                  
00000000  __TI_ATRegion0_src_addr                   
00000000  __TI_ATRegion0_trg_addr                   
00000000  __TI_ATRegion1_region_sz                  
00000000  __TI_ATRegion1_src_addr                   
00000000  __TI_ATRegion1_trg_addr                   
00000000  __TI_ATRegion2_region_sz                  
00000000  __TI_ATRegion2_src_addr                   
00000000  __TI_ATRegion2_trg_addr                   
00000000  __TI_static_base__                        
00000000  interruptVectors                          
000000c1  OledUi_Update_20ms                        
00000200  __STACK_SIZE                              
00004b7d  VisionTuningConsole_Process               
00006951  App_Update_20ms                           
000083fd  AppConfig_LimitAll                        
00008a49  LineController_Update                     
00008f6d  RuntimeSnapshot_Update                    
00009c81  WheelSpeedEstimator_Update                
0000a48d  Imu_Update                                
0000a86d  VisionReceiver_Process                    
0000afcd  Imu_Init                                  
0000c26d  MotionAction_Update_20ms                  
0000c51d  MotorControl_Update                       
0000cc61  Imu_CalibrateGyroBias                     
0000ce91  AppConfig_InitDefault                     
0000d6f1  Motor_SetSpeed                            
0000d8f5  VisionProtocol_ParseV1TargetFrame         
0000dae9  BluetoothUart_TryWriteBuffer              
0000debd  MissionLibrary_Validate                   
0000e5f1  Ultrasonic_Tick100us                      
0000e791  CarController_StartDriveDistanceAtYaw     
0000e92d  CarController_Update_20ms                 
0000eabd  Key_Update_20ms                           
0000ec31  OLED_FlushPage                            
0000eda1  OLED_PrintInt16                           
0000f1bd  App_Init                                  
0000f309  BluetoothUart_Process                     
0000f455  Menu_HandleKeyEvent                       
0000f6c1  LineController_Reset                      
0000f7e9  MissionManager_Update_20ms                
0000f911  OLED_Init                                 
0000fd89  LineController_ResetControlState          
0000fe95  DL_Timer_initFourCCPWMMode                
0000ff99  LineController_Init                       
0001009d  MotorControl_SetNormalizedTarget          
0001019d  MissionManager_SelectNext                 
00010395  HeadingControl_Update                     
00010481  MissionManager_SelectPrevious             
00010569  ObstacleSafety_Update_20ms                
00010739  UART1_IRQHandler                          
0001081d  WheelSpeedEstimator_Init                  
000108fd  main                                      
000109dd  SYSCFG_DL_GPIO_init                       
00010ab9  OLED_PrintUInt16                          
00010b91  __aeabi_fsub                              
00010b91  __subsf3                                  
00010b9b  __addsf3                                  
00010b9b  __aeabi_fadd                              
00010c69  CarController_StartDriveDistance          
00010e0d  FaultCode_ToShortString                   
00010ed5  Angle_Normalize180                        
00011055  CarController_ResetRuntime                
00011111  Menu_GetParamValue                        
000111cd  MissionManager_StartTransientAction       
00011289  App_ResetToReady                          
00011335  Encoder_HandleGpioInterrupt               
000113d9  __udivmoddi4                              
0001147b  ADC0_IRQHandler                           
0001147b  ADC1_IRQHandler                           
0001147b  AES_IRQHandler                            
0001147b  CANFD0_IRQHandler                         
0001147b  DAC0_IRQHandler                           
0001147b  DMA_IRQHandler                            
0001147b  Default_Handler                           
0001147b  GROUP0_IRQHandler                         
0001147b  HardFault_Handler                         
0001147b  I2C0_IRQHandler                           
0001147b  I2C1_IRQHandler                           
0001147b  NMI_Handler                               
0001147b  PendSV_Handler                            
0001147b  RTC_IRQHandler                            
0001147b  SPI0_IRQHandler                           
0001147b  SPI1_IRQHandler                           
0001147b  SVC_Handler                               
0001147b  TIMA0_IRQHandler                          
0001147b  TIMA1_IRQHandler                          
0001147b  TIMG0_IRQHandler                          
0001147b  TIMG12_IRQHandler                         
0001147b  TIMG6_IRQHandler                          
0001147b  TIMG7_IRQHandler                          
0001147b  TIMG8_IRQHandler                          
0001147b  UART0_IRQHandler                          
0001147b  UART2_IRQHandler                          
0001151d  ObstacleMonitor_Update_20ms               
000115b9  memcpy                                    
00011653  ObstacleAvoidance_Update_20ms             
00011655  BluetoothUart_Init                        
00011785  CarController_StartTurnToYawRelative      
00011819  CarController_ResetTransientState         
000118a9  SYSCFG_DL_PWM_MOTOR_init                  
00011935  SYSCFG_DL_UART_BLUETOOTH_init             
000119c1  __aeabi_fmul                              
000119c1  __mulsf3                                  
00011ad9  BluetoothUart_GetRuntime                  
00011ae1  strcmp                                    
00011b69  CarController_SetSafetyHold               
00011bed  Motor_Init                                
00011c71  __aeabi_fdiv                              
00011c71  __divsf3                                  
00011cf3  TrackSensor_Init                          
00011cf5  CarController_StartDriveHeading           
00011d75  Motor_Stop                                
00011df5  VisionPitchTuning_Set                     
00011e71  __TI_decompress_lzss                      
00011eed  SysTick_Handler                           
00012051  SYSCFG_DL_UART_VISION_init                
000120c1  VisionYawTuning_Set                       
00012131  TrackSensor_DetectTurn                    
0001219f  __aeabi_idiv0                             
000121a1  MissionManager_GetSelectedMissionIndex    
00012271  TrackSensor_GetErrorFromRaw               
000122d7  __aeabi_ldiv0                             
000122d9  MissionManager_Start                      
0001233d  __aeabi_fcmpeq                            
00012351  __aeabi_fcmplt                            
00012365  __aeabi_fcmple                            
00012379  __aeabi_fcmpge                            
0001238d  __aeabi_fcmpgt                            
0001239f  memset                                    
00012401  VisionTuningConsole_Init                  
00012461  __aeabi_f2lz                              
00012461  __fixsfdi                                 
000124c1  Magnet_Set                                
0001251d  UART3_IRQHandler                          
00012579  Ultrasonic_Update_20ms                    
00012631  MissionManager_Init                       
00012689  OLED_PrintChar                            
00012739  __aeabi_idiv                              
00012739  __aeabi_idivmod                           
00012791  CarController_Stop                        
000127e5  TrackSensor_ReadRaw                       
00012839  WatchdogMonitor_ApplyFaultIfNeeded        
000128e1  Ultrasonic_Init                           
00012931  WatchdogMonitor_Tick1msFromIsr            
00012981  __aeabi_l2f                               
00012981  __floatdisf                               
000129d1  MotorControl_Stop                         
00012a1d  DL_UART_init                              
00012a65  MissionManager_Cancel                     
00012aad  SYSCFG_DL_initPower                       
00012af5  CarController_StartFollowLine             
00012b39  EmergencyStop_Reset                       
00012b7d  Encoder_GetAndClearPulseDeltas            
00012bc1  Imu_ResetYaw                              
00012c05  MissionManager_Reset                      
00012c49  Servo_Tick100us                           
00012c8d  CarController_ResumeFollowLine            
00012ccd  Fault_Raise                               
00012d0d  SYSCFG_DL_SYSCTL_init                     
00012d4d  VisionReceiver_PushByteFromIsr            
00012d8d  __aeabi_uidiv                             
00012d8d  __aeabi_uidivmod                          
00012dcd  __divmoddi4                               
00012e0d  MissionManager_Resume                     
00012e49  Servo_SetAngleDeg                         
00012e85  VisionTuningConsole_PushByteFromIsr       
00012ec1  __aeabi_i2f                               
00012ec1  __floatsisf                               
00012efd  __gesf2                                   
00012efd  __gtsf2                                   
00012f39  __TI_auto_init_nobinit_nopinit            
00012f75  __cmpsf2                                  
00012f75  __eqsf2                                   
00012f75  __lesf2                                   
00012f75  __ltsf2                                   
00012f75  __nesf2                                   
00012fb1  __muldsi3                                 
00012fed  EmergencyStop_Trigger                     
00013025  VisionReceiver_Init                       
0001305d  __aeabi_f2iz                              
0001305d  __fixsfsi                                 
00013095  BluetoothUart_TryWriteString              
000130cd  BluetoothUart_TryReadByte                 
00013101  Imu_IsReady                               
00013135  MissionLibrary_FindById                   
00013169  VisionTuningConsole_TryPopTxByte          
0001319d  VisionUart_Process                        
000131d1  OLED_PrintString                          
00013205  __aeabi_f2uiz                             
00013205  __fixunssfsi                              
00013239  Key_Init                                  
00013269  LineController_ObserveSensors             
00013299  VisionPitchTuning_RestoreDefault          
000132c9  WatchdogMonitor_Init                      
000132f9  WatchdogMonitor_Reset                     
00013329  Encoder_Reset                             
00013355  MissionManager_Pause                      
00013381  TrackSensor_CountBlack                    
000133ad  VisionYawTuning_RestoreDefault            
000133d9  EmergencyStop_Enforce                     
00013401  Magnet_ForceOff                           
00013429  SYSCFG_DL_init                            
00013451  Servo_Init                                
00013479  VisionPitchTuning_Init                    
000134a1  __aeabi_ui2f                              
000134a1  __floatunsisf                             
000134c9  memmove                                   
000134f1  _c_int00_noargs                           
00013519  MissionManager_ReportExternalFailure      
0001353d  MotorControl_Init                         
00013561  MotorControl_Reset                        
00013585  OLED_ClearBuffer                          
000135a9  VisionYawTuning_Init                      
000135cd  __aeabi_lmul                              
000135cd  __muldi3                                  
000135f1  DL_Timer_overrideCCPOut                   
00013611  DebugTelemetry_Update                     
00013631  Magnet_Init                               
00013651  OLED_SetCursor                            
00013671  SchedulerMonitor_GetStats                 
00013691  memcmp                                    
000136d1  __aeabi_llsl                              
000136d1  __ashldi3                                 
000136f1  DL_Timer_setCaptCompUpdateMethod          
0001370d  DL_Timer_setClockConfig                   
00013729  HeadingControl_SetTargetYaw               
00013745  Menu_Init                                 
00013761  MotionAction_Cancel                       
0001377d  ObstacleMonitor_Init                      
00013799  ObstacleSafety_Init                       
000137b5  VisionPitchTuning_ParamName               
000137d1  VisionYawTuning_GetSnapshot               
000137ed  VisionYawTuning_ParamName                 
00013809  WatchdogMonitor_NotifyControlCycleComplete
00013841  CarController_RunModeToString             
00013859  CarState_ToString                         
00013871  DL_Timer_setCaptureCompareOutCtl          
00013889  DebugTelemetry_Init                       
000138a1  HeadingControl_Init                       
000138b9  HeadingControl_Reset                      
000138d1  Menu_ParamItemToString                    
000138e9  MotionAction_Init                         
00013901  ObstacleAvoidance_Init                    
00013919  RuntimeSnapshot_Init                      
00013931  __aeabi_fcmpun                            
00013931  __unordsf2                                
00013949  Fault_Clear                               
0001395d  Fault_Init                                
00013971  GROUP1_IRQHandler                         
00013985  HeadingControl_Enable                     
00013999  MissionLibrary_GetByIndex                 
000139ad  MissionManager_GetSelectedMissionId       
000139c1  VisionPitchTuning_GetSnapshot             
000139d5  VisionUart_Init                           
000139e9  __aeabi_ldivmod                           
000139fd  __aeabi_uldivmod                          
00013a11  DL_UART_setClockConfig                    
00013a23  __TI_decompress_none                      
00013a35  DL_Timer_setCaptureCompareValue           
00013a45  Gimbal_YawGetFeedback                     
00013a55  Key_GetEvent                              
00013a65  __TI_zero_init                            
00013a75  CarController_GetRunMode                  
00013a81  CarController_Init                        
00013a8d  CarController_IsSafetyHoldActive          
00013a99  CarState_Get                              
00013aa5  CarState_Init                             
00013ab1  CarState_Set                              
00013abd  EmergencyStop_Init                        
00013ac9  EmergencyStop_IsActive                    
00013ad5  Imu_GetCorrectedGyroZDps                  
00013ae1  Imu_GetYaw                                
00013aed  Magnet_IsOn                               
00013af9  Menu_GetPage                              
00013b05  Menu_GetParamItem                         
00013b11  MissionManager_IsExternallyHeld           
00013b1d  MissionManager_IsTransientAction          
00013b29  MissionManager_SetExternalHold            
00013b35  ObstacleAvoidance_IsActive                
00013b41  ObstacleAvoidance_IsFailed                
00013b4d  ObstacleSafety_IsHolding                  
00013b59  SystemTime_GetMs                          
00013b65  WatchdogMonitor_HasTripped                
00013b71  __aeabi_memclr                            
00013b71  __aeabi_memclr4                           
00013b71  __aeabi_memclr8                           
00013b7d  DL_Common_delayCycles                     
00013b87  MotionAction_Resume                       
00013b91  MotionAction_Start                        
00013b9b  TrackSensor_IsCenterDetected              
00013ba5  TrackSensor_IsLineDetected                
00013baf  TrackSensor_IsLineLost                    
00013bb9  CarController_GetFeedback                 
00013bc1  Fault_GetRecord                           
00013bc9  GimbalStepper_GetFeedback                 
00013bd1  HeadingControl_GetRuntime                 
00013bd9  Imu_GetRuntime                            
00013be1  LineController_GetRuntime                 
00013be9  MissionManager_GetMissionCount            
00013bf1  MissionManager_GetRuntime                 
00013bf9  MotionAction_GetRuntime                   
00013c01  MotorControl_GetRuntime                   
00013c09  ObstacleAvoidance_GetFeedback             
00013c11  ObstacleMonitor_GetFeedback               
00013c19  OledUi_Init                               
00013c21  RuntimeSnapshot_Get                       
00013c29  Servo_GetFeedback                         
00013c31  Ultrasonic_GetFeedback                    
00013c39  VisionReceiver_GetStatus                  
00013c41  VisionTuningConsole_GetStatus             
00013c49  WatchdogMonitor_GetStatus                 
00013c51  WheelSpeedEstimator_GetRuntime            
00013c59  __aeabi_memcpy                            
00013c59  __aeabi_memcpy4                           
00013c59  __aeabi_memcpy8                           
00013c61  __aeabi_memmove                           
00013c61  __aeabi_memmove4                          
00013c61  __aeabi_memmove8                          
00013c69  abort                                     
00013c6e  C$$EXIT                                   
00013c6f  HOSTexit                                  
00013c73  MissionLibrary_GetCount                   
00013c77  ObstacleAvoidance_IsResumeGraceActive     
00013c7b  Reset_Handler                             
00013c7f  _system_pre_init                          
00014760  __TI_Handler_Table_Base                   
0001476c  __TI_Handler_Table_Limit                  
0001477c  __TI_CINIT_Base                           
0001478c  __TI_CINIT_Limit                          
0001478c  __TI_CINIT_Warm                           
20200000  __start___llvm_prf_bits                   
20200000  __start___llvm_prf_cnts                   
20200000  __stop___llvm_prf_bits                    
20200000  __stop___llvm_prf_cnts                    
20200964  g_appConfig                               
20200d74  g_imuRuntime                              
20200ef4  g_appRuntime                              
20200fc0  g_wheelSpeedEstimatorRuntime              
20201188  gUART_VISIONBackup                        
20201274  g_headingRuntime                          
20201450  g_trackError                              
20201484  g_carStateDebug                           
20201485  g_keyEvent                                
20201486  g_oledPageDebug                           
20201487  g_paramItemDebug                          
20201488  g_trackBlackCount                         
20201489  g_trackModeDebug                          
2020148a  g_trackRaw                                
2020148b  g_trackTurnDebug                          
20207e00  __stack                                   
20208000  __STACK_END                               
ffffffff  __TI_pprof_out_hndl                       
ffffffff  __TI_prof_data_size                       
ffffffff  __TI_prof_data_start                      
ffffffff  __binit__                                 
ffffffff  binit                                     
UNDEFED   __mpu_init                                
UNDEFED   _system_post_cinit                        

[359 symbols]
