******************************************************************************
            TI ARM Clang Linker PC v4.0.4                      
******************************************************************************
>> Linked Mon Jul 27 18:55:05 2026

OUTPUT FILE NAME:   <diansaikaishi.out>
ENTRY POINT SYMBOL: "_c_int00_noargs"  address: 0000f351


MEMORY CONFIGURATION

         name            origin    length      used     unused   attr    fill
----------------------  --------  ---------  --------  --------  ----  --------
  FLASH                 00000000   00020000  00010468  0000fb98  R  X
  SRAM                  20200000   00008000  00001465  00006b9b  RW X
  BCR_CONFIG            41c00000   000000ff  00000000  000000ff  R   
  BSL_CONFIG            41c00100   00000080  00000000  00000080  R   


SEGMENT ALLOCATION MAP

run origin  load origin   length   init length attrs members
----------  ----------- ---------- ----------- ----- -------
00000000    00000000    00010468   00010468    r-x
  00000000    00000000    000000c0   000000c0    r-- .intvecs
  000000c0    000000c0    0000fa10   0000fa10    r-x .text
  0000fad0    0000fad0    00000968   00000968    r-- .rodata
  00010438    00010438    00000030   00000030    r-- .cinit
20200000    20200000    00001265   00000000    rw-
  20200000    20200000    00001263   00000000    rw- .bss
  20201263    20201263    00000002   00000000    rw- .data
20207e00    20207e00    00000200   00000000    rw-
  20207e00    20207e00    00000200   00000000    rw- .stack


SECTION ALLOCATION MAP

 output                                  attributes/
section   page    origin      length       input sections
--------  ----  ----------  ----------   ----------------
.intvecs   0    00000000    000000c0     
                  00000000    000000c0     startup_mspm0g350x_ticlang.o (.intvecs)

.text      0    000000c0    0000fa10     
                  000000c0    00002760     oled_ui.o (.text.OledUi_Update_20ms)
                  00002820    00001dd4     vision_tuning_console.o (.text.VisionTuningConsole_Process)
                  000045f4    000010c0     app.o (.text.App_Update_20ms)
                  000056b4    000005f4     app_config.o (.text.AppConfig_LimitAll)
                  00005ca8    00000518     line_controller.o (.text.LineController_Update)
                  000061c0    000004f8     app.o (.text.app_remote_update_result)
                  000066b8    00000488     runtime_snapshot.o (.text.RuntimeSnapshot_Update)
                  00006b40    0000044c     motor_control.o (.text.update_wheel)
                  00006f8c    00000424     wheel_speed_estimator.o (.text.WheelSpeedEstimator_Update)
                  000073b0    000003e0     imu.o (.text.Imu_Update)
                  00007790    000003b0     vision_receiver.o (.text.VisionReceiver_Process)
                  00007b40    00000374     imu.o (.text.Imu_Init)
                  00007eb4    00000370     gimbal.o (.text.gimbal_update_feedback)
                  00008224    00000310     vision_tuning_console.o (.text.append_scaled)
                  00008534    000002f0     imu.o (.text.mpu6050_read_regs)
                  00008824    000002b0     motion_action.o (.text.MotionAction_Update_20ms)
                  00008ad4    0000028c     motor_control.o (.text.MotorControl_Update)
                  00008d60    00000274     car_controller.o (.text.handle_drive_distance)
                  00008fd4    00000268     car_controller.o (.text.handle_turn_to_yaw)
                  0000923c    00000230     imu.o (.text.Imu_CalibrateGyroBias)
                  0000946c    00000220     menu.o (.text.Menu_HandleKeyEvent)
                  0000968c    00000214     motion_action.o (.text.MotionAction_Start)
                  000098a0    00000210     app.o (.text.app_remote_append_float_tenth)
                  00009ab0    0000020c     app_config.o (.text.AppConfig_InitDefault)
                  00009cbc    00000204     motor.o (.text.Motor_SetSpeed)
                  00009ec0    000001f4     vision_protocol.o (.text.VisionProtocol_ParseV1TargetFrame)
                  0000a0b4    000001e8     motor_control.o (.text.config_is_valid)
                  0000a29c    000001e4     mission_library.o (.text.MissionLibrary_Validate)
                  0000a480    000001cc     bluetooth_uart.o (.text.BluetoothUart_TryWriteBuffer)
                  0000a64c    000001cc     imu.o (.text.imu_i2c_write_byte)
                  0000a818    000001cc     oled_ui.o (.text.print_status_page)
                  0000a9e4    000001b8     oled.o (.text.oled_i2c_write_byte)
                  0000ab9c    000001a0     ultrasonic.o (.text.Ultrasonic_Tick100us)
                  0000ad3c    00000198     car_controller.o (.text.CarController_StartDriveDistanceAtYaw)
                  0000aed4    00000190     car_controller.o (.text.CarController_Update_20ms)
                  0000b064    00000174     key.o (.text.Key_Update_20ms)
                  0000b1d8    00000170     oled.o (.text.OLED_FlushPage)
                  0000b348    0000016c     oled.o (.text.OLED_PrintInt16)
                  0000b4b4    00000158     vision_tuning_console.o (.text.send_parameter_reply)
                  0000b60c    00000158     vision_tuning_console.o (.text.send_yaw_parameter_reply)
                  0000b764    0000012c     bluetooth_uart.o (.text.BluetoothUart_Process)
                  0000b890    0000012c     imu.o (.text.imu_i2c_recover_bus)
                  0000b9bc    00000124     line_controller.o (.text.LineController_Reset)
                  0000bae0    00000124     oled.o (.text.OLED_Init)
                  0000bc04    00000124     vision_tuning_console.o (.text.send_simple_reply)
                  0000bd28    0000011c     car_controller.o (.text.handle_drive_heading)
                  0000be44    0000010c     car_controller.o (.text.handle_follow_line)
                  0000bf50    00000108     line_controller.o (.text.LineController_ResetControlState)
                  0000c058    00000104     driverlib.a : dl_timer.o (.text.DL_Timer_initFourCCPWMMode)
                  0000c15c    00000104     mission_manager.o (.text.MissionManager_Update_20ms)
                  0000c260    00000100     line_controller.o (.text.LineController_Init)
                  0000c360    00000100     motor_control.o (.text.MotorControl_SetNormalizedTarget)
                  0000c460    000000f4     mission_manager.o (.text.MissionManager_SelectNext)
                  0000c554    000000f4     app.o (.text.app_remote_handle_turn)
                  0000c648    000000ec     heading_control.o (.text.HeadingControl_Update)
                  0000c734    000000e8     obstacle_safety.o (.text.ObstacleSafety_Update_20ms)
                  0000c81c    000000e8     vision_protocol.o (.text.fields_are_valid)
                  0000c904    000000e0     mission_manager.o (.text.MissionManager_SelectPrevious)
                  0000c9e4    000000e0     wheel_speed_estimator.o (.text.WheelSpeedEstimator_Init)
                  0000cac4    000000e0     empty.o (.text.main)
                  0000cba4    000000dc     ti_msp_dl_config.o (.text.SYSCFG_DL_GPIO_init)
                  0000cc80    000000d8     oled.o (.text.OLED_PrintUInt16)
                  0000cd58    000000d8     libclang_rt.builtins.a : addsf3.S.obj (.text)
                  0000ce30    000000d4     car_controller.o (.text.CarController_StartDriveDistance)
                  0000cf04    000000c8     fault.o (.text.FaultCode_ToShortString)
                  0000cfcc    000000c0     angle_utils.o (.text.Angle_Normalize180)
                  0000d08c    000000bc     car_controller.o (.text.CarController_ResetRuntime)
                  0000d148    000000b4     mission_manager.o (.text.MissionManager_StartTransientAction)
                  0000d1fc    000000a4     encoder.o (.text.Encoder_HandleGpioInterrupt)
                  0000d2a0    000000a2     libclang_rt.builtins.a : udivmoddi4.S.obj (.text)
                  0000d342    00000002     startup_mspm0g350x_ticlang.o (.text.Default_Handler)
                  0000d344    0000009c     app.o (.text.App_Init)
                  0000d3e0    0000009c     obstacle_monitor.o (.text.ObstacleMonitor_Update_20ms)
                  0000d47c    0000009a     libc.a : memcpy16.S.obj (.text:memcpy)
                  0000d516    00000002     obstacle_avoidance.o (.text.ObstacleAvoidance_Update_20ms)
                  0000d518    00000098     imu.o (.text.mpu6050_write_reg)
                  0000d5b0    00000094     car_controller.o (.text.CarController_StartTurnToYawRelative)
                  0000d644    00000090     car_controller.o (.text.CarController_ResetTransientState)
                  0000d6d4    0000008c     ti_msp_dl_config.o (.text.SYSCFG_DL_PWM_MOTOR_init)
                  0000d760    0000008c     libclang_rt.builtins.a : mulsf3.S.obj (.text.__mulsf3)
                  0000d7ec    0000008c     car_controller.o (.text.heading_imu_wait_or_fail)
                  0000d878    00000088     bluetooth_uart.o (.text.BluetoothUart_Init)
                  0000d900    00000088     libc.a : strcmp-armv6m.S.obj (.text:strcmp)
                  0000d988    00000084     car_controller.o (.text.CarController_SetSafetyHold)
                  0000da0c    00000084     motor.o (.text.Motor_Init)
                  0000da90    00000082     libclang_rt.builtins.a : divsf3.S.obj (.text.__divsf3)
                  0000db12    00000002     track_sensor.o (.text.TrackSensor_Init)
                  0000db14    00000080     car_controller.o (.text.CarController_StartDriveHeading)
                  0000db94    00000080     motor.o (.text.Motor_Stop)
                  0000dc14    0000007c     bluetooth_uart.o (.text.UART1_IRQHandler)
                  0000dc90    0000007c     vision_pitch_tuning.o (.text.VisionPitchTuning_Set)
                  0000dd0c    0000007c     libc.a : copy_decompress_lzss.c.obj (.text:decompress:lzss)
                  0000dd88    00000078     empty.o (.text.SysTick_Handler)
                  0000de00    00000078     oled.o (.text.oled_write_command)
                  0000de78    00000074     motor_control.o (.text.latch_control_error)
                  0000deec    00000070     app.o (.text.App_ResetToReady)
                  0000df5c    00000070     ti_msp_dl_config.o (.text.SYSCFG_DL_UART_BLUETOOTH_init)
                  0000dfcc    00000070     ti_msp_dl_config.o (.text.SYSCFG_DL_UART_VISION_init)
                  0000e03c    00000070     vision_yaw_tuning.o (.text.VisionYawTuning_Set)
                  0000e0ac    0000006e     track_sensor.o (.text.TrackSensor_DetectTurn)
                  0000e11a    00000002     libclang_rt.builtins.a : aeabi_div0.c.obj (.text.__aeabi_idiv0)
                  0000e11c    00000068     mission_manager.o (.text.MissionManager_GetSelectedMissionIndex)
                  0000e184    00000068     car_controller.o (.text.set_output_speed)
                  0000e1ec    00000066     track_sensor.o (.text.TrackSensor_GetErrorFromRaw)
                  0000e252    00000002     libclang_rt.builtins.a : aeabi_div0.c.obj (.text.__aeabi_ldiv0)
                  0000e254    00000062                            : aeabi_fcmp.S.obj (.text.__aeabi_fcmp)
                  0000e2b6    00000062     libc.a : memset16.S.obj (.text:memset)
                  0000e318    00000060     vision_tuning_console.o (.text.VisionTuningConsole_Init)
                  0000e378    00000060     libclang_rt.builtins.a : fixsfdi.S.obj (.text.__fixsfdi)
                  0000e3d8    0000005c     mission_manager.o (.text.MissionManager_Start)
                  0000e434    0000005c     vision_uart.o (.text.UART3_IRQHandler)
                  0000e490    0000005c     ultrasonic.o (.text.Ultrasonic_Update_20ms)
                  0000e4ec    0000005c     app.o (.text.app_remote_start_action)
                  0000e548    00000058     oled.o (.text.OLED_PrintChar)
                  0000e5a0    00000058     motion_action.o (.text.motion_action_start_imu_controller)
                  0000e5f8    00000056     libclang_rt.builtins.a : aeabi_idivmod.S.obj (.text.__aeabi_idivmod)
                  0000e64e    00000002     --HOLE-- [fill = 0]
                  0000e650    00000054     car_controller.o (.text.CarController_Stop)
                  0000e6a4    00000054     menu.o (.text.Menu_GetParamValue)
                  0000e6f8    00000054     track_sensor.o (.text.TrackSensor_ReadRaw)
                  0000e74c    00000054     app.o (.text.app_remote_parse_gear)
                  0000e7a0    00000050     mission_manager.o (.text.MissionManager_Init)
                  0000e7f0    00000050     ultrasonic.o (.text.Ultrasonic_Init)
                  0000e840    00000050     watchdog_monitor.o (.text.WatchdogMonitor_ApplyFaultIfNeeded)
                  0000e890    0000004e     libclang_rt.builtins.a : floatdisf.S.obj (.text.__floatdisf)
                  0000e8de    00000002     --HOLE-- [fill = 0]
                  0000e8e0    0000004c     motor_control.o (.text.MotorControl_Stop)
                  0000e92c    0000004c     watchdog_monitor.o (.text.WatchdogMonitor_Tick1msFromIsr)
                  0000e978    00000048     driverlib.a : dl_uart.o (.text.DL_UART_init)
                  0000e9c0    00000048     ti_msp_dl_config.o (.text.SYSCFG_DL_initPower)
                  0000ea08    00000044     encoder.o (.text.Encoder_GetAndClearPulseDeltas)
                  0000ea4c    00000044     imu.o (.text.Imu_ResetYaw)
                  0000ea90    00000044     servo.o (.text.Servo_Tick100us)
                  0000ead4    00000040     car_controller.o (.text.CarController_StartFollowLine)
                  0000eb14    00000040     emergency_stop.o (.text.EmergencyStop_Reset)
                  0000eb54    00000040     mission_manager.o (.text.MissionManager_Cancel)
                  0000eb94    00000040     ti_msp_dl_config.o (.text.SYSCFG_DL_SYSCTL_init)
                  0000ebd4    00000040     vision_receiver.o (.text.VisionReceiver_PushByteFromIsr)
                  0000ec14    00000040     libclang_rt.builtins.a : aeabi_uidivmod.S.obj (.text.__aeabi_uidivmod)
                  0000ec54    0000003e                            : divmoddi4.c.obj (.text.__divmoddi4)
                  0000ec92    00000002     --HOLE-- [fill = 0]
                  0000ec94    0000003c     mission_manager.o (.text.MissionManager_Reset)
                  0000ecd0    0000003c     servo.o (.text.Servo_SetAngleDeg)
                  0000ed0c    0000003c     vision_tuning_console.o (.text.VisionTuningConsole_PushByteFromIsr)
                  0000ed48    0000003c     libclang_rt.builtins.a : floatsisf.S.obj (.text.__floatsisf)
                  0000ed84    0000003c                            : comparesf2.S.obj (.text.__gtsf2)
                  0000edc0    0000003c     libc.a : autoinit.c.obj (.text:__TI_auto_init_nobinit_nopinit)
                  0000edfc    0000003a     libclang_rt.builtins.a : comparesf2.S.obj (.text.__eqsf2)
                  0000ee36    00000002     --HOLE-- [fill = 0]
                  0000ee38    0000003a                            : muldsi3.S.obj (.text.__muldsi3)
                  0000ee72    00000002     --HOLE-- [fill = 0]
                  0000ee74    00000038     vision_receiver.o (.text.VisionReceiver_Init)
                  0000eeac    00000038     libclang_rt.builtins.a : fixsfsi.S.obj (.text.__fixsfsi)
                  0000eee4    00000036     bluetooth_uart.o (.text.BluetoothUart_TryWriteString)
                  0000ef1a    00000002     --HOLE-- [fill = 0]
                  0000ef1c    00000034     bluetooth_uart.o (.text.BluetoothUart_TryReadByte)
                  0000ef50    00000034     emergency_stop.o (.text.EmergencyStop_Trigger)
                  0000ef84    00000034     imu.o (.text.Imu_IsReady)
                  0000efb8    00000034     mission_library.o (.text.MissionLibrary_FindById)
                  0000efec    00000034     vision_tuning_console.o (.text.VisionTuningConsole_TryPopTxByte)
                  0000f020    00000034     vision_uart.o (.text.VisionUart_Process)
                  0000f054    00000032     oled.o (.text.OLED_PrintString)
                  0000f086    00000002     --HOLE-- [fill = 0]
                  0000f088    00000032     libclang_rt.builtins.a : fixunssfsi.S.obj (.text.__fixunssfsi)
                  0000f0ba    00000002     --HOLE-- [fill = 0]
                  0000f0bc    00000030     fault.o (.text.Fault_Raise)
                  0000f0ec    00000030     key.o (.text.Key_Init)
                  0000f11c    00000030     line_controller.o (.text.LineController_ObserveSensors)
                  0000f14c    00000030     mission_manager.o (.text.MissionManager_Resume)
                  0000f17c    00000030     vision_pitch_tuning.o (.text.VisionPitchTuning_RestoreDefault)
                  0000f1ac    00000030     watchdog_monitor.o (.text.WatchdogMonitor_Init)
                  0000f1dc    0000002c     encoder.o (.text.Encoder_Reset)
                  0000f208    0000002c     track_sensor.o (.text.TrackSensor_CountBlack)
                  0000f234    0000002c     vision_yaw_tuning.o (.text.VisionYawTuning_RestoreDefault)
                  0000f260    00000028     ti_msp_dl_config.o (.text.SYSCFG_DL_init)
                  0000f288    00000028     servo.o (.text.Servo_Init)
                  0000f2b0    00000028     vision_pitch_tuning.o (.text.VisionPitchTuning_Init)
                  0000f2d8    00000028     watchdog_monitor.o (.text.WatchdogMonitor_Reset)
                  0000f300    00000028     libclang_rt.builtins.a : floatunsisf.S.obj (.text.__floatunsisf)
                  0000f328    00000028     libc.a : memmov.c.obj (.text.memmove)
                  0000f350    00000028            : boot_cortex_m.c.obj (.text:_c_int00_noargs)
                  0000f378    00000024     emergency_stop.o (.text.EmergencyStop_Enforce)
                  0000f39c    00000024     mission_manager.o (.text.MissionManager_ReportExternalFailure)
                  0000f3c0    00000024     motor_control.o (.text.MotorControl_Init)
                  0000f3e4    00000024     motor_control.o (.text.MotorControl_Reset)
                  0000f408    00000024     oled.o (.text.OLED_ClearBuffer)
                  0000f42c    00000024     vision_yaw_tuning.o (.text.VisionYawTuning_Init)
                  0000f450    00000024     libclang_rt.builtins.a : muldi3.S.obj (.text.__muldi3)
                  0000f474    00000020     driverlib.a : dl_timer.o (.text.DL_Timer_overrideCCPOut)
                  0000f494    00000020     debug_telemetry.o (.text.DebugTelemetry_Update)
                  0000f4b4    00000020     mission_manager.o (.text.MissionManager_Pause)
                  0000f4d4    00000020     oled.o (.text.OLED_SetCursor)
                  0000f4f4    00000020     empty.o (.text.SchedulerMonitor_GetStats)
                  0000f514    00000020     mission_manager.o (.text.mission_finish_error)
                  0000f534    0000001e     libclang_rt.builtins.a : ashldi3.S.obj (.text.__ashldi3)
                  0000f552    00000002     --HOLE-- [fill = 0]
                  0000f554    0000001c     driverlib.a : dl_timer.o (.text.DL_Timer_setCaptCompUpdateMethod)
                  0000f570    0000001c                 : dl_timer.o (.text.DL_Timer_setClockConfig)
                  0000f58c    0000001c     heading_control.o (.text.HeadingControl_SetTargetYaw)
                  0000f5a8    0000001c     menu.o (.text.Menu_Init)
                  0000f5c4    0000001c     motion_action.o (.text.MotionAction_Cancel)
                  0000f5e0    0000001c     obstacle_monitor.o (.text.ObstacleMonitor_Init)
                  0000f5fc    0000001c     obstacle_safety.o (.text.ObstacleSafety_Init)
                  0000f618    0000001c     vision_pitch_tuning.o (.text.VisionPitchTuning_ParamName)
                  0000f634    0000001c     vision_yaw_tuning.o (.text.VisionYawTuning_GetSnapshot)
                  0000f650    0000001c     vision_yaw_tuning.o (.text.VisionYawTuning_ParamName)
                  0000f66c    0000001c     watchdog_monitor.o (.text.WatchdogMonitor_NotifyControlCycleComplete)
                  0000f688    0000001c     mission_manager.o (.text.mission_finish_success)
                  0000f6a4    00000018     car_controller.o (.text.CarController_RunModeToString)
                  0000f6bc    00000018     car_state.o (.text.CarState_ToString)
                  0000f6d4    00000018     driverlib.a : dl_timer.o (.text.DL_Timer_setCaptureCompareOutCtl)
                  0000f6ec    00000018     debug_telemetry.o (.text.DebugTelemetry_Init)
                  0000f704    00000018     heading_control.o (.text.HeadingControl_Init)
                  0000f71c    00000018     heading_control.o (.text.HeadingControl_Reset)
                  0000f734    00000018     menu.o (.text.Menu_ParamItemToString)
                  0000f74c    00000018     motion_action.o (.text.MotionAction_Init)
                  0000f764    00000018     obstacle_avoidance.o (.text.ObstacleAvoidance_Init)
                  0000f77c    00000018     runtime_snapshot.o (.text.RuntimeSnapshot_Init)
                  0000f794    00000016     libclang_rt.builtins.a : comparesf2.S.obj (.text.__unordsf2)
                  0000f7aa    00000002     --HOLE-- [fill = 0]
                  0000f7ac    00000014     fault.o (.text.Fault_Clear)
                  0000f7c0    00000014     fault.o (.text.Fault_Init)
                  0000f7d4    00000014     empty.o (.text.GROUP1_IRQHandler)
                  0000f7e8    00000014     heading_control.o (.text.HeadingControl_Enable)
                  0000f7fc    00000014     mission_library.o (.text.MissionLibrary_GetByIndex)
                  0000f810    00000014     mission_manager.o (.text.MissionManager_GetSelectedMissionId)
                  0000f824    00000014     vision_pitch_tuning.o (.text.VisionPitchTuning_GetSnapshot)
                  0000f838    00000014     vision_uart.o (.text.VisionUart_Init)
                  0000f84c    00000014     libclang_rt.builtins.a : aeabi_ldivmod.S.obj (.text.__aeabi_ldivmod)
                  0000f860    00000014                            : aeabi_uldivmod.S.obj (.text.__aeabi_uldivmod)
                  0000f874    00000012     driverlib.a : dl_uart.o (.text.DL_UART_setClockConfig)
                  0000f886    00000012     libc.a : copy_decompress_none.c.obj (.text:decompress:none)
                  0000f898    00000010     driverlib.a : dl_timer.o (.text.DL_Timer_setCaptureCompareValue)
                  0000f8a8    00000010     gimbal.o (.text.Gimbal_YawGetFeedback)
                  0000f8b8    00000010     key.o (.text.Key_GetEvent)
                  0000f8c8    00000010     libc.a : copy_zero_init.c.obj (.text:decompress:ZI)
                  0000f8d8    0000000c     car_controller.o (.text.CarController_GetRunMode)
                  0000f8e4    0000000c     car_controller.o (.text.CarController_Init)
                  0000f8f0    0000000c     car_controller.o (.text.CarController_IsSafetyHoldActive)
                  0000f8fc    0000000c     car_state.o (.text.CarState_Get)
                  0000f908    0000000c     car_state.o (.text.CarState_Init)
                  0000f914    0000000c     car_state.o (.text.CarState_Set)
                  0000f920    0000000c     emergency_stop.o (.text.EmergencyStop_Init)
                  0000f92c    0000000c     emergency_stop.o (.text.EmergencyStop_IsActive)
                  0000f938    0000000c     imu.o (.text.Imu_GetCorrectedGyroZDps)
                  0000f944    0000000c     imu.o (.text.Imu_GetYaw)
                  0000f950    0000000c     menu.o (.text.Menu_GetPage)
                  0000f95c    0000000c     menu.o (.text.Menu_GetParamItem)
                  0000f968    0000000c     mission_manager.o (.text.MissionManager_IsExternallyHeld)
                  0000f974    0000000c     mission_manager.o (.text.MissionManager_IsTransientAction)
                  0000f980    0000000c     mission_manager.o (.text.MissionManager_SetExternalHold)
                  0000f98c    0000000c     obstacle_avoidance.o (.text.ObstacleAvoidance_IsActive)
                  0000f998    0000000c     obstacle_avoidance.o (.text.ObstacleAvoidance_IsFailed)
                  0000f9a4    0000000c     obstacle_safety.o (.text.ObstacleSafety_IsHolding)
                  0000f9b0    0000000c     empty.o (.text.SystemTime_GetMs)
                  0000f9bc    0000000c     watchdog_monitor.o (.text.WatchdogMonitor_HasTripped)
                  0000f9c8    0000000c     libclang_rt.builtins.a : aeabi_memset.S.obj (.text.__aeabi_memclr)
                  0000f9d4    0000000a     driverlib.a : dl_common.o (.text.DL_Common_delayCycles)
                  0000f9de    0000000a     track_sensor.o (.text.TrackSensor_IsCenterDetected)
                  0000f9e8    0000000a     track_sensor.o (.text.TrackSensor_IsLineDetected)
                  0000f9f2    0000000a     track_sensor.o (.text.TrackSensor_IsLineLost)
                  0000f9fc    00000008     bluetooth_uart.o (.text.BluetoothUart_GetRuntime)
                  0000fa04    00000008     car_controller.o (.text.CarController_GetFeedback)
                  0000fa0c    00000008     fault.o (.text.Fault_GetRecord)
                  0000fa14    00000008     gimbal_stepper.o (.text.GimbalStepper_GetFeedback)
                  0000fa1c    00000008     heading_control.o (.text.HeadingControl_GetRuntime)
                  0000fa24    00000008     imu.o (.text.Imu_GetRuntime)
                  0000fa2c    00000008     line_controller.o (.text.LineController_GetRuntime)
                  0000fa34    00000008     mission_manager.o (.text.MissionManager_GetMissionCount)
                  0000fa3c    00000008     mission_manager.o (.text.MissionManager_GetRuntime)
                  0000fa44    00000008     motion_action.o (.text.MotionAction_GetRuntime)
                  0000fa4c    00000008     motor_control.o (.text.MotorControl_GetRuntime)
                  0000fa54    00000008     obstacle_avoidance.o (.text.ObstacleAvoidance_GetFeedback)
                  0000fa5c    00000008     obstacle_monitor.o (.text.ObstacleMonitor_GetFeedback)
                  0000fa64    00000008     oled_ui.o (.text.OledUi_Init)
                  0000fa6c    00000008     runtime_snapshot.o (.text.RuntimeSnapshot_Get)
                  0000fa74    00000008     servo.o (.text.Servo_GetFeedback)
                  0000fa7c    00000008     ultrasonic.o (.text.Ultrasonic_GetFeedback)
                  0000fa84    00000008     vision_receiver.o (.text.VisionReceiver_GetStatus)
                  0000fa8c    00000008     vision_tuning_console.o (.text.VisionTuningConsole_GetStatus)
                  0000fa94    00000008     watchdog_monitor.o (.text.WatchdogMonitor_GetStatus)
                  0000fa9c    00000008     wheel_speed_estimator.o (.text.WheelSpeedEstimator_GetRuntime)
                  0000faa4    00000008     libclang_rt.builtins.a : aeabi_memcpy.S.obj (.text.__aeabi_memcpy)
                  0000faac    00000008                            : aeabi_memmove.S.obj (.text.__aeabi_memmove)
                  0000fab4    00000006     libc.a : exit.c.obj (.text:abort)
                  0000faba    00000004     libsysbm.a : hostexit.c.obj (.text.HOSTexit)
                  0000fabe    00000004     mission_library.o (.text.MissionLibrary_GetCount)
                  0000fac2    00000004     obstacle_avoidance.o (.text.ObstacleAvoidance_IsResumeGraceActive)
                  0000fac6    00000004     startup_mspm0g350x_ticlang.o (.text.Reset_Handler)
                  0000faca    00000004     libc.a : pre_init.c.obj (.text._system_pre_init)
                  0000face    00000002     --HOLE-- [fill = 0]

.cinit     0    00010438    00000030     
                  00010438    0000000c     (__TI_handler_table)
                  00010444    00000008     (.cinit..bss.load) [load image, compression = zero_init]
                  0001044c    00000006     (.cinit..data.load) [load image, compression = lzss]
                  00010452    00000002     --HOLE-- [fill = 0]
                  00010454    00000010     (__TI_cinit_table)
                  00010464    00000004     --HOLE-- [fill = 0]

.rodata    0    0000fad0    00000968     
                  0000fad0    000000d8     oled.o (.rodata..Lswitch.table.OLED_PrintChar)
                  0000fba8    00000048     mission_library.o (.rodata.g_missionCompetitionMain)
                  0000fbf0    00000048     mission_library.o (.rodata.g_missionTestDistance20)
                  0000fc38    00000048     mission_library.o (.rodata.g_missionTestLine)
                  0000fc80    00000048     mission_library.o (.rodata.g_missionTestTurn)
                  0000fcc8    00000040     mission_library.o (.rodata.g_missionRegistry)
                  0000fd08    0000002c     oled_ui.o (.rodata..Lswitch.table.print_status_page)
                  0000fd34    00000028     car_controller.o (.rodata..Lswitch.table.CarController_RunModeToString)
                  0000fd5c    0000001d     app.o (.rodata.str1.11496703787469058505.1)
                  0000fd79    00000003     ti_msp_dl_config.o (.rodata.gPWM_MOTORClockConfig)
                  0000fd7c    0000001c     menu.o (.rodata..Lswitch.table.Menu_ParamItemToString)
                  0000fd98    0000001c     vision_tuning_console.o (.rodata.str1.1836208005852235077.1)
                  0000fdb4    00000018     car_state.o (.rodata..Lswitch.table.CarState_ToString)
                  0000fdcc    00000018     oled_ui.o (.rodata..Lswitch.table.OledUi_Update_20ms.114)
                  0000fde4    00000018     vision_pitch_tuning.o (.rodata..Lswitch.table.VisionPitchTuning_ParamName)
                  0000fdfc    00000018     oled_ui.o (.rodata..Lswitch.table.print_status_page.115)
                  0000fe14    00000018     app.o (.rodata.str1.3437893941128827834.1)
                  0000fe2c    00000016     app.o (.rodata.str1.10370861725203452414.1)
                  0000fe42    00000015     app.o (.rodata.str1.13935281678674483141.1)
                  0000fe57    00000015     app.o (.rodata.str1.1428064158287234977.1)
                  0000fe6c    00000014     vision_yaw_tuning.o (.rodata..Lswitch.table.VisionYawTuning_ParamName)
                  0000fe80    00000014     oled_ui.o (.rodata..Lswitch.table.print_status_page.116)
                  0000fe94    00000012     app.o (.rodata.str1.6810515665389614968.1)
                  0000fea6    00000011     app.o (.rodata.str1.10250497020811341304.1)
                  0000feb7    00000011     app.o (.rodata.str1.10444262525283912398.1)
                  0000fec8    00000011     app.o (.rodata.str1.11016788133198141870.1)
                  0000fed9    00000011     app.o (.rodata.str1.11849843482968746561.1)
                  0000feea    00000010     app.o (.rodata.str1.10678445697442035063.1)
                  0000fefa    00000010     app.o (.rodata.str1.1155299426122084162.1)
                  0000ff0a    0000000f     app.o (.rodata.str1.5697808172495890429.1)
                  0000ff19    0000000e     oled_ui.o (.rodata.str1.10416366799939242409.1)
                  0000ff27    0000000e     app.o (.rodata.str1.5290328808575308624.1)
                  0000ff35    0000000d     app.o (.rodata.str1.4360399834097859481.1)
                  0000ff42    00000002     ti_msp_dl_config.o (.rodata.gUART_BLUETOOTHClockConfig)
                  0000ff44    0000000c     oled_ui.o (.rodata..Lswitch.table.OledUi_Update_20ms)
                  0000ff50    0000000c     app.o (.rodata.str1.2540114484728192048.1)
                  0000ff5c    0000000c     app.o (.rodata.str1.300513063366140995.1)
                  0000ff68    0000000c     app.o (.rodata.str1.8951131030274028623.1)
                  0000ff74    0000000c     app.o (.rodata.str1.9736592238987147851.1)
                  0000ff80    0000000b     app.o (.rodata.str1.11500503312727392459.1)
                  0000ff8b    0000000b     app.o (.rodata.str1.1944712146988729081.1)
                  0000ff96    0000000a     ti_msp_dl_config.o (.rodata.gUART_BLUETOOTHConfig)
                  0000ffa0    0000000a     ti_msp_dl_config.o (.rodata.gUART_VISIONConfig)
                  0000ffaa    0000000a     mission_library.o (.rodata.str1.13636476544574750902.1)
                  0000ffb4    0000000a     oled_ui.o (.rodata.str1.13871579367539052597.1)
                  0000ffbe    0000000a     mission_library.o (.rodata.str1.15668266851434757964.1)
                  0000ffc8    0000000a     mission_library.o (.rodata.str1.199678142196697465.1)
                  0000ffd2    0000000a     vision_tuning_console.o (.rodata.str1.4859846923128959820.1)
                  0000ffdc    0000000a     vision_tuning_console.o (.rodata.str1.7225688704195888286.1)
                  0000ffe6    00000002     ti_msp_dl_config.o (.rodata.gUART_VISIONClockConfig)
                  0000ffe8    00000008     ti_msp_dl_config.o (.rodata.gPWM_MOTORConfig)
                  0000fff0    00000008     vision_tuning_console.o (.rodata.str1.11718269490974306969.1)
                  0000fff8    00000008     oled_ui.o (.rodata.str1.2983744876309220570.1)
                  00010000    00000008     vision_tuning_console.o (.rodata.str1.3293472937029561918.1)
                  00010008    00000008     oled_ui.o (.rodata.str1.8471462185882660445.1)
                  00010010    00000008     oled_ui.o (.rodata.str1.9159586779647977165.1)
                  00010018    00000008     oled_ui.o (.rodata.str1.9611283282870761829.1)
                  00010020    00000007     vision_tuning_console.o (.rodata.str1.10860306953068020798.1)
                  00010027    00000007     app.o (.rodata.str1.14141965288680528547.1)
                  0001002e    00000007     mission_library.o (.rodata.str1.1440970855772709381.1)
                  00010035    00000007     app.o (.rodata.str1.1796468832600293665.1)
                  0001003c    00000007     mission_manager.o (.rodata.str1.378057020374253378.1)
                  00010043    00000007     oled_ui.o (.rodata.str1.7219546930854689545.1)
                  0001004a    00000007     app.o (.rodata.str1.7256834521257261525.1)
                  00010051    00000007     app.o (.rodata.str1.8682387830711593804.1)
                  00010058    00000006     oled_ui.o (.rodata.str1.10263419832828250601.1)
                  0001005e    00000006     vision_tuning_console.o (.rodata.str1.10319329813075420582.1)
                  00010064    00000006     app.o (.rodata.str1.10450196737795524526.1)
                  0001006a    00000006     oled_ui.o (.rodata.str1.10509309789429088155.1)
                  00010070    00000006     oled_ui.o (.rodata.str1.1108652269057166745.1)
                  00010076    00000006     app.o (.rodata.str1.11879963978103418143.1)
                  0001007c    00000006     oled_ui.o (.rodata.str1.1445687256832830955.1)
                  00010082    00000006     oled_ui.o (.rodata.str1.16526439943277383452.1)
                  00010088    00000006     car_state.o (.rodata.str1.1675797584173499143.1)
                  0001008e    00000006     oled_ui.o (.rodata.str1.17540787658903907660.1)
                  00010094    00000006     oled_ui.o (.rodata.str1.2308938766145545715.1)
                  0001009a    00000006     app.o (.rodata.str1.2606929252065540862.1)
                  000100a0    00000006     oled_ui.o (.rodata.str1.2742282290834473644.1)
                  000100a6    00000006     vision_tuning_console.o (.rodata.str1.4028100529439820245.1)
                  000100ac    00000006     car_state.o (.rodata.str1.41590466491370331.1)
                  000100b2    00000006     car_controller.o (.rodata.str1.5475209154116713896.1)
                  000100b8    00000006     app.o (.rodata.str1.7777424699149452427.1)
                  000100be    00000006     oled_ui.o (.rodata.str1.8236579331345056500.1)
                  000100c4    00000006     oled_ui.o (.rodata.str1.8399051469953744892.1)
                  000100ca    00000005     motion_action.o (.rodata..Lswitch.table.MotionAction_Update_20ms)
                  000100cf    00000005     oled.o (.rodata.oled_get_glyph.colon)
                  000100d4    00000005     oled.o (.rodata.oled_get_glyph.eight)
                  000100d9    00000005     oled.o (.rodata.oled_get_glyph.five)
                  000100de    00000005     oled.o (.rodata.oled_get_glyph.four)
                  000100e3    00000005     oled.o (.rodata.oled_get_glyph.glyphA)
                  000100e8    00000005     oled.o (.rodata.oled_get_glyph.glyphB)
                  000100ed    00000005     oled.o (.rodata.oled_get_glyph.glyphC)
                  000100f2    00000005     oled.o (.rodata.oled_get_glyph.glyphD)
                  000100f7    00000005     oled.o (.rodata.oled_get_glyph.glyphE)
                  000100fc    00000005     oled.o (.rodata.oled_get_glyph.glyphF)
                  00010101    00000005     oled.o (.rodata.oled_get_glyph.glyphG)
                  00010106    00000005     oled.o (.rodata.oled_get_glyph.glyphH)
                  0001010b    00000005     oled.o (.rodata.oled_get_glyph.glyphI)
                  00010110    00000005     oled.o (.rodata.oled_get_glyph.glyphK)
                  00010115    00000005     oled.o (.rodata.oled_get_glyph.glyphL)
                  0001011a    00000005     oled.o (.rodata.oled_get_glyph.glyphM)
                  0001011f    00000005     oled.o (.rodata.oled_get_glyph.glyphN)
                  00010124    00000005     oled.o (.rodata.oled_get_glyph.glyphO)
                  00010129    00000005     oled.o (.rodata.oled_get_glyph.glyphP)
                  0001012e    00000005     oled.o (.rodata.oled_get_glyph.glyphR)
                  00010133    00000005     oled.o (.rodata.oled_get_glyph.glyphS)
                  00010138    00000005     oled.o (.rodata.oled_get_glyph.glyphT)
                  0001013d    00000005     oled.o (.rodata.oled_get_glyph.glyphU)
                  00010142    00000005     oled.o (.rodata.oled_get_glyph.glyphV)
                  00010147    00000005     oled.o (.rodata.oled_get_glyph.glyphW)
                  0001014c    00000005     oled.o (.rodata.oled_get_glyph.glyphX)
                  00010151    00000005     oled.o (.rodata.oled_get_glyph.glyphY)
                  00010156    00000005     oled.o (.rodata.oled_get_glyph.glyphb)
                  0001015b    00000005     oled.o (.rodata.oled_get_glyph.gt)
                  00010160    00000005     oled.o (.rodata.oled_get_glyph.minus)
                  00010165    00000005     oled.o (.rodata.oled_get_glyph.nine)
                  0001016a    00000005     oled.o (.rodata.oled_get_glyph.one)
                  0001016f    00000005     oled.o (.rodata.oled_get_glyph.seven)
                  00010174    00000005     oled.o (.rodata.oled_get_glyph.six)
                  00010179    00000005     oled.o (.rodata.oled_get_glyph.space)
                  0001017e    00000005     oled.o (.rodata.oled_get_glyph.three)
                  00010183    00000005     oled.o (.rodata.oled_get_glyph.two)
                  00010188    00000005     oled.o (.rodata.oled_get_glyph.zero)
                  0001018d    00000005     oled_ui.o (.rodata.str1.10077435089618835710.1)
                  00010192    00000005     oled_ui.o (.rodata.str1.10430294223631918979.1)
                  00010197    00000005     oled_ui.o (.rodata.str1.12043213579996415112.1)
                  0001019c    00000005     app.o (.rodata.str1.12441497784875596899.1)
                  000101a1    00000005     car_controller.o (.rodata.str1.12442237994239546032.1)
                  000101a6    00000005     oled_ui.o (.rodata.str1.13567883086814673087.1)
                  000101ab    00000005     oled_ui.o (.rodata.str1.13790669171379415506.1)
                  000101b0    00000005     vision_pitch_tuning.o (.rodata.str1.13915893147848268398.1)
                  000101b5    00000005     oled_ui.o (.rodata.str1.14358698208395374265.1)
                  000101ba    00000005     fault.o (.rodata.str1.14435905801345341244.1)
                  000101bf    00000005     oled_ui.o (.rodata.str1.14521350379984854626.1)
                  000101c4    00000005     oled_ui.o (.rodata.str1.14774750633985060196.1)
                  000101c9    00000005     fault.o (.rodata.str1.1506612114648992996.1)
                  000101ce    00000005     oled_ui.o (.rodata.str1.15613891207764622616.1)
                  000101d3    00000005     oled_ui.o (.rodata.str1.15817398807211891688.1)
                  000101d8    00000005     oled_ui.o (.rodata.str1.15935041339501476673.1)
                  000101dd    00000005     oled_ui.o (.rodata.str1.16290499236105125126.1)
                  000101e2    00000005     oled_ui.o (.rodata.str1.16411631209783952401.1)
                  000101e7    00000005     car_controller.o (.rodata.str1.1652194605229746967.1)
                  000101ec    00000005     oled_ui.o (.rodata.str1.16635595130967924751.1)
                  000101f1    00000005     oled_ui.o (.rodata.str1.16931641404301806744.1)
                  000101f6    00000005     oled_ui.o (.rodata.str1.16939060351352778619.1)
                  000101fb    00000005     fault.o (.rodata.str1.17097894860660336008.1)
                  00010200    00000005     fault.o (.rodata.str1.17155043670132108083.1)
                  00010205    00000005     vision_tuning_console.o (.rodata.str1.17265544270347038021.1)
                  0001020a    00000005     app.o (.rodata.str1.17399001118936924778.1)
                  0001020f    00000005     oled_ui.o (.rodata.str1.17464849429964608858.1)
                  00010214    00000005     oled_ui.o (.rodata.str1.1974573040514735405.1)
                  00010219    00000005     fault.o (.rodata.str1.2104670281202025270.1)
                  0001021e    00000005     oled_ui.o (.rodata.str1.2193316011307952170.1)
                  00010223    00000005     oled_ui.o (.rodata.str1.2522137003438374266.1)
                  00010228    00000005     app.o (.rodata.str1.2568190970272041647.1)
                  0001022d    00000005     oled_ui.o (.rodata.str1.2656948373757303877.1)
                  00010232    00000005     app.o (.rodata.str1.3543938948723267646.1)
                  00010237    00000005     oled_ui.o (.rodata.str1.3702290527496711532.1)
                  0001023c    00000005     car_controller.o (.rodata.str1.4164979912472006574.1)
                  00010241    00000005     fault.o (.rodata.str1.4453281041433270631.1)
                  00010246    00000005     fault.o (.rodata.str1.4549004730087743662.1)
                  0001024b    00000005     oled_ui.o (.rodata.str1.4581472623415959594.1)
                  00010250    00000005     oled_ui.o (.rodata.str1.4610220316623841660.1)
                  00010255    00000005     car_controller.o (.rodata.str1.4850163232891874878.1)
                  0001025a    00000005     menu.o (.rodata.str1.4862307748908978627.1)
                  0001025f    00000005     app.o (.rodata.str1.5602021903949372904.1)
                  00010264    00000005     app.o (.rodata.str1.5950367083599167409.1)
                  00010269    00000005     oled_ui.o (.rodata.str1.5965888106848176421.1)
                  0001026e    00000005     fault.o (.rodata.str1.6372787129294360447.1)
                  00010273    00000005     fault.o (.rodata.str1.6437946768974223044.1)
                  00010278    00000005     oled_ui.o (.rodata.str1.6954814719705590448.1)
                  0001027d    00000005     car_controller.o (.rodata.str1.702403006289709404.1)
                  00010282    00000005     oled_ui.o (.rodata.str1.7419768602719733415.1)
                  00010287    00000005     vision_yaw_tuning.o (.rodata.str1.7764041101441114269.1)
                  0001028c    00000005     oled_ui.o (.rodata.str1.7774807581888385879.1)
                  00010291    00000005     oled_ui.o (.rodata.str1.8124536758062367015.1)
                  00010296    00000005     fault.o (.rodata.str1.8185770893384132067.1)
                  0001029b    00000005     app.o (.rodata.str1.8214673950224663419.1)
                  000102a0    00000005     car_state.o (.rodata.str1.8223341253983108753.1)
                  000102a5    00000005     oled_ui.o (.rodata.str1.8403269972884532600.1)
                  000102aa    00000005     oled_ui.o (.rodata.str1.8426569189266129334.1)
                  000102af    00000005     oled_ui.o (.rodata.str1.8460525935980491721.1)
                  000102b4    00000005     oled_ui.o (.rodata.str1.8693388333057100694.1)
                  000102b9    00000005     car_state.o (.rodata.str1.8698975129455933903.1)
                  000102be    00000005     oled_ui.o (.rodata.str1.9102528229756940648.1)
                  000102c3    00000005     oled_ui.o (.rodata.str1.9295666102996717355.1)
                  000102c8    00000005     oled_ui.o (.rodata.str1.9822857334037886482.1)
                  000102cd    00000005     car_controller.o (.rodata.str1.9981487771679760427.1)
                  000102d2    00000004     oled_ui.o (.rodata.str1.1019225241002246410.1)
                  000102d6    00000004     oled_ui.o (.rodata.str1.11232419324784801130.1)
                  000102da    00000004     oled_ui.o (.rodata.str1.11428648044669318875.1)
                  000102de    00000004     menu.o (.rodata.str1.12110183915172842339.1)
                  000102e2    00000004     oled_ui.o (.rodata.str1.12617122458660443890.1)
                  000102e6    00000004     car_controller.o (.rodata.str1.12661897076542654461.1)
                  000102ea    00000004     oled_ui.o (.rodata.str1.12928245060369742404.1)
                  000102ee    00000004     oled_ui.o (.rodata.str1.12983537867572525563.1)
                  000102f2    00000004     oled_ui.o (.rodata.str1.13244290092665904221.1)
                  000102f6    00000004     fault.o (.rodata.str1.13582094816268305212.1)
                  000102fa    00000004     oled_ui.o (.rodata.str1.13882251010780863896.1)
                  000102fe    00000004     car_state.o (.rodata.str1.13986535679874659196.1)
                  00010302    00000004     vision_tuning_console.o (.rodata.str1.14084955404328172175.1)
                  00010306    00000004     oled_ui.o (.rodata.str1.14134189893851348960.1)
                  0001030a    00000004     oled_ui.o (.rodata.str1.14740362735394205067.1)
                  0001030e    00000004     oled_ui.o (.rodata.str1.15008238333949226094.1)
                  00010312    00000004     oled_ui.o (.rodata.str1.15575624326185233262.1)
                  00010316    00000004     oled_ui.o (.rodata.str1.15577080202403550426.1)
                  0001031a    00000004     oled_ui.o (.rodata.str1.15802367878353263018.1)
                  0001031e    00000004     oled_ui.o (.rodata.str1.15829239520183577662.1)
                  00010322    00000004     menu.o (.rodata.str1.16312125044762562515.1)
                  00010326    00000004     fault.o (.rodata.str1.16482347271627360806.1)
                  0001032a    00000004     oled_ui.o (.rodata.str1.16554583589798097927.1)
                  0001032e    00000004     vision_pitch_tuning.o (.rodata.str1.16579632732967443104.1)
                  00010332    00000004     oled_ui.o (.rodata.str1.16849766574302683489.1)
                  00010336    00000004     oled_ui.o (.rodata.str1.16895433903389883335.1)
                  0001033a    00000004     menu.o (.rodata.str1.17041139162815566052.1)
                  0001033e    00000004     car_controller.o (.rodata.str1.17172356789460551389.1)
                  00010342    00000004     oled_ui.o (.rodata.str1.17274519358952562110.1)
                  00010346    00000004     oled_ui.o (.rodata.str1.17763087492223448992.1)
                  0001034a    00000004     oled_ui.o (.rodata.str1.17763996158807330232.1)
                  0001034e    00000004     car_controller.o (.rodata.str1.18191498530309206443.1)
                  00010352    00000004     oled_ui.o (.rodata.str1.18266126048138325213.1)
                  00010356    00000004     oled_ui.o (.rodata.str1.18379317056176403938.1)
                  0001035a    00000004     oled_ui.o (.rodata.str1.270145429241168923.1)
                  0001035e    00000004     oled_ui.o (.rodata.str1.3407221357956504873.1)
                  00010362    00000004     oled_ui.o (.rodata.str1.3455423528827705371.1)
                  00010366    00000004     oled_ui.o (.rodata.str1.3467953211977455017.1)
                  0001036a    00000004     car_state.o (.rodata.str1.3601627812925153765.1)
                  0001036e    00000004     oled_ui.o (.rodata.str1.4402311448527872260.1)
                  00010372    00000004     oled_ui.o (.rodata.str1.4581686099848791648.1)
                  00010376    00000004     oled_ui.o (.rodata.str1.4582914374586912483.1)
                  0001037a    00000004     app.o (.rodata.str1.5135238925662358659.1)
                  0001037e    00000004     oled_ui.o (.rodata.str1.5853739094453432564.1)
                  00010382    00000004     oled_ui.o (.rodata.str1.5965450730569173784.1)
                  00010386    00000004     oled_ui.o (.rodata.str1.6806727740681590176.1)
                  0001038a    00000004     app.o (.rodata.str1.6838489472292434579.1)
                  0001038e    00000004     menu.o (.rodata.str1.6857549598058878762.1)
                  00010392    00000004     oled_ui.o (.rodata.str1.7185587941321649510.1)
                  00010396    00000004     fault.o (.rodata.str1.7255546073596598018.1)
                  0001039a    00000004     oled_ui.o (.rodata.str1.8018480777946742726.1)
                  0001039e    00000004     oled_ui.o (.rodata.str1.8783421139296713095.1)
                  000103a2    00000004     oled_ui.o (.rodata.str1.8950259614286592359.1)
                  000103a6    00000004     oled_ui.o (.rodata.str1.9229350655415085.1)
                  000103aa    00000004     car_controller.o (.rodata.str1.9234375891235759983.1)
                  000103ae    00000004     vision_tuning_console.o (.rodata.str1.9292707793305368794.1)
                  000103b2    00000004     oled_ui.o (.rodata.str1.9351772214919528733.1)
                  000103b6    00000004     vision_yaw_tuning.o (.rodata.str1.9489746196023004463.1)
                  000103ba    00000004     oled_ui.o (.rodata.str1.9584387800903135389.1)
                  000103be    00000004     oled_ui.o (.rodata.str1.9646571805098343045.1)
                  000103c2    00000004     oled_ui.o (.rodata.str1.967006512144173535.1)
                  000103c6    00000004     oled_ui.o (.rodata.str1.9854382722193312766.1)
                  000103ca    00000003     app.o (.rodata.str1.10188681061226583994.1)
                  000103cd    00000003     vision_pitch_tuning.o (.rodata.str1.10553819018306626402.1)
                  000103d0    00000003     oled_ui.o (.rodata.str1.10568433575767188072.1)
                  000103d3    00000003     oled_ui.o (.rodata.str1.12182588061437138428.1)
                  000103d6    00000003     vision_tuning_console.o (.rodata.str1.12197883643583142124.1)
                  000103d9    00000003     oled_ui.o (.rodata.str1.12493748764729730277.1)
                  000103dc    00000003     oled_ui.o (.rodata.str1.12697925274637991987.1)
                  000103df    00000003     oled_ui.o (.rodata.str1.130772507669342127.1)
                  000103e2    00000003     menu.o (.rodata.str1.13124720451672825294.1)
                  000103e5    00000003     app.o (.rodata.str1.13719379709283632147.1)
                  000103e8    00000003     menu.o (.rodata.str1.14098755746347272832.1)
                  000103eb    00000003     oled_ui.o (.rodata.str1.14556837007311414654.1)
                  000103ee    00000003     oled_ui.o (.rodata.str1.14711868471336838103.1)
                  000103f1    00000003     vision_pitch_tuning.o (.rodata.str1.15082469624955958926.1)
                  000103f4    00000003     oled_ui.o (.rodata.str1.15132332204781002199.1)
                  000103f7    00000003     vision_yaw_tuning.o (.rodata.str1.15455206247194842411.1)
                  000103fa    00000003     oled_ui.o (.rodata.str1.15859922799842739878.1)
                  000103fd    00000003     vision_tuning_console.o (.rodata.str1.16336339630363933256.1)
                  00010400    00000003     vision_pitch_tuning.o (.rodata.str1.17185918124541117546.1)
                  00010403    00000003     oled_ui.o (.rodata.str1.17812014771544466701.1)
                  00010406    00000003     oled_ui.o (.rodata.str1.17884296644359297425.1)
                  00010409    00000003     vision_pitch_tuning.o (.rodata.str1.18308346119964257230.1)
                  0001040c    00000003     vision_pitch_tuning.o (.rodata.str1.2353024170771920291.1)
                  0001040f    00000003     oled_ui.o (.rodata.str1.2603845803395459882.1)
                  00010412    00000003     oled_ui.o (.rodata.str1.2608729314174233125.1)
                  00010415    00000003     oled_ui.o (.rodata.str1.3025253791635144717.1)
                  00010418    00000003     vision_yaw_tuning.o (.rodata.str1.4032468970572441659.1)
                  0001041b    00000003     app.o (.rodata.str1.4454204961402941108.1)
                  0001041e    00000003     menu.o (.rodata.str1.4646809750356241979.1)
                  00010421    00000003     oled_ui.o (.rodata.str1.5004483696121082904.1)
                  00010424    00000003     vision_yaw_tuning.o (.rodata.str1.6393086909333857079.1)
                  00010427    00000003     vision_yaw_tuning.o (.rodata.str1.6657421771701333087.1)
                  0001042a    00000003     app.o (.rodata.str1.6842359452639101718.1)
                  0001042d    00000003     fault.o (.rodata.str1.8193046109637024842.1)
                  00010430    00000003     oled_ui.o (.rodata.str1.9544068167406571052.1)
                  00010433    00000002     oled_ui.o (.rodata.str1.15917848551323629232.1)
                  00010435    00000003     --HOLE-- [fill = 0]

.init_array 
*          0    00000000    00000000     UNINITIALIZED

.binit     0    00000000    00000000     

.bss       0    20200000    00001263     UNINITIALIZED
                  20200000    00000400     oled.o (.bss.g_oledFrame)
                  20200400    00000200     vision_receiver.o (.bss.g_ring)
                  20200600    000001c8     runtime_snapshot.o (.bss.g_snapshot)
                  202007c8    00000108     (.common:g_appConfig)
                  202008d0    00000100     vision_tuning_console.o (.bss.g_rxRing)
                  202009d0    00000100     bluetooth_uart.o (.bss.g_txRing)
                  20200ad0    00000100     vision_tuning_console.o (.bss.g_txRing)
                  20200bd0    00000084     (.common:g_imuRuntime)
                  20200c54    00000080     bluetooth_uart.o (.bss.g_rxRing)
                  20200cd4    0000007c     motor_control.o (.bss.g_runtime)
                  20200d50    0000006c     (.common:g_appRuntime)
                  20200dbc    00000058     vision_receiver.o (.bss.g_status)
                  20200e14    00000004     imu.o (.bss.g_elapsedSinceValidSampleMs)
                  20200e18    00000058     (.common:g_wheelSpeedEstimatorRuntime)
                  20200e70    00000040     gimbal.o (.bss.g_feedback)
                  20200eb0    00000040     vision_tuning_console.o (.bss.g_line)
                  20200ef0    00000040     line_controller.o (.bss.g_lineRuntime)
                  20200f30    00000040     app.o (.bss.g_remoteLine)
                  20200f70    00000030     mission_manager.o (.bss.g_transientActions)
                  20200fa0    00000030     (.common:gUART_VISIONBackup)
                  20200fd0    0000002c     vision_receiver.o (.bss.g_observation)
                  20200ffc    0000002c     empty.o (.bss.g_schedulerStats)
                  20201028    00000028     vision_receiver.o (.bss.g_frame)
                  20201050    00000020     bluetooth_uart.o (.bss.g_runtime)
                  20201070    0000001c     mission_manager.o (.bss.g_missionRuntime)
                  2020108c    0000001c     (.common:g_headingRuntime)
                  202010a8    00000018     obstacle_avoidance.o (.bss.g_avoidFeedback)
                  202010c0    00000018     gimbal_stepper.o (.bss.g_feedback)
                  202010d8    00000018     vision_pitch_tuning.o (.bss.g_status)
                  202010f0    00000018     vision_tuning_console.o (.bss.g_status)
                  20201108    00000014     motion_action.o (.bss.g_motionActionRuntime)
                  2020111c    00000004     debug_telemetry.o (.bss.g_lastFrameMs)
                  20201120    00000014     vision_yaw_tuning.o (.bss.g_status)
                  20201134    00000014     watchdog_monitor.o (.bss.g_status)
                  20201148    00000010     fault.o (.bss.g_faultRecord)
                  20201158    00000010     motor.o (.bss.g_motorRuntime)
                  20201168    00000010     mission_manager.o (.bss.g_transientDefinition)
                  20201178    0000000e     car_controller.o (.bss.g_carControllerFeedback)
                  20201186    00000002     ultrasonic.o (.bss.g_echoTicks)
                  20201188    0000000e     ultrasonic.o (.bss.g_ultrasonicFeedback)
                  20201196    00000002     vision_receiver.o (.bss.g_ringHead)
                  20201198    0000000c     debug_telemetry.o (.bss.g_status)
                  202011a4    00000008     obstacle_monitor.o (.bss.g_obstacleFeedback)
                  202011ac    00000004     watchdog_monitor.o (.bss.g_lastTickMs)
                  202011b0    00000008     gimbal.o (.bss.g_yawContinuousDegX10)
                  202011b8    00000008     gimbal.o (.bss.g_yawLockedWorldYawDegX10)
                  202011c0    00000008     gimbal.o (.bss.g_yawTargetContinuousDegX10)
                  202011c8    00000008     gimbal.o (.bss.g_yawWorldTargetDegX10)
                  202011d0    00000008     gimbal.o (.bss.g_yawWrappedDegX10)
                  202011d8    00000006     ultrasonic.o (.bss.g_distanceSamples)
                  202011de    00000006     key.o (.bss.g_key1)
                  202011e4    00000006     key.o (.bss.g_key2)
                  202011ea    00000006     key.o (.bss.g_key3)
                  202011f0    00000004     wheel_speed_estimator.o (.bss.g_latchedErrorFlags)
                  202011f4    00000004     empty.o (.bss.g_localTimeMs)
                  202011f8    00000004     encoder.o (.bss.g_motorAPulses)
                  202011fc    00000004     encoder.o (.bss.g_motorBPulses)
                  20201200    00000004     imu.o (.bss.g_previousValidCorrectedGyroZDps)
                  20201204    00000004     mission_manager.o (.bss.g_selectedDefinition)
                  20201208    00000004     servo.o (.bss.g_servoFeedback)
                  2020120c    00000004     gimbal.o (.bss.g_yawCommandedRpm)
                  20201210    00000004     gimbal.o (.bss.g_yawTargetRpm)
                  20201214    00000004     empty.o (.bss.main.lastAppUpdateMs)
                  20201218    00000002     vision_receiver.o (.bss.g_ringTail)
                  2020121a    00000002     bluetooth_uart.o (.bss.g_rxHead)
                  2020121c    00000002     vision_tuning_console.o (.bss.g_rxHead)
                  2020121e    00000002     bluetooth_uart.o (.bss.g_rxTail)
                  20201220    00000002     vision_tuning_console.o (.bss.g_rxTail)
                  20201222    00000002     servo.o (.bss.g_servoPwmPhase)
                  20201224    00000002     ultrasonic.o (.bss.g_stateTicks)
                  20201226    00000002     bluetooth_uart.o (.bss.g_txHead)
                  20201228    00000002     vision_tuning_console.o (.bss.g_txHead)
                  2020122a    00000002     bluetooth_uart.o (.bss.g_txTail)
                  2020122c    00000002     vision_tuning_console.o (.bss.g_txTail)
                  2020122e    00000002     (.common:g_trackError)
                  20201230    00000001     oled_ui.o (.bss.OledUi_Update_20ms.flushRow)
                  20201231    00000001     oled_ui.o (.bss.OledUi_Update_20ms.refreshDivider)
                  20201232    00000001     empty.o (.bss.SysTick_Handler.controlMsCount)
                  20201233    00000001     empty.o (.bss.SysTick_Handler.tick100usCount)
                  20201234    00000001     ultrasonic.o (.bss.Ultrasonic_Update_20ms.triggerDivider)
                  20201235    00000001     empty.o (.bss.g_appUpdatePending)
                  20201236    00000001     vision_tuning_console.o (.bss.g_capturing)
                  20201237    00000001     car_state.o (.bss.g_carState)
                  20201238    00000001     obstacle_monitor.o (.bss.g_centerSettleTicks)
                  20201239    00000001     vision_tuning_console.o (.bss.g_commandTarget)
                  2020123a    00000001     ultrasonic.o (.bss.g_distanceSampleCount)
                  2020123b    00000001     ultrasonic.o (.bss.g_distanceSampleIndex)
                  2020123c    00000001     emergency_stop.o (.bss.g_emergencyStopActive)
                  2020123d    00000001     watchdog_monitor.o (.bss.g_faultApplied)
                  2020123e    00000001     watchdog_monitor.o (.bss.g_faultPending)
                  2020123f    00000001     vision_receiver.o (.bss.g_frameSize)
                  20201240    00000001     imu.o (.bss.g_integrationHistoryValid)
                  20201241    00000001     wheel_speed_estimator.o (.bss.g_leftFilterInitialized)
                  20201242    00000001     vision_tuning_console.o (.bss.g_lineSize)
                  20201243    00000001     obstacle_safety.o (.bss.g_obstacleSafetyHolding)
                  20201244    00000001     oled.o (.bss.g_oledColumn)
                  20201245    00000001     menu.o (.bss.g_oledPage)
                  20201246    00000001     oled.o (.bss.g_oledPage)
                  20201247    00000001     encoder.o (.bss.g_overflowFlags)
                  20201248    00000001     menu.o (.bss.g_paramItem)
                  20201249    00000001     menu.o (.bss.g_paramReturnPage)
                  2020124a    00000001     key.o (.bss.g_pendingEvent)
                  2020124b    00000001     vision_tuning_console.o (.bss.g_prefixIndex)
                  2020124c    00000001     vision_tuning_console.o (.bss.g_prefixTarget)
                  2020124d    00000001     app.o (.bss.g_remoteAction)
                  2020124e    00000001     app.o (.bss.g_remoteDiscardLine)
                  2020124f    00000001     app.o (.bss.g_remoteLineLength)
                  20201250    00000001     wheel_speed_estimator.o (.bss.g_rightFilterInitialized)
                  20201251    00000001     car_controller.o (.bss.g_safetyHold)
                  20201252    00000001     imu.o (.bss.g_shortGapPending)
                  20201253    00000001     motor_control.o (.bss.g_targetRefreshed)
                  20201254    00000001     mission_manager.o (.bss.g_transientActionActive)
                  20201255    00000001     ultrasonic.o (.bss.g_triggerRequest)
                  20201256    00000001     ultrasonic.o (.bss.g_ultrasonicState)
                  20201257    00000001     gimbal.o (.bss.g_yawLimitClamped)
                  20201258    00000001     gimbal.o (.bss.g_yawLimitDirection)
                  20201259    00000001     gimbal.o (.bss.g_yawPositionValid)
                  2020125a    00000001     gimbal.o (.bss.g_yawWorldLockEnabled)
                  2020125b    00000001     (.common:g_carStateDebug)
                  2020125c    00000001     (.common:g_keyEvent)
                  2020125d    00000001     (.common:g_oledPageDebug)
                  2020125e    00000001     (.common:g_paramItemDebug)
                  2020125f    00000001     (.common:g_trackBlackCount)
                  20201260    00000001     (.common:g_trackModeDebug)
                  20201261    00000001     (.common:g_trackRaw)
                  20201262    00000001     (.common:g_trackTurnDebug)

.data      0    20201263    00000002     UNINITIALIZED
                  20201263    00000001     car_controller.o (.data.g_followTurnPolicy)
                  20201264    00000001     app.o (.data.g_remoteGear)

.stack     0    20207e00    00000200     UNINITIALIZED
                  20207e00    00000004     libc.a : boot_cortex_m.c.obj (.stack)
                  20207e04    000001fc     --HOLE--

__llvm_prf_cnts 
*          0    20200000    00000000     UNINITIALIZED

__llvm_prf_bits 
*          0    20200000    00000000     UNINITIALIZED

MODULE SUMMARY

       Module                         code    ro data   rw data
       ------                         ----    -------   -------
    .\
       oled_ui.o                      10548   649       2      
       vision_tuning_console.o        9616    102       613    
       app.o                          6776    454       78     
       imu.o                          4252    0         142    
       car_controller.o               4016    92        124    
       oled.o                         2006    406       1026   
       motor_control.o                2768    0         125    
       app_config.o                   2048    0         264    
       line_controller.o              2172    0         64     
       vision_receiver.o              1072    0         689    
       mission_manager.o              1556    7         97     
       runtime_snapshot.o             1192    0         456    
       bluetooth_uart.o               1134    0         424    
       motion_action.o                1368    5         20     
       wheel_speed_estimator.o        1292    0         94     
       gimbal.o                       896     0         116    
       mission_library.o              560     389       0      
       ti_msp_dl_config.o             760     35        48     
       motor.o                        776     0         16     
       menu.o                         704     58        3      
       vision_protocol.o              732     0         0      
       ultrasonic.o                   596     0         29     
       empty.o                        408     0         55     
       key.o                          436     0         19     
       fault.o                        296     65        16     
       track_sensor.o                 372     0         0      
       heading_control.o              340     0         28     
       vision_pitch_tuning.o          260     48        24     
       watchdog_monitor.o             292     0         26     
       vision_yaw_tuning.o            248     41        20     
       encoder.o                      276     0         9      
       obstacle_safety.o              272     0         1      
       obstacle_monitor.o             192     0         9      
       startup_mspm0g350x_ticlang.o   6       192       0      
       angle_utils.o                  192     0         0      
       servo.o                        176     0         6      
       emergency_stop.o               176     0         1      
       vision_uart.o                  164     0         0      
       car_state.o                    60      54        1      
       obstacle_avoidance.o           62      0         24     
       debug_telemetry.o              56      0         16     
       gimbal_stepper.o               8       0         24     
    +--+------------------------------+-------+---------+---------+
       Total:                         61132   2597      4709   
                                                               
    C:/TI/mspm0_sdk_2_05_01_00/source/ti/driverlib/lib/ticlang/m0p/mspm0g1x0x_g3x0x/driverlib.a
       dl_timer.o                     388     0         0      
       dl_uart.o                      90      0         0      
       dl_common.o                    10      0         0      
    +--+------------------------------+-------+---------+---------+
       Total:                         488     0         0      
                                                               
    D:\TI\CCS\ccs\tools\compiler\ti-cgt-armllvm_4.0.4.LTS\lib\armv6m-ti-none-eabi/c/libc.a
       memcpy16.S.obj                 154     0         0      
       strcmp-armv6m.S.obj            136     0         0      
       copy_decompress_lzss.c.obj     124     0         0      
       memset16.S.obj                 98      0         0      
       autoinit.c.obj                 60      0         0      
       boot_cortex_m.c.obj            40      0         0      
       memmov.c.obj                   40      0         0      
       copy_decompress_none.c.obj     18      0         0      
       copy_zero_init.c.obj           16      0         0      
       exit.c.obj                     6       0         0      
       pre_init.c.obj                 4       0         0      
    +--+------------------------------+-------+---------+---------+
       Total:                         696     0         0      
                                                               
    D:\TI\CCS\ccs\tools\compiler\ti-cgt-armllvm_4.0.4.LTS\lib\armv6m-ti-none-eabi/c/libsysbm.a
       hostexit.c.obj                 4       0         0      
    +--+------------------------------+-------+---------+---------+
       Total:                         4       0         0      
                                                               
    D:\TI\CCS\ccs\tools\compiler\ti-cgt-armllvm_4.0.4.LTS\lib\armv6m-ti-none-eabi/libclang_rt.builtins.a
       addsf3.S.obj                   216     0         0      
       udivmoddi4.S.obj               162     0         0      
       comparesf2.S.obj               140     0         0      
       mulsf3.S.obj                   140     0         0      
       divsf3.S.obj                   130     0         0      
       aeabi_fcmp.S.obj               98      0         0      
       fixsfdi.S.obj                  96      0         0      
       aeabi_idivmod.S.obj            86      0         0      
       floatdisf.S.obj                78      0         0      
       aeabi_uidivmod.S.obj           64      0         0      
       divmoddi4.c.obj                62      0         0      
       floatsisf.S.obj                60      0         0      
       muldsi3.S.obj                  58      0         0      
       fixsfsi.S.obj                  56      0         0      
       fixunssfsi.S.obj               50      0         0      
       floatunsisf.S.obj              40      0         0      
       muldi3.S.obj                   36      0         0      
       ashldi3.S.obj                  30      0         0      
       aeabi_ldivmod.S.obj            20      0         0      
       aeabi_uldivmod.S.obj           20      0         0      
       aeabi_memset.S.obj             12      0         0      
       aeabi_memcpy.S.obj             8       0         0      
       aeabi_memmove.S.obj            8       0         0      
       aeabi_div0.c.obj               4       0         0      
    +--+------------------------------+-------+---------+---------+
       Total:                         1674    0         0      
                                                               
       Stack:                         0       0         512    
       Linker Generated:              0       42        0      
    +--+------------------------------+-------+---------+---------+
       Grand Total:                   63994   2639      5221   


LINKER GENERATED COPY TABLES

__TI_cinit_table @ 00010454 records: 2, size/record: 8, table size: 16
	.bss: load addr=00010444, load size=00000008 bytes, run addr=20200000, run size=00001263 bytes, compression=zero_init
	.data: load addr=0001044c, load size=00000006 bytes, run addr=20201263, run size=00000002 bytes, compression=lzss


LINKER GENERATED HANDLER TABLE

__TI_handler_table @ 00010438 records: 3, size/record: 4, table size: 12
	index: 0, handler: __TI_decompress_lzss
	index: 1, handler: __TI_decompress_none
	index: 2, handler: __TI_zero_init


GLOBAL SYMBOLS: SORTED ALPHABETICALLY BY Name 

address   name                                      
-------   ----                                      
0000d343  ADC0_IRQHandler                           
0000d343  ADC1_IRQHandler                           
0000d343  AES_IRQHandler                            
0000cfcd  Angle_Normalize180                        
00009ab1  AppConfig_InitDefault                     
000056b5  AppConfig_LimitAll                        
0000d345  App_Init                                  
0000deed  App_ResetToReady                          
000045f5  App_Update_20ms                           
0000f9fd  BluetoothUart_GetRuntime                  
0000d879  BluetoothUart_Init                        
0000b765  BluetoothUart_Process                     
0000ef1d  BluetoothUart_TryReadByte                 
0000a481  BluetoothUart_TryWriteBuffer              
0000eee5  BluetoothUart_TryWriteString              
0000faba  C$$EXIT                                   
0000d343  CANFD0_IRQHandler                         
0000fa05  CarController_GetFeedback                 
0000f8d9  CarController_GetRunMode                  
0000f8e5  CarController_Init                        
0000f8f1  CarController_IsSafetyHoldActive          
0000d08d  CarController_ResetRuntime                
0000d645  CarController_ResetTransientState         
0000f6a5  CarController_RunModeToString             
0000d989  CarController_SetSafetyHold               
0000ce31  CarController_StartDriveDistance          
0000ad3d  CarController_StartDriveDistanceAtYaw     
0000db15  CarController_StartDriveHeading           
0000ead5  CarController_StartFollowLine             
0000d5b1  CarController_StartTurnToYawRelative      
0000e651  CarController_Stop                        
0000aed5  CarController_Update_20ms                 
0000f8fd  CarState_Get                              
0000f909  CarState_Init                             
0000f915  CarState_Set                              
0000f6bd  CarState_ToString                         
0000d343  DAC0_IRQHandler                           
0000f9d5  DL_Common_delayCycles                     
0000c059  DL_Timer_initFourCCPWMMode                
0000f475  DL_Timer_overrideCCPOut                   
0000f555  DL_Timer_setCaptCompUpdateMethod          
0000f6d5  DL_Timer_setCaptureCompareOutCtl          
0000f899  DL_Timer_setCaptureCompareValue           
0000f571  DL_Timer_setClockConfig                   
0000e979  DL_UART_init                              
0000f875  DL_UART_setClockConfig                    
0000d343  DMA_IRQHandler                            
0000f6ed  DebugTelemetry_Init                       
0000f495  DebugTelemetry_Update                     
0000d343  Default_Handler                           
0000f379  EmergencyStop_Enforce                     
0000f921  EmergencyStop_Init                        
0000f92d  EmergencyStop_IsActive                    
0000eb15  EmergencyStop_Reset                       
0000ef51  EmergencyStop_Trigger                     
0000ea09  Encoder_GetAndClearPulseDeltas            
0000d1fd  Encoder_HandleGpioInterrupt               
0000f1dd  Encoder_Reset                             
0000cf05  FaultCode_ToShortString                   
0000f7ad  Fault_Clear                               
0000fa0d  Fault_GetRecord                           
0000f7c1  Fault_Init                                
0000f0bd  Fault_Raise                               
0000d343  GROUP0_IRQHandler                         
0000f7d5  GROUP1_IRQHandler                         
0000fa15  GimbalStepper_GetFeedback                 
0000f8a9  Gimbal_YawGetFeedback                     
0000fabb  HOSTexit                                  
0000d343  HardFault_Handler                         
0000f7e9  HeadingControl_Enable                     
0000fa1d  HeadingControl_GetRuntime                 
0000f705  HeadingControl_Init                       
0000f71d  HeadingControl_Reset                      
0000f58d  HeadingControl_SetTargetYaw               
0000c649  HeadingControl_Update                     
0000d343  I2C0_IRQHandler                           
0000d343  I2C1_IRQHandler                           
0000923d  Imu_CalibrateGyroBias                     
0000f939  Imu_GetCorrectedGyroZDps                  
0000fa25  Imu_GetRuntime                            
0000f945  Imu_GetYaw                                
00007b41  Imu_Init                                  
0000ef85  Imu_IsReady                               
0000ea4d  Imu_ResetYaw                              
000073b1  Imu_Update                                
0000f8b9  Key_GetEvent                              
0000f0ed  Key_Init                                  
0000b065  Key_Update_20ms                           
0000fa2d  LineController_GetRuntime                 
0000c261  LineController_Init                       
0000f11d  LineController_ObserveSensors             
0000b9bd  LineController_Reset                      
0000bf51  LineController_ResetControlState          
00005ca9  LineController_Update                     
0000f951  Menu_GetPage                              
0000f95d  Menu_GetParamItem                         
0000e6a5  Menu_GetParamValue                        
0000946d  Menu_HandleKeyEvent                       
0000f5a9  Menu_Init                                 
0000f735  Menu_ParamItemToString                    
0000efb9  MissionLibrary_FindById                   
0000f7fd  MissionLibrary_GetByIndex                 
0000fabf  MissionLibrary_GetCount                   
0000a29d  MissionLibrary_Validate                   
0000eb55  MissionManager_Cancel                     
0000fa35  MissionManager_GetMissionCount            
0000fa3d  MissionManager_GetRuntime                 
0000f811  MissionManager_GetSelectedMissionId       
0000e11d  MissionManager_GetSelectedMissionIndex    
0000e7a1  MissionManager_Init                       
0000f969  MissionManager_IsExternallyHeld           
0000f975  MissionManager_IsTransientAction          
0000f4b5  MissionManager_Pause                      
0000f39d  MissionManager_ReportExternalFailure      
0000ec95  MissionManager_Reset                      
0000f14d  MissionManager_Resume                     
0000c461  MissionManager_SelectNext                 
0000c905  MissionManager_SelectPrevious             
0000f981  MissionManager_SetExternalHold            
0000e3d9  MissionManager_Start                      
0000d149  MissionManager_StartTransientAction       
0000c15d  MissionManager_Update_20ms                
0000f5c5  MotionAction_Cancel                       
0000fa45  MotionAction_GetRuntime                   
0000f74d  MotionAction_Init                         
0000968d  MotionAction_Start                        
00008825  MotionAction_Update_20ms                  
0000fa4d  MotorControl_GetRuntime                   
0000f3c1  MotorControl_Init                         
0000f3e5  MotorControl_Reset                        
0000c361  MotorControl_SetNormalizedTarget          
0000e8e1  MotorControl_Stop                         
00008ad5  MotorControl_Update                       
0000da0d  Motor_Init                                
00009cbd  Motor_SetSpeed                            
[...]
ffffffff  binit                                     
20200fa0  gUART_VISIONBackup                        
202007c8  g_appConfig                               
20200d50  g_appRuntime                              
2020125b  g_carStateDebug                           
2020108c  g_headingRuntime                          
20200bd0  g_imuRuntime                              
2020125c  g_keyEvent                                
2020125d  g_oledPageDebug                           
2020125e  g_paramItemDebug                          
2020125f  g_trackBlackCount                         
2020122e  g_trackError                              
20201260  g_trackModeDebug                          
20201261  g_trackRaw                                
20201262  g_trackTurnDebug                          
20200e18  g_wheelSpeedEstimatorRuntime              
00000000  interruptVectors                          
0000cac5  main                                      
0000d47d  memcpy                                    
0000f329  memmove                                   
0000e2b7  memset                                    
0000d901  strcmp                                    


GLOBAL SYMBOLS: SORTED BY Symbol Address 

address   name                                      
-------   ----                                      
00000000  __TI_ATRegion0_region_sz                  
00000000  __TI_ATRegion0_src_addr                   
00000000  __TI_ATRegion0_trg_addr                   
00000000  __TI_ATRegion1_region_sz                  
00000000  __TI_ATRegion1_src_addr                   
00000000  __TI_ATRegion1_trg_addr                   
00000000  __TI_ATRegion2_region_sz                  
00000000  __TI_ATRegion2_src_addr                   
00000000  __TI_ATRegion2_trg_addr                   
00000000  __TI_static_base__                        
00000000  interruptVectors                          
000000c1  OledUi_Update_20ms                        
00000200  __STACK_SIZE                              
00002821  VisionTuningConsole_Process               
000045f5  App_Update_20ms                           
000056b5  AppConfig_LimitAll                        
00005ca9  LineController_Update                     
000066b9  RuntimeSnapshot_Update                    
00006f8d  WheelSpeedEstimator_Update                
000073b1  Imu_Update                                
00007791  VisionReceiver_Process                    
00007b41  Imu_Init                                  
00008825  MotionAction_Update_20ms                  
00008ad5  MotorControl_Update                       
0000923d  Imu_CalibrateGyroBias                     
0000946d  Menu_HandleKeyEvent                       
0000968d  MotionAction_Start                        
00009ab1  AppConfig_InitDefault                     
00009cbd  Motor_SetSpeed                            
00009ec1  VisionProtocol_ParseV1TargetFrame         
0000a29d  MissionLibrary_Validate                   
0000a481  BluetoothUart_TryWriteBuffer              
0000ab9d  Ultrasonic_Tick100us                      
0000ad3d  CarController_StartDriveDistanceAtYaw     
0000aed5  CarController_Update_20ms                 
0000b065  Key_Update_20ms                           
0000b1d9  OLED_FlushPage                            
0000b349  OLED_PrintInt16                           
0000b765  BluetoothUart_Process                     
0000b9bd  LineController_Reset                      
0000bae1  OLED_Init                                 
0000bf51  LineController_ResetControlState          
0000c059  DL_Timer_initFourCCPWMMode                
0000c15d  MissionManager_Update_20ms                
0000c261  LineController_Init                       
0000c361  MotorControl_SetNormalizedTarget          
0000c461  MissionManager_SelectNext                 
0000c649  HeadingControl_Update                     
0000c735  ObstacleSafety_Update_20ms                
0000c905  MissionManager_SelectPrevious             
0000c9e5  WheelSpeedEstimator_Init                  
0000cac5  main                                      
0000cba5  SYSCFG_DL_GPIO_init                       
0000cc81  OLED_PrintUInt16                          
0000cd59  __aeabi_fsub                              
0000cd59  __subsf3                                  
0000cd63  __addsf3                                  
0000cd63  __aeabi_fadd                              
0000ce31  CarController_StartDriveDistance          
0000cf05  FaultCode_ToShortString                   
0000cfcd  Angle_Normalize180                        
0000d08d  CarController_ResetRuntime                
0000d149  MissionManager_StartTransientAction       
0000d1fd  Encoder_HandleGpioInterrupt               
0000d2a1  __udivmoddi4                              
0000d343  ADC0_IRQHandler                           
0000d343  ADC1_IRQHandler                           
0000d343  AES_IRQHandler                            
0000d343  CANFD0_IRQHandler                         
0000d343  DAC0_IRQHandler                           
0000d343  DMA_IRQHandler                            
0000d343  Default_Handler                           
0000d343  GROUP0_IRQHandler                         
0000d343  HardFault_Handler                         
0000d343  I2C0_IRQHandler                           
0000d343  I2C1_IRQHandler                           
0000d343  NMI_Handler                               
0000d343  PendSV_Handler                            
0000d343  RTC_IRQHandler                            
0000d343  SPI0_IRQHandler                           
0000d343  SPI1_IRQHandler                           
0000d343  SVC_Handler                               
0000d343  TIMA0_IRQHandler                          
0000d343  TIMA1_IRQHandler                          
0000d343  TIMG0_IRQHandler                          
0000d343  TIMG12_IRQHandler                         
0000d343  TIMG6_IRQHandler                          
0000d343  TIMG7_IRQHandler                          
0000d343  TIMG8_IRQHandler                          
0000d343  UART0_IRQHandler                          
0000d343  UART2_IRQHandler                          
0000d345  App_Init                                  
0000d3e1  ObstacleMonitor_Update_20ms               
0000d47d  memcpy                                    
0000d517  ObstacleAvoidance_Update_20ms             
0000d5b1  CarController_StartTurnToYawRelative      
0000d645  CarController_ResetTransientState         
0000d6d5  SYSCFG_DL_PWM_MOTOR_init                  
0000d761  __aeabi_fmul                              
0000d761  __mulsf3                                  
0000d879  BluetoothUart_Init                        
0000d901  strcmp                                    
0000d989  CarController_SetSafetyHold               
0000da0d  Motor_Init                                
0000da91  __aeabi_fdiv                              
0000da91  __divsf3                                  
0000db13  TrackSensor_Init                          
0000db15  CarController_StartDriveHeading           
0000db95  Motor_Stop                                
0000dc15  UART1_IRQHandler                          
0000dc91  VisionPitchTuning_Set                     
0000dd0d  __TI_decompress_lzss                      
0000dd89  SysTick_Handler                           
0000deed  App_ResetToReady                          
0000df5d  SYSCFG_DL_UART_BLUETOOTH_init             
0000dfcd  SYSCFG_DL_UART_VISION_init                
0000e03d  VisionYawTuning_Set                       
0000e0ad  TrackSensor_DetectTurn                    
0000e11b  __aeabi_idiv0                             
0000e11d  MissionManager_GetSelectedMissionIndex    
0000e1ed  TrackSensor_GetErrorFromRaw               
0000e253  __aeabi_ldiv0                             
0000e255  __aeabi_fcmpeq                            
0000e269  __aeabi_fcmplt                            
0000e27d  __aeabi_fcmple                            
0000e291  __aeabi_fcmpge                            
0000e2a5  __aeabi_fcmpgt                            
0000e2b7  memset                                    
0000e319  VisionTuningConsole_Init                  
0000e379  __aeabi_f2lz                              
0000e379  __fixsfdi                                 
0000e3d9  MissionManager_Start                      
0000e435  UART3_IRQHandler                          
0000e491  Ultrasonic_Update_20ms                    
0000e549  OLED_PrintChar                            
0000e5f9  __aeabi_idiv                              
0000e5f9  __aeabi_idivmod                           
0000e651  CarController_Stop                        
0000e6a5  Menu_GetParamValue                        
0000e6f9  TrackSensor_ReadRaw                       
0000e7a1  MissionManager_Init                       
0000e7f1  Ultrasonic_Init                           
0000e841  WatchdogMonitor_ApplyFaultIfNeeded        
0000e891  __aeabi_l2f                               
0000e891  __floatdisf                               
0000e8e1  MotorControl_Stop                         
0000e92d  WatchdogMonitor_Tick1msFromIsr            
0000e979  DL_UART_init                              
0000e9c1  SYSCFG_DL_initPower                       
0000ea09  Encoder_GetAndClearPulseDeltas            
0000ea4d  Imu_ResetYaw                              
0000ea91  Servo_Tick100us                           
0000ead5  CarController_StartFollowLine             
0000eb15  EmergencyStop_Reset                       
0000eb55  MissionManager_Cancel                     
0000eb95  SYSCFG_DL_SYSCTL_init                     
0000ebd5  VisionReceiver_PushByteFromIsr            
0000ec15  __aeabi_uidiv                             
0000ec15  __aeabi_uidivmod                          
0000ec55  __divmoddi4                               
0000ec95  MissionManager_Reset                      
0000ecd1  Servo_SetAngleDeg                         
0000ed0d  VisionTuningConsole_PushByteFromIsr       
0000ed49  __aeabi_i2f                               
0000ed49  __floatsisf                               
0000ed85  __gesf2                                   
0000ed85  __gtsf2                                   
0000edc1  __TI_auto_init_nobinit_nopinit            
0000edfd  __cmpsf2                                  
0000edfd  __eqsf2                                   
0000edfd  __lesf2                                   
0000edfd  __ltsf2                                   
0000edfd  __nesf2                                   
0000ee39  __muldsi3                                 
0000ee75  VisionReceiver_Init                       
0000eead  __aeabi_f2iz                              
0000eead  __fixsfsi                                 
0000eee5  BluetoothUart_TryWriteString              
0000ef1d  BluetoothUart_TryReadByte                 
0000ef51  EmergencyStop_Trigger                     
0000ef85  Imu_IsReady                               
0000efb9  MissionLibrary_FindById                   
0000efed  VisionTuningConsole_TryPopTxByte          
0000f021  VisionUart_Process                        
0000f055  OLED_PrintString                          
0000f089  __aeabi_f2uiz                             
0000f089  __fixunssfsi                              
0000f0bd  Fault_Raise                               
0000f0ed  Key_Init                                  
0000f11d  LineController_ObserveSensors             
0000f14d  MissionManager_Resume                     
0000f17d  VisionPitchTuning_RestoreDefault          
0000f1ad  WatchdogMonitor_Init                      
0000f1dd  Encoder_Reset                             
0000f209  TrackSensor_CountBlack                    
0000f235  VisionYawTuning_RestoreDefault            
0000f261  SYSCFG_DL_init                            
0000f289  Servo_Init                                
0000f2b1  VisionPitchTuning_Init                    
0000f2d9  WatchdogMonitor_Reset                     
0000f301  __aeabi_ui2f                              
0000f301  __floatunsisf                             
0000f329  memmove                                   
0000f351  _c_int00_noargs                           
0000f379  EmergencyStop_Enforce                     
0000f39d  MissionManager_ReportExternalFailure      
0000f3c1  MotorControl_Init                         
0000f3e5  MotorControl_Reset                        
0000f409  OLED_ClearBuffer                          
0000f42d  VisionYawTuning_Init                      
0000f451  __aeabi_lmul                              
0000f451  __muldi3                                  
0000f475  DL_Timer_overrideCCPOut                   
0000f495  DebugTelemetry_Update                     
0000f4b5  MissionManager_Pause                      
0000f4d5  OLED_SetCursor                            
0000f4f5  SchedulerMonitor_GetStats                 
0000f535  __aeabi_llsl                              
0000f535  __ashldi3                                 
0000f555  DL_Timer_setCaptCompUpdateMethod          
0000f571  DL_Timer_setClockConfig                   
0000f58d  HeadingControl_SetTargetYaw               
0000f5a9  Menu_Init                                 
0000f5c5  MotionAction_Cancel                       
0000f5e1  ObstacleMonitor_Init                      
0000f5fd  ObstacleSafety_Init                       
0000f619  VisionPitchTuning_ParamName               
0000f635  VisionYawTuning_GetSnapshot               
0000f651  VisionYawTuning_ParamName                 
0000f66d  WatchdogMonitor_NotifyControlCycleComplete
0000f6a5  CarController_RunModeToString             
0000f6bd  CarState_ToString                         
0000f6d5  DL_Timer_setCaptureCompareOutCtl          
0000f6ed  DebugTelemetry_Init                       
0000f705  HeadingControl_Init                       
0000f71d  HeadingControl_Reset                      
0000f735  Menu_ParamItemToString                    
0000f74d  MotionAction_Init                         
0000f765  ObstacleAvoidance_Init                    
0000f77d  RuntimeSnapshot_Init                      
0000f795  __aeabi_fcmpun                            
0000f795  __unordsf2                                
0000f7ad  Fault_Clear                               
0000f7c1  Fault_Init                                
0000f7d5  GROUP1_IRQHandler                         
0000f7e9  HeadingControl_Enable                     
0000f7fd  MissionLibrary_GetByIndex                 
0000f811  MissionManager_GetSelectedMissionId       
0000f825  VisionPitchTuning_GetSnapshot             
0000f839  VisionUart_Init                           
0000f84d  __aeabi_ldivmod                           
0000f861  __aeabi_uldivmod                          
0000f875  DL_UART_setClockConfig                    
0000f887  __TI_decompress_none                      
0000f899  DL_Timer_setCaptureCompareValue           
0000f8a9  Gimbal_YawGetFeedback                     
0000f8b9  Key_GetEvent                              
0000f8c9  __TI_zero_init                            
0000f8d9  CarController_GetRunMode                  
0000f8e5  CarController_Init                        
0000f8f1  CarController_IsSafetyHoldActive          
0000f8fd  CarState_Get                              
0000f909  CarState_Init                             
0000f915  CarState_Set                              
0000f921  EmergencyStop_Init                        
0000f92d  EmergencyStop_IsActive                    
0000f939  Imu_GetCorrectedGyroZDps                  
0000f945  Imu_GetYaw                                
0000f951  Menu_GetPage                              
0000f95d  Menu_GetParamItem                         
0000f969  MissionManager_IsExternallyHeld           
0000f975  MissionManager_IsTransientAction          
0000f981  MissionManager_SetExternalHold            
0000f98d  ObstacleAvoidance_IsActive                
0000f999  ObstacleAvoidance_IsFailed                
0000f9a5  ObstacleSafety_IsHolding                  
0000f9b1  SystemTime_GetMs                          
0000f9bd  WatchdogMonitor_HasTripped                
0000f9c9  __aeabi_memclr                            
0000f9c9  __aeabi_memclr4                           
0000f9c9  __aeabi_memclr8                           
0000f9d5  DL_Common_delayCycles                     
0000f9df  TrackSensor_IsCenterDetected              
0000f9e9  TrackSensor_IsLineDetected                
0000f9f3  TrackSensor_IsLineLost                    
0000f9fd  BluetoothUart_GetRuntime                  
0000fa05  CarController_GetFeedback                 
0000fa0d  Fault_GetRecord                           
0000fa15  GimbalStepper_GetFeedback                 
0000fa1d  HeadingControl_GetRuntime                 
0000fa25  Imu_GetRuntime                            
0000fa2d  LineController_GetRuntime                 
0000fa35  MissionManager_GetMissionCount            
0000fa3d  MissionManager_GetRuntime                 
0000fa45  MotionAction_GetRuntime                   
0000fa4d  MotorControl_GetRuntime                   
0000fa55  ObstacleAvoidance_GetFeedback             
0000fa5d  ObstacleMonitor_GetFeedback               
0000fa65  OledUi_Init                               
0000fa6d  RuntimeSnapshot_Get                       
0000fa75  Servo_GetFeedback                         
0000fa7d  Ultrasonic_GetFeedback                    
0000fa85  VisionReceiver_GetStatus                  
0000fa8d  VisionTuningConsole_GetStatus             
0000fa95  WatchdogMonitor_GetStatus                 
0000fa9d  WheelSpeedEstimator_GetRuntime            
0000faa5  __aeabi_memcpy                            
0000faa5  __aeabi_memcpy4                           
0000faa5  __aeabi_memcpy8                           
0000faad  __aeabi_memmove                           
0000faad  __aeabi_memmove4                          
0000faad  __aeabi_memmove8                          
0000fab5  abort                                     
0000faba  C$$EXIT                                   
0000fabb  HOSTexit                                  
0000fabf  MissionLibrary_GetCount                   
0000fac3  ObstacleAvoidance_IsResumeGraceActive     
0000fac7  Reset_Handler                             
0000facb  _system_pre_init                          
00010438  __TI_Handler_Table_Base                   
00010444  __TI_Handler_Table_Limit                  
00010454  __TI_CINIT_Base                           
00010464  __TI_CINIT_Limit                          
00010464  __TI_CINIT_Warm                           
20200000  __start___llvm_prf_bits                   
20200000  __start___llvm_prf_cnts                   
20200000  __stop___llvm_prf_bits                    
20200000  __stop___llvm_prf_cnts                    
202007c8  g_appConfig                               
20200bd0  g_imuRuntime                              
20200d50  g_appRuntime                              
20200e18  g_wheelSpeedEstimatorRuntime              
20200fa0  gUART_VISIONBackup                        
2020108c  g_headingRuntime                          
2020122e  g_trackError                              
2020125b  g_carStateDebug                           
2020125c  g_keyEvent                                
2020125d  g_oledPageDebug                           
2020125e  g_paramItemDebug                          
2020125f  g_trackBlackCount                         
20201260  g_trackModeDebug                          
20201261  g_trackRaw                                
20201262  g_trackTurnDebug                          
20207e00  __stack                                   
20208000  __STACK_END                               
ffffffff  __TI_pprof_out_hndl                       
ffffffff  __TI_prof_data_size                       
ffffffff  __TI_prof_data_start                      
ffffffff  __binit__                                 
ffffffff  binit                                     
UNDEFED   __mpu_init                                
UNDEFED   _system_post_cinit                        

[352 symbols]
