******************************************************************************
            TI ARM Clang Linker PC v4.0.4                      
******************************************************************************
>> Linked Fri Jul 31 06:04:25 2026

OUTPUT FILE NAME:   <diansaikaishi.out>
ENTRY POINT SYMBOL: "_c_int00_noargs"  address: 00010c41


MEMORY CONFIGURATION

         name            origin    length      used     unused   attr    fill
----------------------  --------  ---------  --------  --------  ----  --------
  FLASH                 00000000   00020000  00012268  0000dd98  R  X
  SRAM                  20200000   00008000  0000120c  00006df4  RW X
  BCR_CONFIG            41c00000   000000ff  00000000  000000ff  R   
  BSL_CONFIG            41c00100   00000080  00000000  00000080  R   


SEGMENT ALLOCATION MAP

run origin  load origin   length   init length attrs members
----------  ----------- ---------- ----------- ----- -------
00000000    00000000    00011dc8   00011dc8    r-x
  00000000    00000000    000000c0   000000c0    r-- .intvecs
  000000c0    000000c0    000113e0   000113e0    r-x .text
  000114a0    000114a0    00000928   00000928    r-- .rodata
00011e28    00011e28    00000040   00000040    r--
  00011e28    00011e28    00000030   00000030    r-- .cinit
  00011e58    00011e58    00000010   00000010    r-- .binit
0001fc00    0001fc00    00000400   00000400    r--
  0001fc00    0001fc00    00000400   00000400    r-- .TI.bound:g_balanceCalibrationReservedSector
20200000    20200000    00000fac   00000000    rw-
  20200000    20200000    00000fab   00000000    rw- .bss
  20200fab    20200fab    00000001   00000000    rw- .data
20200fb0    00011dc8    00000060   00000060    r-x
  20200fb0    00011dc8    00000060   00000060    r-x .TI.ramfunc
20207e00    20207e00    00000200   00000000    rw-
  20207e00    20207e00    00000200   00000000    rw- .stack


SECTION ALLOCATION MAP

 output                                  attributes/
section   page    origin      length       input sections
--------  ----  ----------  ----------   ----------------
.intvecs   0    00000000    000000c0     
                  00000000    000000c0     startup_mspm0g350x_ticlang.o (.intvecs)

.text      0    000000c0    000113e0     
                  000000c0    0000171c     oled_ui.o (.text.print_balance_stepper_test_page)
                  000017dc    00000ad8     oled_ui.o (.text.print_imu_counters_page)
                  000022b4    000007ec     oled_ui.o (.text.print_balance_vision_page)
                  00002aa0    0000064c     app_config.o (.text.AppConfig_LimitAll)
                  000030ec    000005ac     imu.o (.text.Imu_CalibrateGyroBias)
                  00003698    000005a0     vision_receiver.o (.text.VisionReceiver_Process)
                  00003c38    00000524     line_controller.o (.text.LineController_Update)
                  0000415c    000004bc     oled_ui.o (.text.print_encoder_page)
                  00004618    0000049c     runtime_snapshot.o (.text.RuntimeSnapshot_Update)
                  00004ab4    00000478     oled_ui.o (.text.print_sensor_page)
                  00004f2c    0000044c     motor_control.o (.text.update_wheel)
                  00005378    00000424     wheel_speed_estimator.o (.text.WheelSpeedEstimator_Update)
                  0000579c    00000414     balance_position_control.o (.text.BalancePositionControl_Update20ms)
                  00005bb0    000003f4     vision_protocol.o (.text.VisionProtocol_ParseBallAsciiLine)
                  00005fa4    000003e0     imu.o (.text.Imu_Update)
                  00006384    000003c4     oled_ui.o (.text.print_motor_control_detail_page)
                  00006748    00000380     imu.o (.text.Imu_Init)
                  00006ac8    0000037c     oled_ui.o (.text.print_heading_page)
                  00006e44    00000370     gimbal.o (.text.gimbal_update_feedback)
                  000071b4    0000033c     oled_ui.o (.text.print_drive_distance_page)
                  000074f0    00000324     oled_ui.o (.text.print_imu_detail_page)
                  00007814    00000308     balance_ball_control.o (.text.BalanceBallControl_Update20ms)
                  00007b1c    00000300     oled_ui.o (.text.print_motor_control_page)
                  00007e1c    000002f0     imu.o (.text.mpu6050_read_regs)
                  0000810c    000002ec     menu.o (.text.Menu_HandleKeyEvent)
                  000083f8    000002cc     car_controller.o (.text.handle_drive_distance)
                  000086c4    000002b0     motion_action.o (.text.MotionAction_Update_20ms)
                  00008974    00000290     balance_calibration_store.o (.text.BalanceCalibrationStore_Save)
                  00008c04    0000028c     motor_control.o (.text.MotorControl_Update)
                  00008e90    0000026c     balance_soft_limits.o (.text.BalanceSoftLimits_Update20ms)
                  000090fc    00000268     car_controller.o (.text.handle_turn_to_yaw)
                  00009364    00000250     menu.o (.text.menu_adjust_param)
                  000095b4    00000220     app_config.o (.text.AppConfig_InitDefault)
                  000097d4    00000220     motion_action.o (.text.motion_action_start_internal)
                  000099f4    00000204     motor.o (.text.Motor_SetSpeed)
                  00009bf8    000001f0     oled_ui.o (.text.print_param_page)
                  00009de8    000001e8     motor_control.o (.text.config_is_valid)
                  00009fd0    000001e4     mission_library.o (.text.MissionLibrary_Validate)
                  0000a1b4    000001cc     imu.o (.text.imu_i2c_write_byte)
                  0000a380    000001cc     oled_ui.o (.text.print_status_page)
                  0000a54c    000001b8     oled.o (.text.oled_i2c_write_byte)
                  0000a704    000001a0     app.o (.text.App_Update_20ms)
                  0000a8a4    000001a0     ultrasonic.o (.text.Ultrasonic_Tick100us)
                  0000aa44    0000019c     car_controller.o (.text.CarController_StartDriveDistanceAtYaw)
                  0000abe0    00000194     gimbal_stepper.o (.text.GimbalStepper_Tick100us)
                  0000ad74    00000190     car_controller.o (.text.CarController_Update_20ms)
                  0000af04    00000188     oled_ui.o (.text.print_imu_page)
                  0000b08c    00000174     key.o (.text.Key_Update_20ms)
                  0000b200    00000170     oled.o (.text.OLED_FlushPage)
                  0000b370    0000016c     oled.o (.text.OLED_PrintInt16)
                  0000b4dc    00000160     oled_ui.o (.text.print_balance_limit_value)
                  0000b63c    0000015c     oled_ui.o (.text.print_signed_total_tail)
                  0000b798    00000150     vision_protocol.o (.text.parse_decimal_x1000)
                  0000b8e8    0000014c     balance_soft_limits.o (.text.BalanceSoftLimits_CaptureCurrentStage)
                  0000ba34    00000140     balance_calibration_store.o (.text.BalanceCalibrationStore_Load)
                  0000bb74    0000013c     balance_position_control.o (.text.BalancePositionControl_Start)
                  0000bcb0    0000013c     oled_ui.o (.text.print_balance_vision_rx_debug_page)
                  0000bdec    0000012c     balance_soft_limits.o (.text.BalanceSoftLimits_StartOscillationTest)
                  0000bf18    0000012c     imu.o (.text.imu_i2c_recover_bus)
                  0000c044    0000012c     oled_ui.o (.text.print_uint64_decimal)
                  0000c170    00000128     line_controller.o (.text.LineController_Reset)
                  0000c298    00000128     mission_manager.o (.text.MissionManager_Update_20ms)
                  0000c3c0    00000124     oled.o (.text.OLED_Init)
                  0000c4e4    00000120     balance_soft_limits.o (.text.BalanceSoftLimits_StartRelativePositionMoveSteps)
                  0000c604    00000120     oled_ui.o (.text.print_bluetooth_page)
                  0000c724    0000011c     car_controller.o (.text.handle_drive_heading)
                  0000c840    00000118     oled_ui.o (.text.print_obstacle_page)
                  0000c958    00000114     car_controller.o (.text.handle_follow_line)
                  0000ca6c    0000010c     balance_soft_limits.o (.text.BalanceSoftLimits_BeginAtCurrentAsZero)
                  0000cb78    0000010c     line_controller.o (.text.LineController_ResetControlState)
                  0000cc84    00000108     vision_receiver.o (.text.accept_packet)
                  0000cd8c    00000104     driverlib.a : dl_timer.o (.text.DL_Timer_initFourCCPWMMode)
                  0000ce90    00000104     line_controller.o (.text.LineController_Init)
                  0000cf94    00000100     motor_control.o (.text.MotorControl_SetNormalizedTarget)
                  0000d094    00000100     ti_msp_dl_config.o (.text.SYSCFG_DL_GPIO_init)
                  0000d194    000000fc     mission_manager.o (.text.MissionManager_SelectNext)
                  0000d290    000000f8     vision_uart.o (.text.VisionUart_Process)
                  0000d388    000000ec     heading_control.o (.text.HeadingControl_Update)
                  0000d474    000000e8     mission_manager.o (.text.MissionManager_SelectPrevious)
                  0000d55c    000000e8     obstacle_safety.o (.text.ObstacleSafety_Update_20ms)
                  0000d644    000000e4     empty.o (.text.main)
                  0000d728    000000e0     wheel_speed_estimator.o (.text.WheelSpeedEstimator_Init)
                  0000d808    000000d8     driverlib.a : dl_flashctl.o (.text.DL_FlashCTL_unprotectSector)
                  0000d8e0    000000d8     oled.o (.text.OLED_PrintUInt16)
                  0000d9b8    000000d8     libclang_rt.builtins.a : addsf3.S.obj (.text)
                  0000da90    000000d4     car_controller.o (.text.CarController_StartDriveDistance)
                  0000db64    000000d4     gimbal_stepper.o (.text.GimbalStepper_MoveRelativeSteps)
                  0000dc38    000000cc     balance_encoder.o (.text.BalanceEncoder_HandleGpioInterrupt)
                  0000dd04    000000cc     oled_ui.o (.text.OledUi_Update_20ms)
                  0000ddd0    000000c8     fault.o (.text.FaultCode_ToShortString)
                  0000de98    000000c0     angle_utils.o (.text.Angle_Normalize180)
                  0000df58    000000c0     balance_soft_limits.o (.text.oscillation_target_for_phase)
                  0000e018    000000bc     balance_soft_limits.o (.text.BalanceSoftLimits_Init)
                  0000e0d4    000000bc     car_controller.o (.text.CarController_ResetRuntime)
                  0000e190    000000bc     menu.o (.text.Menu_GetParamValue)
                  0000e24c    000000b4     gimbal_stepper.o (.text.GimbalStepper_StopHold)
                  0000e300    000000b0     gimbal_stepper.o (.text.GimbalStepper_Init)
                  0000e3b0    000000b0     empty.o (.text.SysTick_Handler)
                  0000e460    000000a8     balance_soft_limits.o (.text.BalanceSoftLimits_ArmRecalibration)
                  0000e508    000000a4     encoder.o (.text.Encoder_HandleGpioInterrupt)
                  0000e5ac    000000a4     balance_calibration_store.o (.text.calibration_crc32)
                  0000e650    000000a2     libclang_rt.builtins.a : udivmoddi4.S.obj (.text)
                  0000e6f2    00000002     startup_mspm0g350x_ticlang.o (.text.Default_Handler)
                  0000e6f4    000000a0     balance_soft_limits.o (.text.BalanceSoftLimits_AbortCalibration)
                  0000e794    000000a0     car_controller.o (.text.drive_distance_high_decel_zone_cm)
                  0000e834    0000009c     obstacle_monitor.o (.text.ObstacleMonitor_Update_20ms)
                  0000e8d0    0000009c     balance_ball_control.o (.text.return_toward_zero)
                  0000e96c    0000009a     libc.a : memcpy16.S.obj (.text:memcpy)
                  0000ea06    00000002     obstacle_avoidance.o (.text.ObstacleAvoidance_Update_20ms)
                  0000ea08    00000098     balance_soft_limits.o (.text.BalanceSoftLimits_CancelRecalibration)
                  0000eaa0    00000098     imu.o (.text.mpu6050_write_reg)
                  0000eb38    00000094     car_controller.o (.text.CarController_StartTurnToYawRelative)
                  0000ebcc    00000094     balance_ball_control.o (.text.command_offset)
                  0000ec60    00000090     car_controller.o (.text.CarController_ResetTransientState)
                  0000ecf0    0000008c     ti_msp_dl_config.o (.text.SYSCFG_DL_PWM_MOTOR_init)
                  0000ed7c    0000008c     libclang_rt.builtins.a : mulsf3.S.obj (.text.__mulsf3)
                  0000ee08    0000008c     car_controller.o (.text.heading_imu_wait_or_fail)
                  0000ee94    00000084     car_controller.o (.text.CarController_SetSafetyHold)
                  0000ef18    00000084     gimbal_stepper.o (.text.GimbalStepper_ConfirmZero)
                  0000ef9c    00000084     motor.o (.text.Motor_Init)
                  0000f020    00000082     libclang_rt.builtins.a : divsf3.S.obj (.text.__divsf3)
                  0000f0a2    00000002     track_sensor.o (.text.TrackSensor_Init)
                  0000f0a4    00000080     car_controller.o (.text.CarController_StartDriveHeading)
                  0000f124    00000080     motor.o (.text.Motor_Stop)
                  0000f1a4    0000007e     app.o (.text.App_Init)
                  0000f222    00000002     libclang_rt.builtins.a : aeabi_div0.c.obj (.text.__aeabi_idiv0)
                  0000f224    0000007c     balance_soft_limits.o (.text.BalanceSoftLimits_Enforce100usFromIsr)
                  0000f2a0    0000007c     libc.a : copy_decompress_lzss.c.obj (.text:decompress:lzss)
                  0000f31c    00000078     balance_position_control.o (.text.BalancePositionControl_ResetFault)
                  0000f394    00000078     oled.o (.text.oled_write_command)
                  0000f40c    00000074     motor_control.o (.text.latch_control_error)
                  0000f480    00000070     gimbal_stepper.o (.text.GimbalStepper_Release)
                  0000f4f0    00000070     ti_msp_dl_config.o (.text.SYSCFG_DL_UART_VISION_init)
                  0000f560    0000006e     track_sensor.o (.text.TrackSensor_DetectTurn)
                  0000f5ce    00000002     libclang_rt.builtins.a : aeabi_div0.c.obj (.text.__aeabi_ldiv0)
                  0000f5d0    00000068     mission_manager.o (.text.MissionManager_GetSelectedMissionIndex)
                  0000f638    00000068     car_controller.o (.text.set_output_speed)
                  0000f6a0    00000066     track_sensor.o (.text.TrackSensor_GetErrorFromRaw)
                  0000f706    00000002     --HOLE-- [fill = 0]
                  0000f708    00000064     balance_soft_limits.o (.text.BalanceSoftLimits_ResetPositionFault)
                  0000f76c    00000064     mission_manager.o (.text.MissionManager_Start)
                  0000f7d0    00000062     app.o (.text.App_ResetToReady)
                  0000f832    00000002     --HOLE-- [fill = 0]
                  0000f834    00000062     libclang_rt.builtins.a : aeabi_fcmp.S.obj (.text.__aeabi_fcmp)
                  0000f896    00000062     libc.a : memset16.S.obj (.text:memset)
                  0000f8f8    00000060     balance_position_control.o (.text.BalancePositionControl_Init)
                  0000f958    00000060     libclang_rt.builtins.a : fixsfdi.S.obj (.text.__fixsfdi)
                  0000f9b8    0000005c     ultrasonic.o (.text.Ultrasonic_Update_20ms)
                  0000fa14    0000005c     vision_receiver.o (.text.VisionReceiver_Init)
                  0000fa70    0000005c     vision_protocol.o (.text.parse_u32)
                  0000facc    0000005c     car_controller.o (.text.speed_cmps_to_normalized_command)
                  0000fb28    0000005c     balance_soft_limits.o (.text.test_start_target)
                  0000fb84    00000058     balance_encoder.o (.text.BalanceEncoder_Init)
                  0000fbdc    00000058     mission_manager.o (.text.MissionManager_Init)
                  0000fc34    00000058     oled.o (.text.OLED_PrintChar)
                  0000fc8c    00000058     balance_ball_control.o (.text.ensure_tracking_started)
                  0000fce4    00000058     motion_action.o (.text.motion_action_start_imu_controller)
                  0000fd3c    00000056     libclang_rt.builtins.a : aeabi_idivmod.S.obj (.text.__aeabi_idivmod)
                  0000fd92    00000002     --HOLE-- [fill = 0]
                  0000fd94    00000054     car_controller.o (.text.CarController_Stop)
                  0000fde8    00000054     track_sensor.o (.text.TrackSensor_ReadRaw)
                  0000fe3c    00000054     watchdog_monitor.o (.text.WatchdogMonitor_ApplyFaultIfNeeded)
                  0000fe90    00000054     menu.o (.text.menu_next_main_page)
                  0000fee4    00000050     balance_position_control.o (.text.BalancePositionControl_SetTrackingTarget)
                  0000ff34    00000050     balance_soft_limits.o (.text.BalanceSoftLimits_GetSnapshot)
                  0000ff84    00000050     ultrasonic.o (.text.Ultrasonic_Init)
                  0000ffd4    00000050     watchdog_monitor.o (.text.WatchdogMonitor_Tick1msFromIsr)
                  00010024    0000004e     libclang_rt.builtins.a : floatdisf.S.obj (.text.__floatdisf)
                  00010072    00000002     --HOLE-- [fill = 0]
                  00010074    0000004c     motor_control.o (.text.MotorControl_Stop)
                  000100c0    0000004c     libc.a : cpy_tbl.c.obj (.text.copy_in)
                  0001010c    0000004c     vision_protocol.o (.text.state_is_valid)
                  00010158    0000004c     libc.a : autoinit.c.obj (.text:__TI_auto_init_nopinit)
                  000101a4    00000048     driverlib.a : dl_uart.o (.text.DL_UART_init)
                  000101ec    00000048     mission_manager.o (.text.MissionManager_Cancel)
                  00010234    00000044     car_controller.o (.text.CarController_StartFollowLine)
                  00010278    00000044     emergency_stop.o (.text.EmergencyStop_Reset)
                  000102bc    00000044     encoder.o (.text.Encoder_GetAndClearPulseDeltas)
                  00010300    00000044     imu.o (.text.Imu_ResetYaw)
                  00010344    00000044     mission_manager.o (.text.MissionManager_Reset)
                  00010388    00000044     servo.o (.text.Servo_Tick100us)
                  000103cc    00000044     vision_uart.o (.text.UART3_IRQHandler)
                  00010410    00000040     balance_ball_control.o (.text.BalanceBallControl_Enable)
                  00010450    00000040     balance_encoder.o (.text.BalanceEncoder_GetSnapshot)
                  00010490    00000040     balance_soft_limits.o (.text.BalanceSoftLimits_StopMotion)
                  000104d0    00000040     car_controller.o (.text.CarController_ResumeFollowLine)
                  00010510    00000040     fault.o (.text.Fault_Raise)
                  00010550    00000040     ti_msp_dl_config.o (.text.SYSCFG_DL_SYSCTL_init)
                  00010590    00000040     ti_msp_dl_config.o (.text.SYSCFG_DL_initPower)
                  000105d0    00000040     vision_receiver.o (.text.VisionReceiver_PushByteFromIsr)
                  00010610    00000040     libclang_rt.builtins.a : aeabi_uidivmod.S.obj (.text.__aeabi_uidivmod)
                  00010650    00000040     vision_protocol.o (.text.parse_confidence)
                  00010690    0000003e     libclang_rt.builtins.a : divmoddi4.c.obj (.text.__divmoddi4)
                  000106ce    00000002     --HOLE-- [fill = 0]
                  000106d0    0000003c     balance_ball_control.o (.text.BalanceBallControl_Init)
                  0001070c    0000003c     mission_manager.o (.text.MissionManager_Resume)
                  00010748    0000003c     servo.o (.text.Servo_SetAngleDeg)
                  00010784    0000003c     libclang_rt.builtins.a : floatsisf.S.obj (.text.__floatsisf)
                  000107c0    0000003c                            : comparesf2.S.obj (.text.__gtsf2)
                  000107fc    0000003a                            : comparesf2.S.obj (.text.__eqsf2)
                  00010836    00000002     --HOLE-- [fill = 0]
                  00010838    0000003a                            : muldsi3.S.obj (.text.__muldsi3)
                  00010872    00000002     --HOLE-- [fill = 0]
                  00010874    00000038     emergency_stop.o (.text.EmergencyStop_Trigger)
                  000108ac    00000038     libclang_rt.builtins.a : fixsfsi.S.obj (.text.__fixsfsi)
                  000108e4    00000034     balance_position_control.o (.text.BalancePositionControl_Cancel)
                  00010918    00000034     imu.o (.text.Imu_IsReady)
                  0001094c    00000034     mission_library.o (.text.MissionLibrary_FindById)
                  00010980    00000032     oled.o (.text.OLED_PrintString)
                  000109b2    00000002     --HOLE-- [fill = 0]
                  000109b4    00000030     key.o (.text.Key_Init)
                  000109e4    00000030     line_controller.o (.text.LineController_ObserveSensors)
                  00010a14    00000030     watchdog_monitor.o (.text.WatchdogMonitor_Init)
                  00010a44    00000030     watchdog_monitor.o (.text.WatchdogMonitor_Reset)
                  00010a74    0000002c     balance_position_control.o (.text.BalancePositionControl_GetSnapshot)
                  00010aa0    0000002c     balance_position_control.o (.text.BalancePositionControl_StartTracking)
                  00010acc    0000002c     encoder.o (.text.Encoder_Reset)
                  00010af8    0000002c     mission_manager.o (.text.MissionManager_Pause)
                  00010b24    0000002c     track_sensor.o (.text.TrackSensor_CountBlack)
                  00010b50    00000028     balance_soft_limits.o (.text.BalanceSoftLimits_CancelTravelTest)
                  00010b78    00000028     driverlib.a : dl_flashctl.o (.text.DL_FlashCTL_programMemoryFromRAM64WithECCGenerated)
                  00010ba0    00000028     emergency_stop.o (.text.EmergencyStop_Enforce)
                  00010bc8    00000028     magnet.o (.text.Magnet_ForceOff)
                  00010bf0    00000028     servo.o (.text.Servo_Init)
                  00010c18    00000028     libclang_rt.builtins.a : floatunsisf.S.obj (.text.__floatunsisf)
                  00010c40    00000028     libc.a : boot_cortex_m.c.obj (.text:_c_int00_noargs)
                  00010c68    00000024     balance_encoder.o (.text.BalanceEncoder_SampleSpeed10msFromIsr)
                  00010c8c    00000024     balance_soft_limits.o (.text.BalanceSoftLimits_CancelOscillationTest)
                  00010cb0    00000024     gimbal_stepper.o (.text.GimbalStepper_GetFeedbackSnapshot)
                  00010cd4    00000024     mission_manager.o (.text.MissionManager_ReportExternalFailure)
                  00010cf8    00000024     motor_control.o (.text.MotorControl_Init)
                  00010d1c    00000024     motor_control.o (.text.MotorControl_Reset)
                  00010d40    00000024     oled.o (.text.OLED_ClearBuffer)
                  00010d64    00000024     ti_msp_dl_config.o (.text.SYSCFG_DL_init)
                  00010d88    00000024     libclang_rt.builtins.a : muldi3.S.obj (.text.__muldi3)
                  00010dac    00000020     driverlib.a : dl_timer.o (.text.DL_Timer_overrideCCPOut)
                  00010dcc    00000020     debug_telemetry.o (.text.DebugTelemetry_Update)
                  00010dec    00000020     empty.o (.text.GROUP1_IRQHandler)
                  00010e0c    00000020     magnet.o (.text.Magnet_Init)
                  00010e2c    00000020     oled.o (.text.OLED_SetCursor)
                  00010e4c    00000020     empty.o (.text.SchedulerMonitor_GetStats)
                  00010e6c    00000020     vision_receiver.o (.text.VisionReceiver_GetProtocolErrorCount)
                  00010e8c    00000020     mission_manager.o (.text.mission_finish_error)
                  00010eac    0000001e     libclang_rt.builtins.a : ashldi3.S.obj (.text.__ashldi3)
                  00010eca    00000002     --HOLE-- [fill = 0]
                  00010ecc    0000001c     balance_ball_control.o (.text.BalanceBallControl_Disable)
                  00010ee8    0000001c     balance_ball_control.o (.text.BalanceBallControl_ForceStop)
                  00010f04    0000001c     balance_ball_control.o (.text.BalanceBallControl_GetSnapshot)
                  00010f20    0000001c     driverlib.a : dl_timer.o (.text.DL_Timer_setCaptCompUpdateMethod)
                  00010f3c    0000001c                 : dl_timer.o (.text.DL_Timer_setClockConfig)
                  00010f58    0000001c     heading_control.o (.text.HeadingControl_SetTargetYaw)
                  00010f74    0000001c     menu.o (.text.Menu_Init)
                  00010f90    0000001c     motion_action.o (.text.MotionAction_Cancel)
                  00010fac    0000001c     obstacle_monitor.o (.text.ObstacleMonitor_Init)
                  00010fc8    0000001c     obstacle_safety.o (.text.ObstacleSafety_Init)
                  00010fe4    0000001c     watchdog_monitor.o (.text.WatchdogMonitor_NotifyControlCycleComplete)
                  00011000    0000001c     mission_manager.o (.text.mission_finish_success)
                  0001101c    00000018     driverlib.a : dl_flashctl.o (.text.DL_FlashCTL_eraseMemoryFromRAM)
                  00011034    00000018                 : dl_timer.o (.text.DL_Timer_setCaptureCompareOutCtl)
                  0001104c    00000018     debug_telemetry.o (.text.DebugTelemetry_Init)
                  00011064    00000018     heading_control.o (.text.HeadingControl_Init)
                  0001107c    00000018     heading_control.o (.text.HeadingControl_Reset)
                  00011094    00000018     menu.o (.text.Menu_ParamItemToString)
                  000110ac    00000018     motion_action.o (.text.MotionAction_Init)
                  000110c4    00000018     obstacle_avoidance.o (.text.ObstacleAvoidance_Init)
                  000110dc    00000018     runtime_snapshot.o (.text.RuntimeSnapshot_Init)
                  000110f4    00000016     libclang_rt.builtins.a : comparesf2.S.obj (.text.__unordsf2)
                  0001110a    00000002     --HOLE-- [fill = 0]
                  0001110c    00000014     fault.o (.text.Fault_Clear)
                  00011120    00000014     fault.o (.text.Fault_Init)
                  00011134    00000014     gimbal_stepper.o (.text.GimbalStepper_SetStepHalfPeriodTicks)
                  00011148    00000014     heading_control.o (.text.HeadingControl_Enable)
                  0001115c    00000014     mission_library.o (.text.MissionLibrary_GetByIndex)
                  00011170    00000014     mission_manager.o (.text.MissionManager_GetSelectedMissionId)
                  00011184    00000014     vision_uart.o (.text.VisionUart_Init)
                  00011198    00000014     libclang_rt.builtins.a : aeabi_ldivmod.S.obj (.text.__aeabi_ldivmod)
                  000111ac    00000014                            : aeabi_uldivmod.S.obj (.text.__aeabi_uldivmod)
                  000111c0    00000012     driverlib.a : dl_uart.o (.text.DL_UART_setClockConfig)
                  000111d2    00000012     libc.a : copy_decompress_none.c.obj (.text:decompress:none)
                  000111e4    00000010     balance_position_control.o (.text.BalancePositionControl_HasFault)
                  000111f4    00000010     driverlib.a : dl_timer.o (.text.DL_Timer_setCaptureCompareValue)
                  00011204    00000010     gimbal.o (.text.Gimbal_YawGetFeedback)
                  00011214    00000010     key.o (.text.Key_GetEvent)
                  00011224    00000010     libc.a : copy_zero_init.c.obj (.text:decompress:ZI)
                  00011234    0000000c     balance_encoder.o (.text.BalanceEncoder_GetCountAtomic)
                  00011240    0000000c     balance_position_control.o (.text.BalancePositionControl_IsBusy)
                  0001124c    0000000c     balance_soft_limits.o (.text.BalanceSoftLimits_IsCalibrationActive)
                  00011258    0000000c     balance_soft_limits.o (.text.BalanceSoftLimits_IsOscillationTestActive)
                  00011264    0000000c     balance_soft_limits.o (.text.BalanceSoftLimits_IsTravelTestActive)
                  00011270    0000000c     car_controller.o (.text.CarController_GetRunMode)
                  0001127c    0000000c     car_controller.o (.text.CarController_Init)
                  00011288    0000000c     car_controller.o (.text.CarController_IsSafetyHoldActive)
                  00011294    0000000c     car_state.o (.text.CarState_Get)
                  000112a0    0000000c     car_state.o (.text.CarState_Init)
                  000112ac    0000000c     car_state.o (.text.CarState_Set)
                  000112b8    0000000c     emergency_stop.o (.text.EmergencyStop_Init)
                  000112c4    0000000c     emergency_stop.o (.text.EmergencyStop_IsActive)
                  000112d0    0000000c     imu.o (.text.Imu_GetCorrectedGyroZDps)
                  000112dc    0000000c     imu.o (.text.Imu_GetYaw)
                  000112e8    0000000c     menu.o (.text.Menu_GetPage)
                  000112f4    0000000c     menu.o (.text.Menu_GetParamItem)
                  00011300    0000000c     mission_manager.o (.text.MissionManager_IsExternallyHeld)
                  0001130c    0000000c     mission_manager.o (.text.MissionManager_SetExternalHold)
                  00011318    0000000c     obstacle_avoidance.o (.text.ObstacleAvoidance_IsActive)
                  00011324    0000000c     obstacle_avoidance.o (.text.ObstacleAvoidance_IsFailed)
                  00011330    0000000c     obstacle_safety.o (.text.ObstacleSafety_IsHolding)
                  0001133c    0000000c     empty.o (.text.SystemTime_GetMs)
                  00011348    0000000c     watchdog_monitor.o (.text.WatchdogMonitor_HasTripped)
                  00011354    0000000c     libclang_rt.builtins.a : aeabi_memset.S.obj (.text.__aeabi_memclr)
                  00011360    0000000a     driverlib.a : dl_common.o (.text.DL_Common_delayCycles)
                  0001136a    0000000a     motion_action.o (.text.MotionAction_Resume)
                  00011374    0000000a     motion_action.o (.text.MotionAction_Start)
                  0001137e    0000000a     track_sensor.o (.text.TrackSensor_IsCenterDetected)
                  00011388    0000000a     track_sensor.o (.text.TrackSensor_IsLineDetected)
                  00011392    0000000a     track_sensor.o (.text.TrackSensor_IsLineLost)
                  0001139c    00000008     balance_soft_limits.o (.text.BalanceSoftLimits_CancelPositionMove)
                  000113a4    00000008     balance_soft_limits.o (.text.BalanceSoftLimits_IsPositionMoveActive)
                  000113ac    00000008     bluetooth_uart.o (.text.BluetoothUart_GetRuntime)
                  000113b4    00000008     car_controller.o (.text.CarController_GetFeedback)
                  000113bc    00000008     fault.o (.text.Fault_GetRecord)
                  000113c4    00000008     gimbal_stepper.o (.text.GimbalStepper_GetFeedback)
                  000113cc    00000008     heading_control.o (.text.HeadingControl_GetRuntime)
                  000113d4    00000008     imu.o (.text.Imu_GetRuntime)
                  000113dc    00000008     line_controller.o (.text.LineController_GetRuntime)
                  000113e4    00000008     mission_manager.o (.text.MissionManager_GetMissionCount)
                  000113ec    00000008     mission_manager.o (.text.MissionManager_GetRuntime)
                  000113f4    00000008     motion_action.o (.text.MotionAction_GetRuntime)
                  000113fc    00000008     motor_control.o (.text.MotorControl_GetRuntime)
                  00011404    00000008     obstacle_avoidance.o (.text.ObstacleAvoidance_GetFeedback)
                  0001140c    00000008     obstacle_monitor.o (.text.ObstacleMonitor_GetFeedback)
                  00011414    00000008     oled_ui.o (.text.OledUi_Init)
                  0001141c    00000008     runtime_snapshot.o (.text.RuntimeSnapshot_Get)
                  00011424    00000008     servo.o (.text.Servo_GetFeedback)
                  0001142c    00000008     ultrasonic.o (.text.Ultrasonic_GetFeedback)
                  00011434    00000008     vision_receiver.o (.text.VisionReceiver_GetBallPositionObservation)
                  0001143c    00000008     vision_receiver.o (.text.VisionReceiver_GetStatus)
                  00011444    00000008     vision_tuning_console.o (.text.VisionTuningConsole_GetStatus)
                  0001144c    00000008     watchdog_monitor.o (.text.WatchdogMonitor_GetStatus)
                  00011454    00000008     wheel_speed_estimator.o (.text.WheelSpeedEstimator_GetRuntime)
                  0001145c    00000008     libclang_rt.builtins.a : aeabi_memcpy.S.obj (.text.__aeabi_memcpy)
                  00011464    00000006     libc.a : exit.c.obj (.text:abort)
                  0001146a    00000004     libsysbm.a : hostexit.c.obj (.text.HOSTexit)
                  0001146e    00000004     mission_library.o (.text.MissionLibrary_GetCount)
                  00011472    00000004     obstacle_avoidance.o (.text.ObstacleAvoidance_IsResumeGraceActive)
                  00011476    00000004     startup_mspm0g350x_ticlang.o (.text.Reset_Handler)
                  0001147a    00000002     --HOLE-- [fill = 0]
                  0001147c    00000010     libc.a : boot_cortex_m.c.obj (.tramp._c_int00_noargs.1)
                  0001148c    00000004            : pre_init.c.obj (.text._system_pre_init)
                  00011490    00000010     driverlib.a : dl_flashctl.o (.tramp.DL_FlashCTL_executeCommandFromRAM.1)

.TI.ramfunc 
*          0    00011dc8    00000060     RUN ADDR = 20200fb0
                  00011dc8    00000060     driverlib.a : dl_flashctl.o (.TI.ramfunc)

.cinit     0    00011e28    00000030     
                  00011e28    0000000c     (__TI_handler_table)
                  00011e34    00000008     (.cinit..bss.load) [load image, compression = zero_init]
                  00011e3c    00000005     (.cinit..data.load) [load image, compression = lzss]
                  00011e41    00000003     --HOLE-- [fill = 0]
                  00011e44    00000010     (__TI_cinit_table)
                  00011e54    00000004     --HOLE-- [fill = 0]

.rodata    0    000114a0    00000928     
                  000114a0    000000d8     oled.o (.rodata..Lswitch.table.OLED_PrintChar)
                  00011578    00000048     mission_library.o (.rodata.g_missionCompetitionMain)
                  000115c0    00000048     mission_library.o (.rodata.g_missionTestDistance20)
                  00011608    00000048     mission_library.o (.rodata.g_missionTestLine)
                  00011650    00000048     mission_library.o (.rodata.g_missionTestTurn)
                  00011698    00000040     mission_library.o (.rodata.g_missionRegistry)
                  000116d8    00000034     oled_ui.o (.rodata..Lswitch.table.print_balance_vision_rx_debug_page)
                  0001170c    0000002c     oled_ui.o (.rodata..Lswitch.table.print_status_page)
                  00011738    00000020     menu.o (.rodata..Lswitch.table.Menu_ParamItemToString)
                  00011758    0000001c     oled_ui.o (.rodata..Lswitch.table.print_balance_stepper_test_page.198)
                  00011774    0000001c     oled_ui.o (.rodata..Lswitch.table.print_drive_distance_page)
                  00011790    00000018     oled_ui.o (.rodata..Lswitch.table.print_balance_vision_page)
                  000117a8    00000018     oled_ui.o (.rodata..Lswitch.table.print_status_page.199)
                  000117c0    00000014     oled_ui.o (.rodata..Lswitch.table.print_balance_stepper_test_page.192)
                  000117d4    00000014     oled_ui.o (.rodata..Lswitch.table.print_balance_stepper_test_page.194)
                  000117e8    00000014     oled_ui.o (.rodata..Lswitch.table.print_status_page.200)
                  000117fc    00000013     oled_ui.o (.rodata.str1.14774750633985060196.1)
                  0001180f    00000011     oled_ui.o (.rodata.str1.14521350379984854626.1)
                  00011820    00000011     oled_ui.o (.rodata.str1.17763087492223448992.1)
                  00011831    00000011     oled_ui.o (.rodata.str1.9584387800903135389.1)
                  00011842    00000002     ti_msp_dl_config.o (.rodata.gUART_VISIONClockConfig)
                  00011844    00000010     oled_ui.o (.rodata..Lswitch.table.print_balance_stepper_test_page.195)
                  00011854    00000010     balance_encoder.o (.rodata.cst16)
                  00011864    00000010     oled_ui.o (.rodata.str1.12697925274637991987.1)
                  00011874    00000010     oled_ui.o (.rodata.str1.9351772214919528733.1)
                  00011884    00000010     oled_ui.o (.rodata.str1.9822857334037886482.1)
                  00011894    0000000f     oled_ui.o (.rodata.str1.9229350655415085.1)
                  000118a3    0000000e     oled_ui.o (.rodata.str1.10416366799939242409.1)
                  000118b1    0000000e     oled_ui.o (.rodata.str1.10430294223631918979.1)
                  000118bf    0000000e     oled_ui.o (.rodata.str1.14711868471336838103.1)
                  000118cd    00000003     ti_msp_dl_config.o (.rodata.gPWM_MOTORClockConfig)
                  000118d0    0000000c     oled_ui.o (.rodata..Lswitch.table.print_balance_stepper_test_page.193)
                  000118dc    0000000c     oled_ui.o (.rodata..Lswitch.table.print_balance_stepper_test_page.196)
                  000118e8    0000000c     oled_ui.o (.rodata..Lswitch.table.print_balance_stepper_test_page)
                  000118f4    0000000c     oled_ui.o (.rodata..Lswitch.table.print_sensor_page)
                  00011900    0000000c     oled_ui.o (.rodata.str1.16290499236105125126.1)
                  0001190c    0000000b     oled_ui.o (.rodata.str1.13882251010780863896.1)
                  00011917    00000001     --HOLE-- [fill = 0]
                  00011918    0000000a     ti_msp_dl_config.o (.rodata.gUART_VISIONConfig)
                  00011922    0000000a     mission_library.o (.rodata.str1.13636476544574750902.1)
                  0001192c    0000000a     mission_library.o (.rodata.str1.15668266851434757964.1)
                  00011936    0000000a     oled_ui.o (.rodata.str1.17540787658903907660.1)
                  00011940    0000000a     mission_library.o (.rodata.str1.199678142196697465.1)
                  0001194a    0000000a     oled_ui.o (.rodata.str1.2608729314174233125.1)
                  00011954    0000000a     oled_ui.o (.rodata.str1.9044019526854345694.1)
                  0001195e    00000009     oled_ui.o (.rodata.str1.12043213579996415112.1)
                  00011967    00000009     oled_ui.o (.rodata.str1.15917848551323629232.1)
                  00011970    00000009     oled_ui.o (.rodata.str1.4582914374586912483.1)
                  00011979    00000009     oled_ui.o (.rodata.str1.5965888106848176421.1)
                  00011982    00000002     oled_ui.o (.rodata.str1.11178346780556493352.1)
                  00011984    00000008     ti_msp_dl_config.o (.rodata.gPWM_MOTORConfig)
                  0001198c    00000008     oled_ui.o (.rodata.str1.130772507669342127.1)
                  00011994    00000008     oled_ui.o (.rodata.str1.14132186318895045592.1)
                  0001199c    00000008     oled_ui.o (.rodata.str1.17464849429964608858.1)
                  000119a4    00000008     oled_ui.o (.rodata.str1.18190418239766617312.1)
                  000119ac    00000008     oled_ui.o (.rodata.str1.1974573040514735405.1)
                  000119b4    00000007     oled_ui.o (.rodata.str1.13871579367539052597.1)
                  000119bb    00000007     mission_library.o (.rodata.str1.1440970855772709381.1)
                  000119c2    00000007     oled_ui.o (.rodata.str1.4610220316623841660.1)
                  000119c9    00000007     oled_ui.o (.rodata.str1.4723632947289500520.1)
                  000119d0    00000007     oled_ui.o (.rodata.str1.8709745090823444516.1)
                  000119d7    00000007     oled_ui.o (.rodata.str1.9646571805098343045.1)
                  000119de    00000006     oled_ui.o (.rodata.str1.10077435089618835710.1)
                  000119e4    00000006     oled_ui.o (.rodata.str1.1019225241002246410.1)
                  000119ea    00000006     oled_ui.o (.rodata.str1.11149198520117834688.1)
                  000119f0    00000006     oled_ui.o (.rodata.str1.11232419324784801130.1)
                  000119f6    00000006     oled_ui.o (.rodata.str1.11614055506586029288.1)
                  000119fc    00000006     oled_ui.o (.rodata.str1.1445687256832830955.1)
                  00011a02    00000006     oled_ui.o (.rodata.str1.14748562464132904299.1)
                  00011a08    00000006     oled_ui.o (.rodata.str1.15817398807211891688.1)
                  00011a0e    00000006     oled_ui.o (.rodata.str1.16133855533230012141.1)
                  00011a14    00000006     oled_ui.o (.rodata.str1.16411631209783952401.1)
                  00011a1a    00000006     oled_ui.o (.rodata.str1.17242430504649735449.1)
                  00011a20    00000006     oled_ui.o (.rodata.str1.17436941090773226089.1)
                  00011a26    00000006     oled_ui.o (.rodata.str1.2656948373757303877.1)
                  00011a2c    00000006     oled_ui.o (.rodata.str1.3247264562726604308.1)
                  00011a32    00000006     oled_ui.o (.rodata.str1.4932371652560868037.1)
                  00011a38    00000006     oled_ui.o (.rodata.str1.6835749436006845616.1)
                  00011a3e    00000006     oled_ui.o (.rodata.str1.8018480777946742726.1)
                  00011a44    00000006     oled_ui.o (.rodata.str1.8449035241871861290.1)
                  00011a4a    00000006     oled_ui.o (.rodata.str1.8783421139296713095.1)
                  00011a50    00000006     oled_ui.o (.rodata.str1.9544068167406571052.1)
                  00011a56    00000006     oled_ui.o (.rodata.str1.9992244628984851027.1)
                  00011a5c    00000005     motion_action.o (.rodata..Lswitch.table.MotionAction_Update_20ms)
                  00011a61    00000005     oled.o (.rodata.oled_get_glyph.colon)
                  00011a66    00000005     oled.o (.rodata.oled_get_glyph.eight)
                  00011a6b    00000005     oled.o (.rodata.oled_get_glyph.five)
                  00011a70    00000005     oled.o (.rodata.oled_get_glyph.four)
                  00011a75    00000005     oled.o (.rodata.oled_get_glyph.glyphA)
                  00011a7a    00000005     oled.o (.rodata.oled_get_glyph.glyphB)
                  00011a7f    00000005     oled.o (.rodata.oled_get_glyph.glyphC)
                  00011a84    00000005     oled.o (.rodata.oled_get_glyph.glyphD)
                  00011a89    00000005     oled.o (.rodata.oled_get_glyph.glyphE)
                  00011a8e    00000005     oled.o (.rodata.oled_get_glyph.glyphF)
                  00011a93    00000005     oled.o (.rodata.oled_get_glyph.glyphG)
                  00011a98    00000005     oled.o (.rodata.oled_get_glyph.glyphH)
                  00011a9d    00000005     oled.o (.rodata.oled_get_glyph.glyphI)
                  00011aa2    00000005     oled.o (.rodata.oled_get_glyph.glyphK)
                  00011aa7    00000005     oled.o (.rodata.oled_get_glyph.glyphL)
                  00011aac    00000005     oled.o (.rodata.oled_get_glyph.glyphM)
                  00011ab1    00000005     oled.o (.rodata.oled_get_glyph.glyphN)
                  00011ab6    00000005     oled.o (.rodata.oled_get_glyph.glyphO)
                  00011abb    00000005     oled.o (.rodata.oled_get_glyph.glyphP)
                  00011ac0    00000005     oled.o (.rodata.oled_get_glyph.glyphR)
                  00011ac5    00000005     oled.o (.rodata.oled_get_glyph.glyphS)
                  00011aca    00000005     oled.o (.rodata.oled_get_glyph.glyphT)
                  00011acf    00000005     oled.o (.rodata.oled_get_glyph.glyphU)
                  00011ad4    00000005     oled.o (.rodata.oled_get_glyph.glyphV)
                  00011ad9    00000005     oled.o (.rodata.oled_get_glyph.glyphW)
                  00011ade    00000005     oled.o (.rodata.oled_get_glyph.glyphX)
                  00011ae3    00000005     oled.o (.rodata.oled_get_glyph.glyphY)
                  00011ae8    00000005     oled.o (.rodata.oled_get_glyph.glyphb)
                  00011aed    00000005     oled.o (.rodata.oled_get_glyph.gt)
                  00011af2    00000005     oled.o (.rodata.oled_get_glyph.minus)
                  00011af7    00000005     oled.o (.rodata.oled_get_glyph.nine)
                  00011afc    00000005     oled.o (.rodata.oled_get_glyph.one)
                  00011b01    00000005     oled.o (.rodata.oled_get_glyph.seven)
                  00011b06    00000005     oled.o (.rodata.oled_get_glyph.six)
                  00011b0b    00000005     oled.o (.rodata.oled_get_glyph.space)
                  00011b10    00000005     oled.o (.rodata.oled_get_glyph.three)
                  00011b15    00000005     oled.o (.rodata.oled_get_glyph.two)
                  00011b1a    00000005     oled.o (.rodata.oled_get_glyph.zero)
                  00011b1f    00000005     oled_ui.o (.rodata.str1.10600688730180713177.1)
                  00011b24    00000005     oled_ui.o (.rodata.str1.11049990970699464748.1)
                  00011b29    00000005     oled_ui.o (.rodata.str1.11388022865931857840.1)
                  00011b2e    00000005     oled_ui.o (.rodata.str1.12182588061437138428.1)
                  00011b33    00000005     oled_ui.o (.rodata.str1.12447783896598192203.1)
                  00011b38    00000005     oled_ui.o (.rodata.str1.12493748764729730277.1)
                  00011b3d    00000005     oled_ui.o (.rodata.str1.12571791089077708471.1)
                  00011b42    00000005     oled_ui.o (.rodata.str1.12595606217184830646.1)
                  00011b47    00000005     oled_ui.o (.rodata.str1.12617122458660443890.1)
                  00011b4c    00000005     oled_ui.o (.rodata.str1.13271657277589579873.1)
                  00011b51    00000005     oled_ui.o (.rodata.str1.14168333168339663346.1)
                  00011b56    00000005     fault.o (.rodata.str1.14435905801345341244.1)
                  00011b5b    00000005     fault.o (.rodata.str1.1506612114648992996.1)
                  00011b60    00000005     oled_ui.o (.rodata.str1.15132332204781002199.1)
                  00011b65    00000005     oled_ui.o (.rodata.str1.15575624326185233262.1)
                  00011b6a    00000005     oled_ui.o (.rodata.str1.15577080202403550426.1)
                  00011b6f    00000005     oled_ui.o (.rodata.str1.15613891207764622616.1)
                  00011b74    00000005     oled_ui.o (.rodata.str1.15802367878353263018.1)
                  00011b79    00000005     oled_ui.o (.rodata.str1.15829239520183577662.1)
                  00011b7e    00000005     oled_ui.o (.rodata.str1.16526439943277383452.1)
                  00011b83    00000005     oled_ui.o (.rodata.str1.16635595130967924751.1)
                  00011b88    00000005     oled_ui.o (.rodata.str1.16939060351352778619.1)
                  00011b8d    00000005     fault.o (.rodata.str1.17097894860660336008.1)
                  00011b92    00000005     fault.o (.rodata.str1.17155043670132108083.1)
                  00011b97    00000005     oled_ui.o (.rodata.str1.17678525341650131470.1)
                  00011b9c    00000005     oled_ui.o (.rodata.str1.17717236995185551183.1)
                  00011ba1    00000005     oled_ui.o (.rodata.str1.17763996158807330232.1)
                  00011ba6    00000005     oled_ui.o (.rodata.str1.17884296644359297425.1)
                  00011bab    00000005     oled_ui.o (.rodata.str1.18128648927899109887.1)
                  00011bb0    00000005     fault.o (.rodata.str1.2104670281202025270.1)
                  00011bb5    00000005     oled_ui.o (.rodata.str1.2193316011307952170.1)
                  00011bba    00000005     oled_ui.o (.rodata.str1.2308938766145545715.1)
                  00011bbf    00000005     oled_ui.o (.rodata.str1.2522137003438374266.1)
                  00011bc4    00000005     oled_ui.o (.rodata.str1.270145429241168923.1)
                  00011bc9    00000005     oled_ui.o (.rodata.str1.2714695401222167146.1)
                  00011bce    00000005     oled_ui.o (.rodata.str1.344790106308886506.1)
                  00011bd3    00000005     oled_ui.o (.rodata.str1.3455423528827705371.1)
                  00011bd8    00000005     fault.o (.rodata.str1.4453281041433270631.1)
                  00011bdd    00000005     fault.o (.rodata.str1.4549004730087743662.1)
                  00011be2    00000005     oled_ui.o (.rodata.str1.4581472623415959594.1)
                  00011be7    00000005     menu.o (.rodata.str1.4862307748908978627.1)
                  00011bec    00000005     oled_ui.o (.rodata.str1.5376340479846291137.1)
                  00011bf1    00000005     oled_ui.o (.rodata.str1.5463568455719735.1)
                  00011bf6    00000005     oled_ui.o (.rodata.str1.5948326995020184415.1)
                  00011bfb    00000005     oled_ui.o (.rodata.str1.5965450730569173784.1)
                  00011c00    00000005     fault.o (.rodata.str1.6372787129294360447.1)
                  00011c05    00000005     oled_ui.o (.rodata.str1.6398192001994169976.1)
                  00011c0a    00000005     fault.o (.rodata.str1.6437946768974223044.1)
                  00011c0f    00000005     oled_ui.o (.rodata.str1.6806727740681590176.1)
                  00011c14    00000005     oled_ui.o (.rodata.str1.6954814719705590448.1)
                  00011c19    00000005     oled_ui.o (.rodata.str1.7050595558965647569.1)
                  00011c1e    00000005     oled_ui.o (.rodata.str1.7205245123442117851.1)
                  00011c23    00000005     oled_ui.o (.rodata.str1.7481335054564682966.1)
                  00011c28    00000005     oled_ui.o (.rodata.str1.7774807581888385879.1)
                  00011c2d    00000005     oled_ui.o (.rodata.str1.799718701096035713.1)
                  00011c32    00000005     oled_ui.o (.rodata.str1.8124536758062367015.1)
                  00011c37    00000005     fault.o (.rodata.str1.8185770893384132067.1)
                  00011c3c    00000005     oled_ui.o (.rodata.str1.8426569189266129334.1)
                  00011c41    00000005     oled_ui.o (.rodata.str1.8471462185882660445.1)
                  00011c46    00000005     oled_ui.o (.rodata.str1.8693388333057100694.1)
                  00011c4b    00000005     oled_ui.o (.rodata.str1.9250665025187963892.1)
                  00011c50    00000005     oled_ui.o (.rodata.str1.9611283282870761829.1)
                  00011c55    00000004     oled_ui.o (.rodata.str1.10263419832828250601.1)
                  00011c59    00000004     oled_ui.o (.rodata.str1.10568433575767188072.1)
                  00011c5d    00000004     oled_ui.o (.rodata.str1.10907125332684471422.1)
                  00011c61    00000004     oled_ui.o (.rodata.str1.11428648044669318875.1)
                  00011c65    00000004     oled_ui.o (.rodata.str1.11627403558423016802.1)
                  00011c69    00000004     oled_ui.o (.rodata.str1.11794000050372113979.1)
                  00011c6d    00000004     oled_ui.o (.rodata.str1.12359577037488465078.1)
                  00011c71    00000004     oled_ui.o (.rodata.str1.12504350857748951577.1)
                  00011c75    00000004     oled_ui.o (.rodata.str1.1276391367487699528.1)
                  00011c79    00000004     oled_ui.o (.rodata.str1.12888220461447056082.1)
                  00011c7d    00000004     oled_ui.o (.rodata.str1.12928245060369742404.1)
                  00011c81    00000004     oled_ui.o (.rodata.str1.13244290092665904221.1)
                  00011c85    00000004     oled_ui.o (.rodata.str1.13567883086814673087.1)
                  00011c89    00000004     fault.o (.rodata.str1.13582094816268305212.1)
                  00011c8d    00000004     oled_ui.o (.rodata.str1.13750180467131823662.1)
                  00011c91    00000004     oled_ui.o (.rodata.str1.13790669171379415506.1)
                  00011c95    00000004     oled_ui.o (.rodata.str1.13892659840332223045.1)
                  00011c99    00000004     oled_ui.o (.rodata.str1.14142815821055334776.1)
                  00011c9d    00000004     oled_ui.o (.rodata.str1.14556837007311414654.1)
                  00011ca1    00000004     oled_ui.o (.rodata.str1.14675223611663555778.1)
                  00011ca5    00000004     oled_ui.o (.rodata.str1.14740362735394205067.1)
                  00011ca9    00000004     oled_ui.o (.rodata.str1.15008238333949226094.1)
                  00011cad    00000004     menu.o (.rodata.str1.16312125044762562515.1)
                  00011cb1    00000004     fault.o (.rodata.str1.16482347271627360806.1)
                  00011cb5    00000004     oled_ui.o (.rodata.str1.16496169091617228061.1)
                  00011cb9    00000004     oled_ui.o (.rodata.str1.16554583589798097927.1)
                  00011cbd    00000004     oled_ui.o (.rodata.str1.16849766574302683489.1)
                  00011cc1    00000004     oled_ui.o (.rodata.str1.16895433903389883335.1)
                  00011cc5    00000004     oled_ui.o (.rodata.str1.16931641404301806744.1)
                  00011cc9    00000004     menu.o (.rodata.str1.17041139162815566052.1)
                  00011ccd    00000004     oled_ui.o (.rodata.str1.17067061841413117831.1)
                  00011cd1    00000004     oled_ui.o (.rodata.str1.17274519358952562110.1)
                  00011cd5    00000004     oled_ui.o (.rodata.str1.182352409660151230.1)
                  00011cd9    00000004     oled_ui.o (.rodata.str1.18266126048138325213.1)
                  00011cdd    00000004     oled_ui.o (.rodata.str1.18379317056176403938.1)
                  00011ce1    00000004     oled_ui.o (.rodata.str1.2002540315216928218.1)
                  00011ce5    00000004     oled_ui.o (.rodata.str1.3407221357956504873.1)
                  00011ce9    00000004     oled_ui.o (.rodata.str1.3467953211977455017.1)
                  00011ced    00000004     oled_ui.o (.rodata.str1.3702290527496711532.1)
                  00011cf1    00000004     oled_ui.o (.rodata.str1.4082595774073207366.1)
                  00011cf5    00000004     oled_ui.o (.rodata.str1.4193589846040060630.1)
                  00011cf9    00000004     oled_ui.o (.rodata.str1.4551794666512319153.1)
                  00011cfd    00000004     oled_ui.o (.rodata.str1.4581686099848791648.1)
                  00011d01    00000004     menu.o (.rodata.str1.4646809750356241979.1)
                  00011d05    00000004     oled_ui.o (.rodata.str1.4691821198597473371.1)
                  00011d09    00000004     oled_ui.o (.rodata.str1.5004483696121082904.1)
                  00011d0d    00000004     oled_ui.o (.rodata.str1.5291836437463020264.1)
                  00011d11    00000004     oled_ui.o (.rodata.str1.5689016102676777062.1)
                  00011d15    00000004     oled_ui.o (.rodata.str1.5853739094453432564.1)
                  00011d19    00000004     oled_ui.o (.rodata.str1.58703915094955230.1)
                  00011d1d    00000004     oled_ui.o (.rodata.str1.6350830172869379626.1)
                  00011d21    00000004     oled_ui.o (.rodata.str1.6473435968988645044.1)
                  00011d25    00000004     oled_ui.o (.rodata.str1.6744096065564390185.1)
                  00011d29    00000004     oled_ui.o (.rodata.str1.7185587941321649510.1)
                  00011d2d    00000004     oled_ui.o (.rodata.str1.7219546930854689545.1)
                  00011d31    00000004     fault.o (.rodata.str1.7255546073596598018.1)
                  00011d35    00000004     oled_ui.o (.rodata.str1.7419768602719733415.1)
                  00011d39    00000004     oled_ui.o (.rodata.str1.763101100280173925.1)
                  00011d3d    00000004     oled_ui.o (.rodata.str1.8236579331345056500.1)
                  00011d41    00000004     oled_ui.o (.rodata.str1.8399051469953744892.1)
                  00011d45    00000004     oled_ui.o (.rodata.str1.8403269972884532600.1)
                  00011d49    00000004     oled_ui.o (.rodata.str1.8460525935980491721.1)
                  00011d4d    00000004     oled_ui.o (.rodata.str1.8615431116298670950.1)
                  00011d51    00000004     oled_ui.o (.rodata.str1.9102528229756940648.1)
                  00011d55    00000004     oled_ui.o (.rodata.str1.9135818829835424837.1)
                  00011d59    00000004     oled_ui.o (.rodata.str1.9159586779647977165.1)
                  00011d5d    00000004     oled_ui.o (.rodata.str1.9295666102996717355.1)
                  00011d61    00000004     menu.o (.rodata.str1.9546740394641817443.1)
                  00011d65    00000004     oled_ui.o (.rodata.str1.967006512144173535.1)
                  00011d69    00000004     oled_ui.o (.rodata.str1.9854382722193312766.1)
                  00011d6d    00000003     oled_ui.o (.rodata.str1.10163600690795753232.1)
                  00011d70    00000003     oled_ui.o (.rodata.str1.10509309789429088155.1)
                  00011d73    00000003     oled_ui.o (.rodata.str1.1108652269057166745.1)
                  00011d76    00000003     menu.o (.rodata.str1.12110183915172842339.1)
                  00011d79    00000003     oled_ui.o (.rodata.str1.12983537867572525563.1)
                  00011d7c    00000003     menu.o (.rodata.str1.13124720451672825294.1)
                  00011d7f    00000003     oled_ui.o (.rodata.str1.13875148296791986931.1)
                  00011d82    00000003     menu.o (.rodata.str1.14098755746347272832.1)
                  00011d85    00000003     oled_ui.o (.rodata.str1.14134189893851348960.1)
                  00011d88    00000003     oled_ui.o (.rodata.str1.14265077442249237877.1)
                  00011d8b    00000003     oled_ui.o (.rodata.str1.14358698208395374265.1)
                  00011d8e    00000003     oled_ui.o (.rodata.str1.15859922799842739878.1)
                  00011d91    00000003     oled_ui.o (.rodata.str1.15935041339501476673.1)
                  00011d94    00000003     oled_ui.o (.rodata.str1.17719310104486814868.1)
                  00011d97    00000003     oled_ui.o (.rodata.str1.17747339173178619492.1)
                  00011d9a    00000003     oled_ui.o (.rodata.str1.17812014771544466701.1)
                  00011d9d    00000003     oled_ui.o (.rodata.str1.17881291656140238186.1)
                  00011da0    00000003     oled_ui.o (.rodata.str1.240075016795266086.1)
                  00011da3    00000003     oled_ui.o (.rodata.str1.2603845803395459882.1)
                  00011da6    00000003     oled_ui.o (.rodata.str1.2742282290834473644.1)
                  00011da9    00000003     oled_ui.o (.rodata.str1.2983744876309220570.1)
                  00011dac    00000003     oled_ui.o (.rodata.str1.35417727660486075.1)
                  00011daf    00000003     oled_ui.o (.rodata.str1.4402311448527872260.1)
                  00011db2    00000003     menu.o (.rodata.str1.6857549598058878762.1)
                  00011db5    00000003     fault.o (.rodata.str1.8193046109637024842.1)
                  00011db8    00000003     oled_ui.o (.rodata.str1.8703997732205428909.1)
                  00011dbb    00000003     oled_ui.o (.rodata.str1.8950259614286592359.1)
                  00011dbe    00000003     oled_ui.o (.rodata.str1.9554470707595806150.1)
                  00011dc1    00000002     oled_ui.o (.rodata.str1.3025253791635144717.1)
                  00011dc3    00000005     --HOLE-- [fill = 0]

.init_array 
*          0    00000000    00000000     UNINITIALIZED

.binit     0    00011e58    00000010     
                  00011e58    00000010     (.binit)

.TI.bound:g_balanceCalibrationReservedSector 
*          0    0001fc00    00000400     
                  0001fc00    00000400     balance_calibration_store.o (.TI.bound:g_balanceCalibrationReservedSector)

.bss       0    20200000    00000fab     UNINITIALIZED
                  20200000    00000400     oled.o (.bss.g_oledFrame)
                  20200400    00000200     vision_receiver.o (.bss.g_ring)
                  20200600    000001d0     runtime_snapshot.o (.bss.g_snapshot)
                  202007d0    00000110     (.common:g_appConfig)
                  202008e0    00000084     (.common:g_imuRuntime)
                  20200964    0000007c     motor_control.o (.bss.g_runtime)
                  202009e0    00000070     (.common:g_appRuntime)
                  20200a50    00000060     vision_receiver.o (.bss.g_line)
                  20200ab0    0000005c     balance_soft_limits.o (.bss.g_runtime)
                  20200b0c    00000058     vision_receiver.o (.bss.g_status)
                  20200b64    00000004     imu.o (.bss.g_elapsedSinceValidSampleMs)
                  20200b68    00000058     (.common:g_wheelSpeedEstimatorRuntime)
                  20200bc0    00000040     gimbal.o (.bss.g_feedback)
                  20200c00    00000040     line_controller.o (.bss.g_lineRuntime)
                  20200c40    0000003c     balance_position_control.o (.bss.g_runtime)
                  20200c7c    00000030     balance_ball_control.o (.bss.g_runtime)
                  20200cac    00000030     (.common:gUART_VISIONBackup)
                  20200cdc    0000002c     vision_receiver.o (.bss.g_observation)
                  20200d08    0000002c     empty.o (.bss.g_schedulerStats)
                  20200d34    00000028     vision_receiver.o (.bss.g_ballPositionObservation)
                  20200d5c    00000020     bluetooth_uart.o (.bss.g_runtime)
                  20200d7c    0000001c     mission_manager.o (.bss.g_missionRuntime)
                  20200d98    0000001c     balance_encoder.o (.bss.g_runtime)
                  20200db4    0000001c     (.common:g_headingRuntime)
                  20200dd0    00000018     obstacle_avoidance.o (.bss.g_avoidFeedback)
                  20200de8    00000018     gimbal_stepper.o (.bss.g_feedback)
                  20200e00    00000018     vision_tuning_console.o (.bss.g_status)
                  20200e18    00000014     motion_action.o (.bss.g_motionActionRuntime)
                  20200e2c    00000014     watchdog_monitor.o (.bss.g_status)
                  20200e40    00000010     fault.o (.bss.g_faultRecord)
                  20200e50    00000010     motor.o (.bss.g_motorRuntime)
                  20200e60    0000000e     car_controller.o (.bss.g_carControllerFeedback)
                  20200e6e    00000002     ultrasonic.o (.bss.g_echoTicks)
                  20200e70    0000000e     ultrasonic.o (.bss.g_ultrasonicFeedback)
                  20200e7e    00000002     balance_ball_control.o (.bss.g_lastPositionMm)
                  20200e80    0000000c     magnet.o (.bss.g_runtime)
                  20200e8c    0000000c     debug_telemetry.o (.bss.g_status)
                  20200e98    0000000c     balance_soft_limits.o (.bss.g_storedLimits)
                  20200ea4    00000004     balance_position_control.o (.bss.g_lastEncoderCount)
                  20200ea8    00000008     balance_position_control.o (.bss.g_lastStepCount)
                  20200eb0    00000008     balance_position_control.o (.bss.g_moveStartStepCount)
                  20200eb8    00000008     obstacle_monitor.o (.bss.g_obstacleFeedback)
                  20200ec0    00000008     gimbal_stepper.o (.bss.g_stepperEstimatedSteps)
                  20200ec8    00000008     gimbal_stepper.o (.bss.g_stepperTargetEstimatedSteps)
                  20200ed0    00000008     gimbal.o (.bss.g_yawContinuousDegX10)
                  20200ed8    00000008     gimbal.o (.bss.g_yawLockedWorldYawDegX10)
                  20200ee0    00000008     gimbal.o (.bss.g_yawTargetContinuousDegX10)
                  20200ee8    00000008     gimbal.o (.bss.g_yawWorldTargetDegX10)
                  20200ef0    00000008     gimbal.o (.bss.g_yawWrappedDegX10)
                  20200ef8    00000006     ultrasonic.o (.bss.g_distanceSamples)
                  20200efe    00000006     key.o (.bss.g_key1)
                  20200f04    00000006     key.o (.bss.g_key2)
                  20200f0a    00000006     key.o (.bss.g_key3)
                  20200f10    00000004     debug_telemetry.o (.bss.g_lastFrameMs)
                  20200f14    00000004     balance_ball_control.o (.bss.g_lastObservationUpdateCount)
                  20200f18    00000004     balance_ball_control.o (.bss.g_lastPositionTimeMs)
                  20200f1c    00000004     balance_calibration_store.o (.bss.g_lastSequence)
                  20200f20    00000004     balance_ball_control.o (.bss.g_lastSessionId)
                  20200f24    00000004     vision_receiver.o (.bss.g_lastSourceTimestampMs)
                  20200f28    00000004     watchdog_monitor.o (.bss.g_lastTickMs)
                  20200f2c    00000004     wheel_speed_estimator.o (.bss.g_latchedErrorFlags)
                  20200f30    00000004     vision_receiver.o (.bss.g_localSessionId)
                  20200f34    00000004     empty.o (.bss.g_localTimeMs)
                  20200f38    00000004     encoder.o (.bss.g_motorAPulses)
                  20200f3c    00000004     encoder.o (.bss.g_motorBPulses)
                  20200f40    00000004     balance_position_control.o (.bss.g_moveStartEncoderCount)
                  20200f44    00000004     imu.o (.bss.g_previousValidCorrectedGyroZDps)
                  20200f48    00000004     mission_manager.o (.bss.g_selectedDefinition)
                  20200f4c    00000004     servo.o (.bss.g_servoFeedback)
                  20200f50    00000004     balance_encoder.o (.bss.g_speedLastCount)
                  20200f54    00000004     balance_position_control.o (.bss.g_startSoftLimitClampCount)
                  20200f58    00000004     gimbal_stepper.o (.bss.g_stepperCompletedSteps)
                  20200f5c    00000004     gimbal.o (.bss.g_yawCommandedRpm)
                  20200f60    00000004     gimbal.o (.bss.g_yawTargetRpm)
                  20200f64    00000004     empty.o (.bss.main.lastAppUpdateMs)
                  20200f68    00000002     vision_receiver.o (.bss.g_lineSize)
                  20200f6a    00000002     vision_receiver.o (.bss.g_ringHead)
                  20200f6c    00000002     vision_receiver.o (.bss.g_ringTail)
                  20200f6e    00000002     servo.o (.bss.g_servoPwmPhase)
                  20200f70    00000002     ultrasonic.o (.bss.g_stateTicks)
                  20200f72    00000002     gimbal_stepper.o (.bss.g_stepperHalfPeriodTicks)
                  20200f74    00000002     gimbal_stepper.o (.bss.g_stepperStepHalfPeriodTicks)
                  20200f76    00000002     (.common:g_trackError)
                  20200f78    00000001     oled_ui.o (.bss.OledUi_Update_20ms.flushRow)
                  20200f79    00000001     oled_ui.o (.bss.OledUi_Update_20ms.refreshDivider)
                  20200f7a    00000001     empty.o (.bss.SysTick_Handler.balanceEncoderSpeedMsCount)
                  20200f7b    00000001     empty.o (.bss.SysTick_Handler.controlMsCount)
                  20200f7c    00000001     empty.o (.bss.SysTick_Handler.tick100usCount)
                  20200f7d    00000001     ultrasonic.o (.bss.Ultrasonic_Update_20ms.triggerDivider)
                  20200f7e    00000001     empty.o (.bss.g_appUpdatePending)
                  20200f7f    00000001     car_state.o (.bss.g_carState)
                  20200f80    00000001     obstacle_monitor.o (.bss.g_centerSettleTicks)
                  20200f81    00000001     vision_receiver.o (.bss.g_discardUntilNewline)
                  20200f82    00000001     ultrasonic.o (.bss.g_distanceSampleCount)
                  20200f83    00000001     ultrasonic.o (.bss.g_distanceSampleIndex)
                  20200f84    00000001     emergency_stop.o (.bss.g_emergencyStopActive)
                  20200f85    00000001     watchdog_monitor.o (.bss.g_faultApplied)
                  20200f86    00000001     watchdog_monitor.o (.bss.g_faultPending)
                  20200f87    00000001     imu.o (.bss.g_integrationHistoryValid)
                  20200f88    00000001     wheel_speed_estimator.o (.bss.g_leftFilterInitialized)
                  20200f89    00000001     obstacle_safety.o (.bss.g_obstacleSafetyHolding)
                  20200f8a    00000001     oled.o (.bss.g_oledColumn)
                  20200f8b    00000001     menu.o (.bss.g_oledPage)
                  20200f8c    00000001     oled.o (.bss.g_oledPage)
                  20200f8d    00000001     encoder.o (.bss.g_overflowFlags)
                  20200f8e    00000001     menu.o (.bss.g_paramItem)
                  20200f8f    00000001     menu.o (.bss.g_paramReturnPage)
                  20200f90    00000001     key.o (.bss.g_pendingEvent)
                  20200f91    00000001     mission_manager.o (.bss.g_resumeCurrentAction)
                  20200f92    00000001     wheel_speed_estimator.o (.bss.g_rightFilterInitialized)
                  20200f93    00000001     car_controller.o (.bss.g_safetyHold)
                  20200f94    00000001     imu.o (.bss.g_shortGapPending)
                  20200f95    00000001     gimbal_stepper.o (.bss.g_stepperDirection)
                  20200f96    00000001     gimbal_stepper.o (.bss.g_stepperRunning)
                  20200f97    00000001     gimbal_stepper.o (.bss.g_stepperStepHigh)
                  20200f98    00000001     gimbal_stepper.o (.bss.g_stepperStopAfterStepLow)
                  20200f99    00000001     balance_soft_limits.o (.bss.g_storedLimitsValid)
                  20200f9a    00000001     motor_control.o (.bss.g_targetRefreshed)
                  20200f9b    00000001     mission_manager.o (.bss.g_transientActionActive)
                  20200f9c    00000001     ultrasonic.o (.bss.g_triggerRequest)
                  20200f9d    00000001     ultrasonic.o (.bss.g_ultrasonicState)
                  20200f9e    00000001     balance_ball_control.o (.bss.g_velocityInitialized)
                  20200f9f    00000001     gimbal.o (.bss.g_yawLimitClamped)
                  20200fa0    00000001     gimbal.o (.bss.g_yawLimitDirection)
                  20200fa1    00000001     gimbal.o (.bss.g_yawPositionValid)
                  20200fa2    00000001     gimbal.o (.bss.g_yawWorldLockEnabled)
                  20200fa3    00000001     (.common:g_carStateDebug)
                  20200fa4    00000001     (.common:g_keyEvent)
                  20200fa5    00000001     (.common:g_oledPageDebug)
                  20200fa6    00000001     (.common:g_paramItemDebug)
                  20200fa7    00000001     (.common:g_trackBlackCount)
                  20200fa8    00000001     (.common:g_trackModeDebug)
                  20200fa9    00000001     (.common:g_trackRaw)
                  20200faa    00000001     (.common:g_trackTurnDebug)

.data      0    20200fab    00000001     UNINITIALIZED
                  20200fab    00000001     car_controller.o (.data.g_followTurnPolicy)

.stack     0    20207e00    00000200     UNINITIALIZED
                  20207e00    00000004     libc.a : boot_cortex_m.c.obj (.stack)
                  20207e04    000001fc     --HOLE--

__llvm_prf_cnts 
*          0    20200000    00000000     UNINITIALIZED

__llvm_prf_bits 
*          0    20200000    00000000     UNINITIALIZED

MODULE SUMMARY

       Module                         code    ro data   rw data
       ------                         ----    -------   -------
    .\
       oled_ui.o                      20776   1369      2      
       imu.o                          5156    0         142    
       car_controller.o               4412    0         128    
       oled.o                         2006    406       1026   
       balance_soft_limits.o          3256    0         105    
       motor_control.o                2768    0         125    
       vision_receiver.o              1908    0         795    
       app_config.o                   2156    0         272    
       line_controller.o              2196    0         64     
       balance_calibration_store.o    1140    1024      4      
       balance_position_control.o     1824    0         88     
       menu.o                         1688    65        3      
       runtime_snapshot.o             1212    0         464    
       vision_protocol.o              1580    0         0      
       mission_manager.o              1472    0         34     
       balance_ball_control.o         1376    0         63     
       motion_action.o                1400    5         20     
       wheel_speed_estimator.o        1292    0         94     
       gimbal_stepper.o               1280    0         52     
       gimbal.o                       896     0         116    
       mission_library.o              560     389       0      
       motor.o                        776     0         16     
       ti_msp_dl_config.o             672     23        48     
       app.o                          640     0         10     
       ultrasonic.o                   596     0         29     
       empty.o                        480     0         56     
       key.o                          436     0         19     
       balance_encoder.o              404     16        32     
       fault.o                        312     65        16     
       track_sensor.o                 372     0         0      
       heading_control.o              340     0         28     
       vision_uart.o                  336     0         0      
       watchdog_monitor.o             308     0         26     
       encoder.o                      276     0         9      
       obstacle_safety.o              272     0         1      
       obstacle_monitor.o             192     0         9      
       startup_mspm0g350x_ticlang.o   6       192       0      
       angle_utils.o                  192     0         0      
       emergency_stop.o               188     0         1      
       servo.o                        176     0         6      
       obstacle_avoidance.o           62      0         24     
       magnet.o                       72      0         12     
       debug_telemetry.o              56      0         16     
       bluetooth_uart.o               8       0         32     
       car_state.o                    36      0         1      
       vision_tuning_console.o        8       0         24     
    +--+------------------------------+-------+---------+---------+
       Total:                         67570   3554      4012   
                                                               
    C:/TI/mspm0_sdk_2_05_01_00/source/ti/driverlib/lib/ticlang/m0p/mspm0g1x0x_g3x0x/driverlib.a
       dl_flashctl.o                  488     0         0      
       dl_timer.o                     388     0         0      
       dl_uart.o                      90      0         0      
       dl_common.o                    10      0         0      
    +--+------------------------------+-------+---------+---------+
       Total:                         976     0         0      
                                                               
    D:\TI\CCS\ccs\tools\compiler\ti-cgt-armllvm_4.0.4.LTS\lib\armv6m-ti-none-eabi/c/libc.a
       memcpy16.S.obj                 154     0         0      
       copy_decompress_lzss.c.obj     124     0         0      
       memset16.S.obj                 98      0         0      
       autoinit.c.obj                 76      0         0      
       cpy_tbl.c.obj                  76      0         0      
       boot_cortex_m.c.obj            56      0         0      
       copy_decompress_none.c.obj     18      0         0      
       copy_zero_init.c.obj           16      0         0      
       exit.c.obj                     6       0         0      
       pre_init.c.obj                 4       0         0      
    +--+------------------------------+-------+---------+---------+
       Total:                         628     0         0      
                                                               
    D:\TI\CCS\ccs\tools\compiler\ti-cgt-armllvm_4.0.4.LTS\lib\armv6m-ti-none-eabi/c/libsysbm.a
       hostexit.c.obj                 4       0         0      
    +--+------------------------------+-------+---------+---------+
       Total:                         4       0         0      
                                                               
    D:\TI\CCS\ccs\tools\compiler\ti-cgt-armllvm_4.0.4.LTS\lib\armv6m-ti-none-eabi/libclang_rt.builtins.a
       addsf3.S.obj                   216     0         0      
       udivmoddi4.S.obj               162     0         0      
       comparesf2.S.obj               140     0         0      
       mulsf3.S.obj                   140     0         0      
       divsf3.S.obj                   130     0         0      
       aeabi_fcmp.S.obj               98      0         0      
       fixsfdi.S.obj                  96      0         0      
       aeabi_idivmod.S.obj            86      0         0      
       floatdisf.S.obj                78      0         0      
       aeabi_uidivmod.S.obj           64      0         0      
       divmoddi4.c.obj                62      0         0      
       floatsisf.S.obj                60      0         0      
       muldsi3.S.obj                  58      0         0      
       fixsfsi.S.obj                  56      0         0      
       floatunsisf.S.obj              40      0         0      
       muldi3.S.obj                   36      0         0      
       ashldi3.S.obj                  30      0         0      
       aeabi_ldivmod.S.obj            20      0         0      
       aeabi_uldivmod.S.obj           20      0         0      
       aeabi_memset.S.obj             12      0         0      
       aeabi_memcpy.S.obj             8       0         0      
       aeabi_div0.c.obj               4       0         0      
    +--+------------------------------+-------+---------+---------+
       Total:                         1616    0         0      
                                                               
       Stack:                         0       0         512    
       Linker Generated:              0       57        0      
    +--+------------------------------+-------+---------+---------+
       Grand Total:                   70794   3611      4524   


LINKER GENERATED COPY TABLES

__TI_cinit_table @ 00011e44 records: 2, size/record: 8, table size: 16
	.bss: load addr=00011e34, load size=00000008 bytes, run addr=20200000, run size=00000fab bytes, compression=zero_init
	.data: load addr=00011e3c, load size=00000005 bytes, run addr=20200fab, run size=00000001 bytes, compression=lzss
binit @ 00011e58 records: 1, size/record: 12, table size: 16
	.TI.ramfunc: load addr=00011dc8, load size=00000060, run addr=20200fb0, run size=00000060, compression=none


LINKER GENERATED HANDLER TABLE

__TI_handler_table @ 00011e28 records: 3, size/record: 4, table size: 12
	index: 0, handler: __TI_decompress_lzss
	index: 1, handler: __TI_decompress_none
[...]
0000d55d  ObstacleSafety_Update_20ms                        
0000d645  main                                              
0000d729  WheelSpeedEstimator_Init                          
0000d809  DL_FlashCTL_unprotectSector                       
0000d8e1  OLED_PrintUInt16                                  
0000d9b9  __aeabi_fsub                                      
0000d9b9  __subsf3                                          
0000d9c3  __addsf3                                          
0000d9c3  __aeabi_fadd                                      
0000da91  CarController_StartDriveDistance                  
0000db65  GimbalStepper_MoveRelativeSteps                   
0000dc39  BalanceEncoder_HandleGpioInterrupt                
0000dd05  OledUi_Update_20ms                                
0000ddd1  FaultCode_ToShortString                           
0000de99  Angle_Normalize180                                
0000e019  BalanceSoftLimits_Init                            
0000e0d5  CarController_ResetRuntime                        
0000e191  Menu_GetParamValue                                
0000e24d  GimbalStepper_StopHold                            
0000e301  GimbalStepper_Init                                
0000e3b1  SysTick_Handler                                   
0000e461  BalanceSoftLimits_ArmRecalibration                
0000e509  Encoder_HandleGpioInterrupt                       
0000e651  __udivmoddi4                                      
0000e6f3  ADC0_IRQHandler                                   
0000e6f3  ADC1_IRQHandler                                   
0000e6f3  AES_IRQHandler                                    
0000e6f3  CANFD0_IRQHandler                                 
0000e6f3  DAC0_IRQHandler                                   
0000e6f3  DMA_IRQHandler                                    
0000e6f3  Default_Handler                                   
0000e6f3  GROUP0_IRQHandler                                 
0000e6f3  HardFault_Handler                                 
0000e6f3  I2C0_IRQHandler                                   
0000e6f3  I2C1_IRQHandler                                   
0000e6f3  NMI_Handler                                       
0000e6f3  PendSV_Handler                                    
0000e6f3  RTC_IRQHandler                                    
0000e6f3  SPI0_IRQHandler                                   
0000e6f3  SPI1_IRQHandler                                   
0000e6f3  SVC_Handler                                       
0000e6f3  TIMA0_IRQHandler                                  
0000e6f3  TIMA1_IRQHandler                                  
0000e6f3  TIMG0_IRQHandler                                  
0000e6f3  TIMG12_IRQHandler                                 
0000e6f3  TIMG6_IRQHandler                                  
0000e6f3  TIMG7_IRQHandler                                  
0000e6f3  TIMG8_IRQHandler                                  
0000e6f3  UART0_IRQHandler                                  
0000e6f3  UART1_IRQHandler                                  
0000e6f3  UART2_IRQHandler                                  
0000e6f5  BalanceSoftLimits_AbortCalibration                
0000e835  ObstacleMonitor_Update_20ms                       
0000e96d  memcpy                                            
0000ea07  ObstacleAvoidance_Update_20ms                     
0000ea09  BalanceSoftLimits_CancelRecalibration             
0000eb39  CarController_StartTurnToYawRelative              
0000ec61  CarController_ResetTransientState                 
0000ecf1  SYSCFG_DL_PWM_MOTOR_init                          
0000ed7d  __aeabi_fmul                                      
0000ed7d  __mulsf3                                          
0000ee95  CarController_SetSafetyHold                       
0000ef19  GimbalStepper_ConfirmZero                         
0000ef9d  Motor_Init                                        
0000f021  __aeabi_fdiv                                      
0000f021  __divsf3                                          
0000f0a3  TrackSensor_Init                                  
0000f0a5  CarController_StartDriveHeading                   
0000f125  Motor_Stop                                        
0000f1a5  App_Init                                          
0000f223  __aeabi_idiv0                                     
0000f225  BalanceSoftLimits_Enforce100usFromIsr             
0000f2a1  __TI_decompress_lzss                              
0000f31d  BalancePositionControl_ResetFault                 
0000f481  GimbalStepper_Release                             
0000f4f1  SYSCFG_DL_UART_VISION_init                        
0000f561  TrackSensor_DetectTurn                            
0000f5cf  __aeabi_ldiv0                                     
0000f5d1  MissionManager_GetSelectedMissionIndex            
0000f6a1  TrackSensor_GetErrorFromRaw                       
0000f709  BalanceSoftLimits_ResetPositionFault              
0000f76d  MissionManager_Start                              
0000f7d1  App_ResetToReady                                  
0000f835  __aeabi_fcmpeq                                    
0000f849  __aeabi_fcmplt                                    
0000f85d  __aeabi_fcmple                                    
0000f871  __aeabi_fcmpge                                    
0000f885  __aeabi_fcmpgt                                    
0000f897  memset                                            
0000f8f9  BalancePositionControl_Init                       
0000f959  __aeabi_f2lz                                      
0000f959  __fixsfdi                                         
0000f9b9  Ultrasonic_Update_20ms                            
0000fa15  VisionReceiver_Init                               
0000fb85  BalanceEncoder_Init                               
0000fbdd  MissionManager_Init                               
0000fc35  OLED_PrintChar                                    
0000fd3d  __aeabi_idiv                                      
0000fd3d  __aeabi_idivmod                                   
0000fd95  CarController_Stop                                
0000fde9  TrackSensor_ReadRaw                               
0000fe3d  WatchdogMonitor_ApplyFaultIfNeeded                
0000fee5  BalancePositionControl_SetTrackingTarget          
0000ff35  BalanceSoftLimits_GetSnapshot                     
0000ff85  Ultrasonic_Init                                   
0000ffd5  WatchdogMonitor_Tick1msFromIsr                    
00010025  __aeabi_l2f                                       
00010025  __floatdisf                                       
00010075  MotorControl_Stop                                 
000100c1  copy_in                                           
00010159  __TI_auto_init_nopinit                            
000101a5  DL_UART_init                                      
000101ed  MissionManager_Cancel                             
00010235  CarController_StartFollowLine                     
00010279  EmergencyStop_Reset                               
000102bd  Encoder_GetAndClearPulseDeltas                    
00010301  Imu_ResetYaw                                      
00010345  MissionManager_Reset                              
00010389  Servo_Tick100us                                   
000103cd  UART3_IRQHandler                                  
00010411  BalanceBallControl_Enable                         
00010451  BalanceEncoder_GetSnapshot                        
00010491  BalanceSoftLimits_StopMotion                      
000104d1  CarController_ResumeFollowLine                    
00010511  Fault_Raise                                       
00010551  SYSCFG_DL_SYSCTL_init                             
00010591  SYSCFG_DL_initPower                               
000105d1  VisionReceiver_PushByteFromIsr                    
00010611  __aeabi_uidiv                                     
00010611  __aeabi_uidivmod                                  
00010691  __divmoddi4                                       
000106d1  BalanceBallControl_Init                           
0001070d  MissionManager_Resume                             
00010749  Servo_SetAngleDeg                                 
00010785  __aeabi_i2f                                       
00010785  __floatsisf                                       
000107c1  __gesf2                                           
000107c1  __gtsf2                                           
000107fd  __cmpsf2                                          
000107fd  __eqsf2                                           
000107fd  __lesf2                                           
000107fd  __ltsf2                                           
000107fd  __nesf2                                           
00010839  __muldsi3                                         
00010875  EmergencyStop_Trigger                             
000108ad  __aeabi_f2iz                                      
000108ad  __fixsfsi                                         
000108e5  BalancePositionControl_Cancel                     
00010919  Imu_IsReady                                       
0001094d  MissionLibrary_FindById                           
00010981  OLED_PrintString                                  
000109b5  Key_Init                                          
000109e5  LineController_ObserveSensors                     
00010a15  WatchdogMonitor_Init                              
00010a45  WatchdogMonitor_Reset                             
00010a75  BalancePositionControl_GetSnapshot                
00010aa1  BalancePositionControl_StartTracking              
00010acd  Encoder_Reset                                     
00010af9  MissionManager_Pause                              
00010b25  TrackSensor_CountBlack                            
00010b51  BalanceSoftLimits_CancelTravelTest                
00010b79  DL_FlashCTL_programMemoryFromRAM64WithECCGenerated
00010ba1  EmergencyStop_Enforce                             
00010bc9  Magnet_ForceOff                                   
00010bf1  Servo_Init                                        
00010c19  __aeabi_ui2f                                      
00010c19  __floatunsisf                                     
00010c41  _c_int00_noargs                                   
00010c69  BalanceEncoder_SampleSpeed10msFromIsr             
00010c8d  BalanceSoftLimits_CancelOscillationTest           
00010cb1  GimbalStepper_GetFeedbackSnapshot                 
00010cd5  MissionManager_ReportExternalFailure              
00010cf9  MotorControl_Init                                 
00010d1d  MotorControl_Reset                                
00010d41  OLED_ClearBuffer                                  
00010d65  SYSCFG_DL_init                                    
00010d89  __aeabi_lmul                                      
00010d89  __muldi3                                          
00010dad  DL_Timer_overrideCCPOut                           
00010dcd  DebugTelemetry_Update                             
00010ded  GROUP1_IRQHandler                                 
00010e0d  Magnet_Init                                       
00010e2d  OLED_SetCursor                                    
00010e4d  SchedulerMonitor_GetStats                         
00010e6d  VisionReceiver_GetProtocolErrorCount              
00010ead  __aeabi_llsl                                      
00010ead  __ashldi3                                         
00010ecd  BalanceBallControl_Disable                        
00010ee9  BalanceBallControl_ForceStop                      
00010f05  BalanceBallControl_GetSnapshot                    
00010f21  DL_Timer_setCaptCompUpdateMethod                  
00010f3d  DL_Timer_setClockConfig                           
00010f59  HeadingControl_SetTargetYaw                       
00010f75  Menu_Init                                         
00010f91  MotionAction_Cancel                               
00010fad  ObstacleMonitor_Init                              
00010fc9  ObstacleSafety_Init                               
00010fe5  WatchdogMonitor_NotifyControlCycleComplete        
0001101d  DL_FlashCTL_eraseMemoryFromRAM                    
00011035  DL_Timer_setCaptureCompareOutCtl                  
0001104d  DebugTelemetry_Init                               
00011065  HeadingControl_Init                               
0001107d  HeadingControl_Reset                              
00011095  Menu_ParamItemToString                            
000110ad  MotionAction_Init                                 
000110c5  ObstacleAvoidance_Init                            
000110dd  RuntimeSnapshot_Init                              
000110f5  __aeabi_fcmpun                                    
000110f5  __unordsf2                                        
0001110d  Fault_Clear                                       
00011121  Fault_Init                                        
00011135  GimbalStepper_SetStepHalfPeriodTicks              
00011149  HeadingControl_Enable                             
0001115d  MissionLibrary_GetByIndex                         
00011171  MissionManager_GetSelectedMissionId               
00011185  VisionUart_Init                                   
00011199  __aeabi_ldivmod                                   
000111ad  __aeabi_uldivmod                                  
000111c1  DL_UART_setClockConfig                            
000111d3  __TI_decompress_none                              
000111e5  BalancePositionControl_HasFault                   
000111f5  DL_Timer_setCaptureCompareValue                   
00011205  Gimbal_YawGetFeedback                             
00011215  Key_GetEvent                                      
00011225  __TI_zero_init                                    
00011235  BalanceEncoder_GetCountAtomic                     
00011241  BalancePositionControl_IsBusy                     
0001124d  BalanceSoftLimits_IsCalibrationActive             
00011259  BalanceSoftLimits_IsOscillationTestActive         
00011265  BalanceSoftLimits_IsTravelTestActive              
00011271  CarController_GetRunMode                          
0001127d  CarController_Init                                
00011289  CarController_IsSafetyHoldActive                  
00011295  CarState_Get                                      
000112a1  CarState_Init                                     
000112ad  CarState_Set                                      
000112b9  EmergencyStop_Init                                
000112c5  EmergencyStop_IsActive                            
000112d1  Imu_GetCorrectedGyroZDps                          
000112dd  Imu_GetYaw                                        
000112e9  Menu_GetPage                                      
000112f5  Menu_GetParamItem                                 
00011301  MissionManager_IsExternallyHeld                   
0001130d  MissionManager_SetExternalHold                    
00011319  ObstacleAvoidance_IsActive                        
00011325  ObstacleAvoidance_IsFailed                        
00011331  ObstacleSafety_IsHolding                          
0001133d  SystemTime_GetMs                                  
00011349  WatchdogMonitor_HasTripped                        
00011355  __aeabi_memclr                                    
00011355  __aeabi_memclr4                                   
00011355  __aeabi_memclr8                                   
00011361  DL_Common_delayCycles                             
0001136b  MotionAction_Resume                               
00011375  MotionAction_Start                                
0001137f  TrackSensor_IsCenterDetected                      
00011389  TrackSensor_IsLineDetected                        
00011393  TrackSensor_IsLineLost                            
0001139d  BalanceSoftLimits_CancelPositionMove              
000113a5  BalanceSoftLimits_IsPositionMoveActive            
000113ad  BluetoothUart_GetRuntime                          
000113b5  CarController_GetFeedback                         
000113bd  Fault_GetRecord                                   
000113c5  GimbalStepper_GetFeedback                         
000113cd  HeadingControl_GetRuntime                         
000113d5  Imu_GetRuntime                                    
000113dd  LineController_GetRuntime                         
000113e5  MissionManager_GetMissionCount                    
000113ed  MissionManager_GetRuntime                         
000113f5  MotionAction_GetRuntime                           
000113fd  MotorControl_GetRuntime                           
00011405  ObstacleAvoidance_GetFeedback                     
0001140d  ObstacleMonitor_GetFeedback                       
00011415  OledUi_Init                                       
0001141d  RuntimeSnapshot_Get                               
00011425  Servo_GetFeedback                                 
0001142d  Ultrasonic_GetFeedback                            
00011435  VisionReceiver_GetBallPositionObservation         
0001143d  VisionReceiver_GetStatus                          
00011445  VisionTuningConsole_GetStatus                     
0001144d  WatchdogMonitor_GetStatus                         
00011455  WheelSpeedEstimator_GetRuntime                    
0001145d  __aeabi_memcpy                                    
0001145d  __aeabi_memcpy4                                   
0001145d  __aeabi_memcpy8                                   
00011465  abort                                             
0001146a  C$$EXIT                                           
0001146b  HOSTexit                                          
0001146f  MissionLibrary_GetCount                           
00011473  ObstacleAvoidance_IsResumeGraceActive             
00011477  Reset_Handler                                     
0001148d  _system_pre_init                                  
00011e28  __TI_Handler_Table_Base                           
00011e34  __TI_Handler_Table_Limit                          
00011e44  __TI_CINIT_Base                                   
00011e54  __TI_CINIT_Limit                                  
00011e54  __TI_CINIT_Warm                                   
00011e58  __TI_table_binit                                  
00011e58  __binit__                                         
00011e58  binit                                             
0001fc00  g_balanceCalibrationReservedSector                
20200000  __start___llvm_prf_bits                           
20200000  __start___llvm_prf_cnts                           
20200000  __stop___llvm_prf_bits                            
20200000  __stop___llvm_prf_cnts                            
202007d0  g_appConfig                                       
202008e0  g_imuRuntime                                      
202009e0  g_appRuntime                                      
20200b68  g_wheelSpeedEstimatorRuntime                      
20200cac  gUART_VISIONBackup                                
20200db4  g_headingRuntime                                  
20200f76  g_trackError                                      
20200fa3  g_carStateDebug                                   
20200fa4  g_keyEvent                                        
20200fa5  g_oledPageDebug                                   
20200fa6  g_paramItemDebug                                  
20200fa7  g_trackBlackCount                                 
20200fa8  g_trackModeDebug                                  
20200fa9  g_trackRaw                                        
20200faa  g_trackTurnDebug                                  
20207e00  __stack                                           
20208000  __STACK_END                                       
ffffffff  __TI_pprof_out_hndl                               
ffffffff  __TI_prof_data_size                               
ffffffff  __TI_prof_data_start                              
UNDEFED   __mpu_init                                        
UNDEFED   _system_post_cinit                                

[384 symbols]
