******************************************************************************
            TI ARM Clang Linker PC v4.0.4                      
******************************************************************************
>> Linked Fri Jul 17 23:04:23 2026

OUTPUT FILE NAME:   <diansaikaishi.out>
ENTRY POINT SYMBOL: "_c_int00_noargs"  address: 000068e9


MEMORY CONFIGURATION

         name            origin    length      used     unused   attr    fill
----------------------  --------  ---------  --------  --------  ----  --------
  FLASH                 00000000   00020000  000073e0  00018c20  R  X
  SRAM                  20200000   00008000  00000481  00007b7f  RW X
  BCR_CONFIG            41c00000   000000ff  00000000  000000ff  R   
  BSL_CONFIG            41c00100   00000080  00000000  00000080  R   


SEGMENT ALLOCATION MAP

run origin  load origin   length   init length attrs members
----------  ----------- ---------- ----------- ----- -------
00000000    00000000    000073e0   000073e0    r-x
  00000000    00000000    000000c0   000000c0    r-- .intvecs
  000000c0    000000c0    00006d28   00006d28    r-x .text
  00006de8    00006de8    000005c8   000005c8    r-- .rodata
  000073b0    000073b0    00000030   00000030    r-- .cinit
20200000    20200000    00000281   00000000    rw-
  20200000    20200000    00000280   00000000    rw- .bss
  20200280    20200280    00000001   00000000    rw- .data
20207e00    20207e00    00000200   00000000    rw-
  20207e00    20207e00    00000200   00000000    rw- .stack


SECTION ALLOCATION MAP

 output                                  attributes/
section   page    origin      length       input sections
--------  ----  ----------  ----------   ----------------
.intvecs   0    00000000    000000c0     
                  00000000    000000c0     startup_mspm0g350x_ticlang.o (.intvecs)

.text      0    000000c0    00006d28     
                  000000c0    000007a4     oled_ui.o (.text.OledUi_Update_20ms)
                  00000864    000006f4     car_controller.o (.text.CarController_Update_20ms)
                  00000f58    0000031c     gimbal.o (.text.gimbal_update_feedback)
                  00001274    000002f0     imu.o (.text.mpu6050_read_regs)
                  00001564    000002d8     imu.o (.text.Imu_Init)
                  0000183c    000002cc     gimbal.o (.text.Gimbal_PitchTick100us)
                  00001b08    000002c8     gimbal.o (.text.gimbal_pitch_move_to_x10)
                  00001dd0    00000298     menu.o (.text.Menu_HandleKeyEvent)
                  00002068    00000288     app_config.o (.text.AppConfig_LimitAll)
                  000022f0    00000278     obstacle_avoidance.o (.text.ObstacleAvoidance_Update_20ms)
                  00002568    00000254     oled.o (.text.OLED_Clear)
                  000027bc    0000022c     gimbal.o (.text.Gimbal_YawUpdate5ms)
                  000029e8    00000214     imu.o (.text.Imu_CalibrateGyroBias)
                  00002bfc    00000208     motion_action.o (.text.MotionAction_Update_20ms)
                  00002e04    000001cc     imu.o (.text.imu_i2c_write_byte)
                  00002fd0    000001b8     oled.o (.text.oled_i2c_write_byte)
                  00003188    000001a0     ultrasonic.o (.text.Ultrasonic_Tick100us)
                  00003328    00000194     gimbal_stepper.o (.text.GimbalStepper_Tick100us)
                  000034bc    0000018c     gimbal.o (.text.Gimbal_PitchMoveRelativeDeg)
                  00003648    0000017c     gimbal_stepper.o (.text.GimbalStepper_MoveToEstimatedSteps)
                  000037c4    00000174     key.o (.text.Key_Update_20ms)
                  00003938    00000168     gimbal.o (.text.Gimbal_PitchRelease)
                  00003aa0    00000168     gimbal.o (.text.Gimbal_PitchStopHold)
                  00003c08    00000160     heading_control.o (.text.HeadingControl_Update)
                  00003d68    00000150     gimbal.o (.text.Gimbal_PitchUpdate5ms)
                  00003eb8    00000140     motion_action.o (.text.MotionAction_Start)
                  00003ff8    0000013c     oled.o (.text.OLED_PrintInt16)
                  00004134    00000134     imu.o (.text.Imu_Update)
                  00004268    0000012c     imu.o (.text.imu_i2c_recover_bus)
                  00004394    000000f8     mission_manager.o (.text.MissionManager_Update_20ms)
                  0000448c    000000f0     mission_manager.o (.text.MissionManager_SelectNext)
                  0000457c    000000ec     car_controller.o (.text.handle_turn_90)
                  00004668    000000d8     mission_manager.o (.text.MissionManager_SelectPrevious)
                  00004740    000000d8     libclang_rt.builtins.a : addsf3.S.obj (.text)
                  00004818    000000d4     oled.o (.text.OLED_Init)
                  000048ec    000000d0     oled.o (.text.OLED_PrintChar)
                  000049bc    000000cc     gimbal.o (.text.Gimbal_PitchInit)
                  00004a88    000000c4     app.o (.text.App_Update_20ms)
                  00004b4c    000000c0     ti_msp_dl_config.o (.text.SYSCFG_DL_GPIO_init)
                  00004c0c    000000bc     obstacle_safety.o (.text.ObstacleSafety_Update_20ms)
                  00004cc8    000000b8     app_config.o (.text.AppConfig_InitDefault)
                  00004d80    000000b4     gimbal_stepper.o (.text.GimbalStepper_StopHold)
                  00004e34    000000b4     gimbal.o (.text.Gimbal_YawMoveRelativeDeg)
                  00004ee8    000000b0     gimbal_stepper.o (.text.GimbalStepper_Init)
                  00004f98    000000b0     motor.o (.text.Motor_SetSpeed)
                  00005048    000000aa     mission_library.o (.text.MissionLibrary_Validate)
                  000050f2    00000002     startup_mspm0g350x_ticlang.o (.text.Default_Handler)
                  000050f4    000000a8     empty.o (.text.main)
                  0000519c    000000a4     gimbal.o (.text.Gimbal_YawEnableWorldLock)
                  00005240    000000a2     libclang_rt.builtins.a : udivmoddi4.S.obj (.text)
                  000052e2    00000002     track_sensor.o (.text.TrackSensor_Init)
                  000052e4    0000009c     obstacle_monitor.o (.text.ObstacleMonitor_Update_20ms)
                  00005380    0000009a     libc.a : memcpy16.S.obj (.text:memcpy)
                  0000541a    00000002     libclang_rt.builtins.a : aeabi_div0.c.obj (.text.__aeabi_idiv0)
                  0000541c    00000098     car_controller.o (.text.CarController_StartSeekLine)
                  000054b4    00000098     imu.o (.text.mpu6050_write_reg)
                  0000554c    00000094     car_controller.o (.text.CarController_StartDriveHeading)
                  000055e0    0000008c     libclang_rt.builtins.a : mulsf3.S.obj (.text.__mulsf3)
                  0000566c    00000088     car_controller.o (.text.CarController_StartTurnToYawRelative)
                  000056f4    00000088     gimbal.o (.text.Gimbal_YawToggleWorldLock)
                  0000577c    00000082     libclang_rt.builtins.a : divsf3.S.obj (.text.__divsf3)
                  000057fe    00000002                            : aeabi_div0.c.obj (.text.__aeabi_ldiv0)
                  00005800    0000007c     car_controller.o (.text.CarController_Init)
                  0000587c    0000007c     car_controller.o (.text.CarController_ResetRuntime)
                  000058f8    0000007c     car_controller.o (.text.CarController_StartFollowLine)
                  00005974    0000007c     gimbal.o (.text.Gimbal_YawStopHold)
                  000059f0    0000007c     libc.a : copy_decompress_lzss.c.obj (.text:decompress:lzss)
                  00005a6c    00000078     oled.o (.text.oled_write_command)
                  00005ae4    00000074     car_controller.o (.text.CarController_StartTurnRight90)
                  00005b58    00000074     empty.o (.text.SysTick_Handler)
                  00005bcc    00000070     car_controller.o (.text.CarController_StartTurnLeft90)
                  00005c3c    00000070     gimbal_stepper.o (.text.GimbalStepper_Release)
                  00005cac    00000070     gimbal.o (.text.Gimbal_YawInit)
                  00005d1c    0000006e     track_sensor.o (.text.TrackSensor_DetectTurn)
                  00005d8a    00000002     --HOLE-- [fill = 0]
                  00005d8c    0000006c     encoder.o (.text.Encoder_HandleGpioInterrupt)
                  00005df8    00000068     mission_manager.o (.text.MissionManager_GetSelectedMissionIndex)
                  00005e60    00000066     track_sensor.o (.text.TrackSensor_GetErrorFromRaw)
                  00005ec6    00000002     --HOLE-- [fill = 0]
                  00005ec8    00000064     menu.o (.text.Menu_GetParamValue)
                  00005f2c    00000062     app.o (.text.App_Init)
                  00005f8e    00000002     --HOLE-- [fill = 0]
                  00005f90    00000062     libclang_rt.builtins.a : aeabi_fcmp.S.obj (.text.__aeabi_fcmp)
                  00005ff2    00000062     libc.a : memset16.S.obj (.text:memset)
                  00006054    00000060     libclang_rt.builtins.a : fixsfdi.S.obj (.text.__fixsfdi)
                  000060b4    0000005e     oled.o (.text.OLED_PrintBinary7)
                  00006112    00000002     --HOLE-- [fill = 0]
                  00006114    0000005c     ultrasonic.o (.text.Ultrasonic_Update_20ms)
                  00006170    00000056     libclang_rt.builtins.a : aeabi_idivmod.S.obj (.text.__aeabi_idivmod)
                  000061c6    00000002     --HOLE-- [fill = 0]
                  000061c8    00000054     track_sensor.o (.text.TrackSensor_ReadRaw)
                  0000621c    00000050     car_controller.o (.text.CarController_SetSafetyHold)
                  0000626c    00000050     motor.o (.text.Motor_PwmTick100us)
                  000062bc    00000050     ultrasonic.o (.text.Ultrasonic_Init)
                  0000630c    0000004c     gimbal.o (.text.Gimbal_YawRelease)
                  00006358    00000048     mission_manager.o (.text.MissionManager_Init)
                  000063a0    00000044     servo.o (.text.Servo_Tick100us)
                  000063e4    00000040     mission_manager.o (.text.MissionManager_Start)
                  00006424    00000040     ti_msp_dl_config.o (.text.SYSCFG_DL_SYSCTL_init)
                  00006464    00000040     libclang_rt.builtins.a : aeabi_uidivmod.S.obj (.text.__aeabi_uidivmod)
                  000064a4    0000003e                            : divmoddi4.c.obj (.text.__divmoddi4)
                  000064e2    00000002     --HOLE-- [fill = 0]
                  000064e4    0000003c     servo.o (.text.Servo_SetAngleDeg)
                  00006520    0000003c     libclang_rt.builtins.a : floatsisf.S.obj (.text.__floatsisf)
                  0000655c    0000003c                            : comparesf2.S.obj (.text.__gtsf2)
                  00006598    0000003c     libc.a : autoinit.c.obj (.text:__TI_auto_init_nobinit_nopinit)
                  000065d4    0000003a     libclang_rt.builtins.a : comparesf2.S.obj (.text.__eqsf2)
                  0000660e    00000002     --HOLE-- [fill = 0]
                  00006610    0000003a                            : muldsi3.S.obj (.text.__muldsi3)
                  0000664a    00000002     --HOLE-- [fill = 0]
                  0000664c    00000038     motion_action.o (.text.MotionAction_ReapplyControllerTarget)
                  00006684    00000038     motor.o (.text.Motor_Init)
                  000066bc    00000038     libclang_rt.builtins.a : fixsfsi.S.obj (.text.__fixsfsi)
                  000066f4    00000034     oled.o (.text.OLED_SetCursor)
                  00006728    00000032     oled.o (.text.OLED_PrintString)
                  0000675a    00000002     --HOLE-- [fill = 0]
                  0000675c    00000030     key.o (.text.Key_Init)
                  0000678c    00000030     mission_manager.o (.text.MissionManager_Cancel)
                  000067bc    00000030     mission_manager.o (.text.MissionManager_Reset)
                  000067ec    0000002c     motor.o (.text.Motor_Stop)
                  00006818    0000002c     ti_msp_dl_config.o (.text.SYSCFG_DL_initPower)
                  00006844    0000002c     track_sensor.o (.text.TrackSensor_CountBlack)
                  00006870    00000028     gimbal.o (.text.Gimbal_PitchGetFeedback)
                  00006898    00000028     servo.o (.text.Servo_Init)
                  000068c0    00000028     obstacle_avoidance.o (.text.avoid_fail)
                  000068e8    00000028     libc.a : boot_cortex_m.c.obj (.text:_c_int00_noargs)
                  00006910    00000024     encoder.o (.text.Encoder_Reset)
                  00006934    00000024     libclang_rt.builtins.a : muldi3.S.obj (.text.__muldi3)
                  00006958    00000020     car_controller.o (.text.CarController_Stop)
                  00006978    00000020     mission_manager.o (.text.MissionManager_Pause)
                  00006998    00000020     mission_manager.o (.text.MissionManager_Resume)
                  000069b8    00000020     motion_action.o (.text.MotionAction_GetCurrentBypassDirection)
                  000069d8    00000020     motion_action.o (.text.MotionAction_GetCurrentObstaclePolicy)
                  000069f8    00000020     obstacle_avoidance.o (.text.ObstacleAvoidance_Init)
                  00006a18    00000020     mission_manager.o (.text.mission_finish_error)
                  00006a38    0000001e     libclang_rt.builtins.a : ashldi3.S.obj (.text.__ashldi3)
                  00006a56    00000002     --HOLE-- [fill = 0]
                  00006a58    0000001c     imu.o (.text.Imu_IsReady)
                  00006a74    0000001c     obstacle_monitor.o (.text.ObstacleMonitor_Init)
                  00006a90    0000001c     obstacle_safety.o (.text.ObstacleSafety_Init)
                  00006aac    00000018     car_controller.o (.text.CarController_RunModeToString)
                  00006ac4    00000018     heading_control.o (.text.HeadingControl_LockCurrentYaw)
                  00006adc    00000018     heading_control.o (.text.HeadingControl_SetTargetYaw)
                  00006af4    00000018     menu.o (.text.Menu_ParamItemToString)
                  00006b0c    00000018     mission_library.o (.text.MissionLibrary_FindById)
                  00006b24    00000018     motion_action.o (.text.MotionAction_Cancel)
                  00006b3c    00000018     motion_action.o (.text.MotionAction_Init)
                  00006b54    00000016     libc.a : copy_zero_init.c.obj (.text:decompress:ZI:__TI_zero_init_nomemset)
                  00006b6a    00000002     --HOLE-- [fill = 0]
                  00006b6c    00000014     empty.o (.text.GROUP1_IRQHandler)
                  00006b80    00000014     gimbal_stepper.o (.text.GimbalStepper_SetStepHalfPeriodTicks)
                  00006b94    00000014     heading_control.o (.text.HeadingControl_Enable)
                  00006ba8    00000014     heading_control.o (.text.HeadingControl_Init)
                  00006bbc    00000014     heading_control.o (.text.HeadingControl_Reset)
                  00006bd0    00000014     menu.o (.text.Menu_Init)
                  00006be4    00000014     mission_library.o (.text.MissionLibrary_GetByIndex)
                  00006bf8    00000014     mission_manager.o (.text.MissionManager_GetSelectedMissionId)
                  00006c0c    00000014     libclang_rt.builtins.a : aeabi_ldivmod.S.obj (.text.__aeabi_ldivmod)
                  00006c20    00000014                            : aeabi_uldivmod.S.obj (.text.__aeabi_uldivmod)
                  00006c34    00000012     libc.a : copy_decompress_none.c.obj (.text:decompress:none)
                  00006c46    00000002     --HOLE-- [fill = 0]
                  00006c48    00000010     gimbal.o (.text.Gimbal_YawGetFeedback)
                  00006c58    00000010     key.o (.text.Key_GetEvent)
                  00006c68    00000010     obstacle_avoidance.o (.text.ObstacleAvoidance_IsResumeGraceActive)
                  00006c78    00000010     ti_msp_dl_config.o (.text.SYSCFG_DL_init)
                  00006c88    0000000c     car_controller.o (.text.CarController_GetRunMode)
                  00006c94    0000000c     car_state.o (.text.CarState_Get)
                  00006ca0    0000000c     car_state.o (.text.CarState_Init)
                  00006cac    0000000c     car_state.o (.text.CarState_Set)
                  00006cb8    0000000c     imu.o (.text.Imu_GetCorrectedGyroZDps)
                  00006cc4    0000000c     imu.o (.text.Imu_GetYaw)
                  00006cd0    0000000c     imu.o (.text.Imu_ResetYaw)
                  00006cdc    0000000c     menu.o (.text.Menu_GetPage)
                  00006ce8    0000000c     menu.o (.text.Menu_GetParamItem)
                  00006cf4    0000000c     mission_manager.o (.text.MissionManager_SetExternalHold)
                  00006d00    0000000c     obstacle_avoidance.o (.text.ObstacleAvoidance_IsActive)
                  00006d0c    0000000c     obstacle_avoidance.o (.text.ObstacleAvoidance_IsFailed)
                  00006d18    0000000c     obstacle_safety.o (.text.ObstacleSafety_IsHolding)
                  00006d24    0000000c     oled_ui.o (.text.OledUi_Init)
                  00006d30    0000000c     libclang_rt.builtins.a : aeabi_memset.S.obj (.text.__aeabi_memclr)
                  00006d3c    0000000a     driverlib.a : dl_common.o (.text.DL_Common_delayCycles)
                  00006d46    0000000a     track_sensor.o (.text.TrackSensor_IsCenterDetected)
                  00006d50    0000000a     track_sensor.o (.text.TrackSensor_IsLineDetected)
                  00006d5a    0000000a     track_sensor.o (.text.TrackSensor_IsLineLost)
                  00006d64    00000008     car_controller.o (.text.CarController_GetFeedback)
                  00006d6c    00000008     gimbal_stepper.o (.text.GimbalStepper_GetFeedback)
                  00006d74    00000008     gimbal.o (.text.Gimbal_YawTick100us)
                  00006d7c    00000008     heading_control.o (.text.HeadingControl_GetRuntime)
                  00006d84    00000008     imu.o (.text.Imu_GetRuntime)
                  00006d8c    00000008     mission_manager.o (.text.MissionManager_GetMissionCount)
                  00006d94    00000008     mission_manager.o (.text.MissionManager_GetRuntime)
                  00006d9c    00000008     motion_action.o (.text.MotionAction_GetRuntime)
                  00006da4    00000008     obstacle_avoidance.o (.text.ObstacleAvoidance_GetFeedback)
                  00006dac    00000008     obstacle_monitor.o (.text.ObstacleMonitor_GetFeedback)
                  00006db4    00000008     servo.o (.text.Servo_GetFeedback)
                  00006dbc    00000008     ultrasonic.o (.text.Ultrasonic_GetFeedback)
                  00006dc4    00000008     libclang_rt.builtins.a : aeabi_memcpy.S.obj (.text.__aeabi_memcpy)
                  00006dcc    00000006     libc.a : exit.c.obj (.text:abort)
                  00006dd2    00000004     libsysbm.a : hostexit.c.obj (.text.HOSTexit)
                  00006dd6    00000004     mission_library.o (.text.MissionLibrary_GetCount)
                  00006dda    00000004     startup_mspm0g350x_ticlang.o (.text.Reset_Handler)
                  00006dde    00000004     libc.a : pre_init.c.obj (.text._system_pre_init)
                  00006de2    00000006     --HOLE-- [fill = 0]

.cinit     0    000073b0    00000030     
                  000073b0    0000000c     (__TI_handler_table)
                  000073bc    00000008     (.cinit..bss.load) [load image, compression = zero_init]
                  000073c4    00000005     (.cinit..data.load) [load image, compression = lzss]
                  000073c9    00000003     --HOLE-- [fill = 0]
                  000073cc    00000010     (__TI_cinit_table)
                  000073dc    00000004     --HOLE-- [fill = 0]

.rodata    0    00006de8    000005c8     
                  00006de8    000000d8     oled.o (.rodata..Lswitch.table.OLED_PrintChar)
                  00006ec0    000000a8     mission_library.o (.rodata.g_missionMapA)
                  00006f68    000000a8     mission_library.o (.rodata.g_missionMapB)
                  00007010    00000078     mission_library.o (.rodata.g_missionMapC)
                  00007088    00000030     mission_library.o (.rodata.g_missionRegistry)
                  000070b8    00000024     oled_ui.o (.rodata..Lswitch.table.OledUi_Update_20ms.72)
                  000070dc    00000020     menu.o (.rodata..Lswitch.table.Menu_ParamItemToString)
                  000070fc    0000001c     car_controller.o (.rodata..Lswitch.table.CarController_RunModeToString)
                  00007118    00000018     oled_ui.o (.rodata..Lswitch.table.OledUi_Update_20ms.73)
                  00007130    0000000d     oled_ui.o (.rodata.str1.16526439943277383452.1)
                  0000713d    00000003     oled_ui.o (.rodata.str1.11232419324784801130.1)
                  00007140    0000000c     mission_library.o (.rodata..Lswitch.table.MissionLibrary_FindById)
                  0000714c    0000000c     oled_ui.o (.rodata..Lswitch.table.OledUi_Update_20ms.71)
                  00007158    00000009     oled_ui.o (.rodata.str1.18266126048138325213.1)
                  00007161    00000009     oled_ui.o (.rodata.str1.8460525935980491721.1)
                  0000716a    00000007     menu.o (.rodata..Lswitch.table.Menu_HandleKeyEvent)
                  00007171    00000007     oled_ui.o (.rodata.str1.9544068167406571052.1)
                  00007178    00000006     mission_library.o (.rodata.str1.13636476544574750902.1)
                  0000717e    00000006     oled_ui.o (.rodata.str1.1445687256832830955.1)
                  00007184    00000006     oled_ui.o (.rodata.str1.15008238333949226094.1)
                  0000718a    00000006     oled_ui.o (.rodata.str1.15575624326185233262.1)
                  00007190    00000006     mission_library.o (.rodata.str1.15668266851434757964.1)
                  00007196    00000006     oled_ui.o (.rodata.str1.17540787658903907660.1)
                  0000719c    00000006     oled_ui.o (.rodata.str1.17763996158807330232.1)
                  000071a2    00000006     oled_ui.o (.rodata.str1.17884296644359297425.1)
                  000071a8    00000006     mission_library.o (.rodata.str1.199678142196697465.1)
                  000071ae    00000006     oled_ui.o (.rodata.str1.5965450730569173784.1)
                  000071b4    00000006     oled_ui.o (.rodata.str1.9295666102996717355.1)
                  000071ba    00000006     oled_ui.o (.rodata.str1.9611283282870761829.1)
                  000071c0    00000005     oled.o (.rodata.oled_get_glyph.colon)
                  000071c5    00000005     oled.o (.rodata.oled_get_glyph.eight)
                  000071ca    00000005     oled.o (.rodata.oled_get_glyph.five)
                  000071cf    00000005     oled.o (.rodata.oled_get_glyph.four)
                  000071d4    00000005     oled.o (.rodata.oled_get_glyph.glyphA)
                  000071d9    00000005     oled.o (.rodata.oled_get_glyph.glyphB)
                  000071de    00000005     oled.o (.rodata.oled_get_glyph.glyphC)
                  000071e3    00000005     oled.o (.rodata.oled_get_glyph.glyphD)
                  000071e8    00000005     oled.o (.rodata.oled_get_glyph.glyphE)
                  000071ed    00000005     oled.o (.rodata.oled_get_glyph.glyphG)
                  000071f2    00000005     oled.o (.rodata.oled_get_glyph.glyphH)
                  000071f7    00000005     oled.o (.rodata.oled_get_glyph.glyphI)
                  000071fc    00000005     oled.o (.rodata.oled_get_glyph.glyphK)
                  00007201    00000005     oled.o (.rodata.oled_get_glyph.glyphL)
                  00007206    00000005     oled.o (.rodata.oled_get_glyph.glyphM)
                  0000720b    00000005     oled.o (.rodata.oled_get_glyph.glyphN)
                  00007210    00000005     oled.o (.rodata.oled_get_glyph.glyphO)
                  00007215    00000005     oled.o (.rodata.oled_get_glyph.glyphP)
                  0000721a    00000005     oled.o (.rodata.oled_get_glyph.glyphR)
                  0000721f    00000005     oled.o (.rodata.oled_get_glyph.glyphS)
                  00007224    00000005     oled.o (.rodata.oled_get_glyph.glyphT)
                  00007229    00000005     oled.o (.rodata.oled_get_glyph.glyphU)
                  0000722e    00000005     oled.o (.rodata.oled_get_glyph.glyphV)
                  00007233    00000005     oled.o (.rodata.oled_get_glyph.glyphW)
                  00007238    00000005     oled.o (.rodata.oled_get_glyph.glyphX)
                  0000723d    00000005     oled.o (.rodata.oled_get_glyph.glyphY)
                  00007242    00000005     oled.o (.rodata.oled_get_glyph.glyphb)
                  00007247    00000005     oled.o (.rodata.oled_get_glyph.gt)
                  0000724c    00000005     oled.o (.rodata.oled_get_glyph.minus)
                  00007251    00000005     oled.o (.rodata.oled_get_glyph.nine)
                  00007256    00000005     oled.o (.rodata.oled_get_glyph.one)
                  0000725b    00000005     oled.o (.rodata.oled_get_glyph.seven)
                  00007260    00000005     oled.o (.rodata.oled_get_glyph.six)
                  00007265    00000005     oled.o (.rodata.oled_get_glyph.space)
                  0000726a    00000005     oled.o (.rodata.oled_get_glyph.three)
                  0000726f    00000005     oled.o (.rodata.oled_get_glyph.two)
                  00007274    00000005     oled.o (.rodata.oled_get_glyph.zero)
                  00007279    00000005     oled_ui.o (.rodata.str1.1108652269057166745.1)
                  0000727e    00000005     oled_ui.o (.rodata.str1.11428648044669318875.1)
                  00007283    00000005     oled_ui.o (.rodata.str1.12617122458660443890.1)
                  00007288    00000005     oled_ui.o (.rodata.str1.12928245060369742404.1)
                  0000728d    00000005     oled_ui.o (.rodata.str1.13882251010780863896.1)
                  00007292    00000005     oled_ui.o (.rodata.str1.14134189893851348960.1)
                  00007297    00000005     oled_ui.o (.rodata.str1.15829239520183577662.1)
                  0000729c    00000005     oled_ui.o (.rodata.str1.15917848551323629232.1)
                  000072a1    00000005     car_controller.o (.rodata.str1.1652194605229746967.1)
                  000072a6    00000005     oled_ui.o (.rodata.str1.17274519358952562110.1)
                  000072ab    00000005     oled_ui.o (.rodata.str1.17464849429964608858.1)
                  000072b0    00000005     oled_ui.o (.rodata.str1.2522137003438374266.1)
                  000072b5    00000005     oled_ui.o (.rodata.str1.270145429241168923.1)
                  000072ba    00000005     car_controller.o (.rodata.str1.4164979912472006574.1)
                  000072bf    00000005     oled_ui.o (.rodata.str1.4402311448527872260.1)
                  000072c4    00000005     oled_ui.o (.rodata.str1.4581472623415959594.1)
                  000072c9    00000005     menu.o (.rodata.str1.4862307748908978627.1)
                  000072ce    00000005     oled_ui.o (.rodata.str1.6806727740681590176.1)
                  000072d3    00000005     oled_ui.o (.rodata.str1.7219546930854689545.1)
                  000072d8    00000005     oled_ui.o (.rodata.str1.7419768602719733415.1)
                  000072dd    00000005     oled_ui.o (.rodata.str1.8403269972884532600.1)
                  000072e2    00000005     oled_ui.o (.rodata.str1.8426569189266129334.1)
                  000072e7    00000005     car_controller.o (.rodata.str1.9234375891235759983.1)
                  000072ec    00000005     car_controller.o (.rodata.str1.9981487771679760427.1)
                  000072f1    00000004     oled_ui.o (.rodata.str1.1019225241002246410.1)
                  000072f5    00000004     oled_ui.o (.rodata.str1.10416366799939242409.1)
                  000072f9    00000004     menu.o (.rodata.str1.12110183915172842339.1)
                  000072fd    00000004     car_controller.o (.rodata.str1.12442237994239546032.1)
                  00007301    00000004     oled_ui.o (.rodata.str1.130772507669342127.1)
                  00007305    00000004     menu.o (.rodata.str1.13124720451672825294.1)
                  00007309    00000004     oled_ui.o (.rodata.str1.13244290092665904221.1)
                  0000730d    00000004     oled_ui.o (.rodata.str1.13567883086814673087.1)
                  00007311    00000004     oled_ui.o (.rodata.str1.13790669171379415506.1)
                  00007315    00000004     menu.o (.rodata.str1.14098755746347272832.1)
                  00007319    00000004     oled_ui.o (.rodata.str1.15577080202403550426.1)
                  0000731d    00000004     oled_ui.o (.rodata.str1.15613891207764622616.1)
                  00007321    00000004     oled_ui.o (.rodata.str1.15802367878353263018.1)
                  00007325    00000004     oled_ui.o (.rodata.str1.15817398807211891688.1)
                  00007329    00000004     oled_ui.o (.rodata.str1.16411631209783952401.1)
                  0000732d    00000004     oled_ui.o (.rodata.str1.16939060351352778619.1)
                  00007331    00000004     menu.o (.rodata.str1.17041139162815566052.1)
                  00007335    00000004     car_controller.o (.rodata.str1.17172356789460551389.1)
                  00007339    00000004     car_controller.o (.rodata.str1.18191498530309206443.1)
                  0000733d    00000004     oled_ui.o (.rodata.str1.18379317056176403938.1)
                  00007341    00000004     oled_ui.o (.rodata.str1.2308938766145545715.1)
                  00007345    00000004     oled_ui.o (.rodata.str1.3025253791635144717.1)
                  00007349    00000004     oled_ui.o (.rodata.str1.3407221357956504873.1)
                  0000734d    00000004     oled_ui.o (.rodata.str1.3455423528827705371.1)
                  00007351    00000004     oled_ui.o (.rodata.str1.3702290527496711532.1)
                  00007355    00000004     oled_ui.o (.rodata.str1.4581686099848791648.1)
                  00007359    00000004     oled_ui.o (.rodata.str1.4610220316623841660.1)
                  0000735d    00000004     oled_ui.o (.rodata.str1.5853739094453432564.1)
                  00007361    00000004     car_controller.o (.rodata.str1.702403006289709404.1)
                  00007365    00000004     oled_ui.o (.rodata.str1.7185587941321649510.1)
                  00007369    00000004     oled_ui.o (.rodata.str1.7774807581888385879.1)
                  0000736d    00000004     oled_ui.o (.rodata.str1.8236579331345056500.1)
                  00007371    00000004     oled_ui.o (.rodata.str1.8471462185882660445.1)
                  00007375    00000004     oled_ui.o (.rodata.str1.8783421139296713095.1)
                  00007379    00000004     oled_ui.o (.rodata.str1.9102528229756940648.1)
                  0000737d    00000004     oled_ui.o (.rodata.str1.9159586779647977165.1)
                  00007381    00000004     menu.o (.rodata.str1.9546740394641817443.1)
                  00007385    00000004     oled_ui.o (.rodata.str1.967006512144173535.1)
                  00007389    00000004     oled_ui.o (.rodata.str1.9854382722193312766.1)
                  0000738d    00000003     oled_ui.o (.rodata.str1.12983537867572525563.1)
                  00007390    00000003     oled_ui.o (.rodata.str1.14358698208395374265.1)
                  00007393    00000003     oled_ui.o (.rodata.str1.14556837007311414654.1)
                  00007396    00000003     oled_ui.o (.rodata.str1.15859922799842739878.1)
                  00007399    00000003     menu.o (.rodata.str1.16312125044762562515.1)
                  0000739c    00000003     oled_ui.o (.rodata.str1.16849766574302683489.1)
                  0000739f    00000003     oled_ui.o (.rodata.str1.16931641404301806744.1)
                  000073a2    00000003     oled_ui.o (.rodata.str1.17812014771544466701.1)
                  000073a5    00000003     menu.o (.rodata.str1.4646809750356241979.1)
                  000073a8    00000003     menu.o (.rodata.str1.6857549598058878762.1)
                  000073ab    00000003     oled_ui.o (.rodata.str1.8693388333057100694.1)
                  000073ae    00000002     --HOLE-- [fill = 0]

.init_array 
*          0    00000000    00000000     UNINITIALIZED

.binit     0    00000000    00000000     

.bss       0    20200000    00000280     UNINITIALIZED
                  20200000    0000005c     (.common:g_appConfig)
                  2020005c    00000004     encoder.o (.bss.g_motorAPulses)
                  20200060    00000038     gimbal.o (.bss.g_feedback)
                  20200098    00000038     gimbal.o (.bss.g_pitchFeedback)
                  202000d0    00000038     (.common:g_appRuntime)
                  20200108    00000028     (.common:g_imuRuntime)
                  20200130    00000020     mission_manager.o (.bss.g_missionRuntime)
                  20200150    00000018     gimbal_stepper.o (.bss.g_feedback)
                  20200168    00000014     motion_action.o (.bss.g_motionActionRuntime)
                  2020017c    00000014     (.common:g_headingRuntime)
                  20200190    0000000e     car_controller.o (.bss.g_carControllerFeedback)
                  2020019e    00000002     ultrasonic.o (.bss.g_echoTicks)
                  202001a0    0000000e     ultrasonic.o (.bss.g_ultrasonicFeedback)
                  202001ae    00000002     gimbal.o (.bss.g_pitchHalfPeriodTicks)
                  202001b0    0000000a     obstacle_avoidance.o (.bss.g_avoidFeedback)
                  202001ba    00000008     obstacle_monitor.o (.bss.g_obstacleFeedback)
                  202001c2    00000006     ultrasonic.o (.bss.g_distanceSamples)
                  202001c8    00000008     gimbal.o (.bss.g_pitchContinuousDegX10)
                  202001d0    00000008     gimbal.o (.bss.g_pitchEstimatedSteps)
                  202001d8    00000008     gimbal.o (.bss.g_pitchTargetDegX10)
                  202001e0    00000008     gimbal.o (.bss.g_pitchTargetEstimatedSteps)
                  202001e8    00000008     gimbal_stepper.o (.bss.g_stepperEstimatedSteps)
                  202001f0    00000008     gimbal_stepper.o (.bss.g_stepperTargetEstimatedSteps)
                  202001f8    00000008     gimbal.o (.bss.g_yawContinuousDegX10)
                  20200200    00000008     gimbal.o (.bss.g_yawLockedWorldYawDegX10)
                  20200208    00000008     gimbal.o (.bss.g_yawTargetContinuousDegX10)
                  20200210    00000008     gimbal.o (.bss.g_yawWorldTargetDegX10)
                  20200218    00000008     gimbal.o (.bss.g_yawWrappedDegX10)
                  20200220    00000006     key.o (.bss.g_key1)
                  20200226    00000006     key.o (.bss.g_key2)
                  2020022c    00000006     key.o (.bss.g_key3)
                  20200232    00000002     obstacle_avoidance.o (.bss.g_resumeGraceMs)
                  20200234    00000004     encoder.o (.bss.g_motorBPulses)
                  20200238    00000004     gimbal.o (.bss.g_pitchCompletedSteps)
                  2020023c    00000004     servo.o (.bss.g_servoFeedback)
                  20200240    00000004     gimbal_stepper.o (.bss.g_stepperCompletedSteps)
                  20200244    00000004     gimbal.o (.bss.g_yawCommandedRpm)
                  20200248    00000004     gimbal.o (.bss.g_yawTargetRpm)
                  2020024c    00000002     servo.o (.bss.g_servoPwmPhase)
                  2020024e    00000002     ultrasonic.o (.bss.g_stateTicks)
                  20200250    00000002     gimbal_stepper.o (.bss.g_stepperHalfPeriodTicks)
                  20200252    00000002     gimbal_stepper.o (.bss.g_stepperStepHalfPeriodTicks)
                  20200254    00000002     (.common:g_trackError)
                  20200256    00000001     oled_ui.o (.bss.OledUi_Update_20ms.refreshDivider)
                  20200257    00000001     empty.o (.bss.SysTick_Handler.controlMsCount)
                  20200258    00000001     empty.o (.bss.SysTick_Handler.gimbalMsCount)
                  20200259    00000001     empty.o (.bss.SysTick_Handler.tick100usCount)
                  2020025a    00000001     ultrasonic.o (.bss.Ultrasonic_Update_20ms.triggerDivider)
                  2020025b    00000001     empty.o (.bss.g_appUpdateDue)
                  2020025c    00000001     car_state.o (.bss.g_carState)
                  2020025d    00000001     obstacle_monitor.o (.bss.g_centerSettleTicks)
                  2020025e    00000001     ultrasonic.o (.bss.g_distanceSampleCount)
                  2020025f    00000001     ultrasonic.o (.bss.g_distanceSampleIndex)
                  20200260    00000001     empty.o (.bss.g_gimbalUpdatePending)
                  20200261    00000001     motor.o (.bss.g_motorADutyLevel)
                  20200262    00000001     motor.o (.bss.g_motorBDutyLevel)
                  20200263    00000001     obstacle_safety.o (.bss.g_obstacleSafetyHolding)
                  20200264    00000001     oled.o (.bss.g_oledColumn)
                  20200265    00000001     menu.o (.bss.g_oledPage)
                  20200266    00000001     menu.o (.bss.g_paramItem)
                  20200267    00000001     key.o (.bss.g_pendingEvent)
                  20200268    00000001     gimbal.o (.bss.g_pitchDirection)
                  20200269    00000001     gimbal.o (.bss.g_pitchInitialized)
                  2020026a    00000001     gimbal.o (.bss.g_pitchRunning)
                  2020026b    00000001     gimbal.o (.bss.g_pitchStepHigh)
                  2020026c    00000001     gimbal.o (.bss.g_pitchStopAfterStepLow)
                  2020026d    00000001     motor.o (.bss.g_pwmPhase)
                  2020026e    00000001     car_controller.o (.bss.g_safetyHold)
                  2020026f    00000001     obstacle_avoidance.o (.bss.g_stateStarted)
                  20200270    00000001     gimbal_stepper.o (.bss.g_stepperDirection)
                  20200271    00000001     gimbal_stepper.o (.bss.g_stepperRunning)
                  20200272    00000001     gimbal_stepper.o (.bss.g_stepperStepHigh)
                  20200273    00000001     gimbal_stepper.o (.bss.g_stepperStopAfterStepLow)
                  20200274    00000001     ultrasonic.o (.bss.g_triggerRequest)
                  20200275    00000001     ultrasonic.o (.bss.g_ultrasonicState)
                  20200276    00000001     gimbal.o (.bss.g_yawPositionValid)
                  20200277    00000001     gimbal.o (.bss.g_yawWorldLockEnabled)
                  20200278    00000001     (.common:g_carStateDebug)
                  20200279    00000001     (.common:g_keyEvent)
                  2020027a    00000001     (.common:g_oledPageDebug)
                  2020027b    00000001     (.common:g_paramItemDebug)
                  2020027c    00000001     (.common:g_trackBlackCount)
                  2020027d    00000001     (.common:g_trackModeDebug)
                  2020027e    00000001     (.common:g_trackRaw)
                  2020027f    00000001     (.common:g_trackTurnDebug)

.data      0    20200280    00000001     UNINITIALIZED
                  20200280    00000001     car_controller.o (.data.g_followTurnPolicy)

.stack     0    20207e00    00000200     UNINITIALIZED
                  20207e00    00000004     libc.a : boot_cortex_m.c.obj (.stack)
                  20207e04    000001fc     --HOLE--

__llvm_prf_cnts 
*          0    20200000    00000000     UNINITIALIZED

__llvm_prf_bits 
*          0    20200000    00000000     UNINITIALIZED

MODULE SUMMARY

       Module                         code    ro data   rw data
       ------                         ----    -------   -------
    .\
       gimbal.o                       5292    0         205    
       car_controller.o               3208    64        72     
       imu.o                          3304    0         40     
       oled.o                         2088    401       1      
       oled_ui.o                      1968    406       1      
       gimbal_stepper.o               1280    0         52     
       mission_manager.o              1184    0         32     
       motion_action.o                1016    0         20     
       app_config.o                   832     0         92     
       menu.o                         832     73        2      
       obstacle_avoidance.o           752     0         13     
       mission_library.o              218     534       0      
       ultrasonic.o                   596     0         29     
       heading_control.o              468     0         20     
       key.o                          436     0         19     
       track_sensor.o                 372     0         0      
       motor.o                        356     0         3      
       ti_msp_dl_config.o             316     0         0      
       empty.o                        304     0         5      
       app.o                          294     0         10     
       obstacle_safety.o              228     0         1      
       obstacle_monitor.o             192     0         9      
       startup_mspm0g350x_ticlang.o   6       192       0      
       servo.o                        176     0         6      
       encoder.o                      144     0         8      
       car_state.o                    36      0         1      
    +--+------------------------------+-------+---------+---------+
       Total:                         25898   1670      641    
                                                               
    C:/TI/mspm0_sdk_2_05_01_00/source/ti/driverlib/lib/ticlang/m0p/mspm0g1x0x_g3x0x/driverlib.a
       dl_common.o                    10      0         0      
    +--+------------------------------+-------+---------+---------+
       Total:                         10      0         0      
                                                               
    D:\TI\CCS\ccs\tools\compiler\ti-cgt-armllvm_4.0.4.LTS\lib\armv6m-ti-none-eabi/c/libc.a
       memcpy16.S.obj                 154     0         0      
       copy_decompress_lzss.c.obj     124     0         0      
       memset16.S.obj                 98      0         0      
       autoinit.c.obj                 60      0         0      
       boot_cortex_m.c.obj            40      0         0      
       copy_zero_init.c.obj           22      0         0      
       copy_decompress_none.c.obj     18      0         0      
       exit.c.obj                     6       0         0      
       pre_init.c.obj                 4       0         0      
    +--+------------------------------+-------+---------+---------+
       Total:                         526     0         0      
                                                               
    D:\TI\CCS\ccs\tools\compiler\ti-cgt-armllvm_4.0.4.LTS\lib\armv6m-ti-none-eabi/c/libsysbm.a
       hostexit.c.obj                 4       0         0      
    +--+------------------------------+-------+---------+---------+
       Total:                         4       0         0      
                                                               
    D:\TI\CCS\ccs\tools\compiler\ti-cgt-armllvm_4.0.4.LTS\lib\armv6m-ti-none-eabi/libclang_rt.builtins.a
       addsf3.S.obj                   216     0         0      
       udivmoddi4.S.obj               162     0         0      
       mulsf3.S.obj                   140     0         0      
       divsf3.S.obj                   130     0         0      
       comparesf2.S.obj               118     0         0      
       aeabi_fcmp.S.obj               98      0         0      
       fixsfdi.S.obj                  96      0         0      
       aeabi_idivmod.S.obj            86      0         0      
       aeabi_uidivmod.S.obj           64      0         0      
       divmoddi4.c.obj                62      0         0      
       floatsisf.S.obj                60      0         0      
       muldsi3.S.obj                  58      0         0      
       fixsfsi.S.obj                  56      0         0      
       muldi3.S.obj                   36      0         0      
       ashldi3.S.obj                  30      0         0      
       aeabi_ldivmod.S.obj            20      0         0      
       aeabi_uldivmod.S.obj           20      0         0      
       aeabi_memset.S.obj             12      0         0      
       aeabi_memcpy.S.obj             8       0         0      
       aeabi_div0.c.obj               4       0         0      
    +--+------------------------------+-------+---------+---------+
       Total:                         1476    0         0      
                                                               
       Stack:                         0       0         512    
       Linker Generated:              0       41        0      
    +--+------------------------------+-------+---------+---------+
       Grand Total:                   27914   1711      1153   


LINKER GENERATED COPY TABLES

__TI_cinit_table @ 000073cc records: 2, size/record: 8, table size: 16
	.bss: load addr=000073bc, load size=00000008 bytes, run addr=20200000, run size=00000280 bytes, compression=zero_init
	.data: load addr=000073c4, load size=00000005 bytes, run addr=20200280, run size=00000001 bytes, compression=lzss


LINKER GENERATED HANDLER TABLE

__TI_handler_table @ 000073b0 records: 3, size/record: 4, table size: 12
	index: 0, handler: __TI_decompress_lzss
	index: 1, handler: __TI_decompress_none
	index: 2, handler: __TI_zero_init


GLOBAL SYMBOLS: SORTED ALPHABETICALLY BY Name 

address   name                                  
-------   ----                                  
000050f3  ADC0_IRQHandler                       
000050f3  ADC1_IRQHandler                       
000050f3  AES_IRQHandler                        
00004cc9  AppConfig_InitDefault                 
00002069  AppConfig_LimitAll                    
00005f2d  App_Init                              
00004a89  App_Update_20ms                       
00006dd2  C$$EXIT                               
000050f3  CANFD0_IRQHandler                     
00006d65  CarController_GetFeedback             
00006c89  CarController_GetRunMode              
00005801  CarController_Init                    
0000587d  CarController_ResetRuntime            
00006aad  CarController_RunModeToString         
0000621d  CarController_SetSafetyHold           
0000554d  CarController_StartDriveHeading       
000058f9  CarController_StartFollowLine         
0000541d  CarController_StartSeekLine           
00005bcd  CarController_StartTurnLeft90         
00005ae5  CarController_StartTurnRight90        
0000566d  CarController_StartTurnToYawRelative  
00006959  CarController_Stop                    
00000865  CarController_Update_20ms             
00006c95  CarState_Get                          
00006ca1  CarState_Init                         
00006cad  CarState_Set                          
000050f3  DAC0_IRQHandler                       
00006d3d  DL_Common_delayCycles                 
000050f3  DMA_IRQHandler                        
000050f3  Default_Handler                       
00005d8d  Encoder_HandleGpioInterrupt           
00006911  Encoder_Reset                         
000050f3  GROUP0_IRQHandler                     
00006b6d  GROUP1_IRQHandler                     
00006d6d  GimbalStepper_GetFeedback             
00004ee9  GimbalStepper_Init                    
00003649  GimbalStepper_MoveToEstimatedSteps    
00005c3d  GimbalStepper_Release                 
00006b81  GimbalStepper_SetStepHalfPeriodTicks  
00004d81  GimbalStepper_StopHold                
00003329  GimbalStepper_Tick100us               
00006871  Gimbal_PitchGetFeedback               
000049bd  Gimbal_PitchInit                      
000034bd  Gimbal_PitchMoveRelativeDeg           
00003939  Gimbal_PitchRelease                   
00003aa1  Gimbal_PitchStopHold                  
0000183d  Gimbal_PitchTick100us                 
00003d69  Gimbal_PitchUpdate5ms                 
0000519d  Gimbal_YawEnableWorldLock             
00006c49  Gimbal_YawGetFeedback                 
00005cad  Gimbal_YawInit                        
00004e35  Gimbal_YawMoveRelativeDeg             
0000630d  Gimbal_YawRelease                     
00005975  Gimbal_YawStopHold                    
00006d75  Gimbal_YawTick100us                   
000056f5  Gimbal_YawToggleWorldLock             
000027bd  Gimbal_YawUpdate5ms                   
00006dd3  HOSTexit                              
000050f3  HardFault_Handler                     
00006b95  HeadingControl_Enable                 
00006d7d  HeadingControl_GetRuntime             
00006ba9  HeadingControl_Init                   
00006ac5  HeadingControl_LockCurrentYaw         
00006bbd  HeadingControl_Reset                  
00006add  HeadingControl_SetTargetYaw           
00003c09  HeadingControl_Update                 
000050f3  I2C0_IRQHandler                       
000050f3  I2C1_IRQHandler                       
000029e9  Imu_CalibrateGyroBias                 
00006cb9  Imu_GetCorrectedGyroZDps              
00006d85  Imu_GetRuntime                        
00006cc5  Imu_GetYaw                            
00001565  Imu_Init                              
00006a59  Imu_IsReady                           
00006cd1  Imu_ResetYaw                          
00004135  Imu_Update                            
00006c59  Key_GetEvent                          
0000675d  Key_Init                              
000037c5  Key_Update_20ms                       
00006cdd  Menu_GetPage                          
00006ce9  Menu_GetParamItem                     
00005ec9  Menu_GetParamValue                    
00001dd1  Menu_HandleKeyEvent                   
00006bd1  Menu_Init                             
00006af5  Menu_ParamItemToString                
00006b0d  MissionLibrary_FindById               
00006be5  MissionLibrary_GetByIndex             
00006dd7  MissionLibrary_GetCount               
00005049  MissionLibrary_Validate               
0000678d  MissionManager_Cancel                 
00006d8d  MissionManager_GetMissionCount        
00006d95  MissionManager_GetRuntime             
00006bf9  MissionManager_GetSelectedMissionId   
00005df9  MissionManager_GetSelectedMissionIndex
00006359  MissionManager_Init                   
00006979  MissionManager_Pause                  
000067bd  MissionManager_Reset                  
00006999  MissionManager_Resume                 
0000448d  MissionManager_SelectNext             
00004669  MissionManager_SelectPrevious         
00006cf5  MissionManager_SetExternalHold        
000063e5  MissionManager_Start                  
00004395  MissionManager_Update_20ms            
00006b25  MotionAction_Cancel                   
000069b9  MotionAction_GetCurrentBypassDirection
000069d9  MotionAction_GetCurrentObstaclePolicy 
00006d9d  MotionAction_GetRuntime               
00006b3d  MotionAction_Init                     
0000664d  MotionAction_ReapplyControllerTarget  
00003eb9  MotionAction_Start                    
00002bfd  MotionAction_Update_20ms              
00006685  Motor_Init                            
0000626d  Motor_PwmTick100us                    
00004f99  Motor_SetSpeed                        
000067ed  Motor_Stop                            
000050f3  NMI_Handler                           
00002569  OLED_Clear                            
00004819  OLED_Init                             
000060b5  OLED_PrintBinary7                     
000048ed  OLED_PrintChar                        
00003ff9  OLED_PrintInt16                       
00006729  OLED_PrintString                      
000066f5  OLED_SetCursor                        
00006da5  ObstacleAvoidance_GetFeedback         
000069f9  ObstacleAvoidance_Init                
00006d01  ObstacleAvoidance_IsActive            
00006d0d  ObstacleAvoidance_IsFailed            
00006c69  ObstacleAvoidance_IsResumeGraceActive 
000022f1  ObstacleAvoidance_Update_20ms         
00006dad  ObstacleMonitor_GetFeedback           
00006a75  ObstacleMonitor_Init                  
000052e5  ObstacleMonitor_Update_20ms           
00006a91  ObstacleSafety_Init                   
00006d19  ObstacleSafety_IsHolding              
00004c0d  ObstacleSafety_Update_20ms            
00006d25  OledUi_Init                           
000000c1  OledUi_Update_20ms                    
000050f3  PendSV_Handler                        
000050f3  RTC_IRQHandler                        
00006ddb  Reset_Handler                         
000050f3  SPI0_IRQHandler                       
000050f3  SPI1_IRQHandler                       
000050f3  SVC_Handler                           
00004b4d  SYSCFG_DL_GPIO_init                   
00006425  SYSCFG_DL_SYSCTL_init                 
00006c79  SYSCFG_DL_init                        
00006819  SYSCFG_DL_initPower                   
00006db5  Servo_GetFeedback                     
00006899  Servo_Init                            
000064e5  Servo_SetAngleDeg                     
000063a1  Servo_Tick100us                       
00005b59  SysTick_Handler                       
000050f3  TIMA0_IRQHandler                      
000050f3  TIMA1_IRQHandler                      
000050f3  TIMG0_IRQHandler                      
000050f3  TIMG12_IRQHandler                     
000050f3  TIMG6_IRQHandler                      
000050f3  TIMG7_IRQHandler                      
000050f3  TIMG8_IRQHandler                      
00006845  TrackSensor_CountBlack                
00005d1d  TrackSensor_DetectTurn                
00005e61  TrackSensor_GetErrorFromRaw           
000052e3  TrackSensor_Init                      
00006d47  TrackSensor_IsCenterDetected          
00006d51  TrackSensor_IsLineDetected            
00006d5b  TrackSensor_IsLineLost                
000061c9  TrackSensor_ReadRaw                   
000050f3  UART0_IRQHandler                      
000050f3  UART1_IRQHandler                      
000050f3  UART2_IRQHandler                      
000050f3  UART3_IRQHandler                      
00006dbd  Ultrasonic_GetFeedback                
000062bd  Ultrasonic_Init                       
00003189  Ultrasonic_Tick100us                  
00006115  Ultrasonic_Update_20ms                
20208000  __STACK_END                           
00000200  __STACK_SIZE                          
00000000  __TI_ATRegion0_region_sz              
00000000  __TI_ATRegion0_src_addr               
00000000  __TI_ATRegion0_trg_addr               
00000000  __TI_ATRegion1_region_sz              
00000000  __TI_ATRegion1_src_addr               
00000000  __TI_ATRegion1_trg_addr               
00000000  __TI_ATRegion2_region_sz              
00000000  __TI_ATRegion2_src_addr               
00000000  __TI_ATRegion2_trg_addr               
000073cc  __TI_CINIT_Base                       
000073dc  __TI_CINIT_Limit                      
000073dc  __TI_CINIT_Warm                       
000073b0  __TI_Handler_Table_Base               
000073bc  __TI_Handler_Table_Limit              
00006599  __TI_auto_init_nobinit_nopinit        
000059f1  __TI_decompress_lzss                  
00006c35  __TI_decompress_none                  
ffffffff  __TI_pprof_out_hndl                   
ffffffff  __TI_prof_data_size                   
ffffffff  __TI_prof_data_start                  
00000000  __TI_static_base__                    
00006b55  __TI_zero_init_nomemset               
0000474b  __addsf3                              
000066bd  __aeabi_f2iz                          
00006055  __aeabi_f2lz                          
0000474b  __aeabi_fadd                          
00005f91  __aeabi_fcmpeq                        
00005fcd  __aeabi_fcmpge                        
00005fe1  __aeabi_fcmpgt                        
00005fb9  __aeabi_fcmple                        
00005fa5  __aeabi_fcmplt                        
0000577d  __aeabi_fdiv                          
000055e1  __aeabi_fmul                          
00004741  __aeabi_fsub                          
00006521  __aeabi_i2f                           
00006171  __aeabi_idiv                          
0000541b  __aeabi_idiv0                         
00006171  __aeabi_idivmod                       
000057ff  __aeabi_ldiv0                         
00006c0d  __aeabi_ldivmod                       
00006a39  __aeabi_llsl                          
00006935  __aeabi_lmul                          
00006d31  __aeabi_memclr                        
00006d31  __aeabi_memclr4                       
00006d31  __aeabi_memclr8                       
00006dc5  __aeabi_memcpy                        
00006dc5  __aeabi_memcpy4                       
00006dc5  __aeabi_memcpy8                       
00006465  __aeabi_uidiv                         
00006465  __aeabi_uidivmod                      
00006c21  __aeabi_uldivmod                      
00006a39  __ashldi3                             
ffffffff  __binit__                             
000065d5  __cmpsf2                              
000064a5  __divmoddi4                           
0000577d  __divsf3                              
000065d5  __eqsf2                               
00006055  __fixsfdi                             
000066bd  __fixsfsi                             
00006521  __floatsisf                           
0000655d  __gesf2                               
0000655d  __gtsf2                               
000065d5  __lesf2                               
000065d5  __ltsf2                               
UNDEFED   __mpu_init                            
00006935  __muldi3                              
00006611  __muldsi3                             
000055e1  __mulsf3                              
000065d5  __nesf2                               
20207e00  __stack                               
20200000  __start___llvm_prf_bits               
20200000  __start___llvm_prf_cnts               
20200000  __stop___llvm_prf_bits                
20200000  __stop___llvm_prf_cnts                
00004741  __subsf3                              
00005241  __udivmoddi4                          
000068e9  _c_int00_noargs                       
UNDEFED   _system_post_cinit                    
00006ddf  _system_pre_init                      
00006dcd  abort                                 
ffffffff  binit                                 
20200000  g_appConfig                           
202000d0  g_appRuntime                          
20200278  g_carStateDebug                       
2020017c  g_headingRuntime                      
20200108  g_imuRuntime                          
20200279  g_keyEvent                            
2020027a  g_oledPageDebug                       
2020027b  g_paramItemDebug                      
2020027c  g_trackBlackCount                     
20200254  g_trackError                          
2020027d  g_trackModeDebug                      
2020027e  g_trackRaw                            
2020027f  g_trackTurnDebug                      
00000000  interruptVectors                      
000050f5  main                                  
00005381  memcpy                                
00005ff3  memset                                


GLOBAL SYMBOLS: SORTED BY Symbol Address 

address   name                                  
-------   ----                                  
00000000  __TI_ATRegion0_region_sz              
00000000  __TI_ATRegion0_src_addr               
00000000  __TI_ATRegion0_trg_addr               
00000000  __TI_ATRegion1_region_sz              
00000000  __TI_ATRegion1_src_addr               
00000000  __TI_ATRegion1_trg_addr               
00000000  __TI_ATRegion2_region_sz              
00000000  __TI_ATRegion2_src_addr               
00000000  __TI_ATRegion2_trg_addr               
00000000  __TI_static_base__                    
00000000  interruptVectors                      
000000c1  OledUi_Update_20ms                    
00000200  __STACK_SIZE                          
00000865  CarController_Update_20ms             
00001565  Imu_Init                              
0000183d  Gimbal_PitchTick100us                 
00001dd1  Menu_HandleKeyEvent                   
00002069  AppConfig_LimitAll                    
000022f1  ObstacleAvoidance_Update_20ms         
00002569  OLED_Clear                            
000027bd  Gimbal_YawUpdate5ms                   
000029e9  Imu_CalibrateGyroBias                 
00002bfd  MotionAction_Update_20ms              
00003189  Ultrasonic_Tick100us                  
00003329  GimbalStepper_Tick100us               
000034bd  Gimbal_PitchMoveRelativeDeg           
00003649  GimbalStepper_MoveToEstimatedSteps    
000037c5  Key_Update_20ms                       
00003939  Gimbal_PitchRelease                   
00003aa1  Gimbal_PitchStopHold                  
00003c09  HeadingControl_Update                 
00003d69  Gimbal_PitchUpdate5ms                 
00003eb9  MotionAction_Start                    
00003ff9  OLED_PrintInt16                       
00004135  Imu_Update                            
00004395  MissionManager_Update_20ms            
0000448d  MissionManager_SelectNext             
00004669  MissionManager_SelectPrevious         
00004741  __aeabi_fsub                          
00004741  __subsf3                              
0000474b  __addsf3                              
0000474b  __aeabi_fadd                          
00004819  OLED_Init                             
000048ed  OLED_PrintChar                        
000049bd  Gimbal_PitchInit                      
00004a89  App_Update_20ms                       
00004b4d  SYSCFG_DL_GPIO_init                   
00004c0d  ObstacleSafety_Update_20ms            
00004cc9  AppConfig_InitDefault                 
00004d81  GimbalStepper_StopHold                
00004e35  Gimbal_YawMoveRelativeDeg             
00004ee9  GimbalStepper_Init                    
00004f99  Motor_SetSpeed                        
00005049  MissionLibrary_Validate               
000050f3  ADC0_IRQHandler                       
000050f3  ADC1_IRQHandler                       
000050f3  AES_IRQHandler                        
000050f3  CANFD0_IRQHandler                     
000050f3  DAC0_IRQHandler                       
000050f3  DMA_IRQHandler                        
000050f3  Default_Handler                       
000050f3  GROUP0_IRQHandler                     
000050f3  HardFault_Handler                     
000050f3  I2C0_IRQHandler                       
000050f3  I2C1_IRQHandler                       
000050f3  NMI_Handler                           
000050f3  PendSV_Handler                        
000050f3  RTC_IRQHandler                        
000050f3  SPI0_IRQHandler                       
000050f3  SPI1_IRQHandler                       
000050f3  SVC_Handler                           
000050f3  TIMA0_IRQHandler                      
000050f3  TIMA1_IRQHandler                      
000050f3  TIMG0_IRQHandler                      
000050f3  TIMG12_IRQHandler                     
000050f3  TIMG6_IRQHandler                      
000050f3  TIMG7_IRQHandler                      
000050f3  TIMG8_IRQHandler                      
000050f3  UART0_IRQHandler                      
000050f3  UART1_IRQHandler                      
000050f3  UART2_IRQHandler                      
000050f3  UART3_IRQHandler                      
000050f5  main                                  
0000519d  Gimbal_YawEnableWorldLock             
00005241  __udivmoddi4                          
000052e3  TrackSensor_Init                      
000052e5  ObstacleMonitor_Update_20ms           
00005381  memcpy                                
0000541b  __aeabi_idiv0                         
0000541d  CarController_StartSeekLine           
0000554d  CarController_StartDriveHeading       
000055e1  __aeabi_fmul                          
000055e1  __mulsf3                              
0000566d  CarController_StartTurnToYawRelative  
000056f5  Gimbal_YawToggleWorldLock             
0000577d  __aeabi_fdiv                          
0000577d  __divsf3                              
000057ff  __aeabi_ldiv0                         
00005801  CarController_Init                    
0000587d  CarController_ResetRuntime            
000058f9  CarController_StartFollowLine         
00005975  Gimbal_YawStopHold                    
000059f1  __TI_decompress_lzss                  
00005ae5  CarController_StartTurnRight90        
00005b59  SysTick_Handler                       
00005bcd  CarController_StartTurnLeft90         
00005c3d  GimbalStepper_Release                 
00005cad  Gimbal_YawInit                        
00005d1d  TrackSensor_DetectTurn                
00005d8d  Encoder_HandleGpioInterrupt           
00005df9  MissionManager_GetSelectedMissionIndex
00005e61  TrackSensor_GetErrorFromRaw           
00005ec9  Menu_GetParamValue                    
00005f2d  App_Init                              
00005f91  __aeabi_fcmpeq                        
00005fa5  __aeabi_fcmplt                        
00005fb9  __aeabi_fcmple                        
00005fcd  __aeabi_fcmpge                        
00005fe1  __aeabi_fcmpgt                        
00005ff3  memset                                
00006055  __aeabi_f2lz                          
00006055  __fixsfdi                             
000060b5  OLED_PrintBinary7                     
00006115  Ultrasonic_Update_20ms                
00006171  __aeabi_idiv                          
00006171  __aeabi_idivmod                       
000061c9  TrackSensor_ReadRaw                   
0000621d  CarController_SetSafetyHold           
0000626d  Motor_PwmTick100us                    
000062bd  Ultrasonic_Init                       
0000630d  Gimbal_YawRelease                     
00006359  MissionManager_Init                   
000063a1  Servo_Tick100us                       
000063e5  MissionManager_Start                  
00006425  SYSCFG_DL_SYSCTL_init                 
00006465  __aeabi_uidiv                         
00006465  __aeabi_uidivmod                      
000064a5  __divmoddi4                           
000064e5  Servo_SetAngleDeg                     
00006521  __aeabi_i2f                           
00006521  __floatsisf                           
0000655d  __gesf2                               
0000655d  __gtsf2                               
00006599  __TI_auto_init_nobinit_nopinit        
000065d5  __cmpsf2                              
000065d5  __eqsf2                               
000065d5  __lesf2                               
000065d5  __ltsf2                               
000065d5  __nesf2                               
00006611  __muldsi3                             
0000664d  MotionAction_ReapplyControllerTarget  
00006685  Motor_Init                            
000066bd  __aeabi_f2iz                          
000066bd  __fixsfsi                             
000066f5  OLED_SetCursor                        
00006729  OLED_PrintString                      
0000675d  Key_Init                              
0000678d  MissionManager_Cancel                 
000067bd  MissionManager_Reset                  
000067ed  Motor_Stop                            
00006819  SYSCFG_DL_initPower                   
00006845  TrackSensor_CountBlack                
00006871  Gimbal_PitchGetFeedback               
00006899  Servo_Init                            
000068e9  _c_int00_noargs                       
00006911  Encoder_Reset                         
00006935  __aeabi_lmul                          
00006935  __muldi3                              
00006959  CarController_Stop                    
00006979  MissionManager_Pause                  
00006999  MissionManager_Resume                 
000069b9  MotionAction_GetCurrentBypassDirection
000069d9  MotionAction_GetCurrentObstaclePolicy 
000069f9  ObstacleAvoidance_Init                
00006a39  __aeabi_llsl                          
00006a39  __ashldi3                             
00006a59  Imu_IsReady                           
00006a75  ObstacleMonitor_Init                  
00006a91  ObstacleSafety_Init                   
00006aad  CarController_RunModeToString         
00006ac5  HeadingControl_LockCurrentYaw         
00006add  HeadingControl_SetTargetYaw           
00006af5  Menu_ParamItemToString                
00006b0d  MissionLibrary_FindById               
00006b25  MotionAction_Cancel                   
00006b3d  MotionAction_Init                     
00006b55  __TI_zero_init_nomemset               
00006b6d  GROUP1_IRQHandler                     
00006b81  GimbalStepper_SetStepHalfPeriodTicks  
00006b95  HeadingControl_Enable                 
00006ba9  HeadingControl_Init                   
00006bbd  HeadingControl_Reset                  
00006bd1  Menu_Init                             
00006be5  MissionLibrary_GetByIndex             
00006bf9  MissionManager_GetSelectedMissionId   
00006c0d  __aeabi_ldivmod                       
00006c21  __aeabi_uldivmod                      
00006c35  __TI_decompress_none                  
00006c49  Gimbal_YawGetFeedback                 
00006c59  Key_GetEvent                          
00006c69  ObstacleAvoidance_IsResumeGraceActive 
00006c79  SYSCFG_DL_init                        
00006c89  CarController_GetRunMode              
00006c95  CarState_Get                          
00006ca1  CarState_Init                         
00006cad  CarState_Set                          
00006cb9  Imu_GetCorrectedGyroZDps              
00006cc5  Imu_GetYaw                            
00006cd1  Imu_ResetYaw                          
00006cdd  Menu_GetPage                          
00006ce9  Menu_GetParamItem                     
00006cf5  MissionManager_SetExternalHold        
00006d01  ObstacleAvoidance_IsActive            
00006d0d  ObstacleAvoidance_IsFailed            
00006d19  ObstacleSafety_IsHolding              
00006d25  OledUi_Init                           
00006d31  __aeabi_memclr                        
00006d31  __aeabi_memclr4                       
00006d31  __aeabi_memclr8                       
00006d3d  DL_Common_delayCycles                 
00006d47  TrackSensor_IsCenterDetected          
00006d51  TrackSensor_IsLineDetected            
00006d5b  TrackSensor_IsLineLost                
00006d65  CarController_GetFeedback             
00006d6d  GimbalStepper_GetFeedback             
00006d75  Gimbal_YawTick100us                   
00006d7d  HeadingControl_GetRuntime             
00006d85  Imu_GetRuntime                        
00006d8d  MissionManager_GetMissionCount        
00006d95  MissionManager_GetRuntime             
00006d9d  MotionAction_GetRuntime               
00006da5  ObstacleAvoidance_GetFeedback         
00006dad  ObstacleMonitor_GetFeedback           
00006db5  Servo_GetFeedback                     
00006dbd  Ultrasonic_GetFeedback                
00006dc5  __aeabi_memcpy                        
00006dc5  __aeabi_memcpy4                       
00006dc5  __aeabi_memcpy8                       
00006dcd  abort                                 
00006dd2  C$$EXIT                               
00006dd3  HOSTexit                              
00006dd7  MissionLibrary_GetCount               
00006ddb  Reset_Handler                         
00006ddf  _system_pre_init                      
000073b0  __TI_Handler_Table_Base               
000073bc  __TI_Handler_Table_Limit              
000073cc  __TI_CINIT_Base                       
000073dc  __TI_CINIT_Limit                      
000073dc  __TI_CINIT_Warm                       
20200000  __start___llvm_prf_bits               
20200000  __start___llvm_prf_cnts               
20200000  __stop___llvm_prf_bits                
20200000  __stop___llvm_prf_cnts                
20200000  g_appConfig                           
202000d0  g_appRuntime                          
20200108  g_imuRuntime                          
2020017c  g_headingRuntime                      
20200254  g_trackError                          
20200278  g_carStateDebug                       
20200279  g_keyEvent                            
2020027a  g_oledPageDebug                       
2020027b  g_paramItemDebug                      
2020027c  g_trackBlackCount                     
2020027d  g_trackModeDebug                      
2020027e  g_trackRaw                            
2020027f  g_trackTurnDebug                      
20207e00  __stack                               
20208000  __STACK_END                           
ffffffff  __TI_pprof_out_hndl                   
ffffffff  __TI_prof_data_size                   
ffffffff  __TI_prof_data_start                  
ffffffff  __binit__                             
ffffffff  binit                                 
UNDEFED   __mpu_init                            
UNDEFED   _system_post_cinit                    

[275 symbols]
