******************************************************************************
            TI ARM Clang Linker PC v4.0.4                      
******************************************************************************
>> Linked Thu Jul 23 17:56:01 2026

OUTPUT FILE NAME:   <diansaikaishi.out>
ENTRY POINT SYMBOL: "_c_int00_noargs"  address: 0000fed1


MEMORY CONFIGURATION

         name            origin    length      used     unused   attr    fill
----------------------  --------  ---------  --------  --------  ----  --------
  FLASH                 00000000   00020000  000112f8  0000ed08  R  X
  SRAM                  20200000   00008000  00000e4e  000071b2  RW X
  BCR_CONFIG            41c00000   000000ff  00000000  000000ff  R   
  BSL_CONFIG            41c00100   00000080  00000000  00000080  R   


SEGMENT ALLOCATION MAP

run origin  load origin   length   init length attrs members
----------  ----------- ---------- ----------- ----- -------
00000000    00000000    000112f8   000112f8    r-x
  00000000    00000000    000000c0   000000c0    r-- .intvecs
  000000c0    000000c0    000106a0   000106a0    r-x .text
  00010760    00010760    00000b68   00000b68    r-- .rodata
  000112c8    000112c8    00000030   00000030    r-- .cinit
20200000    20200000    00000c4e   00000000    rw-
  20200000    20200000    00000c4d   00000000    rw- .bss
  20200c4d    20200c4d    00000001   00000000    rw- .data
20207e00    20207e00    00000200   00000000    rw-
  20207e00    20207e00    00000200   00000000    rw- .stack


SECTION ALLOCATION MAP

 output                                  attributes/
section   page    origin      length       input sections
--------  ----  ----------  ----------   ----------------
.intvecs   0    00000000    000000c0     
                  00000000    000000c0     startup_mspm0g350x_ticlang.o (.intvecs)

.text      0    000000c0    000106a0     
                  000000c0    0000201c     oled_ui.o (.text.OledUi_Update_20ms)
                  000020dc    00001dd4     vision_tuning_console.o (.text.VisionTuningConsole_Process)
                  00003eb0    000004f0     line_controller.o (.text.LineController_Update)
                  000043a0    0000047c     gimbal_tracker.o (.text.GimbalTracker_Update)
                  0000481c    00000448     motor_control.o (.text.update_wheel)
                  00004c64    0000041c     wheel_speed_estimator.o (.text.WheelSpeedEstimator_Update)
                  00005080    000003c8     app_config.o (.text.AppConfig_LimitAll)
                  00005448    000003b0     vision_receiver.o (.text.VisionReceiver_Process)
                  000057f8    00000388     gimbal_vision_yaw_tracker.o (.text.GimbalVisionYawTracker_Update10ms)
                  00005b80    0000037c     menu.o (.text.Menu_HandleKeyEvent)
                  00005efc    00000370     gimbal.o (.text.gimbal_update_feedback)
                  0000626c    00000340     obstacle_avoidance.o (.text.ObstacleAvoidance_Update_20ms)
                  000065ac    00000310     vision_tuning_console.o (.text.append_scaled)
                  000068bc    00000304     runtime_snapshot.o (.text.RuntimeSnapshot_Update)
                  00006bc0    000002f0     imu.o (.text.mpu6050_read_regs)
                  00006eb0    000002d8     imu.o (.text.Imu_Init)
                  00007188    000002a8     gimbal_tracker.o (.text.update_feedback)
                  00007430    00000298     gimbal.o (.text.Gimbal_YawSetWrappedTargetDeg)
                  000076c8    00000294     gimbal.o (.text.Gimbal_YawUpdate5ms)
                  0000795c    00000290     gimbal.o (.text.Gimbal_PitchSetTrackingSpeedDegS)
                  00007bec    00000288     motor_control.o (.text.MotorControl_Update)
                  00007e74    00000278     car_controller.o (.text.handle_turn_to_yaw)
                  000080ec    00000260     gimbal.o (.text.gimbal_pitch_set_target_steps)
                  0000834c    00000254     oled.o (.text.OLED_Clear)
                  000085a0    00000238     gimbal.o (.text.gimbal_pitch_update_feedback)
                  000087d8    00000234     motion_action.o (.text.MotionAction_Update_20ms)
                  00008a0c    00000228     gimbal_vision_pitch_tracker.o (.text.GimbalVisionPitchTracker_Update10ms)
                  00008c34    00000214     imu.o (.text.Imu_CalibrateGyroBias)
                  00008e48    00000204     motor.o (.text.Motor_SetSpeed)
                  0000904c    000001f4     vision_protocol.o (.text.VisionProtocol_ParseV1TargetFrame)
                  00009240    000001e4     motor_control.o (.text.config_is_valid)
                  00009424    000001cc     imu.o (.text.imu_i2c_write_byte)
                  000095f0    000001bc     gimbal.o (.text.Gimbal_PitchUpdate5ms)
                  000097ac    000001b8     oled.o (.text.oled_i2c_write_byte)
                  00009964    000001a0     ultrasonic.o (.text.Ultrasonic_Tick100us)
                  00009b04    00000194     app_config.o (.text.AppConfig_InitDefault)
                  00009c98    00000194     gimbal_stepper.o (.text.GimbalStepper_Tick100us)
                  00009e2c    00000188     gimbal_vision_yaw_tracker.o (.text.GimbalVisionYawTracker_Enable)
                  00009fb4    00000180     gimbal.o (.text.Gimbal_PitchTick100us)
                  0000a134    0000017c     gimbal_stepper.o (.text.GimbalStepper_MoveToEstimatedSteps)
                  0000a2b0    00000174     key.o (.text.Key_Update_20ms)
                  0000a424    0000016c     gimbal.o (.text.Gimbal_Init)
                  0000a590    00000168     empty.o (.text.main)
                  0000a6f8    00000164     heading_control.o (.text.HeadingControl_Update)
                  0000a85c    00000160     gimbal.o (.text.gimbal_yaw_set_target_x10)
                  0000a9bc    00000160     car_controller.o (.text.handle_lost_recover)
                  0000ab1c    00000158     vision_tuning_console.o (.text.send_parameter_reply)
                  0000ac74    00000158     vision_tuning_console.o (.text.send_yaw_parameter_reply)
                  0000adcc    00000154     car_controller.o (.text.handle_seek_line)
                  0000af20    00000150     car_controller.o (.text.CarController_Update_20ms)
                  0000b070    0000013c     oled.o (.text.OLED_PrintInt16)
                  0000b1ac    00000134     imu.o (.text.Imu_Update)
                  0000b2e0    00000134     car_controller.o (.text.handle_drive_heading)
                  0000b414    0000012c     imu.o (.text.imu_i2c_recover_bus)
                  0000b540    00000128     app.o (.text.App_Update_20ms)
                  0000b668    00000128     gimbal.o (.text.Gimbal_YawEnableWorldLock)
                  0000b790    00000128     motion_action.o (.text.MotionAction_Start)
                  0000b8b8    00000124     vision_tuning_console.o (.text.send_simple_reply)
                  0000b9dc    00000124     gimbal_vision_yaw_tracker.o (.text.sync_target_from_yaw)
                  0000bb00    0000011c     line_controller.o (.text.LineController_Reset)
                  0000bc1c    0000010c     car_controller.o (.text.handle_follow_line)
                  0000bd28    00000108     car_controller.o (.text.handle_turn_90)
                  0000be30    00000104     driverlib.a : dl_timer.o (.text.DL_Timer_initFourCCPWMMode)
                  0000bf34    00000104     line_controller.o (.text.LineController_ResetControlState)
                  0000c038    00000100     motor_control.o (.text.MotorControl_SetNormalizedTarget)
                  0000c138    000000fc     gimbal.o (.text.Gimbal_PitchRelease)
                  0000c234    000000fc     mission_manager.o (.text.MissionManager_Update_20ms)
                  0000c330    000000fc     empty.o (.text.SysTick_Handler)
                  0000c42c    000000f8     line_controller.o (.text.LineController_Init)
                  0000c524    000000f0     gimbal.o (.text.Gimbal_PitchStopHold)
                  0000c614    000000f0     mission_manager.o (.text.MissionManager_SelectNext)
                  0000c704    000000ec     gimbal_tracker.o (.text.sync_targets_from_gimbal)
                  0000c7f0    000000e8     vision_protocol.o (.text.fields_are_valid)
                  0000c8d8    000000e0     obstacle_safety.o (.text.ObstacleSafety_Update_20ms)
                  0000c9b8    000000dc     gimbal.o (.text.Gimbal_PitchConfirmZero)
                  0000ca94    000000dc     ti_msp_dl_config.o (.text.SYSCFG_DL_GPIO_init)
                  0000cb70    000000dc     oled_ui.o (.text.print_tuning_change_value)
                  0000cc4c    000000d8     mission_manager.o (.text.MissionManager_SelectPrevious)
                  0000cd24    000000d8     oled.o (.text.OLED_PrintUInt16)
                  0000cdfc    000000d8     wheel_speed_estimator.o (.text.WheelSpeedEstimator_Init)
                  0000ced4    000000d8     menu.o (.text.menu_adjust_param)
                  0000cfac    000000d8     libclang_rt.builtins.a : addsf3.S.obj (.text)
                  0000d084    000000d4     oled.o (.text.OLED_Init)
                  0000d158    000000d0     oled.o (.text.OLED_PrintChar)
                  0000d228    000000c8     fault.o (.text.FaultCode_ToShortString)
                  0000d2f0    000000c8     gimbal.o (.text.Gimbal_YawConfirmZero)
                  0000d3b8    000000c0     car_controller.o (.text.CarController_StartSeekLine)
                  0000d478    000000bc     car_controller.o (.text.CarController_StartTurnToYawRelative)
                  0000d534    000000b4     car_controller.o (.text.CarController_StartDriveHeading)
                  0000d5e8    000000b4     gimbal_stepper.o (.text.GimbalStepper_StopHold)
                  0000d69c    000000b4     gimbal_vision_adapter.o (.text.GimbalVisionAdapter_Update)
                  0000d750    000000b0     gimbal_stepper.o (.text.GimbalStepper_Init)
                  0000d800    000000b0     gimbal.o (.text.Gimbal_PitchMoveRelativeDeg)
                  0000d8b0    000000a8     gimbal_vision_pitch_tracker.o (.text.GimbalVisionPitchTracker_Enable)
                  0000d958    000000a4     encoder.o (.text.Encoder_HandleGpioInterrupt)
                  0000d9fc    000000a4     gimbal_vision_yaw_tracker.o (.text.wrap_deg_360)
                  0000daa0    000000a2     libclang_rt.builtins.a : udivmoddi4.S.obj (.text)
                  0000db42    00000002     startup_mspm0g350x_ticlang.o (.text.Default_Handler)
                  0000db44    0000009c     car_controller.o (.text.CarController_StartFollowLine)
                  0000dbe0    0000009c     obstacle_monitor.o (.text.ObstacleMonitor_Update_20ms)
                  0000dc7c    0000009a     libc.a : memcpy16.S.obj (.text:memcpy)
                  0000dd16    00000002     track_sensor.o (.text.TrackSensor_Init)
                  0000dd18    00000098     imu.o (.text.mpu6050_write_reg)
                  0000ddb0    00000090     car_controller.o (.text.CarController_Init)
                  0000de40    00000090     car_controller.o (.text.CarController_StartTurnRight90)
                  0000ded0    0000008c     car_controller.o (.text.CarController_ResetRuntime)
                  0000df5c    0000008c     car_controller.o (.text.CarController_StartTurnLeft90)
                  0000dfe8    0000008c     gimbal.o (.text.Gimbal_YawDisableWorldLock)
                  0000e074    0000008c     gimbal.o (.text.Gimbal_YawStopHold)
                  0000e100    0000008c     ti_msp_dl_config.o (.text.SYSCFG_DL_PWM_MOTOR_init)
                  0000e18c    0000008c     libclang_rt.builtins.a : mulsf3.S.obj (.text.__mulsf3)
                  0000e218    00000008     car_controller.o (.text.CarController_GetFeedback)
                  0000e220    00000088     libc.a : strcmp-armv6m.S.obj (.text:strcmp)
                  0000e2a8    00000084     gimbal_stepper.o (.text.GimbalStepper_ConfirmZero)
                  0000e32c    00000084     gimbal_tracker.o (.text.GimbalTracker_PushObservation)
                  0000e3b0    00000084     motor.o (.text.Motor_Init)
                  0000e434    00000082     app.o (.text.App_Init)
                  0000e4b6    00000082     mission_library.o (.text.MissionLibrary_Validate)
                  0000e538    00000082     libclang_rt.builtins.a : divsf3.S.obj (.text.__divsf3)
                  0000e5ba    00000002                            : aeabi_div0.c.obj (.text.__aeabi_idiv0)
                  0000e5bc    00000080     gimbal_tracker.o (.text.GimbalTracker_Init)
                  0000e63c    00000080     motor.o (.text.Motor_Stop)
                  0000e6bc    0000007c     car_controller.o (.text.CarController_SetSafetyHold)
                  0000e738    0000007c     vision_pitch_tuning.o (.text.VisionPitchTuning_Set)
                  0000e7b4    0000007c     libc.a : copy_decompress_lzss.c.obj (.text:decompress:lzss)
                  0000e830    00000078     oled.o (.text.oled_write_command)
                  0000e8a8    00000074     motor_control.o (.text.latch_control_error)
                  0000e91c    00000070     gimbal_stepper.o (.text.GimbalStepper_Release)
                  0000e98c    00000070     menu.o (.text.Menu_GetParamValue)
                  0000e9fc    00000070     ti_msp_dl_config.o (.text.SYSCFG_DL_UART_VISION_init)
                  0000ea6c    00000070     vision_yaw_tuning.o (.text.VisionYawTuning_Set)
                  0000eadc    0000006e     track_sensor.o (.text.TrackSensor_DetectTurn)
                  0000eb4a    00000002     libclang_rt.builtins.a : aeabi_div0.c.obj (.text.__aeabi_ldiv0)
                  0000eb4c    0000006c     gimbal_vision_yaw_tracker.o (.text.GimbalVisionYawTracker_Init)
                  0000ebb8    00000068     mission_manager.o (.text.MissionManager_GetSelectedMissionIndex)
                  0000ec20    00000066     track_sensor.o (.text.TrackSensor_GetErrorFromRaw)
                  0000ec86    00000002     --HOLE-- [fill = 0]
                  0000ec88    00000064     gimbal.o (.text.Gimbal_YawRelease)
                  0000ecec    00000062     libclang_rt.builtins.a : aeabi_fcmp.S.obj (.text.__aeabi_fcmp)
                  0000ed4e    00000062     libc.a : memset16.S.obj (.text:memset)
                  0000edb0    00000060     gimbal_tracker.o (.text.GimbalTracker_Enable)
                  0000ee10    00000060     gimbal_tracker.o (.text.GimbalTracker_GetFeedback)
                  0000ee70    00000060     vision_tuning_console.o (.text.VisionTuningConsole_Init)
                  0000eed0    00000060     libclang_rt.builtins.a : fixsfdi.S.obj (.text.__fixsfdi)
                  0000ef30    00000060     motion_action.o (.text.motion_action_resolve_yaw_target)
                  0000ef90    0000005c     vision_uart.o (.text.UART3_IRQHandler)
                  0000efec    0000005c     ultrasonic.o (.text.Ultrasonic_Update_20ms)
                  0000f048    0000005c     obstacle_avoidance.o (.text.avoid_fail)
                  0000f0a4    00000058     gimbal.o (.text.Gimbal_YawMoveRelativeDeg)
                  0000f0fc    00000056     libclang_rt.builtins.a : aeabi_idivmod.S.obj (.text.__aeabi_idivmod)
                  0000f152    00000002     --HOLE-- [fill = 0]
                  0000f154    00000054     track_sensor.o (.text.TrackSensor_ReadRaw)
                  0000f1a8    00000054     gimbal_vision_yaw_tracker.o (.text.float_to_scaled_i16)
                  0000f1fc    00000054     gimbal_vision_yaw_tracker.o (.text.stop_owned_tracking)
                  0000f250    00000050     mission_manager.o (.text.MissionManager_Start)
                  0000f2a0    00000050     ultrasonic.o (.text.Ultrasonic_Init)
                  0000f2f0    00000050     watchdog_monitor.o (.text.WatchdogMonitor_ApplyFaultIfNeeded)
                  0000f340    0000004e     libclang_rt.builtins.a : floatdisf.S.obj (.text.__floatdisf)
                  0000f38e    00000002     --HOLE-- [fill = 0]
                  0000f390    0000004c     motor_control.o (.text.MotorControl_Stop)
                  0000f3dc    0000004c     watchdog_monitor.o (.text.WatchdogMonitor_Tick1msFromIsr)
                  0000f428    0000004a     obstacle_avoidance.o (.text.avoid_can_start)
                  0000f472    00000002     --HOLE-- [fill = 0]
                  0000f474    00000048     driverlib.a : dl_uart.o (.text.DL_UART_init)
                  0000f4bc    00000048     mission_manager.o (.text.MissionManager_Init)
                  0000f504    00000048     motion_action.o (.text.MotionAction_ReapplyControllerTarget)
                  0000f54c    00000044     encoder.o (.text.Encoder_GetAndClearPulseDeltas)
                  0000f590    00000044     servo.o (.text.Servo_Tick100us)
                  0000f5d4    00000040     emergency_stop.o (.text.EmergencyStop_Reset)
                  0000f614    00000040     gimbal_vision_pitch_tracker.o (.text.GimbalVisionPitchTracker_Init)
                  0000f654    00000040     ti_msp_dl_config.o (.text.SYSCFG_DL_SYSCTL_init)
                  0000f694    00000040     ti_msp_dl_config.o (.text.SYSCFG_DL_initPower)
                  0000f6d4    00000040     vision_receiver.o (.text.VisionReceiver_PushByteFromIsr)
                  0000f714    00000040     libclang_rt.builtins.a : aeabi_uidivmod.S.obj (.text.__aeabi_uidivmod)
                  0000f754    0000003e                            : divmoddi4.c.obj (.text.__divmoddi4)
                  0000f792    00000002     --HOLE-- [fill = 0]
                  0000f794    0000003c     gimbal_tracker.o (.text.GimbalTracker_ClearObservation)
                  0000f7d0    0000003c     servo.o (.text.Servo_SetAngleDeg)
                  0000f80c    0000003c     vision_tuning_console.o (.text.VisionTuningConsole_PushByteFromIsr)
                  0000f848    0000003c     libclang_rt.builtins.a : floatsisf.S.obj (.text.__floatsisf)
                  0000f884    0000003c                            : comparesf2.S.obj (.text.__gtsf2)
                  0000f8c0    0000003c     libc.a : autoinit.c.obj (.text:__TI_auto_init_nobinit_nopinit)
                  0000f8fc    0000003a     libclang_rt.builtins.a : comparesf2.S.obj (.text.__eqsf2)
                  0000f936    00000002     --HOLE-- [fill = 0]
                  0000f938    0000003a                            : muldsi3.S.obj (.text.__muldsi3)
                  0000f972    00000002     --HOLE-- [fill = 0]
                  0000f974    00000038     vision_receiver.o (.text.VisionReceiver_Init)
                  0000f9ac    00000038     libclang_rt.builtins.a : fixsfsi.S.obj (.text.__fixsfsi)
                  0000f9e4    00000034     emergency_stop.o (.text.EmergencyStop_Trigger)
                  0000fa18    00000034     mission_manager.o (.text.MissionManager_Cancel)
                  0000fa4c    00000034     oled.o (.text.OLED_SetCursor)
                  0000fa80    00000034     vision_tuning_console.o (.text.VisionTuningConsole_TryPopTxByte)
                  0000fab4    00000034     vision_uart.o (.text.VisionUart_Process)
                  0000fae8    00000034     obstacle_avoidance.o (.text.avoid_start)
                  0000fb1c    00000032     oled.o (.text.OLED_PrintString)
                  0000fb4e    00000002     --HOLE-- [fill = 0]
                  0000fb50    00000030     fault.o (.text.Fault_Raise)
                  0000fb80    00000030     gimbal_vision_yaw_tracker.o (.text.GimbalVisionYawTracker_GetFeedback)
                  0000fbb0    00000030     gimbal.o (.text.Gimbal_PitchGetFeedback)
                  0000fbe0    00000030     key.o (.text.Key_Init)
                  0000fc10    00000030     line_controller.o (.text.LineController_ObserveSensors)
                  0000fc40    00000030     mission_manager.o (.text.MissionManager_Reset)
                  0000fc70    00000030     mission_manager.o (.text.MissionManager_Resume)
                  0000fca0    00000030     vision_pitch_tuning.o (.text.VisionPitchTuning_RestoreDefault)
                  0000fcd0    00000030     watchdog_monitor.o (.text.WatchdogMonitor_Init)
                  0000fd00    00000030     gimbal_vision_yaw_tracker.o (.text.refresh_yaw_feedback)
                  0000fd30    0000002c     encoder.o (.text.Encoder_Reset)
                  0000fd5c    0000002c     track_sensor.o (.text.TrackSensor_CountBlack)
                  0000fd88    0000002c     vision_yaw_tuning.o (.text.VisionYawTuning_RestoreDefault)
                  0000fdb4    0000002c     gimbal_vision_pitch_tracker.o (.text.speed_to_x10)
                  0000fde0    00000028     obstacle_avoidance.o (.text.ObstacleAvoidance_Init)
                  0000fe08    00000028     servo.o (.text.Servo_Init)
                  0000fe30    00000028     vision_pitch_tuning.o (.text.VisionPitchTuning_Init)
                  0000fe58    00000028     watchdog_monitor.o (.text.WatchdogMonitor_Reset)
                  0000fe80    00000028     libclang_rt.builtins.a : floatunsisf.S.obj (.text.__floatunsisf)
                  0000fea8    00000028     libc.a : memmov.c.obj (.text.memmove)
                  0000fed0    00000028            : boot_cortex_m.c.obj (.text:_c_int00_noargs)
                  0000fef8    00000024     car_controller.o (.text.CarController_Stop)
                  0000ff1c    00000024     emergency_stop.o (.text.EmergencyStop_Enforce)
                  0000ff40    00000024     gimbal_vision_pitch_tracker.o (.text.GimbalVisionPitchTracker_GetFeedback)
                  0000ff64    00000024     mission_manager.o (.text.MissionManager_ReportExternalFailure)
                  0000ff88    00000024     motor_control.o (.text.MotorControl_Init)
                  0000ffac    00000024     motor_control.o (.text.MotorControl_Reset)
                  0000ffd0    00000024     ti_msp_dl_config.o (.text.SYSCFG_DL_init)
                  0000fff4    00000024     vision_yaw_tuning.o (.text.VisionYawTuning_Init)
                  00010018    00000024     libclang_rt.builtins.a : muldi3.S.obj (.text.__muldi3)
                  0001003c    00000020     driverlib.a : dl_timer.o (.text.DL_Timer_overrideCCPOut)
                  0001005c    00000020     debug_telemetry.o (.text.DebugTelemetry_Update)
                  0001007c    00000020     mission_manager.o (.text.MissionManager_Pause)
                  0001009c    00000020     motion_action.o (.text.MotionAction_GetCurrentBypassDirection)
                  000100bc    00000020     motion_action.o (.text.MotionAction_GetCurrentObstaclePolicy)
                  000100dc    00000020     motion_action.o (.text.MotionAction_Init)
                  000100fc    00000020     empty.o (.text.SchedulerMonitor_GetStats)
                  0001011c    00000020     vision_receiver.o (.text.VisionReceiver_GetProtocolErrorCount)
                  0001013c    00000020     menu.o (.text.menu_next_main_page)
                  0001015c    00000020     mission_manager.o (.text.mission_finish_error)
                  0001017c    0000001e     libclang_rt.builtins.a : ashldi3.S.obj (.text.__ashldi3)
                  0001019a    00000002     --HOLE-- [fill = 0]
                  0001019c    0000001c     driverlib.a : dl_timer.o (.text.DL_Timer_setCaptCompUpdateMethod)
                  000101b8    0000001c                 : dl_timer.o (.text.DL_Timer_setClockConfig)
                  000101d4    0000001c     gimbal_vision_adapter.o (.text.GimbalVisionAdapter_Init)
                  000101f0    0000001c     imu.o (.text.Imu_IsReady)
                  0001020c    0000001c     menu.o (.text.Menu_Init)
                  00010228    0000001c     obstacle_monitor.o (.text.ObstacleMonitor_Init)
                  00010244    0000001c     obstacle_safety.o (.text.ObstacleSafety_Init)
                  00010260    0000001c     vision_pitch_tuning.o (.text.VisionPitchTuning_ParamName)
                  0001027c    0000001c     vision_yaw_tuning.o (.text.VisionYawTuning_GetSnapshot)
                  00010298    0000001c     vision_yaw_tuning.o (.text.VisionYawTuning_ParamName)
                  000102b4    0000001c     watchdog_monitor.o (.text.WatchdogMonitor_NotifyControlCycleComplete)
                  000102d0    0000001c     mission_manager.o (.text.mission_finish_success)
                  000102ec    00000018     car_controller.o (.text.CarController_RunModeToString)
                  00010304    00000018     driverlib.a : dl_timer.o (.text.DL_Timer_setCaptureCompareOutCtl)
                  0001031c    00000018     debug_telemetry.o (.text.DebugTelemetry_Init)
                  00010334    00000018     heading_control.o (.text.HeadingControl_SetTargetYaw)
                  0001034c    00000018     menu.o (.text.Menu_ParamItemToString)
                  00010364    00000018     motion_action.o (.text.MotionAction_Cancel)
                  0001037c    00000018     runtime_snapshot.o (.text.RuntimeSnapshot_Init)
                  00010394    00000016     libclang_rt.builtins.a : comparesf2.S.obj (.text.__unordsf2)
                  000103aa    00000002     --HOLE-- [fill = 0]
                  000103ac    00000014     fault.o (.text.Fault_Clear)
                  000103c0    00000014     fault.o (.text.Fault_Init)
                  000103d4    00000014     empty.o (.text.GROUP1_IRQHandler)
                  000103e8    00000014     gimbal_stepper.o (.text.GimbalStepper_SetStepHalfPeriodTicks)
                  000103fc    00000014     heading_control.o (.text.HeadingControl_Enable)
                  00010410    00000014     heading_control.o (.text.HeadingControl_Init)
                  00010424    00000014     heading_control.o (.text.HeadingControl_Reset)
                  00010438    00000014     mission_library.o (.text.MissionLibrary_FindById)
                  0001044c    00000014     mission_library.o (.text.MissionLibrary_GetByIndex)
                  00010460    00000014     mission_manager.o (.text.MissionManager_GetSelectedMissionId)
                  00010474    00000014     vision_pitch_tuning.o (.text.VisionPitchTuning_GetSnapshot)
                  00010488    00000014     vision_uart.o (.text.VisionUart_Init)
                  0001049c    00000014     libclang_rt.builtins.a : aeabi_ldivmod.S.obj (.text.__aeabi_ldivmod)
                  000104b0    00000014                            : aeabi_uldivmod.S.obj (.text.__aeabi_uldivmod)
                  000104c4    00000012     driverlib.a : dl_uart.o (.text.DL_UART_setClockConfig)
                  000104d6    00000012     libc.a : copy_decompress_none.c.obj (.text:decompress:none)
                  000104e8    00000010     driverlib.a : dl_timer.o (.text.DL_Timer_setCaptureCompareValue)
                  000104f8    00000010     gimbal.o (.text.Gimbal_YawGetFeedback)
                  00010508    00000010     key.o (.text.Key_GetEvent)
                  00010518    00000010     obstacle_avoidance.o (.text.ObstacleAvoidance_IsResumeGraceActive)
                  00010528    00000010     libc.a : copy_zero_init.c.obj (.text:decompress:ZI)
                  00010538    0000000c     car_controller.o (.text.CarController_GetRunMode)
                  00010544    0000000c     car_controller.o (.text.CarController_IsSafetyHoldActive)
                  00010550    0000000c     car_state.o (.text.CarState_Get)
                  0001055c    0000000c     car_state.o (.text.CarState_Init)
                  00010568    0000000c     car_state.o (.text.CarState_Set)
                  00010574    0000000c     emergency_stop.o (.text.EmergencyStop_Init)
                  00010580    0000000c     emergency_stop.o (.text.EmergencyStop_IsActive)
                  0001058c    0000000c     gimbal_vision_adapter.o (.text.GimbalVisionAdapter_GetObservation)
                  00010598    0000000c     gimbal.o (.text.Gimbal_Tick100us)
                  000105a4    0000000c     gimbal.o (.text.Gimbal_Update5ms)
                  000105b0    0000000c     imu.o (.text.Imu_GetCorrectedGyroZDps)
                  000105bc    0000000c     imu.o (.text.Imu_GetYaw)
                  000105c8    0000000c     imu.o (.text.Imu_ResetYaw)
                  000105d4    0000000c     menu.o (.text.Menu_GetPage)
                  000105e0    0000000c     menu.o (.text.Menu_GetParamItem)
                  000105ec    0000000c     mission_manager.o (.text.MissionManager_IsExternallyHeld)
                  000105f8    0000000c     mission_manager.o (.text.MissionManager_SetExternalHold)
                  00010604    0000000c     obstacle_avoidance.o (.text.ObstacleAvoidance_IsActive)
                  00010610    0000000c     obstacle_avoidance.o (.text.ObstacleAvoidance_IsFailed)
                  0001061c    0000000c     obstacle_safety.o (.text.ObstacleSafety_IsHolding)
                  00010628    0000000c     oled_ui.o (.text.OledUi_Init)
                  00010634    0000000c     empty.o (.text.SystemTime_GetMs)
                  00010640    0000000c     watchdog_monitor.o (.text.WatchdogMonitor_HasTripped)
                  0001064c    0000000c     libclang_rt.builtins.a : aeabi_memset.S.obj (.text.__aeabi_memclr)
                  00010658    0000000a     driverlib.a : dl_common.o (.text.DL_Common_delayCycles)
                  00010662    0000000a     track_sensor.o (.text.TrackSensor_IsCenterDetected)
                  0001066c    0000000a     track_sensor.o (.text.TrackSensor_IsLineDetected)
                  00010676    0000000a     track_sensor.o (.text.TrackSensor_IsLineLost)
                  00010680    00000008     fault.o (.text.Fault_GetRecord)
                  00010688    00000008     gimbal_stepper.o (.text.GimbalStepper_GetFeedback)
                  00010690    00000008     gimbal_vision_adapter.o (.text.GimbalVisionAdapter_GetFeedback)
                  00010698    00000008     gimbal.o (.text.Gimbal_PitchStopTrackingHold)
                  000106a0    00000008     heading_control.o (.text.HeadingControl_GetRuntime)
                  000106a8    00000008     imu.o (.text.Imu_GetRuntime)
                  000106b0    00000008     line_controller.o (.text.LineController_GetRuntime)
                  000106b8    00000008     mission_manager.o (.text.MissionManager_GetMissionCount)
                  000106c0    00000008     mission_manager.o (.text.MissionManager_GetRuntime)
                  000106c8    00000008     motion_action.o (.text.MotionAction_GetRuntime)
                  000106d0    00000008     motor_control.o (.text.MotorControl_GetRuntime)
                  000106d8    00000008     obstacle_avoidance.o (.text.ObstacleAvoidance_GetFeedback)
                  000106e0    00000008     obstacle_monitor.o (.text.ObstacleMonitor_GetFeedback)
                  000106e8    00000008     servo.o (.text.Servo_GetFeedback)
                  000106f0    00000008     ultrasonic.o (.text.Ultrasonic_GetFeedback)
                  000106f8    00000008     vision_pitch_tuning.o (.text.VisionPitchTuning_GetStatus)
                  00010700    00000008     vision_receiver.o (.text.VisionReceiver_GetObservation)
                  00010708    00000008     vision_receiver.o (.text.VisionReceiver_GetStatus)
                  00010710    00000008     vision_tuning_console.o (.text.VisionTuningConsole_GetStatus)
                  00010718    00000008     watchdog_monitor.o (.text.WatchdogMonitor_GetStatus)
                  00010720    00000008     wheel_speed_estimator.o (.text.WheelSpeedEstimator_GetRuntime)
                  00010728    00000008     libclang_rt.builtins.a : aeabi_memcpy.S.obj (.text.__aeabi_memcpy)
                  00010730    00000008                            : aeabi_memmove.S.obj (.text.__aeabi_memmove)
                  00010738    00000006     libc.a : exit.c.obj (.text:abort)
                  0001073e    00000004     libsysbm.a : hostexit.c.obj (.text.HOSTexit)
                  00010742    00000004     mission_library.o (.text.MissionLibrary_GetCount)
                  00010746    00000004     startup_mspm0g350x_ticlang.o (.text.Reset_Handler)
                  0001074a    00000002     --HOLE-- [fill = 0]
                  0001074c    00000010     libc.a : boot_cortex_m.c.obj (.tramp._c_int00_noargs.1)
                  0001075c    00000004            : pre_init.c.obj (.text._system_pre_init)

.cinit     0    000112c8    00000030     
                  000112c8    0000000c     (__TI_handler_table)
                  000112d4    00000008     (.cinit..bss.load) [load image, compression = zero_init]
                  000112dc    00000005     (.cinit..data.load) [load image, compression = lzss]
                  000112e1    00000003     --HOLE-- [fill = 0]
                  000112e4    00000010     (__TI_cinit_table)
                  000112f4    00000004     --HOLE-- [fill = 0]

.rodata    0    00010760    00000b68     
                  00010760    000000d8     oled.o (.rodata..Lswitch.table.OLED_PrintChar)
                  00010838    000000a8     mission_library.o (.rodata.g_missionMapA)
                  000108e0    000000a8     mission_library.o (.rodata.g_missionMapB)
                  00010988    00000080     mission_library.o (.rodata.g_missionRegistry)
                  00010a08    00000078     mission_library.o (.rodata.g_missionMapC)
                  00010a80    00000078     mission_library.o (.rodata.g_missionTestRight90Turn)
                  00010af8    00000060     mission_library.o (.rodata.g_missionTestYawHeading)
                  00010b58    00000048     mission_library.o (.rodata.g_missionTestObstacleFixed)
                  00010ba0    00000048     mission_library.o (.rodata.g_missionTestSeekThenFollow)
                  00010be8    00000048     mission_library.o (.rodata.g_missionTestStopOnly)
                  00010c30    00000034     mission_library.o (.rodata..Lswitch.table.MissionLibrary_FindById)
                  00010c64    00000030     oled_ui.o (.rodata..Lswitch.table.OledUi_Update_20ms.170)
                  00010c94    00000024     menu.o (.rodata..Lswitch.table.Menu_ParamItemToString)
                  00010cb8    00000024     oled_ui.o (.rodata..Lswitch.table.OledUi_Update_20ms.174)
                  00010cdc    00000024     oled_ui.o (.rodata..Lswitch.table.OledUi_Update_20ms.176)
                  00010d00    00000020     oled_ui.o (.rodata..Lswitch.table.OledUi_Update_20ms.175)
                  00010d20    0000001c     car_controller.o (.rodata..Lswitch.table.CarController_RunModeToString)
                  00010d3c    0000001c     vision_tuning_console.o (.rodata.str1.1836208005852235077.1)
                  00010d58    00000018     oled_ui.o (.rodata..Lswitch.table.OledUi_Update_20ms.177)
                  00010d70    00000018     vision_pitch_tuning.o (.rodata..Lswitch.table.VisionPitchTuning_ParamName)
                  00010d88    00000014     vision_yaw_tuning.o (.rodata..Lswitch.table.VisionYawTuning_ParamName)
                  00010d9c    0000000e     oled_ui.o (.rodata.str1.10416366799939242409.1)
                  00010daa    00000002     ti_msp_dl_config.o (.rodata.gUART_VISIONClockConfig)
                  00010dac    0000000c     oled_ui.o (.rodata..Lswitch.table.OledUi_Update_20ms.169)
                  00010db8    0000000c     oled_ui.o (.rodata..Lswitch.table.OledUi_Update_20ms.171)
                  00010dc4    0000000c     oled_ui.o (.rodata..Lswitch.table.OledUi_Update_20ms)
                  00010dd0    0000000b     mission_library.o (.rodata.str1.1440970855772709381.1)
                  00010ddb    0000000b     mission_library.o (.rodata.str1.199678142196697465.1)
                  00010de6    0000000a     ti_msp_dl_config.o (.rodata.gUART_VISIONConfig)
                  00010df0    0000000a     mission_library.o (.rodata.str1.11682660667400632204.1)
                  00010dfa    0000000a     vision_tuning_console.o (.rodata.str1.4859846923128959820.1)
                  00010e04    0000000a     vision_tuning_console.o (.rodata.str1.7225688704195888286.1)
                  00010e0e    00000009     mission_library.o (.rodata.str1.13636476544574750902.1)
                  00010e17    00000009     oled_ui.o (.rodata.str1.8236579331345056500.1)
                  00010e20    00000008     menu.o (.rodata.cst8)
                  00010e28    00000008     ti_msp_dl_config.o (.rodata.gPWM_MOTORConfig)
                  00010e30    00000008     vision_tuning_console.o (.rodata.str1.11718269490974306969.1)
                  00010e38    00000008     oled_ui.o (.rodata.str1.12493748764729730277.1)
                  00010e40    00000008     mission_library.o (.rodata.str1.15668266851434757964.1)
                  00010e48    00000008     oled_ui.o (.rodata.str1.16931641404301806744.1)
                  00010e50    00000008     oled_ui.o (.rodata.str1.182352409660151230.1)
                  00010e58    00000008     vision_tuning_console.o (.rodata.str1.3293472937029561918.1)
                  00010e60    00000008     oled_ui.o (.rodata.str1.5965888106848176421.1)
                  00010e68    00000008     oled_ui.o (.rodata.str1.6954814719705590448.1)
                  00010e70    00000007     vision_tuning_console.o (.rodata.str1.10860306953068020798.1)
                  00010e77    00000007     oled_ui.o (.rodata.str1.12888220461447056082.1)
                  00010e7e    00000007     oled_ui.o (.rodata.str1.13882251010780863896.1)
                  00010e85    00000007     oled_ui.o (.rodata.str1.17540787658903907660.1)
                  00010e8c    00000007     oled_ui.o (.rodata.str1.2308938766145545715.1)
                  00010e93    00000007     oled_ui.o (.rodata.str1.4402311448527872260.1)
                  00010e9a    00000007     oled_ui.o (.rodata.str1.5463568455719735.1)
                  00010ea1    00000006     vision_tuning_console.o (.rodata.str1.10319329813075420582.1)
                  00010ea7    00000006     oled_ui.o (.rodata.str1.12504350857748951577.1)
                  00010ead    00000006     oled_ui.o (.rodata.str1.14132186318895045592.1)
                  00010eb3    00000006     oled_ui.o (.rodata.str1.1445687256832830955.1)
                  00010eb9    00000006     mission_library.o (.rodata.str1.15604890807705439409.1)
                  00010ebf    00000006     oled_ui.o (.rodata.str1.15817398807211891688.1)
                  00010ec5    00000006     mission_library.o (.rodata.str1.1642528554392422750.1)
                  00010ecb    00000006     oled_ui.o (.rodata.str1.17067061841413117831.1)
                  00010ed1    00000006     oled_ui.o (.rodata.str1.17717236995185551183.1)
                  00010ed7    00000006     oled_ui.o (.rodata.str1.17884296644359297425.1)
                  00010edd    00000006     oled_ui.o (.rodata.str1.3467953211977455017.1)
                  00010ee3    00000006     vision_tuning_console.o (.rodata.str1.4028100529439820245.1)
                  00010ee9    00000006     mission_library.o (.rodata.str1.4392264057376583881.1)
                  00010eef    00000006     oled_ui.o (.rodata.str1.58703915094955230.1)
                  00010ef5    00000006     oled_ui.o (.rodata.str1.8460525935980491721.1)
                  00010efb    00000006     oled_ui.o (.rodata.str1.8471462185882660445.1)
                  00010f01    00000005     menu.o (.rodata..Lswitch.table.Menu_HandleKeyEvent)
                  00010f06    00000005     oled.o (.rodata.oled_get_glyph.colon)
                  00010f0b    00000005     oled.o (.rodata.oled_get_glyph.eight)
                  00010f10    00000005     oled.o (.rodata.oled_get_glyph.five)
                  00010f15    00000005     oled.o (.rodata.oled_get_glyph.four)
                  00010f1a    00000005     oled.o (.rodata.oled_get_glyph.glyphA)
                  00010f1f    00000005     oled.o (.rodata.oled_get_glyph.glyphB)
                  00010f24    00000005     oled.o (.rodata.oled_get_glyph.glyphC)
                  00010f29    00000005     oled.o (.rodata.oled_get_glyph.glyphD)
                  00010f2e    00000005     oled.o (.rodata.oled_get_glyph.glyphE)
                  00010f33    00000005     oled.o (.rodata.oled_get_glyph.glyphG)
                  00010f38    00000005     oled.o (.rodata.oled_get_glyph.glyphH)
                  00010f3d    00000005     oled.o (.rodata.oled_get_glyph.glyphI)
                  00010f42    00000005     oled.o (.rodata.oled_get_glyph.glyphK)
                  00010f47    00000005     oled.o (.rodata.oled_get_glyph.glyphL)
                  00010f4c    00000005     oled.o (.rodata.oled_get_glyph.glyphM)
                  00010f51    00000005     oled.o (.rodata.oled_get_glyph.glyphN)
                  00010f56    00000005     oled.o (.rodata.oled_get_glyph.glyphO)
                  00010f5b    00000005     oled.o (.rodata.oled_get_glyph.glyphP)
                  00010f60    00000005     oled.o (.rodata.oled_get_glyph.glyphR)
                  00010f65    00000005     oled.o (.rodata.oled_get_glyph.glyphS)
                  00010f6a    00000005     oled.o (.rodata.oled_get_glyph.glyphT)
                  00010f6f    00000005     oled.o (.rodata.oled_get_glyph.glyphU)
                  00010f74    00000005     oled.o (.rodata.oled_get_glyph.glyphV)
                  00010f79    00000005     oled.o (.rodata.oled_get_glyph.glyphW)
                  00010f7e    00000005     oled.o (.rodata.oled_get_glyph.glyphX)
                  00010f83    00000005     oled.o (.rodata.oled_get_glyph.glyphY)
                  00010f88    00000005     oled.o (.rodata.oled_get_glyph.glyphb)
                  00010f8d    00000005     oled.o (.rodata.oled_get_glyph.gt)
                  00010f92    00000005     oled.o (.rodata.oled_get_glyph.minus)
                  00010f97    00000005     oled.o (.rodata.oled_get_glyph.nine)
                  00010f9c    00000005     oled.o (.rodata.oled_get_glyph.one)
                  00010fa1    00000005     oled.o (.rodata.oled_get_glyph.seven)
                  00010fa6    00000005     oled.o (.rodata.oled_get_glyph.six)
                  00010fab    00000005     oled.o (.rodata.oled_get_glyph.space)
                  00010fb0    00000005     oled.o (.rodata.oled_get_glyph.three)
                  00010fb5    00000005     oled.o (.rodata.oled_get_glyph.two)
                  00010fba    00000005     oled.o (.rodata.oled_get_glyph.zero)
                  00010fbf    00000005     oled_ui.o (.rodata.str1.10263419832828250601.1)
                  00010fc4    00000005     oled_ui.o (.rodata.str1.1108652269057166745.1)
                  00010fc9    00000005     oled_ui.o (.rodata.str1.11388022865931857840.1)
                  00010fce    00000005     oled_ui.o (.rodata.str1.11614055506586029288.1)
                  00010fd3    00000005     oled_ui.o (.rodata.str1.12928245060369742404.1)
                  00010fd8    00000005     vision_pitch_tuning.o (.rodata.str1.13915893147848268398.1)
                  00010fdd    00000005     oled_ui.o (.rodata.str1.14265077442249237877.1)
                  00010fe2    00000005     fault.o (.rodata.str1.14435905801345341244.1)
                  00010fe7    00000005     oled_ui.o (.rodata.str1.14774750633985060196.1)
                  00010fec    00000005     fault.o (.rodata.str1.1506612114648992996.1)
                  00010ff1    00000005     oled_ui.o (.rodata.str1.15577080202403550426.1)
                  00010ff6    00000005     oled_ui.o (.rodata.str1.15802367878353263018.1)
                  00010ffb    00000005     oled_ui.o (.rodata.str1.15917848551323629232.1)
                  00011000    00000005     oled_ui.o (.rodata.str1.15935041339501476673.1)
                  00011005    00000005     car_controller.o (.rodata.str1.1652194605229746967.1)
                  0001100a    00000005     oled_ui.o (.rodata.str1.16526439943277383452.1)
                  0001100f    00000005     oled_ui.o (.rodata.str1.16849766574302683489.1)
                  00011014    00000005     fault.o (.rodata.str1.17097894860660336008.1)
                  00011019    00000005     fault.o (.rodata.str1.17155043670132108083.1)
                  0001101e    00000005     vision_tuning_console.o (.rodata.str1.17265544270347038021.1)
                  00011023    00000005     oled_ui.o (.rodata.str1.17464849429964608858.1)
                  00011028    00000005     oled_ui.o (.rodata.str1.17763087492223448992.1)
                  0001102d    00000005     fault.o (.rodata.str1.2104670281202025270.1)
                  00011032    00000005     oled_ui.o (.rodata.str1.270145429241168923.1)
                  00011037    00000005     oled_ui.o (.rodata.str1.2742282290834473644.1)
                  0001103c    00000005     oled_ui.o (.rodata.str1.344790106308886506.1)
                  00011041    00000005     oled_ui.o (.rodata.str1.3702290527496711532.1)
                  00011046    00000005     car_controller.o (.rodata.str1.4164979912472006574.1)
                  0001104b    00000005     fault.o (.rodata.str1.4453281041433270631.1)
                  00011050    00000005     fault.o (.rodata.str1.4549004730087743662.1)
                  00011055    00000005     oled_ui.o (.rodata.str1.4581472623415959594.1)
                  0001105a    00000005     menu.o (.rodata.str1.4862307748908978627.1)
                  0001105f    00000005     oled_ui.o (.rodata.str1.5291836437463020264.1)
                  00011064    00000005     oled_ui.o (.rodata.str1.6350830172869379626.1)
                  00011069    00000005     fault.o (.rodata.str1.6372787129294360447.1)
                  0001106e    00000005     fault.o (.rodata.str1.6437946768974223044.1)
                  00011073    00000005     oled_ui.o (.rodata.str1.7185587941321649510.1)
                  00011078    00000005     vision_yaw_tuning.o (.rodata.str1.7764041101441114269.1)
                  0001107d    00000005     oled_ui.o (.rodata.str1.799718701096035713.1)
                  00011082    00000005     fault.o (.rodata.str1.8185770893384132067.1)
                  00011087    00000005     oled_ui.o (.rodata.str1.8426569189266129334.1)
                  0001108c    00000005     oled_ui.o (.rodata.str1.8693388333057100694.1)
                  00011091    00000005     oled_ui.o (.rodata.str1.8709745090823444516.1)
                  00011096    00000005     oled_ui.o (.rodata.str1.8950259614286592359.1)
                  0001109b    00000005     oled_ui.o (.rodata.str1.9135818829835424837.1)
                  000110a0    00000005     oled_ui.o (.rodata.str1.9229350655415085.1)
                  000110a5    00000005     car_controller.o (.rodata.str1.9234375891235759983.1)
                  000110aa    00000005     oled_ui.o (.rodata.str1.9554470707595806150.1)
                  000110af    00000005     oled_ui.o (.rodata.str1.9584387800903135389.1)
                  000110b4    00000005     oled_ui.o (.rodata.str1.9611283282870761829.1)
                  000110b9    00000005     car_controller.o (.rodata.str1.9981487771679760427.1)
                  000110be    00000004     oled_ui.o (.rodata.str1.10077435089618835710.1)
                  000110c2    00000004     oled_ui.o (.rodata.str1.1019225241002246410.1)
                  000110c6    00000004     oled_ui.o (.rodata.str1.10430294223631918979.1)
                  000110ca    00000004     oled_ui.o (.rodata.str1.10509309789429088155.1)
                  000110ce    00000004     oled_ui.o (.rodata.str1.10568433575767188072.1)
                  000110d2    00000004     oled_ui.o (.rodata.str1.10600688730180713177.1)
                  000110d6    00000004     oled_ui.o (.rodata.str1.11149198520117834688.1)
                  000110da    00000004     oled_ui.o (.rodata.str1.11178346780556493352.1)
                  000110de    00000004     oled_ui.o (.rodata.str1.11232419324784801130.1)
                  000110e2    00000004     oled_ui.o (.rodata.str1.11794000050372113979.1)
                  000110e6    00000004     oled_ui.o (.rodata.str1.12043213579996415112.1)
                  000110ea    00000004     menu.o (.rodata.str1.12110183915172842339.1)
                  000110ee    00000004     oled_ui.o (.rodata.str1.12182588061437138428.1)
                  000110f2    00000004     car_controller.o (.rodata.str1.12442237994239546032.1)
                  000110f6    00000004     oled_ui.o (.rodata.str1.12571791089077708471.1)
                  000110fa    00000004     oled_ui.o (.rodata.str1.12617122458660443890.1)
                  000110fe    00000004     oled_ui.o (.rodata.str1.12697925274637991987.1)
                  00011102    00000004     oled_ui.o (.rodata.str1.1276391367487699528.1)
                  00011106    00000004     oled_ui.o (.rodata.str1.12983537867572525563.1)
                  0001110a    00000004     oled_ui.o (.rodata.str1.130772507669342127.1)
                  0001110e    00000004     menu.o (.rodata.str1.13124720451672825294.1)
                  00011112    00000004     oled_ui.o (.rodata.str1.13244290092665904221.1)
                  00011116    00000004     fault.o (.rodata.str1.13582094816268305212.1)
                  0001111a    00000004     oled_ui.o (.rodata.str1.13750180467131823662.1)
                  0001111e    00000004     oled_ui.o (.rodata.str1.13871579367539052597.1)
                  00011122    00000004     oled_ui.o (.rodata.str1.13875148296791986931.1)
                  00011126    00000004     vision_tuning_console.o (.rodata.str1.14084955404328172175.1)
                  0001112a    00000004     menu.o (.rodata.str1.14098755746347272832.1)
                  0001112e    00000004     oled_ui.o (.rodata.str1.14134189893851348960.1)
                  00011132    00000004     oled_ui.o (.rodata.str1.14168333168339663346.1)
                  00011136    00000004     oled_ui.o (.rodata.str1.14521350379984854626.1)
                  0001113a    00000004     oled_ui.o (.rodata.str1.14556837007311414654.1)
                  0001113e    00000004     oled_ui.o (.rodata.str1.14711868471336838103.1)
                  00011142    00000004     oled_ui.o (.rodata.str1.15008238333949226094.1)
                  00011146    00000004     oled_ui.o (.rodata.str1.15132332204781002199.1)
                  0001114a    00000004     oled_ui.o (.rodata.str1.15613891207764622616.1)
                  0001114e    00000004     oled_ui.o (.rodata.str1.16290499236105125126.1)
                  00011152    00000004     oled_ui.o (.rodata.str1.16411631209783952401.1)
                  00011156    00000004     fault.o (.rodata.str1.16482347271627360806.1)
                  0001115a    00000004     oled_ui.o (.rodata.str1.16496169091617228061.1)
                  0001115e    00000004     oled_ui.o (.rodata.str1.16554583589798097927.1)
                  00011162    00000004     vision_pitch_tuning.o (.rodata.str1.16579632732967443104.1)
                  00011166    00000004     oled_ui.o (.rodata.str1.16635595130967924751.1)
                  0001116a    00000004     oled_ui.o (.rodata.str1.16895433903389883335.1)
                  0001116e    00000004     oled_ui.o (.rodata.str1.16939060351352778619.1)
                  00011172    00000004     menu.o (.rodata.str1.17041139162815566052.1)
                  00011176    00000004     car_controller.o (.rodata.str1.17172356789460551389.1)
                  0001117a    00000004     oled_ui.o (.rodata.str1.17274519358952562110.1)
                  0001117e    00000004     oled_ui.o (.rodata.str1.17763996158807330232.1)
                  00011182    00000004     oled_ui.o (.rodata.str1.17881291656140238186.1)
                  00011186    00000004     car_controller.o (.rodata.str1.18191498530309206443.1)
                  0001118a    00000004     oled_ui.o (.rodata.str1.18379317056176403938.1)
                  0001118e    00000004     oled_ui.o (.rodata.str1.1974573040514735405.1)
                  00011192    00000004     oled_ui.o (.rodata.str1.2522137003438374266.1)
                  00011196    00000004     oled_ui.o (.rodata.str1.2603845803395459882.1)
                  0001119a    00000004     oled_ui.o (.rodata.str1.2608729314174233125.1)
                  0001119e    00000004     oled_ui.o (.rodata.str1.3407221357956504873.1)
                  000111a2    00000004     oled_ui.o (.rodata.str1.4193589846040060630.1)
                  000111a6    00000004     oled_ui.o (.rodata.str1.4551794666512319153.1)
                  000111aa    00000004     oled_ui.o (.rodata.str1.4581686099848791648.1)
                  000111ae    00000004     oled_ui.o (.rodata.str1.4582914374586912483.1)
                  000111b2    00000004     oled_ui.o (.rodata.str1.4691821198597473371.1)
                  000111b6    00000004     oled_ui.o (.rodata.str1.4723632947289500520.1)
                  000111ba    00000004     menu.o (.rodata.str1.5155000645726596423.1)
                  000111be    00000004     oled_ui.o (.rodata.str1.5689016102676777062.1)
                  000111c2    00000004     oled_ui.o (.rodata.str1.5853739094453432564.1)
                  000111c6    00000004     oled_ui.o (.rodata.str1.5965450730569173784.1)
                  000111ca    00000004     oled_ui.o (.rodata.str1.6473435968988645044.1)
                  000111ce    00000004     oled_ui.o (.rodata.str1.6744096065564390185.1)
                  000111d2    00000004     oled_ui.o (.rodata.str1.6835749436006845616.1)
                  000111d6    00000004     car_controller.o (.rodata.str1.702403006289709404.1)
                  000111da    00000004     oled_ui.o (.rodata.str1.7219546930854689545.1)
                  000111de    00000004     fault.o (.rodata.str1.7255546073596598018.1)
                  000111e2    00000004     oled_ui.o (.rodata.str1.7419768602719733415.1)
                  000111e6    00000004     oled_ui.o (.rodata.str1.763101100280173925.1)
                  000111ea    00000004     oled_ui.o (.rodata.str1.8018480777946742726.1)
                  000111ee    00000004     oled_ui.o (.rodata.str1.8124536758062367015.1)
                  000111f2    00000004     oled_ui.o (.rodata.str1.8399051469953744892.1)
                  000111f6    00000004     oled_ui.o (.rodata.str1.8403269972884532600.1)
                  000111fa    00000004     oled_ui.o (.rodata.str1.8783421139296713095.1)
                  000111fe    00000004     oled_ui.o (.rodata.str1.9102528229756940648.1)
                  00011202    00000004     oled_ui.o (.rodata.str1.9159586779647977165.1)
                  00011206    00000004     vision_tuning_console.o (.rodata.str1.9292707793305368794.1)
                  0001120a    00000004     oled_ui.o (.rodata.str1.9351772214919528733.1)
                  0001120e    00000004     vision_yaw_tuning.o (.rodata.str1.9489746196023004463.1)
                  00011212    00000004     menu.o (.rodata.str1.9546740394641817443.1)
                  00011216    00000004     oled_ui.o (.rodata.str1.967006512144173535.1)
                  0001121a    00000004     oled_ui.o (.rodata.str1.9822857334037886482.1)
                  0001121e    00000004     oled_ui.o (.rodata.str1.9854382722193312766.1)
                  00011222    00000003     ti_msp_dl_config.o (.rodata.gPWM_MOTORClockConfig)
                  00011225    00000003     vision_pitch_tuning.o (.rodata.str1.10553819018306626402.1)
                  00011228    00000003     oled_ui.o (.rodata.str1.10907125332684471422.1)
                  0001122b    00000003     oled_ui.o (.rodata.str1.11428648044669318875.1)
                  0001122e    00000003     oled_ui.o (.rodata.str1.11627403558423016802.1)
                  00011231    00000003     vision_tuning_console.o (.rodata.str1.12197883643583142124.1)
                  00011234    00000003     oled_ui.o (.rodata.str1.12595606217184830646.1)
                  00011237    00000003     oled_ui.o (.rodata.str1.13271657277589579873.1)
                  0001123a    00000003     oled_ui.o (.rodata.str1.13567883086814673087.1)
                  0001123d    00000003     oled_ui.o (.rodata.str1.13790669171379415506.1)
                  00011240    00000003     oled_ui.o (.rodata.str1.14358698208395374265.1)
                  00011243    00000003     oled_ui.o (.rodata.str1.14740362735394205067.1)
                  00011246    00000003     vision_pitch_tuning.o (.rodata.str1.15082469624955958926.1)
                  00011249    00000003     vision_yaw_tuning.o (.rodata.str1.15455206247194842411.1)
                  0001124c    00000003     oled_ui.o (.rodata.str1.15575624326185233262.1)
                  0001124f    00000003     oled_ui.o (.rodata.str1.15829239520183577662.1)
                  00011252    00000003     oled_ui.o (.rodata.str1.15859922799842739878.1)
                  00011255    00000003     menu.o (.rodata.str1.16312125044762562515.1)
                  00011258    00000003     vision_tuning_console.o (.rodata.str1.16336339630363933256.1)
                  0001125b    00000003     vision_pitch_tuning.o (.rodata.str1.17185918124541117546.1)
                  0001125e    00000003     oled_ui.o (.rodata.str1.17242430504649735449.1)
                  00011261    00000003     oled_ui.o (.rodata.str1.17436941090773226089.1)
                  00011264    00000003     oled_ui.o (.rodata.str1.17812014771544466701.1)
                  00011267    00000003     oled_ui.o (.rodata.str1.18266126048138325213.1)
                  0001126a    00000003     vision_pitch_tuning.o (.rodata.str1.18308346119964257230.1)
                  0001126d    00000003     vision_pitch_tuning.o (.rodata.str1.2353024170771920291.1)
                  00011270    00000003     oled_ui.o (.rodata.str1.2656948373757303877.1)
                  00011273    00000003     oled_ui.o (.rodata.str1.2983744876309220570.1)
                  00011276    00000003     oled_ui.o (.rodata.str1.3025253791635144717.1)
                  00011279    00000003     oled_ui.o (.rodata.str1.3455423528827705371.1)
                  0001127c    00000003     oled_ui.o (.rodata.str1.35417727660486075.1)
                  0001127f    00000003     vision_yaw_tuning.o (.rodata.str1.4032468970572441659.1)
                  00011282    00000003     oled_ui.o (.rodata.str1.4610220316623841660.1)
                  00011285    00000003     menu.o (.rodata.str1.4646809750356241979.1)
                  00011288    00000003     oled_ui.o (.rodata.str1.4932371652560868037.1)
                  0001128b    00000003     oled_ui.o (.rodata.str1.5004483696121082904.1)
                  0001128e    00000003     oled_ui.o (.rodata.str1.5376340479846291137.1)
                  00011291    00000003     vision_yaw_tuning.o (.rodata.str1.6393086909333857079.1)
                  00011294    00000003     vision_yaw_tuning.o (.rodata.str1.6657421771701333087.1)
                  00011297    00000003     oled_ui.o (.rodata.str1.6806727740681590176.1)
                  0001129a    00000003     menu.o (.rodata.str1.6857549598058878762.1)
                  0001129d    00000003     oled_ui.o (.rodata.str1.7050595558965647569.1)
                  000112a0    00000003     oled_ui.o (.rodata.str1.7481335054564682966.1)
                  000112a3    00000003     oled_ui.o (.rodata.str1.7774807581888385879.1)
                  000112a6    00000003     fault.o (.rodata.str1.8193046109637024842.1)
                  000112a9    00000003     oled_ui.o (.rodata.str1.8449035241871861290.1)
                  000112ac    00000003     oled_ui.o (.rodata.str1.9295666102996717355.1)
                  000112af    00000003     oled_ui.o (.rodata.str1.9544068167406571052.1)
                  000112b2    00000003     oled_ui.o (.rodata.str1.9646571805098343045.1)
                  000112b5    00000003     oled_ui.o (.rodata.str1.9992244628984851027.1)
                  000112b8    00000002     oled_ui.o (.rodata.str1.12359577037488465078.1)
                  000112ba    00000002     oled_ui.o (.rodata.str1.2193316011307952170.1)
                  000112bc    00000002     oled_ui.o (.rodata.str1.240075016795266086.1)
                  000112be    00000002     oled_ui.o (.rodata.str1.4082595774073207366.1)
                  000112c0    00000002     oled_ui.o (.rodata.str1.9250665025187963892.1)
                  000112c2    00000006     --HOLE-- [fill = 0]

.init_array 
*          0    00000000    00000000     UNINITIALIZED

.binit     0    00000000    00000000     

.bss       0    20200000    00000c4d     UNINITIALIZED
                  20200000    00000200     vision_receiver.o (.bss.g_ring)
                  20200200    00000130     runtime_snapshot.o (.bss.g_snapshot)
                  20200330    00000100     vision_tuning_console.o (.bss.g_rxRing)
                  20200430    00000100     vision_tuning_console.o (.bss.g_txRing)
                  20200530    000000cc     (.common:g_appConfig)
                  202005fc    0000007c     motor_control.o (.bss.g_runtime)
                  20200678    00000058     vision_receiver.o (.bss.g_status)
                  202006d0    00000058     (.common:g_wheelSpeedEstimatorRuntime)
                  20200728    00000048     gimbal_vision_adapter.o (.bss.g_feedback)
                  20200770    00000040     gimbal.o (.bss.g_feedback)
                  202007b0    00000040     vision_tuning_console.o (.bss.g_line)
                  202007f0    00000040     line_controller.o (.bss.g_lineRuntime)
                  20200830    00000040     gimbal.o (.bss.g_pitchFeedback)
                  20200870    00000040     (.common:g_appRuntime)
                  202008b0    00000030     (.common:gUART_VISIONBackup)
                  202008e0    0000002c     vision_receiver.o (.bss.g_observation)
                  2020090c    0000002c     empty.o (.bss.g_schedulerStats)
                  20200938    00000028     gimbal_tracker.o (.bss.g_feedback)
                  20200960    00000028     vision_receiver.o (.bss.g_frame)
                  20200988    00000028     (.common:g_imuRuntime)
                  202009b0    00000024     gimbal_vision_yaw_tracker.o (.bss.g_feedback)
                  202009d4    00000020     mission_manager.o (.bss.g_missionRuntime)
                  202009f4    00000018     obstacle_avoidance.o (.bss.g_avoidFeedback)
                  20200a0c    00000004     gimbal_tracker.o (.bss.g_filteredErrorX)
                  20200a10    00000018     gimbal_stepper.o (.bss.g_feedback)
                  20200a28    00000018     gimbal_vision_pitch_tracker.o (.bss.g_feedback)
                  20200a40    00000018     vision_pitch_tuning.o (.bss.g_status)
                  20200a58    00000018     vision_tuning_console.o (.bss.g_status)
                  20200a70    00000014     motion_action.o (.bss.g_motionActionRuntime)
                  20200a84    00000004     gimbal_tracker.o (.bss.g_filteredErrorY)
                  20200a88    00000014     vision_yaw_tuning.o (.bss.g_status)
                  20200a9c    00000014     watchdog_monitor.o (.bss.g_status)
                  20200ab0    00000014     (.common:g_headingRuntime)
                  20200ac4    00000010     fault.o (.bss.g_faultRecord)
                  20200ad4    00000010     motor.o (.bss.g_motorRuntime)
                  20200ae4    0000000e     car_controller.o (.bss.g_carControllerFeedback)
                  20200af2    00000002     ultrasonic.o (.bss.g_echoTicks)
                  20200af4    0000000e     ultrasonic.o (.bss.g_ultrasonicFeedback)
                  20200b02    00000002     gimbal.o (.bss.g_pitchHalfPeriodTicks)
                  20200b04    0000000c     gimbal_tracker.o (.bss.g_observation)
                  20200b10    0000000c     debug_telemetry.o (.bss.g_status)
                  20200b1c    00000008     obstacle_monitor.o (.bss.g_obstacleFeedback)
                  20200b24    00000004     gimbal_vision_adapter.o (.bss.g_lastAcceptedFrameCount)
                  20200b28    00000008     gimbal.o (.bss.g_pitchContinuousDegX10)
                  20200b30    00000008     gimbal.o (.bss.g_pitchEstimatedSteps)
                  20200b38    00000008     gimbal.o (.bss.g_pitchTargetDegX10)
                  20200b40    00000008     gimbal.o (.bss.g_pitchTargetEstimatedSteps)
                  20200b48    00000008     gimbal_stepper.o (.bss.g_stepperEstimatedSteps)
                  20200b50    00000008     gimbal_stepper.o (.bss.g_stepperTargetEstimatedSteps)
                  20200b58    00000008     gimbal.o (.bss.g_yawContinuousDegX10)
                  20200b60    00000008     gimbal.o (.bss.g_yawLockedWorldYawDegX10)
                  20200b68    00000008     gimbal.o (.bss.g_yawTargetContinuousDegX10)
                  20200b70    00000008     gimbal.o (.bss.g_yawWorldTargetDegX10)
                  20200b78    00000008     gimbal.o (.bss.g_yawWrappedDegX10)
                  20200b80    00000006     ultrasonic.o (.bss.g_distanceSamples)
                  20200b86    00000006     key.o (.bss.g_key1)
                  20200b8c    00000006     key.o (.bss.g_key2)
                  20200b92    00000006     key.o (.bss.g_key3)
                  20200b98    00000004     debug_telemetry.o (.bss.g_lastFrameMs)
                  20200b9c    00000004     watchdog_monitor.o (.bss.g_lastTickMs)
                  20200ba0    00000004     wheel_speed_estimator.o (.bss.g_latchedErrorFlags)
                  20200ba4    00000004     empty.o (.bss.g_localTimeMs)
                  20200ba8    00000004     motion_action.o (.bss.g_motionActionStartYawDeg)
                  20200bac    00000004     encoder.o (.bss.g_motorAPulses)
                  20200bb0    00000004     encoder.o (.bss.g_motorBPulses)
                  20200bb4    00000004     gimbal.o (.bss.g_pitchCommandedRpm)
                  20200bb8    00000004     gimbal.o (.bss.g_pitchCompletedSteps)
                  20200bbc    00000004     gimbal_tracker.o (.bss.g_pitchTargetDeg)
                  20200bc0    00000004     gimbal.o (.bss.g_pitchTargetRpm)
                  20200bc4    00000004     gimbal.o (.bss.g_pitchTrackingTargetRpm)
                  20200bc8    00000004     servo.o (.bss.g_servoFeedback)
                  20200bcc    00000004     gimbal_vision_yaw_tracker.o (.bss.g_sessionId)
                  20200bd0    00000004     gimbal_stepper.o (.bss.g_stepperCompletedSteps)
                  20200bd4    00000004     gimbal_vision_yaw_tracker.o (.bss.g_targetWrappedDeg)
                  20200bd8    00000004     gimbal.o (.bss.g_yawCommandedRpm)
                  20200bdc    00000004     gimbal.o (.bss.g_yawTargetRpm)
                  20200be0    00000004     gimbal_tracker.o (.bss.g_yawTargetWrappedDeg)
                  20200be4    00000004     empty.o (.bss.main.lastAppUpdateMs)
                  20200be8    00000002     gimbal.o (.bss.g_pitchStepHalfPeriodTicks)
                  20200bea    00000002     obstacle_avoidance.o (.bss.g_resumeGraceMs)
                  20200bec    00000002     vision_receiver.o (.bss.g_ringHead)
                  20200bee    00000002     vision_receiver.o (.bss.g_ringTail)
                  20200bf0    00000002     vision_tuning_console.o (.bss.g_rxHead)
                  20200bf2    00000002     vision_tuning_console.o (.bss.g_rxTail)
                  20200bf4    00000002     servo.o (.bss.g_servoPwmPhase)
                  20200bf6    00000002     ultrasonic.o (.bss.g_stateTicks)
                  20200bf8    00000002     gimbal_stepper.o (.bss.g_stepperHalfPeriodTicks)
                  20200bfa    00000002     gimbal_stepper.o (.bss.g_stepperStepHalfPeriodTicks)
                  20200bfc    00000002     vision_tuning_console.o (.bss.g_txHead)
                  20200bfe    00000002     vision_tuning_console.o (.bss.g_txTail)
                  20200c00    00000002     menu.o (.bss.menu_handle_status_key.trackerSequence)
                  20200c02    00000002     (.common:g_trackError)
                  20200c04    00000001     oled_ui.o (.bss.OledUi_Update_20ms.refreshDivider)
                  20200c05    00000001     empty.o (.bss.SysTick_Handler.controlMsCount)
                  20200c06    00000001     empty.o (.bss.SysTick_Handler.gimbalMsCount)
                  20200c07    00000001     empty.o (.bss.SysTick_Handler.tick100usCount)
                  20200c08    00000001     empty.o (.bss.SysTick_Handler.trackerMsCount)
                  20200c09    00000001     ultrasonic.o (.bss.Ultrasonic_Update_20ms.triggerDivider)
                  20200c0a    00000001     empty.o (.bss.g_appUpdatePending)
                  20200c0b    00000001     vision_tuning_console.o (.bss.g_capturing)
                  20200c0c    00000001     car_state.o (.bss.g_carState)
                  20200c0d    00000001     obstacle_monitor.o (.bss.g_centerSettleTicks)
                  20200c0e    00000001     vision_tuning_console.o (.bss.g_commandTarget)
                  20200c0f    00000001     ultrasonic.o (.bss.g_distanceSampleCount)
                  20200c10    00000001     ultrasonic.o (.bss.g_distanceSampleIndex)
                  20200c11    00000001     emergency_stop.o (.bss.g_emergencyStopActive)
                  20200c12    00000001     gimbal_tracker.o (.bss.g_enabled)
                  20200c13    00000001     gimbal_vision_pitch_tracker.o (.bss.g_enabled)
                  20200c14    00000001     gimbal_vision_yaw_tracker.o (.bss.g_enabled)
                  20200c15    00000001     watchdog_monitor.o (.bss.g_faultApplied)
                  20200c16    00000001     watchdog_monitor.o (.bss.g_faultPending)
                  20200c17    00000001     gimbal_tracker.o (.bss.g_filterReady)
                  20200c18    00000001     vision_receiver.o (.bss.g_frameSize)
                  20200c19    00000001     empty.o (.bss.g_gimbalUpdatePending)
                  20200c1a    00000001     wheel_speed_estimator.o (.bss.g_leftFilterInitialized)
                  20200c1b    00000001     vision_tuning_console.o (.bss.g_lineSize)
                  20200c1c    00000001     obstacle_safety.o (.bss.g_obstacleSafetyHolding)
                  20200c1d    00000001     oled.o (.bss.g_oledColumn)
                  20200c1e    00000001     menu.o (.bss.g_oledPage)
                  20200c1f    00000001     encoder.o (.bss.g_overflowFlags)
                  20200c20    00000001     menu.o (.bss.g_paramItem)
                  20200c21    00000001     menu.o (.bss.g_paramReturnPage)
                  20200c22    00000001     key.o (.bss.g_pendingEvent)
                  20200c23    00000001     gimbal.o (.bss.g_pitchControlMode)
                  20200c24    00000001     gimbal.o (.bss.g_pitchDirection)
                  20200c25    00000001     gimbal.o (.bss.g_pitchInitialized)
                  20200c26    00000001     gimbal.o (.bss.g_pitchLimitClamped)
                  20200c27    00000001     gimbal.o (.bss.g_pitchLimitDirection)
                  20200c28    00000001     gimbal.o (.bss.g_pitchPositionValid)
                  20200c29    00000001     gimbal.o (.bss.g_pitchRunning)
                  20200c2a    00000001     gimbal.o (.bss.g_pitchStepHigh)
                  20200c2b    00000001     gimbal.o (.bss.g_pitchStopAfterStepLow)
                  20200c2c    00000001     vision_tuning_console.o (.bss.g_prefixIndex)
                  20200c2d    00000001     vision_tuning_console.o (.bss.g_prefixTarget)
                  20200c2e    00000001     wheel_speed_estimator.o (.bss.g_rightFilterInitialized)
                  20200c2f    00000001     car_controller.o (.bss.g_safetyHold)
                  20200c30    00000001     gimbal_vision_yaw_tracker.o (.bss.g_sessionInitialized)
                  20200c31    00000001     gimbal_tracker.o (.bss.g_simObservationUpdatesRemaining)
                  20200c32    00000001     obstacle_avoidance.o (.bss.g_stateStarted)
                  20200c33    00000001     gimbal_stepper.o (.bss.g_stepperDirection)
                  20200c34    00000001     gimbal_stepper.o (.bss.g_stepperRunning)
                  20200c35    00000001     gimbal_stepper.o (.bss.g_stepperStepHigh)
                  20200c36    00000001     gimbal_stepper.o (.bss.g_stepperStopAfterStepLow)
                  20200c37    00000001     motor_control.o (.bss.g_targetRefreshed)
                  20200c38    00000001     gimbal_vision_yaw_tracker.o (.bss.g_targetSynced)
                  20200c39    00000001     gimbal_tracker.o (.bss.g_targetValid)
                  20200c3a    00000001     gimbal_tracker.o (.bss.g_targetsSynced)
                  20200c3b    00000001     empty.o (.bss.g_trackerUpdatePending)
                  20200c3c    00000001     gimbal_tracker.o (.bss.g_trackingActive)
                  20200c3d    00000001     gimbal_vision_pitch_tracker.o (.bss.g_trackingActive)
                  20200c3e    00000001     gimbal_vision_yaw_tracker.o (.bss.g_trackingActive)
                  20200c3f    00000001     ultrasonic.o (.bss.g_triggerRequest)
                  20200c40    00000001     ultrasonic.o (.bss.g_ultrasonicState)
                  20200c41    00000001     gimbal.o (.bss.g_yawLimitClamped)
                  20200c42    00000001     gimbal.o (.bss.g_yawLimitDirection)
                  20200c43    00000001     gimbal.o (.bss.g_yawPositionValid)
                  20200c44    00000001     gimbal.o (.bss.g_yawWorldLockEnabled)
                  20200c45    00000001     (.common:g_carStateDebug)
                  20200c46    00000001     (.common:g_keyEvent)
                  20200c47    00000001     (.common:g_oledPageDebug)
                  20200c48    00000001     (.common:g_paramItemDebug)
                  20200c49    00000001     (.common:g_trackBlackCount)
                  20200c4a    00000001     (.common:g_trackModeDebug)
                  20200c4b    00000001     (.common:g_trackRaw)
                  20200c4c    00000001     (.common:g_trackTurnDebug)

.data      0    20200c4d    00000001     UNINITIALIZED
                  20200c4d    00000001     car_controller.o (.data.g_followTurnPolicy)

.stack     0    20207e00    00000200     UNINITIALIZED
                  20207e00    00000004     libc.a : boot_cortex_m.c.obj (.stack)
                  20207e04    000001fc     --HOLE--

__llvm_prf_cnts 
*          0    20200000    00000000     UNINITIALIZED

__llvm_prf_bits 
*          0    20200000    00000000     UNINITIALIZED

MODULE SUMMARY

       Module                          code    ro data   rw data
       ------                          ----    -------   -------
    .\
       vision_tuning_console.o         9616    102       613    
       oled_ui.o                       8452    948       1      
       gimbal.o                        7528    0         241    
       car_controller.o                4000    64        80     
       imu.o                           3304    0         40     
       motor_control.o                 2756    0         125    
       gimbal_tracker.o                2576    0         74     
       oled.o                          2210    401       1      
       line_controller.o               2112    0         64     
       gimbal_vision_yaw_tracker.o     2124    0         48     
       vision_receiver.o               1112    0         689    
       app_config.o                    1372    0         204    
       gimbal_stepper.o                1412    0         52     
       menu.o                          1328    87        5      
       wheel_speed_estimator.o         1276    0         94     
       mission_manager.o               1300    0         32     
       mission_library.o               174     1135      0      
       motion_action.o                 1156    0         24     
       obstacle_avoidance.o            1138    0         27     
       runtime_snapshot.o              796     0         304    
       gimbal_vision_pitch_tracker.o   864     0         26     
       motor.o                         776     0         16     
       empty.o                         676     0         59     
       vision_protocol.o               732     0         0      
       ti_msp_dl_config.o              636     23        48     
       ultrasonic.o                    596     0         29     
       heading_control.o               448     0         20     
       key.o                           436     0         19     
       app.o                           426     0         10     
       fault.o                         296     65        16     
       track_sensor.o                  372     0         0      
       vision_pitch_tuning.o           268     48        24     
       watchdog_monitor.o              292     0         26     
       vision_yaw_tuning.o             248     41        20     
       gimbal_vision_adapter.o         228     0         76     
       encoder.o                       276     0         9      
       obstacle_safety.o               264     0         1      
       obstacle_monitor.o              192     0         9      
       startup_mspm0g350x_ticlang.o    6       192       0      
       servo.o                         176     0         6      
       emergency_stop.o                176     0         1      
       vision_uart.o                   164     0         0      
       debug_telemetry.o               56      0         16     
       car_state.o                     36      0         1      
    +--+-------------------------------+-------+---------+---------+
       Total:                          64382   3106      3150   
                                                                
    C:/TI/mspm0_sdk_2_05_01_00/source/ti/driverlib/lib/ticlang/m0p/mspm0g1x0x_g3x0x/driverlib.a
       dl_timer.o                      388     0         0      
       dl_uart.o                       90      0         0      
       dl_common.o                     10      0         0      
    +--+-------------------------------+-------+---------+---------+
       Total:                          488     0         0      
                                                                
    D:\TI\CCS\ccs\tools\compiler\ti-cgt-armllvm_4.0.4.LTS\lib\armv6m-ti-none-eabi/c/libc.a
       memcpy16.S.obj                  154     0         0      
       strcmp-armv6m.S.obj             136     0         0      
       copy_decompress_lzss.c.obj      124     0         0      
       memset16.S.obj                  98      0         0      
       autoinit.c.obj                  60      0         0      
       boot_cortex_m.c.obj             56      0         0      
       memmov.c.obj                    40      0         0      
       copy_decompress_none.c.obj      18      0         0      
       copy_zero_init.c.obj            16      0         0      
       exit.c.obj                      6       0         0      
       pre_init.c.obj                  4       0         0      
    +--+-------------------------------+-------+---------+---------+
       Total:                          712     0         0      
                                                                
    D:\TI\CCS\ccs\tools\compiler\ti-cgt-armllvm_4.0.4.LTS\lib\armv6m-ti-none-eabi/c/libsysbm.a
       hostexit.c.obj                  4       0         0      
    +--+-------------------------------+-------+---------+---------+
       Total:                          4       0         0      
                                                                
    D:\TI\CCS\ccs\tools\compiler\ti-cgt-armllvm_4.0.4.LTS\lib\armv6m-ti-none-eabi/libclang_rt.builtins.a
       addsf3.S.obj                    216     0         0      
       udivmoddi4.S.obj                162     0         0      
       comparesf2.S.obj                140     0         0      
       mulsf3.S.obj                    140     0         0      
       divsf3.S.obj                    130     0         0      
       aeabi_fcmp.S.obj                98      0         0      
[...]
00000000  interruptVectors                          
000000c1  OledUi_Update_20ms                        
00000200  __STACK_SIZE                              
000020dd  VisionTuningConsole_Process               
00003eb1  LineController_Update                     
000043a1  GimbalTracker_Update                      
00004c65  WheelSpeedEstimator_Update                
00005081  AppConfig_LimitAll                        
00005449  VisionReceiver_Process                    
000057f9  GimbalVisionYawTracker_Update10ms         
00005b81  Menu_HandleKeyEvent                       
0000626d  ObstacleAvoidance_Update_20ms             
000068bd  RuntimeSnapshot_Update                    
00006eb1  Imu_Init                                  
00007431  Gimbal_YawSetWrappedTargetDeg             
000076c9  Gimbal_YawUpdate5ms                       
0000795d  Gimbal_PitchSetTrackingSpeedDegS          
00007bed  MotorControl_Update                       
0000834d  OLED_Clear                                
000087d9  MotionAction_Update_20ms                  
00008a0d  GimbalVisionPitchTracker_Update10ms       
00008c35  Imu_CalibrateGyroBias                     
00008e49  Motor_SetSpeed                            
0000904d  VisionProtocol_ParseV1TargetFrame         
000095f1  Gimbal_PitchUpdate5ms                     
00009965  Ultrasonic_Tick100us                      
00009b05  AppConfig_InitDefault                     
00009c99  GimbalStepper_Tick100us                   
00009e2d  GimbalVisionYawTracker_Enable             
00009fb5  Gimbal_PitchTick100us                     
0000a135  GimbalStepper_MoveToEstimatedSteps        
0000a2b1  Key_Update_20ms                           
0000a425  Gimbal_Init                               
0000a591  main                                      
0000a6f9  HeadingControl_Update                     
0000af21  CarController_Update_20ms                 
0000b071  OLED_PrintInt16                           
0000b1ad  Imu_Update                                
0000b541  App_Update_20ms                           
0000b669  Gimbal_YawEnableWorldLock                 
0000b791  MotionAction_Start                        
0000bb01  LineController_Reset                      
0000be31  DL_Timer_initFourCCPWMMode                
0000bf35  LineController_ResetControlState          
0000c039  MotorControl_SetNormalizedTarget          
0000c139  Gimbal_PitchRelease                       
0000c235  MissionManager_Update_20ms                
0000c331  SysTick_Handler                           
0000c42d  LineController_Init                       
0000c525  Gimbal_PitchStopHold                      
0000c615  MissionManager_SelectNext                 
0000c8d9  ObstacleSafety_Update_20ms                
0000c9b9  Gimbal_PitchConfirmZero                   
0000ca95  SYSCFG_DL_GPIO_init                       
0000cc4d  MissionManager_SelectPrevious             
0000cd25  OLED_PrintUInt16                          
0000cdfd  WheelSpeedEstimator_Init                  
0000cfad  __aeabi_fsub                              
0000cfad  __subsf3                                  
0000cfb7  __addsf3                                  
0000cfb7  __aeabi_fadd                              
0000d085  OLED_Init                                 
0000d159  OLED_PrintChar                            
0000d229  FaultCode_ToShortString                   
0000d2f1  Gimbal_YawConfirmZero                     
0000d3b9  CarController_StartSeekLine               
0000d479  CarController_StartTurnToYawRelative      
0000d535  CarController_StartDriveHeading           
0000d5e9  GimbalStepper_StopHold                    
0000d69d  GimbalVisionAdapter_Update                
0000d751  GimbalStepper_Init                        
0000d801  Gimbal_PitchMoveRelativeDeg               
0000d8b1  GimbalVisionPitchTracker_Enable           
0000d959  Encoder_HandleGpioInterrupt               
0000daa1  __udivmoddi4                              
0000db43  ADC0_IRQHandler                           
0000db43  ADC1_IRQHandler                           
0000db43  AES_IRQHandler                            
0000db43  CANFD0_IRQHandler                         
0000db43  DAC0_IRQHandler                           
0000db43  DMA_IRQHandler                            
0000db43  Default_Handler                           
0000db43  GROUP0_IRQHandler                         
0000db43  HardFault_Handler                         
0000db43  I2C0_IRQHandler                           
0000db43  I2C1_IRQHandler                           
0000db43  NMI_Handler                               
0000db43  PendSV_Handler                            
0000db43  RTC_IRQHandler                            
0000db43  SPI0_IRQHandler                           
0000db43  SPI1_IRQHandler                           
0000db43  SVC_Handler                               
0000db43  TIMA0_IRQHandler                          
0000db43  TIMA1_IRQHandler                          
0000db43  TIMG0_IRQHandler                          
0000db43  TIMG12_IRQHandler                         
0000db43  TIMG6_IRQHandler                          
0000db43  TIMG7_IRQHandler                          
0000db43  TIMG8_IRQHandler                          
0000db43  UART0_IRQHandler                          
0000db43  UART1_IRQHandler                          
0000db43  UART2_IRQHandler                          
0000db45  CarController_StartFollowLine             
0000dbe1  ObstacleMonitor_Update_20ms               
0000dc7d  memcpy                                    
0000dd17  TrackSensor_Init                          
0000ddb1  CarController_Init                        
0000de41  CarController_StartTurnRight90            
0000ded1  CarController_ResetRuntime                
0000df5d  CarController_StartTurnLeft90             
0000dfe9  Gimbal_YawDisableWorldLock                
0000e075  Gimbal_YawStopHold                        
0000e101  SYSCFG_DL_PWM_MOTOR_init                  
0000e18d  __aeabi_fmul                              
0000e18d  __mulsf3                                  
0000e219  CarController_GetFeedback                 
0000e221  strcmp                                    
0000e2a9  GimbalStepper_ConfirmZero                 
0000e32d  GimbalTracker_PushObservation             
0000e3b1  Motor_Init                                
0000e435  App_Init                                  
0000e4b7  MissionLibrary_Validate                   
0000e539  __aeabi_fdiv                              
0000e539  __divsf3                                  
0000e5bb  __aeabi_idiv0                             
0000e5bd  GimbalTracker_Init                        
0000e63d  Motor_Stop                                
0000e6bd  CarController_SetSafetyHold               
0000e739  VisionPitchTuning_Set                     
0000e7b5  __TI_decompress_lzss                      
0000e91d  GimbalStepper_Release                     
0000e98d  Menu_GetParamValue                        
0000e9fd  SYSCFG_DL_UART_VISION_init                
0000ea6d  VisionYawTuning_Set                       
0000eadd  TrackSensor_DetectTurn                    
0000eb4b  __aeabi_ldiv0                             
0000eb4d  GimbalVisionYawTracker_Init               
0000ebb9  MissionManager_GetSelectedMissionIndex    
0000ec21  TrackSensor_GetErrorFromRaw               
0000ec89  Gimbal_YawRelease                         
0000eced  __aeabi_fcmpeq                            
0000ed01  __aeabi_fcmplt                            
0000ed15  __aeabi_fcmple                            
0000ed29  __aeabi_fcmpge                            
0000ed3d  __aeabi_fcmpgt                            
0000ed4f  memset                                    
0000edb1  GimbalTracker_Enable                      
0000ee11  GimbalTracker_GetFeedback                 
0000ee71  VisionTuningConsole_Init                  
0000eed1  __aeabi_f2lz                              
0000eed1  __fixsfdi                                 
0000ef91  UART3_IRQHandler                          
0000efed  Ultrasonic_Update_20ms                    
0000f0a5  Gimbal_YawMoveRelativeDeg                 
0000f0fd  __aeabi_idiv                              
0000f0fd  __aeabi_idivmod                           
0000f155  TrackSensor_ReadRaw                       
0000f251  MissionManager_Start                      
0000f2a1  Ultrasonic_Init                           
0000f2f1  WatchdogMonitor_ApplyFaultIfNeeded        
0000f341  __aeabi_l2f                               
0000f341  __floatdisf                               
0000f391  MotorControl_Stop                         
0000f3dd  WatchdogMonitor_Tick1msFromIsr            
0000f475  DL_UART_init                              
0000f4bd  MissionManager_Init                       
0000f505  MotionAction_ReapplyControllerTarget      
0000f54d  Encoder_GetAndClearPulseDeltas            
0000f591  Servo_Tick100us                           
0000f5d5  EmergencyStop_Reset                       
0000f615  GimbalVisionPitchTracker_Init             
0000f655  SYSCFG_DL_SYSCTL_init                     
0000f695  SYSCFG_DL_initPower                       
0000f6d5  VisionReceiver_PushByteFromIsr            
0000f715  __aeabi_uidiv                             
0000f715  __aeabi_uidivmod                          
0000f755  __divmoddi4                               
0000f795  GimbalTracker_ClearObservation            
0000f7d1  Servo_SetAngleDeg                         
0000f80d  VisionTuningConsole_PushByteFromIsr       
0000f849  __aeabi_i2f                               
0000f849  __floatsisf                               
0000f885  __gesf2                                   
0000f885  __gtsf2                                   
0000f8c1  __TI_auto_init_nobinit_nopinit            
0000f8fd  __cmpsf2                                  
0000f8fd  __eqsf2                                   
0000f8fd  __lesf2                                   
0000f8fd  __ltsf2                                   
0000f8fd  __nesf2                                   
0000f939  __muldsi3                                 
0000f975  VisionReceiver_Init                       
0000f9ad  __aeabi_f2iz                              
0000f9ad  __fixsfsi                                 
0000f9e5  EmergencyStop_Trigger                     
0000fa19  MissionManager_Cancel                     
0000fa4d  OLED_SetCursor                            
0000fa81  VisionTuningConsole_TryPopTxByte          
0000fab5  VisionUart_Process                        
0000fb1d  OLED_PrintString                          
0000fb51  Fault_Raise                               
0000fb81  GimbalVisionYawTracker_GetFeedback        
0000fbb1  Gimbal_PitchGetFeedback                   
0000fbe1  Key_Init                                  
0000fc11  LineController_ObserveSensors             
0000fc41  MissionManager_Reset                      
0000fc71  MissionManager_Resume                     
0000fca1  VisionPitchTuning_RestoreDefault          
0000fcd1  WatchdogMonitor_Init                      
0000fd31  Encoder_Reset                             
0000fd5d  TrackSensor_CountBlack                    
0000fd89  VisionYawTuning_RestoreDefault            
0000fde1  ObstacleAvoidance_Init                    
0000fe09  Servo_Init                                
0000fe31  VisionPitchTuning_Init                    
0000fe59  WatchdogMonitor_Reset                     
0000fe81  __aeabi_ui2f                              
0000fe81  __floatunsisf                             
0000fea9  memmove                                   
0000fed1  _c_int00_noargs                           
0000fef9  CarController_Stop                        
0000ff1d  EmergencyStop_Enforce                     
0000ff41  GimbalVisionPitchTracker_GetFeedback      
0000ff65  MissionManager_ReportExternalFailure      
0000ff89  MotorControl_Init                         
0000ffad  MotorControl_Reset                        
0000ffd1  SYSCFG_DL_init                            
0000fff5  VisionYawTuning_Init                      
00010019  __aeabi_lmul                              
00010019  __muldi3                                  
0001003d  DL_Timer_overrideCCPOut                   
0001005d  DebugTelemetry_Update                     
0001007d  MissionManager_Pause                      
0001009d  MotionAction_GetCurrentBypassDirection    
000100bd  MotionAction_GetCurrentObstaclePolicy     
000100dd  MotionAction_Init                         
000100fd  SchedulerMonitor_GetStats                 
0001011d  VisionReceiver_GetProtocolErrorCount      
0001017d  __aeabi_llsl                              
0001017d  __ashldi3                                 
0001019d  DL_Timer_setCaptCompUpdateMethod          
000101b9  DL_Timer_setClockConfig                   
000101d5  GimbalVisionAdapter_Init                  
000101f1  Imu_IsReady                               
0001020d  Menu_Init                                 
00010229  ObstacleMonitor_Init                      
00010245  ObstacleSafety_Init                       
00010261  VisionPitchTuning_ParamName               
0001027d  VisionYawTuning_GetSnapshot               
00010299  VisionYawTuning_ParamName                 
000102b5  WatchdogMonitor_NotifyControlCycleComplete
000102ed  CarController_RunModeToString             
00010305  DL_Timer_setCaptureCompareOutCtl          
0001031d  DebugTelemetry_Init                       
00010335  HeadingControl_SetTargetYaw               
0001034d  Menu_ParamItemToString                    
00010365  MotionAction_Cancel                       
0001037d  RuntimeSnapshot_Init                      
00010395  __aeabi_fcmpun                            
00010395  __unordsf2                                
000103ad  Fault_Clear                               
000103c1  Fault_Init                                
000103d5  GROUP1_IRQHandler                         
000103e9  GimbalStepper_SetStepHalfPeriodTicks      
000103fd  HeadingControl_Enable                     
00010411  HeadingControl_Init                       
00010425  HeadingControl_Reset                      
00010439  MissionLibrary_FindById                   
0001044d  MissionLibrary_GetByIndex                 
00010461  MissionManager_GetSelectedMissionId       
00010475  VisionPitchTuning_GetSnapshot             
00010489  VisionUart_Init                           
0001049d  __aeabi_ldivmod                           
000104b1  __aeabi_uldivmod                          
000104c5  DL_UART_setClockConfig                    
000104d7  __TI_decompress_none                      
000104e9  DL_Timer_setCaptureCompareValue           
000104f9  Gimbal_YawGetFeedback                     
00010509  Key_GetEvent                              
00010519  ObstacleAvoidance_IsResumeGraceActive     
00010529  __TI_zero_init                            
00010539  CarController_GetRunMode                  
00010545  CarController_IsSafetyHoldActive          
00010551  CarState_Get                              
0001055d  CarState_Init                             
00010569  CarState_Set                              
00010575  EmergencyStop_Init                        
00010581  EmergencyStop_IsActive                    
0001058d  GimbalVisionAdapter_GetObservation        
00010599  Gimbal_Tick100us                          
000105a5  Gimbal_Update5ms                          
000105b1  Imu_GetCorrectedGyroZDps                  
000105bd  Imu_GetYaw                                
000105c9  Imu_ResetYaw                              
000105d5  Menu_GetPage                              
000105e1  Menu_GetParamItem                         
000105ed  MissionManager_IsExternallyHeld           
000105f9  MissionManager_SetExternalHold            
00010605  ObstacleAvoidance_IsActive                
00010611  ObstacleAvoidance_IsFailed                
0001061d  ObstacleSafety_IsHolding                  
00010629  OledUi_Init                               
00010635  SystemTime_GetMs                          
00010641  WatchdogMonitor_HasTripped                
0001064d  __aeabi_memclr                            
0001064d  __aeabi_memclr4                           
0001064d  __aeabi_memclr8                           
00010659  DL_Common_delayCycles                     
00010663  TrackSensor_IsCenterDetected              
0001066d  TrackSensor_IsLineDetected                
00010677  TrackSensor_IsLineLost                    
00010681  Fault_GetRecord                           
00010689  GimbalStepper_GetFeedback                 
00010691  GimbalVisionAdapter_GetFeedback           
00010699  Gimbal_PitchStopTrackingHold              
000106a1  HeadingControl_GetRuntime                 
000106a9  Imu_GetRuntime                            
000106b1  LineController_GetRuntime                 
000106b9  MissionManager_GetMissionCount            
000106c1  MissionManager_GetRuntime                 
000106c9  MotionAction_GetRuntime                   
000106d1  MotorControl_GetRuntime                   
000106d9  ObstacleAvoidance_GetFeedback             
000106e1  ObstacleMonitor_GetFeedback               
000106e9  Servo_GetFeedback                         
000106f1  Ultrasonic_GetFeedback                    
000106f9  VisionPitchTuning_GetStatus               
00010701  VisionReceiver_GetObservation             
00010709  VisionReceiver_GetStatus                  
00010711  VisionTuningConsole_GetStatus             
00010719  WatchdogMonitor_GetStatus                 
00010721  WheelSpeedEstimator_GetRuntime            
00010729  __aeabi_memcpy                            
00010729  __aeabi_memcpy4                           
00010729  __aeabi_memcpy8                           
00010731  __aeabi_memmove                           
00010731  __aeabi_memmove4                          
00010731  __aeabi_memmove8                          
00010739  abort                                     
0001073e  C$$EXIT                                   
0001073f  HOSTexit                                  
00010743  MissionLibrary_GetCount                   
00010747  Reset_Handler                             
0001075d  _system_pre_init                          
000112c8  __TI_Handler_Table_Base                   
000112d4  __TI_Handler_Table_Limit                  
000112e4  __TI_CINIT_Base                           
000112f4  __TI_CINIT_Limit                          
000112f4  __TI_CINIT_Warm                           
20200000  __start___llvm_prf_bits                   
20200000  __start___llvm_prf_cnts                   
20200000  __stop___llvm_prf_bits                    
20200000  __stop___llvm_prf_cnts                    
20200530  g_appConfig                               
202006d0  g_wheelSpeedEstimatorRuntime              
20200870  g_appRuntime                              
202008b0  gUART_VISIONBackup                        
20200988  g_imuRuntime                              
20200ab0  g_headingRuntime                          
20200c02  g_trackError                              
20200c45  g_carStateDebug                           
20200c46  g_keyEvent                                
20200c47  g_oledPageDebug                           
20200c48  g_paramItemDebug                          
20200c49  g_trackBlackCount                         
20200c4a  g_trackModeDebug                          
20200c4b  g_trackRaw                                
20200c4c  g_trackTurnDebug                          
20207e00  __stack                                   
20208000  __STACK_END                               
ffffffff  __TI_pprof_out_hndl                       
ffffffff  __TI_prof_data_size                       
ffffffff  __TI_prof_data_start                      
ffffffff  __binit__                                 
ffffffff  binit                                     
UNDEFED   __mpu_init                                
UNDEFED   _system_post_cinit                        

[387 symbols]
