******************************************************************************
            TI ARM Clang Linker PC v4.0.4                      
******************************************************************************
>> Linked Wed Jul 22 19:32:05 2026

OUTPUT FILE NAME:   <diansaikaishi.out>
ENTRY POINT SYMBOL: "_c_int00_noargs"  address: 0000d6e1


MEMORY CONFIGURATION

         name            origin    length      used     unused   attr    fill
----------------------  --------  ---------  --------  --------  ----  --------
  FLASH                 00000000   00020000  0000e7f0  00011810  R  X
  SRAM                  20200000   00008000  00000bde  00007422  RW X
  BCR_CONFIG            41c00000   000000ff  00000000  000000ff  R   
  BSL_CONFIG            41c00100   00000080  00000000  00000080  R   


SEGMENT ALLOCATION MAP

run origin  load origin   length   init length attrs members
----------  ----------- ---------- ----------- ----- -------
00000000    00000000    0000e7f0   0000e7f0    r-x
  00000000    00000000    000000c0   000000c0    r-- .intvecs
  000000c0    000000c0    0000de60   0000de60    r-x .text
  0000df20    0000df20    000008a0   000008a0    r-- .rodata
  0000e7c0    0000e7c0    00000030   00000030    r-- .cinit
20200000    20200000    000009de   00000000    rw-
  20200000    20200000    000009dd   00000000    rw- .bss
  202009dd    202009dd    00000001   00000000    rw- .data
20207e00    20207e00    00000200   00000000    rw-
  20207e00    20207e00    00000200   00000000    rw- .stack


SECTION ALLOCATION MAP

 output                                  attributes/
section   page    origin      length       input sections
--------  ----  ----------  ----------   ----------------
.intvecs   0    00000000    000000c0     
                  00000000    000000c0     startup_mspm0g350x_ticlang.o (.intvecs)

.text      0    000000c0    0000de60     
                  000000c0    00001dd4     vision_tuning_console.o (.text.VisionTuningConsole_Process)
                  00001e94    00001378     oled_ui.o (.text.OledUi_Update_20ms)
                  0000320c    0000047c     gimbal_tracker.o (.text.GimbalTracker_Update)
                  00003688    000003b0     vision_receiver.o (.text.VisionReceiver_Process)
                  00003a38    00000388     gimbal_vision_yaw_tracker.o (.text.GimbalVisionYawTracker_Update10ms)
                  00003dc0    0000037c     menu.o (.text.Menu_HandleKeyEvent)
                  0000413c    00000370     gimbal.o (.text.gimbal_update_feedback)
                  000044ac    00000340     obstacle_avoidance.o (.text.ObstacleAvoidance_Update_20ms)
                  000047ec    00000310     vision_tuning_console.o (.text.append_scaled)
                  00004afc    000002f0     imu.o (.text.mpu6050_read_regs)
                  00004dec    000002d8     imu.o (.text.Imu_Init)
                  000050c4    000002c4     app_config.o (.text.AppConfig_LimitAll)
                  00005388    000002a8     gimbal_tracker.o (.text.update_feedback)
                  00005630    00000298     gimbal.o (.text.Gimbal_YawSetWrappedTargetDeg)
                  000058c8    00000294     gimbal.o (.text.Gimbal_YawUpdate5ms)
                  00005b5c    00000290     gimbal.o (.text.Gimbal_PitchSetTrackingSpeedDegS)
                  00005dec    00000278     car_controller.o (.text.handle_turn_to_yaw)
                  00006064    00000260     gimbal.o (.text.gimbal_pitch_set_target_steps)
                  000062c4    00000254     oled.o (.text.OLED_Clear)
                  00006518    00000238     gimbal.o (.text.gimbal_pitch_update_feedback)
                  00006750    00000234     motion_action.o (.text.MotionAction_Update_20ms)
                  00006984    00000228     gimbal_vision_pitch_tracker.o (.text.GimbalVisionPitchTracker_Update10ms)
                  00006bac    00000214     imu.o (.text.Imu_CalibrateGyroBias)
                  00006dc0    0000020c     car_controller.o (.text.handle_follow_line)
                  00006fcc    00000204     motor.o (.text.Motor_SetSpeed)
                  000071d0    000001f4     vision_protocol.o (.text.VisionProtocol_ParseV1TargetFrame)
                  000073c4    000001cc     imu.o (.text.imu_i2c_write_byte)
                  00007590    000001bc     gimbal.o (.text.Gimbal_PitchUpdate5ms)
                  0000774c    000001b8     oled.o (.text.oled_i2c_write_byte)
                  00007904    000001a0     ultrasonic.o (.text.Ultrasonic_Tick100us)
                  00007aa4    00000194     gimbal_stepper.o (.text.GimbalStepper_Tick100us)
                  00007c38    00000188     gimbal_vision_yaw_tracker.o (.text.GimbalVisionYawTracker_Enable)
                  00007dc0    00000180     gimbal.o (.text.Gimbal_PitchTick100us)
                  00007f40    0000017c     gimbal_stepper.o (.text.GimbalStepper_MoveToEstimatedSteps)
                  000080bc    00000174     key.o (.text.Key_Update_20ms)
                  00008230    0000016c     gimbal.o (.text.Gimbal_Init)
                  0000839c    00000168     empty.o (.text.main)
                  00008504    00000164     heading_control.o (.text.HeadingControl_Update)
                  00008668    00000160     gimbal.o (.text.gimbal_yaw_set_target_x10)
                  000087c8    0000015c     car_controller.o (.text.handle_lost_recover)
                  00008924    00000158     vision_tuning_console.o (.text.send_parameter_reply)
                  00008a7c    00000158     vision_tuning_console.o (.text.send_yaw_parameter_reply)
                  00008bd4    00000150     car_controller.o (.text.handle_seek_line)
                  00008d24    00000144     car_controller.o (.text.CarController_Update_20ms)
                  00008e68    0000013c     oled.o (.text.OLED_PrintInt16)
                  00008fa4    00000134     imu.o (.text.Imu_Update)
                  000090d8    00000134     car_controller.o (.text.handle_drive_heading)
                  0000920c    0000012c     imu.o (.text.imu_i2c_recover_bus)
                  00009338    00000128     gimbal.o (.text.Gimbal_YawEnableWorldLock)
                  00009460    00000128     motion_action.o (.text.MotionAction_Start)
                  00009588    00000124     vision_tuning_console.o (.text.send_simple_reply)
                  000096ac    00000124     gimbal_vision_yaw_tracker.o (.text.sync_target_from_yaw)
                  000097d0    00000110     app.o (.text.App_Update_20ms)
                  000098e0    00000104     driverlib.a : dl_timer.o (.text.DL_Timer_initFourCCPWMMode)
                  000099e4    00000104     car_controller.o (.text.handle_turn_90)
                  00009ae8    000000fc     gimbal.o (.text.Gimbal_PitchRelease)
                  00009be4    000000fc     mission_manager.o (.text.MissionManager_Update_20ms)
                  00009ce0    000000fc     empty.o (.text.SysTick_Handler)
                  00009ddc    000000f0     gimbal.o (.text.Gimbal_PitchStopHold)
                  00009ecc    000000f0     mission_manager.o (.text.MissionManager_SelectNext)
                  00009fbc    000000ec     gimbal_tracker.o (.text.sync_targets_from_gimbal)
                  0000a0a8    000000e8     runtime_snapshot.o (.text.RuntimeSnapshot_Update)
                  0000a190    000000e8     vision_protocol.o (.text.fields_are_valid)
                  0000a278    000000e0     obstacle_safety.o (.text.ObstacleSafety_Update_20ms)
                  0000a358    000000dc     gimbal.o (.text.Gimbal_PitchConfirmZero)
                  0000a434    000000dc     ti_msp_dl_config.o (.text.SYSCFG_DL_GPIO_init)
                  0000a510    000000dc     oled_ui.o (.text.print_tuning_change_value)
                  0000a5ec    000000d8     mission_manager.o (.text.MissionManager_SelectPrevious)
                  0000a6c4    000000d8     oled.o (.text.OLED_PrintUInt16)
                  0000a79c    000000d8     menu.o (.text.menu_adjust_param)
                  0000a874    000000d8     libclang_rt.builtins.a : addsf3.S.obj (.text)
                  0000a94c    000000d4     oled.o (.text.OLED_Init)
                  0000aa20    000000d0     oled.o (.text.OLED_PrintChar)
                  0000aaf0    000000c8     app_config.o (.text.AppConfig_InitDefault)
                  0000abb8    000000c8     gimbal.o (.text.Gimbal_YawConfirmZero)
                  0000ac80    000000b8     car_controller.o (.text.CarController_StartTurnToYawRelative)
                  0000ad38    000000b4     car_controller.o (.text.CarController_StartSeekLine)
                  0000adec    000000b4     gimbal_stepper.o (.text.GimbalStepper_StopHold)
                  0000aea0    000000b4     gimbal_vision_adapter.o (.text.GimbalVisionAdapter_Update)
                  0000af54    000000b0     car_controller.o (.text.CarController_StartDriveHeading)
                  0000b004    000000b0     fault.o (.text.FaultCode_ToShortString)
                  0000b0b4    000000b0     gimbal_stepper.o (.text.GimbalStepper_Init)
                  0000b164    000000b0     gimbal.o (.text.Gimbal_PitchMoveRelativeDeg)
                  0000b214    000000aa     mission_library.o (.text.MissionLibrary_Validate)
                  0000b2be    00000002     startup_mspm0g350x_ticlang.o (.text.Default_Handler)
                  0000b2c0    000000a8     gimbal_vision_pitch_tracker.o (.text.GimbalVisionPitchTracker_Enable)
                  0000b368    000000a4     gimbal_vision_yaw_tracker.o (.text.wrap_deg_360)
                  0000b40c    000000a2     libclang_rt.builtins.a : udivmoddi4.S.obj (.text)
                  0000b4ae    00000002     track_sensor.o (.text.TrackSensor_Init)
                  0000b4b0    0000009c     obstacle_monitor.o (.text.ObstacleMonitor_Update_20ms)
                  0000b54c    0000009a     libc.a : memcpy16.S.obj (.text:memcpy)
                  0000b5e6    00000002     libclang_rt.builtins.a : aeabi_div0.c.obj (.text.__aeabi_idiv0)
                  0000b5e8    00000098     car_controller.o (.text.CarController_StartFollowLine)
                  0000b680    00000098     imu.o (.text.mpu6050_write_reg)
                  0000b718    0000008c     car_controller.o (.text.CarController_StartTurnRight90)
                  0000b7a4    0000008c     gimbal.o (.text.Gimbal_YawDisableWorldLock)
                  0000b830    0000008c     gimbal.o (.text.Gimbal_YawStopHold)
                  0000b8bc    0000008c     ti_msp_dl_config.o (.text.SYSCFG_DL_PWM_MOTOR_init)
                  0000b948    0000008c     libclang_rt.builtins.a : mulsf3.S.obj (.text.__mulsf3)
                  0000b9d4    00000088     car_controller.o (.text.CarController_StartTurnLeft90)
                  0000ba5c    00000004     libsysbm.a : hostexit.c.obj (.text.HOSTexit)
                  0000ba60    00000088     libc.a : strcmp-armv6m.S.obj (.text:strcmp)
                  0000bae8    00000084     gimbal_stepper.o (.text.GimbalStepper_ConfirmZero)
                  0000bb6c    00000084     gimbal_tracker.o (.text.GimbalTracker_PushObservation)
                  0000bbf0    00000084     motor.o (.text.Motor_Init)
                  0000bc74    00000082     libclang_rt.builtins.a : divsf3.S.obj (.text.__divsf3)
                  0000bcf6    00000002                            : aeabi_div0.c.obj (.text.__aeabi_ldiv0)
                  0000bcf8    00000080     car_controller.o (.text.CarController_Init)
                  0000bd78    00000080     car_controller.o (.text.CarController_ResetRuntime)
                  0000bdf8    00000080     gimbal_tracker.o (.text.GimbalTracker_Init)
                  0000be78    00000080     motor.o (.text.Motor_Stop)
                  0000bef8    0000007c     vision_pitch_tuning.o (.text.VisionPitchTuning_Set)
                  0000bf74    0000007c     libc.a : copy_decompress_lzss.c.obj (.text:decompress:lzss)
                  0000bff0    0000007a     app.o (.text.App_Init)
                  0000c06a    00000002     --HOLE-- [fill = 0]
                  0000c06c    00000078     oled.o (.text.oled_write_command)
                  0000c0e4    00000074     car_controller.o (.text.CarController_SetSafetyHold)
                  0000c158    00000070     gimbal_stepper.o (.text.GimbalStepper_Release)
                  0000c1c8    00000070     menu.o (.text.Menu_GetParamValue)
                  0000c238    00000070     ti_msp_dl_config.o (.text.SYSCFG_DL_UART_VISION_init)
                  0000c2a8    00000070     vision_yaw_tuning.o (.text.VisionYawTuning_Set)
                  0000c318    0000006e     track_sensor.o (.text.TrackSensor_DetectTurn)
                  0000c386    00000002     --HOLE-- [fill = 0]
                  0000c388    0000006c     encoder.o (.text.Encoder_HandleGpioInterrupt)
                  0000c3f4    0000006c     gimbal_vision_yaw_tracker.o (.text.GimbalVisionYawTracker_Init)
                  0000c460    00000068     mission_manager.o (.text.MissionManager_GetSelectedMissionIndex)
                  0000c4c8    00000066     track_sensor.o (.text.TrackSensor_GetErrorFromRaw)
                  0000c52e    00000002     --HOLE-- [fill = 0]
                  0000c530    00000064     gimbal.o (.text.Gimbal_YawRelease)
                  0000c594    00000062     libclang_rt.builtins.a : aeabi_fcmp.S.obj (.text.__aeabi_fcmp)
                  0000c5f6    00000062     libc.a : memset16.S.obj (.text:memset)
                  0000c658    00000060     gimbal_tracker.o (.text.GimbalTracker_Enable)
                  0000c6b8    00000060     gimbal_tracker.o (.text.GimbalTracker_GetFeedback)
                  0000c718    00000060     vision_tuning_console.o (.text.VisionTuningConsole_Init)
                  0000c778    00000060     libclang_rt.builtins.a : fixsfdi.S.obj (.text.__fixsfdi)
                  0000c7d8    00000060     motion_action.o (.text.motion_action_resolve_yaw_target)
                  0000c838    0000005e     oled.o (.text.OLED_PrintBinary7)
                  0000c896    00000002     --HOLE-- [fill = 0]
                  0000c898    0000005c     vision_uart.o (.text.UART3_IRQHandler)
                  0000c8f4    0000005c     ultrasonic.o (.text.Ultrasonic_Update_20ms)
                  0000c950    0000005c     obstacle_avoidance.o (.text.avoid_fail)
                  0000c9ac    00000058     gimbal.o (.text.Gimbal_YawMoveRelativeDeg)
                  0000ca04    00000056     libclang_rt.builtins.a : aeabi_idivmod.S.obj (.text.__aeabi_idivmod)
                  0000ca5a    00000002     --HOLE-- [fill = 0]
                  0000ca5c    00000054     track_sensor.o (.text.TrackSensor_ReadRaw)
                  0000cab0    00000054     gimbal_vision_yaw_tracker.o (.text.float_to_scaled_i16)
                  0000cb04    00000054     gimbal_vision_yaw_tracker.o (.text.stop_owned_tracking)
                  0000cb58    00000050     mission_manager.o (.text.MissionManager_Start)
                  0000cba8    00000050     ultrasonic.o (.text.Ultrasonic_Init)
                  0000cbf8    00000050     watchdog_monitor.o (.text.WatchdogMonitor_ApplyFaultIfNeeded)
                  0000cc48    0000004c     watchdog_monitor.o (.text.WatchdogMonitor_Tick1msFromIsr)
                  0000cc94    0000004a     obstacle_avoidance.o (.text.avoid_can_start)
                  0000ccde    00000002     --HOLE-- [fill = 0]
                  0000cce0    00000048     driverlib.a : dl_uart.o (.text.DL_UART_init)
                  0000cd28    00000048     mission_manager.o (.text.MissionManager_Init)
                  0000cd70    00000048     motion_action.o (.text.MotionAction_ReapplyControllerTarget)
                  0000cdb8    00000048     menu.o (.text.menu_next_main_page)
                  0000ce00    00000044     servo.o (.text.Servo_Tick100us)
                  0000ce44    00000040     gimbal_vision_pitch_tracker.o (.text.GimbalVisionPitchTracker_Init)
                  0000ce84    00000040     ti_msp_dl_config.o (.text.SYSCFG_DL_SYSCTL_init)
                  0000cec4    00000040     ti_msp_dl_config.o (.text.SYSCFG_DL_initPower)
                  0000cf04    00000040     vision_receiver.o (.text.VisionReceiver_PushByteFromIsr)
                  0000cf44    00000040     libclang_rt.builtins.a : aeabi_uidivmod.S.obj (.text.__aeabi_uidivmod)
                  0000cf84    0000003e                            : divmoddi4.c.obj (.text.__divmoddi4)
                  0000cfc2    00000002     --HOLE-- [fill = 0]
                  0000cfc4    0000003c     emergency_stop.o (.text.EmergencyStop_Reset)
                  0000d000    0000003c     gimbal_tracker.o (.text.GimbalTracker_ClearObservation)
                  0000d03c    0000003c     servo.o (.text.Servo_SetAngleDeg)
                  0000d078    0000003c     vision_tuning_console.o (.text.VisionTuningConsole_PushByteFromIsr)
                  0000d0b4    0000003c     libclang_rt.builtins.a : floatsisf.S.obj (.text.__floatsisf)
                  0000d0f0    0000003c                            : comparesf2.S.obj (.text.__gtsf2)
                  0000d12c    0000003c     libc.a : autoinit.c.obj (.text:__TI_auto_init_nobinit_nopinit)
                  0000d168    0000003a     libclang_rt.builtins.a : comparesf2.S.obj (.text.__eqsf2)
                  0000d1a2    00000002     --HOLE-- [fill = 0]
                  0000d1a4    0000003a                            : muldsi3.S.obj (.text.__muldsi3)
                  0000d1de    00000002     --HOLE-- [fill = 0]
                  0000d1e0    00000038     vision_receiver.o (.text.VisionReceiver_Init)
                  0000d218    00000038     libclang_rt.builtins.a : fixsfsi.S.obj (.text.__fixsfsi)
                  0000d250    00000034     emergency_stop.o (.text.EmergencyStop_Trigger)
                  0000d284    00000034     mission_manager.o (.text.MissionManager_Cancel)
                  0000d2b8    00000034     oled.o (.text.OLED_SetCursor)
                  0000d2ec    00000034     vision_tuning_console.o (.text.VisionTuningConsole_TryPopTxByte)
                  0000d320    00000034     vision_uart.o (.text.VisionUart_Process)
                  0000d354    00000034     obstacle_avoidance.o (.text.avoid_start)
                  0000d388    00000032     oled.o (.text.OLED_PrintString)
                  0000d3ba    00000002     --HOLE-- [fill = 0]
                  0000d3bc    00000030     fault.o (.text.Fault_Raise)
                  0000d3ec    00000030     gimbal_vision_yaw_tracker.o (.text.GimbalVisionYawTracker_GetFeedback)
                  0000d41c    00000030     gimbal.o (.text.Gimbal_PitchGetFeedback)
                  0000d44c    00000030     key.o (.text.Key_Init)
                  0000d47c    00000030     mission_manager.o (.text.MissionManager_Reset)
                  0000d4ac    00000030     mission_manager.o (.text.MissionManager_Resume)
                  0000d4dc    00000030     vision_pitch_tuning.o (.text.VisionPitchTuning_RestoreDefault)
                  0000d50c    00000030     watchdog_monitor.o (.text.WatchdogMonitor_Init)
                  0000d53c    00000030     gimbal_vision_yaw_tracker.o (.text.refresh_yaw_feedback)
                  0000d56c    0000002c     track_sensor.o (.text.TrackSensor_CountBlack)
                  0000d598    0000002c     vision_yaw_tuning.o (.text.VisionYawTuning_RestoreDefault)
                  0000d5c4    0000002c     gimbal_vision_pitch_tracker.o (.text.speed_to_x10)
                  0000d5f0    00000028     obstacle_avoidance.o (.text.ObstacleAvoidance_Init)
                  0000d618    00000028     servo.o (.text.Servo_Init)
                  0000d640    00000028     vision_pitch_tuning.o (.text.VisionPitchTuning_Init)
                  0000d668    00000028     watchdog_monitor.o (.text.WatchdogMonitor_Reset)
                  0000d690    00000028     libclang_rt.builtins.a : floatunsisf.S.obj (.text.__floatunsisf)
                  0000d6b8    00000028     libc.a : memmov.c.obj (.text.memmove)
                  0000d6e0    00000028            : boot_cortex_m.c.obj (.text:_c_int00_noargs)
                  0000d708    00000024     emergency_stop.o (.text.EmergencyStop_Enforce)
                  0000d72c    00000024     encoder.o (.text.Encoder_Reset)
                  0000d750    00000024     gimbal_vision_pitch_tracker.o (.text.GimbalVisionPitchTracker_GetFeedback)
                  0000d774    00000024     mission_manager.o (.text.MissionManager_ReportExternalFailure)
                  0000d798    00000024     ti_msp_dl_config.o (.text.SYSCFG_DL_init)
                  0000d7bc    00000024     vision_yaw_tuning.o (.text.VisionYawTuning_Init)
                  0000d7e0    00000024     libclang_rt.builtins.a : muldi3.S.obj (.text.__muldi3)
                  0000d804    00000020     car_controller.o (.text.CarController_Stop)
                  0000d824    00000020     driverlib.a : dl_timer.o (.text.DL_Timer_overrideCCPOut)
                  0000d844    00000020     debug_telemetry.o (.text.DebugTelemetry_Update)
                  0000d864    00000020     mission_manager.o (.text.MissionManager_Pause)
                  0000d884    00000020     motion_action.o (.text.MotionAction_GetCurrentBypassDirection)
                  0000d8a4    00000020     motion_action.o (.text.MotionAction_GetCurrentObstaclePolicy)
                  0000d8c4    00000020     motion_action.o (.text.MotionAction_Init)
                  0000d8e4    00000020     empty.o (.text.SchedulerMonitor_GetStats)
                  0000d904    00000020     vision_receiver.o (.text.VisionReceiver_GetProtocolErrorCount)
                  0000d924    00000020     mission_manager.o (.text.mission_finish_error)
                  0000d944    0000001e     libclang_rt.builtins.a : ashldi3.S.obj (.text.__ashldi3)
                  0000d962    00000002     --HOLE-- [fill = 0]
                  0000d964    0000001c     driverlib.a : dl_timer.o (.text.DL_Timer_setCaptCompUpdateMethod)
                  0000d980    0000001c                 : dl_timer.o (.text.DL_Timer_setClockConfig)
                  0000d99c    0000001c     gimbal_vision_adapter.o (.text.GimbalVisionAdapter_Init)
                  0000d9b8    0000001c     imu.o (.text.Imu_IsReady)
                  0000d9d4    0000001c     menu.o (.text.Menu_Init)
                  0000d9f0    0000001c     obstacle_monitor.o (.text.ObstacleMonitor_Init)
                  0000da0c    0000001c     obstacle_safety.o (.text.ObstacleSafety_Init)
                  0000da28    0000001c     vision_pitch_tuning.o (.text.VisionPitchTuning_ParamName)
                  0000da44    0000001c     vision_yaw_tuning.o (.text.VisionYawTuning_GetSnapshot)
                  0000da60    0000001c     vision_yaw_tuning.o (.text.VisionYawTuning_ParamName)
                  0000da7c    0000001c     watchdog_monitor.o (.text.WatchdogMonitor_NotifyControlCycleComplete)
                  0000da98    0000001c     mission_manager.o (.text.mission_finish_success)
                  0000dab4    00000018     car_controller.o (.text.CarController_RunModeToString)
                  0000dacc    00000018     driverlib.a : dl_timer.o (.text.DL_Timer_setCaptureCompareOutCtl)
                  0000dae4    00000018     debug_telemetry.o (.text.DebugTelemetry_Init)
                  0000dafc    00000018     heading_control.o (.text.HeadingControl_LockCurrentYaw)
                  0000db14    00000018     heading_control.o (.text.HeadingControl_SetTargetYaw)
                  0000db2c    00000018     menu.o (.text.Menu_ParamItemToString)
                  0000db44    00000018     mission_library.o (.text.MissionLibrary_FindById)
                  0000db5c    00000018     motion_action.o (.text.MotionAction_Cancel)
                  0000db74    00000018     runtime_snapshot.o (.text.RuntimeSnapshot_Init)
                  0000db8c    00000014     fault.o (.text.Fault_Clear)
                  0000dba0    00000014     fault.o (.text.Fault_Init)
                  0000dbb4    00000014     empty.o (.text.GROUP1_IRQHandler)
                  0000dbc8    00000014     gimbal_stepper.o (.text.GimbalStepper_SetStepHalfPeriodTicks)
                  0000dbdc    00000014     heading_control.o (.text.HeadingControl_Enable)
                  0000dbf0    00000014     heading_control.o (.text.HeadingControl_Init)
                  0000dc04    00000014     heading_control.o (.text.HeadingControl_Reset)
                  0000dc18    00000014     mission_library.o (.text.MissionLibrary_GetByIndex)
                  0000dc2c    00000014     mission_manager.o (.text.MissionManager_GetSelectedMissionId)
                  0000dc40    00000014     vision_pitch_tuning.o (.text.VisionPitchTuning_GetSnapshot)
                  0000dc54    00000014     vision_uart.o (.text.VisionUart_Init)
                  0000dc68    00000014     libclang_rt.builtins.a : aeabi_ldivmod.S.obj (.text.__aeabi_ldivmod)
                  0000dc7c    00000014                            : aeabi_uldivmod.S.obj (.text.__aeabi_uldivmod)
                  0000dc90    00000012     driverlib.a : dl_uart.o (.text.DL_UART_setClockConfig)
                  0000dca2    00000012     libc.a : copy_decompress_none.c.obj (.text:decompress:none)
                  0000dcb4    00000010     driverlib.a : dl_timer.o (.text.DL_Timer_setCaptureCompareValue)
                  0000dcc4    00000010     gimbal.o (.text.Gimbal_YawGetFeedback)
                  0000dcd4    00000010     key.o (.text.Key_GetEvent)
                  0000dce4    00000010     obstacle_avoidance.o (.text.ObstacleAvoidance_IsResumeGraceActive)
                  0000dcf4    00000010     libc.a : copy_zero_init.c.obj (.text:decompress:ZI)
                  0000dd04    0000000c     car_controller.o (.text.CarController_GetRunMode)
                  0000dd10    0000000c     car_controller.o (.text.CarController_IsSafetyHoldActive)
                  0000dd1c    0000000c     car_state.o (.text.CarState_Get)
                  0000dd28    0000000c     car_state.o (.text.CarState_Init)
                  0000dd34    0000000c     car_state.o (.text.CarState_Set)
                  0000dd40    0000000c     emergency_stop.o (.text.EmergencyStop_Init)
                  0000dd4c    0000000c     emergency_stop.o (.text.EmergencyStop_IsActive)
                  0000dd58    0000000c     gimbal_vision_adapter.o (.text.GimbalVisionAdapter_GetObservation)
                  0000dd64    0000000c     gimbal.o (.text.Gimbal_Tick100us)
                  0000dd70    0000000c     gimbal.o (.text.Gimbal_Update5ms)
                  0000dd7c    0000000c     imu.o (.text.Imu_GetCorrectedGyroZDps)
                  0000dd88    0000000c     imu.o (.text.Imu_GetYaw)
                  0000dd94    0000000c     imu.o (.text.Imu_ResetYaw)
                  0000dda0    0000000c     menu.o (.text.Menu_GetPage)
                  0000ddac    0000000c     menu.o (.text.Menu_GetParamItem)
                  0000ddb8    0000000c     mission_manager.o (.text.MissionManager_IsExternallyHeld)
                  0000ddc4    0000000c     mission_manager.o (.text.MissionManager_SetExternalHold)
                  0000ddd0    0000000c     obstacle_avoidance.o (.text.ObstacleAvoidance_IsActive)
                  0000dddc    0000000c     obstacle_avoidance.o (.text.ObstacleAvoidance_IsFailed)
                  0000dde8    0000000c     obstacle_safety.o (.text.ObstacleSafety_IsHolding)
                  0000ddf4    0000000c     oled_ui.o (.text.OledUi_Init)
                  0000de00    0000000c     empty.o (.text.SystemTime_GetMs)
                  0000de0c    0000000c     watchdog_monitor.o (.text.WatchdogMonitor_HasTripped)
                  0000de18    0000000c     libclang_rt.builtins.a : aeabi_memset.S.obj (.text.__aeabi_memclr)
                  0000de24    0000000a     driverlib.a : dl_common.o (.text.DL_Common_delayCycles)
                  0000de2e    0000000a     track_sensor.o (.text.TrackSensor_IsCenterDetected)
                  0000de38    0000000a     track_sensor.o (.text.TrackSensor_IsLineDetected)
                  0000de42    0000000a     track_sensor.o (.text.TrackSensor_IsLineLost)
                  0000de4c    00000008     car_controller.o (.text.CarController_GetFeedback)
                  0000de54    00000008     fault.o (.text.Fault_GetRecord)
                  0000de5c    00000008     gimbal_stepper.o (.text.GimbalStepper_GetFeedback)
                  0000de64    00000008     gimbal_vision_adapter.o (.text.GimbalVisionAdapter_GetFeedback)
                  0000de6c    00000008     gimbal.o (.text.Gimbal_PitchStopTrackingHold)
                  0000de74    00000008     heading_control.o (.text.HeadingControl_GetRuntime)
                  0000de7c    00000008     imu.o (.text.Imu_GetRuntime)
                  0000de84    00000008     mission_manager.o (.text.MissionManager_GetMissionCount)
                  0000de8c    00000008     mission_manager.o (.text.MissionManager_GetRuntime)
                  0000de94    00000008     motion_action.o (.text.MotionAction_GetRuntime)
                  0000de9c    00000008     obstacle_avoidance.o (.text.ObstacleAvoidance_GetFeedback)
                  0000dea4    00000008     obstacle_monitor.o (.text.ObstacleMonitor_GetFeedback)
                  0000deac    00000008     servo.o (.text.Servo_GetFeedback)
                  0000deb4    00000008     ultrasonic.o (.text.Ultrasonic_GetFeedback)
                  0000debc    00000008     vision_pitch_tuning.o (.text.VisionPitchTuning_GetStatus)
                  0000dec4    00000008     vision_receiver.o (.text.VisionReceiver_GetObservation)
                  0000decc    00000008     vision_receiver.o (.text.VisionReceiver_GetStatus)
                  0000ded4    00000008     vision_tuning_console.o (.text.VisionTuningConsole_GetStatus)
                  0000dedc    00000008     watchdog_monitor.o (.text.WatchdogMonitor_GetStatus)
                  0000dee4    00000008     libclang_rt.builtins.a : aeabi_memcpy.S.obj (.text.__aeabi_memcpy)
                  0000deec    00000008                            : aeabi_memmove.S.obj (.text.__aeabi_memmove)
                  0000def4    00000006     libc.a : exit.c.obj (.text:abort)
                  0000defa    00000004     mission_library.o (.text.MissionLibrary_GetCount)
                  0000defe    00000004     startup_mspm0g350x_ticlang.o (.text.Reset_Handler)
                  0000df02    00000002     --HOLE-- [fill = 0]
                  0000df04    00000010     libc.a : boot_cortex_m.c.obj (.tramp._c_int00_noargs.1)
                  0000df14    00000004            : pre_init.c.obj (.text._system_pre_init)
                  0000df18    00000008     --HOLE-- [fill = 0]

.cinit     0    0000e7c0    00000030     
                  0000e7c0    0000000c     (__TI_handler_table)
                  0000e7cc    00000008     (.cinit..bss.load) [load image, compression = zero_init]
                  0000e7d4    00000005     (.cinit..data.load) [load image, compression = lzss]
                  0000e7d9    00000003     --HOLE-- [fill = 0]
                  0000e7dc    00000010     (__TI_cinit_table)
                  0000e7ec    00000004     --HOLE-- [fill = 0]

.rodata    0    0000df20    000008a0     
                  0000df20    000000d8     oled.o (.rodata..Lswitch.table.OLED_PrintChar)
                  0000dff8    000000a8     mission_library.o (.rodata.g_missionMapA)
                  0000e0a0    000000a8     mission_library.o (.rodata.g_missionMapB)
                  0000e148    00000078     mission_library.o (.rodata.g_missionMapC)
                  0000e1c0    00000030     oled_ui.o (.rodata..Lswitch.table.OledUi_Update_20ms.150)
                  0000e1f0    00000030     mission_library.o (.rodata.g_missionRegistry)
                  0000e220    00000024     menu.o (.rodata..Lswitch.table.Menu_ParamItemToString)
                  0000e244    00000024     oled_ui.o (.rodata..Lswitch.table.OledUi_Update_20ms.154)
                  0000e268    00000024     oled_ui.o (.rodata..Lswitch.table.OledUi_Update_20ms.156)
                  0000e28c    00000020     oled_ui.o (.rodata..Lswitch.table.OledUi_Update_20ms.155)
                  0000e2ac    0000001c     car_controller.o (.rodata..Lswitch.table.CarController_RunModeToString)
                  0000e2c8    0000001c     vision_tuning_console.o (.rodata.str1.1836208005852235077.1)
                  0000e2e4    00000018     oled_ui.o (.rodata..Lswitch.table.OledUi_Update_20ms.157)
                  0000e2fc    00000018     vision_pitch_tuning.o (.rodata..Lswitch.table.VisionPitchTuning_ParamName)
                  0000e314    00000014     vision_yaw_tuning.o (.rodata..Lswitch.table.VisionYawTuning_ParamName)
                  0000e328    0000000e     oled_ui.o (.rodata.str1.10416366799939242409.1)
                  0000e336    00000002     ti_msp_dl_config.o (.rodata.gUART_VISIONClockConfig)
                  0000e338    0000000c     mission_library.o (.rodata..Lswitch.table.MissionLibrary_FindById)
                  0000e344    0000000c     oled_ui.o (.rodata..Lswitch.table.OledUi_Update_20ms.149)
                  0000e350    0000000c     oled_ui.o (.rodata..Lswitch.table.OledUi_Update_20ms.151)
                  0000e35c    0000000a     menu.o (.rodata..Lswitch.table.Menu_HandleKeyEvent)
                  0000e366    0000000a     ti_msp_dl_config.o (.rodata.gUART_VISIONConfig)
                  0000e370    0000000a     vision_tuning_console.o (.rodata.str1.4859846923128959820.1)
                  0000e37a    0000000a     vision_tuning_console.o (.rodata.str1.7225688704195888286.1)
                  0000e384    00000009     oled_ui.o (.rodata.str1.15008238333949226094.1)
                  0000e38d    00000003     ti_msp_dl_config.o (.rodata.gPWM_MOTORClockConfig)
                  0000e390    00000008     ti_msp_dl_config.o (.rodata.gPWM_MOTORConfig)
                  0000e398    00000008     vision_tuning_console.o (.rodata.str1.11718269490974306969.1)
                  0000e3a0    00000008     oled_ui.o (.rodata.str1.15802367878353263018.1)
                  0000e3a8    00000008     oled_ui.o (.rodata.str1.2522137003438374266.1)
                  0000e3b0    00000008     vision_tuning_console.o (.rodata.str1.3293472937029561918.1)
                  0000e3b8    00000008     oled_ui.o (.rodata.str1.6835749436006845616.1)
                  0000e3c0    00000008     oled_ui.o (.rodata.str1.9611283282870761829.1)
                  0000e3c8    00000007     vision_tuning_console.o (.rodata.str1.10860306953068020798.1)
                  0000e3cf    00000007     oled_ui.o (.rodata.str1.11149198520117834688.1)
                  0000e3d6    00000007     oled_ui.o (.rodata.str1.13875148296791986931.1)
                  0000e3dd    00000007     oled_ui.o (.rodata.str1.13882251010780863896.1)
                  0000e3e4    00000006     vision_tuning_console.o (.rodata.str1.10319329813075420582.1)
                  0000e3ea    00000006     oled_ui.o (.rodata.str1.10907125332684471422.1)
                  0000e3f0    00000006     oled_ui.o (.rodata.str1.12571791089077708471.1)
                  0000e3f6    00000006     mission_library.o (.rodata.str1.13636476544574750902.1)
                  0000e3fc    00000006     oled_ui.o (.rodata.str1.14358698208395374265.1)
                  0000e402    00000006     oled_ui.o (.rodata.str1.1445687256832830955.1)
                  0000e408    00000006     mission_library.o (.rodata.str1.15668266851434757964.1)
                  0000e40e    00000006     oled_ui.o (.rodata.str1.17717236995185551183.1)
                  0000e414    00000006     oled_ui.o (.rodata.str1.18379317056176403938.1)
                  0000e41a    00000006     mission_library.o (.rodata.str1.199678142196697465.1)
                  0000e420    00000006     oled_ui.o (.rodata.str1.3455423528827705371.1)
                  0000e426    00000006     oled_ui.o (.rodata.str1.3702290527496711532.1)
                  0000e42c    00000006     vision_tuning_console.o (.rodata.str1.4028100529439820245.1)
                  0000e432    00000006     oled_ui.o (.rodata.str1.58703915094955230.1)
                  0000e438    00000006     oled_ui.o (.rodata.str1.8460525935980491721.1)
                  0000e43e    00000006     oled_ui.o (.rodata.str1.8783421139296713095.1)
                  0000e444    00000006     oled_ui.o (.rodata.str1.9992244628984851027.1)
                  0000e44a    00000005     oled.o (.rodata.oled_get_glyph.colon)
                  0000e44f    00000005     oled.o (.rodata.oled_get_glyph.eight)
                  0000e454    00000005     oled.o (.rodata.oled_get_glyph.five)
                  0000e459    00000005     oled.o (.rodata.oled_get_glyph.four)
                  0000e45e    00000005     oled.o (.rodata.oled_get_glyph.glyphA)
                  0000e463    00000005     oled.o (.rodata.oled_get_glyph.glyphB)
                  0000e468    00000005     oled.o (.rodata.oled_get_glyph.glyphC)
                  0000e46d    00000005     oled.o (.rodata.oled_get_glyph.glyphD)
                  0000e472    00000005     oled.o (.rodata.oled_get_glyph.glyphE)
                  0000e477    00000005     oled.o (.rodata.oled_get_glyph.glyphG)
                  0000e47c    00000005     oled.o (.rodata.oled_get_glyph.glyphH)
                  0000e481    00000005     oled.o (.rodata.oled_get_glyph.glyphI)
                  0000e486    00000005     oled.o (.rodata.oled_get_glyph.glyphK)
                  0000e48b    00000005     oled.o (.rodata.oled_get_glyph.glyphL)
                  0000e490    00000005     oled.o (.rodata.oled_get_glyph.glyphM)
                  0000e495    00000005     oled.o (.rodata.oled_get_glyph.glyphN)
                  0000e49a    00000005     oled.o (.rodata.oled_get_glyph.glyphO)
                  0000e49f    00000005     oled.o (.rodata.oled_get_glyph.glyphP)
                  0000e4a4    00000005     oled.o (.rodata.oled_get_glyph.glyphR)
                  0000e4a9    00000005     oled.o (.rodata.oled_get_glyph.glyphS)
                  0000e4ae    00000005     oled.o (.rodata.oled_get_glyph.glyphT)
                  0000e4b3    00000005     oled.o (.rodata.oled_get_glyph.glyphU)
                  0000e4b8    00000005     oled.o (.rodata.oled_get_glyph.glyphV)
                  0000e4bd    00000005     oled.o (.rodata.oled_get_glyph.glyphW)
                  0000e4c2    00000005     oled.o (.rodata.oled_get_glyph.glyphX)
                  0000e4c7    00000005     oled.o (.rodata.oled_get_glyph.glyphY)
                  0000e4cc    00000005     oled.o (.rodata.oled_get_glyph.glyphb)
                  0000e4d1    00000005     oled.o (.rodata.oled_get_glyph.gt)
                  0000e4d6    00000005     oled.o (.rodata.oled_get_glyph.minus)
                  0000e4db    00000005     oled.o (.rodata.oled_get_glyph.nine)
                  0000e4e0    00000005     oled.o (.rodata.oled_get_glyph.one)
                  0000e4e5    00000005     oled.o (.rodata.oled_get_glyph.seven)
                  0000e4ea    00000005     oled.o (.rodata.oled_get_glyph.six)
                  0000e4ef    00000005     oled.o (.rodata.oled_get_glyph.space)
                  0000e4f4    00000005     oled.o (.rodata.oled_get_glyph.three)
                  0000e4f9    00000005     oled.o (.rodata.oled_get_glyph.two)
                  0000e4fe    00000005     oled.o (.rodata.oled_get_glyph.zero)
                  0000e503    00000005     oled_ui.o (.rodata.str1.10263419832828250601.1)
                  0000e508    00000005     oled_ui.o (.rodata.str1.12182588061437138428.1)
                  0000e50d    00000005     oled_ui.o (.rodata.str1.12617122458660443890.1)
                  0000e512    00000005     oled_ui.o (.rodata.str1.13750180467131823662.1)
                  0000e517    00000005     vision_pitch_tuning.o (.rodata.str1.13915893147848268398.1)
                  0000e51c    00000005     oled_ui.o (.rodata.str1.14134189893851348960.1)
                  0000e521    00000005     fault.o (.rodata.str1.14435905801345341244.1)
                  0000e526    00000005     oled_ui.o (.rodata.str1.14711868471336838103.1)
                  0000e52b    00000005     fault.o (.rodata.str1.1506612114648992996.1)
                  0000e530    00000005     oled_ui.o (.rodata.str1.15577080202403550426.1)
                  0000e535    00000005     oled_ui.o (.rodata.str1.15613891207764622616.1)
                  0000e53a    00000005     oled_ui.o (.rodata.str1.15817398807211891688.1)
                  0000e53f    00000005     oled_ui.o (.rodata.str1.16411631209783952401.1)
                  0000e544    00000005     oled_ui.o (.rodata.str1.16496169091617228061.1)
                  0000e549    00000005     car_controller.o (.rodata.str1.1652194605229746967.1)
                  0000e54e    00000005     oled_ui.o (.rodata.str1.16526439943277383452.1)
                  0000e553    00000005     fault.o (.rodata.str1.17097894860660336008.1)
                  0000e558    00000005     fault.o (.rodata.str1.17155043670132108083.1)
                  0000e55d    00000005     oled_ui.o (.rodata.str1.17242430504649735449.1)
                  0000e562    00000005     vision_tuning_console.o (.rodata.str1.17265544270347038021.1)
                  0000e567    00000005     oled_ui.o (.rodata.str1.17274519358952562110.1)
                  0000e56c    00000005     oled_ui.o (.rodata.str1.17540787658903907660.1)
                  0000e571    00000005     oled_ui.o (.rodata.str1.182352409660151230.1)
                  0000e576    00000005     fault.o (.rodata.str1.2104670281202025270.1)
                  0000e57b    00000005     oled_ui.o (.rodata.str1.2193316011307952170.1)
                  0000e580    00000005     oled_ui.o (.rodata.str1.2308938766145545715.1)
                  0000e585    00000005     oled_ui.o (.rodata.str1.2608729314174233125.1)
                  0000e58a    00000005     car_controller.o (.rodata.str1.4164979912472006574.1)
                  0000e58f    00000005     fault.o (.rodata.str1.4453281041433270631.1)
                  0000e594    00000005     oled_ui.o (.rodata.str1.4581472623415959594.1)
                  0000e599    00000005     oled_ui.o (.rodata.str1.4723632947289500520.1)
                  0000e59e    00000005     menu.o (.rodata.str1.4862307748908978627.1)
                  0000e5a3    00000005     oled_ui.o (.rodata.str1.5463568455719735.1)
                  0000e5a8    00000005     fault.o (.rodata.str1.6372787129294360447.1)
                  0000e5ad    00000005     fault.o (.rodata.str1.6437946768974223044.1)
                  0000e5b2    00000005     oled_ui.o (.rodata.str1.6473435968988645044.1)
                  0000e5b7    00000005     oled_ui.o (.rodata.str1.6806727740681590176.1)
                  0000e5bc    00000005     vision_yaw_tuning.o (.rodata.str1.7764041101441114269.1)
                  0000e5c1    00000005     oled_ui.o (.rodata.str1.7774807581888385879.1)
                  0000e5c6    00000005     fault.o (.rodata.str1.8185770893384132067.1)
                  0000e5cb    00000005     oled_ui.o (.rodata.str1.8426569189266129334.1)
                  0000e5d0    00000005     oled_ui.o (.rodata.str1.8471462185882660445.1)
                  0000e5d5    00000005     oled_ui.o (.rodata.str1.9159586779647977165.1)
                  0000e5da    00000005     oled_ui.o (.rodata.str1.9229350655415085.1)
                  0000e5df    00000005     car_controller.o (.rodata.str1.9234375891235759983.1)
                  0000e5e4    00000005     oled_ui.o (.rodata.str1.9250665025187963892.1)
                  0000e5e9    00000005     car_controller.o (.rodata.str1.9981487771679760427.1)
                  0000e5ee    00000004     oled_ui.o (.rodata.str1.10077435089618835710.1)
                  0000e5f2    00000004     oled_ui.o (.rodata.str1.1019225241002246410.1)
                  0000e5f6    00000004     oled_ui.o (.rodata.str1.10430294223631918979.1)
                  0000e5fa    00000004     oled_ui.o (.rodata.str1.10509309789429088155.1)
                  0000e5fe    00000004     oled_ui.o (.rodata.str1.10568433575767188072.1)
                  0000e602    00000004     oled_ui.o (.rodata.str1.1108652269057166745.1)
                  0000e606    00000004     oled_ui.o (.rodata.str1.11232419324784801130.1)
                  0000e60a    00000004     oled_ui.o (.rodata.str1.11428648044669318875.1)
                  0000e60e    00000004     oled_ui.o (.rodata.str1.11794000050372113979.1)
                  0000e612    00000004     menu.o (.rodata.str1.12110183915172842339.1)
                  0000e616    00000004     oled_ui.o (.rodata.str1.12359577037488465078.1)
                  0000e61a    00000004     car_controller.o (.rodata.str1.12442237994239546032.1)
                  0000e61e    00000004     oled_ui.o (.rodata.str1.12595606217184830646.1)
                  0000e622    00000004     oled_ui.o (.rodata.str1.12697925274637991987.1)
                  0000e626    00000004     oled_ui.o (.rodata.str1.12928245060369742404.1)
                  0000e62a    00000004     oled_ui.o (.rodata.str1.12983537867572525563.1)
                  0000e62e    00000004     menu.o (.rodata.str1.13124720451672825294.1)
                  0000e632    00000004     oled_ui.o (.rodata.str1.13244290092665904221.1)
                  0000e636    00000004     vision_tuning_console.o (.rodata.str1.14084955404328172175.1)
                  0000e63a    00000004     menu.o (.rodata.str1.14098755746347272832.1)
                  0000e63e    00000004     oled_ui.o (.rodata.str1.14265077442249237877.1)
                  0000e642    00000004     oled_ui.o (.rodata.str1.14521350379984854626.1)
                  0000e646    00000004     oled_ui.o (.rodata.str1.14774750633985060196.1)
                  0000e64a    00000004     oled_ui.o (.rodata.str1.15575624326185233262.1)
                  0000e64e    00000004     oled_ui.o (.rodata.str1.15829239520183577662.1)
                  0000e652    00000004     oled_ui.o (.rodata.str1.15859922799842739878.1)
                  0000e656    00000004     oled_ui.o (.rodata.str1.15917848551323629232.1)
                  0000e65a    00000004     oled_ui.o (.rodata.str1.16290499236105125126.1)
                  0000e65e    00000004     fault.o (.rodata.str1.16482347271627360806.1)
                  0000e662    00000004     vision_pitch_tuning.o (.rodata.str1.16579632732967443104.1)
                  0000e666    00000004     oled_ui.o (.rodata.str1.16635595130967924751.1)
                  0000e66a    00000004     oled_ui.o (.rodata.str1.16849766574302683489.1)
                  0000e66e    00000004     oled_ui.o (.rodata.str1.16931641404301806744.1)
                  0000e672    00000004     oled_ui.o (.rodata.str1.16939060351352778619.1)
                  0000e676    00000004     menu.o (.rodata.str1.17041139162815566052.1)
                  0000e67a    00000004     car_controller.o (.rodata.str1.17172356789460551389.1)
                  0000e67e    00000004     oled_ui.o (.rodata.str1.17436941090773226089.1)
                  0000e682    00000004     oled_ui.o (.rodata.str1.17464849429964608858.1)
                  0000e686    00000004     oled_ui.o (.rodata.str1.17763087492223448992.1)
                  0000e68a    00000004     oled_ui.o (.rodata.str1.17884296644359297425.1)
                  0000e68e    00000004     car_controller.o (.rodata.str1.18191498530309206443.1)
                  0000e692    00000004     oled_ui.o (.rodata.str1.18266126048138325213.1)
                  0000e696    00000004     oled_ui.o (.rodata.str1.1974573040514735405.1)
                  0000e69a    00000004     oled_ui.o (.rodata.str1.240075016795266086.1)
                  0000e69e    00000004     oled_ui.o (.rodata.str1.2742282290834473644.1)
                  0000e6a2    00000004     oled_ui.o (.rodata.str1.3407221357956504873.1)
                  0000e6a6    00000004     oled_ui.o (.rodata.str1.3467953211977455017.1)
                  0000e6aa    00000004     oled_ui.o (.rodata.str1.4082595774073207366.1)
                  0000e6ae    00000004     oled_ui.o (.rodata.str1.4193589846040060630.1)
                  0000e6b2    00000004     oled_ui.o (.rodata.str1.4402311448527872260.1)
                  0000e6b6    00000004     fault.o (.rodata.str1.4549004730087743662.1)
                  0000e6ba    00000004     oled_ui.o (.rodata.str1.4582914374586912483.1)
                  0000e6be    00000004     oled_ui.o (.rodata.str1.4610220316623841660.1)
                  0000e6c2    00000004     oled_ui.o (.rodata.str1.4691821198597473371.1)
                  0000e6c6    00000004     menu.o (.rodata.str1.5155000645726596423.1)
                  0000e6ca    00000004     oled_ui.o (.rodata.str1.5291836437463020264.1)
                  0000e6ce    00000004     oled_ui.o (.rodata.str1.5853739094453432564.1)
                  0000e6d2    00000004     oled_ui.o (.rodata.str1.5965450730569173784.1)
                  0000e6d6    00000004     oled_ui.o (.rodata.str1.5965888106848176421.1)
                  0000e6da    00000004     oled_ui.o (.rodata.str1.6954814719705590448.1)
                  0000e6de    00000004     car_controller.o (.rodata.str1.702403006289709404.1)
                  0000e6e2    00000004     oled_ui.o (.rodata.str1.7185587941321649510.1)
                  0000e6e6    00000004     oled_ui.o (.rodata.str1.7219546930854689545.1)
                  0000e6ea    00000004     fault.o (.rodata.str1.7255546073596598018.1)
                  0000e6ee    00000004     oled_ui.o (.rodata.str1.7419768602719733415.1)
                  0000e6f2    00000004     oled_ui.o (.rodata.str1.8018480777946742726.1)
                  0000e6f6    00000004     oled_ui.o (.rodata.str1.8124536758062367015.1)
                  0000e6fa    00000004     oled_ui.o (.rodata.str1.8236579331345056500.1)
                  0000e6fe    00000004     oled_ui.o (.rodata.str1.8399051469953744892.1)
                  0000e702    00000004     oled_ui.o (.rodata.str1.8693388333057100694.1)
                  0000e706    00000004     oled_ui.o (.rodata.str1.8950259614286592359.1)
                  0000e70a    00000004     oled_ui.o (.rodata.str1.9102528229756940648.1)
                  0000e70e    00000004     vision_tuning_console.o (.rodata.str1.9292707793305368794.1)
                  0000e712    00000004     oled_ui.o (.rodata.str1.9295666102996717355.1)
                  0000e716    00000004     oled_ui.o (.rodata.str1.9351772214919528733.1)
                  0000e71a    00000004     vision_yaw_tuning.o (.rodata.str1.9489746196023004463.1)
                  0000e71e    00000004     menu.o (.rodata.str1.9546740394641817443.1)
                  0000e722    00000004     oled_ui.o (.rodata.str1.9584387800903135389.1)
                  0000e726    00000004     oled_ui.o (.rodata.str1.967006512144173535.1)
                  0000e72a    00000004     oled_ui.o (.rodata.str1.9822857334037886482.1)
                  0000e72e    00000004     oled_ui.o (.rodata.str1.9854382722193312766.1)
                  0000e732    00000003     vision_pitch_tuning.o (.rodata.str1.10553819018306626402.1)
                  0000e735    00000003     oled_ui.o (.rodata.str1.11178346780556493352.1)
                  0000e738    00000003     oled_ui.o (.rodata.str1.12043213579996415112.1)
                  0000e73b    00000003     vision_tuning_console.o (.rodata.str1.12197883643583142124.1)
                  0000e73e    00000003     oled_ui.o (.rodata.str1.12493748764729730277.1)
                  0000e741    00000003     oled_ui.o (.rodata.str1.1276391367487699528.1)
                  0000e744    00000003     oled_ui.o (.rodata.str1.130772507669342127.1)
                  0000e747    00000003     oled_ui.o (.rodata.str1.13567883086814673087.1)
                  0000e74a    00000003     oled_ui.o (.rodata.str1.13790669171379415506.1)
                  0000e74d    00000003     oled_ui.o (.rodata.str1.13871579367539052597.1)
                  0000e750    00000003     oled_ui.o (.rodata.str1.14556837007311414654.1)
                  0000e753    00000003     oled_ui.o (.rodata.str1.14740362735394205067.1)
                  0000e756    00000003     vision_pitch_tuning.o (.rodata.str1.15082469624955958926.1)
                  0000e759    00000003     oled_ui.o (.rodata.str1.15132332204781002199.1)
                  0000e75c    00000003     vision_yaw_tuning.o (.rodata.str1.15455206247194842411.1)
                  0000e75f    00000003     oled_ui.o (.rodata.str1.15935041339501476673.1)
                  0000e762    00000003     menu.o (.rodata.str1.16312125044762562515.1)
                  0000e765    00000003     vision_tuning_console.o (.rodata.str1.16336339630363933256.1)
                  0000e768    00000003     oled_ui.o (.rodata.str1.16554583589798097927.1)
                  0000e76b    00000003     vision_pitch_tuning.o (.rodata.str1.17185918124541117546.1)
                  0000e76e    00000003     oled_ui.o (.rodata.str1.17763996158807330232.1)
                  0000e771    00000003     oled_ui.o (.rodata.str1.17812014771544466701.1)
                  0000e774    00000003     vision_pitch_tuning.o (.rodata.str1.18308346119964257230.1)
                  0000e777    00000003     vision_pitch_tuning.o (.rodata.str1.2353024170771920291.1)
                  0000e77a    00000003     oled_ui.o (.rodata.str1.2603845803395459882.1)
                  0000e77d    00000003     oled_ui.o (.rodata.str1.2656948373757303877.1)
                  0000e780    00000003     oled_ui.o (.rodata.str1.270145429241168923.1)
                  0000e783    00000003     oled_ui.o (.rodata.str1.2983744876309220570.1)
                  0000e786    00000003     oled_ui.o (.rodata.str1.3025253791635144717.1)
                  0000e789    00000003     oled_ui.o (.rodata.str1.35417727660486075.1)
                  0000e78c    00000003     vision_yaw_tuning.o (.rodata.str1.4032468970572441659.1)
                  0000e78f    00000003     oled_ui.o (.rodata.str1.4581686099848791648.1)
                  0000e792    00000003     menu.o (.rodata.str1.4646809750356241979.1)
                  0000e795    00000003     oled_ui.o (.rodata.str1.4932371652560868037.1)
                  0000e798    00000003     vision_yaw_tuning.o (.rodata.str1.6393086909333857079.1)
                  0000e79b    00000003     vision_yaw_tuning.o (.rodata.str1.6657421771701333087.1)
                  0000e79e    00000003     menu.o (.rodata.str1.6857549598058878762.1)
                  0000e7a1    00000003     oled_ui.o (.rodata.str1.7050595558965647569.1)
                  0000e7a4    00000003     fault.o (.rodata.str1.8193046109637024842.1)
                  0000e7a7    00000003     oled_ui.o (.rodata.str1.8403269972884532600.1)
                  0000e7aa    00000003     oled_ui.o (.rodata.str1.8709745090823444516.1)
                  0000e7ad    00000003     oled_ui.o (.rodata.str1.9544068167406571052.1)
                  0000e7b0    00000003     oled_ui.o (.rodata.str1.9554470707595806150.1)
                  0000e7b3    00000003     oled_ui.o (.rodata.str1.9646571805098343045.1)
                  0000e7b6    00000002     oled_ui.o (.rodata.str1.16895433903389883335.1)
                  0000e7b8    00000002     oled_ui.o (.rodata.str1.5004483696121082904.1)
                  0000e7ba    00000002     oled_ui.o (.rodata.str1.5376340479846291137.1)
                  0000e7bc    00000002     oled_ui.o (.rodata.str1.7481335054564682966.1)
                  0000e7be    00000002     oled_ui.o (.rodata.str1.8449035241871861290.1)

.init_array 
*          0    00000000    00000000     UNINITIALIZED

.binit     0    00000000    00000000     

.bss       0    20200000    000009dd     UNINITIALIZED
                  20200000    00000200     vision_receiver.o (.bss.g_ring)
                  20200200    00000100     vision_tuning_console.o (.bss.g_rxRing)
                  20200300    00000100     vision_tuning_console.o (.bss.g_txRing)
                  20200400    00000064     (.common:g_appConfig)
                  20200464    00000058     vision_receiver.o (.bss.g_status)
                  202004bc    00000048     gimbal_vision_adapter.o (.bss.g_feedback)
                  20200504    00000044     runtime_snapshot.o (.bss.g_snapshot)
                  20200548    00000040     gimbal.o (.bss.g_feedback)
                  20200588    00000040     vision_tuning_console.o (.bss.g_line)
                  202005c8    00000040     gimbal.o (.bss.g_pitchFeedback)
                  20200608    00000040     (.common:g_appRuntime)
                  20200648    00000030     (.common:gUART_VISIONBackup)
                  20200678    0000002c     vision_receiver.o (.bss.g_observation)
                  202006a4    0000002c     empty.o (.bss.g_schedulerStats)
                  202006d0    00000028     gimbal_tracker.o (.bss.g_feedback)
                  202006f8    00000028     vision_receiver.o (.bss.g_frame)
                  20200720    00000028     (.common:g_imuRuntime)
                  20200748    00000024     gimbal_vision_yaw_tracker.o (.bss.g_feedback)
                  2020076c    00000020     mission_manager.o (.bss.g_missionRuntime)
                  2020078c    00000018     obstacle_avoidance.o (.bss.g_avoidFeedback)
                  202007a4    00000004     gimbal_tracker.o (.bss.g_filteredErrorX)
                  202007a8    00000018     gimbal_stepper.o (.bss.g_feedback)
                  202007c0    00000018     gimbal_vision_pitch_tracker.o (.bss.g_feedback)
                  202007d8    00000018     vision_pitch_tuning.o (.bss.g_status)
                  202007f0    00000018     vision_tuning_console.o (.bss.g_status)
                  20200808    00000014     motion_action.o (.bss.g_motionActionRuntime)
                  2020081c    00000004     gimbal_tracker.o (.bss.g_filteredErrorY)
                  20200820    00000014     vision_yaw_tuning.o (.bss.g_status)
                  20200834    00000014     watchdog_monitor.o (.bss.g_status)
                  20200848    00000014     (.common:g_headingRuntime)
                  2020085c    00000010     fault.o (.bss.g_faultRecord)
                  2020086c    00000010     motor.o (.bss.g_motorRuntime)
                  2020087c    0000000e     car_controller.o (.bss.g_carControllerFeedback)
                  2020088a    00000002     ultrasonic.o (.bss.g_echoTicks)
                  2020088c    0000000e     ultrasonic.o (.bss.g_ultrasonicFeedback)
                  2020089a    00000002     gimbal.o (.bss.g_pitchHalfPeriodTicks)
                  2020089c    0000000c     gimbal_tracker.o (.bss.g_observation)
                  202008a8    0000000c     debug_telemetry.o (.bss.g_status)
                  202008b4    00000008     obstacle_monitor.o (.bss.g_obstacleFeedback)
                  202008bc    00000004     gimbal_vision_adapter.o (.bss.g_lastAcceptedFrameCount)
                  202008c0    00000008     gimbal.o (.bss.g_pitchContinuousDegX10)
                  202008c8    00000008     gimbal.o (.bss.g_pitchEstimatedSteps)
                  202008d0    00000008     gimbal.o (.bss.g_pitchTargetDegX10)
                  202008d8    00000008     gimbal.o (.bss.g_pitchTargetEstimatedSteps)
                  202008e0    00000008     gimbal_stepper.o (.bss.g_stepperEstimatedSteps)
                  202008e8    00000008     gimbal_stepper.o (.bss.g_stepperTargetEstimatedSteps)
                  202008f0    00000008     gimbal.o (.bss.g_yawContinuousDegX10)
                  202008f8    00000008     gimbal.o (.bss.g_yawLockedWorldYawDegX10)
                  20200900    00000008     gimbal.o (.bss.g_yawTargetContinuousDegX10)
                  20200908    00000008     gimbal.o (.bss.g_yawWorldTargetDegX10)
                  20200910    00000008     gimbal.o (.bss.g_yawWrappedDegX10)
                  20200918    00000006     ultrasonic.o (.bss.g_distanceSamples)
                  2020091e    00000006     key.o (.bss.g_key1)
                  20200924    00000006     key.o (.bss.g_key2)
                  2020092a    00000006     key.o (.bss.g_key3)
                  20200930    00000004     debug_telemetry.o (.bss.g_lastFrameMs)
                  20200934    00000004     watchdog_monitor.o (.bss.g_lastTickMs)
                  20200938    00000004     empty.o (.bss.g_localTimeMs)
                  2020093c    00000004     motion_action.o (.bss.g_motionActionStartYawDeg)
                  20200940    00000004     encoder.o (.bss.g_motorAPulses)
                  20200944    00000004     encoder.o (.bss.g_motorBPulses)
                  20200948    00000004     gimbal.o (.bss.g_pitchCommandedRpm)
                  2020094c    00000004     gimbal.o (.bss.g_pitchCompletedSteps)
                  20200950    00000004     gimbal_tracker.o (.bss.g_pitchTargetDeg)
                  20200954    00000004     gimbal.o (.bss.g_pitchTargetRpm)
                  20200958    00000004     gimbal.o (.bss.g_pitchTrackingTargetRpm)
                  2020095c    00000004     servo.o (.bss.g_servoFeedback)
                  20200960    00000004     gimbal_vision_yaw_tracker.o (.bss.g_sessionId)
                  20200964    00000004     gimbal_stepper.o (.bss.g_stepperCompletedSteps)
                  20200968    00000004     gimbal_vision_yaw_tracker.o (.bss.g_targetWrappedDeg)
                  2020096c    00000004     gimbal.o (.bss.g_yawCommandedRpm)
                  20200970    00000004     gimbal.o (.bss.g_yawTargetRpm)
                  20200974    00000004     gimbal_tracker.o (.bss.g_yawTargetWrappedDeg)
                  20200978    00000004     empty.o (.bss.main.lastAppUpdateMs)
                  2020097c    00000002     gimbal.o (.bss.g_pitchStepHalfPeriodTicks)
                  2020097e    00000002     obstacle_avoidance.o (.bss.g_resumeGraceMs)
                  20200980    00000002     vision_receiver.o (.bss.g_ringHead)
                  20200982    00000002     vision_receiver.o (.bss.g_ringTail)
                  20200984    00000002     vision_tuning_console.o (.bss.g_rxHead)
                  20200986    00000002     vision_tuning_console.o (.bss.g_rxTail)
                  20200988    00000002     servo.o (.bss.g_servoPwmPhase)
                  2020098a    00000002     ultrasonic.o (.bss.g_stateTicks)
                  2020098c    00000002     gimbal_stepper.o (.bss.g_stepperHalfPeriodTicks)
                  2020098e    00000002     gimbal_stepper.o (.bss.g_stepperStepHalfPeriodTicks)
                  20200990    00000002     vision_tuning_console.o (.bss.g_txHead)
                  20200992    00000002     vision_tuning_console.o (.bss.g_txTail)
                  20200994    00000002     menu.o (.bss.menu_handle_status_key.trackerSequence)
                  20200996    00000002     (.common:g_trackError)
                  20200998    00000001     oled_ui.o (.bss.OledUi_Update_20ms.refreshDivider)
                  20200999    00000001     empty.o (.bss.SysTick_Handler.controlMsCount)
                  2020099a    00000001     empty.o (.bss.SysTick_Handler.gimbalMsCount)
                  2020099b    00000001     empty.o (.bss.SysTick_Handler.tick100usCount)
                  2020099c    00000001     empty.o (.bss.SysTick_Handler.trackerMsCount)
                  2020099d    00000001     ultrasonic.o (.bss.Ultrasonic_Update_20ms.triggerDivider)
                  2020099e    00000001     empty.o (.bss.g_appUpdatePending)
                  2020099f    00000001     vision_tuning_console.o (.bss.g_capturing)
                  202009a0    00000001     car_state.o (.bss.g_carState)
                  202009a1    00000001     obstacle_monitor.o (.bss.g_centerSettleTicks)
                  202009a2    00000001     vision_tuning_console.o (.bss.g_commandTarget)
                  202009a3    00000001     ultrasonic.o (.bss.g_distanceSampleCount)
                  202009a4    00000001     ultrasonic.o (.bss.g_distanceSampleIndex)
                  202009a5    00000001     emergency_stop.o (.bss.g_emergencyStopActive)
                  202009a6    00000001     gimbal_tracker.o (.bss.g_enabled)
                  202009a7    00000001     gimbal_vision_pitch_tracker.o (.bss.g_enabled)
                  202009a8    00000001     gimbal_vision_yaw_tracker.o (.bss.g_enabled)
                  202009a9    00000001     watchdog_monitor.o (.bss.g_faultApplied)
                  202009aa    00000001     watchdog_monitor.o (.bss.g_faultPending)
                  202009ab    00000001     gimbal_tracker.o (.bss.g_filterReady)
                  202009ac    00000001     vision_receiver.o (.bss.g_frameSize)
                  202009ad    00000001     empty.o (.bss.g_gimbalUpdatePending)
                  202009ae    00000001     vision_tuning_console.o (.bss.g_lineSize)
                  202009af    00000001     obstacle_safety.o (.bss.g_obstacleSafetyHolding)
                  202009b0    00000001     oled.o (.bss.g_oledColumn)
                  202009b1    00000001     menu.o (.bss.g_oledPage)
                  202009b2    00000001     menu.o (.bss.g_paramItem)
                  202009b3    00000001     menu.o (.bss.g_paramReturnPage)
                  202009b4    00000001     key.o (.bss.g_pendingEvent)
                  202009b5    00000001     gimbal.o (.bss.g_pitchControlMode)
                  202009b6    00000001     gimbal.o (.bss.g_pitchDirection)
                  202009b7    00000001     gimbal.o (.bss.g_pitchInitialized)
                  202009b8    00000001     gimbal.o (.bss.g_pitchLimitClamped)
                  202009b9    00000001     gimbal.o (.bss.g_pitchLimitDirection)
                  202009ba    00000001     gimbal.o (.bss.g_pitchPositionValid)
                  202009bb    00000001     gimbal.o (.bss.g_pitchRunning)
                  202009bc    00000001     gimbal.o (.bss.g_pitchStepHigh)
                  202009bd    00000001     gimbal.o (.bss.g_pitchStopAfterStepLow)
                  202009be    00000001     vision_tuning_console.o (.bss.g_prefixIndex)
                  202009bf    00000001     vision_tuning_console.o (.bss.g_prefixTarget)
                  202009c0    00000001     car_controller.o (.bss.g_safetyHold)
                  202009c1    00000001     gimbal_vision_yaw_tracker.o (.bss.g_sessionInitialized)
                  202009c2    00000001     gimbal_tracker.o (.bss.g_simObservationUpdatesRemaining)
                  202009c3    00000001     obstacle_avoidance.o (.bss.g_stateStarted)
                  202009c4    00000001     gimbal_stepper.o (.bss.g_stepperDirection)
                  202009c5    00000001     gimbal_stepper.o (.bss.g_stepperRunning)
                  202009c6    00000001     gimbal_stepper.o (.bss.g_stepperStepHigh)
                  202009c7    00000001     gimbal_stepper.o (.bss.g_stepperStopAfterStepLow)
                  202009c8    00000001     gimbal_vision_yaw_tracker.o (.bss.g_targetSynced)
                  202009c9    00000001     gimbal_tracker.o (.bss.g_targetValid)
                  202009ca    00000001     gimbal_tracker.o (.bss.g_targetsSynced)
                  202009cb    00000001     empty.o (.bss.g_trackerUpdatePending)
                  202009cc    00000001     gimbal_tracker.o (.bss.g_trackingActive)
                  202009cd    00000001     gimbal_vision_pitch_tracker.o (.bss.g_trackingActive)
                  202009ce    00000001     gimbal_vision_yaw_tracker.o (.bss.g_trackingActive)
                  202009cf    00000001     ultrasonic.o (.bss.g_triggerRequest)
                  202009d0    00000001     ultrasonic.o (.bss.g_ultrasonicState)
                  202009d1    00000001     gimbal.o (.bss.g_yawLimitClamped)
                  202009d2    00000001     gimbal.o (.bss.g_yawLimitDirection)
                  202009d3    00000001     gimbal.o (.bss.g_yawPositionValid)
                  202009d4    00000001     gimbal.o (.bss.g_yawWorldLockEnabled)
                  202009d5    00000001     (.common:g_carStateDebug)
                  202009d6    00000001     (.common:g_keyEvent)
                  202009d7    00000001     (.common:g_oledPageDebug)
                  202009d8    00000001     (.common:g_paramItemDebug)
                  202009d9    00000001     (.common:g_trackBlackCount)
                  202009da    00000001     (.common:g_trackModeDebug)
                  202009db    00000001     (.common:g_trackRaw)
                  202009dc    00000001     (.common:g_trackTurnDebug)

.data      0    202009dd    00000001     UNINITIALIZED
                  202009dd    00000001     car_controller.o (.data.g_followTurnPolicy)

.stack     0    20207e00    00000200     UNINITIALIZED
                  20207e00    00000004     libc.a : boot_cortex_m.c.obj (.stack)
                  20207e04    000001fc     --HOLE--

__llvm_prf_cnts 
*          0    20200000    00000000     UNINITIALIZED

__llvm_prf_bits 
*          0    20200000    00000000     UNINITIALIZED

MODULE SUMMARY

       Module                          code    ro data   rw data
       ------                          ----    -------   -------
    .\
       vision_tuning_console.o         9616    102       613    
       gimbal.o                        7528    0         241    
       oled_ui.o                       5216    851       1      
       car_controller.o                4160    64        80     
       imu.o                           3304    0         40     
       oled.o                          2304    401       1      
       gimbal_tracker.o                2576    0         74     
       gimbal_vision_yaw_tracker.o     2124    0         48     
       vision_receiver.o               1112    0         689    
       gimbal_stepper.o                1412    0         52     
       menu.o                          1368    84        5      
       mission_manager.o               1300    0         32     
       motion_action.o                 1156    0         24     
       obstacle_avoidance.o            1138    0         27     
       app_config.o                    908     0         100    
       gimbal_vision_pitch_tracker.o   864     0         26     
       motor.o                         776     0         16     
       mission_library.o               218     534       0      
       empty.o                         676     0         59     
       vision_protocol.o               732     0         0      
       ti_msp_dl_config.o              636     23        48     
       ultrasonic.o                    596     0         29     
       heading_control.o               472     0         20     
       key.o                           436     0         19     
       app.o                           394     0         10     
       track_sensor.o                  372     0         0      
       fault.o                         272     60        16     
       vision_pitch_tuning.o           268     48        24     
       runtime_snapshot.o              256     0         68     
       watchdog_monitor.o              292     0         26     
       vision_yaw_tuning.o             248     41        20     
       gimbal_vision_adapter.o         228     0         76     
       obstacle_safety.o               264     0         1      
       obstacle_monitor.o              192     0         9      
       startup_mspm0g350x_ticlang.o    6       192       0      
       servo.o                         176     0         6      
       emergency_stop.o                172     0         1      
       vision_uart.o                   164     0         0      
       encoder.o                       144     0         8      
       debug_telemetry.o               56      0         16     
       car_state.o                     36      0         1      
    +--+-------------------------------+-------+---------+---------+
       Total:                          54168   2400      2526   
                                                                
    C:/TI/mspm0_sdk_2_05_01_00/source/ti/driverlib/lib/ticlang/m0p/mspm0g1x0x_g3x0x/driverlib.a
       dl_timer.o                      388     0         0      
       dl_uart.o                       90      0         0      
       dl_common.o                     10      0         0      
    +--+-------------------------------+-------+---------+---------+
       Total:                          488     0         0      
                                                                
    D:\TI\CCS\ccs\tools\compiler\ti-cgt-armllvm_4.0.4.LTS\lib\armv6m-ti-none-eabi/c/libc.a
       memcpy16.S.obj                  154     0         0      
       strcmp-armv6m.S.obj             136     0         0      
       copy_decompress_lzss.c.obj      124     0         0      
       memset16.S.obj                  98      0         0      
       autoinit.c.obj                  60      0         0      
       boot_cortex_m.c.obj             56      0         0      
       memmov.c.obj                    40      0         0      
       copy_decompress_none.c.obj      18      0         0      
       copy_zero_init.c.obj            16      0         0      
       exit.c.obj                      6       0         0      
       pre_init.c.obj                  4       0         0      
    +--+-------------------------------+-------+---------+---------+
       Total:                          712     0         0      
                                                                
    D:\TI\CCS\ccs\tools\compiler\ti-cgt-armllvm_4.0.4.LTS\lib\armv6m-ti-none-eabi/c/libsysbm.a
       hostexit.c.obj                  4       0         0      
    +--+-------------------------------+-------+---------+---------+
       Total:                          4       0         0      
                                                                
    D:\TI\CCS\ccs\tools\compiler\ti-cgt-armllvm_4.0.4.LTS\lib\armv6m-ti-none-eabi/libclang_rt.builtins.a
       addsf3.S.obj                    216     0         0      
       udivmoddi4.S.obj                162     0         0      
       mulsf3.S.obj                    140     0         0      
       divsf3.S.obj                    130     0         0      
       comparesf2.S.obj                118     0         0      
       aeabi_fcmp.S.obj                98      0         0      
       fixsfdi.S.obj                   96      0         0      
       aeabi_idivmod.S.obj             86      0         0      
       aeabi_uidivmod.S.obj            64      0         0      
       divmoddi4.c.obj                 62      0         0      
       floatsisf.S.obj                 60      0         0      
       muldsi3.S.obj                   58      0         0      
       fixsfsi.S.obj                   56      0         0      
       floatunsisf.S.obj               40      0         0      
       muldi3.S.obj                    36      0         0      
       ashldi3.S.obj                   30      0         0      
       aeabi_ldivmod.S.obj             20      0         0      
       aeabi_uldivmod.S.obj            20      0         0      
       aeabi_memset.S.obj              12      0         0      
       aeabi_memcpy.S.obj              8       0         0      
       aeabi_memmove.S.obj             8       0         0      
       aeabi_div0.c.obj                4       0         0      
    +--+-------------------------------+-------+---------+---------+
       Total:                          1524    0         0      
                                                                
       Stack:                          0       0         512    
       Linker Generated:               0       41        0      
    +--+-------------------------------+-------+---------+---------+
       Grand Total:                    56896   2441      3038   


LINKER GENERATED COPY TABLES

__TI_cinit_table @ 0000e7dc records: 2, size/record: 8, table size: 16
	.bss: load addr=0000e7cc, load size=00000008 bytes, run addr=20200000, run size=000009dd bytes, compression=zero_init
	.data: load addr=0000e7d4, load size=00000005 bytes, run addr=202009dd, run size=00000001 bytes, compression=lzss


LINKER GENERATED HANDLER TABLE

__TI_handler_table @ 0000e7c0 records: 3, size/record: 4, table size: 12
	index: 0, handler: __TI_decompress_lzss
	index: 1, handler: __TI_decompress_none
	index: 2, handler: __TI_zero_init


FAR CALL TRAMPOLINES

callee name               trampoline name
   callee addr  tramp addr   call addr  call info
--------------  -----------  ---------  ----------------
_c_int00_noargs           $Tramp$TT$L$PI$$_c_int00_noargs
   0000d6e1     0000df04     0000defe   startup_mspm0g350x_ticlang.o (.text.Reset_Handler)

[1 trampolines]
[1 trampoline calls]


GLOBAL SYMBOLS: SORTED ALPHABETICALLY BY Name 

address   name                                      
-------   ----                                      
0000b2bf  ADC0_IRQHandler                           
0000b2bf  ADC1_IRQHandler                           
0000b2bf  AES_IRQHandler                            
0000aaf1  AppConfig_InitDefault                     
000050c5  AppConfig_LimitAll                        
0000bff1  App_Init                                  
000097d1  App_Update_20ms                           
0000ba5c  C$$EXIT                                   
0000b2bf  CANFD0_IRQHandler                         
0000de4d  CarController_GetFeedback                 
0000dd05  CarController_GetRunMode                  
0000bcf9  CarController_Init                        
0000dd11  CarController_IsSafetyHoldActive          
0000bd79  CarController_ResetRuntime                
0000dab5  CarController_RunModeToString             
0000c0e5  CarController_SetSafetyHold               
0000af55  CarController_StartDriveHeading           
0000b5e9  CarController_StartFollowLine             
0000ad39  CarController_StartSeekLine               
0000b9d5  CarController_StartTurnLeft90             
0000b719  CarController_StartTurnRight90            
0000ac81  CarController_StartTurnToYawRelative      
0000d805  CarController_Stop                        
00008d25  CarController_Update_20ms                 
0000dd1d  CarState_Get                              
0000dd29  CarState_Init                             
0000dd35  CarState_Set                              
0000b2bf  DAC0_IRQHandler                           
0000de25  DL_Common_delayCycles                     
000098e1  DL_Timer_initFourCCPWMMode                
0000d825  DL_Timer_overrideCCPOut                   
0000d965  DL_Timer_setCaptCompUpdateMethod          
0000dacd  DL_Timer_setCaptureCompareOutCtl          
0000dcb5  DL_Timer_setCaptureCompareValue           
0000d981  DL_Timer_setClockConfig                   
0000cce1  DL_UART_init                              
0000dc91  DL_UART_setClockConfig                    
0000b2bf  DMA_IRQHandler                            
0000dae5  DebugTelemetry_Init                       
0000d845  DebugTelemetry_Update                     
0000b2bf  Default_Handler                           
0000d709  EmergencyStop_Enforce                     
0000dd41  EmergencyStop_Init                        
0000dd4d  EmergencyStop_IsActive                    
0000cfc5  EmergencyStop_Reset                       
0000d251  EmergencyStop_Trigger                     
0000c389  Encoder_HandleGpioInterrupt               
0000d72d  Encoder_Reset                             
0000b005  FaultCode_ToShortString                   
0000db8d  Fault_Clear                               
0000de55  Fault_GetRecord                           
0000dba1  Fault_Init                                
0000d3bd  Fault_Raise                               
0000b2bf  GROUP0_IRQHandler                         
0000dbb5  GROUP1_IRQHandler                         
0000bae9  GimbalStepper_ConfirmZero                 
[...]
00000000  interruptVectors                          
0000839d  main                                      
0000b54d  memcpy                                    
0000d6b9  memmove                                   
0000c5f7  memset                                    
0000ba61  strcmp                                    


GLOBAL SYMBOLS: SORTED BY Symbol Address 

address   name                                      
-------   ----                                      
00000000  __TI_ATRegion0_region_sz                  
00000000  __TI_ATRegion0_src_addr                   
00000000  __TI_ATRegion0_trg_addr                   
00000000  __TI_ATRegion1_region_sz                  
00000000  __TI_ATRegion1_src_addr                   
00000000  __TI_ATRegion1_trg_addr                   
00000000  __TI_ATRegion2_region_sz                  
00000000  __TI_ATRegion2_src_addr                   
00000000  __TI_ATRegion2_trg_addr                   
00000000  __TI_static_base__                        
00000000  interruptVectors                          
000000c1  VisionTuningConsole_Process               
00000200  __STACK_SIZE                              
00001e95  OledUi_Update_20ms                        
0000320d  GimbalTracker_Update                      
00003689  VisionReceiver_Process                    
00003a39  GimbalVisionYawTracker_Update10ms         
00003dc1  Menu_HandleKeyEvent                       
000044ad  ObstacleAvoidance_Update_20ms             
00004ded  Imu_Init                                  
000050c5  AppConfig_LimitAll                        
00005631  Gimbal_YawSetWrappedTargetDeg             
000058c9  Gimbal_YawUpdate5ms                       
00005b5d  Gimbal_PitchSetTrackingSpeedDegS          
000062c5  OLED_Clear                                
00006751  MotionAction_Update_20ms                  
00006985  GimbalVisionPitchTracker_Update10ms       
00006bad  Imu_CalibrateGyroBias                     
00006fcd  Motor_SetSpeed                            
000071d1  VisionProtocol_ParseV1TargetFrame         
00007591  Gimbal_PitchUpdate5ms                     
00007905  Ultrasonic_Tick100us                      
00007aa5  GimbalStepper_Tick100us                   
00007c39  GimbalVisionYawTracker_Enable             
00007dc1  Gimbal_PitchTick100us                     
00007f41  GimbalStepper_MoveToEstimatedSteps        
000080bd  Key_Update_20ms                           
00008231  Gimbal_Init                               
0000839d  main                                      
00008505  HeadingControl_Update                     
00008d25  CarController_Update_20ms                 
00008e69  OLED_PrintInt16                           
00008fa5  Imu_Update                                
00009339  Gimbal_YawEnableWorldLock                 
00009461  MotionAction_Start                        
000097d1  App_Update_20ms                           
000098e1  DL_Timer_initFourCCPWMMode                
00009ae9  Gimbal_PitchRelease                       
00009be5  MissionManager_Update_20ms                
00009ce1  SysTick_Handler                           
00009ddd  Gimbal_PitchStopHold                      
00009ecd  MissionManager_SelectNext                 
0000a0a9  RuntimeSnapshot_Update                    
0000a279  ObstacleSafety_Update_20ms                
0000a359  Gimbal_PitchConfirmZero                   
0000a435  SYSCFG_DL_GPIO_init                       
0000a5ed  MissionManager_SelectPrevious             
0000a6c5  OLED_PrintUInt16                          
0000a875  __aeabi_fsub                              
0000a875  __subsf3                                  
0000a87f  __addsf3                                  
0000a87f  __aeabi_fadd                              
0000a94d  OLED_Init                                 
0000aa21  OLED_PrintChar                            
0000aaf1  AppConfig_InitDefault                     
0000abb9  Gimbal_YawConfirmZero                     
0000ac81  CarController_StartTurnToYawRelative      
0000ad39  CarController_StartSeekLine               
0000aded  GimbalStepper_StopHold                    
0000aea1  GimbalVisionAdapter_Update                
0000af55  CarController_StartDriveHeading           
0000b005  FaultCode_ToShortString                   
0000b0b5  GimbalStepper_Init                        
0000b165  Gimbal_PitchMoveRelativeDeg               
0000b215  MissionLibrary_Validate                   
0000b2bf  ADC0_IRQHandler                           
0000b2bf  ADC1_IRQHandler                           
0000b2bf  AES_IRQHandler                            
0000b2bf  CANFD0_IRQHandler                         
0000b2bf  DAC0_IRQHandler                           
0000b2bf  DMA_IRQHandler                            
0000b2bf  Default_Handler                           
0000b2bf  GROUP0_IRQHandler                         
0000b2bf  HardFault_Handler                         
0000b2bf  I2C0_IRQHandler                           
0000b2bf  I2C1_IRQHandler                           
0000b2bf  NMI_Handler                               
0000b2bf  PendSV_Handler                            
0000b2bf  RTC_IRQHandler                            
0000b2bf  SPI0_IRQHandler                           
0000b2bf  SPI1_IRQHandler                           
0000b2bf  SVC_Handler                               
0000b2bf  TIMA0_IRQHandler                          
0000b2bf  TIMA1_IRQHandler                          
0000b2bf  TIMG0_IRQHandler                          
0000b2bf  TIMG12_IRQHandler                         
0000b2bf  TIMG6_IRQHandler                          
0000b2bf  TIMG7_IRQHandler                          
0000b2bf  TIMG8_IRQHandler                          
0000b2bf  UART0_IRQHandler                          
0000b2bf  UART1_IRQHandler                          
0000b2bf  UART2_IRQHandler                          
0000b2c1  GimbalVisionPitchTracker_Enable           
0000b40d  __udivmoddi4                              
0000b4af  TrackSensor_Init                          
0000b4b1  ObstacleMonitor_Update_20ms               
0000b54d  memcpy                                    
0000b5e7  __aeabi_idiv0                             
0000b5e9  CarController_StartFollowLine             
0000b719  CarController_StartTurnRight90            
0000b7a5  Gimbal_YawDisableWorldLock                
0000b831  Gimbal_YawStopHold                        
0000b8bd  SYSCFG_DL_PWM_MOTOR_init                  
0000b949  __aeabi_fmul                              
0000b949  __mulsf3                                  
0000b9d5  CarController_StartTurnLeft90             
0000ba5c  C$$EXIT                                   
0000ba5d  HOSTexit                                  
0000ba61  strcmp                                    
0000bae9  GimbalStepper_ConfirmZero                 
0000bb6d  GimbalTracker_PushObservation             
0000bbf1  Motor_Init                                
0000bc75  __aeabi_fdiv                              
0000bc75  __divsf3                                  
0000bcf7  __aeabi_ldiv0                             
0000bcf9  CarController_Init                        
0000bd79  CarController_ResetRuntime                
0000bdf9  GimbalTracker_Init                        
0000be79  Motor_Stop                                
0000bef9  VisionPitchTuning_Set                     
0000bf75  __TI_decompress_lzss                      
0000bff1  App_Init                                  
0000c0e5  CarController_SetSafetyHold               
0000c159  GimbalStepper_Release                     
0000c1c9  Menu_GetParamValue                        
0000c239  SYSCFG_DL_UART_VISION_init                
0000c2a9  VisionYawTuning_Set                       
0000c319  TrackSensor_DetectTurn                    
0000c389  Encoder_HandleGpioInterrupt               
0000c3f5  GimbalVisionYawTracker_Init               
0000c461  MissionManager_GetSelectedMissionIndex    
0000c4c9  TrackSensor_GetErrorFromRaw               
0000c531  Gimbal_YawRelease                         
0000c595  __aeabi_fcmpeq                            
0000c5a9  __aeabi_fcmplt                            
0000c5bd  __aeabi_fcmple                            
0000c5d1  __aeabi_fcmpge                            
0000c5e5  __aeabi_fcmpgt                            
0000c5f7  memset                                    
0000c659  GimbalTracker_Enable                      
0000c6b9  GimbalTracker_GetFeedback                 
0000c719  VisionTuningConsole_Init                  
0000c779  __aeabi_f2lz                              
0000c779  __fixsfdi                                 
0000c839  OLED_PrintBinary7                         
0000c899  UART3_IRQHandler                          
0000c8f5  Ultrasonic_Update_20ms                    
0000c9ad  Gimbal_YawMoveRelativeDeg                 
0000ca05  __aeabi_idiv                              
0000ca05  __aeabi_idivmod                           
0000ca5d  TrackSensor_ReadRaw                       
0000cb59  MissionManager_Start                      
0000cba9  Ultrasonic_Init                           
0000cbf9  WatchdogMonitor_ApplyFaultIfNeeded        
0000cc49  WatchdogMonitor_Tick1msFromIsr            
0000cce1  DL_UART_init                              
0000cd29  MissionManager_Init                       
0000cd71  MotionAction_ReapplyControllerTarget      
0000ce01  Servo_Tick100us                           
0000ce45  GimbalVisionPitchTracker_Init             
0000ce85  SYSCFG_DL_SYSCTL_init                     
0000cec5  SYSCFG_DL_initPower                       
0000cf05  VisionReceiver_PushByteFromIsr            
0000cf45  __aeabi_uidiv                             
0000cf45  __aeabi_uidivmod                          
0000cf85  __divmoddi4                               
0000cfc5  EmergencyStop_Reset                       
0000d001  GimbalTracker_ClearObservation            
0000d03d  Servo_SetAngleDeg                         
0000d079  VisionTuningConsole_PushByteFromIsr       
0000d0b5  __aeabi_i2f                               
0000d0b5  __floatsisf                               
0000d0f1  __gesf2                                   
0000d0f1  __gtsf2                                   
0000d12d  __TI_auto_init_nobinit_nopinit            
0000d169  __cmpsf2                                  
0000d169  __eqsf2                                   
0000d169  __lesf2                                   
0000d169  __ltsf2                                   
0000d169  __nesf2                                   
0000d1a5  __muldsi3                                 
0000d1e1  VisionReceiver_Init                       
0000d219  __aeabi_f2iz                              
0000d219  __fixsfsi                                 
0000d251  EmergencyStop_Trigger                     
0000d285  MissionManager_Cancel                     
0000d2b9  OLED_SetCursor                            
0000d2ed  VisionTuningConsole_TryPopTxByte          
0000d321  VisionUart_Process                        
0000d389  OLED_PrintString                          
0000d3bd  Fault_Raise                               
0000d3ed  GimbalVisionYawTracker_GetFeedback        
0000d41d  Gimbal_PitchGetFeedback                   
0000d44d  Key_Init                                  
0000d47d  MissionManager_Reset                      
0000d4ad  MissionManager_Resume                     
0000d4dd  VisionPitchTuning_RestoreDefault          
0000d50d  WatchdogMonitor_Init                      
0000d56d  TrackSensor_CountBlack                    
0000d599  VisionYawTuning_RestoreDefault            
0000d5f1  ObstacleAvoidance_Init                    
0000d619  Servo_Init                                
0000d641  VisionPitchTuning_Init                    
0000d669  WatchdogMonitor_Reset                     
0000d691  __aeabi_ui2f                              
0000d691  __floatunsisf                             
0000d6b9  memmove                                   
0000d6e1  _c_int00_noargs                           
0000d709  EmergencyStop_Enforce                     
0000d72d  Encoder_Reset                             
0000d751  GimbalVisionPitchTracker_GetFeedback      
0000d775  MissionManager_ReportExternalFailure      
0000d799  SYSCFG_DL_init                            
0000d7bd  VisionYawTuning_Init                      
0000d7e1  __aeabi_lmul                              
0000d7e1  __muldi3                                  
0000d805  CarController_Stop                        
0000d825  DL_Timer_overrideCCPOut                   
0000d845  DebugTelemetry_Update                     
0000d865  MissionManager_Pause                      
0000d885  MotionAction_GetCurrentBypassDirection    
0000d8a5  MotionAction_GetCurrentObstaclePolicy     
0000d8c5  MotionAction_Init                         
0000d8e5  SchedulerMonitor_GetStats                 
0000d905  VisionReceiver_GetProtocolErrorCount      
0000d945  __aeabi_llsl                              
0000d945  __ashldi3                                 
0000d965  DL_Timer_setCaptCompUpdateMethod          
0000d981  DL_Timer_setClockConfig                   
0000d99d  GimbalVisionAdapter_Init                  
0000d9b9  Imu_IsReady                               
0000d9d5  Menu_Init                                 
0000d9f1  ObstacleMonitor_Init                      
0000da0d  ObstacleSafety_Init                       
0000da29  VisionPitchTuning_ParamName               
0000da45  VisionYawTuning_GetSnapshot               
0000da61  VisionYawTuning_ParamName                 
0000da7d  WatchdogMonitor_NotifyControlCycleComplete
0000dab5  CarController_RunModeToString             
0000dacd  DL_Timer_setCaptureCompareOutCtl          
0000dae5  DebugTelemetry_Init                       
0000dafd  HeadingControl_LockCurrentYaw             
0000db15  HeadingControl_SetTargetYaw               
0000db2d  Menu_ParamItemToString                    
0000db45  MissionLibrary_FindById                   
0000db5d  MotionAction_Cancel                       
0000db75  RuntimeSnapshot_Init                      
0000db8d  Fault_Clear                               
0000dba1  Fault_Init                                
0000dbb5  GROUP1_IRQHandler                         
0000dbc9  GimbalStepper_SetStepHalfPeriodTicks      
0000dbdd  HeadingControl_Enable                     
0000dbf1  HeadingControl_Init                       
0000dc05  HeadingControl_Reset                      
0000dc19  MissionLibrary_GetByIndex                 
0000dc2d  MissionManager_GetSelectedMissionId       
0000dc41  VisionPitchTuning_GetSnapshot             
0000dc55  VisionUart_Init                           
0000dc69  __aeabi_ldivmod                           
0000dc7d  __aeabi_uldivmod                          
0000dc91  DL_UART_setClockConfig                    
0000dca3  __TI_decompress_none                      
0000dcb5  DL_Timer_setCaptureCompareValue           
0000dcc5  Gimbal_YawGetFeedback                     
0000dcd5  Key_GetEvent                              
0000dce5  ObstacleAvoidance_IsResumeGraceActive     
0000dcf5  __TI_zero_init                            
0000dd05  CarController_GetRunMode                  
0000dd11  CarController_IsSafetyHoldActive          
0000dd1d  CarState_Get                              
0000dd29  CarState_Init                             
0000dd35  CarState_Set                              
0000dd41  EmergencyStop_Init                        
0000dd4d  EmergencyStop_IsActive                    
0000dd59  GimbalVisionAdapter_GetObservation        
0000dd65  Gimbal_Tick100us                          
0000dd71  Gimbal_Update5ms                          
0000dd7d  Imu_GetCorrectedGyroZDps                  
0000dd89  Imu_GetYaw                                
0000dd95  Imu_ResetYaw                              
0000dda1  Menu_GetPage                              
0000ddad  Menu_GetParamItem                         
0000ddb9  MissionManager_IsExternallyHeld           
0000ddc5  MissionManager_SetExternalHold            
0000ddd1  ObstacleAvoidance_IsActive                
0000dddd  ObstacleAvoidance_IsFailed                
0000dde9  ObstacleSafety_IsHolding                  
0000ddf5  OledUi_Init                               
0000de01  SystemTime_GetMs                          
0000de0d  WatchdogMonitor_HasTripped                
0000de19  __aeabi_memclr                            
0000de19  __aeabi_memclr4                           
0000de19  __aeabi_memclr8                           
0000de25  DL_Common_delayCycles                     
0000de2f  TrackSensor_IsCenterDetected              
0000de39  TrackSensor_IsLineDetected                
0000de43  TrackSensor_IsLineLost                    
0000de4d  CarController_GetFeedback                 
0000de55  Fault_GetRecord                           
0000de5d  GimbalStepper_GetFeedback                 
0000de65  GimbalVisionAdapter_GetFeedback           
0000de6d  Gimbal_PitchStopTrackingHold              
0000de75  HeadingControl_GetRuntime                 
0000de7d  Imu_GetRuntime                            
0000de85  MissionManager_GetMissionCount            
0000de8d  MissionManager_GetRuntime                 
0000de95  MotionAction_GetRuntime                   
0000de9d  ObstacleAvoidance_GetFeedback             
0000dea5  ObstacleMonitor_GetFeedback               
0000dead  Servo_GetFeedback                         
0000deb5  Ultrasonic_GetFeedback                    
0000debd  VisionPitchTuning_GetStatus               
0000dec5  VisionReceiver_GetObservation             
0000decd  VisionReceiver_GetStatus                  
0000ded5  VisionTuningConsole_GetStatus             
0000dedd  WatchdogMonitor_GetStatus                 
0000dee5  __aeabi_memcpy                            
0000dee5  __aeabi_memcpy4                           
0000dee5  __aeabi_memcpy8                           
0000deed  __aeabi_memmove                           
0000deed  __aeabi_memmove4                          
0000deed  __aeabi_memmove8                          
0000def5  abort                                     
0000defb  MissionLibrary_GetCount                   
0000deff  Reset_Handler                             
0000df15  _system_pre_init                          
0000e7c0  __TI_Handler_Table_Base                   
0000e7cc  __TI_Handler_Table_Limit                  
0000e7dc  __TI_CINIT_Base                           
0000e7ec  __TI_CINIT_Limit                          
0000e7ec  __TI_CINIT_Warm                           
20200000  __start___llvm_prf_bits                   
20200000  __start___llvm_prf_cnts                   
20200000  __stop___llvm_prf_bits                    
20200000  __stop___llvm_prf_cnts                    
20200400  g_appConfig                               
20200608  g_appRuntime                              
20200648  gUART_VISIONBackup                        
20200720  g_imuRuntime                              
20200848  g_headingRuntime                          
20200996  g_trackError                              
202009d5  g_carStateDebug                           
202009d6  g_keyEvent                                
202009d7  g_oledPageDebug                           
202009d8  g_paramItemDebug                          
202009d9  g_trackBlackCount                         
202009da  g_trackModeDebug                          
202009db  g_trackRaw                                
202009dc  g_trackTurnDebug                          
20207e00  __stack                                   
20208000  __STACK_END                               
ffffffff  __TI_pprof_out_hndl                       
ffffffff  __TI_prof_data_size                       
ffffffff  __TI_prof_data_start                      
ffffffff  __binit__                                 
ffffffff  binit                                     
UNDEFED   __mpu_init                                
UNDEFED   _system_post_cinit                        

[368 symbols]
