******************************************************************************
            TI ARM Clang Linker PC v4.0.4                      
******************************************************************************
>> Linked Sun Jul 12 19:46:19 2026

OUTPUT FILE NAME:   <diansaikaishi.out>
ENTRY POINT SYMBOL: "_c_int00_noargs"  address: 00003bc5


MEMORY CONFIGURATION

         name            origin    length      used     unused   attr    fill
----------------------  --------  ---------  --------  --------  ----  --------
  FLASH                 00000000   00020000  00004738  0001b8c8  R  X
  SRAM                  20200000   00008000  0000031b  00007ce5  RW X
  BCR_CONFIG            41c00000   000000ff  00000000  000000ff  R   
  BSL_CONFIG            41c00100   00000080  00000000  00000080  R   


SEGMENT ALLOCATION MAP

run origin  load origin   length   init length attrs members
----------  ----------- ---------- ----------- ----- -------
00000000    00000000    00004738   00004738    r-x
  00000000    00000000    000000c0   000000c0    r-- .intvecs
  000000c0    000000c0    00003e80   00003e80    r-x .text
  00003f40    00003f40    000007c8   000007c8    r-- .rodata
  00004708    00004708    00000030   00000030    r-- .cinit
20200000    20200000    0000011b   00000000    rw-
  20200000    20200000    0000011a   00000000    rw- .bss
  2020011a    2020011a    00000001   00000000    rw- .data
20207e00    20207e00    00000200   00000000    rw-
  20207e00    20207e00    00000200   00000000    rw- .stack


SECTION ALLOCATION MAP

 output                                  attributes/
section   page    origin      length       input sections
--------  ----  ----------  ----------   ----------------
.intvecs   0    00000000    000000c0     
                  00000000    000000c0     startup_mspm0g350x_ticlang.o (.intvecs)

.text      0    000000c0    00003e80     
                  000000c0    000004ac     oled_ui.o (.text.OledUi_Update_20ms)
                  0000056c    00000454     car_controller.o (.text.CarController_Update_20ms)
                  000009c0    000002f0     imu.o (.text.mpu6050_read_regs)
                  00000cb0    000002d8     imu.o (.text.Imu_Init)
                  00000f88    00000254     oled.o (.text.OLED_Clear)
                  000011dc    00000214     imu.o (.text.Imu_CalibrateGyroBias)
                  000013f0    00000208     app_config.o (.text.AppConfig_LimitAll)
                  000015f8    000001cc     imu.o (.text.imu_i2c_write_byte)
                  000017c4    000001b8     oled.o (.text.oled_i2c_write_byte)
                  0000197c    00000190     menu.o (.text.Menu_HandleKeyEvent)
                  00001b0c    00000174     key.o (.text.Key_Update_20ms)
                  00001c80    00000160     heading_control.o (.text.HeadingControl_Update)
                  00001de0    0000013c     oled.o (.text.OLED_PrintInt16)
                  00001f1c    00000134     imu.o (.text.Imu_Update)
                  00002050    0000012c     imu.o (.text.imu_i2c_recover_bus)
                  0000217c    0000011c     motion_action.o (.text.MotionAction_Update_20ms)
                  00002298    000000f4     mission_manager.o (.text.MissionManager_Update_20ms)
                  0000238c    000000f0     mission_manager.o (.text.MissionManager_SelectNext)
                  0000247c    000000e8     motion_action.o (.text.MotionAction_Start)
                  00002564    000000d8     libclang_rt.builtins.a : addsf3.S.obj (.text)
                  0000263c    000000d4     mission_manager.o (.text.MissionManager_SelectPrevious)
                  00002710    000000d4     oled.o (.text.OLED_Init)
                  000027e4    000000d0     oled.o (.text.OLED_PrintChar)
                  000028b4    000000cc     car_controller.o (.text.handle_turn_90)
                  00002980    000000b0     motor.o (.text.Motor_SetSpeed)
                  00002a30    000000a8     app.o (.text.App_Update_20ms)
                  00002ad8    000000a8     ti_msp_dl_config.o (.text.SYSCFG_DL_GPIO_init)
                  00002b80    000000a2     libclang_rt.builtins.a : udivmoddi4.S.obj (.text)
                  00002c22    0000009a     libc.a : memcpy16.S.obj (.text:memcpy)
                  00002cbc    00000098     app_config.o (.text.AppConfig_InitDefault)
                  00002d54    00000098     imu.o (.text.mpu6050_write_reg)
                  00002dec    0000008c     libclang_rt.builtins.a : mulsf3.S.obj (.text.__mulsf3)
                  00002e78    00000088     car_controller.o (.text.CarController_StartSeekLine)
                  00002f00    00000082     libclang_rt.builtins.a : divsf3.S.obj (.text.__divsf3)
                  00002f82    00000080     mission_library.o (.text.MissionLibrary_Validate)
                  00003002    00000002     startup_mspm0g350x_ticlang.o (.text.Default_Handler)
                  00003004    0000007c     libc.a : copy_decompress_lzss.c.obj (.text:decompress:lzss)
                  00003080    00000078     car_controller.o (.text.CarController_StartFollowLine)
                  000030f8    00000078     oled.o (.text.oled_write_command)
                  00003170    0000006e     track_sensor.o (.text.TrackSensor_DetectTurn)
                  000031de    00000002     track_sensor.o (.text.TrackSensor_Init)
                  000031e0    0000006c     car_controller.o (.text.CarController_Init)
                  0000324c    0000006c     car_controller.o (.text.CarController_ResetRuntime)
                  000032b8    0000006c     car_controller.o (.text.CarController_StartTurnLeft90)
                  00003324    0000006c     car_controller.o (.text.CarController_StartTurnRight90)
                  00003390    0000006c     encoder.o (.text.Encoder_HandleGpioInterrupt)
                  000033fc    0000006c     empty.o (.text.main)
                  00003468    00000066     track_sensor.o (.text.TrackSensor_GetErrorFromRaw)
                  000034ce    00000002     libclang_rt.builtins.a : aeabi_div0.c.obj (.text.__aeabi_idiv0)
                  000034d0    00000062                            : aeabi_fcmp.S.obj (.text.__aeabi_fcmp)
                  00003532    0000005e     oled.o (.text.OLED_PrintBinary7)
                  00003590    0000005c     menu.o (.text.Menu_GetParamValue)
                  000035ec    00000056     libclang_rt.builtins.a : aeabi_idivmod.S.obj (.text.__aeabi_idivmod)
                  00003642    00000002                            : aeabi_div0.c.obj (.text.__aeabi_ldiv0)
                  00003644    00000054     track_sensor.o (.text.TrackSensor_ReadRaw)
                  00003698    00000050     motor.o (.text.Motor_PwmTick100us)
                  000036e8    00000048     mission_manager.o (.text.MissionManager_Init)
                  00003730    00000046     app.o (.text.App_Init)
                  00003776    00000002     --HOLE-- [fill = 0]
                  00003778    00000040     ti_msp_dl_config.o (.text.SYSCFG_DL_SYSCTL_init)
                  000037b8    00000040     libclang_rt.builtins.a : aeabi_uidivmod.S.obj (.text.__aeabi_uidivmod)
                  000037f8    0000003e                            : divmoddi4.c.obj (.text.__divmoddi4)
                  00003836    00000002     --HOLE-- [fill = 0]
                  00003838    0000003c     mission_manager.o (.text.MissionManager_Start)
                  00003874    0000003c     empty.o (.text.SysTick_Handler)
                  000038b0    0000003c     libclang_rt.builtins.a : floatsisf.S.obj (.text.__floatsisf)
                  000038ec    0000003c                            : comparesf2.S.obj (.text.__gtsf2)
                  00003928    0000003c     libc.a : autoinit.c.obj (.text:__TI_auto_init_nobinit_nopinit)
                  00003964    0000003a     libclang_rt.builtins.a : comparesf2.S.obj (.text.__eqsf2)
                  0000399e    00000002     --HOLE-- [fill = 0]
                  000039a0    0000003a                            : muldsi3.S.obj (.text.__muldsi3)
                  000039da    00000002     --HOLE-- [fill = 0]
                  000039dc    00000038     motor.o (.text.Motor_Init)
                  00003a14    00000038     libclang_rt.builtins.a : fixsfsi.S.obj (.text.__fixsfsi)
                  00003a4c    00000034     oled.o (.text.OLED_SetCursor)
                  00003a80    00000032     oled.o (.text.OLED_PrintString)
                  00003ab2    00000002     --HOLE-- [fill = 0]
                  00003ab4    00000030     key.o (.text.Key_Init)
                  00003ae4    00000030     mission_manager.o (.text.MissionManager_Reset)
                  00003b14    0000002c     mission_manager.o (.text.MissionManager_Cancel)
                  00003b40    0000002c     motor.o (.text.Motor_Stop)
                  00003b6c    0000002c     ti_msp_dl_config.o (.text.SYSCFG_DL_initPower)
                  00003b98    0000002c     track_sensor.o (.text.TrackSensor_CountBlack)
                  00003bc4    00000028     libc.a : boot_cortex_m.c.obj (.text:_c_int00_noargs)
                  00003bec    00000024     encoder.o (.text.Encoder_Reset)
                  00003c10    00000020     car_controller.o (.text.CarController_Stop)
                  00003c30    00000020     mission_manager.o (.text.MissionManager_Pause)
                  00003c50    00000020     mission_manager.o (.text.MissionManager_Resume)
                  00003c70    00000020     mission_manager.o (.text.mission_finish_error)
                  00003c90    0000001e     libclang_rt.builtins.a : ashldi3.S.obj (.text.__ashldi3)
                  00003cae    00000002     --HOLE-- [fill = 0]
                  00003cb0    0000001c     imu.o (.text.Imu_IsReady)
                  00003ccc    00000018     car_controller.o (.text.CarController_RunModeToString)
                  00003ce4    00000018     heading_control.o (.text.HeadingControl_LockCurrentYaw)
                  00003cfc    00000018     heading_control.o (.text.HeadingControl_SetTargetYaw)
                  00003d14    00000018     menu.o (.text.Menu_ParamItemToString)
                  00003d2c    00000018     motion_action.o (.text.MotionAction_Cancel)
                  00003d44    00000016     libc.a : copy_zero_init.c.obj (.text:decompress:ZI:__TI_zero_init_nomemset)
                  00003d5a    00000002     --HOLE-- [fill = 0]
                  00003d5c    00000014     empty.o (.text.GROUP1_IRQHandler)
                  00003d70    00000014     heading_control.o (.text.HeadingControl_Enable)
                  00003d84    00000014     heading_control.o (.text.HeadingControl_Init)
                  00003d98    00000014     heading_control.o (.text.HeadingControl_Reset)
                  00003dac    00000014     menu.o (.text.Menu_Init)
                  00003dc0    00000014     mission_library.o (.text.MissionLibrary_FindById)
                  00003dd4    00000014     mission_library.o (.text.MissionLibrary_GetByIndex)
                  00003de8    00000014     mission_manager.o (.text.MissionManager_GetSelectedMissionId)
                  00003dfc    00000014     motion_action.o (.text.MotionAction_Init)
                  00003e10    00000014     libclang_rt.builtins.a : aeabi_ldivmod.S.obj (.text.__aeabi_ldivmod)
                  00003e24    00000012     libc.a : copy_decompress_none.c.obj (.text:decompress:none)
                  00003e36    00000002     --HOLE-- [fill = 0]
                  00003e38    00000010     key.o (.text.Key_GetEvent)
                  00003e48    00000010     ti_msp_dl_config.o (.text.SYSCFG_DL_init)
                  00003e58    0000000c     car_controller.o (.text.CarController_GetRunMode)
                  00003e64    0000000c     car_state.o (.text.CarState_Get)
                  00003e70    0000000c     car_state.o (.text.CarState_Init)
                  00003e7c    0000000c     car_state.o (.text.CarState_Set)
                  00003e88    0000000c     imu.o (.text.Imu_GetCorrectedGyroZDps)
                  00003e94    0000000c     imu.o (.text.Imu_GetYaw)
                  00003ea0    0000000c     imu.o (.text.Imu_ResetYaw)
                  00003eac    0000000c     menu.o (.text.Menu_GetPage)
                  00003eb8    0000000c     menu.o (.text.Menu_GetParamItem)
                  00003ec4    0000000c     oled_ui.o (.text.OledUi_Init)
                  00003ed0    0000000a     driverlib.a : dl_common.o (.text.DL_Common_delayCycles)
                  00003eda    0000000a     track_sensor.o (.text.TrackSensor_IsCenterDetected)
                  00003ee4    0000000a     track_sensor.o (.text.TrackSensor_IsLineDetected)
                  00003eee    0000000a     track_sensor.o (.text.TrackSensor_IsLineLost)
                  00003ef8    00000008     car_controller.o (.text.CarController_GetFeedback)
                  00003f00    00000008     heading_control.o (.text.HeadingControl_GetRuntime)
                  00003f08    00000008     imu.o (.text.Imu_GetRuntime)
                  00003f10    00000008     mission_manager.o (.text.MissionManager_GetRuntime)
                  00003f18    00000008     motion_action.o (.text.MotionAction_GetRuntime)
                  00003f20    00000008     libclang_rt.builtins.a : aeabi_memcpy.S.obj (.text.__aeabi_memcpy)
                  00003f28    00000006     libc.a : exit.c.obj (.text:abort)
                  00003f2e    00000004     libsysbm.a : hostexit.c.obj (.text.HOSTexit)
                  00003f32    00000004     mission_library.o (.text.MissionLibrary_GetCount)
                  00003f36    00000004     startup_mspm0g350x_ticlang.o (.text.Reset_Handler)
                  00003f3a    00000004     libc.a : pre_init.c.obj (.text._system_pre_init)
                  00003f3e    00000002     --HOLE-- [fill = 0]

.cinit     0    00004708    00000030     
                  00004708    0000000c     (__TI_handler_table)
                  00004714    00000008     (.cinit..bss.load) [load image, compression = zero_init]
                  0000471c    00000005     (.cinit..data.load) [load image, compression = lzss]
                  00004721    00000003     --HOLE-- [fill = 0]
                  00004724    00000010     (__TI_cinit_table)
                  00004734    00000004     --HOLE-- [fill = 0]

.rodata    0    00003f40    000007c8     
                  00003f40    000000d8     oled.o (.rodata..Lswitch.table.OLED_PrintChar)
                  00004018    000000a8     mission_library.o (.rodata.g_missionMapA)
                  000040c0    000000a8     mission_library.o (.rodata.g_missionMapB)
                  00004168    00000090     mission_library.o (.rodata.g_missionRegistry)
                  000041f8    00000078     mission_library.o (.rodata.g_missionMapC)
                  00004270    00000078     mission_library.o (.rodata.g_missionTestRight90Turn)
                  000042e8    00000078     mission_library.o (.rodata.g_missionTestSeekFollow)
                  00004360    00000048     mission_library.o (.rodata.g_missionLegacy)
                  000043a8    00000048     mission_library.o (.rodata.g_missionTestRight90Stop)
                  000043f0    00000048     mission_library.o (.rodata.g_missionTestSeekThenFollow)
                  00004438    00000034     mission_library.o (.rodata..Lswitch.table.MissionLibrary_FindById)
                  0000446c    00000030     mission_library.o (.rodata.g_missionTestSeekThenStop)
                  0000449c    0000001c     menu.o (.rodata..Lswitch.table.Menu_ParamItemToString)
                  000044b8    00000018     oled_ui.o (.rodata..Lswitch.table.OledUi_Update_20ms.42)
                  000044d0    00000018     oled_ui.o (.rodata..Lswitch.table.OledUi_Update_20ms)
                  000044e8    00000014     car_controller.o (.rodata..Lswitch.table.CarController_RunModeToString)
                  000044fc    0000000b     mission_library.o (.rodata.str1.1440970855772709381.1)
                  00004507    0000000a     mission_library.o (.rodata.str1.11682660667400632204.1)
                  00004511    0000000a     mission_library.o (.rodata.str1.15604890807705439409.1)
                  0000451b    00000009     mission_library.o (.rodata.str1.15668266851434757964.1)
                  00004524    00000009     oled_ui.o (.rodata.str1.3455423528827705371.1)
                  0000452d    00000008     mission_library.o (.rodata.str1.13636476544574750902.1)
                  00004535    00000007     mission_library.o (.rodata.str1.199678142196697465.1)
                  0000453c    00000007     oled_ui.o (.rodata.str1.8426569189266129334.1)
                  00004543    00000006     oled_ui.o (.rodata.str1.1108652269057166745.1)
                  00004549    00000006     oled_ui.o (.rodata.str1.1445687256832830955.1)
                  0000454f    00000006     oled_ui.o (.rodata.str1.15008238333949226094.1)
                  00004555    00000006     oled_ui.o (.rodata.str1.15817398807211891688.1)
                  0000455b    00000006     mission_library.o (.rodata.str1.1642528554392422750.1)
                  00004561    00000006     oled_ui.o (.rodata.str1.16526439943277383452.1)
                  00004567    00000006     oled_ui.o (.rodata.str1.3025253791635144717.1)
                  0000456d    00000006     mission_library.o (.rodata.str1.4251661066630729623.1)
                  00004573    00000006     mission_library.o (.rodata.str1.4392264057376583881.1)
                  00004579    00000006     oled_ui.o (.rodata.str1.5853739094453432564.1)
                  0000457f    00000006     oled_ui.o (.rodata.str1.7219546930854689545.1)
                  00004585    00000005     oled.o (.rodata.oled_get_glyph.colon)
                  0000458a    00000005     oled.o (.rodata.oled_get_glyph.eight)
                  0000458f    00000005     oled.o (.rodata.oled_get_glyph.five)
                  00004594    00000005     oled.o (.rodata.oled_get_glyph.four)
                  00004599    00000005     oled.o (.rodata.oled_get_glyph.glyphA)
                  0000459e    00000005     oled.o (.rodata.oled_get_glyph.glyphB)
                  000045a3    00000005     oled.o (.rodata.oled_get_glyph.glyphC)
                  000045a8    00000005     oled.o (.rodata.oled_get_glyph.glyphD)
                  000045ad    00000005     oled.o (.rodata.oled_get_glyph.glyphE)
                  000045b2    00000005     oled.o (.rodata.oled_get_glyph.glyphG)
                  000045b7    00000005     oled.o (.rodata.oled_get_glyph.glyphH)
                  000045bc    00000005     oled.o (.rodata.oled_get_glyph.glyphI)
                  000045c1    00000005     oled.o (.rodata.oled_get_glyph.glyphK)
                  000045c6    00000005     oled.o (.rodata.oled_get_glyph.glyphL)
                  000045cb    00000005     oled.o (.rodata.oled_get_glyph.glyphM)
                  000045d0    00000005     oled.o (.rodata.oled_get_glyph.glyphN)
                  000045d5    00000005     oled.o (.rodata.oled_get_glyph.glyphO)
                  000045da    00000005     oled.o (.rodata.oled_get_glyph.glyphP)
                  000045df    00000005     oled.o (.rodata.oled_get_glyph.glyphR)
                  000045e4    00000005     oled.o (.rodata.oled_get_glyph.glyphS)
                  000045e9    00000005     oled.o (.rodata.oled_get_glyph.glyphT)
                  000045ee    00000005     oled.o (.rodata.oled_get_glyph.glyphU)
                  000045f3    00000005     oled.o (.rodata.oled_get_glyph.glyphV)
                  000045f8    00000005     oled.o (.rodata.oled_get_glyph.glyphW)
                  000045fd    00000005     oled.o (.rodata.oled_get_glyph.glyphX)
                  00004602    00000005     oled.o (.rodata.oled_get_glyph.glyphY)
                  00004607    00000005     oled.o (.rodata.oled_get_glyph.glyphb)
                  0000460c    00000005     oled.o (.rodata.oled_get_glyph.gt)
                  00004611    00000005     oled.o (.rodata.oled_get_glyph.minus)
                  00004616    00000005     oled.o (.rodata.oled_get_glyph.nine)
                  0000461b    00000005     oled.o (.rodata.oled_get_glyph.one)
                  00004620    00000005     oled.o (.rodata.oled_get_glyph.seven)
                  00004625    00000005     oled.o (.rodata.oled_get_glyph.six)
                  0000462a    00000005     oled.o (.rodata.oled_get_glyph.space)
                  0000462f    00000005     oled.o (.rodata.oled_get_glyph.three)
                  00004634    00000005     oled.o (.rodata.oled_get_glyph.two)
                  00004639    00000005     oled.o (.rodata.oled_get_glyph.zero)
                  0000463e    00000005     oled_ui.o (.rodata.str1.10416366799939242409.1)
                  00004643    00000005     oled_ui.o (.rodata.str1.130772507669342127.1)
                  00004648    00000005     oled_ui.o (.rodata.str1.13790669171379415506.1)
                  0000464d    00000005     oled_ui.o (.rodata.str1.14134189893851348960.1)
                  00004652    00000005     oled_ui.o (.rodata.str1.14556837007311414654.1)
                  00004657    00000005     oled_ui.o (.rodata.str1.17274519358952562110.1)
                  0000465c    00000005     oled_ui.o (.rodata.str1.17540787658903907660.1)
                  00004661    00000005     oled_ui.o (.rodata.str1.17884296644359297425.1)
                  00004666    00000005     car_controller.o (.rodata.str1.18191498530309206443.1)
                  0000466b    00000005     oled_ui.o (.rodata.str1.18266126048138325213.1)
                  00004670    00000005     oled_ui.o (.rodata.str1.270145429241168923.1)
                  00004675    00000005     oled_ui.o (.rodata.str1.3407221357956504873.1)
                  0000467a    00000005     car_controller.o (.rodata.str1.4164979912472006574.1)
                  0000467f    00000005     oled_ui.o (.rodata.str1.4581472623415959594.1)
                  00004684    00000005     menu.o (.rodata.str1.4862307748908978627.1)
                  00004689    00000005     oled_ui.o (.rodata.str1.8236579331345056500.1)
                  0000468e    00000005     oled_ui.o (.rodata.str1.8783421139296713095.1)
                  00004693    00000005     oled_ui.o (.rodata.str1.9544068167406571052.1)
                  00004698    00000005     car_controller.o (.rodata.str1.9981487771679760427.1)
                  0000469d    00000004     oled_ui.o (.rodata.str1.11232419324784801130.1)
                  000046a1    00000004     menu.o (.rodata.str1.12110183915172842339.1)
                  000046a5    00000004     car_controller.o (.rodata.str1.12442237994239546032.1)
                  000046a9    00000004     menu.o (.rodata.str1.13124720451672825294.1)
                  000046ad    00000004     oled_ui.o (.rodata.str1.13244290092665904221.1)
                  000046b1    00000004     oled_ui.o (.rodata.str1.13567883086814673087.1)
                  000046b5    00000004     oled_ui.o (.rodata.str1.13882251010780863896.1)
                  000046b9    00000004     menu.o (.rodata.str1.14098755746347272832.1)
                  000046bd    00000004     oled_ui.o (.rodata.str1.14358698208395374265.1)
                  000046c1    00000004     oled_ui.o (.rodata.str1.15917848551323629232.1)
                  000046c5    00000004     menu.o (.rodata.str1.16312125044762562515.1)
                  000046c9    00000004     oled_ui.o (.rodata.str1.16849766574302683489.1)
                  000046cd    00000004     oled_ui.o (.rodata.str1.16931641404301806744.1)
                  000046d1    00000004     menu.o (.rodata.str1.17041139162815566052.1)
                  000046d5    00000004     car_controller.o (.rodata.str1.17172356789460551389.1)
                  000046d9    00000004     oled_ui.o (.rodata.str1.17812014771544466701.1)
                  000046dd    00000004     oled_ui.o (.rodata.str1.3702290527496711532.1)
                  000046e1    00000004     oled_ui.o (.rodata.str1.4402311448527872260.1)
                  000046e5    00000004     oled_ui.o (.rodata.str1.5965450730569173784.1)
                  000046e9    00000004     car_controller.o (.rodata.str1.9234375891235759983.1)
                  000046ed    00000004     oled_ui.o (.rodata.str1.967006512144173535.1)
                  000046f1    00000003     oled_ui.o (.rodata.str1.1019225241002246410.1)
                  000046f4    00000003     oled_ui.o (.rodata.str1.2308938766145545715.1)
                  000046f7    00000003     menu.o (.rodata.str1.4646809750356241979.1)
                  000046fa    00000003     menu.o (.rodata.str1.6857549598058878762.1)
                  000046fd    00000003     oled_ui.o (.rodata.str1.9159586779647977165.1)
                  00004700    00000003     oled_ui.o (.rodata.str1.9854382722193312766.1)
                  00004703    00000005     --HOLE-- [fill = 0]

.init_array 
*          0    00000000    00000000     UNINITIALIZED

.binit     0    00000000    00000000     

.bss       0    20200000    0000011a     UNINITIALIZED
                  20200000    0000004c     (.common:g_appConfig)
                  2020004c    00000028     (.common:g_appRuntime)
                  20200074    00000028     (.common:g_imuRuntime)
                  2020009c    0000001c     mission_manager.o (.bss.g_missionRuntime)
                  202000b8    00000014     (.common:g_headingRuntime)
                  202000cc    00000010     motion_action.o (.bss.g_motionActionRuntime)
                  202000dc    0000000e     car_controller.o (.bss.g_carControllerFeedback)
                  202000ea    00000006     key.o (.bss.g_key1)
                  202000f0    00000006     key.o (.bss.g_key2)
                  202000f6    00000006     key.o (.bss.g_key3)
                  202000fc    00000004     encoder.o (.bss.g_motorAPulses)
                  20200100    00000004     encoder.o (.bss.g_motorBPulses)
                  20200104    00000002     (.common:g_trackError)
                  20200106    00000001     oled_ui.o (.bss.OledUi_Update_20ms.refreshDivider)
                  20200107    00000001     empty.o (.bss.SysTick_Handler.controlMsCount)
                  20200108    00000001     empty.o (.bss.SysTick_Handler.tick100usCount)
                  20200109    00000001     empty.o (.bss.g_appUpdateDue)
                  2020010a    00000001     car_state.o (.bss.g_carState)
                  2020010b    00000001     motor.o (.bss.g_motorADutyLevel)
                  2020010c    00000001     motor.o (.bss.g_motorBDutyLevel)
                  2020010d    00000001     oled.o (.bss.g_oledColumn)
                  2020010e    00000001     menu.o (.bss.g_oledPage)
                  2020010f    00000001     menu.o (.bss.g_paramItem)
                  20200110    00000001     key.o (.bss.g_pendingEvent)
                  20200111    00000001     motor.o (.bss.g_pwmPhase)
                  20200112    00000001     (.common:g_carStateDebug)
                  20200113    00000001     (.common:g_keyEvent)
                  20200114    00000001     (.common:g_oledPageDebug)
                  20200115    00000001     (.common:g_paramItemDebug)
                  20200116    00000001     (.common:g_trackBlackCount)
                  20200117    00000001     (.common:g_trackModeDebug)
                  20200118    00000001     (.common:g_trackRaw)
                  20200119    00000001     (.common:g_trackTurnDebug)

.data      0    2020011a    00000001     UNINITIALIZED
                  2020011a    00000001     car_controller.o (.data.g_followTurnPolicy)

.stack     0    20207e00    00000200     UNINITIALIZED
                  20207e00    00000004     libc.a : boot_cortex_m.c.obj (.stack)
                  20207e04    000001fc     --HOLE--

__llvm_prf_cnts 
*          0    20200000    00000000     UNINITIALIZED

__llvm_prf_bits 
*          0    20200000    00000000     UNINITIALIZED

MODULE SUMMARY

       Module                         code    ro data   rw data
       ------                         ----    -------   -------
    .\
       imu.o                          3304    0         40     
       oled.o                         2088    401       1      
       car_controller.o               2076    47        55     
       oled_ui.o                      1208    251       1      
       mission_library.o              172     1229      0      
       mission_manager.o              1044    0         28     
       app_config.o                   672     0         76     
       menu.o                         560     59        2      
       motion_action.o                568     0         16     
       heading_control.o              468     0         20     
       key.o                          436     0         19     
       track_sensor.o                 372     0         0      
       motor.o                        356     0         3      
       ti_msp_dl_config.o             292     0         0      
       app.o                          238     0         10     
       startup_mspm0g350x_ticlang.o   6       192       0      
       empty.o                        188     0         3      
       encoder.o                      144     0         8      
       car_state.o                    36      0         1      
    +--+------------------------------+-------+---------+---------+
       Total:                         14228   2179      283    
                                                               
    C:/TI/mspm0_sdk_2_05_01_00/source/ti/driverlib/lib/ticlang/m0p/mspm0g1x0x_g3x0x/driverlib.a
       dl_common.o                    10      0         0      
    +--+------------------------------+-------+---------+---------+
       Total:                         10      0         0      
                                                               
    D:\TI\CCS\ccs\tools\compiler\ti-cgt-armllvm_4.0.4.LTS\lib\armv6m-ti-none-eabi/c/libc.a
       memcpy16.S.obj                 154     0         0      
       copy_decompress_lzss.c.obj     124     0         0      
       autoinit.c.obj                 60      0         0      
       boot_cortex_m.c.obj            40      0         0      
       copy_zero_init.c.obj           22      0         0      
       copy_decompress_none.c.obj     18      0         0      
       exit.c.obj                     6       0         0      
       pre_init.c.obj                 4       0         0      
    +--+------------------------------+-------+---------+---------+
       Total:                         428     0         0      
                                                               
    D:\TI\CCS\ccs\tools\compiler\ti-cgt-armllvm_4.0.4.LTS\lib\armv6m-ti-none-eabi/c/libsysbm.a
       hostexit.c.obj                 4       0         0      
    +--+------------------------------+-------+---------+---------+
       Total:                         4       0         0      
                                                               
    D:\TI\CCS\ccs\tools\compiler\ti-cgt-armllvm_4.0.4.LTS\lib\armv6m-ti-none-eabi/libclang_rt.builtins.a
       addsf3.S.obj                   216     0         0      
       udivmoddi4.S.obj               162     0         0      
       mulsf3.S.obj                   140     0         0      
       divsf3.S.obj                   130     0         0      
       comparesf2.S.obj               118     0         0      
       aeabi_fcmp.S.obj               98      0         0      
       aeabi_idivmod.S.obj            86      0         0      
       aeabi_uidivmod.S.obj           64      0         0      
       divmoddi4.c.obj                62      0         0      
       floatsisf.S.obj                60      0         0      
       muldsi3.S.obj                  58      0         0      
       fixsfsi.S.obj                  56      0         0      
       ashldi3.S.obj                  30      0         0      
       aeabi_ldivmod.S.obj            20      0         0      
       aeabi_memcpy.S.obj             8       0         0      
       aeabi_div0.c.obj               4       0         0      
    +--+------------------------------+-------+---------+---------+
       Total:                         1312    0         0      
                                                               
       Stack:                         0       0         512    
       Linker Generated:              0       41        0      
    +--+------------------------------+-------+---------+---------+
       Grand Total:                   15982   2220      795    


LINKER GENERATED COPY TABLES

__TI_cinit_table @ 00004724 records: 2, size/record: 8, table size: 16
	.bss: load addr=00004714, load size=00000008 bytes, run addr=20200000, run size=0000011a bytes, compression=zero_init
	.data: load addr=0000471c, load size=00000005 bytes, run addr=2020011a, run size=00000001 bytes, compression=lzss


LINKER GENERATED HANDLER TABLE

__TI_handler_table @ 00004708 records: 3, size/record: 4, table size: 12
	index: 0, handler: __TI_decompress_lzss
	index: 1, handler: __TI_decompress_none
	index: 2, handler: __TI_zero_init


GLOBAL SYMBOLS: SORTED ALPHABETICALLY BY Name 

address   name                               
-------   ----                               
00003003  ADC0_IRQHandler                    
00003003  ADC1_IRQHandler                    
00003003  AES_IRQHandler                     
00002cbd  AppConfig_InitDefault              
000013f1  AppConfig_LimitAll                 
00003731  App_Init                           
00002a31  App_Update_20ms                    
00003f2e  C$$EXIT                            
00003003  CANFD0_IRQHandler                  
00003ef9  CarController_GetFeedback          
00003e59  CarController_GetRunMode           
000031e1  CarController_Init                 
0000324d  CarController_ResetRuntime         
00003ccd  CarController_RunModeToString      
00003081  CarController_StartFollowLine      
00002e79  CarController_StartSeekLine        
000032b9  CarController_StartTurnLeft90      
00003325  CarController_StartTurnRight90     
00003c11  CarController_Stop                 
0000056d  CarController_Update_20ms          
00003e65  CarState_Get                       
00003e71  CarState_Init                      
00003e7d  CarState_Set                       
00003003  DAC0_IRQHandler                    
00003ed1  DL_Common_delayCycles              
00003003  DMA_IRQHandler                     
00003003  Default_Handler                    
00003391  Encoder_HandleGpioInterrupt        
00003bed  Encoder_Reset                      
00003003  GROUP0_IRQHandler                  
00003d5d  GROUP1_IRQHandler                  
00003f2f  HOSTexit                           
00003003  HardFault_Handler                  
00003d71  HeadingControl_Enable              
00003f01  HeadingControl_GetRuntime          
00003d85  HeadingControl_Init                
00003ce5  HeadingControl_LockCurrentYaw      
00003d99  HeadingControl_Reset               
00003cfd  HeadingControl_SetTargetYaw        
00001c81  HeadingControl_Update              
00003003  I2C0_IRQHandler                    
00003003  I2C1_IRQHandler                    
000011dd  Imu_CalibrateGyroBias              
00003e89  Imu_GetCorrectedGyroZDps           
00003f09  Imu_GetRuntime                     
00003e95  Imu_GetYaw                         
00000cb1  Imu_Init                           
00003cb1  Imu_IsReady                        
00003ea1  Imu_ResetYaw                       
00001f1d  Imu_Update                         
00003e39  Key_GetEvent                       
00003ab5  Key_Init                           
00001b0d  Key_Update_20ms                    
00003ead  Menu_GetPage                       
00003eb9  Menu_GetParamItem                  
00003591  Menu_GetParamValue                 
0000197d  Menu_HandleKeyEvent                
00003dad  Menu_Init                          
00003d15  Menu_ParamItemToString             
00003dc1  MissionLibrary_FindById            
00003dd5  MissionLibrary_GetByIndex          
00003f33  MissionLibrary_GetCount            
00002f83  MissionLibrary_Validate            
00003b15  MissionManager_Cancel              
00003f11  MissionManager_GetRuntime          
00003de9  MissionManager_GetSelectedMissionId
000036e9  MissionManager_Init                
00003c31  MissionManager_Pause               
00003ae5  MissionManager_Reset               
00003c51  MissionManager_Resume              
0000238d  MissionManager_SelectNext          
0000263d  MissionManager_SelectPrevious      
00003839  MissionManager_Start               
00002299  MissionManager_Update_20ms         
00003d2d  MotionAction_Cancel                
00003f19  MotionAction_GetRuntime            
00003dfd  MotionAction_Init                  
0000247d  MotionAction_Start                 
0000217d  MotionAction_Update_20ms           
000039dd  Motor_Init                         
00003699  Motor_PwmTick100us                 
00002981  Motor_SetSpeed                     
00003b41  Motor_Stop                         
00003003  NMI_Handler                        
00000f89  OLED_Clear                         
00002711  OLED_Init                          
00003533  OLED_PrintBinary7                  
000027e5  OLED_PrintChar                     
00001de1  OLED_PrintInt16                    
00003a81  OLED_PrintString                   
00003a4d  OLED_SetCursor                     
00003ec5  OledUi_Init                        
000000c1  OledUi_Update_20ms                 
00003003  PendSV_Handler                     
00003003  RTC_IRQHandler                     
00003f37  Reset_Handler                      
00003003  SPI0_IRQHandler                    
00003003  SPI1_IRQHandler                    
00003003  SVC_Handler                        
00002ad9  SYSCFG_DL_GPIO_init                
00003779  SYSCFG_DL_SYSCTL_init              
00003e49  SYSCFG_DL_init                     
00003b6d  SYSCFG_DL_initPower                
00003875  SysTick_Handler                    
00003003  TIMA0_IRQHandler                   
00003003  TIMA1_IRQHandler                   
00003003  TIMG0_IRQHandler                   
00003003  TIMG12_IRQHandler                  
00003003  TIMG6_IRQHandler                   
00003003  TIMG7_IRQHandler                   
00003003  TIMG8_IRQHandler                   
00003b99  TrackSensor_CountBlack             
00003171  TrackSensor_DetectTurn             
00003469  TrackSensor_GetErrorFromRaw        
000031df  TrackSensor_Init                   
00003edb  TrackSensor_IsCenterDetected       
00003ee5  TrackSensor_IsLineDetected         
00003eef  TrackSensor_IsLineLost             
00003645  TrackSensor_ReadRaw                
00003003  UART0_IRQHandler                   
00003003  UART1_IRQHandler                   
00003003  UART2_IRQHandler                   
00003003  UART3_IRQHandler                   
20208000  __STACK_END                        
00000200  __STACK_SIZE                       
00000000  __TI_ATRegion0_region_sz           
00000000  __TI_ATRegion0_src_addr            
00000000  __TI_ATRegion0_trg_addr            
00000000  __TI_ATRegion1_region_sz           
00000000  __TI_ATRegion1_src_addr            
00000000  __TI_ATRegion1_trg_addr            
00000000  __TI_ATRegion2_region_sz           
00000000  __TI_ATRegion2_src_addr            
00000000  __TI_ATRegion2_trg_addr            
00004724  __TI_CINIT_Base                    
00004734  __TI_CINIT_Limit                   
00004734  __TI_CINIT_Warm                    
00004708  __TI_Handler_Table_Base            
00004714  __TI_Handler_Table_Limit           
00003929  __TI_auto_init_nobinit_nopinit     
00003005  __TI_decompress_lzss               
00003e25  __TI_decompress_none               
ffffffff  __TI_pprof_out_hndl                
ffffffff  __TI_prof_data_size                
ffffffff  __TI_prof_data_start               
00000000  __TI_static_base__                 
00003d45  __TI_zero_init_nomemset            
0000256f  __addsf3                           
00003a15  __aeabi_f2iz                       
0000256f  __aeabi_fadd                       
000034d1  __aeabi_fcmpeq                     
0000350d  __aeabi_fcmpge                     
00003521  __aeabi_fcmpgt                     
000034f9  __aeabi_fcmple                     
000034e5  __aeabi_fcmplt                     
00002f01  __aeabi_fdiv                       
00002ded  __aeabi_fmul                       
00002565  __aeabi_fsub                       
000038b1  __aeabi_i2f                        
000035ed  __aeabi_idiv                       
000034cf  __aeabi_idiv0                      
000035ed  __aeabi_idivmod                    
00003643  __aeabi_ldiv0                      
00003e11  __aeabi_ldivmod                    
00003c91  __aeabi_llsl                       
00003f21  __aeabi_memcpy                     
00003f21  __aeabi_memcpy4                    
00003f21  __aeabi_memcpy8                    
000037b9  __aeabi_uidiv                      
000037b9  __aeabi_uidivmod                   
00003c91  __ashldi3                          
ffffffff  __binit__                          
00003965  __cmpsf2                           
000037f9  __divmoddi4                        
00002f01  __divsf3                           
00003965  __eqsf2                            
00003a15  __fixsfsi                          
000038b1  __floatsisf                        
000038ed  __gesf2                            
000038ed  __gtsf2                            
00003965  __lesf2                            
00003965  __ltsf2                            
UNDEFED   __mpu_init                         
000039a1  __muldsi3                          
00002ded  __mulsf3                           
00003965  __nesf2                            
20207e00  __stack                            
20200000  __start___llvm_prf_bits            
20200000  __start___llvm_prf_cnts            
20200000  __stop___llvm_prf_bits             
20200000  __stop___llvm_prf_cnts             
00002565  __subsf3                           
00002b81  __udivmoddi4                       
00003bc5  _c_int00_noargs                    
UNDEFED   _system_post_cinit                 
00003f3b  _system_pre_init                   
00003f29  abort                              
ffffffff  binit                              
20200000  g_appConfig                        
2020004c  g_appRuntime                       
20200112  g_carStateDebug                    
202000b8  g_headingRuntime                   
20200074  g_imuRuntime                       
20200113  g_keyEvent                         
20200114  g_oledPageDebug                    
20200115  g_paramItemDebug                   
20200116  g_trackBlackCount                  
20200104  g_trackError                       
20200117  g_trackModeDebug                   
20200118  g_trackRaw                         
20200119  g_trackTurnDebug                   
00000000  interruptVectors                   
000033fd  main                               
00002c23  memcpy                             


GLOBAL SYMBOLS: SORTED BY Symbol Address 

address   name                               
-------   ----                               
00000000  __TI_ATRegion0_region_sz           
00000000  __TI_ATRegion0_src_addr            
00000000  __TI_ATRegion0_trg_addr            
00000000  __TI_ATRegion1_region_sz           
00000000  __TI_ATRegion1_src_addr            
00000000  __TI_ATRegion1_trg_addr            
00000000  __TI_ATRegion2_region_sz           
00000000  __TI_ATRegion2_src_addr            
00000000  __TI_ATRegion2_trg_addr            
00000000  __TI_static_base__                 
00000000  interruptVectors                   
000000c1  OledUi_Update_20ms                 
00000200  __STACK_SIZE                       
0000056d  CarController_Update_20ms          
00000cb1  Imu_Init                           
00000f89  OLED_Clear                         
000011dd  Imu_CalibrateGyroBias              
000013f1  AppConfig_LimitAll                 
0000197d  Menu_HandleKeyEvent                
00001b0d  Key_Update_20ms                    
00001c81  HeadingControl_Update              
00001de1  OLED_PrintInt16                    
00001f1d  Imu_Update                         
0000217d  MotionAction_Update_20ms           
00002299  MissionManager_Update_20ms         
0000238d  MissionManager_SelectNext          
0000247d  MotionAction_Start                 
00002565  __aeabi_fsub                       
00002565  __subsf3                           
0000256f  __addsf3                           
0000256f  __aeabi_fadd                       
0000263d  MissionManager_SelectPrevious      
00002711  OLED_Init                          
000027e5  OLED_PrintChar                     
00002981  Motor_SetSpeed                     
00002a31  App_Update_20ms                    
00002ad9  SYSCFG_DL_GPIO_init                
00002b81  __udivmoddi4                       
00002c23  memcpy                             
00002cbd  AppConfig_InitDefault              
00002ded  __aeabi_fmul                       
00002ded  __mulsf3                           
00002e79  CarController_StartSeekLine        
00002f01  __aeabi_fdiv                       
00002f01  __divsf3                           
00002f83  MissionLibrary_Validate            
00003003  ADC0_IRQHandler                    
00003003  ADC1_IRQHandler                    
00003003  AES_IRQHandler                     
00003003  CANFD0_IRQHandler                  
00003003  DAC0_IRQHandler                    
00003003  DMA_IRQHandler                     
00003003  Default_Handler                    
00003003  GROUP0_IRQHandler                  
00003003  HardFault_Handler                  
00003003  I2C0_IRQHandler                    
00003003  I2C1_IRQHandler                    
00003003  NMI_Handler                        
00003003  PendSV_Handler                     
00003003  RTC_IRQHandler                     
00003003  SPI0_IRQHandler                    
00003003  SPI1_IRQHandler                    
00003003  SVC_Handler                        
00003003  TIMA0_IRQHandler                   
00003003  TIMA1_IRQHandler                   
00003003  TIMG0_IRQHandler                   
00003003  TIMG12_IRQHandler                  
00003003  TIMG6_IRQHandler                   
00003003  TIMG7_IRQHandler                   
00003003  TIMG8_IRQHandler                   
00003003  UART0_IRQHandler                   
00003003  UART1_IRQHandler                   
00003003  UART2_IRQHandler                   
00003003  UART3_IRQHandler                   
00003005  __TI_decompress_lzss               
00003081  CarController_StartFollowLine      
00003171  TrackSensor_DetectTurn             
000031df  TrackSensor_Init                   
000031e1  CarController_Init                 
0000324d  CarController_ResetRuntime         
000032b9  CarController_StartTurnLeft90      
00003325  CarController_StartTurnRight90     
00003391  Encoder_HandleGpioInterrupt        
000033fd  main                               
00003469  TrackSensor_GetErrorFromRaw        
000034cf  __aeabi_idiv0                      
000034d1  __aeabi_fcmpeq                     
000034e5  __aeabi_fcmplt                     
000034f9  __aeabi_fcmple                     
0000350d  __aeabi_fcmpge                     
00003521  __aeabi_fcmpgt                     
00003533  OLED_PrintBinary7                  
00003591  Menu_GetParamValue                 
000035ed  __aeabi_idiv                       
000035ed  __aeabi_idivmod                    
00003643  __aeabi_ldiv0                      
00003645  TrackSensor_ReadRaw                
00003699  Motor_PwmTick100us                 
000036e9  MissionManager_Init                
00003731  App_Init                           
00003779  SYSCFG_DL_SYSCTL_init              
000037b9  __aeabi_uidiv                      
000037b9  __aeabi_uidivmod                   
000037f9  __divmoddi4                        
00003839  MissionManager_Start               
00003875  SysTick_Handler                    
000038b1  __aeabi_i2f                        
000038b1  __floatsisf                        
000038ed  __gesf2                            
000038ed  __gtsf2                            
00003929  __TI_auto_init_nobinit_nopinit     
00003965  __cmpsf2                           
00003965  __eqsf2                            
00003965  __lesf2                            
00003965  __ltsf2                            
00003965  __nesf2                            
000039a1  __muldsi3                          
000039dd  Motor_Init                         
00003a15  __aeabi_f2iz                       
00003a15  __fixsfsi                          
00003a4d  OLED_SetCursor                     
00003a81  OLED_PrintString                   
00003ab5  Key_Init                           
00003ae5  MissionManager_Reset               
00003b15  MissionManager_Cancel              
00003b41  Motor_Stop                         
00003b6d  SYSCFG_DL_initPower                
00003b99  TrackSensor_CountBlack             
00003bc5  _c_int00_noargs                    
00003bed  Encoder_Reset                      
00003c11  CarController_Stop                 
00003c31  MissionManager_Pause               
00003c51  MissionManager_Resume              
00003c91  __aeabi_llsl                       
00003c91  __ashldi3                          
00003cb1  Imu_IsReady                        
00003ccd  CarController_RunModeToString      
00003ce5  HeadingControl_LockCurrentYaw      
00003cfd  HeadingControl_SetTargetYaw        
00003d15  Menu_ParamItemToString             
00003d2d  MotionAction_Cancel                
00003d45  __TI_zero_init_nomemset            
00003d5d  GROUP1_IRQHandler                  
00003d71  HeadingControl_Enable              
00003d85  HeadingControl_Init                
00003d99  HeadingControl_Reset               
00003dad  Menu_Init                          
00003dc1  MissionLibrary_FindById            
00003dd5  MissionLibrary_GetByIndex          
00003de9  MissionManager_GetSelectedMissionId
00003dfd  MotionAction_Init                  
00003e11  __aeabi_ldivmod                    
00003e25  __TI_decompress_none               
00003e39  Key_GetEvent                       
00003e49  SYSCFG_DL_init                     
00003e59  CarController_GetRunMode           
00003e65  CarState_Get                       
00003e71  CarState_Init                      
00003e7d  CarState_Set                       
00003e89  Imu_GetCorrectedGyroZDps           
00003e95  Imu_GetYaw                         
00003ea1  Imu_ResetYaw                       
00003ead  Menu_GetPage                       
00003eb9  Menu_GetParamItem                  
00003ec5  OledUi_Init                        
00003ed1  DL_Common_delayCycles              
00003edb  TrackSensor_IsCenterDetected       
00003ee5  TrackSensor_IsLineDetected         
00003eef  TrackSensor_IsLineLost             
00003ef9  CarController_GetFeedback          
00003f01  HeadingControl_GetRuntime          
00003f09  Imu_GetRuntime                     
00003f11  MissionManager_GetRuntime          
00003f19  MotionAction_GetRuntime            
00003f21  __aeabi_memcpy                     
00003f21  __aeabi_memcpy4                    
00003f21  __aeabi_memcpy8                    
00003f29  abort                              
00003f2e  C$$EXIT                            
00003f2f  HOSTexit                           
00003f33  MissionLibrary_GetCount            
00003f37  Reset_Handler                      
00003f3b  _system_pre_init                   
00004708  __TI_Handler_Table_Base            
00004714  __TI_Handler_Table_Limit           
00004724  __TI_CINIT_Base                    
00004734  __TI_CINIT_Limit                   
00004734  __TI_CINIT_Warm                    
20200000  __start___llvm_prf_bits            
20200000  __start___llvm_prf_cnts            
20200000  __stop___llvm_prf_bits             
20200000  __stop___llvm_prf_cnts             
20200000  g_appConfig                        
2020004c  g_appRuntime                       
20200074  g_imuRuntime                       
202000b8  g_headingRuntime                   
20200104  g_trackError                       
20200112  g_carStateDebug                    
20200113  g_keyEvent                         
20200114  g_oledPageDebug                    
20200115  g_paramItemDebug                   
20200116  g_trackBlackCount                  
20200117  g_trackModeDebug                   
20200118  g_trackRaw                         
20200119  g_trackTurnDebug                   
20207e00  __stack                            
20208000  __STACK_END                        
ffffffff  __TI_pprof_out_hndl                
ffffffff  __TI_prof_data_size                
ffffffff  __TI_prof_data_start               
ffffffff  __binit__                          
ffffffff  binit                              
UNDEFED   __mpu_init                         
UNDEFED   _system_post_cinit                 

[214 symbols]
