******************************************************************************
            TI ARM Clang Linker PC v4.0.4                      
******************************************************************************
>> Linked Sat Aug  1 06:41:48 2026

OUTPUT FILE NAME:   <diansaikaishi.out>
ENTRY POINT SYMBOL: "_c_int00_noargs"  address: 00017f45


MEMORY CONFIGURATION

         name            origin    length      used     unused   attr    fill
----------------------  --------  ---------  --------  --------  ----  --------
  FLASH                 00000000   00020000  000198e0  00006720  R  X
  SRAM                  20200000   00008000  00001bc6  0000643a  RW X
  BCR_CONFIG            41c00000   000000ff  00000000  000000ff  R   
  BSL_CONFIG            41c00100   00000080  00000000  00000080  R   


SEGMENT ALLOCATION MAP

run origin  load origin   length   init length attrs members
----------  ----------- ---------- ----------- ----- -------
00000000    00000000    00019440   00019440    r-x
  00000000    00000000    000000c0   000000c0    r-- .intvecs
  000000c0    000000c0    00018720   00018720    r-x .text
  000187e0    000187e0    00000c60   00000c60    r-- .rodata
000194a0    000194a0    00000040   00000040    r--
  000194a0    000194a0    00000030   00000030    r-- .cinit
  000194d0    000194d0    00000010   00000010    r-- .binit
0001fc00    0001fc00    00000400   00000400    r--
  0001fc00    0001fc00    00000400   00000400    r-- .TI.bound:g_balanceCalibrationReservedSector
20200000    20200000    00001966   00000000    rw-
  20200000    20200000    00001965   00000000    rw- .bss
  20201965    20201965    00000001   00000000    rw- .data
20201968    00019440    00000060   00000060    r-x
  20201968    00019440    00000060   00000060    r-x .TI.ramfunc
20207e00    20207e00    00000200   00000000    rw-
  20207e00    20207e00    00000200   00000000    rw- .stack


SECTION ALLOCATION MAP

 output                                  attributes/
section   page    origin      length       input sections
--------  ----  ----------  ----------   ----------------
.intvecs   0    00000000    000000c0     
                  00000000    000000c0     startup_mspm0g350x_ticlang.o (.intvecs)

.text      0    000000c0    00018720     
                  000000c0    00001700     oled_ui.o (.text.print_balance_stepper_test_page)
                  000017c0    00001030     balance_tuning.o (.text.send_debug_receiver)
                  000027f0    00000f60     balance_tuning.o (.text.send_debug_controller)
                  00003750    00000d34     balance_tuning.o (.text.send_debug_filter)
                  00004484    00000ad8     oled_ui.o (.text.print_imu_counters_page)
                  00004f5c    00000ac4     balance_tuning.o (.text.send_debug_position_fault)
                  00005a20    00000a5c     balance_tuning.o (.text.send_calibration_status)
                  0000647c    00000948     balance_tuning.o (.text.send_config)
                  00006dc4    000008a8     balance_tuning.o (.text.consume_rx_byte)
                  0000766c    00000884     balance_tuning.o (.text.send_debug_axis)
                  00007ef0    00000820     balance_tuning.o (.text.send_debug_limit)
                  00008710    000007ec     oled_ui.o (.text.print_balance_vision_page)
                  00008efc    0000064c     app_config.o (.text.AppConfig_LimitAll)
                  00009548    000005ac     imu.o (.text.Imu_CalibrateGyroBias)
                  00009af4    00000524     line_controller.o (.text.LineController_Update)
                  0000a018    000004bc     oled_ui.o (.text.print_encoder_page)
                  0000a4d4    0000049c     balance_ball_control.o (.text.BalanceBallControl_Update20ms)
                  0000a970    0000049c     runtime_snapshot.o (.text.RuntimeSnapshot_Update)
                  0000ae0c    00000478     oled_ui.o (.text.print_sensor_page)
                  0000b284    00000460     balance_tuning.o (.text.BalanceTuning_Update20ms)
                  0000b6e4    0000044c     motor_control.o (.text.update_wheel)
                  0000bb30    00000424     wheel_speed_estimator.o (.text.WheelSpeedEstimator_Update)
                  0000bf54    000003f4     vision_protocol.o (.text.VisionProtocol_ParseBallAsciiLine)
                  0000c348    000003e0     balance_position_control.o (.text.BalancePositionControl_Update20ms)
                  0000c728    000003e0     imu.o (.text.Imu_Update)
                  0000cb08    000003c4     oled_ui.o (.text.print_motor_control_detail_page)
                  0000cecc    00000380     imu.o (.text.Imu_Init)
                  0000d24c    0000037c     oled_ui.o (.text.print_heading_page)
                  0000d5c8    00000370     gimbal.o (.text.gimbal_update_feedback)
                  0000d938    0000033c     oled_ui.o (.text.print_drive_distance_page)
                  0000dc74    00000324     oled_ui.o (.text.print_imu_detail_page)
                  0000df98    00000320     menu.o (.text.Menu_HandleKeyEvent)
                  0000e2b8    00000300     oled_ui.o (.text.print_motor_control_page)
                  0000e5b8    000002f0     imu.o (.text.mpu6050_read_regs)
                  0000e8a8    000002cc     car_controller.o (.text.handle_drive_distance)
                  0000eb74    000002b0     motion_action.o (.text.MotionAction_Update_20ms)
                  0000ee24    00000290     balance_calibration_store.o (.text.BalanceCalibrationStore_Save)
                  0000f0b4    0000028c     motor_control.o (.text.MotorControl_Update)
                  0000f340    0000026c     balance_soft_limits.o (.text.BalanceSoftLimits_Update20ms)
                  0000f5ac    00000268     car_controller.o (.text.handle_turn_to_yaw)
                  0000f814    00000250     menu.o (.text.menu_adjust_param)
                  0000fa64    00000248     vision_receiver.o (.text.VisionReceiver_Process)
                  0000fcac    00000220     app_config.o (.text.AppConfig_InitDefault)
                  0000fecc    00000220     motion_action.o (.text.motion_action_start_internal)
                  000100ec    0000021c     balance_tuning.o (.text.BalanceTuning_Process)
                  00010308    00000204     motor.o (.text.Motor_SetSpeed)
                  0001050c    00000200     balance_tuning.o (.text.apply_parameter)
                  0001070c    000001f0     oled_ui.o (.text.print_param_page)
                  000108fc    000001e8     motor_control.o (.text.config_is_valid)
                  00010ae4    000001e4     mission_library.o (.text.MissionLibrary_Validate)
                  00010cc8    000001cc     imu.o (.text.imu_i2c_write_byte)
                  00010e94    000001cc     oled_ui.o (.text.print_status_page)
                  00011060    000001b8     oled.o (.text.oled_i2c_write_byte)
                  00011218    000001a8     app.o (.text.App_Update_20ms)
                  000113c0    000001a0     ultrasonic.o (.text.Ultrasonic_Tick100us)
                  00011560    0000019c     car_controller.o (.text.CarController_StartDriveDistanceAtYaw)
                  000116fc    00000194     gimbal_stepper.o (.text.GimbalStepper_Tick100us)
                  00011890    00000190     car_controller.o (.text.CarController_Update_20ms)
                  00011a20    00000188     oled_ui.o (.text.print_imu_page)
                  00011ba8    00000174     key.o (.text.Key_Update_20ms)
                  00011d1c    00000170     oled.o (.text.OLED_FlushPage)
                  00011e8c    0000016c     oled.o (.text.OLED_PrintInt16)
                  00011ff8    0000016c     balance_tuning.o (.text.parse_x100)
                  00012164    00000160     oled_ui.o (.text.print_balance_limit_value)
                  000122c4    0000015c     oled_ui.o (.text.print_signed_total_tail)
                  00012420    00000150     vision_protocol.o (.text.parse_decimal_x1000)
                  00012570    0000014c     balance_position_control.o (.text.BalancePositionControl_Start)
                  000126bc    0000014c     balance_soft_limits.o (.text.BalanceSoftLimits_CaptureCurrentStage)
                  00012808    00000140     balance_calibration_store.o (.text.BalanceCalibrationStore_Load)
                  00012948    0000013c     vision_receiver.o (.text.accept_packet)
                  00012a84    0000013c     oled_ui.o (.text.print_balance_vision_rx_debug_page)
                  00012bc0    0000012c     imu.o (.text.imu_i2c_recover_bus)
                  00012cec    0000012c     oled_ui.o (.text.print_uint64_decimal)
                  00012e18    00000128     line_controller.o (.text.LineController_Reset)
                  00012f40    00000128     mission_manager.o (.text.MissionManager_Update_20ms)
                  00013068    00000124     oled.o (.text.OLED_Init)
                  0001318c    00000120     oled_ui.o (.text.print_bluetooth_page)
                  000132ac    0000011c     car_controller.o (.text.handle_drive_heading)
                  000133c8    00000118     oled_ui.o (.text.print_obstacle_page)
                  000134e0    00000114     car_controller.o (.text.handle_follow_line)
                  000135f4    0000010c     balance_soft_limits.o (.text.BalanceSoftLimits_BeginAtCurrentAsZero)
                  00013700    0000010c     line_controller.o (.text.LineController_ResetControlState)
                  0001380c    00000104     driverlib.a : dl_timer.o (.text.DL_Timer_initFourCCPWMMode)
                  00013910    00000104     line_controller.o (.text.LineController_Init)
                  00013a14    00000104     ti_msp_dl_config.o (.text.SYSCFG_DL_GPIO_init)
                  00013b18    00000104     balance_tuning.o (.text.send_text)
                  00013c1c    00000100     motor_control.o (.text.MotorControl_SetNormalizedTarget)
                  00013d1c    000000fc     mission_manager.o (.text.MissionManager_SelectNext)
                  00013e18    000000f8     vision_uart.o (.text.VisionUart_Process)
                  00013f10    000000ec     heading_control.o (.text.HeadingControl_Update)
                  00013ffc    000000ec     empty.o (.text.main)
                  000140e8    000000e8     balance_soft_limits.o (.text.BalanceSoftLimits_StartRelativePositionMoveSteps)
                  000141d0    000000e8     mission_manager.o (.text.MissionManager_SelectPrevious)
                  000142b8    000000e8     obstacle_safety.o (.text.ObstacleSafety_Update_20ms)
                  000143a0    000000e0     wheel_speed_estimator.o (.text.WheelSpeedEstimator_Init)
                  00014480    000000d8     driverlib.a : dl_flashctl.o (.text.DL_FlashCTL_unprotectSector)
                  00014558    000000d8     oled.o (.text.OLED_PrintUInt16)
                  00014630    000000d8     balance_ball_control.o (.text.return_toward_zero)
                  00014708    000000d8     libclang_rt.builtins.a : addsf3.S.obj (.text)
                  000147e0    000000d4     car_controller.o (.text.CarController_StartDriveDistance)
                  000148b4    000000d4     gimbal_stepper.o (.text.GimbalStepper_MoveRelativeSteps)
                  00014988    000000cc     balance_encoder.o (.text.BalanceEncoder_HandleGpioInterrupt)
                  00014a54    000000cc     oled_ui.o (.text.OledUi_Update_20ms)
                  00014b20    000000c8     fault.o (.text.FaultCode_ToShortString)
                  00014be8    000000c0     angle_utils.o (.text.Angle_Normalize180)
                  00014ca8    000000c0     balance_soft_limits.o (.text.oscillation_target_for_phase)
                  00014d68    000000bc     balance_ball_control.o (.text.BalanceBallControl_SetConfig)
                  00014e24    000000bc     balance_soft_limits.o (.text.BalanceSoftLimits_Init)
                  00014ee0    000000bc     car_controller.o (.text.CarController_ResetRuntime)
                  00014f9c    000000bc     menu.o (.text.Menu_GetParamValue)
                  00015058    000000b4     gimbal_stepper.o (.text.GimbalStepper_StopHold)
                  0001510c    000000b0     gimbal_stepper.o (.text.GimbalStepper_Init)
                  000151bc    000000b0     empty.o (.text.SysTick_Handler)
                  0001526c    000000ac     balance_soft_limits.o (.text.BalanceSoftLimits_StartPositionMoveToLogicalCount)
                  00015318    000000a8     balance_soft_limits.o (.text.BalanceSoftLimits_ArmRecalibration)
                  000153c0    000000a4     encoder.o (.text.Encoder_HandleGpioInterrupt)
                  00015464    000000a4     balance_calibration_store.o (.text.calibration_crc32)
                  00015508    000000a2     libclang_rt.builtins.a : udivmoddi4.S.obj (.text)
                  000155aa    00000002     startup_mspm0g350x_ticlang.o (.text.Default_Handler)
                  000155ac    000000a0     balance_soft_limits.o (.text.BalanceSoftLimits_AbortCalibration)
                  0001564c    000000a0     car_controller.o (.text.drive_distance_high_decel_zone_cm)
                  000156ec    0000009c     obstacle_monitor.o (.text.ObstacleMonitor_Update_20ms)
                  00015788    0000009a     libc.a : memcpy16.S.obj (.text:memcpy)
                  00015822    00000002     obstacle_avoidance.o (.text.ObstacleAvoidance_Update_20ms)
                  00015824    00000098     balance_position_control.o (.text.BalancePositionControl_ResetFault)
                  000158bc    00000098     balance_soft_limits.o (.text.BalanceSoftLimits_CancelRecalibration)
                  00015954    00000098     imu.o (.text.mpu6050_write_reg)
                  000159ec    00000094     car_controller.o (.text.CarController_StartTurnToYawRelative)
                  00015a80    00000090     balance_tuning.o (.text.BalanceTuning_Init)
                  00015b10    00000090     car_controller.o (.text.CarController_ResetTransientState)
                  00015ba0    0000008c     ti_msp_dl_config.o (.text.SYSCFG_DL_PWM_MOTOR_init)
                  00015c2c    0000008c     ti_msp_dl_config.o (.text.SYSCFG_DL_UART_BALANCE_TUNING_init)
                  00015cb8    0000008c     libclang_rt.builtins.a : mulsf3.S.obj (.text.__mulsf3)
                  00015d44    0000008c     car_controller.o (.text.heading_imu_wait_or_fail)
                  00015dd0    0000008c     balance_tuning.o (.text.parse_i16)
                  00015e5c    00000004     libsysbm.a : hostexit.c.obj (.text.HOSTexit)
                  00015e60    00000088     libc.a : strcmp-armv6m.S.obj (.text:strcmp)
                  00015ee8    00000084     car_controller.o (.text.CarController_SetSafetyHold)
                  00015f6c    00000084     gimbal_stepper.o (.text.GimbalStepper_ConfirmZero)
                  00015ff0    00000084     motor.o (.text.Motor_Init)
                  00016074    00000082     libclang_rt.builtins.a : divsf3.S.obj (.text.__divsf3)
                  000160f6    00000002     track_sensor.o (.text.TrackSensor_Init)
                  000160f8    00000080     balance_position_control.o (.text.BalancePositionControl_Init)
                  00016178    00000080     car_controller.o (.text.CarController_StartDriveHeading)
                  000161f8    00000080     motor.o (.text.Motor_Stop)
                  00016278    0000007e     app.o (.text.App_Init)
                  000162f6    00000002     libclang_rt.builtins.a : aeabi_div0.c.obj (.text.__aeabi_idiv0)
                  000162f8    0000007c     balance_soft_limits.o (.text.BalanceSoftLimits_Enforce100usFromIsr)
                  00016374    0000007c     libc.a : copy_decompress_lzss.c.obj (.text:decompress:lzss)
                  000163f0    00000078     oled.o (.text.oled_write_command)
                  00016468    00000074     balance_ball_control.o (.text.command_offset)
                  000164dc    00000074     motor_control.o (.text.latch_control_error)
                  00016550    00000070     gimbal_stepper.o (.text.GimbalStepper_Release)
                  000165c0    00000070     ti_msp_dl_config.o (.text.SYSCFG_DL_UART_VISION_init)
                  00016630    0000006e     track_sensor.o (.text.TrackSensor_DetectTurn)
                  0001669e    00000002     libclang_rt.builtins.a : aeabi_div0.c.obj (.text.__aeabi_ldiv0)
                  000166a0    0000006c     balance_tuning.o (.text.serial_calibration_confirm)
                  0001670c    00000068     mission_manager.o (.text.MissionManager_GetSelectedMissionIndex)
                  00016774    00000068     car_controller.o (.text.set_output_speed)
                  000167dc    00000066     track_sensor.o (.text.TrackSensor_GetErrorFromRaw)
                  00016842    00000002     --HOLE-- [fill = 0]
                  00016844    00000064     balance_ball_control.o (.text.BalanceBallControl_Init)
                  000168a8    00000064     balance_soft_limits.o (.text.BalanceSoftLimits_ResetPositionFault)
                  0001690c    00000064     mission_manager.o (.text.MissionManager_Start)
                  00016970    00000062     app.o (.text.App_ResetToReady)
                  000169d2    00000002     --HOLE-- [fill = 0]
                  000169d4    00000062     libclang_rt.builtins.a : aeabi_fcmp.S.obj (.text.__aeabi_fcmp)
                  00016a36    00000062     libc.a : memset16.S.obj (.text:memset)
                  00016a98    00000060     balance_tuning.o (.text.UART2_IRQHandler)
                  00016af8    00000060     libclang_rt.builtins.a : fixsfdi.S.obj (.text.__fixsfdi)
                  00016b58    0000005c     ultrasonic.o (.text.Ultrasonic_Update_20ms)
                  00016bb4    0000005c     vision_receiver.o (.text.VisionReceiver_Init)
                  00016c10    0000005c     vision_protocol.o (.text.parse_u32)
                  00016c6c    0000005c     car_controller.o (.text.speed_cmps_to_normalized_command)
                  00016cc8    0000005c     balance_soft_limits.o (.text.test_start_target)
                  00016d24    00000058     balance_encoder.o (.text.BalanceEncoder_Init)
                  00016d7c    00000058     mission_manager.o (.text.MissionManager_Init)
                  00016dd4    00000058     oled.o (.text.OLED_PrintChar)
                  00016e2c    00000058     balance_ball_control.o (.text.ensure_tracking_started)
                  00016e84    00000058     motion_action.o (.text.motion_action_start_imu_controller)
                  00016edc    00000056     libclang_rt.builtins.a : aeabi_idivmod.S.obj (.text.__aeabi_idivmod)
                  00016f32    00000002     --HOLE-- [fill = 0]
                  00016f34    00000054     balance_soft_limits.o (.text.BalanceSoftLimits_BeginFullCalibrationAtCurrentAsZero)
                  00016f88    00000054     car_controller.o (.text.CarController_Stop)
                  00016fdc    00000054     track_sensor.o (.text.TrackSensor_ReadRaw)
                  00017030    00000054     watchdog_monitor.o (.text.WatchdogMonitor_ApplyFaultIfNeeded)
                  00017084    00000054     menu.o (.text.menu_next_main_page)
                  000170d8    00000050     balance_position_control.o (.text.BalancePositionControl_SetTrackingTarget)
                  00017128    00000050     balance_soft_limits.o (.text.BalanceSoftLimits_GetSnapshot)
                  00017178    00000050     ultrasonic.o (.text.Ultrasonic_Init)
                  000171c8    00000050     watchdog_monitor.o (.text.WatchdogMonitor_Tick1msFromIsr)
                  00017218    0000004e     libclang_rt.builtins.a : floatdisf.S.obj (.text.__floatdisf)
                  00017266    00000002     --HOLE-- [fill = 0]
                  00017268    0000004c     motor_control.o (.text.MotorControl_Stop)
                  000172b4    0000004c     libc.a : cpy_tbl.c.obj (.text.copy_in)
                  00017300    0000004c     vision_protocol.o (.text.state_is_valid)
                  0001734c    0000004c     libc.a : autoinit.c.obj (.text:__TI_auto_init_nopinit)
                  00017398    00000048     driverlib.a : dl_uart.o (.text.DL_UART_init)
                  000173e0    00000048     mission_manager.o (.text.MissionManager_Cancel)
                  00017428    00000048     ti_msp_dl_config.o (.text.SYSCFG_DL_initPower)
                  00017470    00000044     car_controller.o (.text.CarController_StartFollowLine)
                  000174b4    00000044     emergency_stop.o (.text.EmergencyStop_Reset)
                  000174f8    00000044     encoder.o (.text.Encoder_GetAndClearPulseDeltas)
                  0001753c    00000044     imu.o (.text.Imu_ResetYaw)
                  00017580    00000044     mission_manager.o (.text.MissionManager_Reset)
                  000175c4    00000044     servo.o (.text.Servo_Tick100us)
                  00017608    00000044     vision_uart.o (.text.UART3_IRQHandler)
                  0001764c    00000040     balance_encoder.o (.text.BalanceEncoder_GetSnapshot)
                  0001768c    00000040     balance_soft_limits.o (.text.BalanceSoftLimits_StopMotion)
                  000176cc    00000040     car_controller.o (.text.CarController_ResumeFollowLine)
                  0001770c    00000040     fault.o (.text.Fault_Raise)
                  0001774c    00000040     ti_msp_dl_config.o (.text.SYSCFG_DL_SYSCTL_init)
                  0001778c    00000040     vision_receiver.o (.text.VisionReceiver_PushByteFromIsr)
                  000177cc    00000040     libclang_rt.builtins.a : aeabi_uidivmod.S.obj (.text.__aeabi_uidivmod)
                  0001780c    00000040     vision_protocol.o (.text.parse_confidence)
                  0001784c    0000003e     libclang_rt.builtins.a : divmoddi4.c.obj (.text.__divmoddi4)
                  0001788a    00000002     --HOLE-- [fill = 0]
                  0001788c    0000003c     balance_ball_control.o (.text.BalanceBallControl_Enable)
                  000178c8    0000003c     balance_position_control.o (.text.BalancePositionControl_Cancel)
                  00017904    0000003c     mission_library.o (.text.MissionLibrary_FindById)
                  00017940    0000003c     mission_manager.o (.text.MissionManager_Resume)
                  0001797c    0000003c     servo.o (.text.Servo_SetAngleDeg)
                  000179b8    0000003c     libclang_rt.builtins.a : floatsisf.S.obj (.text.__floatsisf)
                  000179f4    0000003c                            : comparesf2.S.obj (.text.__gtsf2)
                  00017a30    0000003c     balance_position_control.o (.text.latch_fault)
                  00017a6c    0000003a     libclang_rt.builtins.a : comparesf2.S.obj (.text.__eqsf2)
                  00017aa6    00000002     --HOLE-- [fill = 0]
                  00017aa8    0000003a                            : muldsi3.S.obj (.text.__muldsi3)
                  00017ae2    00000002     --HOLE-- [fill = 0]
                  00017ae4    00000038     emergency_stop.o (.text.EmergencyStop_Trigger)
                  00017b1c    00000038     libclang_rt.builtins.a : fixsfsi.S.obj (.text.__fixsfsi)
                  00017b54    00000038     balance_tuning.o (.text.abort_serial_calibration)
                  00017b8c    00000038     balance_tuning.o (.text.serial_calibration_jog)
                  00017bc4    00000034     balance_ball_control.o (.text.BalanceBallControl_SetTargetMm)
                  00017bf8    00000034     balance_position_control.o (.text.BalancePositionControl_SetTrackingThresholds)
                  00017c2c    00000034     imu.o (.text.Imu_IsReady)
                  00017c60    00000032     oled.o (.text.OLED_PrintString)
                  00017c92    00000002     --HOLE-- [fill = 0]
                  00017c94    00000030     key.o (.text.Key_Init)
                  00017cc4    00000030     line_controller.o (.text.LineController_ObserveSensors)
                  00017cf4    00000030     watchdog_monitor.o (.text.WatchdogMonitor_Init)
                  00017d24    00000030     watchdog_monitor.o (.text.WatchdogMonitor_Reset)
                  00017d54    0000002c     balance_position_control.o (.text.BalancePositionControl_StartTracking)
                  00017d80    0000002c     encoder.o (.text.Encoder_Reset)
                  00017dac    0000002c     mission_manager.o (.text.MissionManager_Pause)
                  00017dd8    0000002c     track_sensor.o (.text.TrackSensor_CountBlack)
                  00017e04    00000028     balance_ball_control.o (.text.BalanceBallControl_ResetConfig)
                  00017e2c    00000028     balance_soft_limits.o (.text.BalanceSoftLimits_CancelTravelTest)
                  00017e54    00000028     driverlib.a : dl_flashctl.o (.text.DL_FlashCTL_programMemoryFromRAM64WithECCGenerated)
                  00017e7c    00000028     emergency_stop.o (.text.EmergencyStop_Enforce)
                  00017ea4    00000028     magnet.o (.text.Magnet_ForceOff)
                  00017ecc    00000028     ti_msp_dl_config.o (.text.SYSCFG_DL_init)
                  00017ef4    00000028     servo.o (.text.Servo_Init)
                  00017f1c    00000028     libclang_rt.builtins.a : floatunsisf.S.obj (.text.__floatunsisf)
                  00017f44    00000028     libc.a : boot_cortex_m.c.obj (.text:_c_int00_noargs)
                  00017f6c    00000024     balance_encoder.o (.text.BalanceEncoder_SampleSpeed10msFromIsr)
                  00017f90    00000024     balance_position_control.o (.text.BalancePositionControl_GetSnapshot)
                  00017fb4    00000024     balance_soft_limits.o (.text.BalanceSoftLimits_CancelOscillationTest)
                  00017fd8    00000024     gimbal_stepper.o (.text.GimbalStepper_GetFeedbackSnapshot)
                  00017ffc    00000024     mission_manager.o (.text.MissionManager_ReportExternalFailure)
                  00018020    00000024     motor_control.o (.text.MotorControl_Init)
                  00018044    00000024     motor_control.o (.text.MotorControl_Reset)
                  00018068    00000024     oled.o (.text.OLED_ClearBuffer)
                  0001808c    00000024     libclang_rt.builtins.a : muldi3.S.obj (.text.__muldi3)
                  000180b0    00000020     balance_ball_control.o (.text.BalanceBallControl_GetSnapshot)
                  000180d0    00000020     driverlib.a : dl_timer.o (.text.DL_Timer_overrideCCPOut)
                  000180f0    00000020     debug_telemetry.o (.text.DebugTelemetry_Update)
                  00018110    00000020     empty.o (.text.GROUP1_IRQHandler)
                  00018130    00000020     magnet.o (.text.Magnet_Init)
                  00018150    00000020     oled.o (.text.OLED_SetCursor)
                  00018170    00000020     empty.o (.text.SchedulerMonitor_GetStats)
                  00018190    00000020     vision_receiver.o (.text.VisionReceiver_GetProtocolErrorCount)
                  000181b0    00000020     libc.a : memcmp.c.obj (.text.memcmp)
                  000181d0    00000020     mission_manager.o (.text.mission_finish_error)
                  000181f0    0000001e     libclang_rt.builtins.a : ashldi3.S.obj (.text.__ashldi3)
                  0001820e    00000002     --HOLE-- [fill = 0]
                  00018210    0000001c     balance_ball_control.o (.text.BalanceBallControl_Disable)
                  0001822c    0000001c     balance_ball_control.o (.text.BalanceBallControl_ForceStop)
                  00018248    0000001c     driverlib.a : dl_timer.o (.text.DL_Timer_setCaptCompUpdateMethod)
                  00018264    0000001c                 : dl_timer.o (.text.DL_Timer_setClockConfig)
                  00018280    0000001c     heading_control.o (.text.HeadingControl_SetTargetYaw)
                  0001829c    0000001c     menu.o (.text.Menu_Init)
                  000182b8    0000001c     motion_action.o (.text.MotionAction_Cancel)
                  000182d4    0000001c     obstacle_monitor.o (.text.ObstacleMonitor_Init)
                  000182f0    0000001c     obstacle_safety.o (.text.ObstacleSafety_Init)
                  0001830c    0000001c     watchdog_monitor.o (.text.WatchdogMonitor_NotifyControlCycleComplete)
                  00018328    0000001c     mission_manager.o (.text.mission_finish_success)
                  00018344    00000018     balance_ball_control.o (.text.BalanceBallControl_GetConfig)
                  0001835c    00000018     driverlib.a : dl_flashctl.o (.text.DL_FlashCTL_eraseMemoryFromRAM)
                  00018374    00000018                 : dl_timer.o (.text.DL_Timer_setCaptureCompareOutCtl)
                  0001838c    00000018     debug_telemetry.o (.text.DebugTelemetry_Init)
                  000183a4    00000018     heading_control.o (.text.HeadingControl_Init)
                  000183bc    00000018     heading_control.o (.text.HeadingControl_Reset)
                  000183d4    00000018     menu.o (.text.Menu_ParamItemToString)
                  000183ec    00000018     motion_action.o (.text.MotionAction_Init)
                  00018404    00000018     obstacle_avoidance.o (.text.ObstacleAvoidance_Init)
                  0001841c    00000018     runtime_snapshot.o (.text.RuntimeSnapshot_Init)
                  00018434    00000016     libclang_rt.builtins.a : comparesf2.S.obj (.text.__unordsf2)
                  0001844a    00000002     --HOLE-- [fill = 0]
                  0001844c    00000014     fault.o (.text.Fault_Clear)
                  00018460    00000014     fault.o (.text.Fault_Init)
                  00018474    00000014     gimbal_stepper.o (.text.GimbalStepper_SetStepHalfPeriodTicks)
                  00018488    00000014     heading_control.o (.text.HeadingControl_Enable)
                  0001849c    00000014     mission_library.o (.text.MissionLibrary_GetByIndex)
                  000184b0    00000014     mission_manager.o (.text.MissionManager_GetSelectedMissionId)
                  000184c4    00000014     vision_uart.o (.text.VisionUart_Init)
                  000184d8    00000014     libclang_rt.builtins.a : aeabi_ldivmod.S.obj (.text.__aeabi_ldivmod)
                  000184ec    00000014                            : aeabi_uldivmod.S.obj (.text.__aeabi_uldivmod)
                  00018500    00000012     driverlib.a : dl_uart.o (.text.DL_UART_setClockConfig)
                  00018512    00000012     libc.a : copy_decompress_none.c.obj (.text:decompress:none)
                  00018524    00000010     balance_position_control.o (.text.BalancePositionControl_HasFault)
                  00018534    00000010     driverlib.a : dl_timer.o (.text.DL_Timer_setCaptureCompareValue)
                  00018544    00000010     gimbal.o (.text.Gimbal_YawGetFeedback)
                  00018554    00000010     key.o (.text.Key_GetEvent)
                  00018564    00000010     libc.a : copy_zero_init.c.obj (.text:decompress:ZI)
                  00018574    0000000c     balance_encoder.o (.text.BalanceEncoder_GetCountAtomic)
                  00018580    0000000c     balance_position_control.o (.text.BalancePositionControl_IsBusy)
                  0001858c    0000000c     balance_soft_limits.o (.text.BalanceSoftLimits_IsCalibrationActive)
                  00018598    0000000c     balance_soft_limits.o (.text.BalanceSoftLimits_IsOscillationTestActive)
                  000185a4    0000000c     balance_soft_limits.o (.text.BalanceSoftLimits_IsTravelTestActive)
                  000185b0    0000000c     car_controller.o (.text.CarController_GetRunMode)
                  000185bc    0000000c     car_controller.o (.text.CarController_Init)
                  000185c8    0000000c     car_controller.o (.text.CarController_IsSafetyHoldActive)
                  000185d4    0000000c     car_state.o (.text.CarState_Get)
                  000185e0    0000000c     car_state.o (.text.CarState_Init)
                  000185ec    0000000c     car_state.o (.text.CarState_Set)
                  000185f8    0000000c     emergency_stop.o (.text.EmergencyStop_Init)
                  00018604    0000000c     emergency_stop.o (.text.EmergencyStop_IsActive)
                  00018610    0000000c     imu.o (.text.Imu_GetCorrectedGyroZDps)
                  0001861c    0000000c     imu.o (.text.Imu_GetYaw)
                  00018628    0000000c     menu.o (.text.Menu_GetPage)
                  00018634    0000000c     menu.o (.text.Menu_GetParamItem)
                  00018640    0000000c     mission_manager.o (.text.MissionManager_IsExternallyHeld)
                  0001864c    0000000c     mission_manager.o (.text.MissionManager_SetExternalHold)
                  00018658    0000000c     obstacle_avoidance.o (.text.ObstacleAvoidance_IsActive)
                  00018664    0000000c     obstacle_avoidance.o (.text.ObstacleAvoidance_IsFailed)
                  00018670    0000000c     obstacle_safety.o (.text.ObstacleSafety_IsHolding)
                  0001867c    0000000c     empty.o (.text.SystemTime_GetMs)
                  00018688    0000000c     watchdog_monitor.o (.text.WatchdogMonitor_HasTripped)
                  00018694    0000000c     libclang_rt.builtins.a : aeabi_memset.S.obj (.text.__aeabi_memclr)
                  000186a0    0000000a     driverlib.a : dl_common.o (.text.DL_Common_delayCycles)
                  000186aa    0000000a     motion_action.o (.text.MotionAction_Resume)
                  000186b4    0000000a     motion_action.o (.text.MotionAction_Start)
                  000186be    0000000a     track_sensor.o (.text.TrackSensor_IsCenterDetected)
                  000186c8    0000000a     track_sensor.o (.text.TrackSensor_IsLineDetected)
                  000186d2    0000000a     track_sensor.o (.text.TrackSensor_IsLineLost)
                  000186dc    00000008     balance_soft_limits.o (.text.BalanceSoftLimits_CancelPositionMove)
                  000186e4    00000008     balance_soft_limits.o (.text.BalanceSoftLimits_IsPositionMoveActive)
                  000186ec    00000008     bluetooth_uart.o (.text.BluetoothUart_GetRuntime)
                  000186f4    00000008     car_controller.o (.text.CarController_GetFeedback)
                  000186fc    00000008     fault.o (.text.Fault_GetRecord)
                  00018704    00000008     gimbal_stepper.o (.text.GimbalStepper_GetFeedback)
                  0001870c    00000008     heading_control.o (.text.HeadingControl_GetRuntime)
                  00018714    00000008     imu.o (.text.Imu_GetRuntime)
                  0001871c    00000008     line_controller.o (.text.LineController_GetRuntime)
                  00018724    00000008     mission_manager.o (.text.MissionManager_GetMissionCount)
                  0001872c    00000008     mission_manager.o (.text.MissionManager_GetRuntime)
                  00018734    00000008     motion_action.o (.text.MotionAction_GetRuntime)
                  0001873c    00000008     motor_control.o (.text.MotorControl_GetRuntime)
                  00018744    00000008     obstacle_avoidance.o (.text.ObstacleAvoidance_GetFeedback)
                  0001874c    00000008     obstacle_monitor.o (.text.ObstacleMonitor_GetFeedback)
                  00018754    00000008     oled_ui.o (.text.OledUi_Init)
                  0001875c    00000008     runtime_snapshot.o (.text.RuntimeSnapshot_Get)
                  00018764    00000008     servo.o (.text.Servo_GetFeedback)
                  0001876c    00000008     ultrasonic.o (.text.Ultrasonic_GetFeedback)
                  00018774    00000008     vision_receiver.o (.text.VisionReceiver_GetBallPositionObservation)
                  0001877c    00000008     vision_receiver.o (.text.VisionReceiver_GetStatus)
                  00018784    00000008     vision_tuning_console.o (.text.VisionTuningConsole_GetStatus)
                  0001878c    00000008     watchdog_monitor.o (.text.WatchdogMonitor_GetStatus)
                  00018794    00000008     wheel_speed_estimator.o (.text.WheelSpeedEstimator_GetRuntime)
                  0001879c    00000008     libclang_rt.builtins.a : aeabi_memcpy.S.obj (.text.__aeabi_memcpy)
                  000187a4    00000006     libc.a : exit.c.obj (.text:abort)
                  000187aa    00000004     mission_library.o (.text.MissionLibrary_GetCount)
                  000187ae    00000004     obstacle_avoidance.o (.text.ObstacleAvoidance_IsResumeGraceActive)
                  000187b2    00000004     startup_mspm0g350x_ticlang.o (.text.Reset_Handler)
                  000187b6    00000002     --HOLE-- [fill = 0]
                  000187b8    00000010     libc.a : boot_cortex_m.c.obj (.tramp._c_int00_noargs.1)
                  000187c8    00000004            : pre_init.c.obj (.text._system_pre_init)
                  000187cc    00000010     driverlib.a : dl_flashctl.o (.tramp.DL_FlashCTL_executeCommandFromRAM.1)
                  000187dc    00000004     --HOLE-- [fill = 0]

.TI.ramfunc 
*          0    00019440    00000060     RUN ADDR = 20201968
                  00019440    00000060     driverlib.a : dl_flashctl.o (.TI.ramfunc)

.cinit     0    000194a0    00000030     
                  000194a0    0000000c     (__TI_handler_table)
                  000194ac    00000008     (.cinit..bss.load) [load image, compression = zero_init]
                  000194b4    00000005     (.cinit..data.load) [load image, compression = lzss]
                  000194b9    00000003     --HOLE-- [fill = 0]
                  000194bc    00000010     (__TI_cinit_table)
                  000194cc    00000004     --HOLE-- [fill = 0]

.rodata    0    000187e0    00000c60     
                  000187e0    000000d8     oled.o (.rodata..Lswitch.table.OLED_PrintChar)
                  000188b8    00000050     mission_library.o (.rodata.g_missionRegistry)
                  00018908    00000048     mission_library.o (.rodata.g_missionCompetitionMain)
                  00018950    00000048     mission_library.o (.rodata.g_missionTestDistance20)
                  00018998    00000048     mission_library.o (.rodata.g_missionTestLine)
                  000189e0    00000048     mission_library.o (.rodata.g_missionTestTurn)
                  00018a28    00000038     balance_tuning.o (.rodata..Lswitch.table.send_debug_receiver)
                  00018a60    00000034     oled_ui.o (.rodata..Lswitch.table.print_balance_vision_rx_debug_page)
                  00018a94    0000002c     oled_ui.o (.rodata..Lswitch.table.print_status_page)
                  00018ac0    00000028     balance_tuning.o (.rodata..Lswitch.table.send_debug_controller.152)
                  00018ae8    00000020     menu.o (.rodata..Lswitch.table.Menu_ParamItemToString)
                  00018b08    00000020     oled_ui.o (.rodata..Lswitch.table.print_balance_vision_page)
                  00018b28    00000020     balance_tuning.o (.rodata..Lswitch.table.send_debug_controller.151)
                  00018b48    0000001c     oled_ui.o (.rodata..Lswitch.table.print_balance_stepper_test_page.197)
                  00018b64    0000001c     oled_ui.o (.rodata..Lswitch.table.print_drive_distance_page)
                  00018b80    00000018     oled_ui.o (.rodata..Lswitch.table.print_status_page.198)
                  00018b98    00000018     balance_tuning.o (.rodata..Lswitch.table.send_debug_position_fault)
                  00018bb0    00000018     mission_library.o (.rodata.g_missionTestBallCenter)
                  00018bc8    00000018     balance_tuning.o (.rodata.str1.11920933488914742755.1)
                  00018be0    00000017     balance_tuning.o (.rodata.str1.13404072320016493612.1)
                  00018bf7    00000001     --HOLE-- [fill = 0]
                  00018bf8    00000014     oled_ui.o (.rodata..Lswitch.table.print_balance_stepper_test_page.191)
                  00018c0c    00000014     oled_ui.o (.rodata..Lswitch.table.print_balance_stepper_test_page.193)
                  00018c20    00000014     oled_ui.o (.rodata..Lswitch.table.print_status_page.199)
                  00018c34    00000014     balance_tuning.o (.rodata..Lswitch.table.send_debug_filter)
                  00018c48    00000014     balance_tuning.o (.rodata.str1.2068070733339245865.1)
                  00018c5c    00000013     oled_ui.o (.rodata.str1.14774750633985060196.1)
                  00018c6f    00000013     balance_tuning.o (.rodata.str1.3233384059104302595.1)
                  00018c82    00000012     balance_tuning.o (.rodata.str1.16975567547049602772.1)
                  00018c94    00000011     oled_ui.o (.rodata.str1.14521350379984854626.1)
                  00018ca5    00000011     oled_ui.o (.rodata.str1.17763087492223448992.1)
                  00018cb6    00000011     oled_ui.o (.rodata.str1.1974573040514735405.1)
                  00018cc7    00000011     oled_ui.o (.rodata.str1.9351772214919528733.1)
                  00018cd8    00000011     oled_ui.o (.rodata.str1.9584387800903135389.1)
                  00018ce9    00000003     ti_msp_dl_config.o (.rodata.gPWM_MOTORClockConfig)
                  00018cec    00000010     oled_ui.o (.rodata..Lswitch.table.print_balance_stepper_test_page.194)
                  00018cfc    00000010     balance_encoder.o (.rodata.cst16)
                  00018d0c    00000010     oled_ui.o (.rodata.str1.12697925274637991987.1)
                  00018d1c    0000000f     oled_ui.o (.rodata.str1.9229350655415085.1)
                  00018d2b    0000000e     oled_ui.o (.rodata.str1.10416366799939242409.1)
                  00018d39    0000000e     oled_ui.o (.rodata.str1.10430294223631918979.1)
                  00018d47    0000000e     oled_ui.o (.rodata.str1.14711868471336838103.1)
                  00018d55    0000000e     balance_tuning.o (.rodata.str1.3558965309215986498.1)
                  00018d63    0000000e     balance_tuning.o (.rodata.str1.4787913558422352643.1)
                  00018d71    0000000e     balance_tuning.o (.rodata.str1.7429938449141376701.1)
                  00018d7f    0000000d     balance_tuning.o (.rodata.str1.12833110812472946424.1)
                  00018d8c    0000000d     balance_tuning.o (.rodata.str1.14407532796619091063.1)
                  00018d99    0000000d     balance_tuning.o (.rodata.str1.4034695520341852388.1)
                  00018da6    0000000d     balance_tuning.o (.rodata.str1.570700920706815620.1)
                  00018db3    00000001     --HOLE-- [fill = 0]
                  00018db4    0000000c     oled_ui.o (.rodata..Lswitch.table.print_balance_stepper_test_page.192)
                  00018dc0    0000000c     oled_ui.o (.rodata..Lswitch.table.print_balance_stepper_test_page.195)
                  00018dcc    0000000c     oled_ui.o (.rodata..Lswitch.table.print_balance_stepper_test_page)
                  00018dd8    0000000c     oled_ui.o (.rodata..Lswitch.table.print_sensor_page)
                  00018de4    0000000c     balance_tuning.o (.rodata..Lswitch.table.send_calibration_status)
                  00018df0    0000000c     mission_library.o (.rodata.str1.11682660667400632204.1)
                  00018dfc    0000000c     oled_ui.o (.rodata.str1.16290499236105125126.1)
                  00018e08    0000000c     balance_tuning.o (.rodata.str1.17549480707308297090.1)
                  00018e14    0000000c     balance_tuning.o (.rodata.str1.3946804622114928529.1)
                  00018e20    0000000b     balance_tuning.o (.rodata.str1.12203727298384633765.1)
                  00018e2b    0000000b     balance_tuning.o (.rodata.str1.12233546741183254892.1)
                  00018e36    0000000b     oled_ui.o (.rodata.str1.13882251010780863896.1)
                  00018e41    0000000b     balance_tuning.o (.rodata.str1.17166399224375095386.1)
                  00018e4c    0000000b     balance_tuning.o (.rodata.str1.5425032234050588950.1)
                  00018e57    00000001     --HOLE-- [fill = 0]
                  00018e58    0000000a     ti_msp_dl_config.o (.rodata.gUART_BALANCE_TUNINGConfig)
                  00018e62    0000000a     ti_msp_dl_config.o (.rodata.gUART_VISIONConfig)
                  00018e6c    0000000a     balance_tuning.o (.rodata.str1.11278905947013221575.1)
                  00018e76    0000000a     oled_ui.o (.rodata.str1.12447783896598192203.1)
                  00018e80    0000000a     mission_library.o (.rodata.str1.13636476544574750902.1)
                  00018e8a    0000000a     mission_library.o (.rodata.str1.15668266851434757964.1)
                  00018e94    0000000a     balance_tuning.o (.rodata.str1.16828945227823925029.1)
                  00018e9e    0000000a     balance_tuning.o (.rodata.str1.16995373371140357553.1)
                  00018ea8    0000000a     oled_ui.o (.rodata.str1.17540787658903907660.1)
                  00018eb2    0000000a     balance_tuning.o (.rodata.str1.1862446224603202915.1)
                  00018ebc    0000000a     mission_library.o (.rodata.str1.199678142196697465.1)
                  00018ec6    0000000a     oled_ui.o (.rodata.str1.2608729314174233125.1)
                  00018ed0    0000000a     oled_ui.o (.rodata.str1.4582914374586912483.1)
                  00018eda    0000000a     balance_tuning.o (.rodata.str1.7805572866881257290.1)
                  00018ee4    00000009     oled_ui.o (.rodata.str1.12043213579996415112.1)
                  00018eed    00000009     oled_ui.o (.rodata.str1.15917848551323629232.1)
                  00018ef6    00000009     balance_tuning.o (.rodata.str1.3496791163923278892.1)
                  00018eff    00000009     oled_ui.o (.rodata.str1.5965888106848176421.1)
                  00018f08    00000009     balance_tuning.o (.rodata.str1.9755989949770481844.1)
                  00018f11    00000003     oled_ui.o (.rodata.str1.10263419832828250601.1)
                  00018f14    00000008     ti_msp_dl_config.o (.rodata.gPWM_MOTORConfig)
                  00018f1c    00000008     oled_ui.o (.rodata.str1.10163600690795753232.1)
                  00018f24    00000008     balance_tuning.o (.rodata.str1.1264218299910966159.1)
                  00018f2c    00000008     oled_ui.o (.rodata.str1.130772507669342127.1)
                  00018f34    00000008     oled_ui.o (.rodata.str1.13271657277589579873.1)
                  00018f3c    00000008     balance_tuning.o (.rodata.str1.13343969186687346557.1)
                  00018f44    00000008     oled_ui.o (.rodata.str1.17464849429964608858.1)
                  00018f4c    00000008     balance_tuning.o (.rodata.str1.2700731884220140365.1)
                  00018f54    00000008     balance_tuning.o (.rodata.str1.3829160663182747675.1)
                  00018f5c    00000008     balance_tuning.o (.rodata.str1.437153270038012910.1)
                  00018f64    00000008     balance_tuning.o (.rodata.str1.8563474565901259281.1)
                  00018f6c    00000007     oled_ui.o (.rodata.str1.1276391367487699528.1)
                  00018f73    00000007     oled_ui.o (.rodata.str1.13871579367539052597.1)
                  00018f7a    00000007     balance_tuning.o (.rodata.str1.13927408975829028648.1)
                  00018f81    00000007     mission_library.o (.rodata.str1.1440970855772709381.1)
                  00018f88    00000007     balance_tuning.o (.rodata.str1.14940683997065356497.1)
                  00018f8f    00000007     balance_tuning.o (.rodata.str1.16276113701240659636.1)
                  00018f96    00000007     oled_ui.o (.rodata.str1.4610220316623841660.1)
                  00018f9d    00000007     balance_tuning.o (.rodata.str1.7071644105955104486.1)
                  00018fa4    00000007     oled_ui.o (.rodata.str1.9646571805098343045.1)
                  00018fab    00000007     oled_ui.o (.rodata.str1.9992244628984851027.1)
                  00018fb2    00000006     oled_ui.o (.rodata.str1.10077435089618835710.1)
                  00018fb8    00000006     oled_ui.o (.rodata.str1.1019225241002246410.1)
                  00018fbe    00000006     oled_ui.o (.rodata.str1.10600688730180713177.1)
                  00018fc4    00000006     oled_ui.o (.rodata.str1.11232419324784801130.1)
                  00018fca    00000006     oled_ui.o (.rodata.str1.12571791089077708471.1)
                  00018fd0    00000006     balance_tuning.o (.rodata.str1.12637522976786142932.1)
                  00018fd6    00000006     balance_tuning.o (.rodata.str1.12662652760121154555.1)
                  00018fdc    00000006     oled_ui.o (.rodata.str1.1445687256832830955.1)
                  00018fe2    00000006     oled_ui.o (.rodata.str1.14748562464132904299.1)
                  00018fe8    00000006     oled_ui.o (.rodata.str1.15817398807211891688.1)
                  00018fee    00000006     oled_ui.o (.rodata.str1.16411631209783952401.1)
                  00018ff4    00000006     oled_ui.o (.rodata.str1.17717236995185551183.1)
                  00018ffa    00000006     oled_ui.o (.rodata.str1.240075016795266086.1)
                  00019000    00000006     oled_ui.o (.rodata.str1.2656948373757303877.1)
                  00019006    00000006     balance_tuning.o (.rodata.str1.3044366246123777871.1)
                  0001900c    00000006     oled_ui.o (.rodata.str1.3247264562726604308.1)
                  00019012    00000006     balance_tuning.o (.rodata.str1.3256541037304612316.1)
                  00019018    00000006     balance_tuning.o (.rodata.str1.3392284968516405332.1)
                  0001901e    00000006     oled_ui.o (.rodata.str1.4932371652560868037.1)
                  00019024    00000006     oled_ui.o (.rodata.str1.5376340479846291137.1)
                  0001902a    00000006     oled_ui.o (.rodata.str1.5948326995020184415.1)
                  00019030    00000006     oled_ui.o (.rodata.str1.7050595558965647569.1)
                  00019036    00000006     oled_ui.o (.rodata.str1.7481335054564682966.1)
                  0001903c    00000006     oled_ui.o (.rodata.str1.8018480777946742726.1)
                  00019042    00000006     oled_ui.o (.rodata.str1.8783421139296713095.1)
                  00019048    00000006     balance_tuning.o (.rodata.str1.9462028229935726468.1)
                  0001904e    00000006     oled_ui.o (.rodata.str1.9544068167406571052.1)
                  00019054    00000005     motion_action.o (.rodata..Lswitch.table.MotionAction_Update_20ms)
                  00019059    00000005     oled.o (.rodata.oled_get_glyph.colon)
                  0001905e    00000005     oled.o (.rodata.oled_get_glyph.eight)
                  00019063    00000005     oled.o (.rodata.oled_get_glyph.five)
                  00019068    00000005     oled.o (.rodata.oled_get_glyph.four)
                  0001906d    00000005     oled.o (.rodata.oled_get_glyph.glyphA)
                  00019072    00000005     oled.o (.rodata.oled_get_glyph.glyphB)
                  00019077    00000005     oled.o (.rodata.oled_get_glyph.glyphC)
                  0001907c    00000005     oled.o (.rodata.oled_get_glyph.glyphD)
                  00019081    00000005     oled.o (.rodata.oled_get_glyph.glyphE)
                  00019086    00000005     oled.o (.rodata.oled_get_glyph.glyphF)
                  0001908b    00000005     oled.o (.rodata.oled_get_glyph.glyphG)
                  00019090    00000005     oled.o (.rodata.oled_get_glyph.glyphH)
                  00019095    00000005     oled.o (.rodata.oled_get_glyph.glyphI)
                  0001909a    00000005     oled.o (.rodata.oled_get_glyph.glyphK)
                  0001909f    00000005     oled.o (.rodata.oled_get_glyph.glyphL)
                  000190a4    00000005     oled.o (.rodata.oled_get_glyph.glyphM)
                  000190a9    00000005     oled.o (.rodata.oled_get_glyph.glyphN)
                  000190ae    00000005     oled.o (.rodata.oled_get_glyph.glyphO)
                  000190b3    00000005     oled.o (.rodata.oled_get_glyph.glyphP)
                  000190b8    00000005     oled.o (.rodata.oled_get_glyph.glyphR)
                  000190bd    00000005     oled.o (.rodata.oled_get_glyph.glyphS)
                  000190c2    00000005     oled.o (.rodata.oled_get_glyph.glyphT)
                  000190c7    00000005     oled.o (.rodata.oled_get_glyph.glyphU)
                  000190cc    00000005     oled.o (.rodata.oled_get_glyph.glyphV)
                  000190d1    00000005     oled.o (.rodata.oled_get_glyph.glyphW)
                  000190d6    00000005     oled.o (.rodata.oled_get_glyph.glyphX)
                  000190db    00000005     oled.o (.rodata.oled_get_glyph.glyphY)
                  000190e0    00000005     oled.o (.rodata.oled_get_glyph.glyphb)
                  000190e5    00000005     oled.o (.rodata.oled_get_glyph.gt)
                  000190ea    00000005     oled.o (.rodata.oled_get_glyph.minus)
                  000190ef    00000005     oled.o (.rodata.oled_get_glyph.nine)
                  000190f4    00000005     oled.o (.rodata.oled_get_glyph.one)
                  000190f9    00000005     oled.o (.rodata.oled_get_glyph.seven)
                  000190fe    00000005     oled.o (.rodata.oled_get_glyph.six)
                  00019103    00000005     oled.o (.rodata.oled_get_glyph.space)
                  00019108    00000005     oled.o (.rodata.oled_get_glyph.three)
                  0001910d    00000005     oled.o (.rodata.oled_get_glyph.two)
                  00019112    00000005     oled.o (.rodata.oled_get_glyph.zero)
                  00019117    00000005     oled_ui.o (.rodata.str1.11049990970699464748.1)
                  0001911c    00000005     oled_ui.o (.rodata.str1.11627403558423016802.1)
                  00019121    00000005     oled_ui.o (.rodata.str1.12182588061437138428.1)
                  00019126    00000005     oled_ui.o (.rodata.str1.12359577037488465078.1)
                  0001912b    00000005     oled_ui.o (.rodata.str1.12493748764729730277.1)
                  00019130    00000005     oled_ui.o (.rodata.str1.12504350857748951577.1)
                  00019135    00000005     oled_ui.o (.rodata.str1.12617122458660443890.1)
                  0001913a    00000005     balance_tuning.o (.rodata.str1.12787636963787307533.1)
                  0001913f    00000005     balance_tuning.o (.rodata.str1.14427035260820240747.1)
                  00019144    00000005     fault.o (.rodata.str1.14435905801345341244.1)
                  00019149    00000005     fault.o (.rodata.str1.1506612114648992996.1)
                  0001914e    00000005     oled_ui.o (.rodata.str1.15132332204781002199.1)
                  00019153    00000005     oled_ui.o (.rodata.str1.15575624326185233262.1)
                  00019158    00000005     oled_ui.o (.rodata.str1.15577080202403550426.1)
                  0001915d    00000005     oled_ui.o (.rodata.str1.15613891207764622616.1)
                  00019162    00000005     oled_ui.o (.rodata.str1.15802367878353263018.1)
                  00019167    00000005     oled_ui.o (.rodata.str1.15829239520183577662.1)
                  0001916c    00000005     balance_tuning.o (.rodata.str1.16296215605590053309.1)
                  00019171    00000005     oled_ui.o (.rodata.str1.16526439943277383452.1)
                  00019176    00000005     oled_ui.o (.rodata.str1.16939060351352778619.1)
                  0001917b    00000005     oled_ui.o (.rodata.str1.17067061841413117831.1)
                  00019180    00000005     fault.o (.rodata.str1.17097894860660336008.1)
                  00019185    00000005     fault.o (.rodata.str1.17155043670132108083.1)
                  0001918a    00000005     oled_ui.o (.rodata.str1.17436941090773226089.1)
                  0001918f    00000005     oled_ui.o (.rodata.str1.17678525341650131470.1)
                  00019194    00000005     oled_ui.o (.rodata.str1.17763996158807330232.1)
                  00019199    00000005     oled_ui.o (.rodata.str1.17884296644359297425.1)
                  0001919e    00000005     oled_ui.o (.rodata.str1.2002540315216928218.1)
                  000191a3    00000005     fault.o (.rodata.str1.2104670281202025270.1)
                  000191a8    00000005     oled_ui.o (.rodata.str1.2193316011307952170.1)
                  000191ad    00000005     oled_ui.o (.rodata.str1.2308938766145545715.1)
                  000191b2    00000005     balance_tuning.o (.rodata.str1.2518525128920481353.1)
                  000191b7    00000005     oled_ui.o (.rodata.str1.2522137003438374266.1)
                  000191bc    00000005     oled_ui.o (.rodata.str1.270145429241168923.1)
                  000191c1    00000005     oled_ui.o (.rodata.str1.2714695401222167146.1)
                  000191c6    00000005     balance_tuning.o (.rodata.str1.3025565282533664955.1)
                  000191cb    00000005     oled_ui.o (.rodata.str1.344790106308886506.1)
                  000191d0    00000005     oled_ui.o (.rodata.str1.3455423528827705371.1)
                  000191d5    00000005     oled_ui.o (.rodata.str1.35417727660486075.1)
                  000191da    00000005     balance_tuning.o (.rodata.str1.3977118008905300976.1)
                  000191df    00000005     oled_ui.o (.rodata.str1.4082595774073207366.1)
                  000191e4    00000005     fault.o (.rodata.str1.4453281041433270631.1)
                  000191e9    00000005     fault.o (.rodata.str1.4549004730087743662.1)
                  000191ee    00000005     oled_ui.o (.rodata.str1.4581472623415959594.1)
                  000191f3    00000005     balance_tuning.o (.rodata.str1.4648061835702390008.1)
                  000191f8    00000005     oled_ui.o (.rodata.str1.4723632947289500520.1)
                  000191fd    00000005     menu.o (.rodata.str1.4862307748908978627.1)
                  00019202    00000005     balance_tuning.o (.rodata.str1.504352846468954294.1)
                  00019207    00000005     balance_tuning.o (.rodata.str1.5223853263922667930.1)
                  0001920c    00000005     oled_ui.o (.rodata.str1.5291836437463020264.1)
                  00019211    00000005     balance_tuning.o (.rodata.str1.5894753939286773293.1)
                  00019216    00000005     oled_ui.o (.rodata.str1.5965450730569173784.1)
                  0001921b    00000005     fault.o (.rodata.str1.6372787129294360447.1)
                  00019220    00000005     oled_ui.o (.rodata.str1.6398192001994169976.1)
                  00019225    00000005     fault.o (.rodata.str1.6437946768974223044.1)
                  0001922a    00000005     oled_ui.o (.rodata.str1.6473435968988645044.1)
                  0001922f    00000005     balance_tuning.o (.rodata.str1.6600389014628918663.1)
                  00019234    00000005     oled_ui.o (.rodata.str1.6744096065564390185.1)
                  00019239    00000005     oled_ui.o (.rodata.str1.6806727740681590176.1)
                  0001923e    00000005     oled_ui.o (.rodata.str1.6954814719705590448.1)
                  00019243    00000005     balance_tuning.o (.rodata.str1.7618853495997136391.1)
                  00019248    00000005     oled_ui.o (.rodata.str1.763101100280173925.1)
                  0001924d    00000005     oled_ui.o (.rodata.str1.7774807581888385879.1)
                  00019252    00000005     oled_ui.o (.rodata.str1.8124536758062367015.1)
                  00019257    00000005     fault.o (.rodata.str1.8185770893384132067.1)
                  0001925c    00000005     oled_ui.o (.rodata.str1.8399051469953744892.1)
                  00019261    00000005     oled_ui.o (.rodata.str1.8426569189266129334.1)
                  00019266    00000005     oled_ui.o (.rodata.str1.8449035241871861290.1)
                  0001926b    00000005     oled_ui.o (.rodata.str1.8471462185882660445.1)
                  00019270    00000005     oled_ui.o (.rodata.str1.8615431116298670950.1)
                  00019275    00000005     balance_tuning.o (.rodata.str1.8659531508871313437.1)
                  0001927a    00000005     oled_ui.o (.rodata.str1.8693388333057100694.1)
                  0001927f    00000005     oled_ui.o (.rodata.str1.9044019526854345694.1)
                  00019284    00000005     oled_ui.o (.rodata.str1.9135818829835424837.1)
                  00019289    00000005     oled_ui.o (.rodata.str1.9611283282870761829.1)
                  0001928e    00000004     oled_ui.o (.rodata.str1.10568433575767188072.1)
                  00019292    00000004     balance_tuning.o (.rodata.str1.10633870927600830234.1)
                  00019296    00000004     balance_tuning.o (.rodata.str1.11007857853088784365.1)
                  0001929a    00000004     oled_ui.o (.rodata.str1.11149198520117834688.1)
                  0001929e    00000004     oled_ui.o (.rodata.str1.11388022865931857840.1)
                  000192a2    00000004     oled_ui.o (.rodata.str1.11428648044669318875.1)
                  000192a6    00000004     oled_ui.o (.rodata.str1.11614055506586029288.1)
                  000192aa    00000004     oled_ui.o (.rodata.str1.11794000050372113979.1)
                  000192ae    00000004     oled_ui.o (.rodata.str1.12595606217184830646.1)
                  000192b2    00000004     oled_ui.o (.rodata.str1.12888220461447056082.1)
                  000192b6    00000004     oled_ui.o (.rodata.str1.12928245060369742404.1)
                  000192ba    00000004     oled_ui.o (.rodata.str1.13244290092665904221.1)
                  000192be    00000004     oled_ui.o (.rodata.str1.13567883086814673087.1)
                  000192c2    00000004     fault.o (.rodata.str1.13582094816268305212.1)
                  000192c6    00000004     oled_ui.o (.rodata.str1.13750180467131823662.1)
                  000192ca    00000004     oled_ui.o (.rodata.str1.13790669171379415506.1)
                  000192ce    00000004     oled_ui.o (.rodata.str1.13875148296791986931.1)
                  000192d2    00000004     oled_ui.o (.rodata.str1.13892659840332223045.1)
                  000192d6    00000004     oled_ui.o (.rodata.str1.14132186318895045592.1)
                  000192da    00000004     oled_ui.o (.rodata.str1.14168333168339663346.1)
                  000192de    00000004     oled_ui.o (.rodata.str1.14265077442249237877.1)
                  000192e2    00000004     balance_tuning.o (.rodata.str1.14324971085387262535.1)
                  000192e6    00000004     oled_ui.o (.rodata.str1.14556837007311414654.1)
                  000192ea    00000004     oled_ui.o (.rodata.str1.14675223611663555778.1)
                  000192ee    00000004     oled_ui.o (.rodata.str1.14740362735394205067.1)
                  000192f2    00000004     oled_ui.o (.rodata.str1.15008238333949226094.1)
                  000192f6    00000004     balance_tuning.o (.rodata.str1.15818174819141905252.1)
                  000192fa    00000004     menu.o (.rodata.str1.16312125044762562515.1)
                  000192fe    00000004     fault.o (.rodata.str1.16482347271627360806.1)
                  00019302    00000004     oled_ui.o (.rodata.str1.16554583589798097927.1)
                  00019306    00000004     oled_ui.o (.rodata.str1.16849766574302683489.1)
                  0001930a    00000004     oled_ui.o (.rodata.str1.16895433903389883335.1)
                  0001930e    00000004     oled_ui.o (.rodata.str1.16931641404301806744.1)
                  00019312    00000004     menu.o (.rodata.str1.17041139162815566052.1)
                  00019316    00000004     oled_ui.o (.rodata.str1.17242430504649735449.1)
                  0001931a    00000004     oled_ui.o (.rodata.str1.17274519358952562110.1)
                  0001931e    00000004     oled_ui.o (.rodata.str1.17881291656140238186.1)
                  00019322    00000004     oled_ui.o (.rodata.str1.18128648927899109887.1)
                  00019326    00000004     oled_ui.o (.rodata.str1.18190418239766617312.1)
                  0001932a    00000004     oled_ui.o (.rodata.str1.182352409660151230.1)
                  0001932e    00000004     oled_ui.o (.rodata.str1.18266126048138325213.1)
                  00019332    00000004     oled_ui.o (.rodata.str1.18379317056176403938.1)
                  00019336    00000004     oled_ui.o (.rodata.str1.2742282290834473644.1)
                  0001933a    00000004     oled_ui.o (.rodata.str1.3407221357956504873.1)
                  0001933e    00000004     oled_ui.o (.rodata.str1.3467953211977455017.1)
                  00019342    00000004     oled_ui.o (.rodata.str1.3702290527496711532.1)
                  00019346    00000004     oled_ui.o (.rodata.str1.4551794666512319153.1)
                  0001934a    00000004     oled_ui.o (.rodata.str1.4581686099848791648.1)
                  0001934e    00000004     menu.o (.rodata.str1.4646809750356241979.1)
                  00019352    00000004     balance_tuning.o (.rodata.str1.4682479169720033769.1)
                  00019356    00000004     oled_ui.o (.rodata.str1.4691821198597473371.1)
                  0001935a    00000004     oled_ui.o (.rodata.str1.5004483696121082904.1)
                  0001935e    00000004     oled_ui.o (.rodata.str1.5463568455719735.1)
                  00019362    00000004     oled_ui.o (.rodata.str1.5689016102676777062.1)
                  00019366    00000004     oled_ui.o (.rodata.str1.5853739094453432564.1)
                  0001936a    00000004     oled_ui.o (.rodata.str1.58703915094955230.1)
                  0001936e    00000004     oled_ui.o (.rodata.str1.6835749436006845616.1)
                  00019372    00000004     oled_ui.o (.rodata.str1.7185587941321649510.1)
                  00019376    00000004     oled_ui.o (.rodata.str1.7205245123442117851.1)
                  0001937a    00000004     oled_ui.o (.rodata.str1.7219546930854689545.1)
                  0001937e    00000004     fault.o (.rodata.str1.7255546073596598018.1)
                  00019382    00000004     balance_tuning.o (.rodata.str1.7303502640274702539.1)
                  00019386    00000004     oled_ui.o (.rodata.str1.7419768602719733415.1)
                  0001938a    00000004     oled_ui.o (.rodata.str1.799718701096035713.1)
                  0001938e    00000004     oled_ui.o (.rodata.str1.8236579331345056500.1)
                  00019392    00000004     oled_ui.o (.rodata.str1.8403269972884532600.1)
                  00019396    00000004     oled_ui.o (.rodata.str1.8460525935980491721.1)
                  0001939a    00000004     balance_tuning.o (.rodata.str1.8647663465172892142.1)
                  0001939e    00000004     oled_ui.o (.rodata.str1.8709745090823444516.1)
                  000193a2    00000004     oled_ui.o (.rodata.str1.9102528229756940648.1)
                  000193a6    00000004     oled_ui.o (.rodata.str1.9159586779647977165.1)
                  000193aa    00000004     oled_ui.o (.rodata.str1.9250665025187963892.1)
                  000193ae    00000004     oled_ui.o (.rodata.str1.9295666102996717355.1)
                  000193b2    00000004     menu.o (.rodata.str1.9546740394641817443.1)
                  000193b6    00000004     balance_tuning.o (.rodata.str1.9612798771567357072.1)
                  000193ba    00000004     oled_ui.o (.rodata.str1.967006512144173535.1)
                  000193be    00000004     oled_ui.o (.rodata.str1.9822857334037886482.1)
                  000193c2    00000004     oled_ui.o (.rodata.str1.9854382722193312766.1)
                  000193c6    00000003     oled_ui.o (.rodata.str1.10509309789429088155.1)
                  000193c9    00000003     oled_ui.o (.rodata.str1.10907125332684471422.1)
                  000193cc    00000003     oled_ui.o (.rodata.str1.1108652269057166745.1)
                  000193cf    00000003     oled_ui.o (.rodata.str1.11178346780556493352.1)
                  000193d2    00000003     balance_tuning.o (.rodata.str1.11520738983365952627.1)
                  000193d5    00000003     menu.o (.rodata.str1.12110183915172842339.1)
                  000193d8    00000003     oled_ui.o (.rodata.str1.12983537867572525563.1)
                  000193db    00000003     menu.o (.rodata.str1.13124720451672825294.1)
                  000193de    00000003     balance_tuning.o (.rodata.str1.14000290760835785496.1)
                  000193e1    00000003     menu.o (.rodata.str1.14098755746347272832.1)
                  000193e4    00000003     oled_ui.o (.rodata.str1.14134189893851348960.1)
                  000193e7    00000003     oled_ui.o (.rodata.str1.14142815821055334776.1)
                  000193ea    00000003     oled_ui.o (.rodata.str1.14358698208395374265.1)
                  000193ed    00000003     balance_tuning.o (.rodata.str1.14867730425649151644.1)
                  000193f0    00000003     oled_ui.o (.rodata.str1.15859922799842739878.1)
                  000193f3    00000003     oled_ui.o (.rodata.str1.15935041339501476673.1)
                  000193f6    00000003     balance_tuning.o (.rodata.str1.16547832629819082202.1)
                  000193f9    00000003     oled_ui.o (.rodata.str1.16635595130967924751.1)
                  000193fc    00000003     oled_ui.o (.rodata.str1.17719310104486814868.1)
                  000193ff    00000003     oled_ui.o (.rodata.str1.17747339173178619492.1)
                  00019402    00000003     oled_ui.o (.rodata.str1.17812014771544466701.1)
                  00019405    00000003     balance_tuning.o (.rodata.str1.2493145903068608615.1)
                  00019408    00000003     oled_ui.o (.rodata.str1.2603845803395459882.1)
                  0001940b    00000003     balance_tuning.o (.rodata.str1.2615500520006570324.1)
                  0001940e    00000003     oled_ui.o (.rodata.str1.2983744876309220570.1)
                  00019411    00000003     oled_ui.o (.rodata.str1.4193589846040060630.1)
                  00019414    00000003     oled_ui.o (.rodata.str1.4402311448527872260.1)
                  00019417    00000003     balance_tuning.o (.rodata.str1.533910187409029848.1)
                  0001941a    00000003     oled_ui.o (.rodata.str1.6350830172869379626.1)
                  0001941d    00000003     menu.o (.rodata.str1.6857549598058878762.1)
                  00019420    00000003     balance_tuning.o (.rodata.str1.7107703467260193608.1)
                  00019423    00000003     fault.o (.rodata.str1.8193046109637024842.1)
                  00019426    00000003     oled_ui.o (.rodata.str1.8703997732205428909.1)
                  00019429    00000003     oled_ui.o (.rodata.str1.8950259614286592359.1)
                  0001942c    00000003     balance_tuning.o (.rodata.str1.947389025480374218.1)
                  0001942f    00000003     oled_ui.o (.rodata.str1.9554470707595806150.1)
                  00019432    00000002     ti_msp_dl_config.o (.rodata.gUART_BALANCE_TUNINGClockConfig)
                  00019434    00000002     ti_msp_dl_config.o (.rodata.gUART_VISIONClockConfig)
                  00019436    00000002     balance_tuning.o (.rodata.str1.10719393435742183532.1)
                  00019438    00000002     oled_ui.o (.rodata.str1.16496169091617228061.1)
                  0001943a    00000002     oled_ui.o (.rodata.str1.3025253791635144717.1)
                  0001943c    00000004     --HOLE-- [fill = 0]

.init_array 
*          0    00000000    00000000     UNINITIALIZED

.binit     0    000194d0    00000010     
                  000194d0    00000010     (.binit)

.TI.bound:g_balanceCalibrationReservedSector 
*          0    0001fc00    00000400     
                  0001fc00    00000400     balance_calibration_store.o (.TI.bound:g_balanceCalibrationReservedSector)

.bss       0    20200000    00001965     UNINITIALIZED
                  20200000    00000800     balance_tuning.o (.bss.g_txRing)
                  20200800    00000400     oled.o (.bss.g_oledFrame)
                  20200c00    00000200     vision_receiver.o (.bss.g_ring)
                  20200e00    000001d0     runtime_snapshot.o (.bss.g_snapshot)
                  20200fd0    00000110     (.common:g_appConfig)
                  202010e0    00000100     balance_tuning.o (.bss.g_rxRing)
                  202011e0    00000084     (.common:g_imuRuntime)
                  20201264    0000007c     motor_control.o (.bss.g_runtime)
                  202012e0    00000070     (.common:g_appRuntime)
                  20201350    00000060     vision_receiver.o (.bss.g_line)
                  202013b0    0000005c     balance_soft_limits.o (.bss.g_runtime)
                  2020140c    00000058     vision_receiver.o (.bss.g_status)
                  20201464    00000004     imu.o (.bss.g_elapsedSinceValidSampleMs)
                  20201468    00000058     (.common:g_wheelSpeedEstimatorRuntime)
                  202014c0    00000044     balance_position_control.o (.bss.g_runtime)
                  20201504    00000004     balance_position_control.o (.bss.g_lastEncoderCount)
                  20201508    00000040     gimbal.o (.bss.g_feedback)
                  20201548    00000040     line_controller.o (.bss.g_lineRuntime)
                  20201588    00000040     balance_ball_control.o (.bss.g_runtime)
                  202015c8    00000030     balance_tuning.o (.bss.g_line)
                  202015f8    00000030     (.common:gUART_VISIONBackup)
                  20201628    0000002c     vision_receiver.o (.bss.g_observation)
                  20201654    0000002c     empty.o (.bss.g_schedulerStats)
                  20201680    00000028     vision_receiver.o (.bss.g_ballPositionObservation)
                  202016a8    00000028     balance_tuning.o (.bss.g_debug)
                  202016d0    00000020     bluetooth_uart.o (.bss.g_runtime)
                  202016f0    0000001c     mission_manager.o (.bss.g_missionRuntime)
                  2020170c    0000001c     balance_encoder.o (.bss.g_runtime)
                  20201728    0000001c     balance_tuning.o (.bss.g_status)
                  20201744    0000001c     (.common:g_headingRuntime)
                  20201760    00000018     obstacle_avoidance.o (.bss.g_avoidFeedback)
                  20201778    00000018     balance_ball_control.o (.bss.g_config)
                  20201790    00000018     gimbal_stepper.o (.bss.g_feedback)
                  202017a8    00000018     vision_tuning_console.o (.bss.g_status)
                  202017c0    00000014     motion_action.o (.bss.g_motionActionRuntime)
                  202017d4    00000014     watchdog_monitor.o (.bss.g_status)
                  202017e8    00000010     fault.o (.bss.g_faultRecord)
                  202017f8    00000010     motor.o (.bss.g_motorRuntime)
                  20201808    0000000e     car_controller.o (.bss.g_carControllerFeedback)
                  20201816    00000002     ultrasonic.o (.bss.g_echoTicks)
                  20201818    0000000e     ultrasonic.o (.bss.g_ultrasonicFeedback)
                  20201826    00000002     balance_ball_control.o (.bss.g_lastPositionMm)
                  20201828    0000000c     magnet.o (.bss.g_runtime)
                  20201834    0000000c     debug_telemetry.o (.bss.g_status)
                  20201840    0000000c     balance_soft_limits.o (.bss.g_storedLimits)
                  2020184c    00000004     debug_telemetry.o (.bss.g_lastFrameMs)
                  20201850    00000008     balance_position_control.o (.bss.g_lastStepCount)
                  20201858    00000008     balance_position_control.o (.bss.g_moveStartStepCount)
                  20201860    00000008     obstacle_monitor.o (.bss.g_obstacleFeedback)
                  20201868    00000008     gimbal_stepper.o (.bss.g_stepperEstimatedSteps)
                  20201870    00000008     gimbal_stepper.o (.bss.g_stepperTargetEstimatedSteps)
                  20201878    00000008     gimbal.o (.bss.g_yawContinuousDegX10)
                  20201880    00000008     gimbal.o (.bss.g_yawLockedWorldYawDegX10)
                  20201888    00000008     gimbal.o (.bss.g_yawTargetContinuousDegX10)
                  20201890    00000008     gimbal.o (.bss.g_yawWorldTargetDegX10)
                  20201898    00000008     gimbal.o (.bss.g_yawWrappedDegX10)
                  202018a0    00000006     ultrasonic.o (.bss.g_distanceSamples)
                  202018a6    00000006     key.o (.bss.g_key1)
                  202018ac    00000006     key.o (.bss.g_key2)
                  202018b2    00000006     key.o (.bss.g_key3)
                  202018b8    00000004     balance_ball_control.o (.bss.g_lastObservationUpdateCount)
                  202018bc    00000004     balance_ball_control.o (.bss.g_lastPositionTimeMs)
                  202018c0    00000004     balance_calibration_store.o (.bss.g_lastSequence)
                  202018c4    00000004     balance_ball_control.o (.bss.g_lastSessionId)
                  202018c8    00000004     vision_receiver.o (.bss.g_lastSourceTimestampMs)
                  202018cc    00000004     watchdog_monitor.o (.bss.g_lastTickMs)
                  202018d0    00000004     wheel_speed_estimator.o (.bss.g_latchedErrorFlags)
                  202018d4    00000004     vision_receiver.o (.bss.g_localSessionId)
                  202018d8    00000004     empty.o (.bss.g_localTimeMs)
                  202018dc    00000004     encoder.o (.bss.g_motorAPulses)
                  202018e0    00000004     encoder.o (.bss.g_motorBPulses)
                  202018e4    00000004     balance_position_control.o (.bss.g_moveStartEncoderCount)
                  202018e8    00000004     imu.o (.bss.g_previousValidCorrectedGyroZDps)
                  202018ec    00000004     mission_manager.o (.bss.g_selectedDefinition)
                  202018f0    00000004     servo.o (.bss.g_servoFeedback)
                  202018f4    00000004     balance_encoder.o (.bss.g_speedLastCount)
                  202018f8    00000004     balance_position_control.o (.bss.g_startSoftLimitClampCount)
                  202018fc    00000004     balance_position_control.o (.bss.g_stepConversionResidualNumerator)
                  20201900    00000004     gimbal_stepper.o (.bss.g_stepperCompletedSteps)
                  20201904    00000004     gimbal.o (.bss.g_yawCommandedRpm)
                  20201908    00000004     gimbal.o (.bss.g_yawTargetRpm)
                  2020190c    00000004     empty.o (.bss.main.lastAppUpdateMs)
                  20201910    00000002     vision_receiver.o (.bss.g_lineSize)
                  20201912    00000002     vision_receiver.o (.bss.g_ringHead)
                  20201914    00000002     vision_receiver.o (.bss.g_ringTail)
                  20201916    00000002     balance_tuning.o (.bss.g_rxHead)
                  20201918    00000002     balance_tuning.o (.bss.g_rxTail)
                  2020191a    00000002     servo.o (.bss.g_servoPwmPhase)
                  2020191c    00000002     ultrasonic.o (.bss.g_stateTicks)
                  2020191e    00000002     gimbal_stepper.o (.bss.g_stepperHalfPeriodTicks)
                  20201920    00000002     gimbal_stepper.o (.bss.g_stepperStepHalfPeriodTicks)
                  20201922    00000002     balance_position_control.o (.bss.g_trackingDeadbandCount)
                  20201924    00000002     balance_position_control.o (.bss.g_trackingReengageCount)
                  20201926    00000002     balance_tuning.o (.bss.g_tuningTargetMm)
                  20201928    00000002     balance_tuning.o (.bss.g_txHead)
                  2020192a    00000002     balance_tuning.o (.bss.g_txTail)
                  2020192c    00000002     (.common:g_trackError)
                  2020192e    00000001     oled_ui.o (.bss.OledUi_Update_20ms.flushRow)
                  2020192f    00000001     oled_ui.o (.bss.OledUi_Update_20ms.refreshDivider)
                  20201930    00000001     empty.o (.bss.SysTick_Handler.balanceEncoderSpeedMsCount)
[...]
000155ab  ADC0_IRQHandler                                      
000155ab  ADC1_IRQHandler                                      
000155ab  AES_IRQHandler                                       
000155ab  CANFD0_IRQHandler                                    
000155ab  DAC0_IRQHandler                                      
000155ab  DMA_IRQHandler                                       
000155ab  Default_Handler                                      
000155ab  GROUP0_IRQHandler                                    
000155ab  HardFault_Handler                                    
000155ab  I2C0_IRQHandler                                      
000155ab  I2C1_IRQHandler                                      
000155ab  NMI_Handler                                          
000155ab  PendSV_Handler                                       
000155ab  RTC_IRQHandler                                       
000155ab  SPI0_IRQHandler                                      
000155ab  SPI1_IRQHandler                                      
000155ab  SVC_Handler                                          
000155ab  TIMA0_IRQHandler                                     
000155ab  TIMA1_IRQHandler                                     
000155ab  TIMG0_IRQHandler                                     
000155ab  TIMG12_IRQHandler                                    
000155ab  TIMG6_IRQHandler                                     
000155ab  TIMG7_IRQHandler                                     
000155ab  TIMG8_IRQHandler                                     
000155ab  UART0_IRQHandler                                     
000155ab  UART1_IRQHandler                                     
000155ad  BalanceSoftLimits_AbortCalibration                   
000156ed  ObstacleMonitor_Update_20ms                          
00015789  memcpy                                               
00015823  ObstacleAvoidance_Update_20ms                        
00015825  BalancePositionControl_ResetFault                    
000158bd  BalanceSoftLimits_CancelRecalibration                
000159ed  CarController_StartTurnToYawRelative                 
00015a81  BalanceTuning_Init                                   
00015b11  CarController_ResetTransientState                    
00015ba1  SYSCFG_DL_PWM_MOTOR_init                             
00015c2d  SYSCFG_DL_UART_BALANCE_TUNING_init                   
00015cb9  __aeabi_fmul                                         
00015cb9  __mulsf3                                             
00015e5c  C$$EXIT                                              
00015e5d  HOSTexit                                             
00015e61  strcmp                                               
00015ee9  CarController_SetSafetyHold                          
00015f6d  GimbalStepper_ConfirmZero                            
00015ff1  Motor_Init                                           
00016075  __aeabi_fdiv                                         
00016075  __divsf3                                             
000160f7  TrackSensor_Init                                     
000160f9  BalancePositionControl_Init                          
00016179  CarController_StartDriveHeading                      
000161f9  Motor_Stop                                           
00016279  App_Init                                             
000162f7  __aeabi_idiv0                                        
000162f9  BalanceSoftLimits_Enforce100usFromIsr                
00016375  __TI_decompress_lzss                                 
00016551  GimbalStepper_Release                                
000165c1  SYSCFG_DL_UART_VISION_init                           
00016631  TrackSensor_DetectTurn                               
0001669f  __aeabi_ldiv0                                        
0001670d  MissionManager_GetSelectedMissionIndex               
000167dd  TrackSensor_GetErrorFromRaw                          
00016845  BalanceBallControl_Init                              
000168a9  BalanceSoftLimits_ResetPositionFault                 
0001690d  MissionManager_Start                                 
00016971  App_ResetToReady                                     
000169d5  __aeabi_fcmpeq                                       
000169e9  __aeabi_fcmplt                                       
000169fd  __aeabi_fcmple                                       
00016a11  __aeabi_fcmpge                                       
00016a25  __aeabi_fcmpgt                                       
00016a37  memset                                               
00016a99  UART2_IRQHandler                                     
00016af9  __aeabi_f2lz                                         
00016af9  __fixsfdi                                            
00016b59  Ultrasonic_Update_20ms                               
00016bb5  VisionReceiver_Init                                  
00016d25  BalanceEncoder_Init                                  
00016d7d  MissionManager_Init                                  
00016dd5  OLED_PrintChar                                       
00016edd  __aeabi_idiv                                         
00016edd  __aeabi_idivmod                                      
00016f35  BalanceSoftLimits_BeginFullCalibrationAtCurrentAsZero
00016f89  CarController_Stop                                   
00016fdd  TrackSensor_ReadRaw                                  
00017031  WatchdogMonitor_ApplyFaultIfNeeded                   
000170d9  BalancePositionControl_SetTrackingTarget             
00017129  BalanceSoftLimits_GetSnapshot                        
00017179  Ultrasonic_Init                                      
000171c9  WatchdogMonitor_Tick1msFromIsr                       
00017219  __aeabi_l2f                                          
00017219  __floatdisf                                          
00017269  MotorControl_Stop                                    
000172b5  copy_in                                              
0001734d  __TI_auto_init_nopinit                               
00017399  DL_UART_init                                         
000173e1  MissionManager_Cancel                                
00017429  SYSCFG_DL_initPower                                  
00017471  CarController_StartFollowLine                        
000174b5  EmergencyStop_Reset                                  
000174f9  Encoder_GetAndClearPulseDeltas                       
0001753d  Imu_ResetYaw                                         
00017581  MissionManager_Reset                                 
000175c5  Servo_Tick100us                                      
00017609  UART3_IRQHandler                                     
0001764d  BalanceEncoder_GetSnapshot                           
0001768d  BalanceSoftLimits_StopMotion                         
000176cd  CarController_ResumeFollowLine                       
0001770d  Fault_Raise                                          
0001774d  SYSCFG_DL_SYSCTL_init                                
0001778d  VisionReceiver_PushByteFromIsr                       
000177cd  __aeabi_uidiv                                        
000177cd  __aeabi_uidivmod                                     
0001784d  __divmoddi4                                          
0001788d  BalanceBallControl_Enable                            
000178c9  BalancePositionControl_Cancel                        
00017905  MissionLibrary_FindById                              
00017941  MissionManager_Resume                                
0001797d  Servo_SetAngleDeg                                    
000179b9  __aeabi_i2f                                          
000179b9  __floatsisf                                          
000179f5  __gesf2                                              
000179f5  __gtsf2                                              
00017a6d  __cmpsf2                                             
00017a6d  __eqsf2                                              
00017a6d  __lesf2                                              
00017a6d  __ltsf2                                              
00017a6d  __nesf2                                              
00017aa9  __muldsi3                                            
00017ae5  EmergencyStop_Trigger                                
00017b1d  __aeabi_f2iz                                         
00017b1d  __fixsfsi                                            
00017bc5  BalanceBallControl_SetTargetMm                       
00017bf9  BalancePositionControl_SetTrackingThresholds         
00017c2d  Imu_IsReady                                          
00017c61  OLED_PrintString                                     
00017c95  Key_Init                                             
00017cc5  LineController_ObserveSensors                        
00017cf5  WatchdogMonitor_Init                                 
00017d25  WatchdogMonitor_Reset                                
00017d55  BalancePositionControl_StartTracking                 
00017d81  Encoder_Reset                                        
00017dad  MissionManager_Pause                                 
00017dd9  TrackSensor_CountBlack                               
00017e05  BalanceBallControl_ResetConfig                       
00017e2d  BalanceSoftLimits_CancelTravelTest                   
00017e55  DL_FlashCTL_programMemoryFromRAM64WithECCGenerated   
00017e7d  EmergencyStop_Enforce                                
00017ea5  Magnet_ForceOff                                      
00017ecd  SYSCFG_DL_init                                       
00017ef5  Servo_Init                                           
00017f1d  __aeabi_ui2f                                         
00017f1d  __floatunsisf                                        
00017f45  _c_int00_noargs                                      
00017f6d  BalanceEncoder_SampleSpeed10msFromIsr                
00017f91  BalancePositionControl_GetSnapshot                   
00017fb5  BalanceSoftLimits_CancelOscillationTest              
00017fd9  GimbalStepper_GetFeedbackSnapshot                    
00017ffd  MissionManager_ReportExternalFailure                 
00018021  MotorControl_Init                                    
00018045  MotorControl_Reset                                   
00018069  OLED_ClearBuffer                                     
0001808d  __aeabi_lmul                                         
0001808d  __muldi3                                             
000180b1  BalanceBallControl_GetSnapshot                       
000180d1  DL_Timer_overrideCCPOut                              
000180f1  DebugTelemetry_Update                                
00018111  GROUP1_IRQHandler                                    
00018131  Magnet_Init                                          
00018151  OLED_SetCursor                                       
00018171  SchedulerMonitor_GetStats                            
00018191  VisionReceiver_GetProtocolErrorCount                 
000181b1  memcmp                                               
000181f1  __aeabi_llsl                                         
000181f1  __ashldi3                                            
00018211  BalanceBallControl_Disable                           
0001822d  BalanceBallControl_ForceStop                         
00018249  DL_Timer_setCaptCompUpdateMethod                     
00018265  DL_Timer_setClockConfig                              
00018281  HeadingControl_SetTargetYaw                          
0001829d  Menu_Init                                            
000182b9  MotionAction_Cancel                                  
000182d5  ObstacleMonitor_Init                                 
000182f1  ObstacleSafety_Init                                  
0001830d  WatchdogMonitor_NotifyControlCycleComplete           
00018345  BalanceBallControl_GetConfig                         
0001835d  DL_FlashCTL_eraseMemoryFromRAM                       
00018375  DL_Timer_setCaptureCompareOutCtl                     
0001838d  DebugTelemetry_Init                                  
000183a5  HeadingControl_Init                                  
000183bd  HeadingControl_Reset                                 
000183d5  Menu_ParamItemToString                               
000183ed  MotionAction_Init                                    
00018405  ObstacleAvoidance_Init                               
0001841d  RuntimeSnapshot_Init                                 
00018435  __aeabi_fcmpun                                       
00018435  __unordsf2                                           
0001844d  Fault_Clear                                          
00018461  Fault_Init                                           
00018475  GimbalStepper_SetStepHalfPeriodTicks                 
00018489  HeadingControl_Enable                                
0001849d  MissionLibrary_GetByIndex                            
000184b1  MissionManager_GetSelectedMissionId                  
000184c5  VisionUart_Init                                      
000184d9  __aeabi_ldivmod                                      
000184ed  __aeabi_uldivmod                                     
00018501  DL_UART_setClockConfig                               
00018513  __TI_decompress_none                                 
00018525  BalancePositionControl_HasFault                      
00018535  DL_Timer_setCaptureCompareValue                      
00018545  Gimbal_YawGetFeedback                                
00018555  Key_GetEvent                                         
00018565  __TI_zero_init                                       
00018575  BalanceEncoder_GetCountAtomic                        
00018581  BalancePositionControl_IsBusy                        
0001858d  BalanceSoftLimits_IsCalibrationActive                
00018599  BalanceSoftLimits_IsOscillationTestActive            
000185a5  BalanceSoftLimits_IsTravelTestActive                 
000185b1  CarController_GetRunMode                             
000185bd  CarController_Init                                   
000185c9  CarController_IsSafetyHoldActive                     
000185d5  CarState_Get                                         
000185e1  CarState_Init                                        
000185ed  CarState_Set                                         
000185f9  EmergencyStop_Init                                   
00018605  EmergencyStop_IsActive                               
00018611  Imu_GetCorrectedGyroZDps                             
0001861d  Imu_GetYaw                                           
00018629  Menu_GetPage                                         
00018635  Menu_GetParamItem                                    
00018641  MissionManager_IsExternallyHeld                      
0001864d  MissionManager_SetExternalHold                       
00018659  ObstacleAvoidance_IsActive                           
00018665  ObstacleAvoidance_IsFailed                           
00018671  ObstacleSafety_IsHolding                             
0001867d  SystemTime_GetMs                                     
00018689  WatchdogMonitor_HasTripped                           
00018695  __aeabi_memclr                                       
00018695  __aeabi_memclr4                                      
00018695  __aeabi_memclr8                                      
000186a1  DL_Common_delayCycles                                
000186ab  MotionAction_Resume                                  
000186b5  MotionAction_Start                                   
000186bf  TrackSensor_IsCenterDetected                         
000186c9  TrackSensor_IsLineDetected                           
000186d3  TrackSensor_IsLineLost                               
000186dd  BalanceSoftLimits_CancelPositionMove                 
000186e5  BalanceSoftLimits_IsPositionMoveActive               
000186ed  BluetoothUart_GetRuntime                             
000186f5  CarController_GetFeedback                            
000186fd  Fault_GetRecord                                      
00018705  GimbalStepper_GetFeedback                            
0001870d  HeadingControl_GetRuntime                            
00018715  Imu_GetRuntime                                       
0001871d  LineController_GetRuntime                            
00018725  MissionManager_GetMissionCount                       
0001872d  MissionManager_GetRuntime                            
00018735  MotionAction_GetRuntime                              
0001873d  MotorControl_GetRuntime                              
00018745  ObstacleAvoidance_GetFeedback                        
0001874d  ObstacleMonitor_GetFeedback                          
00018755  OledUi_Init                                          
0001875d  RuntimeSnapshot_Get                                  
00018765  Servo_GetFeedback                                    
0001876d  Ultrasonic_GetFeedback                               
00018775  VisionReceiver_GetBallPositionObservation            
0001877d  VisionReceiver_GetStatus                             
00018785  VisionTuningConsole_GetStatus                        
0001878d  WatchdogMonitor_GetStatus                            
00018795  WheelSpeedEstimator_GetRuntime                       
0001879d  __aeabi_memcpy                                       
0001879d  __aeabi_memcpy4                                      
0001879d  __aeabi_memcpy8                                      
000187a5  abort                                                
000187ab  MissionLibrary_GetCount                              
000187af  ObstacleAvoidance_IsResumeGraceActive                
000187b3  Reset_Handler                                        
000187c9  _system_pre_init                                     
000194a0  __TI_Handler_Table_Base                              
000194ac  __TI_Handler_Table_Limit                             
000194bc  __TI_CINIT_Base                                      
000194cc  __TI_CINIT_Limit                                     
000194cc  __TI_CINIT_Warm                                      
000194d0  __TI_table_binit                                     
000194d0  __binit__                                            
000194d0  binit                                                
0001fc00  g_balanceCalibrationReservedSector                   
20200000  __start___llvm_prf_bits                              
20200000  __start___llvm_prf_cnts                              
20200000  __stop___llvm_prf_bits                               
20200000  __stop___llvm_prf_cnts                               
20200fd0  g_appConfig                                          
202011e0  g_imuRuntime                                         
202012e0  g_appRuntime                                         
20201468  g_wheelSpeedEstimatorRuntime                         
202015f8  gUART_VISIONBackup                                   
20201744  g_headingRuntime                                     
2020192c  g_trackError                                         
2020195d  g_carStateDebug                                      
2020195e  g_keyEvent                                           
2020195f  g_oledPageDebug                                      
20201960  g_paramItemDebug                                     
20201961  g_trackBlackCount                                    
20201962  g_trackModeDebug                                     
20201963  g_trackRaw                                           
20201964  g_trackTurnDebug                                     
20207e00  __stack                                              
20208000  __STACK_END                                          
ffffffff  __TI_pprof_out_hndl                                  
ffffffff  __TI_prof_data_size                                  
ffffffff  __TI_prof_data_start                                 
UNDEFED   __mpu_init                                           
UNDEFED   _system_post_cinit                                   

[396 symbols]
