******************************************************************************
            TI ARM Clang Linker PC v4.0.4                      
******************************************************************************
>> Linked Sat Aug  1 07:15:30 2026

OUTPUT FILE NAME:   <diansaikaishi.out>
ENTRY POINT SYMBOL: "_c_int00_noargs"  address: 000181cd


MEMORY CONFIGURATION

         name            origin    length      used     unused   attr    fill
----------------------  --------  ---------  --------  --------  ----  --------
  FLASH                 00000000   00020000  00019bb8  00006448  R  X
  SRAM                  20200000   00008000  00001bc7  00006439  RW X
  BCR_CONFIG            41c00000   000000ff  00000000  000000ff  R   
  BSL_CONFIG            41c00100   00000080  00000000  00000080  R   


SEGMENT ALLOCATION MAP

run origin  load origin   length   init length attrs members
----------  ----------- ---------- ----------- ----- -------
00000000    00000000    00019718   00019718    r-x
  00000000    00000000    000000c0   000000c0    r-- .intvecs
  000000c0    000000c0    000189b0   000189b0    r-x .text
  00018a70    00018a70    00000ca8   00000ca8    r-- .rodata
00019778    00019778    00000040   00000040    r--
  00019778    00019778    00000030   00000030    r-- .cinit
  000197a8    000197a8    00000010   00000010    r-- .binit
0001fc00    0001fc00    00000400   00000400    r--
  0001fc00    0001fc00    00000400   00000400    r-- .TI.bound:g_balanceCalibrationReservedSector
20200000    20200000    00001967   00000000    rw-
  20200000    20200000    00001966   00000000    rw- .bss
  20201966    20201966    00000001   00000000    rw- .data
20201968    00019718    00000060   00000060    r-x
  20201968    00019718    00000060   00000060    r-x .TI.ramfunc
20207e00    20207e00    00000200   00000000    rw-
  20207e00    20207e00    00000200   00000000    rw- .stack


SECTION ALLOCATION MAP

 output                                  attributes/
section   page    origin      length       input sections
--------  ----  ----------  ----------   ----------------
.intvecs   0    00000000    000000c0     
                  00000000    000000c0     startup_mspm0g350x_ticlang.o (.intvecs)

.text      0    000000c0    000189b0     
                  000000c0    00001700     oled_ui.o (.text.print_balance_stepper_test_page)
                  000017c0    00001030     balance_tuning.o (.text.send_debug_receiver)
                  000027f0    00000f60     balance_tuning.o (.text.send_debug_controller)
                  00003750    00000d34     balance_tuning.o (.text.send_debug_filter)
                  00004484    00000ad8     oled_ui.o (.text.print_imu_counters_page)
                  00004f5c    00000ac4     balance_tuning.o (.text.send_debug_position_fault)
                  00005a20    00000a5c     balance_tuning.o (.text.send_calibration_status)
                  0000647c    00000948     balance_tuning.o (.text.send_config)
                  00006dc4    000008a8     balance_tuning.o (.text.consume_rx_byte)
                  0000766c    00000884     balance_tuning.o (.text.send_debug_axis)
                  00007ef0    00000820     balance_tuning.o (.text.send_debug_limit)
                  00008710    0000081c     oled_ui.o (.text.print_balance_vision_page)
                  00008f2c    0000064c     app_config.o (.text.AppConfig_LimitAll)
                  00009578    000005ac     imu.o (.text.Imu_CalibrateGyroBias)
                  00009b24    00000524     line_controller.o (.text.LineController_Update)
                  0000a048    000004f0     balance_ball_control.o (.text.BalanceBallControl_Update20ms)
                  0000a538    000004bc     oled_ui.o (.text.print_encoder_page)
                  0000a9f4    0000049c     runtime_snapshot.o (.text.RuntimeSnapshot_Update)
                  0000ae90    00000478     oled_ui.o (.text.print_sensor_page)
                  0000b308    00000460     balance_tuning.o (.text.BalanceTuning_Update20ms)
                  0000b768    0000044c     motor_control.o (.text.update_wheel)
                  0000bbb4    00000424     wheel_speed_estimator.o (.text.WheelSpeedEstimator_Update)
                  0000bfd8    000003f4     vision_protocol.o (.text.VisionProtocol_ParseBallAsciiLine)
                  0000c3cc    000003e0     balance_position_control.o (.text.BalancePositionControl_Update20ms)
                  0000c7ac    000003e0     imu.o (.text.Imu_Update)
                  0000cb8c    000003c4     oled_ui.o (.text.print_motor_control_detail_page)
                  0000cf50    00000380     imu.o (.text.Imu_Init)
                  0000d2d0    0000037c     oled_ui.o (.text.print_heading_page)
                  0000d64c    00000370     gimbal.o (.text.gimbal_update_feedback)
                  0000d9bc    0000033c     oled_ui.o (.text.print_drive_distance_page)
                  0000dcf8    00000324     menu.o (.text.Menu_HandleKeyEvent)
                  0000e01c    00000324     oled_ui.o (.text.print_imu_detail_page)
                  0000e340    00000300     oled_ui.o (.text.print_motor_control_page)
                  0000e640    000002f0     imu.o (.text.mpu6050_read_regs)
                  0000e930    000002cc     car_controller.o (.text.handle_drive_distance)
                  0000ebfc    000002b0     motion_action.o (.text.MotionAction_Update_20ms)
                  0000eeac    00000290     balance_calibration_store.o (.text.BalanceCalibrationStore_Save)
                  0000f13c    0000028c     balance_soft_limits.o (.text.BalanceSoftLimits_Update20ms)
                  0000f3c8    0000028c     motor_control.o (.text.MotorControl_Update)
                  0000f654    00000268     car_controller.o (.text.handle_turn_to_yaw)
                  0000f8bc    00000250     menu.o (.text.menu_adjust_param)
                  0000fb0c    00000248     vision_receiver.o (.text.VisionReceiver_Process)
                  0000fd54    00000220     app_config.o (.text.AppConfig_InitDefault)
                  0000ff74    00000220     motion_action.o (.text.motion_action_start_internal)
                  00010194    0000021c     balance_tuning.o (.text.BalanceTuning_Process)
                  000103b0    0000020c     oled_ui.o (.text.print_status_page)
                  000105bc    00000204     motor.o (.text.Motor_SetSpeed)
                  000107c0    00000200     balance_tuning.o (.text.apply_parameter)
                  000109c0    000001f0     oled_ui.o (.text.print_param_page)
                  00010bb0    000001e8     motor_control.o (.text.config_is_valid)
                  00010d98    000001e4     mission_library.o (.text.MissionLibrary_Validate)
                  00010f7c    000001cc     imu.o (.text.imu_i2c_write_byte)
                  00011148    000001b8     oled.o (.text.oled_i2c_write_byte)
                  00011300    000001a8     app.o (.text.App_Update_20ms)
                  000114a8    000001a8     key.o (.text.Key_Update_20ms)
                  00011650    000001a0     ultrasonic.o (.text.Ultrasonic_Tick100us)
                  000117f0    0000019c     car_controller.o (.text.CarController_StartDriveDistanceAtYaw)
                  0001198c    00000194     gimbal_stepper.o (.text.GimbalStepper_Tick100us)
                  00011b20    00000190     car_controller.o (.text.CarController_Update_20ms)
                  00011cb0    00000188     oled_ui.o (.text.print_imu_page)
                  00011e38    00000170     oled.o (.text.OLED_FlushPage)
                  00011fa8    0000016c     oled.o (.text.OLED_PrintInt16)
                  00012114    0000016c     balance_tuning.o (.text.parse_x100)
                  00012280    00000160     oled_ui.o (.text.print_balance_limit_value)
                  000123e0    0000015c     oled_ui.o (.text.print_signed_total_tail)
                  0001253c    00000150     vision_protocol.o (.text.parse_decimal_x1000)
                  0001268c    0000014c     balance_position_control.o (.text.BalancePositionControl_Start)
                  000127d8    0000014c     balance_soft_limits.o (.text.BalanceSoftLimits_CaptureCurrentStage)
                  00012924    00000140     balance_calibration_store.o (.text.BalanceCalibrationStore_Load)
                  00012a64    0000013c     vision_receiver.o (.text.accept_packet)
                  00012ba0    0000013c     oled_ui.o (.text.print_balance_vision_rx_debug_page)
                  00012cdc    0000012c     imu.o (.text.imu_i2c_recover_bus)
                  00012e08    0000012c     oled_ui.o (.text.print_uint64_decimal)
                  00012f34    00000128     line_controller.o (.text.LineController_Reset)
                  0001305c    00000128     mission_manager.o (.text.MissionManager_Update_20ms)
                  00013184    00000124     oled.o (.text.OLED_Init)
                  000132a8    00000120     oled_ui.o (.text.print_bluetooth_page)
                  000133c8    0000011c     car_controller.o (.text.handle_drive_heading)
                  000134e4    00000118     oled_ui.o (.text.print_obstacle_page)
                  000135fc    00000114     car_controller.o (.text.handle_follow_line)
                  00013710    0000010c     balance_soft_limits.o (.text.BalanceSoftLimits_BeginAtCurrentAsZero)
                  0001381c    0000010c     line_controller.o (.text.LineController_ResetControlState)
                  00013928    00000104     driverlib.a : dl_timer.o (.text.DL_Timer_initFourCCPWMMode)
                  00013a2c    00000104     line_controller.o (.text.LineController_Init)
                  00013b30    00000104     ti_msp_dl_config.o (.text.SYSCFG_DL_GPIO_init)
                  00013c34    00000104     balance_tuning.o (.text.send_text)
                  00013d38    00000100     motor_control.o (.text.MotorControl_SetNormalizedTarget)
                  00013e38    000000fc     mission_manager.o (.text.MissionManager_SelectNext)
                  00013f34    000000f8     vision_uart.o (.text.VisionUart_Process)
                  0001402c    000000f4     balance_ball_control.o (.text.BalanceBallControl_Enable)
                  00014120    000000ec     heading_control.o (.text.HeadingControl_Update)
                  0001420c    000000ec     empty.o (.text.main)
                  000142f8    000000e8     balance_soft_limits.o (.text.BalanceSoftLimits_StartRelativePositionMoveSteps)
                  000143e0    000000e8     mission_manager.o (.text.MissionManager_SelectPrevious)
                  000144c8    000000e8     obstacle_safety.o (.text.ObstacleSafety_Update_20ms)
                  000145b0    000000e0     wheel_speed_estimator.o (.text.WheelSpeedEstimator_Init)
                  00014690    000000d8     driverlib.a : dl_flashctl.o (.text.DL_FlashCTL_unprotectSector)
                  00014768    000000d8     oled.o (.text.OLED_PrintUInt16)
                  00014840    000000d8     balance_ball_control.o (.text.return_toward_zero)
                  00014918    000000d8     libclang_rt.builtins.a : addsf3.S.obj (.text)
                  000149f0    000000d4     car_controller.o (.text.CarController_StartDriveDistance)
                  00014ac4    000000d4     gimbal_stepper.o (.text.GimbalStepper_MoveRelativeSteps)
                  00014b98    000000cc     balance_encoder.o (.text.BalanceEncoder_HandleGpioInterrupt)
                  00014c64    000000cc     oled_ui.o (.text.OledUi_Update_20ms)
                  00014d30    000000c8     fault.o (.text.FaultCode_ToShortString)
                  00014df8    000000c4     balance_soft_limits.o (.text.BalanceSoftLimits_Init)
                  00014ebc    000000c0     angle_utils.o (.text.Angle_Normalize180)
                  00014f7c    000000c0     balance_soft_limits.o (.text.oscillation_target_for_phase)
                  0001503c    000000bc     balance_ball_control.o (.text.BalanceBallControl_SetConfig)
                  000150f8    000000bc     car_controller.o (.text.CarController_ResetRuntime)
                  000151b4    000000bc     menu.o (.text.Menu_GetParamValue)
                  00015270    000000b4     gimbal_stepper.o (.text.GimbalStepper_StopHold)
                  00015324    000000b0     gimbal_stepper.o (.text.GimbalStepper_Init)
                  000153d4    000000b0     empty.o (.text.SysTick_Handler)
                  00015484    000000ac     balance_soft_limits.o (.text.BalanceSoftLimits_StartPositionMoveToLogicalCount)
                  00015530    000000a8     balance_soft_limits.o (.text.BalanceSoftLimits_ArmRecalibration)
                  000155d8    000000a4     encoder.o (.text.Encoder_HandleGpioInterrupt)
                  0001567c    000000a4     balance_calibration_store.o (.text.calibration_crc32)
                  00015720    000000a2     libclang_rt.builtins.a : udivmoddi4.S.obj (.text)
                  000157c2    00000002     startup_mspm0g350x_ticlang.o (.text.Default_Handler)
                  000157c4    000000a0     balance_soft_limits.o (.text.BalanceSoftLimits_AbortCalibration)
                  00015864    000000a0     car_controller.o (.text.drive_distance_high_decel_zone_cm)
                  00015904    0000009c     obstacle_monitor.o (.text.ObstacleMonitor_Update_20ms)
                  000159a0    0000009a     libc.a : memcpy16.S.obj (.text:memcpy)
                  00015a3a    00000002     obstacle_avoidance.o (.text.ObstacleAvoidance_Update_20ms)
                  00015a3c    00000098     balance_position_control.o (.text.BalancePositionControl_ResetFault)
                  00015ad4    00000098     balance_soft_limits.o (.text.BalanceSoftLimits_CancelRecalibration)
                  00015b6c    00000098     imu.o (.text.mpu6050_write_reg)
                  00015c04    00000094     car_controller.o (.text.CarController_StartTurnToYawRelative)
                  00015c98    00000090     balance_tuning.o (.text.BalanceTuning_Init)
                  00015d28    00000090     car_controller.o (.text.CarController_ResetTransientState)
                  00015db8    0000008c     ti_msp_dl_config.o (.text.SYSCFG_DL_PWM_MOTOR_init)
                  00015e44    0000008c     ti_msp_dl_config.o (.text.SYSCFG_DL_UART_BALANCE_TUNING_init)
                  00015ed0    0000008c     libclang_rt.builtins.a : mulsf3.S.obj (.text.__mulsf3)
                  00015f5c    0000008c     car_controller.o (.text.heading_imu_wait_or_fail)
                  00015fe8    0000008c     balance_tuning.o (.text.parse_i16)
                  00016074    00000088     balance_soft_limits.o (.text.BalanceSoftLimits_Enforce100usFromIsr)
                  000160fc    00000004     libsysbm.a : hostexit.c.obj (.text.HOSTexit)
                  00016100    00000088     libc.a : strcmp-armv6m.S.obj (.text:strcmp)
                  00016188    00000084     car_controller.o (.text.CarController_SetSafetyHold)
                  0001620c    00000084     gimbal_stepper.o (.text.GimbalStepper_ConfirmZero)
                  00016290    00000084     motor.o (.text.Motor_Init)
                  00016314    00000082     libclang_rt.builtins.a : divsf3.S.obj (.text.__divsf3)
                  00016396    00000002     track_sensor.o (.text.TrackSensor_Init)
                  00016398    00000080     balance_position_control.o (.text.BalancePositionControl_Init)
                  00016418    00000080     car_controller.o (.text.CarController_StartDriveHeading)
                  00016498    00000080     motor.o (.text.Motor_Stop)
                  00016518    0000007e     app.o (.text.App_Init)
                  00016596    00000002     libclang_rt.builtins.a : aeabi_div0.c.obj (.text.__aeabi_idiv0)
                  00016598    0000007c     libc.a : copy_decompress_lzss.c.obj (.text:decompress:lzss)
                  00016614    00000078     oled.o (.text.oled_write_command)
                  0001668c    00000074     balance_ball_control.o (.text.command_offset)
                  00016700    00000074     motor_control.o (.text.latch_control_error)
                  00016774    00000070     gimbal_stepper.o (.text.GimbalStepper_Release)
                  000167e4    00000070     ti_msp_dl_config.o (.text.SYSCFG_DL_UART_VISION_init)
                  00016854    00000070     balance_tuning.o (.text.serial_calibration_confirm)
                  000168c4    0000006e     track_sensor.o (.text.TrackSensor_DetectTurn)
                  00016932    00000002     libclang_rt.builtins.a : aeabi_div0.c.obj (.text.__aeabi_ldiv0)
                  00016934    00000068     mission_manager.o (.text.MissionManager_GetSelectedMissionIndex)
                  0001699c    00000068     car_controller.o (.text.set_output_speed)
                  00016a04    00000066     track_sensor.o (.text.TrackSensor_GetErrorFromRaw)
                  00016a6a    00000002     --HOLE-- [fill = 0]
                  00016a6c    00000064     balance_ball_control.o (.text.BalanceBallControl_Init)
                  00016ad0    00000064     balance_soft_limits.o (.text.BalanceSoftLimits_ResetPositionFault)
                  00016b34    00000064     balance_soft_limits.o (.text.BalanceSoftLimits_StartCalibrationJogSteps)
                  00016b98    00000064     mission_manager.o (.text.MissionManager_Start)
                  00016bfc    00000062     app.o (.text.App_ResetToReady)
                  00016c5e    00000002     --HOLE-- [fill = 0]
                  00016c60    00000062     libclang_rt.builtins.a : aeabi_fcmp.S.obj (.text.__aeabi_fcmp)
                  00016cc2    00000062     libc.a : memset16.S.obj (.text:memset)
                  00016d24    00000060     balance_tuning.o (.text.UART2_IRQHandler)
                  00016d84    00000060     libclang_rt.builtins.a : fixsfdi.S.obj (.text.__fixsfdi)
                  00016de4    0000005c     ultrasonic.o (.text.Ultrasonic_Update_20ms)
                  00016e40    0000005c     vision_receiver.o (.text.VisionReceiver_Init)
                  00016e9c    0000005c     vision_protocol.o (.text.parse_u32)
                  00016ef8    0000005c     car_controller.o (.text.speed_cmps_to_normalized_command)
                  00016f54    0000005c     balance_soft_limits.o (.text.test_start_target)
                  00016fb0    00000058     balance_encoder.o (.text.BalanceEncoder_Init)
                  00017008    00000058     mission_manager.o (.text.MissionManager_Init)
                  00017060    00000058     oled.o (.text.OLED_PrintChar)
                  000170b8    00000058     balance_ball_control.o (.text.ensure_tracking_started)
                  00017110    00000058     motion_action.o (.text.motion_action_start_imu_controller)
                  00017168    00000056     libclang_rt.builtins.a : aeabi_idivmod.S.obj (.text.__aeabi_idivmod)
                  000171be    00000002     --HOLE-- [fill = 0]
                  000171c0    00000054     balance_soft_limits.o (.text.BalanceSoftLimits_BeginFullCalibrationAtCurrentAsZero)
                  00017214    00000054     car_controller.o (.text.CarController_Stop)
                  00017268    00000054     track_sensor.o (.text.TrackSensor_ReadRaw)
                  000172bc    00000054     watchdog_monitor.o (.text.WatchdogMonitor_ApplyFaultIfNeeded)
                  00017310    00000050     balance_position_control.o (.text.BalancePositionControl_SetTrackingTarget)
                  00017360    00000050     balance_soft_limits.o (.text.BalanceSoftLimits_GetSnapshot)
                  000173b0    00000050     ultrasonic.o (.text.Ultrasonic_Init)
                  00017400    00000050     watchdog_monitor.o (.text.WatchdogMonitor_Tick1msFromIsr)
                  00017450    0000004e     libclang_rt.builtins.a : floatdisf.S.obj (.text.__floatdisf)
                  0001749e    00000002     --HOLE-- [fill = 0]
                  000174a0    0000004c     motor_control.o (.text.MotorControl_Stop)
                  000174ec    0000004c     libc.a : cpy_tbl.c.obj (.text.copy_in)
                  00017538    0000004c     vision_protocol.o (.text.state_is_valid)
                  00017584    0000004c     libc.a : autoinit.c.obj (.text:__TI_auto_init_nopinit)
                  000175d0    00000048     driverlib.a : dl_uart.o (.text.DL_UART_init)
                  00017618    00000048     mission_manager.o (.text.MissionManager_Cancel)
                  00017660    00000048     ti_msp_dl_config.o (.text.SYSCFG_DL_initPower)
                  000176a8    00000044     balance_tuning.o (.text.BalanceTuning_AbortCalibrationSession)
                  000176ec    00000044     car_controller.o (.text.CarController_StartFollowLine)
                  00017730    00000044     emergency_stop.o (.text.EmergencyStop_Reset)
                  00017774    00000044     encoder.o (.text.Encoder_GetAndClearPulseDeltas)
                  000177b8    00000044     imu.o (.text.Imu_ResetYaw)
                  000177fc    00000044     mission_manager.o (.text.MissionManager_Reset)
                  00017840    00000044     servo.o (.text.Servo_Tick100us)
                  00017884    00000044     vision_uart.o (.text.UART3_IRQHandler)
                  000178c8    00000044     menu.o (.text.menu_recover_balance_axis_after_reset)
                  0001790c    00000040     balance_encoder.o (.text.BalanceEncoder_GetSnapshot)
                  0001794c    00000040     balance_soft_limits.o (.text.BalanceSoftLimits_StopMotion)
                  0001798c    00000040     car_controller.o (.text.CarController_ResumeFollowLine)
                  000179cc    00000040     fault.o (.text.Fault_Raise)
                  00017a0c    00000040     ti_msp_dl_config.o (.text.SYSCFG_DL_SYSCTL_init)
                  00017a4c    00000040     vision_receiver.o (.text.VisionReceiver_PushByteFromIsr)
                  00017a8c    00000040     libclang_rt.builtins.a : aeabi_uidivmod.S.obj (.text.__aeabi_uidivmod)
                  00017acc    00000040     balance_tuning.o (.text.abort_serial_calibration)
                  00017b0c    00000040     vision_protocol.o (.text.parse_confidence)
                  00017b4c    0000003e     libclang_rt.builtins.a : divmoddi4.c.obj (.text.__divmoddi4)
                  00017b8a    00000002     --HOLE-- [fill = 0]
                  00017b8c    0000003c     balance_position_control.o (.text.BalancePositionControl_Cancel)
                  00017bc8    0000003c     mission_library.o (.text.MissionLibrary_FindById)
                  00017c04    0000003c     mission_manager.o (.text.MissionManager_Resume)
                  00017c40    0000003c     servo.o (.text.Servo_SetAngleDeg)
                  00017c7c    0000003c     libclang_rt.builtins.a : floatsisf.S.obj (.text.__floatsisf)
                  00017cb8    0000003c                            : comparesf2.S.obj (.text.__gtsf2)
                  00017cf4    0000003c     balance_position_control.o (.text.latch_fault)
                  00017d30    0000003a     libclang_rt.builtins.a : comparesf2.S.obj (.text.__eqsf2)
                  00017d6a    00000002     --HOLE-- [fill = 0]
                  00017d6c    0000003a                            : muldsi3.S.obj (.text.__muldsi3)
                  00017da6    00000002     --HOLE-- [fill = 0]
                  00017da8    00000038     emergency_stop.o (.text.EmergencyStop_Trigger)
                  00017de0    00000038     libclang_rt.builtins.a : fixsfsi.S.obj (.text.__fixsfsi)
                  00017e18    00000034     balance_ball_control.o (.text.BalanceBallControl_SetTargetMm)
                  00017e4c    00000034     balance_position_control.o (.text.BalancePositionControl_SetTrackingThresholds)
                  00017e80    00000034     imu.o (.text.Imu_IsReady)
                  00017eb4    00000034     balance_tuning.o (.text.serial_calibration_jog)
                  00017ee8    00000032     oled.o (.text.OLED_PrintString)
                  00017f1a    00000002     --HOLE-- [fill = 0]
                  00017f1c    00000030     key.o (.text.Key_Init)
                  00017f4c    00000030     line_controller.o (.text.LineController_ObserveSensors)
                  00017f7c    00000030     watchdog_monitor.o (.text.WatchdogMonitor_Init)
                  00017fac    00000030     watchdog_monitor.o (.text.WatchdogMonitor_Reset)
                  00017fdc    0000002c     balance_position_control.o (.text.BalancePositionControl_StartTracking)
                  00018008    0000002c     encoder.o (.text.Encoder_Reset)
                  00018034    0000002c     mission_manager.o (.text.MissionManager_Pause)
                  00018060    0000002c     track_sensor.o (.text.TrackSensor_CountBlack)
                  0001808c    00000028     balance_ball_control.o (.text.BalanceBallControl_ResetConfig)
                  000180b4    00000028     balance_soft_limits.o (.text.BalanceSoftLimits_CancelTravelTest)
                  000180dc    00000028     driverlib.a : dl_flashctl.o (.text.DL_FlashCTL_programMemoryFromRAM64WithECCGenerated)
                  00018104    00000028     emergency_stop.o (.text.EmergencyStop_Enforce)
                  0001812c    00000028     magnet.o (.text.Magnet_ForceOff)
                  00018154    00000028     ti_msp_dl_config.o (.text.SYSCFG_DL_init)
                  0001817c    00000028     servo.o (.text.Servo_Init)
                  000181a4    00000028     libclang_rt.builtins.a : floatunsisf.S.obj (.text.__floatunsisf)
                  000181cc    00000028     libc.a : boot_cortex_m.c.obj (.text:_c_int00_noargs)
                  000181f4    00000024     balance_encoder.o (.text.BalanceEncoder_SampleSpeed10msFromIsr)
                  00018218    00000024     balance_position_control.o (.text.BalancePositionControl_GetSnapshot)
                  0001823c    00000024     balance_soft_limits.o (.text.BalanceSoftLimits_CancelOscillationTest)
                  00018260    00000024     gimbal_stepper.o (.text.GimbalStepper_GetFeedbackSnapshot)
                  00018284    00000024     mission_manager.o (.text.MissionManager_ReportExternalFailure)
                  000182a8    00000024     motor_control.o (.text.MotorControl_Init)
                  000182cc    00000024     motor_control.o (.text.MotorControl_Reset)
                  000182f0    00000024     oled.o (.text.OLED_ClearBuffer)
                  00018314    00000024     libclang_rt.builtins.a : muldi3.S.obj (.text.__muldi3)
                  00018338    00000020     balance_ball_control.o (.text.BalanceBallControl_GetSnapshot)
                  00018358    00000020     driverlib.a : dl_timer.o (.text.DL_Timer_overrideCCPOut)
                  00018378    00000020     debug_telemetry.o (.text.DebugTelemetry_Update)
                  00018398    00000020     empty.o (.text.GROUP1_IRQHandler)
                  000183b8    00000020     magnet.o (.text.Magnet_Init)
                  000183d8    00000020     oled.o (.text.OLED_SetCursor)
                  000183f8    00000020     empty.o (.text.SchedulerMonitor_GetStats)
                  00018418    00000020     vision_receiver.o (.text.VisionReceiver_GetProtocolErrorCount)
                  00018438    00000020     libc.a : memcmp.c.obj (.text.memcmp)
                  00018458    00000020     mission_manager.o (.text.mission_finish_error)
                  00018478    0000001e     libclang_rt.builtins.a : ashldi3.S.obj (.text.__ashldi3)
                  00018496    00000002     --HOLE-- [fill = 0]
                  00018498    0000001c     balance_ball_control.o (.text.BalanceBallControl_Disable)
                  000184b4    0000001c     balance_ball_control.o (.text.BalanceBallControl_ForceStop)
                  000184d0    0000001c     driverlib.a : dl_timer.o (.text.DL_Timer_setCaptCompUpdateMethod)
                  000184ec    0000001c                 : dl_timer.o (.text.DL_Timer_setClockConfig)
                  00018508    0000001c     heading_control.o (.text.HeadingControl_SetTargetYaw)
                  00018524    0000001c     menu.o (.text.Menu_Init)
                  00018540    0000001c     motion_action.o (.text.MotionAction_Cancel)
                  0001855c    0000001c     obstacle_monitor.o (.text.ObstacleMonitor_Init)
                  00018578    0000001c     obstacle_safety.o (.text.ObstacleSafety_Init)
                  00018594    0000001c     watchdog_monitor.o (.text.WatchdogMonitor_NotifyControlCycleComplete)
                  000185b0    0000001c     mission_manager.o (.text.mission_finish_success)
                  000185cc    00000018     balance_ball_control.o (.text.BalanceBallControl_GetConfig)
                  000185e4    00000018     driverlib.a : dl_flashctl.o (.text.DL_FlashCTL_eraseMemoryFromRAM)
                  000185fc    00000018                 : dl_timer.o (.text.DL_Timer_setCaptureCompareOutCtl)
                  00018614    00000018     debug_telemetry.o (.text.DebugTelemetry_Init)
                  0001862c    00000018     heading_control.o (.text.HeadingControl_Init)
                  00018644    00000018     heading_control.o (.text.HeadingControl_Reset)
                  0001865c    00000018     menu.o (.text.Menu_ParamItemToString)
                  00018674    00000018     motion_action.o (.text.MotionAction_Init)
                  0001868c    00000018     obstacle_avoidance.o (.text.ObstacleAvoidance_Init)
                  000186a4    00000018     runtime_snapshot.o (.text.RuntimeSnapshot_Init)
                  000186bc    00000016     libclang_rt.builtins.a : comparesf2.S.obj (.text.__unordsf2)
                  000186d2    00000002     --HOLE-- [fill = 0]
                  000186d4    00000014     fault.o (.text.Fault_Clear)
                  000186e8    00000014     fault.o (.text.Fault_Init)
                  000186fc    00000014     gimbal_stepper.o (.text.GimbalStepper_SetStepHalfPeriodTicks)
                  00018710    00000014     heading_control.o (.text.HeadingControl_Enable)
                  00018724    00000014     mission_library.o (.text.MissionLibrary_GetByIndex)
                  00018738    00000014     mission_manager.o (.text.MissionManager_GetSelectedMissionId)
                  0001874c    00000014     vision_uart.o (.text.VisionUart_Init)
                  00018760    00000014     libclang_rt.builtins.a : aeabi_ldivmod.S.obj (.text.__aeabi_ldivmod)
                  00018774    00000014                            : aeabi_uldivmod.S.obj (.text.__aeabi_uldivmod)
                  00018788    00000012     driverlib.a : dl_uart.o (.text.DL_UART_setClockConfig)
                  0001879a    00000012     libc.a : copy_decompress_none.c.obj (.text:decompress:none)
                  000187ac    00000010     balance_position_control.o (.text.BalancePositionControl_HasFault)
                  000187bc    00000010     driverlib.a : dl_timer.o (.text.DL_Timer_setCaptureCompareValue)
                  000187cc    00000010     gimbal.o (.text.Gimbal_YawGetFeedback)
                  000187dc    00000010     key.o (.text.Key_GetEvent)
                  000187ec    00000010     libc.a : copy_zero_init.c.obj (.text:decompress:ZI)
                  000187fc    0000000c     balance_encoder.o (.text.BalanceEncoder_GetCountAtomic)
                  00018808    0000000c     balance_position_control.o (.text.BalancePositionControl_IsBusy)
                  00018814    0000000c     balance_soft_limits.o (.text.BalanceSoftLimits_CancelCalibrationJog)
                  00018820    0000000c     balance_soft_limits.o (.text.BalanceSoftLimits_IsCalibrationActive)
                  0001882c    0000000c     balance_soft_limits.o (.text.BalanceSoftLimits_IsOscillationTestActive)
                  00018838    0000000c     balance_soft_limits.o (.text.BalanceSoftLimits_IsTravelTestActive)
                  00018844    0000000c     car_controller.o (.text.CarController_GetRunMode)
                  00018850    0000000c     car_controller.o (.text.CarController_Init)
                  0001885c    0000000c     car_controller.o (.text.CarController_IsSafetyHoldActive)
                  00018868    0000000c     car_state.o (.text.CarState_Get)
                  00018874    0000000c     car_state.o (.text.CarState_Init)
                  00018880    0000000c     car_state.o (.text.CarState_Set)
                  0001888c    0000000c     emergency_stop.o (.text.EmergencyStop_Init)
                  00018898    0000000c     emergency_stop.o (.text.EmergencyStop_IsActive)
                  000188a4    0000000c     imu.o (.text.Imu_GetCorrectedGyroZDps)
                  000188b0    0000000c     imu.o (.text.Imu_GetYaw)
                  000188bc    0000000c     menu.o (.text.Menu_GetPage)
                  000188c8    0000000c     menu.o (.text.Menu_GetParamItem)
                  000188d4    0000000c     mission_manager.o (.text.MissionManager_IsExternallyHeld)
                  000188e0    0000000c     mission_manager.o (.text.MissionManager_SetExternalHold)
                  000188ec    0000000c     obstacle_avoidance.o (.text.ObstacleAvoidance_IsActive)
                  000188f8    0000000c     obstacle_avoidance.o (.text.ObstacleAvoidance_IsFailed)
                  00018904    0000000c     obstacle_safety.o (.text.ObstacleSafety_IsHolding)
                  00018910    0000000c     empty.o (.text.SystemTime_GetMs)
                  0001891c    0000000c     watchdog_monitor.o (.text.WatchdogMonitor_HasTripped)
                  00018928    0000000c     libclang_rt.builtins.a : aeabi_memset.S.obj (.text.__aeabi_memclr)
                  00018934    0000000a     driverlib.a : dl_common.o (.text.DL_Common_delayCycles)
                  0001893e    0000000a     motion_action.o (.text.MotionAction_Resume)
                  00018948    0000000a     motion_action.o (.text.MotionAction_Start)
                  00018952    0000000a     track_sensor.o (.text.TrackSensor_IsCenterDetected)
                  0001895c    0000000a     track_sensor.o (.text.TrackSensor_IsLineDetected)
                  00018966    0000000a     track_sensor.o (.text.TrackSensor_IsLineLost)
                  00018970    00000008     balance_soft_limits.o (.text.BalanceSoftLimits_CancelPositionMove)
                  00018978    00000008     balance_soft_limits.o (.text.BalanceSoftLimits_IsPositionMoveActive)
                  00018980    00000008     bluetooth_uart.o (.text.BluetoothUart_GetRuntime)
                  00018988    00000008     car_controller.o (.text.CarController_GetFeedback)
                  00018990    00000008     fault.o (.text.Fault_GetRecord)
                  00018998    00000008     gimbal_stepper.o (.text.GimbalStepper_GetFeedback)
                  000189a0    00000008     heading_control.o (.text.HeadingControl_GetRuntime)
                  000189a8    00000008     imu.o (.text.Imu_GetRuntime)
                  000189b0    00000008     line_controller.o (.text.LineController_GetRuntime)
                  000189b8    00000008     mission_manager.o (.text.MissionManager_GetMissionCount)
                  000189c0    00000008     mission_manager.o (.text.MissionManager_GetRuntime)
                  000189c8    00000008     motion_action.o (.text.MotionAction_GetRuntime)
                  000189d0    00000008     motor_control.o (.text.MotorControl_GetRuntime)
                  000189d8    00000008     obstacle_avoidance.o (.text.ObstacleAvoidance_GetFeedback)
                  000189e0    00000008     obstacle_monitor.o (.text.ObstacleMonitor_GetFeedback)
                  000189e8    00000008     oled_ui.o (.text.OledUi_Init)
                  000189f0    00000008     runtime_snapshot.o (.text.RuntimeSnapshot_Get)
                  000189f8    00000008     servo.o (.text.Servo_GetFeedback)
                  00018a00    00000008     ultrasonic.o (.text.Ultrasonic_GetFeedback)
                  00018a08    00000008     vision_receiver.o (.text.VisionReceiver_GetBallPositionObservation)
                  00018a10    00000008     vision_receiver.o (.text.VisionReceiver_GetStatus)
                  00018a18    00000008     vision_tuning_console.o (.text.VisionTuningConsole_GetStatus)
                  00018a20    00000008     watchdog_monitor.o (.text.WatchdogMonitor_GetStatus)
                  00018a28    00000008     wheel_speed_estimator.o (.text.WheelSpeedEstimator_GetRuntime)
                  00018a30    00000008     libclang_rt.builtins.a : aeabi_memcpy.S.obj (.text.__aeabi_memcpy)
                  00018a38    00000006     libc.a : exit.c.obj (.text:abort)
                  00018a3e    00000004     mission_library.o (.text.MissionLibrary_GetCount)
                  00018a42    00000004     obstacle_avoidance.o (.text.ObstacleAvoidance_IsResumeGraceActive)
                  00018a46    00000004     startup_mspm0g350x_ticlang.o (.text.Reset_Handler)
                  00018a4a    00000002     --HOLE-- [fill = 0]
                  00018a4c    00000010     libc.a : boot_cortex_m.c.obj (.tramp._c_int00_noargs.1)
                  00018a5c    00000004            : pre_init.c.obj (.text._system_pre_init)
                  00018a60    00000010     driverlib.a : dl_flashctl.o (.tramp.DL_FlashCTL_executeCommandFromRAM.1)

.TI.ramfunc 
*          0    00019718    00000060     RUN ADDR = 20201968
                  00019718    00000060     driverlib.a : dl_flashctl.o (.TI.ramfunc)

.cinit     0    00019778    00000030     
                  00019778    0000000c     (__TI_handler_table)
                  00019784    00000008     (.cinit..bss.load) [load image, compression = zero_init]
                  0001978c    00000005     (.cinit..data.load) [load image, compression = lzss]
                  00019791    00000003     --HOLE-- [fill = 0]
                  00019794    00000010     (__TI_cinit_table)
                  000197a4    00000004     --HOLE-- [fill = 0]

.rodata    0    00018a70    00000ca8     
                  00018a70    000000d8     oled.o (.rodata..Lswitch.table.OLED_PrintChar)
                  00018b48    00000050     mission_library.o (.rodata.g_missionRegistry)
                  00018b98    00000048     mission_library.o (.rodata.g_missionCompetitionMain)
                  00018be0    00000048     mission_library.o (.rodata.g_missionTestDistance20)
                  00018c28    00000048     mission_library.o (.rodata.g_missionTestLine)
                  00018c70    00000048     mission_library.o (.rodata.g_missionTestTurn)
                  00018cb8    00000038     balance_tuning.o (.rodata..Lswitch.table.send_debug_receiver)
                  00018cf0    00000034     oled_ui.o (.rodata..Lswitch.table.print_balance_vision_rx_debug_page)
                  00018d24    0000002c     oled_ui.o (.rodata..Lswitch.table.print_status_page)
                  00018d50    00000028     balance_tuning.o (.rodata..Lswitch.table.send_debug_controller.152)
                  00018d78    00000020     menu.o (.rodata..Lswitch.table.Menu_ParamItemToString)
                  00018d98    00000020     oled_ui.o (.rodata..Lswitch.table.print_balance_vision_page)
                  00018db8    00000020     balance_tuning.o (.rodata..Lswitch.table.send_debug_controller.151)
                  00018dd8    0000001c     oled_ui.o (.rodata..Lswitch.table.print_balance_stepper_test_page.204)
                  00018df4    0000001c     oled_ui.o (.rodata..Lswitch.table.print_drive_distance_page)
                  00018e10    0000001c     oled_ui.o (.rodata..Lswitch.table.print_status_page.207)
                  00018e2c    00000018     oled_ui.o (.rodata..Lswitch.table.print_status_page.206)
                  00018e44    00000018     balance_tuning.o (.rodata..Lswitch.table.send_debug_position_fault)
                  00018e5c    00000018     mission_library.o (.rodata.g_missionTestBallCenter)
                  00018e74    00000018     balance_tuning.o (.rodata.str1.11920933488914742755.1)
                  00018e8c    00000017     balance_tuning.o (.rodata.str1.13404072320016493612.1)
                  00018ea3    00000001     --HOLE-- [fill = 0]
                  00018ea4    00000014     oled_ui.o (.rodata..Lswitch.table.print_balance_stepper_test_page.198)
                  00018eb8    00000014     oled_ui.o (.rodata..Lswitch.table.print_balance_stepper_test_page.200)
                  00018ecc    00000014     oled_ui.o (.rodata..Lswitch.table.print_status_page.208)
                  00018ee0    00000014     balance_tuning.o (.rodata..Lswitch.table.send_debug_filter)
                  00018ef4    00000014     balance_tuning.o (.rodata.str1.2068070733339245865.1)
                  00018f08    00000013     oled_ui.o (.rodata.str1.14774750633985060196.1)
                  00018f1b    00000013     balance_tuning.o (.rodata.str1.3233384059104302595.1)
                  00018f2e    00000012     balance_tuning.o (.rodata.str1.16975567547049602772.1)
                  00018f40    00000011     oled_ui.o (.rodata.str1.14521350379984854626.1)
                  00018f51    00000011     oled_ui.o (.rodata.str1.17763087492223448992.1)
                  00018f62    00000011     oled_ui.o (.rodata.str1.1974573040514735405.1)
                  00018f73    00000011     oled_ui.o (.rodata.str1.9351772214919528733.1)
                  00018f84    00000011     oled_ui.o (.rodata.str1.9584387800903135389.1)
                  00018f95    00000003     ti_msp_dl_config.o (.rodata.gPWM_MOTORClockConfig)
                  00018f98    00000010     oled_ui.o (.rodata..Lswitch.table.print_balance_stepper_test_page.201)
                  00018fa8    00000010     balance_encoder.o (.rodata.cst16)
                  00018fb8    00000010     oled_ui.o (.rodata.str1.12697925274637991987.1)
                  00018fc8    0000000f     oled_ui.o (.rodata.str1.9229350655415085.1)
                  00018fd7    0000000e     oled_ui.o (.rodata.str1.10416366799939242409.1)
                  00018fe5    0000000e     oled_ui.o (.rodata.str1.10430294223631918979.1)
                  00018ff3    0000000e     oled_ui.o (.rodata.str1.14711868471336838103.1)
                  00019001    0000000e     balance_tuning.o (.rodata.str1.3558965309215986498.1)
                  0001900f    0000000e     balance_tuning.o (.rodata.str1.4787913558422352643.1)
                  0001901d    0000000e     balance_tuning.o (.rodata.str1.7429938449141376701.1)
                  0001902b    0000000d     balance_tuning.o (.rodata.str1.12833110812472946424.1)
                  00019038    0000000d     balance_tuning.o (.rodata.str1.14407532796619091063.1)
                  00019045    0000000d     balance_tuning.o (.rodata.str1.4034695520341852388.1)
                  00019052    0000000d     balance_tuning.o (.rodata.str1.570700920706815620.1)
                  0001905f    00000001     --HOLE-- [fill = 0]
                  00019060    0000000c     oled_ui.o (.rodata..Lswitch.table.print_balance_stepper_test_page.199)
                  0001906c    0000000c     oled_ui.o (.rodata..Lswitch.table.print_balance_stepper_test_page.202)
                  00019078    0000000c     oled_ui.o (.rodata..Lswitch.table.print_balance_stepper_test_page)
                  00019084    0000000c     oled_ui.o (.rodata..Lswitch.table.print_sensor_page)
                  00019090    0000000c     balance_tuning.o (.rodata..Lswitch.table.send_calibration_status)
                  0001909c    0000000c     mission_library.o (.rodata.str1.11682660667400632204.1)
                  000190a8    0000000c     oled_ui.o (.rodata.str1.16290499236105125126.1)
                  000190b4    0000000c     balance_tuning.o (.rodata.str1.17549480707308297090.1)
                  000190c0    0000000c     balance_tuning.o (.rodata.str1.3946804622114928529.1)
                  000190cc    0000000b     balance_tuning.o (.rodata.str1.12203727298384633765.1)
                  000190d7    0000000b     balance_tuning.o (.rodata.str1.12233546741183254892.1)
                  000190e2    0000000b     oled_ui.o (.rodata.str1.13882251010780863896.1)
                  000190ed    0000000b     balance_tuning.o (.rodata.str1.17166399224375095386.1)
                  000190f8    0000000b     balance_tuning.o (.rodata.str1.5425032234050588950.1)
                  00019103    00000001     --HOLE-- [fill = 0]
                  00019104    0000000a     ti_msp_dl_config.o (.rodata.gUART_BALANCE_TUNINGConfig)
                  0001910e    0000000a     ti_msp_dl_config.o (.rodata.gUART_VISIONConfig)
                  00019118    0000000a     oled_ui.o (.rodata.str1.11049990970699464748.1)
                  00019122    0000000a     balance_tuning.o (.rodata.str1.11278905947013221575.1)
                  0001912c    0000000a     mission_library.o (.rodata.str1.13636476544574750902.1)
                  00019136    0000000a     mission_library.o (.rodata.str1.15668266851434757964.1)
                  00019140    0000000a     balance_tuning.o (.rodata.str1.16828945227823925029.1)
                  0001914a    0000000a     balance_tuning.o (.rodata.str1.16995373371140357553.1)
                  00019154    0000000a     oled_ui.o (.rodata.str1.17540787658903907660.1)
                  0001915e    0000000a     balance_tuning.o (.rodata.str1.1862446224603202915.1)
                  00019168    0000000a     mission_library.o (.rodata.str1.199678142196697465.1)
                  00019172    0000000a     oled_ui.o (.rodata.str1.2608729314174233125.1)
                  0001917c    0000000a     oled_ui.o (.rodata.str1.4582914374586912483.1)
                  00019186    0000000a     balance_tuning.o (.rodata.str1.7805572866881257290.1)
                  00019190    00000009     oled_ui.o (.rodata.str1.12043213579996415112.1)
                  00019199    00000009     oled_ui.o (.rodata.str1.15917848551323629232.1)
                  000191a2    00000009     balance_tuning.o (.rodata.str1.3496791163923278892.1)
                  000191ab    00000009     oled_ui.o (.rodata.str1.5965888106848176421.1)
                  000191b4    00000009     balance_tuning.o (.rodata.str1.9755989949770481844.1)
                  000191bd    00000003     oled_ui.o (.rodata.str1.10263419832828250601.1)
                  000191c0    00000008     ti_msp_dl_config.o (.rodata.gPWM_MOTORConfig)
                  000191c8    00000008     oled_ui.o (.rodata.str1.11614055506586029288.1)
                  000191d0    00000008     balance_tuning.o (.rodata.str1.1264218299910966159.1)
                  000191d8    00000008     oled_ui.o (.rodata.str1.130772507669342127.1)
                  000191e0    00000008     balance_tuning.o (.rodata.str1.13343969186687346557.1)
                  000191e8    00000008     oled_ui.o (.rodata.str1.13892659840332223045.1)
                  000191f0    00000008     oled_ui.o (.rodata.str1.17464849429964608858.1)
                  000191f8    00000008     balance_tuning.o (.rodata.str1.2700731884220140365.1)
                  00019200    00000008     balance_tuning.o (.rodata.str1.3829160663182747675.1)
                  00019208    00000008     balance_tuning.o (.rodata.str1.437153270038012910.1)
                  00019210    00000008     balance_tuning.o (.rodata.str1.8563474565901259281.1)
                  00019218    00000007     oled_ui.o (.rodata.str1.11178346780556493352.1)
                  0001921f    00000007     oled_ui.o (.rodata.str1.1276391367487699528.1)
                  00019226    00000007     oled_ui.o (.rodata.str1.13750180467131823662.1)
                  0001922d    00000007     oled_ui.o (.rodata.str1.13871579367539052597.1)
                  00019234    00000007     balance_tuning.o (.rodata.str1.13927408975829028648.1)
                  0001923b    00000007     mission_library.o (.rodata.str1.1440970855772709381.1)
                  00019242    00000007     balance_tuning.o (.rodata.str1.14940683997065356497.1)
                  00019249    00000007     balance_tuning.o (.rodata.str1.16276113701240659636.1)
                  00019250    00000007     oled_ui.o (.rodata.str1.4610220316623841660.1)
                  00019257    00000007     oled_ui.o (.rodata.str1.5463568455719735.1)
                  0001925e    00000007     oled_ui.o (.rodata.str1.58703915094955230.1)
                  00019265    00000007     balance_tuning.o (.rodata.str1.7071644105955104486.1)
                  0001926c    00000007     oled_ui.o (.rodata.str1.9646571805098343045.1)
                  00019273    00000007     oled_ui.o (.rodata.str1.9992244628984851027.1)
                  0001927a    00000006     oled_ui.o (.rodata.str1.10077435089618835710.1)
                  00019280    00000006     oled_ui.o (.rodata.str1.1019225241002246410.1)
                  00019286    00000006     oled_ui.o (.rodata.str1.10418495993736659646.1)
                  0001928c    00000006     oled_ui.o (.rodata.str1.10907125332684471422.1)
                  00019292    00000006     oled_ui.o (.rodata.str1.11232419324784801130.1)
                  00019298    00000006     oled_ui.o (.rodata.str1.12571791089077708471.1)
                  0001929e    00000006     balance_tuning.o (.rodata.str1.12637522976786142932.1)
                  000192a4    00000006     balance_tuning.o (.rodata.str1.12662652760121154555.1)
                  000192aa    00000006     oled_ui.o (.rodata.str1.1445687256832830955.1)
                  000192b0    00000006     oled_ui.o (.rodata.str1.15817398807211891688.1)
                  000192b6    00000006     oled_ui.o (.rodata.str1.16411631209783952401.1)
                  000192bc    00000006     oled_ui.o (.rodata.str1.17242430504649735449.1)
                  000192c2    00000006     oled_ui.o (.rodata.str1.240075016795266086.1)
                  000192c8    00000006     oled_ui.o (.rodata.str1.2656948373757303877.1)
                  000192ce    00000006     balance_tuning.o (.rodata.str1.3044366246123777871.1)
                  000192d4    00000006     balance_tuning.o (.rodata.str1.3256541037304612316.1)
                  000192da    00000006     balance_tuning.o (.rodata.str1.3392284968516405332.1)
                  000192e0    00000006     oled_ui.o (.rodata.str1.344790106308886506.1)
                  000192e6    00000006     oled_ui.o (.rodata.str1.4932371652560868037.1)
                  000192ec    00000006     oled_ui.o (.rodata.str1.5376340479846291137.1)
                  000192f2    00000006     oled_ui.o (.rodata.str1.583767485161932155.1)
                  000192f8    00000006     oled_ui.o (.rodata.str1.6381889798382488904.1)
                  000192fe    00000006     oled_ui.o (.rodata.str1.7050595558965647569.1)
                  00019304    00000006     oled_ui.o (.rodata.str1.7481335054564682966.1)
                  0001930a    00000006     oled_ui.o (.rodata.str1.8018480777946742726.1)
                  00019310    00000006     oled_ui.o (.rodata.str1.8783421139296713095.1)
                  00019316    00000006     balance_tuning.o (.rodata.str1.9462028229935726468.1)
                  0001931c    00000006     oled_ui.o (.rodata.str1.9544068167406571052.1)
                  00019322    00000005     motion_action.o (.rodata..Lswitch.table.MotionAction_Update_20ms)
                  00019327    00000005     oled.o (.rodata.oled_get_glyph.colon)
                  0001932c    00000005     oled.o (.rodata.oled_get_glyph.eight)
                  00019331    00000005     oled.o (.rodata.oled_get_glyph.five)
                  00019336    00000005     oled.o (.rodata.oled_get_glyph.four)
                  0001933b    00000005     oled.o (.rodata.oled_get_glyph.glyphA)
                  00019340    00000005     oled.o (.rodata.oled_get_glyph.glyphB)
                  00019345    00000005     oled.o (.rodata.oled_get_glyph.glyphC)
                  0001934a    00000005     oled.o (.rodata.oled_get_glyph.glyphD)
                  0001934f    00000005     oled.o (.rodata.oled_get_glyph.glyphE)
                  00019354    00000005     oled.o (.rodata.oled_get_glyph.glyphF)
                  00019359    00000005     oled.o (.rodata.oled_get_glyph.glyphG)
                  0001935e    00000005     oled.o (.rodata.oled_get_glyph.glyphH)
                  00019363    00000005     oled.o (.rodata.oled_get_glyph.glyphI)
                  00019368    00000005     oled.o (.rodata.oled_get_glyph.glyphK)
                  0001936d    00000005     oled.o (.rodata.oled_get_glyph.glyphL)
                  00019372    00000005     oled.o (.rodata.oled_get_glyph.glyphM)
                  00019377    00000005     oled.o (.rodata.oled_get_glyph.glyphN)
                  0001937c    00000005     oled.o (.rodata.oled_get_glyph.glyphO)
                  00019381    00000005     oled.o (.rodata.oled_get_glyph.glyphP)
                  00019386    00000005     oled.o (.rodata.oled_get_glyph.glyphR)
                  0001938b    00000005     oled.o (.rodata.oled_get_glyph.glyphS)
                  00019390    00000005     oled.o (.rodata.oled_get_glyph.glyphT)
                  00019395    00000005     oled.o (.rodata.oled_get_glyph.glyphU)
                  0001939a    00000005     oled.o (.rodata.oled_get_glyph.glyphV)
                  0001939f    00000005     oled.o (.rodata.oled_get_glyph.glyphW)
                  000193a4    00000005     oled.o (.rodata.oled_get_glyph.glyphX)
                  000193a9    00000005     oled.o (.rodata.oled_get_glyph.glyphY)
                  000193ae    00000005     oled.o (.rodata.oled_get_glyph.glyphb)
                  000193b3    00000005     oled.o (.rodata.oled_get_glyph.gt)
                  000193b8    00000005     oled.o (.rodata.oled_get_glyph.minus)
                  000193bd    00000005     oled.o (.rodata.oled_get_glyph.nine)
                  000193c2    00000005     oled.o (.rodata.oled_get_glyph.one)
                  000193c7    00000005     oled.o (.rodata.oled_get_glyph.seven)
                  000193cc    00000005     oled.o (.rodata.oled_get_glyph.six)
                  000193d1    00000005     oled.o (.rodata.oled_get_glyph.space)
                  000193d6    00000005     oled.o (.rodata.oled_get_glyph.three)
                  000193db    00000005     oled.o (.rodata.oled_get_glyph.two)
                  000193e0    00000005     oled.o (.rodata.oled_get_glyph.zero)
                  000193e5    00000005     oled_ui.o (.rodata.str1.10163600690795753232.1)
                  000193ea    00000005     oled_ui.o (.rodata.str1.10600688730180713177.1)
                  000193ef    00000005     oled_ui.o (.rodata.str1.10767072398481191905.1)
                  000193f4    00000005     oled_ui.o (.rodata.str1.11044102588127922728.1)
                  000193f9    00000005     oled_ui.o (.rodata.str1.12182588061437138428.1)
                  000193fe    00000005     oled_ui.o (.rodata.str1.12493748764729730277.1)
                  00019403    00000005     oled_ui.o (.rodata.str1.12595606217184830646.1)
                  00019408    00000005     oled_ui.o (.rodata.str1.12617122458660443890.1)
                  0001940d    00000005     balance_tuning.o (.rodata.str1.12787636963787307533.1)
                  00019412    00000005     oled_ui.o (.rodata.str1.14265077442249237877.1)
                  00019417    00000005     balance_tuning.o (.rodata.str1.14427035260820240747.1)
                  0001941c    00000005     fault.o (.rodata.str1.14435905801345341244.1)
                  00019421    00000005     fault.o (.rodata.str1.1506612114648992996.1)
                  00019426    00000005     oled_ui.o (.rodata.str1.15132332204781002199.1)
                  0001942b    00000005     oled_ui.o (.rodata.str1.15575624326185233262.1)
                  00019430    00000005     oled_ui.o (.rodata.str1.15577080202403550426.1)
                  00019435    00000005     oled_ui.o (.rodata.str1.15613891207764622616.1)
                  0001943a    00000005     oled_ui.o (.rodata.str1.15802367878353263018.1)
                  0001943f    00000005     oled_ui.o (.rodata.str1.15829239520183577662.1)
                  00019444    00000005     balance_tuning.o (.rodata.str1.16296215605590053309.1)
                  00019449    00000005     oled_ui.o (.rodata.str1.16526439943277383452.1)
                  0001944e    00000005     oled_ui.o (.rodata.str1.16583701629962107131.1)
                  00019453    00000005     oled_ui.o (.rodata.str1.16939060351352778619.1)
                  00019458    00000005     oled_ui.o (.rodata.str1.17067061841413117831.1)
                  0001945d    00000005     fault.o (.rodata.str1.17097894860660336008.1)
                  00019462    00000005     fault.o (.rodata.str1.17155043670132108083.1)
                  00019467    00000005     oled_ui.o (.rodata.str1.17436941090773226089.1)
                  0001946c    00000005     oled_ui.o (.rodata.str1.17678525341650131470.1)
                  00019471    00000005     oled_ui.o (.rodata.str1.17717236995185551183.1)
                  00019476    00000005     oled_ui.o (.rodata.str1.17747339173178619492.1)
                  0001947b    00000005     oled_ui.o (.rodata.str1.17763996158807330232.1)
                  00019480    00000005     oled_ui.o (.rodata.str1.17884296644359297425.1)
                  00019485    00000005     oled_ui.o (.rodata.str1.18128648927899109887.1)
                  0001948a    00000005     oled_ui.o (.rodata.str1.18190418239766617312.1)
                  0001948f    00000005     oled_ui.o (.rodata.str1.182352409660151230.1)
                  00019494    00000005     fault.o (.rodata.str1.2104670281202025270.1)
                  00019499    00000005     oled_ui.o (.rodata.str1.2193316011307952170.1)
                  0001949e    00000005     oled_ui.o (.rodata.str1.2308938766145545715.1)
                  000194a3    00000005     balance_tuning.o (.rodata.str1.2518525128920481353.1)
                  000194a8    00000005     oled_ui.o (.rodata.str1.2522137003438374266.1)
                  000194ad    00000005     oled_ui.o (.rodata.str1.270145429241168923.1)
                  000194b2    00000005     balance_tuning.o (.rodata.str1.3025565282533664955.1)
                  000194b7    00000005     oled_ui.o (.rodata.str1.3455423528827705371.1)
                  000194bc    00000005     balance_tuning.o (.rodata.str1.3977118008905300976.1)
                  000194c1    00000005     fault.o (.rodata.str1.4453281041433270631.1)
                  000194c6    00000005     fault.o (.rodata.str1.4549004730087743662.1)
                  000194cb    00000005     oled_ui.o (.rodata.str1.4581472623415959594.1)
                  000194d0    00000005     balance_tuning.o (.rodata.str1.4648061835702390008.1)
                  000194d5    00000005     oled_ui.o (.rodata.str1.4723632947289500520.1)
                  000194da    00000005     menu.o (.rodata.str1.4862307748908978627.1)
                  000194df    00000005     balance_tuning.o (.rodata.str1.504352846468954294.1)
                  000194e4    00000005     balance_tuning.o (.rodata.str1.5223853263922667930.1)
                  000194e9    00000005     oled_ui.o (.rodata.str1.5291836437463020264.1)
                  000194ee    00000005     oled_ui.o (.rodata.str1.5689016102676777062.1)
                  000194f3    00000005     balance_tuning.o (.rodata.str1.5894753939286773293.1)
                  000194f8    00000005     oled_ui.o (.rodata.str1.5948326995020184415.1)
                  000194fd    00000005     oled_ui.o (.rodata.str1.5965450730569173784.1)
                  00019502    00000005     fault.o (.rodata.str1.6372787129294360447.1)
                  00019507    00000005     fault.o (.rodata.str1.6437946768974223044.1)
                  0001950c    00000005     balance_tuning.o (.rodata.str1.6600389014628918663.1)
                  00019511    00000005     oled_ui.o (.rodata.str1.6806727740681590176.1)
                  00019516    00000005     oled_ui.o (.rodata.str1.6954814719705590448.1)
                  0001951b    00000005     balance_tuning.o (.rodata.str1.7618853495997136391.1)
                  00019520    00000005     oled_ui.o (.rodata.str1.7774807581888385879.1)
                  00019525    00000005     oled_ui.o (.rodata.str1.799718701096035713.1)
                  0001952a    00000005     oled_ui.o (.rodata.str1.8124536758062367015.1)
                  0001952f    00000005     fault.o (.rodata.str1.8185770893384132067.1)
                  00019534    00000005     oled_ui.o (.rodata.str1.8399051469953744892.1)
                  00019539    00000005     oled_ui.o (.rodata.str1.8426569189266129334.1)
                  0001953e    00000005     oled_ui.o (.rodata.str1.8449035241871861290.1)
                  00019543    00000005     oled_ui.o (.rodata.str1.8471462185882660445.1)
                  00019548    00000005     oled_ui.o (.rodata.str1.8615431116298670950.1)
                  0001954d    00000005     balance_tuning.o (.rodata.str1.8659531508871313437.1)
                  00019552    00000005     oled_ui.o (.rodata.str1.8693388333057100694.1)
                  00019557    00000005     oled_ui.o (.rodata.str1.8703997732205428909.1)
                  0001955c    00000005     oled_ui.o (.rodata.str1.9250665025187963892.1)
                  00019561    00000005     oled_ui.o (.rodata.str1.9611283282870761829.1)
                  00019566    00000004     oled_ui.o (.rodata.str1.10568433575767188072.1)
                  0001956a    00000004     balance_tuning.o (.rodata.str1.10633870927600830234.1)
                  0001956e    00000004     balance_tuning.o (.rodata.str1.11007857853088784365.1)
                  00019572    00000004     oled_ui.o (.rodata.str1.11149198520117834688.1)
                  00019576    00000004     oled_ui.o (.rodata.str1.11388022865931857840.1)
                  0001957a    00000004     oled_ui.o (.rodata.str1.11428648044669318875.1)
                  0001957e    00000004     oled_ui.o (.rodata.str1.11627403558423016802.1)
                  00019582    00000004     oled_ui.o (.rodata.str1.11794000050372113979.1)
                  00019586    00000004     oled_ui.o (.rodata.str1.12359577037488465078.1)
                  0001958a    00000004     oled_ui.o (.rodata.str1.12504350857748951577.1)
                  0001958e    00000004     oled_ui.o (.rodata.str1.12888220461447056082.1)
                  00019592    00000004     oled_ui.o (.rodata.str1.12928245060369742404.1)
                  00019596    00000004     oled_ui.o (.rodata.str1.13244290092665904221.1)
                  0001959a    00000004     oled_ui.o (.rodata.str1.13271657277589579873.1)
                  0001959e    00000004     oled_ui.o (.rodata.str1.13567883086814673087.1)
                  000195a2    00000004     fault.o (.rodata.str1.13582094816268305212.1)
                  000195a6    00000004     oled_ui.o (.rodata.str1.13790669171379415506.1)
                  000195aa    00000004     oled_ui.o (.rodata.str1.13875148296791986931.1)
                  000195ae    00000004     oled_ui.o (.rodata.str1.14132186318895045592.1)
                  000195b2    00000004     oled_ui.o (.rodata.str1.14142815821055334776.1)
                  000195b6    00000004     oled_ui.o (.rodata.str1.14168333168339663346.1)
                  000195ba    00000004     balance_tuning.o (.rodata.str1.14324971085387262535.1)
                  000195be    00000004     oled_ui.o (.rodata.str1.14556837007311414654.1)
                  000195c2    00000004     oled_ui.o (.rodata.str1.14675223611663555778.1)
                  000195c6    00000004     oled_ui.o (.rodata.str1.14740362735394205067.1)
                  000195ca    00000004     oled_ui.o (.rodata.str1.14748562464132904299.1)
                  000195ce    00000004     oled_ui.o (.rodata.str1.15008238333949226094.1)
                  000195d2    00000004     balance_tuning.o (.rodata.str1.15818174819141905252.1)
                  000195d6    00000004     oled_ui.o (.rodata.str1.16133855533230012141.1)
                  000195da    00000004     menu.o (.rodata.str1.16312125044762562515.1)
                  000195de    00000004     fault.o (.rodata.str1.16482347271627360806.1)
                  000195e2    00000004     oled_ui.o (.rodata.str1.16554583589798097927.1)
                  000195e6    00000004     oled_ui.o (.rodata.str1.16849766574302683489.1)
                  000195ea    00000004     oled_ui.o (.rodata.str1.16895433903389883335.1)
                  000195ee    00000004     oled_ui.o (.rodata.str1.16931641404301806744.1)
                  000195f2    00000004     menu.o (.rodata.str1.17041139162815566052.1)
                  000195f6    00000004     oled_ui.o (.rodata.str1.17274519358952562110.1)
                  000195fa    00000004     oled_ui.o (.rodata.str1.17719310104486814868.1)
                  000195fe    00000004     oled_ui.o (.rodata.str1.18266126048138325213.1)
                  00019602    00000004     oled_ui.o (.rodata.str1.18379317056176403938.1)
                  00019606    00000004     oled_ui.o (.rodata.str1.2002540315216928218.1)
                  0001960a    00000004     oled_ui.o (.rodata.str1.2714695401222167146.1)
                  0001960e    00000004     oled_ui.o (.rodata.str1.2742282290834473644.1)
                  00019612    00000004     oled_ui.o (.rodata.str1.3247264562726604308.1)
                  00019616    00000004     oled_ui.o (.rodata.str1.3407221357956504873.1)
                  0001961a    00000004     oled_ui.o (.rodata.str1.3467953211977455017.1)
                  0001961e    00000004     oled_ui.o (.rodata.str1.3702290527496711532.1)
                  00019622    00000004     oled_ui.o (.rodata.str1.4082595774073207366.1)
                  00019626    00000004     oled_ui.o (.rodata.str1.4581686099848791648.1)
                  0001962a    00000004     menu.o (.rodata.str1.4646809750356241979.1)
                  0001962e    00000004     balance_tuning.o (.rodata.str1.4682479169720033769.1)
                  00019632    00000004     oled_ui.o (.rodata.str1.4691821198597473371.1)
                  00019636    00000004     oled_ui.o (.rodata.str1.5004483696121082904.1)
                  0001963a    00000004     oled_ui.o (.rodata.str1.5853739094453432564.1)
                  0001963e    00000004     oled_ui.o (.rodata.str1.6350830172869379626.1)
                  00019642    00000004     oled_ui.o (.rodata.str1.6473435968988645044.1)
                  00019646    00000004     oled_ui.o (.rodata.str1.6744096065564390185.1)
                  0001964a    00000004     oled_ui.o (.rodata.str1.6835749436006845616.1)
                  0001964e    00000004     oled_ui.o (.rodata.str1.7185587941321649510.1)
                  00019652    00000004     oled_ui.o (.rodata.str1.7219546930854689545.1)
                  00019656    00000004     fault.o (.rodata.str1.7255546073596598018.1)
                  0001965a    00000004     balance_tuning.o (.rodata.str1.7303502640274702539.1)
                  0001965e    00000004     oled_ui.o (.rodata.str1.7419768602719733415.1)
                  00019662    00000004     oled_ui.o (.rodata.str1.763101100280173925.1)
                  00019666    00000004     oled_ui.o (.rodata.str1.8236579331345056500.1)
                  0001966a    00000004     oled_ui.o (.rodata.str1.8403269972884532600.1)
                  0001966e    00000004     oled_ui.o (.rodata.str1.8460525935980491721.1)
                  00019672    00000004     balance_tuning.o (.rodata.str1.8647663465172892142.1)
                  00019676    00000004     oled_ui.o (.rodata.str1.8709745090823444516.1)
                  0001967a    00000004     oled_ui.o (.rodata.str1.9102528229756940648.1)
                  0001967e    00000004     oled_ui.o (.rodata.str1.9135818829835424837.1)
                  00019682    00000004     oled_ui.o (.rodata.str1.9159586779647977165.1)
                  00019686    00000004     oled_ui.o (.rodata.str1.9295666102996717355.1)
                  0001968a    00000004     menu.o (.rodata.str1.9546740394641817443.1)
                  0001968e    00000004     balance_tuning.o (.rodata.str1.9612798771567357072.1)
                  00019692    00000004     oled_ui.o (.rodata.str1.967006512144173535.1)
                  00019696    00000004     oled_ui.o (.rodata.str1.9822857334037886482.1)
                  0001969a    00000004     oled_ui.o (.rodata.str1.9854382722193312766.1)
                  0001969e    00000003     oled_ui.o (.rodata.str1.10509309789429088155.1)
                  000196a1    00000003     oled_ui.o (.rodata.str1.1108652269057166745.1)
                  000196a4    00000003     balance_tuning.o (.rodata.str1.11520738983365952627.1)
                  000196a7    00000003     menu.o (.rodata.str1.12110183915172842339.1)
                  000196aa    00000003     oled_ui.o (.rodata.str1.12447783896598192203.1)
                  000196ad    00000003     oled_ui.o (.rodata.str1.12983537867572525563.1)
                  000196b0    00000003     menu.o (.rodata.str1.13124720451672825294.1)
                  000196b3    00000003     balance_tuning.o (.rodata.str1.14000290760835785496.1)
                  000196b6    00000003     menu.o (.rodata.str1.14098755746347272832.1)
                  000196b9    00000003     oled_ui.o (.rodata.str1.14134189893851348960.1)
                  000196bc    00000003     oled_ui.o (.rodata.str1.14358698208395374265.1)
                  000196bf    00000003     balance_tuning.o (.rodata.str1.14867730425649151644.1)
                  000196c2    00000003     oled_ui.o (.rodata.str1.15859922799842739878.1)
                  000196c5    00000003     oled_ui.o (.rodata.str1.15935041339501476673.1)
                  000196c8    00000003     balance_tuning.o (.rodata.str1.16547832629819082202.1)
                  000196cb    00000003     oled_ui.o (.rodata.str1.16635595130967924751.1)
                  000196ce    00000003     oled_ui.o (.rodata.str1.17812014771544466701.1)
                  000196d1    00000003     oled_ui.o (.rodata.str1.17881291656140238186.1)
                  000196d4    00000003     balance_tuning.o (.rodata.str1.2493145903068608615.1)
                  000196d7    00000003     oled_ui.o (.rodata.str1.2603845803395459882.1)
                  000196da    00000003     balance_tuning.o (.rodata.str1.2615500520006570324.1)
                  000196dd    00000003     oled_ui.o (.rodata.str1.2983744876309220570.1)
                  000196e0    00000003     oled_ui.o (.rodata.str1.35417727660486075.1)
                  000196e3    00000003     oled_ui.o (.rodata.str1.4193589846040060630.1)
                  000196e6    00000003     oled_ui.o (.rodata.str1.4402311448527872260.1)
                  000196e9    00000003     oled_ui.o (.rodata.str1.4551794666512319153.1)
                  000196ec    00000003     balance_tuning.o (.rodata.str1.533910187409029848.1)
                  000196ef    00000003     oled_ui.o (.rodata.str1.6398192001994169976.1)
                  000196f2    00000003     menu.o (.rodata.str1.6857549598058878762.1)
                  000196f5    00000003     balance_tuning.o (.rodata.str1.7107703467260193608.1)
                  000196f8    00000003     oled_ui.o (.rodata.str1.7205245123442117851.1)
                  000196fb    00000003     fault.o (.rodata.str1.8193046109637024842.1)
                  000196fe    00000003     oled_ui.o (.rodata.str1.8950259614286592359.1)
                  00019701    00000003     oled_ui.o (.rodata.str1.9044019526854345694.1)
                  00019704    00000003     balance_tuning.o (.rodata.str1.947389025480374218.1)
                  00019707    00000003     oled_ui.o (.rodata.str1.9554470707595806150.1)
                  0001970a    00000002     ti_msp_dl_config.o (.rodata.gUART_BALANCE_TUNINGClockConfig)
                  0001970c    00000002     ti_msp_dl_config.o (.rodata.gUART_VISIONClockConfig)
                  0001970e    00000002     balance_tuning.o (.rodata.str1.10719393435742183532.1)
                  00019710    00000002     oled_ui.o (.rodata.str1.16496169091617228061.1)
                  00019712    00000002     oled_ui.o (.rodata.str1.3025253791635144717.1)
                  00019714    00000004     --HOLE-- [fill = 0]

.init_array 
*          0    00000000    00000000     UNINITIALIZED

.binit     0    000197a8    00000010     
                  000197a8    00000010     (.binit)

.TI.bound:g_balanceCalibrationReservedSector 
*          0    0001fc00    00000400     
                  0001fc00    00000400     balance_calibration_store.o (.TI.bound:g_balanceCalibrationReservedSector)

.bss       0    20200000    00001966     UNINITIALIZED
                  20200000    00000800     balance_tuning.o (.bss.g_txRing)
                  20200800    00000400     oled.o (.bss.g_oledFrame)
                  20200c00    00000200     vision_receiver.o (.bss.g_ring)
                  20200e00    000001d0     runtime_snapshot.o (.bss.g_snapshot)
                  20200fd0    00000110     (.common:g_appConfig)
                  202010e0    00000100     balance_tuning.o (.bss.g_rxRing)
                  202011e0    00000084     (.common:g_imuRuntime)
                  20201264    0000007c     motor_control.o (.bss.g_runtime)
                  202012e0    00000070     (.common:g_appRuntime)
                  20201350    00000060     vision_receiver.o (.bss.g_line)
                  202013b0    0000005c     balance_soft_limits.o (.bss.g_runtime)
                  2020140c    00000058     vision_receiver.o (.bss.g_status)
                  20201464    00000004     imu.o (.bss.g_elapsedSinceValidSampleMs)
                  20201468    00000058     (.common:g_wheelSpeedEstimatorRuntime)
                  202014c0    00000044     balance_position_control.o (.bss.g_runtime)
                  20201504    00000004     balance_position_control.o (.bss.g_lastEncoderCount)
                  20201508    00000040     gimbal.o (.bss.g_feedback)
                  20201548    00000040     line_controller.o (.bss.g_lineRuntime)
                  20201588    00000040     balance_ball_control.o (.bss.g_runtime)
                  202015c8    00000030     balance_tuning.o (.bss.g_line)
                  202015f8    00000030     (.common:gUART_VISIONBackup)
                  20201628    0000002c     vision_receiver.o (.bss.g_observation)
                  20201654    0000002c     empty.o (.bss.g_schedulerStats)
                  20201680    00000028     vision_receiver.o (.bss.g_ballPositionObservation)
                  202016a8    00000028     balance_tuning.o (.bss.g_debug)
                  202016d0    00000020     bluetooth_uart.o (.bss.g_runtime)
                  202016f0    0000001c     mission_manager.o (.bss.g_missionRuntime)
                  2020170c    0000001c     balance_encoder.o (.bss.g_runtime)
                  20201728    0000001c     balance_tuning.o (.bss.g_status)
                  20201744    0000001c     (.common:g_headingRuntime)
                  20201760    00000018     obstacle_avoidance.o (.bss.g_avoidFeedback)
                  20201778    00000018     balance_ball_control.o (.bss.g_config)
                  20201790    00000018     gimbal_stepper.o (.bss.g_feedback)
                  202017a8    00000018     vision_tuning_console.o (.bss.g_status)
                  202017c0    00000014     motion_action.o (.bss.g_motionActionRuntime)
                  202017d4    00000014     watchdog_monitor.o (.bss.g_status)
                  202017e8    00000010     fault.o (.bss.g_faultRecord)
                  202017f8    00000010     motor.o (.bss.g_motorRuntime)
                  20201808    0000000e     car_controller.o (.bss.g_carControllerFeedback)
                  20201816    00000002     ultrasonic.o (.bss.g_echoTicks)
                  20201818    0000000e     ultrasonic.o (.bss.g_ultrasonicFeedback)
                  20201826    00000002     balance_ball_control.o (.bss.g_lastPositionMm)
                  20201828    0000000c     magnet.o (.bss.g_runtime)
                  20201834    0000000c     debug_telemetry.o (.bss.g_status)
                  20201840    0000000c     balance_soft_limits.o (.bss.g_storedLimits)
                  2020184c    00000004     debug_telemetry.o (.bss.g_lastFrameMs)
                  20201850    00000008     balance_position_control.o (.bss.g_lastStepCount)
                  20201858    00000008     balance_position_control.o (.bss.g_moveStartStepCount)
                  20201860    00000008     obstacle_monitor.o (.bss.g_obstacleFeedback)
                  20201868    00000008     gimbal_stepper.o (.bss.g_stepperEstimatedSteps)
                  20201870    00000008     gimbal_stepper.o (.bss.g_stepperTargetEstimatedSteps)
                  20201878    00000008     gimbal.o (.bss.g_yawContinuousDegX10)
                  20201880    00000008     gimbal.o (.bss.g_yawLockedWorldYawDegX10)
                  20201888    00000008     gimbal.o (.bss.g_yawTargetContinuousDegX10)
                  20201890    00000008     gimbal.o (.bss.g_yawWorldTargetDegX10)
                  20201898    00000008     gimbal.o (.bss.g_yawWrappedDegX10)
                  202018a0    00000006     ultrasonic.o (.bss.g_distanceSamples)
                  202018a6    00000006     key.o (.bss.g_key1)
                  202018ac    00000006     key.o (.bss.g_key2)
                  202018b2    00000006     key.o (.bss.g_key3)
                  202018b8    00000004     balance_ball_control.o (.bss.g_lastObservationUpdateCount)
                  202018bc    00000004     balance_ball_control.o (.bss.g_lastPositionTimeMs)
                  202018c0    00000004     balance_calibration_store.o (.bss.g_lastSequence)
                  202018c4    00000004     balance_ball_control.o (.bss.g_lastSessionId)
                  202018c8    00000004     vision_receiver.o (.bss.g_lastSourceTimestampMs)
                  202018cc    00000004     watchdog_monitor.o (.bss.g_lastTickMs)
                  202018d0    00000004     wheel_speed_estimator.o (.bss.g_latchedErrorFlags)
                  202018d4    00000004     vision_receiver.o (.bss.g_localSessionId)
                  202018d8    00000004     empty.o (.bss.g_localTimeMs)
                  202018dc    00000004     encoder.o (.bss.g_motorAPulses)
                  202018e0    00000004     encoder.o (.bss.g_motorBPulses)
                  202018e4    00000004     balance_position_control.o (.bss.g_moveStartEncoderCount)
                  202018e8    00000004     imu.o (.bss.g_previousValidCorrectedGyroZDps)
                  202018ec    00000004     mission_manager.o (.bss.g_selectedDefinition)
                  202018f0    00000004     servo.o (.bss.g_servoFeedback)
                  202018f4    00000004     balance_encoder.o (.bss.g_speedLastCount)
                  202018f8    00000004     balance_position_control.o (.bss.g_startSoftLimitClampCount)
                  202018fc    00000004     balance_position_control.o (.bss.g_stepConversionResidualNumerator)
                  20201900    00000004     gimbal_stepper.o (.bss.g_stepperCompletedSteps)
                  20201904    00000004     gimbal.o (.bss.g_yawCommandedRpm)
                  20201908    00000004     gimbal.o (.bss.g_yawTargetRpm)
                  2020190c    00000004     empty.o (.bss.main.lastAppUpdateMs)
                  20201910    00000002     vision_receiver.o (.bss.g_lineSize)
                  20201912    00000002     vision_receiver.o (.bss.g_ringHead)
                  20201914    00000002     vision_receiver.o (.bss.g_ringTail)
                  20201916    00000002     balance_tuning.o (.bss.g_rxHead)
                  20201918    00000002     balance_tuning.o (.bss.g_rxTail)
                  2020191a    00000002     servo.o (.bss.g_servoPwmPhase)
                  2020191c    00000002     ultrasonic.o (.bss.g_stateTicks)
[...]
000157c3  AES_IRQHandler                                       
000157c3  CANFD0_IRQHandler                                    
000157c3  DAC0_IRQHandler                                      
000157c3  DMA_IRQHandler                                       
000157c3  Default_Handler                                      
000157c3  GROUP0_IRQHandler                                    
000157c3  HardFault_Handler                                    
000157c3  I2C0_IRQHandler                                      
000157c3  I2C1_IRQHandler                                      
000157c3  NMI_Handler                                          
000157c3  PendSV_Handler                                       
000157c3  RTC_IRQHandler                                       
000157c3  SPI0_IRQHandler                                      
000157c3  SPI1_IRQHandler                                      
000157c3  SVC_Handler                                          
000157c3  TIMA0_IRQHandler                                     
000157c3  TIMA1_IRQHandler                                     
000157c3  TIMG0_IRQHandler                                     
000157c3  TIMG12_IRQHandler                                    
000157c3  TIMG6_IRQHandler                                     
000157c3  TIMG7_IRQHandler                                     
000157c3  TIMG8_IRQHandler                                     
000157c3  UART0_IRQHandler                                     
000157c3  UART1_IRQHandler                                     
000157c5  BalanceSoftLimits_AbortCalibration                   
00015905  ObstacleMonitor_Update_20ms                          
000159a1  memcpy                                               
00015a3b  ObstacleAvoidance_Update_20ms                        
00015a3d  BalancePositionControl_ResetFault                    
00015ad5  BalanceSoftLimits_CancelRecalibration                
00015c05  CarController_StartTurnToYawRelative                 
00015c99  BalanceTuning_Init                                   
00015d29  CarController_ResetTransientState                    
00015db9  SYSCFG_DL_PWM_MOTOR_init                             
00015e45  SYSCFG_DL_UART_BALANCE_TUNING_init                   
00015ed1  __aeabi_fmul                                         
00015ed1  __mulsf3                                             
00016075  BalanceSoftLimits_Enforce100usFromIsr                
000160fc  C$$EXIT                                              
000160fd  HOSTexit                                             
00016101  strcmp                                               
00016189  CarController_SetSafetyHold                          
0001620d  GimbalStepper_ConfirmZero                            
00016291  Motor_Init                                           
00016315  __aeabi_fdiv                                         
00016315  __divsf3                                             
00016397  TrackSensor_Init                                     
00016399  BalancePositionControl_Init                          
00016419  CarController_StartDriveHeading                      
00016499  Motor_Stop                                           
00016519  App_Init                                             
00016597  __aeabi_idiv0                                        
00016599  __TI_decompress_lzss                                 
00016775  GimbalStepper_Release                                
000167e5  SYSCFG_DL_UART_VISION_init                           
000168c5  TrackSensor_DetectTurn                               
00016933  __aeabi_ldiv0                                        
00016935  MissionManager_GetSelectedMissionIndex               
00016a05  TrackSensor_GetErrorFromRaw                          
00016a6d  BalanceBallControl_Init                              
00016ad1  BalanceSoftLimits_ResetPositionFault                 
00016b35  BalanceSoftLimits_StartCalibrationJogSteps           
00016b99  MissionManager_Start                                 
00016bfd  App_ResetToReady                                     
00016c61  __aeabi_fcmpeq                                       
00016c75  __aeabi_fcmplt                                       
00016c89  __aeabi_fcmple                                       
00016c9d  __aeabi_fcmpge                                       
00016cb1  __aeabi_fcmpgt                                       
00016cc3  memset                                               
00016d25  UART2_IRQHandler                                     
00016d85  __aeabi_f2lz                                         
00016d85  __fixsfdi                                            
00016de5  Ultrasonic_Update_20ms                               
00016e41  VisionReceiver_Init                                  
00016fb1  BalanceEncoder_Init                                  
00017009  MissionManager_Init                                  
00017061  OLED_PrintChar                                       
00017169  __aeabi_idiv                                         
00017169  __aeabi_idivmod                                      
000171c1  BalanceSoftLimits_BeginFullCalibrationAtCurrentAsZero
00017215  CarController_Stop                                   
00017269  TrackSensor_ReadRaw                                  
000172bd  WatchdogMonitor_ApplyFaultIfNeeded                   
00017311  BalancePositionControl_SetTrackingTarget             
00017361  BalanceSoftLimits_GetSnapshot                        
000173b1  Ultrasonic_Init                                      
00017401  WatchdogMonitor_Tick1msFromIsr                       
00017451  __aeabi_l2f                                          
00017451  __floatdisf                                          
000174a1  MotorControl_Stop                                    
000174ed  copy_in                                              
00017585  __TI_auto_init_nopinit                               
000175d1  DL_UART_init                                         
00017619  MissionManager_Cancel                                
00017661  SYSCFG_DL_initPower                                  
000176a9  BalanceTuning_AbortCalibrationSession                
000176ed  CarController_StartFollowLine                        
00017731  EmergencyStop_Reset                                  
00017775  Encoder_GetAndClearPulseDeltas                       
000177b9  Imu_ResetYaw                                         
000177fd  MissionManager_Reset                                 
00017841  Servo_Tick100us                                      
00017885  UART3_IRQHandler                                     
0001790d  BalanceEncoder_GetSnapshot                           
0001794d  BalanceSoftLimits_StopMotion                         
0001798d  CarController_ResumeFollowLine                       
000179cd  Fault_Raise                                          
00017a0d  SYSCFG_DL_SYSCTL_init                                
00017a4d  VisionReceiver_PushByteFromIsr                       
00017a8d  __aeabi_uidiv                                        
00017a8d  __aeabi_uidivmod                                     
00017b4d  __divmoddi4                                          
00017b8d  BalancePositionControl_Cancel                        
00017bc9  MissionLibrary_FindById                              
00017c05  MissionManager_Resume                                
00017c41  Servo_SetAngleDeg                                    
00017c7d  __aeabi_i2f                                          
00017c7d  __floatsisf                                          
00017cb9  __gesf2                                              
00017cb9  __gtsf2                                              
00017d31  __cmpsf2                                             
00017d31  __eqsf2                                              
00017d31  __lesf2                                              
00017d31  __ltsf2                                              
00017d31  __nesf2                                              
00017d6d  __muldsi3                                            
00017da9  EmergencyStop_Trigger                                
00017de1  __aeabi_f2iz                                         
00017de1  __fixsfsi                                            
00017e19  BalanceBallControl_SetTargetMm                       
00017e4d  BalancePositionControl_SetTrackingThresholds         
00017e81  Imu_IsReady                                          
00017ee9  OLED_PrintString                                     
00017f1d  Key_Init                                             
00017f4d  LineController_ObserveSensors                        
00017f7d  WatchdogMonitor_Init                                 
00017fad  WatchdogMonitor_Reset                                
00017fdd  BalancePositionControl_StartTracking                 
00018009  Encoder_Reset                                        
00018035  MissionManager_Pause                                 
00018061  TrackSensor_CountBlack                               
0001808d  BalanceBallControl_ResetConfig                       
000180b5  BalanceSoftLimits_CancelTravelTest                   
000180dd  DL_FlashCTL_programMemoryFromRAM64WithECCGenerated   
00018105  EmergencyStop_Enforce                                
0001812d  Magnet_ForceOff                                      
00018155  SYSCFG_DL_init                                       
0001817d  Servo_Init                                           
000181a5  __aeabi_ui2f                                         
000181a5  __floatunsisf                                        
000181cd  _c_int00_noargs                                      
000181f5  BalanceEncoder_SampleSpeed10msFromIsr                
00018219  BalancePositionControl_GetSnapshot                   
0001823d  BalanceSoftLimits_CancelOscillationTest              
00018261  GimbalStepper_GetFeedbackSnapshot                    
00018285  MissionManager_ReportExternalFailure                 
000182a9  MotorControl_Init                                    
000182cd  MotorControl_Reset                                   
000182f1  OLED_ClearBuffer                                     
00018315  __aeabi_lmul                                         
00018315  __muldi3                                             
00018339  BalanceBallControl_GetSnapshot                       
00018359  DL_Timer_overrideCCPOut                              
00018379  DebugTelemetry_Update                                
00018399  GROUP1_IRQHandler                                    
000183b9  Magnet_Init                                          
000183d9  OLED_SetCursor                                       
000183f9  SchedulerMonitor_GetStats                            
00018419  VisionReceiver_GetProtocolErrorCount                 
00018439  memcmp                                               
00018479  __aeabi_llsl                                         
00018479  __ashldi3                                            
00018499  BalanceBallControl_Disable                           
000184b5  BalanceBallControl_ForceStop                         
000184d1  DL_Timer_setCaptCompUpdateMethod                     
000184ed  DL_Timer_setClockConfig                              
00018509  HeadingControl_SetTargetYaw                          
00018525  Menu_Init                                            
00018541  MotionAction_Cancel                                  
0001855d  ObstacleMonitor_Init                                 
00018579  ObstacleSafety_Init                                  
00018595  WatchdogMonitor_NotifyControlCycleComplete           
000185cd  BalanceBallControl_GetConfig                         
000185e5  DL_FlashCTL_eraseMemoryFromRAM                       
000185fd  DL_Timer_setCaptureCompareOutCtl                     
00018615  DebugTelemetry_Init                                  
0001862d  HeadingControl_Init                                  
00018645  HeadingControl_Reset                                 
0001865d  Menu_ParamItemToString                               
00018675  MotionAction_Init                                    
0001868d  ObstacleAvoidance_Init                               
000186a5  RuntimeSnapshot_Init                                 
000186bd  __aeabi_fcmpun                                       
000186bd  __unordsf2                                           
000186d5  Fault_Clear                                          
000186e9  Fault_Init                                           
000186fd  GimbalStepper_SetStepHalfPeriodTicks                 
00018711  HeadingControl_Enable                                
00018725  MissionLibrary_GetByIndex                            
00018739  MissionManager_GetSelectedMissionId                  
0001874d  VisionUart_Init                                      
00018761  __aeabi_ldivmod                                      
00018775  __aeabi_uldivmod                                     
00018789  DL_UART_setClockConfig                               
0001879b  __TI_decompress_none                                 
000187ad  BalancePositionControl_HasFault                      
000187bd  DL_Timer_setCaptureCompareValue                      
000187cd  Gimbal_YawGetFeedback                                
000187dd  Key_GetEvent                                         
000187ed  __TI_zero_init                                       
000187fd  BalanceEncoder_GetCountAtomic                        
00018809  BalancePositionControl_IsBusy                        
00018815  BalanceSoftLimits_CancelCalibrationJog               
00018821  BalanceSoftLimits_IsCalibrationActive                
0001882d  BalanceSoftLimits_IsOscillationTestActive            
00018839  BalanceSoftLimits_IsTravelTestActive                 
00018845  CarController_GetRunMode                             
00018851  CarController_Init                                   
0001885d  CarController_IsSafetyHoldActive                     
00018869  CarState_Get                                         
00018875  CarState_Init                                        
00018881  CarState_Set                                         
0001888d  EmergencyStop_Init                                   
00018899  EmergencyStop_IsActive                               
000188a5  Imu_GetCorrectedGyroZDps                             
000188b1  Imu_GetYaw                                           
000188bd  Menu_GetPage                                         
000188c9  Menu_GetParamItem                                    
000188d5  MissionManager_IsExternallyHeld                      
000188e1  MissionManager_SetExternalHold                       
000188ed  ObstacleAvoidance_IsActive                           
000188f9  ObstacleAvoidance_IsFailed                           
00018905  ObstacleSafety_IsHolding                             
00018911  SystemTime_GetMs                                     
0001891d  WatchdogMonitor_HasTripped                           
00018929  __aeabi_memclr                                       
00018929  __aeabi_memclr4                                      
00018929  __aeabi_memclr8                                      
00018935  DL_Common_delayCycles                                
0001893f  MotionAction_Resume                                  
00018949  MotionAction_Start                                   
00018953  TrackSensor_IsCenterDetected                         
0001895d  TrackSensor_IsLineDetected                           
00018967  TrackSensor_IsLineLost                               
00018971  BalanceSoftLimits_CancelPositionMove                 
00018979  BalanceSoftLimits_IsPositionMoveActive               
00018981  BluetoothUart_GetRuntime                             
00018989  CarController_GetFeedback                            
00018991  Fault_GetRecord                                      
00018999  GimbalStepper_GetFeedback                            
000189a1  HeadingControl_GetRuntime                            
000189a9  Imu_GetRuntime                                       
000189b1  LineController_GetRuntime                            
000189b9  MissionManager_GetMissionCount                       
000189c1  MissionManager_GetRuntime                            
000189c9  MotionAction_GetRuntime                              
000189d1  MotorControl_GetRuntime                              
000189d9  ObstacleAvoidance_GetFeedback                        
000189e1  ObstacleMonitor_GetFeedback                          
000189e9  OledUi_Init                                          
000189f1  RuntimeSnapshot_Get                                  
000189f9  Servo_GetFeedback                                    
00018a01  Ultrasonic_GetFeedback                               
00018a09  VisionReceiver_GetBallPositionObservation            
00018a11  VisionReceiver_GetStatus                             
00018a19  VisionTuningConsole_GetStatus                        
00018a21  WatchdogMonitor_GetStatus                            
00018a29  WheelSpeedEstimator_GetRuntime                       
00018a31  __aeabi_memcpy                                       
00018a31  __aeabi_memcpy4                                      
00018a31  __aeabi_memcpy8                                      
00018a39  abort                                                
00018a3f  MissionLibrary_GetCount                              
00018a43  ObstacleAvoidance_IsResumeGraceActive                
00018a47  Reset_Handler                                        
00018a5d  _system_pre_init                                     
00019778  __TI_Handler_Table_Base                              
00019784  __TI_Handler_Table_Limit                             
00019794  __TI_CINIT_Base                                      
000197a4  __TI_CINIT_Limit                                     
000197a4  __TI_CINIT_Warm                                      
000197a8  __TI_table_binit                                     
000197a8  __binit__                                            
000197a8  binit                                                
0001fc00  g_balanceCalibrationReservedSector                   
20200000  __start___llvm_prf_bits                              
20200000  __start___llvm_prf_cnts                              
20200000  __stop___llvm_prf_bits                               
20200000  __stop___llvm_prf_cnts                               
20200fd0  g_appConfig                                          
202011e0  g_imuRuntime                                         
202012e0  g_appRuntime                                         
20201468  g_wheelSpeedEstimatorRuntime                         
202015f8  gUART_VISIONBackup                                   
20201744  g_headingRuntime                                     
2020192c  g_trackError                                         
2020195e  g_carStateDebug                                      
2020195f  g_keyEvent                                           
20201960  g_oledPageDebug                                      
20201961  g_paramItemDebug                                     
20201962  g_trackBlackCount                                    
20201963  g_trackModeDebug                                     
20201964  g_trackRaw                                           
20201965  g_trackTurnDebug                                     
20207e00  __stack                                              
20208000  __STACK_END                                          
ffffffff  __TI_pprof_out_hndl                                  
ffffffff  __TI_prof_data_size                                  
ffffffff  __TI_prof_data_start                                 
UNDEFED   __mpu_init                                           
UNDEFED   _system_post_cinit                                   

[399 symbols]
