******************************************************************************
            TI ARM Clang Linker PC v4.0.4                      
******************************************************************************
>> Linked Sun Jul 12 16:36:35 2026

OUTPUT FILE NAME:   <diansaikaishi.out>
ENTRY POINT SYMBOL: "_c_int00_noargs"  address: 00003855


MEMORY CONFIGURATION

         name            origin    length      used     unused   attr    fill
----------------------  --------  ---------  --------  --------  ----  --------
  FLASH                 00000000   00020000  00003fb0  0001c050  R  X
  SRAM                  20200000   00008000  0000030c  00007cf4  RW X
  BCR_CONFIG            41c00000   000000ff  00000000  000000ff  R   
  BSL_CONFIG            41c00100   00000080  00000000  00000080  R   


SEGMENT ALLOCATION MAP

run origin  load origin   length   init length attrs members
----------  ----------- ---------- ----------- ----- -------
00000000    00000000    00003fb0   00003fb0    r-x
  00000000    00000000    000000c0   000000c0    r-- .intvecs
  000000c0    000000c0    00003af0   00003af0    r-x .text
  00003bb0    00003bb0    000003e8   000003e8    r-- .rodata
  00003f98    00003f98    00000018   00000018    r-- .cinit
20200000    20200000    0000010c   00000000    rw-
  20200000    20200000    0000010c   00000000    rw- .bss
20207e00    20207e00    00000200   00000000    rw-
  20207e00    20207e00    00000200   00000000    rw- .stack


SECTION ALLOCATION MAP

 output                                  attributes/
section   page    origin      length       input sections
--------  ----  ----------  ----------   ----------------
.intvecs   0    00000000    000000c0     
                  00000000    000000c0     startup_mspm0g350x_ticlang.o (.intvecs)

.text      0    000000c0    00003af0     
                  000000c0    000004ac     oled_ui.o (.text.OledUi_Update_20ms)
                  0000056c    000003c8     car_controller.o (.text.CarController_Update_20ms)
                  00000934    000002f0     imu.o (.text.mpu6050_read_regs)
                  00000c24    000002d8     imu.o (.text.Imu_Init)
                  00000efc    00000254     oled.o (.text.OLED_Clear)
                  00001150    00000214     imu.o (.text.Imu_CalibrateGyroBias)
                  00001364    00000208     app_config.o (.text.AppConfig_LimitAll)
                  0000156c    000001cc     imu.o (.text.imu_i2c_write_byte)
                  00001738    000001b8     oled.o (.text.oled_i2c_write_byte)
                  000018f0    00000190     menu.o (.text.Menu_HandleKeyEvent)
                  00001a80    00000174     key.o (.text.Key_Update_20ms)
                  00001bf4    00000160     heading_control.o (.text.HeadingControl_Update)
                  00001d54    0000013c     oled.o (.text.OLED_PrintInt16)
                  00001e90    00000134     imu.o (.text.Imu_Update)
                  00001fc4    0000012c     imu.o (.text.imu_i2c_recover_bus)
                  000020f0    000000f8     motion_action.o (.text.MotionAction_Update_20ms)
                  000021e8    000000f4     mission_manager.o (.text.MissionManager_Update_20ms)
                  000022dc    000000f0     mission_manager.o (.text.MissionManager_SelectNext)
                  000023cc    000000dc     motion_action.o (.text.MotionAction_Start)
                  000024a8    000000d8     libclang_rt.builtins.a : addsf3.S.obj (.text)
                  00002580    000000d4     mission_manager.o (.text.MissionManager_SelectPrevious)
                  00002654    000000d4     oled.o (.text.OLED_Init)
                  00002728    000000d0     oled.o (.text.OLED_PrintChar)
                  000027f8    000000c4     car_controller.o (.text.handle_turn_90)
                  000028bc    000000b0     motor.o (.text.Motor_SetSpeed)
                  0000296c    000000a8     app.o (.text.App_Update_20ms)
                  00002a14    000000a8     ti_msp_dl_config.o (.text.SYSCFG_DL_GPIO_init)
                  00002abc    000000a2     libclang_rt.builtins.a : udivmoddi4.S.obj (.text)
                  00002b5e    00000002     startup_mspm0g350x_ticlang.o (.text.Default_Handler)
                  00002b60    00000098     app_config.o (.text.AppConfig_InitDefault)
                  00002bf8    00000098     imu.o (.text.mpu6050_write_reg)
                  00002c90    0000008c     libclang_rt.builtins.a : mulsf3.S.obj (.text.__mulsf3)
                  00002d1c    00000082                            : divsf3.S.obj (.text.__divsf3)
                  00002d9e    00000080     mission_library.o (.text.MissionLibrary_Validate)
                  00002e1e    00000002     track_sensor.o (.text.TrackSensor_Init)
                  00002e20    00000078     oled.o (.text.oled_write_command)
                  00002e98    0000006c     encoder.o (.text.Encoder_HandleGpioInterrupt)
                  00002f04    0000006c     empty.o (.text.main)
                  00002f70    00000066     track_sensor.o (.text.TrackSensor_GetErrorFromRaw)
                  00002fd6    00000002     libclang_rt.builtins.a : aeabi_div0.c.obj (.text.__aeabi_idiv0)
                  00002fd8    00000062                            : aeabi_fcmp.S.obj (.text.__aeabi_fcmp)
                  0000303a    0000005e     oled.o (.text.OLED_PrintBinary7)
                  00003098    0000005c     menu.o (.text.Menu_GetParamValue)
                  000030f4    00000056     libclang_rt.builtins.a : aeabi_idivmod.S.obj (.text.__aeabi_idivmod)
                  0000314a    00000002                            : aeabi_div0.c.obj (.text.__aeabi_ldiv0)
                  0000314c    00000054     track_sensor.o (.text.TrackSensor_ReadRaw)
                  000031a0    00000050     car_controller.o (.text.CarController_StartSeekLine)
                  000031f0    00000050     motor.o (.text.Motor_PwmTick100us)
                  00003240    00000048     mission_manager.o (.text.MissionManager_Init)
                  00003288    00000046     app.o (.text.App_Init)
                  000032ce    00000002     --HOLE-- [fill = 0]
                  000032d0    00000040     ti_msp_dl_config.o (.text.SYSCFG_DL_SYSCTL_init)
                  00003310    00000040     libclang_rt.builtins.a : aeabi_uidivmod.S.obj (.text.__aeabi_uidivmod)
                  00003350    0000003e                            : divmoddi4.c.obj (.text.__divmoddi4)
                  0000338e    00000002     --HOLE-- [fill = 0]
                  00003390    0000003c     mission_manager.o (.text.MissionManager_Start)
                  000033cc    0000003c     empty.o (.text.SysTick_Handler)
                  00003408    0000003c     libclang_rt.builtins.a : floatsisf.S.obj (.text.__floatsisf)
                  00003444    0000003c                            : comparesf2.S.obj (.text.__gtsf2)
                  00003480    0000003c     libc.a : autoinit.c.obj (.text:__TI_auto_init_nobinit_nopinit)
                  000034bc    0000003a     libclang_rt.builtins.a : comparesf2.S.obj (.text.__eqsf2)
                  000034f6    00000002     --HOLE-- [fill = 0]
                  000034f8    0000003a                            : muldsi3.S.obj (.text.__muldsi3)
                  00003532    00000002     --HOLE-- [fill = 0]
                  00003534    00000038     car_controller.o (.text.CarController_Init)
                  0000356c    00000038     car_controller.o (.text.CarController_ResetRuntime)
                  000035a4    00000038     motor.o (.text.Motor_Init)
                  000035dc    00000038     libclang_rt.builtins.a : fixsfsi.S.obj (.text.__fixsfsi)
                  00003614    00000036     track_sensor.o (.text.TrackSensor_DetectTurn)
                  0000364a    00000002     --HOLE-- [fill = 0]
                  0000364c    00000034     car_controller.o (.text.CarController_StartFollowLine)
                  00003680    00000034     oled.o (.text.OLED_SetCursor)
                  000036b4    00000032     oled.o (.text.OLED_PrintString)
                  000036e6    00000002     --HOLE-- [fill = 0]
                  000036e8    00000030     car_controller.o (.text.CarController_StartTurnRight90)
                  00003718    00000030     key.o (.text.Key_Init)
                  00003748    00000030     mission_manager.o (.text.MissionManager_Reset)
                  00003778    0000002c     car_controller.o (.text.CarController_StartTurnLeft90)
                  000037a4    0000002c     mission_manager.o (.text.MissionManager_Cancel)
                  000037d0    0000002c     motor.o (.text.Motor_Stop)
                  000037fc    0000002c     ti_msp_dl_config.o (.text.SYSCFG_DL_initPower)
                  00003828    0000002c     track_sensor.o (.text.TrackSensor_CountBlack)
                  00003854    00000028     libc.a : boot_cortex_m.c.obj (.text:_c_int00_noargs)
                  0000387c    00000024     encoder.o (.text.Encoder_Reset)
                  000038a0    00000020     car_controller.o (.text.CarController_Stop)
                  000038c0    00000020     mission_library.o (.text.MissionLibrary_FindById)
                  000038e0    00000020     mission_manager.o (.text.MissionManager_Pause)
                  00003900    00000020     mission_manager.o (.text.MissionManager_Resume)
                  00003920    00000020     mission_manager.o (.text.mission_finish_error)
                  00003940    0000001e     libclang_rt.builtins.a : ashldi3.S.obj (.text.__ashldi3)
                  0000395e    00000002     --HOLE-- [fill = 0]
                  00003960    0000001c     imu.o (.text.Imu_IsReady)
                  0000397c    00000018     car_controller.o (.text.CarController_RunModeToString)
                  00003994    00000018     heading_control.o (.text.HeadingControl_LockCurrentYaw)
                  000039ac    00000018     heading_control.o (.text.HeadingControl_SetTargetYaw)
                  000039c4    00000018     menu.o (.text.Menu_ParamItemToString)
                  000039dc    00000018     motion_action.o (.text.MotionAction_Cancel)
                  000039f4    00000016     libc.a : copy_zero_init.c.obj (.text:decompress:ZI:__TI_zero_init_nomemset)
                  00003a0a    00000002     --HOLE-- [fill = 0]
                  00003a0c    00000014     empty.o (.text.GROUP1_IRQHandler)
                  00003a20    00000014     heading_control.o (.text.HeadingControl_Enable)
                  00003a34    00000014     heading_control.o (.text.HeadingControl_Init)
                  00003a48    00000014     heading_control.o (.text.HeadingControl_Reset)
                  00003a5c    00000014     menu.o (.text.Menu_Init)
                  00003a70    00000014     mission_library.o (.text.MissionLibrary_GetByIndex)
                  00003a84    00000014     mission_manager.o (.text.MissionManager_GetSelectedMissionId)
                  00003a98    00000014     motion_action.o (.text.MotionAction_Init)
                  00003aac    00000014     libclang_rt.builtins.a : aeabi_ldivmod.S.obj (.text.__aeabi_ldivmod)
                  00003ac0    00000010     key.o (.text.Key_GetEvent)
                  00003ad0    00000010     ti_msp_dl_config.o (.text.SYSCFG_DL_init)
                  00003ae0    0000000c     car_controller.o (.text.CarController_GetRunMode)
                  00003aec    0000000c     car_state.o (.text.CarState_Get)
                  00003af8    0000000c     car_state.o (.text.CarState_Init)
                  00003b04    0000000c     car_state.o (.text.CarState_Set)
                  00003b10    0000000c     imu.o (.text.Imu_GetCorrectedGyroZDps)
                  00003b1c    0000000c     imu.o (.text.Imu_GetYaw)
                  00003b28    0000000c     imu.o (.text.Imu_ResetYaw)
                  00003b34    0000000c     menu.o (.text.Menu_GetPage)
                  00003b40    0000000c     menu.o (.text.Menu_GetParamItem)
                  00003b4c    0000000c     oled_ui.o (.text.OledUi_Init)
                  00003b58    0000000a     driverlib.a : dl_common.o (.text.DL_Common_delayCycles)
                  00003b62    0000000a     track_sensor.o (.text.TrackSensor_IsCenterDetected)
                  00003b6c    0000000a     track_sensor.o (.text.TrackSensor_IsLineLost)
                  00003b76    00000002     --HOLE-- [fill = 0]
                  00003b78    00000008     heading_control.o (.text.HeadingControl_GetRuntime)
                  00003b80    00000008     imu.o (.text.Imu_GetRuntime)
                  00003b88    00000008     mission_manager.o (.text.MissionManager_GetRuntime)
                  00003b90    00000008     motion_action.o (.text.MotionAction_GetRuntime)
                  00003b98    00000006     libc.a : exit.c.obj (.text:abort)
                  00003b9e    00000004     libsysbm.a : hostexit.c.obj (.text.HOSTexit)
                  00003ba2    00000004     mission_library.o (.text.MissionLibrary_GetCount)
                  00003ba6    00000004     startup_mspm0g350x_ticlang.o (.text.Reset_Handler)
                  00003baa    00000004     libc.a : pre_init.c.obj (.text._system_pre_init)
                  00003bae    00000002     --HOLE-- [fill = 0]

.cinit     0    00003f98    00000018     
                  00003f98    00000008     (.cinit..bss.load) [load image, compression = zero_init]
                  00003fa0    00000004     (__TI_handler_table)
                  00003fa4    00000008     (__TI_cinit_table)
                  00003fac    00000004     --HOLE-- [fill = 0]

.rodata    0    00003bb0    000003e8     
                  00003bb0    000000d8     oled.o (.rodata..Lswitch.table.OLED_PrintChar)
                  00003c88    00000078     mission_library.o (.rodata.g_missionTestSeekFollow)
                  00003d00    00000048     mission_library.o (.rodata.g_missionLegacy)
                  00003d48    00000020     mission_library.o (.rodata.g_missionRegistry)
                  00003d68    0000001c     menu.o (.rodata..Lswitch.table.Menu_ParamItemToString)
                  00003d84    00000018     oled_ui.o (.rodata..Lswitch.table.OledUi_Update_20ms.42)
                  00003d9c    00000018     oled_ui.o (.rodata..Lswitch.table.OledUi_Update_20ms)
                  00003db4    00000014     car_controller.o (.rodata..Lswitch.table.CarController_RunModeToString)
                  00003dc8    00000009     oled_ui.o (.rodata.str1.3455423528827705371.1)
                  00003dd1    00000008     mission_library.o (.rodata.str1.13636476544574750902.1)
                  00003dd9    00000007     mission_library.o (.rodata.str1.199678142196697465.1)
                  00003de0    00000007     oled_ui.o (.rodata.str1.8426569189266129334.1)
                  00003de7    00000006     oled_ui.o (.rodata.str1.1108652269057166745.1)
                  00003ded    00000006     oled_ui.o (.rodata.str1.1445687256832830955.1)
                  00003df3    00000006     oled_ui.o (.rodata.str1.15008238333949226094.1)
                  00003df9    00000006     oled_ui.o (.rodata.str1.15817398807211891688.1)
                  00003dff    00000006     oled_ui.o (.rodata.str1.16526439943277383452.1)
                  00003e05    00000006     oled_ui.o (.rodata.str1.3025253791635144717.1)
                  00003e0b    00000006     oled_ui.o (.rodata.str1.5853739094453432564.1)
                  00003e11    00000006     oled_ui.o (.rodata.str1.7219546930854689545.1)
                  00003e17    00000005     oled.o (.rodata.oled_get_glyph.colon)
                  00003e1c    00000005     oled.o (.rodata.oled_get_glyph.eight)
                  00003e21    00000005     oled.o (.rodata.oled_get_glyph.five)
                  00003e26    00000005     oled.o (.rodata.oled_get_glyph.four)
                  00003e2b    00000005     oled.o (.rodata.oled_get_glyph.glyphA)
                  00003e30    00000005     oled.o (.rodata.oled_get_glyph.glyphB)
                  00003e35    00000005     oled.o (.rodata.oled_get_glyph.glyphC)
                  00003e3a    00000005     oled.o (.rodata.oled_get_glyph.glyphD)
                  00003e3f    00000005     oled.o (.rodata.oled_get_glyph.glyphE)
                  00003e44    00000005     oled.o (.rodata.oled_get_glyph.glyphG)
                  00003e49    00000005     oled.o (.rodata.oled_get_glyph.glyphH)
                  00003e4e    00000005     oled.o (.rodata.oled_get_glyph.glyphI)
                  00003e53    00000005     oled.o (.rodata.oled_get_glyph.glyphK)
                  00003e58    00000005     oled.o (.rodata.oled_get_glyph.glyphL)
                  00003e5d    00000005     oled.o (.rodata.oled_get_glyph.glyphM)
                  00003e62    00000005     oled.o (.rodata.oled_get_glyph.glyphN)
                  00003e67    00000005     oled.o (.rodata.oled_get_glyph.glyphO)
                  00003e6c    00000005     oled.o (.rodata.oled_get_glyph.glyphP)
                  00003e71    00000005     oled.o (.rodata.oled_get_glyph.glyphR)
                  00003e76    00000005     oled.o (.rodata.oled_get_glyph.glyphS)
                  00003e7b    00000005     oled.o (.rodata.oled_get_glyph.glyphT)
                  00003e80    00000005     oled.o (.rodata.oled_get_glyph.glyphU)
                  00003e85    00000005     oled.o (.rodata.oled_get_glyph.glyphV)
                  00003e8a    00000005     oled.o (.rodata.oled_get_glyph.glyphW)
                  00003e8f    00000005     oled.o (.rodata.oled_get_glyph.glyphX)
                  00003e94    00000005     oled.o (.rodata.oled_get_glyph.glyphY)
                  00003e99    00000005     oled.o (.rodata.oled_get_glyph.glyphb)
                  00003e9e    00000005     oled.o (.rodata.oled_get_glyph.gt)
                  00003ea3    00000005     oled.o (.rodata.oled_get_glyph.minus)
                  00003ea8    00000005     oled.o (.rodata.oled_get_glyph.nine)
                  00003ead    00000005     oled.o (.rodata.oled_get_glyph.one)
                  00003eb2    00000005     oled.o (.rodata.oled_get_glyph.seven)
                  00003eb7    00000005     oled.o (.rodata.oled_get_glyph.six)
                  00003ebc    00000005     oled.o (.rodata.oled_get_glyph.space)
                  00003ec1    00000005     oled.o (.rodata.oled_get_glyph.three)
                  00003ec6    00000005     oled.o (.rodata.oled_get_glyph.two)
                  00003ecb    00000005     oled.o (.rodata.oled_get_glyph.zero)
                  00003ed0    00000005     oled_ui.o (.rodata.str1.10416366799939242409.1)
                  00003ed5    00000005     oled_ui.o (.rodata.str1.130772507669342127.1)
                  00003eda    00000005     oled_ui.o (.rodata.str1.13790669171379415506.1)
                  00003edf    00000005     oled_ui.o (.rodata.str1.14134189893851348960.1)
                  00003ee4    00000005     oled_ui.o (.rodata.str1.14556837007311414654.1)
                  00003ee9    00000005     oled_ui.o (.rodata.str1.17274519358952562110.1)
                  00003eee    00000005     oled_ui.o (.rodata.str1.17540787658903907660.1)
                  00003ef3    00000005     oled_ui.o (.rodata.str1.17884296644359297425.1)
                  00003ef8    00000005     car_controller.o (.rodata.str1.18191498530309206443.1)
                  00003efd    00000005     oled_ui.o (.rodata.str1.18266126048138325213.1)
                  00003f02    00000005     oled_ui.o (.rodata.str1.270145429241168923.1)
                  00003f07    00000005     oled_ui.o (.rodata.str1.3407221357956504873.1)
                  00003f0c    00000005     car_controller.o (.rodata.str1.4164979912472006574.1)
                  00003f11    00000005     oled_ui.o (.rodata.str1.4581472623415959594.1)
                  00003f16    00000005     menu.o (.rodata.str1.4862307748908978627.1)
                  00003f1b    00000005     oled_ui.o (.rodata.str1.8236579331345056500.1)
                  00003f20    00000005     oled_ui.o (.rodata.str1.8783421139296713095.1)
                  00003f25    00000005     oled_ui.o (.rodata.str1.9544068167406571052.1)
                  00003f2a    00000005     car_controller.o (.rodata.str1.9981487771679760427.1)
                  00003f2f    00000004     oled_ui.o (.rodata.str1.11232419324784801130.1)
                  00003f33    00000004     menu.o (.rodata.str1.12110183915172842339.1)
                  00003f37    00000004     car_controller.o (.rodata.str1.12442237994239546032.1)
                  00003f3b    00000004     menu.o (.rodata.str1.13124720451672825294.1)
                  00003f3f    00000004     oled_ui.o (.rodata.str1.13244290092665904221.1)
                  00003f43    00000004     oled_ui.o (.rodata.str1.13567883086814673087.1)
                  00003f47    00000004     oled_ui.o (.rodata.str1.13882251010780863896.1)
                  00003f4b    00000004     menu.o (.rodata.str1.14098755746347272832.1)
                  00003f4f    00000004     oled_ui.o (.rodata.str1.14358698208395374265.1)
                  00003f53    00000004     oled_ui.o (.rodata.str1.15917848551323629232.1)
                  00003f57    00000004     menu.o (.rodata.str1.16312125044762562515.1)
                  00003f5b    00000004     oled_ui.o (.rodata.str1.16849766574302683489.1)
                  00003f5f    00000004     oled_ui.o (.rodata.str1.16931641404301806744.1)
                  00003f63    00000004     menu.o (.rodata.str1.17041139162815566052.1)
                  00003f67    00000004     car_controller.o (.rodata.str1.17172356789460551389.1)
                  00003f6b    00000004     oled_ui.o (.rodata.str1.17812014771544466701.1)
                  00003f6f    00000004     oled_ui.o (.rodata.str1.3702290527496711532.1)
                  00003f73    00000004     oled_ui.o (.rodata.str1.4402311448527872260.1)
                  00003f77    00000004     oled_ui.o (.rodata.str1.5965450730569173784.1)
                  00003f7b    00000004     car_controller.o (.rodata.str1.9234375891235759983.1)
                  00003f7f    00000004     oled_ui.o (.rodata.str1.967006512144173535.1)
                  00003f83    00000003     oled_ui.o (.rodata.str1.1019225241002246410.1)
                  00003f86    00000003     oled_ui.o (.rodata.str1.2308938766145545715.1)
                  00003f89    00000003     menu.o (.rodata.str1.4646809750356241979.1)
                  00003f8c    00000003     menu.o (.rodata.str1.6857549598058878762.1)
                  00003f8f    00000003     oled_ui.o (.rodata.str1.9159586779647977165.1)
                  00003f92    00000003     oled_ui.o (.rodata.str1.9854382722193312766.1)
                  00003f95    00000003     --HOLE-- [fill = 0]

.init_array 
*          0    00000000    00000000     UNINITIALIZED

.binit     0    00000000    00000000     

.bss       0    20200000    0000010c     UNINITIALIZED
                  20200000    0000004c     (.common:g_appConfig)
                  2020004c    00000028     (.common:g_appRuntime)
                  20200074    00000028     (.common:g_imuRuntime)
                  2020009c    0000001c     mission_manager.o (.bss.g_missionRuntime)
                  202000b8    00000014     (.common:g_headingRuntime)
                  202000cc    00000010     motion_action.o (.bss.g_motionActionRuntime)
                  202000dc    00000006     key.o (.bss.g_key1)
                  202000e2    00000006     key.o (.bss.g_key2)
                  202000e8    00000006     key.o (.bss.g_key3)
                  202000ee    00000002     (.common:g_trackError)
                  202000f0    00000004     encoder.o (.bss.g_motorAPulses)
                  202000f4    00000004     encoder.o (.bss.g_motorBPulses)
                  202000f8    00000001     oled_ui.o (.bss.OledUi_Update_20ms.refreshDivider)
                  202000f9    00000001     empty.o (.bss.SysTick_Handler.controlMsCount)
                  202000fa    00000001     empty.o (.bss.SysTick_Handler.tick100usCount)
                  202000fb    00000001     empty.o (.bss.g_appUpdateDue)
                  202000fc    00000001     car_state.o (.bss.g_carState)
                  202000fd    00000001     motor.o (.bss.g_motorADutyLevel)
                  202000fe    00000001     motor.o (.bss.g_motorBDutyLevel)
                  202000ff    00000001     oled.o (.bss.g_oledColumn)
                  20200100    00000001     menu.o (.bss.g_oledPage)
                  20200101    00000001     menu.o (.bss.g_paramItem)
                  20200102    00000001     key.o (.bss.g_pendingEvent)
                  20200103    00000001     motor.o (.bss.g_pwmPhase)
                  20200104    00000001     (.common:g_carStateDebug)
                  20200105    00000001     (.common:g_keyEvent)
                  20200106    00000001     (.common:g_oledPageDebug)
                  20200107    00000001     (.common:g_paramItemDebug)
                  20200108    00000001     (.common:g_trackBlackCount)
                  20200109    00000001     (.common:g_trackModeDebug)
                  2020010a    00000001     (.common:g_trackRaw)
                  2020010b    00000001     (.common:g_trackTurnDebug)

.stack     0    20207e00    00000200     UNINITIALIZED
                  20207e00    00000004     libc.a : boot_cortex_m.c.obj (.stack)
                  20207e04    000001fc     --HOLE--

__llvm_prf_cnts 
*          0    20200000    00000000     UNINITIALIZED

__llvm_prf_bits 
*          0    20200000    00000000     UNINITIALIZED

MODULE SUMMARY

       Module                         code    ro data   rw data
       ------                         ----    -------   -------
    .\
       imu.o                          3304    0         40     
       oled.o                         2088    401       1      
       car_controller.o               1568    47        40     
       oled_ui.o                      1208    251       1      
       mission_manager.o              1044    0         28     
       app_config.o                   672     0         76     
       menu.o                         560     59        2      
       motion_action.o                520     0         16     
       heading_control.o              468     0         20     
       key.o                          436     0         19     
       mission_library.o              184     239       0      
       motor.o                        356     0         3      
       track_sensor.o                 306     0         0      
       ti_msp_dl_config.o             292     0         0      
       app.o                          238     0         10     
       startup_mspm0g350x_ticlang.o   6       192       0      
       empty.o                        188     0         3      
       encoder.o                      144     0         8      
       car_state.o                    36      0         1      
    +--+------------------------------+-------+---------+---------+
       Total:                         13618   1189      268    
                                                               
    C:/TI/mspm0_sdk_2_05_01_00/source/ti/driverlib/lib/ticlang/m0p/mspm0g1x0x_g3x0x/driverlib.a
       dl_common.o                    10      0         0      
    +--+------------------------------+-------+---------+---------+
       Total:                         10      0         0      
                                                               
    D:\TI\CCS\ccs\tools\compiler\ti-cgt-armllvm_4.0.4.LTS\lib\armv6m-ti-none-eabi/c/libc.a
       autoinit.c.obj                 60      0         0      
       boot_cortex_m.c.obj            40      0         0      
       copy_zero_init.c.obj           22      0         0      
       exit.c.obj                     6       0         0      
       pre_init.c.obj                 4       0         0      
    +--+------------------------------+-------+---------+---------+
       Total:                         132     0         0      
                                                               
    D:\TI\CCS\ccs\tools\compiler\ti-cgt-armllvm_4.0.4.LTS\lib\armv6m-ti-none-eabi/c/libsysbm.a
       hostexit.c.obj                 4       0         0      
    +--+------------------------------+-------+---------+---------+
       Total:                         4       0         0      
                                                               
    D:\TI\CCS\ccs\tools\compiler\ti-cgt-armllvm_4.0.4.LTS\lib\armv6m-ti-none-eabi/libclang_rt.builtins.a
       addsf3.S.obj                   216     0         0      
       udivmoddi4.S.obj               162     0         0      
       mulsf3.S.obj                   140     0         0      
       divsf3.S.obj                   130     0         0      
       comparesf2.S.obj               118     0         0      
       aeabi_fcmp.S.obj               98      0         0      
       aeabi_idivmod.S.obj            86      0         0      
       aeabi_uidivmod.S.obj           64      0         0      
       divmoddi4.c.obj                62      0         0      
       floatsisf.S.obj                60      0         0      
       muldsi3.S.obj                  58      0         0      
       fixsfsi.S.obj                  56      0         0      
       ashldi3.S.obj                  30      0         0      
       aeabi_ldivmod.S.obj            20      0         0      
       aeabi_div0.c.obj               4       0         0      
    +--+------------------------------+-------+---------+---------+
       Total:                         1304    0         0      
                                                               
       Stack:                         0       0         512    
       Linker Generated:              0       20        0      
    +--+------------------------------+-------+---------+---------+
       Grand Total:                   15068   1209      780    


LINKER GENERATED COPY TABLES

__TI_cinit_table @ 00003fa4 records: 1, size/record: 8, table size: 8
	.bss: load addr=00003f98, load size=00000008 bytes, run addr=20200000, run size=0000010c bytes, compression=zero_init


LINKER GENERATED HANDLER TABLE

__TI_handler_table @ 00003fa0 records: 1, size/record: 4, table size: 4
	index: 0, handler: __TI_zero_init


GLOBAL SYMBOLS: SORTED ALPHABETICALLY BY Name 

address   name                               
-------   ----                               
00002b5f  ADC0_IRQHandler                    
00002b5f  ADC1_IRQHandler                    
00002b5f  AES_IRQHandler                     
00002b61  AppConfig_InitDefault              
00001365  AppConfig_LimitAll                 
00003289  App_Init                           
0000296d  App_Update_20ms                    
00003b9e  C$$EXIT                            
00002b5f  CANFD0_IRQHandler                  
00003ae1  CarController_GetRunMode           
00003535  CarController_Init                 
0000356d  CarController_ResetRuntime         
0000397d  CarController_RunModeToString      
0000364d  CarController_StartFollowLine      
000031a1  CarController_StartSeekLine        
00003779  CarController_StartTurnLeft90      
000036e9  CarController_StartTurnRight90     
000038a1  CarController_Stop                 
0000056d  CarController_Update_20ms          
00003aed  CarState_Get                       
00003af9  CarState_Init                      
00003b05  CarState_Set                       
00002b5f  DAC0_IRQHandler                    
00003b59  DL_Common_delayCycles              
00002b5f  DMA_IRQHandler                     
00002b5f  Default_Handler                    
00002e99  Encoder_HandleGpioInterrupt        
0000387d  Encoder_Reset                      
00002b5f  GROUP0_IRQHandler                  
00003a0d  GROUP1_IRQHandler                  
00003b9f  HOSTexit                           
00002b5f  HardFault_Handler                  
00003a21  HeadingControl_Enable              
00003b79  HeadingControl_GetRuntime          
00003a35  HeadingControl_Init                
00003995  HeadingControl_LockCurrentYaw      
00003a49  HeadingControl_Reset               
000039ad  HeadingControl_SetTargetYaw        
00001bf5  HeadingControl_Update              
00002b5f  I2C0_IRQHandler                    
00002b5f  I2C1_IRQHandler                    
00001151  Imu_CalibrateGyroBias              
00003b11  Imu_GetCorrectedGyroZDps           
00003b81  Imu_GetRuntime                     
00003b1d  Imu_GetYaw                         
00000c25  Imu_Init                           
00003961  Imu_IsReady                        
00003b29  Imu_ResetYaw                       
00001e91  Imu_Update                         
00003ac1  Key_GetEvent                       
00003719  Key_Init                           
00001a81  Key_Update_20ms                    
00003b35  Menu_GetPage                       
00003b41  Menu_GetParamItem                  
00003099  Menu_GetParamValue                 
000018f1  Menu_HandleKeyEvent                
00003a5d  Menu_Init                          
000039c5  Menu_ParamItemToString             
000038c1  MissionLibrary_FindById            
00003a71  MissionLibrary_GetByIndex          
00003ba3  MissionLibrary_GetCount            
00002d9f  MissionLibrary_Validate            
000037a5  MissionManager_Cancel              
00003b89  MissionManager_GetRuntime          
00003a85  MissionManager_GetSelectedMissionId
00003241  MissionManager_Init                
000038e1  MissionManager_Pause               
00003749  MissionManager_Reset               
00003901  MissionManager_Resume              
000022dd  MissionManager_SelectNext          
00002581  MissionManager_SelectPrevious      
00003391  MissionManager_Start               
000021e9  MissionManager_Update_20ms         
000039dd  MotionAction_Cancel                
00003b91  MotionAction_GetRuntime            
00003a99  MotionAction_Init                  
000023cd  MotionAction_Start                 
000020f1  MotionAction_Update_20ms           
000035a5  Motor_Init                         
000031f1  Motor_PwmTick100us                 
000028bd  Motor_SetSpeed                     
000037d1  Motor_Stop                         
00002b5f  NMI_Handler                        
00000efd  OLED_Clear                         
00002655  OLED_Init                          
0000303b  OLED_PrintBinary7                  
00002729  OLED_PrintChar                     
00001d55  OLED_PrintInt16                    
000036b5  OLED_PrintString                   
00003681  OLED_SetCursor                     
00003b4d  OledUi_Init                        
000000c1  OledUi_Update_20ms                 
00002b5f  PendSV_Handler                     
00002b5f  RTC_IRQHandler                     
00003ba7  Reset_Handler                      
00002b5f  SPI0_IRQHandler                    
00002b5f  SPI1_IRQHandler                    
00002b5f  SVC_Handler                        
00002a15  SYSCFG_DL_GPIO_init                
000032d1  SYSCFG_DL_SYSCTL_init              
00003ad1  SYSCFG_DL_init                     
000037fd  SYSCFG_DL_initPower                
000033cd  SysTick_Handler                    
00002b5f  TIMA0_IRQHandler                   
00002b5f  TIMA1_IRQHandler                   
00002b5f  TIMG0_IRQHandler                   
00002b5f  TIMG12_IRQHandler                  
00002b5f  TIMG6_IRQHandler                   
00002b5f  TIMG7_IRQHandler                   
00002b5f  TIMG8_IRQHandler                   
00003829  TrackSensor_CountBlack             
00003615  TrackSensor_DetectTurn             
00002f71  TrackSensor_GetErrorFromRaw        
00002e1f  TrackSensor_Init                   
00003b63  TrackSensor_IsCenterDetected       
00003b6d  TrackSensor_IsLineLost             
0000314d  TrackSensor_ReadRaw                
00002b5f  UART0_IRQHandler                   
00002b5f  UART1_IRQHandler                   
00002b5f  UART2_IRQHandler                   
00002b5f  UART3_IRQHandler                   
20208000  __STACK_END                        
00000200  __STACK_SIZE                       
00000000  __TI_ATRegion0_region_sz           
00000000  __TI_ATRegion0_src_addr            
00000000  __TI_ATRegion0_trg_addr            
00000000  __TI_ATRegion1_region_sz           
00000000  __TI_ATRegion1_src_addr            
00000000  __TI_ATRegion1_trg_addr            
00000000  __TI_ATRegion2_region_sz           
00000000  __TI_ATRegion2_src_addr            
00000000  __TI_ATRegion2_trg_addr            
00003fa4  __TI_CINIT_Base                    
00003fac  __TI_CINIT_Limit                   
00003fac  __TI_CINIT_Warm                    
00003fa0  __TI_Handler_Table_Base            
00003fa4  __TI_Handler_Table_Limit           
00003481  __TI_auto_init_nobinit_nopinit     
ffffffff  __TI_pprof_out_hndl                
ffffffff  __TI_prof_data_size                
ffffffff  __TI_prof_data_start               
00000000  __TI_static_base__                 
000039f5  __TI_zero_init_nomemset            
000024b3  __addsf3                           
000035dd  __aeabi_f2iz                       
000024b3  __aeabi_fadd                       
00002fd9  __aeabi_fcmpeq                     
00003015  __aeabi_fcmpge                     
00003029  __aeabi_fcmpgt                     
00003001  __aeabi_fcmple                     
00002fed  __aeabi_fcmplt                     
00002d1d  __aeabi_fdiv                       
00002c91  __aeabi_fmul                       
000024a9  __aeabi_fsub                       
00003409  __aeabi_i2f                        
000030f5  __aeabi_idiv                       
00002fd7  __aeabi_idiv0                      
000030f5  __aeabi_idivmod                    
0000314b  __aeabi_ldiv0                      
00003aad  __aeabi_ldivmod                    
00003941  __aeabi_llsl                       
00003311  __aeabi_uidiv                      
00003311  __aeabi_uidivmod                   
00003941  __ashldi3                          
ffffffff  __binit__                          
000034bd  __cmpsf2                           
00003351  __divmoddi4                        
00002d1d  __divsf3                           
000034bd  __eqsf2                            
000035dd  __fixsfsi                          
00003409  __floatsisf                        
00003445  __gesf2                            
00003445  __gtsf2                            
000034bd  __lesf2                            
000034bd  __ltsf2                            
UNDEFED   __mpu_init                         
000034f9  __muldsi3                          
00002c91  __mulsf3                           
000034bd  __nesf2                            
20207e00  __stack                            
20200000  __start___llvm_prf_bits            
20200000  __start___llvm_prf_cnts            
20200000  __stop___llvm_prf_bits             
20200000  __stop___llvm_prf_cnts             
000024a9  __subsf3                           
00002abd  __udivmoddi4                       
00003855  _c_int00_noargs                    
UNDEFED   _system_post_cinit                 
00003bab  _system_pre_init                   
00003b99  abort                              
ffffffff  binit                              
20200000  g_appConfig                        
2020004c  g_appRuntime                       
20200104  g_carStateDebug                    
202000b8  g_headingRuntime                   
20200074  g_imuRuntime                       
20200105  g_keyEvent                         
20200106  g_oledPageDebug                    
20200107  g_paramItemDebug                   
20200108  g_trackBlackCount                  
202000ee  g_trackError                       
20200109  g_trackModeDebug                   
2020010a  g_trackRaw                         
2020010b  g_trackTurnDebug                   
00000000  interruptVectors                   
00002f05  main                               


GLOBAL SYMBOLS: SORTED BY Symbol Address 

address   name                               
-------   ----                               
00000000  __TI_ATRegion0_region_sz           
00000000  __TI_ATRegion0_src_addr            
00000000  __TI_ATRegion0_trg_addr            
00000000  __TI_ATRegion1_region_sz           
00000000  __TI_ATRegion1_src_addr            
00000000  __TI_ATRegion1_trg_addr            
00000000  __TI_ATRegion2_region_sz           
00000000  __TI_ATRegion2_src_addr            
00000000  __TI_ATRegion2_trg_addr            
00000000  __TI_static_base__                 
00000000  interruptVectors                   
000000c1  OledUi_Update_20ms                 
00000200  __STACK_SIZE                       
0000056d  CarController_Update_20ms          
00000c25  Imu_Init                           
00000efd  OLED_Clear                         
00001151  Imu_CalibrateGyroBias              
00001365  AppConfig_LimitAll                 
000018f1  Menu_HandleKeyEvent                
00001a81  Key_Update_20ms                    
00001bf5  HeadingControl_Update              
00001d55  OLED_PrintInt16                    
00001e91  Imu_Update                         
000020f1  MotionAction_Update_20ms           
000021e9  MissionManager_Update_20ms         
000022dd  MissionManager_SelectNext          
000023cd  MotionAction_Start                 
000024a9  __aeabi_fsub                       
000024a9  __subsf3                           
000024b3  __addsf3                           
000024b3  __aeabi_fadd                       
00002581  MissionManager_SelectPrevious      
00002655  OLED_Init                          
00002729  OLED_PrintChar                     
000028bd  Motor_SetSpeed                     
0000296d  App_Update_20ms                    
00002a15  SYSCFG_DL_GPIO_init                
00002abd  __udivmoddi4                       
00002b5f  ADC0_IRQHandler                    
00002b5f  ADC1_IRQHandler                    
00002b5f  AES_IRQHandler                     
00002b5f  CANFD0_IRQHandler                  
00002b5f  DAC0_IRQHandler                    
00002b5f  DMA_IRQHandler                     
00002b5f  Default_Handler                    
00002b5f  GROUP0_IRQHandler                  
00002b5f  HardFault_Handler                  
00002b5f  I2C0_IRQHandler                    
00002b5f  I2C1_IRQHandler                    
00002b5f  NMI_Handler                        
00002b5f  PendSV_Handler                     
00002b5f  RTC_IRQHandler                     
00002b5f  SPI0_IRQHandler                    
00002b5f  SPI1_IRQHandler                    
00002b5f  SVC_Handler                        
00002b5f  TIMA0_IRQHandler                   
00002b5f  TIMA1_IRQHandler                   
00002b5f  TIMG0_IRQHandler                   
00002b5f  TIMG12_IRQHandler                  
00002b5f  TIMG6_IRQHandler                   
00002b5f  TIMG7_IRQHandler                   
00002b5f  TIMG8_IRQHandler                   
00002b5f  UART0_IRQHandler                   
00002b5f  UART1_IRQHandler                   
00002b5f  UART2_IRQHandler                   
00002b5f  UART3_IRQHandler                   
00002b61  AppConfig_InitDefault              
00002c91  __aeabi_fmul                       
00002c91  __mulsf3                           
00002d1d  __aeabi_fdiv                       
00002d1d  __divsf3                           
00002d9f  MissionLibrary_Validate            
00002e1f  TrackSensor_Init                   
00002e99  Encoder_HandleGpioInterrupt        
00002f05  main                               
00002f71  TrackSensor_GetErrorFromRaw        
00002fd7  __aeabi_idiv0                      
00002fd9  __aeabi_fcmpeq                     
00002fed  __aeabi_fcmplt                     
00003001  __aeabi_fcmple                     
00003015  __aeabi_fcmpge                     
00003029  __aeabi_fcmpgt                     
0000303b  OLED_PrintBinary7                  
00003099  Menu_GetParamValue                 
000030f5  __aeabi_idiv                       
000030f5  __aeabi_idivmod                    
0000314b  __aeabi_ldiv0                      
0000314d  TrackSensor_ReadRaw                
000031a1  CarController_StartSeekLine        
000031f1  Motor_PwmTick100us                 
00003241  MissionManager_Init                
00003289  App_Init                           
000032d1  SYSCFG_DL_SYSCTL_init              
00003311  __aeabi_uidiv                      
00003311  __aeabi_uidivmod                   
00003351  __divmoddi4                        
00003391  MissionManager_Start               
000033cd  SysTick_Handler                    
00003409  __aeabi_i2f                        
00003409  __floatsisf                        
00003445  __gesf2                            
00003445  __gtsf2                            
00003481  __TI_auto_init_nobinit_nopinit     
000034bd  __cmpsf2                           
000034bd  __eqsf2                            
000034bd  __lesf2                            
000034bd  __ltsf2                            
000034bd  __nesf2                            
000034f9  __muldsi3                          
00003535  CarController_Init                 
0000356d  CarController_ResetRuntime         
000035a5  Motor_Init                         
000035dd  __aeabi_f2iz                       
000035dd  __fixsfsi                          
00003615  TrackSensor_DetectTurn             
0000364d  CarController_StartFollowLine      
00003681  OLED_SetCursor                     
000036b5  OLED_PrintString                   
000036e9  CarController_StartTurnRight90     
00003719  Key_Init                           
00003749  MissionManager_Reset               
00003779  CarController_StartTurnLeft90      
000037a5  MissionManager_Cancel              
000037d1  Motor_Stop                         
000037fd  SYSCFG_DL_initPower                
00003829  TrackSensor_CountBlack             
00003855  _c_int00_noargs                    
0000387d  Encoder_Reset                      
000038a1  CarController_Stop                 
000038c1  MissionLibrary_FindById            
000038e1  MissionManager_Pause               
00003901  MissionManager_Resume              
00003941  __aeabi_llsl                       
00003941  __ashldi3                          
00003961  Imu_IsReady                        
0000397d  CarController_RunModeToString      
00003995  HeadingControl_LockCurrentYaw      
000039ad  HeadingControl_SetTargetYaw        
000039c5  Menu_ParamItemToString             
000039dd  MotionAction_Cancel                
000039f5  __TI_zero_init_nomemset            
00003a0d  GROUP1_IRQHandler                  
00003a21  HeadingControl_Enable              
00003a35  HeadingControl_Init                
00003a49  HeadingControl_Reset               
00003a5d  Menu_Init                          
00003a71  MissionLibrary_GetByIndex          
00003a85  MissionManager_GetSelectedMissionId
00003a99  MotionAction_Init                  
00003aad  __aeabi_ldivmod                    
00003ac1  Key_GetEvent                       
00003ad1  SYSCFG_DL_init                     
00003ae1  CarController_GetRunMode           
00003aed  CarState_Get                       
00003af9  CarState_Init                      
00003b05  CarState_Set                       
00003b11  Imu_GetCorrectedGyroZDps           
00003b1d  Imu_GetYaw                         
00003b29  Imu_ResetYaw                       
00003b35  Menu_GetPage                       
00003b41  Menu_GetParamItem                  
00003b4d  OledUi_Init                        
00003b59  DL_Common_delayCycles              
00003b63  TrackSensor_IsCenterDetected       
00003b6d  TrackSensor_IsLineLost             
00003b79  HeadingControl_GetRuntime          
00003b81  Imu_GetRuntime                     
00003b89  MissionManager_GetRuntime          
00003b91  MotionAction_GetRuntime            
00003b99  abort                              
00003b9e  C$$EXIT                            
00003b9f  HOSTexit                           
00003ba3  MissionLibrary_GetCount            
00003ba7  Reset_Handler                      
00003bab  _system_pre_init                   
00003fa0  __TI_Handler_Table_Base            
00003fa4  __TI_CINIT_Base                    
00003fa4  __TI_Handler_Table_Limit           
00003fac  __TI_CINIT_Limit                   
00003fac  __TI_CINIT_Warm                    
20200000  __start___llvm_prf_bits            
20200000  __start___llvm_prf_cnts            
20200000  __stop___llvm_prf_bits             
20200000  __stop___llvm_prf_cnts             
20200000  g_appConfig                        
2020004c  g_appRuntime                       
20200074  g_imuRuntime                       
202000b8  g_headingRuntime                   
202000ee  g_trackError                       
20200104  g_carStateDebug                    
20200105  g_keyEvent                         
20200106  g_oledPageDebug                    
20200107  g_paramItemDebug                   
20200108  g_trackBlackCount                  
20200109  g_trackModeDebug                   
2020010a  g_trackRaw                         
2020010b  g_trackTurnDebug                   
20207e00  __stack                            
20208000  __STACK_END                        
ffffffff  __TI_pprof_out_hndl                
ffffffff  __TI_prof_data_size                
ffffffff  __TI_prof_data_start               
ffffffff  __binit__                          
ffffffff  binit                              
UNDEFED   __mpu_init                         
UNDEFED   _system_post_cinit                 

[206 symbols]
