******************************************************************************
            TI ARM Clang Linker PC v4.0.4                      
******************************************************************************
>> Linked Mon Jul 13 03:50:40 2026

OUTPUT FILE NAME:   <diansaikaishi.out>
ENTRY POINT SYMBOL: "_c_int00_noargs"  address: 000041e5


MEMORY CONFIGURATION

         name            origin    length      used     unused   attr    fill
----------------------  --------  ---------  --------  --------  ----  --------
  FLASH                 00000000   00020000  00004dd0  0001b230  R  X
  SRAM                  20200000   00008000  00000350  00007cb0  RW X
  BCR_CONFIG            41c00000   000000ff  00000000  000000ff  R   
  BSL_CONFIG            41c00100   00000080  00000000  00000080  R   


SEGMENT ALLOCATION MAP

run origin  load origin   length   init length attrs members
----------  ----------- ---------- ----------- ----- -------
00000000    00000000    00004dd0   00004dd0    r-x
  00000000    00000000    000000c0   000000c0    r-- .intvecs
  000000c0    000000c0    00004500   00004500    r-x .text
  000045c0    000045c0    000007e0   000007e0    r-- .rodata
  00004da0    00004da0    00000030   00000030    r-- .cinit
20200000    20200000    00000150   00000000    rw-
  20200000    20200000    0000014f   00000000    rw- .bss
  2020014f    2020014f    00000001   00000000    rw- .data
20207e00    20207e00    00000200   00000000    rw-
  20207e00    20207e00    00000200   00000000    rw- .stack


SECTION ALLOCATION MAP

 output                                  attributes/
section   page    origin      length       input sections
--------  ----  ----------  ----------   ----------------
.intvecs   0    00000000    000000c0     
                  00000000    000000c0     startup_mspm0g350x_ticlang.o (.intvecs)

.text      0    000000c0    00004500     
                  000000c0    00000554     oled_ui.o (.text.OledUi_Update_20ms)
                  00000614    000004a8     car_controller.o (.text.CarController_Update_20ms)
                  00000abc    000002f0     imu.o (.text.mpu6050_read_regs)
                  00000dac    000002d8     imu.o (.text.Imu_Init)
                  00001084    00000254     oled.o (.text.OLED_Clear)
                  000012d8    00000224     app_config.o (.text.AppConfig_LimitAll)
                  000014fc    00000214     imu.o (.text.Imu_CalibrateGyroBias)
                  00001710    000001cc     imu.o (.text.imu_i2c_write_byte)
                  000018dc    000001b8     oled.o (.text.oled_i2c_write_byte)
                  00001a94    000001a0     menu.o (.text.Menu_HandleKeyEvent)
                  00001c34    000001a0     ultrasonic.o (.text.Ultrasonic_Tick100us)
                  00001dd4    00000174     key.o (.text.Key_Update_20ms)
                  00001f48    00000160     heading_control.o (.text.HeadingControl_Update)
                  000020a8    0000013c     oled.o (.text.OLED_PrintInt16)
                  000021e4    00000134     imu.o (.text.Imu_Update)
                  00002318    0000012c     imu.o (.text.imu_i2c_recover_bus)
                  00002444    0000011c     motion_action.o (.text.MotionAction_Update_20ms)
                  00002560    000000f8     mission_manager.o (.text.MissionManager_Update_20ms)
                  00002658    000000f0     mission_manager.o (.text.MissionManager_SelectNext)
                  00002748    000000ec     car_controller.o (.text.handle_turn_90)
                  00002834    000000e8     motion_action.o (.text.MotionAction_Start)
                  0000291c    000000d8     mission_manager.o (.text.MissionManager_SelectPrevious)
                  000029f4    000000d8     libclang_rt.builtins.a : addsf3.S.obj (.text)
                  00002acc    000000d4     oled.o (.text.OLED_Init)
                  00002ba0    000000d0     oled.o (.text.OLED_PrintChar)
                  00002c70    000000c0     app.o (.text.App_Update_20ms)
                  00002d30    000000b0     motor.o (.text.Motor_SetSpeed)
                  00002de0    000000b0     ti_msp_dl_config.o (.text.SYSCFG_DL_GPIO_init)
                  00002e90    000000a2     libclang_rt.builtins.a : udivmoddi4.S.obj (.text)
                  00002f32    00000002     startup_mspm0g350x_ticlang.o (.text.Default_Handler)
                  00002f34    0000009c     app_config.o (.text.AppConfig_InitDefault)
                  00002fd0    0000009a     libc.a : memcpy16.S.obj (.text:memcpy)
                  0000306a    00000002     track_sensor.o (.text.TrackSensor_Init)
                  0000306c    00000098     imu.o (.text.mpu6050_write_reg)
                  00003104    00000090     car_controller.o (.text.CarController_StartSeekLine)
                  00003194    0000008c     libclang_rt.builtins.a : mulsf3.S.obj (.text.__mulsf3)
                  00003220    00000082                            : divsf3.S.obj (.text.__divsf3)
                  000032a2    00000080     mission_library.o (.text.MissionLibrary_Validate)
                  00003322    00000002     libclang_rt.builtins.a : aeabi_div0.c.obj (.text.__aeabi_idiv0)
                  00003324    0000007c     libc.a : copy_decompress_lzss.c.obj (.text:decompress:lzss)
                  000033a0    00000078     car_controller.o (.text.CarController_StartFollowLine)
                  00003418    00000078     oled.o (.text.oled_write_command)
                  00003490    00000074     car_controller.o (.text.CarController_Init)
                  00003504    00000074     car_controller.o (.text.CarController_ResetRuntime)
                  00003578    0000006e     track_sensor.o (.text.TrackSensor_DetectTurn)
                  000035e6    00000002     libclang_rt.builtins.a : aeabi_div0.c.obj (.text.__aeabi_ldiv0)
                  000035e8    0000006c     car_controller.o (.text.CarController_StartTurnLeft90)
                  00003654    0000006c     car_controller.o (.text.CarController_StartTurnRight90)
                  000036c0    0000006c     encoder.o (.text.Encoder_HandleGpioInterrupt)
                  0000372c    0000006c     empty.o (.text.main)
                  00003798    00000068     mission_manager.o (.text.MissionManager_GetSelectedMissionIndex)
                  00003800    00000068     obstacle_monitor.o (.text.ObstacleMonitor_Update_20ms)
                  00003868    00000066     track_sensor.o (.text.TrackSensor_GetErrorFromRaw)
                  000038ce    00000002     --HOLE-- [fill = 0]
                  000038d0    00000062     libclang_rt.builtins.a : aeabi_fcmp.S.obj (.text.__aeabi_fcmp)
                  00003932    00000002     --HOLE-- [fill = 0]
                  00003934    00000060     menu.o (.text.Menu_GetParamValue)
                  00003994    0000005e     oled.o (.text.OLED_PrintBinary7)
                  000039f2    00000002     --HOLE-- [fill = 0]
                  000039f4    0000005c     ultrasonic.o (.text.Ultrasonic_Update_20ms)
                  00003a50    00000056     app.o (.text.App_Init)
                  00003aa6    00000002     --HOLE-- [fill = 0]
                  00003aa8    00000056     libclang_rt.builtins.a : aeabi_idivmod.S.obj (.text.__aeabi_idivmod)
                  00003afe    00000002     --HOLE-- [fill = 0]
                  00003b00    00000054     obstacle_safety.o (.text.ObstacleSafety_Update_20ms)
                  00003b54    00000054     track_sensor.o (.text.TrackSensor_ReadRaw)
                  00003ba8    00000050     car_controller.o (.text.CarController_SetSafetyHold)
                  00003bf8    00000050     motor.o (.text.Motor_PwmTick100us)
                  00003c48    00000050     ultrasonic.o (.text.Ultrasonic_Init)
                  00003c98    00000048     mission_manager.o (.text.MissionManager_Init)
                  00003ce0    00000044     servo.o (.text.Servo_Tick100us)
                  00003d24    00000044     empty.o (.text.SysTick_Handler)
                  00003d68    00000040     mission_manager.o (.text.MissionManager_Start)
                  00003da8    00000040     ti_msp_dl_config.o (.text.SYSCFG_DL_SYSCTL_init)
                  00003de8    00000040     libclang_rt.builtins.a : aeabi_uidivmod.S.obj (.text.__aeabi_uidivmod)
                  00003e28    0000003e                            : divmoddi4.c.obj (.text.__divmoddi4)
                  00003e66    00000002     --HOLE-- [fill = 0]
                  00003e68    0000003c     servo.o (.text.Servo_SetAngleDeg)
                  00003ea4    0000003c     libclang_rt.builtins.a : floatsisf.S.obj (.text.__floatsisf)
                  00003ee0    0000003c                            : comparesf2.S.obj (.text.__gtsf2)
                  00003f1c    0000003c     libc.a : autoinit.c.obj (.text:__TI_auto_init_nobinit_nopinit)
                  00003f58    0000003a     libclang_rt.builtins.a : comparesf2.S.obj (.text.__eqsf2)
                  00003f92    00000002     --HOLE-- [fill = 0]
                  00003f94    0000003a                            : muldsi3.S.obj (.text.__muldsi3)
                  00003fce    00000002     --HOLE-- [fill = 0]
                  00003fd0    00000038     motor.o (.text.Motor_Init)
                  00004008    00000038     libclang_rt.builtins.a : fixsfsi.S.obj (.text.__fixsfsi)
                  00004040    00000034     oled.o (.text.OLED_SetCursor)
                  00004074    00000032     oled.o (.text.OLED_PrintString)
                  000040a6    00000002     --HOLE-- [fill = 0]
                  000040a8    00000030     key.o (.text.Key_Init)
                  000040d8    00000030     mission_manager.o (.text.MissionManager_Cancel)
                  00004108    00000030     mission_manager.o (.text.MissionManager_Reset)
                  00004138    0000002c     motor.o (.text.Motor_Stop)
                  00004164    0000002c     ti_msp_dl_config.o (.text.SYSCFG_DL_initPower)
                  00004190    0000002c     track_sensor.o (.text.TrackSensor_CountBlack)
                  000041bc    00000028     servo.o (.text.Servo_Init)
                  000041e4    00000028     libc.a : boot_cortex_m.c.obj (.text:_c_int00_noargs)
                  0000420c    00000024     encoder.o (.text.Encoder_Reset)
                  00004230    00000020     car_controller.o (.text.CarController_Stop)
                  00004250    00000020     mission_manager.o (.text.MissionManager_Pause)
                  00004270    00000020     mission_manager.o (.text.MissionManager_Resume)
                  00004290    00000020     mission_manager.o (.text.mission_finish_error)
                  000042b0    0000001e     libclang_rt.builtins.a : ashldi3.S.obj (.text.__ashldi3)
                  000042ce    00000002     --HOLE-- [fill = 0]
                  000042d0    0000001c     imu.o (.text.Imu_IsReady)
                  000042ec    0000001c     obstacle_safety.o (.text.ObstacleSafety_Init)
                  00004308    00000018     car_controller.o (.text.CarController_RunModeToString)
                  00004320    00000018     heading_control.o (.text.HeadingControl_LockCurrentYaw)
                  00004338    00000018     heading_control.o (.text.HeadingControl_SetTargetYaw)
                  00004350    00000018     menu.o (.text.Menu_ParamItemToString)
                  00004368    00000018     motion_action.o (.text.MotionAction_Cancel)
                  00004380    00000016     libc.a : copy_zero_init.c.obj (.text:decompress:ZI:__TI_zero_init_nomemset)
                  00004396    00000002     --HOLE-- [fill = 0]
                  00004398    00000014     empty.o (.text.GROUP1_IRQHandler)
                  000043ac    00000014     heading_control.o (.text.HeadingControl_Enable)
                  000043c0    00000014     heading_control.o (.text.HeadingControl_Init)
                  000043d4    00000014     heading_control.o (.text.HeadingControl_Reset)
                  000043e8    00000014     menu.o (.text.Menu_Init)
                  000043fc    00000014     mission_library.o (.text.MissionLibrary_FindById)
                  00004410    00000014     mission_library.o (.text.MissionLibrary_GetByIndex)
                  00004424    00000014     mission_manager.o (.text.MissionManager_GetSelectedMissionId)
                  00004438    00000014     motion_action.o (.text.MotionAction_Init)
                  0000444c    00000014     obstacle_monitor.o (.text.ObstacleMonitor_Init)
                  00004460    00000014     libclang_rt.builtins.a : aeabi_ldivmod.S.obj (.text.__aeabi_ldivmod)
                  00004474    00000012     libc.a : copy_decompress_none.c.obj (.text:decompress:none)
                  00004486    00000002     --HOLE-- [fill = 0]
                  00004488    00000010     key.o (.text.Key_GetEvent)
                  00004498    00000010     ti_msp_dl_config.o (.text.SYSCFG_DL_init)
                  000044a8    0000000c     car_controller.o (.text.CarController_GetRunMode)
                  000044b4    0000000c     car_state.o (.text.CarState_Get)
                  000044c0    0000000c     car_state.o (.text.CarState_Init)
                  000044cc    0000000c     car_state.o (.text.CarState_Set)
                  000044d8    0000000c     imu.o (.text.Imu_GetCorrectedGyroZDps)
                  000044e4    0000000c     imu.o (.text.Imu_GetYaw)
                  000044f0    0000000c     imu.o (.text.Imu_ResetYaw)
                  000044fc    0000000c     menu.o (.text.Menu_GetPage)
                  00004508    0000000c     menu.o (.text.Menu_GetParamItem)
                  00004514    0000000c     mission_manager.o (.text.MissionManager_SetExternalHold)
                  00004520    0000000c     obstacle_safety.o (.text.ObstacleSafety_IsHolding)
                  0000452c    0000000c     oled_ui.o (.text.OledUi_Init)
                  00004538    0000000a     driverlib.a : dl_common.o (.text.DL_Common_delayCycles)
                  00004542    0000000a     track_sensor.o (.text.TrackSensor_IsCenterDetected)
                  0000454c    0000000a     track_sensor.o (.text.TrackSensor_IsLineDetected)
                  00004556    0000000a     track_sensor.o (.text.TrackSensor_IsLineLost)
                  00004560    00000008     car_controller.o (.text.CarController_GetFeedback)
                  00004568    00000008     heading_control.o (.text.HeadingControl_GetRuntime)
                  00004570    00000008     imu.o (.text.Imu_GetRuntime)
                  00004578    00000008     mission_manager.o (.text.MissionManager_GetMissionCount)
                  00004580    00000008     mission_manager.o (.text.MissionManager_GetRuntime)
                  00004588    00000008     motion_action.o (.text.MotionAction_GetRuntime)
                  00004590    00000008     obstacle_monitor.o (.text.ObstacleMonitor_GetFeedback)
                  00004598    00000008     ultrasonic.o (.text.Ultrasonic_GetFeedback)
                  000045a0    00000008     libclang_rt.builtins.a : aeabi_memcpy.S.obj (.text.__aeabi_memcpy)
                  000045a8    00000006     libc.a : exit.c.obj (.text:abort)
                  000045ae    00000004     libsysbm.a : hostexit.c.obj (.text.HOSTexit)
                  000045b2    00000004     mission_library.o (.text.MissionLibrary_GetCount)
                  000045b6    00000004     startup_mspm0g350x_ticlang.o (.text.Reset_Handler)
                  000045ba    00000004     libc.a : pre_init.c.obj (.text._system_pre_init)
                  000045be    00000002     --HOLE-- [fill = 0]

.cinit     0    00004da0    00000030     
                  00004da0    0000000c     (__TI_handler_table)
                  00004dac    00000008     (.cinit..bss.load) [load image, compression = zero_init]
                  00004db4    00000005     (.cinit..data.load) [load image, compression = lzss]
                  00004db9    00000003     --HOLE-- [fill = 0]
                  00004dbc    00000010     (__TI_cinit_table)
                  00004dcc    00000004     --HOLE-- [fill = 0]

.rodata    0    000045c0    000007e0     
                  000045c0    000000d8     oled.o (.rodata..Lswitch.table.OLED_PrintChar)
                  00004698    000000a8     mission_library.o (.rodata.g_missionMapA)
                  00004740    000000a8     mission_library.o (.rodata.g_missionMapB)
                  000047e8    00000090     mission_library.o (.rodata.g_missionRegistry)
                  00004878    00000078     mission_library.o (.rodata.g_missionMapC)
                  000048f0    00000078     mission_library.o (.rodata.g_missionTestRight90Turn)
                  00004968    00000078     mission_library.o (.rodata.g_missionTestSeekFollow)
                  000049e0    00000048     mission_library.o (.rodata.g_missionLegacy)
                  00004a28    00000048     mission_library.o (.rodata.g_missionTestRight90Stop)
                  00004a70    00000048     mission_library.o (.rodata.g_missionTestSeekThenFollow)
                  00004ab8    00000034     mission_library.o (.rodata..Lswitch.table.MissionLibrary_FindById)
                  00004aec    00000030     mission_library.o (.rodata.g_missionTestSeekThenStop)
                  00004b1c    00000020     menu.o (.rodata..Lswitch.table.Menu_ParamItemToString)
                  00004b3c    00000018     oled_ui.o (.rodata..Lswitch.table.OledUi_Update_20ms.48)
                  00004b54    00000018     oled_ui.o (.rodata..Lswitch.table.OledUi_Update_20ms)
                  00004b6c    00000014     car_controller.o (.rodata..Lswitch.table.CarController_RunModeToString)
                  00004b80    0000000b     mission_library.o (.rodata.str1.1440970855772709381.1)
                  00004b8b    0000000a     mission_library.o (.rodata.str1.11682660667400632204.1)
                  00004b95    0000000a     mission_library.o (.rodata.str1.15604890807705439409.1)
                  00004b9f    00000009     mission_library.o (.rodata.str1.15668266851434757964.1)
                  00004ba8    00000009     oled_ui.o (.rodata.str1.18266126048138325213.1)
                  00004bb1    00000008     mission_library.o (.rodata.str1.13636476544574750902.1)
                  00004bb9    00000007     mission_library.o (.rodata.str1.199678142196697465.1)
                  00004bc0    00000007     oled_ui.o (.rodata.str1.9544068167406571052.1)
                  00004bc7    00000006     oled_ui.o (.rodata.str1.1445687256832830955.1)
                  00004bcd    00000006     oled_ui.o (.rodata.str1.15008238333949226094.1)
                  00004bd3    00000006     oled_ui.o (.rodata.str1.15817398807211891688.1)
                  00004bd9    00000006     oled_ui.o (.rodata.str1.16411631209783952401.1)
                  00004bdf    00000006     mission_library.o (.rodata.str1.1642528554392422750.1)
                  00004be5    00000006     oled_ui.o (.rodata.str1.17540787658903907660.1)
                  00004beb    00000006     mission_library.o (.rodata.str1.4251661066630729623.1)
                  00004bf1    00000006     mission_library.o (.rodata.str1.4392264057376583881.1)
                  00004bf7    00000006     oled_ui.o (.rodata.str1.4610220316623841660.1)
                  00004bfd    00000006     oled_ui.o (.rodata.str1.5965450730569173784.1)
                  00004c03    00000005     oled.o (.rodata.oled_get_glyph.colon)
                  00004c08    00000005     oled.o (.rodata.oled_get_glyph.eight)
                  00004c0d    00000005     oled.o (.rodata.oled_get_glyph.five)
                  00004c12    00000005     oled.o (.rodata.oled_get_glyph.four)
                  00004c17    00000005     oled.o (.rodata.oled_get_glyph.glyphA)
                  00004c1c    00000005     oled.o (.rodata.oled_get_glyph.glyphB)
                  00004c21    00000005     oled.o (.rodata.oled_get_glyph.glyphC)
                  00004c26    00000005     oled.o (.rodata.oled_get_glyph.glyphD)
                  00004c2b    00000005     oled.o (.rodata.oled_get_glyph.glyphE)
                  00004c30    00000005     oled.o (.rodata.oled_get_glyph.glyphG)
                  00004c35    00000005     oled.o (.rodata.oled_get_glyph.glyphH)
                  00004c3a    00000005     oled.o (.rodata.oled_get_glyph.glyphI)
                  00004c3f    00000005     oled.o (.rodata.oled_get_glyph.glyphK)
                  00004c44    00000005     oled.o (.rodata.oled_get_glyph.glyphL)
                  00004c49    00000005     oled.o (.rodata.oled_get_glyph.glyphM)
                  00004c4e    00000005     oled.o (.rodata.oled_get_glyph.glyphN)
                  00004c53    00000005     oled.o (.rodata.oled_get_glyph.glyphO)
                  00004c58    00000005     oled.o (.rodata.oled_get_glyph.glyphP)
                  00004c5d    00000005     oled.o (.rodata.oled_get_glyph.glyphR)
                  00004c62    00000005     oled.o (.rodata.oled_get_glyph.glyphS)
                  00004c67    00000005     oled.o (.rodata.oled_get_glyph.glyphT)
                  00004c6c    00000005     oled.o (.rodata.oled_get_glyph.glyphU)
                  00004c71    00000005     oled.o (.rodata.oled_get_glyph.glyphV)
                  00004c76    00000005     oled.o (.rodata.oled_get_glyph.glyphW)
                  00004c7b    00000005     oled.o (.rodata.oled_get_glyph.glyphX)
                  00004c80    00000005     oled.o (.rodata.oled_get_glyph.glyphY)
                  00004c85    00000005     oled.o (.rodata.oled_get_glyph.glyphb)
                  00004c8a    00000005     oled.o (.rodata.oled_get_glyph.gt)
                  00004c8f    00000005     oled.o (.rodata.oled_get_glyph.minus)
                  00004c94    00000005     oled.o (.rodata.oled_get_glyph.nine)
                  00004c99    00000005     oled.o (.rodata.oled_get_glyph.one)
                  00004c9e    00000005     oled.o (.rodata.oled_get_glyph.seven)
                  00004ca3    00000005     oled.o (.rodata.oled_get_glyph.six)
                  00004ca8    00000005     oled.o (.rodata.oled_get_glyph.space)
                  00004cad    00000005     oled.o (.rodata.oled_get_glyph.three)
                  00004cb2    00000005     oled.o (.rodata.oled_get_glyph.two)
                  00004cb7    00000005     oled.o (.rodata.oled_get_glyph.zero)
                  00004cbc    00000005     oled_ui.o (.rodata.str1.1108652269057166745.1)
                  00004cc1    00000005     oled_ui.o (.rodata.str1.13790669171379415506.1)
                  00004cc6    00000005     oled_ui.o (.rodata.str1.13882251010780863896.1)
                  00004ccb    00000005     oled_ui.o (.rodata.str1.14134189893851348960.1)
                  00004cd0    00000005     oled_ui.o (.rodata.str1.14358698208395374265.1)
                  00004cd5    00000005     oled_ui.o (.rodata.str1.15859922799842739878.1)
                  00004cda    00000005     oled_ui.o (.rodata.str1.15917848551323629232.1)
                  00004cdf    00000005     oled_ui.o (.rodata.str1.16526439943277383452.1)
                  00004ce4    00000005     oled_ui.o (.rodata.str1.17274519358952562110.1)
                  00004ce9    00000005     oled_ui.o (.rodata.str1.17884296644359297425.1)
                  00004cee    00000005     car_controller.o (.rodata.str1.18191498530309206443.1)
                  00004cf3    00000005     oled_ui.o (.rodata.str1.18379317056176403938.1)
                  00004cf8    00000005     car_controller.o (.rodata.str1.4164979912472006574.1)
                  00004cfd    00000005     oled_ui.o (.rodata.str1.4402311448527872260.1)
                  00004d02    00000005     oled_ui.o (.rodata.str1.4581472623415959594.1)
                  00004d07    00000005     oled_ui.o (.rodata.str1.4581686099848791648.1)
                  00004d0c    00000005     menu.o (.rodata.str1.4862307748908978627.1)
                  00004d11    00000005     oled_ui.o (.rodata.str1.8426569189266129334.1)
                  00004d16    00000005     oled_ui.o (.rodata.str1.8783421139296713095.1)
                  00004d1b    00000005     car_controller.o (.rodata.str1.9981487771679760427.1)
                  00004d20    00000004     oled_ui.o (.rodata.str1.1019225241002246410.1)
                  00004d24    00000004     oled_ui.o (.rodata.str1.10416366799939242409.1)
                  00004d28    00000004     menu.o (.rodata.str1.12110183915172842339.1)
                  00004d2c    00000004     car_controller.o (.rodata.str1.12442237994239546032.1)
                  00004d30    00000004     oled_ui.o (.rodata.str1.130772507669342127.1)
                  00004d34    00000004     menu.o (.rodata.str1.13124720451672825294.1)
                  00004d38    00000004     oled_ui.o (.rodata.str1.13244290092665904221.1)
                  00004d3c    00000004     oled_ui.o (.rodata.str1.13567883086814673087.1)
                  00004d40    00000004     menu.o (.rodata.str1.14098755746347272832.1)
                  00004d44    00000004     oled_ui.o (.rodata.str1.15577080202403550426.1)
                  00004d48    00000004     oled_ui.o (.rodata.str1.16849766574302683489.1)
                  00004d4c    00000004     menu.o (.rodata.str1.17041139162815566052.1)
                  00004d50    00000004     car_controller.o (.rodata.str1.17172356789460551389.1)
                  00004d54    00000004     oled_ui.o (.rodata.str1.2308938766145545715.1)
                  00004d58    00000004     oled_ui.o (.rodata.str1.270145429241168923.1)
                  00004d5c    00000004     oled_ui.o (.rodata.str1.3025253791635144717.1)
                  00004d60    00000004     oled_ui.o (.rodata.str1.3407221357956504873.1)
                  00004d64    00000004     oled_ui.o (.rodata.str1.3455423528827705371.1)
                  00004d68    00000004     oled_ui.o (.rodata.str1.3702290527496711532.1)
                  00004d6c    00000004     oled_ui.o (.rodata.str1.5853739094453432564.1)
                  00004d70    00000004     oled_ui.o (.rodata.str1.7219546930854689545.1)
                  00004d74    00000004     oled_ui.o (.rodata.str1.9159586779647977165.1)
                  00004d78    00000004     car_controller.o (.rodata.str1.9234375891235759983.1)
                  00004d7c    00000004     menu.o (.rodata.str1.9546740394641817443.1)
                  00004d80    00000004     oled_ui.o (.rodata.str1.967006512144173535.1)
                  00004d84    00000003     oled_ui.o (.rodata.str1.11232419324784801130.1)
                  00004d87    00000003     oled_ui.o (.rodata.str1.14556837007311414654.1)
                  00004d8a    00000003     menu.o (.rodata.str1.16312125044762562515.1)
                  00004d8d    00000003     oled_ui.o (.rodata.str1.16931641404301806744.1)
                  00004d90    00000003     oled_ui.o (.rodata.str1.17812014771544466701.1)
                  00004d93    00000003     menu.o (.rodata.str1.4646809750356241979.1)
                  00004d96    00000003     menu.o (.rodata.str1.6857549598058878762.1)
                  00004d99    00000003     oled_ui.o (.rodata.str1.8236579331345056500.1)
                  00004d9c    00000003     oled_ui.o (.rodata.str1.9854382722193312766.1)
                  00004d9f    00000001     --HOLE-- [fill = 0]

.init_array 
*          0    00000000    00000000     UNINITIALIZED

.binit     0    00000000    00000000     

.bss       0    20200000    0000014f     UNINITIALIZED
                  20200000    00000050     (.common:g_appConfig)
                  20200050    00000028     (.common:g_appRuntime)
                  20200078    00000028     (.common:g_imuRuntime)
                  202000a0    00000020     mission_manager.o (.bss.g_missionRuntime)
                  202000c0    00000014     (.common:g_headingRuntime)
                  202000d4    00000010     motion_action.o (.bss.g_motionActionRuntime)
                  202000e4    0000000e     car_controller.o (.bss.g_carControllerFeedback)
                  202000f2    00000002     ultrasonic.o (.bss.g_echoTicks)
                  202000f4    0000000e     ultrasonic.o (.bss.g_ultrasonicFeedback)
                  20200102    00000008     obstacle_monitor.o (.bss.g_obstacleFeedback)
                  2020010a    00000006     ultrasonic.o (.bss.g_distanceSamples)
                  20200110    00000006     key.o (.bss.g_key1)
                  20200116    00000006     key.o (.bss.g_key2)
                  2020011c    00000006     key.o (.bss.g_key3)
                  20200122    00000002     servo.o (.bss.g_servoPwmPhase)
                  20200124    00000004     encoder.o (.bss.g_motorAPulses)
                  20200128    00000004     encoder.o (.bss.g_motorBPulses)
                  2020012c    00000004     servo.o (.bss.g_servoFeedback)
                  20200130    00000002     ultrasonic.o (.bss.g_stateTicks)
                  20200132    00000002     (.common:g_trackError)
                  20200134    00000001     oled_ui.o (.bss.OledUi_Update_20ms.refreshDivider)
                  20200135    00000001     empty.o (.bss.SysTick_Handler.controlMsCount)
                  20200136    00000001     empty.o (.bss.SysTick_Handler.tick100usCount)
                  20200137    00000001     ultrasonic.o (.bss.Ultrasonic_Update_20ms.triggerDivider)
                  20200138    00000001     empty.o (.bss.g_appUpdateDue)
                  20200139    00000001     car_state.o (.bss.g_carState)
                  2020013a    00000001     ultrasonic.o (.bss.g_distanceSampleCount)
                  2020013b    00000001     ultrasonic.o (.bss.g_distanceSampleIndex)
                  2020013c    00000001     motor.o (.bss.g_motorADutyLevel)
                  2020013d    00000001     motor.o (.bss.g_motorBDutyLevel)
                  2020013e    00000001     obstacle_safety.o (.bss.g_obstacleSafetyHolding)
                  2020013f    00000001     oled.o (.bss.g_oledColumn)
                  20200140    00000001     menu.o (.bss.g_oledPage)
                  20200141    00000001     menu.o (.bss.g_paramItem)
                  20200142    00000001     key.o (.bss.g_pendingEvent)
                  20200143    00000001     motor.o (.bss.g_pwmPhase)
                  20200144    00000001     car_controller.o (.bss.g_safetyHold)
                  20200145    00000001     ultrasonic.o (.bss.g_triggerRequest)
                  20200146    00000001     ultrasonic.o (.bss.g_ultrasonicState)
                  20200147    00000001     (.common:g_carStateDebug)
                  20200148    00000001     (.common:g_keyEvent)
                  20200149    00000001     (.common:g_oledPageDebug)
                  2020014a    00000001     (.common:g_paramItemDebug)
                  2020014b    00000001     (.common:g_trackBlackCount)
                  2020014c    00000001     (.common:g_trackModeDebug)
                  2020014d    00000001     (.common:g_trackRaw)
                  2020014e    00000001     (.common:g_trackTurnDebug)

.data      0    2020014f    00000001     UNINITIALIZED
                  2020014f    00000001     car_controller.o (.data.g_followTurnPolicy)

.stack     0    20207e00    00000200     UNINITIALIZED
                  20207e00    00000004     libc.a : boot_cortex_m.c.obj (.stack)
                  20207e04    000001fc     --HOLE--

__llvm_prf_cnts 
*          0    20200000    00000000     UNINITIALIZED

__llvm_prf_bits 
*          0    20200000    00000000     UNINITIALIZED

MODULE SUMMARY

       Module                         code    ro data   rw data
       ------                         ----    -------   -------
    .\
       imu.o                          3304    0         40     
       oled.o                         2088    401       1      
       car_controller.o               2296    47        56     
       oled_ui.o                      1376    272       1      
       mission_library.o              172     1229      0      
       mission_manager.o              1184    0         32     
       app_config.o                   704     0         80     
       menu.o                         580     66        2      
       ultrasonic.o                   596     0         29     
       motion_action.o                568     0         16     
       heading_control.o              468     0         20     
       key.o                          436     0         19     
       track_sensor.o                 372     0         0      
       motor.o                        356     0         3      
       ti_msp_dl_config.o             300     0         0      
       app.o                          278     0         10     
       empty.o                        196     0         3      
       startup_mspm0g350x_ticlang.o   6       192       0      
       servo.o                        168     0         6      
       encoder.o                      144     0         8      
       obstacle_monitor.o             132     0         8      
       obstacle_safety.o              124     0         1      
       car_state.o                    36      0         1      
    +--+------------------------------+-------+---------+---------+
       Total:                         15884   2207      336    
                                                               
    C:/TI/mspm0_sdk_2_05_01_00/source/ti/driverlib/lib/ticlang/m0p/mspm0g1x0x_g3x0x/driverlib.a
       dl_common.o                    10      0         0      
    +--+------------------------------+-------+---------+---------+
       Total:                         10      0         0      
                                                               
    D:\TI\CCS\ccs\tools\compiler\ti-cgt-armllvm_4.0.4.LTS\lib\armv6m-ti-none-eabi/c/libc.a
       memcpy16.S.obj                 154     0         0      
       copy_decompress_lzss.c.obj     124     0         0      
       autoinit.c.obj                 60      0         0      
       boot_cortex_m.c.obj            40      0         0      
       copy_zero_init.c.obj           22      0         0      
       copy_decompress_none.c.obj     18      0         0      
       exit.c.obj                     6       0         0      
       pre_init.c.obj                 4       0         0      
    +--+------------------------------+-------+---------+---------+
       Total:                         428     0         0      
                                                               
    D:\TI\CCS\ccs\tools\compiler\ti-cgt-armllvm_4.0.4.LTS\lib\armv6m-ti-none-eabi/c/libsysbm.a
       hostexit.c.obj                 4       0         0      
    +--+------------------------------+-------+---------+---------+
       Total:                         4       0         0      
                                                               
    D:\TI\CCS\ccs\tools\compiler\ti-cgt-armllvm_4.0.4.LTS\lib\armv6m-ti-none-eabi/libclang_rt.builtins.a
       addsf3.S.obj                   216     0         0      
       udivmoddi4.S.obj               162     0         0      
       mulsf3.S.obj                   140     0         0      
       divsf3.S.obj                   130     0         0      
       comparesf2.S.obj               118     0         0      
       aeabi_fcmp.S.obj               98      0         0      
       aeabi_idivmod.S.obj            86      0         0      
       aeabi_uidivmod.S.obj           64      0         0      
       divmoddi4.c.obj                62      0         0      
       floatsisf.S.obj                60      0         0      
       muldsi3.S.obj                  58      0         0      
       fixsfsi.S.obj                  56      0         0      
       ashldi3.S.obj                  30      0         0      
       aeabi_ldivmod.S.obj            20      0         0      
       aeabi_memcpy.S.obj             8       0         0      
       aeabi_div0.c.obj               4       0         0      
    +--+------------------------------+-------+---------+---------+
       Total:                         1312    0         0      
                                                               
       Stack:                         0       0         512    
       Linker Generated:              0       41        0      
    +--+------------------------------+-------+---------+---------+
       Grand Total:                   17638   2248      848    


LINKER GENERATED COPY TABLES

__TI_cinit_table @ 00004dbc records: 2, size/record: 8, table size: 16
	.bss: load addr=00004dac, load size=00000008 bytes, run addr=20200000, run size=0000014f bytes, compression=zero_init
	.data: load addr=00004db4, load size=00000005 bytes, run addr=2020014f, run size=00000001 bytes, compression=lzss


LINKER GENERATED HANDLER TABLE

__TI_handler_table @ 00004da0 records: 3, size/record: 4, table size: 12
	index: 0, handler: __TI_decompress_lzss
	index: 1, handler: __TI_decompress_none
	index: 2, handler: __TI_zero_init


GLOBAL SYMBOLS: SORTED ALPHABETICALLY BY Name 

address   name                                  
-------   ----                                  
00002f33  ADC0_IRQHandler                       
00002f33  ADC1_IRQHandler                       
00002f33  AES_IRQHandler                        
00002f35  AppConfig_InitDefault                 
000012d9  AppConfig_LimitAll                    
00003a51  App_Init                              
00002c71  App_Update_20ms                       
000045ae  C$$EXIT                               
00002f33  CANFD0_IRQHandler                     
00004561  CarController_GetFeedback             
000044a9  CarController_GetRunMode              
00003491  CarController_Init                    
00003505  CarController_ResetRuntime            
00004309  CarController_RunModeToString         
00003ba9  CarController_SetSafetyHold           
000033a1  CarController_StartFollowLine         
00003105  CarController_StartSeekLine           
000035e9  CarController_StartTurnLeft90         
00003655  CarController_StartTurnRight90        
00004231  CarController_Stop                    
00000615  CarController_Update_20ms             
000044b5  CarState_Get                          
000044c1  CarState_Init                         
000044cd  CarState_Set                          
00002f33  DAC0_IRQHandler                       
00004539  DL_Common_delayCycles                 
00002f33  DMA_IRQHandler                        
00002f33  Default_Handler                       
000036c1  Encoder_HandleGpioInterrupt           
0000420d  Encoder_Reset                         
00002f33  GROUP0_IRQHandler                     
00004399  GROUP1_IRQHandler                     
000045af  HOSTexit                              
00002f33  HardFault_Handler                     
000043ad  HeadingControl_Enable                 
00004569  HeadingControl_GetRuntime             
000043c1  HeadingControl_Init                   
00004321  HeadingControl_LockCurrentYaw         
000043d5  HeadingControl_Reset                  
00004339  HeadingControl_SetTargetYaw           
00001f49  HeadingControl_Update                 
00002f33  I2C0_IRQHandler                       
00002f33  I2C1_IRQHandler                       
000014fd  Imu_CalibrateGyroBias                 
000044d9  Imu_GetCorrectedGyroZDps              
00004571  Imu_GetRuntime                        
000044e5  Imu_GetYaw                            
00000dad  Imu_Init                              
000042d1  Imu_IsReady                           
000044f1  Imu_ResetYaw                          
000021e5  Imu_Update                            
00004489  Key_GetEvent                          
000040a9  Key_Init                              
00001dd5  Key_Update_20ms                       
000044fd  Menu_GetPage                          
00004509  Menu_GetParamItem                     
00003935  Menu_GetParamValue                    
00001a95  Menu_HandleKeyEvent                   
000043e9  Menu_Init                             
00004351  Menu_ParamItemToString                
000043fd  MissionLibrary_FindById               
00004411  MissionLibrary_GetByIndex             
000045b3  MissionLibrary_GetCount               
000032a3  MissionLibrary_Validate               
000040d9  MissionManager_Cancel                 
00004579  MissionManager_GetMissionCount        
00004581  MissionManager_GetRuntime             
00004425  MissionManager_GetSelectedMissionId   
00003799  MissionManager_GetSelectedMissionIndex
00003c99  MissionManager_Init                   
00004251  MissionManager_Pause                  
00004109  MissionManager_Reset                  
00004271  MissionManager_Resume                 
00002659  MissionManager_SelectNext             
0000291d  MissionManager_SelectPrevious         
00004515  MissionManager_SetExternalHold        
00003d69  MissionManager_Start                  
00002561  MissionManager_Update_20ms            
00004369  MotionAction_Cancel                   
00004589  MotionAction_GetRuntime               
00004439  MotionAction_Init                     
00002835  MotionAction_Start                    
00002445  MotionAction_Update_20ms              
00003fd1  Motor_Init                            
00003bf9  Motor_PwmTick100us                    
00002d31  Motor_SetSpeed                        
00004139  Motor_Stop                            
00002f33  NMI_Handler                           
00001085  OLED_Clear                            
00002acd  OLED_Init                             
00003995  OLED_PrintBinary7                     
00002ba1  OLED_PrintChar                        
000020a9  OLED_PrintInt16                       
00004075  OLED_PrintString                      
00004041  OLED_SetCursor                        
00004591  ObstacleMonitor_GetFeedback           
0000444d  ObstacleMonitor_Init                  
00003801  ObstacleMonitor_Update_20ms           
000042ed  ObstacleSafety_Init                   
00004521  ObstacleSafety_IsHolding              
00003b01  ObstacleSafety_Update_20ms            
0000452d  OledUi_Init                           
000000c1  OledUi_Update_20ms                    
00002f33  PendSV_Handler                        
00002f33  RTC_IRQHandler                        
000045b7  Reset_Handler                         
00002f33  SPI0_IRQHandler                       
00002f33  SPI1_IRQHandler                       
00002f33  SVC_Handler                           
00002de1  SYSCFG_DL_GPIO_init                   
00003da9  SYSCFG_DL_SYSCTL_init                 
00004499  SYSCFG_DL_init                        
00004165  SYSCFG_DL_initPower                   
000041bd  Servo_Init                            
00003e69  Servo_SetAngleDeg                     
00003ce1  Servo_Tick100us                       
00003d25  SysTick_Handler                       
00002f33  TIMA0_IRQHandler                      
00002f33  TIMA1_IRQHandler                      
00002f33  TIMG0_IRQHandler                      
00002f33  TIMG12_IRQHandler                     
00002f33  TIMG6_IRQHandler                      
00002f33  TIMG7_IRQHandler                      
00002f33  TIMG8_IRQHandler                      
00004191  TrackSensor_CountBlack                
00003579  TrackSensor_DetectTurn                
00003869  TrackSensor_GetErrorFromRaw           
0000306b  TrackSensor_Init                      
00004543  TrackSensor_IsCenterDetected          
0000454d  TrackSensor_IsLineDetected            
00004557  TrackSensor_IsLineLost                
00003b55  TrackSensor_ReadRaw                   
00002f33  UART0_IRQHandler                      
00002f33  UART1_IRQHandler                      
00002f33  UART2_IRQHandler                      
00002f33  UART3_IRQHandler                      
00004599  Ultrasonic_GetFeedback                
00003c49  Ultrasonic_Init                       
00001c35  Ultrasonic_Tick100us                  
000039f5  Ultrasonic_Update_20ms                
20208000  __STACK_END                           
00000200  __STACK_SIZE                          
00000000  __TI_ATRegion0_region_sz              
00000000  __TI_ATRegion0_src_addr               
00000000  __TI_ATRegion0_trg_addr               
00000000  __TI_ATRegion1_region_sz              
00000000  __TI_ATRegion1_src_addr               
00000000  __TI_ATRegion1_trg_addr               
00000000  __TI_ATRegion2_region_sz              
00000000  __TI_ATRegion2_src_addr               
00000000  __TI_ATRegion2_trg_addr               
00004dbc  __TI_CINIT_Base                       
00004dcc  __TI_CINIT_Limit                      
00004dcc  __TI_CINIT_Warm                       
00004da0  __TI_Handler_Table_Base               
00004dac  __TI_Handler_Table_Limit              
00003f1d  __TI_auto_init_nobinit_nopinit        
00003325  __TI_decompress_lzss                  
00004475  __TI_decompress_none                  
ffffffff  __TI_pprof_out_hndl                   
ffffffff  __TI_prof_data_size                   
ffffffff  __TI_prof_data_start                  
00000000  __TI_static_base__                    
00004381  __TI_zero_init_nomemset               
000029ff  __addsf3                              
00004009  __aeabi_f2iz                          
000029ff  __aeabi_fadd                          
000038d1  __aeabi_fcmpeq                        
0000390d  __aeabi_fcmpge                        
00003921  __aeabi_fcmpgt                        
000038f9  __aeabi_fcmple                        
000038e5  __aeabi_fcmplt                        
00003221  __aeabi_fdiv                          
00003195  __aeabi_fmul                          
000029f5  __aeabi_fsub                          
00003ea5  __aeabi_i2f                           
00003aa9  __aeabi_idiv                          
00003323  __aeabi_idiv0                         
00003aa9  __aeabi_idivmod                       
000035e7  __aeabi_ldiv0                         
00004461  __aeabi_ldivmod                       
000042b1  __aeabi_llsl                          
000045a1  __aeabi_memcpy                        
000045a1  __aeabi_memcpy4                       
000045a1  __aeabi_memcpy8                       
00003de9  __aeabi_uidiv                         
00003de9  __aeabi_uidivmod                      
000042b1  __ashldi3                             
ffffffff  __binit__                             
00003f59  __cmpsf2                              
00003e29  __divmoddi4                           
00003221  __divsf3                              
00003f59  __eqsf2                               
00004009  __fixsfsi                             
00003ea5  __floatsisf                           
00003ee1  __gesf2                               
00003ee1  __gtsf2                               
00003f59  __lesf2                               
00003f59  __ltsf2                               
UNDEFED   __mpu_init                            
00003f95  __muldsi3                             
00003195  __mulsf3                              
00003f59  __nesf2                               
20207e00  __stack                               
20200000  __start___llvm_prf_bits               
20200000  __start___llvm_prf_cnts               
20200000  __stop___llvm_prf_bits                
20200000  __stop___llvm_prf_cnts                
000029f5  __subsf3                              
00002e91  __udivmoddi4                          
000041e5  _c_int00_noargs                       
UNDEFED   _system_post_cinit                    
000045bb  _system_pre_init                      
000045a9  abort                                 
ffffffff  binit                                 
20200000  g_appConfig                           
20200050  g_appRuntime                          
20200147  g_carStateDebug                       
202000c0  g_headingRuntime                      
20200078  g_imuRuntime                          
20200148  g_keyEvent                            
20200149  g_oledPageDebug                       
2020014a  g_paramItemDebug                      
2020014b  g_trackBlackCount                     
20200132  g_trackError                          
2020014c  g_trackModeDebug                      
2020014d  g_trackRaw                            
2020014e  g_trackTurnDebug                      
00000000  interruptVectors                      
0000372d  main                                  
00002fd1  memcpy                                


GLOBAL SYMBOLS: SORTED BY Symbol Address 

address   name                                  
-------   ----                                  
00000000  __TI_ATRegion0_region_sz              
00000000  __TI_ATRegion0_src_addr               
00000000  __TI_ATRegion0_trg_addr               
00000000  __TI_ATRegion1_region_sz              
00000000  __TI_ATRegion1_src_addr               
00000000  __TI_ATRegion1_trg_addr               
00000000  __TI_ATRegion2_region_sz              
00000000  __TI_ATRegion2_src_addr               
00000000  __TI_ATRegion2_trg_addr               
00000000  __TI_static_base__                    
00000000  interruptVectors                      
000000c1  OledUi_Update_20ms                    
00000200  __STACK_SIZE                          
00000615  CarController_Update_20ms             
00000dad  Imu_Init                              
00001085  OLED_Clear                            
000012d9  AppConfig_LimitAll                    
000014fd  Imu_CalibrateGyroBias                 
00001a95  Menu_HandleKeyEvent                   
00001c35  Ultrasonic_Tick100us                  
00001dd5  Key_Update_20ms                       
00001f49  HeadingControl_Update                 
000020a9  OLED_PrintInt16                       
000021e5  Imu_Update                            
00002445  MotionAction_Update_20ms              
00002561  MissionManager_Update_20ms            
00002659  MissionManager_SelectNext             
00002835  MotionAction_Start                    
0000291d  MissionManager_SelectPrevious         
000029f5  __aeabi_fsub                          
000029f5  __subsf3                              
000029ff  __addsf3                              
000029ff  __aeabi_fadd                          
00002acd  OLED_Init                             
00002ba1  OLED_PrintChar                        
00002c71  App_Update_20ms                       
00002d31  Motor_SetSpeed                        
00002de1  SYSCFG_DL_GPIO_init                   
00002e91  __udivmoddi4                          
00002f33  ADC0_IRQHandler                       
00002f33  ADC1_IRQHandler                       
00002f33  AES_IRQHandler                        
00002f33  CANFD0_IRQHandler                     
00002f33  DAC0_IRQHandler                       
00002f33  DMA_IRQHandler                        
00002f33  Default_Handler                       
00002f33  GROUP0_IRQHandler                     
00002f33  HardFault_Handler                     
00002f33  I2C0_IRQHandler                       
00002f33  I2C1_IRQHandler                       
00002f33  NMI_Handler                           
00002f33  PendSV_Handler                        
00002f33  RTC_IRQHandler                        
00002f33  SPI0_IRQHandler                       
00002f33  SPI1_IRQHandler                       
00002f33  SVC_Handler                           
00002f33  TIMA0_IRQHandler                      
00002f33  TIMA1_IRQHandler                      
00002f33  TIMG0_IRQHandler                      
00002f33  TIMG12_IRQHandler                     
00002f33  TIMG6_IRQHandler                      
00002f33  TIMG7_IRQHandler                      
00002f33  TIMG8_IRQHandler                      
00002f33  UART0_IRQHandler                      
00002f33  UART1_IRQHandler                      
00002f33  UART2_IRQHandler                      
00002f33  UART3_IRQHandler                      
00002f35  AppConfig_InitDefault                 
00002fd1  memcpy                                
0000306b  TrackSensor_Init                      
00003105  CarController_StartSeekLine           
00003195  __aeabi_fmul                          
00003195  __mulsf3                              
00003221  __aeabi_fdiv                          
00003221  __divsf3                              
000032a3  MissionLibrary_Validate               
00003323  __aeabi_idiv0                         
00003325  __TI_decompress_lzss                  
000033a1  CarController_StartFollowLine         
00003491  CarController_Init                    
00003505  CarController_ResetRuntime            
00003579  TrackSensor_DetectTurn                
000035e7  __aeabi_ldiv0                         
000035e9  CarController_StartTurnLeft90         
00003655  CarController_StartTurnRight90        
000036c1  Encoder_HandleGpioInterrupt           
0000372d  main                                  
00003799  MissionManager_GetSelectedMissionIndex
00003801  ObstacleMonitor_Update_20ms           
00003869  TrackSensor_GetErrorFromRaw           
000038d1  __aeabi_fcmpeq                        
000038e5  __aeabi_fcmplt                        
000038f9  __aeabi_fcmple                        
0000390d  __aeabi_fcmpge                        
00003921  __aeabi_fcmpgt                        
00003935  Menu_GetParamValue                    
00003995  OLED_PrintBinary7                     
000039f5  Ultrasonic_Update_20ms                
00003a51  App_Init                              
00003aa9  __aeabi_idiv                          
00003aa9  __aeabi_idivmod                       
00003b01  ObstacleSafety_Update_20ms            
00003b55  TrackSensor_ReadRaw                   
00003ba9  CarController_SetSafetyHold           
00003bf9  Motor_PwmTick100us                    
00003c49  Ultrasonic_Init                       
00003c99  MissionManager_Init                   
00003ce1  Servo_Tick100us                       
00003d25  SysTick_Handler                       
00003d69  MissionManager_Start                  
00003da9  SYSCFG_DL_SYSCTL_init                 
00003de9  __aeabi_uidiv                         
00003de9  __aeabi_uidivmod                      
00003e29  __divmoddi4                           
00003e69  Servo_SetAngleDeg                     
00003ea5  __aeabi_i2f                           
00003ea5  __floatsisf                           
00003ee1  __gesf2                               
00003ee1  __gtsf2                               
00003f1d  __TI_auto_init_nobinit_nopinit        
00003f59  __cmpsf2                              
00003f59  __eqsf2                               
00003f59  __lesf2                               
00003f59  __ltsf2                               
00003f59  __nesf2                               
00003f95  __muldsi3                             
00003fd1  Motor_Init                            
00004009  __aeabi_f2iz                          
00004009  __fixsfsi                             
00004041  OLED_SetCursor                        
00004075  OLED_PrintString                      
000040a9  Key_Init                              
000040d9  MissionManager_Cancel                 
00004109  MissionManager_Reset                  
00004139  Motor_Stop                            
00004165  SYSCFG_DL_initPower                   
00004191  TrackSensor_CountBlack                
000041bd  Servo_Init                            
000041e5  _c_int00_noargs                       
0000420d  Encoder_Reset                         
00004231  CarController_Stop                    
00004251  MissionManager_Pause                  
00004271  MissionManager_Resume                 
000042b1  __aeabi_llsl                          
000042b1  __ashldi3                             
000042d1  Imu_IsReady                           
000042ed  ObstacleSafety_Init                   
00004309  CarController_RunModeToString         
00004321  HeadingControl_LockCurrentYaw         
00004339  HeadingControl_SetTargetYaw           
00004351  Menu_ParamItemToString                
00004369  MotionAction_Cancel                   
00004381  __TI_zero_init_nomemset               
00004399  GROUP1_IRQHandler                     
000043ad  HeadingControl_Enable                 
000043c1  HeadingControl_Init                   
000043d5  HeadingControl_Reset                  
000043e9  Menu_Init                             
000043fd  MissionLibrary_FindById               
00004411  MissionLibrary_GetByIndex             
00004425  MissionManager_GetSelectedMissionId   
00004439  MotionAction_Init                     
0000444d  ObstacleMonitor_Init                  
00004461  __aeabi_ldivmod                       
00004475  __TI_decompress_none                  
00004489  Key_GetEvent                          
00004499  SYSCFG_DL_init                        
000044a9  CarController_GetRunMode              
000044b5  CarState_Get                          
000044c1  CarState_Init                         
000044cd  CarState_Set                          
000044d9  Imu_GetCorrectedGyroZDps              
000044e5  Imu_GetYaw                            
000044f1  Imu_ResetYaw                          
000044fd  Menu_GetPage                          
00004509  Menu_GetParamItem                     
00004515  MissionManager_SetExternalHold        
00004521  ObstacleSafety_IsHolding              
0000452d  OledUi_Init                           
00004539  DL_Common_delayCycles                 
00004543  TrackSensor_IsCenterDetected          
0000454d  TrackSensor_IsLineDetected            
00004557  TrackSensor_IsLineLost                
00004561  CarController_GetFeedback             
00004569  HeadingControl_GetRuntime             
00004571  Imu_GetRuntime                        
00004579  MissionManager_GetMissionCount        
00004581  MissionManager_GetRuntime             
00004589  MotionAction_GetRuntime               
00004591  ObstacleMonitor_GetFeedback           
00004599  Ultrasonic_GetFeedback                
000045a1  __aeabi_memcpy                        
000045a1  __aeabi_memcpy4                       
000045a1  __aeabi_memcpy8                       
000045a9  abort                                 
000045ae  C$$EXIT                               
000045af  HOSTexit                              
000045b3  MissionLibrary_GetCount               
000045b7  Reset_Handler                         
000045bb  _system_pre_init                      
00004da0  __TI_Handler_Table_Base               
00004dac  __TI_Handler_Table_Limit              
00004dbc  __TI_CINIT_Base                       
00004dcc  __TI_CINIT_Limit                      
00004dcc  __TI_CINIT_Warm                       
20200000  __start___llvm_prf_bits               
20200000  __start___llvm_prf_cnts               
20200000  __stop___llvm_prf_bits                
20200000  __stop___llvm_prf_cnts                
20200000  g_appConfig                           
20200050  g_appRuntime                          
20200078  g_imuRuntime                          
202000c0  g_headingRuntime                      
20200132  g_trackError                          
20200147  g_carStateDebug                       
20200148  g_keyEvent                            
20200149  g_oledPageDebug                       
2020014a  g_paramItemDebug                      
2020014b  g_trackBlackCount                     
2020014c  g_trackModeDebug                      
2020014d  g_trackRaw                            
2020014e  g_trackTurnDebug                      
20207e00  __stack                               
20208000  __STACK_END                           
ffffffff  __TI_pprof_out_hndl                   
ffffffff  __TI_prof_data_size                   
ffffffff  __TI_prof_data_start                  
ffffffff  __binit__                             
ffffffff  binit                                 
UNDEFED   __mpu_init                            
UNDEFED   _system_post_cinit                    

[231 symbols]
