******************************************************************************
            TI ARM Clang Linker PC v4.0.4                      
******************************************************************************
>> Linked Fri Jul 10 23:35:16 2026

OUTPUT FILE NAME:   <diansaikaishi.out>
ENTRY POINT SYMBOL: "_c_int00_noargs"  address: 00002c35


MEMORY CONFIGURATION

         name            origin    length      used     unused   attr    fill
----------------------  --------  ---------  --------  --------  ----  --------
  FLASH                 00000000   00020000  000030f8  0001cf08  R  X
  SRAM                  20200000   00008000  000002d0  00007d30  RW X
  BCR_CONFIG            41c00000   000000ff  00000000  000000ff  R   
  BSL_CONFIG            41c00100   00000080  00000000  00000080  R   


SEGMENT ALLOCATION MAP

run origin  load origin   length   init length attrs members
----------  ----------- ---------- ----------- ----- -------
00000000    00000000    000030f8   000030f8    r-x
  00000000    00000000    000000c0   000000c0    r-- .intvecs
  000000c0    000000c0    00002d78   00002d78    r-x .text
  00002e38    00002e38    000002a8   000002a8    r-- .rodata
  000030e0    000030e0    00000018   00000018    r-- .cinit
20200000    20200000    000000d0   00000000    rw-
  20200000    20200000    000000d0   00000000    rw- .bss
20207e00    20207e00    00000200   00000000    rw-
  20207e00    20207e00    00000200   00000000    rw- .stack


SECTION ALLOCATION MAP

 output                                  attributes/
section   page    origin      length       input sections
--------  ----  ----------  ----------   ----------------
.intvecs   0    00000000    000000c0     
                  00000000    000000c0     startup_mspm0g350x_ticlang.o (.intvecs)

.text      0    000000c0    00002d78     
                  000000c0    0000032c     oled_ui.o (.text.OledUi_Update_20ms)
                  000003ec    000002f0     imu.o (.text.mpu6050_read_regs)
                  000006dc    000002d8     imu.o (.text.Imu_Init)
                  000009b4    000002b0     car_controller.o (.text.CarController_Update_20ms)
                  00000c64    00000254     oled.o (.text.OLED_Clear)
                  00000eb8    00000214     imu.o (.text.Imu_CalibrateGyroBias)
                  000010cc    000001d8     app_config.o (.text.AppConfig_LimitAll)
                  000012a4    000001cc     imu.o (.text.imu_i2c_write_byte)
                  00001470    000001b8     oled.o (.text.oled_i2c_write_byte)
                  00001628    00000198     menu.o (.text.Menu_HandleKeyEvent)
                  000017c0    00000174     key.o (.text.Key_Update_20ms)
                  00001934    0000013c     oled.o (.text.OLED_PrintInt16)
                  00001a70    00000134     imu.o (.text.Imu_Update)
                  00001ba4    0000012c     imu.o (.text.imu_i2c_recover_bus)
                  00001cd0    000000d8     libclang_rt.builtins.a : addsf3.S.obj (.text)
                  00001da8    000000d4     oled.o (.text.OLED_Init)
                  00001e7c    000000d0     oled.o (.text.OLED_PrintChar)
                  00001f4c    000000b0     motor.o (.text.Motor_SetSpeed)
                  00001ffc    000000a8     ti_msp_dl_config.o (.text.SYSCFG_DL_GPIO_init)
                  000020a4    000000a4     app.o (.text.App_Update_20ms)
                  00002148    000000a2     libclang_rt.builtins.a : udivmoddi4.S.obj (.text)
                  000021ea    00000002     startup_mspm0g350x_ticlang.o (.text.Default_Handler)
                  000021ec    00000098     imu.o (.text.mpu6050_write_reg)
                  00002284    0000008c     app_config.o (.text.AppConfig_InitDefault)
                  00002310    0000008c     libclang_rt.builtins.a : mulsf3.S.obj (.text.__mulsf3)
                  0000239c    00000082                            : divsf3.S.obj (.text.__divsf3)
                  0000241e    00000002     track_sensor.o (.text.TrackSensor_Init)
                  00002420    00000078     oled.o (.text.oled_write_command)
                  00002498    0000006c     encoder.o (.text.Encoder_HandleGpioInterrupt)
                  00002504    0000006c     empty.o (.text.main)
                  00002570    00000066     track_sensor.o (.text.TrackSensor_GetErrorFromRaw)
                  000025d6    00000002     libclang_rt.builtins.a : aeabi_div0.c.obj (.text.__aeabi_idiv0)
                  000025d8    00000062                            : aeabi_fcmp.S.obj (.text.__aeabi_fcmp)
                  0000263a    0000005e     oled.o (.text.OLED_PrintBinary7)
                  00002698    00000058     menu.o (.text.Menu_GetParamValue)
                  000026f0    00000056     libclang_rt.builtins.a : aeabi_idivmod.S.obj (.text.__aeabi_idivmod)
                  00002746    00000002                            : aeabi_div0.c.obj (.text.__aeabi_ldiv0)
                  00002748    00000054     track_sensor.o (.text.TrackSensor_ReadRaw)
                  0000279c    00000050     motor.o (.text.Motor_PwmTick100us)
                  000027ec    00000042     app.o (.text.App_Init)
                  0000282e    00000002     --HOLE-- [fill = 0]
                  00002830    00000040     ti_msp_dl_config.o (.text.SYSCFG_DL_SYSCTL_init)
                  00002870    0000003e     libclang_rt.builtins.a : divmoddi4.c.obj (.text.__divmoddi4)
                  000028ae    00000002     --HOLE-- [fill = 0]
                  000028b0    0000003c     empty.o (.text.SysTick_Handler)
                  000028ec    0000003c     libclang_rt.builtins.a : floatsisf.S.obj (.text.__floatsisf)
                  00002928    0000003c                            : comparesf2.S.obj (.text.__gtsf2)
                  00002964    0000003c     libc.a : autoinit.c.obj (.text:__TI_auto_init_nobinit_nopinit)
                  000029a0    0000003a     libclang_rt.builtins.a : comparesf2.S.obj (.text.__eqsf2)
                  000029da    00000002     --HOLE-- [fill = 0]
                  000029dc    0000003a                            : muldsi3.S.obj (.text.__muldsi3)
                  00002a16    00000002     --HOLE-- [fill = 0]
                  00002a18    00000038     motor.o (.text.Motor_Init)
                  00002a50    00000038     libclang_rt.builtins.a : fixsfsi.S.obj (.text.__fixsfsi)
                  00002a88    00000036     track_sensor.o (.text.TrackSensor_DetectTurn)
                  00002abe    00000002     --HOLE-- [fill = 0]
                  00002ac0    00000034     oled.o (.text.OLED_SetCursor)
                  00002af4    00000032     oled.o (.text.OLED_PrintString)
                  00002b26    00000002     --HOLE-- [fill = 0]
                  00002b28    00000030     key.o (.text.Key_Init)
                  00002b58    0000002c     car_controller.o (.text.CarController_Init)
                  00002b84    0000002c     car_controller.o (.text.CarController_ResetRuntime)
                  00002bb0    0000002c     motor.o (.text.Motor_Stop)
                  00002bdc    0000002c     ti_msp_dl_config.o (.text.SYSCFG_DL_initPower)
                  00002c08    0000002c     track_sensor.o (.text.TrackSensor_CountBlack)
                  00002c34    00000028     libc.a : boot_cortex_m.c.obj (.text:_c_int00_noargs)
                  00002c5c    00000024     encoder.o (.text.Encoder_Reset)
                  00002c80    0000001e     libclang_rt.builtins.a : ashldi3.S.obj (.text.__ashldi3)
                  00002c9e    00000002     --HOLE-- [fill = 0]
                  00002ca0    00000018     car_controller.o (.text.CarController_RunModeToString)
                  00002cb8    00000018     car_state.o (.text.CarState_ToString)
                  00002cd0    00000018     menu.o (.text.Menu_ParamItemToString)
                  00002ce8    00000016     libc.a : copy_zero_init.c.obj (.text:decompress:ZI:__TI_zero_init_nomemset)
                  00002cfe    00000002     --HOLE-- [fill = 0]
                  00002d00    00000014     app_config.o (.text.AppConfig_DecreaseTargetLap)
                  00002d14    00000014     app_config.o (.text.AppConfig_IncreaseTargetLap)
                  00002d28    00000014     empty.o (.text.GROUP1_IRQHandler)
                  00002d3c    00000014     heading_control.o (.text.HeadingControl_Init)
                  00002d50    00000014     menu.o (.text.Menu_Init)
                  00002d64    00000014     libclang_rt.builtins.a : aeabi_ldivmod.S.obj (.text.__aeabi_ldivmod)
                  00002d78    00000010     key.o (.text.Key_GetEvent)
                  00002d88    00000010     ti_msp_dl_config.o (.text.SYSCFG_DL_init)
                  00002d98    0000000c     car_controller.o (.text.CarController_GetRunMode)
                  00002da4    0000000c     car_state.o (.text.CarState_Get)
                  00002db0    0000000c     car_state.o (.text.CarState_Init)
                  00002dbc    0000000c     car_state.o (.text.CarState_Set)
                  00002dc8    0000000c     imu.o (.text.Imu_ResetYaw)
                  00002dd4    0000000c     menu.o (.text.Menu_GetPage)
                  00002de0    0000000c     menu.o (.text.Menu_GetParamItem)
                  00002dec    0000000c     oled_ui.o (.text.OledUi_Init)
                  00002df8    0000000a     driverlib.a : dl_common.o (.text.DL_Common_delayCycles)
                  00002e02    0000000a     track_sensor.o (.text.TrackSensor_IsCenterDetected)
                  00002e0c    0000000a     track_sensor.o (.text.TrackSensor_IsLineLost)
                  00002e16    00000002     --HOLE-- [fill = 0]
                  00002e18    00000008     imu.o (.text.Imu_GetRuntime)
                  00002e20    00000006     libc.a : exit.c.obj (.text:abort)
                  00002e26    00000004     libsysbm.a : hostexit.c.obj (.text.HOSTexit)
                  00002e2a    00000004     startup_mspm0g350x_ticlang.o (.text.Reset_Handler)
                  00002e2e    00000004     libc.a : pre_init.c.obj (.text._system_pre_init)
                  00002e32    00000006     --HOLE-- [fill = 0]

.cinit     0    000030e0    00000018     
                  000030e0    00000008     (.cinit..bss.load) [load image, compression = zero_init]
                  000030e8    00000004     (__TI_handler_table)
                  000030ec    00000008     (__TI_cinit_table)
                  000030f4    00000004     --HOLE-- [fill = 0]

.rodata    0    00002e38    000002a8     
                  00002e38    000000d8     oled.o (.rodata..Lswitch.table.OLED_PrintChar)
                  00002f10    0000001c     menu.o (.rodata..Lswitch.table.Menu_ParamItemToString)
                  00002f2c    00000018     car_state.o (.rodata..Lswitch.table.CarState_ToString)
                  00002f44    00000014     car_controller.o (.rodata..Lswitch.table.CarController_RunModeToString)
                  00002f58    00000007     oled_ui.o (.rodata.str1.8426569189266129334.1)
                  00002f5f    00000006     oled_ui.o (.rodata.str1.1445687256832830955.1)
                  00002f65    00000006     car_state.o (.rodata.str1.1675797584173499143.1)
                  00002f6b    00000006     oled_ui.o (.rodata.str1.3025253791635144717.1)
                  00002f71    00000006     car_state.o (.rodata.str1.41590466491370331.1)
                  00002f77    00000006     menu.o (.rodata.str1.4646809750356241979.1)
                  00002f7d    00000006     oled_ui.o (.rodata.str1.5853739094453432564.1)
                  00002f83    00000005     oled.o (.rodata.oled_get_glyph.colon)
                  00002f88    00000005     oled.o (.rodata.oled_get_glyph.eight)
                  00002f8d    00000005     oled.o (.rodata.oled_get_glyph.five)
                  00002f92    00000005     oled.o (.rodata.oled_get_glyph.four)
                  00002f97    00000005     oled.o (.rodata.oled_get_glyph.glyphA)
                  00002f9c    00000005     oled.o (.rodata.oled_get_glyph.glyphB)
                  00002fa1    00000005     oled.o (.rodata.oled_get_glyph.glyphC)
                  00002fa6    00000005     oled.o (.rodata.oled_get_glyph.glyphD)
                  00002fab    00000005     oled.o (.rodata.oled_get_glyph.glyphE)
                  00002fb0    00000005     oled.o (.rodata.oled_get_glyph.glyphG)
                  00002fb5    00000005     oled.o (.rodata.oled_get_glyph.glyphH)
                  00002fba    00000005     oled.o (.rodata.oled_get_glyph.glyphI)
                  00002fbf    00000005     oled.o (.rodata.oled_get_glyph.glyphK)
                  00002fc4    00000005     oled.o (.rodata.oled_get_glyph.glyphL)
                  00002fc9    00000005     oled.o (.rodata.oled_get_glyph.glyphM)
                  00002fce    00000005     oled.o (.rodata.oled_get_glyph.glyphN)
                  00002fd3    00000005     oled.o (.rodata.oled_get_glyph.glyphO)
                  00002fd8    00000005     oled.o (.rodata.oled_get_glyph.glyphP)
                  00002fdd    00000005     oled.o (.rodata.oled_get_glyph.glyphR)
                  00002fe2    00000005     oled.o (.rodata.oled_get_glyph.glyphS)
                  00002fe7    00000005     oled.o (.rodata.oled_get_glyph.glyphT)
                  00002fec    00000005     oled.o (.rodata.oled_get_glyph.glyphU)
                  00002ff1    00000005     oled.o (.rodata.oled_get_glyph.glyphV)
                  00002ff6    00000005     oled.o (.rodata.oled_get_glyph.glyphW)
                  00002ffb    00000005     oled.o (.rodata.oled_get_glyph.glyphX)
                  00003000    00000005     oled.o (.rodata.oled_get_glyph.glyphY)
                  00003005    00000005     oled.o (.rodata.oled_get_glyph.glyphb)
                  0000300a    00000005     oled.o (.rodata.oled_get_glyph.gt)
                  0000300f    00000005     oled.o (.rodata.oled_get_glyph.minus)
                  00003014    00000005     oled.o (.rodata.oled_get_glyph.nine)
                  00003019    00000005     oled.o (.rodata.oled_get_glyph.one)
                  0000301e    00000005     oled.o (.rodata.oled_get_glyph.seven)
                  00003023    00000005     oled.o (.rodata.oled_get_glyph.six)
                  00003028    00000005     oled.o (.rodata.oled_get_glyph.space)
                  0000302d    00000005     oled.o (.rodata.oled_get_glyph.three)
                  00003032    00000005     oled.o (.rodata.oled_get_glyph.two)
                  00003037    00000005     oled.o (.rodata.oled_get_glyph.zero)
                  0000303c    00000005     oled_ui.o (.rodata.str1.10416366799939242409.1)
                  00003041    00000005     menu.o (.rodata.str1.12110183915172842339.1)
                  00003046    00000005     oled_ui.o (.rodata.str1.130772507669342127.1)
                  0000304b    00000005     oled_ui.o (.rodata.str1.14556837007311414654.1)
                  00003050    00000005     oled_ui.o (.rodata.str1.17540787658903907660.1)
                  00003055    00000005     car_controller.o (.rodata.str1.18191498530309206443.1)
                  0000305a    00000005     car_controller.o (.rodata.str1.4164979912472006574.1)
                  0000305f    00000005     oled_ui.o (.rodata.str1.4581472623415959594.1)
                  00003064    00000005     car_state.o (.rodata.str1.8223341253983108753.1)
                  00003069    00000005     car_state.o (.rodata.str1.8698975129455933903.1)
                  0000306e    00000005     oled_ui.o (.rodata.str1.9544068167406571052.1)
                  00003073    00000005     car_controller.o (.rodata.str1.9981487771679760427.1)
                  00003078    00000004     oled_ui.o (.rodata.str1.11232419324784801130.1)
                  0000307c    00000004     car_controller.o (.rodata.str1.12442237994239546032.1)
                  00003080    00000004     menu.o (.rodata.str1.13124720451672825294.1)
                  00003084    00000004     oled_ui.o (.rodata.str1.13882251010780863896.1)
                  00003088    00000004     car_state.o (.rodata.str1.13986535679874659196.1)
                  0000308c    00000004     oled_ui.o (.rodata.str1.15917848551323629232.1)
                  00003090    00000004     menu.o (.rodata.str1.16312125044762562515.1)
                  00003094    00000004     oled_ui.o (.rodata.str1.16931641404301806744.1)
                  00003098    00000004     car_controller.o (.rodata.str1.17172356789460551389.1)
                  0000309c    00000004     oled_ui.o (.rodata.str1.17812014771544466701.1)
                  000030a0    00000004     oled_ui.o (.rodata.str1.18266126048138325213.1)
                  000030a4    00000004     oled_ui.o (.rodata.str1.3455423528827705371.1)
                  000030a8    00000004     car_state.o (.rodata.str1.3601627812925153765.1)
                  000030ac    00000004     oled_ui.o (.rodata.str1.3702290527496711532.1)
                  000030b0    00000004     oled_ui.o (.rodata.str1.4402311448527872260.1)
                  000030b4    00000004     menu.o (.rodata.str1.4862307748908978627.1)
                  000030b8    00000004     oled_ui.o (.rodata.str1.5965450730569173784.1)
                  000030bc    00000004     menu.o (.rodata.str1.6857549598058878762.1)
                  000030c0    00000004     car_controller.o (.rodata.str1.9234375891235759983.1)
                  000030c4    00000004     oled_ui.o (.rodata.str1.967006512144173535.1)
                  000030c8    00000003     oled_ui.o (.rodata.str1.1019225241002246410.1)
                  000030cb    00000003     oled_ui.o (.rodata.str1.1108652269057166745.1)
                  000030ce    00000003     menu.o (.rodata.str1.14098755746347272832.1)
                  000030d1    00000003     menu.o (.rodata.str1.17041139162815566052.1)
                  000030d4    00000003     oled_ui.o (.rodata.str1.2308938766145545715.1)
                  000030d7    00000003     oled_ui.o (.rodata.str1.9159586779647977165.1)
                  000030da    00000003     oled_ui.o (.rodata.str1.9854382722193312766.1)
                  000030dd    00000003     --HOLE-- [fill = 0]

.init_array 
*          0    00000000    00000000     UNINITIALIZED

.binit     0    00000000    00000000     

.bss       0    20200000    000000d0     UNINITIALIZED
                  20200000    00000048     (.common:g_appConfig)
                  20200048    00000028     (.common:g_imuRuntime)
                  20200070    0000001c     (.common:g_appRuntime)
                  2020008c    00000014     (.common:g_headingRuntime)
                  202000a0    00000006     key.o (.bss.g_key1)
                  202000a6    00000006     key.o (.bss.g_key2)
                  202000ac    00000006     key.o (.bss.g_key3)
                  202000b2    00000002     (.common:g_trackError)
                  202000b4    00000004     encoder.o (.bss.g_motorAPulses)
                  202000b8    00000004     encoder.o (.bss.g_motorBPulses)
                  202000bc    00000001     oled_ui.o (.bss.OledUi_Update_20ms.refreshDivider)
                  202000bd    00000001     empty.o (.bss.SysTick_Handler.controlMsCount)
                  202000be    00000001     empty.o (.bss.SysTick_Handler.tick100usCount)
                  202000bf    00000001     empty.o (.bss.g_appUpdateDue)
                  202000c0    00000001     car_state.o (.bss.g_carState)
                  202000c1    00000001     motor.o (.bss.g_motorADutyLevel)
                  202000c2    00000001     motor.o (.bss.g_motorBDutyLevel)
                  202000c3    00000001     oled.o (.bss.g_oledColumn)
                  202000c4    00000001     menu.o (.bss.g_oledPage)
                  202000c5    00000001     menu.o (.bss.g_paramItem)
                  202000c6    00000001     key.o (.bss.g_pendingEvent)
                  202000c7    00000001     motor.o (.bss.g_pwmPhase)
                  202000c8    00000001     (.common:g_carStateDebug)
                  202000c9    00000001     (.common:g_keyEvent)
                  202000ca    00000001     (.common:g_oledPageDebug)
                  202000cb    00000001     (.common:g_paramItemDebug)
                  202000cc    00000001     (.common:g_trackBlackCount)
                  202000cd    00000001     (.common:g_trackModeDebug)
                  202000ce    00000001     (.common:g_trackRaw)
                  202000cf    00000001     (.common:g_trackTurnDebug)

.stack     0    20207e00    00000200     UNINITIALIZED
                  20207e00    00000004     libc.a : boot_cortex_m.c.obj (.stack)
                  20207e04    000001fc     --HOLE--

__llvm_prf_cnts 
*          0    20200000    00000000     UNINITIALIZED

__llvm_prf_bits 
*          0    20200000    00000000     UNINITIALIZED

MODULE SUMMARY

       Module                         code    ro data   rw data
       ------                         ----    -------   -------
    .\
       imu.o                          3252    0         40     
       oled.o                         2088    401       1      
       oled_ui.o                      824     114       1      
       car_controller.o               812     47        28     
       app_config.o                   652     0         72     
       menu.o                         564     61        2      
       key.o                          436     0         19     
       motor.o                        356     0         3      
       track_sensor.o                 306     0         0      
       ti_msp_dl_config.o             292     0         0      
       app.o                          230     0         10     
       startup_mspm0g350x_ticlang.o   6       192       0      
       empty.o                        188     0         3      
       encoder.o                      144     0         8      
       car_state.o                    60      54        1      
       heading_control.o              20      0         20     
    +--+------------------------------+-------+---------+---------+
       Total:                         10230   869       208    
                                                               
    C:/TI/mspm0_sdk_2_05_01_00/source/ti/driverlib/lib/ticlang/m0p/mspm0g1x0x_g3x0x/driverlib.a
       dl_common.o                    10      0         0      
    +--+------------------------------+-------+---------+---------+
       Total:                         10      0         0      
                                                               
    D:\TI\CCS\ccs\tools\compiler\ti-cgt-armllvm_4.0.4.LTS\lib\armv6m-ti-none-eabi/c/libc.a
       autoinit.c.obj                 60      0         0      
       boot_cortex_m.c.obj            40      0         0      
       copy_zero_init.c.obj           22      0         0      
       exit.c.obj                     6       0         0      
       pre_init.c.obj                 4       0         0      
    +--+------------------------------+-------+---------+---------+
       Total:                         132     0         0      
                                                               
    D:\TI\CCS\ccs\tools\compiler\ti-cgt-armllvm_4.0.4.LTS\lib\armv6m-ti-none-eabi/c/libsysbm.a
       hostexit.c.obj                 4       0         0      
    +--+------------------------------+-------+---------+---------+
       Total:                         4       0         0      
                                                               
    D:\TI\CCS\ccs\tools\compiler\ti-cgt-armllvm_4.0.4.LTS\lib\armv6m-ti-none-eabi/libclang_rt.builtins.a
       addsf3.S.obj                   216     0         0      
       udivmoddi4.S.obj               162     0         0      
       mulsf3.S.obj                   140     0         0      
       divsf3.S.obj                   130     0         0      
       comparesf2.S.obj               118     0         0      
       aeabi_fcmp.S.obj               98      0         0      
       aeabi_idivmod.S.obj            86      0         0      
       divmoddi4.c.obj                62      0         0      
       floatsisf.S.obj                60      0         0      
       muldsi3.S.obj                  58      0         0      
       fixsfsi.S.obj                  56      0         0      
       ashldi3.S.obj                  30      0         0      
       aeabi_ldivmod.S.obj            20      0         0      
       aeabi_div0.c.obj               4       0         0      
    +--+------------------------------+-------+---------+---------+
       Total:                         1240    0         0      
                                                               
       Stack:                         0       0         512    
       Linker Generated:              0       20        0      
    +--+------------------------------+-------+---------+---------+
       Grand Total:                   11616   889       720    


LINKER GENERATED COPY TABLES

__TI_cinit_table @ 000030ec records: 1, size/record: 8, table size: 8
	.bss: load addr=000030e0, load size=00000008 bytes, run addr=20200000, run size=000000d0 bytes, compression=zero_init


LINKER GENERATED HANDLER TABLE

__TI_handler_table @ 000030e8 records: 1, size/record: 4, table size: 4
	index: 0, handler: __TI_zero_init


GLOBAL SYMBOLS: SORTED ALPHABETICALLY BY Name 

address   name                          
-------   ----                          
000021eb  ADC0_IRQHandler               
000021eb  ADC1_IRQHandler               
000021eb  AES_IRQHandler                
00002d01  AppConfig_DecreaseTargetLap   
00002d15  AppConfig_IncreaseTargetLap   
00002285  AppConfig_InitDefault         
000010cd  AppConfig_LimitAll            
000027ed  App_Init                      
000020a5  App_Update_20ms               
00002e26  C$$EXIT                       
000021eb  CANFD0_IRQHandler             
00002d99  CarController_GetRunMode      
00002b59  CarController_Init            
00002b85  CarController_ResetRuntime    
00002ca1  CarController_RunModeToString 
000009b5  CarController_Update_20ms     
00002da5  CarState_Get                  
00002db1  CarState_Init                 
00002dbd  CarState_Set                  
00002cb9  CarState_ToString             
000021eb  DAC0_IRQHandler               
00002df9  DL_Common_delayCycles         
000021eb  DMA_IRQHandler                
000021eb  Default_Handler               
00002499  Encoder_HandleGpioInterrupt   
00002c5d  Encoder_Reset                 
000021eb  GROUP0_IRQHandler             
00002d29  GROUP1_IRQHandler             
00002e27  HOSTexit                      
000021eb  HardFault_Handler             
00002d3d  HeadingControl_Init           
000021eb  I2C0_IRQHandler               
000021eb  I2C1_IRQHandler               
00000eb9  Imu_CalibrateGyroBias         
00002e19  Imu_GetRuntime                
000006dd  Imu_Init                      
00002dc9  Imu_ResetYaw                  
00001a71  Imu_Update                    
00002d79  Key_GetEvent                  
00002b29  Key_Init                      
000017c1  Key_Update_20ms               
00002dd5  Menu_GetPage                  
00002de1  Menu_GetParamItem             
00002699  Menu_GetParamValue            
00001629  Menu_HandleKeyEvent           
00002d51  Menu_Init                     
00002cd1  Menu_ParamItemToString        
00002a19  Motor_Init                    
0000279d  Motor_PwmTick100us            
00001f4d  Motor_SetSpeed                
00002bb1  Motor_Stop                    
000021eb  NMI_Handler                   
00000c65  OLED_Clear                    
00001da9  OLED_Init                     
0000263b  OLED_PrintBinary7             
00001e7d  OLED_PrintChar                
00001935  OLED_PrintInt16               
00002af5  OLED_PrintString              
00002ac1  OLED_SetCursor                
00002ded  OledUi_Init                   
000000c1  OledUi_Update_20ms            
000021eb  PendSV_Handler                
000021eb  RTC_IRQHandler                
00002e2b  Reset_Handler                 
000021eb  SPI0_IRQHandler               
000021eb  SPI1_IRQHandler               
000021eb  SVC_Handler                   
00001ffd  SYSCFG_DL_GPIO_init           
00002831  SYSCFG_DL_SYSCTL_init         
00002d89  SYSCFG_DL_init                
00002bdd  SYSCFG_DL_initPower           
000028b1  SysTick_Handler               
000021eb  TIMA0_IRQHandler              
000021eb  TIMA1_IRQHandler              
000021eb  TIMG0_IRQHandler              
000021eb  TIMG12_IRQHandler             
000021eb  TIMG6_IRQHandler              
000021eb  TIMG7_IRQHandler              
000021eb  TIMG8_IRQHandler              
00002c09  TrackSensor_CountBlack        
00002a89  TrackSensor_DetectTurn        
00002571  TrackSensor_GetErrorFromRaw   
0000241f  TrackSensor_Init              
00002e03  TrackSensor_IsCenterDetected  
00002e0d  TrackSensor_IsLineLost        
00002749  TrackSensor_ReadRaw           
000021eb  UART0_IRQHandler              
000021eb  UART1_IRQHandler              
000021eb  UART2_IRQHandler              
000021eb  UART3_IRQHandler              
20208000  __STACK_END                   
00000200  __STACK_SIZE                  
00000000  __TI_ATRegion0_region_sz      
00000000  __TI_ATRegion0_src_addr       
00000000  __TI_ATRegion0_trg_addr       
00000000  __TI_ATRegion1_region_sz      
00000000  __TI_ATRegion1_src_addr       
00000000  __TI_ATRegion1_trg_addr       
00000000  __TI_ATRegion2_region_sz      
00000000  __TI_ATRegion2_src_addr       
00000000  __TI_ATRegion2_trg_addr       
000030ec  __TI_CINIT_Base               
000030f4  __TI_CINIT_Limit              
000030f4  __TI_CINIT_Warm               
000030e8  __TI_Handler_Table_Base       
000030ec  __TI_Handler_Table_Limit      
00002965  __TI_auto_init_nobinit_nopinit
ffffffff  __TI_pprof_out_hndl           
ffffffff  __TI_prof_data_size           
ffffffff  __TI_prof_data_start          
00000000  __TI_static_base__            
00002ce9  __TI_zero_init_nomemset       
00001cdb  __addsf3                      
00002a51  __aeabi_f2iz                  
00001cdb  __aeabi_fadd                  
000025d9  __aeabi_fcmpeq                
00002615  __aeabi_fcmpge                
00002629  __aeabi_fcmpgt                
00002601  __aeabi_fcmple                
000025ed  __aeabi_fcmplt                
0000239d  __aeabi_fdiv                  
00002311  __aeabi_fmul                  
00001cd1  __aeabi_fsub                  
000028ed  __aeabi_i2f                   
000026f1  __aeabi_idiv                  
000025d7  __aeabi_idiv0                 
000026f1  __aeabi_idivmod               
00002747  __aeabi_ldiv0                 
00002d65  __aeabi_ldivmod               
00002c81  __aeabi_llsl                  
00002c81  __ashldi3                     
ffffffff  __binit__                     
000029a1  __cmpsf2                      
00002871  __divmoddi4                   
0000239d  __divsf3                      
000029a1  __eqsf2                       
00002a51  __fixsfsi                     
000028ed  __floatsisf                   
00002929  __gesf2                       
00002929  __gtsf2                       
000029a1  __lesf2                       
000029a1  __ltsf2                       
UNDEFED   __mpu_init                    
000029dd  __muldsi3                     
00002311  __mulsf3                      
000029a1  __nesf2                       
20207e00  __stack                       
20200000  __start___llvm_prf_bits       
20200000  __start___llvm_prf_cnts       
20200000  __stop___llvm_prf_bits        
20200000  __stop___llvm_prf_cnts        
00001cd1  __subsf3                      
00002149  __udivmoddi4                  
00002c35  _c_int00_noargs               
UNDEFED   _system_post_cinit            
00002e2f  _system_pre_init              
00002e21  abort                         
ffffffff  binit                         
20200000  g_appConfig                   
20200070  g_appRuntime                  
202000c8  g_carStateDebug               
2020008c  g_headingRuntime              
20200048  g_imuRuntime                  
202000c9  g_keyEvent                    
202000ca  g_oledPageDebug               
202000cb  g_paramItemDebug              
202000cc  g_trackBlackCount             
202000b2  g_trackError                  
202000cd  g_trackModeDebug              
202000ce  g_trackRaw                    
202000cf  g_trackTurnDebug              
00000000  interruptVectors              
00002505  main                          


GLOBAL SYMBOLS: SORTED BY Symbol Address 

address   name                          
-------   ----                          
00000000  __TI_ATRegion0_region_sz      
00000000  __TI_ATRegion0_src_addr       
00000000  __TI_ATRegion0_trg_addr       
00000000  __TI_ATRegion1_region_sz      
00000000  __TI_ATRegion1_src_addr       
00000000  __TI_ATRegion1_trg_addr       
00000000  __TI_ATRegion2_region_sz      
00000000  __TI_ATRegion2_src_addr       
00000000  __TI_ATRegion2_trg_addr       
00000000  __TI_static_base__            
00000000  interruptVectors              
000000c1  OledUi_Update_20ms            
00000200  __STACK_SIZE                  
000006dd  Imu_Init                      
000009b5  CarController_Update_20ms     
00000c65  OLED_Clear                    
00000eb9  Imu_CalibrateGyroBias         
000010cd  AppConfig_LimitAll            
00001629  Menu_HandleKeyEvent           
000017c1  Key_Update_20ms               
00001935  OLED_PrintInt16               
00001a71  Imu_Update                    
00001cd1  __aeabi_fsub                  
00001cd1  __subsf3                      
00001cdb  __addsf3                      
00001cdb  __aeabi_fadd                  
00001da9  OLED_Init                     
00001e7d  OLED_PrintChar                
00001f4d  Motor_SetSpeed                
00001ffd  SYSCFG_DL_GPIO_init           
000020a5  App_Update_20ms               
00002149  __udivmoddi4                  
000021eb  ADC0_IRQHandler               
000021eb  ADC1_IRQHandler               
000021eb  AES_IRQHandler                
000021eb  CANFD0_IRQHandler             
000021eb  DAC0_IRQHandler               
000021eb  DMA_IRQHandler                
000021eb  Default_Handler               
000021eb  GROUP0_IRQHandler             
000021eb  HardFault_Handler             
000021eb  I2C0_IRQHandler               
000021eb  I2C1_IRQHandler               
000021eb  NMI_Handler                   
000021eb  PendSV_Handler                
000021eb  RTC_IRQHandler                
000021eb  SPI0_IRQHandler               
000021eb  SPI1_IRQHandler               
000021eb  SVC_Handler                   
000021eb  TIMA0_IRQHandler              
000021eb  TIMA1_IRQHandler              
000021eb  TIMG0_IRQHandler              
000021eb  TIMG12_IRQHandler             
000021eb  TIMG6_IRQHandler              
000021eb  TIMG7_IRQHandler              
000021eb  TIMG8_IRQHandler              
000021eb  UART0_IRQHandler              
000021eb  UART1_IRQHandler              
000021eb  UART2_IRQHandler              
000021eb  UART3_IRQHandler              
00002285  AppConfig_InitDefault         
00002311  __aeabi_fmul                  
00002311  __mulsf3                      
0000239d  __aeabi_fdiv                  
0000239d  __divsf3                      
0000241f  TrackSensor_Init              
00002499  Encoder_HandleGpioInterrupt   
00002505  main                          
00002571  TrackSensor_GetErrorFromRaw   
000025d7  __aeabi_idiv0                 
000025d9  __aeabi_fcmpeq                
000025ed  __aeabi_fcmplt                
00002601  __aeabi_fcmple                
00002615  __aeabi_fcmpge                
00002629  __aeabi_fcmpgt                
0000263b  OLED_PrintBinary7             
00002699  Menu_GetParamValue            
000026f1  __aeabi_idiv                  
000026f1  __aeabi_idivmod               
00002747  __aeabi_ldiv0                 
00002749  TrackSensor_ReadRaw           
0000279d  Motor_PwmTick100us            
000027ed  App_Init                      
00002831  SYSCFG_DL_SYSCTL_init         
00002871  __divmoddi4                   
000028b1  SysTick_Handler               
000028ed  __aeabi_i2f                   
000028ed  __floatsisf                   
00002929  __gesf2                       
00002929  __gtsf2                       
00002965  __TI_auto_init_nobinit_nopinit
000029a1  __cmpsf2                      
000029a1  __eqsf2                       
000029a1  __lesf2                       
000029a1  __ltsf2                       
000029a1  __nesf2                       
000029dd  __muldsi3                     
00002a19  Motor_Init                    
00002a51  __aeabi_f2iz                  
00002a51  __fixsfsi                     
00002a89  TrackSensor_DetectTurn        
00002ac1  OLED_SetCursor                
00002af5  OLED_PrintString              
00002b29  Key_Init                      
00002b59  CarController_Init            
00002b85  CarController_ResetRuntime    
00002bb1  Motor_Stop                    
00002bdd  SYSCFG_DL_initPower           
00002c09  TrackSensor_CountBlack        
00002c35  _c_int00_noargs               
00002c5d  Encoder_Reset                 
00002c81  __aeabi_llsl                  
00002c81  __ashldi3                     
00002ca1  CarController_RunModeToString 
00002cb9  CarState_ToString             
00002cd1  Menu_ParamItemToString        
00002ce9  __TI_zero_init_nomemset       
00002d01  AppConfig_DecreaseTargetLap   
00002d15  AppConfig_IncreaseTargetLap   
00002d29  GROUP1_IRQHandler             
00002d3d  HeadingControl_Init           
00002d51  Menu_Init                     
00002d65  __aeabi_ldivmod               
00002d79  Key_GetEvent                  
00002d89  SYSCFG_DL_init                
00002d99  CarController_GetRunMode      
00002da5  CarState_Get                  
00002db1  CarState_Init                 
00002dbd  CarState_Set                  
00002dc9  Imu_ResetYaw                  
00002dd5  Menu_GetPage                  
00002de1  Menu_GetParamItem             
00002ded  OledUi_Init                   
00002df9  DL_Common_delayCycles         
00002e03  TrackSensor_IsCenterDetected  
00002e0d  TrackSensor_IsLineLost        
00002e19  Imu_GetRuntime                
00002e21  abort                         
00002e26  C$$EXIT                       
00002e27  HOSTexit                      
00002e2b  Reset_Handler                 
00002e2f  _system_pre_init              
000030e8  __TI_Handler_Table_Base       
000030ec  __TI_CINIT_Base               
000030ec  __TI_Handler_Table_Limit      
000030f4  __TI_CINIT_Limit              
000030f4  __TI_CINIT_Warm               
20200000  __start___llvm_prf_bits       
20200000  __start___llvm_prf_cnts       
20200000  __stop___llvm_prf_bits        
20200000  __stop___llvm_prf_cnts        
20200000  g_appConfig                   
20200048  g_imuRuntime                  
20200070  g_appRuntime                  
2020008c  g_headingRuntime              
202000b2  g_trackError                  
202000c8  g_carStateDebug               
202000c9  g_keyEvent                    
202000ca  g_oledPageDebug               
202000cb  g_paramItemDebug              
202000cc  g_trackBlackCount             
202000cd  g_trackModeDebug              
202000ce  g_trackRaw                    
202000cf  g_trackTurnDebug              
20207e00  __stack                       
20208000  __STACK_END                   
ffffffff  __TI_pprof_out_hndl           
ffffffff  __TI_prof_data_size           
ffffffff  __TI_prof_data_start          
ffffffff  __binit__                     
ffffffff  binit                         
UNDEFED   __mpu_init                    
UNDEFED   _system_post_cinit            

[173 symbols]
