******************************************************************************
            TI ARM Clang Linker PC v4.0.4                      
******************************************************************************
>> Linked Mon Jul 13 02:35:45 2026

OUTPUT FILE NAME:   <diansaikaishi.out>
ENTRY POINT SYMBOL: "_c_int00_noargs"  address: 00003f91


MEMORY CONFIGURATION

         name            origin    length      used     unused   attr    fill
----------------------  --------  ---------  --------  --------  ----  --------
  FLASH                 00000000   00020000  00004b40  0001b4c0  R  X
  SRAM                  20200000   00008000  00000340  00007cc0  RW X
  BCR_CONFIG            41c00000   000000ff  00000000  000000ff  R   
  BSL_CONFIG            41c00100   00000080  00000000  00000080  R   


SEGMENT ALLOCATION MAP

run origin  load origin   length   init length attrs members
----------  ----------- ---------- ----------- ----- -------
00000000    00000000    00004b40   00004b40    r-x
  00000000    00000000    000000c0   000000c0    r-- .intvecs
  000000c0    000000c0    00004278   00004278    r-x .text
  00004338    00004338    000007d8   000007d8    r-- .rodata
  00004b10    00004b10    00000030   00000030    r-- .cinit
20200000    20200000    00000140   00000000    rw-
  20200000    20200000    0000013f   00000000    rw- .bss
  2020013f    2020013f    00000001   00000000    rw- .data
20207e00    20207e00    00000200   00000000    rw-
  20207e00    20207e00    00000200   00000000    rw- .stack


SECTION ALLOCATION MAP

 output                                  attributes/
section   page    origin      length       input sections
--------  ----  ----------  ----------   ----------------
.intvecs   0    00000000    000000c0     
                  00000000    000000c0     startup_mspm0g350x_ticlang.o (.intvecs)

.text      0    000000c0    00004278     
                  000000c0    00000540     oled_ui.o (.text.OledUi_Update_20ms)
                  00000600    00000454     car_controller.o (.text.CarController_Update_20ms)
                  00000a54    000002f0     imu.o (.text.mpu6050_read_regs)
                  00000d44    000002d8     imu.o (.text.Imu_Init)
                  0000101c    00000254     oled.o (.text.OLED_Clear)
                  00001270    00000214     imu.o (.text.Imu_CalibrateGyroBias)
                  00001484    00000208     app_config.o (.text.AppConfig_LimitAll)
                  0000168c    000001cc     imu.o (.text.imu_i2c_write_byte)
                  00001858    000001b8     oled.o (.text.oled_i2c_write_byte)
                  00001a10    000001a0     ultrasonic.o (.text.Ultrasonic_Tick100us)
                  00001bb0    00000190     menu.o (.text.Menu_HandleKeyEvent)
                  00001d40    00000174     key.o (.text.Key_Update_20ms)
                  00001eb4    00000160     heading_control.o (.text.HeadingControl_Update)
                  00002014    0000013c     oled.o (.text.OLED_PrintInt16)
                  00002150    00000134     imu.o (.text.Imu_Update)
                  00002284    0000012c     imu.o (.text.imu_i2c_recover_bus)
                  000023b0    0000011c     motion_action.o (.text.MotionAction_Update_20ms)
                  000024cc    000000f4     mission_manager.o (.text.MissionManager_Update_20ms)
                  000025c0    000000f0     mission_manager.o (.text.MissionManager_SelectNext)
                  000026b0    000000e8     motion_action.o (.text.MotionAction_Start)
                  00002798    000000d8     libclang_rt.builtins.a : addsf3.S.obj (.text)
                  00002870    000000d4     mission_manager.o (.text.MissionManager_SelectPrevious)
                  00002944    000000d4     oled.o (.text.OLED_Init)
                  00002a18    000000d0     oled.o (.text.OLED_PrintChar)
                  00002ae8    000000cc     car_controller.o (.text.handle_turn_90)
                  00002bb4    000000b0     app.o (.text.App_Update_20ms)
                  00002c64    000000b0     motor.o (.text.Motor_SetSpeed)
                  00002d14    000000b0     ti_msp_dl_config.o (.text.SYSCFG_DL_GPIO_init)
                  00002dc4    000000a2     libclang_rt.builtins.a : udivmoddi4.S.obj (.text)
                  00002e66    0000009a     libc.a : memcpy16.S.obj (.text:memcpy)
                  00002f00    00000098     app_config.o (.text.AppConfig_InitDefault)
                  00002f98    00000098     imu.o (.text.mpu6050_write_reg)
                  00003030    0000008c     libclang_rt.builtins.a : mulsf3.S.obj (.text.__mulsf3)
                  000030bc    00000088     car_controller.o (.text.CarController_StartSeekLine)
                  00003144    00000082     libclang_rt.builtins.a : divsf3.S.obj (.text.__divsf3)
                  000031c6    00000080     mission_library.o (.text.MissionLibrary_Validate)
                  00003246    00000002     startup_mspm0g350x_ticlang.o (.text.Default_Handler)
                  00003248    0000007c     libc.a : copy_decompress_lzss.c.obj (.text:decompress:lzss)
                  000032c4    00000078     car_controller.o (.text.CarController_StartFollowLine)
                  0000333c    00000078     oled.o (.text.oled_write_command)
                  000033b4    0000006e     track_sensor.o (.text.TrackSensor_DetectTurn)
                  00003422    00000002     track_sensor.o (.text.TrackSensor_Init)
                  00003424    0000006c     car_controller.o (.text.CarController_Init)
                  00003490    0000006c     car_controller.o (.text.CarController_ResetRuntime)
                  000034fc    0000006c     car_controller.o (.text.CarController_StartTurnLeft90)
                  00003568    0000006c     car_controller.o (.text.CarController_StartTurnRight90)
                  000035d4    0000006c     encoder.o (.text.Encoder_HandleGpioInterrupt)
                  00003640    0000006c     empty.o (.text.main)
                  000036ac    00000068     mission_manager.o (.text.MissionManager_GetSelectedMissionIndex)
                  00003714    00000068     obstacle_monitor.o (.text.ObstacleMonitor_Update_20ms)
                  0000377c    00000066     track_sensor.o (.text.TrackSensor_GetErrorFromRaw)
                  000037e2    00000002     libclang_rt.builtins.a : aeabi_div0.c.obj (.text.__aeabi_idiv0)
                  000037e4    00000062                            : aeabi_fcmp.S.obj (.text.__aeabi_fcmp)
                  00003846    0000005e     oled.o (.text.OLED_PrintBinary7)
                  000038a4    0000005c     menu.o (.text.Menu_GetParamValue)
                  00003900    0000005c     ultrasonic.o (.text.Ultrasonic_Update_20ms)
                  0000395c    00000056     libclang_rt.builtins.a : aeabi_idivmod.S.obj (.text.__aeabi_idivmod)
                  000039b2    00000002                            : aeabi_div0.c.obj (.text.__aeabi_ldiv0)
                  000039b4    00000054     track_sensor.o (.text.TrackSensor_ReadRaw)
                  00003a08    00000050     motor.o (.text.Motor_PwmTick100us)
                  00003a58    00000050     ultrasonic.o (.text.Ultrasonic_Init)
                  00003aa8    0000004e     app.o (.text.App_Init)
                  00003af6    00000002     --HOLE-- [fill = 0]
                  00003af8    00000048     mission_manager.o (.text.MissionManager_Init)
                  00003b40    00000040     ti_msp_dl_config.o (.text.SYSCFG_DL_SYSCTL_init)
                  00003b80    00000040     empty.o (.text.SysTick_Handler)
                  00003bc0    00000040     libclang_rt.builtins.a : aeabi_uidivmod.S.obj (.text.__aeabi_uidivmod)
                  00003c00    0000003e                            : divmoddi4.c.obj (.text.__divmoddi4)
                  00003c3e    00000002     --HOLE-- [fill = 0]
                  00003c40    0000003c     mission_manager.o (.text.MissionManager_Start)
                  00003c7c    0000003c     libclang_rt.builtins.a : floatsisf.S.obj (.text.__floatsisf)
                  00003cb8    0000003c                            : comparesf2.S.obj (.text.__gtsf2)
                  00003cf4    0000003c     libc.a : autoinit.c.obj (.text:__TI_auto_init_nobinit_nopinit)
                  00003d30    0000003a     libclang_rt.builtins.a : comparesf2.S.obj (.text.__eqsf2)
                  00003d6a    00000002     --HOLE-- [fill = 0]
                  00003d6c    0000003a                            : muldsi3.S.obj (.text.__muldsi3)
                  00003da6    00000002     --HOLE-- [fill = 0]
                  00003da8    00000038     motor.o (.text.Motor_Init)
                  00003de0    00000038     libclang_rt.builtins.a : fixsfsi.S.obj (.text.__fixsfsi)
                  00003e18    00000034     oled.o (.text.OLED_SetCursor)
                  00003e4c    00000032     oled.o (.text.OLED_PrintString)
                  00003e7e    00000002     --HOLE-- [fill = 0]
                  00003e80    00000030     key.o (.text.Key_Init)
                  00003eb0    00000030     mission_manager.o (.text.MissionManager_Reset)
                  00003ee0    0000002c     mission_manager.o (.text.MissionManager_Cancel)
                  00003f0c    0000002c     motor.o (.text.Motor_Stop)
                  00003f38    0000002c     ti_msp_dl_config.o (.text.SYSCFG_DL_initPower)
                  00003f64    0000002c     track_sensor.o (.text.TrackSensor_CountBlack)
                  00003f90    00000028     libc.a : boot_cortex_m.c.obj (.text:_c_int00_noargs)
                  00003fb8    00000024     encoder.o (.text.Encoder_Reset)
                  00003fdc    00000020     car_controller.o (.text.CarController_Stop)
                  00003ffc    00000020     mission_manager.o (.text.MissionManager_Pause)
                  0000401c    00000020     mission_manager.o (.text.MissionManager_Resume)
                  0000403c    00000020     mission_manager.o (.text.mission_finish_error)
                  0000405c    0000001e     libclang_rt.builtins.a : ashldi3.S.obj (.text.__ashldi3)
                  0000407a    00000002     --HOLE-- [fill = 0]
                  0000407c    0000001c     imu.o (.text.Imu_IsReady)
                  00004098    00000018     car_controller.o (.text.CarController_RunModeToString)
                  000040b0    00000018     heading_control.o (.text.HeadingControl_LockCurrentYaw)
                  000040c8    00000018     heading_control.o (.text.HeadingControl_SetTargetYaw)
                  000040e0    00000018     menu.o (.text.Menu_ParamItemToString)
                  000040f8    00000018     motion_action.o (.text.MotionAction_Cancel)
                  00004110    00000016     libc.a : copy_zero_init.c.obj (.text:decompress:ZI:__TI_zero_init_nomemset)
                  00004126    00000002     --HOLE-- [fill = 0]
                  00004128    00000014     empty.o (.text.GROUP1_IRQHandler)
                  0000413c    00000014     heading_control.o (.text.HeadingControl_Enable)
                  00004150    00000014     heading_control.o (.text.HeadingControl_Init)
                  00004164    00000014     heading_control.o (.text.HeadingControl_Reset)
                  00004178    00000014     menu.o (.text.Menu_Init)
                  0000418c    00000014     mission_library.o (.text.MissionLibrary_FindById)
                  000041a0    00000014     mission_library.o (.text.MissionLibrary_GetByIndex)
                  000041b4    00000014     mission_manager.o (.text.MissionManager_GetSelectedMissionId)
                  000041c8    00000014     motion_action.o (.text.MotionAction_Init)
                  000041dc    00000014     obstacle_monitor.o (.text.ObstacleMonitor_Init)
                  000041f0    00000014     libclang_rt.builtins.a : aeabi_ldivmod.S.obj (.text.__aeabi_ldivmod)
                  00004204    00000012     libc.a : copy_decompress_none.c.obj (.text:decompress:none)
                  00004216    00000002     --HOLE-- [fill = 0]
                  00004218    00000010     key.o (.text.Key_GetEvent)
                  00004228    00000010     ti_msp_dl_config.o (.text.SYSCFG_DL_init)
                  00004238    0000000c     car_controller.o (.text.CarController_GetRunMode)
                  00004244    0000000c     car_state.o (.text.CarState_Get)
                  00004250    0000000c     car_state.o (.text.CarState_Init)
                  0000425c    0000000c     car_state.o (.text.CarState_Set)
                  00004268    0000000c     imu.o (.text.Imu_GetCorrectedGyroZDps)
                  00004274    0000000c     imu.o (.text.Imu_GetYaw)
                  00004280    0000000c     imu.o (.text.Imu_ResetYaw)
                  0000428c    0000000c     menu.o (.text.Menu_GetPage)
                  00004298    0000000c     menu.o (.text.Menu_GetParamItem)
                  000042a4    0000000c     oled_ui.o (.text.OledUi_Init)
                  000042b0    0000000a     driverlib.a : dl_common.o (.text.DL_Common_delayCycles)
                  000042ba    0000000a     track_sensor.o (.text.TrackSensor_IsCenterDetected)
                  000042c4    0000000a     track_sensor.o (.text.TrackSensor_IsLineDetected)
                  000042ce    0000000a     track_sensor.o (.text.TrackSensor_IsLineLost)
                  000042d8    00000008     car_controller.o (.text.CarController_GetFeedback)
                  000042e0    00000008     heading_control.o (.text.HeadingControl_GetRuntime)
                  000042e8    00000008     imu.o (.text.Imu_GetRuntime)
                  000042f0    00000008     mission_manager.o (.text.MissionManager_GetMissionCount)
                  000042f8    00000008     mission_manager.o (.text.MissionManager_GetRuntime)
                  00004300    00000008     motion_action.o (.text.MotionAction_GetRuntime)
                  00004308    00000008     obstacle_monitor.o (.text.ObstacleMonitor_GetFeedback)
                  00004310    00000008     ultrasonic.o (.text.Ultrasonic_GetFeedback)
                  00004318    00000008     libclang_rt.builtins.a : aeabi_memcpy.S.obj (.text.__aeabi_memcpy)
                  00004320    00000006     libc.a : exit.c.obj (.text:abort)
                  00004326    00000004     libsysbm.a : hostexit.c.obj (.text.HOSTexit)
                  0000432a    00000004     mission_library.o (.text.MissionLibrary_GetCount)
                  0000432e    00000004     startup_mspm0g350x_ticlang.o (.text.Reset_Handler)
                  00004332    00000004     libc.a : pre_init.c.obj (.text._system_pre_init)
                  00004336    00000002     --HOLE-- [fill = 0]

.cinit     0    00004b10    00000030     
                  00004b10    0000000c     (__TI_handler_table)
                  00004b1c    00000008     (.cinit..bss.load) [load image, compression = zero_init]
                  00004b24    00000005     (.cinit..data.load) [load image, compression = lzss]
                  00004b29    00000003     --HOLE-- [fill = 0]
                  00004b2c    00000010     (__TI_cinit_table)
                  00004b3c    00000004     --HOLE-- [fill = 0]

.rodata    0    00004338    000007d8     
                  00004338    000000d8     oled.o (.rodata..Lswitch.table.OLED_PrintChar)
                  00004410    000000a8     mission_library.o (.rodata.g_missionMapA)
                  000044b8    000000a8     mission_library.o (.rodata.g_missionMapB)
                  00004560    00000090     mission_library.o (.rodata.g_missionRegistry)
                  000045f0    00000078     mission_library.o (.rodata.g_missionMapC)
                  00004668    00000078     mission_library.o (.rodata.g_missionTestRight90Turn)
                  000046e0    00000078     mission_library.o (.rodata.g_missionTestSeekFollow)
                  00004758    00000048     mission_library.o (.rodata.g_missionLegacy)
                  000047a0    00000048     mission_library.o (.rodata.g_missionTestRight90Stop)
                  000047e8    00000048     mission_library.o (.rodata.g_missionTestSeekThenFollow)
                  00004830    00000034     mission_library.o (.rodata..Lswitch.table.MissionLibrary_FindById)
                  00004864    00000030     mission_library.o (.rodata.g_missionTestSeekThenStop)
                  00004894    0000001c     menu.o (.rodata..Lswitch.table.Menu_ParamItemToString)
                  000048b0    00000018     oled_ui.o (.rodata..Lswitch.table.OledUi_Update_20ms.47)
                  000048c8    00000018     oled_ui.o (.rodata..Lswitch.table.OledUi_Update_20ms)
                  000048e0    00000014     car_controller.o (.rodata..Lswitch.table.CarController_RunModeToString)
                  000048f4    0000000b     mission_library.o (.rodata.str1.1440970855772709381.1)
                  000048ff    0000000a     mission_library.o (.rodata.str1.11682660667400632204.1)
                  00004909    0000000a     mission_library.o (.rodata.str1.15604890807705439409.1)
                  00004913    00000009     mission_library.o (.rodata.str1.15668266851434757964.1)
                  0000491c    00000009     oled_ui.o (.rodata.str1.18266126048138325213.1)
                  00004925    00000008     mission_library.o (.rodata.str1.13636476544574750902.1)
                  0000492d    00000007     mission_library.o (.rodata.str1.199678142196697465.1)
                  00004934    00000007     oled_ui.o (.rodata.str1.9544068167406571052.1)
                  0000493b    00000006     oled_ui.o (.rodata.str1.1445687256832830955.1)
                  00004941    00000006     oled_ui.o (.rodata.str1.15008238333949226094.1)
                  00004947    00000006     oled_ui.o (.rodata.str1.15577080202403550426.1)
                  0000494d    00000006     oled_ui.o (.rodata.str1.15817398807211891688.1)
                  00004953    00000006     oled_ui.o (.rodata.str1.15859922799842739878.1)
                  00004959    00000006     mission_library.o (.rodata.str1.1642528554392422750.1)
                  0000495f    00000006     oled_ui.o (.rodata.str1.17540787658903907660.1)
                  00004965    00000006     mission_library.o (.rodata.str1.4251661066630729623.1)
                  0000496b    00000006     mission_library.o (.rodata.str1.4392264057376583881.1)
                  00004971    00000006     oled_ui.o (.rodata.str1.5965450730569173784.1)
                  00004977    00000005     oled.o (.rodata.oled_get_glyph.colon)
                  0000497c    00000005     oled.o (.rodata.oled_get_glyph.eight)
                  00004981    00000005     oled.o (.rodata.oled_get_glyph.five)
                  00004986    00000005     oled.o (.rodata.oled_get_glyph.four)
                  0000498b    00000005     oled.o (.rodata.oled_get_glyph.glyphA)
                  00004990    00000005     oled.o (.rodata.oled_get_glyph.glyphB)
                  00004995    00000005     oled.o (.rodata.oled_get_glyph.glyphC)
                  0000499a    00000005     oled.o (.rodata.oled_get_glyph.glyphD)
                  0000499f    00000005     oled.o (.rodata.oled_get_glyph.glyphE)
                  000049a4    00000005     oled.o (.rodata.oled_get_glyph.glyphG)
                  000049a9    00000005     oled.o (.rodata.oled_get_glyph.glyphH)
                  000049ae    00000005     oled.o (.rodata.oled_get_glyph.glyphI)
                  000049b3    00000005     oled.o (.rodata.oled_get_glyph.glyphK)
                  000049b8    00000005     oled.o (.rodata.oled_get_glyph.glyphL)
                  000049bd    00000005     oled.o (.rodata.oled_get_glyph.glyphM)
                  000049c2    00000005     oled.o (.rodata.oled_get_glyph.glyphN)
                  000049c7    00000005     oled.o (.rodata.oled_get_glyph.glyphO)
                  000049cc    00000005     oled.o (.rodata.oled_get_glyph.glyphP)
                  000049d1    00000005     oled.o (.rodata.oled_get_glyph.glyphR)
                  000049d6    00000005     oled.o (.rodata.oled_get_glyph.glyphS)
                  000049db    00000005     oled.o (.rodata.oled_get_glyph.glyphT)
                  000049e0    00000005     oled.o (.rodata.oled_get_glyph.glyphU)
                  000049e5    00000005     oled.o (.rodata.oled_get_glyph.glyphV)
                  000049ea    00000005     oled.o (.rodata.oled_get_glyph.glyphW)
                  000049ef    00000005     oled.o (.rodata.oled_get_glyph.glyphX)
                  000049f4    00000005     oled.o (.rodata.oled_get_glyph.glyphY)
                  000049f9    00000005     oled.o (.rodata.oled_get_glyph.glyphb)
                  000049fe    00000005     oled.o (.rodata.oled_get_glyph.gt)
                  00004a03    00000005     oled.o (.rodata.oled_get_glyph.minus)
                  00004a08    00000005     oled.o (.rodata.oled_get_glyph.nine)
                  00004a0d    00000005     oled.o (.rodata.oled_get_glyph.one)
                  00004a12    00000005     oled.o (.rodata.oled_get_glyph.seven)
                  00004a17    00000005     oled.o (.rodata.oled_get_glyph.six)
                  00004a1c    00000005     oled.o (.rodata.oled_get_glyph.space)
                  00004a21    00000005     oled.o (.rodata.oled_get_glyph.three)
                  00004a26    00000005     oled.o (.rodata.oled_get_glyph.two)
                  00004a2b    00000005     oled.o (.rodata.oled_get_glyph.zero)
                  00004a30    00000005     oled_ui.o (.rodata.str1.1108652269057166745.1)
                  00004a35    00000005     oled_ui.o (.rodata.str1.13790669171379415506.1)
                  00004a3a    00000005     oled_ui.o (.rodata.str1.13882251010780863896.1)
                  00004a3f    00000005     oled_ui.o (.rodata.str1.14134189893851348960.1)
                  00004a44    00000005     oled_ui.o (.rodata.str1.14358698208395374265.1)
                  00004a49    00000005     oled_ui.o (.rodata.str1.15917848551323629232.1)
                  00004a4e    00000005     oled_ui.o (.rodata.str1.17274519358952562110.1)
                  00004a53    00000005     oled_ui.o (.rodata.str1.17884296644359297425.1)
                  00004a58    00000005     car_controller.o (.rodata.str1.18191498530309206443.1)
                  00004a5d    00000005     oled_ui.o (.rodata.str1.18379317056176403938.1)
                  00004a62    00000005     oled_ui.o (.rodata.str1.270145429241168923.1)
                  00004a67    00000005     car_controller.o (.rodata.str1.4164979912472006574.1)
                  00004a6c    00000005     oled_ui.o (.rodata.str1.4402311448527872260.1)
                  00004a71    00000005     oled_ui.o (.rodata.str1.4581472623415959594.1)
                  00004a76    00000005     oled_ui.o (.rodata.str1.4610220316623841660.1)
                  00004a7b    00000005     menu.o (.rodata.str1.4862307748908978627.1)
                  00004a80    00000005     oled_ui.o (.rodata.str1.7219546930854689545.1)
                  00004a85    00000005     oled_ui.o (.rodata.str1.8426569189266129334.1)
                  00004a8a    00000005     oled_ui.o (.rodata.str1.8783421139296713095.1)
                  00004a8f    00000005     car_controller.o (.rodata.str1.9981487771679760427.1)
                  00004a94    00000004     oled_ui.o (.rodata.str1.1019225241002246410.1)
                  00004a98    00000004     oled_ui.o (.rodata.str1.10416366799939242409.1)
                  00004a9c    00000004     menu.o (.rodata.str1.12110183915172842339.1)
                  00004aa0    00000004     car_controller.o (.rodata.str1.12442237994239546032.1)
                  00004aa4    00000004     oled_ui.o (.rodata.str1.130772507669342127.1)
                  00004aa8    00000004     menu.o (.rodata.str1.13124720451672825294.1)
                  00004aac    00000004     oled_ui.o (.rodata.str1.13244290092665904221.1)
                  00004ab0    00000004     oled_ui.o (.rodata.str1.13567883086814673087.1)
                  00004ab4    00000004     menu.o (.rodata.str1.14098755746347272832.1)
                  00004ab8    00000004     menu.o (.rodata.str1.16312125044762562515.1)
                  00004abc    00000004     oled_ui.o (.rodata.str1.16411631209783952401.1)
                  00004ac0    00000004     oled_ui.o (.rodata.str1.16526439943277383452.1)
                  00004ac4    00000004     menu.o (.rodata.str1.17041139162815566052.1)
                  00004ac8    00000004     car_controller.o (.rodata.str1.17172356789460551389.1)
                  00004acc    00000004     oled_ui.o (.rodata.str1.2308938766145545715.1)
                  00004ad0    00000004     oled_ui.o (.rodata.str1.3025253791635144717.1)
                  00004ad4    00000004     oled_ui.o (.rodata.str1.3407221357956504873.1)
                  00004ad8    00000004     oled_ui.o (.rodata.str1.3455423528827705371.1)
                  00004adc    00000004     oled_ui.o (.rodata.str1.3702290527496711532.1)
                  00004ae0    00000004     oled_ui.o (.rodata.str1.5853739094453432564.1)
                  00004ae4    00000004     oled_ui.o (.rodata.str1.8236579331345056500.1)
                  00004ae8    00000004     oled_ui.o (.rodata.str1.9159586779647977165.1)
                  00004aec    00000004     car_controller.o (.rodata.str1.9234375891235759983.1)
                  00004af0    00000004     oled_ui.o (.rodata.str1.967006512144173535.1)
                  00004af4    00000003     oled_ui.o (.rodata.str1.11232419324784801130.1)
                  00004af7    00000003     oled_ui.o (.rodata.str1.14556837007311414654.1)
                  00004afa    00000003     oled_ui.o (.rodata.str1.16849766574302683489.1)
                  00004afd    00000003     oled_ui.o (.rodata.str1.16931641404301806744.1)
                  00004b00    00000003     oled_ui.o (.rodata.str1.17812014771544466701.1)
                  00004b03    00000003     menu.o (.rodata.str1.4646809750356241979.1)
                  00004b06    00000003     menu.o (.rodata.str1.6857549598058878762.1)
                  00004b09    00000003     oled_ui.o (.rodata.str1.9854382722193312766.1)
                  00004b0c    00000004     --HOLE-- [fill = 0]

.init_array 
*          0    00000000    00000000     UNINITIALIZED

.binit     0    00000000    00000000     

.bss       0    20200000    0000013f     UNINITIALIZED
                  20200000    0000004c     (.common:g_appConfig)
                  2020004c    00000028     (.common:g_appRuntime)
                  20200074    00000028     (.common:g_imuRuntime)
                  2020009c    0000001c     mission_manager.o (.bss.g_missionRuntime)
                  202000b8    00000014     (.common:g_headingRuntime)
                  202000cc    00000010     motion_action.o (.bss.g_motionActionRuntime)
                  202000dc    0000000e     car_controller.o (.bss.g_carControllerFeedback)
                  202000ea    00000002     ultrasonic.o (.bss.g_echoTicks)
                  202000ec    0000000e     ultrasonic.o (.bss.g_ultrasonicFeedback)
                  202000fa    00000008     obstacle_monitor.o (.bss.g_obstacleFeedback)
                  20200102    00000006     ultrasonic.o (.bss.g_distanceSamples)
                  20200108    00000006     key.o (.bss.g_key1)
                  2020010e    00000006     key.o (.bss.g_key2)
                  20200114    00000006     key.o (.bss.g_key3)
                  2020011a    00000002     ultrasonic.o (.bss.g_stateTicks)
                  2020011c    00000004     encoder.o (.bss.g_motorAPulses)
                  20200120    00000004     encoder.o (.bss.g_motorBPulses)
                  20200124    00000002     (.common:g_trackError)
                  20200126    00000001     oled_ui.o (.bss.OledUi_Update_20ms.refreshDivider)
                  20200127    00000001     empty.o (.bss.SysTick_Handler.controlMsCount)
                  20200128    00000001     empty.o (.bss.SysTick_Handler.tick100usCount)
                  20200129    00000001     ultrasonic.o (.bss.Ultrasonic_Update_20ms.triggerDivider)
                  2020012a    00000001     empty.o (.bss.g_appUpdateDue)
                  2020012b    00000001     car_state.o (.bss.g_carState)
                  2020012c    00000001     ultrasonic.o (.bss.g_distanceSampleCount)
                  2020012d    00000001     ultrasonic.o (.bss.g_distanceSampleIndex)
                  2020012e    00000001     motor.o (.bss.g_motorADutyLevel)
                  2020012f    00000001     motor.o (.bss.g_motorBDutyLevel)
                  20200130    00000001     oled.o (.bss.g_oledColumn)
                  20200131    00000001     menu.o (.bss.g_oledPage)
                  20200132    00000001     menu.o (.bss.g_paramItem)
                  20200133    00000001     key.o (.bss.g_pendingEvent)
                  20200134    00000001     motor.o (.bss.g_pwmPhase)
                  20200135    00000001     ultrasonic.o (.bss.g_triggerRequest)
                  20200136    00000001     ultrasonic.o (.bss.g_ultrasonicState)
                  20200137    00000001     (.common:g_carStateDebug)
                  20200138    00000001     (.common:g_keyEvent)
                  20200139    00000001     (.common:g_oledPageDebug)
                  2020013a    00000001     (.common:g_paramItemDebug)
                  2020013b    00000001     (.common:g_trackBlackCount)
                  2020013c    00000001     (.common:g_trackModeDebug)
                  2020013d    00000001     (.common:g_trackRaw)
                  2020013e    00000001     (.common:g_trackTurnDebug)

.data      0    2020013f    00000001     UNINITIALIZED
                  2020013f    00000001     car_controller.o (.data.g_followTurnPolicy)

.stack     0    20207e00    00000200     UNINITIALIZED
                  20207e00    00000004     libc.a : boot_cortex_m.c.obj (.stack)
                  20207e04    000001fc     --HOLE--

__llvm_prf_cnts 
*          0    20200000    00000000     UNINITIALIZED

__llvm_prf_bits 
*          0    20200000    00000000     UNINITIALIZED

MODULE SUMMARY

       Module                         code    ro data   rw data
       ------                         ----    -------   -------
    .\
       imu.o                          3304    0         40     
       oled.o                         2088    401       1      
       car_controller.o               2076    47        55     
       oled_ui.o                      1356    268       1      
       mission_library.o              172     1229      0      
       mission_manager.o              1156    0         28     
       app_config.o                   672     0         76     
       ultrasonic.o                   596     0         29     
       menu.o                         560     59        2      
       motion_action.o                568     0         16     
       heading_control.o              468     0         20     
       key.o                          436     0         19     
       track_sensor.o                 372     0         0      
       motor.o                        356     0         3      
       ti_msp_dl_config.o             300     0         0      
       app.o                          254     0         10     
       startup_mspm0g350x_ticlang.o   6       192       0      
       empty.o                        192     0         3      
       encoder.o                      144     0         8      
       obstacle_monitor.o             132     0         8      
       car_state.o                    36      0         1      
    +--+------------------------------+-------+---------+---------+
       Total:                         15244   2196      320    
                                                               
    C:/TI/mspm0_sdk_2_05_01_00/source/ti/driverlib/lib/ticlang/m0p/mspm0g1x0x_g3x0x/driverlib.a
       dl_common.o                    10      0         0      
    +--+------------------------------+-------+---------+---------+
       Total:                         10      0         0      
                                                               
    D:\TI\CCS\ccs\tools\compiler\ti-cgt-armllvm_4.0.4.LTS\lib\armv6m-ti-none-eabi/c/libc.a
       memcpy16.S.obj                 154     0         0      
       copy_decompress_lzss.c.obj     124     0         0      
       autoinit.c.obj                 60      0         0      
       boot_cortex_m.c.obj            40      0         0      
       copy_zero_init.c.obj           22      0         0      
       copy_decompress_none.c.obj     18      0         0      
       exit.c.obj                     6       0         0      
       pre_init.c.obj                 4       0         0      
    +--+------------------------------+-------+---------+---------+
       Total:                         428     0         0      
                                                               
    D:\TI\CCS\ccs\tools\compiler\ti-cgt-armllvm_4.0.4.LTS\lib\armv6m-ti-none-eabi/c/libsysbm.a
       hostexit.c.obj                 4       0         0      
    +--+------------------------------+-------+---------+---------+
       Total:                         4       0         0      
                                                               
    D:\TI\CCS\ccs\tools\compiler\ti-cgt-armllvm_4.0.4.LTS\lib\armv6m-ti-none-eabi/libclang_rt.builtins.a
       addsf3.S.obj                   216     0         0      
       udivmoddi4.S.obj               162     0         0      
       mulsf3.S.obj                   140     0         0      
       divsf3.S.obj                   130     0         0      
       comparesf2.S.obj               118     0         0      
       aeabi_fcmp.S.obj               98      0         0      
       aeabi_idivmod.S.obj            86      0         0      
       aeabi_uidivmod.S.obj           64      0         0      
       divmoddi4.c.obj                62      0         0      
       floatsisf.S.obj                60      0         0      
       muldsi3.S.obj                  58      0         0      
       fixsfsi.S.obj                  56      0         0      
       ashldi3.S.obj                  30      0         0      
       aeabi_ldivmod.S.obj            20      0         0      
       aeabi_memcpy.S.obj             8       0         0      
       aeabi_div0.c.obj               4       0         0      
    +--+------------------------------+-------+---------+---------+
       Total:                         1312    0         0      
                                                               
       Stack:                         0       0         512    
       Linker Generated:              0       41        0      
    +--+------------------------------+-------+---------+---------+
       Grand Total:                   16998   2237      832    


LINKER GENERATED COPY TABLES

__TI_cinit_table @ 00004b2c records: 2, size/record: 8, table size: 16
	.bss: load addr=00004b1c, load size=00000008 bytes, run addr=20200000, run size=0000013f bytes, compression=zero_init
	.data: load addr=00004b24, load size=00000005 bytes, run addr=2020013f, run size=00000001 bytes, compression=lzss


LINKER GENERATED HANDLER TABLE

__TI_handler_table @ 00004b10 records: 3, size/record: 4, table size: 12
	index: 0, handler: __TI_decompress_lzss
	index: 1, handler: __TI_decompress_none
	index: 2, handler: __TI_zero_init


GLOBAL SYMBOLS: SORTED ALPHABETICALLY BY Name 

address   name                                  
-------   ----                                  
00003247  ADC0_IRQHandler                       
00003247  ADC1_IRQHandler                       
00003247  AES_IRQHandler                        
00002f01  AppConfig_InitDefault                 
00001485  AppConfig_LimitAll                    
00003aa9  App_Init                              
00002bb5  App_Update_20ms                       
00004326  C$$EXIT                               
00003247  CANFD0_IRQHandler                     
000042d9  CarController_GetFeedback             
00004239  CarController_GetRunMode              
00003425  CarController_Init                    
00003491  CarController_ResetRuntime            
00004099  CarController_RunModeToString         
000032c5  CarController_StartFollowLine         
000030bd  CarController_StartSeekLine           
000034fd  CarController_StartTurnLeft90         
00003569  CarController_StartTurnRight90        
00003fdd  CarController_Stop                    
00000601  CarController_Update_20ms             
00004245  CarState_Get                          
00004251  CarState_Init                         
0000425d  CarState_Set                          
00003247  DAC0_IRQHandler                       
000042b1  DL_Common_delayCycles                 
00003247  DMA_IRQHandler                        
00003247  Default_Handler                       
000035d5  Encoder_HandleGpioInterrupt           
00003fb9  Encoder_Reset                         
00003247  GROUP0_IRQHandler                     
00004129  GROUP1_IRQHandler                     
00004327  HOSTexit                              
00003247  HardFault_Handler                     
0000413d  HeadingControl_Enable                 
000042e1  HeadingControl_GetRuntime             
00004151  HeadingControl_Init                   
000040b1  HeadingControl_LockCurrentYaw         
00004165  HeadingControl_Reset                  
000040c9  HeadingControl_SetTargetYaw           
00001eb5  HeadingControl_Update                 
00003247  I2C0_IRQHandler                       
00003247  I2C1_IRQHandler                       
00001271  Imu_CalibrateGyroBias                 
00004269  Imu_GetCorrectedGyroZDps              
000042e9  Imu_GetRuntime                        
00004275  Imu_GetYaw                            
00000d45  Imu_Init                              
0000407d  Imu_IsReady                           
00004281  Imu_ResetYaw                          
00002151  Imu_Update                            
00004219  Key_GetEvent                          
00003e81  Key_Init                              
00001d41  Key_Update_20ms                       
0000428d  Menu_GetPage                          
00004299  Menu_GetParamItem                     
000038a5  Menu_GetParamValue                    
00001bb1  Menu_HandleKeyEvent                   
00004179  Menu_Init                             
000040e1  Menu_ParamItemToString                
0000418d  MissionLibrary_FindById               
000041a1  MissionLibrary_GetByIndex             
0000432b  MissionLibrary_GetCount               
000031c7  MissionLibrary_Validate               
00003ee1  MissionManager_Cancel                 
000042f1  MissionManager_GetMissionCount        
000042f9  MissionManager_GetRuntime             
000041b5  MissionManager_GetSelectedMissionId   
000036ad  MissionManager_GetSelectedMissionIndex
00003af9  MissionManager_Init                   
00003ffd  MissionManager_Pause                  
00003eb1  MissionManager_Reset                  
0000401d  MissionManager_Resume                 
000025c1  MissionManager_SelectNext             
00002871  MissionManager_SelectPrevious         
00003c41  MissionManager_Start                  
000024cd  MissionManager_Update_20ms            
000040f9  MotionAction_Cancel                   
00004301  MotionAction_GetRuntime               
000041c9  MotionAction_Init                     
000026b1  MotionAction_Start                    
000023b1  MotionAction_Update_20ms              
00003da9  Motor_Init                            
00003a09  Motor_PwmTick100us                    
00002c65  Motor_SetSpeed                        
00003f0d  Motor_Stop                            
00003247  NMI_Handler                           
0000101d  OLED_Clear                            
00002945  OLED_Init                             
00003847  OLED_PrintBinary7                     
00002a19  OLED_PrintChar                        
00002015  OLED_PrintInt16                       
00003e4d  OLED_PrintString                      
00003e19  OLED_SetCursor                        
00004309  ObstacleMonitor_GetFeedback           
000041dd  ObstacleMonitor_Init                  
00003715  ObstacleMonitor_Update_20ms           
000042a5  OledUi_Init                           
000000c1  OledUi_Update_20ms                    
00003247  PendSV_Handler                        
00003247  RTC_IRQHandler                        
0000432f  Reset_Handler                         
00003247  SPI0_IRQHandler                       
00003247  SPI1_IRQHandler                       
00003247  SVC_Handler                           
00002d15  SYSCFG_DL_GPIO_init                   
00003b41  SYSCFG_DL_SYSCTL_init                 
00004229  SYSCFG_DL_init                        
00003f39  SYSCFG_DL_initPower                   
00003b81  SysTick_Handler                       
00003247  TIMA0_IRQHandler                      
00003247  TIMA1_IRQHandler                      
00003247  TIMG0_IRQHandler                      
00003247  TIMG12_IRQHandler                     
00003247  TIMG6_IRQHandler                      
00003247  TIMG7_IRQHandler                      
00003247  TIMG8_IRQHandler                      
00003f65  TrackSensor_CountBlack                
000033b5  TrackSensor_DetectTurn                
0000377d  TrackSensor_GetErrorFromRaw           
00003423  TrackSensor_Init                      
000042bb  TrackSensor_IsCenterDetected          
000042c5  TrackSensor_IsLineDetected            
000042cf  TrackSensor_IsLineLost                
000039b5  TrackSensor_ReadRaw                   
00003247  UART0_IRQHandler                      
00003247  UART1_IRQHandler                      
00003247  UART2_IRQHandler                      
00003247  UART3_IRQHandler                      
00004311  Ultrasonic_GetFeedback                
00003a59  Ultrasonic_Init                       
00001a11  Ultrasonic_Tick100us                  
00003901  Ultrasonic_Update_20ms                
20208000  __STACK_END                           
00000200  __STACK_SIZE                          
00000000  __TI_ATRegion0_region_sz              
00000000  __TI_ATRegion0_src_addr               
00000000  __TI_ATRegion0_trg_addr               
00000000  __TI_ATRegion1_region_sz              
00000000  __TI_ATRegion1_src_addr               
00000000  __TI_ATRegion1_trg_addr               
00000000  __TI_ATRegion2_region_sz              
00000000  __TI_ATRegion2_src_addr               
00000000  __TI_ATRegion2_trg_addr               
00004b2c  __TI_CINIT_Base                       
00004b3c  __TI_CINIT_Limit                      
00004b3c  __TI_CINIT_Warm                       
00004b10  __TI_Handler_Table_Base               
00004b1c  __TI_Handler_Table_Limit              
00003cf5  __TI_auto_init_nobinit_nopinit        
00003249  __TI_decompress_lzss                  
00004205  __TI_decompress_none                  
ffffffff  __TI_pprof_out_hndl                   
ffffffff  __TI_prof_data_size                   
ffffffff  __TI_prof_data_start                  
00000000  __TI_static_base__                    
00004111  __TI_zero_init_nomemset               
000027a3  __addsf3                              
00003de1  __aeabi_f2iz                          
000027a3  __aeabi_fadd                          
000037e5  __aeabi_fcmpeq                        
00003821  __aeabi_fcmpge                        
00003835  __aeabi_fcmpgt                        
0000380d  __aeabi_fcmple                        
000037f9  __aeabi_fcmplt                        
00003145  __aeabi_fdiv                          
00003031  __aeabi_fmul                          
00002799  __aeabi_fsub                          
00003c7d  __aeabi_i2f                           
0000395d  __aeabi_idiv                          
000037e3  __aeabi_idiv0                         
0000395d  __aeabi_idivmod                       
000039b3  __aeabi_ldiv0                         
000041f1  __aeabi_ldivmod                       
0000405d  __aeabi_llsl                          
00004319  __aeabi_memcpy                        
00004319  __aeabi_memcpy4                       
00004319  __aeabi_memcpy8                       
00003bc1  __aeabi_uidiv                         
00003bc1  __aeabi_uidivmod                      
0000405d  __ashldi3                             
ffffffff  __binit__                             
00003d31  __cmpsf2                              
00003c01  __divmoddi4                           
00003145  __divsf3                              
00003d31  __eqsf2                               
00003de1  __fixsfsi                             
00003c7d  __floatsisf                           
00003cb9  __gesf2                               
00003cb9  __gtsf2                               
00003d31  __lesf2                               
00003d31  __ltsf2                               
UNDEFED   __mpu_init                            
00003d6d  __muldsi3                             
00003031  __mulsf3                              
00003d31  __nesf2                               
20207e00  __stack                               
20200000  __start___llvm_prf_bits               
20200000  __start___llvm_prf_cnts               
20200000  __stop___llvm_prf_bits                
20200000  __stop___llvm_prf_cnts                
00002799  __subsf3                              
00002dc5  __udivmoddi4                          
00003f91  _c_int00_noargs                       
UNDEFED   _system_post_cinit                    
00004333  _system_pre_init                      
00004321  abort                                 
ffffffff  binit                                 
20200000  g_appConfig                           
2020004c  g_appRuntime                          
20200137  g_carStateDebug                       
202000b8  g_headingRuntime                      
20200074  g_imuRuntime                          
20200138  g_keyEvent                            
20200139  g_oledPageDebug                       
2020013a  g_paramItemDebug                      
2020013b  g_trackBlackCount                     
20200124  g_trackError                          
2020013c  g_trackModeDebug                      
2020013d  g_trackRaw                            
2020013e  g_trackTurnDebug                      
00000000  interruptVectors                      
00003641  main                                  
00002e67  memcpy                                


GLOBAL SYMBOLS: SORTED BY Symbol Address 

address   name                                  
-------   ----                                  
00000000  __TI_ATRegion0_region_sz              
00000000  __TI_ATRegion0_src_addr               
00000000  __TI_ATRegion0_trg_addr               
00000000  __TI_ATRegion1_region_sz              
00000000  __TI_ATRegion1_src_addr               
00000000  __TI_ATRegion1_trg_addr               
00000000  __TI_ATRegion2_region_sz              
00000000  __TI_ATRegion2_src_addr               
00000000  __TI_ATRegion2_trg_addr               
00000000  __TI_static_base__                    
00000000  interruptVectors                      
000000c1  OledUi_Update_20ms                    
00000200  __STACK_SIZE                          
00000601  CarController_Update_20ms             
00000d45  Imu_Init                              
0000101d  OLED_Clear                            
00001271  Imu_CalibrateGyroBias                 
00001485  AppConfig_LimitAll                    
00001a11  Ultrasonic_Tick100us                  
00001bb1  Menu_HandleKeyEvent                   
00001d41  Key_Update_20ms                       
00001eb5  HeadingControl_Update                 
00002015  OLED_PrintInt16                       
00002151  Imu_Update                            
000023b1  MotionAction_Update_20ms              
000024cd  MissionManager_Update_20ms            
000025c1  MissionManager_SelectNext             
000026b1  MotionAction_Start                    
00002799  __aeabi_fsub                          
00002799  __subsf3                              
000027a3  __addsf3                              
000027a3  __aeabi_fadd                          
00002871  MissionManager_SelectPrevious         
00002945  OLED_Init                             
00002a19  OLED_PrintChar                        
00002bb5  App_Update_20ms                       
00002c65  Motor_SetSpeed                        
00002d15  SYSCFG_DL_GPIO_init                   
00002dc5  __udivmoddi4                          
00002e67  memcpy                                
00002f01  AppConfig_InitDefault                 
00003031  __aeabi_fmul                          
00003031  __mulsf3                              
000030bd  CarController_StartSeekLine           
00003145  __aeabi_fdiv                          
00003145  __divsf3                              
000031c7  MissionLibrary_Validate               
00003247  ADC0_IRQHandler                       
00003247  ADC1_IRQHandler                       
00003247  AES_IRQHandler                        
00003247  CANFD0_IRQHandler                     
00003247  DAC0_IRQHandler                       
00003247  DMA_IRQHandler                        
00003247  Default_Handler                       
00003247  GROUP0_IRQHandler                     
00003247  HardFault_Handler                     
00003247  I2C0_IRQHandler                       
00003247  I2C1_IRQHandler                       
00003247  NMI_Handler                           
00003247  PendSV_Handler                        
00003247  RTC_IRQHandler                        
00003247  SPI0_IRQHandler                       
00003247  SPI1_IRQHandler                       
00003247  SVC_Handler                           
00003247  TIMA0_IRQHandler                      
00003247  TIMA1_IRQHandler                      
00003247  TIMG0_IRQHandler                      
00003247  TIMG12_IRQHandler                     
00003247  TIMG6_IRQHandler                      
00003247  TIMG7_IRQHandler                      
00003247  TIMG8_IRQHandler                      
00003247  UART0_IRQHandler                      
00003247  UART1_IRQHandler                      
00003247  UART2_IRQHandler                      
00003247  UART3_IRQHandler                      
00003249  __TI_decompress_lzss                  
000032c5  CarController_StartFollowLine         
000033b5  TrackSensor_DetectTurn                
00003423  TrackSensor_Init                      
00003425  CarController_Init                    
00003491  CarController_ResetRuntime            
000034fd  CarController_StartTurnLeft90         
00003569  CarController_StartTurnRight90        
000035d5  Encoder_HandleGpioInterrupt           
00003641  main                                  
000036ad  MissionManager_GetSelectedMissionIndex
00003715  ObstacleMonitor_Update_20ms           
0000377d  TrackSensor_GetErrorFromRaw           
000037e3  __aeabi_idiv0                         
000037e5  __aeabi_fcmpeq                        
000037f9  __aeabi_fcmplt                        
0000380d  __aeabi_fcmple                        
00003821  __aeabi_fcmpge                        
00003835  __aeabi_fcmpgt                        
00003847  OLED_PrintBinary7                     
000038a5  Menu_GetParamValue                    
00003901  Ultrasonic_Update_20ms                
0000395d  __aeabi_idiv                          
0000395d  __aeabi_idivmod                       
000039b3  __aeabi_ldiv0                         
000039b5  TrackSensor_ReadRaw                   
00003a09  Motor_PwmTick100us                    
00003a59  Ultrasonic_Init                       
00003aa9  App_Init                              
00003af9  MissionManager_Init                   
00003b41  SYSCFG_DL_SYSCTL_init                 
00003b81  SysTick_Handler                       
00003bc1  __aeabi_uidiv                         
00003bc1  __aeabi_uidivmod                      
00003c01  __divmoddi4                           
00003c41  MissionManager_Start                  
00003c7d  __aeabi_i2f                           
00003c7d  __floatsisf                           
00003cb9  __gesf2                               
00003cb9  __gtsf2                               
00003cf5  __TI_auto_init_nobinit_nopinit        
00003d31  __cmpsf2                              
00003d31  __eqsf2                               
00003d31  __lesf2                               
00003d31  __ltsf2                               
00003d31  __nesf2                               
00003d6d  __muldsi3                             
00003da9  Motor_Init                            
00003de1  __aeabi_f2iz                          
00003de1  __fixsfsi                             
00003e19  OLED_SetCursor                        
00003e4d  OLED_PrintString                      
00003e81  Key_Init                              
00003eb1  MissionManager_Reset                  
00003ee1  MissionManager_Cancel                 
00003f0d  Motor_Stop                            
00003f39  SYSCFG_DL_initPower                   
00003f65  TrackSensor_CountBlack                
00003f91  _c_int00_noargs                       
00003fb9  Encoder_Reset                         
00003fdd  CarController_Stop                    
00003ffd  MissionManager_Pause                  
0000401d  MissionManager_Resume                 
0000405d  __aeabi_llsl                          
0000405d  __ashldi3                             
0000407d  Imu_IsReady                           
00004099  CarController_RunModeToString         
000040b1  HeadingControl_LockCurrentYaw         
000040c9  HeadingControl_SetTargetYaw           
000040e1  Menu_ParamItemToString                
000040f9  MotionAction_Cancel                   
00004111  __TI_zero_init_nomemset               
00004129  GROUP1_IRQHandler                     
0000413d  HeadingControl_Enable                 
00004151  HeadingControl_Init                   
00004165  HeadingControl_Reset                  
00004179  Menu_Init                             
0000418d  MissionLibrary_FindById               
000041a1  MissionLibrary_GetByIndex             
000041b5  MissionManager_GetSelectedMissionId   
000041c9  MotionAction_Init                     
000041dd  ObstacleMonitor_Init                  
000041f1  __aeabi_ldivmod                       
00004205  __TI_decompress_none                  
00004219  Key_GetEvent                          
00004229  SYSCFG_DL_init                        
00004239  CarController_GetRunMode              
00004245  CarState_Get                          
00004251  CarState_Init                         
0000425d  CarState_Set                          
00004269  Imu_GetCorrectedGyroZDps              
00004275  Imu_GetYaw                            
00004281  Imu_ResetYaw                          
0000428d  Menu_GetPage                          
00004299  Menu_GetParamItem                     
000042a5  OledUi_Init                           
000042b1  DL_Common_delayCycles                 
000042bb  TrackSensor_IsCenterDetected          
000042c5  TrackSensor_IsLineDetected            
000042cf  TrackSensor_IsLineLost                
000042d9  CarController_GetFeedback             
000042e1  HeadingControl_GetRuntime             
000042e9  Imu_GetRuntime                        
000042f1  MissionManager_GetMissionCount        
000042f9  MissionManager_GetRuntime             
00004301  MotionAction_GetRuntime               
00004309  ObstacleMonitor_GetFeedback           
00004311  Ultrasonic_GetFeedback                
00004319  __aeabi_memcpy                        
00004319  __aeabi_memcpy4                       
00004319  __aeabi_memcpy8                       
00004321  abort                                 
00004326  C$$EXIT                               
00004327  HOSTexit                              
0000432b  MissionLibrary_GetCount               
0000432f  Reset_Handler                         
00004333  _system_pre_init                      
00004b10  __TI_Handler_Table_Base               
00004b1c  __TI_Handler_Table_Limit              
00004b2c  __TI_CINIT_Base                       
00004b3c  __TI_CINIT_Limit                      
00004b3c  __TI_CINIT_Warm                       
20200000  __start___llvm_prf_bits               
20200000  __start___llvm_prf_cnts               
20200000  __stop___llvm_prf_bits                
20200000  __stop___llvm_prf_cnts                
20200000  g_appConfig                           
2020004c  g_appRuntime                          
20200074  g_imuRuntime                          
202000b8  g_headingRuntime                      
20200124  g_trackError                          
20200137  g_carStateDebug                       
20200138  g_keyEvent                            
20200139  g_oledPageDebug                       
2020013a  g_paramItemDebug                      
2020013b  g_trackBlackCount                     
2020013c  g_trackModeDebug                      
2020013d  g_trackRaw                            
2020013e  g_trackTurnDebug                      
20207e00  __stack                               
20208000  __STACK_END                           
ffffffff  __TI_pprof_out_hndl                   
ffffffff  __TI_prof_data_size                   
ffffffff  __TI_prof_data_start                  
ffffffff  __binit__                             
ffffffff  binit                                 
UNDEFED   __mpu_init                            
UNDEFED   _system_post_cinit                    

[223 symbols]
