******************************************************************************
            TI ARM Clang Linker PC v4.0.4                      
******************************************************************************
>> Linked Fri Jul 31 05:42:58 2026

OUTPUT FILE NAME:   <diansaikaishi.out>
ENTRY POINT SYMBOL: "_c_int00_noargs"  address: 000109e9


MEMORY CONFIGURATION

         name            origin    length      used     unused   attr    fill
----------------------  --------  ---------  --------  --------  ----  --------
  FLASH                 00000000   00020000  00011fb0  0000e050  R  X
  SRAM                  20200000   00008000  0000120c  00006df4  RW X
  BCR_CONFIG            41c00000   000000ff  00000000  000000ff  R   
  BSL_CONFIG            41c00100   00000080  00000000  00000080  R   


SEGMENT ALLOCATION MAP

run origin  load origin   length   init length attrs members
----------  ----------- ---------- ----------- ----- -------
00000000    00000000    00011b10   00011b10    r-x
  00000000    00000000    000000c0   000000c0    r-- .intvecs
  000000c0    000000c0    00011188   00011188    r-x .text
  00011248    00011248    000008c8   000008c8    r-- .rodata
00011b70    00011b70    00000040   00000040    r--
  00011b70    00011b70    00000030   00000030    r-- .cinit
  00011ba0    00011ba0    00000010   00000010    r-- .binit
0001fc00    0001fc00    00000400   00000400    r--
  0001fc00    0001fc00    00000400   00000400    r-- .TI.bound:g_balanceCalibrationReservedSector
20200000    20200000    00000fac   00000000    rw-
  20200000    20200000    00000fab   00000000    rw- .bss
  20200fab    20200fab    00000001   00000000    rw- .data
20200fb0    00011b10    00000060   00000060    r-x
  20200fb0    00011b10    00000060   00000060    r-x .TI.ramfunc
20207e00    20207e00    00000200   00000000    rw-
  20207e00    20207e00    00000200   00000000    rw- .stack


SECTION ALLOCATION MAP

 output                                  attributes/
section   page    origin      length       input sections
--------  ----  ----------  ----------   ----------------
.intvecs   0    00000000    000000c0     
                  00000000    000000c0     startup_mspm0g350x_ticlang.o (.intvecs)

.text      0    000000c0    00011188     
                  000000c0    0000171c     oled_ui.o (.text.print_balance_stepper_test_page)
                  000017dc    00001570     oled_ui.o (.text.OledUi_Update_20ms)
                  00002d4c    00000ad8     oled_ui.o (.text.print_imu_counters_page)
                  00003824    0000064c     app_config.o (.text.AppConfig_LimitAll)
                  00003e70    000005ac     imu.o (.text.Imu_CalibrateGyroBias)
                  0000441c    00000594     vision_receiver.o (.text.VisionReceiver_Process)
                  000049b0    00000524     line_controller.o (.text.LineController_Update)
                  00004ed4    0000049c     runtime_snapshot.o (.text.RuntimeSnapshot_Update)
                  00005370    00000478     oled_ui.o (.text.print_sensor_page)
                  000057e8    0000044c     motor_control.o (.text.update_wheel)
                  00005c34    00000424     wheel_speed_estimator.o (.text.WheelSpeedEstimator_Update)
                  00006058    00000414     balance_position_control.o (.text.BalancePositionControl_Update20ms)
                  0000646c    000003f4     vision_protocol.o (.text.VisionProtocol_ParseBallAsciiLine)
                  00006860    000003e0     imu.o (.text.Imu_Update)
                  00006c40    00000380     imu.o (.text.Imu_Init)
                  00006fc0    0000037c     oled_ui.o (.text.print_heading_page)
                  0000733c    00000370     gimbal.o (.text.gimbal_update_feedback)
                  000076ac    0000033c     oled_ui.o (.text.print_drive_distance_page)
                  000079e8    00000308     balance_ball_control.o (.text.BalanceBallControl_Update20ms)
                  00007cf0    00000300     oled_ui.o (.text.print_motor_control_page)
                  00007ff0    000002f0     imu.o (.text.mpu6050_read_regs)
                  000082e0    000002dc     menu.o (.text.Menu_HandleKeyEvent)
                  000085bc    000002cc     car_controller.o (.text.handle_drive_distance)
                  00008888    000002b0     motion_action.o (.text.MotionAction_Update_20ms)
                  00008b38    00000290     balance_calibration_store.o (.text.BalanceCalibrationStore_Save)
                  00008dc8    0000028c     motor_control.o (.text.MotorControl_Update)
                  00009054    0000026c     balance_soft_limits.o (.text.BalanceSoftLimits_Update20ms)
                  000092c0    00000268     car_controller.o (.text.handle_turn_to_yaw)
                  00009528    00000250     menu.o (.text.menu_adjust_param)
                  00009778    00000220     app_config.o (.text.AppConfig_InitDefault)
                  00009998    00000220     motion_action.o (.text.motion_action_start_internal)
                  00009bb8    00000204     motor.o (.text.Motor_SetSpeed)
                  00009dbc    000001f0     oled_ui.o (.text.print_param_page)
                  00009fac    000001e8     motor_control.o (.text.config_is_valid)
                  0000a194    000001e4     mission_library.o (.text.MissionLibrary_Validate)
                  0000a378    000001cc     imu.o (.text.imu_i2c_write_byte)
                  0000a544    000001cc     oled_ui.o (.text.print_status_page)
                  0000a710    000001b8     oled.o (.text.oled_i2c_write_byte)
                  0000a8c8    000001a0     app.o (.text.App_Update_20ms)
                  0000aa68    000001a0     ultrasonic.o (.text.Ultrasonic_Tick100us)
                  0000ac08    0000019c     car_controller.o (.text.CarController_StartDriveDistanceAtYaw)
                  0000ada4    00000194     gimbal_stepper.o (.text.GimbalStepper_Tick100us)
                  0000af38    00000190     car_controller.o (.text.CarController_Update_20ms)
                  0000b0c8    00000188     oled_ui.o (.text.print_imu_page)
                  0000b250    00000174     key.o (.text.Key_Update_20ms)
                  0000b3c4    00000170     oled.o (.text.OLED_FlushPage)
                  0000b534    0000016c     oled.o (.text.OLED_PrintInt16)
                  0000b6a0    00000160     oled_ui.o (.text.print_balance_limit_value)
                  0000b800    0000015c     oled_ui.o (.text.print_signed_total_tail)
                  0000b95c    00000150     vision_protocol.o (.text.parse_decimal_x1000)
                  0000baac    0000014c     balance_soft_limits.o (.text.BalanceSoftLimits_CaptureCurrentStage)
                  0000bbf8    00000140     balance_calibration_store.o (.text.BalanceCalibrationStore_Load)
                  0000bd38    0000013c     balance_position_control.o (.text.BalancePositionControl_Start)
                  0000be74    0000012c     balance_soft_limits.o (.text.BalanceSoftLimits_StartOscillationTest)
                  0000bfa0    0000012c     imu.o (.text.imu_i2c_recover_bus)
                  0000c0cc    0000012c     oled_ui.o (.text.print_uint64_decimal)
                  0000c1f8    00000128     line_controller.o (.text.LineController_Reset)
                  0000c320    00000128     mission_manager.o (.text.MissionManager_Update_20ms)
                  0000c448    00000124     oled.o (.text.OLED_Init)
                  0000c56c    00000120     balance_soft_limits.o (.text.BalanceSoftLimits_StartRelativePositionMoveSteps)
                  0000c68c    00000120     oled_ui.o (.text.print_bluetooth_page)
                  0000c7ac    0000011c     car_controller.o (.text.handle_drive_heading)
                  0000c8c8    00000114     car_controller.o (.text.handle_follow_line)
                  0000c9dc    0000010c     balance_soft_limits.o (.text.BalanceSoftLimits_BeginAtCurrentAsZero)
                  0000cae8    0000010c     line_controller.o (.text.LineController_ResetControlState)
                  0000cbf4    00000108     vision_receiver.o (.text.accept_packet)
                  0000ccfc    00000104     driverlib.a : dl_timer.o (.text.DL_Timer_initFourCCPWMMode)
                  0000ce00    00000104     line_controller.o (.text.LineController_Init)
                  0000cf04    00000100     motor_control.o (.text.MotorControl_SetNormalizedTarget)
                  0000d004    00000100     ti_msp_dl_config.o (.text.SYSCFG_DL_GPIO_init)
                  0000d104    000000fc     mission_manager.o (.text.MissionManager_SelectNext)
                  0000d200    000000ec     heading_control.o (.text.HeadingControl_Update)
                  0000d2ec    000000e8     mission_manager.o (.text.MissionManager_SelectPrevious)
                  0000d3d4    000000e8     obstacle_safety.o (.text.ObstacleSafety_Update_20ms)
                  0000d4bc    000000e4     empty.o (.text.main)
                  0000d5a0    000000e0     wheel_speed_estimator.o (.text.WheelSpeedEstimator_Init)
                  0000d680    000000d8     driverlib.a : dl_flashctl.o (.text.DL_FlashCTL_unprotectSector)
                  0000d758    000000d8     oled.o (.text.OLED_PrintUInt16)
                  0000d830    000000d8     libclang_rt.builtins.a : addsf3.S.obj (.text)
                  0000d908    000000d4     car_controller.o (.text.CarController_StartDriveDistance)
                  0000d9dc    000000d4     gimbal_stepper.o (.text.GimbalStepper_MoveRelativeSteps)
                  0000dab0    000000cc     balance_encoder.o (.text.BalanceEncoder_HandleGpioInterrupt)
                  0000db7c    000000c8     fault.o (.text.FaultCode_ToShortString)
                  0000dc44    000000c0     angle_utils.o (.text.Angle_Normalize180)
                  0000dd04    000000c0     balance_soft_limits.o (.text.oscillation_target_for_phase)
                  0000ddc4    000000bc     balance_soft_limits.o (.text.BalanceSoftLimits_Init)
                  0000de80    000000bc     car_controller.o (.text.CarController_ResetRuntime)
                  0000df3c    000000bc     menu.o (.text.Menu_GetParamValue)
                  0000dff8    000000b4     gimbal_stepper.o (.text.GimbalStepper_StopHold)
                  0000e0ac    000000b0     gimbal_stepper.o (.text.GimbalStepper_Init)
                  0000e15c    000000b0     empty.o (.text.SysTick_Handler)
                  0000e20c    000000a8     balance_soft_limits.o (.text.BalanceSoftLimits_ArmRecalibration)
                  0000e2b4    000000a4     encoder.o (.text.Encoder_HandleGpioInterrupt)
                  0000e358    000000a4     balance_calibration_store.o (.text.calibration_crc32)
                  0000e3fc    000000a2     libclang_rt.builtins.a : udivmoddi4.S.obj (.text)
                  0000e49e    00000002     startup_mspm0g350x_ticlang.o (.text.Default_Handler)
                  0000e4a0    000000a0     balance_soft_limits.o (.text.BalanceSoftLimits_AbortCalibration)
                  0000e540    000000a0     car_controller.o (.text.drive_distance_high_decel_zone_cm)
                  0000e5e0    0000009c     obstacle_monitor.o (.text.ObstacleMonitor_Update_20ms)
                  0000e67c    0000009c     balance_ball_control.o (.text.return_toward_zero)
                  0000e718    0000009a     libc.a : memcpy16.S.obj (.text:memcpy)
                  0000e7b2    00000002     obstacle_avoidance.o (.text.ObstacleAvoidance_Update_20ms)
                  0000e7b4    00000098     balance_soft_limits.o (.text.BalanceSoftLimits_CancelRecalibration)
                  0000e84c    00000098     imu.o (.text.mpu6050_write_reg)
                  0000e8e4    00000094     car_controller.o (.text.CarController_StartTurnToYawRelative)
                  0000e978    00000094     balance_ball_control.o (.text.command_offset)
                  0000ea0c    00000090     car_controller.o (.text.CarController_ResetTransientState)
                  0000ea9c    0000008c     ti_msp_dl_config.o (.text.SYSCFG_DL_PWM_MOTOR_init)
                  0000eb28    0000008c     libclang_rt.builtins.a : mulsf3.S.obj (.text.__mulsf3)
                  0000ebb4    0000008c     car_controller.o (.text.heading_imu_wait_or_fail)
                  0000ec40    00000084     car_controller.o (.text.CarController_SetSafetyHold)
                  0000ecc4    00000084     gimbal_stepper.o (.text.GimbalStepper_ConfirmZero)
                  0000ed48    00000084     motor.o (.text.Motor_Init)
                  0000edcc    00000082     libclang_rt.builtins.a : divsf3.S.obj (.text.__divsf3)
                  0000ee4e    00000002     track_sensor.o (.text.TrackSensor_Init)
                  0000ee50    00000080     car_controller.o (.text.CarController_StartDriveHeading)
                  0000eed0    00000080     motor.o (.text.Motor_Stop)
                  0000ef50    0000007e     app.o (.text.App_Init)
                  0000efce    00000002     vision_uart.o (.text.VisionUart_Process)
                  0000efd0    0000007c     balance_soft_limits.o (.text.BalanceSoftLimits_Enforce100usFromIsr)
                  0000f04c    0000007c     libc.a : copy_decompress_lzss.c.obj (.text:decompress:lzss)
                  0000f0c8    00000078     balance_position_control.o (.text.BalancePositionControl_ResetFault)
                  0000f140    00000078     oled.o (.text.oled_write_command)
                  0000f1b8    00000074     motor_control.o (.text.latch_control_error)
                  0000f22c    00000070     gimbal_stepper.o (.text.GimbalStepper_Release)
                  0000f29c    00000070     ti_msp_dl_config.o (.text.SYSCFG_DL_UART_VISION_init)
                  0000f30c    0000006e     track_sensor.o (.text.TrackSensor_DetectTurn)
                  0000f37a    00000002     libclang_rt.builtins.a : aeabi_div0.c.obj (.text.__aeabi_idiv0)
                  0000f37c    00000068     mission_manager.o (.text.MissionManager_GetSelectedMissionIndex)
                  0000f3e4    00000068     car_controller.o (.text.set_output_speed)
                  0000f44c    00000066     track_sensor.o (.text.TrackSensor_GetErrorFromRaw)
                  0000f4b2    00000002     libclang_rt.builtins.a : aeabi_div0.c.obj (.text.__aeabi_ldiv0)
                  0000f4b4    00000064     balance_soft_limits.o (.text.BalanceSoftLimits_ResetPositionFault)
                  0000f518    00000064     mission_manager.o (.text.MissionManager_Start)
                  0000f57c    00000062     app.o (.text.App_ResetToReady)
                  0000f5de    00000002     --HOLE-- [fill = 0]
                  0000f5e0    00000062     libclang_rt.builtins.a : aeabi_fcmp.S.obj (.text.__aeabi_fcmp)
                  0000f642    00000062     libc.a : memset16.S.obj (.text:memset)
                  0000f6a4    00000060     balance_position_control.o (.text.BalancePositionControl_Init)
                  0000f704    00000060     libclang_rt.builtins.a : fixsfdi.S.obj (.text.__fixsfdi)
                  0000f764    0000005c     ultrasonic.o (.text.Ultrasonic_Update_20ms)
                  0000f7c0    0000005c     vision_receiver.o (.text.VisionReceiver_Init)
                  0000f81c    0000005c     vision_protocol.o (.text.parse_u32)
                  0000f878    0000005c     car_controller.o (.text.speed_cmps_to_normalized_command)
                  0000f8d4    0000005c     balance_soft_limits.o (.text.test_start_target)
                  0000f930    00000058     balance_encoder.o (.text.BalanceEncoder_Init)
                  0000f988    00000058     mission_manager.o (.text.MissionManager_Init)
                  0000f9e0    00000058     oled.o (.text.OLED_PrintChar)
                  0000fa38    00000058     balance_ball_control.o (.text.ensure_tracking_started)
                  0000fa90    00000058     motion_action.o (.text.motion_action_start_imu_controller)
                  0000fae8    00000056     libclang_rt.builtins.a : aeabi_idivmod.S.obj (.text.__aeabi_idivmod)
                  0000fb3e    00000002     --HOLE-- [fill = 0]
                  0000fb40    00000054     car_controller.o (.text.CarController_Stop)
                  0000fb94    00000054     track_sensor.o (.text.TrackSensor_ReadRaw)
                  0000fbe8    00000054     watchdog_monitor.o (.text.WatchdogMonitor_ApplyFaultIfNeeded)
                  0000fc3c    00000050     balance_position_control.o (.text.BalancePositionControl_SetTrackingTarget)
                  0000fc8c    00000050     balance_soft_limits.o (.text.BalanceSoftLimits_GetSnapshot)
                  0000fcdc    00000050     ultrasonic.o (.text.Ultrasonic_Init)
                  0000fd2c    00000050     watchdog_monitor.o (.text.WatchdogMonitor_Tick1msFromIsr)
                  0000fd7c    00000050     menu.o (.text.menu_next_main_page)
                  0000fdcc    0000004e     libclang_rt.builtins.a : floatdisf.S.obj (.text.__floatdisf)
                  0000fe1a    00000002     --HOLE-- [fill = 0]
                  0000fe1c    0000004c     motor_control.o (.text.MotorControl_Stop)
                  0000fe68    0000004c     libc.a : cpy_tbl.c.obj (.text.copy_in)
                  0000feb4    0000004c     vision_protocol.o (.text.state_is_valid)
                  0000ff00    0000004c     libc.a : autoinit.c.obj (.text:__TI_auto_init_nopinit)
                  0000ff4c    00000048     driverlib.a : dl_uart.o (.text.DL_UART_init)
                  0000ff94    00000048     mission_manager.o (.text.MissionManager_Cancel)
                  0000ffdc    00000044     car_controller.o (.text.CarController_StartFollowLine)
                  00010020    00000044     emergency_stop.o (.text.EmergencyStop_Reset)
                  00010064    00000044     encoder.o (.text.Encoder_GetAndClearPulseDeltas)
                  000100a8    00000044     imu.o (.text.Imu_ResetYaw)
                  000100ec    00000044     mission_manager.o (.text.MissionManager_Reset)
                  00010130    00000044     servo.o (.text.Servo_Tick100us)
                  00010174    00000044     vision_uart.o (.text.UART3_IRQHandler)
                  000101b8    00000040     balance_ball_control.o (.text.BalanceBallControl_Enable)
                  000101f8    00000040     balance_encoder.o (.text.BalanceEncoder_GetSnapshot)
                  00010238    00000040     balance_soft_limits.o (.text.BalanceSoftLimits_StopMotion)
                  00010278    00000040     car_controller.o (.text.CarController_ResumeFollowLine)
                  000102b8    00000040     fault.o (.text.Fault_Raise)
                  000102f8    00000040     ti_msp_dl_config.o (.text.SYSCFG_DL_SYSCTL_init)
                  00010338    00000040     ti_msp_dl_config.o (.text.SYSCFG_DL_initPower)
                  00010378    00000040     vision_receiver.o (.text.VisionReceiver_PushByteFromIsr)
                  000103b8    00000040     libclang_rt.builtins.a : aeabi_uidivmod.S.obj (.text.__aeabi_uidivmod)
                  000103f8    00000040     vision_protocol.o (.text.parse_confidence)
                  00010438    0000003e     libclang_rt.builtins.a : divmoddi4.c.obj (.text.__divmoddi4)
                  00010476    00000002     --HOLE-- [fill = 0]
                  00010478    0000003c     balance_ball_control.o (.text.BalanceBallControl_Init)
                  000104b4    0000003c     mission_manager.o (.text.MissionManager_Resume)
                  000104f0    0000003c     servo.o (.text.Servo_SetAngleDeg)
                  0001052c    0000003c     libclang_rt.builtins.a : floatsisf.S.obj (.text.__floatsisf)
                  00010568    0000003c                            : comparesf2.S.obj (.text.__gtsf2)
                  000105a4    0000003a                            : comparesf2.S.obj (.text.__eqsf2)
                  000105de    00000002     --HOLE-- [fill = 0]
                  000105e0    0000003a                            : muldsi3.S.obj (.text.__muldsi3)
                  0001061a    00000002     --HOLE-- [fill = 0]
                  0001061c    00000038     emergency_stop.o (.text.EmergencyStop_Trigger)
                  00010654    00000038     libclang_rt.builtins.a : fixsfsi.S.obj (.text.__fixsfsi)
                  0001068c    00000034     balance_position_control.o (.text.BalancePositionControl_Cancel)
                  000106c0    00000034     imu.o (.text.Imu_IsReady)
                  000106f4    00000034     mission_library.o (.text.MissionLibrary_FindById)
                  00010728    00000032     oled.o (.text.OLED_PrintString)
                  0001075a    00000002     --HOLE-- [fill = 0]
                  0001075c    00000030     key.o (.text.Key_Init)
                  0001078c    00000030     line_controller.o (.text.LineController_ObserveSensors)
                  000107bc    00000030     watchdog_monitor.o (.text.WatchdogMonitor_Init)
                  000107ec    00000030     watchdog_monitor.o (.text.WatchdogMonitor_Reset)
                  0001081c    0000002c     balance_position_control.o (.text.BalancePositionControl_GetSnapshot)
                  00010848    0000002c     balance_position_control.o (.text.BalancePositionControl_StartTracking)
                  00010874    0000002c     encoder.o (.text.Encoder_Reset)
                  000108a0    0000002c     mission_manager.o (.text.MissionManager_Pause)
                  000108cc    0000002c     track_sensor.o (.text.TrackSensor_CountBlack)
                  000108f8    00000028     balance_soft_limits.o (.text.BalanceSoftLimits_CancelTravelTest)
                  00010920    00000028     driverlib.a : dl_flashctl.o (.text.DL_FlashCTL_programMemoryFromRAM64WithECCGenerated)
                  00010948    00000028     emergency_stop.o (.text.EmergencyStop_Enforce)
                  00010970    00000028     magnet.o (.text.Magnet_ForceOff)
                  00010998    00000028     servo.o (.text.Servo_Init)
                  000109c0    00000028     libclang_rt.builtins.a : floatunsisf.S.obj (.text.__floatunsisf)
                  000109e8    00000028     libc.a : boot_cortex_m.c.obj (.text:_c_int00_noargs)
                  00010a10    00000024     balance_encoder.o (.text.BalanceEncoder_SampleSpeed10msFromIsr)
                  00010a34    00000024     balance_soft_limits.o (.text.BalanceSoftLimits_CancelOscillationTest)
                  00010a58    00000024     gimbal_stepper.o (.text.GimbalStepper_GetFeedbackSnapshot)
                  00010a7c    00000024     mission_manager.o (.text.MissionManager_ReportExternalFailure)
                  00010aa0    00000024     motor_control.o (.text.MotorControl_Init)
                  00010ac4    00000024     motor_control.o (.text.MotorControl_Reset)
                  00010ae8    00000024     oled.o (.text.OLED_ClearBuffer)
                  00010b0c    00000024     ti_msp_dl_config.o (.text.SYSCFG_DL_init)
                  00010b30    00000024     libclang_rt.builtins.a : muldi3.S.obj (.text.__muldi3)
                  00010b54    00000020     driverlib.a : dl_timer.o (.text.DL_Timer_overrideCCPOut)
                  00010b74    00000020     debug_telemetry.o (.text.DebugTelemetry_Update)
                  00010b94    00000020     empty.o (.text.GROUP1_IRQHandler)
                  00010bb4    00000020     magnet.o (.text.Magnet_Init)
                  00010bd4    00000020     oled.o (.text.OLED_SetCursor)
                  00010bf4    00000020     empty.o (.text.SchedulerMonitor_GetStats)
                  00010c14    00000020     vision_receiver.o (.text.VisionReceiver_GetProtocolErrorCount)
                  00010c34    00000020     mission_manager.o (.text.mission_finish_error)
                  00010c54    0000001e     libclang_rt.builtins.a : ashldi3.S.obj (.text.__ashldi3)
                  00010c72    00000002     --HOLE-- [fill = 0]
                  00010c74    0000001c     balance_ball_control.o (.text.BalanceBallControl_Disable)
                  00010c90    0000001c     balance_ball_control.o (.text.BalanceBallControl_ForceStop)
                  00010cac    0000001c     balance_ball_control.o (.text.BalanceBallControl_GetSnapshot)
                  00010cc8    0000001c     driverlib.a : dl_timer.o (.text.DL_Timer_setCaptCompUpdateMethod)
                  00010ce4    0000001c                 : dl_timer.o (.text.DL_Timer_setClockConfig)
                  00010d00    0000001c     heading_control.o (.text.HeadingControl_SetTargetYaw)
                  00010d1c    0000001c     menu.o (.text.Menu_Init)
                  00010d38    0000001c     motion_action.o (.text.MotionAction_Cancel)
                  00010d54    0000001c     obstacle_monitor.o (.text.ObstacleMonitor_Init)
                  00010d70    0000001c     obstacle_safety.o (.text.ObstacleSafety_Init)
                  00010d8c    0000001c     watchdog_monitor.o (.text.WatchdogMonitor_NotifyControlCycleComplete)
                  00010da8    0000001c     mission_manager.o (.text.mission_finish_success)
                  00010dc4    00000018     driverlib.a : dl_flashctl.o (.text.DL_FlashCTL_eraseMemoryFromRAM)
                  00010ddc    00000018                 : dl_timer.o (.text.DL_Timer_setCaptureCompareOutCtl)
                  00010df4    00000018     debug_telemetry.o (.text.DebugTelemetry_Init)
                  00010e0c    00000018     heading_control.o (.text.HeadingControl_Init)
                  00010e24    00000018     heading_control.o (.text.HeadingControl_Reset)
                  00010e3c    00000018     menu.o (.text.Menu_ParamItemToString)
                  00010e54    00000018     motion_action.o (.text.MotionAction_Init)
                  00010e6c    00000018     obstacle_avoidance.o (.text.ObstacleAvoidance_Init)
                  00010e84    00000018     runtime_snapshot.o (.text.RuntimeSnapshot_Init)
                  00010e9c    00000016     libclang_rt.builtins.a : comparesf2.S.obj (.text.__unordsf2)
                  00010eb2    00000002     --HOLE-- [fill = 0]
                  00010eb4    00000014     fault.o (.text.Fault_Clear)
                  00010ec8    00000014     fault.o (.text.Fault_Init)
                  00010edc    00000014     gimbal_stepper.o (.text.GimbalStepper_SetStepHalfPeriodTicks)
                  00010ef0    00000014     heading_control.o (.text.HeadingControl_Enable)
                  00010f04    00000014     mission_library.o (.text.MissionLibrary_GetByIndex)
                  00010f18    00000014     mission_manager.o (.text.MissionManager_GetSelectedMissionId)
                  00010f2c    00000014     vision_uart.o (.text.VisionUart_Init)
                  00010f40    00000014     libclang_rt.builtins.a : aeabi_ldivmod.S.obj (.text.__aeabi_ldivmod)
                  00010f54    00000014                            : aeabi_uldivmod.S.obj (.text.__aeabi_uldivmod)
                  00010f68    00000012     driverlib.a : dl_uart.o (.text.DL_UART_setClockConfig)
                  00010f7a    00000012     libc.a : copy_decompress_none.c.obj (.text:decompress:none)
                  00010f8c    00000010     balance_position_control.o (.text.BalancePositionControl_HasFault)
                  00010f9c    00000010     driverlib.a : dl_timer.o (.text.DL_Timer_setCaptureCompareValue)
                  00010fac    00000010     gimbal.o (.text.Gimbal_YawGetFeedback)
                  00010fbc    00000010     key.o (.text.Key_GetEvent)
                  00010fcc    00000010     libc.a : copy_zero_init.c.obj (.text:decompress:ZI)
                  00010fdc    0000000c     balance_encoder.o (.text.BalanceEncoder_GetCountAtomic)
                  00010fe8    0000000c     balance_position_control.o (.text.BalancePositionControl_IsBusy)
                  00010ff4    0000000c     balance_soft_limits.o (.text.BalanceSoftLimits_IsCalibrationActive)
                  00011000    0000000c     balance_soft_limits.o (.text.BalanceSoftLimits_IsOscillationTestActive)
                  0001100c    0000000c     balance_soft_limits.o (.text.BalanceSoftLimits_IsTravelTestActive)
                  00011018    0000000c     car_controller.o (.text.CarController_GetRunMode)
                  00011024    0000000c     car_controller.o (.text.CarController_Init)
                  00011030    0000000c     car_controller.o (.text.CarController_IsSafetyHoldActive)
                  0001103c    0000000c     car_state.o (.text.CarState_Get)
                  00011048    0000000c     car_state.o (.text.CarState_Init)
                  00011054    0000000c     car_state.o (.text.CarState_Set)
                  00011060    0000000c     emergency_stop.o (.text.EmergencyStop_Init)
                  0001106c    0000000c     emergency_stop.o (.text.EmergencyStop_IsActive)
                  00011078    0000000c     imu.o (.text.Imu_GetCorrectedGyroZDps)
                  00011084    0000000c     imu.o (.text.Imu_GetYaw)
                  00011090    0000000c     menu.o (.text.Menu_GetPage)
                  0001109c    0000000c     menu.o (.text.Menu_GetParamItem)
                  000110a8    0000000c     mission_manager.o (.text.MissionManager_IsExternallyHeld)
                  000110b4    0000000c     mission_manager.o (.text.MissionManager_SetExternalHold)
                  000110c0    0000000c     obstacle_avoidance.o (.text.ObstacleAvoidance_IsActive)
                  000110cc    0000000c     obstacle_avoidance.o (.text.ObstacleAvoidance_IsFailed)
                  000110d8    0000000c     obstacle_safety.o (.text.ObstacleSafety_IsHolding)
                  000110e4    0000000c     empty.o (.text.SystemTime_GetMs)
                  000110f0    0000000c     watchdog_monitor.o (.text.WatchdogMonitor_HasTripped)
                  000110fc    0000000c     libclang_rt.builtins.a : aeabi_memset.S.obj (.text.__aeabi_memclr)
                  00011108    0000000a     driverlib.a : dl_common.o (.text.DL_Common_delayCycles)
                  00011112    0000000a     motion_action.o (.text.MotionAction_Resume)
                  0001111c    0000000a     motion_action.o (.text.MotionAction_Start)
                  00011126    0000000a     track_sensor.o (.text.TrackSensor_IsCenterDetected)
                  00011130    0000000a     track_sensor.o (.text.TrackSensor_IsLineDetected)
                  0001113a    0000000a     track_sensor.o (.text.TrackSensor_IsLineLost)
                  00011144    00000008     balance_soft_limits.o (.text.BalanceSoftLimits_CancelPositionMove)
                  0001114c    00000008     balance_soft_limits.o (.text.BalanceSoftLimits_IsPositionMoveActive)
                  00011154    00000008     bluetooth_uart.o (.text.BluetoothUart_GetRuntime)
                  0001115c    00000008     car_controller.o (.text.CarController_GetFeedback)
                  00011164    00000008     fault.o (.text.Fault_GetRecord)
                  0001116c    00000008     gimbal_stepper.o (.text.GimbalStepper_GetFeedback)
                  00011174    00000008     heading_control.o (.text.HeadingControl_GetRuntime)
                  0001117c    00000008     imu.o (.text.Imu_GetRuntime)
                  00011184    00000008     line_controller.o (.text.LineController_GetRuntime)
                  0001118c    00000008     mission_manager.o (.text.MissionManager_GetMissionCount)
                  00011194    00000008     mission_manager.o (.text.MissionManager_GetRuntime)
                  0001119c    00000008     motion_action.o (.text.MotionAction_GetRuntime)
                  000111a4    00000008     motor_control.o (.text.MotorControl_GetRuntime)
                  000111ac    00000008     obstacle_avoidance.o (.text.ObstacleAvoidance_GetFeedback)
                  000111b4    00000008     obstacle_monitor.o (.text.ObstacleMonitor_GetFeedback)
                  000111bc    00000008     oled_ui.o (.text.OledUi_Init)
                  000111c4    00000008     runtime_snapshot.o (.text.RuntimeSnapshot_Get)
                  000111cc    00000008     servo.o (.text.Servo_GetFeedback)
                  000111d4    00000008     ultrasonic.o (.text.Ultrasonic_GetFeedback)
                  000111dc    00000008     vision_receiver.o (.text.VisionReceiver_GetBallPositionObservation)
                  000111e4    00000008     vision_receiver.o (.text.VisionReceiver_GetStatus)
                  000111ec    00000008     vision_tuning_console.o (.text.VisionTuningConsole_GetStatus)
                  000111f4    00000008     watchdog_monitor.o (.text.WatchdogMonitor_GetStatus)
                  000111fc    00000008     wheel_speed_estimator.o (.text.WheelSpeedEstimator_GetRuntime)
                  00011204    00000008     libclang_rt.builtins.a : aeabi_memcpy.S.obj (.text.__aeabi_memcpy)
                  0001120c    00000006     libc.a : exit.c.obj (.text:abort)
                  00011212    00000004     libsysbm.a : hostexit.c.obj (.text.HOSTexit)
                  00011216    00000004     mission_library.o (.text.MissionLibrary_GetCount)
                  0001121a    00000004     obstacle_avoidance.o (.text.ObstacleAvoidance_IsResumeGraceActive)
                  0001121e    00000004     startup_mspm0g350x_ticlang.o (.text.Reset_Handler)
                  00011222    00000002     --HOLE-- [fill = 0]
                  00011224    00000010     libc.a : boot_cortex_m.c.obj (.tramp._c_int00_noargs.1)
                  00011234    00000004            : pre_init.c.obj (.text._system_pre_init)
                  00011238    00000010     driverlib.a : dl_flashctl.o (.tramp.DL_FlashCTL_executeCommandFromRAM.1)

.TI.ramfunc 
*          0    00011b10    00000060     RUN ADDR = 20200fb0
                  00011b10    00000060     driverlib.a : dl_flashctl.o (.TI.ramfunc)

.cinit     0    00011b70    00000030     
                  00011b70    0000000c     (__TI_handler_table)
                  00011b7c    00000008     (.cinit..bss.load) [load image, compression = zero_init]
                  00011b84    00000005     (.cinit..data.load) [load image, compression = lzss]
                  00011b89    00000003     --HOLE-- [fill = 0]
                  00011b8c    00000010     (__TI_cinit_table)
                  00011b9c    00000004     --HOLE-- [fill = 0]

.rodata    0    00011248    000008c8     
                  00011248    000000d8     oled.o (.rodata..Lswitch.table.OLED_PrintChar)
                  00011320    00000048     mission_library.o (.rodata.g_missionCompetitionMain)
                  00011368    00000048     mission_library.o (.rodata.g_missionTestDistance20)
                  000113b0    00000048     mission_library.o (.rodata.g_missionTestLine)
                  000113f8    00000048     mission_library.o (.rodata.g_missionTestTurn)
                  00011440    00000040     mission_library.o (.rodata.g_missionRegistry)
                  00011480    0000002c     oled_ui.o (.rodata..Lswitch.table.print_status_page)
                  000114ac    00000020     menu.o (.rodata..Lswitch.table.Menu_ParamItemToString)
                  000114cc    0000001c     oled_ui.o (.rodata..Lswitch.table.print_balance_stepper_test_page.188)
                  000114e8    0000001c     oled_ui.o (.rodata..Lswitch.table.print_drive_distance_page)
                  00011504    00000018     oled_ui.o (.rodata..Lswitch.table.OledUi_Update_20ms)
                  0001151c    00000018     oled_ui.o (.rodata..Lswitch.table.print_status_page.189)
                  00011534    00000014     oled_ui.o (.rodata..Lswitch.table.print_balance_stepper_test_page.182)
                  00011548    00000014     oled_ui.o (.rodata..Lswitch.table.print_balance_stepper_test_page.184)
                  0001155c    00000014     oled_ui.o (.rodata..Lswitch.table.print_status_page.190)
                  00011570    00000013     oled_ui.o (.rodata.str1.14774750633985060196.1)
                  00011583    00000011     oled_ui.o (.rodata.str1.14521350379984854626.1)
                  00011594    00000011     oled_ui.o (.rodata.str1.17763087492223448992.1)
                  000115a5    00000011     oled_ui.o (.rodata.str1.9584387800903135389.1)
                  000115b6    00000002     ti_msp_dl_config.o (.rodata.gUART_VISIONClockConfig)
                  000115b8    00000010     oled_ui.o (.rodata..Lswitch.table.print_balance_stepper_test_page.185)
                  000115c8    00000010     balance_encoder.o (.rodata.cst16)
                  000115d8    00000010     oled_ui.o (.rodata.str1.12697925274637991987.1)
                  000115e8    00000010     oled_ui.o (.rodata.str1.9351772214919528733.1)
                  000115f8    00000010     oled_ui.o (.rodata.str1.9822857334037886482.1)
                  00011608    0000000f     oled_ui.o (.rodata.str1.9229350655415085.1)
                  00011617    0000000e     oled_ui.o (.rodata.str1.10416366799939242409.1)
                  00011625    0000000e     oled_ui.o (.rodata.str1.10430294223631918979.1)
                  00011633    0000000e     oled_ui.o (.rodata.str1.14711868471336838103.1)
                  00011641    00000003     ti_msp_dl_config.o (.rodata.gPWM_MOTORClockConfig)
                  00011644    0000000c     oled_ui.o (.rodata..Lswitch.table.print_balance_stepper_test_page.183)
                  00011650    0000000c     oled_ui.o (.rodata..Lswitch.table.print_balance_stepper_test_page.186)
                  0001165c    0000000c     oled_ui.o (.rodata..Lswitch.table.print_balance_stepper_test_page)
                  00011668    0000000c     oled_ui.o (.rodata..Lswitch.table.print_sensor_page)
                  00011674    0000000c     oled_ui.o (.rodata.str1.16290499236105125126.1)
                  00011680    0000000b     oled_ui.o (.rodata.str1.13882251010780863896.1)
                  0001168b    00000001     --HOLE-- [fill = 0]
                  0001168c    0000000a     ti_msp_dl_config.o (.rodata.gUART_VISIONConfig)
                  00011696    0000000a     mission_library.o (.rodata.str1.13636476544574750902.1)
                  000116a0    0000000a     mission_library.o (.rodata.str1.15668266851434757964.1)
                  000116aa    0000000a     oled_ui.o (.rodata.str1.17540787658903907660.1)
                  000116b4    0000000a     mission_library.o (.rodata.str1.199678142196697465.1)
                  000116be    0000000a     oled_ui.o (.rodata.str1.2608729314174233125.1)
                  000116c8    0000000a     oled_ui.o (.rodata.str1.2714695401222167146.1)
                  000116d2    00000009     oled_ui.o (.rodata.str1.12043213579996415112.1)
                  000116db    00000009     oled_ui.o (.rodata.str1.15917848551323629232.1)
                  000116e4    00000009     oled_ui.o (.rodata.str1.4582914374586912483.1)
                  000116ed    00000009     oled_ui.o (.rodata.str1.5965888106848176421.1)
                  000116f6    00000002     oled_ui.o (.rodata.str1.11178346780556493352.1)
                  000116f8    00000008     ti_msp_dl_config.o (.rodata.gPWM_MOTORConfig)
                  00011700    00000008     oled_ui.o (.rodata.str1.130772507669342127.1)
                  00011708    00000008     oled_ui.o (.rodata.str1.14168333168339663346.1)
                  00011710    00000008     oled_ui.o (.rodata.str1.17464849429964608858.1)
                  00011718    00000008     oled_ui.o (.rodata.str1.1974573040514735405.1)
                  00011720    00000008     oled_ui.o (.rodata.str1.5463568455719735.1)
                  00011728    00000007     oled_ui.o (.rodata.str1.13871579367539052597.1)
                  0001172f    00000007     mission_library.o (.rodata.str1.1440970855772709381.1)
                  00011736    00000007     oled_ui.o (.rodata.str1.4610220316623841660.1)
                  0001173d    00000007     oled_ui.o (.rodata.str1.4723632947289500520.1)
                  00011744    00000007     oled_ui.o (.rodata.str1.8709745090823444516.1)
                  0001174b    00000007     oled_ui.o (.rodata.str1.9646571805098343045.1)
                  00011752    00000006     oled_ui.o (.rodata.str1.10077435089618835710.1)
                  00011758    00000006     oled_ui.o (.rodata.str1.1019225241002246410.1)
                  0001175e    00000006     oled_ui.o (.rodata.str1.11149198520117834688.1)
                  00011764    00000006     oled_ui.o (.rodata.str1.11232419324784801130.1)
                  0001176a    00000006     oled_ui.o (.rodata.str1.12447783896598192203.1)
                  00011770    00000006     oled_ui.o (.rodata.str1.1445687256832830955.1)
                  00011776    00000006     oled_ui.o (.rodata.str1.15817398807211891688.1)
                  0001177c    00000006     oled_ui.o (.rodata.str1.16411631209783952401.1)
                  00011782    00000006     oled_ui.o (.rodata.str1.17242430504649735449.1)
                  00011788    00000006     oled_ui.o (.rodata.str1.17436941090773226089.1)
                  0001178e    00000006     oled_ui.o (.rodata.str1.2656948373757303877.1)
                  00011794    00000006     oled_ui.o (.rodata.str1.4932371652560868037.1)
                  0001179a    00000006     oled_ui.o (.rodata.str1.6350830172869379626.1)
                  000117a0    00000006     oled_ui.o (.rodata.str1.6398192001994169976.1)
                  000117a6    00000006     oled_ui.o (.rodata.str1.6835749436006845616.1)
                  000117ac    00000006     oled_ui.o (.rodata.str1.8018480777946742726.1)
                  000117b2    00000006     oled_ui.o (.rodata.str1.8449035241871861290.1)
                  000117b8    00000006     oled_ui.o (.rodata.str1.8783421139296713095.1)
                  000117be    00000006     oled_ui.o (.rodata.str1.9044019526854345694.1)
                  000117c4    00000006     oled_ui.o (.rodata.str1.9544068167406571052.1)
                  000117ca    00000006     oled_ui.o (.rodata.str1.9992244628984851027.1)
                  000117d0    00000005     motion_action.o (.rodata..Lswitch.table.MotionAction_Update_20ms)
                  000117d5    00000005     oled.o (.rodata.oled_get_glyph.colon)
                  000117da    00000005     oled.o (.rodata.oled_get_glyph.eight)
                  000117df    00000005     oled.o (.rodata.oled_get_glyph.five)
                  000117e4    00000005     oled.o (.rodata.oled_get_glyph.four)
                  000117e9    00000005     oled.o (.rodata.oled_get_glyph.glyphA)
                  000117ee    00000005     oled.o (.rodata.oled_get_glyph.glyphB)
                  000117f3    00000005     oled.o (.rodata.oled_get_glyph.glyphC)
                  000117f8    00000005     oled.o (.rodata.oled_get_glyph.glyphD)
                  000117fd    00000005     oled.o (.rodata.oled_get_glyph.glyphE)
                  00011802    00000005     oled.o (.rodata.oled_get_glyph.glyphF)
                  00011807    00000005     oled.o (.rodata.oled_get_glyph.glyphG)
                  0001180c    00000005     oled.o (.rodata.oled_get_glyph.glyphH)
                  00011811    00000005     oled.o (.rodata.oled_get_glyph.glyphI)
                  00011816    00000005     oled.o (.rodata.oled_get_glyph.glyphK)
                  0001181b    00000005     oled.o (.rodata.oled_get_glyph.glyphL)
                  00011820    00000005     oled.o (.rodata.oled_get_glyph.glyphM)
                  00011825    00000005     oled.o (.rodata.oled_get_glyph.glyphN)
                  0001182a    00000005     oled.o (.rodata.oled_get_glyph.glyphO)
                  0001182f    00000005     oled.o (.rodata.oled_get_glyph.glyphP)
                  00011834    00000005     oled.o (.rodata.oled_get_glyph.glyphR)
                  00011839    00000005     oled.o (.rodata.oled_get_glyph.glyphS)
                  0001183e    00000005     oled.o (.rodata.oled_get_glyph.glyphT)
                  00011843    00000005     oled.o (.rodata.oled_get_glyph.glyphU)
                  00011848    00000005     oled.o (.rodata.oled_get_glyph.glyphV)
                  0001184d    00000005     oled.o (.rodata.oled_get_glyph.glyphW)
                  00011852    00000005     oled.o (.rodata.oled_get_glyph.glyphX)
                  00011857    00000005     oled.o (.rodata.oled_get_glyph.glyphY)
                  0001185c    00000005     oled.o (.rodata.oled_get_glyph.glyphb)
                  00011861    00000005     oled.o (.rodata.oled_get_glyph.gt)
                  00011866    00000005     oled.o (.rodata.oled_get_glyph.minus)
                  0001186b    00000005     oled.o (.rodata.oled_get_glyph.nine)
                  00011870    00000005     oled.o (.rodata.oled_get_glyph.one)
                  00011875    00000005     oled.o (.rodata.oled_get_glyph.seven)
                  0001187a    00000005     oled.o (.rodata.oled_get_glyph.six)
                  0001187f    00000005     oled.o (.rodata.oled_get_glyph.space)
                  00011884    00000005     oled.o (.rodata.oled_get_glyph.three)
                  00011889    00000005     oled.o (.rodata.oled_get_glyph.two)
                  0001188e    00000005     oled.o (.rodata.oled_get_glyph.zero)
                  00011893    00000005     oled_ui.o (.rodata.str1.10163600690795753232.1)
                  00011898    00000005     oled_ui.o (.rodata.str1.10907125332684471422.1)
                  0001189d    00000005     oled_ui.o (.rodata.str1.11388022865931857840.1)
                  000118a2    00000005     oled_ui.o (.rodata.str1.11627403558423016802.1)
                  000118a7    00000005     oled_ui.o (.rodata.str1.12182588061437138428.1)
                  000118ac    00000005     oled_ui.o (.rodata.str1.12493748764729730277.1)
                  000118b1    00000005     oled_ui.o (.rodata.str1.12571791089077708471.1)
                  000118b6    00000005     oled_ui.o (.rodata.str1.12595606217184830646.1)
                  000118bb    00000005     oled_ui.o (.rodata.str1.12617122458660443890.1)
                  000118c0    00000005     oled_ui.o (.rodata.str1.12888220461447056082.1)
                  000118c5    00000005     oled_ui.o (.rodata.str1.14132186318895045592.1)
                  000118ca    00000005     oled_ui.o (.rodata.str1.14142815821055334776.1)
                  000118cf    00000005     fault.o (.rodata.str1.14435905801345341244.1)
                  000118d4    00000005     fault.o (.rodata.str1.1506612114648992996.1)
                  000118d9    00000005     oled_ui.o (.rodata.str1.15132332204781002199.1)
                  000118de    00000005     oled_ui.o (.rodata.str1.15575624326185233262.1)
                  000118e3    00000005     oled_ui.o (.rodata.str1.15577080202403550426.1)
                  000118e8    00000005     oled_ui.o (.rodata.str1.15613891207764622616.1)
                  000118ed    00000005     oled_ui.o (.rodata.str1.15802367878353263018.1)
                  000118f2    00000005     oled_ui.o (.rodata.str1.15829239520183577662.1)
                  000118f7    00000005     oled_ui.o (.rodata.str1.16526439943277383452.1)
                  000118fc    00000005     oled_ui.o (.rodata.str1.16635595130967924751.1)
                  00011901    00000005     oled_ui.o (.rodata.str1.16939060351352778619.1)
                  00011906    00000005     fault.o (.rodata.str1.17097894860660336008.1)
                  0001190b    00000005     fault.o (.rodata.str1.17155043670132108083.1)
                  00011910    00000005     oled_ui.o (.rodata.str1.17717236995185551183.1)
                  00011915    00000005     oled_ui.o (.rodata.str1.17763996158807330232.1)
                  0001191a    00000005     oled_ui.o (.rodata.str1.17884296644359297425.1)
                  0001191f    00000005     oled_ui.o (.rodata.str1.18128648927899109887.1)
                  00011924    00000005     oled_ui.o (.rodata.str1.18190418239766617312.1)
                  00011929    00000005     oled_ui.o (.rodata.str1.2002540315216928218.1)
                  0001192e    00000005     fault.o (.rodata.str1.2104670281202025270.1)
                  00011933    00000005     oled_ui.o (.rodata.str1.2193316011307952170.1)
                  00011938    00000005     oled_ui.o (.rodata.str1.2308938766145545715.1)
                  0001193d    00000005     oled_ui.o (.rodata.str1.2522137003438374266.1)
                  00011942    00000005     oled_ui.o (.rodata.str1.270145429241168923.1)
                  00011947    00000005     oled_ui.o (.rodata.str1.344790106308886506.1)
                  0001194c    00000005     oled_ui.o (.rodata.str1.3455423528827705371.1)
                  00011951    00000005     fault.o (.rodata.str1.4453281041433270631.1)
                  00011956    00000005     fault.o (.rodata.str1.4549004730087743662.1)
                  0001195b    00000005     oled_ui.o (.rodata.str1.4551794666512319153.1)
                  00011960    00000005     oled_ui.o (.rodata.str1.4581472623415959594.1)
                  00011965    00000005     menu.o (.rodata.str1.4862307748908978627.1)
                  0001196a    00000005     oled_ui.o (.rodata.str1.5376340479846291137.1)
                  0001196f    00000005     oled_ui.o (.rodata.str1.5965450730569173784.1)
                  00011974    00000005     fault.o (.rodata.str1.6372787129294360447.1)
                  00011979    00000005     fault.o (.rodata.str1.6437946768974223044.1)
                  0001197e    00000005     oled_ui.o (.rodata.str1.6744096065564390185.1)
                  00011983    00000005     oled_ui.o (.rodata.str1.6806727740681590176.1)
                  00011988    00000005     oled_ui.o (.rodata.str1.6954814719705590448.1)
                  0001198d    00000005     oled_ui.o (.rodata.str1.7050595558965647569.1)
                  00011992    00000005     oled_ui.o (.rodata.str1.7481335054564682966.1)
                  00011997    00000005     oled_ui.o (.rodata.str1.7774807581888385879.1)
                  0001199c    00000005     oled_ui.o (.rodata.str1.8124536758062367015.1)
                  000119a1    00000005     fault.o (.rodata.str1.8185770893384132067.1)
                  000119a6    00000005     oled_ui.o (.rodata.str1.8426569189266129334.1)
                  000119ab    00000005     oled_ui.o (.rodata.str1.8471462185882660445.1)
                  000119b0    00000005     oled_ui.o (.rodata.str1.8693388333057100694.1)
                  000119b5    00000005     oled_ui.o (.rodata.str1.9250665025187963892.1)
                  000119ba    00000005     oled_ui.o (.rodata.str1.9611283282870761829.1)
                  000119bf    00000004     oled_ui.o (.rodata.str1.10263419832828250601.1)
                  000119c3    00000004     oled_ui.o (.rodata.str1.10568433575767188072.1)
                  000119c7    00000004     oled_ui.o (.rodata.str1.10600688730180713177.1)
                  000119cb    00000004     oled_ui.o (.rodata.str1.11428648044669318875.1)
                  000119cf    00000004     oled_ui.o (.rodata.str1.11794000050372113979.1)
                  000119d3    00000004     oled_ui.o (.rodata.str1.12359577037488465078.1)
                  000119d7    00000004     oled_ui.o (.rodata.str1.1276391367487699528.1)
                  000119db    00000004     oled_ui.o (.rodata.str1.12928245060369742404.1)
                  000119df    00000004     oled_ui.o (.rodata.str1.13244290092665904221.1)
                  000119e3    00000004     oled_ui.o (.rodata.str1.13271657277589579873.1)
                  000119e7    00000004     oled_ui.o (.rodata.str1.13567883086814673087.1)
                  000119eb    00000004     fault.o (.rodata.str1.13582094816268305212.1)
                  000119ef    00000004     oled_ui.o (.rodata.str1.13750180467131823662.1)
                  000119f3    00000004     oled_ui.o (.rodata.str1.13790669171379415506.1)
                  000119f7    00000004     oled_ui.o (.rodata.str1.14265077442249237877.1)
                  000119fb    00000004     oled_ui.o (.rodata.str1.14556837007311414654.1)
                  000119ff    00000004     oled_ui.o (.rodata.str1.14740362735394205067.1)
                  00011a03    00000004     oled_ui.o (.rodata.str1.15008238333949226094.1)
                  00011a07    00000004     menu.o (.rodata.str1.16312125044762562515.1)
                  00011a0b    00000004     fault.o (.rodata.str1.16482347271627360806.1)
                  00011a0f    00000004     oled_ui.o (.rodata.str1.16496169091617228061.1)
                  00011a13    00000004     oled_ui.o (.rodata.str1.16554583589798097927.1)
                  00011a17    00000004     oled_ui.o (.rodata.str1.16849766574302683489.1)
                  00011a1b    00000004     oled_ui.o (.rodata.str1.16895433903389883335.1)
                  00011a1f    00000004     oled_ui.o (.rodata.str1.16931641404301806744.1)
                  00011a23    00000004     menu.o (.rodata.str1.17041139162815566052.1)
                  00011a27    00000004     oled_ui.o (.rodata.str1.17067061841413117831.1)
                  00011a2b    00000004     oled_ui.o (.rodata.str1.17274519358952562110.1)
                  00011a2f    00000004     oled_ui.o (.rodata.str1.17719310104486814868.1)
                  00011a33    00000004     oled_ui.o (.rodata.str1.17747339173178619492.1)
                  00011a37    00000004     oled_ui.o (.rodata.str1.17881291656140238186.1)
                  00011a3b    00000004     oled_ui.o (.rodata.str1.18266126048138325213.1)
                  00011a3f    00000004     oled_ui.o (.rodata.str1.18379317056176403938.1)
                  00011a43    00000004     oled_ui.o (.rodata.str1.3407221357956504873.1)
                  00011a47    00000004     oled_ui.o (.rodata.str1.3467953211977455017.1)
                  00011a4b    00000004     oled_ui.o (.rodata.str1.3702290527496711532.1)
                  00011a4f    00000004     oled_ui.o (.rodata.str1.4082595774073207366.1)
                  00011a53    00000004     oled_ui.o (.rodata.str1.4193589846040060630.1)
                  00011a57    00000004     oled_ui.o (.rodata.str1.4581686099848791648.1)
                  00011a5b    00000004     menu.o (.rodata.str1.4646809750356241979.1)
                  00011a5f    00000004     oled_ui.o (.rodata.str1.4691821198597473371.1)
                  00011a63    00000004     oled_ui.o (.rodata.str1.5004483696121082904.1)
                  00011a67    00000004     oled_ui.o (.rodata.str1.5291836437463020264.1)
                  00011a6b    00000004     oled_ui.o (.rodata.str1.5689016102676777062.1)
                  00011a6f    00000004     oled_ui.o (.rodata.str1.5853739094453432564.1)
                  00011a73    00000004     oled_ui.o (.rodata.str1.58703915094955230.1)
                  00011a77    00000004     oled_ui.o (.rodata.str1.6473435968988645044.1)
                  00011a7b    00000004     oled_ui.o (.rodata.str1.7185587941321649510.1)
                  00011a7f    00000004     oled_ui.o (.rodata.str1.7219546930854689545.1)
                  00011a83    00000004     fault.o (.rodata.str1.7255546073596598018.1)
                  00011a87    00000004     oled_ui.o (.rodata.str1.7419768602719733415.1)
                  00011a8b    00000004     oled_ui.o (.rodata.str1.8236579331345056500.1)
                  00011a8f    00000004     oled_ui.o (.rodata.str1.8399051469953744892.1)
                  00011a93    00000004     oled_ui.o (.rodata.str1.8403269972884532600.1)
                  00011a97    00000004     oled_ui.o (.rodata.str1.8460525935980491721.1)
                  00011a9b    00000004     oled_ui.o (.rodata.str1.8703997732205428909.1)
                  00011a9f    00000004     oled_ui.o (.rodata.str1.9102528229756940648.1)
                  00011aa3    00000004     oled_ui.o (.rodata.str1.9135818829835424837.1)
                  00011aa7    00000004     oled_ui.o (.rodata.str1.9159586779647977165.1)
                  00011aab    00000004     oled_ui.o (.rodata.str1.9295666102996717355.1)
                  00011aaf    00000004     menu.o (.rodata.str1.9546740394641817443.1)
                  00011ab3    00000004     oled_ui.o (.rodata.str1.967006512144173535.1)
                  00011ab7    00000004     oled_ui.o (.rodata.str1.9854382722193312766.1)
                  00011abb    00000003     oled_ui.o (.rodata.str1.10509309789429088155.1)
                  00011abe    00000003     oled_ui.o (.rodata.str1.1108652269057166745.1)
                  00011ac1    00000003     oled_ui.o (.rodata.str1.11614055506586029288.1)
                  00011ac4    00000003     menu.o (.rodata.str1.12110183915172842339.1)
                  00011ac7    00000003     oled_ui.o (.rodata.str1.12504350857748951577.1)
                  00011aca    00000003     oled_ui.o (.rodata.str1.12983537867572525563.1)
                  00011acd    00000003     menu.o (.rodata.str1.13124720451672825294.1)
                  00011ad0    00000003     oled_ui.o (.rodata.str1.13875148296791986931.1)
                  00011ad3    00000003     menu.o (.rodata.str1.14098755746347272832.1)
                  00011ad6    00000003     oled_ui.o (.rodata.str1.14134189893851348960.1)
                  00011ad9    00000003     oled_ui.o (.rodata.str1.14358698208395374265.1)
                  00011adc    00000003     oled_ui.o (.rodata.str1.15859922799842739878.1)
                  00011adf    00000003     oled_ui.o (.rodata.str1.15935041339501476673.1)
                  00011ae2    00000003     oled_ui.o (.rodata.str1.17812014771544466701.1)
                  00011ae5    00000003     oled_ui.o (.rodata.str1.182352409660151230.1)
                  00011ae8    00000003     oled_ui.o (.rodata.str1.240075016795266086.1)
                  00011aeb    00000003     oled_ui.o (.rodata.str1.2603845803395459882.1)
                  00011aee    00000003     oled_ui.o (.rodata.str1.2742282290834473644.1)
                  00011af1    00000003     oled_ui.o (.rodata.str1.2983744876309220570.1)
                  00011af4    00000003     oled_ui.o (.rodata.str1.35417727660486075.1)
                  00011af7    00000003     oled_ui.o (.rodata.str1.4402311448527872260.1)
                  00011afa    00000003     menu.o (.rodata.str1.6857549598058878762.1)
                  00011afd    00000003     oled_ui.o (.rodata.str1.763101100280173925.1)
                  00011b00    00000003     oled_ui.o (.rodata.str1.799718701096035713.1)
                  00011b03    00000003     fault.o (.rodata.str1.8193046109637024842.1)
                  00011b06    00000003     oled_ui.o (.rodata.str1.8950259614286592359.1)
                  00011b09    00000003     oled_ui.o (.rodata.str1.9554470707595806150.1)
                  00011b0c    00000002     oled_ui.o (.rodata.str1.3025253791635144717.1)
                  00011b0e    00000002     --HOLE-- [fill = 0]

.init_array 
*          0    00000000    00000000     UNINITIALIZED

.binit     0    00011ba0    00000010     
                  00011ba0    00000010     (.binit)

.TI.bound:g_balanceCalibrationReservedSector 
*          0    0001fc00    00000400     
                  0001fc00    00000400     balance_calibration_store.o (.TI.bound:g_balanceCalibrationReservedSector)

.bss       0    20200000    00000fab     UNINITIALIZED
                  20200000    00000400     oled.o (.bss.g_oledFrame)
                  20200400    00000200     vision_receiver.o (.bss.g_ring)
                  20200600    000001d0     runtime_snapshot.o (.bss.g_snapshot)
                  202007d0    00000110     (.common:g_appConfig)
                  202008e0    00000084     (.common:g_imuRuntime)
                  20200964    0000007c     motor_control.o (.bss.g_runtime)
                  202009e0    00000070     (.common:g_appRuntime)
                  20200a50    00000060     vision_receiver.o (.bss.g_line)
                  20200ab0    0000005c     balance_soft_limits.o (.bss.g_runtime)
                  20200b0c    00000058     vision_receiver.o (.bss.g_status)
                  20200b64    00000004     imu.o (.bss.g_elapsedSinceValidSampleMs)
                  20200b68    00000058     (.common:g_wheelSpeedEstimatorRuntime)
                  20200bc0    00000040     gimbal.o (.bss.g_feedback)
                  20200c00    00000040     line_controller.o (.bss.g_lineRuntime)
                  20200c40    0000003c     balance_position_control.o (.bss.g_runtime)
                  20200c7c    00000030     balance_ball_control.o (.bss.g_runtime)
                  20200cac    00000030     (.common:gUART_VISIONBackup)
                  20200cdc    0000002c     vision_receiver.o (.bss.g_observation)
                  20200d08    0000002c     empty.o (.bss.g_schedulerStats)
                  20200d34    00000028     vision_receiver.o (.bss.g_ballPositionObservation)
                  20200d5c    00000020     bluetooth_uart.o (.bss.g_runtime)
                  20200d7c    0000001c     mission_manager.o (.bss.g_missionRuntime)
                  20200d98    0000001c     balance_encoder.o (.bss.g_runtime)
                  20200db4    0000001c     (.common:g_headingRuntime)
                  20200dd0    00000018     obstacle_avoidance.o (.bss.g_avoidFeedback)
                  20200de8    00000018     gimbal_stepper.o (.bss.g_feedback)
                  20200e00    00000018     vision_tuning_console.o (.bss.g_status)
                  20200e18    00000014     motion_action.o (.bss.g_motionActionRuntime)
                  20200e2c    00000014     watchdog_monitor.o (.bss.g_status)
                  20200e40    00000010     fault.o (.bss.g_faultRecord)
                  20200e50    00000010     motor.o (.bss.g_motorRuntime)
                  20200e60    0000000e     car_controller.o (.bss.g_carControllerFeedback)
                  20200e6e    00000002     ultrasonic.o (.bss.g_echoTicks)
                  20200e70    0000000e     ultrasonic.o (.bss.g_ultrasonicFeedback)
                  20200e7e    00000002     balance_ball_control.o (.bss.g_lastPositionMm)
                  20200e80    0000000c     magnet.o (.bss.g_runtime)
                  20200e8c    0000000c     debug_telemetry.o (.bss.g_status)
                  20200e98    0000000c     balance_soft_limits.o (.bss.g_storedLimits)
                  20200ea4    00000004     balance_position_control.o (.bss.g_lastEncoderCount)
                  20200ea8    00000008     balance_position_control.o (.bss.g_lastStepCount)
                  20200eb0    00000008     balance_position_control.o (.bss.g_moveStartStepCount)
                  20200eb8    00000008     obstacle_monitor.o (.bss.g_obstacleFeedback)
                  20200ec0    00000008     gimbal_stepper.o (.bss.g_stepperEstimatedSteps)
                  20200ec8    00000008     gimbal_stepper.o (.bss.g_stepperTargetEstimatedSteps)
                  20200ed0    00000008     gimbal.o (.bss.g_yawContinuousDegX10)
                  20200ed8    00000008     gimbal.o (.bss.g_yawLockedWorldYawDegX10)
                  20200ee0    00000008     gimbal.o (.bss.g_yawTargetContinuousDegX10)
                  20200ee8    00000008     gimbal.o (.bss.g_yawWorldTargetDegX10)
                  20200ef0    00000008     gimbal.o (.bss.g_yawWrappedDegX10)
                  20200ef8    00000006     ultrasonic.o (.bss.g_distanceSamples)
                  20200efe    00000006     key.o (.bss.g_key1)
                  20200f04    00000006     key.o (.bss.g_key2)
                  20200f0a    00000006     key.o (.bss.g_key3)
                  20200f10    00000004     debug_telemetry.o (.bss.g_lastFrameMs)
                  20200f14    00000004     balance_ball_control.o (.bss.g_lastObservationUpdateCount)
                  20200f18    00000004     balance_ball_control.o (.bss.g_lastPositionTimeMs)
                  20200f1c    00000004     balance_calibration_store.o (.bss.g_lastSequence)
                  20200f20    00000004     balance_ball_control.o (.bss.g_lastSessionId)
                  20200f24    00000004     vision_receiver.o (.bss.g_lastSourceTimestampMs)
                  20200f28    00000004     watchdog_monitor.o (.bss.g_lastTickMs)
                  20200f2c    00000004     wheel_speed_estimator.o (.bss.g_latchedErrorFlags)
                  20200f30    00000004     vision_receiver.o (.bss.g_localSessionId)
                  20200f34    00000004     empty.o (.bss.g_localTimeMs)
                  20200f38    00000004     encoder.o (.bss.g_motorAPulses)
                  20200f3c    00000004     encoder.o (.bss.g_motorBPulses)
                  20200f40    00000004     balance_position_control.o (.bss.g_moveStartEncoderCount)
                  20200f44    00000004     imu.o (.bss.g_previousValidCorrectedGyroZDps)
                  20200f48    00000004     mission_manager.o (.bss.g_selectedDefinition)
                  20200f4c    00000004     servo.o (.bss.g_servoFeedback)
                  20200f50    00000004     balance_encoder.o (.bss.g_speedLastCount)
                  20200f54    00000004     balance_position_control.o (.bss.g_startSoftLimitClampCount)
                  20200f58    00000004     gimbal_stepper.o (.bss.g_stepperCompletedSteps)
                  20200f5c    00000004     gimbal.o (.bss.g_yawCommandedRpm)
                  20200f60    00000004     gimbal.o (.bss.g_yawTargetRpm)
                  20200f64    00000004     empty.o (.bss.main.lastAppUpdateMs)
                  20200f68    00000002     vision_receiver.o (.bss.g_lineSize)
                  20200f6a    00000002     vision_receiver.o (.bss.g_ringHead)
                  20200f6c    00000002     vision_receiver.o (.bss.g_ringTail)
                  20200f6e    00000002     servo.o (.bss.g_servoPwmPhase)
                  20200f70    00000002     ultrasonic.o (.bss.g_stateTicks)
                  20200f72    00000002     gimbal_stepper.o (.bss.g_stepperHalfPeriodTicks)
                  20200f74    00000002     gimbal_stepper.o (.bss.g_stepperStepHalfPeriodTicks)
                  20200f76    00000002     (.common:g_trackError)
                  20200f78    00000001     oled_ui.o (.bss.OledUi_Update_20ms.flushRow)
                  20200f79    00000001     oled_ui.o (.bss.OledUi_Update_20ms.refreshDivider)
                  20200f7a    00000001     empty.o (.bss.SysTick_Handler.balanceEncoderSpeedMsCount)
                  20200f7b    00000001     empty.o (.bss.SysTick_Handler.controlMsCount)
                  20200f7c    00000001     empty.o (.bss.SysTick_Handler.tick100usCount)
                  20200f7d    00000001     ultrasonic.o (.bss.Ultrasonic_Update_20ms.triggerDivider)
                  20200f7e    00000001     empty.o (.bss.g_appUpdatePending)
                  20200f7f    00000001     car_state.o (.bss.g_carState)
                  20200f80    00000001     obstacle_monitor.o (.bss.g_centerSettleTicks)
                  20200f81    00000001     vision_receiver.o (.bss.g_discardUntilNewline)
                  20200f82    00000001     ultrasonic.o (.bss.g_distanceSampleCount)
                  20200f83    00000001     ultrasonic.o (.bss.g_distanceSampleIndex)
                  20200f84    00000001     emergency_stop.o (.bss.g_emergencyStopActive)
                  20200f85    00000001     watchdog_monitor.o (.bss.g_faultApplied)
                  20200f86    00000001     watchdog_monitor.o (.bss.g_faultPending)
                  20200f87    00000001     imu.o (.bss.g_integrationHistoryValid)
                  20200f88    00000001     wheel_speed_estimator.o (.bss.g_leftFilterInitialized)
                  20200f89    00000001     obstacle_safety.o (.bss.g_obstacleSafetyHolding)
                  20200f8a    00000001     oled.o (.bss.g_oledColumn)
                  20200f8b    00000001     menu.o (.bss.g_oledPage)
                  20200f8c    00000001     oled.o (.bss.g_oledPage)
                  20200f8d    00000001     encoder.o (.bss.g_overflowFlags)
                  20200f8e    00000001     menu.o (.bss.g_paramItem)
                  20200f8f    00000001     menu.o (.bss.g_paramReturnPage)
                  20200f90    00000001     key.o (.bss.g_pendingEvent)
                  20200f91    00000001     mission_manager.o (.bss.g_resumeCurrentAction)
                  20200f92    00000001     wheel_speed_estimator.o (.bss.g_rightFilterInitialized)
                  20200f93    00000001     car_controller.o (.bss.g_safetyHold)
                  20200f94    00000001     imu.o (.bss.g_shortGapPending)
                  20200f95    00000001     gimbal_stepper.o (.bss.g_stepperDirection)
                  20200f96    00000001     gimbal_stepper.o (.bss.g_stepperRunning)
                  20200f97    00000001     gimbal_stepper.o (.bss.g_stepperStepHigh)
                  20200f98    00000001     gimbal_stepper.o (.bss.g_stepperStopAfterStepLow)
                  20200f99    00000001     balance_soft_limits.o (.bss.g_storedLimitsValid)
                  20200f9a    00000001     motor_control.o (.bss.g_targetRefreshed)
                  20200f9b    00000001     mission_manager.o (.bss.g_transientActionActive)
                  20200f9c    00000001     ultrasonic.o (.bss.g_triggerRequest)
                  20200f9d    00000001     ultrasonic.o (.bss.g_ultrasonicState)
                  20200f9e    00000001     balance_ball_control.o (.bss.g_velocityInitialized)
                  20200f9f    00000001     gimbal.o (.bss.g_yawLimitClamped)
                  20200fa0    00000001     gimbal.o (.bss.g_yawLimitDirection)
                  20200fa1    00000001     gimbal.o (.bss.g_yawPositionValid)
                  20200fa2    00000001     gimbal.o (.bss.g_yawWorldLockEnabled)
                  20200fa3    00000001     (.common:g_carStateDebug)
                  20200fa4    00000001     (.common:g_keyEvent)
                  20200fa5    00000001     (.common:g_oledPageDebug)
                  20200fa6    00000001     (.common:g_paramItemDebug)
                  20200fa7    00000001     (.common:g_trackBlackCount)
                  20200fa8    00000001     (.common:g_trackModeDebug)
                  20200fa9    00000001     (.common:g_trackRaw)
                  20200faa    00000001     (.common:g_trackTurnDebug)

.data      0    20200fab    00000001     UNINITIALIZED
                  20200fab    00000001     car_controller.o (.data.g_followTurnPolicy)

.stack     0    20207e00    00000200     UNINITIALIZED
                  20207e00    00000004     libc.a : boot_cortex_m.c.obj (.stack)
                  20207e04    000001fc     --HOLE--

__llvm_prf_cnts 
*          0    20200000    00000000     UNINITIALIZED

__llvm_prf_bits 
*          0    20200000    00000000     UNINITIALIZED

MODULE SUMMARY

       Module                         code    ro data   rw data
       ------                         ----    -------   -------
    .\
       oled_ui.o                      20456   1276      2      
       imu.o                          5156    0         142    
       car_controller.o               4412    0         128    
       oled.o                         2006    406       1026   
       balance_soft_limits.o          3256    0         105    
       motor_control.o                2768    0         125    
       vision_receiver.o              1896    0         795    
       app_config.o                   2156    0         272    
       line_controller.o              2196    0         64     
       balance_calibration_store.o    1140    1024      4      
       balance_position_control.o     1824    0         88     
       menu.o                         1668    65        3      
       runtime_snapshot.o             1212    0         464    
       vision_protocol.o              1580    0         0      
       mission_manager.o              1472    0         34     
       balance_ball_control.o         1376    0         63     
       motion_action.o                1400    5         20     
       wheel_speed_estimator.o        1292    0         94     
       gimbal_stepper.o               1280    0         52     
       gimbal.o                       896     0         116    
       mission_library.o              560     389       0      
       motor.o                        776     0         16     
       ti_msp_dl_config.o             672     23        48     
       app.o                          640     0         10     
       ultrasonic.o                   596     0         29     
       empty.o                        480     0         56     
       key.o                          436     0         19     
       balance_encoder.o              404     16        32     
       fault.o                        312     65        16     
       track_sensor.o                 372     0         0      
       heading_control.o              340     0         28     
       watchdog_monitor.o             308     0         26     
       encoder.o                      276     0         9      
       obstacle_safety.o              272     0         1      
       obstacle_monitor.o             192     0         9      
       startup_mspm0g350x_ticlang.o   6       192       0      
       angle_utils.o                  192     0         0      
       emergency_stop.o               188     0         1      
       servo.o                        176     0         6      
       vision_uart.o                  90      0         0      
       obstacle_avoidance.o           62      0         24     
       magnet.o                       72      0         12     
       debug_telemetry.o              56      0         16     
       bluetooth_uart.o               8       0         32     
       car_state.o                    36      0         1      
       vision_tuning_console.o        8       0         24     
    +--+------------------------------+-------+---------+---------+
       Total:                         66972   3461      4012   
                                                               
    C:/TI/mspm0_sdk_2_05_01_00/source/ti/driverlib/lib/ticlang/m0p/mspm0g1x0x_g3x0x/driverlib.a
       dl_flashctl.o                  488     0         0      
       dl_timer.o                     388     0         0      
       dl_uart.o                      90      0         0      
       dl_common.o                    10      0         0      
    +--+------------------------------+-------+---------+---------+
       Total:                         976     0         0      
                                                               
    D:\TI\CCS\ccs\tools\compiler\ti-cgt-armllvm_4.0.4.LTS\lib\armv6m-ti-none-eabi/c/libc.a
       memcpy16.S.obj                 154     0         0      
       copy_decompress_lzss.c.obj     124     0         0      
       memset16.S.obj                 98      0         0      
       autoinit.c.obj                 76      0         0      
       cpy_tbl.c.obj                  76      0         0      
       boot_cortex_m.c.obj            56      0         0      
       copy_decompress_none.c.obj     18      0         0      
       copy_zero_init.c.obj           16      0         0      
       exit.c.obj                     6       0         0      
       pre_init.c.obj                 4       0         0      
    +--+------------------------------+-------+---------+---------+
       Total:                         628     0         0      
                                                               
    D:\TI\CCS\ccs\tools\compiler\ti-cgt-armllvm_4.0.4.LTS\lib\armv6m-ti-none-eabi/c/libsysbm.a
       hostexit.c.obj                 4       0         0      
    +--+------------------------------+-------+---------+---------+
       Total:                         4       0         0      
                                                               
    D:\TI\CCS\ccs\tools\compiler\ti-cgt-armllvm_4.0.4.LTS\lib\armv6m-ti-none-eabi/libclang_rt.builtins.a
       addsf3.S.obj                   216     0         0      
       udivmoddi4.S.obj               162     0         0      
       comparesf2.S.obj               140     0         0      
       mulsf3.S.obj                   140     0         0      
       divsf3.S.obj                   130     0         0      
       aeabi_fcmp.S.obj               98      0         0      
       fixsfdi.S.obj                  96      0         0      
       aeabi_idivmod.S.obj            86      0         0      
       floatdisf.S.obj                78      0         0      
       aeabi_uidivmod.S.obj           64      0         0      
       divmoddi4.c.obj                62      0         0      
       floatsisf.S.obj                60      0         0      
       muldsi3.S.obj                  58      0         0      
       fixsfsi.S.obj                  56      0         0      
       floatunsisf.S.obj              40      0         0      
       muldi3.S.obj                   36      0         0      
       ashldi3.S.obj                  30      0         0      
       aeabi_ldivmod.S.obj            20      0         0      
       aeabi_uldivmod.S.obj           20      0         0      
       aeabi_memset.S.obj             12      0         0      
       aeabi_memcpy.S.obj             8       0         0      
       aeabi_div0.c.obj               4       0         0      
    +--+------------------------------+-------+---------+---------+
       Total:                         1616    0         0      
                                                               
       Stack:                         0       0         512    
       Linker Generated:              0       57        0      
    +--+------------------------------+-------+---------+---------+
       Grand Total:                   70196   3518      4524   


LINKER GENERATED COPY TABLES

__TI_cinit_table @ 00011b8c records: 2, size/record: 8, table size: 16
	.bss: load addr=00011b7c, load size=00000008 bytes, run addr=20200000, run size=00000fab bytes, compression=zero_init
	.data: load addr=00011b84, load size=00000005 bytes, run addr=20200fab, run size=00000001 bytes, compression=lzss
binit @ 00011ba0 records: 1, size/record: 12, table size: 16
	.TI.ramfunc: load addr=00011b10, load size=00000060, run addr=20200fb0, run size=00000060, compression=none


LINKER GENERATED HANDLER TABLE

__TI_handler_table @ 00011b70 records: 3, size/record: 4, table size: 12
	index: 0, handler: __TI_decompress_lzss
	index: 1, handler: __TI_decompress_none
	index: 2, handler: __TI_zero_init


FAR CALL TRAMPOLINES

callee name               trampoline name
   callee addr  tramp addr   call addr  call info
--------------  -----------  ---------  ----------------
_c_int00_noargs           $Tramp$TT$L$PI$$_c_int00_noargs
   000109e9     00011224     0001121e   startup_mspm0g350x_ticlang.o (.text.Reset_Handler)
DL_FlashCTL_executeCommandFromRAM  $Tramp$TT$L$PI$$DL_FlashCTL_executeCommandFromRAM
   20200fb1     00011238     00010938   driverlib.a : dl_flashctl.o (.text.DL_FlashCTL_programMemoryFromRAM64WithECCGenerated)
                             00010dd2               : dl_flashctl.o (.text.DL_FlashCTL_eraseMemoryFromRAM)

[2 trampolines]
[3 trampoline calls]


SEGMENT ATTRIBUTES

    id tag       seg value 
    -- ---       --- ----- 
     0 PHA_BOUND 3   (null)


GLOBAL SYMBOLS: SORTED ALPHABETICALLY BY Name 

address   name                                              
-------   ----                                              
0000e49f  ADC0_IRQHandler                                   
0000e49f  ADC1_IRQHandler                                   
0000e49f  AES_IRQHandler                                    
0000dc45  Angle_Normalize180                                
00009779  AppConfig_InitDefault                             
00003825  AppConfig_LimitAll                                
0000ef51  App_Init                                          
0000f57d  App_ResetToReady                                  
0000a8c9  App_Update_20ms                                   
00010c75  BalanceBallControl_Disable                        
[...]
0000d3d5  ObstacleSafety_Update_20ms                        
0000d4bd  main                                              
0000d5a1  WheelSpeedEstimator_Init                          
0000d681  DL_FlashCTL_unprotectSector                       
0000d759  OLED_PrintUInt16                                  
0000d831  __aeabi_fsub                                      
0000d831  __subsf3                                          
0000d83b  __addsf3                                          
0000d83b  __aeabi_fadd                                      
0000d909  CarController_StartDriveDistance                  
0000d9dd  GimbalStepper_MoveRelativeSteps                   
0000dab1  BalanceEncoder_HandleGpioInterrupt                
0000db7d  FaultCode_ToShortString                           
0000dc45  Angle_Normalize180                                
0000ddc5  BalanceSoftLimits_Init                            
0000de81  CarController_ResetRuntime                        
0000df3d  Menu_GetParamValue                                
0000dff9  GimbalStepper_StopHold                            
0000e0ad  GimbalStepper_Init                                
0000e15d  SysTick_Handler                                   
0000e20d  BalanceSoftLimits_ArmRecalibration                
0000e2b5  Encoder_HandleGpioInterrupt                       
0000e3fd  __udivmoddi4                                      
0000e49f  ADC0_IRQHandler                                   
0000e49f  ADC1_IRQHandler                                   
0000e49f  AES_IRQHandler                                    
0000e49f  CANFD0_IRQHandler                                 
0000e49f  DAC0_IRQHandler                                   
0000e49f  DMA_IRQHandler                                    
0000e49f  Default_Handler                                   
0000e49f  GROUP0_IRQHandler                                 
0000e49f  HardFault_Handler                                 
0000e49f  I2C0_IRQHandler                                   
0000e49f  I2C1_IRQHandler                                   
0000e49f  NMI_Handler                                       
0000e49f  PendSV_Handler                                    
0000e49f  RTC_IRQHandler                                    
0000e49f  SPI0_IRQHandler                                   
0000e49f  SPI1_IRQHandler                                   
0000e49f  SVC_Handler                                       
0000e49f  TIMA0_IRQHandler                                  
0000e49f  TIMA1_IRQHandler                                  
0000e49f  TIMG0_IRQHandler                                  
0000e49f  TIMG12_IRQHandler                                 
0000e49f  TIMG6_IRQHandler                                  
0000e49f  TIMG7_IRQHandler                                  
0000e49f  TIMG8_IRQHandler                                  
0000e49f  UART0_IRQHandler                                  
0000e49f  UART1_IRQHandler                                  
0000e49f  UART2_IRQHandler                                  
0000e4a1  BalanceSoftLimits_AbortCalibration                
0000e5e1  ObstacleMonitor_Update_20ms                       
0000e719  memcpy                                            
0000e7b3  ObstacleAvoidance_Update_20ms                     
0000e7b5  BalanceSoftLimits_CancelRecalibration             
0000e8e5  CarController_StartTurnToYawRelative              
0000ea0d  CarController_ResetTransientState                 
0000ea9d  SYSCFG_DL_PWM_MOTOR_init                          
0000eb29  __aeabi_fmul                                      
0000eb29  __mulsf3                                          
0000ec41  CarController_SetSafetyHold                       
0000ecc5  GimbalStepper_ConfirmZero                         
0000ed49  Motor_Init                                        
0000edcd  __aeabi_fdiv                                      
0000edcd  __divsf3                                          
0000ee4f  TrackSensor_Init                                  
0000ee51  CarController_StartDriveHeading                   
0000eed1  Motor_Stop                                        
0000ef51  App_Init                                          
0000efcf  VisionUart_Process                                
0000efd1  BalanceSoftLimits_Enforce100usFromIsr             
0000f04d  __TI_decompress_lzss                              
0000f0c9  BalancePositionControl_ResetFault                 
0000f22d  GimbalStepper_Release                             
0000f29d  SYSCFG_DL_UART_VISION_init                        
0000f30d  TrackSensor_DetectTurn                            
0000f37b  __aeabi_idiv0                                     
0000f37d  MissionManager_GetSelectedMissionIndex            
0000f44d  TrackSensor_GetErrorFromRaw                       
0000f4b3  __aeabi_ldiv0                                     
0000f4b5  BalanceSoftLimits_ResetPositionFault              
0000f519  MissionManager_Start                              
0000f57d  App_ResetToReady                                  
0000f5e1  __aeabi_fcmpeq                                    
0000f5f5  __aeabi_fcmplt                                    
0000f609  __aeabi_fcmple                                    
0000f61d  __aeabi_fcmpge                                    
0000f631  __aeabi_fcmpgt                                    
0000f643  memset                                            
0000f6a5  BalancePositionControl_Init                       
0000f705  __aeabi_f2lz                                      
0000f705  __fixsfdi                                         
0000f765  Ultrasonic_Update_20ms                            
0000f7c1  VisionReceiver_Init                               
0000f931  BalanceEncoder_Init                               
0000f989  MissionManager_Init                               
0000f9e1  OLED_PrintChar                                    
0000fae9  __aeabi_idiv                                      
0000fae9  __aeabi_idivmod                                   
0000fb41  CarController_Stop                                
0000fb95  TrackSensor_ReadRaw                               
0000fbe9  WatchdogMonitor_ApplyFaultIfNeeded                
0000fc3d  BalancePositionControl_SetTrackingTarget          
0000fc8d  BalanceSoftLimits_GetSnapshot                     
0000fcdd  Ultrasonic_Init                                   
0000fd2d  WatchdogMonitor_Tick1msFromIsr                    
0000fdcd  __aeabi_l2f                                       
0000fdcd  __floatdisf                                       
0000fe1d  MotorControl_Stop                                 
0000fe69  copy_in                                           
0000ff01  __TI_auto_init_nopinit                            
0000ff4d  DL_UART_init                                      
0000ff95  MissionManager_Cancel                             
0000ffdd  CarController_StartFollowLine                     
00010021  EmergencyStop_Reset                               
00010065  Encoder_GetAndClearPulseDeltas                    
000100a9  Imu_ResetYaw                                      
000100ed  MissionManager_Reset                              
00010131  Servo_Tick100us                                   
00010175  UART3_IRQHandler                                  
000101b9  BalanceBallControl_Enable                         
000101f9  BalanceEncoder_GetSnapshot                        
00010239  BalanceSoftLimits_StopMotion                      
00010279  CarController_ResumeFollowLine                    
000102b9  Fault_Raise                                       
000102f9  SYSCFG_DL_SYSCTL_init                             
00010339  SYSCFG_DL_initPower                               
00010379  VisionReceiver_PushByteFromIsr                    
000103b9  __aeabi_uidiv                                     
000103b9  __aeabi_uidivmod                                  
00010439  __divmoddi4                                       
00010479  BalanceBallControl_Init                           
000104b5  MissionManager_Resume                             
000104f1  Servo_SetAngleDeg                                 
0001052d  __aeabi_i2f                                       
0001052d  __floatsisf                                       
00010569  __gesf2                                           
00010569  __gtsf2                                           
000105a5  __cmpsf2                                          
000105a5  __eqsf2                                           
000105a5  __lesf2                                           
000105a5  __ltsf2                                           
000105a5  __nesf2                                           
000105e1  __muldsi3                                         
0001061d  EmergencyStop_Trigger                             
00010655  __aeabi_f2iz                                      
00010655  __fixsfsi                                         
0001068d  BalancePositionControl_Cancel                     
000106c1  Imu_IsReady                                       
000106f5  MissionLibrary_FindById                           
00010729  OLED_PrintString                                  
0001075d  Key_Init                                          
0001078d  LineController_ObserveSensors                     
000107bd  WatchdogMonitor_Init                              
000107ed  WatchdogMonitor_Reset                             
0001081d  BalancePositionControl_GetSnapshot                
00010849  BalancePositionControl_StartTracking              
00010875  Encoder_Reset                                     
000108a1  MissionManager_Pause                              
000108cd  TrackSensor_CountBlack                            
000108f9  BalanceSoftLimits_CancelTravelTest                
00010921  DL_FlashCTL_programMemoryFromRAM64WithECCGenerated
00010949  EmergencyStop_Enforce                             
00010971  Magnet_ForceOff                                   
00010999  Servo_Init                                        
000109c1  __aeabi_ui2f                                      
000109c1  __floatunsisf                                     
000109e9  _c_int00_noargs                                   
00010a11  BalanceEncoder_SampleSpeed10msFromIsr             
00010a35  BalanceSoftLimits_CancelOscillationTest           
00010a59  GimbalStepper_GetFeedbackSnapshot                 
00010a7d  MissionManager_ReportExternalFailure              
00010aa1  MotorControl_Init                                 
00010ac5  MotorControl_Reset                                
00010ae9  OLED_ClearBuffer                                  
00010b0d  SYSCFG_DL_init                                    
00010b31  __aeabi_lmul                                      
00010b31  __muldi3                                          
00010b55  DL_Timer_overrideCCPOut                           
00010b75  DebugTelemetry_Update                             
00010b95  GROUP1_IRQHandler                                 
00010bb5  Magnet_Init                                       
00010bd5  OLED_SetCursor                                    
00010bf5  SchedulerMonitor_GetStats                         
00010c15  VisionReceiver_GetProtocolErrorCount              
00010c55  __aeabi_llsl                                      
00010c55  __ashldi3                                         
00010c75  BalanceBallControl_Disable                        
00010c91  BalanceBallControl_ForceStop                      
00010cad  BalanceBallControl_GetSnapshot                    
00010cc9  DL_Timer_setCaptCompUpdateMethod                  
00010ce5  DL_Timer_setClockConfig                           
00010d01  HeadingControl_SetTargetYaw                       
00010d1d  Menu_Init                                         
00010d39  MotionAction_Cancel                               
00010d55  ObstacleMonitor_Init                              
00010d71  ObstacleSafety_Init                               
00010d8d  WatchdogMonitor_NotifyControlCycleComplete        
00010dc5  DL_FlashCTL_eraseMemoryFromRAM                    
00010ddd  DL_Timer_setCaptureCompareOutCtl                  
00010df5  DebugTelemetry_Init                               
00010e0d  HeadingControl_Init                               
00010e25  HeadingControl_Reset                              
00010e3d  Menu_ParamItemToString                            
00010e55  MotionAction_Init                                 
00010e6d  ObstacleAvoidance_Init                            
00010e85  RuntimeSnapshot_Init                              
00010e9d  __aeabi_fcmpun                                    
00010e9d  __unordsf2                                        
00010eb5  Fault_Clear                                       
00010ec9  Fault_Init                                        
00010edd  GimbalStepper_SetStepHalfPeriodTicks              
00010ef1  HeadingControl_Enable                             
00010f05  MissionLibrary_GetByIndex                         
00010f19  MissionManager_GetSelectedMissionId               
00010f2d  VisionUart_Init                                   
00010f41  __aeabi_ldivmod                                   
00010f55  __aeabi_uldivmod                                  
00010f69  DL_UART_setClockConfig                            
00010f7b  __TI_decompress_none                              
00010f8d  BalancePositionControl_HasFault                   
00010f9d  DL_Timer_setCaptureCompareValue                   
00010fad  Gimbal_YawGetFeedback                             
00010fbd  Key_GetEvent                                      
00010fcd  __TI_zero_init                                    
00010fdd  BalanceEncoder_GetCountAtomic                     
00010fe9  BalancePositionControl_IsBusy                     
00010ff5  BalanceSoftLimits_IsCalibrationActive             
00011001  BalanceSoftLimits_IsOscillationTestActive         
0001100d  BalanceSoftLimits_IsTravelTestActive              
00011019  CarController_GetRunMode                          
00011025  CarController_Init                                
00011031  CarController_IsSafetyHoldActive                  
0001103d  CarState_Get                                      
00011049  CarState_Init                                     
00011055  CarState_Set                                      
00011061  EmergencyStop_Init                                
0001106d  EmergencyStop_IsActive                            
00011079  Imu_GetCorrectedGyroZDps                          
00011085  Imu_GetYaw                                        
00011091  Menu_GetPage                                      
0001109d  Menu_GetParamItem                                 
000110a9  MissionManager_IsExternallyHeld                   
000110b5  MissionManager_SetExternalHold                    
000110c1  ObstacleAvoidance_IsActive                        
000110cd  ObstacleAvoidance_IsFailed                        
000110d9  ObstacleSafety_IsHolding                          
000110e5  SystemTime_GetMs                                  
000110f1  WatchdogMonitor_HasTripped                        
000110fd  __aeabi_memclr                                    
000110fd  __aeabi_memclr4                                   
000110fd  __aeabi_memclr8                                   
00011109  DL_Common_delayCycles                             
00011113  MotionAction_Resume                               
0001111d  MotionAction_Start                                
00011127  TrackSensor_IsCenterDetected                      
00011131  TrackSensor_IsLineDetected                        
0001113b  TrackSensor_IsLineLost                            
00011145  BalanceSoftLimits_CancelPositionMove              
0001114d  BalanceSoftLimits_IsPositionMoveActive            
00011155  BluetoothUart_GetRuntime                          
0001115d  CarController_GetFeedback                         
00011165  Fault_GetRecord                                   
0001116d  GimbalStepper_GetFeedback                         
00011175  HeadingControl_GetRuntime                         
0001117d  Imu_GetRuntime                                    
00011185  LineController_GetRuntime                         
0001118d  MissionManager_GetMissionCount                    
00011195  MissionManager_GetRuntime                         
0001119d  MotionAction_GetRuntime                           
000111a5  MotorControl_GetRuntime                           
000111ad  ObstacleAvoidance_GetFeedback                     
000111b5  ObstacleMonitor_GetFeedback                       
000111bd  OledUi_Init                                       
000111c5  RuntimeSnapshot_Get                               
000111cd  Servo_GetFeedback                                 
000111d5  Ultrasonic_GetFeedback                            
000111dd  VisionReceiver_GetBallPositionObservation         
000111e5  VisionReceiver_GetStatus                          
000111ed  VisionTuningConsole_GetStatus                     
000111f5  WatchdogMonitor_GetStatus                         
000111fd  WheelSpeedEstimator_GetRuntime                    
00011205  __aeabi_memcpy                                    
00011205  __aeabi_memcpy4                                   
00011205  __aeabi_memcpy8                                   
0001120d  abort                                             
00011212  C$$EXIT                                           
00011213  HOSTexit                                          
00011217  MissionLibrary_GetCount                           
0001121b  ObstacleAvoidance_IsResumeGraceActive             
0001121f  Reset_Handler                                     
00011235  _system_pre_init                                  
00011b70  __TI_Handler_Table_Base                           
00011b7c  __TI_Handler_Table_Limit                          
00011b8c  __TI_CINIT_Base                                   
00011b9c  __TI_CINIT_Limit                                  
00011b9c  __TI_CINIT_Warm                                   
00011ba0  __TI_table_binit                                  
00011ba0  __binit__                                         
00011ba0  binit                                             
0001fc00  g_balanceCalibrationReservedSector                
20200000  __start___llvm_prf_bits                           
20200000  __start___llvm_prf_cnts                           
20200000  __stop___llvm_prf_bits                            
20200000  __stop___llvm_prf_cnts                            
202007d0  g_appConfig                                       
202008e0  g_imuRuntime                                      
202009e0  g_appRuntime                                      
20200b68  g_wheelSpeedEstimatorRuntime                      
20200cac  gUART_VISIONBackup                                
20200db4  g_headingRuntime                                  
20200f76  g_trackError                                      
20200fa3  g_carStateDebug                                   
20200fa4  g_keyEvent                                        
20200fa5  g_oledPageDebug                                   
20200fa6  g_paramItemDebug                                  
20200fa7  g_trackBlackCount                                 
20200fa8  g_trackModeDebug                                  
20200fa9  g_trackRaw                                        
20200faa  g_trackTurnDebug                                  
20207e00  __stack                                           
20208000  __STACK_END                                       
ffffffff  __TI_pprof_out_hndl                               
ffffffff  __TI_prof_data_size                               
ffffffff  __TI_prof_data_start                              
UNDEFED   __mpu_init                                        
UNDEFED   _system_post_cinit                                

[384 symbols]
