******************************************************************************
            TI ARM Clang Linker PC v4.0.4                      
******************************************************************************
>> Linked Mon Jul 13 03:41:04 2026

OUTPUT FILE NAME:   <diansaikaishi.out>
ENTRY POINT SYMBOL: "_c_int00_noargs"  address: 000041dd


MEMORY CONFIGURATION

         name            origin    length      used     unused   attr    fill
----------------------  --------  ---------  --------  --------  ----  --------
  FLASH                 00000000   00020000  00004dc8  0001b238  R  X
  SRAM                  20200000   00008000  00000350  00007cb0  RW X
  BCR_CONFIG            41c00000   000000ff  00000000  000000ff  R   
  BSL_CONFIG            41c00100   00000080  00000000  00000080  R   


SEGMENT ALLOCATION MAP

run origin  load origin   length   init length attrs members
----------  ----------- ---------- ----------- ----- -------
00000000    00000000    00004dc8   00004dc8    r-x
  00000000    00000000    000000c0   000000c0    r-- .intvecs
  000000c0    000000c0    000044f8   000044f8    r-x .text
  000045b8    000045b8    000007e0   000007e0    r-- .rodata
  00004d98    00004d98    00000030   00000030    r-- .cinit
20200000    20200000    00000150   00000000    rw-
  20200000    20200000    0000014f   00000000    rw- .bss
  2020014f    2020014f    00000001   00000000    rw- .data
20207e00    20207e00    00000200   00000000    rw-
  20207e00    20207e00    00000200   00000000    rw- .stack


SECTION ALLOCATION MAP

 output                                  attributes/
section   page    origin      length       input sections
--------  ----  ----------  ----------   ----------------
.intvecs   0    00000000    000000c0     
                  00000000    000000c0     startup_mspm0g350x_ticlang.o (.intvecs)

.text      0    000000c0    000044f8     
                  000000c0    00000554     oled_ui.o (.text.OledUi_Update_20ms)
                  00000614    000004a8     car_controller.o (.text.CarController_Update_20ms)
                  00000abc    000002f0     imu.o (.text.mpu6050_read_regs)
                  00000dac    000002d8     imu.o (.text.Imu_Init)
                  00001084    00000254     oled.o (.text.OLED_Clear)
                  000012d8    00000224     app_config.o (.text.AppConfig_LimitAll)
                  000014fc    00000214     imu.o (.text.Imu_CalibrateGyroBias)
                  00001710    000001cc     imu.o (.text.imu_i2c_write_byte)
                  000018dc    000001b8     oled.o (.text.oled_i2c_write_byte)
                  00001a94    000001a0     ultrasonic.o (.text.Ultrasonic_Tick100us)
                  00001c34    00000198     menu.o (.text.Menu_HandleKeyEvent)
                  00001dcc    00000174     key.o (.text.Key_Update_20ms)
                  00001f40    00000160     heading_control.o (.text.HeadingControl_Update)
                  000020a0    0000013c     oled.o (.text.OLED_PrintInt16)
                  000021dc    00000134     imu.o (.text.Imu_Update)
                  00002310    0000012c     imu.o (.text.imu_i2c_recover_bus)
                  0000243c    0000011c     motion_action.o (.text.MotionAction_Update_20ms)
                  00002558    000000f8     mission_manager.o (.text.MissionManager_Update_20ms)
                  00002650    000000f0     mission_manager.o (.text.MissionManager_SelectNext)
                  00002740    000000ec     car_controller.o (.text.handle_turn_90)
                  0000282c    000000e8     motion_action.o (.text.MotionAction_Start)
                  00002914    000000d8     mission_manager.o (.text.MissionManager_SelectPrevious)
                  000029ec    000000d8     libclang_rt.builtins.a : addsf3.S.obj (.text)
                  00002ac4    000000d4     oled.o (.text.OLED_Init)
                  00002b98    000000d0     oled.o (.text.OLED_PrintChar)
                  00002c68    000000c0     app.o (.text.App_Update_20ms)
                  00002d28    000000b0     motor.o (.text.Motor_SetSpeed)
                  00002dd8    000000b0     ti_msp_dl_config.o (.text.SYSCFG_DL_GPIO_init)
                  00002e88    000000a2     libclang_rt.builtins.a : udivmoddi4.S.obj (.text)
                  00002f2a    00000002     startup_mspm0g350x_ticlang.o (.text.Default_Handler)
                  00002f2c    0000009c     app_config.o (.text.AppConfig_InitDefault)
                  00002fc8    0000009a     libc.a : memcpy16.S.obj (.text:memcpy)
                  00003062    00000002     track_sensor.o (.text.TrackSensor_Init)
                  00003064    00000098     imu.o (.text.mpu6050_write_reg)
                  000030fc    00000090     car_controller.o (.text.CarController_StartSeekLine)
                  0000318c    0000008c     libclang_rt.builtins.a : mulsf3.S.obj (.text.__mulsf3)
                  00003218    00000082                            : divsf3.S.obj (.text.__divsf3)
                  0000329a    00000080     mission_library.o (.text.MissionLibrary_Validate)
                  0000331a    00000002     libclang_rt.builtins.a : aeabi_div0.c.obj (.text.__aeabi_idiv0)
                  0000331c    0000007c     libc.a : copy_decompress_lzss.c.obj (.text:decompress:lzss)
                  00003398    00000078     car_controller.o (.text.CarController_StartFollowLine)
                  00003410    00000078     oled.o (.text.oled_write_command)
                  00003488    00000074     car_controller.o (.text.CarController_Init)
                  000034fc    00000074     car_controller.o (.text.CarController_ResetRuntime)
                  00003570    0000006e     track_sensor.o (.text.TrackSensor_DetectTurn)
                  000035de    00000002     libclang_rt.builtins.a : aeabi_div0.c.obj (.text.__aeabi_ldiv0)
                  000035e0    0000006c     car_controller.o (.text.CarController_StartTurnLeft90)
                  0000364c    0000006c     car_controller.o (.text.CarController_StartTurnRight90)
                  000036b8    0000006c     encoder.o (.text.Encoder_HandleGpioInterrupt)
                  00003724    0000006c     empty.o (.text.main)
                  00003790    00000068     mission_manager.o (.text.MissionManager_GetSelectedMissionIndex)
                  000037f8    00000068     obstacle_monitor.o (.text.ObstacleMonitor_Update_20ms)
                  00003860    00000066     track_sensor.o (.text.TrackSensor_GetErrorFromRaw)
                  000038c6    00000002     --HOLE-- [fill = 0]
                  000038c8    00000062     libclang_rt.builtins.a : aeabi_fcmp.S.obj (.text.__aeabi_fcmp)
                  0000392a    00000002     --HOLE-- [fill = 0]
                  0000392c    00000060     menu.o (.text.Menu_GetParamValue)
                  0000398c    0000005e     oled.o (.text.OLED_PrintBinary7)
                  000039ea    00000002     --HOLE-- [fill = 0]
                  000039ec    0000005c     ultrasonic.o (.text.Ultrasonic_Update_20ms)
                  00003a48    00000056     app.o (.text.App_Init)
                  00003a9e    00000002     --HOLE-- [fill = 0]
                  00003aa0    00000056     libclang_rt.builtins.a : aeabi_idivmod.S.obj (.text.__aeabi_idivmod)
                  00003af6    00000002     --HOLE-- [fill = 0]
                  00003af8    00000054     obstacle_safety.o (.text.ObstacleSafety_Update_20ms)
                  00003b4c    00000054     track_sensor.o (.text.TrackSensor_ReadRaw)
                  00003ba0    00000050     car_controller.o (.text.CarController_SetSafetyHold)
                  00003bf0    00000050     motor.o (.text.Motor_PwmTick100us)
                  00003c40    00000050     ultrasonic.o (.text.Ultrasonic_Init)
                  00003c90    00000048     mission_manager.o (.text.MissionManager_Init)
                  00003cd8    00000044     servo.o (.text.Servo_Tick100us)
                  00003d1c    00000044     empty.o (.text.SysTick_Handler)
                  00003d60    00000040     mission_manager.o (.text.MissionManager_Start)
                  00003da0    00000040     ti_msp_dl_config.o (.text.SYSCFG_DL_SYSCTL_init)
                  00003de0    00000040     libclang_rt.builtins.a : aeabi_uidivmod.S.obj (.text.__aeabi_uidivmod)
                  00003e20    0000003e                            : divmoddi4.c.obj (.text.__divmoddi4)
                  00003e5e    00000002     --HOLE-- [fill = 0]
                  00003e60    0000003c     servo.o (.text.Servo_SetAngleDeg)
                  00003e9c    0000003c     libclang_rt.builtins.a : floatsisf.S.obj (.text.__floatsisf)
                  00003ed8    0000003c                            : comparesf2.S.obj (.text.__gtsf2)
                  00003f14    0000003c     libc.a : autoinit.c.obj (.text:__TI_auto_init_nobinit_nopinit)
                  00003f50    0000003a     libclang_rt.builtins.a : comparesf2.S.obj (.text.__eqsf2)
                  00003f8a    00000002     --HOLE-- [fill = 0]
                  00003f8c    0000003a                            : muldsi3.S.obj (.text.__muldsi3)
                  00003fc6    00000002     --HOLE-- [fill = 0]
                  00003fc8    00000038     motor.o (.text.Motor_Init)
                  00004000    00000038     libclang_rt.builtins.a : fixsfsi.S.obj (.text.__fixsfsi)
                  00004038    00000034     oled.o (.text.OLED_SetCursor)
                  0000406c    00000032     oled.o (.text.OLED_PrintString)
                  0000409e    00000002     --HOLE-- [fill = 0]
                  000040a0    00000030     key.o (.text.Key_Init)
                  000040d0    00000030     mission_manager.o (.text.MissionManager_Cancel)
                  00004100    00000030     mission_manager.o (.text.MissionManager_Reset)
                  00004130    0000002c     motor.o (.text.Motor_Stop)
                  0000415c    0000002c     ti_msp_dl_config.o (.text.SYSCFG_DL_initPower)
                  00004188    0000002c     track_sensor.o (.text.TrackSensor_CountBlack)
                  000041b4    00000028     servo.o (.text.Servo_Init)
                  000041dc    00000028     libc.a : boot_cortex_m.c.obj (.text:_c_int00_noargs)
                  00004204    00000024     encoder.o (.text.Encoder_Reset)
                  00004228    00000020     car_controller.o (.text.CarController_Stop)
                  00004248    00000020     mission_manager.o (.text.MissionManager_Pause)
                  00004268    00000020     mission_manager.o (.text.MissionManager_Resume)
                  00004288    00000020     mission_manager.o (.text.mission_finish_error)
                  000042a8    0000001e     libclang_rt.builtins.a : ashldi3.S.obj (.text.__ashldi3)
                  000042c6    00000002     --HOLE-- [fill = 0]
                  000042c8    0000001c     imu.o (.text.Imu_IsReady)
                  000042e4    0000001c     obstacle_safety.o (.text.ObstacleSafety_Init)
                  00004300    00000018     car_controller.o (.text.CarController_RunModeToString)
                  00004318    00000018     heading_control.o (.text.HeadingControl_LockCurrentYaw)
                  00004330    00000018     heading_control.o (.text.HeadingControl_SetTargetYaw)
                  00004348    00000018     menu.o (.text.Menu_ParamItemToString)
                  00004360    00000018     motion_action.o (.text.MotionAction_Cancel)
                  00004378    00000016     libc.a : copy_zero_init.c.obj (.text:decompress:ZI:__TI_zero_init_nomemset)
                  0000438e    00000002     --HOLE-- [fill = 0]
                  00004390    00000014     empty.o (.text.GROUP1_IRQHandler)
                  000043a4    00000014     heading_control.o (.text.HeadingControl_Enable)
                  000043b8    00000014     heading_control.o (.text.HeadingControl_Init)
                  000043cc    00000014     heading_control.o (.text.HeadingControl_Reset)
                  000043e0    00000014     menu.o (.text.Menu_Init)
                  000043f4    00000014     mission_library.o (.text.MissionLibrary_FindById)
                  00004408    00000014     mission_library.o (.text.MissionLibrary_GetByIndex)
                  0000441c    00000014     mission_manager.o (.text.MissionManager_GetSelectedMissionId)
                  00004430    00000014     motion_action.o (.text.MotionAction_Init)
                  00004444    00000014     obstacle_monitor.o (.text.ObstacleMonitor_Init)
                  00004458    00000014     libclang_rt.builtins.a : aeabi_ldivmod.S.obj (.text.__aeabi_ldivmod)
                  0000446c    00000012     libc.a : copy_decompress_none.c.obj (.text:decompress:none)
                  0000447e    00000002     --HOLE-- [fill = 0]
                  00004480    00000010     key.o (.text.Key_GetEvent)
                  00004490    00000010     ti_msp_dl_config.o (.text.SYSCFG_DL_init)
                  000044a0    0000000c     car_controller.o (.text.CarController_GetRunMode)
                  000044ac    0000000c     car_state.o (.text.CarState_Get)
                  000044b8    0000000c     car_state.o (.text.CarState_Init)
                  000044c4    0000000c     car_state.o (.text.CarState_Set)
                  000044d0    0000000c     imu.o (.text.Imu_GetCorrectedGyroZDps)
                  000044dc    0000000c     imu.o (.text.Imu_GetYaw)
                  000044e8    0000000c     imu.o (.text.Imu_ResetYaw)
                  000044f4    0000000c     menu.o (.text.Menu_GetPage)
                  00004500    0000000c     menu.o (.text.Menu_GetParamItem)
                  0000450c    0000000c     mission_manager.o (.text.MissionManager_SetExternalHold)
                  00004518    0000000c     obstacle_safety.o (.text.ObstacleSafety_IsHolding)
                  00004524    0000000c     oled_ui.o (.text.OledUi_Init)
                  00004530    0000000a     driverlib.a : dl_common.o (.text.DL_Common_delayCycles)
                  0000453a    0000000a     track_sensor.o (.text.TrackSensor_IsCenterDetected)
                  00004544    0000000a     track_sensor.o (.text.TrackSensor_IsLineDetected)
                  0000454e    0000000a     track_sensor.o (.text.TrackSensor_IsLineLost)
                  00004558    00000008     car_controller.o (.text.CarController_GetFeedback)
                  00004560    00000008     heading_control.o (.text.HeadingControl_GetRuntime)
                  00004568    00000008     imu.o (.text.Imu_GetRuntime)
                  00004570    00000008     mission_manager.o (.text.MissionManager_GetMissionCount)
                  00004578    00000008     mission_manager.o (.text.MissionManager_GetRuntime)
                  00004580    00000008     motion_action.o (.text.MotionAction_GetRuntime)
                  00004588    00000008     obstacle_monitor.o (.text.ObstacleMonitor_GetFeedback)
                  00004590    00000008     ultrasonic.o (.text.Ultrasonic_GetFeedback)
                  00004598    00000008     libclang_rt.builtins.a : aeabi_memcpy.S.obj (.text.__aeabi_memcpy)
                  000045a0    00000006     libc.a : exit.c.obj (.text:abort)
                  000045a6    00000004     libsysbm.a : hostexit.c.obj (.text.HOSTexit)
                  000045aa    00000004     mission_library.o (.text.MissionLibrary_GetCount)
                  000045ae    00000004     startup_mspm0g350x_ticlang.o (.text.Reset_Handler)
                  000045b2    00000004     libc.a : pre_init.c.obj (.text._system_pre_init)
                  000045b6    00000002     --HOLE-- [fill = 0]

.cinit     0    00004d98    00000030     
                  00004d98    0000000c     (__TI_handler_table)
                  00004da4    00000008     (.cinit..bss.load) [load image, compression = zero_init]
                  00004dac    00000005     (.cinit..data.load) [load image, compression = lzss]
                  00004db1    00000003     --HOLE-- [fill = 0]
                  00004db4    00000010     (__TI_cinit_table)
                  00004dc4    00000004     --HOLE-- [fill = 0]

.rodata    0    000045b8    000007e0     
                  000045b8    000000d8     oled.o (.rodata..Lswitch.table.OLED_PrintChar)
                  00004690    000000a8     mission_library.o (.rodata.g_missionMapA)
                  00004738    000000a8     mission_library.o (.rodata.g_missionMapB)
                  000047e0    00000090     mission_library.o (.rodata.g_missionRegistry)
                  00004870    00000078     mission_library.o (.rodata.g_missionMapC)
                  000048e8    00000078     mission_library.o (.rodata.g_missionTestRight90Turn)
                  00004960    00000078     mission_library.o (.rodata.g_missionTestSeekFollow)
                  000049d8    00000048     mission_library.o (.rodata.g_missionLegacy)
                  00004a20    00000048     mission_library.o (.rodata.g_missionTestRight90Stop)
                  00004a68    00000048     mission_library.o (.rodata.g_missionTestSeekThenFollow)
                  00004ab0    00000034     mission_library.o (.rodata..Lswitch.table.MissionLibrary_FindById)
                  00004ae4    00000030     mission_library.o (.rodata.g_missionTestSeekThenStop)
                  00004b14    00000020     menu.o (.rodata..Lswitch.table.Menu_ParamItemToString)
                  00004b34    00000018     oled_ui.o (.rodata..Lswitch.table.OledUi_Update_20ms.48)
                  00004b4c    00000018     oled_ui.o (.rodata..Lswitch.table.OledUi_Update_20ms)
                  00004b64    00000014     car_controller.o (.rodata..Lswitch.table.CarController_RunModeToString)
                  00004b78    0000000b     mission_library.o (.rodata.str1.1440970855772709381.1)
                  00004b83    0000000a     mission_library.o (.rodata.str1.11682660667400632204.1)
                  00004b8d    0000000a     mission_library.o (.rodata.str1.15604890807705439409.1)
                  00004b97    00000009     mission_library.o (.rodata.str1.15668266851434757964.1)
                  00004ba0    00000009     oled_ui.o (.rodata.str1.18266126048138325213.1)
                  00004ba9    00000008     mission_library.o (.rodata.str1.13636476544574750902.1)
                  00004bb1    00000007     mission_library.o (.rodata.str1.199678142196697465.1)
                  00004bb8    00000007     oled_ui.o (.rodata.str1.9544068167406571052.1)
                  00004bbf    00000006     oled_ui.o (.rodata.str1.1445687256832830955.1)
                  00004bc5    00000006     oled_ui.o (.rodata.str1.15008238333949226094.1)
                  00004bcb    00000006     oled_ui.o (.rodata.str1.15817398807211891688.1)
                  00004bd1    00000006     oled_ui.o (.rodata.str1.16411631209783952401.1)
                  00004bd7    00000006     mission_library.o (.rodata.str1.1642528554392422750.1)
                  00004bdd    00000006     oled_ui.o (.rodata.str1.17540787658903907660.1)
                  00004be3    00000006     mission_library.o (.rodata.str1.4251661066630729623.1)
                  00004be9    00000006     mission_library.o (.rodata.str1.4392264057376583881.1)
                  00004bef    00000006     oled_ui.o (.rodata.str1.4610220316623841660.1)
                  00004bf5    00000006     oled_ui.o (.rodata.str1.5965450730569173784.1)
                  00004bfb    00000005     oled.o (.rodata.oled_get_glyph.colon)
                  00004c00    00000005     oled.o (.rodata.oled_get_glyph.eight)
                  00004c05    00000005     oled.o (.rodata.oled_get_glyph.five)
                  00004c0a    00000005     oled.o (.rodata.oled_get_glyph.four)
                  00004c0f    00000005     oled.o (.rodata.oled_get_glyph.glyphA)
                  00004c14    00000005     oled.o (.rodata.oled_get_glyph.glyphB)
                  00004c19    00000005     oled.o (.rodata.oled_get_glyph.glyphC)
                  00004c1e    00000005     oled.o (.rodata.oled_get_glyph.glyphD)
                  00004c23    00000005     oled.o (.rodata.oled_get_glyph.glyphE)
                  00004c28    00000005     oled.o (.rodata.oled_get_glyph.glyphG)
                  00004c2d    00000005     oled.o (.rodata.oled_get_glyph.glyphH)
                  00004c32    00000005     oled.o (.rodata.oled_get_glyph.glyphI)
                  00004c37    00000005     oled.o (.rodata.oled_get_glyph.glyphK)
                  00004c3c    00000005     oled.o (.rodata.oled_get_glyph.glyphL)
                  00004c41    00000005     oled.o (.rodata.oled_get_glyph.glyphM)
                  00004c46    00000005     oled.o (.rodata.oled_get_glyph.glyphN)
                  00004c4b    00000005     oled.o (.rodata.oled_get_glyph.glyphO)
                  00004c50    00000005     oled.o (.rodata.oled_get_glyph.glyphP)
                  00004c55    00000005     oled.o (.rodata.oled_get_glyph.glyphR)
                  00004c5a    00000005     oled.o (.rodata.oled_get_glyph.glyphS)
                  00004c5f    00000005     oled.o (.rodata.oled_get_glyph.glyphT)
                  00004c64    00000005     oled.o (.rodata.oled_get_glyph.glyphU)
                  00004c69    00000005     oled.o (.rodata.oled_get_glyph.glyphV)
                  00004c6e    00000005     oled.o (.rodata.oled_get_glyph.glyphW)
                  00004c73    00000005     oled.o (.rodata.oled_get_glyph.glyphX)
                  00004c78    00000005     oled.o (.rodata.oled_get_glyph.glyphY)
                  00004c7d    00000005     oled.o (.rodata.oled_get_glyph.glyphb)
                  00004c82    00000005     oled.o (.rodata.oled_get_glyph.gt)
                  00004c87    00000005     oled.o (.rodata.oled_get_glyph.minus)
                  00004c8c    00000005     oled.o (.rodata.oled_get_glyph.nine)
                  00004c91    00000005     oled.o (.rodata.oled_get_glyph.one)
                  00004c96    00000005     oled.o (.rodata.oled_get_glyph.seven)
                  00004c9b    00000005     oled.o (.rodata.oled_get_glyph.six)
                  00004ca0    00000005     oled.o (.rodata.oled_get_glyph.space)
                  00004ca5    00000005     oled.o (.rodata.oled_get_glyph.three)
                  00004caa    00000005     oled.o (.rodata.oled_get_glyph.two)
                  00004caf    00000005     oled.o (.rodata.oled_get_glyph.zero)
                  00004cb4    00000005     oled_ui.o (.rodata.str1.1108652269057166745.1)
                  00004cb9    00000005     oled_ui.o (.rodata.str1.13790669171379415506.1)
                  00004cbe    00000005     oled_ui.o (.rodata.str1.13882251010780863896.1)
                  00004cc3    00000005     oled_ui.o (.rodata.str1.14134189893851348960.1)
                  00004cc8    00000005     oled_ui.o (.rodata.str1.14358698208395374265.1)
                  00004ccd    00000005     oled_ui.o (.rodata.str1.15859922799842739878.1)
                  00004cd2    00000005     oled_ui.o (.rodata.str1.15917848551323629232.1)
                  00004cd7    00000005     oled_ui.o (.rodata.str1.16526439943277383452.1)
                  00004cdc    00000005     oled_ui.o (.rodata.str1.17274519358952562110.1)
                  00004ce1    00000005     oled_ui.o (.rodata.str1.17884296644359297425.1)
                  00004ce6    00000005     car_controller.o (.rodata.str1.18191498530309206443.1)
                  00004ceb    00000005     oled_ui.o (.rodata.str1.18379317056176403938.1)
                  00004cf0    00000005     car_controller.o (.rodata.str1.4164979912472006574.1)
                  00004cf5    00000005     oled_ui.o (.rodata.str1.4402311448527872260.1)
                  00004cfa    00000005     oled_ui.o (.rodata.str1.4581472623415959594.1)
                  00004cff    00000005     oled_ui.o (.rodata.str1.4581686099848791648.1)
                  00004d04    00000005     menu.o (.rodata.str1.4862307748908978627.1)
                  00004d09    00000005     oled_ui.o (.rodata.str1.8426569189266129334.1)
                  00004d0e    00000005     oled_ui.o (.rodata.str1.8783421139296713095.1)
                  00004d13    00000005     car_controller.o (.rodata.str1.9981487771679760427.1)
                  00004d18    00000004     oled_ui.o (.rodata.str1.1019225241002246410.1)
                  00004d1c    00000004     oled_ui.o (.rodata.str1.10416366799939242409.1)
                  00004d20    00000004     menu.o (.rodata.str1.12110183915172842339.1)
                  00004d24    00000004     car_controller.o (.rodata.str1.12442237994239546032.1)
                  00004d28    00000004     oled_ui.o (.rodata.str1.130772507669342127.1)
                  00004d2c    00000004     menu.o (.rodata.str1.13124720451672825294.1)
                  00004d30    00000004     oled_ui.o (.rodata.str1.13244290092665904221.1)
                  00004d34    00000004     oled_ui.o (.rodata.str1.13567883086814673087.1)
                  00004d38    00000004     menu.o (.rodata.str1.14098755746347272832.1)
                  00004d3c    00000004     oled_ui.o (.rodata.str1.15577080202403550426.1)
                  00004d40    00000004     oled_ui.o (.rodata.str1.16849766574302683489.1)
                  00004d44    00000004     menu.o (.rodata.str1.17041139162815566052.1)
                  00004d48    00000004     car_controller.o (.rodata.str1.17172356789460551389.1)
                  00004d4c    00000004     oled_ui.o (.rodata.str1.2308938766145545715.1)
                  00004d50    00000004     oled_ui.o (.rodata.str1.270145429241168923.1)
                  00004d54    00000004     oled_ui.o (.rodata.str1.3025253791635144717.1)
                  00004d58    00000004     oled_ui.o (.rodata.str1.3407221357956504873.1)
                  00004d5c    00000004     oled_ui.o (.rodata.str1.3455423528827705371.1)
                  00004d60    00000004     oled_ui.o (.rodata.str1.3702290527496711532.1)
                  00004d64    00000004     oled_ui.o (.rodata.str1.5853739094453432564.1)
                  00004d68    00000004     oled_ui.o (.rodata.str1.7219546930854689545.1)
                  00004d6c    00000004     oled_ui.o (.rodata.str1.9159586779647977165.1)
                  00004d70    00000004     car_controller.o (.rodata.str1.9234375891235759983.1)
                  00004d74    00000004     menu.o (.rodata.str1.9546740394641817443.1)
                  00004d78    00000004     oled_ui.o (.rodata.str1.967006512144173535.1)
                  00004d7c    00000003     oled_ui.o (.rodata.str1.11232419324784801130.1)
                  00004d7f    00000003     oled_ui.o (.rodata.str1.14556837007311414654.1)
                  00004d82    00000003     menu.o (.rodata.str1.16312125044762562515.1)
                  00004d85    00000003     oled_ui.o (.rodata.str1.16931641404301806744.1)
                  00004d88    00000003     oled_ui.o (.rodata.str1.17812014771544466701.1)
                  00004d8b    00000003     menu.o (.rodata.str1.4646809750356241979.1)
                  00004d8e    00000003     menu.o (.rodata.str1.6857549598058878762.1)
                  00004d91    00000003     oled_ui.o (.rodata.str1.8236579331345056500.1)
                  00004d94    00000003     oled_ui.o (.rodata.str1.9854382722193312766.1)
                  00004d97    00000001     --HOLE-- [fill = 0]

.init_array 
*          0    00000000    00000000     UNINITIALIZED

.binit     0    00000000    00000000     

.bss       0    20200000    0000014f     UNINITIALIZED
                  20200000    00000050     (.common:g_appConfig)
                  20200050    00000028     (.common:g_appRuntime)
                  20200078    00000028     (.common:g_imuRuntime)
                  202000a0    00000020     mission_manager.o (.bss.g_missionRuntime)
                  202000c0    00000014     (.common:g_headingRuntime)
                  202000d4    00000010     motion_action.o (.bss.g_motionActionRuntime)
                  202000e4    0000000e     car_controller.o (.bss.g_carControllerFeedback)
                  202000f2    00000002     ultrasonic.o (.bss.g_echoTicks)
                  202000f4    0000000e     ultrasonic.o (.bss.g_ultrasonicFeedback)
                  20200102    00000008     obstacle_monitor.o (.bss.g_obstacleFeedback)
                  2020010a    00000006     ultrasonic.o (.bss.g_distanceSamples)
                  20200110    00000006     key.o (.bss.g_key1)
                  20200116    00000006     key.o (.bss.g_key2)
                  2020011c    00000006     key.o (.bss.g_key3)
                  20200122    00000002     servo.o (.bss.g_servoPwmPhase)
                  20200124    00000004     encoder.o (.bss.g_motorAPulses)
                  20200128    00000004     encoder.o (.bss.g_motorBPulses)
                  2020012c    00000004     servo.o (.bss.g_servoFeedback)
                  20200130    00000002     ultrasonic.o (.bss.g_stateTicks)
                  20200132    00000002     (.common:g_trackError)
                  20200134    00000001     oled_ui.o (.bss.OledUi_Update_20ms.refreshDivider)
                  20200135    00000001     empty.o (.bss.SysTick_Handler.controlMsCount)
                  20200136    00000001     empty.o (.bss.SysTick_Handler.tick100usCount)
                  20200137    00000001     ultrasonic.o (.bss.Ultrasonic_Update_20ms.triggerDivider)
                  20200138    00000001     empty.o (.bss.g_appUpdateDue)
                  20200139    00000001     car_state.o (.bss.g_carState)
                  2020013a    00000001     ultrasonic.o (.bss.g_distanceSampleCount)
                  2020013b    00000001     ultrasonic.o (.bss.g_distanceSampleIndex)
                  2020013c    00000001     motor.o (.bss.g_motorADutyLevel)
                  2020013d    00000001     motor.o (.bss.g_motorBDutyLevel)
                  2020013e    00000001     obstacle_safety.o (.bss.g_obstacleSafetyHolding)
                  2020013f    00000001     oled.o (.bss.g_oledColumn)
                  20200140    00000001     menu.o (.bss.g_oledPage)
                  20200141    00000001     menu.o (.bss.g_paramItem)
                  20200142    00000001     key.o (.bss.g_pendingEvent)
                  20200143    00000001     motor.o (.bss.g_pwmPhase)
                  20200144    00000001     car_controller.o (.bss.g_safetyHold)
                  20200145    00000001     ultrasonic.o (.bss.g_triggerRequest)
                  20200146    00000001     ultrasonic.o (.bss.g_ultrasonicState)
                  20200147    00000001     (.common:g_carStateDebug)
                  20200148    00000001     (.common:g_keyEvent)
                  20200149    00000001     (.common:g_oledPageDebug)
                  2020014a    00000001     (.common:g_paramItemDebug)
                  2020014b    00000001     (.common:g_trackBlackCount)
                  2020014c    00000001     (.common:g_trackModeDebug)
                  2020014d    00000001     (.common:g_trackRaw)
                  2020014e    00000001     (.common:g_trackTurnDebug)

.data      0    2020014f    00000001     UNINITIALIZED
                  2020014f    00000001     car_controller.o (.data.g_followTurnPolicy)

.stack     0    20207e00    00000200     UNINITIALIZED
                  20207e00    00000004     libc.a : boot_cortex_m.c.obj (.stack)
                  20207e04    000001fc     --HOLE--

__llvm_prf_cnts 
*          0    20200000    00000000     UNINITIALIZED

__llvm_prf_bits 
*          0    20200000    00000000     UNINITIALIZED

MODULE SUMMARY

       Module                         code    ro data   rw data
       ------                         ----    -------   -------
    .\
       imu.o                          3304    0         40     
       oled.o                         2088    401       1      
       car_controller.o               2296    47        56     
       oled_ui.o                      1376    272       1      
       mission_library.o              172     1229      0      
       mission_manager.o              1184    0         32     
       app_config.o                   704     0         80     
       menu.o                         572     66        2      
       ultrasonic.o                   596     0         29     
       motion_action.o                568     0         16     
       heading_control.o              468     0         20     
       key.o                          436     0         19     
       track_sensor.o                 372     0         0      
       motor.o                        356     0         3      
       ti_msp_dl_config.o             300     0         0      
       app.o                          278     0         10     
       empty.o                        196     0         3      
       startup_mspm0g350x_ticlang.o   6       192       0      
       servo.o                        168     0         6      
       encoder.o                      144     0         8      
       obstacle_monitor.o             132     0         8      
       obstacle_safety.o              124     0         1      
       car_state.o                    36      0         1      
    +--+------------------------------+-------+---------+---------+
       Total:                         15876   2207      336    
                                                               
    C:/TI/mspm0_sdk_2_05_01_00/source/ti/driverlib/lib/ticlang/m0p/mspm0g1x0x_g3x0x/driverlib.a
       dl_common.o                    10      0         0      
    +--+------------------------------+-------+---------+---------+
       Total:                         10      0         0      
                                                               
    D:\TI\CCS\ccs\tools\compiler\ti-cgt-armllvm_4.0.4.LTS\lib\armv6m-ti-none-eabi/c/libc.a
       memcpy16.S.obj                 154     0         0      
       copy_decompress_lzss.c.obj     124     0         0      
       autoinit.c.obj                 60      0         0      
       boot_cortex_m.c.obj            40      0         0      
       copy_zero_init.c.obj           22      0         0      
       copy_decompress_none.c.obj     18      0         0      
       exit.c.obj                     6       0         0      
       pre_init.c.obj                 4       0         0      
    +--+------------------------------+-------+---------+---------+
       Total:                         428     0         0      
                                                               
    D:\TI\CCS\ccs\tools\compiler\ti-cgt-armllvm_4.0.4.LTS\lib\armv6m-ti-none-eabi/c/libsysbm.a
       hostexit.c.obj                 4       0         0      
    +--+------------------------------+-------+---------+---------+
       Total:                         4       0         0      
                                                               
    D:\TI\CCS\ccs\tools\compiler\ti-cgt-armllvm_4.0.4.LTS\lib\armv6m-ti-none-eabi/libclang_rt.builtins.a
       addsf3.S.obj                   216     0         0      
       udivmoddi4.S.obj               162     0         0      
       mulsf3.S.obj                   140     0         0      
       divsf3.S.obj                   130     0         0      
       comparesf2.S.obj               118     0         0      
       aeabi_fcmp.S.obj               98      0         0      
       aeabi_idivmod.S.obj            86      0         0      
       aeabi_uidivmod.S.obj           64      0         0      
       divmoddi4.c.obj                62      0         0      
       floatsisf.S.obj                60      0         0      
       muldsi3.S.obj                  58      0         0      
       fixsfsi.S.obj                  56      0         0      
       ashldi3.S.obj                  30      0         0      
       aeabi_ldivmod.S.obj            20      0         0      
       aeabi_memcpy.S.obj             8       0         0      
       aeabi_div0.c.obj               4       0         0      
    +--+------------------------------+-------+---------+---------+
       Total:                         1312    0         0      
                                                               
       Stack:                         0       0         512    
       Linker Generated:              0       41        0      
    +--+------------------------------+-------+---------+---------+
       Grand Total:                   17630   2248      848    


LINKER GENERATED COPY TABLES

__TI_cinit_table @ 00004db4 records: 2, size/record: 8, table size: 16
	.bss: load addr=00004da4, load size=00000008 bytes, run addr=20200000, run size=0000014f bytes, compression=zero_init
	.data: load addr=00004dac, load size=00000005 bytes, run addr=2020014f, run size=00000001 bytes, compression=lzss


LINKER GENERATED HANDLER TABLE

__TI_handler_table @ 00004d98 records: 3, size/record: 4, table size: 12
	index: 0, handler: __TI_decompress_lzss
	index: 1, handler: __TI_decompress_none
	index: 2, handler: __TI_zero_init


GLOBAL SYMBOLS: SORTED ALPHABETICALLY BY Name 

address   name                                  
-------   ----                                  
00002f2b  ADC0_IRQHandler                       
00002f2b  ADC1_IRQHandler                       
00002f2b  AES_IRQHandler                        
00002f2d  AppConfig_InitDefault                 
000012d9  AppConfig_LimitAll                    
00003a49  App_Init                              
00002c69  App_Update_20ms                       
000045a6  C$$EXIT                               
00002f2b  CANFD0_IRQHandler                     
00004559  CarController_GetFeedback             
000044a1  CarController_GetRunMode              
00003489  CarController_Init                    
000034fd  CarController_ResetRuntime            
00004301  CarController_RunModeToString         
00003ba1  CarController_SetSafetyHold           
00003399  CarController_StartFollowLine         
000030fd  CarController_StartSeekLine           
000035e1  CarController_StartTurnLeft90         
0000364d  CarController_StartTurnRight90        
00004229  CarController_Stop                    
00000615  CarController_Update_20ms             
000044ad  CarState_Get                          
000044b9  CarState_Init                         
000044c5  CarState_Set                          
00002f2b  DAC0_IRQHandler                       
00004531  DL_Common_delayCycles                 
00002f2b  DMA_IRQHandler                        
00002f2b  Default_Handler                       
000036b9  Encoder_HandleGpioInterrupt           
00004205  Encoder_Reset                         
00002f2b  GROUP0_IRQHandler                     
00004391  GROUP1_IRQHandler                     
000045a7  HOSTexit                              
00002f2b  HardFault_Handler                     
000043a5  HeadingControl_Enable                 
00004561  HeadingControl_GetRuntime             
000043b9  HeadingControl_Init                   
00004319  HeadingControl_LockCurrentYaw         
000043cd  HeadingControl_Reset                  
00004331  HeadingControl_SetTargetYaw           
00001f41  HeadingControl_Update                 
00002f2b  I2C0_IRQHandler                       
00002f2b  I2C1_IRQHandler                       
000014fd  Imu_CalibrateGyroBias                 
000044d1  Imu_GetCorrectedGyroZDps              
00004569  Imu_GetRuntime                        
000044dd  Imu_GetYaw                            
00000dad  Imu_Init                              
000042c9  Imu_IsReady                           
000044e9  Imu_ResetYaw                          
000021dd  Imu_Update                            
00004481  Key_GetEvent                          
000040a1  Key_Init                              
00001dcd  Key_Update_20ms                       
000044f5  Menu_GetPage                          
00004501  Menu_GetParamItem                     
0000392d  Menu_GetParamValue                    
00001c35  Menu_HandleKeyEvent                   
000043e1  Menu_Init                             
00004349  Menu_ParamItemToString                
000043f5  MissionLibrary_FindById               
00004409  MissionLibrary_GetByIndex             
000045ab  MissionLibrary_GetCount               
0000329b  MissionLibrary_Validate               
000040d1  MissionManager_Cancel                 
00004571  MissionManager_GetMissionCount        
00004579  MissionManager_GetRuntime             
0000441d  MissionManager_GetSelectedMissionId   
00003791  MissionManager_GetSelectedMissionIndex
00003c91  MissionManager_Init                   
00004249  MissionManager_Pause                  
00004101  MissionManager_Reset                  
00004269  MissionManager_Resume                 
00002651  MissionManager_SelectNext             
00002915  MissionManager_SelectPrevious         
0000450d  MissionManager_SetExternalHold        
00003d61  MissionManager_Start                  
00002559  MissionManager_Update_20ms            
00004361  MotionAction_Cancel                   
00004581  MotionAction_GetRuntime               
00004431  MotionAction_Init                     
0000282d  MotionAction_Start                    
0000243d  MotionAction_Update_20ms              
00003fc9  Motor_Init                            
00003bf1  Motor_PwmTick100us                    
00002d29  Motor_SetSpeed                        
00004131  Motor_Stop                            
00002f2b  NMI_Handler                           
00001085  OLED_Clear                            
00002ac5  OLED_Init                             
0000398d  OLED_PrintBinary7                     
00002b99  OLED_PrintChar                        
000020a1  OLED_PrintInt16                       
0000406d  OLED_PrintString                      
00004039  OLED_SetCursor                        
00004589  ObstacleMonitor_GetFeedback           
00004445  ObstacleMonitor_Init                  
000037f9  ObstacleMonitor_Update_20ms           
000042e5  ObstacleSafety_Init                   
00004519  ObstacleSafety_IsHolding              
00003af9  ObstacleSafety_Update_20ms            
00004525  OledUi_Init                           
000000c1  OledUi_Update_20ms                    
00002f2b  PendSV_Handler                        
00002f2b  RTC_IRQHandler                        
000045af  Reset_Handler                         
00002f2b  SPI0_IRQHandler                       
00002f2b  SPI1_IRQHandler                       
00002f2b  SVC_Handler                           
00002dd9  SYSCFG_DL_GPIO_init                   
00003da1  SYSCFG_DL_SYSCTL_init                 
00004491  SYSCFG_DL_init                        
0000415d  SYSCFG_DL_initPower                   
000041b5  Servo_Init                            
00003e61  Servo_SetAngleDeg                     
00003cd9  Servo_Tick100us                       
00003d1d  SysTick_Handler                       
00002f2b  TIMA0_IRQHandler                      
00002f2b  TIMA1_IRQHandler                      
00002f2b  TIMG0_IRQHandler                      
00002f2b  TIMG12_IRQHandler                     
00002f2b  TIMG6_IRQHandler                      
00002f2b  TIMG7_IRQHandler                      
00002f2b  TIMG8_IRQHandler                      
00004189  TrackSensor_CountBlack                
00003571  TrackSensor_DetectTurn                
00003861  TrackSensor_GetErrorFromRaw           
00003063  TrackSensor_Init                      
0000453b  TrackSensor_IsCenterDetected          
00004545  TrackSensor_IsLineDetected            
0000454f  TrackSensor_IsLineLost                
00003b4d  TrackSensor_ReadRaw                   
00002f2b  UART0_IRQHandler                      
00002f2b  UART1_IRQHandler                      
00002f2b  UART2_IRQHandler                      
00002f2b  UART3_IRQHandler                      
00004591  Ultrasonic_GetFeedback                
00003c41  Ultrasonic_Init                       
00001a95  Ultrasonic_Tick100us                  
000039ed  Ultrasonic_Update_20ms                
20208000  __STACK_END                           
00000200  __STACK_SIZE                          
00000000  __TI_ATRegion0_region_sz              
00000000  __TI_ATRegion0_src_addr               
00000000  __TI_ATRegion0_trg_addr               
00000000  __TI_ATRegion1_region_sz              
00000000  __TI_ATRegion1_src_addr               
00000000  __TI_ATRegion1_trg_addr               
00000000  __TI_ATRegion2_region_sz              
00000000  __TI_ATRegion2_src_addr               
00000000  __TI_ATRegion2_trg_addr               
00004db4  __TI_CINIT_Base                       
00004dc4  __TI_CINIT_Limit                      
00004dc4  __TI_CINIT_Warm                       
00004d98  __TI_Handler_Table_Base               
00004da4  __TI_Handler_Table_Limit              
00003f15  __TI_auto_init_nobinit_nopinit        
0000331d  __TI_decompress_lzss                  
0000446d  __TI_decompress_none                  
ffffffff  __TI_pprof_out_hndl                   
ffffffff  __TI_prof_data_size                   
ffffffff  __TI_prof_data_start                  
00000000  __TI_static_base__                    
00004379  __TI_zero_init_nomemset               
000029f7  __addsf3                              
00004001  __aeabi_f2iz                          
000029f7  __aeabi_fadd                          
000038c9  __aeabi_fcmpeq                        
00003905  __aeabi_fcmpge                        
00003919  __aeabi_fcmpgt                        
000038f1  __aeabi_fcmple                        
000038dd  __aeabi_fcmplt                        
00003219  __aeabi_fdiv                          
0000318d  __aeabi_fmul                          
000029ed  __aeabi_fsub                          
00003e9d  __aeabi_i2f                           
00003aa1  __aeabi_idiv                          
0000331b  __aeabi_idiv0                         
00003aa1  __aeabi_idivmod                       
000035df  __aeabi_ldiv0                         
00004459  __aeabi_ldivmod                       
000042a9  __aeabi_llsl                          
00004599  __aeabi_memcpy                        
00004599  __aeabi_memcpy4                       
00004599  __aeabi_memcpy8                       
00003de1  __aeabi_uidiv                         
00003de1  __aeabi_uidivmod                      
000042a9  __ashldi3                             
ffffffff  __binit__                             
00003f51  __cmpsf2                              
00003e21  __divmoddi4                           
00003219  __divsf3                              
00003f51  __eqsf2                               
00004001  __fixsfsi                             
00003e9d  __floatsisf                           
00003ed9  __gesf2                               
00003ed9  __gtsf2                               
00003f51  __lesf2                               
00003f51  __ltsf2                               
UNDEFED   __mpu_init                            
00003f8d  __muldsi3                             
0000318d  __mulsf3                              
00003f51  __nesf2                               
20207e00  __stack                               
20200000  __start___llvm_prf_bits               
20200000  __start___llvm_prf_cnts               
20200000  __stop___llvm_prf_bits                
20200000  __stop___llvm_prf_cnts                
000029ed  __subsf3                              
00002e89  __udivmoddi4                          
000041dd  _c_int00_noargs                       
UNDEFED   _system_post_cinit                    
000045b3  _system_pre_init                      
000045a1  abort                                 
ffffffff  binit                                 
20200000  g_appConfig                           
20200050  g_appRuntime                          
20200147  g_carStateDebug                       
202000c0  g_headingRuntime                      
20200078  g_imuRuntime                          
20200148  g_keyEvent                            
20200149  g_oledPageDebug                       
2020014a  g_paramItemDebug                      
2020014b  g_trackBlackCount                     
20200132  g_trackError                          
2020014c  g_trackModeDebug                      
2020014d  g_trackRaw                            
2020014e  g_trackTurnDebug                      
00000000  interruptVectors                      
00003725  main                                  
00002fc9  memcpy                                


GLOBAL SYMBOLS: SORTED BY Symbol Address 

address   name                                  
-------   ----                                  
00000000  __TI_ATRegion0_region_sz              
00000000  __TI_ATRegion0_src_addr               
00000000  __TI_ATRegion0_trg_addr               
00000000  __TI_ATRegion1_region_sz              
00000000  __TI_ATRegion1_src_addr               
00000000  __TI_ATRegion1_trg_addr               
00000000  __TI_ATRegion2_region_sz              
00000000  __TI_ATRegion2_src_addr               
00000000  __TI_ATRegion2_trg_addr               
00000000  __TI_static_base__                    
00000000  interruptVectors                      
000000c1  OledUi_Update_20ms                    
00000200  __STACK_SIZE                          
00000615  CarController_Update_20ms             
00000dad  Imu_Init                              
00001085  OLED_Clear                            
000012d9  AppConfig_LimitAll                    
000014fd  Imu_CalibrateGyroBias                 
00001a95  Ultrasonic_Tick100us                  
00001c35  Menu_HandleKeyEvent                   
00001dcd  Key_Update_20ms                       
00001f41  HeadingControl_Update                 
000020a1  OLED_PrintInt16                       
000021dd  Imu_Update                            
0000243d  MotionAction_Update_20ms              
00002559  MissionManager_Update_20ms            
00002651  MissionManager_SelectNext             
0000282d  MotionAction_Start                    
00002915  MissionManager_SelectPrevious         
000029ed  __aeabi_fsub                          
000029ed  __subsf3                              
000029f7  __addsf3                              
000029f7  __aeabi_fadd                          
00002ac5  OLED_Init                             
00002b99  OLED_PrintChar                        
00002c69  App_Update_20ms                       
00002d29  Motor_SetSpeed                        
00002dd9  SYSCFG_DL_GPIO_init                   
00002e89  __udivmoddi4                          
00002f2b  ADC0_IRQHandler                       
00002f2b  ADC1_IRQHandler                       
00002f2b  AES_IRQHandler                        
00002f2b  CANFD0_IRQHandler                     
00002f2b  DAC0_IRQHandler                       
00002f2b  DMA_IRQHandler                        
00002f2b  Default_Handler                       
00002f2b  GROUP0_IRQHandler                     
00002f2b  HardFault_Handler                     
00002f2b  I2C0_IRQHandler                       
00002f2b  I2C1_IRQHandler                       
00002f2b  NMI_Handler                           
00002f2b  PendSV_Handler                        
00002f2b  RTC_IRQHandler                        
00002f2b  SPI0_IRQHandler                       
00002f2b  SPI1_IRQHandler                       
00002f2b  SVC_Handler                           
00002f2b  TIMA0_IRQHandler                      
00002f2b  TIMA1_IRQHandler                      
00002f2b  TIMG0_IRQHandler                      
00002f2b  TIMG12_IRQHandler                     
00002f2b  TIMG6_IRQHandler                      
00002f2b  TIMG7_IRQHandler                      
00002f2b  TIMG8_IRQHandler                      
00002f2b  UART0_IRQHandler                      
00002f2b  UART1_IRQHandler                      
00002f2b  UART2_IRQHandler                      
00002f2b  UART3_IRQHandler                      
00002f2d  AppConfig_InitDefault                 
00002fc9  memcpy                                
00003063  TrackSensor_Init                      
000030fd  CarController_StartSeekLine           
0000318d  __aeabi_fmul                          
0000318d  __mulsf3                              
00003219  __aeabi_fdiv                          
00003219  __divsf3                              
0000329b  MissionLibrary_Validate               
0000331b  __aeabi_idiv0                         
0000331d  __TI_decompress_lzss                  
00003399  CarController_StartFollowLine         
00003489  CarController_Init                    
000034fd  CarController_ResetRuntime            
00003571  TrackSensor_DetectTurn                
000035df  __aeabi_ldiv0                         
000035e1  CarController_StartTurnLeft90         
0000364d  CarController_StartTurnRight90        
000036b9  Encoder_HandleGpioInterrupt           
00003725  main                                  
00003791  MissionManager_GetSelectedMissionIndex
000037f9  ObstacleMonitor_Update_20ms           
00003861  TrackSensor_GetErrorFromRaw           
000038c9  __aeabi_fcmpeq                        
000038dd  __aeabi_fcmplt                        
000038f1  __aeabi_fcmple                        
00003905  __aeabi_fcmpge                        
00003919  __aeabi_fcmpgt                        
0000392d  Menu_GetParamValue                    
0000398d  OLED_PrintBinary7                     
000039ed  Ultrasonic_Update_20ms                
00003a49  App_Init                              
00003aa1  __aeabi_idiv                          
00003aa1  __aeabi_idivmod                       
00003af9  ObstacleSafety_Update_20ms            
00003b4d  TrackSensor_ReadRaw                   
00003ba1  CarController_SetSafetyHold           
00003bf1  Motor_PwmTick100us                    
00003c41  Ultrasonic_Init                       
00003c91  MissionManager_Init                   
00003cd9  Servo_Tick100us                       
00003d1d  SysTick_Handler                       
00003d61  MissionManager_Start                  
00003da1  SYSCFG_DL_SYSCTL_init                 
00003de1  __aeabi_uidiv                         
00003de1  __aeabi_uidivmod                      
00003e21  __divmoddi4                           
00003e61  Servo_SetAngleDeg                     
00003e9d  __aeabi_i2f                           
00003e9d  __floatsisf                           
00003ed9  __gesf2                               
00003ed9  __gtsf2                               
00003f15  __TI_auto_init_nobinit_nopinit        
00003f51  __cmpsf2                              
00003f51  __eqsf2                               
00003f51  __lesf2                               
00003f51  __ltsf2                               
00003f51  __nesf2                               
00003f8d  __muldsi3                             
00003fc9  Motor_Init                            
00004001  __aeabi_f2iz                          
00004001  __fixsfsi                             
00004039  OLED_SetCursor                        
0000406d  OLED_PrintString                      
000040a1  Key_Init                              
000040d1  MissionManager_Cancel                 
00004101  MissionManager_Reset                  
00004131  Motor_Stop                            
0000415d  SYSCFG_DL_initPower                   
00004189  TrackSensor_CountBlack                
000041b5  Servo_Init                            
000041dd  _c_int00_noargs                       
00004205  Encoder_Reset                         
00004229  CarController_Stop                    
00004249  MissionManager_Pause                  
00004269  MissionManager_Resume                 
000042a9  __aeabi_llsl                          
000042a9  __ashldi3                             
000042c9  Imu_IsReady                           
000042e5  ObstacleSafety_Init                   
00004301  CarController_RunModeToString         
00004319  HeadingControl_LockCurrentYaw         
00004331  HeadingControl_SetTargetYaw           
00004349  Menu_ParamItemToString                
00004361  MotionAction_Cancel                   
00004379  __TI_zero_init_nomemset               
00004391  GROUP1_IRQHandler                     
000043a5  HeadingControl_Enable                 
000043b9  HeadingControl_Init                   
000043cd  HeadingControl_Reset                  
000043e1  Menu_Init                             
000043f5  MissionLibrary_FindById               
00004409  MissionLibrary_GetByIndex             
0000441d  MissionManager_GetSelectedMissionId   
00004431  MotionAction_Init                     
00004445  ObstacleMonitor_Init                  
00004459  __aeabi_ldivmod                       
0000446d  __TI_decompress_none                  
00004481  Key_GetEvent                          
00004491  SYSCFG_DL_init                        
000044a1  CarController_GetRunMode              
000044ad  CarState_Get                          
000044b9  CarState_Init                         
000044c5  CarState_Set                          
000044d1  Imu_GetCorrectedGyroZDps              
000044dd  Imu_GetYaw                            
000044e9  Imu_ResetYaw                          
000044f5  Menu_GetPage                          
00004501  Menu_GetParamItem                     
0000450d  MissionManager_SetExternalHold        
00004519  ObstacleSafety_IsHolding              
00004525  OledUi_Init                           
00004531  DL_Common_delayCycles                 
0000453b  TrackSensor_IsCenterDetected          
00004545  TrackSensor_IsLineDetected            
0000454f  TrackSensor_IsLineLost                
00004559  CarController_GetFeedback             
00004561  HeadingControl_GetRuntime             
00004569  Imu_GetRuntime                        
00004571  MissionManager_GetMissionCount        
00004579  MissionManager_GetRuntime             
00004581  MotionAction_GetRuntime               
00004589  ObstacleMonitor_GetFeedback           
00004591  Ultrasonic_GetFeedback                
00004599  __aeabi_memcpy                        
00004599  __aeabi_memcpy4                       
00004599  __aeabi_memcpy8                       
000045a1  abort                                 
000045a6  C$$EXIT                               
000045a7  HOSTexit                              
000045ab  MissionLibrary_GetCount               
000045af  Reset_Handler                         
000045b3  _system_pre_init                      
00004d98  __TI_Handler_Table_Base               
00004da4  __TI_Handler_Table_Limit              
00004db4  __TI_CINIT_Base                       
00004dc4  __TI_CINIT_Limit                      
00004dc4  __TI_CINIT_Warm                       
20200000  __start___llvm_prf_bits               
20200000  __start___llvm_prf_cnts               
20200000  __stop___llvm_prf_bits                
20200000  __stop___llvm_prf_cnts                
20200000  g_appConfig                           
20200050  g_appRuntime                          
20200078  g_imuRuntime                          
202000c0  g_headingRuntime                      
20200132  g_trackError                          
20200147  g_carStateDebug                       
20200148  g_keyEvent                            
20200149  g_oledPageDebug                       
2020014a  g_paramItemDebug                      
2020014b  g_trackBlackCount                     
2020014c  g_trackModeDebug                      
2020014d  g_trackRaw                            
2020014e  g_trackTurnDebug                      
20207e00  __stack                               
20208000  __STACK_END                           
ffffffff  __TI_pprof_out_hndl                   
ffffffff  __TI_prof_data_size                   
ffffffff  __TI_prof_data_start                  
ffffffff  __binit__                             
ffffffff  binit                                 
UNDEFED   __mpu_init                            
UNDEFED   _system_post_cinit                    

[231 symbols]
