******************************************************************************
            TI ARM Clang Linker PC v4.0.4                      
******************************************************************************
>> Linked Fri Jul 31 21:23:15 2026

OUTPUT FILE NAME:   <diansaikaishi.out>
ENTRY POINT SYMBOL: "_c_int00_noargs"  address: 00012909


MEMORY CONFIGURATION

         name            origin    length      used     unused   attr    fill
----------------------  --------  ---------  --------  --------  ----  --------
  FLASH                 00000000   00020000  00013f98  0000c068  R  X
  SRAM                  20200000   00008000  00001b8e  00006472  RW X
  BCR_CONFIG            41c00000   000000ff  00000000  000000ff  R   
  BSL_CONFIG            41c00100   00000080  00000000  00000080  R   


SEGMENT ALLOCATION MAP

run origin  load origin   length   init length attrs members
----------  ----------- ---------- ----------- ----- -------
00000000    00000000    00013af8   00013af8    r-x
  00000000    00000000    000000c0   000000c0    r-- .intvecs
  000000c0    000000c0    000130c0   000130c0    r-x .text
  00013180    00013180    00000978   00000978    r-- .rodata
00013b58    00013b58    00000040   00000040    r--
  00013b58    00013b58    00000030   00000030    r-- .cinit
  00013b88    00013b88    00000010   00000010    r-- .binit
0001fc00    0001fc00    00000400   00000400    r--
  0001fc00    0001fc00    00000400   00000400    r-- .TI.bound:g_balanceCalibrationReservedSector
20200000    20200000    0000192e   00000000    rw-
  20200000    20200000    0000192d   00000000    rw- .bss
  2020192d    2020192d    00000001   00000000    rw- .data
20201930    00013af8    00000060   00000060    r-x
  20201930    00013af8    00000060   00000060    r-x .TI.ramfunc
20207e00    20207e00    00000200   00000000    rw-
  20207e00    20207e00    00000200   00000000    rw- .stack


SECTION ALLOCATION MAP

 output                                  attributes/
section   page    origin      length       input sections
--------  ----  ----------  ----------   ----------------
.intvecs   0    00000000    000000c0     
                  00000000    000000c0     startup_mspm0g350x_ticlang.o (.intvecs)

.text      0    000000c0    000130c0     
                  000000c0    0000171c     oled_ui.o (.text.print_balance_stepper_test_page)
                  000017dc    00000ad8     oled_ui.o (.text.print_imu_counters_page)
                  000022b4    00000834     balance_tuning.o (.text.send_config)
                  00002ae8    000007ec     oled_ui.o (.text.print_balance_vision_page)
                  000032d4    0000064c     app_config.o (.text.AppConfig_LimitAll)
                  00003920    00000640     balance_tuning.o (.text.consume_rx_byte)
                  00003f60    000005ac     imu.o (.text.Imu_CalibrateGyroBias)
                  0000450c    000005a0     vision_receiver.o (.text.VisionReceiver_Process)
                  00004aac    00000524     line_controller.o (.text.LineController_Update)
                  00004fd0    000004bc     oled_ui.o (.text.print_encoder_page)
                  0000548c    0000049c     runtime_snapshot.o (.text.RuntimeSnapshot_Update)
                  00005928    00000478     oled_ui.o (.text.print_sensor_page)
                  00005da0    00000450     balance_position_control.o (.text.BalancePositionControl_Update20ms)
                  000061f0    0000044c     motor_control.o (.text.update_wheel)
                  0000663c    0000042c     balance_ball_control.o (.text.BalanceBallControl_Update20ms)
                  00006a68    00000424     wheel_speed_estimator.o (.text.WheelSpeedEstimator_Update)
                  00006e8c    000003f4     vision_protocol.o (.text.VisionProtocol_ParseBallAsciiLine)
                  00007280    000003e0     imu.o (.text.Imu_Update)
                  00007660    000003c4     oled_ui.o (.text.print_motor_control_detail_page)
                  00007a24    00000380     imu.o (.text.Imu_Init)
                  00007da4    0000037c     oled_ui.o (.text.print_heading_page)
                  00008120    00000370     gimbal.o (.text.gimbal_update_feedback)
                  00008490    0000033c     oled_ui.o (.text.print_drive_distance_page)
                  000087cc    00000324     oled_ui.o (.text.print_imu_detail_page)
                  00008af0    00000300     oled_ui.o (.text.print_motor_control_page)
                  00008df0    000002f0     imu.o (.text.mpu6050_read_regs)
                  000090e0    000002ec     menu.o (.text.Menu_HandleKeyEvent)
                  000093cc    000002cc     car_controller.o (.text.handle_drive_distance)
                  00009698    000002b0     motion_action.o (.text.MotionAction_Update_20ms)
                  00009948    00000290     balance_calibration_store.o (.text.BalanceCalibrationStore_Save)
                  00009bd8    0000028c     motor_control.o (.text.MotorControl_Update)
                  00009e64    00000278     balance_tuning.o (.text.BalanceTuning_Update20ms)
                  0000a0dc    0000026c     balance_soft_limits.o (.text.BalanceSoftLimits_Update20ms)
                  0000a348    00000268     car_controller.o (.text.handle_turn_to_yaw)
                  0000a5b0    00000250     menu.o (.text.menu_adjust_param)
                  0000a800    00000220     app_config.o (.text.AppConfig_InitDefault)
                  0000aa20    00000220     motion_action.o (.text.motion_action_start_internal)
                  0000ac40    0000021c     balance_tuning.o (.text.BalanceTuning_Process)
                  0000ae5c    00000204     motor.o (.text.Motor_SetSpeed)
                  0000b060    00000200     balance_tuning.o (.text.apply_parameter)
                  0000b260    000001f0     oled_ui.o (.text.print_param_page)
                  0000b450    000001e8     motor_control.o (.text.config_is_valid)
                  0000b638    000001e4     mission_library.o (.text.MissionLibrary_Validate)
                  0000b81c    000001cc     imu.o (.text.imu_i2c_write_byte)
                  0000b9e8    000001cc     oled_ui.o (.text.print_status_page)
                  0000bbb4    000001b8     oled.o (.text.oled_i2c_write_byte)
                  0000bd6c    000001a8     app.o (.text.App_Update_20ms)
                  0000bf14    000001a0     ultrasonic.o (.text.Ultrasonic_Tick100us)
                  0000c0b4    0000019c     car_controller.o (.text.CarController_StartDriveDistanceAtYaw)
                  0000c250    00000194     gimbal_stepper.o (.text.GimbalStepper_Tick100us)
                  0000c3e4    00000190     car_controller.o (.text.CarController_Update_20ms)
                  0000c574    00000188     oled_ui.o (.text.print_imu_page)
                  0000c6fc    00000174     key.o (.text.Key_Update_20ms)
                  0000c870    00000170     oled.o (.text.OLED_FlushPage)
                  0000c9e0    0000016c     oled.o (.text.OLED_PrintInt16)
                  0000cb4c    0000016c     balance_tuning.o (.text.parse_x100)
                  0000ccb8    00000160     oled_ui.o (.text.print_balance_limit_value)
                  0000ce18    0000015c     oled_ui.o (.text.print_signed_total_tail)
                  0000cf74    00000150     vision_protocol.o (.text.parse_decimal_x1000)
                  0000d0c4    0000014c     balance_soft_limits.o (.text.BalanceSoftLimits_CaptureCurrentStage)
                  0000d210    00000140     balance_calibration_store.o (.text.BalanceCalibrationStore_Load)
                  0000d350    0000013c     balance_position_control.o (.text.BalancePositionControl_Start)
                  0000d48c    0000013c     oled_ui.o (.text.print_balance_vision_rx_debug_page)
                  0000d5c8    0000012c     balance_soft_limits.o (.text.BalanceSoftLimits_StartOscillationTest)
                  0000d6f4    0000012c     imu.o (.text.imu_i2c_recover_bus)
                  0000d820    0000012c     oled_ui.o (.text.print_uint64_decimal)
                  0000d94c    00000128     line_controller.o (.text.LineController_Reset)
                  0000da74    00000128     mission_manager.o (.text.MissionManager_Update_20ms)
                  0000db9c    00000124     oled.o (.text.OLED_Init)
                  0000dcc0    00000120     balance_soft_limits.o (.text.BalanceSoftLimits_StartRelativePositionMoveSteps)
                  0000dde0    00000120     oled_ui.o (.text.print_bluetooth_page)
                  0000df00    0000011c     car_controller.o (.text.handle_drive_heading)
                  0000e01c    00000118     oled_ui.o (.text.print_obstacle_page)
                  0000e134    00000114     car_controller.o (.text.handle_follow_line)
                  0000e248    0000010c     balance_soft_limits.o (.text.BalanceSoftLimits_BeginAtCurrentAsZero)
                  0000e354    0000010c     line_controller.o (.text.LineController_ResetControlState)
                  0000e460    00000108     vision_receiver.o (.text.accept_packet)
                  0000e568    00000104     driverlib.a : dl_timer.o (.text.DL_Timer_initFourCCPWMMode)
                  0000e66c    00000104     line_controller.o (.text.LineController_Init)
                  0000e770    00000104     ti_msp_dl_config.o (.text.SYSCFG_DL_GPIO_init)
                  0000e874    00000104     balance_tuning.o (.text.send_text)
                  0000e978    00000100     motor_control.o (.text.MotorControl_SetNormalizedTarget)
                  0000ea78    000000fc     mission_manager.o (.text.MissionManager_SelectNext)
                  0000eb74    000000f8     vision_uart.o (.text.VisionUart_Process)
                  0000ec6c    000000ec     heading_control.o (.text.HeadingControl_Update)
                  0000ed58    000000ec     empty.o (.text.main)
                  0000ee44    000000e8     mission_manager.o (.text.MissionManager_SelectPrevious)
                  0000ef2c    000000e8     obstacle_safety.o (.text.ObstacleSafety_Update_20ms)
                  0000f014    000000e0     wheel_speed_estimator.o (.text.WheelSpeedEstimator_Init)
                  0000f0f4    000000d8     driverlib.a : dl_flashctl.o (.text.DL_FlashCTL_unprotectSector)
                  0000f1cc    000000d8     oled.o (.text.OLED_PrintUInt16)
                  0000f2a4    000000d8     balance_ball_control.o (.text.return_toward_zero)
                  0000f37c    000000d8     libclang_rt.builtins.a : addsf3.S.obj (.text)
                  0000f454    000000d4     car_controller.o (.text.CarController_StartDriveDistance)
                  0000f528    000000d4     gimbal_stepper.o (.text.GimbalStepper_MoveRelativeSteps)
                  0000f5fc    000000cc     balance_encoder.o (.text.BalanceEncoder_HandleGpioInterrupt)
                  0000f6c8    000000cc     oled_ui.o (.text.OledUi_Update_20ms)
                  0000f794    000000c8     fault.o (.text.FaultCode_ToShortString)
                  0000f85c    000000c0     angle_utils.o (.text.Angle_Normalize180)
                  0000f91c    000000c0     balance_soft_limits.o (.text.oscillation_target_for_phase)
                  0000f9dc    000000bc     balance_ball_control.o (.text.BalanceBallControl_SetConfig)
                  0000fa98    000000bc     balance_soft_limits.o (.text.BalanceSoftLimits_Init)
                  0000fb54    000000bc     car_controller.o (.text.CarController_ResetRuntime)
                  0000fc10    000000bc     menu.o (.text.Menu_GetParamValue)
                  0000fccc    000000b4     gimbal_stepper.o (.text.GimbalStepper_StopHold)
                  0000fd80    000000b0     gimbal_stepper.o (.text.GimbalStepper_Init)
                  0000fe30    000000b0     empty.o (.text.SysTick_Handler)
                  0000fee0    000000a8     balance_soft_limits.o (.text.BalanceSoftLimits_ArmRecalibration)
                  0000ff88    000000a4     encoder.o (.text.Encoder_HandleGpioInterrupt)
                  0001002c    000000a4     balance_calibration_store.o (.text.calibration_crc32)
                  000100d0    000000a2     libclang_rt.builtins.a : udivmoddi4.S.obj (.text)
                  00010172    00000002     startup_mspm0g350x_ticlang.o (.text.Default_Handler)
                  00010174    000000a0     balance_soft_limits.o (.text.BalanceSoftLimits_AbortCalibration)
                  00010214    000000a0     balance_ball_control.o (.text.command_offset)
                  000102b4    000000a0     car_controller.o (.text.drive_distance_high_decel_zone_cm)
                  00010354    0000009c     obstacle_monitor.o (.text.ObstacleMonitor_Update_20ms)
                  000103f0    0000009a     libc.a : memcpy16.S.obj (.text:memcpy)
                  0001048a    00000002     obstacle_avoidance.o (.text.ObstacleAvoidance_Update_20ms)
                  0001048c    00000098     balance_soft_limits.o (.text.BalanceSoftLimits_CancelRecalibration)
                  00010524    00000098     imu.o (.text.mpu6050_write_reg)
                  000105bc    00000094     balance_position_control.o (.text.BalancePositionControl_ResetFault)
                  00010650    00000094     car_controller.o (.text.CarController_StartTurnToYawRelative)
                  000106e4    00000090     car_controller.o (.text.CarController_ResetTransientState)
                  00010774    0000008c     ti_msp_dl_config.o (.text.SYSCFG_DL_PWM_MOTOR_init)
                  00010800    0000008c     ti_msp_dl_config.o (.text.SYSCFG_DL_UART_BALANCE_TUNING_init)
                  0001088c    0000008c     libclang_rt.builtins.a : mulsf3.S.obj (.text.__mulsf3)
                  00010918    0000008c     car_controller.o (.text.heading_imu_wait_or_fail)
                  000109a4    0000000c     balance_encoder.o (.text.BalanceEncoder_GetCountAtomic)
                  000109b0    00000088     libc.a : strcmp-armv6m.S.obj (.text:strcmp)
                  00010a38    00000084     car_controller.o (.text.CarController_SetSafetyHold)
                  00010abc    00000084     gimbal_stepper.o (.text.GimbalStepper_ConfirmZero)
                  00010b40    00000084     motor.o (.text.Motor_Init)
                  00010bc4    00000082     libclang_rt.builtins.a : divsf3.S.obj (.text.__divsf3)
                  00010c46    00000002     track_sensor.o (.text.TrackSensor_Init)
                  00010c48    00000080     car_controller.o (.text.CarController_StartDriveHeading)
                  00010cc8    00000080     motor.o (.text.Motor_Stop)
                  00010d48    0000007e     app.o (.text.App_Init)
                  00010dc6    00000002     libclang_rt.builtins.a : aeabi_div0.c.obj (.text.__aeabi_idiv0)
                  00010dc8    0000007c     balance_position_control.o (.text.BalancePositionControl_Init)
                  00010e44    0000007c     balance_soft_limits.o (.text.BalanceSoftLimits_Enforce100usFromIsr)
                  00010ec0    0000007c     libc.a : copy_decompress_lzss.c.obj (.text:decompress:lzss)
                  00010f3c    00000078     oled.o (.text.oled_write_command)
                  00010fb4    00000074     motor_control.o (.text.latch_control_error)
                  00011028    00000070     gimbal_stepper.o (.text.GimbalStepper_Release)
                  00011098    00000070     ti_msp_dl_config.o (.text.SYSCFG_DL_UART_VISION_init)
                  00011108    0000006e     track_sensor.o (.text.TrackSensor_DetectTurn)
                  00011176    00000002     libclang_rt.builtins.a : aeabi_div0.c.obj (.text.__aeabi_ldiv0)
                  00011178    0000006c     balance_tuning.o (.text.BalanceTuning_Init)
                  000111e4    00000068     mission_manager.o (.text.MissionManager_GetSelectedMissionIndex)
                  0001124c    00000068     car_controller.o (.text.set_output_speed)
                  000112b4    00000066     track_sensor.o (.text.TrackSensor_GetErrorFromRaw)
                  0001131a    00000002     --HOLE-- [fill = 0]
                  0001131c    00000064     balance_ball_control.o (.text.BalanceBallControl_Init)
                  00011380    00000064     balance_soft_limits.o (.text.BalanceSoftLimits_ResetPositionFault)
                  000113e4    00000064     mission_manager.o (.text.MissionManager_Start)
                  00011448    00000062     app.o (.text.App_ResetToReady)
                  000114aa    00000002     --HOLE-- [fill = 0]
                  000114ac    00000062     libclang_rt.builtins.a : aeabi_fcmp.S.obj (.text.__aeabi_fcmp)
                  0001150e    00000062     libc.a : memset16.S.obj (.text:memset)
                  00011570    00000060     balance_tuning.o (.text.UART2_IRQHandler)
                  000115d0    00000060     libclang_rt.builtins.a : fixsfdi.S.obj (.text.__fixsfdi)
                  00011630    0000005c     ultrasonic.o (.text.Ultrasonic_Update_20ms)
                  0001168c    0000005c     vision_receiver.o (.text.VisionReceiver_Init)
                  000116e8    0000005c     vision_protocol.o (.text.parse_u32)
                  00011744    0000005c     car_controller.o (.text.speed_cmps_to_normalized_command)
                  000117a0    0000005c     balance_soft_limits.o (.text.test_start_target)
                  000117fc    00000058     balance_encoder.o (.text.BalanceEncoder_Init)
                  00011854    00000058     mission_manager.o (.text.MissionManager_Init)
                  000118ac    00000058     oled.o (.text.OLED_PrintChar)
                  00011904    00000058     balance_ball_control.o (.text.ensure_tracking_started)
                  0001195c    00000058     motion_action.o (.text.motion_action_start_imu_controller)
                  000119b4    00000056     libclang_rt.builtins.a : aeabi_idivmod.S.obj (.text.__aeabi_idivmod)
                  00011a0a    00000002     --HOLE-- [fill = 0]
                  00011a0c    00000054     car_controller.o (.text.CarController_Stop)
                  00011a60    00000054     track_sensor.o (.text.TrackSensor_ReadRaw)
                  00011ab4    00000054     watchdog_monitor.o (.text.WatchdogMonitor_ApplyFaultIfNeeded)
                  00011b08    00000054     menu.o (.text.menu_next_main_page)
                  00011b5c    00000050     balance_position_control.o (.text.BalancePositionControl_SetTrackingTarget)
                  00011bac    00000050     balance_soft_limits.o (.text.BalanceSoftLimits_GetSnapshot)
                  00011bfc    00000050     ultrasonic.o (.text.Ultrasonic_Init)
                  00011c4c    00000050     watchdog_monitor.o (.text.WatchdogMonitor_Tick1msFromIsr)
                  00011c9c    0000004e     libclang_rt.builtins.a : floatdisf.S.obj (.text.__floatdisf)
                  00011cea    00000002     --HOLE-- [fill = 0]
                  00011cec    0000004c     motor_control.o (.text.MotorControl_Stop)
                  00011d38    0000004c     libc.a : cpy_tbl.c.obj (.text.copy_in)
                  00011d84    0000004c     vision_protocol.o (.text.state_is_valid)
                  00011dd0    0000004c     libc.a : autoinit.c.obj (.text:__TI_auto_init_nopinit)
                  00011e1c    00000048     driverlib.a : dl_uart.o (.text.DL_UART_init)
                  00011e64    00000048     mission_manager.o (.text.MissionManager_Cancel)
                  00011eac    00000048     ti_msp_dl_config.o (.text.SYSCFG_DL_initPower)
                  00011ef4    00000044     car_controller.o (.text.CarController_StartFollowLine)
                  00011f38    00000044     emergency_stop.o (.text.EmergencyStop_Reset)
                  00011f7c    00000044     encoder.o (.text.Encoder_GetAndClearPulseDeltas)
                  00011fc0    00000044     imu.o (.text.Imu_ResetYaw)
                  00012004    00000044     mission_manager.o (.text.MissionManager_Reset)
                  00012048    00000044     servo.o (.text.Servo_Tick100us)
                  0001208c    00000044     vision_uart.o (.text.UART3_IRQHandler)
                  000120d0    00000040     balance_ball_control.o (.text.BalanceBallControl_Enable)
                  00012110    00000040     balance_encoder.o (.text.BalanceEncoder_GetSnapshot)
                  00012150    00000040     balance_soft_limits.o (.text.BalanceSoftLimits_StopMotion)
                  00012190    00000040     car_controller.o (.text.CarController_ResumeFollowLine)
                  000121d0    00000040     fault.o (.text.Fault_Raise)
                  00012210    00000040     ti_msp_dl_config.o (.text.SYSCFG_DL_SYSCTL_init)
                  00012250    00000040     vision_receiver.o (.text.VisionReceiver_PushByteFromIsr)
                  00012290    00000040     libclang_rt.builtins.a : aeabi_uidivmod.S.obj (.text.__aeabi_uidivmod)
                  000122d0    00000040     vision_protocol.o (.text.parse_confidence)
                  00012310    0000003e     libclang_rt.builtins.a : divmoddi4.c.obj (.text.__divmoddi4)
                  0001234e    00000002     --HOLE-- [fill = 0]
                  00012350    0000003c     mission_manager.o (.text.MissionManager_Resume)
                  0001238c    0000003c     servo.o (.text.Servo_SetAngleDeg)
                  000123c8    0000003c     libclang_rt.builtins.a : floatsisf.S.obj (.text.__floatsisf)
                  00012404    0000003c                            : comparesf2.S.obj (.text.__gtsf2)
                  00012440    0000003a                            : comparesf2.S.obj (.text.__eqsf2)
                  0001247a    00000002     --HOLE-- [fill = 0]
                  0001247c    0000003a                            : muldsi3.S.obj (.text.__muldsi3)
                  000124b6    00000002     --HOLE-- [fill = 0]
                  000124b8    00000038     emergency_stop.o (.text.EmergencyStop_Trigger)
                  000124f0    00000038     libclang_rt.builtins.a : fixsfsi.S.obj (.text.__fixsfsi)
                  00012528    00000034     balance_position_control.o (.text.BalancePositionControl_Cancel)
                  0001255c    00000034     balance_position_control.o (.text.BalancePositionControl_SetTrackingThresholds)
                  00012590    00000034     imu.o (.text.Imu_IsReady)
                  000125c4    00000034     mission_library.o (.text.MissionLibrary_FindById)
                  000125f8    00000032     oled.o (.text.OLED_PrintString)
                  0001262a    00000002     --HOLE-- [fill = 0]
                  0001262c    00000030     key.o (.text.Key_Init)
                  0001265c    00000030     line_controller.o (.text.LineController_ObserveSensors)
                  0001268c    00000030     watchdog_monitor.o (.text.WatchdogMonitor_Init)
                  000126bc    00000030     watchdog_monitor.o (.text.WatchdogMonitor_Reset)
                  000126ec    0000002c     balance_position_control.o (.text.BalancePositionControl_GetSnapshot)
                  00012718    0000002c     balance_position_control.o (.text.BalancePositionControl_StartTracking)
                  00012744    0000002c     encoder.o (.text.Encoder_Reset)
                  00012770    0000002c     mission_manager.o (.text.MissionManager_Pause)
                  0001279c    0000002c     track_sensor.o (.text.TrackSensor_CountBlack)
                  000127c8    00000028     balance_ball_control.o (.text.BalanceBallControl_ResetConfig)
                  000127f0    00000028     balance_soft_limits.o (.text.BalanceSoftLimits_CancelTravelTest)
                  00012818    00000028     driverlib.a : dl_flashctl.o (.text.DL_FlashCTL_programMemoryFromRAM64WithECCGenerated)
                  00012840    00000028     emergency_stop.o (.text.EmergencyStop_Enforce)
                  00012868    00000028     magnet.o (.text.Magnet_ForceOff)
                  00012890    00000028     ti_msp_dl_config.o (.text.SYSCFG_DL_init)
                  000128b8    00000028     servo.o (.text.Servo_Init)
                  000128e0    00000028     libclang_rt.builtins.a : floatunsisf.S.obj (.text.__floatunsisf)
                  00012908    00000028     libc.a : boot_cortex_m.c.obj (.text:_c_int00_noargs)
                  00012930    00000024     balance_encoder.o (.text.BalanceEncoder_SampleSpeed10msFromIsr)
                  00012954    00000024     balance_soft_limits.o (.text.BalanceSoftLimits_CancelOscillationTest)
                  00012978    00000024     gimbal_stepper.o (.text.GimbalStepper_GetFeedbackSnapshot)
                  0001299c    00000024     mission_manager.o (.text.MissionManager_ReportExternalFailure)
                  000129c0    00000024     motor_control.o (.text.MotorControl_Init)
                  000129e4    00000024     motor_control.o (.text.MotorControl_Reset)
                  00012a08    00000024     oled.o (.text.OLED_ClearBuffer)
                  00012a2c    00000024     libclang_rt.builtins.a : muldi3.S.obj (.text.__muldi3)
                  00012a50    00000020     balance_ball_control.o (.text.BalanceBallControl_GetSnapshot)
                  00012a70    00000020     driverlib.a : dl_timer.o (.text.DL_Timer_overrideCCPOut)
                  00012a90    00000020     debug_telemetry.o (.text.DebugTelemetry_Update)
                  00012ab0    00000020     empty.o (.text.GROUP1_IRQHandler)
                  00012ad0    00000020     magnet.o (.text.Magnet_Init)
                  00012af0    00000020     oled.o (.text.OLED_SetCursor)
                  00012b10    00000020     empty.o (.text.SchedulerMonitor_GetStats)
                  00012b30    00000020     vision_receiver.o (.text.VisionReceiver_GetProtocolErrorCount)
                  00012b50    00000020     libc.a : memcmp.c.obj (.text.memcmp)
                  00012b70    00000020     mission_manager.o (.text.mission_finish_error)
                  00012b90    0000001e     libclang_rt.builtins.a : ashldi3.S.obj (.text.__ashldi3)
                  00012bae    00000002     --HOLE-- [fill = 0]
                  00012bb0    0000001c     balance_ball_control.o (.text.BalanceBallControl_Disable)
                  00012bcc    0000001c     balance_ball_control.o (.text.BalanceBallControl_ForceStop)
                  00012be8    0000001c     driverlib.a : dl_timer.o (.text.DL_Timer_setCaptCompUpdateMethod)
                  00012c04    0000001c                 : dl_timer.o (.text.DL_Timer_setClockConfig)
                  00012c20    0000001c     heading_control.o (.text.HeadingControl_SetTargetYaw)
                  00012c3c    0000001c     menu.o (.text.Menu_Init)
                  00012c58    0000001c     motion_action.o (.text.MotionAction_Cancel)
                  00012c74    0000001c     obstacle_monitor.o (.text.ObstacleMonitor_Init)
                  00012c90    0000001c     obstacle_safety.o (.text.ObstacleSafety_Init)
                  00012cac    0000001c     watchdog_monitor.o (.text.WatchdogMonitor_NotifyControlCycleComplete)
                  00012cc8    0000001c     mission_manager.o (.text.mission_finish_success)
                  00012ce4    00000018     balance_ball_control.o (.text.BalanceBallControl_GetConfig)
                  00012cfc    00000018     driverlib.a : dl_flashctl.o (.text.DL_FlashCTL_eraseMemoryFromRAM)
                  00012d14    00000018                 : dl_timer.o (.text.DL_Timer_setCaptureCompareOutCtl)
                  00012d2c    00000018     debug_telemetry.o (.text.DebugTelemetry_Init)
                  00012d44    00000018     heading_control.o (.text.HeadingControl_Init)
                  00012d5c    00000018     heading_control.o (.text.HeadingControl_Reset)
                  00012d74    00000018     menu.o (.text.Menu_ParamItemToString)
                  00012d8c    00000018     motion_action.o (.text.MotionAction_Init)
                  00012da4    00000018     obstacle_avoidance.o (.text.ObstacleAvoidance_Init)
                  00012dbc    00000018     runtime_snapshot.o (.text.RuntimeSnapshot_Init)
                  00012dd4    00000016     libclang_rt.builtins.a : comparesf2.S.obj (.text.__unordsf2)
                  00012dea    00000002     --HOLE-- [fill = 0]
                  00012dec    00000014     fault.o (.text.Fault_Clear)
                  00012e00    00000014     fault.o (.text.Fault_Init)
                  00012e14    00000014     gimbal_stepper.o (.text.GimbalStepper_SetStepHalfPeriodTicks)
                  00012e28    00000014     heading_control.o (.text.HeadingControl_Enable)
                  00012e3c    00000014     mission_library.o (.text.MissionLibrary_GetByIndex)
                  00012e50    00000014     mission_manager.o (.text.MissionManager_GetSelectedMissionId)
                  00012e64    00000014     vision_uart.o (.text.VisionUart_Init)
                  00012e78    00000014     libclang_rt.builtins.a : aeabi_ldivmod.S.obj (.text.__aeabi_ldivmod)
                  00012e8c    00000014                            : aeabi_uldivmod.S.obj (.text.__aeabi_uldivmod)
                  00012ea0    00000012     driverlib.a : dl_uart.o (.text.DL_UART_setClockConfig)
                  00012eb2    00000012     libc.a : copy_decompress_none.c.obj (.text:decompress:none)
                  00012ec4    00000010     balance_position_control.o (.text.BalancePositionControl_HasFault)
                  00012ed4    00000010     driverlib.a : dl_timer.o (.text.DL_Timer_setCaptureCompareValue)
                  00012ee4    00000010     gimbal.o (.text.Gimbal_YawGetFeedback)
                  00012ef4    00000010     key.o (.text.Key_GetEvent)
                  00012f04    00000010     libc.a : copy_zero_init.c.obj (.text:decompress:ZI)
                  00012f14    0000000c     balance_position_control.o (.text.BalancePositionControl_IsBusy)
                  00012f20    0000000c     balance_soft_limits.o (.text.BalanceSoftLimits_IsCalibrationActive)
                  00012f2c    0000000c     balance_soft_limits.o (.text.BalanceSoftLimits_IsOscillationTestActive)
                  00012f38    0000000c     balance_soft_limits.o (.text.BalanceSoftLimits_IsTravelTestActive)
                  00012f44    0000000c     car_controller.o (.text.CarController_GetRunMode)
                  00012f50    0000000c     car_controller.o (.text.CarController_Init)
                  00012f5c    0000000c     car_controller.o (.text.CarController_IsSafetyHoldActive)
                  00012f68    0000000c     car_state.o (.text.CarState_Get)
                  00012f74    0000000c     car_state.o (.text.CarState_Init)
                  00012f80    0000000c     car_state.o (.text.CarState_Set)
                  00012f8c    0000000c     emergency_stop.o (.text.EmergencyStop_Init)
                  00012f98    0000000c     emergency_stop.o (.text.EmergencyStop_IsActive)
                  00012fa4    0000000c     imu.o (.text.Imu_GetCorrectedGyroZDps)
                  00012fb0    0000000c     imu.o (.text.Imu_GetYaw)
                  00012fbc    0000000c     menu.o (.text.Menu_GetPage)
                  00012fc8    0000000c     menu.o (.text.Menu_GetParamItem)
                  00012fd4    0000000c     mission_manager.o (.text.MissionManager_IsExternallyHeld)
                  00012fe0    0000000c     mission_manager.o (.text.MissionManager_SetExternalHold)
                  00012fec    0000000c     obstacle_avoidance.o (.text.ObstacleAvoidance_IsActive)
                  00012ff8    0000000c     obstacle_avoidance.o (.text.ObstacleAvoidance_IsFailed)
                  00013004    0000000c     obstacle_safety.o (.text.ObstacleSafety_IsHolding)
                  00013010    0000000c     empty.o (.text.SystemTime_GetMs)
                  0001301c    0000000c     watchdog_monitor.o (.text.WatchdogMonitor_HasTripped)
                  00013028    0000000c     libclang_rt.builtins.a : aeabi_memset.S.obj (.text.__aeabi_memclr)
                  00013034    0000000a     driverlib.a : dl_common.o (.text.DL_Common_delayCycles)
                  0001303e    0000000a     motion_action.o (.text.MotionAction_Resume)
                  00013048    0000000a     motion_action.o (.text.MotionAction_Start)
                  00013052    0000000a     track_sensor.o (.text.TrackSensor_IsCenterDetected)
                  0001305c    0000000a     track_sensor.o (.text.TrackSensor_IsLineDetected)
                  00013066    0000000a     track_sensor.o (.text.TrackSensor_IsLineLost)
                  00013070    00000008     balance_soft_limits.o (.text.BalanceSoftLimits_CancelPositionMove)
                  00013078    00000008     balance_soft_limits.o (.text.BalanceSoftLimits_IsPositionMoveActive)
                  00013080    00000008     bluetooth_uart.o (.text.BluetoothUart_GetRuntime)
                  00013088    00000008     car_controller.o (.text.CarController_GetFeedback)
                  00013090    00000008     fault.o (.text.Fault_GetRecord)
                  00013098    00000008     gimbal_stepper.o (.text.GimbalStepper_GetFeedback)
                  000130a0    00000008     heading_control.o (.text.HeadingControl_GetRuntime)
                  000130a8    00000008     imu.o (.text.Imu_GetRuntime)
                  000130b0    00000008     line_controller.o (.text.LineController_GetRuntime)
                  000130b8    00000008     mission_manager.o (.text.MissionManager_GetMissionCount)
                  000130c0    00000008     mission_manager.o (.text.MissionManager_GetRuntime)
                  000130c8    00000008     motion_action.o (.text.MotionAction_GetRuntime)
                  000130d0    00000008     motor_control.o (.text.MotorControl_GetRuntime)
                  000130d8    00000008     obstacle_avoidance.o (.text.ObstacleAvoidance_GetFeedback)
                  000130e0    00000008     obstacle_monitor.o (.text.ObstacleMonitor_GetFeedback)
                  000130e8    00000008     oled_ui.o (.text.OledUi_Init)
                  000130f0    00000008     runtime_snapshot.o (.text.RuntimeSnapshot_Get)
                  000130f8    00000008     servo.o (.text.Servo_GetFeedback)
                  00013100    00000008     ultrasonic.o (.text.Ultrasonic_GetFeedback)
                  00013108    00000008     vision_receiver.o (.text.VisionReceiver_GetBallPositionObservation)
                  00013110    00000008     vision_receiver.o (.text.VisionReceiver_GetStatus)
                  00013118    00000008     vision_tuning_console.o (.text.VisionTuningConsole_GetStatus)
                  00013120    00000008     watchdog_monitor.o (.text.WatchdogMonitor_GetStatus)
                  00013128    00000008     wheel_speed_estimator.o (.text.WheelSpeedEstimator_GetRuntime)
                  00013130    00000008     libclang_rt.builtins.a : aeabi_memcpy.S.obj (.text.__aeabi_memcpy)
                  00013138    00000006     libc.a : exit.c.obj (.text:abort)
                  0001313e    00000004     libsysbm.a : hostexit.c.obj (.text.HOSTexit)
                  00013142    00000004     mission_library.o (.text.MissionLibrary_GetCount)
                  00013146    00000004     obstacle_avoidance.o (.text.ObstacleAvoidance_IsResumeGraceActive)
                  0001314a    00000004     startup_mspm0g350x_ticlang.o (.text.Reset_Handler)
                  0001314e    00000002     --HOLE-- [fill = 0]
                  00013150    00000010     libc.a : boot_cortex_m.c.obj (.tramp._c_int00_noargs.1)
                  00013160    00000004            : pre_init.c.obj (.text._system_pre_init)
                  00013164    00000010     driverlib.a : dl_flashctl.o (.tramp.DL_FlashCTL_executeCommandFromRAM.1)
                  00013174    0000000c     --HOLE-- [fill = 0]

.TI.ramfunc 
*          0    00013af8    00000060     RUN ADDR = 20201930
                  00013af8    00000060     driverlib.a : dl_flashctl.o (.TI.ramfunc)

.cinit     0    00013b58    00000030     
                  00013b58    0000000c     (__TI_handler_table)
                  00013b64    00000008     (.cinit..bss.load) [load image, compression = zero_init]
                  00013b6c    00000005     (.cinit..data.load) [load image, compression = lzss]
                  00013b71    00000003     --HOLE-- [fill = 0]
                  00013b74    00000010     (__TI_cinit_table)
                  00013b84    00000004     --HOLE-- [fill = 0]

.rodata    0    00013180    00000978     
                  00013180    000000d8     oled.o (.rodata..Lswitch.table.OLED_PrintChar)
                  00013258    00000048     mission_library.o (.rodata.g_missionCompetitionMain)
                  000132a0    00000048     mission_library.o (.rodata.g_missionTestDistance20)
                  000132e8    00000048     mission_library.o (.rodata.g_missionTestLine)
                  00013330    00000048     mission_library.o (.rodata.g_missionTestTurn)
                  00013378    00000040     mission_library.o (.rodata.g_missionRegistry)
                  000133b8    00000034     oled_ui.o (.rodata..Lswitch.table.print_balance_vision_rx_debug_page)
                  000133ec    0000002c     oled_ui.o (.rodata..Lswitch.table.print_status_page)
                  00013418    00000020     menu.o (.rodata..Lswitch.table.Menu_ParamItemToString)
                  00013438    0000001c     oled_ui.o (.rodata..Lswitch.table.print_balance_stepper_test_page.198)
                  00013454    0000001c     oled_ui.o (.rodata..Lswitch.table.print_drive_distance_page)
                  00013470    00000018     oled_ui.o (.rodata..Lswitch.table.print_balance_vision_page)
                  00013488    00000018     oled_ui.o (.rodata..Lswitch.table.print_status_page.199)
                  000134a0    00000014     oled_ui.o (.rodata..Lswitch.table.print_balance_stepper_test_page.192)
                  000134b4    00000014     oled_ui.o (.rodata..Lswitch.table.print_balance_stepper_test_page.194)
                  000134c8    00000014     oled_ui.o (.rodata..Lswitch.table.print_status_page.200)
                  000134dc    00000014     balance_tuning.o (.rodata.str1.14867730425649151644.1)
                  000134f0    00000013     oled_ui.o (.rodata.str1.14774750633985060196.1)
                  00013503    00000011     oled_ui.o (.rodata.str1.14521350379984854626.1)
                  00013514    00000011     oled_ui.o (.rodata.str1.17763087492223448992.1)
                  00013525    00000011     oled_ui.o (.rodata.str1.9584387800903135389.1)
                  00013536    00000002     ti_msp_dl_config.o (.rodata.gUART_BALANCE_TUNINGClockConfig)
                  00013538    00000010     oled_ui.o (.rodata..Lswitch.table.print_balance_stepper_test_page.195)
                  00013548    00000010     balance_encoder.o (.rodata.cst16)
                  00013558    00000010     oled_ui.o (.rodata.str1.12697925274637991987.1)
                  00013568    00000010     oled_ui.o (.rodata.str1.9351772214919528733.1)
                  00013578    00000010     oled_ui.o (.rodata.str1.9822857334037886482.1)
                  00013588    0000000f     oled_ui.o (.rodata.str1.9229350655415085.1)
                  00013597    0000000e     oled_ui.o (.rodata.str1.10416366799939242409.1)
                  000135a5    0000000e     oled_ui.o (.rodata.str1.10430294223631918979.1)
                  000135b3    0000000e     oled_ui.o (.rodata.str1.14711868471336838103.1)
                  000135c1    00000003     ti_msp_dl_config.o (.rodata.gPWM_MOTORClockConfig)
                  000135c4    0000000c     oled_ui.o (.rodata..Lswitch.table.print_balance_stepper_test_page.193)
                  000135d0    0000000c     oled_ui.o (.rodata..Lswitch.table.print_balance_stepper_test_page.196)
                  000135dc    0000000c     oled_ui.o (.rodata..Lswitch.table.print_balance_stepper_test_page)
                  000135e8    0000000c     oled_ui.o (.rodata..Lswitch.table.print_sensor_page)
                  000135f4    0000000c     oled_ui.o (.rodata.str1.16290499236105125126.1)
                  00013600    0000000b     oled_ui.o (.rodata.str1.13882251010780863896.1)
                  0001360b    00000001     --HOLE-- [fill = 0]
                  0001360c    0000000a     ti_msp_dl_config.o (.rodata.gUART_BALANCE_TUNINGConfig)
                  00013616    0000000a     ti_msp_dl_config.o (.rodata.gUART_VISIONConfig)
                  00013620    0000000a     balance_tuning.o (.rodata.str1.11920933488914742755.1)
                  0001362a    0000000a     mission_library.o (.rodata.str1.13636476544574750902.1)
                  00013634    0000000a     mission_library.o (.rodata.str1.15668266851434757964.1)
                  0001363e    0000000a     oled_ui.o (.rodata.str1.17540787658903907660.1)
                  00013648    0000000a     mission_library.o (.rodata.str1.199678142196697465.1)
                  00013652    0000000a     oled_ui.o (.rodata.str1.2608729314174233125.1)
                  0001365c    0000000a     balance_tuning.o (.rodata.str1.8659531508871313437.1)
                  00013666    0000000a     oled_ui.o (.rodata.str1.9044019526854345694.1)
                  00013670    00000009     oled_ui.o (.rodata.str1.12043213579996415112.1)
                  00013679    00000009     oled_ui.o (.rodata.str1.15917848551323629232.1)
                  00013682    00000009     oled_ui.o (.rodata.str1.4582914374586912483.1)
                  0001368b    00000009     oled_ui.o (.rodata.str1.5965888106848176421.1)
                  00013694    00000008     ti_msp_dl_config.o (.rodata.gPWM_MOTORConfig)
                  0001369c    00000008     oled_ui.o (.rodata.str1.130772507669342127.1)
                  000136a4    00000008     oled_ui.o (.rodata.str1.14132186318895045592.1)
                  000136ac    00000008     oled_ui.o (.rodata.str1.17464849429964608858.1)
                  000136b4    00000008     oled_ui.o (.rodata.str1.18190418239766617312.1)
                  000136bc    00000008     oled_ui.o (.rodata.str1.1974573040514735405.1)
                  000136c4    00000007     oled_ui.o (.rodata.str1.13871579367539052597.1)
                  000136cb    00000007     mission_library.o (.rodata.str1.1440970855772709381.1)
                  000136d2    00000007     oled_ui.o (.rodata.str1.4610220316623841660.1)
                  000136d9    00000007     oled_ui.o (.rodata.str1.4723632947289500520.1)
                  000136e0    00000007     oled_ui.o (.rodata.str1.8709745090823444516.1)
                  000136e7    00000007     oled_ui.o (.rodata.str1.9646571805098343045.1)
                  000136ee    00000006     oled_ui.o (.rodata.str1.10077435089618835710.1)
                  000136f4    00000006     oled_ui.o (.rodata.str1.1019225241002246410.1)
                  000136fa    00000006     oled_ui.o (.rodata.str1.11149198520117834688.1)
                  00013700    00000006     oled_ui.o (.rodata.str1.11232419324784801130.1)
                  00013706    00000006     oled_ui.o (.rodata.str1.11614055506586029288.1)
                  0001370c    00000006     oled_ui.o (.rodata.str1.1445687256832830955.1)
                  00013712    00000006     oled_ui.o (.rodata.str1.14748562464132904299.1)
                  00013718    00000006     oled_ui.o (.rodata.str1.15817398807211891688.1)
                  0001371e    00000006     oled_ui.o (.rodata.str1.16133855533230012141.1)
                  00013724    00000006     oled_ui.o (.rodata.str1.16411631209783952401.1)
                  0001372a    00000006     oled_ui.o (.rodata.str1.17242430504649735449.1)
                  00013730    00000006     oled_ui.o (.rodata.str1.17436941090773226089.1)
                  00013736    00000006     oled_ui.o (.rodata.str1.2656948373757303877.1)
                  0001373c    00000006     oled_ui.o (.rodata.str1.3247264562726604308.1)
                  00013742    00000006     oled_ui.o (.rodata.str1.4932371652560868037.1)
                  00013748    00000006     oled_ui.o (.rodata.str1.6835749436006845616.1)
                  0001374e    00000006     oled_ui.o (.rodata.str1.8018480777946742726.1)
                  00013754    00000006     oled_ui.o (.rodata.str1.8449035241871861290.1)
                  0001375a    00000006     oled_ui.o (.rodata.str1.8783421139296713095.1)
                  00013760    00000006     oled_ui.o (.rodata.str1.9544068167406571052.1)
                  00013766    00000006     oled_ui.o (.rodata.str1.9992244628984851027.1)
                  0001376c    00000005     motion_action.o (.rodata..Lswitch.table.MotionAction_Update_20ms)
                  00013771    00000005     oled.o (.rodata.oled_get_glyph.colon)
                  00013776    00000005     oled.o (.rodata.oled_get_glyph.eight)
                  0001377b    00000005     oled.o (.rodata.oled_get_glyph.five)
                  00013780    00000005     oled.o (.rodata.oled_get_glyph.four)
                  00013785    00000005     oled.o (.rodata.oled_get_glyph.glyphA)
                  0001378a    00000005     oled.o (.rodata.oled_get_glyph.glyphB)
                  0001378f    00000005     oled.o (.rodata.oled_get_glyph.glyphC)
                  00013794    00000005     oled.o (.rodata.oled_get_glyph.glyphD)
                  00013799    00000005     oled.o (.rodata.oled_get_glyph.glyphE)
                  0001379e    00000005     oled.o (.rodata.oled_get_glyph.glyphF)
                  000137a3    00000005     oled.o (.rodata.oled_get_glyph.glyphG)
                  000137a8    00000005     oled.o (.rodata.oled_get_glyph.glyphH)
                  000137ad    00000005     oled.o (.rodata.oled_get_glyph.glyphI)
                  000137b2    00000005     oled.o (.rodata.oled_get_glyph.glyphK)
                  000137b7    00000005     oled.o (.rodata.oled_get_glyph.glyphL)
                  000137bc    00000005     oled.o (.rodata.oled_get_glyph.glyphM)
                  000137c1    00000005     oled.o (.rodata.oled_get_glyph.glyphN)
                  000137c6    00000005     oled.o (.rodata.oled_get_glyph.glyphO)
                  000137cb    00000005     oled.o (.rodata.oled_get_glyph.glyphP)
                  000137d0    00000005     oled.o (.rodata.oled_get_glyph.glyphR)
                  000137d5    00000005     oled.o (.rodata.oled_get_glyph.glyphS)
                  000137da    00000005     oled.o (.rodata.oled_get_glyph.glyphT)
                  000137df    00000005     oled.o (.rodata.oled_get_glyph.glyphU)
                  000137e4    00000005     oled.o (.rodata.oled_get_glyph.glyphV)
                  000137e9    00000005     oled.o (.rodata.oled_get_glyph.glyphW)
                  000137ee    00000005     oled.o (.rodata.oled_get_glyph.glyphX)
                  000137f3    00000005     oled.o (.rodata.oled_get_glyph.glyphY)
                  000137f8    00000005     oled.o (.rodata.oled_get_glyph.glyphb)
                  000137fd    00000005     oled.o (.rodata.oled_get_glyph.gt)
                  00013802    00000005     oled.o (.rodata.oled_get_glyph.minus)
                  00013807    00000005     oled.o (.rodata.oled_get_glyph.nine)
                  0001380c    00000005     oled.o (.rodata.oled_get_glyph.one)
                  00013811    00000005     oled.o (.rodata.oled_get_glyph.seven)
                  00013816    00000005     oled.o (.rodata.oled_get_glyph.six)
                  0001381b    00000005     oled.o (.rodata.oled_get_glyph.space)
                  00013820    00000005     oled.o (.rodata.oled_get_glyph.three)
                  00013825    00000005     oled.o (.rodata.oled_get_glyph.two)
                  0001382a    00000005     oled.o (.rodata.oled_get_glyph.zero)
                  0001382f    00000005     oled_ui.o (.rodata.str1.10600688730180713177.1)
                  00013834    00000005     oled_ui.o (.rodata.str1.11049990970699464748.1)
                  00013839    00000005     oled_ui.o (.rodata.str1.11388022865931857840.1)
                  0001383e    00000005     oled_ui.o (.rodata.str1.12182588061437138428.1)
                  00013843    00000005     oled_ui.o (.rodata.str1.12447783896598192203.1)
                  00013848    00000005     oled_ui.o (.rodata.str1.12493748764729730277.1)
                  0001384d    00000005     oled_ui.o (.rodata.str1.12571791089077708471.1)
                  00013852    00000005     oled_ui.o (.rodata.str1.12595606217184830646.1)
                  00013857    00000005     oled_ui.o (.rodata.str1.12617122458660443890.1)
                  0001385c    00000005     balance_tuning.o (.rodata.str1.12833110812472946424.1)
                  00013861    00000005     oled_ui.o (.rodata.str1.13271657277589579873.1)
                  00013866    00000005     oled_ui.o (.rodata.str1.14168333168339663346.1)
                  0001386b    00000005     fault.o (.rodata.str1.14435905801345341244.1)
                  00013870    00000005     fault.o (.rodata.str1.1506612114648992996.1)
                  00013875    00000005     oled_ui.o (.rodata.str1.15132332204781002199.1)
                  0001387a    00000005     oled_ui.o (.rodata.str1.15575624326185233262.1)
                  0001387f    00000005     oled_ui.o (.rodata.str1.15577080202403550426.1)
                  00013884    00000005     oled_ui.o (.rodata.str1.15613891207764622616.1)
                  00013889    00000005     oled_ui.o (.rodata.str1.15802367878353263018.1)
                  0001388e    00000005     oled_ui.o (.rodata.str1.15829239520183577662.1)
                  00013893    00000005     balance_tuning.o (.rodata.str1.16296215605590053309.1)
                  00013898    00000005     oled_ui.o (.rodata.str1.16526439943277383452.1)
                  0001389d    00000005     oled_ui.o (.rodata.str1.16635595130967924751.1)
                  000138a2    00000005     oled_ui.o (.rodata.str1.16939060351352778619.1)
                  000138a7    00000005     fault.o (.rodata.str1.17097894860660336008.1)
                  000138ac    00000005     fault.o (.rodata.str1.17155043670132108083.1)
                  000138b1    00000005     oled_ui.o (.rodata.str1.17678525341650131470.1)
                  000138b6    00000005     oled_ui.o (.rodata.str1.17717236995185551183.1)
                  000138bb    00000005     oled_ui.o (.rodata.str1.17763996158807330232.1)
                  000138c0    00000005     oled_ui.o (.rodata.str1.17884296644359297425.1)
                  000138c5    00000005     oled_ui.o (.rodata.str1.18128648927899109887.1)
                  000138ca    00000005     fault.o (.rodata.str1.2104670281202025270.1)
                  000138cf    00000005     oled_ui.o (.rodata.str1.2193316011307952170.1)
                  000138d4    00000005     oled_ui.o (.rodata.str1.2308938766145545715.1)
                  000138d9    00000005     oled_ui.o (.rodata.str1.2522137003438374266.1)
                  000138de    00000005     oled_ui.o (.rodata.str1.270145429241168923.1)
                  000138e3    00000005     oled_ui.o (.rodata.str1.2714695401222167146.1)
                  000138e8    00000005     oled_ui.o (.rodata.str1.344790106308886506.1)
                  000138ed    00000005     oled_ui.o (.rodata.str1.3455423528827705371.1)
                  000138f2    00000005     fault.o (.rodata.str1.4453281041433270631.1)
                  000138f7    00000005     fault.o (.rodata.str1.4549004730087743662.1)
                  000138fc    00000005     oled_ui.o (.rodata.str1.4581472623415959594.1)
                  00013901    00000005     menu.o (.rodata.str1.4862307748908978627.1)
                  00013906    00000005     oled_ui.o (.rodata.str1.5376340479846291137.1)
                  0001390b    00000005     oled_ui.o (.rodata.str1.5463568455719735.1)
                  00013910    00000005     oled_ui.o (.rodata.str1.5948326995020184415.1)
                  00013915    00000005     oled_ui.o (.rodata.str1.5965450730569173784.1)
                  0001391a    00000005     fault.o (.rodata.str1.6372787129294360447.1)
                  0001391f    00000005     oled_ui.o (.rodata.str1.6398192001994169976.1)
                  00013924    00000005     fault.o (.rodata.str1.6437946768974223044.1)
                  00013929    00000005     oled_ui.o (.rodata.str1.6806727740681590176.1)
                  0001392e    00000005     oled_ui.o (.rodata.str1.6954814719705590448.1)
                  00013933    00000005     oled_ui.o (.rodata.str1.7050595558965647569.1)
                  00013938    00000005     oled_ui.o (.rodata.str1.7205245123442117851.1)
                  0001393d    00000005     oled_ui.o (.rodata.str1.7481335054564682966.1)
                  00013942    00000005     oled_ui.o (.rodata.str1.7774807581888385879.1)
                  00013947    00000005     oled_ui.o (.rodata.str1.799718701096035713.1)
                  0001394c    00000005     oled_ui.o (.rodata.str1.8124536758062367015.1)
                  00013951    00000005     fault.o (.rodata.str1.8185770893384132067.1)
                  00013956    00000005     oled_ui.o (.rodata.str1.8426569189266129334.1)
                  0001395b    00000005     oled_ui.o (.rodata.str1.8471462185882660445.1)
                  00013960    00000005     oled_ui.o (.rodata.str1.8693388333057100694.1)
                  00013965    00000005     oled_ui.o (.rodata.str1.9250665025187963892.1)
                  0001396a    00000005     oled_ui.o (.rodata.str1.9611283282870761829.1)
                  0001396f    00000004     oled_ui.o (.rodata.str1.10263419832828250601.1)
                  00013973    00000004     oled_ui.o (.rodata.str1.10568433575767188072.1)
                  00013977    00000004     oled_ui.o (.rodata.str1.10907125332684471422.1)
                  0001397b    00000004     oled_ui.o (.rodata.str1.11428648044669318875.1)
                  0001397f    00000004     oled_ui.o (.rodata.str1.11627403558423016802.1)
                  00013983    00000004     oled_ui.o (.rodata.str1.11794000050372113979.1)
                  00013987    00000004     oled_ui.o (.rodata.str1.12359577037488465078.1)
                  0001398b    00000004     oled_ui.o (.rodata.str1.12504350857748951577.1)
                  0001398f    00000004     oled_ui.o (.rodata.str1.1276391367487699528.1)
                  00013993    00000004     oled_ui.o (.rodata.str1.12888220461447056082.1)
                  00013997    00000004     oled_ui.o (.rodata.str1.12928245060369742404.1)
                  0001399b    00000004     oled_ui.o (.rodata.str1.13244290092665904221.1)
                  0001399f    00000004     oled_ui.o (.rodata.str1.13567883086814673087.1)
                  000139a3    00000004     fault.o (.rodata.str1.13582094816268305212.1)
                  000139a7    00000004     oled_ui.o (.rodata.str1.13750180467131823662.1)
                  000139ab    00000004     oled_ui.o (.rodata.str1.13790669171379415506.1)
                  000139af    00000004     oled_ui.o (.rodata.str1.13892659840332223045.1)
                  000139b3    00000004     oled_ui.o (.rodata.str1.14142815821055334776.1)
                  000139b7    00000004     oled_ui.o (.rodata.str1.14556837007311414654.1)
                  000139bb    00000004     oled_ui.o (.rodata.str1.14675223611663555778.1)
                  000139bf    00000004     oled_ui.o (.rodata.str1.14740362735394205067.1)
                  000139c3    00000004     oled_ui.o (.rodata.str1.15008238333949226094.1)
                  000139c7    00000004     menu.o (.rodata.str1.16312125044762562515.1)
                  000139cb    00000004     fault.o (.rodata.str1.16482347271627360806.1)
                  000139cf    00000004     oled_ui.o (.rodata.str1.16496169091617228061.1)
                  000139d3    00000004     oled_ui.o (.rodata.str1.16554583589798097927.1)
                  000139d7    00000004     oled_ui.o (.rodata.str1.16849766574302683489.1)
                  000139db    00000004     oled_ui.o (.rodata.str1.16895433903389883335.1)
                  000139df    00000004     oled_ui.o (.rodata.str1.16931641404301806744.1)
                  000139e3    00000004     menu.o (.rodata.str1.17041139162815566052.1)
                  000139e7    00000004     oled_ui.o (.rodata.str1.17067061841413117831.1)
                  000139eb    00000004     oled_ui.o (.rodata.str1.17274519358952562110.1)
                  000139ef    00000004     oled_ui.o (.rodata.str1.182352409660151230.1)
                  000139f3    00000004     oled_ui.o (.rodata.str1.18266126048138325213.1)
                  000139f7    00000004     oled_ui.o (.rodata.str1.18379317056176403938.1)
                  000139fb    00000004     oled_ui.o (.rodata.str1.2002540315216928218.1)
                  000139ff    00000004     oled_ui.o (.rodata.str1.3407221357956504873.1)
                  00013a03    00000004     oled_ui.o (.rodata.str1.3467953211977455017.1)
                  00013a07    00000004     oled_ui.o (.rodata.str1.3702290527496711532.1)
                  00013a0b    00000004     oled_ui.o (.rodata.str1.4082595774073207366.1)
                  00013a0f    00000004     oled_ui.o (.rodata.str1.4193589846040060630.1)
                  00013a13    00000004     oled_ui.o (.rodata.str1.4551794666512319153.1)
                  00013a17    00000004     oled_ui.o (.rodata.str1.4581686099848791648.1)
                  00013a1b    00000004     menu.o (.rodata.str1.4646809750356241979.1)
                  00013a1f    00000004     oled_ui.o (.rodata.str1.4691821198597473371.1)
                  00013a23    00000004     oled_ui.o (.rodata.str1.5004483696121082904.1)
                  00013a27    00000004     oled_ui.o (.rodata.str1.5291836437463020264.1)
                  00013a2b    00000004     oled_ui.o (.rodata.str1.5689016102676777062.1)
                  00013a2f    00000004     oled_ui.o (.rodata.str1.5853739094453432564.1)
                  00013a33    00000004     oled_ui.o (.rodata.str1.58703915094955230.1)
                  00013a37    00000004     oled_ui.o (.rodata.str1.6350830172869379626.1)
                  00013a3b    00000004     oled_ui.o (.rodata.str1.6473435968988645044.1)
                  00013a3f    00000004     oled_ui.o (.rodata.str1.6744096065564390185.1)
                  00013a43    00000004     oled_ui.o (.rodata.str1.7185587941321649510.1)
                  00013a47    00000004     oled_ui.o (.rodata.str1.7219546930854689545.1)
                  00013a4b    00000004     fault.o (.rodata.str1.7255546073596598018.1)
                  00013a4f    00000004     oled_ui.o (.rodata.str1.7419768602719733415.1)
                  00013a53    00000004     oled_ui.o (.rodata.str1.763101100280173925.1)
                  00013a57    00000004     oled_ui.o (.rodata.str1.8236579331345056500.1)
                  00013a5b    00000004     oled_ui.o (.rodata.str1.8399051469953744892.1)
                  00013a5f    00000004     oled_ui.o (.rodata.str1.8403269972884532600.1)
                  00013a63    00000004     oled_ui.o (.rodata.str1.8460525935980491721.1)
                  00013a67    00000004     oled_ui.o (.rodata.str1.8615431116298670950.1)
                  00013a6b    00000004     oled_ui.o (.rodata.str1.9102528229756940648.1)
                  00013a6f    00000004     oled_ui.o (.rodata.str1.9135818829835424837.1)
                  00013a73    00000004     oled_ui.o (.rodata.str1.9159586779647977165.1)
                  00013a77    00000004     oled_ui.o (.rodata.str1.9295666102996717355.1)
                  00013a7b    00000004     menu.o (.rodata.str1.9546740394641817443.1)
                  00013a7f    00000004     oled_ui.o (.rodata.str1.967006512144173535.1)
                  00013a83    00000004     oled_ui.o (.rodata.str1.9854382722193312766.1)
                  00013a87    00000003     oled_ui.o (.rodata.str1.10163600690795753232.1)
                  00013a8a    00000003     oled_ui.o (.rodata.str1.10509309789429088155.1)
                  00013a8d    00000003     oled_ui.o (.rodata.str1.1108652269057166745.1)
                  00013a90    00000003     menu.o (.rodata.str1.12110183915172842339.1)
                  00013a93    00000003     balance_tuning.o (.rodata.str1.12613043758309916612.1)
                  00013a96    00000003     balance_tuning.o (.rodata.str1.12662652760121154555.1)
                  00013a99    00000003     oled_ui.o (.rodata.str1.12983537867572525563.1)
                  00013a9c    00000003     menu.o (.rodata.str1.13124720451672825294.1)
                  00013a9f    00000003     oled_ui.o (.rodata.str1.13875148296791986931.1)
                  00013aa2    00000003     balance_tuning.o (.rodata.str1.14081320955337914945.1)
                  00013aa5    00000003     menu.o (.rodata.str1.14098755746347272832.1)
                  00013aa8    00000003     oled_ui.o (.rodata.str1.14134189893851348960.1)
                  00013aab    00000003     balance_tuning.o (.rodata.str1.14264142961881584424.1)
                  00013aae    00000003     oled_ui.o (.rodata.str1.14265077442249237877.1)
                  00013ab1    00000003     oled_ui.o (.rodata.str1.14358698208395374265.1)
                  00013ab4    00000003     oled_ui.o (.rodata.str1.15859922799842739878.1)
                  00013ab7    00000003     oled_ui.o (.rodata.str1.15935041339501476673.1)
                  00013aba    00000003     balance_tuning.o (.rodata.str1.16612448349671680203.1)
                  00013abd    00000003     oled_ui.o (.rodata.str1.17719310104486814868.1)
                  00013ac0    00000003     oled_ui.o (.rodata.str1.17747339173178619492.1)
                  00013ac3    00000003     oled_ui.o (.rodata.str1.17812014771544466701.1)
                  00013ac6    00000003     oled_ui.o (.rodata.str1.17881291656140238186.1)
                  00013ac9    00000003     oled_ui.o (.rodata.str1.240075016795266086.1)
                  00013acc    00000003     oled_ui.o (.rodata.str1.2603845803395459882.1)
                  00013acf    00000003     oled_ui.o (.rodata.str1.2742282290834473644.1)
                  00013ad2    00000003     oled_ui.o (.rodata.str1.2983744876309220570.1)
                  00013ad5    00000003     oled_ui.o (.rodata.str1.35417727660486075.1)
                  00013ad8    00000003     oled_ui.o (.rodata.str1.4402311448527872260.1)
                  00013adb    00000003     menu.o (.rodata.str1.6857549598058878762.1)
                  00013ade    00000003     fault.o (.rodata.str1.8193046109637024842.1)
                  00013ae1    00000003     oled_ui.o (.rodata.str1.8703997732205428909.1)
                  00013ae4    00000003     oled_ui.o (.rodata.str1.8950259614286592359.1)
                  00013ae7    00000003     oled_ui.o (.rodata.str1.9554470707595806150.1)
                  00013aea    00000002     ti_msp_dl_config.o (.rodata.gUART_VISIONClockConfig)
                  00013aec    00000002     oled_ui.o (.rodata.str1.11178346780556493352.1)
                  00013aee    00000002     oled_ui.o (.rodata.str1.3025253791635144717.1)
                  00013af0    00000002     balance_tuning.o (.rodata.str1.3558965309215986498.1)
                  00013af2    00000006     --HOLE-- [fill = 0]

.init_array 
*          0    00000000    00000000     UNINITIALIZED

.binit     0    00013b88    00000010     
                  00013b88    00000010     (.binit)

.TI.bound:g_balanceCalibrationReservedSector 
*          0    0001fc00    00000400     
                  0001fc00    00000400     balance_calibration_store.o (.TI.bound:g_balanceCalibrationReservedSector)

.bss       0    20200000    0000192d     UNINITIALIZED
                  20200000    00000800     balance_tuning.o (.bss.g_txRing)
                  20200800    00000400     oled.o (.bss.g_oledFrame)
                  20200c00    00000200     vision_receiver.o (.bss.g_ring)
                  20200e00    000001d0     runtime_snapshot.o (.bss.g_snapshot)
                  20200fd0    00000110     (.common:g_appConfig)
                  202010e0    00000100     balance_tuning.o (.bss.g_rxRing)
                  202011e0    00000084     (.common:g_imuRuntime)
                  20201264    0000007c     motor_control.o (.bss.g_runtime)
                  202012e0    00000070     (.common:g_appRuntime)
                  20201350    00000060     vision_receiver.o (.bss.g_line)
                  202013b0    0000005c     balance_soft_limits.o (.bss.g_runtime)
                  2020140c    00000058     vision_receiver.o (.bss.g_status)
                  20201464    00000004     imu.o (.bss.g_elapsedSinceValidSampleMs)
                  20201468    00000058     (.common:g_wheelSpeedEstimatorRuntime)
                  202014c0    00000040     gimbal.o (.bss.g_feedback)
                  20201500    00000040     line_controller.o (.bss.g_lineRuntime)
                  20201540    00000040     balance_position_control.o (.bss.g_runtime)
                  20201580    0000003c     balance_ball_control.o (.bss.g_runtime)
                  202015bc    00000030     balance_tuning.o (.bss.g_line)
                  202015ec    00000030     (.common:gUART_VISIONBackup)
                  2020161c    0000002c     vision_receiver.o (.bss.g_observation)
                  20201648    0000002c     empty.o (.bss.g_schedulerStats)
                  20201674    00000028     vision_receiver.o (.bss.g_ballPositionObservation)
                  2020169c    00000020     bluetooth_uart.o (.bss.g_runtime)
                  202016bc    0000001c     mission_manager.o (.bss.g_missionRuntime)
                  202016d8    0000001c     balance_encoder.o (.bss.g_runtime)
                  202016f4    0000001c     balance_tuning.o (.bss.g_status)
                  20201710    0000001c     (.common:g_headingRuntime)
                  2020172c    00000018     obstacle_avoidance.o (.bss.g_avoidFeedback)
                  20201744    00000018     balance_ball_control.o (.bss.g_config)
                  2020175c    00000004     balance_position_control.o (.bss.g_lastEncoderCount)
                  20201760    00000018     gimbal_stepper.o (.bss.g_feedback)
                  20201778    00000018     vision_tuning_console.o (.bss.g_status)
                  20201790    00000014     motion_action.o (.bss.g_motionActionRuntime)
                  202017a4    00000014     watchdog_monitor.o (.bss.g_status)
                  202017b8    00000010     fault.o (.bss.g_faultRecord)
                  202017c8    00000010     motor.o (.bss.g_motorRuntime)
                  202017d8    0000000e     car_controller.o (.bss.g_carControllerFeedback)
                  202017e6    00000002     ultrasonic.o (.bss.g_echoTicks)
                  202017e8    0000000e     ultrasonic.o (.bss.g_ultrasonicFeedback)
                  202017f6    00000002     balance_ball_control.o (.bss.g_lastPositionMm)
                  202017f8    0000000c     magnet.o (.bss.g_runtime)
                  20201804    0000000c     debug_telemetry.o (.bss.g_status)
                  20201810    0000000c     balance_soft_limits.o (.bss.g_storedLimits)
                  2020181c    00000004     debug_telemetry.o (.bss.g_lastFrameMs)
                  20201820    00000008     balance_position_control.o (.bss.g_lastStepCount)
                  20201828    00000008     balance_position_control.o (.bss.g_moveStartStepCount)
                  20201830    00000008     obstacle_monitor.o (.bss.g_obstacleFeedback)
                  20201838    00000008     gimbal_stepper.o (.bss.g_stepperEstimatedSteps)
                  20201840    00000008     gimbal_stepper.o (.bss.g_stepperTargetEstimatedSteps)
                  20201848    00000008     gimbal.o (.bss.g_yawContinuousDegX10)
                  20201850    00000008     gimbal.o (.bss.g_yawLockedWorldYawDegX10)
                  20201858    00000008     gimbal.o (.bss.g_yawTargetContinuousDegX10)
                  20201860    00000008     gimbal.o (.bss.g_yawWorldTargetDegX10)
                  20201868    00000008     gimbal.o (.bss.g_yawWrappedDegX10)
                  20201870    00000006     ultrasonic.o (.bss.g_distanceSamples)
                  20201876    00000006     key.o (.bss.g_key1)
                  2020187c    00000006     key.o (.bss.g_key2)
                  20201882    00000006     key.o (.bss.g_key3)
                  20201888    00000004     balance_ball_control.o (.bss.g_lastObservationUpdateCount)
                  2020188c    00000004     balance_ball_control.o (.bss.g_lastPositionTimeMs)
                  20201890    00000004     balance_calibration_store.o (.bss.g_lastSequence)
                  20201894    00000004     balance_ball_control.o (.bss.g_lastSessionId)
                  20201898    00000004     vision_receiver.o (.bss.g_lastSourceTimestampMs)
                  2020189c    00000004     watchdog_monitor.o (.bss.g_lastTickMs)
                  202018a0    00000004     wheel_speed_estimator.o (.bss.g_latchedErrorFlags)
                  202018a4    00000004     vision_receiver.o (.bss.g_localSessionId)
                  202018a8    00000004     empty.o (.bss.g_localTimeMs)
                  202018ac    00000004     encoder.o (.bss.g_motorAPulses)
                  202018b0    00000004     encoder.o (.bss.g_motorBPulses)
                  202018b4    00000004     balance_position_control.o (.bss.g_moveStartEncoderCount)
                  202018b8    00000004     imu.o (.bss.g_previousValidCorrectedGyroZDps)
                  202018bc    00000004     mission_manager.o (.bss.g_selectedDefinition)
                  202018c0    00000004     servo.o (.bss.g_servoFeedback)
                  202018c4    00000004     balance_encoder.o (.bss.g_speedLastCount)
                  202018c8    00000004     balance_position_control.o (.bss.g_startSoftLimitClampCount)
                  202018cc    00000004     gimbal_stepper.o (.bss.g_stepperCompletedSteps)
                  202018d0    00000004     gimbal.o (.bss.g_yawCommandedRpm)
                  202018d4    00000004     gimbal.o (.bss.g_yawTargetRpm)
                  202018d8    00000004     empty.o (.bss.main.lastAppUpdateMs)
                  202018dc    00000002     vision_receiver.o (.bss.g_lineSize)
                  202018de    00000002     vision_receiver.o (.bss.g_ringHead)
                  202018e0    00000002     vision_receiver.o (.bss.g_ringTail)
                  202018e2    00000002     balance_tuning.o (.bss.g_rxHead)
                  202018e4    00000002     balance_tuning.o (.bss.g_rxTail)
                  202018e6    00000002     servo.o (.bss.g_servoPwmPhase)
                  202018e8    00000002     ultrasonic.o (.bss.g_stateTicks)
                  202018ea    00000002     gimbal_stepper.o (.bss.g_stepperHalfPeriodTicks)
                  202018ec    00000002     gimbal_stepper.o (.bss.g_stepperStepHalfPeriodTicks)
                  202018ee    00000002     balance_position_control.o (.bss.g_trackingDeadbandCount)
                  202018f0    00000002     balance_position_control.o (.bss.g_trackingReengageCount)
                  202018f2    00000002     balance_tuning.o (.bss.g_txHead)
                  202018f4    00000002     balance_tuning.o (.bss.g_txTail)
                  202018f6    00000002     (.common:g_trackError)
                  202018f8    00000001     oled_ui.o (.bss.OledUi_Update_20ms.flushRow)
                  202018f9    00000001     oled_ui.o (.bss.OledUi_Update_20ms.refreshDivider)
                  202018fa    00000001     empty.o (.bss.SysTick_Handler.balanceEncoderSpeedMsCount)
                  202018fb    00000001     empty.o (.bss.SysTick_Handler.controlMsCount)
                  202018fc    00000001     empty.o (.bss.SysTick_Handler.tick100usCount)
                  202018fd    00000001     ultrasonic.o (.bss.Ultrasonic_Update_20ms.triggerDivider)
                  202018fe    00000001     empty.o (.bss.g_appUpdatePending)
                  202018ff    00000001     car_state.o (.bss.g_carState)
                  20201900    00000001     obstacle_monitor.o (.bss.g_centerSettleTicks)
                  20201901    00000001     balance_tuning.o (.bss.g_discardLine)
                  20201902    00000001     vision_receiver.o (.bss.g_discardUntilNewline)
                  20201903    00000001     ultrasonic.o (.bss.g_distanceSampleCount)
                  20201904    00000001     ultrasonic.o (.bss.g_distanceSampleIndex)
                  20201905    00000001     emergency_stop.o (.bss.g_emergencyStopActive)
                  20201906    00000001     watchdog_monitor.o (.bss.g_faultApplied)
                  20201907    00000001     watchdog_monitor.o (.bss.g_faultPending)
                  20201908    00000001     imu.o (.bss.g_integrationHistoryValid)
                  20201909    00000001     wheel_speed_estimator.o (.bss.g_leftFilterInitialized)
                  2020190a    00000001     balance_tuning.o (.bss.g_lineLength)
                  2020190b    00000001     obstacle_safety.o (.bss.g_obstacleSafetyHolding)
                  2020190c    00000001     oled.o (.bss.g_oledColumn)
                  2020190d    00000001     menu.o (.bss.g_oledPage)
                  2020190e    00000001     oled.o (.bss.g_oledPage)
                  2020190f    00000001     encoder.o (.bss.g_overflowFlags)
                  20201910    00000001     menu.o (.bss.g_paramItem)
                  20201911    00000001     menu.o (.bss.g_paramReturnPage)
                  20201912    00000001     key.o (.bss.g_pendingEvent)
                  20201913    00000001     mission_manager.o (.bss.g_resumeCurrentAction)
                  20201914    00000001     wheel_speed_estimator.o (.bss.g_rightFilterInitialized)
                  20201915    00000001     car_controller.o (.bss.g_safetyHold)
                  20201916    00000001     imu.o (.bss.g_shortGapPending)
                  20201917    00000001     gimbal_stepper.o (.bss.g_stepperDirection)
                  20201918    00000001     gimbal_stepper.o (.bss.g_stepperRunning)
                  20201919    00000001     gimbal_stepper.o (.bss.g_stepperStepHigh)
                  2020191a    00000001     gimbal_stepper.o (.bss.g_stepperStopAfterStepLow)
                  2020191b    00000001     balance_soft_limits.o (.bss.g_storedLimitsValid)
                  2020191c    00000001     motor_control.o (.bss.g_targetRefreshed)
                  2020191d    00000001     mission_manager.o (.bss.g_transientActionActive)
                  2020191e    00000001     ultrasonic.o (.bss.g_triggerRequest)
                  2020191f    00000001     ultrasonic.o (.bss.g_ultrasonicState)
                  20201920    00000001     balance_ball_control.o (.bss.g_velocityInitialized)
                  20201921    00000001     gimbal.o (.bss.g_yawLimitClamped)
                  20201922    00000001     gimbal.o (.bss.g_yawLimitDirection)
                  20201923    00000001     gimbal.o (.bss.g_yawPositionValid)
                  20201924    00000001     gimbal.o (.bss.g_yawWorldLockEnabled)
                  20201925    00000001     (.common:g_carStateDebug)
                  20201926    00000001     (.common:g_keyEvent)
                  20201927    00000001     (.common:g_oledPageDebug)
                  20201928    00000001     (.common:g_paramItemDebug)
                  20201929    00000001     (.common:g_trackBlackCount)
                  2020192a    00000001     (.common:g_trackModeDebug)
                  2020192b    00000001     (.common:g_trackRaw)
                  2020192c    00000001     (.common:g_trackTurnDebug)

.data      0    2020192d    00000001     UNINITIALIZED
                  2020192d    00000001     car_controller.o (.data.g_followTurnPolicy)

.stack     0    20207e00    00000200     UNINITIALIZED
                  20207e00    00000004     libc.a : boot_cortex_m.c.obj (.stack)
                  20207e04    000001fc     --HOLE--

__llvm_prf_cnts 
*          0    20200000    00000000     UNINITIALIZED

__llvm_prf_bits 
*          0    20200000    00000000     UNINITIALIZED

MODULE SUMMARY

       Module                         code    ro data   rw data
       ------                         ----    -------   -------
    .\
       oled_ui.o                      20776   1369      2      
       balance_tuning.o               6212    67        2390   
       imu.o                          5156    0         142    
       car_controller.o               4412    0         128    
       oled.o                         2006    406       1026   
       balance_soft_limits.o          3256    0         105    
       motor_control.o                2768    0         125    
       vision_receiver.o              1908    0         795    
       app_config.o                   2156    0         272    
       line_controller.o              2196    0         64     
       balance_calibration_store.o    1140    1024      4      
       balance_ball_control.o         2036    0         99     
       balance_position_control.o     1992    0         96     
       menu.o                         1688    65        3      
       runtime_snapshot.o             1212    0         464    
       vision_protocol.o              1580    0         0      
       mission_manager.o              1472    0         34     
       motion_action.o                1400    5         20     
       wheel_speed_estimator.o        1292    0         94     
       gimbal_stepper.o               1280    0         52     
       gimbal.o                       896     0         116    
       mission_library.o              560     389       0      
       ti_msp_dl_config.o             828     35        48     
       motor.o                        776     0         16     
       app.o                          648     0         10     
       ultrasonic.o                   596     0         29     
       empty.o                        488     0         56     
       key.o                          436     0         19     
       balance_encoder.o              404     16        32     
       fault.o                        312     65        16     
       track_sensor.o                 372     0         0      
       heading_control.o              340     0         28     
       vision_uart.o                  336     0         0      
       watchdog_monitor.o             308     0         26     
       encoder.o                      276     0         9      
       obstacle_safety.o              272     0         1      
       obstacle_monitor.o             192     0         9      
       startup_mspm0g350x_ticlang.o   6       192       0      
       angle_utils.o                  192     0         0      
       emergency_stop.o               188     0         1      
       servo.o                        176     0         6      
       obstacle_avoidance.o           62      0         24     
       magnet.o                       72      0         12     
       debug_telemetry.o              56      0         16     
       bluetooth_uart.o               8       0         32     
       car_state.o                    36      0         1      
       vision_tuning_console.o        8       0         24     
    +--+------------------------------+-------+---------+---------+
       Total:                         74782   3633      6446   
                                                               
    C:/TI/mspm0_sdk_2_05_01_00/source/ti/driverlib/lib/ticlang/m0p/mspm0g1x0x_g3x0x/driverlib.a
       dl_flashctl.o                  488     0         0      
       dl_timer.o                     388     0         0      
       dl_uart.o                      90      0         0      
       dl_common.o                    10      0         0      
    +--+------------------------------+-------+---------+---------+
       Total:                         976     0         0      
                                                               
[...]
0000f387  __aeabi_fadd                                      
0000f455  CarController_StartDriveDistance                  
0000f529  GimbalStepper_MoveRelativeSteps                   
0000f5fd  BalanceEncoder_HandleGpioInterrupt                
0000f6c9  OledUi_Update_20ms                                
0000f795  FaultCode_ToShortString                           
0000f85d  Angle_Normalize180                                
0000f9dd  BalanceBallControl_SetConfig                      
0000fa99  BalanceSoftLimits_Init                            
0000fb55  CarController_ResetRuntime                        
0000fc11  Menu_GetParamValue                                
0000fccd  GimbalStepper_StopHold                            
0000fd81  GimbalStepper_Init                                
0000fe31  SysTick_Handler                                   
0000fee1  BalanceSoftLimits_ArmRecalibration                
0000ff89  Encoder_HandleGpioInterrupt                       
000100d1  __udivmoddi4                                      
00010173  ADC0_IRQHandler                                   
00010173  ADC1_IRQHandler                                   
00010173  AES_IRQHandler                                    
00010173  CANFD0_IRQHandler                                 
00010173  DAC0_IRQHandler                                   
00010173  DMA_IRQHandler                                    
00010173  Default_Handler                                   
00010173  GROUP0_IRQHandler                                 
00010173  HardFault_Handler                                 
00010173  I2C0_IRQHandler                                   
00010173  I2C1_IRQHandler                                   
00010173  NMI_Handler                                       
00010173  PendSV_Handler                                    
00010173  RTC_IRQHandler                                    
00010173  SPI0_IRQHandler                                   
00010173  SPI1_IRQHandler                                   
00010173  SVC_Handler                                       
00010173  TIMA0_IRQHandler                                  
00010173  TIMA1_IRQHandler                                  
00010173  TIMG0_IRQHandler                                  
00010173  TIMG12_IRQHandler                                 
00010173  TIMG6_IRQHandler                                  
00010173  TIMG7_IRQHandler                                  
00010173  TIMG8_IRQHandler                                  
00010173  UART0_IRQHandler                                  
00010173  UART1_IRQHandler                                  
00010175  BalanceSoftLimits_AbortCalibration                
00010355  ObstacleMonitor_Update_20ms                       
000103f1  memcpy                                            
0001048b  ObstacleAvoidance_Update_20ms                     
0001048d  BalanceSoftLimits_CancelRecalibration             
000105bd  BalancePositionControl_ResetFault                 
00010651  CarController_StartTurnToYawRelative              
000106e5  CarController_ResetTransientState                 
00010775  SYSCFG_DL_PWM_MOTOR_init                          
00010801  SYSCFG_DL_UART_BALANCE_TUNING_init                
0001088d  __aeabi_fmul                                      
0001088d  __mulsf3                                          
000109a5  BalanceEncoder_GetCountAtomic                     
000109b1  strcmp                                            
00010a39  CarController_SetSafetyHold                       
00010abd  GimbalStepper_ConfirmZero                         
00010b41  Motor_Init                                        
00010bc5  __aeabi_fdiv                                      
00010bc5  __divsf3                                          
00010c47  TrackSensor_Init                                  
00010c49  CarController_StartDriveHeading                   
00010cc9  Motor_Stop                                        
00010d49  App_Init                                          
00010dc7  __aeabi_idiv0                                     
00010dc9  BalancePositionControl_Init                       
00010e45  BalanceSoftLimits_Enforce100usFromIsr             
00010ec1  __TI_decompress_lzss                              
00011029  GimbalStepper_Release                             
00011099  SYSCFG_DL_UART_VISION_init                        
00011109  TrackSensor_DetectTurn                            
00011177  __aeabi_ldiv0                                     
00011179  BalanceTuning_Init                                
000111e5  MissionManager_GetSelectedMissionIndex            
000112b5  TrackSensor_GetErrorFromRaw                       
0001131d  BalanceBallControl_Init                           
00011381  BalanceSoftLimits_ResetPositionFault              
000113e5  MissionManager_Start                              
00011449  App_ResetToReady                                  
000114ad  __aeabi_fcmpeq                                    
000114c1  __aeabi_fcmplt                                    
000114d5  __aeabi_fcmple                                    
000114e9  __aeabi_fcmpge                                    
000114fd  __aeabi_fcmpgt                                    
0001150f  memset                                            
00011571  UART2_IRQHandler                                  
000115d1  __aeabi_f2lz                                      
000115d1  __fixsfdi                                         
00011631  Ultrasonic_Update_20ms                            
0001168d  VisionReceiver_Init                               
000117fd  BalanceEncoder_Init                               
00011855  MissionManager_Init                               
000118ad  OLED_PrintChar                                    
000119b5  __aeabi_idiv                                      
000119b5  __aeabi_idivmod                                   
00011a0d  CarController_Stop                                
00011a61  TrackSensor_ReadRaw                               
00011ab5  WatchdogMonitor_ApplyFaultIfNeeded                
00011b5d  BalancePositionControl_SetTrackingTarget          
00011bad  BalanceSoftLimits_GetSnapshot                     
00011bfd  Ultrasonic_Init                                   
00011c4d  WatchdogMonitor_Tick1msFromIsr                    
00011c9d  __aeabi_l2f                                       
00011c9d  __floatdisf                                       
00011ced  MotorControl_Stop                                 
00011d39  copy_in                                           
00011dd1  __TI_auto_init_nopinit                            
00011e1d  DL_UART_init                                      
00011e65  MissionManager_Cancel                             
00011ead  SYSCFG_DL_initPower                               
00011ef5  CarController_StartFollowLine                     
00011f39  EmergencyStop_Reset                               
00011f7d  Encoder_GetAndClearPulseDeltas                    
00011fc1  Imu_ResetYaw                                      
00012005  MissionManager_Reset                              
00012049  Servo_Tick100us                                   
0001208d  UART3_IRQHandler                                  
000120d1  BalanceBallControl_Enable                         
00012111  BalanceEncoder_GetSnapshot                        
00012151  BalanceSoftLimits_StopMotion                      
00012191  CarController_ResumeFollowLine                    
000121d1  Fault_Raise                                       
00012211  SYSCFG_DL_SYSCTL_init                             
00012251  VisionReceiver_PushByteFromIsr                    
00012291  __aeabi_uidiv                                     
00012291  __aeabi_uidivmod                                  
00012311  __divmoddi4                                       
00012351  MissionManager_Resume                             
0001238d  Servo_SetAngleDeg                                 
000123c9  __aeabi_i2f                                       
000123c9  __floatsisf                                       
00012405  __gesf2                                           
00012405  __gtsf2                                           
00012441  __cmpsf2                                          
00012441  __eqsf2                                           
00012441  __lesf2                                           
00012441  __ltsf2                                           
00012441  __nesf2                                           
0001247d  __muldsi3                                         
000124b9  EmergencyStop_Trigger                             
000124f1  __aeabi_f2iz                                      
000124f1  __fixsfsi                                         
00012529  BalancePositionControl_Cancel                     
0001255d  BalancePositionControl_SetTrackingThresholds      
00012591  Imu_IsReady                                       
000125c5  MissionLibrary_FindById                           
000125f9  OLED_PrintString                                  
0001262d  Key_Init                                          
0001265d  LineController_ObserveSensors                     
0001268d  WatchdogMonitor_Init                              
000126bd  WatchdogMonitor_Reset                             
000126ed  BalancePositionControl_GetSnapshot                
00012719  BalancePositionControl_StartTracking              
00012745  Encoder_Reset                                     
00012771  MissionManager_Pause                              
0001279d  TrackSensor_CountBlack                            
000127c9  BalanceBallControl_ResetConfig                    
000127f1  BalanceSoftLimits_CancelTravelTest                
00012819  DL_FlashCTL_programMemoryFromRAM64WithECCGenerated
00012841  EmergencyStop_Enforce                             
00012869  Magnet_ForceOff                                   
00012891  SYSCFG_DL_init                                    
000128b9  Servo_Init                                        
000128e1  __aeabi_ui2f                                      
000128e1  __floatunsisf                                     
00012909  _c_int00_noargs                                   
00012931  BalanceEncoder_SampleSpeed10msFromIsr             
00012955  BalanceSoftLimits_CancelOscillationTest           
00012979  GimbalStepper_GetFeedbackSnapshot                 
0001299d  MissionManager_ReportExternalFailure              
000129c1  MotorControl_Init                                 
000129e5  MotorControl_Reset                                
00012a09  OLED_ClearBuffer                                  
00012a2d  __aeabi_lmul                                      
00012a2d  __muldi3                                          
00012a51  BalanceBallControl_GetSnapshot                    
00012a71  DL_Timer_overrideCCPOut                           
00012a91  DebugTelemetry_Update                             
00012ab1  GROUP1_IRQHandler                                 
00012ad1  Magnet_Init                                       
00012af1  OLED_SetCursor                                    
00012b11  SchedulerMonitor_GetStats                         
00012b31  VisionReceiver_GetProtocolErrorCount              
00012b51  memcmp                                            
00012b91  __aeabi_llsl                                      
00012b91  __ashldi3                                         
00012bb1  BalanceBallControl_Disable                        
00012bcd  BalanceBallControl_ForceStop                      
00012be9  DL_Timer_setCaptCompUpdateMethod                  
00012c05  DL_Timer_setClockConfig                           
00012c21  HeadingControl_SetTargetYaw                       
00012c3d  Menu_Init                                         
00012c59  MotionAction_Cancel                               
00012c75  ObstacleMonitor_Init                              
00012c91  ObstacleSafety_Init                               
00012cad  WatchdogMonitor_NotifyControlCycleComplete        
00012ce5  BalanceBallControl_GetConfig                      
00012cfd  DL_FlashCTL_eraseMemoryFromRAM                    
00012d15  DL_Timer_setCaptureCompareOutCtl                  
00012d2d  DebugTelemetry_Init                               
00012d45  HeadingControl_Init                               
00012d5d  HeadingControl_Reset                              
00012d75  Menu_ParamItemToString                            
00012d8d  MotionAction_Init                                 
00012da5  ObstacleAvoidance_Init                            
00012dbd  RuntimeSnapshot_Init                              
00012dd5  __aeabi_fcmpun                                    
00012dd5  __unordsf2                                        
00012ded  Fault_Clear                                       
00012e01  Fault_Init                                        
00012e15  GimbalStepper_SetStepHalfPeriodTicks              
00012e29  HeadingControl_Enable                             
00012e3d  MissionLibrary_GetByIndex                         
00012e51  MissionManager_GetSelectedMissionId               
00012e65  VisionUart_Init                                   
00012e79  __aeabi_ldivmod                                   
00012e8d  __aeabi_uldivmod                                  
00012ea1  DL_UART_setClockConfig                            
00012eb3  __TI_decompress_none                              
00012ec5  BalancePositionControl_HasFault                   
00012ed5  DL_Timer_setCaptureCompareValue                   
00012ee5  Gimbal_YawGetFeedback                             
00012ef5  Key_GetEvent                                      
00012f05  __TI_zero_init                                    
00012f15  BalancePositionControl_IsBusy                     
00012f21  BalanceSoftLimits_IsCalibrationActive             
00012f2d  BalanceSoftLimits_IsOscillationTestActive         
00012f39  BalanceSoftLimits_IsTravelTestActive              
00012f45  CarController_GetRunMode                          
00012f51  CarController_Init                                
00012f5d  CarController_IsSafetyHoldActive                  
00012f69  CarState_Get                                      
00012f75  CarState_Init                                     
00012f81  CarState_Set                                      
00012f8d  EmergencyStop_Init                                
00012f99  EmergencyStop_IsActive                            
00012fa5  Imu_GetCorrectedGyroZDps                          
00012fb1  Imu_GetYaw                                        
00012fbd  Menu_GetPage                                      
00012fc9  Menu_GetParamItem                                 
00012fd5  MissionManager_IsExternallyHeld                   
00012fe1  MissionManager_SetExternalHold                    
00012fed  ObstacleAvoidance_IsActive                        
00012ff9  ObstacleAvoidance_IsFailed                        
00013005  ObstacleSafety_IsHolding                          
00013011  SystemTime_GetMs                                  
0001301d  WatchdogMonitor_HasTripped                        
00013029  __aeabi_memclr                                    
00013029  __aeabi_memclr4                                   
00013029  __aeabi_memclr8                                   
00013035  DL_Common_delayCycles                             
0001303f  MotionAction_Resume                               
00013049  MotionAction_Start                                
00013053  TrackSensor_IsCenterDetected                      
0001305d  TrackSensor_IsLineDetected                        
00013067  TrackSensor_IsLineLost                            
00013071  BalanceSoftLimits_CancelPositionMove              
00013079  BalanceSoftLimits_IsPositionMoveActive            
00013081  BluetoothUart_GetRuntime                          
00013089  CarController_GetFeedback                         
00013091  Fault_GetRecord                                   
00013099  GimbalStepper_GetFeedback                         
000130a1  HeadingControl_GetRuntime                         
000130a9  Imu_GetRuntime                                    
000130b1  LineController_GetRuntime                         
000130b9  MissionManager_GetMissionCount                    
000130c1  MissionManager_GetRuntime                         
000130c9  MotionAction_GetRuntime                           
000130d1  MotorControl_GetRuntime                           
000130d9  ObstacleAvoidance_GetFeedback                     
000130e1  ObstacleMonitor_GetFeedback                       
000130e9  OledUi_Init                                       
000130f1  RuntimeSnapshot_Get                               
000130f9  Servo_GetFeedback                                 
00013101  Ultrasonic_GetFeedback                            
00013109  VisionReceiver_GetBallPositionObservation         
00013111  VisionReceiver_GetStatus                          
00013119  VisionTuningConsole_GetStatus                     
00013121  WatchdogMonitor_GetStatus                         
00013129  WheelSpeedEstimator_GetRuntime                    
00013131  __aeabi_memcpy                                    
00013131  __aeabi_memcpy4                                   
00013131  __aeabi_memcpy8                                   
00013139  abort                                             
0001313e  C$$EXIT                                           
0001313f  HOSTexit                                          
00013143  MissionLibrary_GetCount                           
00013147  ObstacleAvoidance_IsResumeGraceActive             
0001314b  Reset_Handler                                     
00013161  _system_pre_init                                  
00013b58  __TI_Handler_Table_Base                           
00013b64  __TI_Handler_Table_Limit                          
00013b74  __TI_CINIT_Base                                   
00013b84  __TI_CINIT_Limit                                  
00013b84  __TI_CINIT_Warm                                   
00013b88  __TI_table_binit                                  
00013b88  __binit__                                         
00013b88  binit                                             
0001fc00  g_balanceCalibrationReservedSector                
20200000  __start___llvm_prf_bits                           
20200000  __start___llvm_prf_cnts                           
20200000  __stop___llvm_prf_bits                            
20200000  __stop___llvm_prf_cnts                            
20200fd0  g_appConfig                                       
202011e0  g_imuRuntime                                      
202012e0  g_appRuntime                                      
20201468  g_wheelSpeedEstimatorRuntime                      
202015ec  gUART_VISIONBackup                                
20201710  g_headingRuntime                                  
202018f6  g_trackError                                      
20201925  g_carStateDebug                                   
20201926  g_keyEvent                                        
20201927  g_oledPageDebug                                   
20201928  g_paramItemDebug                                  
20201929  g_trackBlackCount                                 
2020192a  g_trackModeDebug                                  
2020192b  g_trackRaw                                        
2020192c  g_trackTurnDebug                                  
20207e00  __stack                                           
20208000  __STACK_END                                       
ffffffff  __TI_pprof_out_hndl                               
ffffffff  __TI_prof_data_size                               
ffffffff  __TI_prof_data_start                              
UNDEFED   __mpu_init                                        
UNDEFED   _system_post_cinit                                

[394 symbols]
