******************************************************************************
            TI ARM Clang Linker PC v4.0.4                      
******************************************************************************
>> Linked Fri Jul 10 23:21:19 2026

OUTPUT FILE NAME:   <diansaikaishi.out>
ENTRY POINT SYMBOL: "_c_int00_noargs"  address: 00002ae9


MEMORY CONFIGURATION

         name            origin    length      used     unused   attr    fill
----------------------  --------  ---------  --------  --------  ----  --------
  FLASH                 00000000   00020000  00002fa8  0001d058  R  X
  SRAM                  20200000   00008000  000002d0  00007d30  RW X
  BCR_CONFIG            41c00000   000000ff  00000000  000000ff  R   
  BSL_CONFIG            41c00100   00000080  00000000  00000080  R   


SEGMENT ALLOCATION MAP

run origin  load origin   length   init length attrs members
----------  ----------- ---------- ----------- ----- -------
00000000    00000000    00002fa8   00002fa8    r-x
  00000000    00000000    000000c0   000000c0    r-- .intvecs
  000000c0    000000c0    00002c28   00002c28    r-x .text
  00002ce8    00002ce8    000002a8   000002a8    r-- .rodata
  00002f90    00002f90    00000018   00000018    r-- .cinit
20200000    20200000    000000d0   00000000    rw-
  20200000    20200000    000000d0   00000000    rw- .bss
20207e00    20207e00    00000200   00000000    rw-
  20207e00    20207e00    00000200   00000000    rw- .stack


SECTION ALLOCATION MAP

 output                                  attributes/
section   page    origin      length       input sections
--------  ----  ----------  ----------   ----------------
.intvecs   0    00000000    000000c0     
                  00000000    000000c0     startup_mspm0g350x_ticlang.o (.intvecs)

.text      0    000000c0    00002c28     
                  000000c0    0000032c     oled_ui.o (.text.OledUi_Update_20ms)
                  000003ec    000002f0     imu.o (.text.mpu6050_read_regs)
                  000006dc    000002d8     imu.o (.text.Imu_Init)
                  000009b4    000002b0     car_controller.o (.text.CarController_Update_20ms)
                  00000c64    00000254     oled.o (.text.OLED_Clear)
                  00000eb8    000001d8     app_config.o (.text.AppConfig_LimitAll)
                  00001090    000001cc     imu.o (.text.imu_i2c_write_byte)
                  0000125c    000001b8     oled.o (.text.oled_i2c_write_byte)
                  00001414    00000198     menu.o (.text.Menu_HandleKeyEvent)
                  000015ac    00000174     key.o (.text.Key_Update_20ms)
                  00001720    0000013c     oled.o (.text.OLED_PrintInt16)
                  0000185c    00000134     imu.o (.text.Imu_Update)
                  00001990    0000012c     imu.o (.text.imu_i2c_recover_bus)
                  00001abc    000000d8     libclang_rt.builtins.a : addsf3.S.obj (.text)
                  00001b94    000000d4     oled.o (.text.OLED_Init)
                  00001c68    000000d0     oled.o (.text.OLED_PrintChar)
                  00001d38    000000c8     imu.o (.text.Imu_CalibrateGyroBias)
                  00001e00    000000b0     motor.o (.text.Motor_SetSpeed)
                  00001eb0    000000a8     ti_msp_dl_config.o (.text.SYSCFG_DL_GPIO_init)
                  00001f58    000000a4     app.o (.text.App_Update_20ms)
                  00001ffc    000000a2     libclang_rt.builtins.a : udivmoddi4.S.obj (.text)
                  0000209e    00000002     startup_mspm0g350x_ticlang.o (.text.Default_Handler)
                  000020a0    00000098     imu.o (.text.mpu6050_write_reg)
                  00002138    0000008c     app_config.o (.text.AppConfig_InitDefault)
                  000021c4    0000008c     libclang_rt.builtins.a : mulsf3.S.obj (.text.__mulsf3)
                  00002250    00000082                            : divsf3.S.obj (.text.__divsf3)
                  000022d2    00000002     track_sensor.o (.text.TrackSensor_Init)
                  000022d4    00000078     oled.o (.text.oled_write_command)
                  0000234c    0000006c     encoder.o (.text.Encoder_HandleGpioInterrupt)
                  000023b8    0000006c     empty.o (.text.main)
                  00002424    00000066     track_sensor.o (.text.TrackSensor_GetErrorFromRaw)
                  0000248a    00000002     libclang_rt.builtins.a : aeabi_div0.c.obj (.text.__aeabi_idiv0)
                  0000248c    00000062                            : aeabi_fcmp.S.obj (.text.__aeabi_fcmp)
                  000024ee    0000005e     oled.o (.text.OLED_PrintBinary7)
                  0000254c    00000058     menu.o (.text.Menu_GetParamValue)
                  000025a4    00000056     libclang_rt.builtins.a : aeabi_idivmod.S.obj (.text.__aeabi_idivmod)
                  000025fa    00000002                            : aeabi_div0.c.obj (.text.__aeabi_ldiv0)
                  000025fc    00000054     track_sensor.o (.text.TrackSensor_ReadRaw)
                  00002650    00000050     motor.o (.text.Motor_PwmTick100us)
                  000026a0    00000042     app.o (.text.App_Init)
                  000026e2    00000002     --HOLE-- [fill = 0]
                  000026e4    00000040     ti_msp_dl_config.o (.text.SYSCFG_DL_SYSCTL_init)
                  00002724    0000003e     libclang_rt.builtins.a : divmoddi4.c.obj (.text.__divmoddi4)
                  00002762    00000002     --HOLE-- [fill = 0]
                  00002764    0000003c     empty.o (.text.SysTick_Handler)
                  000027a0    0000003c     libclang_rt.builtins.a : floatsisf.S.obj (.text.__floatsisf)
                  000027dc    0000003c                            : comparesf2.S.obj (.text.__gtsf2)
                  00002818    0000003c     libc.a : autoinit.c.obj (.text:__TI_auto_init_nobinit_nopinit)
                  00002854    0000003a     libclang_rt.builtins.a : comparesf2.S.obj (.text.__eqsf2)
                  0000288e    00000002     --HOLE-- [fill = 0]
                  00002890    0000003a                            : muldsi3.S.obj (.text.__muldsi3)
                  000028ca    00000002     --HOLE-- [fill = 0]
                  000028cc    00000038     motor.o (.text.Motor_Init)
                  00002904    00000038     libclang_rt.builtins.a : fixsfsi.S.obj (.text.__fixsfsi)
                  0000293c    00000036     track_sensor.o (.text.TrackSensor_DetectTurn)
                  00002972    00000002     --HOLE-- [fill = 0]
                  00002974    00000034     oled.o (.text.OLED_SetCursor)
                  000029a8    00000032     oled.o (.text.OLED_PrintString)
                  000029da    00000002     --HOLE-- [fill = 0]
                  000029dc    00000030     key.o (.text.Key_Init)
                  00002a0c    0000002c     car_controller.o (.text.CarController_Init)
                  00002a38    0000002c     car_controller.o (.text.CarController_ResetRuntime)
                  00002a64    0000002c     motor.o (.text.Motor_Stop)
                  00002a90    0000002c     ti_msp_dl_config.o (.text.SYSCFG_DL_initPower)
                  00002abc    0000002c     track_sensor.o (.text.TrackSensor_CountBlack)
                  00002ae8    00000028     libc.a : boot_cortex_m.c.obj (.text:_c_int00_noargs)
                  00002b10    00000024     encoder.o (.text.Encoder_Reset)
                  00002b34    0000001e     libclang_rt.builtins.a : ashldi3.S.obj (.text.__ashldi3)
                  00002b52    00000002     --HOLE-- [fill = 0]
                  00002b54    00000018     car_controller.o (.text.CarController_RunModeToString)
                  00002b6c    00000018     car_state.o (.text.CarState_ToString)
                  00002b84    00000018     menu.o (.text.Menu_ParamItemToString)
                  00002b9c    00000016     libc.a : copy_zero_init.c.obj (.text:decompress:ZI:__TI_zero_init_nomemset)
                  00002bb2    00000002     --HOLE-- [fill = 0]
                  00002bb4    00000014     app_config.o (.text.AppConfig_DecreaseTargetLap)
                  00002bc8    00000014     app_config.o (.text.AppConfig_IncreaseTargetLap)
                  00002bdc    00000014     empty.o (.text.GROUP1_IRQHandler)
                  00002bf0    00000014     heading_control.o (.text.HeadingControl_Init)
                  00002c04    00000014     menu.o (.text.Menu_Init)
                  00002c18    00000014     libclang_rt.builtins.a : aeabi_ldivmod.S.obj (.text.__aeabi_ldivmod)
                  00002c2c    00000010     key.o (.text.Key_GetEvent)
                  00002c3c    00000010     ti_msp_dl_config.o (.text.SYSCFG_DL_init)
                  00002c4c    0000000c     car_controller.o (.text.CarController_GetRunMode)
                  00002c58    0000000c     car_state.o (.text.CarState_Get)
                  00002c64    0000000c     car_state.o (.text.CarState_Init)
                  00002c70    0000000c     car_state.o (.text.CarState_Set)
                  00002c7c    0000000c     imu.o (.text.Imu_ResetYaw)
                  00002c88    0000000c     menu.o (.text.Menu_GetPage)
                  00002c94    0000000c     menu.o (.text.Menu_GetParamItem)
                  00002ca0    0000000c     oled_ui.o (.text.OledUi_Init)
                  00002cac    0000000a     driverlib.a : dl_common.o (.text.DL_Common_delayCycles)
                  00002cb6    0000000a     track_sensor.o (.text.TrackSensor_IsCenterDetected)
                  00002cc0    0000000a     track_sensor.o (.text.TrackSensor_IsLineLost)
                  00002cca    00000002     --HOLE-- [fill = 0]
                  00002ccc    00000008     imu.o (.text.Imu_GetRuntime)
                  00002cd4    00000006     libc.a : exit.c.obj (.text:abort)
                  00002cda    00000004     libsysbm.a : hostexit.c.obj (.text.HOSTexit)
                  00002cde    00000004     startup_mspm0g350x_ticlang.o (.text.Reset_Handler)
                  00002ce2    00000004     libc.a : pre_init.c.obj (.text._system_pre_init)
                  00002ce6    00000002     --HOLE-- [fill = 0]

.cinit     0    00002f90    00000018     
                  00002f90    00000008     (.cinit..bss.load) [load image, compression = zero_init]
                  00002f98    00000004     (__TI_handler_table)
                  00002f9c    00000008     (__TI_cinit_table)
                  00002fa4    00000004     --HOLE-- [fill = 0]

.rodata    0    00002ce8    000002a8     
                  00002ce8    000000d8     oled.o (.rodata..Lswitch.table.OLED_PrintChar)
                  00002dc0    0000001c     menu.o (.rodata..Lswitch.table.Menu_ParamItemToString)
                  00002ddc    00000018     car_state.o (.rodata..Lswitch.table.CarState_ToString)
                  00002df4    00000014     car_controller.o (.rodata..Lswitch.table.CarController_RunModeToString)
                  00002e08    00000007     oled_ui.o (.rodata.str1.8426569189266129334.1)
                  00002e0f    00000006     oled_ui.o (.rodata.str1.1445687256832830955.1)
                  00002e15    00000006     car_state.o (.rodata.str1.1675797584173499143.1)
                  00002e1b    00000006     oled_ui.o (.rodata.str1.3025253791635144717.1)
                  00002e21    00000006     car_state.o (.rodata.str1.41590466491370331.1)
                  00002e27    00000006     menu.o (.rodata.str1.4646809750356241979.1)
                  00002e2d    00000006     oled_ui.o (.rodata.str1.5853739094453432564.1)
                  00002e33    00000005     oled.o (.rodata.oled_get_glyph.colon)
                  00002e38    00000005     oled.o (.rodata.oled_get_glyph.eight)
                  00002e3d    00000005     oled.o (.rodata.oled_get_glyph.five)
                  00002e42    00000005     oled.o (.rodata.oled_get_glyph.four)
                  00002e47    00000005     oled.o (.rodata.oled_get_glyph.glyphA)
                  00002e4c    00000005     oled.o (.rodata.oled_get_glyph.glyphB)
                  00002e51    00000005     oled.o (.rodata.oled_get_glyph.glyphC)
                  00002e56    00000005     oled.o (.rodata.oled_get_glyph.glyphD)
                  00002e5b    00000005     oled.o (.rodata.oled_get_glyph.glyphE)
                  00002e60    00000005     oled.o (.rodata.oled_get_glyph.glyphG)
                  00002e65    00000005     oled.o (.rodata.oled_get_glyph.glyphH)
                  00002e6a    00000005     oled.o (.rodata.oled_get_glyph.glyphI)
                  00002e6f    00000005     oled.o (.rodata.oled_get_glyph.glyphK)
                  00002e74    00000005     oled.o (.rodata.oled_get_glyph.glyphL)
                  00002e79    00000005     oled.o (.rodata.oled_get_glyph.glyphM)
                  00002e7e    00000005     oled.o (.rodata.oled_get_glyph.glyphN)
                  00002e83    00000005     oled.o (.rodata.oled_get_glyph.glyphO)
                  00002e88    00000005     oled.o (.rodata.oled_get_glyph.glyphP)
                  00002e8d    00000005     oled.o (.rodata.oled_get_glyph.glyphR)
                  00002e92    00000005     oled.o (.rodata.oled_get_glyph.glyphS)
                  00002e97    00000005     oled.o (.rodata.oled_get_glyph.glyphT)
                  00002e9c    00000005     oled.o (.rodata.oled_get_glyph.glyphU)
                  00002ea1    00000005     oled.o (.rodata.oled_get_glyph.glyphV)
                  00002ea6    00000005     oled.o (.rodata.oled_get_glyph.glyphW)
                  00002eab    00000005     oled.o (.rodata.oled_get_glyph.glyphX)
                  00002eb0    00000005     oled.o (.rodata.oled_get_glyph.glyphY)
                  00002eb5    00000005     oled.o (.rodata.oled_get_glyph.glyphb)
                  00002eba    00000005     oled.o (.rodata.oled_get_glyph.gt)
                  00002ebf    00000005     oled.o (.rodata.oled_get_glyph.minus)
                  00002ec4    00000005     oled.o (.rodata.oled_get_glyph.nine)
                  00002ec9    00000005     oled.o (.rodata.oled_get_glyph.one)
                  00002ece    00000005     oled.o (.rodata.oled_get_glyph.seven)
                  00002ed3    00000005     oled.o (.rodata.oled_get_glyph.six)
                  00002ed8    00000005     oled.o (.rodata.oled_get_glyph.space)
                  00002edd    00000005     oled.o (.rodata.oled_get_glyph.three)
                  00002ee2    00000005     oled.o (.rodata.oled_get_glyph.two)
                  00002ee7    00000005     oled.o (.rodata.oled_get_glyph.zero)
                  00002eec    00000005     oled_ui.o (.rodata.str1.10416366799939242409.1)
                  00002ef1    00000005     menu.o (.rodata.str1.12110183915172842339.1)
                  00002ef6    00000005     oled_ui.o (.rodata.str1.130772507669342127.1)
                  00002efb    00000005     oled_ui.o (.rodata.str1.14556837007311414654.1)
                  00002f00    00000005     oled_ui.o (.rodata.str1.17540787658903907660.1)
                  00002f05    00000005     car_controller.o (.rodata.str1.18191498530309206443.1)
                  00002f0a    00000005     car_controller.o (.rodata.str1.4164979912472006574.1)
                  00002f0f    00000005     oled_ui.o (.rodata.str1.4581472623415959594.1)
                  00002f14    00000005     car_state.o (.rodata.str1.8223341253983108753.1)
                  00002f19    00000005     car_state.o (.rodata.str1.8698975129455933903.1)
                  00002f1e    00000005     oled_ui.o (.rodata.str1.9544068167406571052.1)
                  00002f23    00000005     car_controller.o (.rodata.str1.9981487771679760427.1)
                  00002f28    00000004     oled_ui.o (.rodata.str1.11232419324784801130.1)
                  00002f2c    00000004     car_controller.o (.rodata.str1.12442237994239546032.1)
                  00002f30    00000004     menu.o (.rodata.str1.13124720451672825294.1)
                  00002f34    00000004     oled_ui.o (.rodata.str1.13882251010780863896.1)
                  00002f38    00000004     car_state.o (.rodata.str1.13986535679874659196.1)
                  00002f3c    00000004     oled_ui.o (.rodata.str1.15917848551323629232.1)
                  00002f40    00000004     menu.o (.rodata.str1.16312125044762562515.1)
                  00002f44    00000004     oled_ui.o (.rodata.str1.16931641404301806744.1)
                  00002f48    00000004     car_controller.o (.rodata.str1.17172356789460551389.1)
                  00002f4c    00000004     oled_ui.o (.rodata.str1.17812014771544466701.1)
                  00002f50    00000004     oled_ui.o (.rodata.str1.18266126048138325213.1)
                  00002f54    00000004     oled_ui.o (.rodata.str1.3455423528827705371.1)
                  00002f58    00000004     car_state.o (.rodata.str1.3601627812925153765.1)
                  00002f5c    00000004     oled_ui.o (.rodata.str1.3702290527496711532.1)
                  00002f60    00000004     oled_ui.o (.rodata.str1.4402311448527872260.1)
                  00002f64    00000004     menu.o (.rodata.str1.4862307748908978627.1)
                  00002f68    00000004     oled_ui.o (.rodata.str1.5965450730569173784.1)
                  00002f6c    00000004     menu.o (.rodata.str1.6857549598058878762.1)
                  00002f70    00000004     car_controller.o (.rodata.str1.9234375891235759983.1)
                  00002f74    00000004     oled_ui.o (.rodata.str1.967006512144173535.1)
                  00002f78    00000003     oled_ui.o (.rodata.str1.1019225241002246410.1)
                  00002f7b    00000003     oled_ui.o (.rodata.str1.1108652269057166745.1)
                  00002f7e    00000003     menu.o (.rodata.str1.14098755746347272832.1)
                  00002f81    00000003     menu.o (.rodata.str1.17041139162815566052.1)
                  00002f84    00000003     oled_ui.o (.rodata.str1.2308938766145545715.1)
                  00002f87    00000003     oled_ui.o (.rodata.str1.9159586779647977165.1)
                  00002f8a    00000003     oled_ui.o (.rodata.str1.9854382722193312766.1)
                  00002f8d    00000003     --HOLE-- [fill = 0]

.init_array 
*          0    00000000    00000000     UNINITIALIZED

.binit     0    00000000    00000000     

.bss       0    20200000    000000d0     UNINITIALIZED
                  20200000    00000048     (.common:g_appConfig)
                  20200048    00000028     (.common:g_imuRuntime)
                  20200070    0000001c     (.common:g_appRuntime)
                  2020008c    00000014     (.common:g_headingRuntime)
                  202000a0    00000006     key.o (.bss.g_key1)
                  202000a6    00000006     key.o (.bss.g_key2)
                  202000ac    00000006     key.o (.bss.g_key3)
                  202000b2    00000002     (.common:g_trackError)
                  202000b4    00000004     encoder.o (.bss.g_motorAPulses)
                  202000b8    00000004     encoder.o (.bss.g_motorBPulses)
                  202000bc    00000001     oled_ui.o (.bss.OledUi_Update_20ms.refreshDivider)
                  202000bd    00000001     empty.o (.bss.SysTick_Handler.controlMsCount)
                  202000be    00000001     empty.o (.bss.SysTick_Handler.tick100usCount)
                  202000bf    00000001     empty.o (.bss.g_appUpdateDue)
                  202000c0    00000001     car_state.o (.bss.g_carState)
                  202000c1    00000001     motor.o (.bss.g_motorADutyLevel)
                  202000c2    00000001     motor.o (.bss.g_motorBDutyLevel)
                  202000c3    00000001     oled.o (.bss.g_oledColumn)
                  202000c4    00000001     menu.o (.bss.g_oledPage)
                  202000c5    00000001     menu.o (.bss.g_paramItem)
                  202000c6    00000001     key.o (.bss.g_pendingEvent)
                  202000c7    00000001     motor.o (.bss.g_pwmPhase)
                  202000c8    00000001     (.common:g_carStateDebug)
                  202000c9    00000001     (.common:g_keyEvent)
                  202000ca    00000001     (.common:g_oledPageDebug)
                  202000cb    00000001     (.common:g_paramItemDebug)
                  202000cc    00000001     (.common:g_trackBlackCount)
                  202000cd    00000001     (.common:g_trackModeDebug)
                  202000ce    00000001     (.common:g_trackRaw)
                  202000cf    00000001     (.common:g_trackTurnDebug)

.stack     0    20207e00    00000200     UNINITIALIZED
                  20207e00    00000004     libc.a : boot_cortex_m.c.obj (.stack)
                  20207e04    000001fc     --HOLE--

__llvm_prf_cnts 
*          0    20200000    00000000     UNINITIALIZED

__llvm_prf_bits 
*          0    20200000    00000000     UNINITIALIZED

MODULE SUMMARY

       Module                         code    ro data   rw data
       ------                         ----    -------   -------
    .\
       imu.o                          2920    0         40     
       oled.o                         2088    401       1      
       oled_ui.o                      824     114       1      
       car_controller.o               812     47        28     
       app_config.o                   652     0         72     
       menu.o                         564     61        2      
       key.o                          436     0         19     
       motor.o                        356     0         3      
       track_sensor.o                 306     0         0      
       ti_msp_dl_config.o             292     0         0      
       app.o                          230     0         10     
       startup_mspm0g350x_ticlang.o   6       192       0      
       empty.o                        188     0         3      
       encoder.o                      144     0         8      
       car_state.o                    60      54        1      
       heading_control.o              20      0         20     
    +--+------------------------------+-------+---------+---------+
       Total:                         9898    869       208    
                                                               
    C:/TI/mspm0_sdk_2_05_01_00/source/ti/driverlib/lib/ticlang/m0p/mspm0g1x0x_g3x0x/driverlib.a
       dl_common.o                    10      0         0      
    +--+------------------------------+-------+---------+---------+
       Total:                         10      0         0      
                                                               
    D:\TI\CCS\ccs\tools\compiler\ti-cgt-armllvm_4.0.4.LTS\lib\armv6m-ti-none-eabi/c/libc.a
       autoinit.c.obj                 60      0         0      
       boot_cortex_m.c.obj            40      0         0      
       copy_zero_init.c.obj           22      0         0      
       exit.c.obj                     6       0         0      
       pre_init.c.obj                 4       0         0      
    +--+------------------------------+-------+---------+---------+
       Total:                         132     0         0      
                                                               
    D:\TI\CCS\ccs\tools\compiler\ti-cgt-armllvm_4.0.4.LTS\lib\armv6m-ti-none-eabi/c/libsysbm.a
       hostexit.c.obj                 4       0         0      
    +--+------------------------------+-------+---------+---------+
       Total:                         4       0         0      
                                                               
    D:\TI\CCS\ccs\tools\compiler\ti-cgt-armllvm_4.0.4.LTS\lib\armv6m-ti-none-eabi/libclang_rt.builtins.a
       addsf3.S.obj                   216     0         0      
       udivmoddi4.S.obj               162     0         0      
       mulsf3.S.obj                   140     0         0      
       divsf3.S.obj                   130     0         0      
       comparesf2.S.obj               118     0         0      
       aeabi_fcmp.S.obj               98      0         0      
       aeabi_idivmod.S.obj            86      0         0      
       divmoddi4.c.obj                62      0         0      
       floatsisf.S.obj                60      0         0      
       muldsi3.S.obj                  58      0         0      
       fixsfsi.S.obj                  56      0         0      
       ashldi3.S.obj                  30      0         0      
       aeabi_ldivmod.S.obj            20      0         0      
       aeabi_div0.c.obj               4       0         0      
    +--+------------------------------+-------+---------+---------+
       Total:                         1240    0         0      
                                                               
       Stack:                         0       0         512    
       Linker Generated:              0       20        0      
    +--+------------------------------+-------+---------+---------+
       Grand Total:                   11284   889       720    


LINKER GENERATED COPY TABLES

__TI_cinit_table @ 00002f9c records: 1, size/record: 8, table size: 8
	.bss: load addr=00002f90, load size=00000008 bytes, run addr=20200000, run size=000000d0 bytes, compression=zero_init


LINKER GENERATED HANDLER TABLE

__TI_handler_table @ 00002f98 records: 1, size/record: 4, table size: 4
	index: 0, handler: __TI_zero_init


GLOBAL SYMBOLS: SORTED ALPHABETICALLY BY Name 

address   name                          
-------   ----                          
0000209f  ADC0_IRQHandler               
0000209f  ADC1_IRQHandler               
0000209f  AES_IRQHandler                
00002bb5  AppConfig_DecreaseTargetLap   
00002bc9  AppConfig_IncreaseTargetLap   
00002139  AppConfig_InitDefault         
00000eb9  AppConfig_LimitAll            
000026a1  App_Init                      
00001f59  App_Update_20ms               
00002cda  C$$EXIT                       
0000209f  CANFD0_IRQHandler             
00002c4d  CarController_GetRunMode      
00002a0d  CarController_Init            
00002a39  CarController_ResetRuntime    
00002b55  CarController_RunModeToString 
000009b5  CarController_Update_20ms     
00002c59  CarState_Get                  
00002c65  CarState_Init                 
00002c71  CarState_Set                  
00002b6d  CarState_ToString             
0000209f  DAC0_IRQHandler               
00002cad  DL_Common_delayCycles         
0000209f  DMA_IRQHandler                
0000209f  Default_Handler               
0000234d  Encoder_HandleGpioInterrupt   
00002b11  Encoder_Reset                 
0000209f  GROUP0_IRQHandler             
00002bdd  GROUP1_IRQHandler             
00002cdb  HOSTexit                      
0000209f  HardFault_Handler             
00002bf1  HeadingControl_Init           
0000209f  I2C0_IRQHandler               
0000209f  I2C1_IRQHandler               
00001d39  Imu_CalibrateGyroBias         
00002ccd  Imu_GetRuntime                
000006dd  Imu_Init                      
00002c7d  Imu_ResetYaw                  
0000185d  Imu_Update                    
00002c2d  Key_GetEvent                  
000029dd  Key_Init                      
000015ad  Key_Update_20ms               
00002c89  Menu_GetPage                  
00002c95  Menu_GetParamItem             
0000254d  Menu_GetParamValue            
00001415  Menu_HandleKeyEvent           
00002c05  Menu_Init                     
00002b85  Menu_ParamItemToString        
000028cd  Motor_Init                    
00002651  Motor_PwmTick100us            
00001e01  Motor_SetSpeed                
00002a65  Motor_Stop                    
0000209f  NMI_Handler                   
00000c65  OLED_Clear                    
00001b95  OLED_Init                     
000024ef  OLED_PrintBinary7             
00001c69  OLED_PrintChar                
00001721  OLED_PrintInt16               
000029a9  OLED_PrintString              
00002975  OLED_SetCursor                
00002ca1  OledUi_Init                   
000000c1  OledUi_Update_20ms            
0000209f  PendSV_Handler                
0000209f  RTC_IRQHandler                
00002cdf  Reset_Handler                 
0000209f  SPI0_IRQHandler               
0000209f  SPI1_IRQHandler               
0000209f  SVC_Handler                   
00001eb1  SYSCFG_DL_GPIO_init           
000026e5  SYSCFG_DL_SYSCTL_init         
00002c3d  SYSCFG_DL_init                
00002a91  SYSCFG_DL_initPower           
00002765  SysTick_Handler               
0000209f  TIMA0_IRQHandler              
0000209f  TIMA1_IRQHandler              
0000209f  TIMG0_IRQHandler              
0000209f  TIMG12_IRQHandler             
0000209f  TIMG6_IRQHandler              
0000209f  TIMG7_IRQHandler              
0000209f  TIMG8_IRQHandler              
00002abd  TrackSensor_CountBlack        
0000293d  TrackSensor_DetectTurn        
00002425  TrackSensor_GetErrorFromRaw   
000022d3  TrackSensor_Init              
00002cb7  TrackSensor_IsCenterDetected  
00002cc1  TrackSensor_IsLineLost        
000025fd  TrackSensor_ReadRaw           
0000209f  UART0_IRQHandler              
0000209f  UART1_IRQHandler              
0000209f  UART2_IRQHandler              
0000209f  UART3_IRQHandler              
20208000  __STACK_END                   
00000200  __STACK_SIZE                  
00000000  __TI_ATRegion0_region_sz      
00000000  __TI_ATRegion0_src_addr       
00000000  __TI_ATRegion0_trg_addr       
00000000  __TI_ATRegion1_region_sz      
00000000  __TI_ATRegion1_src_addr       
00000000  __TI_ATRegion1_trg_addr       
00000000  __TI_ATRegion2_region_sz      
00000000  __TI_ATRegion2_src_addr       
00000000  __TI_ATRegion2_trg_addr       
00002f9c  __TI_CINIT_Base               
00002fa4  __TI_CINIT_Limit              
00002fa4  __TI_CINIT_Warm               
00002f98  __TI_Handler_Table_Base       
00002f9c  __TI_Handler_Table_Limit      
00002819  __TI_auto_init_nobinit_nopinit
ffffffff  __TI_pprof_out_hndl           
ffffffff  __TI_prof_data_size           
ffffffff  __TI_prof_data_start          
00000000  __TI_static_base__            
00002b9d  __TI_zero_init_nomemset       
00001ac7  __addsf3                      
00002905  __aeabi_f2iz                  
00001ac7  __aeabi_fadd                  
0000248d  __aeabi_fcmpeq                
000024c9  __aeabi_fcmpge                
000024dd  __aeabi_fcmpgt                
000024b5  __aeabi_fcmple                
000024a1  __aeabi_fcmplt                
00002251  __aeabi_fdiv                  
000021c5  __aeabi_fmul                  
00001abd  __aeabi_fsub                  
000027a1  __aeabi_i2f                   
000025a5  __aeabi_idiv                  
0000248b  __aeabi_idiv0                 
000025a5  __aeabi_idivmod               
000025fb  __aeabi_ldiv0                 
00002c19  __aeabi_ldivmod               
00002b35  __aeabi_llsl                  
00002b35  __ashldi3                     
ffffffff  __binit__                     
00002855  __cmpsf2                      
00002725  __divmoddi4                   
00002251  __divsf3                      
00002855  __eqsf2                       
00002905  __fixsfsi                     
000027a1  __floatsisf                   
000027dd  __gesf2                       
000027dd  __gtsf2                       
00002855  __lesf2                       
00002855  __ltsf2                       
UNDEFED   __mpu_init                    
00002891  __muldsi3                     
000021c5  __mulsf3                      
00002855  __nesf2                       
20207e00  __stack                       
20200000  __start___llvm_prf_bits       
20200000  __start___llvm_prf_cnts       
20200000  __stop___llvm_prf_bits        
20200000  __stop___llvm_prf_cnts        
00001abd  __subsf3                      
00001ffd  __udivmoddi4                  
00002ae9  _c_int00_noargs               
UNDEFED   _system_post_cinit            
00002ce3  _system_pre_init              
00002cd5  abort                         
ffffffff  binit                         
20200000  g_appConfig                   
20200070  g_appRuntime                  
202000c8  g_carStateDebug               
2020008c  g_headingRuntime              
20200048  g_imuRuntime                  
202000c9  g_keyEvent                    
202000ca  g_oledPageDebug               
202000cb  g_paramItemDebug              
202000cc  g_trackBlackCount             
202000b2  g_trackError                  
202000cd  g_trackModeDebug              
202000ce  g_trackRaw                    
202000cf  g_trackTurnDebug              
00000000  interruptVectors              
000023b9  main                          


GLOBAL SYMBOLS: SORTED BY Symbol Address 

address   name                          
-------   ----                          
00000000  __TI_ATRegion0_region_sz      
00000000  __TI_ATRegion0_src_addr       
00000000  __TI_ATRegion0_trg_addr       
00000000  __TI_ATRegion1_region_sz      
00000000  __TI_ATRegion1_src_addr       
00000000  __TI_ATRegion1_trg_addr       
00000000  __TI_ATRegion2_region_sz      
00000000  __TI_ATRegion2_src_addr       
00000000  __TI_ATRegion2_trg_addr       
00000000  __TI_static_base__            
00000000  interruptVectors              
000000c1  OledUi_Update_20ms            
00000200  __STACK_SIZE                  
000006dd  Imu_Init                      
000009b5  CarController_Update_20ms     
00000c65  OLED_Clear                    
00000eb9  AppConfig_LimitAll            
00001415  Menu_HandleKeyEvent           
000015ad  Key_Update_20ms               
00001721  OLED_PrintInt16               
0000185d  Imu_Update                    
00001abd  __aeabi_fsub                  
00001abd  __subsf3                      
00001ac7  __addsf3                      
00001ac7  __aeabi_fadd                  
00001b95  OLED_Init                     
00001c69  OLED_PrintChar                
00001d39  Imu_CalibrateGyroBias         
00001e01  Motor_SetSpeed                
00001eb1  SYSCFG_DL_GPIO_init           
00001f59  App_Update_20ms               
00001ffd  __udivmoddi4                  
0000209f  ADC0_IRQHandler               
0000209f  ADC1_IRQHandler               
0000209f  AES_IRQHandler                
0000209f  CANFD0_IRQHandler             
0000209f  DAC0_IRQHandler               
0000209f  DMA_IRQHandler                
0000209f  Default_Handler               
0000209f  GROUP0_IRQHandler             
0000209f  HardFault_Handler             
0000209f  I2C0_IRQHandler               
0000209f  I2C1_IRQHandler               
0000209f  NMI_Handler                   
0000209f  PendSV_Handler                
0000209f  RTC_IRQHandler                
0000209f  SPI0_IRQHandler               
0000209f  SPI1_IRQHandler               
0000209f  SVC_Handler                   
0000209f  TIMA0_IRQHandler              
0000209f  TIMA1_IRQHandler              
0000209f  TIMG0_IRQHandler              
0000209f  TIMG12_IRQHandler             
0000209f  TIMG6_IRQHandler              
0000209f  TIMG7_IRQHandler              
0000209f  TIMG8_IRQHandler              
0000209f  UART0_IRQHandler              
0000209f  UART1_IRQHandler              
0000209f  UART2_IRQHandler              
0000209f  UART3_IRQHandler              
00002139  AppConfig_InitDefault         
000021c5  __aeabi_fmul                  
000021c5  __mulsf3                      
00002251  __aeabi_fdiv                  
00002251  __divsf3                      
000022d3  TrackSensor_Init              
0000234d  Encoder_HandleGpioInterrupt   
000023b9  main                          
00002425  TrackSensor_GetErrorFromRaw   
0000248b  __aeabi_idiv0                 
0000248d  __aeabi_fcmpeq                
000024a1  __aeabi_fcmplt                
000024b5  __aeabi_fcmple                
000024c9  __aeabi_fcmpge                
000024dd  __aeabi_fcmpgt                
000024ef  OLED_PrintBinary7             
0000254d  Menu_GetParamValue            
000025a5  __aeabi_idiv                  
000025a5  __aeabi_idivmod               
000025fb  __aeabi_ldiv0                 
000025fd  TrackSensor_ReadRaw           
00002651  Motor_PwmTick100us            
000026a1  App_Init                      
000026e5  SYSCFG_DL_SYSCTL_init         
00002725  __divmoddi4                   
00002765  SysTick_Handler               
000027a1  __aeabi_i2f                   
000027a1  __floatsisf                   
000027dd  __gesf2                       
000027dd  __gtsf2                       
00002819  __TI_auto_init_nobinit_nopinit
00002855  __cmpsf2                      
00002855  __eqsf2                       
00002855  __lesf2                       
00002855  __ltsf2                       
00002855  __nesf2                       
00002891  __muldsi3                     
000028cd  Motor_Init                    
00002905  __aeabi_f2iz                  
00002905  __fixsfsi                     
0000293d  TrackSensor_DetectTurn        
00002975  OLED_SetCursor                
000029a9  OLED_PrintString              
000029dd  Key_Init                      
00002a0d  CarController_Init            
00002a39  CarController_ResetRuntime    
00002a65  Motor_Stop                    
00002a91  SYSCFG_DL_initPower           
00002abd  TrackSensor_CountBlack        
00002ae9  _c_int00_noargs               
00002b11  Encoder_Reset                 
00002b35  __aeabi_llsl                  
00002b35  __ashldi3                     
00002b55  CarController_RunModeToString 
00002b6d  CarState_ToString             
00002b85  Menu_ParamItemToString        
00002b9d  __TI_zero_init_nomemset       
00002bb5  AppConfig_DecreaseTargetLap   
00002bc9  AppConfig_IncreaseTargetLap   
00002bdd  GROUP1_IRQHandler             
00002bf1  HeadingControl_Init           
00002c05  Menu_Init                     
00002c19  __aeabi_ldivmod               
00002c2d  Key_GetEvent                  
00002c3d  SYSCFG_DL_init                
00002c4d  CarController_GetRunMode      
00002c59  CarState_Get                  
00002c65  CarState_Init                 
00002c71  CarState_Set                  
00002c7d  Imu_ResetYaw                  
00002c89  Menu_GetPage                  
00002c95  Menu_GetParamItem             
00002ca1  OledUi_Init                   
00002cad  DL_Common_delayCycles         
00002cb7  TrackSensor_IsCenterDetected  
00002cc1  TrackSensor_IsLineLost        
00002ccd  Imu_GetRuntime                
00002cd5  abort                         
00002cda  C$$EXIT                       
00002cdb  HOSTexit                      
00002cdf  Reset_Handler                 
00002ce3  _system_pre_init              
00002f98  __TI_Handler_Table_Base       
00002f9c  __TI_CINIT_Base               
00002f9c  __TI_Handler_Table_Limit      
00002fa4  __TI_CINIT_Limit              
00002fa4  __TI_CINIT_Warm               
20200000  __start___llvm_prf_bits       
20200000  __start___llvm_prf_cnts       
20200000  __stop___llvm_prf_bits        
20200000  __stop___llvm_prf_cnts        
20200000  g_appConfig                   
20200048  g_imuRuntime                  
20200070  g_appRuntime                  
2020008c  g_headingRuntime              
202000b2  g_trackError                  
202000c8  g_carStateDebug               
202000c9  g_keyEvent                    
202000ca  g_oledPageDebug               
202000cb  g_paramItemDebug              
202000cc  g_trackBlackCount             
202000cd  g_trackModeDebug              
202000ce  g_trackRaw                    
202000cf  g_trackTurnDebug              
20207e00  __stack                       
20208000  __STACK_END                   
ffffffff  __TI_pprof_out_hndl           
ffffffff  __TI_prof_data_size           
ffffffff  __TI_prof_data_start          
ffffffff  __binit__                     
ffffffff  binit                         
UNDEFED   __mpu_init                    
UNDEFED   _system_post_cinit            

[173 symbols]
