******************************************************************************
            TI ARM Clang Linker PC v4.0.4                      
******************************************************************************
>> Linked Wed Jul 29 18:54:10 2026

OUTPUT FILE NAME:   <diansaikaishi.out>
ENTRY POINT SYMBOL: "_c_int00_noargs"  address: 00013135


MEMORY CONFIGURATION

         name            origin    length      used     unused   attr    fill
----------------------  --------  ---------  --------  --------  ----  --------
  FLASH                 00000000   00020000  000143e0  0000bc20  R  X
  SRAM                  20200000   00008000  00001685  0000697b  RW X
  BCR_CONFIG            41c00000   000000ff  00000000  000000ff  R   
  BSL_CONFIG            41c00100   00000080  00000000  00000080  R   


SEGMENT ALLOCATION MAP

run origin  load origin   length   init length attrs members
----------  ----------- ---------- ----------- ----- -------
00000000    00000000    000143e0   000143e0    r-x
  00000000    00000000    000000c0   000000c0    r-- .intvecs
  000000c0    000000c0    00013820   00013820    r-x .text
  000138e0    000138e0    00000ad0   00000ad0    r-- .rodata
  000143b0    000143b0    00000030   00000030    r-- .cinit
20200000    20200000    00001486   00000000    rw-
  20200000    20200000    0000147f   00000000    rw- .bss
  20201480    20201480    00000006   00000000    rw- .data
20207e00    20207e00    00000200   00000000    rw-
  20207e00    20207e00    00000200   00000000    rw- .stack


SECTION ALLOCATION MAP

 output                                  attributes/
section   page    origin      length       input sections
--------  ----  ----------  ----------   ----------------
.intvecs   0    00000000    000000c0     
                  00000000    000000c0     startup_mspm0g350x_ticlang.o (.intvecs)

.text      0    000000c0    00013820     
                  000000c0    00002854     oled_ui.o (.text.OledUi_Update_20ms)
                  00002914    00001fbc     app.o (.text.app_remote_dispatch_tokens)
                  000048d0    00001dd4     vision_tuning_console.o (.text.VisionTuningConsole_Process)
                  000066a4    00000d84     app.o (.text.App_Update_20ms)
                  00007428    00000d28     app.o (.text.app_remote_update_result)
                  00008150    00000648     app_config.o (.text.AppConfig_LimitAll)
                  00008798    00000524     line_controller.o (.text.LineController_Update)
                  00008cbc    00000488     runtime_snapshot.o (.text.RuntimeSnapshot_Update)
                  00009144    0000044c     motor_control.o (.text.update_wheel)
                  00009590    0000042c     app.o (.text.app_remote_cancel_current_action)
                  000099bc    00000424     wheel_speed_estimator.o (.text.WheelSpeedEstimator_Update)
                  00009de0    000003e8     app.o (.text.app_remote_build_sequenced_response)
                  0000a1c8    000003e0     imu.o (.text.Imu_Update)
                  0000a5a8    000003b0     vision_receiver.o (.text.VisionReceiver_Process)
                  0000a958    000003b0     app.o (.text.app_remote_send_action_ack)
                  0000ad08    00000374     imu.o (.text.Imu_Init)
                  0000b07c    00000370     gimbal.o (.text.gimbal_update_feedback)
                  0000b3ec    00000310     vision_tuning_console.o (.text.append_scaled)
                  0000b6fc    000002f0     app.o (.text.app_remote_send)
                  0000b9ec    000002f0     imu.o (.text.mpu6050_read_regs)
                  0000bcdc    000002cc     car_controller.o (.text.handle_drive_distance)
                  0000bfa8    000002b0     motion_action.o (.text.MotionAction_Update_20ms)
                  0000c258    0000028c     motor_control.o (.text.MotorControl_Update)
                  0000c4e4    00000268     car_controller.o (.text.handle_turn_to_yaw)
                  0000c74c    00000250     menu.o (.text.menu_adjust_param)
                  0000c99c    00000230     imu.o (.text.Imu_CalibrateGyroBias)
                  0000cbcc    00000218     app_config.o (.text.AppConfig_InitDefault)
                  0000cde4    00000218     app.o (.text.app_remote_append_float_tenth)
                  0000cffc    00000214     motion_action.o (.text.MotionAction_Start)
                  0000d210    00000208     app.o (.text.app_remote_send_sequence_error)
                  0000d418    00000204     motor.o (.text.Motor_SetSpeed)
                  0000d61c    000001f4     vision_protocol.o (.text.VisionProtocol_ParseV1TargetFrame)
                  0000d810    000001ec     bluetooth_uart.o (.text.BluetoothUart_TryWriteBuffer)
                  0000d9fc    000001e8     motor_control.o (.text.config_is_valid)
                  0000dbe4    000001e4     mission_library.o (.text.MissionLibrary_Validate)
                  0000ddc8    000001cc     imu.o (.text.imu_i2c_write_byte)
                  0000df94    000001cc     oled_ui.o (.text.print_status_page)
                  0000e160    000001b8     oled.o (.text.oled_i2c_write_byte)
                  0000e318    000001a0     ultrasonic.o (.text.Ultrasonic_Tick100us)
                  0000e4b8    0000019c     car_controller.o (.text.CarController_StartDriveDistanceAtYaw)
                  0000e654    00000190     car_controller.o (.text.CarController_Update_20ms)
                  0000e7e4    00000174     key.o (.text.Key_Update_20ms)
                  0000e958    00000170     oled.o (.text.OLED_FlushPage)
                  0000eac8    0000016c     oled.o (.text.OLED_PrintInt16)
                  0000ec34    00000158     vision_tuning_console.o (.text.send_parameter_reply)
                  0000ed8c    00000158     vision_tuning_console.o (.text.send_yaw_parameter_reply)
                  0000eee4    0000014c     app.o (.text.App_Init)
                  0000f030    0000014c     bluetooth_uart.o (.text.BluetoothUart_Process)
                  0000f17c    00000140     menu.o (.text.Menu_HandleKeyEvent)
                  0000f2bc    0000012c     imu.o (.text.imu_i2c_recover_bus)
                  0000f3e8    00000128     line_controller.o (.text.LineController_Reset)
                  0000f510    00000124     oled.o (.text.OLED_Init)
                  0000f634    00000124     vision_tuning_console.o (.text.send_simple_reply)
                  0000f758    0000011c     car_controller.o (.text.handle_drive_heading)
                  0000f874    0000010c     line_controller.o (.text.LineController_ResetControlState)
                  0000f980    0000010c     car_controller.o (.text.handle_follow_line)
                  0000fa8c    00000104     driverlib.a : dl_timer.o (.text.DL_Timer_initFourCCPWMMode)
                  0000fb90    00000104     line_controller.o (.text.LineController_Init)
                  0000fc94    00000104     mission_manager.o (.text.MissionManager_Update_20ms)
                  0000fd98    00000100     motor_control.o (.text.MotorControl_SetNormalizedTarget)
                  0000fe98    000000fc     app.o (.text.app_remote_handle_turn)
                  0000ff94    000000f4     mission_manager.o (.text.MissionManager_SelectNext)
                  00010088    000000ec     heading_control.o (.text.HeadingControl_Update)
                  00010174    000000e8     obstacle_safety.o (.text.ObstacleSafety_Update_20ms)
                  0001025c    000000e8     vision_protocol.o (.text.fields_are_valid)
                  00010344    000000e4     bluetooth_uart.o (.text.UART1_IRQHandler)
                  00010428    000000e0     mission_manager.o (.text.MissionManager_SelectPrevious)
                  00010508    000000e0     wheel_speed_estimator.o (.text.WheelSpeedEstimator_Init)
                  000105e8    000000e0     empty.o (.text.main)
                  000106c8    000000dc     ti_msp_dl_config.o (.text.SYSCFG_DL_GPIO_init)
                  000107a4    000000d8     oled.o (.text.OLED_PrintUInt16)
                  0001087c    000000d8     libclang_rt.builtins.a : addsf3.S.obj (.text)
                  00010954    000000d4     car_controller.o (.text.CarController_StartDriveDistance)
                  00010a28    000000d0     app.o (.text.app_remote_start_action)
                  00010af8    000000c8     fault.o (.text.FaultCode_ToShortString)
                  00010bc0    000000c0     angle_utils.o (.text.Angle_Normalize180)
                  00010c80    000000c0     app.o (.text.app_remote_send_action_result)
                  00010d40    000000bc     car_controller.o (.text.CarController_ResetRuntime)
                  00010dfc    000000bc     menu.o (.text.Menu_GetParamValue)
                  00010eb8    000000b4     mission_manager.o (.text.MissionManager_StartTransientAction)
                  00010f6c    000000ac     app.o (.text.App_ResetToReady)
                  00011018    000000a4     encoder.o (.text.Encoder_HandleGpioInterrupt)
                  000110bc    000000a2     libclang_rt.builtins.a : udivmoddi4.S.obj (.text)
                  0001115e    00000002     startup_mspm0g350x_ticlang.o (.text.Default_Handler)
                  00011160    000000a0     car_controller.o (.text.drive_distance_high_decel_zone_cm)
                  00011200    0000009c     obstacle_monitor.o (.text.ObstacleMonitor_Update_20ms)
                  0001129c    0000009a     libc.a : memcpy16.S.obj (.text:memcpy)
                  00011336    00000002     obstacle_avoidance.o (.text.ObstacleAvoidance_Update_20ms)
                  00011338    00000098     bluetooth_uart.o (.text.BluetoothUart_Init)
                  000113d0    00000098     imu.o (.text.mpu6050_write_reg)
                  00011468    00000094     car_controller.o (.text.CarController_StartTurnToYawRelative)
                  000114fc    00000090     car_controller.o (.text.CarController_ResetTransientState)
                  0001158c    0000008c     ti_msp_dl_config.o (.text.SYSCFG_DL_PWM_MOTOR_init)
                  00011618    0000008c     ti_msp_dl_config.o (.text.SYSCFG_DL_UART_BLUETOOTH_init)
                  000116a4    0000008c     libclang_rt.builtins.a : mulsf3.S.obj (.text.__mulsf3)
                  00011730    0000008c     car_controller.o (.text.heading_imu_wait_or_fail)
                  000117bc    00000004     libsysbm.a : hostexit.c.obj (.text.HOSTexit)
                  000117c0    00000088     libc.a : strcmp-armv6m.S.obj (.text:strcmp)
                  00011848    00000084     car_controller.o (.text.CarController_SetSafetyHold)
                  000118cc    00000084     motor.o (.text.Motor_Init)
                  00011950    00000082     libclang_rt.builtins.a : divsf3.S.obj (.text.__divsf3)
                  000119d2    00000002     track_sensor.o (.text.TrackSensor_Init)
                  000119d4    00000080     car_controller.o (.text.CarController_StartDriveHeading)
                  00011a54    00000080     motor.o (.text.Motor_Stop)
                  00011ad4    0000007c     vision_pitch_tuning.o (.text.VisionPitchTuning_Set)
                  00011b50    0000007c     libc.a : copy_decompress_lzss.c.obj (.text:decompress:lzss)
                  00011bcc    00000078     empty.o (.text.SysTick_Handler)
                  00011c44    00000078     oled.o (.text.oled_write_command)
                  00011cbc    00000074     motor_control.o (.text.latch_control_error)
                  00011d30    00000070     ti_msp_dl_config.o (.text.SYSCFG_DL_UART_VISION_init)
                  00011da0    00000070     vision_yaw_tuning.o (.text.VisionYawTuning_Set)
                  00011e10    0000006e     track_sensor.o (.text.TrackSensor_DetectTurn)
                  00011e7e    00000002     libclang_rt.builtins.a : aeabi_div0.c.obj (.text.__aeabi_idiv0)
                  00011e80    00000068     mission_manager.o (.text.MissionManager_GetSelectedMissionIndex)
                  00011ee8    00000068     car_controller.o (.text.set_output_speed)
                  00011f50    00000066     track_sensor.o (.text.TrackSensor_GetErrorFromRaw)
                  00011fb6    00000002     libclang_rt.builtins.a : aeabi_div0.c.obj (.text.__aeabi_ldiv0)
                  00011fb8    00000062                            : aeabi_fcmp.S.obj (.text.__aeabi_fcmp)
                  0001201a    00000062     libc.a : memset16.S.obj (.text:memset)
                  0001207c    00000060     vision_tuning_console.o (.text.VisionTuningConsole_Init)
                  000120dc    00000060     libclang_rt.builtins.a : fixsfdi.S.obj (.text.__fixsfdi)
                  0001213c    0000005c     magnet.o (.text.Magnet_Set)
                  00012198    0000005c     mission_manager.o (.text.MissionManager_Start)
                  000121f4    0000005c     vision_uart.o (.text.UART3_IRQHandler)
                  00012250    0000005c     ultrasonic.o (.text.Ultrasonic_Update_20ms)
                  000122ac    0000005c     car_controller.o (.text.speed_cmps_to_normalized_command)
                  00012308    00000058     oled.o (.text.OLED_PrintChar)
                  00012360    00000058     motion_action.o (.text.motion_action_start_imu_controller)
                  000123b8    00000056     libclang_rt.builtins.a : aeabi_idivmod.S.obj (.text.__aeabi_idivmod)
                  0001240e    00000002     --HOLE-- [fill = 0]
                  00012410    00000054     car_controller.o (.text.CarController_Stop)
                  00012464    00000054     track_sensor.o (.text.TrackSensor_ReadRaw)
                  000124b8    00000054     watchdog_monitor.o (.text.WatchdogMonitor_ApplyFaultIfNeeded)
                  0001250c    00000054     app.o (.text.app_remote_parse_gear)
                  00012560    00000050     mission_manager.o (.text.MissionManager_Init)
                  000125b0    00000050     ultrasonic.o (.text.Ultrasonic_Init)
                  00012600    00000050     watchdog_monitor.o (.text.WatchdogMonitor_Tick1msFromIsr)
                  00012650    0000004e     libclang_rt.builtins.a : floatdisf.S.obj (.text.__floatdisf)
                  0001269e    00000002     --HOLE-- [fill = 0]
                  000126a0    0000004c     motor_control.o (.text.MotorControl_Stop)
                  000126ec    00000048     driverlib.a : dl_uart.o (.text.DL_UART_init)
                  00012734    00000048     ti_msp_dl_config.o (.text.SYSCFG_DL_initPower)
                  0001277c    00000044     emergency_stop.o (.text.EmergencyStop_Reset)
                  000127c0    00000044     encoder.o (.text.Encoder_GetAndClearPulseDeltas)
                  00012804    00000044     imu.o (.text.Imu_ResetYaw)
                  00012848    00000044     servo.o (.text.Servo_Tick100us)
                  0001288c    00000040     car_controller.o (.text.CarController_StartFollowLine)
                  000128cc    00000040     fault.o (.text.Fault_Raise)
                  0001290c    00000040     mission_manager.o (.text.MissionManager_Cancel)
                  0001294c    00000040     ti_msp_dl_config.o (.text.SYSCFG_DL_SYSCTL_init)
                  0001298c    00000040     vision_receiver.o (.text.VisionReceiver_PushByteFromIsr)
                  000129cc    00000040     libclang_rt.builtins.a : aeabi_uidivmod.S.obj (.text.__aeabi_uidivmod)
                  00012a0c    0000003e                            : divmoddi4.c.obj (.text.__divmoddi4)
                  00012a4a    00000002     --HOLE-- [fill = 0]
                  00012a4c    0000003c     mission_manager.o (.text.MissionManager_Reset)
                  00012a88    0000003c     servo.o (.text.Servo_SetAngleDeg)
                  00012ac4    0000003c     vision_tuning_console.o (.text.VisionTuningConsole_PushByteFromIsr)
                  00012b00    0000003c     libclang_rt.builtins.a : floatsisf.S.obj (.text.__floatsisf)
                  00012b3c    0000003c                            : comparesf2.S.obj (.text.__gtsf2)
                  00012b78    0000003c     libc.a : autoinit.c.obj (.text:__TI_auto_init_nobinit_nopinit)
                  00012bb4    0000003a     libclang_rt.builtins.a : comparesf2.S.obj (.text.__eqsf2)
                  00012bee    00000002     --HOLE-- [fill = 0]
                  00012bf0    0000003a                            : muldsi3.S.obj (.text.__muldsi3)
                  00012c2a    00000002     --HOLE-- [fill = 0]
                  00012c2c    00000038     emergency_stop.o (.text.EmergencyStop_Trigger)
                  00012c64    00000038     vision_receiver.o (.text.VisionReceiver_Init)
                  00012c9c    00000038     libclang_rt.builtins.a : fixsfsi.S.obj (.text.__fixsfsi)
                  00012cd4    00000036     bluetooth_uart.o (.text.BluetoothUart_TryWriteString)
                  00012d0a    00000002     --HOLE-- [fill = 0]
                  00012d0c    00000034     bluetooth_uart.o (.text.BluetoothUart_TryReadByte)
                  00012d40    00000034     imu.o (.text.Imu_IsReady)
                  00012d74    00000034     mission_library.o (.text.MissionLibrary_FindById)
                  00012da8    00000034     vision_tuning_console.o (.text.VisionTuningConsole_TryPopTxByte)
                  00012ddc    00000034     vision_uart.o (.text.VisionUart_Process)
                  00012e10    00000032     oled.o (.text.OLED_PrintString)
                  00012e42    00000002     --HOLE-- [fill = 0]
                  00012e44    00000032     libclang_rt.builtins.a : fixunssfsi.S.obj (.text.__fixunssfsi)
                  00012e76    00000002     --HOLE-- [fill = 0]
                  00012e78    00000030     key.o (.text.Key_Init)
                  00012ea8    00000030     line_controller.o (.text.LineController_ObserveSensors)
                  00012ed8    00000030     mission_manager.o (.text.MissionManager_Resume)
                  00012f08    00000030     vision_pitch_tuning.o (.text.VisionPitchTuning_RestoreDefault)
                  00012f38    00000030     watchdog_monitor.o (.text.WatchdogMonitor_Init)
                  00012f68    00000030     watchdog_monitor.o (.text.WatchdogMonitor_Reset)
                  00012f98    0000002c     encoder.o (.text.Encoder_Reset)
                  00012fc4    0000002c     track_sensor.o (.text.TrackSensor_CountBlack)
                  00012ff0    0000002c     vision_yaw_tuning.o (.text.VisionYawTuning_RestoreDefault)
                  0001301c    00000028     emergency_stop.o (.text.EmergencyStop_Enforce)
                  00013044    00000028     magnet.o (.text.Magnet_ForceOff)
                  0001306c    00000028     ti_msp_dl_config.o (.text.SYSCFG_DL_init)
                  00013094    00000028     servo.o (.text.Servo_Init)
                  000130bc    00000028     vision_pitch_tuning.o (.text.VisionPitchTuning_Init)
                  000130e4    00000028     libclang_rt.builtins.a : floatunsisf.S.obj (.text.__floatunsisf)
                  0001310c    00000028     libc.a : memmov.c.obj (.text.memmove)
                  00013134    00000028            : boot_cortex_m.c.obj (.text:_c_int00_noargs)
                  0001315c    00000024     mission_manager.o (.text.MissionManager_ReportExternalFailure)
                  00013180    00000024     motor_control.o (.text.MotorControl_Init)
                  000131a4    00000024     motor_control.o (.text.MotorControl_Reset)
                  000131c8    00000024     oled.o (.text.OLED_ClearBuffer)
                  000131ec    00000024     vision_yaw_tuning.o (.text.VisionYawTuning_Init)
                  00013210    00000024     libclang_rt.builtins.a : muldi3.S.obj (.text.__muldi3)
                  00013234    00000020     driverlib.a : dl_timer.o (.text.DL_Timer_overrideCCPOut)
                  00013254    00000020     debug_telemetry.o (.text.DebugTelemetry_Update)
                  00013274    00000020     magnet.o (.text.Magnet_Init)
                  00013294    00000020     mission_manager.o (.text.MissionManager_Pause)
                  000132b4    00000020     oled.o (.text.OLED_SetCursor)
                  000132d4    00000020     empty.o (.text.SchedulerMonitor_GetStats)
                  000132f4    00000020     libc.a : memcmp.c.obj (.text.memcmp)
                  00013314    00000020     mission_manager.o (.text.mission_finish_error)
                  00013334    0000001e     libclang_rt.builtins.a : ashldi3.S.obj (.text.__ashldi3)
                  00013352    00000002     --HOLE-- [fill = 0]
                  00013354    0000001c     driverlib.a : dl_timer.o (.text.DL_Timer_setCaptCompUpdateMethod)
                  00013370    0000001c                 : dl_timer.o (.text.DL_Timer_setClockConfig)
                  0001338c    0000001c     heading_control.o (.text.HeadingControl_SetTargetYaw)
                  000133a8    0000001c     menu.o (.text.Menu_Init)
                  000133c4    0000001c     motion_action.o (.text.MotionAction_Cancel)
                  000133e0    0000001c     obstacle_monitor.o (.text.ObstacleMonitor_Init)
                  000133fc    0000001c     obstacle_safety.o (.text.ObstacleSafety_Init)
                  00013418    0000001c     vision_pitch_tuning.o (.text.VisionPitchTuning_ParamName)
                  00013434    0000001c     vision_yaw_tuning.o (.text.VisionYawTuning_GetSnapshot)
                  00013450    0000001c     vision_yaw_tuning.o (.text.VisionYawTuning_ParamName)
                  0001346c    0000001c     watchdog_monitor.o (.text.WatchdogMonitor_NotifyControlCycleComplete)
                  00013488    0000001c     mission_manager.o (.text.mission_finish_success)
                  000134a4    00000018     car_controller.o (.text.CarController_RunModeToString)
                  000134bc    00000018     car_state.o (.text.CarState_ToString)
                  000134d4    00000018     driverlib.a : dl_timer.o (.text.DL_Timer_setCaptureCompareOutCtl)
                  000134ec    00000018     debug_telemetry.o (.text.DebugTelemetry_Init)
                  00013504    00000018     heading_control.o (.text.HeadingControl_Init)
                  0001351c    00000018     heading_control.o (.text.HeadingControl_Reset)
                  00013534    00000018     menu.o (.text.Menu_ParamItemToString)
                  0001354c    00000018     motion_action.o (.text.MotionAction_Init)
                  00013564    00000018     obstacle_avoidance.o (.text.ObstacleAvoidance_Init)
                  0001357c    00000018     runtime_snapshot.o (.text.RuntimeSnapshot_Init)
                  00013594    00000016     libclang_rt.builtins.a : comparesf2.S.obj (.text.__unordsf2)
                  000135aa    00000002     --HOLE-- [fill = 0]
                  000135ac    00000014     fault.o (.text.Fault_Clear)
                  000135c0    00000014     fault.o (.text.Fault_Init)
                  000135d4    00000014     empty.o (.text.GROUP1_IRQHandler)
                  000135e8    00000014     heading_control.o (.text.HeadingControl_Enable)
                  000135fc    00000014     mission_library.o (.text.MissionLibrary_GetByIndex)
                  00013610    00000014     mission_manager.o (.text.MissionManager_GetSelectedMissionId)
                  00013624    00000014     vision_pitch_tuning.o (.text.VisionPitchTuning_GetSnapshot)
                  00013638    00000014     vision_uart.o (.text.VisionUart_Init)
                  0001364c    00000014     libclang_rt.builtins.a : aeabi_ldivmod.S.obj (.text.__aeabi_ldivmod)
                  00013660    00000014                            : aeabi_uldivmod.S.obj (.text.__aeabi_uldivmod)
                  00013674    00000012     driverlib.a : dl_uart.o (.text.DL_UART_setClockConfig)
                  00013686    00000012     libc.a : copy_decompress_none.c.obj (.text:decompress:none)
                  00013698    00000010     driverlib.a : dl_timer.o (.text.DL_Timer_setCaptureCompareValue)
                  000136a8    00000010     gimbal.o (.text.Gimbal_YawGetFeedback)
                  000136b8    00000010     key.o (.text.Key_GetEvent)
                  000136c8    00000010     libc.a : copy_zero_init.c.obj (.text:decompress:ZI)
                  000136d8    0000000c     car_controller.o (.text.CarController_GetRunMode)
                  000136e4    0000000c     car_controller.o (.text.CarController_Init)
                  000136f0    0000000c     car_controller.o (.text.CarController_IsSafetyHoldActive)
                  000136fc    0000000c     car_state.o (.text.CarState_Get)
                  00013708    0000000c     car_state.o (.text.CarState_Init)
                  00013714    0000000c     car_state.o (.text.CarState_Set)
                  00013720    0000000c     emergency_stop.o (.text.EmergencyStop_Init)
                  0001372c    0000000c     emergency_stop.o (.text.EmergencyStop_IsActive)
                  00013738    0000000c     imu.o (.text.Imu_GetCorrectedGyroZDps)
                  00013744    0000000c     imu.o (.text.Imu_GetYaw)
                  00013750    0000000c     magnet.o (.text.Magnet_IsOn)
                  0001375c    0000000c     menu.o (.text.Menu_GetPage)
                  00013768    0000000c     menu.o (.text.Menu_GetParamItem)
                  00013774    0000000c     mission_manager.o (.text.MissionManager_IsExternallyHeld)
                  00013780    0000000c     mission_manager.o (.text.MissionManager_IsTransientAction)
                  0001378c    0000000c     mission_manager.o (.text.MissionManager_SetExternalHold)
                  00013798    0000000c     obstacle_avoidance.o (.text.ObstacleAvoidance_IsActive)
                  000137a4    0000000c     obstacle_avoidance.o (.text.ObstacleAvoidance_IsFailed)
                  000137b0    0000000c     obstacle_safety.o (.text.ObstacleSafety_IsHolding)
                  000137bc    0000000c     empty.o (.text.SystemTime_GetMs)
                  000137c8    0000000c     watchdog_monitor.o (.text.WatchdogMonitor_HasTripped)
                  000137d4    0000000c     libclang_rt.builtins.a : aeabi_memset.S.obj (.text.__aeabi_memclr)
                  000137e0    0000000a     driverlib.a : dl_common.o (.text.DL_Common_delayCycles)
                  000137ea    0000000a     track_sensor.o (.text.TrackSensor_IsCenterDetected)
                  000137f4    0000000a     track_sensor.o (.text.TrackSensor_IsLineDetected)
                  000137fe    0000000a     track_sensor.o (.text.TrackSensor_IsLineLost)
                  00013808    00000008     bluetooth_uart.o (.text.BluetoothUart_GetRuntime)
                  00013810    00000008     car_controller.o (.text.CarController_GetFeedback)
                  00013818    00000008     fault.o (.text.Fault_GetRecord)
                  00013820    00000008     gimbal_stepper.o (.text.GimbalStepper_GetFeedback)
                  00013828    00000008     heading_control.o (.text.HeadingControl_GetRuntime)
                  00013830    00000008     imu.o (.text.Imu_GetRuntime)
                  00013838    00000008     line_controller.o (.text.LineController_GetRuntime)
                  00013840    00000008     mission_manager.o (.text.MissionManager_GetMissionCount)
                  00013848    00000008     mission_manager.o (.text.MissionManager_GetRuntime)
                  00013850    00000008     motion_action.o (.text.MotionAction_GetRuntime)
                  00013858    00000008     motor_control.o (.text.MotorControl_GetRuntime)
                  00013860    00000008     obstacle_avoidance.o (.text.ObstacleAvoidance_GetFeedback)
                  00013868    00000008     obstacle_monitor.o (.text.ObstacleMonitor_GetFeedback)
                  00013870    00000008     oled_ui.o (.text.OledUi_Init)
                  00013878    00000008     runtime_snapshot.o (.text.RuntimeSnapshot_Get)
                  00013880    00000008     servo.o (.text.Servo_GetFeedback)
                  00013888    00000008     ultrasonic.o (.text.Ultrasonic_GetFeedback)
                  00013890    00000008     vision_receiver.o (.text.VisionReceiver_GetStatus)
                  00013898    00000008     vision_tuning_console.o (.text.VisionTuningConsole_GetStatus)
                  000138a0    00000008     watchdog_monitor.o (.text.WatchdogMonitor_GetStatus)
                  000138a8    00000008     wheel_speed_estimator.o (.text.WheelSpeedEstimator_GetRuntime)
                  000138b0    00000008     libclang_rt.builtins.a : aeabi_memcpy.S.obj (.text.__aeabi_memcpy)
                  000138b8    00000008                            : aeabi_memmove.S.obj (.text.__aeabi_memmove)
                  000138c0    00000006     libc.a : exit.c.obj (.text:abort)
                  000138c6    00000004     mission_library.o (.text.MissionLibrary_GetCount)
                  000138ca    00000004     obstacle_avoidance.o (.text.ObstacleAvoidance_IsResumeGraceActive)
                  000138ce    00000004     startup_mspm0g350x_ticlang.o (.text.Reset_Handler)
                  000138d2    00000004     libc.a : pre_init.c.obj (.text._system_pre_init)
                  000138d6    0000000a     --HOLE-- [fill = 0]

.cinit     0    000143b0    00000030     
                  000143b0    0000000c     (__TI_handler_table)
                  000143bc    00000008     (.cinit..bss.load) [load image, compression = zero_init]
                  000143c4    00000008     (.cinit..data.load) [load image, compression = lzss]
                  000143cc    00000010     (__TI_cinit_table)
                  000143dc    00000004     --HOLE-- [fill = 0]

.rodata    0    000138e0    00000ad0     
                  000138e0    000000d8     oled.o (.rodata..Lswitch.table.OLED_PrintChar)
                  000139b8    00000048     mission_library.o (.rodata.g_missionCompetitionMain)
                  00013a00    00000048     mission_library.o (.rodata.g_missionTestDistance20)
                  00013a48    00000048     mission_library.o (.rodata.g_missionTestLine)
                  00013a90    00000048     mission_library.o (.rodata.g_missionTestTurn)
                  00013ad8    00000040     mission_library.o (.rodata.g_missionRegistry)
                  00013b18    0000002c     oled_ui.o (.rodata..Lswitch.table.print_status_page)
                  00013b44    00000028     car_controller.o (.rodata..Lswitch.table.CarController_RunModeToString)
                  00013b6c    00000020     menu.o (.rodata..Lswitch.table.Menu_ParamItemToString)
                  00013b8c    0000001c     oled_ui.o (.rodata..Lswitch.table.OledUi_Update_20ms.120)
                  00013ba8    0000001c     vision_tuning_console.o (.rodata.str1.1836208005852235077.1)
                  00013bc4    00000018     car_state.o (.rodata..Lswitch.table.CarState_ToString)
                  00013bdc    00000018     vision_pitch_tuning.o (.rodata..Lswitch.table.VisionPitchTuning_ParamName)
                  00013bf4    00000018     oled_ui.o (.rodata..Lswitch.table.print_status_page.121)
                  00013c0c    00000018     app.o (.rodata.str1.3994855026183401623.1)
                  00013c24    00000016     app.o (.rodata.str1.10370861725203452414.1)
                  00013c3a    00000016     app.o (.rodata.str1.16363875852440222089.1)
                  00013c50    00000015     app.o (.rodata.str1.12363847334704989178.1)
                  00013c65    00000015     app.o (.rodata.str1.1944712146988729081.1)
                  00013c7a    00000002     ti_msp_dl_config.o (.rodata.gUART_BLUETOOTHClockConfig)
                  00013c7c    00000014     vision_yaw_tuning.o (.rodata..Lswitch.table.VisionYawTuning_ParamName)
                  00013c90    00000014     app.o (.rodata..Lswitch.table.app_remote_dispatch_tokens.92)
                  00013ca4    00000014     oled_ui.o (.rodata..Lswitch.table.print_status_page.122)
                  00013cb8    00000014     app.o (.rodata.str1.1428064158287234977.1)
                  00013ccc    00000013     app.o (.rodata.str1.10678445697442035063.1)
                  00013cdf    00000012     app.o (.rodata.str1.17399001118936924778.1)
                  00013cf1    00000012     app.o (.rodata.str1.4569028545979382413.1)
                  00013d03    00000012     app.o (.rodata.str1.7256834521257261525.1)
                  00013d15    00000011     app.o (.rodata.str1.10201341428208791189.1)
                  00013d26    00000011     app.o (.rodata.str1.16027775433168351399.1)
                  00013d37    00000011     app.o (.rodata.str1.2540114484728192048.1)
                  00013d48    00000011     app.o (.rodata.str1.2865839870395542595.1)
                  00013d59    00000011     app.o (.rodata.str1.5697808172495890429.1)
                  00013d6a    00000011     app.o (.rodata.str1.6838489472292434579.1)
                  00013d7b    00000010     app.o (.rodata.str1.11016788133198141870.1)
                  00013d8b    00000010     app.o (.rodata.str1.12846834802551182568.1)
                  00013d9b    00000010     app.o (.rodata.str1.6257995686053783187.1)
                  00013dab    0000000e     oled_ui.o (.rodata.str1.10416366799939242409.1)
                  00013db9    0000000e     app.o (.rodata.str1.10444262525283912398.1)
                  00013dc7    0000000d     app.o (.rodata.str1.11879963978103418143.1)
                  00013dd4    0000000d     app.o (.rodata.str1.5602021903949372904.1)
                  00013de1    00000003     ti_msp_dl_config.o (.rodata.gPWM_MOTORClockConfig)
                  00013de4    0000000c     oled_ui.o (.rodata..Lswitch.table.OledUi_Update_20ms)
                  00013df0    0000000c     app.o (.rodata..Lswitch.table.app_remote_dispatch_tokens)
                  00013dfc    0000000c     app.o (.rodata.str1.15213098692428571688.1)
                  00013e08    0000000c     app.o (.rodata.str1.16810183106006904764.1)
                  00013e14    0000000c     app.o (.rodata.str1.300513063366140995.1)
                  00013e20    0000000c     app.o (.rodata.str1.8821673477993256101.1)
                  00013e2c    0000000c     app.o (.rodata.str1.9736592238987147851.1)
                  00013e38    0000000b     oled_ui.o (.rodata.str1.13882251010780863896.1)
                  00013e43    0000000b     app.o (.rodata.str1.13935281678674483141.1)
                  00013e4e    0000000b     app.o (.rodata.str1.16907334182888988062.1)
                  00013e59    00000001     --HOLE-- [fill = 0]
                  00013e5a    0000000a     ti_msp_dl_config.o (.rodata.gUART_BLUETOOTHConfig)
                  00013e64    0000000a     ti_msp_dl_config.o (.rodata.gUART_VISIONConfig)
                  00013e6e    0000000a     oled_ui.o (.rodata.str1.10077435089618835710.1)
                  00013e78    0000000a     mission_library.o (.rodata.str1.13636476544574750902.1)
                  00013e82    0000000a     mission_library.o (.rodata.str1.15668266851434757964.1)
                  00013e8c    0000000a     oled_ui.o (.rodata.str1.17540787658903907660.1)
                  00013e96    0000000a     mission_library.o (.rodata.str1.199678142196697465.1)
                  00013ea0    0000000a     vision_tuning_console.o (.rodata.str1.4859846923128959820.1)
                  00013eaa    0000000a     vision_tuning_console.o (.rodata.str1.7225688704195888286.1)
                  00013eb4    00000009     oled_ui.o (.rodata.str1.15917848551323629232.1)
                  00013ebd    00000003     app.o (.rodata.str1.10250497020811341304.1)
                  00013ec0    00000008     ti_msp_dl_config.o (.rodata.gPWM_MOTORConfig)
                  00013ec8    00000008     vision_tuning_console.o (.rodata.str1.11718269490974306969.1)
                  00013ed0    00000008     oled_ui.o (.rodata.str1.130772507669342127.1)
                  00013ed8    00000008     oled_ui.o (.rodata.str1.16554583589798097927.1)
                  00013ee0    00000008     oled_ui.o (.rodata.str1.17464849429964608858.1)
                  00013ee8    00000008     vision_tuning_console.o (.rodata.str1.3293472937029561918.1)
                  00013ef0    00000008     oled_ui.o (.rodata.str1.9351772214919528733.1)
                  00013ef8    00000007     vision_tuning_console.o (.rodata.str1.10860306953068020798.1)
                  00013eff    00000007     app.o (.rodata.str1.11496703787469058505.1)
                  00013f06    00000007     app.o (.rodata.str1.11849843482968746561.1)
                  00013f0d    00000007     app.o (.rodata.str1.13047991517565047521.1)
                  00013f14    00000007     mission_library.o (.rodata.str1.1440970855772709381.1)
                  00013f1b    00000007     mission_manager.o (.rodata.str1.378057020374253378.1)
                  00013f22    00000007     app.o (.rodata.str1.4454204961402941108.1)
                  00013f29    00000007     oled_ui.o (.rodata.str1.4610220316623841660.1)
                  00013f30    00000007     app.o (.rodata.str1.6961527725762523919.1)
                  00013f37    00000006     oled_ui.o (.rodata.str1.1019225241002246410.1)
                  00013f3d    00000006     vision_tuning_console.o (.rodata.str1.10319329813075420582.1)
                  00013f43    00000006     oled_ui.o (.rodata.str1.11232419324784801130.1)
                  00013f49    00000006     app.o (.rodata.str1.13152753855131087754.1)
                  00013f4f    00000006     app.o (.rodata.str1.13595109925716521204.1)
                  00013f55    00000006     app.o (.rodata.str1.13719379709283632147.1)
                  00013f5b    00000006     oled_ui.o (.rodata.str1.13790669171379415506.1)
                  00013f61    00000006     oled_ui.o (.rodata.str1.1445687256832830955.1)
                  00013f67    00000006     app.o (.rodata.str1.15806209423872462041.1)
                  00013f6d    00000006     oled_ui.o (.rodata.str1.16411631209783952401.1)
                  00013f73    00000006     car_state.o (.rodata.str1.1675797584173499143.1)
                  00013f79    00000006     app.o (.rodata.str1.2636138999981784935.1)
                  00013f7f    00000006     vision_tuning_console.o (.rodata.str1.4028100529439820245.1)
                  00013f85    00000006     car_state.o (.rodata.str1.41590466491370331.1)
                  00013f8b    00000006     app.o (.rodata.str1.459633387597029752.1)
                  00013f91    00000006     oled_ui.o (.rodata.str1.5291836437463020264.1)
                  00013f97    00000006     car_controller.o (.rodata.str1.5475209154116713896.1)
                  00013f9d    00000006     oled_ui.o (.rodata.str1.5965888106848176421.1)
                  00013fa3    00000006     app.o (.rodata.str1.6842359452639101718.1)
                  00013fa9    00000006     oled_ui.o (.rodata.str1.7050595558965647569.1)
                  00013faf    00000006     app.o (.rodata.str1.7777424699149452427.1)
                  00013fb5    00000006     oled_ui.o (.rodata.str1.8783421139296713095.1)
                  00013fbb    00000006     app.o (.rodata.str1.8951131030274028623.1)
                  00013fc1    00000006     oled_ui.o (.rodata.str1.9544068167406571052.1)
                  00013fc7    00000006     oled_ui.o (.rodata.str1.9992244628984851027.1)
                  00013fcd    00000005     motion_action.o (.rodata..Lswitch.table.MotionAction_Update_20ms)
                  00013fd2    00000005     oled.o (.rodata.oled_get_glyph.colon)
                  00013fd7    00000005     oled.o (.rodata.oled_get_glyph.eight)
                  00013fdc    00000005     oled.o (.rodata.oled_get_glyph.five)
                  00013fe1    00000005     oled.o (.rodata.oled_get_glyph.four)
                  00013fe6    00000005     oled.o (.rodata.oled_get_glyph.glyphA)
                  00013feb    00000005     oled.o (.rodata.oled_get_glyph.glyphB)
                  00013ff0    00000005     oled.o (.rodata.oled_get_glyph.glyphC)
                  00013ff5    00000005     oled.o (.rodata.oled_get_glyph.glyphD)
                  00013ffa    00000005     oled.o (.rodata.oled_get_glyph.glyphE)
                  00013fff    00000005     oled.o (.rodata.oled_get_glyph.glyphF)
                  00014004    00000005     oled.o (.rodata.oled_get_glyph.glyphG)
                  00014009    00000005     oled.o (.rodata.oled_get_glyph.glyphH)
                  0001400e    00000005     oled.o (.rodata.oled_get_glyph.glyphI)
                  00014013    00000005     oled.o (.rodata.oled_get_glyph.glyphK)
                  00014018    00000005     oled.o (.rodata.oled_get_glyph.glyphL)
                  0001401d    00000005     oled.o (.rodata.oled_get_glyph.glyphM)
                  00014022    00000005     oled.o (.rodata.oled_get_glyph.glyphN)
                  00014027    00000005     oled.o (.rodata.oled_get_glyph.glyphO)
                  0001402c    00000005     oled.o (.rodata.oled_get_glyph.glyphP)
                  00014031    00000005     oled.o (.rodata.oled_get_glyph.glyphR)
                  00014036    00000005     oled.o (.rodata.oled_get_glyph.glyphS)
                  0001403b    00000005     oled.o (.rodata.oled_get_glyph.glyphT)
                  00014040    00000005     oled.o (.rodata.oled_get_glyph.glyphU)
                  00014045    00000005     oled.o (.rodata.oled_get_glyph.glyphV)
                  0001404a    00000005     oled.o (.rodata.oled_get_glyph.glyphW)
                  0001404f    00000005     oled.o (.rodata.oled_get_glyph.glyphX)
                  00014054    00000005     oled.o (.rodata.oled_get_glyph.glyphY)
                  00014059    00000005     oled.o (.rodata.oled_get_glyph.glyphb)
                  0001405e    00000005     oled.o (.rodata.oled_get_glyph.gt)
                  00014063    00000005     oled.o (.rodata.oled_get_glyph.minus)
                  00014068    00000005     oled.o (.rodata.oled_get_glyph.nine)
                  0001406d    00000005     oled.o (.rodata.oled_get_glyph.one)
                  00014072    00000005     oled.o (.rodata.oled_get_glyph.seven)
                  00014077    00000005     oled.o (.rodata.oled_get_glyph.six)
                  0001407c    00000005     oled.o (.rodata.oled_get_glyph.space)
                  00014081    00000005     oled.o (.rodata.oled_get_glyph.three)
                  00014086    00000005     oled.o (.rodata.oled_get_glyph.two)
                  0001408b    00000005     oled.o (.rodata.oled_get_glyph.zero)
                  00014090    00000005     oled_ui.o (.rodata.str1.10263419832828250601.1)
                  00014095    00000005     oled_ui.o (.rodata.str1.10430294223631918979.1)
                  0001409a    00000005     app.o (.rodata.str1.1203029987332226495.1)
                  0001409f    00000005     app.o (.rodata.str1.12290654951824413813.1)
                  000140a4    00000005     app.o (.rodata.str1.12441497784875596899.1)
                  000140a9    00000005     car_controller.o (.rodata.str1.12442237994239546032.1)
                  000140ae    00000005     oled_ui.o (.rodata.str1.12617122458660443890.1)
                  000140b3    00000005     app.o (.rodata.str1.1329290160258583221.1)
                  000140b8    00000005     vision_pitch_tuning.o (.rodata.str1.13915893147848268398.1)
                  000140bd    00000005     fault.o (.rodata.str1.14435905801345341244.1)
                  000140c2    00000005     app.o (.rodata.str1.14614617329940285853.1)
                  000140c7    00000005     oled_ui.o (.rodata.str1.14711868471336838103.1)
                  000140cc    00000005     oled_ui.o (.rodata.str1.14740362735394205067.1)
                  000140d1    00000005     oled_ui.o (.rodata.str1.14774750633985060196.1)
                  000140d6    00000005     fault.o (.rodata.str1.1506612114648992996.1)
                  000140db    00000005     oled_ui.o (.rodata.str1.15132332204781002199.1)
                  000140e0    00000005     oled_ui.o (.rodata.str1.15575624326185233262.1)
                  000140e5    00000005     oled_ui.o (.rodata.str1.15577080202403550426.1)
                  000140ea    00000005     oled_ui.o (.rodata.str1.15613891207764622616.1)
                  000140ef    00000005     oled_ui.o (.rodata.str1.15802367878353263018.1)
                  000140f4    00000005     oled_ui.o (.rodata.str1.15829239520183577662.1)
                  000140f9    00000005     car_controller.o (.rodata.str1.1652194605229746967.1)
                  000140fe    00000005     oled_ui.o (.rodata.str1.16526439943277383452.1)
                  00014103    00000005     app.o (.rodata.str1.16692611307951120442.1)
                  00014108    00000005     app.o (.rodata.str1.16845902142436992655.1)
                  0001410d    00000005     oled_ui.o (.rodata.str1.16939060351352778619.1)
                  00014112    00000005     fault.o (.rodata.str1.17097894860660336008.1)
                  00014117    00000005     fault.o (.rodata.str1.17155043670132108083.1)
                  0001411c    00000005     vision_tuning_console.o (.rodata.str1.17265544270347038021.1)
                  00014121    00000005     app.o (.rodata.str1.17432819948416611743.1)
                  00014126    00000005     oled_ui.o (.rodata.str1.17763996158807330232.1)
                  0001412b    00000005     oled_ui.o (.rodata.str1.17884296644359297425.1)
                  00014130    00000005     app.o (.rodata.str1.1796468832600293665.1)
                  00014135    00000005     app.o (.rodata.str1.17980129702820282969.1)
                  0001413a    00000005     app.o (.rodata.str1.1893846744673705871.1)
                  0001413f    00000005     oled_ui.o (.rodata.str1.1974573040514735405.1)
                  00014144    00000005     fault.o (.rodata.str1.2104670281202025270.1)
                  00014149    00000005     oled_ui.o (.rodata.str1.2308938766145545715.1)
                  0001414e    00000005     oled_ui.o (.rodata.str1.240075016795266086.1)
                  00014153    00000005     oled_ui.o (.rodata.str1.2522137003438374266.1)
                  00014158    00000005     app.o (.rodata.str1.2568190970272041647.1)
                  0001415d    00000005     app.o (.rodata.str1.2606929252065540862.1)
                  00014162    00000005     oled_ui.o (.rodata.str1.2608729314174233125.1)
                  00014167    00000005     oled_ui.o (.rodata.str1.270145429241168923.1)
                  0001416c    00000005     oled_ui.o (.rodata.str1.3455423528827705371.1)
                  00014171    00000005     app.o (.rodata.str1.3543938948723267646.1)
                  00014176    00000005     car_controller.o (.rodata.str1.4164979912472006574.1)
                  0001417b    00000005     app.o (.rodata.str1.4360399834097859481.1)
                  00014180    00000005     fault.o (.rodata.str1.4453281041433270631.1)
                  00014185    00000005     fault.o (.rodata.str1.4549004730087743662.1)
                  0001418a    00000005     oled_ui.o (.rodata.str1.4581472623415959594.1)
                  0001418f    00000005     oled_ui.o (.rodata.str1.4582914374586912483.1)
                  00014194    00000005     car_controller.o (.rodata.str1.4850163232891874878.1)
                  00014199    00000005     menu.o (.rodata.str1.4862307748908978627.1)
                  0001419e    00000005     oled_ui.o (.rodata.str1.4932371652560868037.1)
                  000141a3    00000005     oled_ui.o (.rodata.str1.5004483696121082904.1)
                  000141a8    00000005     app.o (.rodata.str1.5135238925662358659.1)
                  000141ad    00000005     app.o (.rodata.str1.5950367083599167409.1)
                  000141b2    00000005     oled_ui.o (.rodata.str1.5965450730569173784.1)
                  000141b7    00000005     fault.o (.rodata.str1.6372787129294360447.1)
                  000141bc    00000005     fault.o (.rodata.str1.6437946768974223044.1)
                  000141c1    00000005     oled_ui.o (.rodata.str1.6806727740681590176.1)
                  000141c6    00000005     app.o (.rodata.str1.6810515665389614968.1)
                  000141cb    00000005     app.o (.rodata.str1.6937253152838018734.1)
                  000141d0    00000005     car_controller.o (.rodata.str1.702403006289709404.1)
                  000141d5    00000005     app.o (.rodata.str1.7228600276961548272.1)
                  000141da    00000005     vision_yaw_tuning.o (.rodata.str1.7764041101441114269.1)
                  000141df    00000005     oled_ui.o (.rodata.str1.7774807581888385879.1)
                  000141e4    00000005     oled_ui.o (.rodata.str1.8124536758062367015.1)
                  000141e9    00000005     app.o (.rodata.str1.8149634197813164057.1)
                  000141ee    00000005     fault.o (.rodata.str1.8185770893384132067.1)
                  000141f3    00000005     app.o (.rodata.str1.8214673950224663419.1)
                  000141f8    00000005     car_state.o (.rodata.str1.8223341253983108753.1)
                  000141fd    00000005     oled_ui.o (.rodata.str1.8426569189266129334.1)
                  00014202    00000005     oled_ui.o (.rodata.str1.8471462185882660445.1)
                  00014207    00000005     app.o (.rodata.str1.8682387830711593804.1)
                  0001420c    00000005     oled_ui.o (.rodata.str1.8693388333057100694.1)
                  00014211    00000005     car_state.o (.rodata.str1.8698975129455933903.1)
                  00014216    00000005     oled_ui.o (.rodata.str1.8709745090823444516.1)
                  0001421b    00000005     app.o (.rodata.str1.9222971948914276833.1)
                  00014220    00000005     oled_ui.o (.rodata.str1.9611283282870761829.1)
                  00014225    00000005     oled_ui.o (.rodata.str1.9822857334037886482.1)
                  0001422a    00000005     car_controller.o (.rodata.str1.9981487771679760427.1)
                  0001422f    00000004     app.o (.rodata.str1.10450196737795524526.1)
                  00014233    00000004     oled_ui.o (.rodata.str1.10509309789429088155.1)
                  00014237    00000004     oled_ui.o (.rodata.str1.10568433575767188072.1)
                  0001423b    00000004     oled_ui.o (.rodata.str1.11428648044669318875.1)
                  0001423f    00000004     app.o (.rodata.str1.1201226133333828823.1)
                  00014243    00000004     oled_ui.o (.rodata.str1.12493748764729730277.1)
                  00014247    00000004     car_controller.o (.rodata.str1.12661897076542654461.1)
                  0001424b    00000004     oled_ui.o (.rodata.str1.12697925274637991987.1)
                  0001424f    00000004     oled_ui.o (.rodata.str1.12928245060369742404.1)
                  00014253    00000004     oled_ui.o (.rodata.str1.13244290092665904221.1)
                  00014257    00000004     oled_ui.o (.rodata.str1.13567883086814673087.1)
                  0001425b    00000004     fault.o (.rodata.str1.13582094816268305212.1)
                  0001425f    00000004     car_state.o (.rodata.str1.13986535679874659196.1)
                  00014263    00000004     vision_tuning_console.o (.rodata.str1.14084955404328172175.1)
                  00014267    00000004     oled_ui.o (.rodata.str1.14358698208395374265.1)
                  0001426b    00000004     oled_ui.o (.rodata.str1.14556837007311414654.1)
                  0001426f    00000004     oled_ui.o (.rodata.str1.15008238333949226094.1)
                  00014273    00000004     oled_ui.o (.rodata.str1.15935041339501476673.1)
                  00014277    00000004     app.o (.rodata.str1.16143489755095309550.1)
                  0001427b    00000004     oled_ui.o (.rodata.str1.16290499236105125126.1)
                  0001427f    00000004     menu.o (.rodata.str1.16312125044762562515.1)
                  00014283    00000004     fault.o (.rodata.str1.16482347271627360806.1)
                  00014287    00000004     vision_pitch_tuning.o (.rodata.str1.16579632732967443104.1)
                  0001428b    00000004     oled_ui.o (.rodata.str1.16635595130967924751.1)
                  0001428f    00000004     oled_ui.o (.rodata.str1.16849766574302683489.1)
                  00014293    00000004     oled_ui.o (.rodata.str1.16895433903389883335.1)
                  00014297    00000004     oled_ui.o (.rodata.str1.16931641404301806744.1)
                  0001429b    00000004     menu.o (.rodata.str1.17041139162815566052.1)
                  0001429f    00000004     car_controller.o (.rodata.str1.17172356789460551389.1)
                  000142a3    00000004     oled_ui.o (.rodata.str1.17274519358952562110.1)
                  000142a7    00000004     oled_ui.o (.rodata.str1.17763087492223448992.1)
                  000142ab    00000004     car_controller.o (.rodata.str1.18191498530309206443.1)
                  000142af    00000004     oled_ui.o (.rodata.str1.18266126048138325213.1)
                  000142b3    00000004     oled_ui.o (.rodata.str1.18379317056176403938.1)
                  000142b7    00000004     oled_ui.o (.rodata.str1.2742282290834473644.1)
                  000142bb    00000004     oled_ui.o (.rodata.str1.2983744876309220570.1)
                  000142bf    00000004     oled_ui.o (.rodata.str1.3407221357956504873.1)
                  000142c3    00000004     app.o (.rodata.str1.3437893941128827834.1)
                  000142c7    00000004     oled_ui.o (.rodata.str1.3467953211977455017.1)
                  000142cb    00000004     car_state.o (.rodata.str1.3601627812925153765.1)
                  000142cf    00000004     oled_ui.o (.rodata.str1.3702290527496711532.1)
                  000142d3    00000004     oled_ui.o (.rodata.str1.4581686099848791648.1)
                  000142d7    00000004     menu.o (.rodata.str1.4646809750356241979.1)
                  000142db    00000004     oled_ui.o (.rodata.str1.5853739094453432564.1)
                  000142df    00000004     oled_ui.o (.rodata.str1.6954814719705590448.1)
                  000142e3    00000004     oled_ui.o (.rodata.str1.7185587941321649510.1)
                  000142e7    00000004     oled_ui.o (.rodata.str1.7219546930854689545.1)
                  000142eb    00000004     fault.o (.rodata.str1.7255546073596598018.1)
                  000142ef    00000004     oled_ui.o (.rodata.str1.7419768602719733415.1)
                  000142f3    00000004     app.o (.rodata.str1.7550388926703112983.1)
                  000142f7    00000004     oled_ui.o (.rodata.str1.8018480777946742726.1)
                  000142fb    00000004     oled_ui.o (.rodata.str1.8236579331345056500.1)
                  000142ff    00000004     oled_ui.o (.rodata.str1.8399051469953744892.1)
                  00014303    00000004     oled_ui.o (.rodata.str1.8403269972884532600.1)
                  00014307    00000004     oled_ui.o (.rodata.str1.8460525935980491721.1)
                  0001430b    00000004     app.o (.rodata.str1.8524103983287916360.1)
                  0001430f    00000004     oled_ui.o (.rodata.str1.9102528229756940648.1)
                  00014313    00000004     oled_ui.o (.rodata.str1.9159586779647977165.1)
                  00014317    00000004     oled_ui.o (.rodata.str1.9229350655415085.1)
                  0001431b    00000004     car_controller.o (.rodata.str1.9234375891235759983.1)
                  0001431f    00000004     vision_tuning_console.o (.rodata.str1.9292707793305368794.1)
                  00014323    00000004     oled_ui.o (.rodata.str1.9295666102996717355.1)
                  00014327    00000004     vision_yaw_tuning.o (.rodata.str1.9489746196023004463.1)
                  0001432b    00000004     menu.o (.rodata.str1.9546740394641817443.1)
                  0001432f    00000004     oled_ui.o (.rodata.str1.9584387800903135389.1)
                  00014333    00000004     oled_ui.o (.rodata.str1.967006512144173535.1)
                  00014337    00000004     oled_ui.o (.rodata.str1.9854382722193312766.1)
                  0001433b    00000003     vision_pitch_tuning.o (.rodata.str1.10553819018306626402.1)
                  0001433e    00000003     oled_ui.o (.rodata.str1.1108652269057166745.1)
                  00014341    00000003     oled_ui.o (.rodata.str1.12043213579996415112.1)
                  00014344    00000003     menu.o (.rodata.str1.12110183915172842339.1)
                  00014347    00000003     oled_ui.o (.rodata.str1.12182588061437138428.1)
                  0001434a    00000003     vision_tuning_console.o (.rodata.str1.12197883643583142124.1)
                  0001434d    00000003     app.o (.rodata.str1.12497096898470556516.1)
                  00014350    00000003     oled_ui.o (.rodata.str1.12983537867572525563.1)
                  00014353    00000003     menu.o (.rodata.str1.13124720451672825294.1)
                  00014356    00000003     oled_ui.o (.rodata.str1.13871579367539052597.1)
                  00014359    00000003     menu.o (.rodata.str1.14098755746347272832.1)
                  0001435c    00000003     oled_ui.o (.rodata.str1.14134189893851348960.1)
                  0001435f    00000003     app.o (.rodata.str1.14141965288680528547.1)
                  00014362    00000003     oled_ui.o (.rodata.str1.14521350379984854626.1)
                  00014365    00000003     vision_pitch_tuning.o (.rodata.str1.15082469624955958926.1)
                  00014368    00000003     vision_yaw_tuning.o (.rodata.str1.15455206247194842411.1)
                  0001436b    00000003     oled_ui.o (.rodata.str1.15817398807211891688.1)
                  0001436e    00000003     oled_ui.o (.rodata.str1.15859922799842739878.1)
                  00014371    00000003     vision_tuning_console.o (.rodata.str1.16336339630363933256.1)
                  00014374    00000003     vision_pitch_tuning.o (.rodata.str1.17185918124541117546.1)
                  00014377    00000003     oled_ui.o (.rodata.str1.17812014771544466701.1)
                  0001437a    00000003     vision_pitch_tuning.o (.rodata.str1.18308346119964257230.1)
                  0001437d    00000003     oled_ui.o (.rodata.str1.2193316011307952170.1)
                  00014380    00000003     vision_pitch_tuning.o (.rodata.str1.2353024170771920291.1)
                  00014383    00000003     oled_ui.o (.rodata.str1.2603845803395459882.1)
                  00014386    00000003     oled_ui.o (.rodata.str1.2656948373757303877.1)
                  00014389    00000003     app.o (.rodata.str1.3926683289694998730.1)
                  0001438c    00000003     vision_yaw_tuning.o (.rodata.str1.4032468970572441659.1)
                  0001438f    00000003     oled_ui.o (.rodata.str1.4402311448527872260.1)
                  00014392    00000003     app.o (.rodata.str1.5290328808575308624.1)
                  00014395    00000003     vision_yaw_tuning.o (.rodata.str1.6393086909333857079.1)
                  00014398    00000003     vision_yaw_tuning.o (.rodata.str1.6657421771701333087.1)
                  0001439b    00000003     menu.o (.rodata.str1.6857549598058878762.1)
                  0001439e    00000003     fault.o (.rodata.str1.8193046109637024842.1)
                  000143a1    00000003     app.o (.rodata.str1.8900468877210241818.1)
                  000143a4    00000003     oled_ui.o (.rodata.str1.8950259614286592359.1)
                  000143a7    00000003     oled_ui.o (.rodata.str1.9646571805098343045.1)
                  000143aa    00000002     ti_msp_dl_config.o (.rodata.gUART_VISIONClockConfig)
                  000143ac    00000002     oled_ui.o (.rodata.str1.3025253791635144717.1)
                  000143ae    00000002     --HOLE-- [fill = 0]

.init_array 
*          0    00000000    00000000     UNINITIALIZED

.binit     0    00000000    00000000     

.bss       0    20200000    0000147f     UNINITIALIZED
                  20200000    00000400     oled.o (.bss.g_oledFrame)
                  20200400    00000200     vision_receiver.o (.bss.g_ring)
                  20200600    000001c8     runtime_snapshot.o (.bss.g_snapshot)
                  202007c8    00000194     app.o (.bss.g_remoteCommandCache)
                  2020095c    00000110     (.common:g_appConfig)
                  20200a6c    00000100     vision_tuning_console.o (.bss.g_rxRing)
                  20200b6c    00000100     bluetooth_uart.o (.bss.g_txRing)
                  20200c6c    00000100     vision_tuning_console.o (.bss.g_txRing)
                  20200d6c    00000084     (.common:g_imuRuntime)
                  20200df0    00000080     bluetooth_uart.o (.bss.g_rxRing)
                  20200e70    0000007c     motor_control.o (.bss.g_runtime)
                  20200eec    0000006c     (.common:g_appRuntime)
                  20200f58    00000058     vision_receiver.o (.bss.g_status)
                  20200fb0    00000058     (.common:g_wheelSpeedEstimatorRuntime)
                  20201008    00000040     gimbal.o (.bss.g_feedback)
                  20201048    00000040     vision_tuning_console.o (.bss.g_line)
                  20201088    00000040     line_controller.o (.bss.g_lineRuntime)
                  202010c8    00000040     app.o (.bss.g_remoteDispatchPayload)
                  20201108    00000040     app.o (.bss.g_remoteLine)
                  20201148    00000030     mission_manager.o (.bss.g_transientActions)
                  20201178    00000030     (.common:gUART_VISIONBackup)
                  202011a8    0000002c     vision_receiver.o (.bss.g_observation)
                  202011d4    0000002c     empty.o (.bss.g_schedulerStats)
                  20201200    00000028     vision_receiver.o (.bss.g_frame)
                  20201228    00000020     bluetooth_uart.o (.bss.g_runtime)
                  20201248    0000001c     mission_manager.o (.bss.g_missionRuntime)
                  20201264    0000001c     (.common:g_headingRuntime)
                  20201280    00000018     obstacle_avoidance.o (.bss.g_avoidFeedback)
                  20201298    00000018     gimbal_stepper.o (.bss.g_feedback)
                  202012b0    00000018     vision_pitch_tuning.o (.bss.g_status)
                  202012c8    00000018     vision_tuning_console.o (.bss.g_status)
                  202012e0    00000014     motion_action.o (.bss.g_motionActionRuntime)
                  202012f4    00000004     imu.o (.bss.g_elapsedSinceValidSampleMs)
                  202012f8    00000014     vision_yaw_tuning.o (.bss.g_status)
                  2020130c    00000014     watchdog_monitor.o (.bss.g_status)
                  20201320    00000010     fault.o (.bss.g_faultRecord)
                  20201330    00000010     motor.o (.bss.g_motorRuntime)
                  20201340    00000010     mission_manager.o (.bss.g_transientDefinition)
                  20201350    0000000e     car_controller.o (.bss.g_carControllerFeedback)
                  2020135e    00000002     ultrasonic.o (.bss.g_echoTicks)
                  20201360    0000000e     ultrasonic.o (.bss.g_ultrasonicFeedback)
                  2020136e    00000002     app.o (.bss.g_remoteLastErrorCode)
                  20201370    0000000c     magnet.o (.bss.g_runtime)
                  2020137c    0000000c     debug_telemetry.o (.bss.g_status)
                  20201388    00000008     obstacle_monitor.o (.bss.g_obstacleFeedback)
                  20201390    00000008     app.o (.bss.g_remoteDispatchCommand)
                  20201398    00000008     gimbal.o (.bss.g_yawContinuousDegX10)
                  202013a0    00000008     gimbal.o (.bss.g_yawLockedWorldYawDegX10)
                  202013a8    00000008     gimbal.o (.bss.g_yawTargetContinuousDegX10)
                  202013b0    00000008     gimbal.o (.bss.g_yawWorldTargetDegX10)
                  202013b8    00000008     gimbal.o (.bss.g_yawWrappedDegX10)
                  202013c0    00000006     ultrasonic.o (.bss.g_distanceSamples)
                  202013c6    00000006     key.o (.bss.g_key1)
                  202013cc    00000006     key.o (.bss.g_key2)
                  202013d2    00000006     key.o (.bss.g_key3)
                  202013d8    00000004     debug_telemetry.o (.bss.g_lastFrameMs)
                  202013dc    00000004     watchdog_monitor.o (.bss.g_lastTickMs)
                  202013e0    00000004     wheel_speed_estimator.o (.bss.g_latchedErrorFlags)
                  202013e4    00000004     empty.o (.bss.g_localTimeMs)
                  202013e8    00000004     encoder.o (.bss.g_motorAPulses)
                  202013ec    00000004     encoder.o (.bss.g_motorBPulses)
                  202013f0    00000004     imu.o (.bss.g_previousValidCorrectedGyroZDps)
                  202013f4    00000004     app.o (.bss.g_remoteActionId)
                  202013f8    00000004     app.o (.bss.g_remoteActionSequence)
                  202013fc    00000004     app.o (.bss.g_remoteActionStartMs)
                  20201400    00000004     app.o (.bss.g_remoteDispatchSequence)
                  20201404    00000004     app.o (.bss.g_remoteLastActionId)
                  20201408    00000004     app.o (.bss.g_remoteLastContactMs)
                  2020140c    00000004     app.o (.bss.g_remoteLastDurationMs)
                  20201410    00000004     app.o (.bss.g_remoteLineLastByteMs)
                  20201414    00000004     app.o (.bss.g_remoteLinkTimeoutCount)
                  20201418    00000004     mission_manager.o (.bss.g_selectedDefinition)
                  2020141c    00000004     servo.o (.bss.g_servoFeedback)
                  20201420    00000004     gimbal.o (.bss.g_yawCommandedRpm)
                  20201424    00000004     gimbal.o (.bss.g_yawTargetRpm)
                  20201428    00000004     empty.o (.bss.main.lastAppUpdateMs)
                  2020142c    00000002     vision_receiver.o (.bss.g_ringHead)
                  2020142e    00000002     vision_receiver.o (.bss.g_ringTail)
                  20201430    00000002     bluetooth_uart.o (.bss.g_rxHead)
                  20201432    00000002     vision_tuning_console.o (.bss.g_rxHead)
                  20201434    00000002     bluetooth_uart.o (.bss.g_rxTail)
                  20201436    00000002     vision_tuning_console.o (.bss.g_rxTail)
                  20201438    00000002     servo.o (.bss.g_servoPwmPhase)
                  2020143a    00000002     ultrasonic.o (.bss.g_stateTicks)
                  2020143c    00000002     bluetooth_uart.o (.bss.g_txHead)
                  2020143e    00000002     vision_tuning_console.o (.bss.g_txHead)
                  20201440    00000002     bluetooth_uart.o (.bss.g_txTail)
                  20201442    00000002     vision_tuning_console.o (.bss.g_txTail)
                  20201444    00000002     (.common:g_trackError)
                  20201446    00000001     oled_ui.o (.bss.OledUi_Update_20ms.flushRow)
                  20201447    00000001     oled_ui.o (.bss.OledUi_Update_20ms.refreshDivider)
                  20201448    00000001     empty.o (.bss.SysTick_Handler.controlMsCount)
                  20201449    00000001     empty.o (.bss.SysTick_Handler.tick100usCount)
                  2020144a    00000001     ultrasonic.o (.bss.Ultrasonic_Update_20ms.triggerDivider)
                  2020144b    00000001     empty.o (.bss.g_appUpdatePending)
                  2020144c    00000001     vision_tuning_console.o (.bss.g_capturing)
                  2020144d    00000001     car_state.o (.bss.g_carState)
                  2020144e    00000001     obstacle_monitor.o (.bss.g_centerSettleTicks)
                  2020144f    00000001     vision_tuning_console.o (.bss.g_commandTarget)
                  20201450    00000001     ultrasonic.o (.bss.g_distanceSampleCount)
                  20201451    00000001     ultrasonic.o (.bss.g_distanceSampleIndex)
                  20201452    00000001     emergency_stop.o (.bss.g_emergencyStopActive)
                  20201453    00000001     watchdog_monitor.o (.bss.g_faultApplied)
                  20201454    00000001     watchdog_monitor.o (.bss.g_faultPending)
                  20201455    00000001     vision_receiver.o (.bss.g_frameSize)
                  20201456    00000001     imu.o (.bss.g_integrationHistoryValid)
                  20201457    00000001     wheel_speed_estimator.o (.bss.g_leftFilterInitialized)
                  20201458    00000001     vision_tuning_console.o (.bss.g_lineSize)
                  20201459    00000001     obstacle_safety.o (.bss.g_obstacleSafetyHolding)
                  2020145a    00000001     oled.o (.bss.g_oledColumn)
                  2020145b    00000001     menu.o (.bss.g_oledPage)
                  2020145c    00000001     oled.o (.bss.g_oledPage)
                  2020145d    00000001     encoder.o (.bss.g_overflowFlags)
                  2020145e    00000001     menu.o (.bss.g_paramItem)
                  2020145f    00000001     menu.o (.bss.g_paramReturnPage)
                  20201460    00000001     key.o (.bss.g_pendingEvent)
                  20201461    00000001     vision_tuning_console.o (.bss.g_prefixIndex)
                  20201462    00000001     vision_tuning_console.o (.bss.g_prefixTarget)
                  20201463    00000001     app.o (.bss.g_remoteAction)
                  20201464    00000001     app.o (.bss.g_remoteActionSequenced)
                  20201465    00000001     app.o (.bss.g_remoteDiscardInvalid)
                  20201466    00000001     app.o (.bss.g_remoteDiscardLine)
                  20201467    00000001     app.o (.bss.g_remoteLastAction)
                  20201468    00000001     app.o (.bss.g_remoteLastResult)
                  20201469    00000001     app.o (.bss.g_remoteLineLength)
                  2020146a    00000001     app.o (.bss.g_remoteLinkLost)
                  2020146b    00000001     app.o (.bss.g_remoteSequenceDispatch)
                  2020146c    00000001     wheel_speed_estimator.o (.bss.g_rightFilterInitialized)
                  2020146d    00000001     car_controller.o (.bss.g_safetyHold)
                  2020146e    00000001     imu.o (.bss.g_shortGapPending)
                  2020146f    00000001     motor_control.o (.bss.g_targetRefreshed)
                  20201470    00000001     mission_manager.o (.bss.g_transientActionActive)
                  20201471    00000001     ultrasonic.o (.bss.g_triggerRequest)
                  20201472    00000001     ultrasonic.o (.bss.g_ultrasonicState)
                  20201473    00000001     gimbal.o (.bss.g_yawLimitClamped)
                  20201474    00000001     gimbal.o (.bss.g_yawLimitDirection)
                  20201475    00000001     gimbal.o (.bss.g_yawPositionValid)
                  20201476    00000001     gimbal.o (.bss.g_yawWorldLockEnabled)
                  20201477    00000001     (.common:g_carStateDebug)
                  20201478    00000001     (.common:g_keyEvent)
                  20201479    00000001     (.common:g_oledPageDebug)
                  2020147a    00000001     (.common:g_paramItemDebug)
                  2020147b    00000001     (.common:g_trackBlackCount)
                  2020147c    00000001     (.common:g_trackModeDebug)
                  2020147d    00000001     (.common:g_trackRaw)
                  2020147e    00000001     (.common:g_trackTurnDebug)

.data      0    20201480    00000006     UNINITIALIZED
                  20201480    00000004     app.o (.data.g_remoteNextActionId)
                  20201484    00000001     car_controller.o (.data.g_followTurnPolicy)
                  20201485    00000001     app.o (.data.g_remoteGear)

.stack     0    20207e00    00000200     UNINITIALIZED
                  20207e00    00000004     libc.a : boot_cortex_m.c.obj (.stack)
                  20207e04    000001fc     --HOLE--

__llvm_prf_cnts 
*          0    20200000    00000000     UNINITIALIZED

__llvm_prf_bits 
*          0    20200000    00000000     UNINITIALIZED

MODULE SUMMARY

       Module                         code    ro data   rw data
       ------                         ----    -------   -------
    .\
       app.o                          21012   758       602    
       oled_ui.o                      10792   698       2      
       vision_tuning_console.o        9616    102       613    
       car_controller.o               4360    92        124    
       imu.o                          4252    0         142    
       oled.o                         2006    406       1026   
       motor_control.o                2768    0         125    
       app_config.o                   2144    0         272    
       line_controller.o              2196    0         64     
       vision_receiver.o              1072    0         689    
       bluetooth_uart.o               1318    0         424    
       mission_manager.o              1556    7         97     
       runtime_snapshot.o             1192    0         456    
       motion_action.o                1368    5         20     
       wheel_speed_estimator.o        1292    0         94     
       menu.o                         1176    65        3      
       gimbal.o                       896     0         116    
       mission_library.o              560     389       0      
       ti_msp_dl_config.o             788     35        48     
       motor.o                        776     0         16     
       vision_protocol.o              732     0         0      
       ultrasonic.o                   596     0         29     
       empty.o                        408     0         55     
       key.o                          436     0         19     
       fault.o                        312     65        16     
       track_sensor.o                 372     0         0      
       heading_control.o              340     0         28     
       watchdog_monitor.o             308     0         26     
       vision_pitch_tuning.o          260     48        24     
       vision_yaw_tuning.o            248     41        20     
       encoder.o                      276     0         9      
       obstacle_safety.o              272     0         1      
       obstacle_monitor.o             192     0         9      
       startup_mspm0g350x_ticlang.o   6       192       0      
       angle_utils.o                  192     0         0      
       emergency_stop.o               188     0         1      
       magnet.o                       176     0         12     
       servo.o                        176     0         6      
       vision_uart.o                  164     0         0      
       car_state.o                    60      54        1      
       obstacle_avoidance.o           62      0         24     
       debug_telemetry.o              56      0         16     
       gimbal_stepper.o               8       0         24     
    +--+------------------------------+-------+---------+---------+
       Total:                         76980   2957      5253   
                                                               
    C:/TI/mspm0_sdk_2_05_01_00/source/ti/driverlib/lib/ticlang/m0p/mspm0g1x0x_g3x0x/driverlib.a
       dl_timer.o                     388     0         0      
       dl_uart.o                      90      0         0      
       dl_common.o                    10      0         0      
    +--+------------------------------+-------+---------+---------+
       Total:                         488     0         0      
                                                               
    D:\TI\CCS\ccs\tools\compiler\ti-cgt-armllvm_4.0.4.LTS\lib\armv6m-ti-none-eabi/c/libc.a
       memcpy16.S.obj                 154     0         0      
       strcmp-armv6m.S.obj            136     0         0      
       copy_decompress_lzss.c.obj     124     0         0      
       memset16.S.obj                 98      0         0      
       autoinit.c.obj                 60      0         0      
       boot_cortex_m.c.obj            40      0         0      
       memmov.c.obj                   40      0         0      
       memcmp.c.obj                   32      0         0      
       copy_decompress_none.c.obj     18      0         0      
       copy_zero_init.c.obj           16      0         0      
       exit.c.obj                     6       0         0      
       pre_init.c.obj                 4       0         0      
    +--+------------------------------+-------+---------+---------+
       Total:                         728     0         0      
                                                               
    D:\TI\CCS\ccs\tools\compiler\ti-cgt-armllvm_4.0.4.LTS\lib\armv6m-ti-none-eabi/c/libsysbm.a
       hostexit.c.obj                 4       0         0      
    +--+------------------------------+-------+---------+---------+
       Total:                         4       0         0      
                                                               
    D:\TI\CCS\ccs\tools\compiler\ti-cgt-armllvm_4.0.4.LTS\lib\armv6m-ti-none-eabi/libclang_rt.builtins.a
       addsf3.S.obj                   216     0         0      
       udivmoddi4.S.obj               162     0         0      
       comparesf2.S.obj               140     0         0      
       mulsf3.S.obj                   140     0         0      
       divsf3.S.obj                   130     0         0      
       aeabi_fcmp.S.obj               98      0         0      
       fixsfdi.S.obj                  96      0         0      
       aeabi_idivmod.S.obj            86      0         0      
       floatdisf.S.obj                78      0         0      
       aeabi_uidivmod.S.obj           64      0         0      
       divmoddi4.c.obj                62      0         0      
       floatsisf.S.obj                60      0         0      
       muldsi3.S.obj                  58      0         0      
       fixsfsi.S.obj                  56      0         0      
       fixunssfsi.S.obj               50      0         0      
       floatunsisf.S.obj              40      0         0      
       muldi3.S.obj                   36      0         0      
       ashldi3.S.obj                  30      0         0      
       aeabi_ldivmod.S.obj            20      0         0      
       aeabi_uldivmod.S.obj           20      0         0      
       aeabi_memset.S.obj             12      0         0      
       aeabi_memcpy.S.obj             8       0         0      
       aeabi_memmove.S.obj            8       0         0      
       aeabi_div0.c.obj               4       0         0      
    +--+------------------------------+-------+---------+---------+
       Total:                         1674    0         0      
                                                               
       Stack:                         0       0         512    
       Linker Generated:              0       44        0      
    +--+------------------------------+-------+---------+---------+
       Grand Total:                   79874   3001      5765   


LINKER GENERATED COPY TABLES

__TI_cinit_table @ 000143cc records: 2, size/record: 8, table size: 16
	.bss: load addr=000143bc, load size=00000008 bytes, run addr=20200000, run size=0000147f bytes, compression=zero_init
	.data: load addr=000143c4, load size=00000008 bytes, run addr=20201480, run size=00000006 bytes, compression=lzss


LINKER GENERATED HANDLER TABLE

__TI_handler_table @ 000143b0 records: 3, size/record: 4, table size: 12
	index: 0, handler: __TI_decompress_lzss
	index: 1, handler: __TI_decompress_none
	index: 2, handler: __TI_zero_init


GLOBAL SYMBOLS: SORTED ALPHABETICALLY BY Name 

address   name                                      
-------   ----                                      
0001115f  ADC0_IRQHandler                           
0001115f  ADC1_IRQHandler                           
0001115f  AES_IRQHandler                            
[...]
20200d6c  g_imuRuntime                              
20201478  g_keyEvent                                
20201479  g_oledPageDebug                           
2020147a  g_paramItemDebug                          
2020147b  g_trackBlackCount                         
20201444  g_trackError                              
2020147c  g_trackModeDebug                          
2020147d  g_trackRaw                                
2020147e  g_trackTurnDebug                          
20200fb0  g_wheelSpeedEstimatorRuntime              
00000000  interruptVectors                          
000105e9  main                                      
000132f5  memcmp                                    
0001129d  memcpy                                    
0001310d  memmove                                   
0001201b  memset                                    
000117c1  strcmp                                    


GLOBAL SYMBOLS: SORTED BY Symbol Address 

address   name                                      
-------   ----                                      
00000000  __TI_ATRegion0_region_sz                  
00000000  __TI_ATRegion0_src_addr                   
00000000  __TI_ATRegion0_trg_addr                   
00000000  __TI_ATRegion1_region_sz                  
00000000  __TI_ATRegion1_src_addr                   
00000000  __TI_ATRegion1_trg_addr                   
00000000  __TI_ATRegion2_region_sz                  
00000000  __TI_ATRegion2_src_addr                   
00000000  __TI_ATRegion2_trg_addr                   
00000000  __TI_static_base__                        
00000000  interruptVectors                          
000000c1  OledUi_Update_20ms                        
00000200  __STACK_SIZE                              
000048d1  VisionTuningConsole_Process               
000066a5  App_Update_20ms                           
00008151  AppConfig_LimitAll                        
00008799  LineController_Update                     
00008cbd  RuntimeSnapshot_Update                    
000099bd  WheelSpeedEstimator_Update                
0000a1c9  Imu_Update                                
0000a5a9  VisionReceiver_Process                    
0000ad09  Imu_Init                                  
0000bfa9  MotionAction_Update_20ms                  
0000c259  MotorControl_Update                       
0000c99d  Imu_CalibrateGyroBias                     
0000cbcd  AppConfig_InitDefault                     
0000cffd  MotionAction_Start                        
0000d419  Motor_SetSpeed                            
0000d61d  VisionProtocol_ParseV1TargetFrame         
0000d811  BluetoothUart_TryWriteBuffer              
0000dbe5  MissionLibrary_Validate                   
0000e319  Ultrasonic_Tick100us                      
0000e4b9  CarController_StartDriveDistanceAtYaw     
0000e655  CarController_Update_20ms                 
0000e7e5  Key_Update_20ms                           
0000e959  OLED_FlushPage                            
0000eac9  OLED_PrintInt16                           
0000eee5  App_Init                                  
0000f031  BluetoothUart_Process                     
0000f17d  Menu_HandleKeyEvent                       
0000f3e9  LineController_Reset                      
0000f511  OLED_Init                                 
0000f875  LineController_ResetControlState          
0000fa8d  DL_Timer_initFourCCPWMMode                
0000fb91  LineController_Init                       
0000fc95  MissionManager_Update_20ms                
0000fd99  MotorControl_SetNormalizedTarget          
0000ff95  MissionManager_SelectNext                 
00010089  HeadingControl_Update                     
00010175  ObstacleSafety_Update_20ms                
00010345  UART1_IRQHandler                          
00010429  MissionManager_SelectPrevious             
00010509  WheelSpeedEstimator_Init                  
000105e9  main                                      
000106c9  SYSCFG_DL_GPIO_init                       
000107a5  OLED_PrintUInt16                          
0001087d  __aeabi_fsub                              
0001087d  __subsf3                                  
00010887  __addsf3                                  
00010887  __aeabi_fadd                              
00010955  CarController_StartDriveDistance          
00010af9  FaultCode_ToShortString                   
00010bc1  Angle_Normalize180                        
00010d41  CarController_ResetRuntime                
00010dfd  Menu_GetParamValue                        
00010eb9  MissionManager_StartTransientAction       
00010f6d  App_ResetToReady                          
00011019  Encoder_HandleGpioInterrupt               
000110bd  __udivmoddi4                              
0001115f  ADC0_IRQHandler                           
0001115f  ADC1_IRQHandler                           
0001115f  AES_IRQHandler                            
0001115f  CANFD0_IRQHandler                         
0001115f  DAC0_IRQHandler                           
0001115f  DMA_IRQHandler                            
0001115f  Default_Handler                           
0001115f  GROUP0_IRQHandler                         
0001115f  HardFault_Handler                         
0001115f  I2C0_IRQHandler                           
0001115f  I2C1_IRQHandler                           
0001115f  NMI_Handler                               
0001115f  PendSV_Handler                            
0001115f  RTC_IRQHandler                            
0001115f  SPI0_IRQHandler                           
0001115f  SPI1_IRQHandler                           
0001115f  SVC_Handler                               
0001115f  TIMA0_IRQHandler                          
0001115f  TIMA1_IRQHandler                          
0001115f  TIMG0_IRQHandler                          
0001115f  TIMG12_IRQHandler                         
0001115f  TIMG6_IRQHandler                          
0001115f  TIMG7_IRQHandler                          
0001115f  TIMG8_IRQHandler                          
0001115f  UART0_IRQHandler                          
0001115f  UART2_IRQHandler                          
00011201  ObstacleMonitor_Update_20ms               
0001129d  memcpy                                    
00011337  ObstacleAvoidance_Update_20ms             
00011339  BluetoothUart_Init                        
00011469  CarController_StartTurnToYawRelative      
000114fd  CarController_ResetTransientState         
0001158d  SYSCFG_DL_PWM_MOTOR_init                  
00011619  SYSCFG_DL_UART_BLUETOOTH_init             
000116a5  __aeabi_fmul                              
000116a5  __mulsf3                                  
000117bc  C$$EXIT                                   
000117bd  HOSTexit                                  
000117c1  strcmp                                    
00011849  CarController_SetSafetyHold               
000118cd  Motor_Init                                
00011951  __aeabi_fdiv                              
00011951  __divsf3                                  
000119d3  TrackSensor_Init                          
000119d5  CarController_StartDriveHeading           
00011a55  Motor_Stop                                
00011ad5  VisionPitchTuning_Set                     
00011b51  __TI_decompress_lzss                      
00011bcd  SysTick_Handler                           
00011d31  SYSCFG_DL_UART_VISION_init                
00011da1  VisionYawTuning_Set                       
00011e11  TrackSensor_DetectTurn                    
00011e7f  __aeabi_idiv0                             
00011e81  MissionManager_GetSelectedMissionIndex    
00011f51  TrackSensor_GetErrorFromRaw               
00011fb7  __aeabi_ldiv0                             
00011fb9  __aeabi_fcmpeq                            
00011fcd  __aeabi_fcmplt                            
00011fe1  __aeabi_fcmple                            
00011ff5  __aeabi_fcmpge                            
00012009  __aeabi_fcmpgt                            
0001201b  memset                                    
0001207d  VisionTuningConsole_Init                  
000120dd  __aeabi_f2lz                              
000120dd  __fixsfdi                                 
0001213d  Magnet_Set                                
00012199  MissionManager_Start                      
000121f5  UART3_IRQHandler                          
00012251  Ultrasonic_Update_20ms                    
00012309  OLED_PrintChar                            
000123b9  __aeabi_idiv                              
000123b9  __aeabi_idivmod                           
00012411  CarController_Stop                        
00012465  TrackSensor_ReadRaw                       
000124b9  WatchdogMonitor_ApplyFaultIfNeeded        
00012561  MissionManager_Init                       
000125b1  Ultrasonic_Init                           
00012601  WatchdogMonitor_Tick1msFromIsr            
00012651  __aeabi_l2f                               
00012651  __floatdisf                               
000126a1  MotorControl_Stop                         
000126ed  DL_UART_init                              
00012735  SYSCFG_DL_initPower                       
0001277d  EmergencyStop_Reset                       
000127c1  Encoder_GetAndClearPulseDeltas            
00012805  Imu_ResetYaw                              
00012849  Servo_Tick100us                           
0001288d  CarController_StartFollowLine             
000128cd  Fault_Raise                               
0001290d  MissionManager_Cancel                     
0001294d  SYSCFG_DL_SYSCTL_init                     
0001298d  VisionReceiver_PushByteFromIsr            
000129cd  __aeabi_uidiv                             
000129cd  __aeabi_uidivmod                          
00012a0d  __divmoddi4                               
00012a4d  MissionManager_Reset                      
00012a89  Servo_SetAngleDeg                         
00012ac5  VisionTuningConsole_PushByteFromIsr       
00012b01  __aeabi_i2f                               
00012b01  __floatsisf                               
00012b3d  __gesf2                                   
00012b3d  __gtsf2                                   
00012b79  __TI_auto_init_nobinit_nopinit            
00012bb5  __cmpsf2                                  
00012bb5  __eqsf2                                   
00012bb5  __lesf2                                   
00012bb5  __ltsf2                                   
00012bb5  __nesf2                                   
00012bf1  __muldsi3                                 
00012c2d  EmergencyStop_Trigger                     
00012c65  VisionReceiver_Init                       
00012c9d  __aeabi_f2iz                              
00012c9d  __fixsfsi                                 
00012cd5  BluetoothUart_TryWriteString              
00012d0d  BluetoothUart_TryReadByte                 
00012d41  Imu_IsReady                               
00012d75  MissionLibrary_FindById                   
00012da9  VisionTuningConsole_TryPopTxByte          
00012ddd  VisionUart_Process                        
00012e11  OLED_PrintString                          
00012e45  __aeabi_f2uiz                             
00012e45  __fixunssfsi                              
00012e79  Key_Init                                  
00012ea9  LineController_ObserveSensors             
00012ed9  MissionManager_Resume                     
00012f09  VisionPitchTuning_RestoreDefault          
00012f39  WatchdogMonitor_Init                      
00012f69  WatchdogMonitor_Reset                     
00012f99  Encoder_Reset                             
00012fc5  TrackSensor_CountBlack                    
00012ff1  VisionYawTuning_RestoreDefault            
0001301d  EmergencyStop_Enforce                     
00013045  Magnet_ForceOff                           
0001306d  SYSCFG_DL_init                            
00013095  Servo_Init                                
000130bd  VisionPitchTuning_Init                    
000130e5  __aeabi_ui2f                              
000130e5  __floatunsisf                             
0001310d  memmove                                   
00013135  _c_int00_noargs                           
0001315d  MissionManager_ReportExternalFailure      
00013181  MotorControl_Init                         
000131a5  MotorControl_Reset                        
000131c9  OLED_ClearBuffer                          
000131ed  VisionYawTuning_Init                      
00013211  __aeabi_lmul                              
00013211  __muldi3                                  
00013235  DL_Timer_overrideCCPOut                   
00013255  DebugTelemetry_Update                     
00013275  Magnet_Init                               
00013295  MissionManager_Pause                      
000132b5  OLED_SetCursor                            
000132d5  SchedulerMonitor_GetStats                 
000132f5  memcmp                                    
00013335  __aeabi_llsl                              
00013335  __ashldi3                                 
00013355  DL_Timer_setCaptCompUpdateMethod          
00013371  DL_Timer_setClockConfig                   
0001338d  HeadingControl_SetTargetYaw               
000133a9  Menu_Init                                 
000133c5  MotionAction_Cancel                       
000133e1  ObstacleMonitor_Init                      
000133fd  ObstacleSafety_Init                       
00013419  VisionPitchTuning_ParamName               
00013435  VisionYawTuning_GetSnapshot               
00013451  VisionYawTuning_ParamName                 
0001346d  WatchdogMonitor_NotifyControlCycleComplete
000134a5  CarController_RunModeToString             
000134bd  CarState_ToString                         
000134d5  DL_Timer_setCaptureCompareOutCtl          
000134ed  DebugTelemetry_Init                       
00013505  HeadingControl_Init                       
0001351d  HeadingControl_Reset                      
00013535  Menu_ParamItemToString                    
0001354d  MotionAction_Init                         
00013565  ObstacleAvoidance_Init                    
0001357d  RuntimeSnapshot_Init                      
00013595  __aeabi_fcmpun                            
00013595  __unordsf2                                
000135ad  Fault_Clear                               
000135c1  Fault_Init                                
000135d5  GROUP1_IRQHandler                         
000135e9  HeadingControl_Enable                     
000135fd  MissionLibrary_GetByIndex                 
00013611  MissionManager_GetSelectedMissionId       
00013625  VisionPitchTuning_GetSnapshot             
00013639  VisionUart_Init                           
0001364d  __aeabi_ldivmod                           
00013661  __aeabi_uldivmod                          
00013675  DL_UART_setClockConfig                    
00013687  __TI_decompress_none                      
00013699  DL_Timer_setCaptureCompareValue           
000136a9  Gimbal_YawGetFeedback                     
000136b9  Key_GetEvent                              
000136c9  __TI_zero_init                            
000136d9  CarController_GetRunMode                  
000136e5  CarController_Init                        
000136f1  CarController_IsSafetyHoldActive          
000136fd  CarState_Get                              
00013709  CarState_Init                             
00013715  CarState_Set                              
00013721  EmergencyStop_Init                        
0001372d  EmergencyStop_IsActive                    
00013739  Imu_GetCorrectedGyroZDps                  
00013745  Imu_GetYaw                                
00013751  Magnet_IsOn                               
0001375d  Menu_GetPage                              
00013769  Menu_GetParamItem                         
00013775  MissionManager_IsExternallyHeld           
00013781  MissionManager_IsTransientAction          
0001378d  MissionManager_SetExternalHold            
00013799  ObstacleAvoidance_IsActive                
000137a5  ObstacleAvoidance_IsFailed                
000137b1  ObstacleSafety_IsHolding                  
000137bd  SystemTime_GetMs                          
000137c9  WatchdogMonitor_HasTripped                
000137d5  __aeabi_memclr                            
000137d5  __aeabi_memclr4                           
000137d5  __aeabi_memclr8                           
000137e1  DL_Common_delayCycles                     
000137eb  TrackSensor_IsCenterDetected              
000137f5  TrackSensor_IsLineDetected                
000137ff  TrackSensor_IsLineLost                    
00013809  BluetoothUart_GetRuntime                  
00013811  CarController_GetFeedback                 
00013819  Fault_GetRecord                           
00013821  GimbalStepper_GetFeedback                 
00013829  HeadingControl_GetRuntime                 
00013831  Imu_GetRuntime                            
00013839  LineController_GetRuntime                 
00013841  MissionManager_GetMissionCount            
00013849  MissionManager_GetRuntime                 
00013851  MotionAction_GetRuntime                   
00013859  MotorControl_GetRuntime                   
00013861  ObstacleAvoidance_GetFeedback             
00013869  ObstacleMonitor_GetFeedback               
00013871  OledUi_Init                               
00013879  RuntimeSnapshot_Get                       
00013881  Servo_GetFeedback                         
00013889  Ultrasonic_GetFeedback                    
00013891  VisionReceiver_GetStatus                  
00013899  VisionTuningConsole_GetStatus             
000138a1  WatchdogMonitor_GetStatus                 
000138a9  WheelSpeedEstimator_GetRuntime            
000138b1  __aeabi_memcpy                            
000138b1  __aeabi_memcpy4                           
000138b1  __aeabi_memcpy8                           
000138b9  __aeabi_memmove                           
000138b9  __aeabi_memmove4                          
000138b9  __aeabi_memmove8                          
000138c1  abort                                     
000138c7  MissionLibrary_GetCount                   
000138cb  ObstacleAvoidance_IsResumeGraceActive     
000138cf  Reset_Handler                             
000138d3  _system_pre_init                          
000143b0  __TI_Handler_Table_Base                   
000143bc  __TI_Handler_Table_Limit                  
000143cc  __TI_CINIT_Base                           
000143dc  __TI_CINIT_Limit                          
000143dc  __TI_CINIT_Warm                           
20200000  __start___llvm_prf_bits                   
20200000  __start___llvm_prf_cnts                   
20200000  __stop___llvm_prf_bits                    
20200000  __stop___llvm_prf_cnts                    
2020095c  g_appConfig                               
20200d6c  g_imuRuntime                              
20200eec  g_appRuntime                              
20200fb0  g_wheelSpeedEstimatorRuntime              
20201178  gUART_VISIONBackup                        
20201264  g_headingRuntime                          
20201444  g_trackError                              
20201477  g_carStateDebug                           
20201478  g_keyEvent                                
20201479  g_oledPageDebug                           
2020147a  g_paramItemDebug                          
2020147b  g_trackBlackCount                         
2020147c  g_trackModeDebug                          
2020147d  g_trackRaw                                
2020147e  g_trackTurnDebug                          
20207e00  __stack                                   
20208000  __STACK_END                               
ffffffff  __TI_pprof_out_hndl                       
ffffffff  __TI_prof_data_size                       
ffffffff  __TI_prof_data_start                      
ffffffff  __binit__                                 
ffffffff  binit                                     
UNDEFED   __mpu_init                                
UNDEFED   _system_post_cinit                        

[357 symbols]
