******************************************************************************
            TI ARM Clang Linker PC v4.0.4                      
******************************************************************************
>> Linked Sat Aug  1 14:41:40 2026

OUTPUT FILE NAME:   <diansaikaishi.out>
ENTRY POINT SYMBOL: "_c_int00_noargs"  address: 0001b8e5


MEMORY CONFIGURATION

         name            origin    length      used     unused   attr    fill
----------------------  --------  ---------  --------  --------  ----  --------
  FLASH                 00000000   00020000  0001d4f8  00002b08  R  X
  SRAM                  20200000   00008000  00001caa  00006356  RW X
  BCR_CONFIG            41c00000   000000ff  00000000  000000ff  R   
  BSL_CONFIG            41c00100   00000080  00000000  00000080  R   


SEGMENT ALLOCATION MAP

run origin  load origin   length   init length attrs members
----------  ----------- ---------- ----------- ----- -------
00000000    00000000    0001d058   0001d058    r-x
  00000000    00000000    000000c0   000000c0    r-- .intvecs
  000000c0    000000c0    0001c1b0   0001c1b0    r-x .text
  0001c270    0001c270    00000de8   00000de8    r-- .rodata
0001d0b8    0001d0b8    00000040   00000040    r--
  0001d0b8    0001d0b8    00000030   00000030    r-- .cinit
  0001d0e8    0001d0e8    00000010   00000010    r-- .binit
0001fc00    0001fc00    00000400   00000400    r--
  0001fc00    0001fc00    00000400   00000400    r-- .TI.bound:g_balanceCalibrationReservedSector
20200000    20200000    00001a4a   00000000    rw-
  20200000    20200000    00001a49   00000000    rw- .bss
  20201a49    20201a49    00000001   00000000    rw- .data
20201a50    0001d058    00000060   00000060    r-x
  20201a50    0001d058    00000060   00000060    r-x .TI.ramfunc
20207e00    20207e00    00000200   00000000    rw-
  20207e00    20207e00    00000200   00000000    rw- .stack


SECTION ALLOCATION MAP

 output                                  attributes/
section   page    origin      length       input sections
--------  ----  ----------  ----------   ----------------
.intvecs   0    00000000    000000c0     
                  00000000    000000c0     startup_mspm0g350x_ticlang.o (.intvecs)

.text      0    000000c0    0001c1b0     
                  000000c0    00001910     balance_tuning.o (.text.send_debug_filter)
                  000019d0    00001700     oled_ui.o (.text.print_balance_stepper_test_page)
                  000030d0    0000166c     balance_tuning.o (.text.send_debug_receiver)
                  0000473c    00001000     balance_tuning.o (.text.send_config)
                  0000573c    00000f6c     balance_tuning.o (.text.send_debug_controller)
                  000066a8    00000ad8     oled_ui.o (.text.print_imu_counters_page)
                  00007180    00000ac4     balance_tuning.o (.text.send_debug_position_fault)
                  00007c44    00000a5c     balance_tuning.o (.text.send_calibration_status)
                  000086a0    00000a34     balance_tuning.o (.text.consume_rx_byte)
                  000090d4    00000884     balance_tuning.o (.text.send_debug_axis)
                  00009958    00000820     balance_tuning.o (.text.send_debug_limit)
                  0000a178    0000081c     oled_ui.o (.text.print_balance_vision_page)
                  0000a994    00000648     app_config.o (.text.AppConfig_LimitAll)
                  0000afdc    0000061c     balance_ball_control.o (.text.BalanceBallControl_Update20ms)
                  0000b5f8    000005ac     imu.o (.text.Imu_CalibrateGyroBias)
                  0000bba4    00000528     line_controller.o (.text.LineController_Update)
                  0000c0cc    000004bc     oled_ui.o (.text.print_encoder_page)
                  0000c588    000004a0     runtime_snapshot.o (.text.RuntimeSnapshot_Update)
                  0000ca28    00000498     balance_tuning.o (.text.BalanceTuning_Update20ms)
                  0000cec0    00000480     vision_receiver.o (.text.VisionReceiver_Process)
                  0000d340    0000044c     motor_control.o (.text.update_wheel)
                  0000d78c    00000428     motion_action.o (.text.MotionAction_Update_20ms)
                  0000dbb4    00000424     wheel_speed_estimator.o (.text.WheelSpeedEstimator_Update)
                  0000dfd8    000003f4     vision_protocol.o (.text.VisionProtocol_ParseBallAsciiLine)
                  0000e3cc    000003e0     balance_position_control.o (.text.BalancePositionControl_Update20ms)
                  0000e7ac    000003e0     imu.o (.text.Imu_Update)
                  0000eb8c    000003c4     oled_ui.o (.text.print_motor_control_detail_page)
                  0000ef50    00000394     balance_tuning.o (.text.apply_parameter)
                  0000f2e4    00000380     imu.o (.text.Imu_Init)
                  0000f664    0000037c     oled_ui.o (.text.print_heading_page)
                  0000f9e0    00000370     gimbal.o (.text.gimbal_update_feedback)
                  0000fd50    00000364     menu.o (.text.Menu_HandleKeyEvent)
                  000100b4    0000034c     motion_action.o (.text.motion_action_start_internal)
                  00010400    0000033c     oled_ui.o (.text.print_drive_distance_page)
                  0001073c    00000324     oled_ui.o (.text.print_imu_detail_page)
                  00010a60    00000300     oled_ui.o (.text.print_motor_control_page)
                  00010d60    000002f0     imu.o (.text.mpu6050_read_regs)
                  00011050    000002cc     car_controller.o (.text.handle_drive_distance)
                  0001131c    000002bc     oled_ui.o (.text.print_elapsed_mm_ss_t)
                  000115d8    000002b4     motor_control.o (.text.MotorControl_Update)
                  0001188c    000002ac     balance_ball_control.o (.text.calculate_cascade_request)
                  00011b38    00000290     balance_calibration_store.o (.text.BalanceCalibrationStore_Save)
                  00011dc8    0000028c     balance_soft_limits.o (.text.BalanceSoftLimits_Update20ms)
                  00012054    00000288     h_task_controller.o (.text.HTaskController_Update20ms)
                  000122dc    00000268     car_controller.o (.text.handle_turn_to_yaw)
                  00012544    00000260     menu.o (.text.menu_adjust_param)
                  000127a4    00000254     mission_library.o (.text.MissionLibrary_Validate)
                  000129f8    00000230     oled_ui.o (.text.print_status_page)
                  00012c28    0000021c     app_config.o (.text.AppConfig_InitDefault)
                  00012e44    0000021c     balance_tuning.o (.text.BalanceTuning_Process)
                  00013060    0000021c     h_task_controller.o (.text.HTaskController_Start)
                  0001327c    00000210     oled_ui.o (.text.print_param_page)
                  0001348c    00000204     motor.o (.text.Motor_SetSpeed)
                  00013690    000001e8     motor_control.o (.text.config_is_valid)
                  00013878    000001d0     oled_ui.o (.text.print_sensor_page)
                  00013a48    000001cc     imu.o (.text.imu_i2c_write_byte)
                  00013c14    000001b8     oled.o (.text.oled_i2c_write_byte)
                  00013dcc    000001a8     app.o (.text.App_Update_20ms)
                  00013f74    000001a8     key.o (.text.Key_Update_20ms)
                  0001411c    000001a0     ultrasonic.o (.text.Ultrasonic_Tick100us)
                  000142bc    0000019c     car_controller.o (.text.CarController_StartDriveDistanceAtYaw)
                  00014458    00000194     gimbal_stepper.o (.text.GimbalStepper_Tick100us)
                  000145ec    00000190     car_controller.o (.text.CarController_Update_20ms)
                  0001477c    00000188     oled_ui.o (.text.print_imu_page)
                  00014904    00000174     oled_ui.o (.text.print_h_task_status_page)
                  00014a78    00000170     oled.o (.text.OLED_FlushPage)
                  00014be8    0000016c     oled.o (.text.OLED_PrintInt16)
                  00014d54    0000016c     balance_tuning.o (.text.parse_x100)
                  00014ec0    00000160     oled_ui.o (.text.print_balance_limit_value)
                  00015020    0000015c     oled_ui.o (.text.print_signed_total_tail)
                  0001517c    00000158     balance_ball_control.o (.text.BalanceBallControl_SetConfig)
                  000152d4    00000150     h_task_controller.o (.text.h_update_start_verify)
                  00015424    00000150     vision_protocol.o (.text.parse_decimal_x1000)
                  00015574    0000014c     balance_position_control.o (.text.BalancePositionControl_Start)
                  000156c0    0000014c     balance_soft_limits.o (.text.BalanceSoftLimits_CaptureCurrentStage)
                  0001580c    00000140     balance_calibration_store.o (.text.BalanceCalibrationStore_Load)
                  0001594c    0000013c     oled_ui.o (.text.print_balance_vision_rx_debug_page)
                  00015a88    00000130     balance_ball_control.o (.text.BalanceBallControl_Enable)
                  00015bb8    0000012c     imu.o (.text.imu_i2c_recover_bus)
                  00015ce4    0000012c     oled_ui.o (.text.print_uint64_decimal)
                  00015e10    00000128     line_controller.o (.text.LineController_Reset)
                  00015f38    00000128     mission_manager.o (.text.MissionManager_Update_20ms)
                  00016060    00000124     oled.o (.text.OLED_Init)
                  00016184    00000120     line_controller.o (.text.LineController_Init)
                  000162a4    00000120     car_controller.o (.text.handle_follow_line)
                  000163c4    00000120     oled_ui.o (.text.print_bluetooth_page)
                  000164e4    0000011c     car_controller.o (.text.handle_drive_heading)
                  00016600    00000118     vision_receiver.o (.text.accept_packet)
                  00016718    00000118     oled_ui.o (.text.print_obstacle_page)
                  00016830    0000010c     balance_soft_limits.o (.text.BalanceSoftLimits_BeginAtCurrentAsZero)
                  0001693c    0000010c     line_controller.o (.text.LineController_ResetControlState)
                  00016a48    00000104     driverlib.a : dl_timer.o (.text.DL_Timer_initFourCCPWMMode)
                  00016b4c    00000104     ti_msp_dl_config.o (.text.SYSCFG_DL_GPIO_init)
                  00016c50    00000104     balance_tuning.o (.text.send_text)
                  00016d54    00000100     motor_control.o (.text.MotorControl_SetNormalizedTarget)
                  00016e54    000000fc     mission_manager.o (.text.MissionManager_SelectNext)
                  00016f50    000000fc     h_task_controller.o (.text.h_update_h3)
                  0001704c    000000fc     h_task_controller.o (.text.h_update_vehicle_supervision)
                  00017148    000000f4     empty.o (.text.main)
                  0001723c    000000ec     heading_control.o (.text.HeadingControl_Update)
                  00017328    000000e8     balance_soft_limits.o (.text.BalanceSoftLimits_StartRelativePositionMoveSteps)
                  00017410    000000e8     mission_manager.o (.text.MissionManager_SelectPrevious)
                  000174f8    000000e8     obstacle_safety.o (.text.ObstacleSafety_Update_20ms)
                  000175e0    000000e0     wheel_speed_estimator.o (.text.WheelSpeedEstimator_Init)
                  000176c0    000000d8     driverlib.a : dl_flashctl.o (.text.DL_FlashCTL_unprotectSector)
                  00017798    000000d8     oled.o (.text.OLED_PrintUInt16)
                  00017870    000000d8     balance_ball_control.o (.text.return_toward_zero)
                  00017948    000000d8     libclang_rt.builtins.a : addsf3.S.obj (.text)
                  00017a20    000000d4     car_controller.o (.text.CarController_StartDriveDistance)
                  00017af4    000000d4     gimbal_stepper.o (.text.GimbalStepper_MoveRelativeSteps)
                  00017bc8    000000cc     balance_encoder.o (.text.BalanceEncoder_HandleGpioInterrupt)
                  00017c94    000000cc     oled_ui.o (.text.OledUi_Update_20ms)
                  00017d60    000000c8     car_controller.o (.text.CarController_ResetRuntime)
                  00017e28    000000c8     fault.o (.text.FaultCode_ToShortString)
                  00017ef0    000000c4     balance_soft_limits.o (.text.BalanceSoftLimits_Init)
                  00017fb4    000000c0     angle_utils.o (.text.Angle_Normalize180)
                  00018074    000000c0     balance_soft_limits.o (.text.oscillation_target_for_phase)
                  00018134    000000bc     menu.o (.text.Menu_GetParamValue)
                  000181f0    000000b8     h_task_controller.o (.text.h_update_vision_hold)
                  000182a8    000000b4     gimbal_stepper.o (.text.GimbalStepper_StopHold)
                  0001835c    000000b0     gimbal_stepper.o (.text.GimbalStepper_Init)
                  0001840c    000000b0     empty.o (.text.SysTick_Handler)
                  000184bc    000000ac     balance_soft_limits.o (.text.BalanceSoftLimits_StartPositionMoveToLogicalCount)
                  00018568    000000a8     balance_soft_limits.o (.text.BalanceSoftLimits_ArmRecalibration)
                  00018610    000000a4     balance_ball_control.o (.text.BalanceBallControl_Init)
                  000186b4    000000a4     encoder.o (.text.Encoder_HandleGpioInterrupt)
                  00018758    000000a4     balance_calibration_store.o (.text.calibration_crc32)
                  000187fc    000000a2     libclang_rt.builtins.a : udivmoddi4.S.obj (.text)
                  0001889e    00000002     startup_mspm0g350x_ticlang.o (.text.Default_Handler)
                  000188a0    000000a0     balance_soft_limits.o (.text.BalanceSoftLimits_AbortCalibration)
                  00018940    000000a0     car_controller.o (.text.drive_distance_high_decel_zone_cm)
                  000189e0    0000009c     obstacle_monitor.o (.text.ObstacleMonitor_Update_20ms)
                  00018a7c    0000009a     libc.a : memcpy16.S.obj (.text:memcpy)
                  00018b16    00000002     obstacle_avoidance.o (.text.ObstacleAvoidance_Update_20ms)
                  00018b18    00000098     balance_position_control.o (.text.BalancePositionControl_ResetFault)
                  00018bb0    00000098     balance_soft_limits.o (.text.BalanceSoftLimits_CancelRecalibration)
                  00018c48    00000098     car_controller.o (.text.CarController_ResetTransientState)
                  00018ce0    00000098     imu.o (.text.mpu6050_write_reg)
                  00018d78    00000094     car_controller.o (.text.CarController_StartTurnToYawRelative)
                  00018e0c    00000090     balance_tuning.o (.text.BalanceTuning_Init)
                  00018e9c    00000090     ti_msp_dl_config.o (.text.SYSCFG_DL_UART_VISION_init)
                  00018f2c    0000008c     motion_action.o (.text.MotionAction_RefreshFollowLineTuning)
                  00018fb8    0000008c     ti_msp_dl_config.o (.text.SYSCFG_DL_PWM_MOTOR_init)
                  00019044    0000008c     ti_msp_dl_config.o (.text.SYSCFG_DL_UART_BALANCE_TUNING_init)
                  000190d0    0000008c     libclang_rt.builtins.a : mulsf3.S.obj (.text.__mulsf3)
                  0001915c    0000008c     car_controller.o (.text.heading_imu_wait_or_fail)
                  000191e8    00000088     balance_soft_limits.o (.text.BalanceSoftLimits_Enforce100usFromIsr)
                  00019270    00000088     libc.a : strcmp-armv6m.S.obj (.text:strcmp)
                  000192f8    00000084     app.o (.text.App_Init)
                  0001937c    00000084     car_controller.o (.text.CarController_SetSafetyHold)
                  00019400    00000084     gimbal_stepper.o (.text.GimbalStepper_ConfirmZero)
                  00019484    00000084     line_controller.o (.text.LineController_SetProfileOverride)
                  00019508    00000084     motor.o (.text.Motor_Init)
                  0001958c    00000084     balance_tuning.o (.text.parse_i16)
                  00019610    00000082     libclang_rt.builtins.a : divsf3.S.obj (.text.__divsf3)
                  00019692    00000002     track_sensor.o (.text.TrackSensor_Init)
                  00019694    00000080     balance_position_control.o (.text.BalancePositionControl_Init)
                  00019714    00000080     car_controller.o (.text.CarController_StartDriveHeading)
                  00019794    00000080     motor.o (.text.Motor_Stop)
                  00019814    00000080     vision_uart.o (.text.UART3_IRQHandler)
                  00019894    0000007c     oled_ui.o (.text.OledUi_ShowBootStatus)
                  00019910    0000007c     libc.a : copy_decompress_lzss.c.obj (.text:decompress:lzss)
                  0001998c    00000078     mission_manager.o (.text.MissionManager_Pause)
                  00019a04    00000078     balance_ball_control.o (.text.command_offset_limited)
                  00019a7c    00000078     oled.o (.text.oled_write_command)
                  00019af4    00000074     balance_ball_control.o (.text.command_offset)
                  00019b68    00000074     motor_control.o (.text.latch_control_error)
                  00019bdc    00000070     gimbal_stepper.o (.text.GimbalStepper_Release)
                  00019c4c    00000070     h_task_controller.o (.text.HTaskController_Init)
                  00019cbc    00000070     h_task_controller.o (.text.h_start_car)
                  00019d2c    00000070     balance_tuning.o (.text.serial_calibration_confirm)
                  00019d9c    0000006e     track_sensor.o (.text.TrackSensor_DetectTurn)
                  00019e0a    00000002     vision_uart.o (.text.VisionUart_Process)
                  00019e0c    00000068     mission_manager.o (.text.MissionManager_GetSelectedMissionIndex)
                  00019e74    00000068     motor_control.o (.text.MotorControl_SetFeedforwardOverride)
                  00019edc    00000068     car_controller.o (.text.set_output_speed)
                  00019f44    00000066     track_sensor.o (.text.TrackSensor_GetErrorFromRaw)
                  00019faa    00000002     libclang_rt.builtins.a : aeabi_div0.c.obj (.text.__aeabi_idiv0)
                  00019fac    00000064     balance_soft_limits.o (.text.BalanceSoftLimits_ResetPositionFault)
                  0001a010    00000064     balance_soft_limits.o (.text.BalanceSoftLimits_StartCalibrationJogSteps)
                  0001a074    00000064     mission_manager.o (.text.MissionManager_Start)
                  0001a0d8    00000062     app.o (.text.App_ResetToReady)
                  0001a13a    00000002     libclang_rt.builtins.a : aeabi_div0.c.obj (.text.__aeabi_ldiv0)
                  0001a13c    00000062                            : aeabi_fcmp.S.obj (.text.__aeabi_fcmp)
                  0001a19e    00000062     libc.a : memset16.S.obj (.text:memset)
                  0001a200    00000060     balance_tuning.o (.text.UART2_IRQHandler)
                  0001a260    00000060     libclang_rt.builtins.a : fixsfdi.S.obj (.text.__fixsfdi)
                  0001a2c0    0000005c     ultrasonic.o (.text.Ultrasonic_Update_20ms)
                  0001a31c    0000005c     vision_receiver.o (.text.VisionReceiver_Init)
                  0001a378    0000005c     motion_action.o (.text.motion_action_start_imu_controller)
                  0001a3d4    0000005c     vision_protocol.o (.text.parse_u32)
                  0001a430    0000005c     car_controller.o (.text.speed_cmps_to_normalized_command)
                  0001a48c    0000005c     balance_soft_limits.o (.text.test_start_target)
                  0001a4e8    00000058     balance_encoder.o (.text.BalanceEncoder_Init)
                  0001a540    00000058     car_controller.o (.text.CarController_StartFollowLineAtCommand)
                  0001a598    00000058     mission_manager.o (.text.MissionManager_Init)
                  0001a5f0    00000058     oled.o (.text.OLED_PrintChar)
                  0001a648    00000058     balance_ball_control.o (.text.ensure_tracking_started)
                  0001a6a0    00000056     libclang_rt.builtins.a : aeabi_idivmod.S.obj (.text.__aeabi_idivmod)
                  0001a6f6    00000002     --HOLE-- [fill = 0]
                  0001a6f8    00000054     balance_soft_limits.o (.text.BalanceSoftLimits_BeginFullCalibrationAtCurrentAsZero)
                  0001a74c    00000054     car_controller.o (.text.CarController_Stop)
                  0001a7a0    00000054     mission_manager.o (.text.MissionManager_Reset)
                  0001a7f4    00000054     track_sensor.o (.text.TrackSensor_ReadRaw)
                  0001a848    00000054     watchdog_monitor.o (.text.WatchdogMonitor_ApplyFaultIfNeeded)
                  0001a89c    00000050     balance_position_control.o (.text.BalancePositionControl_SetTrackingTarget)
                  0001a8ec    00000050     balance_soft_limits.o (.text.BalanceSoftLimits_GetSnapshot)
                  0001a93c    00000050     ultrasonic.o (.text.Ultrasonic_Init)
                  0001a98c    00000050     watchdog_monitor.o (.text.WatchdogMonitor_Tick1msFromIsr)
                  0001a9dc    0000004e     libclang_rt.builtins.a : floatdisf.S.obj (.text.__floatdisf)
                  0001aa2a    00000002     --HOLE-- [fill = 0]
                  0001aa2c    0000004c     car_controller.o (.text.CarController_StartFollowLine)
                  0001aa78    0000004c     motor_control.o (.text.MotorControl_Stop)
                  0001aac4    0000004c     libc.a : cpy_tbl.c.obj (.text.copy_in)
                  0001ab10    0000004c     menu.o (.text.menu_stop_balance_axis_for_safety)
                  0001ab5c    0000004c     vision_protocol.o (.text.state_is_valid)
                  0001aba8    0000004c     libc.a : autoinit.c.obj (.text:__TI_auto_init_nopinit)
                  0001abf4    00000048     car_controller.o (.text.CarController_ResumeFollowLine)
                  0001ac3c    00000048     driverlib.a : dl_uart.o (.text.DL_UART_init)
                  0001ac84    00000048     mission_manager.o (.text.MissionManager_Cancel)
                  0001accc    00000048     ti_msp_dl_config.o (.text.SYSCFG_DL_initPower)
                  0001ad14    00000046     balance_tuning.o (.text.parse_u16)
                  0001ad5a    00000002     --HOLE-- [fill = 0]
                  0001ad5c    00000044     balance_ball_control.o (.text.BalanceBallControl_ResetConfig)
                  0001ada0    00000044     balance_tuning.o (.text.BalanceTuning_AbortCalibrationSession)
                  0001ade4    00000044     emergency_stop.o (.text.EmergencyStop_Reset)
                  0001ae28    00000044     encoder.o (.text.Encoder_GetAndClearPulseDeltas)
                  0001ae6c    00000044     imu.o (.text.Imu_ResetYaw)
                  0001aeb0    00000044     servo.o (.text.Servo_Tick100us)
                  0001aef4    00000044     menu.o (.text.menu_recover_balance_axis_after_reset)
                  0001af38    00000040     balance_encoder.o (.text.BalanceEncoder_GetSnapshot)
                  0001af78    00000040     balance_soft_limits.o (.text.BalanceSoftLimits_StopMotion)
                  0001afb8    00000040     fault.o (.text.Fault_Raise)
                  0001aff8    00000040     ti_msp_dl_config.o (.text.SYSCFG_DL_SYSCTL_init)
                  0001b038    00000040     vision_receiver.o (.text.VisionReceiver_PushByteFromIsr)
                  0001b078    00000040     vision_uart.o (.text.VisionUart_Init)
                  0001b0b8    00000040     libclang_rt.builtins.a : aeabi_uidivmod.S.obj (.text.__aeabi_uidivmod)
                  0001b0f8    00000040     balance_tuning.o (.text.abort_serial_calibration)
                  0001b138    00000040     h_task_controller.o (.text.h_apply_chassis_profile)
                  0001b178    00000040     vision_protocol.o (.text.parse_confidence)
                  0001b1b8    0000003e     libclang_rt.builtins.a : divmoddi4.c.obj (.text.__divmoddi4)
                  0001b1f6    00000002     --HOLE-- [fill = 0]
                  0001b1f8    0000003c     balance_position_control.o (.text.BalancePositionControl_Cancel)
                  0001b234    0000003c     mission_manager.o (.text.MissionManager_Resume)
                  0001b270    0000003c     motor_control.o (.text.MotorControl_Init)
                  0001b2ac    0000003c     servo.o (.text.Servo_SetAngleDeg)
                  0001b2e8    0000003c     libclang_rt.builtins.a : floatsisf.S.obj (.text.__floatsisf)
                  0001b324    0000003c                            : comparesf2.S.obj (.text.__gtsf2)
                  0001b360    0000003c     balance_position_control.o (.text.latch_fault)
                  0001b39c    0000003a     libclang_rt.builtins.a : comparesf2.S.obj (.text.__eqsf2)
                  0001b3d6    00000002     --HOLE-- [fill = 0]
                  0001b3d8    0000003a                            : muldsi3.S.obj (.text.__muldsi3)
                  0001b412    00000002     --HOLE-- [fill = 0]
                  0001b414    00000038     balance_ball_control.o (.text.BalanceBallControl_SetTargetMm)
                  0001b44c    00000038     emergency_stop.o (.text.EmergencyStop_Trigger)
                  0001b484    00000038     motion_action.o (.text.MotionAction_Cancel)
                  0001b4bc    00000038     libclang_rt.builtins.a : fixsfsi.S.obj (.text.__fixsfsi)
                  0001b4f4    00000034     balance_position_control.o (.text.BalancePositionControl_SetTrackingThresholds)
                  0001b528    00000034     h_task_controller.o (.text.HTaskController_RequestNormalStop)
                  0001b55c    00000034     imu.o (.text.Imu_IsReady)
                  0001b590    00000034     h_task_controller.o (.text.h_enter_vision_hold)
                  0001b5c4    00000034     balance_tuning.o (.text.serial_calibration_jog)
                  0001b5f8    00000032     oled.o (.text.OLED_PrintString)
                  0001b62a    00000002     --HOLE-- [fill = 0]
                  0001b62c    00000030     key.o (.text.Key_Init)
                  0001b65c    00000030     line_controller.o (.text.LineController_ObserveSensors)
                  0001b68c    00000030     watchdog_monitor.o (.text.WatchdogMonitor_Init)
                  0001b6bc    00000030     watchdog_monitor.o (.text.WatchdogMonitor_Reset)
                  0001b6ec    00000030     h_task_controller.o (.text.h_fault)
                  0001b71c    0000002c     balance_position_control.o (.text.BalancePositionControl_StartTracking)
                  0001b748    0000002c     car_controller.o (.text.CarController_SetFollowLineBaseCommand)
                  0001b774    0000002c     encoder.o (.text.Encoder_Reset)
                  0001b7a0    0000002c     track_sensor.o (.text.TrackSensor_CountBlack)
                  0001b7cc    00000028     balance_soft_limits.o (.text.BalanceSoftLimits_CancelTravelTest)
                  0001b7f4    00000028     driverlib.a : dl_flashctl.o (.text.DL_FlashCTL_programMemoryFromRAM64WithECCGenerated)
                  0001b81c    00000028     emergency_stop.o (.text.EmergencyStop_Enforce)
                  0001b844    00000028     magnet.o (.text.Magnet_ForceOff)
                  0001b86c    00000028     ti_msp_dl_config.o (.text.SYSCFG_DL_init)
                  0001b894    00000028     servo.o (.text.Servo_Init)
                  0001b8bc    00000028     libclang_rt.builtins.a : floatunsisf.S.obj (.text.__floatunsisf)
                  0001b8e4    00000028     libc.a : boot_cortex_m.c.obj (.text:_c_int00_noargs)
                  0001b90c    00000024     balance_encoder.o (.text.BalanceEncoder_SampleSpeed10msFromIsr)
                  0001b930    00000024     balance_position_control.o (.text.BalancePositionControl_GetSnapshot)
                  0001b954    00000024     balance_soft_limits.o (.text.BalanceSoftLimits_CancelOscillationTest)
                  0001b978    00000024     gimbal_stepper.o (.text.GimbalStepper_GetFeedbackSnapshot)
                  0001b99c    00000024     h_task_controller.o (.text.HTaskController_VehicleToString)
                  0001b9c0    00000024     line_controller.o (.text.LineController_ClearProfileOverride)
                  0001b9e4    00000024     menu.o (.text.Menu_Init)
                  0001ba08    00000024     mission_manager.o (.text.MissionManager_ReportExternalFailure)
                  0001ba2c    00000024     motion_action.o (.text.MotionAction_Init)
                  0001ba50    00000024     motor_control.o (.text.MotorControl_Reset)
                  0001ba74    00000024     oled.o (.text.OLED_ClearBuffer)
                  0001ba98    00000024     libclang_rt.builtins.a : muldi3.S.obj (.text.__muldi3)
                  0001babc    00000020     balance_ball_control.o (.text.BalanceBallControl_ForceStop)
                  0001badc    00000020     driverlib.a : dl_timer.o (.text.DL_Timer_overrideCCPOut)
                  0001bafc    00000020     debug_telemetry.o (.text.DebugTelemetry_Update)
                  0001bb1c    00000020     empty.o (.text.GROUP1_IRQHandler)
                  0001bb3c    00000020     magnet.o (.text.Magnet_Init)
                  0001bb5c    00000020     oled.o (.text.OLED_SetCursor)
                  0001bb7c    00000020     empty.o (.text.SchedulerMonitor_GetStats)
                  0001bb9c    00000020     vision_receiver.o (.text.VisionReceiver_GetProtocolErrorCount)
                  0001bbbc    00000020     libc.a : memcmp.c.obj (.text.memcmp)
                  0001bbdc    00000020     mission_manager.o (.text.mission_finish_error)
                  0001bbfc    0000001e     libclang_rt.builtins.a : ashldi3.S.obj (.text.__ashldi3)
                  0001bc1a    00000002     --HOLE-- [fill = 0]
                  0001bc1c    0000001c     balance_ball_control.o (.text.BalanceBallControl_Disable)
                  0001bc38    0000001c     balance_ball_control.o (.text.BalanceBallControl_GetConfig)
                  0001bc54    0000001c     driverlib.a : dl_timer.o (.text.DL_Timer_setCaptCompUpdateMethod)
                  0001bc70    0000001c                 : dl_timer.o (.text.DL_Timer_setClockConfig)
                  0001bc8c    0000001c     h_task_controller.o (.text.HTaskController_GetSnapshot)
                  0001bca8    0000001c     h_task_controller.o (.text.HTaskController_IsActive)
                  0001bcc4    0000001c     h_task_controller.o (.text.HTaskController_StateToString)
                  0001bce0    0000001c     heading_control.o (.text.HeadingControl_SetTargetYaw)
                  0001bcfc    0000001c     motor_control.o (.text.MotorControl_ClearFeedforwardOverride)
                  0001bd18    0000001c     obstacle_monitor.o (.text.ObstacleMonitor_Init)
                  0001bd34    0000001c     obstacle_safety.o (.text.ObstacleSafety_Init)
                  0001bd50    0000001c     watchdog_monitor.o (.text.WatchdogMonitor_NotifyControlCycleComplete)
                  0001bd6c    0000001c     mission_manager.o (.text.mission_finish_success)
                  0001bd88    00000018     driverlib.a : dl_flashctl.o (.text.DL_FlashCTL_eraseMemoryFromRAM)
                  0001bda0    00000018                 : dl_timer.o (.text.DL_Timer_setCaptureCompareOutCtl)
                  0001bdb8    00000018     debug_telemetry.o (.text.DebugTelemetry_Init)
                  0001bdd0    00000018     heading_control.o (.text.HeadingControl_Init)
                  0001bde8    00000018     heading_control.o (.text.HeadingControl_Reset)
                  0001be00    00000018     menu.o (.text.Menu_ParamItemToString)
                  0001be18    00000018     mission_library.o (.text.MissionLibrary_FindById)
                  0001be30    00000018     obstacle_avoidance.o (.text.ObstacleAvoidance_Init)
                  0001be48    00000018     runtime_snapshot.o (.text.RuntimeSnapshot_Init)
                  0001be60    00000016     libclang_rt.builtins.a : comparesf2.S.obj (.text.__unordsf2)
                  0001be76    00000002     --HOLE-- [fill = 0]
                  0001be78    00000014     balance_ball_control.o (.text.BalanceBallControl_GetSnapshot)
                  0001be8c    00000014     fault.o (.text.Fault_Clear)
                  0001bea0    00000014     fault.o (.text.Fault_Init)
                  0001beb4    00000014     gimbal_stepper.o (.text.GimbalStepper_SetStepHalfPeriodTicks)
                  0001bec8    00000014     heading_control.o (.text.HeadingControl_Enable)
                  0001bedc    00000014     mission_library.o (.text.MissionLibrary_GetByIndex)
                  0001bef0    00000014     mission_manager.o (.text.MissionManager_GetSelectedMissionId)
                  0001bf04    00000014     libclang_rt.builtins.a : aeabi_ldivmod.S.obj (.text.__aeabi_ldivmod)
                  0001bf18    00000014                            : aeabi_uldivmod.S.obj (.text.__aeabi_uldivmod)
                  0001bf2c    00000012     driverlib.a : dl_uart.o (.text.DL_UART_setClockConfig)
                  0001bf3e    00000012     libc.a : copy_decompress_none.c.obj (.text:decompress:none)
                  0001bf50    00000010     balance_position_control.o (.text.BalancePositionControl_HasFault)
                  0001bf60    00000010     driverlib.a : dl_timer.o (.text.DL_Timer_setCaptureCompareValue)
                  0001bf70    00000010     gimbal.o (.text.Gimbal_YawGetFeedback)
                  0001bf80    00000010     h_task_controller.o (.text.HTaskController_HasFault)
                  0001bf90    00000010     key.o (.text.Key_GetEvent)
                  0001bfa0    00000010     vision_receiver.o (.text.VisionReceiver_RecordUartBreakErrorFromIsr)
                  0001bfb0    00000010     vision_receiver.o (.text.VisionReceiver_RecordUartFramingErrorFromIsr)
                  0001bfc0    00000010     vision_receiver.o (.text.VisionReceiver_RecordUartOverrunFromIsr)
                  0001bfd0    00000010     vision_receiver.o (.text.VisionReceiver_RecordUartParityErrorFromIsr)
                  0001bfe0    00000010     libc.a : copy_zero_init.c.obj (.text:decompress:ZI)
                  0001bff0    0000000c     balance_encoder.o (.text.BalanceEncoder_GetCountAtomic)
                  0001bffc    0000000c     balance_position_control.o (.text.BalancePositionControl_IsBusy)
                  0001c008    0000000c     balance_soft_limits.o (.text.BalanceSoftLimits_CancelCalibrationJog)
                  0001c014    0000000c     balance_soft_limits.o (.text.BalanceSoftLimits_IsCalibrationActive)
                  0001c020    0000000c     balance_soft_limits.o (.text.BalanceSoftLimits_IsOscillationTestActive)
                  0001c02c    0000000c     balance_soft_limits.o (.text.BalanceSoftLimits_IsTravelTestActive)
                  0001c038    0000000c     car_controller.o (.text.CarController_GetRunMode)
                  0001c044    0000000c     car_controller.o (.text.CarController_Init)
                  0001c050    0000000c     car_controller.o (.text.CarController_IsSafetyHoldActive)
                  0001c05c    0000000c     car_state.o (.text.CarState_Get)
                  0001c068    0000000c     car_state.o (.text.CarState_Init)
                  0001c074    0000000c     car_state.o (.text.CarState_Set)
                  0001c080    0000000c     emergency_stop.o (.text.EmergencyStop_Init)
                  0001c08c    0000000c     emergency_stop.o (.text.EmergencyStop_IsActive)
                  0001c098    0000000c     imu.o (.text.Imu_GetCorrectedGyroZDps)
                  0001c0a4    0000000c     imu.o (.text.Imu_GetYaw)
                  0001c0b0    0000000c     menu.o (.text.Menu_GetPage)
                  0001c0bc    0000000c     menu.o (.text.Menu_GetParamItem)
                  0001c0c8    0000000c     mission_manager.o (.text.MissionManager_IsExternallyHeld)
                  0001c0d4    0000000c     mission_manager.o (.text.MissionManager_SetExternalHold)
                  0001c0e0    0000000c     obstacle_avoidance.o (.text.ObstacleAvoidance_IsActive)
                  0001c0ec    0000000c     obstacle_avoidance.o (.text.ObstacleAvoidance_IsFailed)
                  0001c0f8    0000000c     obstacle_safety.o (.text.ObstacleSafety_IsHolding)
                  0001c104    0000000c     empty.o (.text.SystemTime_GetMs)
                  0001c110    0000000c     watchdog_monitor.o (.text.WatchdogMonitor_HasTripped)
                  0001c11c    0000000c     libclang_rt.builtins.a : aeabi_memset.S.obj (.text.__aeabi_memclr)
                  0001c128    0000000a     driverlib.a : dl_common.o (.text.DL_Common_delayCycles)
                  0001c132    0000000a     motion_action.o (.text.MotionAction_Resume)
                  0001c13c    0000000a     motion_action.o (.text.MotionAction_Start)
                  0001c146    0000000a     track_sensor.o (.text.TrackSensor_IsCenterDetected)
                  0001c150    0000000a     track_sensor.o (.text.TrackSensor_IsLineDetected)
                  0001c15a    0000000a     track_sensor.o (.text.TrackSensor_IsLineLost)
                  0001c164    00000008     balance_soft_limits.o (.text.BalanceSoftLimits_CancelPositionMove)
                  0001c16c    00000008     balance_soft_limits.o (.text.BalanceSoftLimits_IsPositionMoveActive)
                  0001c174    00000008     bluetooth_uart.o (.text.BluetoothUart_GetRuntime)
                  0001c17c    00000008     car_controller.o (.text.CarController_GetFeedback)
                  0001c184    00000008     fault.o (.text.Fault_GetRecord)
                  0001c18c    00000008     gimbal_stepper.o (.text.GimbalStepper_GetFeedback)
                  0001c194    00000008     heading_control.o (.text.HeadingControl_GetRuntime)
                  0001c19c    00000008     imu.o (.text.Imu_GetRuntime)
                  0001c1a4    00000008     line_controller.o (.text.LineController_GetRuntime)
                  0001c1ac    00000008     mission_manager.o (.text.MissionManager_GetMissionCount)
                  0001c1b4    00000008     mission_manager.o (.text.MissionManager_GetRuntime)
                  0001c1bc    00000008     motion_action.o (.text.MotionAction_GetRuntime)
                  0001c1c4    00000008     motor_control.o (.text.MotorControl_GetRuntime)
                  0001c1cc    00000008     obstacle_avoidance.o (.text.ObstacleAvoidance_GetFeedback)
                  0001c1d4    00000008     obstacle_monitor.o (.text.ObstacleMonitor_GetFeedback)
                  0001c1dc    00000008     oled_ui.o (.text.OledUi_Init)
                  0001c1e4    00000008     runtime_snapshot.o (.text.RuntimeSnapshot_Get)
                  0001c1ec    00000008     servo.o (.text.Servo_GetFeedback)
                  0001c1f4    00000008     ultrasonic.o (.text.Ultrasonic_GetFeedback)
                  0001c1fc    00000008     vision_receiver.o (.text.VisionReceiver_GetBallPositionObservation)
                  0001c204    00000008     vision_receiver.o (.text.VisionReceiver_GetStatus)
                  0001c20c    00000008     vision_tuning_console.o (.text.VisionTuningConsole_GetStatus)
                  0001c214    00000008     watchdog_monitor.o (.text.WatchdogMonitor_GetStatus)
                  0001c21c    00000008     wheel_speed_estimator.o (.text.WheelSpeedEstimator_GetRuntime)
                  0001c224    00000008     libclang_rt.builtins.a : aeabi_memcpy.S.obj (.text.__aeabi_memcpy)
                  0001c22c    00000006     libc.a : exit.c.obj (.text:abort)
                  0001c232    00000004     libsysbm.a : hostexit.c.obj (.text.HOSTexit)
                  0001c236    00000004     mission_library.o (.text.MissionLibrary_GetCount)
                  0001c23a    00000004     obstacle_avoidance.o (.text.ObstacleAvoidance_IsResumeGraceActive)
                  0001c23e    00000004     startup_mspm0g350x_ticlang.o (.text.Reset_Handler)
                  0001c242    00000002     --HOLE-- [fill = 0]
                  0001c244    00000010     libc.a : boot_cortex_m.c.obj (.tramp._c_int00_noargs.1)
                  0001c254    00000004            : pre_init.c.obj (.text._system_pre_init)
                  0001c258    00000010     driverlib.a : dl_flashctl.o (.tramp.DL_FlashCTL_executeCommandFromRAM.1)
                  0001c268    00000008     --HOLE-- [fill = 0]

.TI.ramfunc 
*          0    0001d058    00000060     RUN ADDR = 20201a50
                  0001d058    00000060     driverlib.a : dl_flashctl.o (.TI.ramfunc)

.cinit     0    0001d0b8    00000030     
                  0001d0b8    0000000c     (__TI_handler_table)
                  0001d0c4    00000008     (.cinit..bss.load) [load image, compression = zero_init]
                  0001d0cc    00000005     (.cinit..data.load) [load image, compression = lzss]
                  0001d0d1    00000003     --HOLE-- [fill = 0]
                  0001d0d4    00000010     (__TI_cinit_table)
                  0001d0e4    00000004     --HOLE-- [fill = 0]

.rodata    0    0001c270    00000de8     
                  0001c270    000000d8     oled.o (.rodata..Lswitch.table.OLED_PrintChar)
                  0001c348    00000050     mission_library.o (.rodata.g_missionRegistry)
                  0001c398    0000003c     balance_tuning.o (.rodata..Lswitch.table.send_debug_receiver)
                  0001c3d4    00000038     oled_ui.o (.rodata..Lswitch.table.print_balance_vision_rx_debug_page)
                  0001c40c    00000034     oled_ui.o (.rodata..Lswitch.table.print_status_page)
                  0001c440    00000030     mission_library.o (.rodata.g_missionH3)
                  0001c470    00000030     mission_library.o (.rodata.g_missionH4)
                  0001c4a0    00000030     mission_library.o (.rodata.g_missionH5)
                  0001c4d0    00000030     mission_library.o (.rodata.g_missionH6)
                  0001c500    00000030     mission_library.o (.rodata.g_missionTask1)
                  0001c530    0000002c     balance_tuning.o (.rodata..Lswitch.table.send_debug_controller.182)
                  0001c55c    00000028     oled_ui.o (.rodata..Lswitch.table.print_h_task_status_page.221)
                  0001c584    00000024     h_task_controller.o (.rodata..Lswitch.table.HTaskController_StateToString)
                  0001c5a8    00000020     menu.o (.rodata..Lswitch.table.Menu_ParamItemToString)
                  0001c5c8    00000020     oled_ui.o (.rodata..Lswitch.table.print_balance_vision_page)
                  0001c5e8    00000020     balance_tuning.o (.rodata..Lswitch.table.send_debug_controller.181)
                  0001c608    00000020     balance_tuning.o (.rodata..Lswitch.table.send_debug_filter)
                  0001c628    0000001c     oled_ui.o (.rodata..Lswitch.table.print_balance_stepper_test_page.217)
                  0001c644    0000001c     oled_ui.o (.rodata..Lswitch.table.print_balance_vision_page.218)
                  0001c660    0000001c     oled_ui.o (.rodata..Lswitch.table.print_drive_distance_page)
                  0001c67c    0000001c     oled_ui.o (.rodata..Lswitch.table.print_h_task_status_page)
                  0001c698    00000018     oled_ui.o (.rodata..Lswitch.table.print_status_page.219)
                  0001c6b0    00000018     balance_tuning.o (.rodata..Lswitch.table.send_debug_position_fault)
                  0001c6c8    00000018     balance_tuning.o (.rodata.str1.12203727298384633765.1)
                  0001c6e0    00000017     balance_tuning.o (.rodata.str1.7429938449141376701.1)
                  0001c6f7    00000015     balance_tuning.o (.rodata.str1.12153495617120739732.1)
                  0001c70c    00000014     mission_library.o (.rodata..Lswitch.table.MissionLibrary_FindById)
                  0001c720    00000014     oled_ui.o (.rodata..Lswitch.table.print_balance_stepper_test_page.211)
                  0001c734    00000014     oled_ui.o (.rodata..Lswitch.table.print_balance_stepper_test_page.213)
                  0001c748    00000014     oled_ui.o (.rodata..Lswitch.table.print_status_page.220)
                  0001c75c    00000014     balance_tuning.o (.rodata.str1.16828945227823925029.1)
                  0001c770    00000013     balance_tuning.o (.rodata.str1.14264142961881584424.1)
                  0001c783    00000013     oled_ui.o (.rodata.str1.9229350655415085.1)
                  0001c796    00000012     balance_tuning.o (.rodata.str1.8563474565901259281.1)
                  0001c7a8    00000011     oled_ui.o (.rodata.str1.10077435089618835710.1)
                  0001c7b9    00000011     oled_ui.o (.rodata.str1.10430294223631918979.1)
                  0001c7ca    00000011     oled_ui.o (.rodata.str1.16635595130967924751.1)
                  0001c7db    00000011     oled_ui.o (.rodata.str1.5965888106848176421.1)
                  0001c7ec    00000011     oled_ui.o (.rodata.str1.8950259614286592359.1)
                  0001c7fd    00000003     ti_msp_dl_config.o (.rodata.gPWM_MOTORClockConfig)
                  0001c800    00000010     oled_ui.o (.rodata..Lswitch.table.print_balance_stepper_test_page.214)
                  0001c810    00000010     balance_encoder.o (.rodata.cst16)
                  0001c820    00000010     oled_ui.o (.rodata.str1.14711868471336838103.1)
                  0001c830    0000000f     oled_ui.o (.rodata.str1.15132332204781002199.1)
                  0001c83f    0000000f     oled_ui.o (.rodata.str1.7995683487334987046.1)
                  0001c84e    0000000f     oled_ui.o (.rodata.str1.9854382722193312766.1)
                  0001c85d    0000000e     balance_tuning.o (.rodata.str1.1264218299910966159.1)
                  0001c86b    0000000e     oled_ui.o (.rodata.str1.12697925274637991987.1)
                  0001c879    0000000e     balance_tuning.o (.rodata.str1.12833110812472946424.1)
                  0001c887    0000000e     mission_library.o (.rodata.str1.1440970855772709381.1)
                  0001c895    0000000e     oled_ui.o (.rodata.str1.15917848551323629232.1)
                  0001c8a3    0000000e     oled_ui.o (.rodata.str1.2603845803395459882.1)
                  0001c8b1    0000000e     balance_tuning.o (.rodata.str1.3233384059104302595.1)
                  0001c8bf    0000000d     balance_tuning.o (.rodata.str1.12787636963787307533.1)
                  0001c8cc    0000000d     mission_library.o (.rodata.str1.15668266851434757964.1)
                  0001c8d9    0000000d     balance_tuning.o (.rodata.str1.2068070733339245865.1)
                  0001c8e6    0000000d     balance_tuning.o (.rodata.str1.7303502640274702539.1)
                  0001c8f3    0000000d     balance_tuning.o (.rodata.str1.7805572866881257290.1)
                  0001c900    0000000c     oled_ui.o (.rodata..Lswitch.table.print_balance_stepper_test_page.212)
                  0001c90c    0000000c     oled_ui.o (.rodata..Lswitch.table.print_balance_stepper_test_page.215)
                  0001c918    0000000c     oled_ui.o (.rodata..Lswitch.table.print_balance_stepper_test_page)
                  0001c924    0000000c     oled_ui.o (.rodata..Lswitch.table.print_sensor_page)
                  0001c930    0000000c     balance_tuning.o (.rodata..Lswitch.table.send_calibration_status)
                  0001c93c    0000000c     balance_tuning.o (.rodata.str1.11153751536558257278.1)
                  0001c948    0000000c     mission_library.o (.rodata.str1.11682660667400632204.1)
                  0001c954    0000000c     balance_tuning.o (.rodata.str1.14379570804519814092.1)
                  0001c960    0000000c     oled_ui.o (.rodata.str1.5004483696121082904.1)
                  0001c96c    0000000b     balance_tuning.o (.rodata.str1.13927408975829028648.1)
                  0001c977    0000000b     balance_tuning.o (.rodata.str1.16995373371140357553.1)
                  0001c982    0000000b     balance_tuning.o (.rodata.str1.2700731884220140365.1)
                  0001c98d    0000000b     oled_ui.o (.rodata.str1.3702290527496711532.1)
                  0001c998    0000000b     balance_tuning.o (.rodata.str1.4113204610233820215.1)
                  0001c9a3    0000000b     balance_tuning.o (.rodata.str1.9462028229935726468.1)
                  0001c9ae    0000000a     ti_msp_dl_config.o (.rodata.gUART_BALANCE_TUNINGConfig)
                  0001c9b8    0000000a     ti_msp_dl_config.o (.rodata.gUART_VISIONConfig)
                  0001c9c2    0000000a     balance_tuning.o (.rodata.str1.11429545149414127667.1)
                  0001c9cc    0000000a     balance_tuning.o (.rodata.str1.11965935882277854026.1)
                  0001c9d6    0000000a     balance_tuning.o (.rodata.str1.1225708768031363644.1)
                  0001c9e0    0000000a     balance_tuning.o (.rodata.str1.12662652760121154555.1)
                  0001c9ea    0000000a     mission_library.o (.rodata.str1.13636476544574750902.1)
                  0001c9f4    0000000a     balance_tuning.o (.rodata.str1.14407532796619091063.1)
                  0001c9fe    0000000a     oled_ui.o (.rodata.str1.16931641404301806744.1)
                  0001ca08    0000000a     balance_tuning.o (.rodata.str1.190387033829999932.1)
                  0001ca12    0000000a     mission_library.o (.rodata.str1.199678142196697465.1)
                  0001ca1c    0000000a     oled_ui.o (.rodata.str1.5948326995020184415.1)
                  0001ca26    0000000a     oled_ui.o (.rodata.str1.9646571805098343045.1)
                  0001ca30    0000000a     oled_ui.o (.rodata.str1.9822857334037886482.1)
                  0001ca3a    00000009     balance_tuning.o (.rodata.str1.13060521858833474728.1)
                  0001ca43    00000009     balance_tuning.o (.rodata.str1.16006537837561361483.1)
                  0001ca4c    00000009     oled_ui.o (.rodata.str1.16290499236105125126.1)
                  0001ca55    00000009     oled_ui.o (.rodata.str1.4402311448527872260.1)
                  0001ca5e    00000009     oled_ui.o (.rodata.str1.8018480777946742726.1)
                  0001ca67    00000009     balance_tuning.o (.rodata.str1.9007449870089704693.1)
                  0001ca70    00000008     ti_msp_dl_config.o (.rodata.gPWM_MOTORConfig)
                  0001ca78    00000008     balance_tuning.o (.rodata.str1.10864470326470540157.1)
                  0001ca80    00000008     oled_ui.o (.rodata.str1.12504350857748951577.1)
                  0001ca88    00000008     balance_tuning.o (.rodata.str1.12637522976786142932.1)
                  0001ca90    00000008     balance_tuning.o (.rodata.str1.12835793291258929699.1)
                  0001ca98    00000008     app.o (.rodata.str1.13935281678674483141.1)
                  0001caa0    00000008     oled_ui.o (.rodata.str1.15008238333949226094.1)
                  0001caa8    00000008     balance_tuning.o (.rodata.str1.15818174819141905252.1)
                  0001cab0    00000008     balance_tuning.o (.rodata.str1.3392284968516405332.1)
                  0001cab8    00000008     balance_tuning.o (.rodata.str1.7071644105955104486.1)
                  0001cac0    00000008     oled_ui.o (.rodata.str1.7774807581888385879.1)
                  0001cac8    00000007     oled_ui.o (.rodata.str1.1144361573494598876.1)
                  0001cacf    00000007     balance_tuning.o (.rodata.str1.11690988241288759035.1)
                  0001cad6    00000007     oled_ui.o (.rodata.str1.12043213579996415112.1)
                  0001cadd    00000007     oled_ui.o (.rodata.str1.12888220461447056082.1)
                  0001cae4    00000007     oled_ui.o (.rodata.str1.14265077442249237877.1)
                  0001caeb    00000007     h_task_controller.o (.rodata.str1.15725356076850704266.1)
                  0001caf2    00000007     balance_tuning.o (.rodata.str1.15769814967733252227.1)
                  0001caf9    00000007     oled_ui.o (.rodata.str1.17717236995185551183.1)
                  0001cb00    00000007     h_task_controller.o (.rodata.str1.3267964509806984770.1)
                  0001cb07    00000007     balance_tuning.o (.rodata.str1.3829160663182747675.1)
                  0001cb0e    00000007     oled_ui.o (.rodata.str1.58703915094955230.1)
                  0001cb15    00000007     oled_ui.o (.rodata.str1.6835749436006845616.1)
                  0001cb1c    00000007     oled_ui.o (.rodata.str1.7050595558965647569.1)
                  0001cb23    00000007     balance_tuning.o (.rodata.str1.7224754546233542076.1)
                  0001cb2a    00000007     oled_ui.o (.rodata.str1.8693388333057100694.1)
                  0001cb31    00000007     oled_ui.o (.rodata.str1.9351772214919528733.1)
                  0001cb38    00000007     balance_tuning.o (.rodata.str1.9755989949770481844.1)
                  0001cb3f    00000006     oled_ui.o (.rodata.str1.11149198520117834688.1)
                  0001cb45    00000006     oled_ui.o (.rodata.str1.11733562463285951762.1)
                  0001cb4b    00000006     oled_ui.o (.rodata.str1.11794000050372113979.1)
                  0001cb51    00000006     oled_ui.o (.rodata.str1.1276391367487699528.1)
                  0001cb57    00000006     balance_tuning.o (.rodata.str1.12987821060827392178.1)
                  0001cb5d    00000006     oled_ui.o (.rodata.str1.130772507669342127.1)
                  0001cb63    00000006     balance_tuning.o (.rodata.str1.13102443532555841901.1)
                  0001cb69    00000006     oled_ui.o (.rodata.str1.13875148296791986931.1)
                  0001cb6f    00000006     oled_ui.o (.rodata.str1.14059743082376491124.1)
                  0001cb75    00000006     oled_ui.o (.rodata.str1.14142815821055334776.1)
                  0001cb7b    00000006     oled_ui.o (.rodata.str1.14705090427839013503.1)
                  0001cb81    00000006     oled_ui.o (.rodata.str1.15577080202403550426.1)
                  0001cb87    00000006     balance_tuning.o (.rodata.str1.16284837996370273307.1)
                  0001cb8d    00000006     balance_tuning.o (.rodata.str1.16612448349671680203.1)
                  0001cb93    00000006     oled_ui.o (.rodata.str1.16849766574302683489.1)
                  0001cb99    00000006     oled_ui.o (.rodata.str1.17540787658903907660.1)
                  0001cb9f    00000006     balance_tuning.o (.rodata.str1.18012996296540459495.1)
                  0001cba5    00000006     oled_ui.o (.rodata.str1.182352409660151230.1)
                  0001cbab    00000006     balance_tuning.o (.rodata.str1.1862446224603202915.1)
                  0001cbb1    00000006     oled_ui.o (.rodata.str1.1974573040514735405.1)
                  0001cbb7    00000006     oled_ui.o (.rodata.str1.3455423528827705371.1)
                  0001cbbd    00000006     oled_ui.o (.rodata.str1.5291836437463020264.1)
                  0001cbc3    00000006     oled_ui.o (.rodata.str1.6006079671377294552.1)
                  0001cbc9    00000006     h_task_controller.o (.rodata.str1.6296723155108836847.1)
                  0001cbcf    00000006     oled_ui.o (.rodata.str1.8124536758062367015.1)
                  0001cbd5    00000006     oled_ui.o (.rodata.str1.8399051469953744892.1)
                  0001cbdb    00000006     oled_ui.o (.rodata.str1.8449035241871861290.1)
                  0001cbe1    00000006     oled_ui.o (.rodata.str1.8460525935980491721.1)
                  0001cbe7    00000006     oled_ui.o (.rodata.str1.8709745090823444516.1)
                  0001cbed    00000006     oled_ui.o (.rodata.str1.967006512144173535.1)
                  0001cbf3    00000005     motion_action.o (.rodata..Lswitch.table.MotionAction_Update_20ms)
                  0001cbf8    00000005     oled.o (.rodata.oled_get_glyph.colon)
                  0001cbfd    00000005     oled.o (.rodata.oled_get_glyph.eight)
                  0001cc02    00000005     oled.o (.rodata.oled_get_glyph.five)
                  0001cc07    00000005     oled.o (.rodata.oled_get_glyph.four)
                  0001cc0c    00000005     oled.o (.rodata.oled_get_glyph.glyphA)
                  0001cc11    00000005     oled.o (.rodata.oled_get_glyph.glyphB)
                  0001cc16    00000005     oled.o (.rodata.oled_get_glyph.glyphC)
                  0001cc1b    00000005     oled.o (.rodata.oled_get_glyph.glyphD)
                  0001cc20    00000005     oled.o (.rodata.oled_get_glyph.glyphE)
                  0001cc25    00000005     oled.o (.rodata.oled_get_glyph.glyphF)
                  0001cc2a    00000005     oled.o (.rodata.oled_get_glyph.glyphG)
                  0001cc2f    00000005     oled.o (.rodata.oled_get_glyph.glyphH)
                  0001cc34    00000005     oled.o (.rodata.oled_get_glyph.glyphI)
                  0001cc39    00000005     oled.o (.rodata.oled_get_glyph.glyphK)
                  0001cc3e    00000005     oled.o (.rodata.oled_get_glyph.glyphL)
                  0001cc43    00000005     oled.o (.rodata.oled_get_glyph.glyphM)
                  0001cc48    00000005     oled.o (.rodata.oled_get_glyph.glyphN)
                  0001cc4d    00000005     oled.o (.rodata.oled_get_glyph.glyphO)
                  0001cc52    00000005     oled.o (.rodata.oled_get_glyph.glyphP)
                  0001cc57    00000005     oled.o (.rodata.oled_get_glyph.glyphR)
                  0001cc5c    00000005     oled.o (.rodata.oled_get_glyph.glyphS)
                  0001cc61    00000005     oled.o (.rodata.oled_get_glyph.glyphT)
                  0001cc66    00000005     oled.o (.rodata.oled_get_glyph.glyphU)
                  0001cc6b    00000005     oled.o (.rodata.oled_get_glyph.glyphV)
                  0001cc70    00000005     oled.o (.rodata.oled_get_glyph.glyphW)
                  0001cc75    00000005     oled.o (.rodata.oled_get_glyph.glyphX)
                  0001cc7a    00000005     oled.o (.rodata.oled_get_glyph.glyphY)
                  0001cc7f    00000005     oled.o (.rodata.oled_get_glyph.glyphb)
                  0001cc84    00000005     oled.o (.rodata.oled_get_glyph.gt)
                  0001cc89    00000005     oled.o (.rodata.oled_get_glyph.minus)
                  0001cc8e    00000005     oled.o (.rodata.oled_get_glyph.nine)
                  0001cc93    00000005     oled.o (.rodata.oled_get_glyph.one)
                  0001cc98    00000005     oled.o (.rodata.oled_get_glyph.seven)
                  0001cc9d    00000005     oled.o (.rodata.oled_get_glyph.six)
                  0001cca2    00000005     oled.o (.rodata.oled_get_glyph.space)
                  0001cca7    00000005     oled.o (.rodata.oled_get_glyph.three)
                  0001ccac    00000005     oled.o (.rodata.oled_get_glyph.two)
                  0001ccb1    00000005     oled.o (.rodata.oled_get_glyph.zero)
                  0001ccb6    00000005     oled_ui.o (.rodata.str1.10163600690795753232.1)
                  0001ccbb    00000005     oled_ui.o (.rodata.str1.10263419832828250601.1)
                  0001ccc0    00000005     oled_ui.o (.rodata.str1.10418495993736659646.1)
                  0001ccc5    00000005     balance_tuning.o (.rodata.str1.10969382713942392268.1)
                  0001ccca    00000005     oled_ui.o (.rodata.str1.1108652269057166745.1)
                  0001cccf    00000005     balance_tuning.o (.rodata.str1.11520738983365952627.1)
                  0001ccd4    00000005     balance_tuning.o (.rodata.str1.11920933488914742755.1)
                  0001ccd9    00000005     oled_ui.o (.rodata.str1.12182588061437138428.1)
                  0001ccde    00000005     oled_ui.o (.rodata.str1.12447783896598192203.1)
                  0001cce3    00000005     oled_ui.o (.rodata.str1.12595606217184830646.1)
                  0001cce8    00000005     oled_ui.o (.rodata.str1.12617122458660443890.1)
                  0001cced    00000005     oled_ui.o (.rodata.str1.12928245060369742404.1)
                  0001ccf2    00000005     oled_ui.o (.rodata.str1.12983537867572525563.1)
                  0001ccf7    00000005     oled_ui.o (.rodata.str1.13750180467131823662.1)
                  0001ccfc    00000005     balance_tuning.o (.rodata.str1.14000290760835785496.1)
                  0001cd01    00000005     fault.o (.rodata.str1.14435905801345341244.1)
                  0001cd06    00000005     oled_ui.o (.rodata.str1.1445687256832830955.1)
                  0001cd0b    00000005     oled_ui.o (.rodata.str1.14521350379984854626.1)
                  0001cd10    00000005     oled_ui.o (.rodata.str1.14748562464132904299.1)
                  0001cd15    00000005     oled_ui.o (.rodata.str1.14824331111526742204.1)
                  0001cd1a    00000005     fault.o (.rodata.str1.1506612114648992996.1)
                  0001cd1f    00000005     oled_ui.o (.rodata.str1.15575624326185233262.1)
                  0001cd24    00000005     oled_ui.o (.rodata.str1.15613891207764622616.1)
                  0001cd29    00000005     oled_ui.o (.rodata.str1.15829239520183577662.1)
                  0001cd2e    00000005     balance_tuning.o (.rodata.str1.15919845898950636588.1)
                  0001cd33    00000005     oled_ui.o (.rodata.str1.15935041339501476673.1)
                  0001cd38    00000005     balance_tuning.o (.rodata.str1.16068706543213351269.1)
                  0001cd3d    00000005     balance_tuning.o (.rodata.str1.16276113701240659636.1)
                  0001cd42    00000005     oled_ui.o (.rodata.str1.17067061841413117831.1)
                  0001cd47    00000005     fault.o (.rodata.str1.17097894860660336008.1)
                  0001cd4c    00000005     fault.o (.rodata.str1.17155043670132108083.1)
                  0001cd51    00000005     oled_ui.o (.rodata.str1.17274519358952562110.1)
                  0001cd56    00000005     balance_tuning.o (.rodata.str1.17549480707308297090.1)
                  0001cd5b    00000005     oled_ui.o (.rodata.str1.17678525341650131470.1)
                  0001cd60    00000005     oled_ui.o (.rodata.str1.17719310104486814868.1)
                  0001cd65    00000005     balance_tuning.o (.rodata.str1.17777434972134067752.1)
                  0001cd6a    00000005     oled_ui.o (.rodata.str1.17812014771544466701.1)
                  0001cd6f    00000005     oled_ui.o (.rodata.str1.17881291656140238186.1)
                  0001cd74    00000005     oled_ui.o (.rodata.str1.18128648927899109887.1)
                  0001cd79    00000005     oled_ui.o (.rodata.str1.18379317056176403938.1)
                  0001cd7e    00000005     oled_ui.o (.rodata.str1.2002540315216928218.1)
                  0001cd83    00000005     fault.o (.rodata.str1.2104670281202025270.1)
                  0001cd88    00000005     h_task_controller.o (.rodata.str1.2316076610917938976.1)
                  0001cd8d    00000005     oled_ui.o (.rodata.str1.2522137003438374266.1)
                  0001cd92    00000005     oled_ui.o (.rodata.str1.2656948373757303877.1)
                  0001cd97    00000005     oled_ui.o (.rodata.str1.2983744876309220570.1)
                  0001cd9c    00000005     balance_tuning.o (.rodata.str1.3025565282533664955.1)
                  0001cda1    00000005     oled_ui.o (.rodata.str1.3247264562726604308.1)
                  0001cda6    00000005     oled_ui.o (.rodata.str1.3467953211977455017.1)
                  0001cdab    00000005     balance_tuning.o (.rodata.str1.3946804622114928529.1)
                  0001cdb0    00000005     oled_ui.o (.rodata.str1.4193589846040060630.1)
                  0001cdb5    00000005     balance_tuning.o (.rodata.str1.4303511908001058520.1)
                  0001cdba    00000005     fault.o (.rodata.str1.4453281041433270631.1)
                  0001cdbf    00000005     h_task_controller.o (.rodata.str1.4521604808130619732.1)
                  0001cdc4    00000005     fault.o (.rodata.str1.4549004730087743662.1)
                  0001cdc9    00000005     oled_ui.o (.rodata.str1.4581472623415959594.1)
                  0001cdce    00000005     oled_ui.o (.rodata.str1.4582914374586912483.1)
                  0001cdd3    00000005     balance_tuning.o (.rodata.str1.4612574170956397295.1)
                  0001cdd8    00000005     oled_ui.o (.rodata.str1.4691821198597473371.1)
                  0001cddd    00000005     menu.o (.rodata.str1.4862307748908978627.1)
                  0001cde2    00000005     balance_tuning.o (.rodata.str1.504352846468954294.1)
                  0001cde7    00000005     balance_tuning.o (.rodata.str1.533910187409029848.1)
                  0001cdec    00000005     oled_ui.o (.rodata.str1.5376340479846291137.1)
                  0001cdf1    00000005     oled_ui.o (.rodata.str1.5689016102676777062.1)
                  0001cdf6    00000005     oled_ui.o (.rodata.str1.5806700949489897179.1)
                  0001cdfb    00000005     oled_ui.o (.rodata.str1.583767485161932155.1)
                  0001ce00    00000005     oled_ui.o (.rodata.str1.5853739094453432564.1)
                  0001ce05    00000005     h_task_controller.o (.rodata.str1.6223731695138908434.1)
                  0001ce0a    00000005     oled_ui.o (.rodata.str1.6350830172869379626.1)
                  0001ce0f    00000005     fault.o (.rodata.str1.6372787129294360447.1)
                  0001ce14    00000005     oled_ui.o (.rodata.str1.6381889798382488904.1)
                  0001ce19    00000005     fault.o (.rodata.str1.6437946768974223044.1)
                  0001ce1e    00000005     oled_ui.o (.rodata.str1.6806727740681590176.1)
                  0001ce23    00000005     oled_ui.o (.rodata.str1.7047564630061872329.1)
                  0001ce28    00000005     oled_ui.o (.rodata.str1.7185587941321649510.1)
                  0001ce2d    00000005     oled_ui.o (.rodata.str1.7219546930854689545.1)
                  0001ce32    00000005     oled_ui.o (.rodata.str1.7481335054564682966.1)
                  0001ce37    00000005     oled_ui.o (.rodata.str1.799718701096035713.1)
                  0001ce3c    00000005     fault.o (.rodata.str1.8185770893384132067.1)
                  0001ce41    00000005     oled_ui.o (.rodata.str1.8403269972884532600.1)
                  0001ce46    00000005     oled_ui.o (.rodata.str1.8471462185882660445.1)
                  0001ce4b    00000005     oled_ui.o (.rodata.str1.8783421139296713095.1)
                  0001ce50    00000005     oled_ui.o (.rodata.str1.9044019526854345694.1)
                  0001ce55    00000005     oled_ui.o (.rodata.str1.9159586779647977165.1)
                  0001ce5a    00000005     oled_ui.o (.rodata.str1.9250665025187963892.1)
                  0001ce5f    00000005     oled_ui.o (.rodata.str1.9295666102996717355.1)
                  0001ce64    00000005     h_task_controller.o (.rodata.str1.9476182539875367558.1)
                  0001ce69    00000005     balance_tuning.o (.rodata.str1.9478990218017967919.1)
                  0001ce6e    00000005     oled_ui.o (.rodata.str1.9584387800903135389.1)
                  0001ce73    00000004     oled_ui.o (.rodata.str1.10416366799939242409.1)
                  0001ce77    00000004     oled_ui.o (.rodata.str1.10509309789429088155.1)
                  0001ce7b    00000004     oled_ui.o (.rodata.str1.10568433575767188072.1)
                  0001ce7f    00000004     oled_ui.o (.rodata.str1.10600688730180713177.1)
                  0001ce83    00000004     balance_tuning.o (.rodata.str1.10719393435742183532.1)
                  0001ce87    00000004     oled_ui.o (.rodata.str1.10767072398481191905.1)
                  0001ce8b    00000004     oled_ui.o (.rodata.str1.10907125332684471422.1)
                  0001ce8f    00000004     oled_ui.o (.rodata.str1.11044102588127922728.1)
                  0001ce93    00000004     oled_ui.o (.rodata.str1.11049990970699464748.1)
                  0001ce97    00000004     oled_ui.o (.rodata.str1.11232419324784801130.1)
                  0001ce9b    00000004     oled_ui.o (.rodata.str1.11385560076888697311.1)
                  0001ce9f    00000004     oled_ui.o (.rodata.str1.11388022865931857840.1)
                  0001cea3    00000004     oled_ui.o (.rodata.str1.11428648044669318875.1)
                  0001cea7    00000004     oled_ui.o (.rodata.str1.11627403558423016802.1)
                  0001ceab    00000004     oled_ui.o (.rodata.str1.11793186251455304522.1)
                  0001ceaf    00000004     oled_ui.o (.rodata.str1.12359577037488465078.1)
                  0001ceb3    00000004     oled_ui.o (.rodata.str1.12493748764729730277.1)
                  0001ceb7    00000004     oled_ui.o (.rodata.str1.12571791089077708471.1)
                  0001cebb    00000004     h_task_controller.o (.rodata.str1.13154793040940860060.1)
                  0001cebf    00000004     oled_ui.o (.rodata.str1.13271657277589579873.1)
                  0001cec3    00000004     oled_ui.o (.rodata.str1.13567883086814673087.1)
                  0001cec7    00000004     fault.o (.rodata.str1.13582094816268305212.1)
                  0001cecb    00000004     h_task_controller.o (.rodata.str1.13677751924825772483.1)
                  0001cecf    00000004     oled_ui.o (.rodata.str1.13790669171379415506.1)
                  0001ced3    00000004     oled_ui.o (.rodata.str1.14168333168339663346.1)
                  0001ced7    00000004     oled_ui.o (.rodata.str1.14358698208395374265.1)
                  0001cedb    00000004     oled_ui.o (.rodata.str1.14740362735394205067.1)
                  0001cedf    00000004     h_task_controller.o (.rodata.str1.15447513579622963267.1)
                  0001cee3    00000004     oled_ui.o (.rodata.str1.15802367878353263018.1)
                  0001cee7    00000004     oled_ui.o (.rodata.str1.15817398807211891688.1)
                  0001ceeb    00000004     oled_ui.o (.rodata.str1.15859922799842739878.1)
                  0001ceef    00000004     oled_ui.o (.rodata.str1.16133855533230012141.1)
                  0001cef3    00000004     menu.o (.rodata.str1.16312125044762562515.1)
                  0001cef7    00000004     oled_ui.o (.rodata.str1.16411631209783952401.1)
                  0001cefb    00000004     fault.o (.rodata.str1.16482347271627360806.1)
                  0001ceff    00000004     oled_ui.o (.rodata.str1.16496169091617228061.1)
                  0001cf03    00000004     oled_ui.o (.rodata.str1.16526439943277383452.1)
                  0001cf07    00000004     oled_ui.o (.rodata.str1.16554583589798097927.1)
                  0001cf0b    00000004     oled_ui.o (.rodata.str1.16583701629962107131.1)
                  0001cf0f    00000004     oled_ui.o (.rodata.str1.16939060351352778619.1)
                  0001cf13    00000004     menu.o (.rodata.str1.17041139162815566052.1)
                  0001cf17    00000004     oled_ui.o (.rodata.str1.17436941090773226089.1)
                  0001cf1b    00000004     oled_ui.o (.rodata.str1.17464849429964608858.1)
                  0001cf1f    00000004     oled_ui.o (.rodata.str1.17747339173178619492.1)
                  0001cf23    00000004     oled_ui.o (.rodata.str1.17763996158807330232.1)
                  0001cf27    00000004     oled_ui.o (.rodata.str1.17884296644359297425.1)
                  0001cf2b    00000004     oled_ui.o (.rodata.str1.18190418239766617312.1)
                  0001cf2f    00000004     oled_ui.o (.rodata.str1.18266126048138325213.1)
                  0001cf33    00000004     balance_tuning.o (.rodata.str1.212598471458399308.1)
                  0001cf37    00000004     oled_ui.o (.rodata.str1.2308938766145545715.1)
                  0001cf3b    00000004     balance_tuning.o (.rodata.str1.2518525128920481353.1)
                  0001cf3f    00000004     oled_ui.o (.rodata.str1.2608729314174233125.1)
                  0001cf43    00000004     oled_ui.o (.rodata.str1.270145429241168923.1)
                  0001cf47    00000004     oled_ui.o (.rodata.str1.2714695401222167146.1)
                  0001cf4b    00000004     oled_ui.o (.rodata.str1.2742282290834473644.1)
                  0001cf4f    00000004     oled_ui.o (.rodata.str1.3025253791635144717.1)
                  0001cf53    00000004     balance_tuning.o (.rodata.str1.3044366246123777871.1)
                  0001cf57    00000004     oled_ui.o (.rodata.str1.344790106308886506.1)
                  0001cf5b    00000004     balance_tuning.o (.rodata.str1.3496791163923278892.1)
                  0001cf5f    00000004     oled_ui.o (.rodata.str1.4082595774073207366.1)
                  0001cf63    00000004     oled_ui.o (.rodata.str1.4551794666512319153.1)
                  0001cf67    00000004     oled_ui.o (.rodata.str1.4610220316623841660.1)
                  0001cf6b    00000004     menu.o (.rodata.str1.4646809750356241979.1)
                  0001cf6f    00000004     oled_ui.o (.rodata.str1.4723632947289500520.1)
                  0001cf73    00000004     oled_ui.o (.rodata.str1.4932371652560868037.1)
                  0001cf77    00000004     balance_tuning.o (.rodata.str1.5425032234050588950.1)
                  0001cf7b    00000004     oled_ui.o (.rodata.str1.5463568455719735.1)
                  0001cf7f    00000004     balance_tuning.o (.rodata.str1.5712957265389193314.1)
                  0001cf83    00000004     oled_ui.o (.rodata.str1.5965450730569173784.1)
                  0001cf87    00000004     oled_ui.o (.rodata.str1.6398192001994169976.1)
                  0001cf8b    00000004     balance_tuning.o (.rodata.str1.6600389014628918663.1)
                  0001cf8f    00000004     oled_ui.o (.rodata.str1.6744096065564390185.1)
                  0001cf93    00000004     oled_ui.o (.rodata.str1.6954814719705590448.1)
                  0001cf97    00000004     fault.o (.rodata.str1.7255546073596598018.1)
                  0001cf9b    00000004     oled_ui.o (.rodata.str1.7419768602719733415.1)
                  0001cf9f    00000004     oled_ui.o (.rodata.str1.763101100280173925.1)
                  0001cfa3    00000004     oled_ui.o (.rodata.str1.8236579331345056500.1)
                  0001cfa7    00000004     oled_ui.o (.rodata.str1.8426569189266129334.1)
                  0001cfab    00000004     oled_ui.o (.rodata.str1.8703997732205428909.1)
                  0001cfaf    00000004     oled_ui.o (.rodata.str1.9102528229756940648.1)
                  0001cfb3    00000004     oled_ui.o (.rodata.str1.9135818829835424837.1)
                  0001cfb7    00000004     oled_ui.o (.rodata.str1.9544068167406571052.1)
                  0001cfbb    00000004     menu.o (.rodata.str1.9546740394641817443.1)
                  0001cfbf    00000004     oled_ui.o (.rodata.str1.9554470707595806150.1)
                  0001cfc3    00000003     oled_ui.o (.rodata.str1.1019225241002246410.1)
                  0001cfc6    00000003     oled_ui.o (.rodata.str1.11178346780556493352.1)
                  0001cfc9    00000003     balance_tuning.o (.rodata.str1.11278905947013221575.1)
                  0001cfcc    00000003     oled_ui.o (.rodata.str1.11614055506586029288.1)
                  0001cfcf    00000003     balance_tuning.o (.rodata.str1.11637300377853929957.1)
                  0001cfd2    00000003     menu.o (.rodata.str1.12110183915172842339.1)
                  0001cfd5    00000003     balance_tuning.o (.rodata.str1.12635714987897210726.1)
                  0001cfd8    00000003     balance_tuning.o (.rodata.str1.12734032557881089407.1)
                  0001cfdb    00000003     menu.o (.rodata.str1.13124720451672825294.1)
                  0001cfde    00000003     oled_ui.o (.rodata.str1.13244290092665904221.1)
                  0001cfe1    00000003     oled_ui.o (.rodata.str1.13871579367539052597.1)
                  0001cfe4    00000003     oled_ui.o (.rodata.str1.13882251010780863896.1)
                  0001cfe7    00000003     balance_tuning.o (.rodata.str1.13887619254000044375.1)
                  0001cfea    00000003     oled_ui.o (.rodata.str1.13892659840332223045.1)
                  0001cfed    00000003     menu.o (.rodata.str1.14098755746347272832.1)
                  0001cff0    00000003     oled_ui.o (.rodata.str1.14132186318895045592.1)
                  0001cff3    00000003     oled_ui.o (.rodata.str1.14134189893851348960.1)
                  0001cff6    00000003     balance_tuning.o (.rodata.str1.14528236570236992956.1)
                  0001cff9    00000003     oled_ui.o (.rodata.str1.14675223611663555778.1)
                  0001cffc    00000003     oled_ui.o (.rodata.str1.14774750633985060196.1)
                  0001cfff    00000003     balance_tuning.o (.rodata.str1.16296215605590053309.1)
                  0001d002    00000003     balance_tuning.o (.rodata.str1.16547832629819082202.1)
                  0001d005    00000003     oled_ui.o (.rodata.str1.16895433903389883335.1)
                  0001d008    00000003     oled_ui.o (.rodata.str1.17242430504649735449.1)
                  0001d00b    00000003     oled_ui.o (.rodata.str1.17763087492223448992.1)
                  0001d00e    00000003     oled_ui.o (.rodata.str1.2193316011307952170.1)
                  0001d011    00000003     oled_ui.o (.rodata.str1.240075016795266086.1)
                  0001d014    00000003     balance_tuning.o (.rodata.str1.2615500520006570324.1)
                  0001d017    00000003     oled_ui.o (.rodata.str1.3407221357956504873.1)
                  0001d01a    00000003     oled_ui.o (.rodata.str1.4581686099848791648.1)
                  0001d01d    00000003     balance_tuning.o (.rodata.str1.4682479169720033769.1)
                  0001d020    00000003     balance_tuning.o (.rodata.str1.5640802589498099742.1)
                  0001d023    00000003     oled_ui.o (.rodata.str1.6473435968988645044.1)
                  0001d026    00000003     oled_ui.o (.rodata.str1.6765272904519285768.1)
                  0001d029    00000003     menu.o (.rodata.str1.6857549598058878762.1)
                  0001d02c    00000003     balance_tuning.o (.rodata.str1.6917382548022814571.1)
                  0001d02f    00000003     oled_ui.o (.rodata.str1.7205245123442117851.1)
                  0001d032    00000003     fault.o (.rodata.str1.8193046109637024842.1)
                  0001d035    00000003     oled_ui.o (.rodata.str1.8615431116298670950.1)
                  0001d038    00000003     oled_ui.o (.rodata.str1.9611283282870761829.1)
                  0001d03b    00000003     balance_tuning.o (.rodata.str1.9612798771567357072.1)
                  0001d03e    00000003     oled_ui.o (.rodata.str1.9992244628984851027.1)
                  0001d041    00000002     ti_msp_dl_config.o (.rodata.gUART_BALANCE_TUNINGClockConfig)
                  0001d043    00000002     ti_msp_dl_config.o (.rodata.gUART_VISIONClockConfig)
                  0001d045    00000002     oled_ui.o (.rodata.str1.13455707389137064912.1)
                  0001d047    00000002     oled_ui.o (.rodata.str1.14556837007311414654.1)
                  0001d049    00000002     h_task_controller.o (.rodata.str1.16562226456732063871.1)
                  0001d04b    00000002     h_task_controller.o (.rodata.str1.16964039454944171219.1)
                  0001d04d    00000002     h_task_controller.o (.rodata.str1.17455900165720181003.1)
                  0001d04f    00000002     oled_ui.o (.rodata.str1.35417727660486075.1)
                  0001d051    00000002     balance_tuning.o (.rodata.str1.4629573628335303588.1)
                  0001d053    00000005     --HOLE-- [fill = 0]

.init_array 
*          0    00000000    00000000     UNINITIALIZED

.binit     0    0001d0e8    00000010     
                  0001d0e8    00000010     (.binit)

.TI.bound:g_balanceCalibrationReservedSector 
*          0    0001fc00    00000400     
[...]
0001889f  TIMG6_IRQHandler                                     
0001889f  TIMG7_IRQHandler                                     
0001889f  TIMG8_IRQHandler                                     
0001889f  UART0_IRQHandler                                     
0001889f  UART1_IRQHandler                                     
000188a1  BalanceSoftLimits_AbortCalibration                   
000189e1  ObstacleMonitor_Update_20ms                          
00018a7d  memcpy                                               
00018b17  ObstacleAvoidance_Update_20ms                        
00018b19  BalancePositionControl_ResetFault                    
00018bb1  BalanceSoftLimits_CancelRecalibration                
00018c49  CarController_ResetTransientState                    
00018d79  CarController_StartTurnToYawRelative                 
00018e0d  BalanceTuning_Init                                   
00018e9d  SYSCFG_DL_UART_VISION_init                           
00018f2d  MotionAction_RefreshFollowLineTuning                 
00018fb9  SYSCFG_DL_PWM_MOTOR_init                             
00019045  SYSCFG_DL_UART_BALANCE_TUNING_init                   
000190d1  __aeabi_fmul                                         
000190d1  __mulsf3                                             
000191e9  BalanceSoftLimits_Enforce100usFromIsr                
00019271  strcmp                                               
000192f9  App_Init                                             
0001937d  CarController_SetSafetyHold                          
00019401  GimbalStepper_ConfirmZero                            
00019485  LineController_SetProfileOverride                    
00019509  Motor_Init                                           
00019611  __aeabi_fdiv                                         
00019611  __divsf3                                             
00019693  TrackSensor_Init                                     
00019695  BalancePositionControl_Init                          
00019715  CarController_StartDriveHeading                      
00019795  Motor_Stop                                           
00019815  UART3_IRQHandler                                     
00019895  OledUi_ShowBootStatus                                
00019911  __TI_decompress_lzss                                 
0001998d  MissionManager_Pause                                 
00019bdd  GimbalStepper_Release                                
00019c4d  HTaskController_Init                                 
00019d9d  TrackSensor_DetectTurn                               
00019e0b  VisionUart_Process                                   
00019e0d  MissionManager_GetSelectedMissionIndex               
00019e75  MotorControl_SetFeedforwardOverride                  
00019f45  TrackSensor_GetErrorFromRaw                          
00019fab  __aeabi_idiv0                                        
00019fad  BalanceSoftLimits_ResetPositionFault                 
0001a011  BalanceSoftLimits_StartCalibrationJogSteps           
0001a075  MissionManager_Start                                 
0001a0d9  App_ResetToReady                                     
0001a13b  __aeabi_ldiv0                                        
0001a13d  __aeabi_fcmpeq                                       
0001a151  __aeabi_fcmplt                                       
0001a165  __aeabi_fcmple                                       
0001a179  __aeabi_fcmpge                                       
0001a18d  __aeabi_fcmpgt                                       
0001a19f  memset                                               
0001a201  UART2_IRQHandler                                     
0001a261  __aeabi_f2lz                                         
0001a261  __fixsfdi                                            
0001a2c1  Ultrasonic_Update_20ms                               
0001a31d  VisionReceiver_Init                                  
0001a4e9  BalanceEncoder_Init                                  
0001a541  CarController_StartFollowLineAtCommand               
0001a599  MissionManager_Init                                  
0001a5f1  OLED_PrintChar                                       
0001a6a1  __aeabi_idiv                                         
0001a6a1  __aeabi_idivmod                                      
0001a6f9  BalanceSoftLimits_BeginFullCalibrationAtCurrentAsZero
0001a74d  CarController_Stop                                   
0001a7a1  MissionManager_Reset                                 
0001a7f5  TrackSensor_ReadRaw                                  
0001a849  WatchdogMonitor_ApplyFaultIfNeeded                   
0001a89d  BalancePositionControl_SetTrackingTarget             
0001a8ed  BalanceSoftLimits_GetSnapshot                        
0001a93d  Ultrasonic_Init                                      
0001a98d  WatchdogMonitor_Tick1msFromIsr                       
0001a9dd  __aeabi_l2f                                          
0001a9dd  __floatdisf                                          
0001aa2d  CarController_StartFollowLine                        
0001aa79  MotorControl_Stop                                    
0001aac5  copy_in                                              
0001aba9  __TI_auto_init_nopinit                               
0001abf5  CarController_ResumeFollowLine                       
0001ac3d  DL_UART_init                                         
0001ac85  MissionManager_Cancel                                
0001accd  SYSCFG_DL_initPower                                  
0001ad5d  BalanceBallControl_ResetConfig                       
0001ada1  BalanceTuning_AbortCalibrationSession                
0001ade5  EmergencyStop_Reset                                  
0001ae29  Encoder_GetAndClearPulseDeltas                       
0001ae6d  Imu_ResetYaw                                         
0001aeb1  Servo_Tick100us                                      
0001af39  BalanceEncoder_GetSnapshot                           
0001af79  BalanceSoftLimits_StopMotion                         
0001afb9  Fault_Raise                                          
0001aff9  SYSCFG_DL_SYSCTL_init                                
0001b039  VisionReceiver_PushByteFromIsr                       
0001b079  VisionUart_Init                                      
0001b0b9  __aeabi_uidiv                                        
0001b0b9  __aeabi_uidivmod                                     
0001b1b9  __divmoddi4                                          
0001b1f9  BalancePositionControl_Cancel                        
0001b235  MissionManager_Resume                                
0001b271  MotorControl_Init                                    
0001b2ad  Servo_SetAngleDeg                                    
0001b2e9  __aeabi_i2f                                          
0001b2e9  __floatsisf                                          
0001b325  __gesf2                                              
0001b325  __gtsf2                                              
0001b39d  __cmpsf2                                             
0001b39d  __eqsf2                                              
0001b39d  __lesf2                                              
0001b39d  __ltsf2                                              
0001b39d  __nesf2                                              
0001b3d9  __muldsi3                                            
0001b415  BalanceBallControl_SetTargetMm                       
0001b44d  EmergencyStop_Trigger                                
0001b485  MotionAction_Cancel                                  
0001b4bd  __aeabi_f2iz                                         
0001b4bd  __fixsfsi                                            
0001b4f5  BalancePositionControl_SetTrackingThresholds         
0001b529  HTaskController_RequestNormalStop                    
0001b55d  Imu_IsReady                                          
0001b5f9  OLED_PrintString                                     
0001b62d  Key_Init                                             
0001b65d  LineController_ObserveSensors                        
0001b68d  WatchdogMonitor_Init                                 
0001b6bd  WatchdogMonitor_Reset                                
0001b71d  BalancePositionControl_StartTracking                 
0001b749  CarController_SetFollowLineBaseCommand               
0001b775  Encoder_Reset                                        
0001b7a1  TrackSensor_CountBlack                               
0001b7cd  BalanceSoftLimits_CancelTravelTest                   
0001b7f5  DL_FlashCTL_programMemoryFromRAM64WithECCGenerated   
0001b81d  EmergencyStop_Enforce                                
0001b845  Magnet_ForceOff                                      
0001b86d  SYSCFG_DL_init                                       
0001b895  Servo_Init                                           
0001b8bd  __aeabi_ui2f                                         
0001b8bd  __floatunsisf                                        
0001b8e5  _c_int00_noargs                                      
0001b90d  BalanceEncoder_SampleSpeed10msFromIsr                
0001b931  BalancePositionControl_GetSnapshot                   
0001b955  BalanceSoftLimits_CancelOscillationTest              
0001b979  GimbalStepper_GetFeedbackSnapshot                    
0001b99d  HTaskController_VehicleToString                      
0001b9c1  LineController_ClearProfileOverride                  
0001b9e5  Menu_Init                                            
0001ba09  MissionManager_ReportExternalFailure                 
0001ba2d  MotionAction_Init                                    
0001ba51  MotorControl_Reset                                   
0001ba75  OLED_ClearBuffer                                     
0001ba99  __aeabi_lmul                                         
0001ba99  __muldi3                                             
0001babd  BalanceBallControl_ForceStop                         
0001badd  DL_Timer_overrideCCPOut                              
0001bafd  DebugTelemetry_Update                                
0001bb1d  GROUP1_IRQHandler                                    
0001bb3d  Magnet_Init                                          
0001bb5d  OLED_SetCursor                                       
0001bb7d  SchedulerMonitor_GetStats                            
0001bb9d  VisionReceiver_GetProtocolErrorCount                 
0001bbbd  memcmp                                               
0001bbfd  __aeabi_llsl                                         
0001bbfd  __ashldi3                                            
0001bc1d  BalanceBallControl_Disable                           
0001bc39  BalanceBallControl_GetConfig                         
0001bc55  DL_Timer_setCaptCompUpdateMethod                     
0001bc71  DL_Timer_setClockConfig                              
0001bc8d  HTaskController_GetSnapshot                          
0001bca9  HTaskController_IsActive                             
0001bcc5  HTaskController_StateToString                        
0001bce1  HeadingControl_SetTargetYaw                          
0001bcfd  MotorControl_ClearFeedforwardOverride                
0001bd19  ObstacleMonitor_Init                                 
0001bd35  ObstacleSafety_Init                                  
0001bd51  WatchdogMonitor_NotifyControlCycleComplete           
0001bd89  DL_FlashCTL_eraseMemoryFromRAM                       
0001bda1  DL_Timer_setCaptureCompareOutCtl                     
0001bdb9  DebugTelemetry_Init                                  
0001bdd1  HeadingControl_Init                                  
0001bde9  HeadingControl_Reset                                 
0001be01  Menu_ParamItemToString                               
0001be19  MissionLibrary_FindById                              
0001be31  ObstacleAvoidance_Init                               
0001be49  RuntimeSnapshot_Init                                 
0001be61  __aeabi_fcmpun                                       
0001be61  __unordsf2                                           
0001be79  BalanceBallControl_GetSnapshot                       
0001be8d  Fault_Clear                                          
0001bea1  Fault_Init                                           
0001beb5  GimbalStepper_SetStepHalfPeriodTicks                 
0001bec9  HeadingControl_Enable                                
0001bedd  MissionLibrary_GetByIndex                            
0001bef1  MissionManager_GetSelectedMissionId                  
0001bf05  __aeabi_ldivmod                                      
0001bf19  __aeabi_uldivmod                                     
0001bf2d  DL_UART_setClockConfig                               
0001bf3f  __TI_decompress_none                                 
0001bf51  BalancePositionControl_HasFault                      
0001bf61  DL_Timer_setCaptureCompareValue                      
0001bf71  Gimbal_YawGetFeedback                                
0001bf81  HTaskController_HasFault                             
0001bf91  Key_GetEvent                                         
0001bfa1  VisionReceiver_RecordUartBreakErrorFromIsr           
0001bfb1  VisionReceiver_RecordUartFramingErrorFromIsr         
0001bfc1  VisionReceiver_RecordUartOverrunFromIsr              
0001bfd1  VisionReceiver_RecordUartParityErrorFromIsr          
0001bfe1  __TI_zero_init                                       
0001bff1  BalanceEncoder_GetCountAtomic                        
0001bffd  BalancePositionControl_IsBusy                        
0001c009  BalanceSoftLimits_CancelCalibrationJog               
0001c015  BalanceSoftLimits_IsCalibrationActive                
0001c021  BalanceSoftLimits_IsOscillationTestActive            
0001c02d  BalanceSoftLimits_IsTravelTestActive                 
0001c039  CarController_GetRunMode                             
0001c045  CarController_Init                                   
0001c051  CarController_IsSafetyHoldActive                     
0001c05d  CarState_Get                                         
0001c069  CarState_Init                                        
0001c075  CarState_Set                                         
0001c081  EmergencyStop_Init                                   
0001c08d  EmergencyStop_IsActive                               
0001c099  Imu_GetCorrectedGyroZDps                             
0001c0a5  Imu_GetYaw                                           
0001c0b1  Menu_GetPage                                         
0001c0bd  Menu_GetParamItem                                    
0001c0c9  MissionManager_IsExternallyHeld                      
0001c0d5  MissionManager_SetExternalHold                       
0001c0e1  ObstacleAvoidance_IsActive                           
0001c0ed  ObstacleAvoidance_IsFailed                           
0001c0f9  ObstacleSafety_IsHolding                             
0001c105  SystemTime_GetMs                                     
0001c111  WatchdogMonitor_HasTripped                           
0001c11d  __aeabi_memclr                                       
0001c11d  __aeabi_memclr4                                      
0001c11d  __aeabi_memclr8                                      
0001c129  DL_Common_delayCycles                                
0001c133  MotionAction_Resume                                  
0001c13d  MotionAction_Start                                   
0001c147  TrackSensor_IsCenterDetected                         
0001c151  TrackSensor_IsLineDetected                           
0001c15b  TrackSensor_IsLineLost                               
0001c165  BalanceSoftLimits_CancelPositionMove                 
0001c16d  BalanceSoftLimits_IsPositionMoveActive               
0001c175  BluetoothUart_GetRuntime                             
0001c17d  CarController_GetFeedback                            
0001c185  Fault_GetRecord                                      
0001c18d  GimbalStepper_GetFeedback                            
0001c195  HeadingControl_GetRuntime                            
0001c19d  Imu_GetRuntime                                       
0001c1a5  LineController_GetRuntime                            
0001c1ad  MissionManager_GetMissionCount                       
0001c1b5  MissionManager_GetRuntime                            
0001c1bd  MotionAction_GetRuntime                              
0001c1c5  MotorControl_GetRuntime                              
0001c1cd  ObstacleAvoidance_GetFeedback                        
0001c1d5  ObstacleMonitor_GetFeedback                          
0001c1dd  OledUi_Init                                          
0001c1e5  RuntimeSnapshot_Get                                  
0001c1ed  Servo_GetFeedback                                    
0001c1f5  Ultrasonic_GetFeedback                               
0001c1fd  VisionReceiver_GetBallPositionObservation            
0001c205  VisionReceiver_GetStatus                             
0001c20d  VisionTuningConsole_GetStatus                        
0001c215  WatchdogMonitor_GetStatus                            
0001c21d  WheelSpeedEstimator_GetRuntime                       
0001c225  __aeabi_memcpy                                       
0001c225  __aeabi_memcpy4                                      
0001c225  __aeabi_memcpy8                                      
0001c22d  abort                                                
0001c232  C$$EXIT                                              
0001c233  HOSTexit                                             
0001c237  MissionLibrary_GetCount                              
0001c23b  ObstacleAvoidance_IsResumeGraceActive                
0001c23f  Reset_Handler                                        
0001c255  _system_pre_init                                     
0001d0b8  __TI_Handler_Table_Base                              
0001d0c4  __TI_Handler_Table_Limit                             
0001d0d4  __TI_CINIT_Base                                      
0001d0e4  __TI_CINIT_Limit                                     
0001d0e4  __TI_CINIT_Warm                                      
0001d0e8  __TI_table_binit                                     
0001d0e8  __binit__                                            
0001d0e8  binit                                                
0001fc00  g_balanceCalibrationReservedSector                   
20200000  __start___llvm_prf_bits                              
20200000  __start___llvm_prf_cnts                              
20200000  __stop___llvm_prf_bits                               
20200000  __stop___llvm_prf_cnts                               
20200fd0  g_appConfig                                          
202011e0  g_imuRuntime                                         
202013c4  g_appRuntime                                         
202014f0  g_wheelSpeedEstimatorRuntime                         
20201678  gUART_VISIONBackup                                   
20201818  g_headingRuntime                                     
20201a06  g_trackError                                         
20201a41  g_carStateDebug                                      
20201a42  g_keyEvent                                           
20201a43  g_oledPageDebug                                      
20201a44  g_paramItemDebug                                     
20201a45  g_trackBlackCount                                    
20201a46  g_trackModeDebug                                     
20201a47  g_trackRaw                                           
20201a48  g_trackTurnDebug                                     
20207e00  __stack                                              
20208000  __STACK_END                                          
ffffffff  __TI_pprof_out_hndl                                  
ffffffff  __TI_prof_data_size                                  
ffffffff  __TI_prof_data_start                                 
UNDEFED   __mpu_init                                           
UNDEFED   _system_post_cinit                                   

[420 symbols]
