******************************************************************************
            TI ARM Clang Linker PC v4.0.4                      
******************************************************************************
>> Linked Wed Jul 22 22:52:22 2026

OUTPUT FILE NAME:   <diansaikaishi.out>
ENTRY POINT SYMBOL: "_c_int00_noargs"  address: 0000dbdd


MEMORY CONFIGURATION

         name            origin    length      used     unused   attr    fill
----------------------  --------  ---------  --------  --------  ----  --------
  FLASH                 00000000   00020000  0000ece0  00011320  R  X
  SRAM                  20200000   00008000  00000dbe  00007242  RW X
  BCR_CONFIG            41c00000   000000ff  00000000  000000ff  R   
  BSL_CONFIG            41c00100   00000080  00000000  00000080  R   


SEGMENT ALLOCATION MAP

run origin  load origin   length   init length attrs members
----------  ----------- ---------- ----------- ----- -------
00000000    00000000    0000ece0   0000ece0    r-x
  00000000    00000000    000000c0   000000c0    r-- .intvecs
  000000c0    000000c0    0000e2e0   0000e2e0    r-x .text
  0000e3a0    0000e3a0    00000910   00000910    r-- .rodata
  0000ecb0    0000ecb0    00000030   00000030    r-- .cinit
20200000    20200000    00000bbe   00000000    rw-
  20200000    20200000    00000bbd   00000000    rw- .bss
  20200bbd    20200bbd    00000001   00000000    rw- .data
20207e00    20207e00    00000200   00000000    rw-
  20207e00    20207e00    00000200   00000000    rw- .stack


SECTION ALLOCATION MAP

 output                                  attributes/
section   page    origin      length       input sections
--------  ----  ----------  ----------   ----------------
.intvecs   0    00000000    000000c0     
                  00000000    000000c0     startup_mspm0g350x_ticlang.o (.intvecs)

.text      0    000000c0    0000e2e0     
                  000000c0    00001f5c     oled_ui.o (.text.OledUi_Update_20ms)
                  0000201c    00001dd4     vision_tuning_console.o (.text.VisionTuningConsole_Process)
                  00003df0    0000047c     gimbal_tracker.o (.text.GimbalTracker_Update)
                  0000426c    00000448     motor_control.o (.text.update_wheel)
                  000046b4    0000041c     wheel_speed_estimator.o (.text.WheelSpeedEstimator_Update)
                  00004ad0    000003b0     vision_receiver.o (.text.VisionReceiver_Process)
                  00004e80    00000388     gimbal_vision_yaw_tracker.o (.text.GimbalVisionYawTracker_Update10ms)
                  00005208    0000037c     menu.o (.text.Menu_HandleKeyEvent)
                  00005584    00000370     gimbal.o (.text.gimbal_update_feedback)
                  000058f4    00000310     vision_tuning_console.o (.text.append_scaled)
                  00005c04    000002f0     imu.o (.text.mpu6050_read_regs)
                  00005ef4    000002d8     imu.o (.text.Imu_Init)
                  000061cc    000002c4     app_config.o (.text.AppConfig_LimitAll)
                  00006490    000002a8     gimbal_tracker.o (.text.update_feedback)
                  00006738    00000298     gimbal.o (.text.Gimbal_YawSetWrappedTargetDeg)
                  000069d0    00000294     gimbal.o (.text.Gimbal_YawUpdate5ms)
                  00006c64    00000290     gimbal.o (.text.Gimbal_PitchSetTrackingSpeedDegS)
                  00006ef4    00000288     motor_control.o (.text.MotorControl_Update)
                  0000717c    00000260     gimbal.o (.text.gimbal_pitch_set_target_steps)
                  000073dc    00000254     oled.o (.text.OLED_Clear)
                  00007630    00000250     runtime_snapshot.o (.text.RuntimeSnapshot_Update)
                  00007880    00000238     gimbal.o (.text.gimbal_pitch_update_feedback)
                  00007ab8    00000228     gimbal_vision_pitch_tracker.o (.text.GimbalVisionPitchTracker_Update10ms)
                  00007ce0    00000214     imu.o (.text.Imu_CalibrateGyroBias)
                  00007ef4    00000204     motor.o (.text.Motor_SetSpeed)
                  000080f8    000001f4     vision_protocol.o (.text.VisionProtocol_ParseV1TargetFrame)
                  000082ec    000001e4     motor_control.o (.text.config_is_valid)
                  000084d0    000001cc     imu.o (.text.imu_i2c_write_byte)
                  0000869c    000001bc     gimbal.o (.text.Gimbal_PitchUpdate5ms)
                  00008858    000001b8     oled.o (.text.oled_i2c_write_byte)
                  00008a10    000001a0     motor_control.o (.text.MotorControl_SetSpeedTargetCmps)
                  00008bb0    000001a0     ultrasonic.o (.text.Ultrasonic_Tick100us)
                  00008d50    00000194     gimbal_stepper.o (.text.GimbalStepper_Tick100us)
                  00008ee4    00000188     gimbal_vision_yaw_tracker.o (.text.GimbalVisionYawTracker_Enable)
                  0000906c    00000180     gimbal.o (.text.Gimbal_PitchTick100us)
                  000091ec    0000017c     gimbal_stepper.o (.text.GimbalStepper_MoveToEstimatedSteps)
                  00009368    00000174     key.o (.text.Key_Update_20ms)
                  000094dc    0000016c     gimbal.o (.text.Gimbal_Init)
                  00009648    00000168     empty.o (.text.main)
                  000097b0    00000160     gimbal.o (.text.gimbal_yaw_set_target_x10)
                  00009910    00000158     vision_tuning_console.o (.text.send_parameter_reply)
                  00009a68    00000158     vision_tuning_console.o (.text.send_yaw_parameter_reply)
                  00009bc0    00000148     app_config.o (.text.AppConfig_InitDefault)
                  00009d08    0000013c     oled.o (.text.OLED_PrintInt16)
                  00009e44    00000138     app.o (.text.App_Update_20ms)
                  00009f7c    00000134     imu.o (.text.Imu_Update)
                  0000a0b0    0000012c     imu.o (.text.imu_i2c_recover_bus)
                  0000a1dc    00000128     gimbal.o (.text.Gimbal_YawEnableWorldLock)
                  0000a304    00000124     vision_tuning_console.o (.text.send_simple_reply)
                  0000a428    00000124     gimbal_vision_yaw_tracker.o (.text.sync_target_from_yaw)
                  0000a54c    00000104     driverlib.a : dl_timer.o (.text.DL_Timer_initFourCCPWMMode)
                  0000a650    000000fc     gimbal.o (.text.Gimbal_PitchRelease)
                  0000a74c    000000fc     empty.o (.text.SysTick_Handler)
                  0000a848    000000f0     gimbal.o (.text.Gimbal_PitchStopHold)
                  0000a938    000000f0     mission_manager.o (.text.MissionManager_SelectNext)
                  0000aa28    000000ec     gimbal_tracker.o (.text.sync_targets_from_gimbal)
                  0000ab14    000000e8     vision_protocol.o (.text.fields_are_valid)
                  0000abfc    000000e0     obstacle_safety.o (.text.ObstacleSafety_Update_20ms)
                  0000acdc    000000dc     gimbal.o (.text.Gimbal_PitchConfirmZero)
                  0000adb8    000000dc     ti_msp_dl_config.o (.text.SYSCFG_DL_GPIO_init)
                  0000ae94    000000dc     oled_ui.o (.text.print_tuning_change_value)
                  0000af70    000000d8     mission_manager.o (.text.MissionManager_SelectPrevious)
                  0000b048    000000d8     oled.o (.text.OLED_PrintUInt16)
                  0000b120    000000d8     wheel_speed_estimator.o (.text.WheelSpeedEstimator_Init)
                  0000b1f8    000000d8     menu.o (.text.menu_adjust_param)
                  0000b2d0    000000d8     libclang_rt.builtins.a : addsf3.S.obj (.text)
                  0000b3a8    000000d4     oled.o (.text.OLED_Init)
                  0000b47c    000000d0     oled.o (.text.OLED_PrintChar)
                  0000b54c    000000c8     fault.o (.text.FaultCode_ToShortString)
                  0000b614    000000c8     gimbal.o (.text.Gimbal_YawConfirmZero)
                  0000b6dc    000000b4     gimbal_stepper.o (.text.GimbalStepper_StopHold)
                  0000b790    000000b4     gimbal_vision_adapter.o (.text.GimbalVisionAdapter_Update)
                  0000b844    000000b0     gimbal_stepper.o (.text.GimbalStepper_Init)
                  0000b8f4    000000b0     gimbal.o (.text.Gimbal_PitchMoveRelativeDeg)
                  0000b9a4    000000aa     mission_library.o (.text.MissionLibrary_Validate)
                  0000ba4e    00000002     startup_mspm0g350x_ticlang.o (.text.Default_Handler)
                  0000ba50    000000a8     gimbal_vision_pitch_tracker.o (.text.GimbalVisionPitchTracker_Enable)
                  0000baf8    000000a4     encoder.o (.text.Encoder_HandleGpioInterrupt)
                  0000bb9c    000000a4     gimbal_vision_yaw_tracker.o (.text.wrap_deg_360)
                  0000bc40    000000a2     libclang_rt.builtins.a : udivmoddi4.S.obj (.text)
                  0000bce2    00000002     track_sensor.o (.text.TrackSensor_Init)
                  0000bce4    0000009c     obstacle_monitor.o (.text.ObstacleMonitor_Update_20ms)
                  0000bd80    0000009a     libc.a : memcpy16.S.obj (.text:memcpy)
                  0000be1a    00000002     libclang_rt.builtins.a : aeabi_div0.c.obj (.text.__aeabi_idiv0)
                  0000be1c    00000098     imu.o (.text.mpu6050_write_reg)
                  0000beb4    0000008c     gimbal.o (.text.Gimbal_YawDisableWorldLock)
                  0000bf40    0000008c     gimbal.o (.text.Gimbal_YawStopHold)
                  0000bfcc    0000008c     ti_msp_dl_config.o (.text.SYSCFG_DL_PWM_MOTOR_init)
                  0000c058    0000008c     libclang_rt.builtins.a : mulsf3.S.obj (.text.__mulsf3)
                  0000c0e4    0000000c     car_controller.o (.text.CarController_GetRunMode)
                  0000c0f0    00000088     libc.a : strcmp-armv6m.S.obj (.text:strcmp)
                  0000c178    00000084     gimbal_stepper.o (.text.GimbalStepper_ConfirmZero)
                  0000c1fc    00000084     gimbal_tracker.o (.text.GimbalTracker_PushObservation)
                  0000c280    00000084     motor.o (.text.Motor_Init)
                  0000c304    00000082     app.o (.text.App_Init)
                  0000c386    00000002     libclang_rt.builtins.a : aeabi_div0.c.obj (.text.__aeabi_ldiv0)
                  0000c388    00000082                            : divsf3.S.obj (.text.__divsf3)
                  0000c40a    00000002     --HOLE-- [fill = 0]
                  0000c40c    00000080     car_controller.o (.text.CarController_Init)
                  0000c48c    00000080     car_controller.o (.text.CarController_ResetRuntime)
                  0000c50c    00000080     gimbal_tracker.o (.text.GimbalTracker_Init)
                  0000c58c    00000080     motor.o (.text.Motor_Stop)
                  0000c60c    0000007c     vision_pitch_tuning.o (.text.VisionPitchTuning_Set)
                  0000c688    0000007c     libc.a : copy_decompress_lzss.c.obj (.text:decompress:lzss)
                  0000c704    00000078     oled.o (.text.oled_write_command)
                  0000c77c    00000074     car_controller.o (.text.CarController_SetSafetyHold)
                  0000c7f0    00000074     motor_control.o (.text.latch_control_error)
                  0000c864    00000070     gimbal_stepper.o (.text.GimbalStepper_Release)
                  0000c8d4    00000070     menu.o (.text.Menu_GetParamValue)
                  0000c944    00000070     ti_msp_dl_config.o (.text.SYSCFG_DL_UART_VISION_init)
                  0000c9b4    00000070     vision_yaw_tuning.o (.text.VisionYawTuning_Set)
                  0000ca24    0000006e     track_sensor.o (.text.TrackSensor_DetectTurn)
                  0000ca92    00000002     --HOLE-- [fill = 0]
                  0000ca94    0000006c     gimbal_vision_yaw_tracker.o (.text.GimbalVisionYawTracker_Init)
                  0000cb00    00000068     mission_manager.o (.text.MissionManager_GetSelectedMissionIndex)
                  0000cb68    00000064     gimbal.o (.text.Gimbal_YawRelease)
                  0000cbcc    00000062     libclang_rt.builtins.a : aeabi_fcmp.S.obj (.text.__aeabi_fcmp)
                  0000cc2e    00000062     libc.a : memset16.S.obj (.text:memset)
                  0000cc90    00000060     gimbal_tracker.o (.text.GimbalTracker_Enable)
                  0000ccf0    00000060     gimbal_tracker.o (.text.GimbalTracker_GetFeedback)
                  0000cd50    00000060     vision_tuning_console.o (.text.VisionTuningConsole_Init)
                  0000cdb0    00000060     libclang_rt.builtins.a : fixsfdi.S.obj (.text.__fixsfdi)
                  0000ce10    0000005e     oled.o (.text.OLED_PrintBinary7)
                  0000ce6e    00000002     --HOLE-- [fill = 0]
                  0000ce70    0000005c     vision_uart.o (.text.UART3_IRQHandler)
                  0000cecc    0000005c     ultrasonic.o (.text.Ultrasonic_Update_20ms)
                  0000cf28    00000058     gimbal.o (.text.Gimbal_YawMoveRelativeDeg)
                  0000cf80    00000056     libclang_rt.builtins.a : aeabi_idivmod.S.obj (.text.__aeabi_idivmod)
                  0000cfd6    00000002     --HOLE-- [fill = 0]
                  0000cfd8    00000054     gimbal_vision_yaw_tracker.o (.text.float_to_scaled_i16)
                  0000d02c    00000054     gimbal_vision_yaw_tracker.o (.text.stop_owned_tracking)
                  0000d080    00000050     mission_manager.o (.text.MissionManager_Start)
                  0000d0d0    00000050     ultrasonic.o (.text.Ultrasonic_Init)
                  0000d120    00000050     watchdog_monitor.o (.text.WatchdogMonitor_ApplyFaultIfNeeded)
                  0000d170    0000004e     libclang_rt.builtins.a : floatdisf.S.obj (.text.__floatdisf)
                  0000d1be    00000002     --HOLE-- [fill = 0]
                  0000d1c0    0000004c     motor_control.o (.text.MotorControl_Stop)
                  0000d20c    0000004c     watchdog_monitor.o (.text.WatchdogMonitor_Tick1msFromIsr)
                  0000d258    00000048     driverlib.a : dl_uart.o (.text.DL_UART_init)
                  0000d2a0    00000048     mission_manager.o (.text.MissionManager_Init)
                  0000d2e8    00000044     encoder.o (.text.Encoder_GetAndClearPulseDeltas)
                  0000d32c    00000044     servo.o (.text.Servo_Tick100us)
                  0000d370    00000040     emergency_stop.o (.text.EmergencyStop_Reset)
                  0000d3b0    00000040     gimbal_vision_pitch_tracker.o (.text.GimbalVisionPitchTracker_Init)
                  0000d3f0    00000040     ti_msp_dl_config.o (.text.SYSCFG_DL_SYSCTL_init)
                  0000d430    00000040     ti_msp_dl_config.o (.text.SYSCFG_DL_initPower)
                  0000d470    00000040     vision_receiver.o (.text.VisionReceiver_PushByteFromIsr)
                  0000d4b0    00000040     libclang_rt.builtins.a : aeabi_uidivmod.S.obj (.text.__aeabi_uidivmod)
                  0000d4f0    0000003e                            : divmoddi4.c.obj (.text.__divmoddi4)
                  0000d52e    00000002     --HOLE-- [fill = 0]
                  0000d530    0000003c     gimbal_tracker.o (.text.GimbalTracker_ClearObservation)
                  0000d56c    0000003c     servo.o (.text.Servo_SetAngleDeg)
                  0000d5a8    0000003c     vision_tuning_console.o (.text.VisionTuningConsole_PushByteFromIsr)
                  0000d5e4    0000003c     libclang_rt.builtins.a : floatsisf.S.obj (.text.__floatsisf)
                  0000d620    0000003c                            : comparesf2.S.obj (.text.__gtsf2)
                  0000d65c    0000003c     libc.a : autoinit.c.obj (.text:__TI_auto_init_nobinit_nopinit)
                  0000d698    0000003a     libclang_rt.builtins.a : comparesf2.S.obj (.text.__eqsf2)
                  0000d6d2    00000002     --HOLE-- [fill = 0]
                  0000d6d4    0000003a                            : muldsi3.S.obj (.text.__muldsi3)
                  0000d70e    00000002     --HOLE-- [fill = 0]
                  0000d710    00000038     vision_receiver.o (.text.VisionReceiver_Init)
                  0000d748    00000038     libclang_rt.builtins.a : fixsfsi.S.obj (.text.__fixsfsi)
                  0000d780    00000034     emergency_stop.o (.text.EmergencyStop_Trigger)
                  0000d7b4    00000034     mission_manager.o (.text.MissionManager_Cancel)
                  0000d7e8    00000034     oled.o (.text.OLED_SetCursor)
                  0000d81c    00000034     vision_tuning_console.o (.text.VisionTuningConsole_TryPopTxByte)
                  0000d850    00000034     vision_uart.o (.text.VisionUart_Process)
                  0000d884    00000032     oled.o (.text.OLED_PrintString)
                  0000d8b6    00000002     --HOLE-- [fill = 0]
                  0000d8b8    00000030     fault.o (.text.Fault_Raise)
                  0000d8e8    00000030     gimbal_vision_yaw_tracker.o (.text.GimbalVisionYawTracker_GetFeedback)
                  0000d918    00000030     gimbal.o (.text.Gimbal_PitchGetFeedback)
                  0000d948    00000030     key.o (.text.Key_Init)
                  0000d978    00000030     mission_manager.o (.text.MissionManager_Reset)
                  0000d9a8    00000030     mission_manager.o (.text.MissionManager_Resume)
                  0000d9d8    00000030     vision_pitch_tuning.o (.text.VisionPitchTuning_RestoreDefault)
                  0000da08    00000030     watchdog_monitor.o (.text.WatchdogMonitor_Init)
                  0000da38    00000030     gimbal_vision_yaw_tracker.o (.text.refresh_yaw_feedback)
                  0000da68    0000002c     encoder.o (.text.Encoder_Reset)
                  0000da94    0000002c     vision_yaw_tuning.o (.text.VisionYawTuning_RestoreDefault)
                  0000dac0    0000002c     gimbal_vision_pitch_tracker.o (.text.speed_to_x10)
                  0000daec    00000028     obstacle_avoidance.o (.text.ObstacleAvoidance_Init)
                  0000db14    00000028     servo.o (.text.Servo_Init)
                  0000db3c    00000028     vision_pitch_tuning.o (.text.VisionPitchTuning_Init)
                  0000db64    00000028     watchdog_monitor.o (.text.WatchdogMonitor_Reset)
                  0000db8c    00000028     libclang_rt.builtins.a : floatunsisf.S.obj (.text.__floatunsisf)
                  0000dbb4    00000028     libc.a : memmov.c.obj (.text.memmove)
                  0000dbdc    00000028            : boot_cortex_m.c.obj (.text:_c_int00_noargs)
                  0000dc04    00000024     emergency_stop.o (.text.EmergencyStop_Enforce)
                  0000dc28    00000024     gimbal_vision_pitch_tracker.o (.text.GimbalVisionPitchTracker_GetFeedback)
                  0000dc4c    00000024     mission_manager.o (.text.MissionManager_ReportExternalFailure)
                  0000dc70    00000024     motor_control.o (.text.MotorControl_Init)
                  0000dc94    00000024     motor_control.o (.text.MotorControl_Reset)
                  0000dcb8    00000024     ti_msp_dl_config.o (.text.SYSCFG_DL_init)
                  0000dcdc    00000024     vision_yaw_tuning.o (.text.VisionYawTuning_Init)
                  0000dd00    00000024     libclang_rt.builtins.a : muldi3.S.obj (.text.__muldi3)
                  0000dd24    00000020     car_controller.o (.text.CarController_Stop)
                  0000dd44    00000020     driverlib.a : dl_timer.o (.text.DL_Timer_overrideCCPOut)
                  0000dd64    00000020     debug_telemetry.o (.text.DebugTelemetry_Update)
                  0000dd84    00000020     mission_manager.o (.text.MissionManager_Pause)
                  0000dda4    00000020     motion_action.o (.text.MotionAction_Init)
                  0000ddc4    00000020     empty.o (.text.SchedulerMonitor_GetStats)
                  0000dde4    00000020     vision_receiver.o (.text.VisionReceiver_GetProtocolErrorCount)
                  0000de04    00000020     menu.o (.text.menu_next_main_page)
                  0000de24    0000001e     libclang_rt.builtins.a : ashldi3.S.obj (.text.__ashldi3)
                  0000de42    00000002     --HOLE-- [fill = 0]
                  0000de44    0000001c     driverlib.a : dl_timer.o (.text.DL_Timer_setCaptCompUpdateMethod)
                  0000de60    0000001c                 : dl_timer.o (.text.DL_Timer_setClockConfig)
                  0000de7c    0000001c     gimbal_vision_adapter.o (.text.GimbalVisionAdapter_Init)
                  0000de98    0000001c     imu.o (.text.Imu_IsReady)
                  0000deb4    0000001c     menu.o (.text.Menu_Init)
                  0000ded0    0000001c     obstacle_monitor.o (.text.ObstacleMonitor_Init)
                  0000deec    0000001c     obstacle_safety.o (.text.ObstacleSafety_Init)
                  0000df08    0000001c     vision_pitch_tuning.o (.text.VisionPitchTuning_ParamName)
                  0000df24    0000001c     vision_yaw_tuning.o (.text.VisionYawTuning_GetSnapshot)
                  0000df40    0000001c     vision_yaw_tuning.o (.text.VisionYawTuning_ParamName)
                  0000df5c    0000001c     watchdog_monitor.o (.text.WatchdogMonitor_NotifyControlCycleComplete)
                  0000df78    00000018     car_controller.o (.text.CarController_RunModeToString)
                  0000df90    00000018     driverlib.a : dl_timer.o (.text.DL_Timer_setCaptureCompareOutCtl)
                  0000dfa8    00000018     debug_telemetry.o (.text.DebugTelemetry_Init)
                  0000dfc0    00000018     menu.o (.text.Menu_ParamItemToString)
                  0000dfd8    00000018     mission_library.o (.text.MissionLibrary_FindById)
                  0000dff0    00000018     motion_action.o (.text.MotionAction_Cancel)
                  0000e008    00000018     runtime_snapshot.o (.text.RuntimeSnapshot_Init)
                  0000e020    00000016     libclang_rt.builtins.a : comparesf2.S.obj (.text.__unordsf2)
                  0000e036    00000002     --HOLE-- [fill = 0]
                  0000e038    00000014     fault.o (.text.Fault_Clear)
                  0000e04c    00000014     fault.o (.text.Fault_Init)
                  0000e060    00000014     empty.o (.text.GROUP1_IRQHandler)
                  0000e074    00000014     gimbal_stepper.o (.text.GimbalStepper_SetStepHalfPeriodTicks)
                  0000e088    00000014     heading_control.o (.text.HeadingControl_Init)
                  0000e09c    00000014     heading_control.o (.text.HeadingControl_Reset)
                  0000e0b0    00000014     mission_library.o (.text.MissionLibrary_GetByIndex)
                  0000e0c4    00000014     mission_manager.o (.text.MissionManager_GetSelectedMissionId)
                  0000e0d8    00000014     vision_pitch_tuning.o (.text.VisionPitchTuning_GetSnapshot)
                  0000e0ec    00000014     vision_uart.o (.text.VisionUart_Init)
                  0000e100    00000014     libclang_rt.builtins.a : aeabi_ldivmod.S.obj (.text.__aeabi_ldivmod)
                  0000e114    00000014                            : aeabi_uldivmod.S.obj (.text.__aeabi_uldivmod)
                  0000e128    00000012     driverlib.a : dl_uart.o (.text.DL_UART_setClockConfig)
                  0000e13a    00000012     libc.a : copy_decompress_none.c.obj (.text:decompress:none)
                  0000e14c    00000010     driverlib.a : dl_timer.o (.text.DL_Timer_setCaptureCompareValue)
                  0000e15c    00000010     gimbal.o (.text.Gimbal_YawGetFeedback)
                  0000e16c    00000010     key.o (.text.Key_GetEvent)
                  0000e17c    00000010     obstacle_avoidance.o (.text.ObstacleAvoidance_IsResumeGraceActive)
                  0000e18c    00000010     libc.a : copy_zero_init.c.obj (.text:decompress:ZI)
                  0000e19c    0000000c     car_controller.o (.text.CarController_IsSafetyHoldActive)
                  0000e1a8    0000000c     car_state.o (.text.CarState_Get)
                  0000e1b4    0000000c     car_state.o (.text.CarState_Init)
                  0000e1c0    0000000c     car_state.o (.text.CarState_Set)
                  0000e1cc    0000000c     emergency_stop.o (.text.EmergencyStop_Init)
                  0000e1d8    0000000c     emergency_stop.o (.text.EmergencyStop_IsActive)
                  0000e1e4    0000000c     gimbal_vision_adapter.o (.text.GimbalVisionAdapter_GetObservation)
                  0000e1f0    0000000c     gimbal.o (.text.Gimbal_Tick100us)
                  0000e1fc    0000000c     gimbal.o (.text.Gimbal_Update5ms)
                  0000e208    0000000c     imu.o (.text.Imu_GetCorrectedGyroZDps)
                  0000e214    0000000c     imu.o (.text.Imu_GetYaw)
                  0000e220    0000000c     imu.o (.text.Imu_ResetYaw)
                  0000e22c    0000000c     menu.o (.text.Menu_GetPage)
                  0000e238    0000000c     menu.o (.text.Menu_GetParamItem)
                  0000e244    0000000c     mission_manager.o (.text.MissionManager_IsExternallyHeld)
                  0000e250    0000000c     mission_manager.o (.text.MissionManager_SetExternalHold)
                  0000e25c    0000000c     obstacle_avoidance.o (.text.ObstacleAvoidance_IsActive)
                  0000e268    0000000c     obstacle_avoidance.o (.text.ObstacleAvoidance_IsFailed)
                  0000e274    0000000c     obstacle_safety.o (.text.ObstacleSafety_IsHolding)
                  0000e280    0000000c     oled_ui.o (.text.OledUi_Init)
                  0000e28c    0000000c     empty.o (.text.SystemTime_GetMs)
                  0000e298    0000000c     watchdog_monitor.o (.text.WatchdogMonitor_HasTripped)
                  0000e2a4    0000000c     libclang_rt.builtins.a : aeabi_memset.S.obj (.text.__aeabi_memclr)
                  0000e2b0    0000000a     driverlib.a : dl_common.o (.text.DL_Common_delayCycles)
                  0000e2ba    0000000a     track_sensor.o (.text.TrackSensor_IsCenterDetected)
                  0000e2c4    0000000a     track_sensor.o (.text.TrackSensor_IsLineDetected)
                  0000e2ce    0000000a     track_sensor.o (.text.TrackSensor_IsLineLost)
                  0000e2d8    00000008     fault.o (.text.Fault_GetRecord)
                  0000e2e0    00000008     gimbal_stepper.o (.text.GimbalStepper_GetFeedback)
                  0000e2e8    00000008     gimbal_vision_adapter.o (.text.GimbalVisionAdapter_GetFeedback)
                  0000e2f0    00000008     gimbal.o (.text.Gimbal_PitchStopTrackingHold)
                  0000e2f8    00000008     heading_control.o (.text.HeadingControl_GetRuntime)
                  0000e300    00000008     imu.o (.text.Imu_GetRuntime)
                  0000e308    00000008     mission_manager.o (.text.MissionManager_GetMissionCount)
                  0000e310    00000008     mission_manager.o (.text.MissionManager_GetRuntime)
                  0000e318    00000008     motion_action.o (.text.MotionAction_GetRuntime)
                  0000e320    00000008     motor_control.o (.text.MotorControl_GetRuntime)
                  0000e328    00000008     obstacle_avoidance.o (.text.ObstacleAvoidance_GetFeedback)
                  0000e330    00000008     obstacle_monitor.o (.text.ObstacleMonitor_GetFeedback)
                  0000e338    00000008     servo.o (.text.Servo_GetFeedback)
                  0000e340    00000008     ultrasonic.o (.text.Ultrasonic_GetFeedback)
                  0000e348    00000008     vision_pitch_tuning.o (.text.VisionPitchTuning_GetStatus)
                  0000e350    00000008     vision_receiver.o (.text.VisionReceiver_GetObservation)
                  0000e358    00000008     vision_receiver.o (.text.VisionReceiver_GetStatus)
                  0000e360    00000008     vision_tuning_console.o (.text.VisionTuningConsole_GetStatus)
                  0000e368    00000008     watchdog_monitor.o (.text.WatchdogMonitor_GetStatus)
                  0000e370    00000008     wheel_speed_estimator.o (.text.WheelSpeedEstimator_GetRuntime)
                  0000e378    00000008     libclang_rt.builtins.a : aeabi_memcpy.S.obj (.text.__aeabi_memcpy)
                  0000e380    00000008                            : aeabi_memmove.S.obj (.text.__aeabi_memmove)
                  0000e388    00000006     libc.a : exit.c.obj (.text:abort)
                  0000e38e    00000004     libsysbm.a : hostexit.c.obj (.text.HOSTexit)
                  0000e392    00000004     mission_library.o (.text.MissionLibrary_GetCount)
                  0000e396    00000004     startup_mspm0g350x_ticlang.o (.text.Reset_Handler)
                  0000e39a    00000004     libc.a : pre_init.c.obj (.text._system_pre_init)
                  0000e39e    00000002     --HOLE-- [fill = 0]

.cinit     0    0000ecb0    00000030     
                  0000ecb0    0000000c     (__TI_handler_table)
                  0000ecbc    00000008     (.cinit..bss.load) [load image, compression = zero_init]
                  0000ecc4    00000005     (.cinit..data.load) [load image, compression = lzss]
                  0000ecc9    00000003     --HOLE-- [fill = 0]
                  0000eccc    00000010     (__TI_cinit_table)
                  0000ecdc    00000004     --HOLE-- [fill = 0]

.rodata    0    0000e3a0    00000910     
                  0000e3a0    000000d8     oled.o (.rodata..Lswitch.table.OLED_PrintChar)
                  0000e478    000000a8     mission_library.o (.rodata.g_missionMapA)
                  0000e520    000000a8     mission_library.o (.rodata.g_missionMapB)
                  0000e5c8    00000078     mission_library.o (.rodata.g_missionMapC)
                  0000e640    00000030     oled_ui.o (.rodata..Lswitch.table.OledUi_Update_20ms.171)
                  0000e670    00000030     mission_library.o (.rodata.g_missionRegistry)
                  0000e6a0    00000024     menu.o (.rodata..Lswitch.table.Menu_ParamItemToString)
                  0000e6c4    00000024     oled_ui.o (.rodata..Lswitch.table.OledUi_Update_20ms.175)
                  0000e6e8    00000024     oled_ui.o (.rodata..Lswitch.table.OledUi_Update_20ms.177)
                  0000e70c    00000020     oled_ui.o (.rodata..Lswitch.table.OledUi_Update_20ms.176)
                  0000e72c    0000001c     car_controller.o (.rodata..Lswitch.table.CarController_RunModeToString)
                  0000e748    0000001c     vision_tuning_console.o (.rodata.str1.1836208005852235077.1)
                  0000e764    00000018     oled_ui.o (.rodata..Lswitch.table.OledUi_Update_20ms.178)
                  0000e77c    00000018     vision_pitch_tuning.o (.rodata..Lswitch.table.VisionPitchTuning_ParamName)
                  0000e794    00000014     vision_yaw_tuning.o (.rodata..Lswitch.table.VisionYawTuning_ParamName)
                  0000e7a8    00000010     oled_ui.o (.rodata.str1.13882251010780863896.1)
                  0000e7b8    0000000e     oled_ui.o (.rodata.str1.10416366799939242409.1)
                  0000e7c6    00000002     ti_msp_dl_config.o (.rodata.gUART_VISIONClockConfig)
                  0000e7c8    0000000c     mission_library.o (.rodata..Lswitch.table.MissionLibrary_FindById)
                  0000e7d4    0000000c     oled_ui.o (.rodata..Lswitch.table.OledUi_Update_20ms.170)
                  0000e7e0    0000000c     oled_ui.o (.rodata..Lswitch.table.OledUi_Update_20ms.172)
                  0000e7ec    0000000a     ti_msp_dl_config.o (.rodata.gUART_VISIONConfig)
                  0000e7f6    0000000a     vision_tuning_console.o (.rodata.str1.4859846923128959820.1)
                  0000e800    0000000a     vision_tuning_console.o (.rodata.str1.7225688704195888286.1)
                  0000e80a    00000009     oled_ui.o (.rodata.str1.14358698208395374265.1)
                  0000e813    00000009     oled_ui.o (.rodata.str1.3025253791635144717.1)
                  0000e81c    00000008     menu.o (.rodata.cst8)
                  0000e824    00000008     ti_msp_dl_config.o (.rodata.gPWM_MOTORConfig)
                  0000e82c    00000008     vision_tuning_console.o (.rodata.str1.11718269490974306969.1)
                  0000e834    00000008     oled_ui.o (.rodata.str1.14740362735394205067.1)
                  0000e83c    00000008     oled_ui.o (.rodata.str1.16554583589798097927.1)
                  0000e844    00000008     vision_tuning_console.o (.rodata.str1.3293472937029561918.1)
                  0000e84c    00000008     oled_ui.o (.rodata.str1.5689016102676777062.1)
                  0000e854    00000008     oled_ui.o (.rodata.str1.8950259614286592359.1)
                  0000e85c    00000007     vision_tuning_console.o (.rodata.str1.10860306953068020798.1)
                  0000e863    00000007     oled_ui.o (.rodata.str1.13750180467131823662.1)
                  0000e86a    00000007     oled_ui.o (.rodata.str1.6350830172869379626.1)
                  0000e871    00000006     vision_tuning_console.o (.rodata.str1.10319329813075420582.1)
                  0000e877    00000006     oled_ui.o (.rodata.str1.1108652269057166745.1)
                  0000e87d    00000006     mission_library.o (.rodata.str1.13636476544574750902.1)
                  0000e883    00000006     oled_ui.o (.rodata.str1.1445687256832830955.1)
                  0000e889    00000006     mission_library.o (.rodata.str1.15668266851434757964.1)
                  0000e88f    00000006     oled_ui.o (.rodata.str1.15829239520183577662.1)
                  0000e895    00000006     oled_ui.o (.rodata.str1.15935041339501476673.1)
                  0000e89b    00000006     oled_ui.o (.rodata.str1.16411631209783952401.1)
                  0000e8a1    00000006     oled_ui.o (.rodata.str1.17067061841413117831.1)
                  0000e8a7    00000006     oled_ui.o (.rodata.str1.17242430504649735449.1)
                  0000e8ad    00000006     oled_ui.o (.rodata.str1.182352409660151230.1)
                  0000e8b3    00000006     mission_library.o (.rodata.str1.199678142196697465.1)
                  0000e8b9    00000006     oled_ui.o (.rodata.str1.2714695401222167146.1)
                  0000e8bf    00000006     oled_ui.o (.rodata.str1.3407221357956504873.1)
                  0000e8c5    00000006     vision_tuning_console.o (.rodata.str1.4028100529439820245.1)
                  0000e8cb    00000006     oled_ui.o (.rodata.str1.9135818829835424837.1)
                  0000e8d1    00000005     menu.o (.rodata..Lswitch.table.Menu_HandleKeyEvent)
                  0000e8d6    00000005     oled.o (.rodata.oled_get_glyph.colon)
                  0000e8db    00000005     oled.o (.rodata.oled_get_glyph.eight)
                  0000e8e0    00000005     oled.o (.rodata.oled_get_glyph.five)
                  0000e8e5    00000005     oled.o (.rodata.oled_get_glyph.four)
                  0000e8ea    00000005     oled.o (.rodata.oled_get_glyph.glyphA)
                  0000e8ef    00000005     oled.o (.rodata.oled_get_glyph.glyphB)
                  0000e8f4    00000005     oled.o (.rodata.oled_get_glyph.glyphC)
                  0000e8f9    00000005     oled.o (.rodata.oled_get_glyph.glyphD)
                  0000e8fe    00000005     oled.o (.rodata.oled_get_glyph.glyphE)
                  0000e903    00000005     oled.o (.rodata.oled_get_glyph.glyphG)
                  0000e908    00000005     oled.o (.rodata.oled_get_glyph.glyphH)
                  0000e90d    00000005     oled.o (.rodata.oled_get_glyph.glyphI)
                  0000e912    00000005     oled.o (.rodata.oled_get_glyph.glyphK)
                  0000e917    00000005     oled.o (.rodata.oled_get_glyph.glyphL)
                  0000e91c    00000005     oled.o (.rodata.oled_get_glyph.glyphM)
                  0000e921    00000005     oled.o (.rodata.oled_get_glyph.glyphN)
                  0000e926    00000005     oled.o (.rodata.oled_get_glyph.glyphO)
                  0000e92b    00000005     oled.o (.rodata.oled_get_glyph.glyphP)
                  0000e930    00000005     oled.o (.rodata.oled_get_glyph.glyphR)
                  0000e935    00000005     oled.o (.rodata.oled_get_glyph.glyphS)
                  0000e93a    00000005     oled.o (.rodata.oled_get_glyph.glyphT)
                  0000e93f    00000005     oled.o (.rodata.oled_get_glyph.glyphU)
                  0000e944    00000005     oled.o (.rodata.oled_get_glyph.glyphV)
                  0000e949    00000005     oled.o (.rodata.oled_get_glyph.glyphW)
                  0000e94e    00000005     oled.o (.rodata.oled_get_glyph.glyphX)
                  0000e953    00000005     oled.o (.rodata.oled_get_glyph.glyphY)
                  0000e958    00000005     oled.o (.rodata.oled_get_glyph.glyphb)
                  0000e95d    00000005     oled.o (.rodata.oled_get_glyph.gt)
                  0000e962    00000005     oled.o (.rodata.oled_get_glyph.minus)
                  0000e967    00000005     oled.o (.rodata.oled_get_glyph.nine)
                  0000e96c    00000005     oled.o (.rodata.oled_get_glyph.one)
                  0000e971    00000005     oled.o (.rodata.oled_get_glyph.seven)
                  0000e976    00000005     oled.o (.rodata.oled_get_glyph.six)
                  0000e97b    00000005     oled.o (.rodata.oled_get_glyph.space)
                  0000e980    00000005     oled.o (.rodata.oled_get_glyph.three)
                  0000e985    00000005     oled.o (.rodata.oled_get_glyph.two)
                  0000e98a    00000005     oled.o (.rodata.oled_get_glyph.zero)
                  0000e98f    00000005     oled_ui.o (.rodata.str1.10263419832828250601.1)
                  0000e994    00000005     oled_ui.o (.rodata.str1.10430294223631918979.1)
                  0000e999    00000005     oled_ui.o (.rodata.str1.10509309789429088155.1)
                  0000e99e    00000005     oled_ui.o (.rodata.str1.11232419324784801130.1)
                  0000e9a3    00000005     oled_ui.o (.rodata.str1.11388022865931857840.1)
                  0000e9a8    00000005     oled_ui.o (.rodata.str1.12043213579996415112.1)
                  0000e9ad    00000005     oled_ui.o (.rodata.str1.12504350857748951577.1)
                  0000e9b2    00000005     oled_ui.o (.rodata.str1.12697925274637991987.1)
                  0000e9b7    00000005     oled_ui.o (.rodata.str1.13244290092665904221.1)
                  0000e9bc    00000005     oled_ui.o (.rodata.str1.13790669171379415506.1)
                  0000e9c1    00000005     vision_pitch_tuning.o (.rodata.str1.13915893147848268398.1)
                  0000e9c6    00000005     oled_ui.o (.rodata.str1.14134189893851348960.1)
                  0000e9cb    00000005     oled_ui.o (.rodata.str1.14168333168339663346.1)
                  0000e9d0    00000005     fault.o (.rodata.str1.14435905801345341244.1)
                  0000e9d5    00000005     oled_ui.o (.rodata.str1.14521350379984854626.1)
                  0000e9da    00000005     fault.o (.rodata.str1.1506612114648992996.1)
                  0000e9df    00000005     oled_ui.o (.rodata.str1.15575624326185233262.1)
                  0000e9e4    00000005     oled_ui.o (.rodata.str1.15802367878353263018.1)
                  0000e9e9    00000005     car_controller.o (.rodata.str1.1652194605229746967.1)
                  0000e9ee    00000005     oled_ui.o (.rodata.str1.16931641404301806744.1)
                  0000e9f3    00000005     oled_ui.o (.rodata.str1.16939060351352778619.1)
                  0000e9f8    00000005     fault.o (.rodata.str1.17097894860660336008.1)
                  0000e9fd    00000005     fault.o (.rodata.str1.17155043670132108083.1)
                  0000ea02    00000005     vision_tuning_console.o (.rodata.str1.17265544270347038021.1)
                  0000ea07    00000005     oled_ui.o (.rodata.str1.17540787658903907660.1)
                  0000ea0c    00000005     oled_ui.o (.rodata.str1.17881291656140238186.1)
                  0000ea11    00000005     oled_ui.o (.rodata.str1.18128648927899109887.1)
                  0000ea16    00000005     fault.o (.rodata.str1.2104670281202025270.1)
                  0000ea1b    00000005     oled_ui.o (.rodata.str1.2308938766145545715.1)
                  0000ea20    00000005     oled_ui.o (.rodata.str1.240075016795266086.1)
                  0000ea25    00000005     oled_ui.o (.rodata.str1.35417727660486075.1)
                  0000ea2a    00000005     oled_ui.o (.rodata.str1.3702290527496711532.1)
                  0000ea2f    00000005     car_controller.o (.rodata.str1.4164979912472006574.1)
                  0000ea34    00000005     fault.o (.rodata.str1.4453281041433270631.1)
                  0000ea39    00000005     fault.o (.rodata.str1.4549004730087743662.1)
                  0000ea3e    00000005     oled_ui.o (.rodata.str1.4551794666512319153.1)
                  0000ea43    00000005     oled_ui.o (.rodata.str1.4581472623415959594.1)
                  0000ea48    00000005     oled_ui.o (.rodata.str1.4610220316623841660.1)
                  0000ea4d    00000005     menu.o (.rodata.str1.4862307748908978627.1)
                  0000ea52    00000005     oled_ui.o (.rodata.str1.5291836437463020264.1)
                  0000ea57    00000005     oled_ui.o (.rodata.str1.58703915094955230.1)
                  0000ea5c    00000005     fault.o (.rodata.str1.6372787129294360447.1)
                  0000ea61    00000005     fault.o (.rodata.str1.6437946768974223044.1)
                  0000ea66    00000005     oled_ui.o (.rodata.str1.7050595558965647569.1)
                  0000ea6b    00000005     oled_ui.o (.rodata.str1.763101100280173925.1)
                  0000ea70    00000005     vision_yaw_tuning.o (.rodata.str1.7764041101441114269.1)
                  0000ea75    00000005     fault.o (.rodata.str1.8185770893384132067.1)
                  0000ea7a    00000005     oled_ui.o (.rodata.str1.8426569189266129334.1)
                  0000ea7f    00000005     oled_ui.o (.rodata.str1.8460525935980491721.1)
                  0000ea84    00000005     oled_ui.o (.rodata.str1.8471462185882660445.1)
                  0000ea89    00000005     oled_ui.o (.rodata.str1.8693388333057100694.1)
                  0000ea8e    00000005     oled_ui.o (.rodata.str1.8783421139296713095.1)
                  0000ea93    00000005     oled_ui.o (.rodata.str1.9159586779647977165.1)
                  0000ea98    00000005     oled_ui.o (.rodata.str1.9229350655415085.1)
                  0000ea9d    00000005     car_controller.o (.rodata.str1.9234375891235759983.1)
                  0000eaa2    00000005     car_controller.o (.rodata.str1.9981487771679760427.1)
                  0000eaa7    00000004     oled_ui.o (.rodata.str1.10077435089618835710.1)
                  0000eaab    00000004     oled_ui.o (.rodata.str1.1019225241002246410.1)
                  0000eaaf    00000004     oled_ui.o (.rodata.str1.10568433575767188072.1)
                  0000eab3    00000004     oled_ui.o (.rodata.str1.10600688730180713177.1)
                  0000eab7    00000004     oled_ui.o (.rodata.str1.10907125332684471422.1)
                  0000eabb    00000004     oled_ui.o (.rodata.str1.11178346780556493352.1)
                  0000eabf    00000004     oled_ui.o (.rodata.str1.11428648044669318875.1)
                  0000eac3    00000004     oled_ui.o (.rodata.str1.11614055506586029288.1)
                  0000eac7    00000004     oled_ui.o (.rodata.str1.11627403558423016802.1)
                  0000eacb    00000004     menu.o (.rodata.str1.12110183915172842339.1)
                  0000eacf    00000004     oled_ui.o (.rodata.str1.12182588061437138428.1)
                  0000ead3    00000004     oled_ui.o (.rodata.str1.12359577037488465078.1)
                  0000ead7    00000004     car_controller.o (.rodata.str1.12442237994239546032.1)
                  0000eadb    00000004     oled_ui.o (.rodata.str1.12571791089077708471.1)
                  0000eadf    00000004     oled_ui.o (.rodata.str1.12595606217184830646.1)
                  0000eae3    00000004     oled_ui.o (.rodata.str1.1276391367487699528.1)
                  0000eae7    00000004     oled_ui.o (.rodata.str1.12888220461447056082.1)
                  0000eaeb    00000004     oled_ui.o (.rodata.str1.12983537867572525563.1)
                  0000eaef    00000004     menu.o (.rodata.str1.13124720451672825294.1)
                  0000eaf3    00000004     fault.o (.rodata.str1.13582094816268305212.1)
                  0000eaf7    00000004     oled_ui.o (.rodata.str1.13871579367539052597.1)
                  0000eafb    00000004     oled_ui.o (.rodata.str1.13875148296791986931.1)
                  0000eaff    00000004     vision_tuning_console.o (.rodata.str1.14084955404328172175.1)
                  0000eb03    00000004     menu.o (.rodata.str1.14098755746347272832.1)
                  0000eb07    00000004     oled_ui.o (.rodata.str1.14556837007311414654.1)
                  0000eb0b    00000004     oled_ui.o (.rodata.str1.14711868471336838103.1)
                  0000eb0f    00000004     oled_ui.o (.rodata.str1.14774750633985060196.1)
                  0000eb13    00000004     oled_ui.o (.rodata.str1.15008238333949226094.1)
                  0000eb17    00000004     oled_ui.o (.rodata.str1.15132332204781002199.1)
                  0000eb1b    00000004     oled_ui.o (.rodata.str1.15577080202403550426.1)
                  0000eb1f    00000004     oled_ui.o (.rodata.str1.15613891207764622616.1)
                  0000eb23    00000004     oled_ui.o (.rodata.str1.15817398807211891688.1)
                  0000eb27    00000004     oled_ui.o (.rodata.str1.15859922799842739878.1)
                  0000eb2b    00000004     oled_ui.o (.rodata.str1.15917848551323629232.1)
                  0000eb2f    00000004     oled_ui.o (.rodata.str1.16290499236105125126.1)
                  0000eb33    00000004     fault.o (.rodata.str1.16482347271627360806.1)
                  0000eb37    00000004     oled_ui.o (.rodata.str1.16496169091617228061.1)
                  0000eb3b    00000004     oled_ui.o (.rodata.str1.16526439943277383452.1)
                  0000eb3f    00000004     vision_pitch_tuning.o (.rodata.str1.16579632732967443104.1)
                  0000eb43    00000004     oled_ui.o (.rodata.str1.16635595130967924751.1)
                  0000eb47    00000004     oled_ui.o (.rodata.str1.16895433903389883335.1)
                  0000eb4b    00000004     menu.o (.rodata.str1.17041139162815566052.1)
                  0000eb4f    00000004     car_controller.o (.rodata.str1.17172356789460551389.1)
                  0000eb53    00000004     oled_ui.o (.rodata.str1.17274519358952562110.1)
                  0000eb57    00000004     oled_ui.o (.rodata.str1.17464849429964608858.1)
                  0000eb5b    00000004     oled_ui.o (.rodata.str1.17763087492223448992.1)
                  0000eb5f    00000004     oled_ui.o (.rodata.str1.17763996158807330232.1)
                  0000eb63    00000004     oled_ui.o (.rodata.str1.17884296644359297425.1)
                  0000eb67    00000004     car_controller.o (.rodata.str1.18191498530309206443.1)
                  0000eb6b    00000004     oled_ui.o (.rodata.str1.1974573040514735405.1)
                  0000eb6f    00000004     oled_ui.o (.rodata.str1.2603845803395459882.1)
                  0000eb73    00000004     oled_ui.o (.rodata.str1.2608729314174233125.1)
                  0000eb77    00000004     oled_ui.o (.rodata.str1.270145429241168923.1)
                  0000eb7b    00000004     oled_ui.o (.rodata.str1.2742282290834473644.1)
                  0000eb7f    00000004     oled_ui.o (.rodata.str1.344790106308886506.1)
                  0000eb83    00000004     oled_ui.o (.rodata.str1.3455423528827705371.1)
                  0000eb87    00000004     oled_ui.o (.rodata.str1.3467953211977455017.1)
                  0000eb8b    00000004     oled_ui.o (.rodata.str1.4193589846040060630.1)
                  0000eb8f    00000004     oled_ui.o (.rodata.str1.4402311448527872260.1)
                  0000eb93    00000004     oled_ui.o (.rodata.str1.4581686099848791648.1)
                  0000eb97    00000004     oled_ui.o (.rodata.str1.4582914374586912483.1)
                  0000eb9b    00000004     oled_ui.o (.rodata.str1.4691821198597473371.1)
                  0000eb9f    00000004     oled_ui.o (.rodata.str1.4723632947289500520.1)
                  0000eba3    00000004     menu.o (.rodata.str1.5155000645726596423.1)
                  0000eba7    00000004     oled_ui.o (.rodata.str1.5853739094453432564.1)
                  0000ebab    00000004     oled_ui.o (.rodata.str1.5965888106848176421.1)
                  0000ebaf    00000004     oled_ui.o (.rodata.str1.6744096065564390185.1)
                  0000ebb3    00000004     oled_ui.o (.rodata.str1.6835749436006845616.1)
                  0000ebb7    00000004     oled_ui.o (.rodata.str1.6954814719705590448.1)
                  0000ebbb    00000004     car_controller.o (.rodata.str1.702403006289709404.1)
                  0000ebbf    00000004     oled_ui.o (.rodata.str1.7185587941321649510.1)
                  0000ebc3    00000004     oled_ui.o (.rodata.str1.7219546930854689545.1)
                  0000ebc7    00000004     fault.o (.rodata.str1.7255546073596598018.1)
                  0000ebcb    00000004     oled_ui.o (.rodata.str1.799718701096035713.1)
                  0000ebcf    00000004     oled_ui.o (.rodata.str1.8018480777946742726.1)
                  0000ebd3    00000004     oled_ui.o (.rodata.str1.8124536758062367015.1)
                  0000ebd7    00000004     oled_ui.o (.rodata.str1.8236579331345056500.1)
                  0000ebdb    00000004     oled_ui.o (.rodata.str1.8399051469953744892.1)
                  0000ebdf    00000004     oled_ui.o (.rodata.str1.8403269972884532600.1)
                  0000ebe3    00000004     vision_tuning_console.o (.rodata.str1.9292707793305368794.1)
                  0000ebe7    00000004     oled_ui.o (.rodata.str1.9295666102996717355.1)
                  0000ebeb    00000004     oled_ui.o (.rodata.str1.9351772214919528733.1)
                  0000ebef    00000004     vision_yaw_tuning.o (.rodata.str1.9489746196023004463.1)
                  0000ebf3    00000004     menu.o (.rodata.str1.9546740394641817443.1)
                  0000ebf7    00000004     oled_ui.o (.rodata.str1.9554470707595806150.1)
                  0000ebfb    00000004     oled_ui.o (.rodata.str1.9584387800903135389.1)
                  0000ebff    00000004     oled_ui.o (.rodata.str1.9611283282870761829.1)
                  0000ec03    00000004     oled_ui.o (.rodata.str1.967006512144173535.1)
                  0000ec07    00000004     oled_ui.o (.rodata.str1.9822857334037886482.1)
                  0000ec0b    00000004     oled_ui.o (.rodata.str1.9854382722193312766.1)
                  0000ec0f    00000003     ti_msp_dl_config.o (.rodata.gPWM_MOTORClockConfig)
                  0000ec12    00000003     vision_pitch_tuning.o (.rodata.str1.10553819018306626402.1)
                  0000ec15    00000003     oled_ui.o (.rodata.str1.11149198520117834688.1)
                  0000ec18    00000003     oled_ui.o (.rodata.str1.11794000050372113979.1)
                  0000ec1b    00000003     vision_tuning_console.o (.rodata.str1.12197883643583142124.1)
                  0000ec1e    00000003     oled_ui.o (.rodata.str1.12493748764729730277.1)
                  0000ec21    00000003     oled_ui.o (.rodata.str1.12617122458660443890.1)
                  0000ec24    00000003     oled_ui.o (.rodata.str1.12928245060369742404.1)
                  0000ec27    00000003     oled_ui.o (.rodata.str1.130772507669342127.1)
                  0000ec2a    00000003     oled_ui.o (.rodata.str1.13271657277589579873.1)
                  0000ec2d    00000003     oled_ui.o (.rodata.str1.13567883086814673087.1)
                  0000ec30    00000003     oled_ui.o (.rodata.str1.14132186318895045592.1)
                  0000ec33    00000003     oled_ui.o (.rodata.str1.14265077442249237877.1)
                  0000ec36    00000003     vision_pitch_tuning.o (.rodata.str1.15082469624955958926.1)
                  0000ec39    00000003     vision_yaw_tuning.o (.rodata.str1.15455206247194842411.1)
                  0000ec3c    00000003     menu.o (.rodata.str1.16312125044762562515.1)
                  0000ec3f    00000003     vision_tuning_console.o (.rodata.str1.16336339630363933256.1)
                  0000ec42    00000003     oled_ui.o (.rodata.str1.16849766574302683489.1)
                  0000ec45    00000003     vision_pitch_tuning.o (.rodata.str1.17185918124541117546.1)
                  0000ec48    00000003     oled_ui.o (.rodata.str1.17436941090773226089.1)
                  0000ec4b    00000003     oled_ui.o (.rodata.str1.17717236995185551183.1)
                  0000ec4e    00000003     oled_ui.o (.rodata.str1.17812014771544466701.1)
                  0000ec51    00000003     oled_ui.o (.rodata.str1.18266126048138325213.1)
                  0000ec54    00000003     vision_pitch_tuning.o (.rodata.str1.18308346119964257230.1)
                  0000ec57    00000003     oled_ui.o (.rodata.str1.18379317056176403938.1)
                  0000ec5a    00000003     vision_pitch_tuning.o (.rodata.str1.2353024170771920291.1)
                  0000ec5d    00000003     oled_ui.o (.rodata.str1.2522137003438374266.1)
                  0000ec60    00000003     oled_ui.o (.rodata.str1.2656948373757303877.1)
                  0000ec63    00000003     oled_ui.o (.rodata.str1.2983744876309220570.1)
                  0000ec66    00000003     vision_yaw_tuning.o (.rodata.str1.4032468970572441659.1)
                  0000ec69    00000003     menu.o (.rodata.str1.4646809750356241979.1)
                  0000ec6c    00000003     oled_ui.o (.rodata.str1.5004483696121082904.1)
                  0000ec6f    00000003     oled_ui.o (.rodata.str1.5376340479846291137.1)
                  0000ec72    00000003     oled_ui.o (.rodata.str1.5965450730569173784.1)
                  0000ec75    00000003     vision_yaw_tuning.o (.rodata.str1.6393086909333857079.1)
                  0000ec78    00000003     oled_ui.o (.rodata.str1.6473435968988645044.1)
                  0000ec7b    00000003     vision_yaw_tuning.o (.rodata.str1.6657421771701333087.1)
                  0000ec7e    00000003     oled_ui.o (.rodata.str1.6806727740681590176.1)
                  0000ec81    00000003     menu.o (.rodata.str1.6857549598058878762.1)
                  0000ec84    00000003     oled_ui.o (.rodata.str1.7419768602719733415.1)
                  0000ec87    00000003     oled_ui.o (.rodata.str1.7481335054564682966.1)
                  0000ec8a    00000003     oled_ui.o (.rodata.str1.7774807581888385879.1)
                  0000ec8d    00000003     fault.o (.rodata.str1.8193046109637024842.1)
                  0000ec90    00000003     oled_ui.o (.rodata.str1.8449035241871861290.1)
                  0000ec93    00000003     oled_ui.o (.rodata.str1.8709745090823444516.1)
                  0000ec96    00000003     oled_ui.o (.rodata.str1.9102528229756940648.1)
                  0000ec99    00000003     oled_ui.o (.rodata.str1.9544068167406571052.1)
                  0000ec9c    00000003     oled_ui.o (.rodata.str1.9646571805098343045.1)
                  0000ec9f    00000003     oled_ui.o (.rodata.str1.9992244628984851027.1)
                  0000eca2    00000002     oled_ui.o (.rodata.str1.2193316011307952170.1)
                  0000eca4    00000002     oled_ui.o (.rodata.str1.4082595774073207366.1)
                  0000eca6    00000002     oled_ui.o (.rodata.str1.4932371652560868037.1)
                  0000eca8    00000002     oled_ui.o (.rodata.str1.5463568455719735.1)
                  0000ecaa    00000002     oled_ui.o (.rodata.str1.9250665025187963892.1)
                  0000ecac    00000004     --HOLE-- [fill = 0]

.init_array 
*          0    00000000    00000000     UNINITIALIZED

.binit     0    00000000    00000000     

.bss       0    20200000    00000bbd     UNINITIALIZED
                  20200000    00000200     vision_receiver.o (.bss.g_ring)
                  20200200    00000100     vision_tuning_console.o (.bss.g_rxRing)
                  20200300    00000100     runtime_snapshot.o (.bss.g_snapshot)
                  20200400    00000100     vision_tuning_console.o (.bss.g_txRing)
                  20200500    000000ac     (.common:g_appConfig)
                  202005ac    0000007c     motor_control.o (.bss.g_runtime)
                  20200628    00000058     vision_receiver.o (.bss.g_status)
                  20200680    00000058     (.common:g_wheelSpeedEstimatorRuntime)
                  202006d8    00000048     gimbal_vision_adapter.o (.bss.g_feedback)
                  20200720    00000040     gimbal.o (.bss.g_feedback)
                  20200760    00000040     vision_tuning_console.o (.bss.g_line)
                  202007a0    00000040     gimbal.o (.bss.g_pitchFeedback)
                  202007e0    00000040     (.common:g_appRuntime)
                  20200820    00000030     (.common:gUART_VISIONBackup)
                  20200850    0000002c     vision_receiver.o (.bss.g_observation)
                  2020087c    0000002c     empty.o (.bss.g_schedulerStats)
                  202008a8    00000028     gimbal_tracker.o (.bss.g_feedback)
                  202008d0    00000028     vision_receiver.o (.bss.g_frame)
                  202008f8    00000028     (.common:g_imuRuntime)
                  20200920    00000024     gimbal_vision_yaw_tracker.o (.bss.g_feedback)
                  20200944    00000020     mission_manager.o (.bss.g_missionRuntime)
                  20200964    00000018     obstacle_avoidance.o (.bss.g_avoidFeedback)
                  2020097c    00000004     gimbal_tracker.o (.bss.g_filteredErrorX)
                  20200980    00000018     gimbal_stepper.o (.bss.g_feedback)
                  20200998    00000018     gimbal_vision_pitch_tracker.o (.bss.g_feedback)
                  202009b0    00000018     vision_pitch_tuning.o (.bss.g_status)
                  202009c8    00000018     vision_tuning_console.o (.bss.g_status)
                  202009e0    00000014     motion_action.o (.bss.g_motionActionRuntime)
                  202009f4    00000004     gimbal_tracker.o (.bss.g_filteredErrorY)
                  202009f8    00000014     vision_yaw_tuning.o (.bss.g_status)
                  20200a0c    00000014     watchdog_monitor.o (.bss.g_status)
                  20200a20    00000014     (.common:g_headingRuntime)
                  20200a34    00000010     fault.o (.bss.g_faultRecord)
                  20200a44    00000010     motor.o (.bss.g_motorRuntime)
                  20200a54    0000000e     car_controller.o (.bss.g_carControllerFeedback)
                  20200a62    00000002     ultrasonic.o (.bss.g_echoTicks)
                  20200a64    0000000e     ultrasonic.o (.bss.g_ultrasonicFeedback)
                  20200a72    00000002     gimbal.o (.bss.g_pitchHalfPeriodTicks)
                  20200a74    0000000c     gimbal_tracker.o (.bss.g_observation)
                  20200a80    0000000c     debug_telemetry.o (.bss.g_status)
                  20200a8c    00000008     obstacle_monitor.o (.bss.g_obstacleFeedback)
                  20200a94    00000004     gimbal_vision_adapter.o (.bss.g_lastAcceptedFrameCount)
                  20200a98    00000008     gimbal.o (.bss.g_pitchContinuousDegX10)
                  20200aa0    00000008     gimbal.o (.bss.g_pitchEstimatedSteps)
                  20200aa8    00000008     gimbal.o (.bss.g_pitchTargetDegX10)
                  20200ab0    00000008     gimbal.o (.bss.g_pitchTargetEstimatedSteps)
                  20200ab8    00000008     gimbal_stepper.o (.bss.g_stepperEstimatedSteps)
                  20200ac0    00000008     gimbal_stepper.o (.bss.g_stepperTargetEstimatedSteps)
                  20200ac8    00000008     gimbal.o (.bss.g_yawContinuousDegX10)
                  20200ad0    00000008     gimbal.o (.bss.g_yawLockedWorldYawDegX10)
                  20200ad8    00000008     gimbal.o (.bss.g_yawTargetContinuousDegX10)
                  20200ae0    00000008     gimbal.o (.bss.g_yawWorldTargetDegX10)
                  20200ae8    00000008     gimbal.o (.bss.g_yawWrappedDegX10)
                  20200af0    00000006     ultrasonic.o (.bss.g_distanceSamples)
                  20200af6    00000006     key.o (.bss.g_key1)
                  20200afc    00000006     key.o (.bss.g_key2)
                  20200b02    00000006     key.o (.bss.g_key3)
                  20200b08    00000004     debug_telemetry.o (.bss.g_lastFrameMs)
                  20200b0c    00000004     watchdog_monitor.o (.bss.g_lastTickMs)
                  20200b10    00000004     wheel_speed_estimator.o (.bss.g_latchedErrorFlags)
                  20200b14    00000004     empty.o (.bss.g_localTimeMs)
                  20200b18    00000004     motion_action.o (.bss.g_motionActionStartYawDeg)
                  20200b1c    00000004     encoder.o (.bss.g_motorAPulses)
                  20200b20    00000004     encoder.o (.bss.g_motorBPulses)
                  20200b24    00000004     gimbal.o (.bss.g_pitchCommandedRpm)
                  20200b28    00000004     gimbal.o (.bss.g_pitchCompletedSteps)
                  20200b2c    00000004     gimbal_tracker.o (.bss.g_pitchTargetDeg)
                  20200b30    00000004     gimbal.o (.bss.g_pitchTargetRpm)
                  20200b34    00000004     gimbal.o (.bss.g_pitchTrackingTargetRpm)
                  20200b38    00000004     servo.o (.bss.g_servoFeedback)
                  20200b3c    00000004     gimbal_vision_yaw_tracker.o (.bss.g_sessionId)
                  20200b40    00000004     gimbal_stepper.o (.bss.g_stepperCompletedSteps)
                  20200b44    00000004     gimbal_vision_yaw_tracker.o (.bss.g_targetWrappedDeg)
                  20200b48    00000004     gimbal.o (.bss.g_yawCommandedRpm)
                  20200b4c    00000004     gimbal.o (.bss.g_yawTargetRpm)
                  20200b50    00000004     gimbal_tracker.o (.bss.g_yawTargetWrappedDeg)
                  20200b54    00000004     empty.o (.bss.main.lastAppUpdateMs)
                  20200b58    00000002     gimbal.o (.bss.g_pitchStepHalfPeriodTicks)
                  20200b5a    00000002     obstacle_avoidance.o (.bss.g_resumeGraceMs)
                  20200b5c    00000002     vision_receiver.o (.bss.g_ringHead)
                  20200b5e    00000002     vision_receiver.o (.bss.g_ringTail)
                  20200b60    00000002     vision_tuning_console.o (.bss.g_rxHead)
                  20200b62    00000002     vision_tuning_console.o (.bss.g_rxTail)
                  20200b64    00000002     servo.o (.bss.g_servoPwmPhase)
                  20200b66    00000002     ultrasonic.o (.bss.g_stateTicks)
                  20200b68    00000002     gimbal_stepper.o (.bss.g_stepperHalfPeriodTicks)
                  20200b6a    00000002     gimbal_stepper.o (.bss.g_stepperStepHalfPeriodTicks)
                  20200b6c    00000002     vision_tuning_console.o (.bss.g_txHead)
                  20200b6e    00000002     vision_tuning_console.o (.bss.g_txTail)
                  20200b70    00000002     menu.o (.bss.menu_handle_status_key.trackerSequence)
                  20200b72    00000002     (.common:g_trackError)
                  20200b74    00000001     oled_ui.o (.bss.OledUi_Update_20ms.refreshDivider)
                  20200b75    00000001     empty.o (.bss.SysTick_Handler.controlMsCount)
                  20200b76    00000001     empty.o (.bss.SysTick_Handler.gimbalMsCount)
                  20200b77    00000001     empty.o (.bss.SysTick_Handler.tick100usCount)
                  20200b78    00000001     empty.o (.bss.SysTick_Handler.trackerMsCount)
                  20200b79    00000001     ultrasonic.o (.bss.Ultrasonic_Update_20ms.triggerDivider)
                  20200b7a    00000001     empty.o (.bss.g_appUpdatePending)
                  20200b7b    00000001     vision_tuning_console.o (.bss.g_capturing)
                  20200b7c    00000001     car_state.o (.bss.g_carState)
                  20200b7d    00000001     obstacle_monitor.o (.bss.g_centerSettleTicks)
                  20200b7e    00000001     vision_tuning_console.o (.bss.g_commandTarget)
                  20200b7f    00000001     ultrasonic.o (.bss.g_distanceSampleCount)
                  20200b80    00000001     ultrasonic.o (.bss.g_distanceSampleIndex)
                  20200b81    00000001     emergency_stop.o (.bss.g_emergencyStopActive)
                  20200b82    00000001     gimbal_tracker.o (.bss.g_enabled)
                  20200b83    00000001     gimbal_vision_pitch_tracker.o (.bss.g_enabled)
                  20200b84    00000001     gimbal_vision_yaw_tracker.o (.bss.g_enabled)
                  20200b85    00000001     watchdog_monitor.o (.bss.g_faultApplied)
                  20200b86    00000001     watchdog_monitor.o (.bss.g_faultPending)
                  20200b87    00000001     gimbal_tracker.o (.bss.g_filterReady)
                  20200b88    00000001     vision_receiver.o (.bss.g_frameSize)
                  20200b89    00000001     empty.o (.bss.g_gimbalUpdatePending)
                  20200b8a    00000001     wheel_speed_estimator.o (.bss.g_leftFilterInitialized)
                  20200b8b    00000001     vision_tuning_console.o (.bss.g_lineSize)
                  20200b8c    00000001     obstacle_safety.o (.bss.g_obstacleSafetyHolding)
                  20200b8d    00000001     oled.o (.bss.g_oledColumn)
                  20200b8e    00000001     menu.o (.bss.g_oledPage)
                  20200b8f    00000001     encoder.o (.bss.g_overflowFlags)
                  20200b90    00000001     menu.o (.bss.g_paramItem)
                  20200b91    00000001     menu.o (.bss.g_paramReturnPage)
                  20200b92    00000001     key.o (.bss.g_pendingEvent)
                  20200b93    00000001     gimbal.o (.bss.g_pitchControlMode)
                  20200b94    00000001     gimbal.o (.bss.g_pitchDirection)
                  20200b95    00000001     gimbal.o (.bss.g_pitchInitialized)
                  20200b96    00000001     gimbal.o (.bss.g_pitchLimitClamped)
                  20200b97    00000001     gimbal.o (.bss.g_pitchLimitDirection)
                  20200b98    00000001     gimbal.o (.bss.g_pitchPositionValid)
                  20200b99    00000001     gimbal.o (.bss.g_pitchRunning)
                  20200b9a    00000001     gimbal.o (.bss.g_pitchStepHigh)
                  20200b9b    00000001     gimbal.o (.bss.g_pitchStopAfterStepLow)
                  20200b9c    00000001     vision_tuning_console.o (.bss.g_prefixIndex)
                  20200b9d    00000001     vision_tuning_console.o (.bss.g_prefixTarget)
                  20200b9e    00000001     wheel_speed_estimator.o (.bss.g_rightFilterInitialized)
                  20200b9f    00000001     car_controller.o (.bss.g_safetyHold)
                  20200ba0    00000001     gimbal_vision_yaw_tracker.o (.bss.g_sessionInitialized)
                  20200ba1    00000001     gimbal_tracker.o (.bss.g_simObservationUpdatesRemaining)
                  20200ba2    00000001     obstacle_avoidance.o (.bss.g_stateStarted)
                  20200ba3    00000001     gimbal_stepper.o (.bss.g_stepperDirection)
                  20200ba4    00000001     gimbal_stepper.o (.bss.g_stepperRunning)
                  20200ba5    00000001     gimbal_stepper.o (.bss.g_stepperStepHigh)
                  20200ba6    00000001     gimbal_stepper.o (.bss.g_stepperStopAfterStepLow)
                  20200ba7    00000001     motor_control.o (.bss.g_targetRefreshed)
                  20200ba8    00000001     gimbal_vision_yaw_tracker.o (.bss.g_targetSynced)
                  20200ba9    00000001     gimbal_tracker.o (.bss.g_targetValid)
                  20200baa    00000001     gimbal_tracker.o (.bss.g_targetsSynced)
                  20200bab    00000001     empty.o (.bss.g_trackerUpdatePending)
                  20200bac    00000001     gimbal_tracker.o (.bss.g_trackingActive)
                  20200bad    00000001     gimbal_vision_pitch_tracker.o (.bss.g_trackingActive)
                  20200bae    00000001     gimbal_vision_yaw_tracker.o (.bss.g_trackingActive)
                  20200baf    00000001     ultrasonic.o (.bss.g_triggerRequest)
                  20200bb0    00000001     ultrasonic.o (.bss.g_ultrasonicState)
                  20200bb1    00000001     gimbal.o (.bss.g_yawLimitClamped)
                  20200bb2    00000001     gimbal.o (.bss.g_yawLimitDirection)
                  20200bb3    00000001     gimbal.o (.bss.g_yawPositionValid)
                  20200bb4    00000001     gimbal.o (.bss.g_yawWorldLockEnabled)
                  20200bb5    00000001     (.common:g_carStateDebug)
                  20200bb6    00000001     (.common:g_keyEvent)
                  20200bb7    00000001     (.common:g_oledPageDebug)
                  20200bb8    00000001     (.common:g_paramItemDebug)
                  20200bb9    00000001     (.common:g_trackBlackCount)
                  20200bba    00000001     (.common:g_trackModeDebug)
                  20200bbb    00000001     (.common:g_trackRaw)
                  20200bbc    00000001     (.common:g_trackTurnDebug)

.data      0    20200bbd    00000001     UNINITIALIZED
                  20200bbd    00000001     car_controller.o (.data.g_followTurnPolicy)

.stack     0    20207e00    00000200     UNINITIALIZED
                  20207e00    00000004     libc.a : boot_cortex_m.c.obj (.stack)
                  20207e04    000001fc     --HOLE--

__llvm_prf_cnts 
*          0    20200000    00000000     UNINITIALIZED

__llvm_prf_bits 
*          0    20200000    00000000     UNINITIALIZED

MODULE SUMMARY

       Module                          code    ro data   rw data
       ------                          ----    -------   -------
    .\
       vision_tuning_console.o         9616    102       613    
       oled_ui.o                       8260    951       1      
       gimbal.o                        7528    0         241    
       imu.o                           3304    0         40     
       motor_control.o                 2916    0         125    
       oled.o                          2304    401       1      
       gimbal_tracker.o                2576    0         74     
       gimbal_vision_yaw_tracker.o     2124    0         48     
       vision_receiver.o               1112    0         689    
       gimbal_stepper.o                1412    0         52     
       menu.o                          1328    87        5      
       wheel_speed_estimator.o         1276    0         94     
       app_config.o                    1036    0         172    
       mission_manager.o               988     0         32     
       gimbal_vision_pitch_tracker.o   864     0         26     
       runtime_snapshot.o              616     0         256    
       motor.o                         776     0         16     
       mission_library.o               218     534       0      
       empty.o                         676     0         59     
       vision_protocol.o               732     0         0      
       ti_msp_dl_config.o              636     23        48     
       ultrasonic.o                    596     0         29     
       car_controller.o                452     64        80     
       key.o                           436     0         19     
       app.o                           442     0         10     
       fault.o                         296     65        16     
       vision_pitch_tuning.o           268     48        24     
       watchdog_monitor.o              292     0         26     
       vision_yaw_tuning.o             248     41        20     
       gimbal_vision_adapter.o         228     0         76     
       encoder.o                       276     0         9      
       obstacle_safety.o               264     0         1      
       obstacle_monitor.o              192     0         9      
       startup_mspm0g350x_ticlang.o    6       192       0      
       servo.o                         176     0         6      
       emergency_stop.o                176     0         1      
       vision_uart.o                   164     0         0      
       track_sensor.o                  142     0         0      
       obstacle_avoidance.o            88      0         27     
       motion_action.o                 64      0         24     
       debug_telemetry.o               56      0         16     
       heading_control.o               48      0         20     
       car_state.o                     36      0         1      
    +--+-------------------------------+-------+---------+---------+
       Total:                          55244   2508      3006   
                                                                
    C:/TI/mspm0_sdk_2_05_01_00/source/ti/driverlib/lib/ticlang/m0p/mspm0g1x0x_g3x0x/driverlib.a
       dl_timer.o                      388     0         0      
       dl_uart.o                       90      0         0      
       dl_common.o                     10      0         0      
    +--+-------------------------------+-------+---------+---------+
       Total:                          488     0         0      
                                                                
    D:\TI\CCS\ccs\tools\compiler\ti-cgt-armllvm_4.0.4.LTS\lib\armv6m-ti-none-eabi/c/libc.a
       memcpy16.S.obj                  154     0         0      
       strcmp-armv6m.S.obj             136     0         0      
       copy_decompress_lzss.c.obj      124     0         0      
       memset16.S.obj                  98      0         0      
       autoinit.c.obj                  60      0         0      
       boot_cortex_m.c.obj             40      0         0      
       memmov.c.obj                    40      0         0      
       copy_decompress_none.c.obj      18      0         0      
       copy_zero_init.c.obj            16      0         0      
       exit.c.obj                      6       0         0      
       pre_init.c.obj                  4       0         0      
    +--+-------------------------------+-------+---------+---------+
       Total:                          696     0         0      
                                                                
    D:\TI\CCS\ccs\tools\compiler\ti-cgt-armllvm_4.0.4.LTS\lib\armv6m-ti-none-eabi/c/libsysbm.a
       hostexit.c.obj                  4       0         0      
    +--+-------------------------------+-------+---------+---------+
       Total:                          4       0         0      
                                                                
    D:\TI\CCS\ccs\tools\compiler\ti-cgt-armllvm_4.0.4.LTS\lib\armv6m-ti-none-eabi/libclang_rt.builtins.a
       addsf3.S.obj                    216     0         0      
       udivmoddi4.S.obj                162     0         0      
       comparesf2.S.obj                140     0         0      
       mulsf3.S.obj                    140     0         0      
       divsf3.S.obj                    130     0         0      
       aeabi_fcmp.S.obj                98      0         0      
       fixsfdi.S.obj                   96      0         0      
       aeabi_idivmod.S.obj             86      0         0      
       floatdisf.S.obj                 78      0         0      
       aeabi_uidivmod.S.obj            64      0         0      
       divmoddi4.c.obj                 62      0         0      
       floatsisf.S.obj                 60      0         0      
       muldsi3.S.obj                   58      0         0      
       fixsfsi.S.obj                   56      0         0      
       floatunsisf.S.obj               40      0         0      
       muldi3.S.obj                    36      0         0      
       ashldi3.S.obj                   30      0         0      
       aeabi_ldivmod.S.obj             20      0         0      
       aeabi_uldivmod.S.obj            20      0         0      
       aeabi_memset.S.obj              12      0         0      
       aeabi_memcpy.S.obj              8       0         0      
       aeabi_memmove.S.obj             8       0         0      
       aeabi_div0.c.obj                4       0         0      
    +--+-------------------------------+-------+---------+---------+
       Total:                          1624    0         0      
                                                                
       Stack:                          0       0         512    
       Linker Generated:               0       41        0      
    +--+-------------------------------+-------+---------+---------+
       Grand Total:                    58056   2549      3518   


LINKER GENERATED COPY TABLES

__TI_cinit_table @ 0000eccc records: 2, size/record: 8, table size: 16
	.bss: load addr=0000ecbc, load size=00000008 bytes, run addr=20200000, run size=00000bbd bytes, compression=zero_init
	.data: load addr=0000ecc4, load size=00000005 bytes, run addr=20200bbd, run size=00000001 bytes, compression=lzss


LINKER GENERATED HANDLER TABLE

__TI_handler_table @ 0000ecb0 records: 3, size/record: 4, table size: 12
	index: 0, handler: __TI_decompress_lzss
	index: 1, handler: __TI_decompress_none
	index: 2, handler: __TI_zero_init


GLOBAL SYMBOLS: SORTED ALPHABETICALLY BY Name 

address   name                                      
-------   ----                                      
0000ba4f  ADC0_IRQHandler                           
0000ba4f  ADC1_IRQHandler                           
0000ba4f  AES_IRQHandler                            
00009bc1  AppConfig_InitDefault                     
000061cd  AppConfig_LimitAll                        
0000c305  App_Init                                  
00009e45  App_Update_20ms                           
0000e38e  C$$EXIT                                   
0000ba4f  CANFD0_IRQHandler                         
0000c0e5  CarController_GetRunMode                  
0000c40d  CarController_Init                        
0000e19d  CarController_IsSafetyHoldActive          
0000c48d  CarController_ResetRuntime                
0000df79  CarController_RunModeToString             
0000c77d  CarController_SetSafetyHold               
0000dd25  CarController_Stop                        
0000e1a9  CarState_Get                              
0000e1b5  CarState_Init                             
0000e1c1  CarState_Set                              
0000ba4f  DAC0_IRQHandler                           
0000e2b1  DL_Common_delayCycles                     
0000a54d  DL_Timer_initFourCCPWMMode                
0000dd45  DL_Timer_overrideCCPOut                   
0000de45  DL_Timer_setCaptCompUpdateMethod          
0000df91  DL_Timer_setCaptureCompareOutCtl          
0000e14d  DL_Timer_setCaptureCompareValue           
0000de61  DL_Timer_setClockConfig                   
0000d259  DL_UART_init                              
0000e129  DL_UART_setClockConfig                    
0000ba4f  DMA_IRQHandler                            
0000dfa9  DebugTelemetry_Init                       
0000dd65  DebugTelemetry_Update                     
0000ba4f  Default_Handler                           
0000dc05  EmergencyStop_Enforce                     
0000e1cd  EmergencyStop_Init                        
0000e1d9  EmergencyStop_IsActive                    
0000d371  EmergencyStop_Reset                       
0000d781  EmergencyStop_Trigger                     
0000d2e9  Encoder_GetAndClearPulseDeltas            
0000baf9  Encoder_HandleGpioInterrupt               
0000da69  Encoder_Reset                             
0000b54d  FaultCode_ToShortString                   
0000e039  Fault_Clear                               
0000e2d9  Fault_GetRecord                           
[...]
20200bb8  g_paramItemDebug                          
20200bb9  g_trackBlackCount                         
20200b72  g_trackError                              
20200bba  g_trackModeDebug                          
20200bbb  g_trackRaw                                
20200bbc  g_trackTurnDebug                          
20200680  g_wheelSpeedEstimatorRuntime              
00000000  interruptVectors                          
00009649  main                                      
0000bd81  memcpy                                    
0000dbb5  memmove                                   
0000cc2f  memset                                    
0000c0f1  strcmp                                    


GLOBAL SYMBOLS: SORTED BY Symbol Address 

address   name                                      
-------   ----                                      
00000000  __TI_ATRegion0_region_sz                  
00000000  __TI_ATRegion0_src_addr                   
00000000  __TI_ATRegion0_trg_addr                   
00000000  __TI_ATRegion1_region_sz                  
00000000  __TI_ATRegion1_src_addr                   
00000000  __TI_ATRegion1_trg_addr                   
00000000  __TI_ATRegion2_region_sz                  
00000000  __TI_ATRegion2_src_addr                   
00000000  __TI_ATRegion2_trg_addr                   
00000000  __TI_static_base__                        
00000000  interruptVectors                          
000000c1  OledUi_Update_20ms                        
00000200  __STACK_SIZE                              
0000201d  VisionTuningConsole_Process               
00003df1  GimbalTracker_Update                      
000046b5  WheelSpeedEstimator_Update                
00004ad1  VisionReceiver_Process                    
00004e81  GimbalVisionYawTracker_Update10ms         
00005209  Menu_HandleKeyEvent                       
00005ef5  Imu_Init                                  
000061cd  AppConfig_LimitAll                        
00006739  Gimbal_YawSetWrappedTargetDeg             
000069d1  Gimbal_YawUpdate5ms                       
00006c65  Gimbal_PitchSetTrackingSpeedDegS          
00006ef5  MotorControl_Update                       
000073dd  OLED_Clear                                
00007631  RuntimeSnapshot_Update                    
00007ab9  GimbalVisionPitchTracker_Update10ms       
00007ce1  Imu_CalibrateGyroBias                     
00007ef5  Motor_SetSpeed                            
000080f9  VisionProtocol_ParseV1TargetFrame         
0000869d  Gimbal_PitchUpdate5ms                     
00008a11  MotorControl_SetSpeedTargetCmps           
00008bb1  Ultrasonic_Tick100us                      
00008d51  GimbalStepper_Tick100us                   
00008ee5  GimbalVisionYawTracker_Enable             
0000906d  Gimbal_PitchTick100us                     
000091ed  GimbalStepper_MoveToEstimatedSteps        
00009369  Key_Update_20ms                           
000094dd  Gimbal_Init                               
00009649  main                                      
00009bc1  AppConfig_InitDefault                     
00009d09  OLED_PrintInt16                           
00009e45  App_Update_20ms                           
00009f7d  Imu_Update                                
0000a1dd  Gimbal_YawEnableWorldLock                 
0000a54d  DL_Timer_initFourCCPWMMode                
0000a651  Gimbal_PitchRelease                       
0000a74d  SysTick_Handler                           
0000a849  Gimbal_PitchStopHold                      
0000a939  MissionManager_SelectNext                 
0000abfd  ObstacleSafety_Update_20ms                
0000acdd  Gimbal_PitchConfirmZero                   
0000adb9  SYSCFG_DL_GPIO_init                       
0000af71  MissionManager_SelectPrevious             
0000b049  OLED_PrintUInt16                          
0000b121  WheelSpeedEstimator_Init                  
0000b2d1  __aeabi_fsub                              
0000b2d1  __subsf3                                  
0000b2db  __addsf3                                  
0000b2db  __aeabi_fadd                              
0000b3a9  OLED_Init                                 
0000b47d  OLED_PrintChar                            
0000b54d  FaultCode_ToShortString                   
0000b615  Gimbal_YawConfirmZero                     
0000b6dd  GimbalStepper_StopHold                    
0000b791  GimbalVisionAdapter_Update                
0000b845  GimbalStepper_Init                        
0000b8f5  Gimbal_PitchMoveRelativeDeg               
0000b9a5  MissionLibrary_Validate                   
0000ba4f  ADC0_IRQHandler                           
0000ba4f  ADC1_IRQHandler                           
0000ba4f  AES_IRQHandler                            
0000ba4f  CANFD0_IRQHandler                         
0000ba4f  DAC0_IRQHandler                           
0000ba4f  DMA_IRQHandler                            
0000ba4f  Default_Handler                           
0000ba4f  GROUP0_IRQHandler                         
0000ba4f  HardFault_Handler                         
0000ba4f  I2C0_IRQHandler                           
0000ba4f  I2C1_IRQHandler                           
0000ba4f  NMI_Handler                               
0000ba4f  PendSV_Handler                            
0000ba4f  RTC_IRQHandler                            
0000ba4f  SPI0_IRQHandler                           
0000ba4f  SPI1_IRQHandler                           
0000ba4f  SVC_Handler                               
0000ba4f  TIMA0_IRQHandler                          
0000ba4f  TIMA1_IRQHandler                          
0000ba4f  TIMG0_IRQHandler                          
0000ba4f  TIMG12_IRQHandler                         
0000ba4f  TIMG6_IRQHandler                          
0000ba4f  TIMG7_IRQHandler                          
0000ba4f  TIMG8_IRQHandler                          
0000ba4f  UART0_IRQHandler                          
0000ba4f  UART1_IRQHandler                          
0000ba4f  UART2_IRQHandler                          
0000ba51  GimbalVisionPitchTracker_Enable           
0000baf9  Encoder_HandleGpioInterrupt               
0000bc41  __udivmoddi4                              
0000bce3  TrackSensor_Init                          
0000bce5  ObstacleMonitor_Update_20ms               
0000bd81  memcpy                                    
0000be1b  __aeabi_idiv0                             
0000beb5  Gimbal_YawDisableWorldLock                
0000bf41  Gimbal_YawStopHold                        
0000bfcd  SYSCFG_DL_PWM_MOTOR_init                  
0000c059  __aeabi_fmul                              
0000c059  __mulsf3                                  
0000c0e5  CarController_GetRunMode                  
0000c0f1  strcmp                                    
0000c179  GimbalStepper_ConfirmZero                 
0000c1fd  GimbalTracker_PushObservation             
0000c281  Motor_Init                                
0000c305  App_Init                                  
0000c387  __aeabi_ldiv0                             
0000c389  __aeabi_fdiv                              
0000c389  __divsf3                                  
0000c40d  CarController_Init                        
0000c48d  CarController_ResetRuntime                
0000c50d  GimbalTracker_Init                        
0000c58d  Motor_Stop                                
0000c60d  VisionPitchTuning_Set                     
0000c689  __TI_decompress_lzss                      
0000c77d  CarController_SetSafetyHold               
0000c865  GimbalStepper_Release                     
0000c8d5  Menu_GetParamValue                        
0000c945  SYSCFG_DL_UART_VISION_init                
0000c9b5  VisionYawTuning_Set                       
0000ca25  TrackSensor_DetectTurn                    
0000ca95  GimbalVisionYawTracker_Init               
0000cb01  MissionManager_GetSelectedMissionIndex    
0000cb69  Gimbal_YawRelease                         
0000cbcd  __aeabi_fcmpeq                            
0000cbe1  __aeabi_fcmplt                            
0000cbf5  __aeabi_fcmple                            
0000cc09  __aeabi_fcmpge                            
0000cc1d  __aeabi_fcmpgt                            
0000cc2f  memset                                    
0000cc91  GimbalTracker_Enable                      
0000ccf1  GimbalTracker_GetFeedback                 
0000cd51  VisionTuningConsole_Init                  
0000cdb1  __aeabi_f2lz                              
0000cdb1  __fixsfdi                                 
0000ce11  OLED_PrintBinary7                         
0000ce71  UART3_IRQHandler                          
0000cecd  Ultrasonic_Update_20ms                    
0000cf29  Gimbal_YawMoveRelativeDeg                 
0000cf81  __aeabi_idiv                              
0000cf81  __aeabi_idivmod                           
0000d081  MissionManager_Start                      
0000d0d1  Ultrasonic_Init                           
0000d121  WatchdogMonitor_ApplyFaultIfNeeded        
0000d171  __aeabi_l2f                               
0000d171  __floatdisf                               
0000d1c1  MotorControl_Stop                         
0000d20d  WatchdogMonitor_Tick1msFromIsr            
0000d259  DL_UART_init                              
0000d2a1  MissionManager_Init                       
0000d2e9  Encoder_GetAndClearPulseDeltas            
0000d32d  Servo_Tick100us                           
0000d371  EmergencyStop_Reset                       
0000d3b1  GimbalVisionPitchTracker_Init             
0000d3f1  SYSCFG_DL_SYSCTL_init                     
0000d431  SYSCFG_DL_initPower                       
0000d471  VisionReceiver_PushByteFromIsr            
0000d4b1  __aeabi_uidiv                             
0000d4b1  __aeabi_uidivmod                          
0000d4f1  __divmoddi4                               
0000d531  GimbalTracker_ClearObservation            
0000d56d  Servo_SetAngleDeg                         
0000d5a9  VisionTuningConsole_PushByteFromIsr       
0000d5e5  __aeabi_i2f                               
0000d5e5  __floatsisf                               
0000d621  __gesf2                                   
0000d621  __gtsf2                                   
0000d65d  __TI_auto_init_nobinit_nopinit            
0000d699  __cmpsf2                                  
0000d699  __eqsf2                                   
0000d699  __lesf2                                   
0000d699  __ltsf2                                   
0000d699  __nesf2                                   
0000d6d5  __muldsi3                                 
0000d711  VisionReceiver_Init                       
0000d749  __aeabi_f2iz                              
0000d749  __fixsfsi                                 
0000d781  EmergencyStop_Trigger                     
0000d7b5  MissionManager_Cancel                     
0000d7e9  OLED_SetCursor                            
0000d81d  VisionTuningConsole_TryPopTxByte          
0000d851  VisionUart_Process                        
0000d885  OLED_PrintString                          
0000d8b9  Fault_Raise                               
0000d8e9  GimbalVisionYawTracker_GetFeedback        
0000d919  Gimbal_PitchGetFeedback                   
0000d949  Key_Init                                  
0000d979  MissionManager_Reset                      
0000d9a9  MissionManager_Resume                     
0000d9d9  VisionPitchTuning_RestoreDefault          
0000da09  WatchdogMonitor_Init                      
0000da69  Encoder_Reset                             
0000da95  VisionYawTuning_RestoreDefault            
0000daed  ObstacleAvoidance_Init                    
0000db15  Servo_Init                                
0000db3d  VisionPitchTuning_Init                    
0000db65  WatchdogMonitor_Reset                     
0000db8d  __aeabi_ui2f                              
0000db8d  __floatunsisf                             
0000dbb5  memmove                                   
0000dbdd  _c_int00_noargs                           
0000dc05  EmergencyStop_Enforce                     
0000dc29  GimbalVisionPitchTracker_GetFeedback      
0000dc4d  MissionManager_ReportExternalFailure      
0000dc71  MotorControl_Init                         
0000dc95  MotorControl_Reset                        
0000dcb9  SYSCFG_DL_init                            
0000dcdd  VisionYawTuning_Init                      
0000dd01  __aeabi_lmul                              
0000dd01  __muldi3                                  
0000dd25  CarController_Stop                        
0000dd45  DL_Timer_overrideCCPOut                   
0000dd65  DebugTelemetry_Update                     
0000dd85  MissionManager_Pause                      
0000dda5  MotionAction_Init                         
0000ddc5  SchedulerMonitor_GetStats                 
0000dde5  VisionReceiver_GetProtocolErrorCount      
0000de25  __aeabi_llsl                              
0000de25  __ashldi3                                 
0000de45  DL_Timer_setCaptCompUpdateMethod          
0000de61  DL_Timer_setClockConfig                   
0000de7d  GimbalVisionAdapter_Init                  
0000de99  Imu_IsReady                               
0000deb5  Menu_Init                                 
0000ded1  ObstacleMonitor_Init                      
0000deed  ObstacleSafety_Init                       
0000df09  VisionPitchTuning_ParamName               
0000df25  VisionYawTuning_GetSnapshot               
0000df41  VisionYawTuning_ParamName                 
0000df5d  WatchdogMonitor_NotifyControlCycleComplete
0000df79  CarController_RunModeToString             
0000df91  DL_Timer_setCaptureCompareOutCtl          
0000dfa9  DebugTelemetry_Init                       
0000dfc1  Menu_ParamItemToString                    
0000dfd9  MissionLibrary_FindById                   
0000dff1  MotionAction_Cancel                       
0000e009  RuntimeSnapshot_Init                      
0000e021  __aeabi_fcmpun                            
0000e021  __unordsf2                                
0000e039  Fault_Clear                               
0000e04d  Fault_Init                                
0000e061  GROUP1_IRQHandler                         
0000e075  GimbalStepper_SetStepHalfPeriodTicks      
0000e089  HeadingControl_Init                       
0000e09d  HeadingControl_Reset                      
0000e0b1  MissionLibrary_GetByIndex                 
0000e0c5  MissionManager_GetSelectedMissionId       
0000e0d9  VisionPitchTuning_GetSnapshot             
0000e0ed  VisionUart_Init                           
0000e101  __aeabi_ldivmod                           
0000e115  __aeabi_uldivmod                          
0000e129  DL_UART_setClockConfig                    
0000e13b  __TI_decompress_none                      
0000e14d  DL_Timer_setCaptureCompareValue           
0000e15d  Gimbal_YawGetFeedback                     
0000e16d  Key_GetEvent                              
0000e17d  ObstacleAvoidance_IsResumeGraceActive     
0000e18d  __TI_zero_init                            
0000e19d  CarController_IsSafetyHoldActive          
0000e1a9  CarState_Get                              
0000e1b5  CarState_Init                             
0000e1c1  CarState_Set                              
0000e1cd  EmergencyStop_Init                        
0000e1d9  EmergencyStop_IsActive                    
0000e1e5  GimbalVisionAdapter_GetObservation        
0000e1f1  Gimbal_Tick100us                          
0000e1fd  Gimbal_Update5ms                          
0000e209  Imu_GetCorrectedGyroZDps                  
0000e215  Imu_GetYaw                                
0000e221  Imu_ResetYaw                              
0000e22d  Menu_GetPage                              
0000e239  Menu_GetParamItem                         
0000e245  MissionManager_IsExternallyHeld           
0000e251  MissionManager_SetExternalHold            
0000e25d  ObstacleAvoidance_IsActive                
0000e269  ObstacleAvoidance_IsFailed                
0000e275  ObstacleSafety_IsHolding                  
0000e281  OledUi_Init                               
0000e28d  SystemTime_GetMs                          
0000e299  WatchdogMonitor_HasTripped                
0000e2a5  __aeabi_memclr                            
0000e2a5  __aeabi_memclr4                           
0000e2a5  __aeabi_memclr8                           
0000e2b1  DL_Common_delayCycles                     
0000e2bb  TrackSensor_IsCenterDetected              
0000e2c5  TrackSensor_IsLineDetected                
0000e2cf  TrackSensor_IsLineLost                    
0000e2d9  Fault_GetRecord                           
0000e2e1  GimbalStepper_GetFeedback                 
0000e2e9  GimbalVisionAdapter_GetFeedback           
0000e2f1  Gimbal_PitchStopTrackingHold              
0000e2f9  HeadingControl_GetRuntime                 
0000e301  Imu_GetRuntime                            
0000e309  MissionManager_GetMissionCount            
0000e311  MissionManager_GetRuntime                 
0000e319  MotionAction_GetRuntime                   
0000e321  MotorControl_GetRuntime                   
0000e329  ObstacleAvoidance_GetFeedback             
0000e331  ObstacleMonitor_GetFeedback               
0000e339  Servo_GetFeedback                         
0000e341  Ultrasonic_GetFeedback                    
0000e349  VisionPitchTuning_GetStatus               
0000e351  VisionReceiver_GetObservation             
0000e359  VisionReceiver_GetStatus                  
0000e361  VisionTuningConsole_GetStatus             
0000e369  WatchdogMonitor_GetStatus                 
0000e371  WheelSpeedEstimator_GetRuntime            
0000e379  __aeabi_memcpy                            
0000e379  __aeabi_memcpy4                           
0000e379  __aeabi_memcpy8                           
0000e381  __aeabi_memmove                           
0000e381  __aeabi_memmove4                          
0000e381  __aeabi_memmove8                          
0000e389  abort                                     
0000e38e  C$$EXIT                                   
0000e38f  HOSTexit                                  
0000e393  MissionLibrary_GetCount                   
0000e397  Reset_Handler                             
0000e39b  _system_pre_init                          
0000ecb0  __TI_Handler_Table_Base                   
0000ecbc  __TI_Handler_Table_Limit                  
0000eccc  __TI_CINIT_Base                           
0000ecdc  __TI_CINIT_Limit                          
0000ecdc  __TI_CINIT_Warm                           
20200000  __start___llvm_prf_bits                   
20200000  __start___llvm_prf_cnts                   
20200000  __stop___llvm_prf_bits                    
20200000  __stop___llvm_prf_cnts                    
20200500  g_appConfig                               
20200680  g_wheelSpeedEstimatorRuntime              
202007e0  g_appRuntime                              
20200820  gUART_VISIONBackup                        
202008f8  g_imuRuntime                              
20200a20  g_headingRuntime                          
20200b72  g_trackError                              
20200bb5  g_carStateDebug                           
20200bb6  g_keyEvent                                
20200bb7  g_oledPageDebug                           
20200bb8  g_paramItemDebug                          
20200bb9  g_trackBlackCount                         
20200bba  g_trackModeDebug                          
20200bbb  g_trackRaw                                
20200bbc  g_trackTurnDebug                          
20207e00  __stack                                   
20208000  __STACK_END                               
ffffffff  __TI_pprof_out_hndl                       
ffffffff  __TI_prof_data_size                       
ffffffff  __TI_prof_data_start                      
ffffffff  __binit__                                 
ffffffff  binit                                     
UNDEFED   __mpu_init                                
UNDEFED   _system_post_cinit                        

[361 symbols]
