******************************************************************************
            TI ARM Clang Linker PC v4.0.4                      
******************************************************************************
>> Linked Mon Jul 13 19:21:35 2026

OUTPUT FILE NAME:   <diansaikaishi.out>
ENTRY POINT SYMBOL: "_c_int00_noargs"  address: 00004a39


MEMORY CONFIGURATION

         name            origin    length      used     unused   attr    fill
----------------------  --------  ---------  --------  --------  ----  --------
  FLASH                 00000000   00020000  000057e0  0001a820  R  X
  SRAM                  20200000   00008000  00000373  00007c8d  RW X
  BCR_CONFIG            41c00000   000000ff  00000000  000000ff  R   
  BSL_CONFIG            41c00100   00000080  00000000  00000080  R   


SEGMENT ALLOCATION MAP

run origin  load origin   length   init length attrs members
----------  ----------- ---------- ----------- ----- -------
00000000    00000000    000057e0   000057e0    r-x
  00000000    00000000    000000c0   000000c0    r-- .intvecs
  000000c0    000000c0    00004d88   00004d88    r-x .text
  00004e48    00004e48    00000968   00000968    r-- .rodata
  000057b0    000057b0    00000030   00000030    r-- .cinit
20200000    20200000    00000173   00000000    rw-
  20200000    20200000    00000172   00000000    rw- .bss
  20200172    20200172    00000001   00000000    rw- .data
20207e00    20207e00    00000200   00000000    rw-
  20207e00    20207e00    00000200   00000000    rw- .stack


SECTION ALLOCATION MAP

 output                                  attributes/
section   page    origin      length       input sections
--------  ----  ----------  ----------   ----------------
.intvecs   0    00000000    000000c0     
                  00000000    000000c0     startup_mspm0g350x_ticlang.o (.intvecs)

.text      0    000000c0    00004d88     
                  000000c0    000006f4     car_controller.o (.text.CarController_Update_20ms)
                  000007b4    00000670     oled_ui.o (.text.OledUi_Update_20ms)
                  00000e24    000002f0     imu.o (.text.mpu6050_read_regs)
                  00001114    000002d8     imu.o (.text.Imu_Init)
                  000013ec    00000254     oled.o (.text.OLED_Clear)
                  00001640    00000228     menu.o (.text.Menu_HandleKeyEvent)
                  00001868    00000224     app_config.o (.text.AppConfig_LimitAll)
                  00001a8c    00000214     imu.o (.text.Imu_CalibrateGyroBias)
                  00001ca0    000001f4     obstacle_scanner.o (.text.ObstacleScanner_Update_20ms)
                  00001e94    000001cc     imu.o (.text.imu_i2c_write_byte)
                  00002060    000001b8     oled.o (.text.oled_i2c_write_byte)
                  00002218    000001a0     ultrasonic.o (.text.Ultrasonic_Tick100us)
                  000023b8    00000174     key.o (.text.Key_Update_20ms)
                  0000252c    00000170     motion_action.o (.text.MotionAction_Update_20ms)
                  0000269c    00000160     heading_control.o (.text.HeadingControl_Update)
                  000027fc    0000013c     oled.o (.text.OLED_PrintInt16)
                  00002938    00000134     imu.o (.text.Imu_Update)
                  00002a6c    0000012c     imu.o (.text.imu_i2c_recover_bus)
                  00002b98    0000011c     motion_action.o (.text.MotionAction_Start)
                  00002cb4    000000f8     mission_manager.o (.text.MissionManager_Update_20ms)
                  00002dac    000000f0     mission_manager.o (.text.MissionManager_SelectNext)
                  00002e9c    000000ec     car_controller.o (.text.handle_turn_90)
                  00002f88    000000d8     mission_manager.o (.text.MissionManager_SelectPrevious)
                  00003060    000000d8     libclang_rt.builtins.a : addsf3.S.obj (.text)
                  00003138    000000d4     app.o (.text.App_Update_20ms)
                  0000320c    000000d4     oled.o (.text.OLED_Init)
                  000032e0    000000d0     oled.o (.text.OLED_PrintChar)
                  000033b0    000000b0     motor.o (.text.Motor_SetSpeed)
                  00003460    000000b0     ti_msp_dl_config.o (.text.SYSCFG_DL_GPIO_init)
                  00003510    000000a2     libclang_rt.builtins.a : udivmoddi4.S.obj (.text)
                  000035b2    00000002     startup_mspm0g350x_ticlang.o (.text.Default_Handler)
                  000035b4    0000009c     app_config.o (.text.AppConfig_InitDefault)
                  00003650    0000009c     obstacle_monitor.o (.text.ObstacleMonitor_Update_20ms)
                  000036ec    0000009a     libc.a : memcpy16.S.obj (.text:memcpy)
                  00003786    00000002     track_sensor.o (.text.TrackSensor_Init)
                  00003788    00000098     car_controller.o (.text.CarController_StartSeekLine)
                  00003820    00000098     imu.o (.text.mpu6050_write_reg)
                  000038b8    00000094     car_controller.o (.text.CarController_StartDriveHeading)
                  0000394c    0000008c     libclang_rt.builtins.a : mulsf3.S.obj (.text.__mulsf3)
                  000039d8    00000088     car_controller.o (.text.CarController_StartTurnToYawRelative)
                  00003a60    00000082     libclang_rt.builtins.a : divsf3.S.obj (.text.__divsf3)
                  00003ae2    00000080     mission_library.o (.text.MissionLibrary_Validate)
                  00003b62    00000002     libclang_rt.builtins.a : aeabi_div0.c.obj (.text.__aeabi_idiv0)
                  00003b64    0000007c     car_controller.o (.text.CarController_Init)
                  00003be0    0000007c     car_controller.o (.text.CarController_ResetRuntime)
                  00003c5c    0000007c     car_controller.o (.text.CarController_StartFollowLine)
                  00003cd8    0000007c     libc.a : copy_decompress_lzss.c.obj (.text:decompress:lzss)
                  00003d54    00000078     oled.o (.text.oled_write_command)
                  00003dcc    00000074     car_controller.o (.text.CarController_StartTurnRight90)
                  00003e40    00000070     car_controller.o (.text.CarController_StartTurnLeft90)
                  00003eb0    0000006e     track_sensor.o (.text.TrackSensor_DetectTurn)
                  00003f1e    00000002     libclang_rt.builtins.a : aeabi_div0.c.obj (.text.__aeabi_ldiv0)
                  00003f20    0000006c     encoder.o (.text.Encoder_HandleGpioInterrupt)
                  00003f8c    0000006c     empty.o (.text.main)
                  00003ff8    00000068     mission_manager.o (.text.MissionManager_GetSelectedMissionIndex)
                  00004060    00000066     track_sensor.o (.text.TrackSensor_GetErrorFromRaw)
                  000040c6    00000002     --HOLE-- [fill = 0]
                  000040c8    00000062     libclang_rt.builtins.a : aeabi_fcmp.S.obj (.text.__aeabi_fcmp)
                  0000412a    00000002     --HOLE-- [fill = 0]
                  0000412c    00000060     menu.o (.text.Menu_GetParamValue)
                  0000418c    0000005e     oled.o (.text.OLED_PrintBinary7)
                  000041ea    00000002     --HOLE-- [fill = 0]
                  000041ec    0000005c     ultrasonic.o (.text.Ultrasonic_Update_20ms)
                  00004248    0000005a     app.o (.text.App_Init)
                  000042a2    00000002     --HOLE-- [fill = 0]
                  000042a4    00000056     libclang_rt.builtins.a : aeabi_idivmod.S.obj (.text.__aeabi_idivmod)
                  000042fa    00000002     --HOLE-- [fill = 0]
                  000042fc    00000054     obstacle_safety.o (.text.ObstacleSafety_Update_20ms)
                  00004350    00000054     track_sensor.o (.text.TrackSensor_ReadRaw)
                  000043a4    00000050     car_controller.o (.text.CarController_SetSafetyHold)
                  000043f4    00000050     motor.o (.text.Motor_PwmTick100us)
                  00004444    00000050     ultrasonic.o (.text.Ultrasonic_Init)
                  00004494    00000048     mission_manager.o (.text.MissionManager_Init)
                  000044dc    00000044     servo.o (.text.Servo_Tick100us)
                  00004520    00000044     empty.o (.text.SysTick_Handler)
                  00004564    00000040     mission_manager.o (.text.MissionManager_Start)
                  000045a4    00000040     ti_msp_dl_config.o (.text.SYSCFG_DL_SYSCTL_init)
                  000045e4    00000040     libclang_rt.builtins.a : aeabi_uidivmod.S.obj (.text.__aeabi_uidivmod)
                  00004624    0000003e                            : divmoddi4.c.obj (.text.__divmoddi4)
                  00004662    00000002     --HOLE-- [fill = 0]
                  00004664    0000003c     servo.o (.text.Servo_SetAngleDeg)
                  000046a0    0000003c     libclang_rt.builtins.a : floatsisf.S.obj (.text.__floatsisf)
                  000046dc    0000003c                            : comparesf2.S.obj (.text.__gtsf2)
                  00004718    0000003c     libc.a : autoinit.c.obj (.text:__TI_auto_init_nobinit_nopinit)
                  00004754    0000003a     libclang_rt.builtins.a : comparesf2.S.obj (.text.__eqsf2)
                  0000478e    00000002     --HOLE-- [fill = 0]
                  00004790    0000003a                            : muldsi3.S.obj (.text.__muldsi3)
                  000047ca    00000002     --HOLE-- [fill = 0]
                  000047cc    00000038     motor.o (.text.Motor_Init)
                  00004804    00000038     libclang_rt.builtins.a : fixsfsi.S.obj (.text.__fixsfsi)
                  0000483c    00000034     oled.o (.text.OLED_SetCursor)
                  00004870    00000032     oled.o (.text.OLED_PrintString)
                  000048a2    00000002     --HOLE-- [fill = 0]
                  000048a4    00000030     key.o (.text.Key_Init)
                  000048d4    00000030     mission_manager.o (.text.MissionManager_Cancel)
                  00004904    00000030     mission_manager.o (.text.MissionManager_Reset)
                  00004934    00000030     obstacle_scanner.o (.text.ObstacleScanner_Init)
                  00004964    0000002c     motor.o (.text.Motor_Stop)
                  00004990    0000002c     ti_msp_dl_config.o (.text.SYSCFG_DL_initPower)
                  000049bc    0000002c     track_sensor.o (.text.TrackSensor_CountBlack)
                  000049e8    00000028     servo.o (.text.Servo_Init)
                  00004a10    00000028     ultrasonic.o (.text.Ultrasonic_ResetFilter)
                  00004a38    00000028     libc.a : boot_cortex_m.c.obj (.text:_c_int00_noargs)
                  00004a60    00000024     encoder.o (.text.Encoder_Reset)
                  00004a84    00000020     car_controller.o (.text.CarController_Stop)
                  00004aa4    00000020     mission_manager.o (.text.MissionManager_Pause)
                  00004ac4    00000020     mission_manager.o (.text.MissionManager_Resume)
                  00004ae4    00000020     mission_manager.o (.text.mission_finish_error)
                  00004b04    0000001e     libclang_rt.builtins.a : ashldi3.S.obj (.text.__ashldi3)
                  00004b22    00000002     --HOLE-- [fill = 0]
                  00004b24    0000001c     imu.o (.text.Imu_IsReady)
                  00004b40    0000001c     obstacle_monitor.o (.text.ObstacleMonitor_Init)
                  00004b5c    0000001c     obstacle_safety.o (.text.ObstacleSafety_Init)
                  00004b78    0000001c     obstacle_scanner.o (.text.ObstacleScanner_DirectionToString)
                  00004b94    00000018     car_controller.o (.text.CarController_RunModeToString)
                  00004bac    00000018     heading_control.o (.text.HeadingControl_LockCurrentYaw)
                  00004bc4    00000018     heading_control.o (.text.HeadingControl_SetTargetYaw)
                  00004bdc    00000018     menu.o (.text.Menu_ParamItemToString)
                  00004bf4    00000018     motion_action.o (.text.MotionAction_Cancel)
                  00004c0c    00000016     libc.a : copy_zero_init.c.obj (.text:decompress:ZI:__TI_zero_init_nomemset)
                  00004c22    00000002     --HOLE-- [fill = 0]
                  00004c24    00000014     empty.o (.text.GROUP1_IRQHandler)
                  00004c38    00000014     heading_control.o (.text.HeadingControl_Enable)
                  00004c4c    00000014     heading_control.o (.text.HeadingControl_Init)
                  00004c60    00000014     heading_control.o (.text.HeadingControl_Reset)
                  00004c74    00000014     menu.o (.text.Menu_Init)
                  00004c88    00000014     mission_library.o (.text.MissionLibrary_FindById)
                  00004c9c    00000014     mission_library.o (.text.MissionLibrary_GetByIndex)
                  00004cb0    00000014     mission_manager.o (.text.MissionManager_GetSelectedMissionId)
                  00004cc4    00000014     motion_action.o (.text.MotionAction_Init)
                  00004cd8    00000014     libclang_rt.builtins.a : aeabi_ldivmod.S.obj (.text.__aeabi_ldivmod)
                  00004cec    00000012     libc.a : copy_decompress_none.c.obj (.text:decompress:none)
                  00004cfe    00000002     --HOLE-- [fill = 0]
                  00004d00    00000010     key.o (.text.Key_GetEvent)
                  00004d10    00000010     ti_msp_dl_config.o (.text.SYSCFG_DL_init)
                  00004d20    0000000c     car_controller.o (.text.CarController_GetRunMode)
                  00004d2c    0000000c     car_state.o (.text.CarState_Get)
                  00004d38    0000000c     car_state.o (.text.CarState_Init)
                  00004d44    0000000c     car_state.o (.text.CarState_Set)
                  00004d50    0000000c     imu.o (.text.Imu_GetCorrectedGyroZDps)
                  00004d5c    0000000c     imu.o (.text.Imu_GetYaw)
                  00004d68    0000000c     imu.o (.text.Imu_ResetYaw)
                  00004d74    0000000c     menu.o (.text.Menu_GetPage)
                  00004d80    0000000c     menu.o (.text.Menu_GetParamItem)
                  00004d8c    0000000c     mission_manager.o (.text.MissionManager_SetExternalHold)
                  00004d98    0000000c     obstacle_safety.o (.text.ObstacleSafety_IsHolding)
                  00004da4    0000000c     oled_ui.o (.text.OledUi_Init)
                  00004db0    0000000a     driverlib.a : dl_common.o (.text.DL_Common_delayCycles)
                  00004dba    0000000a     track_sensor.o (.text.TrackSensor_IsCenterDetected)
                  00004dc4    0000000a     track_sensor.o (.text.TrackSensor_IsLineDetected)
                  00004dce    0000000a     track_sensor.o (.text.TrackSensor_IsLineLost)
                  00004dd8    00000008     car_controller.o (.text.CarController_GetFeedback)
                  00004de0    00000008     heading_control.o (.text.HeadingControl_GetRuntime)
                  00004de8    00000008     imu.o (.text.Imu_GetRuntime)
                  00004df0    00000008     mission_manager.o (.text.MissionManager_GetMissionCount)
                  00004df8    00000008     mission_manager.o (.text.MissionManager_GetRuntime)
                  00004e00    00000008     motion_action.o (.text.MotionAction_GetRuntime)
                  00004e08    00000008     obstacle_monitor.o (.text.ObstacleMonitor_GetFeedback)
                  00004e10    00000008     obstacle_scanner.o (.text.ObstacleScanner_GetFeedback)
                  00004e18    00000008     servo.o (.text.Servo_GetFeedback)
                  00004e20    00000008     ultrasonic.o (.text.Ultrasonic_GetFeedback)
                  00004e28    00000008     libclang_rt.builtins.a : aeabi_memcpy.S.obj (.text.__aeabi_memcpy)
                  00004e30    00000006     libc.a : exit.c.obj (.text:abort)
                  00004e36    00000004     libsysbm.a : hostexit.c.obj (.text.HOSTexit)
                  00004e3a    00000004     mission_library.o (.text.MissionLibrary_GetCount)
                  00004e3e    00000004     startup_mspm0g350x_ticlang.o (.text.Reset_Handler)
                  00004e42    00000004     libc.a : pre_init.c.obj (.text._system_pre_init)
                  00004e46    00000002     --HOLE-- [fill = 0]

.cinit     0    000057b0    00000030     
                  000057b0    0000000c     (__TI_handler_table)
                  000057bc    00000008     (.cinit..bss.load) [load image, compression = zero_init]
                  000057c4    00000005     (.cinit..data.load) [load image, compression = lzss]
                  000057c9    00000003     --HOLE-- [fill = 0]
                  000057cc    00000010     (__TI_cinit_table)
                  000057dc    00000004     --HOLE-- [fill = 0]

.rodata    0    00004e48    00000968     
                  00004e48    000000d8     oled.o (.rodata..Lswitch.table.OLED_PrintChar)
                  00004f20    000000b0     mission_library.o (.rodata.g_missionRegistry)
                  00004fd0    000000a8     mission_library.o (.rodata.g_missionMapA)
                  00005078    000000a8     mission_library.o (.rodata.g_missionMapB)
                  00005120    00000078     mission_library.o (.rodata.g_missionMapC)
                  00005198    00000078     mission_library.o (.rodata.g_missionTestRight90Turn)
                  00005210    00000078     mission_library.o (.rodata.g_missionTestSeekFollow)
                  00005288    00000060     mission_library.o (.rodata.g_missionTestYaw)
                  000052e8    00000048     mission_library.o (.rodata.g_missionLegacy)
                  00005330    00000048     mission_library.o (.rodata.g_missionTestHeadingDrive)
                  00005378    00000048     mission_library.o (.rodata.g_missionTestRight90Stop)
                  000053c0    00000048     mission_library.o (.rodata.g_missionTestSeekThenFollow)
                  00005408    00000034     mission_library.o (.rodata..Lswitch.table.MissionLibrary_FindById)
                  0000543c    00000030     oled_ui.o (.rodata..Lswitch.table.OledUi_Update_20ms)
                  0000546c    00000030     mission_library.o (.rodata.g_missionTestSeekThenStop)
                  0000549c    00000020     menu.o (.rodata..Lswitch.table.Menu_ParamItemToString)
                  000054bc    00000020     oled_ui.o (.rodata..Lswitch.table.OledUi_Update_20ms.65)
                  000054dc    0000001c     car_controller.o (.rodata..Lswitch.table.CarController_RunModeToString)
                  000054f8    00000018     oled_ui.o (.rodata..Lswitch.table.OledUi_Update_20ms.66)
                  00005510    00000010     obstacle_scanner.o (.rodata..Lswitch.table.ObstacleScanner_DirectionToString)
                  00005520    0000000b     mission_library.o (.rodata.str1.1440970855772709381.1)
                  0000552b    0000000a     mission_library.o (.rodata.str1.11682660667400632204.1)
                  00005535    0000000a     mission_library.o (.rodata.str1.15604890807705439409.1)
                  0000553f    0000000a     mission_library.o (.rodata.str1.4392264057376583881.1)
                  00005549    00000009     mission_library.o (.rodata.str1.15668266851434757964.1)
                  00005552    00000009     mission_library.o (.rodata.str1.1642528554392422750.1)
                  0000555b    00000009     oled_ui.o (.rodata.str1.18266126048138325213.1)
                  00005564    00000008     mission_library.o (.rodata.str1.13636476544574750902.1)
                  0000556c    00000007     oled_ui.o (.rodata.str1.14358698208395374265.1)
                  00005573    00000007     mission_library.o (.rodata.str1.199678142196697465.1)
                  0000557a    00000007     oled_ui.o (.rodata.str1.9544068167406571052.1)
                  00005581    00000006     mission_library.o (.rodata.str1.10039516787862681314.1)
                  00005587    00000006     oled_ui.o (.rodata.str1.12983537867572525563.1)
                  0000558d    00000006     oled_ui.o (.rodata.str1.1445687256832830955.1)
                  00005593    00000006     oled_ui.o (.rodata.str1.15008238333949226094.1)
                  00005599    00000006     oled_ui.o (.rodata.str1.17540787658903907660.1)
                  0000559f    00000006     oled_ui.o (.rodata.str1.2522137003438374266.1)
                  000055a5    00000006     mission_library.o (.rodata.str1.4251661066630729623.1)
                  000055ab    00000006     oled_ui.o (.rodata.str1.5965450730569173784.1)
                  000055b1    00000006     oled_ui.o (.rodata.str1.6806727740681590176.1)
                  000055b7    00000006     mission_library.o (.rodata.str1.8714982518355203214.1)
                  000055bd    00000006     oled_ui.o (.rodata.str1.9611283282870761829.1)
                  000055c3    00000005     oled.o (.rodata.oled_get_glyph.colon)
                  000055c8    00000005     oled.o (.rodata.oled_get_glyph.eight)
                  000055cd    00000005     oled.o (.rodata.oled_get_glyph.five)
                  000055d2    00000005     oled.o (.rodata.oled_get_glyph.four)
                  000055d7    00000005     oled.o (.rodata.oled_get_glyph.glyphA)
                  000055dc    00000005     oled.o (.rodata.oled_get_glyph.glyphB)
                  000055e1    00000005     oled.o (.rodata.oled_get_glyph.glyphC)
                  000055e6    00000005     oled.o (.rodata.oled_get_glyph.glyphD)
                  000055eb    00000005     oled.o (.rodata.oled_get_glyph.glyphE)
                  000055f0    00000005     oled.o (.rodata.oled_get_glyph.glyphG)
                  000055f5    00000005     oled.o (.rodata.oled_get_glyph.glyphH)
                  000055fa    00000005     oled.o (.rodata.oled_get_glyph.glyphI)
                  000055ff    00000005     oled.o (.rodata.oled_get_glyph.glyphK)
                  00005604    00000005     oled.o (.rodata.oled_get_glyph.glyphL)
                  00005609    00000005     oled.o (.rodata.oled_get_glyph.glyphM)
                  0000560e    00000005     oled.o (.rodata.oled_get_glyph.glyphN)
                  00005613    00000005     oled.o (.rodata.oled_get_glyph.glyphO)
                  00005618    00000005     oled.o (.rodata.oled_get_glyph.glyphP)
                  0000561d    00000005     oled.o (.rodata.oled_get_glyph.glyphR)
                  00005622    00000005     oled.o (.rodata.oled_get_glyph.glyphS)
                  00005627    00000005     oled.o (.rodata.oled_get_glyph.glyphT)
                  0000562c    00000005     oled.o (.rodata.oled_get_glyph.glyphU)
                  00005631    00000005     oled.o (.rodata.oled_get_glyph.glyphV)
                  00005636    00000005     oled.o (.rodata.oled_get_glyph.glyphW)
                  0000563b    00000005     oled.o (.rodata.oled_get_glyph.glyphX)
                  00005640    00000005     oled.o (.rodata.oled_get_glyph.glyphY)
                  00005645    00000005     oled.o (.rodata.oled_get_glyph.glyphb)
                  0000564a    00000005     oled.o (.rodata.oled_get_glyph.gt)
                  0000564f    00000005     oled.o (.rodata.oled_get_glyph.minus)
                  00005654    00000005     oled.o (.rodata.oled_get_glyph.nine)
                  00005659    00000005     oled.o (.rodata.oled_get_glyph.one)
                  0000565e    00000005     oled.o (.rodata.oled_get_glyph.seven)
                  00005663    00000005     oled.o (.rodata.oled_get_glyph.six)
                  00005668    00000005     oled.o (.rodata.oled_get_glyph.space)
                  0000566d    00000005     oled.o (.rodata.oled_get_glyph.three)
                  00005672    00000005     oled.o (.rodata.oled_get_glyph.two)
                  00005677    00000005     oled.o (.rodata.oled_get_glyph.zero)
                  0000567c    00000005     oled_ui.o (.rodata.str1.1108652269057166745.1)
                  00005681    00000005     oled_ui.o (.rodata.str1.13882251010780863896.1)
                  00005686    00000005     oled_ui.o (.rodata.str1.14134189893851348960.1)
                  0000568b    00000005     oled_ui.o (.rodata.str1.15613891207764622616.1)
                  00005690    00000005     oled_ui.o (.rodata.str1.15802367878353263018.1)
                  00005695    00000005     oled_ui.o (.rodata.str1.15917848551323629232.1)
                  0000569a    00000005     car_controller.o (.rodata.str1.1652194605229746967.1)
                  0000569f    00000005     oled_ui.o (.rodata.str1.17274519358952562110.1)
                  000056a4    00000005     oled_ui.o (.rodata.str1.270145429241168923.1)
                  000056a9    00000005     car_controller.o (.rodata.str1.4164979912472006574.1)
                  000056ae    00000005     oled_ui.o (.rodata.str1.4402311448527872260.1)
                  000056b3    00000005     oled_ui.o (.rodata.str1.4581472623415959594.1)
                  000056b8    00000005     oled_ui.o (.rodata.str1.4581686099848791648.1)
                  000056bd    00000005     menu.o (.rodata.str1.4862307748908978627.1)
                  000056c2    00000005     oled_ui.o (.rodata.str1.7185587941321649510.1)
                  000056c7    00000005     oled_ui.o (.rodata.str1.7774807581888385879.1)
                  000056cc    00000005     oled_ui.o (.rodata.str1.8426569189266129334.1)
                  000056d1    00000005     oled_ui.o (.rodata.str1.8460525935980491721.1)
                  000056d6    00000005     oled_ui.o (.rodata.str1.8693388333057100694.1)
                  000056db    00000005     car_controller.o (.rodata.str1.9234375891235759983.1)
                  000056e0    00000005     oled_ui.o (.rodata.str1.9295666102996717355.1)
                  000056e5    00000005     car_controller.o (.rodata.str1.9981487771679760427.1)
                  000056ea    00000004     oled_ui.o (.rodata.str1.1019225241002246410.1)
                  000056ee    00000004     oled_ui.o (.rodata.str1.10416366799939242409.1)
                  000056f2    00000004     menu.o (.rodata.str1.12110183915172842339.1)
                  000056f6    00000004     car_controller.o (.rodata.str1.12442237994239546032.1)
                  000056fa    00000004     oled_ui.o (.rodata.str1.12617122458660443890.1)
                  000056fe    00000004     oled_ui.o (.rodata.str1.130772507669342127.1)
                  00005702    00000004     menu.o (.rodata.str1.13124720451672825294.1)
                  00005706    00000004     oled_ui.o (.rodata.str1.13244290092665904221.1)
                  0000570a    00000004     oled_ui.o (.rodata.str1.13567883086814673087.1)
                  0000570e    00000004     menu.o (.rodata.str1.14098755746347272832.1)
                  00005712    00000004     oled_ui.o (.rodata.str1.15577080202403550426.1)
                  00005716    00000004     oled_ui.o (.rodata.str1.15817398807211891688.1)
                  0000571a    00000004     oled_ui.o (.rodata.str1.15859922799842739878.1)
                  0000571e    00000004     oled_ui.o (.rodata.str1.16411631209783952401.1)
                  00005722    00000004     oled_ui.o (.rodata.str1.16526439943277383452.1)
                  00005726    00000004     oled_ui.o (.rodata.str1.16849766574302683489.1)
                  0000572a    00000004     oled_ui.o (.rodata.str1.16939060351352778619.1)
                  0000572e    00000004     menu.o (.rodata.str1.17041139162815566052.1)
                  00005732    00000004     car_controller.o (.rodata.str1.17172356789460551389.1)
                  00005736    00000004     oled_ui.o (.rodata.str1.17464849429964608858.1)
                  0000573a    00000004     oled_ui.o (.rodata.str1.17884296644359297425.1)
                  0000573e    00000004     car_controller.o (.rodata.str1.18191498530309206443.1)
                  00005742    00000004     oled_ui.o (.rodata.str1.18379317056176403938.1)
                  00005746    00000004     oled_ui.o (.rodata.str1.2308938766145545715.1)
                  0000574a    00000004     oled_ui.o (.rodata.str1.3025253791635144717.1)
                  0000574e    00000004     oled_ui.o (.rodata.str1.3455423528827705371.1)
                  00005752    00000004     oled_ui.o (.rodata.str1.3702290527496711532.1)
                  00005756    00000004     oled_ui.o (.rodata.str1.4610220316623841660.1)
                  0000575a    00000004     oled_ui.o (.rodata.str1.5853739094453432564.1)
                  0000575e    00000004     car_controller.o (.rodata.str1.702403006289709404.1)
                  00005762    00000004     oled_ui.o (.rodata.str1.7219546930854689545.1)
                  00005766    00000004     oled_ui.o (.rodata.str1.7419768602719733415.1)
                  0000576a    00000004     oled_ui.o (.rodata.str1.8236579331345056500.1)
                  0000576e    00000004     oled_ui.o (.rodata.str1.8403269972884532600.1)
                  00005772    00000004     oled_ui.o (.rodata.str1.8783421139296713095.1)
                  00005776    00000004     oled_ui.o (.rodata.str1.9102528229756940648.1)
                  0000577a    00000004     oled_ui.o (.rodata.str1.9159586779647977165.1)
                  0000577e    00000004     menu.o (.rodata.str1.9546740394641817443.1)
                  00005782    00000004     oled_ui.o (.rodata.str1.967006512144173535.1)
                  00005786    00000003     oled_ui.o (.rodata.str1.11232419324784801130.1)
                  00005789    00000003     oled_ui.o (.rodata.str1.13790669171379415506.1)
                  0000578c    00000003     oled_ui.o (.rodata.str1.14556837007311414654.1)
                  0000578f    00000003     menu.o (.rodata.str1.16312125044762562515.1)
                  00005792    00000003     oled_ui.o (.rodata.str1.16931641404301806744.1)
                  00005795    00000003     oled_ui.o (.rodata.str1.17812014771544466701.1)
                  00005798    00000003     oled_ui.o (.rodata.str1.3407221357956504873.1)
                  0000579b    00000003     menu.o (.rodata.str1.4646809750356241979.1)
                  0000579e    00000003     menu.o (.rodata.str1.6857549598058878762.1)
                  000057a1    00000003     oled_ui.o (.rodata.str1.9854382722193312766.1)
                  000057a4    00000002     obstacle_scanner.o (.rodata.str1.11939683097049013124.1)
                  000057a6    00000002     obstacle_scanner.o (.rodata.str1.14577498031971741607.1)
                  000057a8    00000002     obstacle_scanner.o (.rodata.str1.5067209812142241413.1)
                  000057aa    00000002     obstacle_scanner.o (.rodata.str1.8397422230016258530.1)
                  000057ac    00000002     obstacle_scanner.o (.rodata.str1.972179551522492159.1)
                  000057ae    00000002     --HOLE-- [fill = 0]

.init_array 
*          0    00000000    00000000     UNINITIALIZED

.binit     0    00000000    00000000     

.bss       0    20200000    00000172     UNINITIALIZED
                  20200000    00000050     (.common:g_appConfig)
                  20200050    00000038     (.common:g_appRuntime)
                  20200088    00000028     (.common:g_imuRuntime)
                  202000b0    00000020     mission_manager.o (.bss.g_missionRuntime)
                  202000d0    00000014     (.common:g_headingRuntime)
                  202000e4    00000010     motion_action.o (.bss.g_motionActionRuntime)
                  202000f4    00000010     obstacle_scanner.o (.bss.g_obstacleScanFeedback)
                  20200104    0000000e     car_controller.o (.bss.g_carControllerFeedback)
                  20200112    00000002     ultrasonic.o (.bss.g_echoTicks)
                  20200114    0000000e     ultrasonic.o (.bss.g_ultrasonicFeedback)
                  20200122    00000008     obstacle_monitor.o (.bss.g_obstacleFeedback)
                  2020012a    00000006     ultrasonic.o (.bss.g_distanceSamples)
                  20200130    00000006     key.o (.bss.g_key1)
                  20200136    00000006     key.o (.bss.g_key2)
                  2020013c    00000006     key.o (.bss.g_key3)
                  20200142    00000002     obstacle_scanner.o (.bss.g_scanWaitTicks)
                  20200144    00000004     encoder.o (.bss.g_motorAPulses)
                  20200148    00000004     encoder.o (.bss.g_motorBPulses)
                  2020014c    00000004     servo.o (.bss.g_servoFeedback)
                  20200150    00000002     servo.o (.bss.g_servoPwmPhase)
                  20200152    00000002     ultrasonic.o (.bss.g_stateTicks)
                  20200154    00000002     (.common:g_trackError)
                  20200156    00000001     oled_ui.o (.bss.OledUi_Update_20ms.refreshDivider)
                  20200157    00000001     empty.o (.bss.SysTick_Handler.controlMsCount)
                  20200158    00000001     empty.o (.bss.SysTick_Handler.tick100usCount)
                  20200159    00000001     ultrasonic.o (.bss.Ultrasonic_Update_20ms.triggerDivider)
                  2020015a    00000001     empty.o (.bss.g_appUpdateDue)
                  2020015b    00000001     car_state.o (.bss.g_carState)
                  2020015c    00000001     obstacle_monitor.o (.bss.g_centerSettleTicks)
                  2020015d    00000001     ultrasonic.o (.bss.g_distanceSampleCount)
                  2020015e    00000001     ultrasonic.o (.bss.g_distanceSampleIndex)
                  2020015f    00000001     motor.o (.bss.g_motorADutyLevel)
                  20200160    00000001     motor.o (.bss.g_motorBDutyLevel)
                  20200161    00000001     obstacle_safety.o (.bss.g_obstacleSafetyHolding)
                  20200162    00000001     oled.o (.bss.g_oledColumn)
                  20200163    00000001     menu.o (.bss.g_oledPage)
                  20200164    00000001     menu.o (.bss.g_paramItem)
                  20200165    00000001     key.o (.bss.g_pendingEvent)
                  20200166    00000001     motor.o (.bss.g_pwmPhase)
                  20200167    00000001     car_controller.o (.bss.g_safetyHold)
                  20200168    00000001     ultrasonic.o (.bss.g_triggerRequest)
                  20200169    00000001     ultrasonic.o (.bss.g_ultrasonicState)
                  2020016a    00000001     (.common:g_carStateDebug)
                  2020016b    00000001     (.common:g_keyEvent)
                  2020016c    00000001     (.common:g_oledPageDebug)
                  2020016d    00000001     (.common:g_paramItemDebug)
                  2020016e    00000001     (.common:g_trackBlackCount)
                  2020016f    00000001     (.common:g_trackModeDebug)
                  20200170    00000001     (.common:g_trackRaw)
                  20200171    00000001     (.common:g_trackTurnDebug)

.data      0    20200172    00000001     UNINITIALIZED
                  20200172    00000001     car_controller.o (.data.g_followTurnPolicy)

.stack     0    20207e00    00000200     UNINITIALIZED
                  20207e00    00000004     libc.a : boot_cortex_m.c.obj (.stack)
                  20207e04    000001fc     --HOLE--

__llvm_prf_cnts 
*          0    20200000    00000000     UNINITIALIZED

__llvm_prf_bits 
*          0    20200000    00000000     UNINITIALIZED

MODULE SUMMARY

       Module                         code    ro data   rw data
       ------                         ----    -------   -------
    .\
       car_controller.o               3208    64        72     
       imu.o                          3304    0         40     
       oled.o                         2088    401       1      
       oled_ui.o                      1660    401       1      
       mission_library.o              172     1448      0      
       mission_manager.o              1184    0         32     
       app_config.o                   704     0         80     
       menu.o                         716     66        2      
       motion_action.o                704     0         16     
       ultrasonic.o                   636     0         29     
       obstacle_scanner.o             584     26        18     
       heading_control.o              468     0         20     
       key.o                          436     0         19     
       track_sensor.o                 372     0         0      
       motor.o                        356     0         3      
       app.o                          302     0         10     
       ti_msp_dl_config.o             300     0         0      
       obstacle_monitor.o             192     0         9      
       empty.o                        196     0         3      
       startup_mspm0g350x_ticlang.o   6       192       0      
       servo.o                        176     0         6      
       encoder.o                      144     0         8      
       obstacle_safety.o              124     0         1      
       car_state.o                    36      0         1      
    +--+------------------------------+-------+---------+---------+
       Total:                         18068   2598      371    
                                                               
    C:/TI/mspm0_sdk_2_05_01_00/source/ti/driverlib/lib/ticlang/m0p/mspm0g1x0x_g3x0x/driverlib.a
       dl_common.o                    10      0         0      
    +--+------------------------------+-------+---------+---------+
       Total:                         10      0         0      
                                                               
    D:\TI\CCS\ccs\tools\compiler\ti-cgt-armllvm_4.0.4.LTS\lib\armv6m-ti-none-eabi/c/libc.a
       memcpy16.S.obj                 154     0         0      
       copy_decompress_lzss.c.obj     124     0         0      
       autoinit.c.obj                 60      0         0      
       boot_cortex_m.c.obj            40      0         0      
       copy_zero_init.c.obj           22      0         0      
       copy_decompress_none.c.obj     18      0         0      
       exit.c.obj                     6       0         0      
       pre_init.c.obj                 4       0         0      
    +--+------------------------------+-------+---------+---------+
       Total:                         428     0         0      
                                                               
    D:\TI\CCS\ccs\tools\compiler\ti-cgt-armllvm_4.0.4.LTS\lib\armv6m-ti-none-eabi/c/libsysbm.a
       hostexit.c.obj                 4       0         0      
    +--+------------------------------+-------+---------+---------+
       Total:                         4       0         0      
                                                               
    D:\TI\CCS\ccs\tools\compiler\ti-cgt-armllvm_4.0.4.LTS\lib\armv6m-ti-none-eabi/libclang_rt.builtins.a
       addsf3.S.obj                   216     0         0      
       udivmoddi4.S.obj               162     0         0      
       mulsf3.S.obj                   140     0         0      
       divsf3.S.obj                   130     0         0      
       comparesf2.S.obj               118     0         0      
       aeabi_fcmp.S.obj               98      0         0      
       aeabi_idivmod.S.obj            86      0         0      
       aeabi_uidivmod.S.obj           64      0         0      
       divmoddi4.c.obj                62      0         0      
       floatsisf.S.obj                60      0         0      
       muldsi3.S.obj                  58      0         0      
       fixsfsi.S.obj                  56      0         0      
       ashldi3.S.obj                  30      0         0      
       aeabi_ldivmod.S.obj            20      0         0      
       aeabi_memcpy.S.obj             8       0         0      
       aeabi_div0.c.obj               4       0         0      
    +--+------------------------------+-------+---------+---------+
       Total:                         1312    0         0      
                                                               
       Stack:                         0       0         512    
       Linker Generated:              0       41        0      
    +--+------------------------------+-------+---------+---------+
       Grand Total:                   19822   2639      883    


LINKER GENERATED COPY TABLES

__TI_cinit_table @ 000057cc records: 2, size/record: 8, table size: 16
	.bss: load addr=000057bc, load size=00000008 bytes, run addr=20200000, run size=00000172 bytes, compression=zero_init
	.data: load addr=000057c4, load size=00000005 bytes, run addr=20200172, run size=00000001 bytes, compression=lzss


LINKER GENERATED HANDLER TABLE

__TI_handler_table @ 000057b0 records: 3, size/record: 4, table size: 12
	index: 0, handler: __TI_decompress_lzss
	index: 1, handler: __TI_decompress_none
	index: 2, handler: __TI_zero_init


GLOBAL SYMBOLS: SORTED ALPHABETICALLY BY Name 

address   name                                  
-------   ----                                  
000035b3  ADC0_IRQHandler                       
000035b3  ADC1_IRQHandler                       
000035b3  AES_IRQHandler                        
000035b5  AppConfig_InitDefault                 
00001869  AppConfig_LimitAll                    
00004249  App_Init                              
00003139  App_Update_20ms                       
00004e36  C$$EXIT                               
000035b3  CANFD0_IRQHandler                     
00004dd9  CarController_GetFeedback             
00004d21  CarController_GetRunMode              
00003b65  CarController_Init                    
00003be1  CarController_ResetRuntime            
00004b95  CarController_RunModeToString         
000043a5  CarController_SetSafetyHold           
000038b9  CarController_StartDriveHeading       
00003c5d  CarController_StartFollowLine         
00003789  CarController_StartSeekLine           
00003e41  CarController_StartTurnLeft90         
00003dcd  CarController_StartTurnRight90        
000039d9  CarController_StartTurnToYawRelative  
00004a85  CarController_Stop                    
000000c1  CarController_Update_20ms             
00004d2d  CarState_Get                          
00004d39  CarState_Init                         
00004d45  CarState_Set                          
000035b3  DAC0_IRQHandler                       
00004db1  DL_Common_delayCycles                 
000035b3  DMA_IRQHandler                        
000035b3  Default_Handler                       
00003f21  Encoder_HandleGpioInterrupt           
00004a61  Encoder_Reset                         
000035b3  GROUP0_IRQHandler                     
00004c25  GROUP1_IRQHandler                     
00004e37  HOSTexit                              
000035b3  HardFault_Handler                     
00004c39  HeadingControl_Enable                 
00004de1  HeadingControl_GetRuntime             
00004c4d  HeadingControl_Init                   
00004bad  HeadingControl_LockCurrentYaw         
00004c61  HeadingControl_Reset                  
00004bc5  HeadingControl_SetTargetYaw           
0000269d  HeadingControl_Update                 
000035b3  I2C0_IRQHandler                       
000035b3  I2C1_IRQHandler                       
00001a8d  Imu_CalibrateGyroBias                 
00004d51  Imu_GetCorrectedGyroZDps              
00004de9  Imu_GetRuntime                        
00004d5d  Imu_GetYaw                            
00001115  Imu_Init                              
00004b25  Imu_IsReady                           
00004d69  Imu_ResetYaw                          
00002939  Imu_Update                            
00004d01  Key_GetEvent                          
000048a5  Key_Init                              
000023b9  Key_Update_20ms                       
00004d75  Menu_GetPage                          
00004d81  Menu_GetParamItem                     
0000412d  Menu_GetParamValue                    
00001641  Menu_HandleKeyEvent                   
00004c75  Menu_Init                             
00004bdd  Menu_ParamItemToString                
00004c89  MissionLibrary_FindById               
00004c9d  MissionLibrary_GetByIndex             
00004e3b  MissionLibrary_GetCount               
00003ae3  MissionLibrary_Validate               
000048d5  MissionManager_Cancel                 
00004df1  MissionManager_GetMissionCount        
00004df9  MissionManager_GetRuntime             
00004cb1  MissionManager_GetSelectedMissionId   
00003ff9  MissionManager_GetSelectedMissionIndex
00004495  MissionManager_Init                   
00004aa5  MissionManager_Pause                  
00004905  MissionManager_Reset                  
00004ac5  MissionManager_Resume                 
00002dad  MissionManager_SelectNext             
00002f89  MissionManager_SelectPrevious         
00004d8d  MissionManager_SetExternalHold        
00004565  MissionManager_Start                  
00002cb5  MissionManager_Update_20ms            
00004bf5  MotionAction_Cancel                   
00004e01  MotionAction_GetRuntime               
00004cc5  MotionAction_Init                     
00002b99  MotionAction_Start                    
0000252d  MotionAction_Update_20ms              
000047cd  Motor_Init                            
000043f5  Motor_PwmTick100us                    
000033b1  Motor_SetSpeed                        
00004965  Motor_Stop                            
000035b3  NMI_Handler                           
000013ed  OLED_Clear                            
0000320d  OLED_Init                             
0000418d  OLED_PrintBinary7                     
000032e1  OLED_PrintChar                        
000027fd  OLED_PrintInt16                       
00004871  OLED_PrintString                      
0000483d  OLED_SetCursor                        
00004e09  ObstacleMonitor_GetFeedback           
00004b41  ObstacleMonitor_Init                  
00003651  ObstacleMonitor_Update_20ms           
00004b5d  ObstacleSafety_Init                   
00004d99  ObstacleSafety_IsHolding              
000042fd  ObstacleSafety_Update_20ms            
00004b79  ObstacleScanner_DirectionToString     
00004e11  ObstacleScanner_GetFeedback           
00004935  ObstacleScanner_Init                  
00001ca1  ObstacleScanner_Update_20ms           
00004da5  OledUi_Init                           
000007b5  OledUi_Update_20ms                    
000035b3  PendSV_Handler                        
000035b3  RTC_IRQHandler                        
00004e3f  Reset_Handler                         
000035b3  SPI0_IRQHandler                       
000035b3  SPI1_IRQHandler                       
000035b3  SVC_Handler                           
00003461  SYSCFG_DL_GPIO_init                   
000045a5  SYSCFG_DL_SYSCTL_init                 
00004d11  SYSCFG_DL_init                        
00004991  SYSCFG_DL_initPower                   
00004e19  Servo_GetFeedback                     
000049e9  Servo_Init                            
00004665  Servo_SetAngleDeg                     
000044dd  Servo_Tick100us                       
00004521  SysTick_Handler                       
000035b3  TIMA0_IRQHandler                      
000035b3  TIMA1_IRQHandler                      
000035b3  TIMG0_IRQHandler                      
000035b3  TIMG12_IRQHandler                     
000035b3  TIMG6_IRQHandler                      
000035b3  TIMG7_IRQHandler                      
000035b3  TIMG8_IRQHandler                      
000049bd  TrackSensor_CountBlack                
00003eb1  TrackSensor_DetectTurn                
00004061  TrackSensor_GetErrorFromRaw           
00003787  TrackSensor_Init                      
00004dbb  TrackSensor_IsCenterDetected          
00004dc5  TrackSensor_IsLineDetected            
00004dcf  TrackSensor_IsLineLost                
00004351  TrackSensor_ReadRaw                   
000035b3  UART0_IRQHandler                      
000035b3  UART1_IRQHandler                      
000035b3  UART2_IRQHandler                      
000035b3  UART3_IRQHandler                      
00004e21  Ultrasonic_GetFeedback                
00004445  Ultrasonic_Init                       
00004a11  Ultrasonic_ResetFilter                
00002219  Ultrasonic_Tick100us                  
000041ed  Ultrasonic_Update_20ms                
20208000  __STACK_END                           
00000200  __STACK_SIZE                          
00000000  __TI_ATRegion0_region_sz              
00000000  __TI_ATRegion0_src_addr               
00000000  __TI_ATRegion0_trg_addr               
00000000  __TI_ATRegion1_region_sz              
00000000  __TI_ATRegion1_src_addr               
00000000  __TI_ATRegion1_trg_addr               
00000000  __TI_ATRegion2_region_sz              
00000000  __TI_ATRegion2_src_addr               
00000000  __TI_ATRegion2_trg_addr               
000057cc  __TI_CINIT_Base                       
000057dc  __TI_CINIT_Limit                      
000057dc  __TI_CINIT_Warm                       
000057b0  __TI_Handler_Table_Base               
000057bc  __TI_Handler_Table_Limit              
00004719  __TI_auto_init_nobinit_nopinit        
00003cd9  __TI_decompress_lzss                  
00004ced  __TI_decompress_none                  
ffffffff  __TI_pprof_out_hndl                   
ffffffff  __TI_prof_data_size                   
ffffffff  __TI_prof_data_start                  
00000000  __TI_static_base__                    
00004c0d  __TI_zero_init_nomemset               
0000306b  __addsf3                              
00004805  __aeabi_f2iz                          
0000306b  __aeabi_fadd                          
000040c9  __aeabi_fcmpeq                        
00004105  __aeabi_fcmpge                        
00004119  __aeabi_fcmpgt                        
000040f1  __aeabi_fcmple                        
000040dd  __aeabi_fcmplt                        
00003a61  __aeabi_fdiv                          
0000394d  __aeabi_fmul                          
00003061  __aeabi_fsub                          
000046a1  __aeabi_i2f                           
000042a5  __aeabi_idiv                          
00003b63  __aeabi_idiv0                         
000042a5  __aeabi_idivmod                       
00003f1f  __aeabi_ldiv0                         
00004cd9  __aeabi_ldivmod                       
00004b05  __aeabi_llsl                          
00004e29  __aeabi_memcpy                        
00004e29  __aeabi_memcpy4                       
00004e29  __aeabi_memcpy8                       
000045e5  __aeabi_uidiv                         
000045e5  __aeabi_uidivmod                      
00004b05  __ashldi3                             
ffffffff  __binit__                             
00004755  __cmpsf2                              
00004625  __divmoddi4                           
00003a61  __divsf3                              
00004755  __eqsf2                               
00004805  __fixsfsi                             
000046a1  __floatsisf                           
000046dd  __gesf2                               
000046dd  __gtsf2                               
00004755  __lesf2                               
00004755  __ltsf2                               
UNDEFED   __mpu_init                            
00004791  __muldsi3                             
0000394d  __mulsf3                              
00004755  __nesf2                               
20207e00  __stack                               
20200000  __start___llvm_prf_bits               
20200000  __start___llvm_prf_cnts               
20200000  __stop___llvm_prf_bits                
20200000  __stop___llvm_prf_cnts                
00003061  __subsf3                              
00003511  __udivmoddi4                          
00004a39  _c_int00_noargs                       
UNDEFED   _system_post_cinit                    
00004e43  _system_pre_init                      
00004e31  abort                                 
ffffffff  binit                                 
20200000  g_appConfig                           
20200050  g_appRuntime                          
2020016a  g_carStateDebug                       
202000d0  g_headingRuntime                      
20200088  g_imuRuntime                          
2020016b  g_keyEvent                            
2020016c  g_oledPageDebug                       
2020016d  g_paramItemDebug                      
2020016e  g_trackBlackCount                     
20200154  g_trackError                          
2020016f  g_trackModeDebug                      
20200170  g_trackRaw                            
20200171  g_trackTurnDebug                      
00000000  interruptVectors                      
00003f8d  main                                  
000036ed  memcpy                                


GLOBAL SYMBOLS: SORTED BY Symbol Address 

address   name                                  
-------   ----                                  
00000000  __TI_ATRegion0_region_sz              
00000000  __TI_ATRegion0_src_addr               
00000000  __TI_ATRegion0_trg_addr               
00000000  __TI_ATRegion1_region_sz              
00000000  __TI_ATRegion1_src_addr               
00000000  __TI_ATRegion1_trg_addr               
00000000  __TI_ATRegion2_region_sz              
00000000  __TI_ATRegion2_src_addr               
00000000  __TI_ATRegion2_trg_addr               
00000000  __TI_static_base__                    
00000000  interruptVectors                      
000000c1  CarController_Update_20ms             
00000200  __STACK_SIZE                          
000007b5  OledUi_Update_20ms                    
00001115  Imu_Init                              
000013ed  OLED_Clear                            
00001641  Menu_HandleKeyEvent                   
00001869  AppConfig_LimitAll                    
00001a8d  Imu_CalibrateGyroBias                 
00001ca1  ObstacleScanner_Update_20ms           
00002219  Ultrasonic_Tick100us                  
000023b9  Key_Update_20ms                       
0000252d  MotionAction_Update_20ms              
0000269d  HeadingControl_Update                 
000027fd  OLED_PrintInt16                       
00002939  Imu_Update                            
00002b99  MotionAction_Start                    
00002cb5  MissionManager_Update_20ms            
00002dad  MissionManager_SelectNext             
00002f89  MissionManager_SelectPrevious         
00003061  __aeabi_fsub                          
00003061  __subsf3                              
0000306b  __addsf3                              
0000306b  __aeabi_fadd                          
00003139  App_Update_20ms                       
0000320d  OLED_Init                             
000032e1  OLED_PrintChar                        
000033b1  Motor_SetSpeed                        
00003461  SYSCFG_DL_GPIO_init                   
00003511  __udivmoddi4                          
000035b3  ADC0_IRQHandler                       
000035b3  ADC1_IRQHandler                       
000035b3  AES_IRQHandler                        
000035b3  CANFD0_IRQHandler                     
000035b3  DAC0_IRQHandler                       
000035b3  DMA_IRQHandler                        
000035b3  Default_Handler                       
000035b3  GROUP0_IRQHandler                     
000035b3  HardFault_Handler                     
000035b3  I2C0_IRQHandler                       
000035b3  I2C1_IRQHandler                       
000035b3  NMI_Handler                           
000035b3  PendSV_Handler                        
000035b3  RTC_IRQHandler                        
000035b3  SPI0_IRQHandler                       
000035b3  SPI1_IRQHandler                       
000035b3  SVC_Handler                           
000035b3  TIMA0_IRQHandler                      
000035b3  TIMA1_IRQHandler                      
000035b3  TIMG0_IRQHandler                      
000035b3  TIMG12_IRQHandler                     
000035b3  TIMG6_IRQHandler                      
000035b3  TIMG7_IRQHandler                      
000035b3  TIMG8_IRQHandler                      
000035b3  UART0_IRQHandler                      
000035b3  UART1_IRQHandler                      
000035b3  UART2_IRQHandler                      
000035b3  UART3_IRQHandler                      
000035b5  AppConfig_InitDefault                 
00003651  ObstacleMonitor_Update_20ms           
000036ed  memcpy                                
00003787  TrackSensor_Init                      
00003789  CarController_StartSeekLine           
000038b9  CarController_StartDriveHeading       
0000394d  __aeabi_fmul                          
0000394d  __mulsf3                              
000039d9  CarController_StartTurnToYawRelative  
00003a61  __aeabi_fdiv                          
00003a61  __divsf3                              
00003ae3  MissionLibrary_Validate               
00003b63  __aeabi_idiv0                         
00003b65  CarController_Init                    
00003be1  CarController_ResetRuntime            
00003c5d  CarController_StartFollowLine         
00003cd9  __TI_decompress_lzss                  
00003dcd  CarController_StartTurnRight90        
00003e41  CarController_StartTurnLeft90         
00003eb1  TrackSensor_DetectTurn                
00003f1f  __aeabi_ldiv0                         
00003f21  Encoder_HandleGpioInterrupt           
00003f8d  main                                  
00003ff9  MissionManager_GetSelectedMissionIndex
00004061  TrackSensor_GetErrorFromRaw           
000040c9  __aeabi_fcmpeq                        
000040dd  __aeabi_fcmplt                        
000040f1  __aeabi_fcmple                        
00004105  __aeabi_fcmpge                        
00004119  __aeabi_fcmpgt                        
0000412d  Menu_GetParamValue                    
0000418d  OLED_PrintBinary7                     
000041ed  Ultrasonic_Update_20ms                
00004249  App_Init                              
000042a5  __aeabi_idiv                          
000042a5  __aeabi_idivmod                       
000042fd  ObstacleSafety_Update_20ms            
00004351  TrackSensor_ReadRaw                   
000043a5  CarController_SetSafetyHold           
000043f5  Motor_PwmTick100us                    
00004445  Ultrasonic_Init                       
00004495  MissionManager_Init                   
000044dd  Servo_Tick100us                       
00004521  SysTick_Handler                       
00004565  MissionManager_Start                  
000045a5  SYSCFG_DL_SYSCTL_init                 
000045e5  __aeabi_uidiv                         
000045e5  __aeabi_uidivmod                      
00004625  __divmoddi4                           
00004665  Servo_SetAngleDeg                     
000046a1  __aeabi_i2f                           
000046a1  __floatsisf                           
000046dd  __gesf2                               
000046dd  __gtsf2                               
00004719  __TI_auto_init_nobinit_nopinit        
00004755  __cmpsf2                              
00004755  __eqsf2                               
00004755  __lesf2                               
00004755  __ltsf2                               
00004755  __nesf2                               
00004791  __muldsi3                             
000047cd  Motor_Init                            
00004805  __aeabi_f2iz                          
00004805  __fixsfsi                             
0000483d  OLED_SetCursor                        
00004871  OLED_PrintString                      
000048a5  Key_Init                              
000048d5  MissionManager_Cancel                 
00004905  MissionManager_Reset                  
00004935  ObstacleScanner_Init                  
00004965  Motor_Stop                            
00004991  SYSCFG_DL_initPower                   
000049bd  TrackSensor_CountBlack                
000049e9  Servo_Init                            
00004a11  Ultrasonic_ResetFilter                
00004a39  _c_int00_noargs                       
00004a61  Encoder_Reset                         
00004a85  CarController_Stop                    
00004aa5  MissionManager_Pause                  
00004ac5  MissionManager_Resume                 
00004b05  __aeabi_llsl                          
00004b05  __ashldi3                             
00004b25  Imu_IsReady                           
00004b41  ObstacleMonitor_Init                  
00004b5d  ObstacleSafety_Init                   
00004b79  ObstacleScanner_DirectionToString     
00004b95  CarController_RunModeToString         
00004bad  HeadingControl_LockCurrentYaw         
00004bc5  HeadingControl_SetTargetYaw           
00004bdd  Menu_ParamItemToString                
00004bf5  MotionAction_Cancel                   
00004c0d  __TI_zero_init_nomemset               
00004c25  GROUP1_IRQHandler                     
00004c39  HeadingControl_Enable                 
00004c4d  HeadingControl_Init                   
00004c61  HeadingControl_Reset                  
00004c75  Menu_Init                             
00004c89  MissionLibrary_FindById               
00004c9d  MissionLibrary_GetByIndex             
00004cb1  MissionManager_GetSelectedMissionId   
00004cc5  MotionAction_Init                     
00004cd9  __aeabi_ldivmod                       
00004ced  __TI_decompress_none                  
00004d01  Key_GetEvent                          
00004d11  SYSCFG_DL_init                        
00004d21  CarController_GetRunMode              
00004d2d  CarState_Get                          
00004d39  CarState_Init                         
00004d45  CarState_Set                          
00004d51  Imu_GetCorrectedGyroZDps              
00004d5d  Imu_GetYaw                            
00004d69  Imu_ResetYaw                          
00004d75  Menu_GetPage                          
00004d81  Menu_GetParamItem                     
00004d8d  MissionManager_SetExternalHold        
00004d99  ObstacleSafety_IsHolding              
00004da5  OledUi_Init                           
00004db1  DL_Common_delayCycles                 
00004dbb  TrackSensor_IsCenterDetected          
00004dc5  TrackSensor_IsLineDetected            
00004dcf  TrackSensor_IsLineLost                
00004dd9  CarController_GetFeedback             
00004de1  HeadingControl_GetRuntime             
00004de9  Imu_GetRuntime                        
00004df1  MissionManager_GetMissionCount        
00004df9  MissionManager_GetRuntime             
00004e01  MotionAction_GetRuntime               
00004e09  ObstacleMonitor_GetFeedback           
00004e11  ObstacleScanner_GetFeedback           
00004e19  Servo_GetFeedback                     
00004e21  Ultrasonic_GetFeedback                
00004e29  __aeabi_memcpy                        
00004e29  __aeabi_memcpy4                       
00004e29  __aeabi_memcpy8                       
00004e31  abort                                 
00004e36  C$$EXIT                               
00004e37  HOSTexit                              
00004e3b  MissionLibrary_GetCount               
00004e3f  Reset_Handler                         
00004e43  _system_pre_init                      
000057b0  __TI_Handler_Table_Base               
000057bc  __TI_Handler_Table_Limit              
000057cc  __TI_CINIT_Base                       
000057dc  __TI_CINIT_Limit                      
000057dc  __TI_CINIT_Warm                       
20200000  __start___llvm_prf_bits               
20200000  __start___llvm_prf_cnts               
20200000  __stop___llvm_prf_bits                
20200000  __stop___llvm_prf_cnts                
20200000  g_appConfig                           
20200050  g_appRuntime                          
20200088  g_imuRuntime                          
202000d0  g_headingRuntime                      
20200154  g_trackError                          
2020016a  g_carStateDebug                       
2020016b  g_keyEvent                            
2020016c  g_oledPageDebug                       
2020016d  g_paramItemDebug                      
2020016e  g_trackBlackCount                     
2020016f  g_trackModeDebug                      
20200170  g_trackRaw                            
20200171  g_trackTurnDebug                      
20207e00  __stack                               
20208000  __STACK_END                           
ffffffff  __TI_pprof_out_hndl                   
ffffffff  __TI_prof_data_size                   
ffffffff  __TI_prof_data_start                  
ffffffff  __binit__                             
ffffffff  binit                                 
UNDEFED   __mpu_init                            
UNDEFED   _system_post_cinit                    

[239 symbols]
