******************************************************************************
            TI ARM Clang Linker PC v4.0.4                      
******************************************************************************
>> Linked Sat Jul 11 00:02:56 2026

OUTPUT FILE NAME:   <diansaikaishi.out>
ENTRY POINT SYMBOL: "_c_int00_noargs"  address: 00002e21


MEMORY CONFIGURATION

         name            origin    length      used     unused   attr    fill
----------------------  --------  ---------  --------  --------  ----  --------
  FLASH                 00000000   00020000  00003360  0001cca0  R  X
  SRAM                  20200000   00008000  000002d0  00007d30  RW X
  BCR_CONFIG            41c00000   000000ff  00000000  000000ff  R   
  BSL_CONFIG            41c00100   00000080  00000000  00000080  R   


SEGMENT ALLOCATION MAP

run origin  load origin   length   init length attrs members
----------  ----------- ---------- ----------- ----- -------
00000000    00000000    00003360   00003360    r-x
  00000000    00000000    000000c0   000000c0    r-- .intvecs
  000000c0    000000c0    00002fc8   00002fc8    r-x .text
  00003088    00003088    000002c0   000002c0    r-- .rodata
  00003348    00003348    00000018   00000018    r-- .cinit
20200000    20200000    000000d0   00000000    rw-
  20200000    20200000    000000d0   00000000    rw- .bss
20207e00    20207e00    00000200   00000000    rw-
  20207e00    20207e00    00000200   00000000    rw- .stack


SECTION ALLOCATION MAP

 output                                  attributes/
section   page    origin      length       input sections
--------  ----  ----------  ----------   ----------------
.intvecs   0    00000000    000000c0     
                  00000000    000000c0     startup_mspm0g350x_ticlang.o (.intvecs)

.text      0    000000c0    00002fc8     
                  000000c0    00000430     oled_ui.o (.text.OledUi_Update_20ms)
                  000004f0    000002f0     imu.o (.text.mpu6050_read_regs)
                  000007e0    000002d8     imu.o (.text.Imu_Init)
                  00000ab8    000002b0     car_controller.o (.text.CarController_Update_20ms)
                  00000d68    00000254     oled.o (.text.OLED_Clear)
                  00000fbc    00000214     imu.o (.text.Imu_CalibrateGyroBias)
                  000011d0    000001d8     app_config.o (.text.AppConfig_LimitAll)
                  000013a8    000001cc     imu.o (.text.imu_i2c_write_byte)
                  00001574    000001b8     oled.o (.text.oled_i2c_write_byte)
                  0000172c    00000190     menu.o (.text.Menu_HandleKeyEvent)
                  000018bc    00000174     key.o (.text.Key_Update_20ms)
                  00001a30    0000013c     oled.o (.text.OLED_PrintInt16)
                  00001b6c    00000134     imu.o (.text.Imu_Update)
                  00001ca0    0000012c     imu.o (.text.imu_i2c_recover_bus)
                  00001dcc    000000e0     app.o (.text.App_Update_20ms)
                  00001eac    000000d8     libclang_rt.builtins.a : addsf3.S.obj (.text)
                  00001f84    000000d4     oled.o (.text.OLED_Init)
                  00002058    000000d0     oled.o (.text.OLED_PrintChar)
                  00002128    000000b4     heading_control.o (.text.HeadingControl_Update)
                  000021dc    000000b0     motor.o (.text.Motor_SetSpeed)
                  0000228c    000000a8     ti_msp_dl_config.o (.text.SYSCFG_DL_GPIO_init)
                  00002334    000000a2     libclang_rt.builtins.a : udivmoddi4.S.obj (.text)
                  000023d6    00000002     startup_mspm0g350x_ticlang.o (.text.Default_Handler)
                  000023d8    00000098     imu.o (.text.mpu6050_write_reg)
                  00002470    0000008c     app_config.o (.text.AppConfig_InitDefault)
                  000024fc    0000008c     libclang_rt.builtins.a : mulsf3.S.obj (.text.__mulsf3)
                  00002588    00000082                            : divsf3.S.obj (.text.__divsf3)
                  0000260a    00000002     track_sensor.o (.text.TrackSensor_Init)
                  0000260c    00000078     oled.o (.text.oled_write_command)
                  00002684    0000006c     encoder.o (.text.Encoder_HandleGpioInterrupt)
                  000026f0    0000006c     empty.o (.text.main)
                  0000275c    00000066     track_sensor.o (.text.TrackSensor_GetErrorFromRaw)
                  000027c2    00000002     libclang_rt.builtins.a : aeabi_div0.c.obj (.text.__aeabi_idiv0)
                  000027c4    00000062                            : aeabi_fcmp.S.obj (.text.__aeabi_fcmp)
                  00002826    0000005e     oled.o (.text.OLED_PrintBinary7)
                  00002884    00000058     menu.o (.text.Menu_GetParamValue)
                  000028dc    00000056     libclang_rt.builtins.a : aeabi_idivmod.S.obj (.text.__aeabi_idivmod)
                  00002932    00000002                            : aeabi_div0.c.obj (.text.__aeabi_ldiv0)
                  00002934    00000054     track_sensor.o (.text.TrackSensor_ReadRaw)
                  00002988    00000050     motor.o (.text.Motor_PwmTick100us)
                  000029d8    00000042     app.o (.text.App_Init)
                  00002a1a    00000002     --HOLE-- [fill = 0]
                  00002a1c    00000040     ti_msp_dl_config.o (.text.SYSCFG_DL_SYSCTL_init)
                  00002a5c    0000003e     libclang_rt.builtins.a : divmoddi4.c.obj (.text.__divmoddi4)
                  00002a9a    00000002     --HOLE-- [fill = 0]
                  00002a9c    0000003c     empty.o (.text.SysTick_Handler)
                  00002ad8    0000003c     libclang_rt.builtins.a : floatsisf.S.obj (.text.__floatsisf)
                  00002b14    0000003c                            : comparesf2.S.obj (.text.__gtsf2)
                  00002b50    0000003c     libc.a : autoinit.c.obj (.text:__TI_auto_init_nobinit_nopinit)
                  00002b8c    0000003a     libclang_rt.builtins.a : comparesf2.S.obj (.text.__eqsf2)
                  00002bc6    00000002     --HOLE-- [fill = 0]
                  00002bc8    0000003a                            : muldsi3.S.obj (.text.__muldsi3)
                  00002c02    00000002     --HOLE-- [fill = 0]
                  00002c04    00000038     motor.o (.text.Motor_Init)
                  00002c3c    00000038     libclang_rt.builtins.a : fixsfsi.S.obj (.text.__fixsfsi)
                  00002c74    00000036     track_sensor.o (.text.TrackSensor_DetectTurn)
                  00002caa    00000002     --HOLE-- [fill = 0]
                  00002cac    00000034     oled.o (.text.OLED_SetCursor)
                  00002ce0    00000032     oled.o (.text.OLED_PrintString)
                  00002d12    00000002     --HOLE-- [fill = 0]
                  00002d14    00000030     key.o (.text.Key_Init)
                  00002d44    0000002c     car_controller.o (.text.CarController_Init)
                  00002d70    0000002c     car_controller.o (.text.CarController_ResetRuntime)
                  00002d9c    0000002c     motor.o (.text.Motor_Stop)
                  00002dc8    0000002c     ti_msp_dl_config.o (.text.SYSCFG_DL_initPower)
                  00002df4    0000002c     track_sensor.o (.text.TrackSensor_CountBlack)
                  00002e20    00000028     libc.a : boot_cortex_m.c.obj (.text:_c_int00_noargs)
                  00002e48    00000024     encoder.o (.text.Encoder_Reset)
                  00002e6c    0000001e     libclang_rt.builtins.a : ashldi3.S.obj (.text.__ashldi3)
                  00002e8a    00000002     --HOLE-- [fill = 0]
                  00002e8c    0000001c     imu.o (.text.Imu_IsReady)
                  00002ea8    00000018     car_controller.o (.text.CarController_RunModeToString)
                  00002ec0    00000018     car_state.o (.text.CarState_ToString)
                  00002ed8    00000018     heading_control.o (.text.HeadingControl_LockCurrentYaw)
                  00002ef0    00000018     menu.o (.text.Menu_ParamItemToString)
                  00002f08    00000016     libc.a : copy_zero_init.c.obj (.text:decompress:ZI:__TI_zero_init_nomemset)
                  00002f1e    00000002     --HOLE-- [fill = 0]
                  00002f20    00000014     app_config.o (.text.AppConfig_DecreaseTargetLap)
                  00002f34    00000014     app_config.o (.text.AppConfig_IncreaseTargetLap)
                  00002f48    00000014     empty.o (.text.GROUP1_IRQHandler)
                  00002f5c    00000014     heading_control.o (.text.HeadingControl_Enable)
                  00002f70    00000014     heading_control.o (.text.HeadingControl_Init)
                  00002f84    00000014     menu.o (.text.Menu_Init)
                  00002f98    00000014     libclang_rt.builtins.a : aeabi_ldivmod.S.obj (.text.__aeabi_ldivmod)
                  00002fac    00000010     key.o (.text.Key_GetEvent)
                  00002fbc    00000010     ti_msp_dl_config.o (.text.SYSCFG_DL_init)
                  00002fcc    0000000c     car_controller.o (.text.CarController_GetRunMode)
                  00002fd8    0000000c     car_state.o (.text.CarState_Get)
                  00002fe4    0000000c     car_state.o (.text.CarState_Init)
                  00002ff0    0000000c     car_state.o (.text.CarState_Set)
                  00002ffc    0000000c     imu.o (.text.Imu_GetCorrectedGyroZDps)
                  00003008    0000000c     imu.o (.text.Imu_GetYaw)
                  00003014    0000000c     imu.o (.text.Imu_ResetYaw)
                  00003020    0000000c     menu.o (.text.Menu_GetPage)
                  0000302c    0000000c     menu.o (.text.Menu_GetParamItem)
                  00003038    0000000c     oled_ui.o (.text.OledUi_Init)
                  00003044    0000000a     driverlib.a : dl_common.o (.text.DL_Common_delayCycles)
                  0000304e    0000000a     track_sensor.o (.text.TrackSensor_IsCenterDetected)
                  00003058    0000000a     track_sensor.o (.text.TrackSensor_IsLineLost)
                  00003062    00000002     --HOLE-- [fill = 0]
                  00003064    00000008     heading_control.o (.text.HeadingControl_GetRuntime)
                  0000306c    00000008     imu.o (.text.Imu_GetRuntime)
                  00003074    00000006     libc.a : exit.c.obj (.text:abort)
                  0000307a    00000004     libsysbm.a : hostexit.c.obj (.text.HOSTexit)
                  0000307e    00000004     startup_mspm0g350x_ticlang.o (.text.Reset_Handler)
                  00003082    00000004     libc.a : pre_init.c.obj (.text._system_pre_init)
                  00003086    00000002     --HOLE-- [fill = 0]

.cinit     0    00003348    00000018     
                  00003348    00000008     (.cinit..bss.load) [load image, compression = zero_init]
                  00003350    00000004     (__TI_handler_table)
                  00003354    00000008     (__TI_cinit_table)
                  0000335c    00000004     --HOLE-- [fill = 0]

.rodata    0    00003088    000002c0     
                  00003088    000000d8     oled.o (.rodata..Lswitch.table.OLED_PrintChar)
                  00003160    0000001c     menu.o (.rodata..Lswitch.table.Menu_ParamItemToString)
                  0000317c    00000018     car_state.o (.rodata..Lswitch.table.CarState_ToString)
                  00003194    00000014     car_controller.o (.rodata..Lswitch.table.CarController_RunModeToString)
                  000031a8    00000009     oled_ui.o (.rodata.str1.3455423528827705371.1)
                  000031b1    00000007     oled_ui.o (.rodata.str1.8426569189266129334.1)
                  000031b8    00000006     oled_ui.o (.rodata.str1.1108652269057166745.1)
                  000031be    00000006     oled_ui.o (.rodata.str1.1445687256832830955.1)
                  000031c4    00000006     car_state.o (.rodata.str1.1675797584173499143.1)
                  000031ca    00000006     oled_ui.o (.rodata.str1.3025253791635144717.1)
                  000031d0    00000006     car_state.o (.rodata.str1.41590466491370331.1)
                  000031d6    00000006     menu.o (.rodata.str1.4646809750356241979.1)
                  000031dc    00000006     oled_ui.o (.rodata.str1.5853739094453432564.1)
                  000031e2    00000005     oled.o (.rodata.oled_get_glyph.colon)
                  000031e7    00000005     oled.o (.rodata.oled_get_glyph.eight)
                  000031ec    00000005     oled.o (.rodata.oled_get_glyph.five)
                  000031f1    00000005     oled.o (.rodata.oled_get_glyph.four)
                  000031f6    00000005     oled.o (.rodata.oled_get_glyph.glyphA)
                  000031fb    00000005     oled.o (.rodata.oled_get_glyph.glyphB)
                  00003200    00000005     oled.o (.rodata.oled_get_glyph.glyphC)
                  00003205    00000005     oled.o (.rodata.oled_get_glyph.glyphD)
                  0000320a    00000005     oled.o (.rodata.oled_get_glyph.glyphE)
                  0000320f    00000005     oled.o (.rodata.oled_get_glyph.glyphG)
                  00003214    00000005     oled.o (.rodata.oled_get_glyph.glyphH)
                  00003219    00000005     oled.o (.rodata.oled_get_glyph.glyphI)
                  0000321e    00000005     oled.o (.rodata.oled_get_glyph.glyphK)
                  00003223    00000005     oled.o (.rodata.oled_get_glyph.glyphL)
                  00003228    00000005     oled.o (.rodata.oled_get_glyph.glyphM)
                  0000322d    00000005     oled.o (.rodata.oled_get_glyph.glyphN)
                  00003232    00000005     oled.o (.rodata.oled_get_glyph.glyphO)
                  00003237    00000005     oled.o (.rodata.oled_get_glyph.glyphP)
                  0000323c    00000005     oled.o (.rodata.oled_get_glyph.glyphR)
                  00003241    00000005     oled.o (.rodata.oled_get_glyph.glyphS)
                  00003246    00000005     oled.o (.rodata.oled_get_glyph.glyphT)
                  0000324b    00000005     oled.o (.rodata.oled_get_glyph.glyphU)
                  00003250    00000005     oled.o (.rodata.oled_get_glyph.glyphV)
                  00003255    00000005     oled.o (.rodata.oled_get_glyph.glyphW)
                  0000325a    00000005     oled.o (.rodata.oled_get_glyph.glyphX)
                  0000325f    00000005     oled.o (.rodata.oled_get_glyph.glyphY)
                  00003264    00000005     oled.o (.rodata.oled_get_glyph.glyphb)
                  00003269    00000005     oled.o (.rodata.oled_get_glyph.gt)
                  0000326e    00000005     oled.o (.rodata.oled_get_glyph.minus)
                  00003273    00000005     oled.o (.rodata.oled_get_glyph.nine)
                  00003278    00000005     oled.o (.rodata.oled_get_glyph.one)
                  0000327d    00000005     oled.o (.rodata.oled_get_glyph.seven)
                  00003282    00000005     oled.o (.rodata.oled_get_glyph.six)
                  00003287    00000005     oled.o (.rodata.oled_get_glyph.space)
                  0000328c    00000005     oled.o (.rodata.oled_get_glyph.three)
                  00003291    00000005     oled.o (.rodata.oled_get_glyph.two)
                  00003296    00000005     oled.o (.rodata.oled_get_glyph.zero)
                  0000329b    00000005     oled_ui.o (.rodata.str1.10416366799939242409.1)
                  000032a0    00000005     menu.o (.rodata.str1.12110183915172842339.1)
                  000032a5    00000005     oled_ui.o (.rodata.str1.130772507669342127.1)
                  000032aa    00000005     oled_ui.o (.rodata.str1.14556837007311414654.1)
                  000032af    00000005     oled_ui.o (.rodata.str1.15008238333949226094.1)
                  000032b4    00000005     oled_ui.o (.rodata.str1.17540787658903907660.1)
                  000032b9    00000005     car_controller.o (.rodata.str1.18191498530309206443.1)
                  000032be    00000005     oled_ui.o (.rodata.str1.18266126048138325213.1)
                  000032c3    00000005     car_controller.o (.rodata.str1.4164979912472006574.1)
                  000032c8    00000005     oled_ui.o (.rodata.str1.4581472623415959594.1)
                  000032cd    00000005     car_state.o (.rodata.str1.8223341253983108753.1)
                  000032d2    00000005     car_state.o (.rodata.str1.8698975129455933903.1)
                  000032d7    00000005     oled_ui.o (.rodata.str1.9544068167406571052.1)
                  000032dc    00000005     car_controller.o (.rodata.str1.9981487771679760427.1)
                  000032e1    00000004     oled_ui.o (.rodata.str1.11232419324784801130.1)
                  000032e5    00000004     car_controller.o (.rodata.str1.12442237994239546032.1)
                  000032e9    00000004     menu.o (.rodata.str1.13124720451672825294.1)
                  000032ed    00000004     oled_ui.o (.rodata.str1.13882251010780863896.1)
                  000032f1    00000004     car_state.o (.rodata.str1.13986535679874659196.1)
                  000032f5    00000004     oled_ui.o (.rodata.str1.14358698208395374265.1)
                  000032f9    00000004     oled_ui.o (.rodata.str1.15917848551323629232.1)
                  000032fd    00000004     menu.o (.rodata.str1.16312125044762562515.1)
                  00003301    00000004     oled_ui.o (.rodata.str1.16931641404301806744.1)
                  00003305    00000004     car_controller.o (.rodata.str1.17172356789460551389.1)
                  00003309    00000004     oled_ui.o (.rodata.str1.17274519358952562110.1)
                  0000330d    00000004     oled_ui.o (.rodata.str1.17812014771544466701.1)
                  00003311    00000004     car_state.o (.rodata.str1.3601627812925153765.1)
                  00003315    00000004     oled_ui.o (.rodata.str1.3702290527496711532.1)
                  00003319    00000004     oled_ui.o (.rodata.str1.4402311448527872260.1)
                  0000331d    00000004     menu.o (.rodata.str1.4862307748908978627.1)
                  00003321    00000004     oled_ui.o (.rodata.str1.5965450730569173784.1)
                  00003325    00000004     menu.o (.rodata.str1.6857549598058878762.1)
                  00003329    00000004     car_controller.o (.rodata.str1.9234375891235759983.1)
                  0000332d    00000004     oled_ui.o (.rodata.str1.967006512144173535.1)
                  00003331    00000003     oled_ui.o (.rodata.str1.1019225241002246410.1)
                  00003334    00000003     menu.o (.rodata.str1.14098755746347272832.1)
                  00003337    00000003     oled_ui.o (.rodata.str1.14134189893851348960.1)
                  0000333a    00000003     menu.o (.rodata.str1.17041139162815566052.1)
                  0000333d    00000003     oled_ui.o (.rodata.str1.2308938766145545715.1)
                  00003340    00000003     oled_ui.o (.rodata.str1.9159586779647977165.1)
                  00003343    00000003     oled_ui.o (.rodata.str1.9854382722193312766.1)
                  00003346    00000002     --HOLE-- [fill = 0]

.init_array 
*          0    00000000    00000000     UNINITIALIZED

.binit     0    00000000    00000000     

.bss       0    20200000    000000d0     UNINITIALIZED
                  20200000    00000048     (.common:g_appConfig)
                  20200048    00000028     (.common:g_imuRuntime)
                  20200070    0000001c     (.common:g_appRuntime)
                  2020008c    00000014     (.common:g_headingRuntime)
                  202000a0    00000006     key.o (.bss.g_key1)
                  202000a6    00000006     key.o (.bss.g_key2)
                  202000ac    00000006     key.o (.bss.g_key3)
                  202000b2    00000002     (.common:g_trackError)
                  202000b4    00000004     encoder.o (.bss.g_motorAPulses)
                  202000b8    00000004     encoder.o (.bss.g_motorBPulses)
                  202000bc    00000001     oled_ui.o (.bss.OledUi_Update_20ms.refreshDivider)
                  202000bd    00000001     empty.o (.bss.SysTick_Handler.controlMsCount)
                  202000be    00000001     empty.o (.bss.SysTick_Handler.tick100usCount)
                  202000bf    00000001     empty.o (.bss.g_appUpdateDue)
                  202000c0    00000001     car_state.o (.bss.g_carState)
                  202000c1    00000001     motor.o (.bss.g_motorADutyLevel)
                  202000c2    00000001     motor.o (.bss.g_motorBDutyLevel)
                  202000c3    00000001     oled.o (.bss.g_oledColumn)
                  202000c4    00000001     menu.o (.bss.g_oledPage)
                  202000c5    00000001     menu.o (.bss.g_paramItem)
                  202000c6    00000001     key.o (.bss.g_pendingEvent)
                  202000c7    00000001     motor.o (.bss.g_pwmPhase)
                  202000c8    00000001     (.common:g_carStateDebug)
                  202000c9    00000001     (.common:g_keyEvent)
                  202000ca    00000001     (.common:g_oledPageDebug)
                  202000cb    00000001     (.common:g_paramItemDebug)
                  202000cc    00000001     (.common:g_trackBlackCount)
                  202000cd    00000001     (.common:g_trackModeDebug)
                  202000ce    00000001     (.common:g_trackRaw)
                  202000cf    00000001     (.common:g_trackTurnDebug)

.stack     0    20207e00    00000200     UNINITIALIZED
                  20207e00    00000004     libc.a : boot_cortex_m.c.obj (.stack)
                  20207e04    000001fc     --HOLE--

__llvm_prf_cnts 
*          0    20200000    00000000     UNINITIALIZED

__llvm_prf_bits 
*          0    20200000    00000000     UNINITIALIZED

MODULE SUMMARY

       Module                         code    ro data   rw data
       ------                         ----    -------   -------
    .\
       imu.o                          3304    0         40     
       oled.o                         2088    401       1      
       oled_ui.o                      1084    139       1      
       car_controller.o               812     47        28     
       app_config.o                   652     0         72     
       menu.o                         556     61        2      
       key.o                          436     0         19     
       motor.o                        356     0         3      
       track_sensor.o                 306     0         0      
       app.o                          290     0         10     
       ti_msp_dl_config.o             292     0         0      
       heading_control.o              252     0         20     
       startup_mspm0g350x_ticlang.o   6       192       0      
       empty.o                        188     0         3      
       encoder.o                      144     0         8      
       car_state.o                    60      54        1      
    +--+------------------------------+-------+---------+---------+
       Total:                         10826   894       208    
                                                               
    C:/TI/mspm0_sdk_2_05_01_00/source/ti/driverlib/lib/ticlang/m0p/mspm0g1x0x_g3x0x/driverlib.a
       dl_common.o                    10      0         0      
    +--+------------------------------+-------+---------+---------+
       Total:                         10      0         0      
                                                               
    D:\TI\CCS\ccs\tools\compiler\ti-cgt-armllvm_4.0.4.LTS\lib\armv6m-ti-none-eabi/c/libc.a
       autoinit.c.obj                 60      0         0      
       boot_cortex_m.c.obj            40      0         0      
       copy_zero_init.c.obj           22      0         0      
       exit.c.obj                     6       0         0      
       pre_init.c.obj                 4       0         0      
    +--+------------------------------+-------+---------+---------+
       Total:                         132     0         0      
                                                               
    D:\TI\CCS\ccs\tools\compiler\ti-cgt-armllvm_4.0.4.LTS\lib\armv6m-ti-none-eabi/c/libsysbm.a
       hostexit.c.obj                 4       0         0      
    +--+------------------------------+-------+---------+---------+
       Total:                         4       0         0      
                                                               
    D:\TI\CCS\ccs\tools\compiler\ti-cgt-armllvm_4.0.4.LTS\lib\armv6m-ti-none-eabi/libclang_rt.builtins.a
       addsf3.S.obj                   216     0         0      
       udivmoddi4.S.obj               162     0         0      
       mulsf3.S.obj                   140     0         0      
       divsf3.S.obj                   130     0         0      
       comparesf2.S.obj               118     0         0      
       aeabi_fcmp.S.obj               98      0         0      
       aeabi_idivmod.S.obj            86      0         0      
       divmoddi4.c.obj                62      0         0      
       floatsisf.S.obj                60      0         0      
       muldsi3.S.obj                  58      0         0      
       fixsfsi.S.obj                  56      0         0      
       ashldi3.S.obj                  30      0         0      
       aeabi_ldivmod.S.obj            20      0         0      
       aeabi_div0.c.obj               4       0         0      
    +--+------------------------------+-------+---------+---------+
       Total:                         1240    0         0      
                                                               
       Stack:                         0       0         512    
       Linker Generated:              0       20        0      
    +--+------------------------------+-------+---------+---------+
       Grand Total:                   12212   914       720    


LINKER GENERATED COPY TABLES

__TI_cinit_table @ 00003354 records: 1, size/record: 8, table size: 8
	.bss: load addr=00003348, load size=00000008 bytes, run addr=20200000, run size=000000d0 bytes, compression=zero_init


LINKER GENERATED HANDLER TABLE

__TI_handler_table @ 00003350 records: 1, size/record: 4, table size: 4
	index: 0, handler: __TI_zero_init


GLOBAL SYMBOLS: SORTED ALPHABETICALLY BY Name 

address   name                          
-------   ----                          
000023d7  ADC0_IRQHandler               
000023d7  ADC1_IRQHandler               
000023d7  AES_IRQHandler                
00002f21  AppConfig_DecreaseTargetLap   
00002f35  AppConfig_IncreaseTargetLap   
00002471  AppConfig_InitDefault         
000011d1  AppConfig_LimitAll            
000029d9  App_Init                      
00001dcd  App_Update_20ms               
0000307a  C$$EXIT                       
000023d7  CANFD0_IRQHandler             
00002fcd  CarController_GetRunMode      
00002d45  CarController_Init            
00002d71  CarController_ResetRuntime    
00002ea9  CarController_RunModeToString 
00000ab9  CarController_Update_20ms     
00002fd9  CarState_Get                  
00002fe5  CarState_Init                 
00002ff1  CarState_Set                  
00002ec1  CarState_ToString             
000023d7  DAC0_IRQHandler               
00003045  DL_Common_delayCycles         
000023d7  DMA_IRQHandler                
000023d7  Default_Handler               
00002685  Encoder_HandleGpioInterrupt   
00002e49  Encoder_Reset                 
000023d7  GROUP0_IRQHandler             
00002f49  GROUP1_IRQHandler             
0000307b  HOSTexit                      
000023d7  HardFault_Handler             
00002f5d  HeadingControl_Enable         
00003065  HeadingControl_GetRuntime     
00002f71  HeadingControl_Init           
00002ed9  HeadingControl_LockCurrentYaw 
00002129  HeadingControl_Update         
000023d7  I2C0_IRQHandler               
000023d7  I2C1_IRQHandler               
00000fbd  Imu_CalibrateGyroBias         
00002ffd  Imu_GetCorrectedGyroZDps      
0000306d  Imu_GetRuntime                
00003009  Imu_GetYaw                    
000007e1  Imu_Init                      
00002e8d  Imu_IsReady                   
00003015  Imu_ResetYaw                  
00001b6d  Imu_Update                    
00002fad  Key_GetEvent                  
00002d15  Key_Init                      
000018bd  Key_Update_20ms               
00003021  Menu_GetPage                  
0000302d  Menu_GetParamItem             
00002885  Menu_GetParamValue            
0000172d  Menu_HandleKeyEvent           
00002f85  Menu_Init                     
00002ef1  Menu_ParamItemToString        
00002c05  Motor_Init                    
00002989  Motor_PwmTick100us            
000021dd  Motor_SetSpeed                
00002d9d  Motor_Stop                    
000023d7  NMI_Handler                   
00000d69  OLED_Clear                    
00001f85  OLED_Init                     
00002827  OLED_PrintBinary7             
00002059  OLED_PrintChar                
00001a31  OLED_PrintInt16               
00002ce1  OLED_PrintString              
00002cad  OLED_SetCursor                
00003039  OledUi_Init                   
000000c1  OledUi_Update_20ms            
000023d7  PendSV_Handler                
000023d7  RTC_IRQHandler                
0000307f  Reset_Handler                 
000023d7  SPI0_IRQHandler               
000023d7  SPI1_IRQHandler               
000023d7  SVC_Handler                   
0000228d  SYSCFG_DL_GPIO_init           
00002a1d  SYSCFG_DL_SYSCTL_init         
00002fbd  SYSCFG_DL_init                
00002dc9  SYSCFG_DL_initPower           
00002a9d  SysTick_Handler               
000023d7  TIMA0_IRQHandler              
000023d7  TIMA1_IRQHandler              
000023d7  TIMG0_IRQHandler              
000023d7  TIMG12_IRQHandler             
000023d7  TIMG6_IRQHandler              
000023d7  TIMG7_IRQHandler              
000023d7  TIMG8_IRQHandler              
00002df5  TrackSensor_CountBlack        
00002c75  TrackSensor_DetectTurn        
0000275d  TrackSensor_GetErrorFromRaw   
0000260b  TrackSensor_Init              
0000304f  TrackSensor_IsCenterDetected  
00003059  TrackSensor_IsLineLost        
00002935  TrackSensor_ReadRaw           
000023d7  UART0_IRQHandler              
000023d7  UART1_IRQHandler              
000023d7  UART2_IRQHandler              
000023d7  UART3_IRQHandler              
20208000  __STACK_END                   
00000200  __STACK_SIZE                  
00000000  __TI_ATRegion0_region_sz      
00000000  __TI_ATRegion0_src_addr       
00000000  __TI_ATRegion0_trg_addr       
00000000  __TI_ATRegion1_region_sz      
00000000  __TI_ATRegion1_src_addr       
00000000  __TI_ATRegion1_trg_addr       
00000000  __TI_ATRegion2_region_sz      
00000000  __TI_ATRegion2_src_addr       
00000000  __TI_ATRegion2_trg_addr       
00003354  __TI_CINIT_Base               
0000335c  __TI_CINIT_Limit              
0000335c  __TI_CINIT_Warm               
00003350  __TI_Handler_Table_Base       
00003354  __TI_Handler_Table_Limit      
00002b51  __TI_auto_init_nobinit_nopinit
ffffffff  __TI_pprof_out_hndl           
ffffffff  __TI_prof_data_size           
ffffffff  __TI_prof_data_start          
00000000  __TI_static_base__            
00002f09  __TI_zero_init_nomemset       
00001eb7  __addsf3                      
00002c3d  __aeabi_f2iz                  
00001eb7  __aeabi_fadd                  
000027c5  __aeabi_fcmpeq                
00002801  __aeabi_fcmpge                
00002815  __aeabi_fcmpgt                
000027ed  __aeabi_fcmple                
000027d9  __aeabi_fcmplt                
00002589  __aeabi_fdiv                  
000024fd  __aeabi_fmul                  
00001ead  __aeabi_fsub                  
00002ad9  __aeabi_i2f                   
000028dd  __aeabi_idiv                  
000027c3  __aeabi_idiv0                 
000028dd  __aeabi_idivmod               
00002933  __aeabi_ldiv0                 
00002f99  __aeabi_ldivmod               
00002e6d  __aeabi_llsl                  
00002e6d  __ashldi3                     
ffffffff  __binit__                     
00002b8d  __cmpsf2                      
00002a5d  __divmoddi4                   
00002589  __divsf3                      
00002b8d  __eqsf2                       
00002c3d  __fixsfsi                     
00002ad9  __floatsisf                   
00002b15  __gesf2                       
00002b15  __gtsf2                       
00002b8d  __lesf2                       
00002b8d  __ltsf2                       
UNDEFED   __mpu_init                    
00002bc9  __muldsi3                     
000024fd  __mulsf3                      
00002b8d  __nesf2                       
20207e00  __stack                       
20200000  __start___llvm_prf_bits       
20200000  __start___llvm_prf_cnts       
20200000  __stop___llvm_prf_bits        
20200000  __stop___llvm_prf_cnts        
00001ead  __subsf3                      
00002335  __udivmoddi4                  
00002e21  _c_int00_noargs               
UNDEFED   _system_post_cinit            
00003083  _system_pre_init              
00003075  abort                         
ffffffff  binit                         
20200000  g_appConfig                   
20200070  g_appRuntime                  
202000c8  g_carStateDebug               
2020008c  g_headingRuntime              
20200048  g_imuRuntime                  
202000c9  g_keyEvent                    
202000ca  g_oledPageDebug               
202000cb  g_paramItemDebug              
202000cc  g_trackBlackCount             
202000b2  g_trackError                  
202000cd  g_trackModeDebug              
202000ce  g_trackRaw                    
202000cf  g_trackTurnDebug              
00000000  interruptVectors              
000026f1  main                          


GLOBAL SYMBOLS: SORTED BY Symbol Address 

address   name                          
-------   ----                          
00000000  __TI_ATRegion0_region_sz      
00000000  __TI_ATRegion0_src_addr       
00000000  __TI_ATRegion0_trg_addr       
00000000  __TI_ATRegion1_region_sz      
00000000  __TI_ATRegion1_src_addr       
00000000  __TI_ATRegion1_trg_addr       
00000000  __TI_ATRegion2_region_sz      
00000000  __TI_ATRegion2_src_addr       
00000000  __TI_ATRegion2_trg_addr       
00000000  __TI_static_base__            
00000000  interruptVectors              
000000c1  OledUi_Update_20ms            
00000200  __STACK_SIZE                  
000007e1  Imu_Init                      
00000ab9  CarController_Update_20ms     
00000d69  OLED_Clear                    
00000fbd  Imu_CalibrateGyroBias         
000011d1  AppConfig_LimitAll            
0000172d  Menu_HandleKeyEvent           
000018bd  Key_Update_20ms               
00001a31  OLED_PrintInt16               
00001b6d  Imu_Update                    
00001dcd  App_Update_20ms               
00001ead  __aeabi_fsub                  
00001ead  __subsf3                      
00001eb7  __addsf3                      
00001eb7  __aeabi_fadd                  
00001f85  OLED_Init                     
00002059  OLED_PrintChar                
00002129  HeadingControl_Update         
000021dd  Motor_SetSpeed                
0000228d  SYSCFG_DL_GPIO_init           
00002335  __udivmoddi4                  
000023d7  ADC0_IRQHandler               
000023d7  ADC1_IRQHandler               
000023d7  AES_IRQHandler                
000023d7  CANFD0_IRQHandler             
000023d7  DAC0_IRQHandler               
000023d7  DMA_IRQHandler                
000023d7  Default_Handler               
000023d7  GROUP0_IRQHandler             
000023d7  HardFault_Handler             
000023d7  I2C0_IRQHandler               
000023d7  I2C1_IRQHandler               
000023d7  NMI_Handler                   
000023d7  PendSV_Handler                
000023d7  RTC_IRQHandler                
000023d7  SPI0_IRQHandler               
000023d7  SPI1_IRQHandler               
000023d7  SVC_Handler                   
000023d7  TIMA0_IRQHandler              
000023d7  TIMA1_IRQHandler              
000023d7  TIMG0_IRQHandler              
000023d7  TIMG12_IRQHandler             
000023d7  TIMG6_IRQHandler              
000023d7  TIMG7_IRQHandler              
000023d7  TIMG8_IRQHandler              
000023d7  UART0_IRQHandler              
000023d7  UART1_IRQHandler              
000023d7  UART2_IRQHandler              
000023d7  UART3_IRQHandler              
00002471  AppConfig_InitDefault         
000024fd  __aeabi_fmul                  
000024fd  __mulsf3                      
00002589  __aeabi_fdiv                  
00002589  __divsf3                      
0000260b  TrackSensor_Init              
00002685  Encoder_HandleGpioInterrupt   
000026f1  main                          
0000275d  TrackSensor_GetErrorFromRaw   
000027c3  __aeabi_idiv0                 
000027c5  __aeabi_fcmpeq                
000027d9  __aeabi_fcmplt                
000027ed  __aeabi_fcmple                
00002801  __aeabi_fcmpge                
00002815  __aeabi_fcmpgt                
00002827  OLED_PrintBinary7             
00002885  Menu_GetParamValue            
000028dd  __aeabi_idiv                  
000028dd  __aeabi_idivmod               
00002933  __aeabi_ldiv0                 
00002935  TrackSensor_ReadRaw           
00002989  Motor_PwmTick100us            
000029d9  App_Init                      
00002a1d  SYSCFG_DL_SYSCTL_init         
00002a5d  __divmoddi4                   
00002a9d  SysTick_Handler               
00002ad9  __aeabi_i2f                   
00002ad9  __floatsisf                   
00002b15  __gesf2                       
00002b15  __gtsf2                       
00002b51  __TI_auto_init_nobinit_nopinit
00002b8d  __cmpsf2                      
00002b8d  __eqsf2                       
00002b8d  __lesf2                       
00002b8d  __ltsf2                       
00002b8d  __nesf2                       
00002bc9  __muldsi3                     
00002c05  Motor_Init                    
00002c3d  __aeabi_f2iz                  
00002c3d  __fixsfsi                     
00002c75  TrackSensor_DetectTurn        
00002cad  OLED_SetCursor                
00002ce1  OLED_PrintString              
00002d15  Key_Init                      
00002d45  CarController_Init            
00002d71  CarController_ResetRuntime    
00002d9d  Motor_Stop                    
00002dc9  SYSCFG_DL_initPower           
00002df5  TrackSensor_CountBlack        
00002e21  _c_int00_noargs               
00002e49  Encoder_Reset                 
00002e6d  __aeabi_llsl                  
00002e6d  __ashldi3                     
00002e8d  Imu_IsReady                   
00002ea9  CarController_RunModeToString 
00002ec1  CarState_ToString             
00002ed9  HeadingControl_LockCurrentYaw 
00002ef1  Menu_ParamItemToString        
00002f09  __TI_zero_init_nomemset       
00002f21  AppConfig_DecreaseTargetLap   
00002f35  AppConfig_IncreaseTargetLap   
00002f49  GROUP1_IRQHandler             
00002f5d  HeadingControl_Enable         
00002f71  HeadingControl_Init           
00002f85  Menu_Init                     
00002f99  __aeabi_ldivmod               
00002fad  Key_GetEvent                  
00002fbd  SYSCFG_DL_init                
00002fcd  CarController_GetRunMode      
00002fd9  CarState_Get                  
00002fe5  CarState_Init                 
00002ff1  CarState_Set                  
00002ffd  Imu_GetCorrectedGyroZDps      
00003009  Imu_GetYaw                    
00003015  Imu_ResetYaw                  
00003021  Menu_GetPage                  
0000302d  Menu_GetParamItem             
00003039  OledUi_Init                   
00003045  DL_Common_delayCycles         
0000304f  TrackSensor_IsCenterDetected  
00003059  TrackSensor_IsLineLost        
00003065  HeadingControl_GetRuntime     
0000306d  Imu_GetRuntime                
00003075  abort                         
0000307a  C$$EXIT                       
0000307b  HOSTexit                      
0000307f  Reset_Handler                 
00003083  _system_pre_init              
00003350  __TI_Handler_Table_Base       
00003354  __TI_CINIT_Base               
00003354  __TI_Handler_Table_Limit      
0000335c  __TI_CINIT_Limit              
0000335c  __TI_CINIT_Warm               
20200000  __start___llvm_prf_bits       
20200000  __start___llvm_prf_cnts       
20200000  __stop___llvm_prf_bits        
20200000  __stop___llvm_prf_cnts        
20200000  g_appConfig                   
20200048  g_imuRuntime                  
20200070  g_appRuntime                  
2020008c  g_headingRuntime              
202000b2  g_trackError                  
202000c8  g_carStateDebug               
202000c9  g_keyEvent                    
202000ca  g_oledPageDebug               
202000cb  g_paramItemDebug              
202000cc  g_trackBlackCount             
202000cd  g_trackModeDebug              
202000ce  g_trackRaw                    
202000cf  g_trackTurnDebug              
20207e00  __stack                       
20208000  __STACK_END                   
ffffffff  __TI_pprof_out_hndl           
ffffffff  __TI_prof_data_size           
ffffffff  __TI_prof_data_start          
ffffffff  __binit__                     
ffffffff  binit                         
UNDEFED   __mpu_init                    
UNDEFED   _system_post_cinit            

[180 symbols]
