******************************************************************************
            TI ARM Clang Linker PC v4.0.4                      
******************************************************************************
>> Linked Tue Jul 28 02:10:39 2026

OUTPUT FILE NAME:   <diansaikaishi.out>
ENTRY POINT SYMBOL: "_c_int00_noargs"  address: 0000f9d5


MEMORY CONFIGURATION

         name            origin    length      used     unused   attr    fill
----------------------  --------  ---------  --------  --------  ----  --------
  FLASH                 00000000   00020000  00010b60  0000f4a0  R  X
  SRAM                  20200000   00008000  00001479  00006b87  RW X
  BCR_CONFIG            41c00000   000000ff  00000000  000000ff  R   
  BSL_CONFIG            41c00100   00000080  00000000  00000080  R   


SEGMENT ALLOCATION MAP

run origin  load origin   length   init length attrs members
----------  ----------- ---------- ----------- ----- -------
00000000    00000000    00010b60   00010b60    r-x
  00000000    00000000    000000c0   000000c0    r-- .intvecs
  000000c0    000000c0    000100a0   000100a0    r-x .text
  00010160    00010160    000009d0   000009d0    r-- .rodata
  00010b30    00010b30    00000030   00000030    r-- .cinit
20200000    20200000    00001279   00000000    rw-
  20200000    20200000    00001277   00000000    rw- .bss
  20201277    20201277    00000002   00000000    rw- .data
20207e00    20207e00    00000200   00000000    rw-
  20207e00    20207e00    00000200   00000000    rw- .stack


SECTION ALLOCATION MAP

 output                                  attributes/
section   page    origin      length       input sections
--------  ----  ----------  ----------   ----------------
.intvecs   0    00000000    000000c0     
                  00000000    000000c0     startup_mspm0g350x_ticlang.o (.intvecs)

.text      0    000000c0    000100a0     
                  000000c0    00002760     oled_ui.o (.text.OledUi_Update_20ms)
                  00002820    00001dd4     vision_tuning_console.o (.text.VisionTuningConsole_Process)
                  000045f4    00001490     app.o (.text.App_Update_20ms)
                  00005a84    00000648     app_config.o (.text.AppConfig_LimitAll)
                  000060cc    00000524     line_controller.o (.text.LineController_Update)
                  000065f0    000004f8     app.o (.text.app_remote_update_result)
                  00006ae8    00000488     runtime_snapshot.o (.text.RuntimeSnapshot_Update)
                  00006f70    0000044c     motor_control.o (.text.update_wheel)
                  000073bc    00000424     wheel_speed_estimator.o (.text.WheelSpeedEstimator_Update)
                  000077e0    000003e0     imu.o (.text.Imu_Update)
                  00007bc0    000003b0     vision_receiver.o (.text.VisionReceiver_Process)
                  00007f70    00000374     imu.o (.text.Imu_Init)
                  000082e4    00000370     gimbal.o (.text.gimbal_update_feedback)
                  00008654    00000310     vision_tuning_console.o (.text.append_scaled)
                  00008964    000002f0     imu.o (.text.mpu6050_read_regs)
                  00008c54    000002cc     car_controller.o (.text.handle_drive_distance)
                  00008f20    000002b0     motion_action.o (.text.MotionAction_Update_20ms)
                  000091d0    0000028c     motor_control.o (.text.MotorControl_Update)
                  0000945c    00000268     car_controller.o (.text.handle_turn_to_yaw)
                  000096c4    00000230     imu.o (.text.Imu_CalibrateGyroBias)
                  000098f4    00000220     menu.o (.text.Menu_HandleKeyEvent)
                  00009b14    00000218     app_config.o (.text.AppConfig_InitDefault)
                  00009d2c    00000214     motion_action.o (.text.MotionAction_Start)
                  00009f40    00000210     app.o (.text.app_remote_append_float_tenth)
                  0000a150    00000204     motor.o (.text.Motor_SetSpeed)
                  0000a354    000001f4     vision_protocol.o (.text.VisionProtocol_ParseV1TargetFrame)
                  0000a548    000001e8     motor_control.o (.text.config_is_valid)
                  0000a730    000001e4     mission_library.o (.text.MissionLibrary_Validate)
                  0000a914    000001cc     bluetooth_uart.o (.text.BluetoothUart_TryWriteBuffer)
                  0000aae0    000001cc     imu.o (.text.imu_i2c_write_byte)
                  0000acac    000001cc     oled_ui.o (.text.print_status_page)
                  0000ae78    000001b8     oled.o (.text.oled_i2c_write_byte)
                  0000b030    000001a0     ultrasonic.o (.text.Ultrasonic_Tick100us)
                  0000b1d0    0000019c     car_controller.o (.text.CarController_StartDriveDistanceAtYaw)
                  0000b36c    00000190     car_controller.o (.text.CarController_Update_20ms)
                  0000b4fc    00000174     key.o (.text.Key_Update_20ms)
                  0000b670    00000170     oled.o (.text.OLED_FlushPage)
                  0000b7e0    0000016c     oled.o (.text.OLED_PrintInt16)
                  0000b94c    00000158     vision_tuning_console.o (.text.send_parameter_reply)
                  0000baa4    00000158     vision_tuning_console.o (.text.send_yaw_parameter_reply)
                  0000bbfc    0000012c     bluetooth_uart.o (.text.BluetoothUart_Process)
                  0000bd28    0000012c     imu.o (.text.imu_i2c_recover_bus)
                  0000be54    00000128     line_controller.o (.text.LineController_Reset)
                  0000bf7c    00000124     oled.o (.text.OLED_Init)
                  0000c0a0    00000124     vision_tuning_console.o (.text.send_simple_reply)
                  0000c1c4    0000011c     car_controller.o (.text.handle_drive_heading)
                  0000c2e0    0000010c     line_controller.o (.text.LineController_ResetControlState)
                  0000c3ec    0000010c     car_controller.o (.text.handle_follow_line)
                  0000c4f8    00000104     driverlib.a : dl_timer.o (.text.DL_Timer_initFourCCPWMMode)
                  0000c5fc    00000104     line_controller.o (.text.LineController_Init)
                  0000c700    00000104     mission_manager.o (.text.MissionManager_Update_20ms)
                  0000c804    00000100     motor_control.o (.text.MotorControl_SetNormalizedTarget)
                  0000c904    000000f4     mission_manager.o (.text.MissionManager_SelectNext)
                  0000c9f8    000000f4     app.o (.text.app_remote_handle_turn)
                  0000caec    000000ec     heading_control.o (.text.HeadingControl_Update)
                  0000cbd8    000000e8     obstacle_safety.o (.text.ObstacleSafety_Update_20ms)
                  0000ccc0    000000e8     vision_protocol.o (.text.fields_are_valid)
                  0000cda8    000000e0     mission_manager.o (.text.MissionManager_SelectPrevious)
                  0000ce88    000000e0     wheel_speed_estimator.o (.text.WheelSpeedEstimator_Init)
                  0000cf68    000000e0     empty.o (.text.main)
                  0000d048    000000dc     ti_msp_dl_config.o (.text.SYSCFG_DL_GPIO_init)
                  0000d124    000000d8     oled.o (.text.OLED_PrintUInt16)
                  0000d1fc    000000d8     libclang_rt.builtins.a : addsf3.S.obj (.text)
                  0000d2d4    000000d4     car_controller.o (.text.CarController_StartDriveDistance)
                  0000d3a8    000000c8     fault.o (.text.FaultCode_ToShortString)
                  0000d470    000000c0     angle_utils.o (.text.Angle_Normalize180)
                  0000d530    000000bc     car_controller.o (.text.CarController_ResetRuntime)
                  0000d5ec    000000b4     mission_manager.o (.text.MissionManager_StartTransientAction)
                  0000d6a0    000000a4     encoder.o (.text.Encoder_HandleGpioInterrupt)
                  0000d744    000000a2     libclang_rt.builtins.a : udivmoddi4.S.obj (.text)
                  0000d7e6    00000002     startup_mspm0g350x_ticlang.o (.text.Default_Handler)
                  0000d7e8    000000a0     app.o (.text.App_Init)
                  0000d888    000000a0     car_controller.o (.text.drive_distance_high_decel_zone_cm)
                  0000d928    0000009c     obstacle_monitor.o (.text.ObstacleMonitor_Update_20ms)
                  0000d9c4    0000009a     libc.a : memcpy16.S.obj (.text:memcpy)
                  0000da5e    00000002     obstacle_avoidance.o (.text.ObstacleAvoidance_Update_20ms)
                  0000da60    00000098     imu.o (.text.mpu6050_write_reg)
                  0000daf8    00000094     car_controller.o (.text.CarController_StartTurnToYawRelative)
                  0000db8c    00000090     car_controller.o (.text.CarController_ResetTransientState)
                  0000dc1c    0000008c     ti_msp_dl_config.o (.text.SYSCFG_DL_PWM_MOTOR_init)
                  0000dca8    0000008c     libclang_rt.builtins.a : mulsf3.S.obj (.text.__mulsf3)
                  0000dd34    0000008c     car_controller.o (.text.heading_imu_wait_or_fail)
                  0000ddc0    00000088     bluetooth_uart.o (.text.BluetoothUart_Init)
                  0000de48    00000008     bluetooth_uart.o (.text.BluetoothUart_GetRuntime)
                  0000de50    00000088     libc.a : strcmp-armv6m.S.obj (.text:strcmp)
                  0000ded8    00000084     car_controller.o (.text.CarController_SetSafetyHold)
                  0000df5c    00000084     motor.o (.text.Motor_Init)
                  0000dfe0    00000082     libclang_rt.builtins.a : divsf3.S.obj (.text.__divsf3)
                  0000e062    00000002     track_sensor.o (.text.TrackSensor_Init)
                  0000e064    00000080     car_controller.o (.text.CarController_StartDriveHeading)
                  0000e0e4    00000080     motor.o (.text.Motor_Stop)
                  0000e164    0000007c     bluetooth_uart.o (.text.UART1_IRQHandler)
                  0000e1e0    0000007c     vision_pitch_tuning.o (.text.VisionPitchTuning_Set)
                  0000e25c    0000007c     libc.a : copy_decompress_lzss.c.obj (.text:decompress:lzss)
                  0000e2d8    00000078     empty.o (.text.SysTick_Handler)
                  0000e350    00000078     oled.o (.text.oled_write_command)
                  0000e3c8    00000074     app.o (.text.App_ResetToReady)
                  0000e43c    00000074     motor_control.o (.text.latch_control_error)
                  0000e4b0    00000070     ti_msp_dl_config.o (.text.SYSCFG_DL_UART_BLUETOOTH_init)
                  0000e520    00000070     ti_msp_dl_config.o (.text.SYSCFG_DL_UART_VISION_init)
                  0000e590    00000070     vision_yaw_tuning.o (.text.VisionYawTuning_Set)
                  0000e600    0000006e     track_sensor.o (.text.TrackSensor_DetectTurn)
                  0000e66e    00000002     libclang_rt.builtins.a : aeabi_div0.c.obj (.text.__aeabi_idiv0)
                  0000e670    00000068     mission_manager.o (.text.MissionManager_GetSelectedMissionIndex)
                  0000e6d8    00000068     car_controller.o (.text.set_output_speed)
                  0000e740    00000066     track_sensor.o (.text.TrackSensor_GetErrorFromRaw)
                  0000e7a6    00000002     libclang_rt.builtins.a : aeabi_div0.c.obj (.text.__aeabi_ldiv0)
                  0000e7a8    00000062                            : aeabi_fcmp.S.obj (.text.__aeabi_fcmp)
                  0000e80a    00000062     libc.a : memset16.S.obj (.text:memset)
                  0000e86c    00000060     vision_tuning_console.o (.text.VisionTuningConsole_Init)
                  0000e8cc    00000060     libclang_rt.builtins.a : fixsfdi.S.obj (.text.__fixsfdi)
                  0000e92c    0000005c     magnet.o (.text.Magnet_Set)
                  0000e988    0000005c     mission_manager.o (.text.MissionManager_Start)
                  0000e9e4    0000005c     vision_uart.o (.text.UART3_IRQHandler)
                  0000ea40    0000005c     ultrasonic.o (.text.Ultrasonic_Update_20ms)
                  0000ea9c    0000005c     app.o (.text.app_remote_start_action)
                  0000eaf8    0000005c     car_controller.o (.text.speed_cmps_to_normalized_command)
                  0000eb54    00000058     oled.o (.text.OLED_PrintChar)
                  0000ebac    00000058     motion_action.o (.text.motion_action_start_imu_controller)
                  0000ec04    00000056     libclang_rt.builtins.a : aeabi_idivmod.S.obj (.text.__aeabi_idivmod)
                  0000ec5a    00000002     --HOLE-- [fill = 0]
                  0000ec5c    00000054     car_controller.o (.text.CarController_Stop)
                  0000ecb0    00000054     menu.o (.text.Menu_GetParamValue)
                  0000ed04    00000054     track_sensor.o (.text.TrackSensor_ReadRaw)
                  0000ed58    00000054     watchdog_monitor.o (.text.WatchdogMonitor_ApplyFaultIfNeeded)
                  0000edac    00000054     app.o (.text.app_remote_parse_gear)
                  0000ee00    00000050     mission_manager.o (.text.MissionManager_Init)
                  0000ee50    00000050     ultrasonic.o (.text.Ultrasonic_Init)
                  0000eea0    00000050     watchdog_monitor.o (.text.WatchdogMonitor_Tick1msFromIsr)
                  0000eef0    0000004e     libclang_rt.builtins.a : floatdisf.S.obj (.text.__floatdisf)
                  0000ef3e    00000002     --HOLE-- [fill = 0]
                  0000ef40    0000004c     motor_control.o (.text.MotorControl_Stop)
                  0000ef8c    00000048     driverlib.a : dl_uart.o (.text.DL_UART_init)
                  0000efd4    00000048     ti_msp_dl_config.o (.text.SYSCFG_DL_initPower)
                  0000f01c    00000044     emergency_stop.o (.text.EmergencyStop_Reset)
                  0000f060    00000044     encoder.o (.text.Encoder_GetAndClearPulseDeltas)
                  0000f0a4    00000044     imu.o (.text.Imu_ResetYaw)
                  0000f0e8    00000044     servo.o (.text.Servo_Tick100us)
                  0000f12c    00000040     car_controller.o (.text.CarController_StartFollowLine)
                  0000f16c    00000040     fault.o (.text.Fault_Raise)
                  0000f1ac    00000040     mission_manager.o (.text.MissionManager_Cancel)
                  0000f1ec    00000040     ti_msp_dl_config.o (.text.SYSCFG_DL_SYSCTL_init)
                  0000f22c    00000040     vision_receiver.o (.text.VisionReceiver_PushByteFromIsr)
                  0000f26c    00000040     libclang_rt.builtins.a : aeabi_uidivmod.S.obj (.text.__aeabi_uidivmod)
                  0000f2ac    0000003e                            : divmoddi4.c.obj (.text.__divmoddi4)
                  0000f2ea    00000002     --HOLE-- [fill = 0]
                  0000f2ec    0000003c     mission_manager.o (.text.MissionManager_Reset)
                  0000f328    0000003c     servo.o (.text.Servo_SetAngleDeg)
                  0000f364    0000003c     vision_tuning_console.o (.text.VisionTuningConsole_PushByteFromIsr)
                  0000f3a0    0000003c     libclang_rt.builtins.a : floatsisf.S.obj (.text.__floatsisf)
                  0000f3dc    0000003c                            : comparesf2.S.obj (.text.__gtsf2)
                  0000f418    0000003c     libc.a : autoinit.c.obj (.text:__TI_auto_init_nobinit_nopinit)
                  0000f454    0000003a     libclang_rt.builtins.a : comparesf2.S.obj (.text.__eqsf2)
                  0000f48e    00000002     --HOLE-- [fill = 0]
                  0000f490    0000003a                            : muldsi3.S.obj (.text.__muldsi3)
                  0000f4ca    00000002     --HOLE-- [fill = 0]
                  0000f4cc    00000038     emergency_stop.o (.text.EmergencyStop_Trigger)
                  0000f504    00000038     vision_receiver.o (.text.VisionReceiver_Init)
                  0000f53c    00000038     libclang_rt.builtins.a : fixsfsi.S.obj (.text.__fixsfsi)
                  0000f574    00000036     bluetooth_uart.o (.text.BluetoothUart_TryWriteString)
                  0000f5aa    00000002     --HOLE-- [fill = 0]
                  0000f5ac    00000034     bluetooth_uart.o (.text.BluetoothUart_TryReadByte)
                  0000f5e0    00000034     imu.o (.text.Imu_IsReady)
                  0000f614    00000034     mission_library.o (.text.MissionLibrary_FindById)
                  0000f648    00000034     vision_tuning_console.o (.text.VisionTuningConsole_TryPopTxByte)
                  0000f67c    00000034     vision_uart.o (.text.VisionUart_Process)
                  0000f6b0    00000032     oled.o (.text.OLED_PrintString)
                  0000f6e2    00000002     --HOLE-- [fill = 0]
                  0000f6e4    00000032     libclang_rt.builtins.a : fixunssfsi.S.obj (.text.__fixunssfsi)
                  0000f716    00000002     --HOLE-- [fill = 0]
                  0000f718    00000030     key.o (.text.Key_Init)
                  0000f748    00000030     line_controller.o (.text.LineController_ObserveSensors)
                  0000f778    00000030     mission_manager.o (.text.MissionManager_Resume)
                  0000f7a8    00000030     vision_pitch_tuning.o (.text.VisionPitchTuning_RestoreDefault)
                  0000f7d8    00000030     watchdog_monitor.o (.text.WatchdogMonitor_Init)
                  0000f808    00000030     watchdog_monitor.o (.text.WatchdogMonitor_Reset)
                  0000f838    0000002c     encoder.o (.text.Encoder_Reset)
                  0000f864    0000002c     track_sensor.o (.text.TrackSensor_CountBlack)
                  0000f890    0000002c     vision_yaw_tuning.o (.text.VisionYawTuning_RestoreDefault)
                  0000f8bc    00000028     emergency_stop.o (.text.EmergencyStop_Enforce)
                  0000f8e4    00000028     magnet.o (.text.Magnet_ForceOff)
                  0000f90c    00000028     ti_msp_dl_config.o (.text.SYSCFG_DL_init)
                  0000f934    00000028     servo.o (.text.Servo_Init)
                  0000f95c    00000028     vision_pitch_tuning.o (.text.VisionPitchTuning_Init)
                  0000f984    00000028     libclang_rt.builtins.a : floatunsisf.S.obj (.text.__floatunsisf)
                  0000f9ac    00000028     libc.a : memmov.c.obj (.text.memmove)
                  0000f9d4    00000028            : boot_cortex_m.c.obj (.text:_c_int00_noargs)
                  0000f9fc    00000024     mission_manager.o (.text.MissionManager_ReportExternalFailure)
                  0000fa20    00000024     motor_control.o (.text.MotorControl_Init)
                  0000fa44    00000024     motor_control.o (.text.MotorControl_Reset)
                  0000fa68    00000024     oled.o (.text.OLED_ClearBuffer)
                  0000fa8c    00000024     vision_yaw_tuning.o (.text.VisionYawTuning_Init)
                  0000fab0    00000024     libclang_rt.builtins.a : muldi3.S.obj (.text.__muldi3)
                  0000fad4    00000020     driverlib.a : dl_timer.o (.text.DL_Timer_overrideCCPOut)
                  0000faf4    00000020     debug_telemetry.o (.text.DebugTelemetry_Update)
                  0000fb14    00000020     magnet.o (.text.Magnet_Init)
                  0000fb34    00000020     mission_manager.o (.text.MissionManager_Pause)
                  0000fb54    00000020     oled.o (.text.OLED_SetCursor)
                  0000fb74    00000020     empty.o (.text.SchedulerMonitor_GetStats)
                  0000fb94    00000020     mission_manager.o (.text.mission_finish_error)
                  0000fbb4    0000001e     libclang_rt.builtins.a : ashldi3.S.obj (.text.__ashldi3)
                  0000fbd2    00000002     --HOLE-- [fill = 0]
                  0000fbd4    0000001c     driverlib.a : dl_timer.o (.text.DL_Timer_setCaptCompUpdateMethod)
                  0000fbf0    0000001c                 : dl_timer.o (.text.DL_Timer_setClockConfig)
                  0000fc0c    0000001c     heading_control.o (.text.HeadingControl_SetTargetYaw)
                  0000fc28    0000001c     menu.o (.text.Menu_Init)
                  0000fc44    0000001c     motion_action.o (.text.MotionAction_Cancel)
                  0000fc60    0000001c     obstacle_monitor.o (.text.ObstacleMonitor_Init)
                  0000fc7c    0000001c     obstacle_safety.o (.text.ObstacleSafety_Init)
                  0000fc98    0000001c     vision_pitch_tuning.o (.text.VisionPitchTuning_ParamName)
                  0000fcb4    0000001c     vision_yaw_tuning.o (.text.VisionYawTuning_GetSnapshot)
                  0000fcd0    0000001c     vision_yaw_tuning.o (.text.VisionYawTuning_ParamName)
                  0000fcec    0000001c     watchdog_monitor.o (.text.WatchdogMonitor_NotifyControlCycleComplete)
                  0000fd08    0000001c     mission_manager.o (.text.mission_finish_success)
                  0000fd24    00000018     car_controller.o (.text.CarController_RunModeToString)
                  0000fd3c    00000018     car_state.o (.text.CarState_ToString)
                  0000fd54    00000018     driverlib.a : dl_timer.o (.text.DL_Timer_setCaptureCompareOutCtl)
                  0000fd6c    00000018     debug_telemetry.o (.text.DebugTelemetry_Init)
                  0000fd84    00000018     heading_control.o (.text.HeadingControl_Init)
                  0000fd9c    00000018     heading_control.o (.text.HeadingControl_Reset)
                  0000fdb4    00000018     menu.o (.text.Menu_ParamItemToString)
                  0000fdcc    00000018     motion_action.o (.text.MotionAction_Init)
                  0000fde4    00000018     obstacle_avoidance.o (.text.ObstacleAvoidance_Init)
                  0000fdfc    00000018     runtime_snapshot.o (.text.RuntimeSnapshot_Init)
                  0000fe14    00000016     libclang_rt.builtins.a : comparesf2.S.obj (.text.__unordsf2)
                  0000fe2a    00000002     --HOLE-- [fill = 0]
                  0000fe2c    00000014     fault.o (.text.Fault_Clear)
                  0000fe40    00000014     fault.o (.text.Fault_Init)
                  0000fe54    00000014     empty.o (.text.GROUP1_IRQHandler)
                  0000fe68    00000014     heading_control.o (.text.HeadingControl_Enable)
                  0000fe7c    00000014     mission_library.o (.text.MissionLibrary_GetByIndex)
                  0000fe90    00000014     mission_manager.o (.text.MissionManager_GetSelectedMissionId)
                  0000fea4    00000014     vision_pitch_tuning.o (.text.VisionPitchTuning_GetSnapshot)
                  0000feb8    00000014     vision_uart.o (.text.VisionUart_Init)
                  0000fecc    00000014     libclang_rt.builtins.a : aeabi_ldivmod.S.obj (.text.__aeabi_ldivmod)
                  0000fee0    00000014                            : aeabi_uldivmod.S.obj (.text.__aeabi_uldivmod)
                  0000fef4    00000012     driverlib.a : dl_uart.o (.text.DL_UART_setClockConfig)
                  0000ff06    00000012     libc.a : copy_decompress_none.c.obj (.text:decompress:none)
                  0000ff18    00000010     driverlib.a : dl_timer.o (.text.DL_Timer_setCaptureCompareValue)
                  0000ff28    00000010     gimbal.o (.text.Gimbal_YawGetFeedback)
                  0000ff38    00000010     key.o (.text.Key_GetEvent)
                  0000ff48    00000010     libc.a : copy_zero_init.c.obj (.text:decompress:ZI)
                  0000ff58    0000000c     car_controller.o (.text.CarController_GetRunMode)
                  0000ff64    0000000c     car_controller.o (.text.CarController_Init)
                  0000ff70    0000000c     car_controller.o (.text.CarController_IsSafetyHoldActive)
                  0000ff7c    0000000c     car_state.o (.text.CarState_Get)
                  0000ff88    0000000c     car_state.o (.text.CarState_Init)
                  0000ff94    0000000c     car_state.o (.text.CarState_Set)
                  0000ffa0    0000000c     emergency_stop.o (.text.EmergencyStop_Init)
                  0000ffac    0000000c     emergency_stop.o (.text.EmergencyStop_IsActive)
                  0000ffb8    0000000c     imu.o (.text.Imu_GetCorrectedGyroZDps)
                  0000ffc4    0000000c     imu.o (.text.Imu_GetYaw)
                  0000ffd0    0000000c     magnet.o (.text.Magnet_IsOn)
                  0000ffdc    0000000c     menu.o (.text.Menu_GetPage)
                  0000ffe8    0000000c     menu.o (.text.Menu_GetParamItem)
                  0000fff4    0000000c     mission_manager.o (.text.MissionManager_IsExternallyHeld)
                  00010000    0000000c     mission_manager.o (.text.MissionManager_IsTransientAction)
                  0001000c    0000000c     mission_manager.o (.text.MissionManager_SetExternalHold)
                  00010018    0000000c     obstacle_avoidance.o (.text.ObstacleAvoidance_IsActive)
                  00010024    0000000c     obstacle_avoidance.o (.text.ObstacleAvoidance_IsFailed)
                  00010030    0000000c     obstacle_safety.o (.text.ObstacleSafety_IsHolding)
                  0001003c    0000000c     empty.o (.text.SystemTime_GetMs)
                  00010048    0000000c     watchdog_monitor.o (.text.WatchdogMonitor_HasTripped)
                  00010054    0000000c     libclang_rt.builtins.a : aeabi_memset.S.obj (.text.__aeabi_memclr)
                  00010060    0000000a     driverlib.a : dl_common.o (.text.DL_Common_delayCycles)
                  0001006a    0000000a     track_sensor.o (.text.TrackSensor_IsCenterDetected)
                  00010074    0000000a     track_sensor.o (.text.TrackSensor_IsLineDetected)
                  0001007e    0000000a     track_sensor.o (.text.TrackSensor_IsLineLost)
                  00010088    00000008     car_controller.o (.text.CarController_GetFeedback)
                  00010090    00000008     fault.o (.text.Fault_GetRecord)
                  00010098    00000008     gimbal_stepper.o (.text.GimbalStepper_GetFeedback)
                  000100a0    00000008     heading_control.o (.text.HeadingControl_GetRuntime)
                  000100a8    00000008     imu.o (.text.Imu_GetRuntime)
                  000100b0    00000008     line_controller.o (.text.LineController_GetRuntime)
                  000100b8    00000008     mission_manager.o (.text.MissionManager_GetMissionCount)
                  000100c0    00000008     mission_manager.o (.text.MissionManager_GetRuntime)
                  000100c8    00000008     motion_action.o (.text.MotionAction_GetRuntime)
                  000100d0    00000008     motor_control.o (.text.MotorControl_GetRuntime)
                  000100d8    00000008     obstacle_avoidance.o (.text.ObstacleAvoidance_GetFeedback)
                  000100e0    00000008     obstacle_monitor.o (.text.ObstacleMonitor_GetFeedback)
                  000100e8    00000008     oled_ui.o (.text.OledUi_Init)
                  000100f0    00000008     runtime_snapshot.o (.text.RuntimeSnapshot_Get)
                  000100f8    00000008     servo.o (.text.Servo_GetFeedback)
                  00010100    00000008     ultrasonic.o (.text.Ultrasonic_GetFeedback)
                  00010108    00000008     vision_receiver.o (.text.VisionReceiver_GetStatus)
                  00010110    00000008     vision_tuning_console.o (.text.VisionTuningConsole_GetStatus)
                  00010118    00000008     watchdog_monitor.o (.text.WatchdogMonitor_GetStatus)
                  00010120    00000008     wheel_speed_estimator.o (.text.WheelSpeedEstimator_GetRuntime)
                  00010128    00000008     libclang_rt.builtins.a : aeabi_memcpy.S.obj (.text.__aeabi_memcpy)
                  00010130    00000008                            : aeabi_memmove.S.obj (.text.__aeabi_memmove)
                  00010138    00000006     libc.a : exit.c.obj (.text:abort)
                  0001013e    00000004     libsysbm.a : hostexit.c.obj (.text.HOSTexit)
                  00010142    00000004     mission_library.o (.text.MissionLibrary_GetCount)
                  00010146    00000004     obstacle_avoidance.o (.text.ObstacleAvoidance_IsResumeGraceActive)
                  0001014a    00000004     startup_mspm0g350x_ticlang.o (.text.Reset_Handler)
                  0001014e    00000004     libc.a : pre_init.c.obj (.text._system_pre_init)
                  00010152    0000000e     --HOLE-- [fill = 0]

.cinit     0    00010b30    00000030     
                  00010b30    0000000c     (__TI_handler_table)
                  00010b3c    00000008     (.cinit..bss.load) [load image, compression = zero_init]
                  00010b44    00000006     (.cinit..data.load) [load image, compression = lzss]
                  00010b4a    00000002     --HOLE-- [fill = 0]
                  00010b4c    00000010     (__TI_cinit_table)
                  00010b5c    00000004     --HOLE-- [fill = 0]

.rodata    0    00010160    000009d0     
                  00010160    000000d8     oled.o (.rodata..Lswitch.table.OLED_PrintChar)
                  00010238    00000048     mission_library.o (.rodata.g_missionCompetitionMain)
                  00010280    00000048     mission_library.o (.rodata.g_missionTestDistance20)
                  000102c8    00000048     mission_library.o (.rodata.g_missionTestLine)
                  00010310    00000048     mission_library.o (.rodata.g_missionTestTurn)
                  00010358    00000040     mission_library.o (.rodata.g_missionRegistry)
                  00010398    0000002c     oled_ui.o (.rodata..Lswitch.table.print_status_page)
                  000103c4    00000028     car_controller.o (.rodata..Lswitch.table.CarController_RunModeToString)
                  000103ec    0000001c     menu.o (.rodata..Lswitch.table.Menu_ParamItemToString)
                  00010408    0000001c     oled_ui.o (.rodata..Lswitch.table.OledUi_Update_20ms.115)
                  00010424    0000001c     vision_tuning_console.o (.rodata.str1.1836208005852235077.1)
                  00010440    00000018     car_state.o (.rodata..Lswitch.table.CarState_ToString)
                  00010458    00000018     vision_pitch_tuning.o (.rodata..Lswitch.table.VisionPitchTuning_ParamName)
                  00010470    00000018     oled_ui.o (.rodata..Lswitch.table.print_status_page.116)
                  00010488    00000018     app.o (.rodata.str1.11500503312727392459.1)
                  000104a0    00000016     app.o (.rodata.str1.10026493563230703648.1)
                  000104b6    00000016     app.o (.rodata.str1.13719379709283632147.1)
                  000104cc    00000015     app.o (.rodata.str1.13935281678674483141.1)
                  000104e1    00000015     app.o (.rodata.str1.3926683289694998730.1)
                  000104f6    00000002     ti_msp_dl_config.o (.rodata.gUART_BLUETOOTHClockConfig)
                  000104f8    00000014     vision_yaw_tuning.o (.rodata..Lswitch.table.VisionYawTuning_ParamName)
                  0001050c    00000014     oled_ui.o (.rodata..Lswitch.table.print_status_page.117)
                  00010520    00000014     app.o (.rodata.str1.13047991517565047521.1)
                  00010534    00000013     app.o (.rodata.str1.11496703787469058505.1)
                  00010547    00000012     app.o (.rodata.str1.13595109925716521204.1)
                  00010559    00000012     app.o (.rodata.str1.6810515665389614968.1)
                  0001056b    00000011     app.o (.rodata.str1.10444262525283912398.1)
                  0001057c    00000011     app.o (.rodata.str1.11849843482968746561.1)
                  0001058d    00000011     app.o (.rodata.str1.5290328808575308624.1)
                  0001059e    00000011     app.o (.rodata.str1.6937253152838018734.1)
                  000105af    00000011     app.o (.rodata.str1.8214673950224663419.1)
                  000105c0    00000010     app.o (.rodata.str1.10188681061226583994.1)
                  000105d0    00000010     app.o (.rodata.str1.1155299426122084162.1)
                  000105e0    00000010     app.o (.rodata.str1.17399001118936924778.1)
                  000105f0    0000000f     app.o (.rodata.str1.6842359452639101718.1)
                  000105ff    0000000e     oled_ui.o (.rodata.str1.10416366799939242409.1)
                  0001060d    0000000e     app.o (.rodata.str1.6838489472292434579.1)
                  0001061b    0000000d     app.o (.rodata.str1.4360399834097859481.1)
                  00010628    0000000c     oled_ui.o (.rodata..Lswitch.table.OledUi_Update_20ms)
                  00010634    0000000c     app.o (.rodata.str1.17980129702820282969.1)
                  00010640    0000000c     app.o (.rodata.str1.2540114484728192048.1)
                  0001064c    0000000c     app.o (.rodata.str1.300513063366140995.1)
                  00010658    0000000c     app.o (.rodata.str1.9736592238987147851.1)
                  00010664    0000000b     app.o (.rodata.str1.1944712146988729081.1)
                  0001066f    0000000b     app.o (.rodata.str1.8951131030274028623.1)
                  0001067a    0000000a     ti_msp_dl_config.o (.rodata.gUART_BLUETOOTHConfig)
                  00010684    0000000a     ti_msp_dl_config.o (.rodata.gUART_VISIONConfig)
                  0001068e    0000000a     oled_ui.o (.rodata.str1.12043213579996415112.1)
                  00010698    0000000a     mission_library.o (.rodata.str1.13636476544574750902.1)
                  000106a2    0000000a     mission_library.o (.rodata.str1.15668266851434757964.1)
                  000106ac    0000000a     mission_library.o (.rodata.str1.199678142196697465.1)
                  000106b6    0000000a     vision_tuning_console.o (.rodata.str1.4859846923128959820.1)
                  000106c0    0000000a     vision_tuning_console.o (.rodata.str1.7225688704195888286.1)
                  000106ca    00000002     ti_msp_dl_config.o (.rodata.gUART_VISIONClockConfig)
                  000106cc    00000008     ti_msp_dl_config.o (.rodata.gPWM_MOTORConfig)
                  000106d4    00000008     vision_tuning_console.o (.rodata.str1.11718269490974306969.1)
                  000106dc    00000008     oled_ui.o (.rodata.str1.17763996158807330232.1)
                  000106e4    00000008     vision_tuning_console.o (.rodata.str1.3293472937029561918.1)
                  000106ec    00000008     oled_ui.o (.rodata.str1.9159586779647977165.1)
                  000106f4    00000008     oled_ui.o (.rodata.str1.9611283282870761829.1)
                  000106fc    00000008     oled_ui.o (.rodata.str1.9646571805098343045.1)
                  00010704    00000007     vision_tuning_console.o (.rodata.str1.10860306953068020798.1)
                  0001070b    00000007     app.o (.rodata.str1.14141965288680528547.1)
                  00010712    00000007     mission_library.o (.rodata.str1.1440970855772709381.1)
                  00010719    00000007     app.o (.rodata.str1.1796468832600293665.1)
                  00010720    00000007     mission_manager.o (.rodata.str1.378057020374253378.1)
                  00010727    00000007     app.o (.rodata.str1.459633387597029752.1)
                  0001072e    00000007     oled_ui.o (.rodata.str1.7219546930854689545.1)
                  00010735    00000007     app.o (.rodata.str1.8682387830711593804.1)
                  0001073c    00000006     oled_ui.o (.rodata.str1.10263419832828250601.1)
                  00010742    00000006     vision_tuning_console.o (.rodata.str1.10319329813075420582.1)
                  00010748    00000006     app.o (.rodata.str1.10450196737795524526.1)
                  0001074e    00000006     oled_ui.o (.rodata.str1.1108652269057166745.1)
                  00010754    00000006     app.o (.rodata.str1.11879963978103418143.1)
                  0001075a    00000006     oled_ui.o (.rodata.str1.1445687256832830955.1)
                  00010760    00000006     app.o (.rodata.str1.15806209423872462041.1)
                  00010766    00000006     oled_ui.o (.rodata.str1.16526439943277383452.1)
                  0001076c    00000006     oled_ui.o (.rodata.str1.16635595130967924751.1)
                  00010772    00000006     car_state.o (.rodata.str1.1675797584173499143.1)
                  00010778    00000006     oled_ui.o (.rodata.str1.17540787658903907660.1)
                  0001077e    00000006     oled_ui.o (.rodata.str1.2308938766145545715.1)
                  00010784    00000006     oled_ui.o (.rodata.str1.240075016795266086.1)
                  0001078a    00000006     app.o (.rodata.str1.2606929252065540862.1)
                  00010790    00000006     app.o (.rodata.str1.2636138999981784935.1)
                  00010796    00000006     vision_tuning_console.o (.rodata.str1.4028100529439820245.1)
                  0001079c    00000006     car_state.o (.rodata.str1.41590466491370331.1)
                  000107a2    00000006     car_controller.o (.rodata.str1.5475209154116713896.1)
                  000107a8    00000006     app.o (.rodata.str1.7777424699149452427.1)
                  000107ae    00000006     oled_ui.o (.rodata.str1.8236579331345056500.1)
                  000107b4    00000006     oled_ui.o (.rodata.str1.9584387800903135389.1)
                  000107ba    00000005     motion_action.o (.rodata..Lswitch.table.MotionAction_Update_20ms)
                  000107bf    00000005     oled.o (.rodata.oled_get_glyph.colon)
                  000107c4    00000005     oled.o (.rodata.oled_get_glyph.eight)
                  000107c9    00000005     oled.o (.rodata.oled_get_glyph.five)
                  000107ce    00000005     oled.o (.rodata.oled_get_glyph.four)
                  000107d3    00000005     oled.o (.rodata.oled_get_glyph.glyphA)
                  000107d8    00000005     oled.o (.rodata.oled_get_glyph.glyphB)
                  000107dd    00000005     oled.o (.rodata.oled_get_glyph.glyphC)
                  000107e2    00000005     oled.o (.rodata.oled_get_glyph.glyphD)
                  000107e7    00000005     oled.o (.rodata.oled_get_glyph.glyphE)
                  000107ec    00000005     oled.o (.rodata.oled_get_glyph.glyphF)
                  000107f1    00000005     oled.o (.rodata.oled_get_glyph.glyphG)
                  000107f6    00000005     oled.o (.rodata.oled_get_glyph.glyphH)
                  000107fb    00000005     oled.o (.rodata.oled_get_glyph.glyphI)
                  00010800    00000005     oled.o (.rodata.oled_get_glyph.glyphK)
                  00010805    00000005     oled.o (.rodata.oled_get_glyph.glyphL)
                  0001080a    00000005     oled.o (.rodata.oled_get_glyph.glyphM)
                  0001080f    00000005     oled.o (.rodata.oled_get_glyph.glyphN)
                  00010814    00000005     oled.o (.rodata.oled_get_glyph.glyphO)
                  00010819    00000005     oled.o (.rodata.oled_get_glyph.glyphP)
                  0001081e    00000005     oled.o (.rodata.oled_get_glyph.glyphR)
                  00010823    00000005     oled.o (.rodata.oled_get_glyph.glyphS)
                  00010828    00000005     oled.o (.rodata.oled_get_glyph.glyphT)
                  0001082d    00000005     oled.o (.rodata.oled_get_glyph.glyphU)
                  00010832    00000005     oled.o (.rodata.oled_get_glyph.glyphV)
                  00010837    00000005     oled.o (.rodata.oled_get_glyph.glyphW)
                  0001083c    00000005     oled.o (.rodata.oled_get_glyph.glyphX)
                  00010841    00000005     oled.o (.rodata.oled_get_glyph.glyphY)
                  00010846    00000005     oled.o (.rodata.oled_get_glyph.glyphb)
                  0001084b    00000005     oled.o (.rodata.oled_get_glyph.gt)
                  00010850    00000005     oled.o (.rodata.oled_get_glyph.minus)
                  00010855    00000005     oled.o (.rodata.oled_get_glyph.nine)
                  0001085a    00000005     oled.o (.rodata.oled_get_glyph.one)
                  0001085f    00000005     oled.o (.rodata.oled_get_glyph.seven)
                  00010864    00000005     oled.o (.rodata.oled_get_glyph.six)
                  00010869    00000005     oled.o (.rodata.oled_get_glyph.space)
                  0001086e    00000005     oled.o (.rodata.oled_get_glyph.three)
                  00010873    00000005     oled.o (.rodata.oled_get_glyph.two)
                  00010878    00000005     oled.o (.rodata.oled_get_glyph.zero)
                  0001087d    00000005     app.o (.rodata.str1.1203029987332226495.1)
                  00010882    00000005     oled_ui.o (.rodata.str1.12182588061437138428.1)
                  00010887    00000005     app.o (.rodata.str1.12441497784875596899.1)
                  0001088c    00000005     car_controller.o (.rodata.str1.12442237994239546032.1)
                  00010891    00000005     oled_ui.o (.rodata.str1.12697925274637991987.1)
                  00010896    00000005     oled_ui.o (.rodata.str1.13567883086814673087.1)
                  0001089b    00000005     oled_ui.o (.rodata.str1.13790669171379415506.1)
                  000108a0    00000005     oled_ui.o (.rodata.str1.13871579367539052597.1)
                  000108a5    00000005     vision_pitch_tuning.o (.rodata.str1.13915893147848268398.1)
                  000108aa    00000005     oled_ui.o (.rodata.str1.14358698208395374265.1)
                  000108af    00000005     fault.o (.rodata.str1.14435905801345341244.1)
                  000108b4    00000005     app.o (.rodata.str1.14614617329940285853.1)
                  000108b9    00000005     oled_ui.o (.rodata.str1.14711868471336838103.1)
                  000108be    00000005     fault.o (.rodata.str1.1506612114648992996.1)
                  000108c3    00000005     oled_ui.o (.rodata.str1.15613891207764622616.1)
                  000108c8    00000005     oled_ui.o (.rodata.str1.15817398807211891688.1)
                  000108cd    00000005     oled_ui.o (.rodata.str1.16290499236105125126.1)
                  000108d2    00000005     oled_ui.o (.rodata.str1.16411631209783952401.1)
                  000108d7    00000005     car_controller.o (.rodata.str1.1652194605229746967.1)
                  000108dc    00000005     app.o (.rodata.str1.16810183106006904764.1)
                  000108e1    00000005     oled_ui.o (.rodata.str1.16931641404301806744.1)
                  000108e6    00000005     oled_ui.o (.rodata.str1.16939060351352778619.1)
                  000108eb    00000005     fault.o (.rodata.str1.17097894860660336008.1)
                  000108f0    00000005     fault.o (.rodata.str1.17155043670132108083.1)
                  000108f5    00000005     vision_tuning_console.o (.rodata.str1.17265544270347038021.1)
                  000108fa    00000005     oled_ui.o (.rodata.str1.17464849429964608858.1)
                  000108ff    00000005     oled_ui.o (.rodata.str1.17763087492223448992.1)
                  00010904    00000005     oled_ui.o (.rodata.str1.1974573040514735405.1)
                  00010909    00000005     fault.o (.rodata.str1.2104670281202025270.1)
                  0001090e    00000005     oled_ui.o (.rodata.str1.2522137003438374266.1)
                  00010913    00000005     app.o (.rodata.str1.2568190970272041647.1)
                  00010918    00000005     oled_ui.o (.rodata.str1.2742282290834473644.1)
                  0001091d    00000005     oled_ui.o (.rodata.str1.2983744876309220570.1)
                  00010922    00000005     oled_ui.o (.rodata.str1.3467953211977455017.1)
                  00010927    00000005     app.o (.rodata.str1.3543938948723267646.1)
                  0001092c    00000005     oled_ui.o (.rodata.str1.3702290527496711532.1)
                  00010931    00000005     car_controller.o (.rodata.str1.4164979912472006574.1)
                  00010936    00000005     fault.o (.rodata.str1.4453281041433270631.1)
                  0001093b    00000005     fault.o (.rodata.str1.4549004730087743662.1)
                  00010940    00000005     oled_ui.o (.rodata.str1.4581472623415959594.1)
                  00010945    00000005     oled_ui.o (.rodata.str1.4610220316623841660.1)
                  0001094a    00000005     car_controller.o (.rodata.str1.4850163232891874878.1)
                  0001094f    00000005     menu.o (.rodata.str1.4862307748908978627.1)
                  00010954    00000005     app.o (.rodata.str1.5602021903949372904.1)
                  00010959    00000005     fault.o (.rodata.str1.6372787129294360447.1)
                  0001095e    00000005     fault.o (.rodata.str1.6437946768974223044.1)
                  00010963    00000005     car_controller.o (.rodata.str1.702403006289709404.1)
                  00010968    00000005     oled_ui.o (.rodata.str1.7419768602719733415.1)
                  0001096d    00000005     vision_yaw_tuning.o (.rodata.str1.7764041101441114269.1)
                  00010972    00000005     oled_ui.o (.rodata.str1.7774807581888385879.1)
                  00010977    00000005     oled_ui.o (.rodata.str1.8124536758062367015.1)
                  0001097c    00000005     fault.o (.rodata.str1.8185770893384132067.1)
                  00010981    00000005     car_state.o (.rodata.str1.8223341253983108753.1)
                  00010986    00000005     oled_ui.o (.rodata.str1.8399051469953744892.1)
                  0001098b    00000005     oled_ui.o (.rodata.str1.8403269972884532600.1)
                  00010990    00000005     oled_ui.o (.rodata.str1.8426569189266129334.1)
                  00010995    00000005     oled_ui.o (.rodata.str1.8460525935980491721.1)
                  0001099a    00000005     oled_ui.o (.rodata.str1.8693388333057100694.1)
                  0001099f    00000005     car_state.o (.rodata.str1.8698975129455933903.1)
                  000109a4    00000005     oled_ui.o (.rodata.str1.8950259614286592359.1)
                  000109a9    00000005     oled_ui.o (.rodata.str1.9102528229756940648.1)
                  000109ae    00000005     oled_ui.o (.rodata.str1.9295666102996717355.1)
                  000109b3    00000005     oled_ui.o (.rodata.str1.9351772214919528733.1)
                  000109b8    00000005     oled_ui.o (.rodata.str1.9822857334037886482.1)
                  000109bd    00000005     car_controller.o (.rodata.str1.9981487771679760427.1)
                  000109c2    00000004     oled_ui.o (.rodata.str1.10077435089618835710.1)
                  000109c6    00000004     oled_ui.o (.rodata.str1.1019225241002246410.1)
                  000109ca    00000004     app.o (.rodata.str1.10250497020811341304.1)
                  000109ce    00000004     oled_ui.o (.rodata.str1.10430294223631918979.1)
                  000109d2    00000004     oled_ui.o (.rodata.str1.10568433575767188072.1)
                  000109d6    00000004     oled_ui.o (.rodata.str1.11232419324784801130.1)
                  000109da    00000004     oled_ui.o (.rodata.str1.11428648044669318875.1)
                  000109de    00000004     menu.o (.rodata.str1.12110183915172842339.1)
                  000109e2    00000004     oled_ui.o (.rodata.str1.12493748764729730277.1)
                  000109e6    00000004     oled_ui.o (.rodata.str1.12617122458660443890.1)
                  000109ea    00000004     car_controller.o (.rodata.str1.12661897076542654461.1)
                  000109ee    00000004     oled_ui.o (.rodata.str1.12928245060369742404.1)
                  000109f2    00000004     oled_ui.o (.rodata.str1.12983537867572525563.1)
                  000109f6    00000004     oled_ui.o (.rodata.str1.13244290092665904221.1)
                  000109fa    00000004     fault.o (.rodata.str1.13582094816268305212.1)
                  000109fe    00000004     oled_ui.o (.rodata.str1.13882251010780863896.1)
                  00010a02    00000004     car_state.o (.rodata.str1.13986535679874659196.1)
                  00010a06    00000004     vision_tuning_console.o (.rodata.str1.14084955404328172175.1)
                  00010a0a    00000004     oled_ui.o (.rodata.str1.14134189893851348960.1)
                  00010a0e    00000004     oled_ui.o (.rodata.str1.14521350379984854626.1)
                  00010a12    00000004     oled_ui.o (.rodata.str1.15008238333949226094.1)
                  00010a16    00000004     oled_ui.o (.rodata.str1.15575624326185233262.1)
                  00010a1a    00000004     oled_ui.o (.rodata.str1.15577080202403550426.1)
                  00010a1e    00000004     oled_ui.o (.rodata.str1.15802367878353263018.1)
                  00010a22    00000004     oled_ui.o (.rodata.str1.15829239520183577662.1)
                  00010a26    00000004     oled_ui.o (.rodata.str1.15935041339501476673.1)
                  00010a2a    00000004     menu.o (.rodata.str1.16312125044762562515.1)
                  00010a2e    00000004     fault.o (.rodata.str1.16482347271627360806.1)
                  00010a32    00000004     oled_ui.o (.rodata.str1.16554583589798097927.1)
                  00010a36    00000004     vision_pitch_tuning.o (.rodata.str1.16579632732967443104.1)
                  00010a3a    00000004     oled_ui.o (.rodata.str1.16849766574302683489.1)
                  00010a3e    00000004     menu.o (.rodata.str1.17041139162815566052.1)
                  00010a42    00000004     car_controller.o (.rodata.str1.17172356789460551389.1)
                  00010a46    00000004     oled_ui.o (.rodata.str1.17274519358952562110.1)
                  00010a4a    00000004     car_controller.o (.rodata.str1.18191498530309206443.1)
                  00010a4e    00000004     oled_ui.o (.rodata.str1.18266126048138325213.1)
                  00010a52    00000004     oled_ui.o (.rodata.str1.18379317056176403938.1)
                  00010a56    00000004     oled_ui.o (.rodata.str1.2656948373757303877.1)
                  00010a5a    00000004     oled_ui.o (.rodata.str1.270145429241168923.1)
                  00010a5e    00000004     oled_ui.o (.rodata.str1.3407221357956504873.1)
                  00010a62    00000004     oled_ui.o (.rodata.str1.3455423528827705371.1)
                  00010a66    00000004     car_state.o (.rodata.str1.3601627812925153765.1)
                  00010a6a    00000004     oled_ui.o (.rodata.str1.4402311448527872260.1)
                  00010a6e    00000004     oled_ui.o (.rodata.str1.4581686099848791648.1)
                  00010a72    00000004     oled_ui.o (.rodata.str1.4582914374586912483.1)
                  00010a76    00000004     oled_ui.o (.rodata.str1.5004483696121082904.1)
                  00010a7a    00000004     app.o (.rodata.str1.5135238925662358659.1)
                  00010a7e    00000004     oled_ui.o (.rodata.str1.5853739094453432564.1)
                  00010a82    00000004     oled_ui.o (.rodata.str1.5965450730569173784.1)
                  00010a86    00000004     oled_ui.o (.rodata.str1.5965888106848176421.1)
                  00010a8a    00000004     oled_ui.o (.rodata.str1.6806727740681590176.1)
                  00010a8e    00000004     menu.o (.rodata.str1.6857549598058878762.1)
                  00010a92    00000004     oled_ui.o (.rodata.str1.6954814719705590448.1)
                  00010a96    00000004     oled_ui.o (.rodata.str1.7185587941321649510.1)
                  00010a9a    00000004     fault.o (.rodata.str1.7255546073596598018.1)
                  00010a9e    00000004     oled_ui.o (.rodata.str1.8018480777946742726.1)
                  00010aa2    00000004     oled_ui.o (.rodata.str1.8471462185882660445.1)
                  00010aa6    00000004     oled_ui.o (.rodata.str1.8783421139296713095.1)
                  00010aaa    00000004     car_controller.o (.rodata.str1.9234375891235759983.1)
                  00010aae    00000004     vision_tuning_console.o (.rodata.str1.9292707793305368794.1)
                  00010ab2    00000004     vision_yaw_tuning.o (.rodata.str1.9489746196023004463.1)
                  00010ab6    00000004     oled_ui.o (.rodata.str1.967006512144173535.1)
                  00010aba    00000004     oled_ui.o (.rodata.str1.9854382722193312766.1)
                  00010abe    00000003     ti_msp_dl_config.o (.rodata.gPWM_MOTORClockConfig)
                  00010ac1    00000003     oled_ui.o (.rodata.str1.10509309789429088155.1)
                  00010ac4    00000003     vision_pitch_tuning.o (.rodata.str1.10553819018306626402.1)
                  00010ac7    00000003     vision_tuning_console.o (.rodata.str1.12197883643583142124.1)
                  00010aca    00000003     oled_ui.o (.rodata.str1.130772507669342127.1)
                  00010acd    00000003     menu.o (.rodata.str1.13124720451672825294.1)
                  00010ad0    00000003     menu.o (.rodata.str1.14098755746347272832.1)
                  00010ad3    00000003     oled_ui.o (.rodata.str1.14556837007311414654.1)
                  00010ad6    00000003     oled_ui.o (.rodata.str1.14740362735394205067.1)
                  00010ad9    00000003     oled_ui.o (.rodata.str1.14774750633985060196.1)
                  00010adc    00000003     vision_pitch_tuning.o (.rodata.str1.15082469624955958926.1)
                  00010adf    00000003     oled_ui.o (.rodata.str1.15132332204781002199.1)
                  00010ae2    00000003     app.o (.rodata.str1.15213098692428571688.1)
                  00010ae5    00000003     vision_yaw_tuning.o (.rodata.str1.15455206247194842411.1)
                  00010ae8    00000003     oled_ui.o (.rodata.str1.15859922799842739878.1)
                  00010aeb    00000003     vision_tuning_console.o (.rodata.str1.16336339630363933256.1)
                  00010aee    00000003     app.o (.rodata.str1.16845902142436992655.1)
                  00010af1    00000003     oled_ui.o (.rodata.str1.16895433903389883335.1)
                  00010af4    00000003     vision_pitch_tuning.o (.rodata.str1.17185918124541117546.1)
                  00010af7    00000003     oled_ui.o (.rodata.str1.17812014771544466701.1)
                  00010afa    00000003     oled_ui.o (.rodata.str1.17884296644359297425.1)
                  00010afd    00000003     vision_pitch_tuning.o (.rodata.str1.18308346119964257230.1)
                  00010b00    00000003     oled_ui.o (.rodata.str1.2193316011307952170.1)
                  00010b03    00000003     vision_pitch_tuning.o (.rodata.str1.2353024170771920291.1)
                  00010b06    00000003     oled_ui.o (.rodata.str1.2603845803395459882.1)
                  00010b09    00000003     oled_ui.o (.rodata.str1.2608729314174233125.1)
                  00010b0c    00000003     oled_ui.o (.rodata.str1.3025253791635144717.1)
                  00010b0f    00000003     vision_yaw_tuning.o (.rodata.str1.4032468970572441659.1)
                  00010b12    00000003     app.o (.rodata.str1.4454204961402941108.1)
                  00010b15    00000003     menu.o (.rodata.str1.4646809750356241979.1)
                  00010b18    00000003     app.o (.rodata.str1.5950367083599167409.1)
                  00010b1b    00000003     vision_yaw_tuning.o (.rodata.str1.6393086909333857079.1)
                  00010b1e    00000003     vision_yaw_tuning.o (.rodata.str1.6657421771701333087.1)
                  00010b21    00000003     fault.o (.rodata.str1.8193046109637024842.1)
                  00010b24    00000003     app.o (.rodata.str1.8821673477993256101.1)
                  00010b27    00000003     oled_ui.o (.rodata.str1.9229350655415085.1)
                  00010b2a    00000003     oled_ui.o (.rodata.str1.9544068167406571052.1)
                  00010b2d    00000002     oled_ui.o (.rodata.str1.15917848551323629232.1)
                  00010b2f    00000001     --HOLE-- [fill = 0]

.init_array 
*          0    00000000    00000000     UNINITIALIZED

.binit     0    00000000    00000000     

.bss       0    20200000    00001277     UNINITIALIZED
                  20200000    00000400     oled.o (.bss.g_oledFrame)
                  20200400    00000200     vision_receiver.o (.bss.g_ring)
                  20200600    000001c8     runtime_snapshot.o (.bss.g_snapshot)
                  202007c8    00000110     (.common:g_appConfig)
                  202008d8    00000100     vision_tuning_console.o (.bss.g_rxRing)
                  202009d8    00000100     bluetooth_uart.o (.bss.g_txRing)
                  20200ad8    00000100     vision_tuning_console.o (.bss.g_txRing)
                  20200bd8    00000084     (.common:g_imuRuntime)
                  20200c5c    00000080     bluetooth_uart.o (.bss.g_rxRing)
                  20200cdc    0000007c     motor_control.o (.bss.g_runtime)
                  20200d58    0000006c     (.common:g_appRuntime)
                  20200dc4    00000058     vision_receiver.o (.bss.g_status)
                  20200e1c    00000004     imu.o (.bss.g_elapsedSinceValidSampleMs)
                  20200e20    00000058     (.common:g_wheelSpeedEstimatorRuntime)
                  20200e78    00000040     gimbal.o (.bss.g_feedback)
                  20200eb8    00000040     vision_tuning_console.o (.bss.g_line)
                  20200ef8    00000040     line_controller.o (.bss.g_lineRuntime)
                  20200f38    00000040     app.o (.bss.g_remoteLine)
                  20200f78    00000030     mission_manager.o (.bss.g_transientActions)
                  20200fa8    00000030     (.common:gUART_VISIONBackup)
                  20200fd8    0000002c     vision_receiver.o (.bss.g_observation)
                  20201004    0000002c     empty.o (.bss.g_schedulerStats)
                  20201030    00000028     vision_receiver.o (.bss.g_frame)
                  20201058    00000020     bluetooth_uart.o (.bss.g_runtime)
                  20201078    0000001c     mission_manager.o (.bss.g_missionRuntime)
                  20201094    0000001c     (.common:g_headingRuntime)
                  202010b0    00000018     obstacle_avoidance.o (.bss.g_avoidFeedback)
                  202010c8    00000018     gimbal_stepper.o (.bss.g_feedback)
                  202010e0    00000018     vision_pitch_tuning.o (.bss.g_status)
                  202010f8    00000018     vision_tuning_console.o (.bss.g_status)
                  20201110    00000014     motion_action.o (.bss.g_motionActionRuntime)
                  20201124    00000004     debug_telemetry.o (.bss.g_lastFrameMs)
                  20201128    00000014     vision_yaw_tuning.o (.bss.g_status)
                  2020113c    00000014     watchdog_monitor.o (.bss.g_status)
                  20201150    00000010     fault.o (.bss.g_faultRecord)
                  20201160    00000010     motor.o (.bss.g_motorRuntime)
                  20201170    00000010     mission_manager.o (.bss.g_transientDefinition)
                  20201180    0000000e     car_controller.o (.bss.g_carControllerFeedback)
                  2020118e    00000002     ultrasonic.o (.bss.g_echoTicks)
                  20201190    0000000e     ultrasonic.o (.bss.g_ultrasonicFeedback)
                  2020119e    00000002     vision_receiver.o (.bss.g_ringHead)
                  202011a0    0000000c     magnet.o (.bss.g_runtime)
                  202011ac    0000000c     debug_telemetry.o (.bss.g_status)
                  202011b8    00000008     obstacle_monitor.o (.bss.g_obstacleFeedback)
                  202011c0    00000008     gimbal.o (.bss.g_yawContinuousDegX10)
                  202011c8    00000008     gimbal.o (.bss.g_yawLockedWorldYawDegX10)
                  202011d0    00000008     gimbal.o (.bss.g_yawTargetContinuousDegX10)
                  202011d8    00000008     gimbal.o (.bss.g_yawWorldTargetDegX10)
                  202011e0    00000008     gimbal.o (.bss.g_yawWrappedDegX10)
                  202011e8    00000006     ultrasonic.o (.bss.g_distanceSamples)
                  202011ee    00000006     key.o (.bss.g_key1)
                  202011f4    00000006     key.o (.bss.g_key2)
                  202011fa    00000006     key.o (.bss.g_key3)
                  20201200    00000004     watchdog_monitor.o (.bss.g_lastTickMs)
                  20201204    00000004     wheel_speed_estimator.o (.bss.g_latchedErrorFlags)
                  20201208    00000004     empty.o (.bss.g_localTimeMs)
                  2020120c    00000004     encoder.o (.bss.g_motorAPulses)
                  20201210    00000004     encoder.o (.bss.g_motorBPulses)
                  20201214    00000004     imu.o (.bss.g_previousValidCorrectedGyroZDps)
                  20201218    00000004     mission_manager.o (.bss.g_selectedDefinition)
                  2020121c    00000004     servo.o (.bss.g_servoFeedback)
                  20201220    00000004     gimbal.o (.bss.g_yawCommandedRpm)
                  20201224    00000004     gimbal.o (.bss.g_yawTargetRpm)
                  20201228    00000004     empty.o (.bss.main.lastAppUpdateMs)
                  2020122c    00000002     vision_receiver.o (.bss.g_ringTail)
                  2020122e    00000002     bluetooth_uart.o (.bss.g_rxHead)
                  20201230    00000002     vision_tuning_console.o (.bss.g_rxHead)
                  20201232    00000002     bluetooth_uart.o (.bss.g_rxTail)
                  20201234    00000002     vision_tuning_console.o (.bss.g_rxTail)
                  20201236    00000002     servo.o (.bss.g_servoPwmPhase)
                  20201238    00000002     ultrasonic.o (.bss.g_stateTicks)
                  2020123a    00000002     bluetooth_uart.o (.bss.g_txHead)
                  2020123c    00000002     vision_tuning_console.o (.bss.g_txHead)
                  2020123e    00000002     bluetooth_uart.o (.bss.g_txTail)
                  20201240    00000002     vision_tuning_console.o (.bss.g_txTail)
                  20201242    00000002     (.common:g_trackError)
                  20201244    00000001     oled_ui.o (.bss.OledUi_Update_20ms.flushRow)
                  20201245    00000001     oled_ui.o (.bss.OledUi_Update_20ms.refreshDivider)
                  20201246    00000001     empty.o (.bss.SysTick_Handler.controlMsCount)
                  20201247    00000001     empty.o (.bss.SysTick_Handler.tick100usCount)
                  20201248    00000001     ultrasonic.o (.bss.Ultrasonic_Update_20ms.triggerDivider)
                  20201249    00000001     empty.o (.bss.g_appUpdatePending)
                  2020124a    00000001     vision_tuning_console.o (.bss.g_capturing)
                  2020124b    00000001     car_state.o (.bss.g_carState)
                  2020124c    00000001     obstacle_monitor.o (.bss.g_centerSettleTicks)
                  2020124d    00000001     vision_tuning_console.o (.bss.g_commandTarget)
                  2020124e    00000001     ultrasonic.o (.bss.g_distanceSampleCount)
                  2020124f    00000001     ultrasonic.o (.bss.g_distanceSampleIndex)
                  20201250    00000001     emergency_stop.o (.bss.g_emergencyStopActive)
                  20201251    00000001     watchdog_monitor.o (.bss.g_faultApplied)
                  20201252    00000001     watchdog_monitor.o (.bss.g_faultPending)
                  20201253    00000001     vision_receiver.o (.bss.g_frameSize)
                  20201254    00000001     imu.o (.bss.g_integrationHistoryValid)
                  20201255    00000001     wheel_speed_estimator.o (.bss.g_leftFilterInitialized)
                  20201256    00000001     vision_tuning_console.o (.bss.g_lineSize)
                  20201257    00000001     obstacle_safety.o (.bss.g_obstacleSafetyHolding)
                  20201258    00000001     oled.o (.bss.g_oledColumn)
                  20201259    00000001     menu.o (.bss.g_oledPage)
                  2020125a    00000001     oled.o (.bss.g_oledPage)
                  2020125b    00000001     encoder.o (.bss.g_overflowFlags)
                  2020125c    00000001     menu.o (.bss.g_paramItem)
                  2020125d    00000001     menu.o (.bss.g_paramReturnPage)
                  2020125e    00000001     key.o (.bss.g_pendingEvent)
                  2020125f    00000001     vision_tuning_console.o (.bss.g_prefixIndex)
                  20201260    00000001     vision_tuning_console.o (.bss.g_prefixTarget)
                  20201261    00000001     app.o (.bss.g_remoteAction)
                  20201262    00000001     app.o (.bss.g_remoteDiscardLine)
                  20201263    00000001     app.o (.bss.g_remoteLineLength)
                  20201264    00000001     wheel_speed_estimator.o (.bss.g_rightFilterInitialized)
                  20201265    00000001     car_controller.o (.bss.g_safetyHold)
                  20201266    00000001     imu.o (.bss.g_shortGapPending)
                  20201267    00000001     motor_control.o (.bss.g_targetRefreshed)
                  20201268    00000001     mission_manager.o (.bss.g_transientActionActive)
                  20201269    00000001     ultrasonic.o (.bss.g_triggerRequest)
                  2020126a    00000001     ultrasonic.o (.bss.g_ultrasonicState)
                  2020126b    00000001     gimbal.o (.bss.g_yawLimitClamped)
                  2020126c    00000001     gimbal.o (.bss.g_yawLimitDirection)
                  2020126d    00000001     gimbal.o (.bss.g_yawPositionValid)
                  2020126e    00000001     gimbal.o (.bss.g_yawWorldLockEnabled)
                  2020126f    00000001     (.common:g_carStateDebug)
                  20201270    00000001     (.common:g_keyEvent)
                  20201271    00000001     (.common:g_oledPageDebug)
                  20201272    00000001     (.common:g_paramItemDebug)
                  20201273    00000001     (.common:g_trackBlackCount)
                  20201274    00000001     (.common:g_trackModeDebug)
                  20201275    00000001     (.common:g_trackRaw)
                  20201276    00000001     (.common:g_trackTurnDebug)

.data      0    20201277    00000002     UNINITIALIZED
                  20201277    00000001     car_controller.o (.data.g_followTurnPolicy)
                  20201278    00000001     app.o (.data.g_remoteGear)

.stack     0    20207e00    00000200     UNINITIALIZED
                  20207e00    00000004     libc.a : boot_cortex_m.c.obj (.stack)
                  20207e04    000001fc     --HOLE--

__llvm_prf_cnts 
*          0    20200000    00000000     UNINITIALIZED

__llvm_prf_bits 
*          0    20200000    00000000     UNINITIALIZED

MODULE SUMMARY

       Module                         code    ro data   rw data
       ------                         ----    -------   -------
    .\
       oled_ui.o                      10548   657       2      
       vision_tuning_console.o        9616    102       613    
       app.o                          7760    552       78     
       car_controller.o               4360    92        124    
       imu.o                          4252    0         142    
       oled.o                         2006    406       1026   
       motor_control.o                2768    0         125    
       app_config.o                   2144    0         272    
       line_controller.o              2196    0         64     
       vision_receiver.o              1072    0         689    
       mission_manager.o              1556    7         97     
       runtime_snapshot.o             1192    0         456    
       bluetooth_uart.o               1134    0         424    
       motion_action.o                1368    5         20     
       wheel_speed_estimator.o        1292    0         94     
       gimbal.o                       896     0         116    
       mission_library.o              560     389       0      
       ti_msp_dl_config.o             760     35        48     
       motor.o                        776     0         16     
       menu.o                         704     58        3      
       vision_protocol.o              732     0         0      
       ultrasonic.o                   596     0         29     
       empty.o                        408     0         55     
       key.o                          436     0         19     
       fault.o                        312     65        16     
       track_sensor.o                 372     0         0      
       heading_control.o              340     0         28     
       watchdog_monitor.o             308     0         26     
       vision_pitch_tuning.o          260     48        24     
       vision_yaw_tuning.o            248     41        20     
       encoder.o                      276     0         9      
       obstacle_safety.o              272     0         1      
       obstacle_monitor.o             192     0         9      
       startup_mspm0g350x_ticlang.o   6       192       0      
       angle_utils.o                  192     0         0      
       emergency_stop.o               188     0         1      
       magnet.o                       176     0         12     
       servo.o                        176     0         6      
       vision_uart.o                  164     0         0      
       car_state.o                    60      54        1      
       obstacle_avoidance.o           62      0         24     
       debug_telemetry.o              56      0         16     
       gimbal_stepper.o               8       0         24     
    +--+------------------------------+-------+---------+---------+
       Total:                         62800   2703      4729   
                                                               
    C:/TI/mspm0_sdk_2_05_01_00/source/ti/driverlib/lib/ticlang/m0p/mspm0g1x0x_g3x0x/driverlib.a
       dl_timer.o                     388     0         0      
       dl_uart.o                      90      0         0      
       dl_common.o                    10      0         0      
    +--+------------------------------+-------+---------+---------+
       Total:                         488     0         0      
                                                               
    D:\TI\CCS\ccs\tools\compiler\ti-cgt-armllvm_4.0.4.LTS\lib\armv6m-ti-none-eabi/c/libc.a
       memcpy16.S.obj                 154     0         0      
       strcmp-armv6m.S.obj            136     0         0      
       copy_decompress_lzss.c.obj     124     0         0      
       memset16.S.obj                 98      0         0      
       autoinit.c.obj                 60      0         0      
       boot_cortex_m.c.obj            40      0         0      
       memmov.c.obj                   40      0         0      
       copy_decompress_none.c.obj     18      0         0      
       copy_zero_init.c.obj           16      0         0      
       exit.c.obj                     6       0         0      
       pre_init.c.obj                 4       0         0      
    +--+------------------------------+-------+---------+---------+
       Total:                         696     0         0      
                                                               
    D:\TI\CCS\ccs\tools\compiler\ti-cgt-armllvm_4.0.4.LTS\lib\armv6m-ti-none-eabi/c/libsysbm.a
       hostexit.c.obj                 4       0         0      
    +--+------------------------------+-------+---------+---------+
       Total:                         4       0         0      
                                                               
    D:\TI\CCS\ccs\tools\compiler\ti-cgt-armllvm_4.0.4.LTS\lib\armv6m-ti-none-eabi/libclang_rt.builtins.a
       addsf3.S.obj                   216     0         0      
       udivmoddi4.S.obj               162     0         0      
       comparesf2.S.obj               140     0         0      
       mulsf3.S.obj                   140     0         0      
       divsf3.S.obj                   130     0         0      
       aeabi_fcmp.S.obj               98      0         0      
       fixsfdi.S.obj                  96      0         0      
       aeabi_idivmod.S.obj            86      0         0      
       floatdisf.S.obj                78      0         0      
       aeabi_uidivmod.S.obj           64      0         0      
       divmoddi4.c.obj                62      0         0      
       floatsisf.S.obj                60      0         0      
       muldsi3.S.obj                  58      0         0      
       fixsfsi.S.obj                  56      0         0      
       fixunssfsi.S.obj               50      0         0      
       floatunsisf.S.obj              40      0         0      
       muldi3.S.obj                   36      0         0      
       ashldi3.S.obj                  30      0         0      
       aeabi_ldivmod.S.obj            20      0         0      
       aeabi_uldivmod.S.obj           20      0         0      
       aeabi_memset.S.obj             12      0         0      
       aeabi_memcpy.S.obj             8       0         0      
       aeabi_memmove.S.obj            8       0         0      
       aeabi_div0.c.obj               4       0         0      
    +--+------------------------------+-------+---------+---------+
       Total:                         1674    0         0      
                                                               
       Stack:                         0       0         512    
       Linker Generated:              0       42        0      
    +--+------------------------------+-------+---------+---------+
       Grand Total:                   65662   2745      5241   


LINKER GENERATED COPY TABLES

__TI_cinit_table @ 00010b4c records: 2, size/record: 8, table size: 16
	.bss: load addr=00010b3c, load size=00000008 bytes, run addr=20200000, run size=00001277 bytes, compression=zero_init
	.data: load addr=00010b44, load size=00000006 bytes, run addr=20201277, run size=00000002 bytes, compression=lzss


LINKER GENERATED HANDLER TABLE

__TI_handler_table @ 00010b30 records: 3, size/record: 4, table size: 12
	index: 0, handler: __TI_decompress_lzss
	index: 1, handler: __TI_decompress_none
	index: 2, handler: __TI_zero_init


GLOBAL SYMBOLS: SORTED ALPHABETICALLY BY Name 

address   name                                      
-------   ----                                      
0000d7e7  ADC0_IRQHandler                           
0000d7e7  ADC1_IRQHandler                           
0000d7e7  AES_IRQHandler                            
0000d471  Angle_Normalize180                        
00009b15  AppConfig_InitDefault                     
00005a85  AppConfig_LimitAll                        
0000d7e9  App_Init                                  
0000e3c9  App_ResetToReady                          
000045f5  App_Update_20ms                           
0000de49  BluetoothUart_GetRuntime                  
0000ddc1  BluetoothUart_Init                        
0000bbfd  BluetoothUart_Process                     
0000f5ad  BluetoothUart_TryReadByte                 
0000a915  BluetoothUart_TryWriteBuffer              
0000f575  BluetoothUart_TryWriteString              
0001013e  C$$EXIT                                   
0000d7e7  CANFD0_IRQHandler                         
00010089  CarController_GetFeedback                 
0000ff59  CarController_GetRunMode                  
0000ff65  CarController_Init                        
0000ff71  CarController_IsSafetyHoldActive          
0000d531  CarController_ResetRuntime                
0000db8d  CarController_ResetTransientState         
0000fd25  CarController_RunModeToString             
0000ded9  CarController_SetSafetyHold               
0000d2d5  CarController_StartDriveDistance          
0000b1d1  CarController_StartDriveDistanceAtYaw     
0000e065  CarController_StartDriveHeading           
0000f12d  CarController_StartFollowLine             
0000daf9  CarController_StartTurnToYawRelative      
0000ec5d  CarController_Stop                        
0000b36d  CarController_Update_20ms                 
0000ff7d  CarState_Get                              
0000ff89  CarState_Init                             
0000ff95  CarState_Set                              
0000fd3d  CarState_ToString                         
0000d7e7  DAC0_IRQHandler                           
00010061  DL_Common_delayCycles                     
0000c4f9  DL_Timer_initFourCCPWMMode                
0000fad5  DL_Timer_overrideCCPOut                   
0000fbd5  DL_Timer_setCaptCompUpdateMethod          
0000fd55  DL_Timer_setCaptureCompareOutCtl          
0000ff19  DL_Timer_setCaptureCompareValue           
0000fbf1  DL_Timer_setClockConfig                   
0000ef8d  DL_UART_init                              
0000fef5  DL_UART_setClockConfig                    
0000d7e7  DMA_IRQHandler                            
0000fd6d  DebugTelemetry_Init                       
0000faf5  DebugTelemetry_Update                     
0000d7e7  Default_Handler                           
0000f8bd  EmergencyStop_Enforce                     
0000ffa1  EmergencyStop_Init                        
0000ffad  EmergencyStop_IsActive                    
0000f01d  EmergencyStop_Reset                       
0000f4cd  EmergencyStop_Trigger                     
0000f061  Encoder_GetAndClearPulseDeltas            
0000d6a1  Encoder_HandleGpioInterrupt               
0000f839  Encoder_Reset                             
0000d3a9  FaultCode_ToShortString                   
0000fe2d  Fault_Clear                               
00010091  Fault_GetRecord                           
0000fe41  Fault_Init                                
0000f16d  Fault_Raise                               
0000d7e7  GROUP0_IRQHandler                         
0000fe55  GROUP1_IRQHandler                         
00010099  GimbalStepper_GetFeedback                 
0000ff29  Gimbal_YawGetFeedback                     
0001013f  HOSTexit                                  
0000d7e7  HardFault_Handler                         
0000fe69  HeadingControl_Enable                     
000100a1  HeadingControl_GetRuntime                 
0000fd85  HeadingControl_Init                       
0000fd9d  HeadingControl_Reset                      
0000fc0d  HeadingControl_SetTargetYaw               
0000caed  HeadingControl_Update                     
0000d7e7  I2C0_IRQHandler                           
0000d7e7  I2C1_IRQHandler                           
000096c5  Imu_CalibrateGyroBias                     
0000ffb9  Imu_GetCorrectedGyroZDps                  
000100a9  Imu_GetRuntime                            
0000ffc5  Imu_GetYaw                                
00007f71  Imu_Init                                  
0000f5e1  Imu_IsReady                               
0000f0a5  Imu_ResetYaw                              
000077e1  Imu_Update                                
0000ff39  Key_GetEvent                              
0000f719  Key_Init                                  
0000b4fd  Key_Update_20ms                           
000100b1  LineController_GetRuntime                 
0000c5fd  LineController_Init                       
0000f749  LineController_ObserveSensors             
0000be55  LineController_Reset                      
0000c2e1  LineController_ResetControlState          
000060cd  LineController_Update                     
0000f8e5  Magnet_ForceOff                           
0000fb15  Magnet_Init                               
0000ffd1  Magnet_IsOn                               
0000e92d  Magnet_Set                                
0000ffdd  Menu_GetPage                              
0000ffe9  Menu_GetParamItem                         
0000ecb1  Menu_GetParamValue                        
000098f5  Menu_HandleKeyEvent                       
0000fc29  Menu_Init                                 
0000fdb5  Menu_ParamItemToString                    
0000f615  MissionLibrary_FindById                   
0000fe7d  MissionLibrary_GetByIndex                 
00010143  MissionLibrary_GetCount                   
0000a731  MissionLibrary_Validate                   
0000f1ad  MissionManager_Cancel                     
[...]
2020126f  g_carStateDebug                           
20201094  g_headingRuntime                          
20200bd8  g_imuRuntime                              
20201270  g_keyEvent                                
20201271  g_oledPageDebug                           
20201272  g_paramItemDebug                          
20201273  g_trackBlackCount                         
20201242  g_trackError                              
20201274  g_trackModeDebug                          
20201275  g_trackRaw                                
20201276  g_trackTurnDebug                          
20200e20  g_wheelSpeedEstimatorRuntime              
00000000  interruptVectors                          
0000cf69  main                                      
0000d9c5  memcpy                                    
0000f9ad  memmove                                   
0000e80b  memset                                    
0000de51  strcmp                                    


GLOBAL SYMBOLS: SORTED BY Symbol Address 

address   name                                      
-------   ----                                      
00000000  __TI_ATRegion0_region_sz                  
00000000  __TI_ATRegion0_src_addr                   
00000000  __TI_ATRegion0_trg_addr                   
00000000  __TI_ATRegion1_region_sz                  
00000000  __TI_ATRegion1_src_addr                   
00000000  __TI_ATRegion1_trg_addr                   
00000000  __TI_ATRegion2_region_sz                  
00000000  __TI_ATRegion2_src_addr                   
00000000  __TI_ATRegion2_trg_addr                   
00000000  __TI_static_base__                        
00000000  interruptVectors                          
000000c1  OledUi_Update_20ms                        
00000200  __STACK_SIZE                              
00002821  VisionTuningConsole_Process               
000045f5  App_Update_20ms                           
00005a85  AppConfig_LimitAll                        
000060cd  LineController_Update                     
00006ae9  RuntimeSnapshot_Update                    
000073bd  WheelSpeedEstimator_Update                
000077e1  Imu_Update                                
00007bc1  VisionReceiver_Process                    
00007f71  Imu_Init                                  
00008f21  MotionAction_Update_20ms                  
000091d1  MotorControl_Update                       
000096c5  Imu_CalibrateGyroBias                     
000098f5  Menu_HandleKeyEvent                       
00009b15  AppConfig_InitDefault                     
00009d2d  MotionAction_Start                        
0000a151  Motor_SetSpeed                            
0000a355  VisionProtocol_ParseV1TargetFrame         
0000a731  MissionLibrary_Validate                   
0000a915  BluetoothUart_TryWriteBuffer              
0000b031  Ultrasonic_Tick100us                      
0000b1d1  CarController_StartDriveDistanceAtYaw     
0000b36d  CarController_Update_20ms                 
0000b4fd  Key_Update_20ms                           
0000b671  OLED_FlushPage                            
0000b7e1  OLED_PrintInt16                           
0000bbfd  BluetoothUart_Process                     
0000be55  LineController_Reset                      
0000bf7d  OLED_Init                                 
0000c2e1  LineController_ResetControlState          
0000c4f9  DL_Timer_initFourCCPWMMode                
0000c5fd  LineController_Init                       
0000c701  MissionManager_Update_20ms                
0000c805  MotorControl_SetNormalizedTarget          
0000c905  MissionManager_SelectNext                 
0000caed  HeadingControl_Update                     
0000cbd9  ObstacleSafety_Update_20ms                
0000cda9  MissionManager_SelectPrevious             
0000ce89  WheelSpeedEstimator_Init                  
0000cf69  main                                      
0000d049  SYSCFG_DL_GPIO_init                       
0000d125  OLED_PrintUInt16                          
0000d1fd  __aeabi_fsub                              
0000d1fd  __subsf3                                  
0000d207  __addsf3                                  
0000d207  __aeabi_fadd                              
0000d2d5  CarController_StartDriveDistance          
0000d3a9  FaultCode_ToShortString                   
0000d471  Angle_Normalize180                        
0000d531  CarController_ResetRuntime                
0000d5ed  MissionManager_StartTransientAction       
0000d6a1  Encoder_HandleGpioInterrupt               
0000d745  __udivmoddi4                              
0000d7e7  ADC0_IRQHandler                           
0000d7e7  ADC1_IRQHandler                           
0000d7e7  AES_IRQHandler                            
0000d7e7  CANFD0_IRQHandler                         
0000d7e7  DAC0_IRQHandler                           
0000d7e7  DMA_IRQHandler                            
0000d7e7  Default_Handler                           
0000d7e7  GROUP0_IRQHandler                         
0000d7e7  HardFault_Handler                         
0000d7e7  I2C0_IRQHandler                           
0000d7e7  I2C1_IRQHandler                           
0000d7e7  NMI_Handler                               
0000d7e7  PendSV_Handler                            
0000d7e7  RTC_IRQHandler                            
0000d7e7  SPI0_IRQHandler                           
0000d7e7  SPI1_IRQHandler                           
0000d7e7  SVC_Handler                               
0000d7e7  TIMA0_IRQHandler                          
0000d7e7  TIMA1_IRQHandler                          
0000d7e7  TIMG0_IRQHandler                          
0000d7e7  TIMG12_IRQHandler                         
0000d7e7  TIMG6_IRQHandler                          
0000d7e7  TIMG7_IRQHandler                          
0000d7e7  TIMG8_IRQHandler                          
0000d7e7  UART0_IRQHandler                          
0000d7e7  UART2_IRQHandler                          
0000d7e9  App_Init                                  
0000d929  ObstacleMonitor_Update_20ms               
0000d9c5  memcpy                                    
0000da5f  ObstacleAvoidance_Update_20ms             
0000daf9  CarController_StartTurnToYawRelative      
0000db8d  CarController_ResetTransientState         
0000dc1d  SYSCFG_DL_PWM_MOTOR_init                  
0000dca9  __aeabi_fmul                              
0000dca9  __mulsf3                                  
0000ddc1  BluetoothUart_Init                        
0000de49  BluetoothUart_GetRuntime                  
0000de51  strcmp                                    
0000ded9  CarController_SetSafetyHold               
0000df5d  Motor_Init                                
0000dfe1  __aeabi_fdiv                              
0000dfe1  __divsf3                                  
0000e063  TrackSensor_Init                          
0000e065  CarController_StartDriveHeading           
0000e0e5  Motor_Stop                                
0000e165  UART1_IRQHandler                          
0000e1e1  VisionPitchTuning_Set                     
0000e25d  __TI_decompress_lzss                      
0000e2d9  SysTick_Handler                           
0000e3c9  App_ResetToReady                          
0000e4b1  SYSCFG_DL_UART_BLUETOOTH_init             
0000e521  SYSCFG_DL_UART_VISION_init                
0000e591  VisionYawTuning_Set                       
0000e601  TrackSensor_DetectTurn                    
0000e66f  __aeabi_idiv0                             
0000e671  MissionManager_GetSelectedMissionIndex    
0000e741  TrackSensor_GetErrorFromRaw               
0000e7a7  __aeabi_ldiv0                             
0000e7a9  __aeabi_fcmpeq                            
0000e7bd  __aeabi_fcmplt                            
0000e7d1  __aeabi_fcmple                            
0000e7e5  __aeabi_fcmpge                            
0000e7f9  __aeabi_fcmpgt                            
0000e80b  memset                                    
0000e86d  VisionTuningConsole_Init                  
0000e8cd  __aeabi_f2lz                              
0000e8cd  __fixsfdi                                 
0000e92d  Magnet_Set                                
0000e989  MissionManager_Start                      
0000e9e5  UART3_IRQHandler                          
0000ea41  Ultrasonic_Update_20ms                    
0000eb55  OLED_PrintChar                            
0000ec05  __aeabi_idiv                              
0000ec05  __aeabi_idivmod                           
0000ec5d  CarController_Stop                        
0000ecb1  Menu_GetParamValue                        
0000ed05  TrackSensor_ReadRaw                       
0000ed59  WatchdogMonitor_ApplyFaultIfNeeded        
0000ee01  MissionManager_Init                       
0000ee51  Ultrasonic_Init                           
0000eea1  WatchdogMonitor_Tick1msFromIsr            
0000eef1  __aeabi_l2f                               
0000eef1  __floatdisf                               
0000ef41  MotorControl_Stop                         
0000ef8d  DL_UART_init                              
0000efd5  SYSCFG_DL_initPower                       
0000f01d  EmergencyStop_Reset                       
0000f061  Encoder_GetAndClearPulseDeltas            
0000f0a5  Imu_ResetYaw                              
0000f0e9  Servo_Tick100us                           
0000f12d  CarController_StartFollowLine             
0000f16d  Fault_Raise                               
0000f1ad  MissionManager_Cancel                     
0000f1ed  SYSCFG_DL_SYSCTL_init                     
0000f22d  VisionReceiver_PushByteFromIsr            
0000f26d  __aeabi_uidiv                             
0000f26d  __aeabi_uidivmod                          
0000f2ad  __divmoddi4                               
0000f2ed  MissionManager_Reset                      
0000f329  Servo_SetAngleDeg                         
0000f365  VisionTuningConsole_PushByteFromIsr       
0000f3a1  __aeabi_i2f                               
0000f3a1  __floatsisf                               
0000f3dd  __gesf2                                   
0000f3dd  __gtsf2                                   
0000f419  __TI_auto_init_nobinit_nopinit            
0000f455  __cmpsf2                                  
0000f455  __eqsf2                                   
0000f455  __lesf2                                   
0000f455  __ltsf2                                   
0000f455  __nesf2                                   
0000f491  __muldsi3                                 
0000f4cd  EmergencyStop_Trigger                     
0000f505  VisionReceiver_Init                       
0000f53d  __aeabi_f2iz                              
0000f53d  __fixsfsi                                 
0000f575  BluetoothUart_TryWriteString              
0000f5ad  BluetoothUart_TryReadByte                 
0000f5e1  Imu_IsReady                               
0000f615  MissionLibrary_FindById                   
0000f649  VisionTuningConsole_TryPopTxByte          
0000f67d  VisionUart_Process                        
0000f6b1  OLED_PrintString                          
0000f6e5  __aeabi_f2uiz                             
0000f6e5  __fixunssfsi                              
0000f719  Key_Init                                  
0000f749  LineController_ObserveSensors             
0000f779  MissionManager_Resume                     
0000f7a9  VisionPitchTuning_RestoreDefault          
0000f7d9  WatchdogMonitor_Init                      
0000f809  WatchdogMonitor_Reset                     
0000f839  Encoder_Reset                             
0000f865  TrackSensor_CountBlack                    
0000f891  VisionYawTuning_RestoreDefault            
0000f8bd  EmergencyStop_Enforce                     
0000f8e5  Magnet_ForceOff                           
0000f90d  SYSCFG_DL_init                            
0000f935  Servo_Init                                
0000f95d  VisionPitchTuning_Init                    
0000f985  __aeabi_ui2f                              
0000f985  __floatunsisf                             
0000f9ad  memmove                                   
0000f9d5  _c_int00_noargs                           
0000f9fd  MissionManager_ReportExternalFailure      
0000fa21  MotorControl_Init                         
0000fa45  MotorControl_Reset                        
0000fa69  OLED_ClearBuffer                          
0000fa8d  VisionYawTuning_Init                      
0000fab1  __aeabi_lmul                              
0000fab1  __muldi3                                  
0000fad5  DL_Timer_overrideCCPOut                   
0000faf5  DebugTelemetry_Update                     
0000fb15  Magnet_Init                               
0000fb35  MissionManager_Pause                      
0000fb55  OLED_SetCursor                            
0000fb75  SchedulerMonitor_GetStats                 
0000fbb5  __aeabi_llsl                              
0000fbb5  __ashldi3                                 
0000fbd5  DL_Timer_setCaptCompUpdateMethod          
0000fbf1  DL_Timer_setClockConfig                   
0000fc0d  HeadingControl_SetTargetYaw               
0000fc29  Menu_Init                                 
0000fc45  MotionAction_Cancel                       
0000fc61  ObstacleMonitor_Init                      
0000fc7d  ObstacleSafety_Init                       
0000fc99  VisionPitchTuning_ParamName               
0000fcb5  VisionYawTuning_GetSnapshot               
0000fcd1  VisionYawTuning_ParamName                 
0000fced  WatchdogMonitor_NotifyControlCycleComplete
0000fd25  CarController_RunModeToString             
0000fd3d  CarState_ToString                         
0000fd55  DL_Timer_setCaptureCompareOutCtl          
0000fd6d  DebugTelemetry_Init                       
0000fd85  HeadingControl_Init                       
0000fd9d  HeadingControl_Reset                      
0000fdb5  Menu_ParamItemToString                    
0000fdcd  MotionAction_Init                         
0000fde5  ObstacleAvoidance_Init                    
0000fdfd  RuntimeSnapshot_Init                      
0000fe15  __aeabi_fcmpun                            
0000fe15  __unordsf2                                
0000fe2d  Fault_Clear                               
0000fe41  Fault_Init                                
0000fe55  GROUP1_IRQHandler                         
0000fe69  HeadingControl_Enable                     
0000fe7d  MissionLibrary_GetByIndex                 
0000fe91  MissionManager_GetSelectedMissionId       
0000fea5  VisionPitchTuning_GetSnapshot             
0000feb9  VisionUart_Init                           
0000fecd  __aeabi_ldivmod                           
0000fee1  __aeabi_uldivmod                          
0000fef5  DL_UART_setClockConfig                    
0000ff07  __TI_decompress_none                      
0000ff19  DL_Timer_setCaptureCompareValue           
0000ff29  Gimbal_YawGetFeedback                     
0000ff39  Key_GetEvent                              
0000ff49  __TI_zero_init                            
0000ff59  CarController_GetRunMode                  
0000ff65  CarController_Init                        
0000ff71  CarController_IsSafetyHoldActive          
0000ff7d  CarState_Get                              
0000ff89  CarState_Init                             
0000ff95  CarState_Set                              
0000ffa1  EmergencyStop_Init                        
0000ffad  EmergencyStop_IsActive                    
0000ffb9  Imu_GetCorrectedGyroZDps                  
0000ffc5  Imu_GetYaw                                
0000ffd1  Magnet_IsOn                               
0000ffdd  Menu_GetPage                              
0000ffe9  Menu_GetParamItem                         
0000fff5  MissionManager_IsExternallyHeld           
00010001  MissionManager_IsTransientAction          
0001000d  MissionManager_SetExternalHold            
00010019  ObstacleAvoidance_IsActive                
00010025  ObstacleAvoidance_IsFailed                
00010031  ObstacleSafety_IsHolding                  
0001003d  SystemTime_GetMs                          
00010049  WatchdogMonitor_HasTripped                
00010055  __aeabi_memclr                            
00010055  __aeabi_memclr4                           
00010055  __aeabi_memclr8                           
00010061  DL_Common_delayCycles                     
0001006b  TrackSensor_IsCenterDetected              
00010075  TrackSensor_IsLineDetected                
0001007f  TrackSensor_IsLineLost                    
00010089  CarController_GetFeedback                 
00010091  Fault_GetRecord                           
00010099  GimbalStepper_GetFeedback                 
000100a1  HeadingControl_GetRuntime                 
000100a9  Imu_GetRuntime                            
000100b1  LineController_GetRuntime                 
000100b9  MissionManager_GetMissionCount            
000100c1  MissionManager_GetRuntime                 
000100c9  MotionAction_GetRuntime                   
000100d1  MotorControl_GetRuntime                   
000100d9  ObstacleAvoidance_GetFeedback             
000100e1  ObstacleMonitor_GetFeedback               
000100e9  OledUi_Init                               
000100f1  RuntimeSnapshot_Get                       
000100f9  Servo_GetFeedback                         
00010101  Ultrasonic_GetFeedback                    
00010109  VisionReceiver_GetStatus                  
00010111  VisionTuningConsole_GetStatus             
00010119  WatchdogMonitor_GetStatus                 
00010121  WheelSpeedEstimator_GetRuntime            
00010129  __aeabi_memcpy                            
00010129  __aeabi_memcpy4                           
00010129  __aeabi_memcpy8                           
00010131  __aeabi_memmove                           
00010131  __aeabi_memmove4                          
00010131  __aeabi_memmove8                          
00010139  abort                                     
0001013e  C$$EXIT                                   
0001013f  HOSTexit                                  
00010143  MissionLibrary_GetCount                   
00010147  ObstacleAvoidance_IsResumeGraceActive     
0001014b  Reset_Handler                             
0001014f  _system_pre_init                          
00010b30  __TI_Handler_Table_Base                   
00010b3c  __TI_Handler_Table_Limit                  
00010b4c  __TI_CINIT_Base                           
00010b5c  __TI_CINIT_Limit                          
00010b5c  __TI_CINIT_Warm                           
20200000  __start___llvm_prf_bits                   
20200000  __start___llvm_prf_cnts                   
20200000  __stop___llvm_prf_bits                    
20200000  __stop___llvm_prf_cnts                    
202007c8  g_appConfig                               
20200bd8  g_imuRuntime                              
20200d58  g_appRuntime                              
20200e20  g_wheelSpeedEstimatorRuntime              
20200fa8  gUART_VISIONBackup                        
20201094  g_headingRuntime                          
20201242  g_trackError                              
2020126f  g_carStateDebug                           
20201270  g_keyEvent                                
20201271  g_oledPageDebug                           
20201272  g_paramItemDebug                          
20201273  g_trackBlackCount                         
20201274  g_trackModeDebug                          
20201275  g_trackRaw                                
20201276  g_trackTurnDebug                          
20207e00  __stack                                   
20208000  __STACK_END                               
ffffffff  __TI_pprof_out_hndl                       
ffffffff  __TI_prof_data_size                       
ffffffff  __TI_prof_data_start                      
ffffffff  __binit__                                 
ffffffff  binit                                     
UNDEFED   __mpu_init                                
UNDEFED   _system_post_cinit                        

[356 symbols]
