******************************************************************************
            TI ARM Clang Linker PC v4.0.4                      
******************************************************************************
>> Linked Fri Jul 31 05:53:08 2026

OUTPUT FILE NAME:   <diansaikaishi.out>
ENTRY POINT SYMBOL: "_c_int00_noargs"  address: 00010b49


MEMORY CONFIGURATION

         name            origin    length      used     unused   attr    fill
----------------------  --------  ---------  --------  --------  ----  --------
  FLASH                 00000000   00020000  00012170  0000de90  R  X
  SRAM                  20200000   00008000  0000120c  00006df4  RW X
  BCR_CONFIG            41c00000   000000ff  00000000  000000ff  R   
  BSL_CONFIG            41c00100   00000080  00000000  00000080  R   


SEGMENT ALLOCATION MAP

run origin  load origin   length   init length attrs members
----------  ----------- ---------- ----------- ----- -------
00000000    00000000    00011cd0   00011cd0    r-x
  00000000    00000000    000000c0   000000c0    r-- .intvecs
  000000c0    000000c0    000112e8   000112e8    r-x .text
  000113a8    000113a8    00000928   00000928    r-- .rodata
00011d30    00011d30    00000040   00000040    r--
  00011d30    00011d30    00000030   00000030    r-- .cinit
  00011d60    00011d60    00000010   00000010    r-- .binit
0001fc00    0001fc00    00000400   00000400    r--
  0001fc00    0001fc00    00000400   00000400    r-- .TI.bound:g_balanceCalibrationReservedSector
20200000    20200000    00000fac   00000000    rw-
  20200000    20200000    00000fab   00000000    rw- .bss
  20200fab    20200fab    00000001   00000000    rw- .data
20200fb0    00011cd0    00000060   00000060    r-x
  20200fb0    00011cd0    00000060   00000060    r-x .TI.ramfunc
20207e00    20207e00    00000200   00000000    rw-
  20207e00    20207e00    00000200   00000000    rw- .stack


SECTION ALLOCATION MAP

 output                                  attributes/
section   page    origin      length       input sections
--------  ----  ----------  ----------   ----------------
.intvecs   0    00000000    000000c0     
                  00000000    000000c0     startup_mspm0g350x_ticlang.o (.intvecs)

.text      0    000000c0    000112e8     
                  000000c0    0000171c     oled_ui.o (.text.print_balance_stepper_test_page)
                  000017dc    00000ad8     oled_ui.o (.text.print_imu_counters_page)
                  000022b4    000007ec     oled_ui.o (.text.print_balance_vision_page)
                  00002aa0    0000064c     app_config.o (.text.AppConfig_LimitAll)
                  000030ec    000005ac     imu.o (.text.Imu_CalibrateGyroBias)
                  00003698    000005a0     vision_receiver.o (.text.VisionReceiver_Process)
                  00003c38    00000524     line_controller.o (.text.LineController_Update)
                  0000415c    000004bc     oled_ui.o (.text.print_encoder_page)
                  00004618    0000049c     runtime_snapshot.o (.text.RuntimeSnapshot_Update)
                  00004ab4    00000478     oled_ui.o (.text.print_sensor_page)
                  00004f2c    0000044c     motor_control.o (.text.update_wheel)
                  00005378    00000424     wheel_speed_estimator.o (.text.WheelSpeedEstimator_Update)
                  0000579c    00000414     balance_position_control.o (.text.BalancePositionControl_Update20ms)
                  00005bb0    000003f4     vision_protocol.o (.text.VisionProtocol_ParseBallAsciiLine)
                  00005fa4    000003e0     imu.o (.text.Imu_Update)
                  00006384    000003c4     oled_ui.o (.text.print_motor_control_detail_page)
                  00006748    00000380     imu.o (.text.Imu_Init)
                  00006ac8    0000037c     oled_ui.o (.text.print_heading_page)
                  00006e44    00000370     gimbal.o (.text.gimbal_update_feedback)
                  000071b4    0000033c     oled_ui.o (.text.print_drive_distance_page)
                  000074f0    00000324     oled_ui.o (.text.print_imu_detail_page)
                  00007814    00000308     balance_ball_control.o (.text.BalanceBallControl_Update20ms)
                  00007b1c    00000300     oled_ui.o (.text.print_motor_control_page)
                  00007e1c    000002f0     imu.o (.text.mpu6050_read_regs)
                  0000810c    000002ec     menu.o (.text.Menu_HandleKeyEvent)
                  000083f8    000002cc     car_controller.o (.text.handle_drive_distance)
                  000086c4    000002b0     motion_action.o (.text.MotionAction_Update_20ms)
                  00008974    00000290     balance_calibration_store.o (.text.BalanceCalibrationStore_Save)
                  00008c04    0000028c     motor_control.o (.text.MotorControl_Update)
                  00008e90    0000026c     balance_soft_limits.o (.text.BalanceSoftLimits_Update20ms)
                  000090fc    00000268     car_controller.o (.text.handle_turn_to_yaw)
                  00009364    00000250     menu.o (.text.menu_adjust_param)
                  000095b4    00000220     app_config.o (.text.AppConfig_InitDefault)
                  000097d4    00000220     motion_action.o (.text.motion_action_start_internal)
                  000099f4    00000204     motor.o (.text.Motor_SetSpeed)
                  00009bf8    000001f0     oled_ui.o (.text.print_param_page)
                  00009de8    000001e8     motor_control.o (.text.config_is_valid)
                  00009fd0    000001e4     mission_library.o (.text.MissionLibrary_Validate)
                  0000a1b4    000001cc     imu.o (.text.imu_i2c_write_byte)
                  0000a380    000001cc     oled_ui.o (.text.print_status_page)
                  0000a54c    000001b8     oled.o (.text.oled_i2c_write_byte)
                  0000a704    000001a0     app.o (.text.App_Update_20ms)
                  0000a8a4    000001a0     ultrasonic.o (.text.Ultrasonic_Tick100us)
                  0000aa44    0000019c     car_controller.o (.text.CarController_StartDriveDistanceAtYaw)
                  0000abe0    00000194     gimbal_stepper.o (.text.GimbalStepper_Tick100us)
                  0000ad74    00000190     car_controller.o (.text.CarController_Update_20ms)
                  0000af04    00000188     oled_ui.o (.text.print_imu_page)
                  0000b08c    00000174     key.o (.text.Key_Update_20ms)
                  0000b200    00000170     oled.o (.text.OLED_FlushPage)
                  0000b370    0000016c     oled.o (.text.OLED_PrintInt16)
                  0000b4dc    00000160     oled_ui.o (.text.print_balance_limit_value)
                  0000b63c    0000015c     oled_ui.o (.text.print_signed_total_tail)
                  0000b798    00000150     vision_protocol.o (.text.parse_decimal_x1000)
                  0000b8e8    0000014c     balance_soft_limits.o (.text.BalanceSoftLimits_CaptureCurrentStage)
                  0000ba34    00000140     balance_calibration_store.o (.text.BalanceCalibrationStore_Load)
                  0000bb74    0000013c     balance_position_control.o (.text.BalancePositionControl_Start)
                  0000bcb0    0000013c     oled_ui.o (.text.print_balance_vision_rx_debug_page)
                  0000bdec    0000012c     balance_soft_limits.o (.text.BalanceSoftLimits_StartOscillationTest)
                  0000bf18    0000012c     imu.o (.text.imu_i2c_recover_bus)
                  0000c044    0000012c     oled_ui.o (.text.print_uint64_decimal)
                  0000c170    00000128     line_controller.o (.text.LineController_Reset)
                  0000c298    00000128     mission_manager.o (.text.MissionManager_Update_20ms)
                  0000c3c0    00000124     oled.o (.text.OLED_Init)
                  0000c4e4    00000120     balance_soft_limits.o (.text.BalanceSoftLimits_StartRelativePositionMoveSteps)
                  0000c604    00000120     oled_ui.o (.text.print_bluetooth_page)
                  0000c724    0000011c     car_controller.o (.text.handle_drive_heading)
                  0000c840    00000118     oled_ui.o (.text.print_obstacle_page)
                  0000c958    00000114     car_controller.o (.text.handle_follow_line)
                  0000ca6c    0000010c     balance_soft_limits.o (.text.BalanceSoftLimits_BeginAtCurrentAsZero)
                  0000cb78    0000010c     line_controller.o (.text.LineController_ResetControlState)
                  0000cc84    00000108     vision_receiver.o (.text.accept_packet)
                  0000cd8c    00000104     driverlib.a : dl_timer.o (.text.DL_Timer_initFourCCPWMMode)
                  0000ce90    00000104     line_controller.o (.text.LineController_Init)
                  0000cf94    00000100     motor_control.o (.text.MotorControl_SetNormalizedTarget)
                  0000d094    00000100     ti_msp_dl_config.o (.text.SYSCFG_DL_GPIO_init)
                  0000d194    000000fc     mission_manager.o (.text.MissionManager_SelectNext)
                  0000d290    000000ec     heading_control.o (.text.HeadingControl_Update)
                  0000d37c    000000e8     mission_manager.o (.text.MissionManager_SelectPrevious)
                  0000d464    000000e8     obstacle_safety.o (.text.ObstacleSafety_Update_20ms)
                  0000d54c    000000e4     empty.o (.text.main)
                  0000d630    000000e0     wheel_speed_estimator.o (.text.WheelSpeedEstimator_Init)
                  0000d710    000000d8     driverlib.a : dl_flashctl.o (.text.DL_FlashCTL_unprotectSector)
                  0000d7e8    000000d8     oled.o (.text.OLED_PrintUInt16)
                  0000d8c0    000000d8     libclang_rt.builtins.a : addsf3.S.obj (.text)
                  0000d998    000000d4     car_controller.o (.text.CarController_StartDriveDistance)
                  0000da6c    000000d4     gimbal_stepper.o (.text.GimbalStepper_MoveRelativeSteps)
                  0000db40    000000cc     balance_encoder.o (.text.BalanceEncoder_HandleGpioInterrupt)
                  0000dc0c    000000cc     oled_ui.o (.text.OledUi_Update_20ms)
                  0000dcd8    000000c8     fault.o (.text.FaultCode_ToShortString)
                  0000dda0    000000c0     angle_utils.o (.text.Angle_Normalize180)
                  0000de60    000000c0     balance_soft_limits.o (.text.oscillation_target_for_phase)
                  0000df20    000000bc     balance_soft_limits.o (.text.BalanceSoftLimits_Init)
                  0000dfdc    000000bc     car_controller.o (.text.CarController_ResetRuntime)
                  0000e098    000000bc     menu.o (.text.Menu_GetParamValue)
                  0000e154    000000b4     gimbal_stepper.o (.text.GimbalStepper_StopHold)
                  0000e208    000000b0     gimbal_stepper.o (.text.GimbalStepper_Init)
                  0000e2b8    000000b0     empty.o (.text.SysTick_Handler)
                  0000e368    000000a8     balance_soft_limits.o (.text.BalanceSoftLimits_ArmRecalibration)
                  0000e410    000000a4     encoder.o (.text.Encoder_HandleGpioInterrupt)
                  0000e4b4    000000a4     balance_calibration_store.o (.text.calibration_crc32)
                  0000e558    000000a2     libclang_rt.builtins.a : udivmoddi4.S.obj (.text)
                  0000e5fa    00000002     startup_mspm0g350x_ticlang.o (.text.Default_Handler)
                  0000e5fc    000000a0     balance_soft_limits.o (.text.BalanceSoftLimits_AbortCalibration)
                  0000e69c    000000a0     car_controller.o (.text.drive_distance_high_decel_zone_cm)
                  0000e73c    0000009c     obstacle_monitor.o (.text.ObstacleMonitor_Update_20ms)
                  0000e7d8    0000009c     balance_ball_control.o (.text.return_toward_zero)
                  0000e874    0000009a     libc.a : memcpy16.S.obj (.text:memcpy)
                  0000e90e    00000002     obstacle_avoidance.o (.text.ObstacleAvoidance_Update_20ms)
                  0000e910    00000098     balance_soft_limits.o (.text.BalanceSoftLimits_CancelRecalibration)
                  0000e9a8    00000098     imu.o (.text.mpu6050_write_reg)
                  0000ea40    00000094     car_controller.o (.text.CarController_StartTurnToYawRelative)
                  0000ead4    00000094     balance_ball_control.o (.text.command_offset)
                  0000eb68    00000090     car_controller.o (.text.CarController_ResetTransientState)
                  0000ebf8    0000008c     ti_msp_dl_config.o (.text.SYSCFG_DL_PWM_MOTOR_init)
                  0000ec84    0000008c     libclang_rt.builtins.a : mulsf3.S.obj (.text.__mulsf3)
                  0000ed10    0000008c     car_controller.o (.text.heading_imu_wait_or_fail)
                  0000ed9c    00000084     car_controller.o (.text.CarController_SetSafetyHold)
                  0000ee20    00000084     gimbal_stepper.o (.text.GimbalStepper_ConfirmZero)
                  0000eea4    00000084     motor.o (.text.Motor_Init)
                  0000ef28    00000082     libclang_rt.builtins.a : divsf3.S.obj (.text.__divsf3)
                  0000efaa    00000002     track_sensor.o (.text.TrackSensor_Init)
                  0000efac    00000080     car_controller.o (.text.CarController_StartDriveHeading)
                  0000f02c    00000080     motor.o (.text.Motor_Stop)
                  0000f0ac    0000007e     app.o (.text.App_Init)
                  0000f12a    00000002     vision_uart.o (.text.VisionUart_Process)
                  0000f12c    0000007c     balance_soft_limits.o (.text.BalanceSoftLimits_Enforce100usFromIsr)
                  0000f1a8    0000007c     libc.a : copy_decompress_lzss.c.obj (.text:decompress:lzss)
                  0000f224    00000078     balance_position_control.o (.text.BalancePositionControl_ResetFault)
                  0000f29c    00000078     oled.o (.text.oled_write_command)
                  0000f314    00000074     motor_control.o (.text.latch_control_error)
                  0000f388    00000070     gimbal_stepper.o (.text.GimbalStepper_Release)
                  0000f3f8    00000070     ti_msp_dl_config.o (.text.SYSCFG_DL_UART_VISION_init)
                  0000f468    0000006e     track_sensor.o (.text.TrackSensor_DetectTurn)
                  0000f4d6    00000002     libclang_rt.builtins.a : aeabi_div0.c.obj (.text.__aeabi_idiv0)
                  0000f4d8    00000068     mission_manager.o (.text.MissionManager_GetSelectedMissionIndex)
                  0000f540    00000068     car_controller.o (.text.set_output_speed)
                  0000f5a8    00000066     track_sensor.o (.text.TrackSensor_GetErrorFromRaw)
                  0000f60e    00000002     libclang_rt.builtins.a : aeabi_div0.c.obj (.text.__aeabi_ldiv0)
                  0000f610    00000064     balance_soft_limits.o (.text.BalanceSoftLimits_ResetPositionFault)
                  0000f674    00000064     mission_manager.o (.text.MissionManager_Start)
                  0000f6d8    00000062     app.o (.text.App_ResetToReady)
                  0000f73a    00000002     --HOLE-- [fill = 0]
                  0000f73c    00000062     libclang_rt.builtins.a : aeabi_fcmp.S.obj (.text.__aeabi_fcmp)
                  0000f79e    00000062     libc.a : memset16.S.obj (.text:memset)
                  0000f800    00000060     balance_position_control.o (.text.BalancePositionControl_Init)
                  0000f860    00000060     libclang_rt.builtins.a : fixsfdi.S.obj (.text.__fixsfdi)
                  0000f8c0    0000005c     ultrasonic.o (.text.Ultrasonic_Update_20ms)
                  0000f91c    0000005c     vision_receiver.o (.text.VisionReceiver_Init)
                  0000f978    0000005c     vision_protocol.o (.text.parse_u32)
                  0000f9d4    0000005c     car_controller.o (.text.speed_cmps_to_normalized_command)
                  0000fa30    0000005c     balance_soft_limits.o (.text.test_start_target)
                  0000fa8c    00000058     balance_encoder.o (.text.BalanceEncoder_Init)
                  0000fae4    00000058     mission_manager.o (.text.MissionManager_Init)
                  0000fb3c    00000058     oled.o (.text.OLED_PrintChar)
                  0000fb94    00000058     balance_ball_control.o (.text.ensure_tracking_started)
                  0000fbec    00000058     motion_action.o (.text.motion_action_start_imu_controller)
                  0000fc44    00000056     libclang_rt.builtins.a : aeabi_idivmod.S.obj (.text.__aeabi_idivmod)
                  0000fc9a    00000002     --HOLE-- [fill = 0]
                  0000fc9c    00000054     car_controller.o (.text.CarController_Stop)
                  0000fcf0    00000054     track_sensor.o (.text.TrackSensor_ReadRaw)
                  0000fd44    00000054     watchdog_monitor.o (.text.WatchdogMonitor_ApplyFaultIfNeeded)
                  0000fd98    00000054     menu.o (.text.menu_next_main_page)
                  0000fdec    00000050     balance_position_control.o (.text.BalancePositionControl_SetTrackingTarget)
                  0000fe3c    00000050     balance_soft_limits.o (.text.BalanceSoftLimits_GetSnapshot)
                  0000fe8c    00000050     ultrasonic.o (.text.Ultrasonic_Init)
                  0000fedc    00000050     watchdog_monitor.o (.text.WatchdogMonitor_Tick1msFromIsr)
                  0000ff2c    0000004e     libclang_rt.builtins.a : floatdisf.S.obj (.text.__floatdisf)
                  0000ff7a    00000002     --HOLE-- [fill = 0]
                  0000ff7c    0000004c     motor_control.o (.text.MotorControl_Stop)
                  0000ffc8    0000004c     libc.a : cpy_tbl.c.obj (.text.copy_in)
                  00010014    0000004c     vision_protocol.o (.text.state_is_valid)
                  00010060    0000004c     libc.a : autoinit.c.obj (.text:__TI_auto_init_nopinit)
                  000100ac    00000048     driverlib.a : dl_uart.o (.text.DL_UART_init)
                  000100f4    00000048     mission_manager.o (.text.MissionManager_Cancel)
                  0001013c    00000044     car_controller.o (.text.CarController_StartFollowLine)
                  00010180    00000044     emergency_stop.o (.text.EmergencyStop_Reset)
                  000101c4    00000044     encoder.o (.text.Encoder_GetAndClearPulseDeltas)
                  00010208    00000044     imu.o (.text.Imu_ResetYaw)
                  0001024c    00000044     mission_manager.o (.text.MissionManager_Reset)
                  00010290    00000044     servo.o (.text.Servo_Tick100us)
                  000102d4    00000044     vision_uart.o (.text.UART3_IRQHandler)
                  00010318    00000040     balance_ball_control.o (.text.BalanceBallControl_Enable)
                  00010358    00000040     balance_encoder.o (.text.BalanceEncoder_GetSnapshot)
                  00010398    00000040     balance_soft_limits.o (.text.BalanceSoftLimits_StopMotion)
                  000103d8    00000040     car_controller.o (.text.CarController_ResumeFollowLine)
                  00010418    00000040     fault.o (.text.Fault_Raise)
                  00010458    00000040     ti_msp_dl_config.o (.text.SYSCFG_DL_SYSCTL_init)
                  00010498    00000040     ti_msp_dl_config.o (.text.SYSCFG_DL_initPower)
                  000104d8    00000040     vision_receiver.o (.text.VisionReceiver_PushByteFromIsr)
                  00010518    00000040     libclang_rt.builtins.a : aeabi_uidivmod.S.obj (.text.__aeabi_uidivmod)
                  00010558    00000040     vision_protocol.o (.text.parse_confidence)
                  00010598    0000003e     libclang_rt.builtins.a : divmoddi4.c.obj (.text.__divmoddi4)
                  000105d6    00000002     --HOLE-- [fill = 0]
                  000105d8    0000003c     balance_ball_control.o (.text.BalanceBallControl_Init)
                  00010614    0000003c     mission_manager.o (.text.MissionManager_Resume)
                  00010650    0000003c     servo.o (.text.Servo_SetAngleDeg)
                  0001068c    0000003c     libclang_rt.builtins.a : floatsisf.S.obj (.text.__floatsisf)
                  000106c8    0000003c                            : comparesf2.S.obj (.text.__gtsf2)
                  00010704    0000003a                            : comparesf2.S.obj (.text.__eqsf2)
                  0001073e    00000002     --HOLE-- [fill = 0]
                  00010740    0000003a                            : muldsi3.S.obj (.text.__muldsi3)
                  0001077a    00000002     --HOLE-- [fill = 0]
                  0001077c    00000038     emergency_stop.o (.text.EmergencyStop_Trigger)
                  000107b4    00000038     libclang_rt.builtins.a : fixsfsi.S.obj (.text.__fixsfsi)
                  000107ec    00000034     balance_position_control.o (.text.BalancePositionControl_Cancel)
                  00010820    00000034     imu.o (.text.Imu_IsReady)
                  00010854    00000034     mission_library.o (.text.MissionLibrary_FindById)
                  00010888    00000032     oled.o (.text.OLED_PrintString)
                  000108ba    00000002     --HOLE-- [fill = 0]
                  000108bc    00000030     key.o (.text.Key_Init)
                  000108ec    00000030     line_controller.o (.text.LineController_ObserveSensors)
                  0001091c    00000030     watchdog_monitor.o (.text.WatchdogMonitor_Init)
                  0001094c    00000030     watchdog_monitor.o (.text.WatchdogMonitor_Reset)
                  0001097c    0000002c     balance_position_control.o (.text.BalancePositionControl_GetSnapshot)
                  000109a8    0000002c     balance_position_control.o (.text.BalancePositionControl_StartTracking)
                  000109d4    0000002c     encoder.o (.text.Encoder_Reset)
                  00010a00    0000002c     mission_manager.o (.text.MissionManager_Pause)
                  00010a2c    0000002c     track_sensor.o (.text.TrackSensor_CountBlack)
                  00010a58    00000028     balance_soft_limits.o (.text.BalanceSoftLimits_CancelTravelTest)
                  00010a80    00000028     driverlib.a : dl_flashctl.o (.text.DL_FlashCTL_programMemoryFromRAM64WithECCGenerated)
                  00010aa8    00000028     emergency_stop.o (.text.EmergencyStop_Enforce)
                  00010ad0    00000028     magnet.o (.text.Magnet_ForceOff)
                  00010af8    00000028     servo.o (.text.Servo_Init)
                  00010b20    00000028     libclang_rt.builtins.a : floatunsisf.S.obj (.text.__floatunsisf)
                  00010b48    00000028     libc.a : boot_cortex_m.c.obj (.text:_c_int00_noargs)
                  00010b70    00000024     balance_encoder.o (.text.BalanceEncoder_SampleSpeed10msFromIsr)
                  00010b94    00000024     balance_soft_limits.o (.text.BalanceSoftLimits_CancelOscillationTest)
                  00010bb8    00000024     gimbal_stepper.o (.text.GimbalStepper_GetFeedbackSnapshot)
                  00010bdc    00000024     mission_manager.o (.text.MissionManager_ReportExternalFailure)
                  00010c00    00000024     motor_control.o (.text.MotorControl_Init)
                  00010c24    00000024     motor_control.o (.text.MotorControl_Reset)
                  00010c48    00000024     oled.o (.text.OLED_ClearBuffer)
                  00010c6c    00000024     ti_msp_dl_config.o (.text.SYSCFG_DL_init)
                  00010c90    00000024     libclang_rt.builtins.a : muldi3.S.obj (.text.__muldi3)
                  00010cb4    00000020     driverlib.a : dl_timer.o (.text.DL_Timer_overrideCCPOut)
                  00010cd4    00000020     debug_telemetry.o (.text.DebugTelemetry_Update)
                  00010cf4    00000020     empty.o (.text.GROUP1_IRQHandler)
                  00010d14    00000020     magnet.o (.text.Magnet_Init)
                  00010d34    00000020     oled.o (.text.OLED_SetCursor)
                  00010d54    00000020     empty.o (.text.SchedulerMonitor_GetStats)
                  00010d74    00000020     vision_receiver.o (.text.VisionReceiver_GetProtocolErrorCount)
                  00010d94    00000020     mission_manager.o (.text.mission_finish_error)
                  00010db4    0000001e     libclang_rt.builtins.a : ashldi3.S.obj (.text.__ashldi3)
                  00010dd2    00000002     --HOLE-- [fill = 0]
                  00010dd4    0000001c     balance_ball_control.o (.text.BalanceBallControl_Disable)
                  00010df0    0000001c     balance_ball_control.o (.text.BalanceBallControl_ForceStop)
                  00010e0c    0000001c     balance_ball_control.o (.text.BalanceBallControl_GetSnapshot)
                  00010e28    0000001c     driverlib.a : dl_timer.o (.text.DL_Timer_setCaptCompUpdateMethod)
                  00010e44    0000001c                 : dl_timer.o (.text.DL_Timer_setClockConfig)
                  00010e60    0000001c     heading_control.o (.text.HeadingControl_SetTargetYaw)
                  00010e7c    0000001c     menu.o (.text.Menu_Init)
                  00010e98    0000001c     motion_action.o (.text.MotionAction_Cancel)
                  00010eb4    0000001c     obstacle_monitor.o (.text.ObstacleMonitor_Init)
                  00010ed0    0000001c     obstacle_safety.o (.text.ObstacleSafety_Init)
                  00010eec    0000001c     watchdog_monitor.o (.text.WatchdogMonitor_NotifyControlCycleComplete)
                  00010f08    0000001c     mission_manager.o (.text.mission_finish_success)
                  00010f24    00000018     driverlib.a : dl_flashctl.o (.text.DL_FlashCTL_eraseMemoryFromRAM)
                  00010f3c    00000018                 : dl_timer.o (.text.DL_Timer_setCaptureCompareOutCtl)
                  00010f54    00000018     debug_telemetry.o (.text.DebugTelemetry_Init)
                  00010f6c    00000018     heading_control.o (.text.HeadingControl_Init)
                  00010f84    00000018     heading_control.o (.text.HeadingControl_Reset)
                  00010f9c    00000018     menu.o (.text.Menu_ParamItemToString)
                  00010fb4    00000018     motion_action.o (.text.MotionAction_Init)
                  00010fcc    00000018     obstacle_avoidance.o (.text.ObstacleAvoidance_Init)
                  00010fe4    00000018     runtime_snapshot.o (.text.RuntimeSnapshot_Init)
                  00010ffc    00000016     libclang_rt.builtins.a : comparesf2.S.obj (.text.__unordsf2)
                  00011012    00000002     --HOLE-- [fill = 0]
                  00011014    00000014     fault.o (.text.Fault_Clear)
                  00011028    00000014     fault.o (.text.Fault_Init)
                  0001103c    00000014     gimbal_stepper.o (.text.GimbalStepper_SetStepHalfPeriodTicks)
                  00011050    00000014     heading_control.o (.text.HeadingControl_Enable)
                  00011064    00000014     mission_library.o (.text.MissionLibrary_GetByIndex)
                  00011078    00000014     mission_manager.o (.text.MissionManager_GetSelectedMissionId)
                  0001108c    00000014     vision_uart.o (.text.VisionUart_Init)
                  000110a0    00000014     libclang_rt.builtins.a : aeabi_ldivmod.S.obj (.text.__aeabi_ldivmod)
                  000110b4    00000014                            : aeabi_uldivmod.S.obj (.text.__aeabi_uldivmod)
                  000110c8    00000012     driverlib.a : dl_uart.o (.text.DL_UART_setClockConfig)
                  000110da    00000012     libc.a : copy_decompress_none.c.obj (.text:decompress:none)
                  000110ec    00000010     balance_position_control.o (.text.BalancePositionControl_HasFault)
                  000110fc    00000010     driverlib.a : dl_timer.o (.text.DL_Timer_setCaptureCompareValue)
                  0001110c    00000010     gimbal.o (.text.Gimbal_YawGetFeedback)
                  0001111c    00000010     key.o (.text.Key_GetEvent)
                  0001112c    00000010     libc.a : copy_zero_init.c.obj (.text:decompress:ZI)
                  0001113c    0000000c     balance_encoder.o (.text.BalanceEncoder_GetCountAtomic)
                  00011148    0000000c     balance_position_control.o (.text.BalancePositionControl_IsBusy)
                  00011154    0000000c     balance_soft_limits.o (.text.BalanceSoftLimits_IsCalibrationActive)
                  00011160    0000000c     balance_soft_limits.o (.text.BalanceSoftLimits_IsOscillationTestActive)
                  0001116c    0000000c     balance_soft_limits.o (.text.BalanceSoftLimits_IsTravelTestActive)
                  00011178    0000000c     car_controller.o (.text.CarController_GetRunMode)
                  00011184    0000000c     car_controller.o (.text.CarController_Init)
                  00011190    0000000c     car_controller.o (.text.CarController_IsSafetyHoldActive)
                  0001119c    0000000c     car_state.o (.text.CarState_Get)
                  000111a8    0000000c     car_state.o (.text.CarState_Init)
                  000111b4    0000000c     car_state.o (.text.CarState_Set)
                  000111c0    0000000c     emergency_stop.o (.text.EmergencyStop_Init)
                  000111cc    0000000c     emergency_stop.o (.text.EmergencyStop_IsActive)
                  000111d8    0000000c     imu.o (.text.Imu_GetCorrectedGyroZDps)
                  000111e4    0000000c     imu.o (.text.Imu_GetYaw)
                  000111f0    0000000c     menu.o (.text.Menu_GetPage)
                  000111fc    0000000c     menu.o (.text.Menu_GetParamItem)
                  00011208    0000000c     mission_manager.o (.text.MissionManager_IsExternallyHeld)
                  00011214    0000000c     mission_manager.o (.text.MissionManager_SetExternalHold)
                  00011220    0000000c     obstacle_avoidance.o (.text.ObstacleAvoidance_IsActive)
                  0001122c    0000000c     obstacle_avoidance.o (.text.ObstacleAvoidance_IsFailed)
                  00011238    0000000c     obstacle_safety.o (.text.ObstacleSafety_IsHolding)
                  00011244    0000000c     empty.o (.text.SystemTime_GetMs)
                  00011250    0000000c     watchdog_monitor.o (.text.WatchdogMonitor_HasTripped)
                  0001125c    0000000c     libclang_rt.builtins.a : aeabi_memset.S.obj (.text.__aeabi_memclr)
                  00011268    0000000a     driverlib.a : dl_common.o (.text.DL_Common_delayCycles)
                  00011272    0000000a     motion_action.o (.text.MotionAction_Resume)
                  0001127c    0000000a     motion_action.o (.text.MotionAction_Start)
                  00011286    0000000a     track_sensor.o (.text.TrackSensor_IsCenterDetected)
                  00011290    0000000a     track_sensor.o (.text.TrackSensor_IsLineDetected)
                  0001129a    0000000a     track_sensor.o (.text.TrackSensor_IsLineLost)
                  000112a4    00000008     balance_soft_limits.o (.text.BalanceSoftLimits_CancelPositionMove)
                  000112ac    00000008     balance_soft_limits.o (.text.BalanceSoftLimits_IsPositionMoveActive)
                  000112b4    00000008     bluetooth_uart.o (.text.BluetoothUart_GetRuntime)
                  000112bc    00000008     car_controller.o (.text.CarController_GetFeedback)
                  000112c4    00000008     fault.o (.text.Fault_GetRecord)
                  000112cc    00000008     gimbal_stepper.o (.text.GimbalStepper_GetFeedback)
                  000112d4    00000008     heading_control.o (.text.HeadingControl_GetRuntime)
                  000112dc    00000008     imu.o (.text.Imu_GetRuntime)
                  000112e4    00000008     line_controller.o (.text.LineController_GetRuntime)
                  000112ec    00000008     mission_manager.o (.text.MissionManager_GetMissionCount)
                  000112f4    00000008     mission_manager.o (.text.MissionManager_GetRuntime)
                  000112fc    00000008     motion_action.o (.text.MotionAction_GetRuntime)
                  00011304    00000008     motor_control.o (.text.MotorControl_GetRuntime)
                  0001130c    00000008     obstacle_avoidance.o (.text.ObstacleAvoidance_GetFeedback)
                  00011314    00000008     obstacle_monitor.o (.text.ObstacleMonitor_GetFeedback)
                  0001131c    00000008     oled_ui.o (.text.OledUi_Init)
                  00011324    00000008     runtime_snapshot.o (.text.RuntimeSnapshot_Get)
                  0001132c    00000008     servo.o (.text.Servo_GetFeedback)
                  00011334    00000008     ultrasonic.o (.text.Ultrasonic_GetFeedback)
                  0001133c    00000008     vision_receiver.o (.text.VisionReceiver_GetBallPositionObservation)
                  00011344    00000008     vision_receiver.o (.text.VisionReceiver_GetStatus)
                  0001134c    00000008     vision_tuning_console.o (.text.VisionTuningConsole_GetStatus)
                  00011354    00000008     watchdog_monitor.o (.text.WatchdogMonitor_GetStatus)
                  0001135c    00000008     wheel_speed_estimator.o (.text.WheelSpeedEstimator_GetRuntime)
                  00011364    00000008     libclang_rt.builtins.a : aeabi_memcpy.S.obj (.text.__aeabi_memcpy)
                  0001136c    00000006     libc.a : exit.c.obj (.text:abort)
                  00011372    00000004     libsysbm.a : hostexit.c.obj (.text.HOSTexit)
                  00011376    00000004     mission_library.o (.text.MissionLibrary_GetCount)
                  0001137a    00000004     obstacle_avoidance.o (.text.ObstacleAvoidance_IsResumeGraceActive)
                  0001137e    00000004     startup_mspm0g350x_ticlang.o (.text.Reset_Handler)
                  00011382    00000002     --HOLE-- [fill = 0]
                  00011384    00000010     libc.a : boot_cortex_m.c.obj (.tramp._c_int00_noargs.1)
                  00011394    00000004            : pre_init.c.obj (.text._system_pre_init)
                  00011398    00000010     driverlib.a : dl_flashctl.o (.tramp.DL_FlashCTL_executeCommandFromRAM.1)

.TI.ramfunc 
*          0    00011cd0    00000060     RUN ADDR = 20200fb0
                  00011cd0    00000060     driverlib.a : dl_flashctl.o (.TI.ramfunc)

.cinit     0    00011d30    00000030     
                  00011d30    0000000c     (__TI_handler_table)
                  00011d3c    00000008     (.cinit..bss.load) [load image, compression = zero_init]
                  00011d44    00000005     (.cinit..data.load) [load image, compression = lzss]
                  00011d49    00000003     --HOLE-- [fill = 0]
                  00011d4c    00000010     (__TI_cinit_table)
                  00011d5c    00000004     --HOLE-- [fill = 0]

.rodata    0    000113a8    00000928     
                  000113a8    000000d8     oled.o (.rodata..Lswitch.table.OLED_PrintChar)
                  00011480    00000048     mission_library.o (.rodata.g_missionCompetitionMain)
                  000114c8    00000048     mission_library.o (.rodata.g_missionTestDistance20)
                  00011510    00000048     mission_library.o (.rodata.g_missionTestLine)
                  00011558    00000048     mission_library.o (.rodata.g_missionTestTurn)
                  000115a0    00000040     mission_library.o (.rodata.g_missionRegistry)
                  000115e0    00000034     oled_ui.o (.rodata..Lswitch.table.print_balance_vision_rx_debug_page)
                  00011614    0000002c     oled_ui.o (.rodata..Lswitch.table.print_status_page)
                  00011640    00000020     menu.o (.rodata..Lswitch.table.Menu_ParamItemToString)
                  00011660    0000001c     oled_ui.o (.rodata..Lswitch.table.print_balance_stepper_test_page.198)
                  0001167c    0000001c     oled_ui.o (.rodata..Lswitch.table.print_drive_distance_page)
                  00011698    00000018     oled_ui.o (.rodata..Lswitch.table.print_balance_vision_page)
                  000116b0    00000018     oled_ui.o (.rodata..Lswitch.table.print_status_page.199)
                  000116c8    00000014     oled_ui.o (.rodata..Lswitch.table.print_balance_stepper_test_page.192)
                  000116dc    00000014     oled_ui.o (.rodata..Lswitch.table.print_balance_stepper_test_page.194)
                  000116f0    00000014     oled_ui.o (.rodata..Lswitch.table.print_status_page.200)
                  00011704    00000013     oled_ui.o (.rodata.str1.14774750633985060196.1)
                  00011717    00000011     oled_ui.o (.rodata.str1.14521350379984854626.1)
                  00011728    00000011     oled_ui.o (.rodata.str1.17763087492223448992.1)
                  00011739    00000011     oled_ui.o (.rodata.str1.9584387800903135389.1)
                  0001174a    00000002     ti_msp_dl_config.o (.rodata.gUART_VISIONClockConfig)
                  0001174c    00000010     oled_ui.o (.rodata..Lswitch.table.print_balance_stepper_test_page.195)
                  0001175c    00000010     balance_encoder.o (.rodata.cst16)
                  0001176c    00000010     oled_ui.o (.rodata.str1.12697925274637991987.1)
                  0001177c    00000010     oled_ui.o (.rodata.str1.9351772214919528733.1)
                  0001178c    00000010     oled_ui.o (.rodata.str1.9822857334037886482.1)
                  0001179c    0000000f     oled_ui.o (.rodata.str1.9229350655415085.1)
                  000117ab    0000000e     oled_ui.o (.rodata.str1.10416366799939242409.1)
                  000117b9    0000000e     oled_ui.o (.rodata.str1.10430294223631918979.1)
                  000117c7    0000000e     oled_ui.o (.rodata.str1.14711868471336838103.1)
                  000117d5    00000003     ti_msp_dl_config.o (.rodata.gPWM_MOTORClockConfig)
                  000117d8    0000000c     oled_ui.o (.rodata..Lswitch.table.print_balance_stepper_test_page.193)
                  000117e4    0000000c     oled_ui.o (.rodata..Lswitch.table.print_balance_stepper_test_page.196)
                  000117f0    0000000c     oled_ui.o (.rodata..Lswitch.table.print_balance_stepper_test_page)
                  000117fc    0000000c     oled_ui.o (.rodata..Lswitch.table.print_sensor_page)
                  00011808    0000000c     oled_ui.o (.rodata.str1.16290499236105125126.1)
                  00011814    0000000b     oled_ui.o (.rodata.str1.13882251010780863896.1)
                  0001181f    00000001     --HOLE-- [fill = 0]
                  00011820    0000000a     ti_msp_dl_config.o (.rodata.gUART_VISIONConfig)
                  0001182a    0000000a     mission_library.o (.rodata.str1.13636476544574750902.1)
                  00011834    0000000a     mission_library.o (.rodata.str1.15668266851434757964.1)
                  0001183e    0000000a     oled_ui.o (.rodata.str1.17540787658903907660.1)
                  00011848    0000000a     mission_library.o (.rodata.str1.199678142196697465.1)
                  00011852    0000000a     oled_ui.o (.rodata.str1.2608729314174233125.1)
                  0001185c    0000000a     oled_ui.o (.rodata.str1.9044019526854345694.1)
                  00011866    00000009     oled_ui.o (.rodata.str1.12043213579996415112.1)
                  0001186f    00000009     oled_ui.o (.rodata.str1.15917848551323629232.1)
                  00011878    00000009     oled_ui.o (.rodata.str1.4582914374586912483.1)
                  00011881    00000009     oled_ui.o (.rodata.str1.5965888106848176421.1)
                  0001188a    00000002     oled_ui.o (.rodata.str1.11178346780556493352.1)
                  0001188c    00000008     ti_msp_dl_config.o (.rodata.gPWM_MOTORConfig)
                  00011894    00000008     oled_ui.o (.rodata.str1.130772507669342127.1)
                  0001189c    00000008     oled_ui.o (.rodata.str1.14132186318895045592.1)
                  000118a4    00000008     oled_ui.o (.rodata.str1.17464849429964608858.1)
                  000118ac    00000008     oled_ui.o (.rodata.str1.18190418239766617312.1)
                  000118b4    00000008     oled_ui.o (.rodata.str1.1974573040514735405.1)
                  000118bc    00000007     oled_ui.o (.rodata.str1.13871579367539052597.1)
                  000118c3    00000007     mission_library.o (.rodata.str1.1440970855772709381.1)
                  000118ca    00000007     oled_ui.o (.rodata.str1.4610220316623841660.1)
                  000118d1    00000007     oled_ui.o (.rodata.str1.4723632947289500520.1)
                  000118d8    00000007     oled_ui.o (.rodata.str1.8709745090823444516.1)
                  000118df    00000007     oled_ui.o (.rodata.str1.9646571805098343045.1)
                  000118e6    00000006     oled_ui.o (.rodata.str1.10077435089618835710.1)
                  000118ec    00000006     oled_ui.o (.rodata.str1.1019225241002246410.1)
                  000118f2    00000006     oled_ui.o (.rodata.str1.11149198520117834688.1)
                  000118f8    00000006     oled_ui.o (.rodata.str1.11232419324784801130.1)
                  000118fe    00000006     oled_ui.o (.rodata.str1.11614055506586029288.1)
                  00011904    00000006     oled_ui.o (.rodata.str1.1445687256832830955.1)
                  0001190a    00000006     oled_ui.o (.rodata.str1.14748562464132904299.1)
                  00011910    00000006     oled_ui.o (.rodata.str1.15817398807211891688.1)
                  00011916    00000006     oled_ui.o (.rodata.str1.16133855533230012141.1)
                  0001191c    00000006     oled_ui.o (.rodata.str1.16411631209783952401.1)
                  00011922    00000006     oled_ui.o (.rodata.str1.17242430504649735449.1)
                  00011928    00000006     oled_ui.o (.rodata.str1.17436941090773226089.1)
                  0001192e    00000006     oled_ui.o (.rodata.str1.2656948373757303877.1)
                  00011934    00000006     oled_ui.o (.rodata.str1.3247264562726604308.1)
                  0001193a    00000006     oled_ui.o (.rodata.str1.4932371652560868037.1)
                  00011940    00000006     oled_ui.o (.rodata.str1.6835749436006845616.1)
                  00011946    00000006     oled_ui.o (.rodata.str1.8018480777946742726.1)
                  0001194c    00000006     oled_ui.o (.rodata.str1.8449035241871861290.1)
                  00011952    00000006     oled_ui.o (.rodata.str1.8783421139296713095.1)
                  00011958    00000006     oled_ui.o (.rodata.str1.9544068167406571052.1)
                  0001195e    00000006     oled_ui.o (.rodata.str1.9992244628984851027.1)
                  00011964    00000005     motion_action.o (.rodata..Lswitch.table.MotionAction_Update_20ms)
                  00011969    00000005     oled.o (.rodata.oled_get_glyph.colon)
                  0001196e    00000005     oled.o (.rodata.oled_get_glyph.eight)
                  00011973    00000005     oled.o (.rodata.oled_get_glyph.five)
                  00011978    00000005     oled.o (.rodata.oled_get_glyph.four)
                  0001197d    00000005     oled.o (.rodata.oled_get_glyph.glyphA)
                  00011982    00000005     oled.o (.rodata.oled_get_glyph.glyphB)
                  00011987    00000005     oled.o (.rodata.oled_get_glyph.glyphC)
                  0001198c    00000005     oled.o (.rodata.oled_get_glyph.glyphD)
                  00011991    00000005     oled.o (.rodata.oled_get_glyph.glyphE)
                  00011996    00000005     oled.o (.rodata.oled_get_glyph.glyphF)
                  0001199b    00000005     oled.o (.rodata.oled_get_glyph.glyphG)
                  000119a0    00000005     oled.o (.rodata.oled_get_glyph.glyphH)
                  000119a5    00000005     oled.o (.rodata.oled_get_glyph.glyphI)
                  000119aa    00000005     oled.o (.rodata.oled_get_glyph.glyphK)
                  000119af    00000005     oled.o (.rodata.oled_get_glyph.glyphL)
                  000119b4    00000005     oled.o (.rodata.oled_get_glyph.glyphM)
                  000119b9    00000005     oled.o (.rodata.oled_get_glyph.glyphN)
                  000119be    00000005     oled.o (.rodata.oled_get_glyph.glyphO)
                  000119c3    00000005     oled.o (.rodata.oled_get_glyph.glyphP)
                  000119c8    00000005     oled.o (.rodata.oled_get_glyph.glyphR)
                  000119cd    00000005     oled.o (.rodata.oled_get_glyph.glyphS)
                  000119d2    00000005     oled.o (.rodata.oled_get_glyph.glyphT)
                  000119d7    00000005     oled.o (.rodata.oled_get_glyph.glyphU)
                  000119dc    00000005     oled.o (.rodata.oled_get_glyph.glyphV)
                  000119e1    00000005     oled.o (.rodata.oled_get_glyph.glyphW)
                  000119e6    00000005     oled.o (.rodata.oled_get_glyph.glyphX)
                  000119eb    00000005     oled.o (.rodata.oled_get_glyph.glyphY)
                  000119f0    00000005     oled.o (.rodata.oled_get_glyph.glyphb)
                  000119f5    00000005     oled.o (.rodata.oled_get_glyph.gt)
                  000119fa    00000005     oled.o (.rodata.oled_get_glyph.minus)
                  000119ff    00000005     oled.o (.rodata.oled_get_glyph.nine)
                  00011a04    00000005     oled.o (.rodata.oled_get_glyph.one)
                  00011a09    00000005     oled.o (.rodata.oled_get_glyph.seven)
                  00011a0e    00000005     oled.o (.rodata.oled_get_glyph.six)
                  00011a13    00000005     oled.o (.rodata.oled_get_glyph.space)
                  00011a18    00000005     oled.o (.rodata.oled_get_glyph.three)
                  00011a1d    00000005     oled.o (.rodata.oled_get_glyph.two)
                  00011a22    00000005     oled.o (.rodata.oled_get_glyph.zero)
                  00011a27    00000005     oled_ui.o (.rodata.str1.10600688730180713177.1)
                  00011a2c    00000005     oled_ui.o (.rodata.str1.11049990970699464748.1)
                  00011a31    00000005     oled_ui.o (.rodata.str1.11388022865931857840.1)
                  00011a36    00000005     oled_ui.o (.rodata.str1.12182588061437138428.1)
                  00011a3b    00000005     oled_ui.o (.rodata.str1.12447783896598192203.1)
                  00011a40    00000005     oled_ui.o (.rodata.str1.12493748764729730277.1)
                  00011a45    00000005     oled_ui.o (.rodata.str1.12571791089077708471.1)
                  00011a4a    00000005     oled_ui.o (.rodata.str1.12595606217184830646.1)
                  00011a4f    00000005     oled_ui.o (.rodata.str1.12617122458660443890.1)
                  00011a54    00000005     oled_ui.o (.rodata.str1.13271657277589579873.1)
                  00011a59    00000005     oled_ui.o (.rodata.str1.14168333168339663346.1)
                  00011a5e    00000005     fault.o (.rodata.str1.14435905801345341244.1)
                  00011a63    00000005     fault.o (.rodata.str1.1506612114648992996.1)
                  00011a68    00000005     oled_ui.o (.rodata.str1.15132332204781002199.1)
                  00011a6d    00000005     oled_ui.o (.rodata.str1.15575624326185233262.1)
                  00011a72    00000005     oled_ui.o (.rodata.str1.15577080202403550426.1)
                  00011a77    00000005     oled_ui.o (.rodata.str1.15613891207764622616.1)
                  00011a7c    00000005     oled_ui.o (.rodata.str1.15802367878353263018.1)
                  00011a81    00000005     oled_ui.o (.rodata.str1.15829239520183577662.1)
                  00011a86    00000005     oled_ui.o (.rodata.str1.16526439943277383452.1)
                  00011a8b    00000005     oled_ui.o (.rodata.str1.16635595130967924751.1)
                  00011a90    00000005     oled_ui.o (.rodata.str1.16939060351352778619.1)
                  00011a95    00000005     fault.o (.rodata.str1.17097894860660336008.1)
                  00011a9a    00000005     fault.o (.rodata.str1.17155043670132108083.1)
                  00011a9f    00000005     oled_ui.o (.rodata.str1.17678525341650131470.1)
                  00011aa4    00000005     oled_ui.o (.rodata.str1.17717236995185551183.1)
                  00011aa9    00000005     oled_ui.o (.rodata.str1.17763996158807330232.1)
                  00011aae    00000005     oled_ui.o (.rodata.str1.17884296644359297425.1)
                  00011ab3    00000005     oled_ui.o (.rodata.str1.18128648927899109887.1)
                  00011ab8    00000005     fault.o (.rodata.str1.2104670281202025270.1)
                  00011abd    00000005     oled_ui.o (.rodata.str1.2193316011307952170.1)
                  00011ac2    00000005     oled_ui.o (.rodata.str1.2308938766145545715.1)
                  00011ac7    00000005     oled_ui.o (.rodata.str1.2522137003438374266.1)
                  00011acc    00000005     oled_ui.o (.rodata.str1.270145429241168923.1)
                  00011ad1    00000005     oled_ui.o (.rodata.str1.2714695401222167146.1)
                  00011ad6    00000005     oled_ui.o (.rodata.str1.344790106308886506.1)
                  00011adb    00000005     oled_ui.o (.rodata.str1.3455423528827705371.1)
                  00011ae0    00000005     fault.o (.rodata.str1.4453281041433270631.1)
                  00011ae5    00000005     fault.o (.rodata.str1.4549004730087743662.1)
                  00011aea    00000005     oled_ui.o (.rodata.str1.4581472623415959594.1)
                  00011aef    00000005     menu.o (.rodata.str1.4862307748908978627.1)
                  00011af4    00000005     oled_ui.o (.rodata.str1.5376340479846291137.1)
                  00011af9    00000005     oled_ui.o (.rodata.str1.5463568455719735.1)
                  00011afe    00000005     oled_ui.o (.rodata.str1.5948326995020184415.1)
                  00011b03    00000005     oled_ui.o (.rodata.str1.5965450730569173784.1)
                  00011b08    00000005     fault.o (.rodata.str1.6372787129294360447.1)
                  00011b0d    00000005     oled_ui.o (.rodata.str1.6398192001994169976.1)
                  00011b12    00000005     fault.o (.rodata.str1.6437946768974223044.1)
                  00011b17    00000005     oled_ui.o (.rodata.str1.6806727740681590176.1)
                  00011b1c    00000005     oled_ui.o (.rodata.str1.6954814719705590448.1)
                  00011b21    00000005     oled_ui.o (.rodata.str1.7050595558965647569.1)
                  00011b26    00000005     oled_ui.o (.rodata.str1.7205245123442117851.1)
                  00011b2b    00000005     oled_ui.o (.rodata.str1.7481335054564682966.1)
                  00011b30    00000005     oled_ui.o (.rodata.str1.7774807581888385879.1)
                  00011b35    00000005     oled_ui.o (.rodata.str1.799718701096035713.1)
                  00011b3a    00000005     oled_ui.o (.rodata.str1.8124536758062367015.1)
                  00011b3f    00000005     fault.o (.rodata.str1.8185770893384132067.1)
                  00011b44    00000005     oled_ui.o (.rodata.str1.8426569189266129334.1)
                  00011b49    00000005     oled_ui.o (.rodata.str1.8471462185882660445.1)
                  00011b4e    00000005     oled_ui.o (.rodata.str1.8693388333057100694.1)
                  00011b53    00000005     oled_ui.o (.rodata.str1.9250665025187963892.1)
                  00011b58    00000005     oled_ui.o (.rodata.str1.9611283282870761829.1)
                  00011b5d    00000004     oled_ui.o (.rodata.str1.10263419832828250601.1)
                  00011b61    00000004     oled_ui.o (.rodata.str1.10568433575767188072.1)
                  00011b65    00000004     oled_ui.o (.rodata.str1.10907125332684471422.1)
                  00011b69    00000004     oled_ui.o (.rodata.str1.11428648044669318875.1)
                  00011b6d    00000004     oled_ui.o (.rodata.str1.11627403558423016802.1)
                  00011b71    00000004     oled_ui.o (.rodata.str1.11794000050372113979.1)
                  00011b75    00000004     oled_ui.o (.rodata.str1.12359577037488465078.1)
                  00011b79    00000004     oled_ui.o (.rodata.str1.12504350857748951577.1)
                  00011b7d    00000004     oled_ui.o (.rodata.str1.1276391367487699528.1)
                  00011b81    00000004     oled_ui.o (.rodata.str1.12888220461447056082.1)
                  00011b85    00000004     oled_ui.o (.rodata.str1.12928245060369742404.1)
                  00011b89    00000004     oled_ui.o (.rodata.str1.13244290092665904221.1)
                  00011b8d    00000004     oled_ui.o (.rodata.str1.13567883086814673087.1)
                  00011b91    00000004     fault.o (.rodata.str1.13582094816268305212.1)
                  00011b95    00000004     oled_ui.o (.rodata.str1.13750180467131823662.1)
                  00011b99    00000004     oled_ui.o (.rodata.str1.13790669171379415506.1)
                  00011b9d    00000004     oled_ui.o (.rodata.str1.13892659840332223045.1)
                  00011ba1    00000004     oled_ui.o (.rodata.str1.14142815821055334776.1)
                  00011ba5    00000004     oled_ui.o (.rodata.str1.14556837007311414654.1)
                  00011ba9    00000004     oled_ui.o (.rodata.str1.14675223611663555778.1)
                  00011bad    00000004     oled_ui.o (.rodata.str1.14740362735394205067.1)
                  00011bb1    00000004     oled_ui.o (.rodata.str1.15008238333949226094.1)
                  00011bb5    00000004     menu.o (.rodata.str1.16312125044762562515.1)
                  00011bb9    00000004     fault.o (.rodata.str1.16482347271627360806.1)
                  00011bbd    00000004     oled_ui.o (.rodata.str1.16496169091617228061.1)
                  00011bc1    00000004     oled_ui.o (.rodata.str1.16554583589798097927.1)
                  00011bc5    00000004     oled_ui.o (.rodata.str1.16849766574302683489.1)
                  00011bc9    00000004     oled_ui.o (.rodata.str1.16895433903389883335.1)
                  00011bcd    00000004     oled_ui.o (.rodata.str1.16931641404301806744.1)
                  00011bd1    00000004     menu.o (.rodata.str1.17041139162815566052.1)
                  00011bd5    00000004     oled_ui.o (.rodata.str1.17067061841413117831.1)
                  00011bd9    00000004     oled_ui.o (.rodata.str1.17274519358952562110.1)
                  00011bdd    00000004     oled_ui.o (.rodata.str1.182352409660151230.1)
                  00011be1    00000004     oled_ui.o (.rodata.str1.18266126048138325213.1)
                  00011be5    00000004     oled_ui.o (.rodata.str1.18379317056176403938.1)
                  00011be9    00000004     oled_ui.o (.rodata.str1.2002540315216928218.1)
                  00011bed    00000004     oled_ui.o (.rodata.str1.3407221357956504873.1)
                  00011bf1    00000004     oled_ui.o (.rodata.str1.3467953211977455017.1)
                  00011bf5    00000004     oled_ui.o (.rodata.str1.3702290527496711532.1)
                  00011bf9    00000004     oled_ui.o (.rodata.str1.4082595774073207366.1)
                  00011bfd    00000004     oled_ui.o (.rodata.str1.4193589846040060630.1)
                  00011c01    00000004     oled_ui.o (.rodata.str1.4551794666512319153.1)
                  00011c05    00000004     oled_ui.o (.rodata.str1.4581686099848791648.1)
                  00011c09    00000004     menu.o (.rodata.str1.4646809750356241979.1)
                  00011c0d    00000004     oled_ui.o (.rodata.str1.4691821198597473371.1)
                  00011c11    00000004     oled_ui.o (.rodata.str1.5004483696121082904.1)
                  00011c15    00000004     oled_ui.o (.rodata.str1.5291836437463020264.1)
                  00011c19    00000004     oled_ui.o (.rodata.str1.5689016102676777062.1)
                  00011c1d    00000004     oled_ui.o (.rodata.str1.5853739094453432564.1)
                  00011c21    00000004     oled_ui.o (.rodata.str1.58703915094955230.1)
                  00011c25    00000004     oled_ui.o (.rodata.str1.6350830172869379626.1)
                  00011c29    00000004     oled_ui.o (.rodata.str1.6473435968988645044.1)
                  00011c2d    00000004     oled_ui.o (.rodata.str1.6744096065564390185.1)
                  00011c31    00000004     oled_ui.o (.rodata.str1.7185587941321649510.1)
                  00011c35    00000004     oled_ui.o (.rodata.str1.7219546930854689545.1)
                  00011c39    00000004     fault.o (.rodata.str1.7255546073596598018.1)
                  00011c3d    00000004     oled_ui.o (.rodata.str1.7419768602719733415.1)
                  00011c41    00000004     oled_ui.o (.rodata.str1.763101100280173925.1)
                  00011c45    00000004     oled_ui.o (.rodata.str1.8236579331345056500.1)
                  00011c49    00000004     oled_ui.o (.rodata.str1.8399051469953744892.1)
                  00011c4d    00000004     oled_ui.o (.rodata.str1.8403269972884532600.1)
                  00011c51    00000004     oled_ui.o (.rodata.str1.8460525935980491721.1)
                  00011c55    00000004     oled_ui.o (.rodata.str1.8615431116298670950.1)
                  00011c59    00000004     oled_ui.o (.rodata.str1.9102528229756940648.1)
                  00011c5d    00000004     oled_ui.o (.rodata.str1.9135818829835424837.1)
                  00011c61    00000004     oled_ui.o (.rodata.str1.9159586779647977165.1)
                  00011c65    00000004     oled_ui.o (.rodata.str1.9295666102996717355.1)
                  00011c69    00000004     menu.o (.rodata.str1.9546740394641817443.1)
                  00011c6d    00000004     oled_ui.o (.rodata.str1.967006512144173535.1)
                  00011c71    00000004     oled_ui.o (.rodata.str1.9854382722193312766.1)
                  00011c75    00000003     oled_ui.o (.rodata.str1.10163600690795753232.1)
                  00011c78    00000003     oled_ui.o (.rodata.str1.10509309789429088155.1)
                  00011c7b    00000003     oled_ui.o (.rodata.str1.1108652269057166745.1)
                  00011c7e    00000003     menu.o (.rodata.str1.12110183915172842339.1)
                  00011c81    00000003     oled_ui.o (.rodata.str1.12983537867572525563.1)
                  00011c84    00000003     menu.o (.rodata.str1.13124720451672825294.1)
                  00011c87    00000003     oled_ui.o (.rodata.str1.13875148296791986931.1)
                  00011c8a    00000003     menu.o (.rodata.str1.14098755746347272832.1)
                  00011c8d    00000003     oled_ui.o (.rodata.str1.14134189893851348960.1)
                  00011c90    00000003     oled_ui.o (.rodata.str1.14265077442249237877.1)
                  00011c93    00000003     oled_ui.o (.rodata.str1.14358698208395374265.1)
                  00011c96    00000003     oled_ui.o (.rodata.str1.15859922799842739878.1)
                  00011c99    00000003     oled_ui.o (.rodata.str1.15935041339501476673.1)
                  00011c9c    00000003     oled_ui.o (.rodata.str1.17719310104486814868.1)
                  00011c9f    00000003     oled_ui.o (.rodata.str1.17747339173178619492.1)
                  00011ca2    00000003     oled_ui.o (.rodata.str1.17812014771544466701.1)
                  00011ca5    00000003     oled_ui.o (.rodata.str1.17881291656140238186.1)
                  00011ca8    00000003     oled_ui.o (.rodata.str1.240075016795266086.1)
                  00011cab    00000003     oled_ui.o (.rodata.str1.2603845803395459882.1)
                  00011cae    00000003     oled_ui.o (.rodata.str1.2742282290834473644.1)
                  00011cb1    00000003     oled_ui.o (.rodata.str1.2983744876309220570.1)
                  00011cb4    00000003     oled_ui.o (.rodata.str1.35417727660486075.1)
                  00011cb7    00000003     oled_ui.o (.rodata.str1.4402311448527872260.1)
                  00011cba    00000003     menu.o (.rodata.str1.6857549598058878762.1)
                  00011cbd    00000003     fault.o (.rodata.str1.8193046109637024842.1)
                  00011cc0    00000003     oled_ui.o (.rodata.str1.8703997732205428909.1)
                  00011cc3    00000003     oled_ui.o (.rodata.str1.8950259614286592359.1)
                  00011cc6    00000003     oled_ui.o (.rodata.str1.9554470707595806150.1)
                  00011cc9    00000002     oled_ui.o (.rodata.str1.3025253791635144717.1)
                  00011ccb    00000005     --HOLE-- [fill = 0]

.init_array 
*          0    00000000    00000000     UNINITIALIZED

.binit     0    00011d60    00000010     
                  00011d60    00000010     (.binit)

.TI.bound:g_balanceCalibrationReservedSector 
*          0    0001fc00    00000400     
                  0001fc00    00000400     balance_calibration_store.o (.TI.bound:g_balanceCalibrationReservedSector)

.bss       0    20200000    00000fab     UNINITIALIZED
                  20200000    00000400     oled.o (.bss.g_oledFrame)
                  20200400    00000200     vision_receiver.o (.bss.g_ring)
                  20200600    000001d0     runtime_snapshot.o (.bss.g_snapshot)
                  202007d0    00000110     (.common:g_appConfig)
                  202008e0    00000084     (.common:g_imuRuntime)
                  20200964    0000007c     motor_control.o (.bss.g_runtime)
                  202009e0    00000070     (.common:g_appRuntime)
                  20200a50    00000060     vision_receiver.o (.bss.g_line)
                  20200ab0    0000005c     balance_soft_limits.o (.bss.g_runtime)
                  20200b0c    00000058     vision_receiver.o (.bss.g_status)
                  20200b64    00000004     imu.o (.bss.g_elapsedSinceValidSampleMs)
                  20200b68    00000058     (.common:g_wheelSpeedEstimatorRuntime)
                  20200bc0    00000040     gimbal.o (.bss.g_feedback)
                  20200c00    00000040     line_controller.o (.bss.g_lineRuntime)
                  20200c40    0000003c     balance_position_control.o (.bss.g_runtime)
                  20200c7c    00000030     balance_ball_control.o (.bss.g_runtime)
                  20200cac    00000030     (.common:gUART_VISIONBackup)
                  20200cdc    0000002c     vision_receiver.o (.bss.g_observation)
                  20200d08    0000002c     empty.o (.bss.g_schedulerStats)
                  20200d34    00000028     vision_receiver.o (.bss.g_ballPositionObservation)
                  20200d5c    00000020     bluetooth_uart.o (.bss.g_runtime)
                  20200d7c    0000001c     mission_manager.o (.bss.g_missionRuntime)
                  20200d98    0000001c     balance_encoder.o (.bss.g_runtime)
                  20200db4    0000001c     (.common:g_headingRuntime)
                  20200dd0    00000018     obstacle_avoidance.o (.bss.g_avoidFeedback)
                  20200de8    00000018     gimbal_stepper.o (.bss.g_feedback)
                  20200e00    00000018     vision_tuning_console.o (.bss.g_status)
                  20200e18    00000014     motion_action.o (.bss.g_motionActionRuntime)
                  20200e2c    00000014     watchdog_monitor.o (.bss.g_status)
                  20200e40    00000010     fault.o (.bss.g_faultRecord)
                  20200e50    00000010     motor.o (.bss.g_motorRuntime)
                  20200e60    0000000e     car_controller.o (.bss.g_carControllerFeedback)
                  20200e6e    00000002     ultrasonic.o (.bss.g_echoTicks)
                  20200e70    0000000e     ultrasonic.o (.bss.g_ultrasonicFeedback)
                  20200e7e    00000002     balance_ball_control.o (.bss.g_lastPositionMm)
                  20200e80    0000000c     magnet.o (.bss.g_runtime)
                  20200e8c    0000000c     debug_telemetry.o (.bss.g_status)
                  20200e98    0000000c     balance_soft_limits.o (.bss.g_storedLimits)
                  20200ea4    00000004     balance_position_control.o (.bss.g_lastEncoderCount)
                  20200ea8    00000008     balance_position_control.o (.bss.g_lastStepCount)
                  20200eb0    00000008     balance_position_control.o (.bss.g_moveStartStepCount)
                  20200eb8    00000008     obstacle_monitor.o (.bss.g_obstacleFeedback)
                  20200ec0    00000008     gimbal_stepper.o (.bss.g_stepperEstimatedSteps)
                  20200ec8    00000008     gimbal_stepper.o (.bss.g_stepperTargetEstimatedSteps)
                  20200ed0    00000008     gimbal.o (.bss.g_yawContinuousDegX10)
                  20200ed8    00000008     gimbal.o (.bss.g_yawLockedWorldYawDegX10)
                  20200ee0    00000008     gimbal.o (.bss.g_yawTargetContinuousDegX10)
                  20200ee8    00000008     gimbal.o (.bss.g_yawWorldTargetDegX10)
                  20200ef0    00000008     gimbal.o (.bss.g_yawWrappedDegX10)
                  20200ef8    00000006     ultrasonic.o (.bss.g_distanceSamples)
                  20200efe    00000006     key.o (.bss.g_key1)
                  20200f04    00000006     key.o (.bss.g_key2)
                  20200f0a    00000006     key.o (.bss.g_key3)
                  20200f10    00000004     debug_telemetry.o (.bss.g_lastFrameMs)
                  20200f14    00000004     balance_ball_control.o (.bss.g_lastObservationUpdateCount)
                  20200f18    00000004     balance_ball_control.o (.bss.g_lastPositionTimeMs)
                  20200f1c    00000004     balance_calibration_store.o (.bss.g_lastSequence)
                  20200f20    00000004     balance_ball_control.o (.bss.g_lastSessionId)
                  20200f24    00000004     vision_receiver.o (.bss.g_lastSourceTimestampMs)
                  20200f28    00000004     watchdog_monitor.o (.bss.g_lastTickMs)
                  20200f2c    00000004     wheel_speed_estimator.o (.bss.g_latchedErrorFlags)
                  20200f30    00000004     vision_receiver.o (.bss.g_localSessionId)
                  20200f34    00000004     empty.o (.bss.g_localTimeMs)
                  20200f38    00000004     encoder.o (.bss.g_motorAPulses)
                  20200f3c    00000004     encoder.o (.bss.g_motorBPulses)
                  20200f40    00000004     balance_position_control.o (.bss.g_moveStartEncoderCount)
                  20200f44    00000004     imu.o (.bss.g_previousValidCorrectedGyroZDps)
                  20200f48    00000004     mission_manager.o (.bss.g_selectedDefinition)
                  20200f4c    00000004     servo.o (.bss.g_servoFeedback)
                  20200f50    00000004     balance_encoder.o (.bss.g_speedLastCount)
                  20200f54    00000004     balance_position_control.o (.bss.g_startSoftLimitClampCount)
                  20200f58    00000004     gimbal_stepper.o (.bss.g_stepperCompletedSteps)
                  20200f5c    00000004     gimbal.o (.bss.g_yawCommandedRpm)
                  20200f60    00000004     gimbal.o (.bss.g_yawTargetRpm)
                  20200f64    00000004     empty.o (.bss.main.lastAppUpdateMs)
                  20200f68    00000002     vision_receiver.o (.bss.g_lineSize)
                  20200f6a    00000002     vision_receiver.o (.bss.g_ringHead)
                  20200f6c    00000002     vision_receiver.o (.bss.g_ringTail)
                  20200f6e    00000002     servo.o (.bss.g_servoPwmPhase)
                  20200f70    00000002     ultrasonic.o (.bss.g_stateTicks)
                  20200f72    00000002     gimbal_stepper.o (.bss.g_stepperHalfPeriodTicks)
                  20200f74    00000002     gimbal_stepper.o (.bss.g_stepperStepHalfPeriodTicks)
                  20200f76    00000002     (.common:g_trackError)
                  20200f78    00000001     oled_ui.o (.bss.OledUi_Update_20ms.flushRow)
                  20200f79    00000001     oled_ui.o (.bss.OledUi_Update_20ms.refreshDivider)
                  20200f7a    00000001     empty.o (.bss.SysTick_Handler.balanceEncoderSpeedMsCount)
                  20200f7b    00000001     empty.o (.bss.SysTick_Handler.controlMsCount)
                  20200f7c    00000001     empty.o (.bss.SysTick_Handler.tick100usCount)
                  20200f7d    00000001     ultrasonic.o (.bss.Ultrasonic_Update_20ms.triggerDivider)
                  20200f7e    00000001     empty.o (.bss.g_appUpdatePending)
                  20200f7f    00000001     car_state.o (.bss.g_carState)
                  20200f80    00000001     obstacle_monitor.o (.bss.g_centerSettleTicks)
                  20200f81    00000001     vision_receiver.o (.bss.g_discardUntilNewline)
                  20200f82    00000001     ultrasonic.o (.bss.g_distanceSampleCount)
                  20200f83    00000001     ultrasonic.o (.bss.g_distanceSampleIndex)
                  20200f84    00000001     emergency_stop.o (.bss.g_emergencyStopActive)
                  20200f85    00000001     watchdog_monitor.o (.bss.g_faultApplied)
                  20200f86    00000001     watchdog_monitor.o (.bss.g_faultPending)
                  20200f87    00000001     imu.o (.bss.g_integrationHistoryValid)
                  20200f88    00000001     wheel_speed_estimator.o (.bss.g_leftFilterInitialized)
                  20200f89    00000001     obstacle_safety.o (.bss.g_obstacleSafetyHolding)
                  20200f8a    00000001     oled.o (.bss.g_oledColumn)
                  20200f8b    00000001     menu.o (.bss.g_oledPage)
                  20200f8c    00000001     oled.o (.bss.g_oledPage)
                  20200f8d    00000001     encoder.o (.bss.g_overflowFlags)
                  20200f8e    00000001     menu.o (.bss.g_paramItem)
                  20200f8f    00000001     menu.o (.bss.g_paramReturnPage)
                  20200f90    00000001     key.o (.bss.g_pendingEvent)
                  20200f91    00000001     mission_manager.o (.bss.g_resumeCurrentAction)
                  20200f92    00000001     wheel_speed_estimator.o (.bss.g_rightFilterInitialized)
                  20200f93    00000001     car_controller.o (.bss.g_safetyHold)
                  20200f94    00000001     imu.o (.bss.g_shortGapPending)
                  20200f95    00000001     gimbal_stepper.o (.bss.g_stepperDirection)
                  20200f96    00000001     gimbal_stepper.o (.bss.g_stepperRunning)
                  20200f97    00000001     gimbal_stepper.o (.bss.g_stepperStepHigh)
                  20200f98    00000001     gimbal_stepper.o (.bss.g_stepperStopAfterStepLow)
                  20200f99    00000001     balance_soft_limits.o (.bss.g_storedLimitsValid)
                  20200f9a    00000001     motor_control.o (.bss.g_targetRefreshed)
                  20200f9b    00000001     mission_manager.o (.bss.g_transientActionActive)
                  20200f9c    00000001     ultrasonic.o (.bss.g_triggerRequest)
                  20200f9d    00000001     ultrasonic.o (.bss.g_ultrasonicState)
                  20200f9e    00000001     balance_ball_control.o (.bss.g_velocityInitialized)
                  20200f9f    00000001     gimbal.o (.bss.g_yawLimitClamped)
                  20200fa0    00000001     gimbal.o (.bss.g_yawLimitDirection)
                  20200fa1    00000001     gimbal.o (.bss.g_yawPositionValid)
                  20200fa2    00000001     gimbal.o (.bss.g_yawWorldLockEnabled)
                  20200fa3    00000001     (.common:g_carStateDebug)
                  20200fa4    00000001     (.common:g_keyEvent)
                  20200fa5    00000001     (.common:g_oledPageDebug)
                  20200fa6    00000001     (.common:g_paramItemDebug)
                  20200fa7    00000001     (.common:g_trackBlackCount)
                  20200fa8    00000001     (.common:g_trackModeDebug)
                  20200fa9    00000001     (.common:g_trackRaw)
                  20200faa    00000001     (.common:g_trackTurnDebug)

.data      0    20200fab    00000001     UNINITIALIZED
                  20200fab    00000001     car_controller.o (.data.g_followTurnPolicy)

.stack     0    20207e00    00000200     UNINITIALIZED
                  20207e00    00000004     libc.a : boot_cortex_m.c.obj (.stack)
                  20207e04    000001fc     --HOLE--

__llvm_prf_cnts 
*          0    20200000    00000000     UNINITIALIZED

__llvm_prf_bits 
*          0    20200000    00000000     UNINITIALIZED

MODULE SUMMARY

       Module                         code    ro data   rw data
       ------                         ----    -------   -------
    .\
       oled_ui.o                      20776   1369      2      
       imu.o                          5156    0         142    
       car_controller.o               4412    0         128    
       oled.o                         2006    406       1026   
       balance_soft_limits.o          3256    0         105    
       motor_control.o                2768    0         125    
       vision_receiver.o              1908    0         795    
       app_config.o                   2156    0         272    
       line_controller.o              2196    0         64     
       balance_calibration_store.o    1140    1024      4      
       balance_position_control.o     1824    0         88     
       menu.o                         1688    65        3      
       runtime_snapshot.o             1212    0         464    
       vision_protocol.o              1580    0         0      
       mission_manager.o              1472    0         34     
       balance_ball_control.o         1376    0         63     
       motion_action.o                1400    5         20     
       wheel_speed_estimator.o        1292    0         94     
       gimbal_stepper.o               1280    0         52     
       gimbal.o                       896     0         116    
       mission_library.o              560     389       0      
       motor.o                        776     0         16     
       ti_msp_dl_config.o             672     23        48     
       app.o                          640     0         10     
       ultrasonic.o                   596     0         29     
       empty.o                        480     0         56     
       key.o                          436     0         19     
       balance_encoder.o              404     16        32     
       fault.o                        312     65        16     
       track_sensor.o                 372     0         0      
       heading_control.o              340     0         28     
       watchdog_monitor.o             308     0         26     
       encoder.o                      276     0         9      
       obstacle_safety.o              272     0         1      
       obstacle_monitor.o             192     0         9      
       startup_mspm0g350x_ticlang.o   6       192       0      
       angle_utils.o                  192     0         0      
       emergency_stop.o               188     0         1      
       servo.o                        176     0         6      
       vision_uart.o                  90      0         0      
       obstacle_avoidance.o           62      0         24     
       magnet.o                       72      0         12     
       debug_telemetry.o              56      0         16     
       bluetooth_uart.o               8       0         32     
       car_state.o                    36      0         1      
       vision_tuning_console.o        8       0         24     
    +--+------------------------------+-------+---------+---------+
       Total:                         67324   3554      4012   
                                                               
    C:/TI/mspm0_sdk_2_05_01_00/source/ti/driverlib/lib/ticlang/m0p/mspm0g1x0x_g3x0x/driverlib.a
       dl_flashctl.o                  488     0         0      
       dl_timer.o                     388     0         0      
       dl_uart.o                      90      0         0      
       dl_common.o                    10      0         0      
    +--+------------------------------+-------+---------+---------+
       Total:                         976     0         0      
                                                               
    D:\TI\CCS\ccs\tools\compiler\ti-cgt-armllvm_4.0.4.LTS\lib\armv6m-ti-none-eabi/c/libc.a
       memcpy16.S.obj                 154     0         0      
       copy_decompress_lzss.c.obj     124     0         0      
       memset16.S.obj                 98      0         0      
       autoinit.c.obj                 76      0         0      
       cpy_tbl.c.obj                  76      0         0      
       boot_cortex_m.c.obj            56      0         0      
       copy_decompress_none.c.obj     18      0         0      
       copy_zero_init.c.obj           16      0         0      
       exit.c.obj                     6       0         0      
       pre_init.c.obj                 4       0         0      
    +--+------------------------------+-------+---------+---------+
       Total:                         628     0         0      
                                                               
    D:\TI\CCS\ccs\tools\compiler\ti-cgt-armllvm_4.0.4.LTS\lib\armv6m-ti-none-eabi/c/libsysbm.a
       hostexit.c.obj                 4       0         0      
    +--+------------------------------+-------+---------+---------+
       Total:                         4       0         0      
                                                               
    D:\TI\CCS\ccs\tools\compiler\ti-cgt-armllvm_4.0.4.LTS\lib\armv6m-ti-none-eabi/libclang_rt.builtins.a
       addsf3.S.obj                   216     0         0      
       udivmoddi4.S.obj               162     0         0      
       comparesf2.S.obj               140     0         0      
       mulsf3.S.obj                   140     0         0      
       divsf3.S.obj                   130     0         0      
       aeabi_fcmp.S.obj               98      0         0      
       fixsfdi.S.obj                  96      0         0      
       aeabi_idivmod.S.obj            86      0         0      
       floatdisf.S.obj                78      0         0      
       aeabi_uidivmod.S.obj           64      0         0      
       divmoddi4.c.obj                62      0         0      
       floatsisf.S.obj                60      0         0      
       muldsi3.S.obj                  58      0         0      
       fixsfsi.S.obj                  56      0         0      
       floatunsisf.S.obj              40      0         0      
       muldi3.S.obj                   36      0         0      
       ashldi3.S.obj                  30      0         0      
       aeabi_ldivmod.S.obj            20      0         0      
       aeabi_uldivmod.S.obj           20      0         0      
       aeabi_memset.S.obj             12      0         0      
       aeabi_memcpy.S.obj             8       0         0      
       aeabi_div0.c.obj               4       0         0      
    +--+------------------------------+-------+---------+---------+
       Total:                         1616    0         0      
                                                               
       Stack:                         0       0         512    
       Linker Generated:              0       57        0      
    +--+------------------------------+-------+---------+---------+
       Grand Total:                   70548   3611      4524   


LINKER GENERATED COPY TABLES

__TI_cinit_table @ 00011d4c records: 2, size/record: 8, table size: 16
	.bss: load addr=00011d3c, load size=00000008 bytes, run addr=20200000, run size=00000fab bytes, compression=zero_init
	.data: load addr=00011d44, load size=00000005 bytes, run addr=20200fab, run size=00000001 bytes, compression=lzss
binit @ 00011d60 records: 1, size/record: 12, table size: 16
	.TI.ramfunc: load addr=00011cd0, load size=00000060, run addr=20200fb0, run size=00000060, compression=none


LINKER GENERATED HANDLER TABLE

__TI_handler_table @ 00011d30 records: 3, size/record: 4, table size: 12
	index: 0, handler: __TI_decompress_lzss
	index: 1, handler: __TI_decompress_none
	index: 2, handler: __TI_zero_init


FAR CALL TRAMPOLINES

[...]
0000d54d  main                                              
0000d631  WheelSpeedEstimator_Init                          
0000d711  DL_FlashCTL_unprotectSector                       
0000d7e9  OLED_PrintUInt16                                  
0000d8c1  __aeabi_fsub                                      
0000d8c1  __subsf3                                          
0000d8cb  __addsf3                                          
0000d8cb  __aeabi_fadd                                      
0000d999  CarController_StartDriveDistance                  
0000da6d  GimbalStepper_MoveRelativeSteps                   
0000db41  BalanceEncoder_HandleGpioInterrupt                
0000dc0d  OledUi_Update_20ms                                
0000dcd9  FaultCode_ToShortString                           
0000dda1  Angle_Normalize180                                
0000df21  BalanceSoftLimits_Init                            
0000dfdd  CarController_ResetRuntime                        
0000e099  Menu_GetParamValue                                
0000e155  GimbalStepper_StopHold                            
0000e209  GimbalStepper_Init                                
0000e2b9  SysTick_Handler                                   
0000e369  BalanceSoftLimits_ArmRecalibration                
0000e411  Encoder_HandleGpioInterrupt                       
0000e559  __udivmoddi4                                      
0000e5fb  ADC0_IRQHandler                                   
0000e5fb  ADC1_IRQHandler                                   
0000e5fb  AES_IRQHandler                                    
0000e5fb  CANFD0_IRQHandler                                 
0000e5fb  DAC0_IRQHandler                                   
0000e5fb  DMA_IRQHandler                                    
0000e5fb  Default_Handler                                   
0000e5fb  GROUP0_IRQHandler                                 
0000e5fb  HardFault_Handler                                 
0000e5fb  I2C0_IRQHandler                                   
0000e5fb  I2C1_IRQHandler                                   
0000e5fb  NMI_Handler                                       
0000e5fb  PendSV_Handler                                    
0000e5fb  RTC_IRQHandler                                    
0000e5fb  SPI0_IRQHandler                                   
0000e5fb  SPI1_IRQHandler                                   
0000e5fb  SVC_Handler                                       
0000e5fb  TIMA0_IRQHandler                                  
0000e5fb  TIMA1_IRQHandler                                  
0000e5fb  TIMG0_IRQHandler                                  
0000e5fb  TIMG12_IRQHandler                                 
0000e5fb  TIMG6_IRQHandler                                  
0000e5fb  TIMG7_IRQHandler                                  
0000e5fb  TIMG8_IRQHandler                                  
0000e5fb  UART0_IRQHandler                                  
0000e5fb  UART1_IRQHandler                                  
0000e5fb  UART2_IRQHandler                                  
0000e5fd  BalanceSoftLimits_AbortCalibration                
0000e73d  ObstacleMonitor_Update_20ms                       
0000e875  memcpy                                            
0000e90f  ObstacleAvoidance_Update_20ms                     
0000e911  BalanceSoftLimits_CancelRecalibration             
0000ea41  CarController_StartTurnToYawRelative              
0000eb69  CarController_ResetTransientState                 
0000ebf9  SYSCFG_DL_PWM_MOTOR_init                          
0000ec85  __aeabi_fmul                                      
0000ec85  __mulsf3                                          
0000ed9d  CarController_SetSafetyHold                       
0000ee21  GimbalStepper_ConfirmZero                         
0000eea5  Motor_Init                                        
0000ef29  __aeabi_fdiv                                      
0000ef29  __divsf3                                          
0000efab  TrackSensor_Init                                  
0000efad  CarController_StartDriveHeading                   
0000f02d  Motor_Stop                                        
0000f0ad  App_Init                                          
0000f12b  VisionUart_Process                                
0000f12d  BalanceSoftLimits_Enforce100usFromIsr             
0000f1a9  __TI_decompress_lzss                              
0000f225  BalancePositionControl_ResetFault                 
0000f389  GimbalStepper_Release                             
0000f3f9  SYSCFG_DL_UART_VISION_init                        
0000f469  TrackSensor_DetectTurn                            
0000f4d7  __aeabi_idiv0                                     
0000f4d9  MissionManager_GetSelectedMissionIndex            
0000f5a9  TrackSensor_GetErrorFromRaw                       
0000f60f  __aeabi_ldiv0                                     
0000f611  BalanceSoftLimits_ResetPositionFault              
0000f675  MissionManager_Start                              
0000f6d9  App_ResetToReady                                  
0000f73d  __aeabi_fcmpeq                                    
0000f751  __aeabi_fcmplt                                    
0000f765  __aeabi_fcmple                                    
0000f779  __aeabi_fcmpge                                    
0000f78d  __aeabi_fcmpgt                                    
0000f79f  memset                                            
0000f801  BalancePositionControl_Init                       
0000f861  __aeabi_f2lz                                      
0000f861  __fixsfdi                                         
0000f8c1  Ultrasonic_Update_20ms                            
0000f91d  VisionReceiver_Init                               
0000fa8d  BalanceEncoder_Init                               
0000fae5  MissionManager_Init                               
0000fb3d  OLED_PrintChar                                    
0000fc45  __aeabi_idiv                                      
0000fc45  __aeabi_idivmod                                   
0000fc9d  CarController_Stop                                
0000fcf1  TrackSensor_ReadRaw                               
0000fd45  WatchdogMonitor_ApplyFaultIfNeeded                
0000fded  BalancePositionControl_SetTrackingTarget          
0000fe3d  BalanceSoftLimits_GetSnapshot                     
0000fe8d  Ultrasonic_Init                                   
0000fedd  WatchdogMonitor_Tick1msFromIsr                    
0000ff2d  __aeabi_l2f                                       
0000ff2d  __floatdisf                                       
0000ff7d  MotorControl_Stop                                 
0000ffc9  copy_in                                           
00010061  __TI_auto_init_nopinit                            
000100ad  DL_UART_init                                      
000100f5  MissionManager_Cancel                             
0001013d  CarController_StartFollowLine                     
00010181  EmergencyStop_Reset                               
000101c5  Encoder_GetAndClearPulseDeltas                    
00010209  Imu_ResetYaw                                      
0001024d  MissionManager_Reset                              
00010291  Servo_Tick100us                                   
000102d5  UART3_IRQHandler                                  
00010319  BalanceBallControl_Enable                         
00010359  BalanceEncoder_GetSnapshot                        
00010399  BalanceSoftLimits_StopMotion                      
000103d9  CarController_ResumeFollowLine                    
00010419  Fault_Raise                                       
00010459  SYSCFG_DL_SYSCTL_init                             
00010499  SYSCFG_DL_initPower                               
000104d9  VisionReceiver_PushByteFromIsr                    
00010519  __aeabi_uidiv                                     
00010519  __aeabi_uidivmod                                  
00010599  __divmoddi4                                       
000105d9  BalanceBallControl_Init                           
00010615  MissionManager_Resume                             
00010651  Servo_SetAngleDeg                                 
0001068d  __aeabi_i2f                                       
0001068d  __floatsisf                                       
000106c9  __gesf2                                           
000106c9  __gtsf2                                           
00010705  __cmpsf2                                          
00010705  __eqsf2                                           
00010705  __lesf2                                           
00010705  __ltsf2                                           
00010705  __nesf2                                           
00010741  __muldsi3                                         
0001077d  EmergencyStop_Trigger                             
000107b5  __aeabi_f2iz                                      
000107b5  __fixsfsi                                         
000107ed  BalancePositionControl_Cancel                     
00010821  Imu_IsReady                                       
00010855  MissionLibrary_FindById                           
00010889  OLED_PrintString                                  
000108bd  Key_Init                                          
000108ed  LineController_ObserveSensors                     
0001091d  WatchdogMonitor_Init                              
0001094d  WatchdogMonitor_Reset                             
0001097d  BalancePositionControl_GetSnapshot                
000109a9  BalancePositionControl_StartTracking              
000109d5  Encoder_Reset                                     
00010a01  MissionManager_Pause                              
00010a2d  TrackSensor_CountBlack                            
00010a59  BalanceSoftLimits_CancelTravelTest                
00010a81  DL_FlashCTL_programMemoryFromRAM64WithECCGenerated
00010aa9  EmergencyStop_Enforce                             
00010ad1  Magnet_ForceOff                                   
00010af9  Servo_Init                                        
00010b21  __aeabi_ui2f                                      
00010b21  __floatunsisf                                     
00010b49  _c_int00_noargs                                   
00010b71  BalanceEncoder_SampleSpeed10msFromIsr             
00010b95  BalanceSoftLimits_CancelOscillationTest           
00010bb9  GimbalStepper_GetFeedbackSnapshot                 
00010bdd  MissionManager_ReportExternalFailure              
00010c01  MotorControl_Init                                 
00010c25  MotorControl_Reset                                
00010c49  OLED_ClearBuffer                                  
00010c6d  SYSCFG_DL_init                                    
00010c91  __aeabi_lmul                                      
00010c91  __muldi3                                          
00010cb5  DL_Timer_overrideCCPOut                           
00010cd5  DebugTelemetry_Update                             
00010cf5  GROUP1_IRQHandler                                 
00010d15  Magnet_Init                                       
00010d35  OLED_SetCursor                                    
00010d55  SchedulerMonitor_GetStats                         
00010d75  VisionReceiver_GetProtocolErrorCount              
00010db5  __aeabi_llsl                                      
00010db5  __ashldi3                                         
00010dd5  BalanceBallControl_Disable                        
00010df1  BalanceBallControl_ForceStop                      
00010e0d  BalanceBallControl_GetSnapshot                    
00010e29  DL_Timer_setCaptCompUpdateMethod                  
00010e45  DL_Timer_setClockConfig                           
00010e61  HeadingControl_SetTargetYaw                       
00010e7d  Menu_Init                                         
00010e99  MotionAction_Cancel                               
00010eb5  ObstacleMonitor_Init                              
00010ed1  ObstacleSafety_Init                               
00010eed  WatchdogMonitor_NotifyControlCycleComplete        
00010f25  DL_FlashCTL_eraseMemoryFromRAM                    
00010f3d  DL_Timer_setCaptureCompareOutCtl                  
00010f55  DebugTelemetry_Init                               
00010f6d  HeadingControl_Init                               
00010f85  HeadingControl_Reset                              
00010f9d  Menu_ParamItemToString                            
00010fb5  MotionAction_Init                                 
00010fcd  ObstacleAvoidance_Init                            
00010fe5  RuntimeSnapshot_Init                              
00010ffd  __aeabi_fcmpun                                    
00010ffd  __unordsf2                                        
00011015  Fault_Clear                                       
00011029  Fault_Init                                        
0001103d  GimbalStepper_SetStepHalfPeriodTicks              
00011051  HeadingControl_Enable                             
00011065  MissionLibrary_GetByIndex                         
00011079  MissionManager_GetSelectedMissionId               
0001108d  VisionUart_Init                                   
000110a1  __aeabi_ldivmod                                   
000110b5  __aeabi_uldivmod                                  
000110c9  DL_UART_setClockConfig                            
000110db  __TI_decompress_none                              
000110ed  BalancePositionControl_HasFault                   
000110fd  DL_Timer_setCaptureCompareValue                   
0001110d  Gimbal_YawGetFeedback                             
0001111d  Key_GetEvent                                      
0001112d  __TI_zero_init                                    
0001113d  BalanceEncoder_GetCountAtomic                     
00011149  BalancePositionControl_IsBusy                     
00011155  BalanceSoftLimits_IsCalibrationActive             
00011161  BalanceSoftLimits_IsOscillationTestActive         
0001116d  BalanceSoftLimits_IsTravelTestActive              
00011179  CarController_GetRunMode                          
00011185  CarController_Init                                
00011191  CarController_IsSafetyHoldActive                  
0001119d  CarState_Get                                      
000111a9  CarState_Init                                     
000111b5  CarState_Set                                      
000111c1  EmergencyStop_Init                                
000111cd  EmergencyStop_IsActive                            
000111d9  Imu_GetCorrectedGyroZDps                          
000111e5  Imu_GetYaw                                        
000111f1  Menu_GetPage                                      
000111fd  Menu_GetParamItem                                 
00011209  MissionManager_IsExternallyHeld                   
00011215  MissionManager_SetExternalHold                    
00011221  ObstacleAvoidance_IsActive                        
0001122d  ObstacleAvoidance_IsFailed                        
00011239  ObstacleSafety_IsHolding                          
00011245  SystemTime_GetMs                                  
00011251  WatchdogMonitor_HasTripped                        
0001125d  __aeabi_memclr                                    
0001125d  __aeabi_memclr4                                   
0001125d  __aeabi_memclr8                                   
00011269  DL_Common_delayCycles                             
00011273  MotionAction_Resume                               
0001127d  MotionAction_Start                                
00011287  TrackSensor_IsCenterDetected                      
00011291  TrackSensor_IsLineDetected                        
0001129b  TrackSensor_IsLineLost                            
000112a5  BalanceSoftLimits_CancelPositionMove              
000112ad  BalanceSoftLimits_IsPositionMoveActive            
000112b5  BluetoothUart_GetRuntime                          
000112bd  CarController_GetFeedback                         
000112c5  Fault_GetRecord                                   
000112cd  GimbalStepper_GetFeedback                         
000112d5  HeadingControl_GetRuntime                         
000112dd  Imu_GetRuntime                                    
000112e5  LineController_GetRuntime                         
000112ed  MissionManager_GetMissionCount                    
000112f5  MissionManager_GetRuntime                         
000112fd  MotionAction_GetRuntime                           
00011305  MotorControl_GetRuntime                           
0001130d  ObstacleAvoidance_GetFeedback                     
00011315  ObstacleMonitor_GetFeedback                       
0001131d  OledUi_Init                                       
00011325  RuntimeSnapshot_Get                               
0001132d  Servo_GetFeedback                                 
00011335  Ultrasonic_GetFeedback                            
0001133d  VisionReceiver_GetBallPositionObservation         
00011345  VisionReceiver_GetStatus                          
0001134d  VisionTuningConsole_GetStatus                     
00011355  WatchdogMonitor_GetStatus                         
0001135d  WheelSpeedEstimator_GetRuntime                    
00011365  __aeabi_memcpy                                    
00011365  __aeabi_memcpy4                                   
00011365  __aeabi_memcpy8                                   
0001136d  abort                                             
00011372  C$$EXIT                                           
00011373  HOSTexit                                          
00011377  MissionLibrary_GetCount                           
0001137b  ObstacleAvoidance_IsResumeGraceActive             
0001137f  Reset_Handler                                     
00011395  _system_pre_init                                  
00011d30  __TI_Handler_Table_Base                           
00011d3c  __TI_Handler_Table_Limit                          
00011d4c  __TI_CINIT_Base                                   
00011d5c  __TI_CINIT_Limit                                  
00011d5c  __TI_CINIT_Warm                                   
00011d60  __TI_table_binit                                  
00011d60  __binit__                                         
00011d60  binit                                             
0001fc00  g_balanceCalibrationReservedSector                
20200000  __start___llvm_prf_bits                           
20200000  __start___llvm_prf_cnts                           
20200000  __stop___llvm_prf_bits                            
20200000  __stop___llvm_prf_cnts                            
202007d0  g_appConfig                                       
202008e0  g_imuRuntime                                      
202009e0  g_appRuntime                                      
20200b68  g_wheelSpeedEstimatorRuntime                      
20200cac  gUART_VISIONBackup                                
20200db4  g_headingRuntime                                  
20200f76  g_trackError                                      
20200fa3  g_carStateDebug                                   
20200fa4  g_keyEvent                                        
20200fa5  g_oledPageDebug                                   
20200fa6  g_paramItemDebug                                  
20200fa7  g_trackBlackCount                                 
20200fa8  g_trackModeDebug                                  
20200fa9  g_trackRaw                                        
20200faa  g_trackTurnDebug                                  
20207e00  __stack                                           
20208000  __STACK_END                                       
ffffffff  __TI_pprof_out_hndl                               
ffffffff  __TI_prof_data_size                               
ffffffff  __TI_prof_data_start                              
UNDEFED   __mpu_init                                        
UNDEFED   _system_post_cinit                                

[384 symbols]
