******************************************************************************
            TI ARM Clang Linker PC v4.0.4                      
******************************************************************************
>> Linked Fri Jul 10 19:55:20 2026

OUTPUT FILE NAME:   <diansaikaishi.out>
ENTRY POINT SYMBOL: "_c_int00_noargs"  address: 00001919


MEMORY CONFIGURATION

         name            origin    length      used     unused   attr    fill
----------------------  --------  ---------  --------  --------  ----  --------
  FLASH                 00000000   00020000  00001d38  0001e2c8  R  X
  SRAM                  20200000   00008000  0000029d  00007d63  RW X
  BCR_CONFIG            41c00000   000000ff  00000000  000000ff  R   
  BSL_CONFIG            41c00100   00000080  00000000  00000080  R   


SEGMENT ALLOCATION MAP

run origin  load origin   length   init length attrs members
----------  ----------- ---------- ----------- ----- -------
00000000    00000000    00001d38   00001d38    r-x
  00000000    00000000    000000c0   000000c0    r-- .intvecs
  000000c0    000000c0    00001a10   00001a10    r-x .text
  00001ad0    00001ad0    00000250   00000250    r-- .rodata
  00001d20    00001d20    00000018   00000018    r-- .cinit
20200000    20200000    0000009d   00000000    rw-
  20200000    20200000    0000009d   00000000    rw- .bss
20207e00    20207e00    00000200   00000000    rw-
  20207e00    20207e00    00000200   00000000    rw- .stack


SECTION ALLOCATION MAP

 output                                  attributes/
section   page    origin      length       input sections
--------  ----  ----------  ----------   ----------------
.intvecs   0    00000000    000000c0     
                  00000000    000000c0     startup_mspm0g350x_ticlang.o (.intvecs)

.text      0    000000c0    00001a10     
                  000000c0    00000260     car_controller.o (.text.CarController_Update_20ms)
                  00000320    00000254     oled.o (.text.OLED_Clear)
                  00000574    000001f0     oled_ui.o (.text.OledUi_Update_20ms)
                  00000764    000001b8     oled.o (.text.oled_i2c_write_byte)
                  0000091c    00000188     menu.o (.text.Menu_HandleKeyEvent)
                  00000aa4    00000174     key.o (.text.Key_Update_20ms)
                  00000c18    00000168     app_config.o (.text.AppConfig_LimitAll)
                  00000d80    0000013c     oled.o (.text.OLED_PrintInt16)
                  00000ebc    000000d4     oled.o (.text.OLED_Init)
                  00000f90    000000d0     oled.o (.text.OLED_PrintChar)
                  00001060    000000b0     motor.o (.text.Motor_SetSpeed)
                  00001110    000000a4     ti_msp_dl_config.o (.text.SYSCFG_DL_GPIO_init)
                  000011b4    00000098     app.o (.text.App_Update_20ms)
                  0000124c    00000078     oled.o (.text.oled_write_command)
                  000012c4    0000006c     encoder.o (.text.Encoder_HandleGpioInterrupt)
                  00001330    0000006c     empty.o (.text.main)
                  0000139c    00000066     track_sensor.o (.text.TrackSensor_GetErrorFromRaw)
                  00001402    00000002     startup_mspm0g350x_ticlang.o (.text.Default_Handler)
                  00001404    00000060     app_config.o (.text.AppConfig_InitDefault)
                  00001464    0000005e     oled.o (.text.OLED_PrintBinary7)
                  000014c2    00000002     track_sensor.o (.text.TrackSensor_Init)
                  000014c4    00000058     menu.o (.text.Menu_GetParamValue)
                  0000151c    00000056     libclang_rt.builtins.a : aeabi_idivmod.S.obj (.text.__aeabi_idivmod)
                  00001572    00000002                            : aeabi_div0.c.obj (.text.__aeabi_idiv0)
                  00001574    00000054     track_sensor.o (.text.TrackSensor_ReadRaw)
                  000015c8    00000050     motor.o (.text.Motor_PwmTick100us)
                  00001618    00000040     ti_msp_dl_config.o (.text.SYSCFG_DL_SYSCTL_init)
                  00001658    0000003c     empty.o (.text.SysTick_Handler)
                  00001694    0000003c     libc.a : autoinit.c.obj (.text:__TI_auto_init_nobinit_nopinit)
                  000016d0    00000038     motor.o (.text.Motor_Init)
                  00001708    00000036     track_sensor.o (.text.TrackSensor_DetectTurn)
                  0000173e    00000002     --HOLE-- [fill = 0]
                  00001740    00000034     oled.o (.text.OLED_SetCursor)
                  00001774    00000034     straight_control.o (.text.StraightControl_Init)
                  000017a8    00000032     oled.o (.text.OLED_PrintString)
                  000017da    00000030     app.o (.text.App_Init)
                  0000180a    00000002     --HOLE-- [fill = 0]
                  0000180c    00000030     key.o (.text.Key_Init)
                  0000183c    0000002c     car_controller.o (.text.CarController_Init)
                  00001868    0000002c     car_controller.o (.text.CarController_ResetRuntime)
                  00001894    0000002c     motor.o (.text.Motor_Stop)
                  000018c0    0000002c     ti_msp_dl_config.o (.text.SYSCFG_DL_initPower)
                  000018ec    0000002c     track_sensor.o (.text.TrackSensor_CountBlack)
                  00001918    00000028     libc.a : boot_cortex_m.c.obj (.text:_c_int00_noargs)
                  00001940    00000024     encoder.o (.text.Encoder_Reset)
                  00001964    00000018     car_controller.o (.text.CarController_RunModeToString)
                  0000197c    00000018     car_state.o (.text.CarState_ToString)
                  00001994    00000018     menu.o (.text.Menu_ParamItemToString)
                  000019ac    00000016     libc.a : copy_zero_init.c.obj (.text:decompress:ZI:__TI_zero_init_nomemset)
                  000019c2    00000002     --HOLE-- [fill = 0]
                  000019c4    00000014     app_config.o (.text.AppConfig_DecreaseTargetLap)
                  000019d8    00000014     app_config.o (.text.AppConfig_IncreaseTargetLap)
                  000019ec    00000014     empty.o (.text.GROUP1_IRQHandler)
                  00001a00    00000014     menu.o (.text.Menu_Init)
                  00001a14    00000014     pid.o (.text.PID_Init)
                  00001a28    00000010     key.o (.text.Key_GetEvent)
                  00001a38    00000010     ti_msp_dl_config.o (.text.SYSCFG_DL_init)
                  00001a48    0000000c     car_controller.o (.text.CarController_GetRunMode)
                  00001a54    0000000c     car_state.o (.text.CarState_Get)
                  00001a60    0000000c     car_state.o (.text.CarState_Init)
                  00001a6c    0000000c     car_state.o (.text.CarState_Set)
                  00001a78    0000000c     menu.o (.text.Menu_GetPage)
                  00001a84    0000000c     menu.o (.text.Menu_GetParamItem)
                  00001a90    0000000c     oled_ui.o (.text.OledUi_Init)
                  00001a9c    0000000a     driverlib.a : dl_common.o (.text.DL_Common_delayCycles)
                  00001aa6    0000000a     track_sensor.o (.text.TrackSensor_IsCenterDetected)
                  00001ab0    0000000a     track_sensor.o (.text.TrackSensor_IsLineLost)
                  00001aba    00000006     libc.a : exit.c.obj (.text:abort)
                  00001ac0    00000004     libsysbm.a : hostexit.c.obj (.text.HOSTexit)
                  00001ac4    00000004     startup_mspm0g350x_ticlang.o (.text.Reset_Handler)
                  00001ac8    00000004     libc.a : pre_init.c.obj (.text._system_pre_init)
                  00001acc    00000004     --HOLE-- [fill = 0]

.cinit     0    00001d20    00000018     
                  00001d20    00000008     (.cinit..bss.load) [load image, compression = zero_init]
                  00001d28    00000004     (__TI_handler_table)
                  00001d2c    00000008     (__TI_cinit_table)
                  00001d34    00000004     --HOLE-- [fill = 0]

.rodata    0    00001ad0    00000250     
                  00001ad0    000000b4     oled.o (.rodata..Lswitch.table.OLED_PrintChar)
                  00001b84    0000001c     menu.o (.rodata..Lswitch.table.Menu_ParamItemToString)
                  00001ba0    00000018     car_state.o (.rodata..Lswitch.table.CarState_ToString)
                  00001bb8    00000014     car_controller.o (.rodata..Lswitch.table.CarController_RunModeToString)
                  00001bcc    00000007     oled_ui.o (.rodata.str1.8426569189266129334.1)
                  00001bd3    00000006     oled_ui.o (.rodata.str1.1445687256832830955.1)
                  00001bd9    00000006     car_state.o (.rodata.str1.1675797584173499143.1)
                  00001bdf    00000006     car_state.o (.rodata.str1.41590466491370331.1)
                  00001be5    00000006     menu.o (.rodata.str1.4646809750356241979.1)
                  00001beb    00000006     oled_ui.o (.rodata.str1.5853739094453432564.1)
                  00001bf1    00000005     oled.o (.rodata.oled_get_glyph.colon)
                  00001bf6    00000005     oled.o (.rodata.oled_get_glyph.eight)
                  00001bfb    00000005     oled.o (.rodata.oled_get_glyph.five)
                  00001c00    00000005     oled.o (.rodata.oled_get_glyph.four)
                  00001c05    00000005     oled.o (.rodata.oled_get_glyph.glyphA)
                  00001c0a    00000005     oled.o (.rodata.oled_get_glyph.glyphC)
                  00001c0f    00000005     oled.o (.rodata.oled_get_glyph.glyphD)
                  00001c14    00000005     oled.o (.rodata.oled_get_glyph.glyphE)
                  00001c19    00000005     oled.o (.rodata.oled_get_glyph.glyphG)
                  00001c1e    00000005     oled.o (.rodata.oled_get_glyph.glyphH)
                  00001c23    00000005     oled.o (.rodata.oled_get_glyph.glyphI)
                  00001c28    00000005     oled.o (.rodata.oled_get_glyph.glyphK)
                  00001c2d    00000005     oled.o (.rodata.oled_get_glyph.glyphL)
                  00001c32    00000005     oled.o (.rodata.oled_get_glyph.glyphM)
                  00001c37    00000005     oled.o (.rodata.oled_get_glyph.glyphN)
                  00001c3c    00000005     oled.o (.rodata.oled_get_glyph.glyphO)
                  00001c41    00000005     oled.o (.rodata.oled_get_glyph.glyphP)
                  00001c46    00000005     oled.o (.rodata.oled_get_glyph.glyphR)
                  00001c4b    00000005     oled.o (.rodata.oled_get_glyph.glyphS)
                  00001c50    00000005     oled.o (.rodata.oled_get_glyph.glyphT)
                  00001c55    00000005     oled.o (.rodata.oled_get_glyph.glyphU)
                  00001c5a    00000005     oled.o (.rodata.oled_get_glyph.glyphV)
                  00001c5f    00000005     oled.o (.rodata.oled_get_glyph.glyphW)
                  00001c64    00000005     oled.o (.rodata.oled_get_glyph.glyphX)
                  00001c69    00000005     oled.o (.rodata.oled_get_glyph.glyphY)
                  00001c6e    00000005     oled.o (.rodata.oled_get_glyph.gt)
                  00001c73    00000005     oled.o (.rodata.oled_get_glyph.minus)
                  00001c78    00000005     oled.o (.rodata.oled_get_glyph.nine)
                  00001c7d    00000005     oled.o (.rodata.oled_get_glyph.one)
                  00001c82    00000005     oled.o (.rodata.oled_get_glyph.seven)
                  00001c87    00000005     oled.o (.rodata.oled_get_glyph.six)
                  00001c8c    00000005     oled.o (.rodata.oled_get_glyph.space)
                  00001c91    00000005     oled.o (.rodata.oled_get_glyph.three)
                  00001c96    00000005     oled.o (.rodata.oled_get_glyph.two)
                  00001c9b    00000005     oled.o (.rodata.oled_get_glyph.zero)
                  00001ca0    00000005     oled_ui.o (.rodata.str1.10416366799939242409.1)
                  00001ca5    00000005     menu.o (.rodata.str1.12110183915172842339.1)
                  00001caa    00000005     car_controller.o (.rodata.str1.18191498530309206443.1)
                  00001caf    00000005     oled_ui.o (.rodata.str1.2308938766145545715.1)
                  00001cb4    00000005     car_controller.o (.rodata.str1.4164979912472006574.1)
                  00001cb9    00000005     oled_ui.o (.rodata.str1.4581472623415959594.1)
                  00001cbe    00000005     car_state.o (.rodata.str1.8223341253983108753.1)
                  00001cc3    00000005     car_state.o (.rodata.str1.8698975129455933903.1)
                  00001cc8    00000005     oled_ui.o (.rodata.str1.9544068167406571052.1)
                  00001ccd    00000005     car_controller.o (.rodata.str1.9981487771679760427.1)
                  00001cd2    00000004     car_controller.o (.rodata.str1.12442237994239546032.1)
                  00001cd6    00000004     menu.o (.rodata.str1.13124720451672825294.1)
                  00001cda    00000004     oled_ui.o (.rodata.str1.13882251010780863896.1)
                  00001cde    00000004     car_state.o (.rodata.str1.13986535679874659196.1)
                  00001ce2    00000004     oled_ui.o (.rodata.str1.15917848551323629232.1)
                  00001ce6    00000004     menu.o (.rodata.str1.16312125044762562515.1)
                  00001cea    00000004     car_controller.o (.rodata.str1.17172356789460551389.1)
                  00001cee    00000004     oled_ui.o (.rodata.str1.17540787658903907660.1)
                  00001cf2    00000004     oled_ui.o (.rodata.str1.17812014771544466701.1)
                  00001cf6    00000004     car_state.o (.rodata.str1.3601627812925153765.1)
                  00001cfa    00000004     oled_ui.o (.rodata.str1.4402311448527872260.1)
                  00001cfe    00000004     menu.o (.rodata.str1.4862307748908978627.1)
                  00001d02    00000004     menu.o (.rodata.str1.6857549598058878762.1)
                  00001d06    00000004     car_controller.o (.rodata.str1.9234375891235759983.1)
                  00001d0a    00000004     oled_ui.o (.rodata.str1.967006512144173535.1)
                  00001d0e    00000003     menu.o (.rodata.str1.14098755746347272832.1)
                  00001d11    00000003     menu.o (.rodata.str1.17041139162815566052.1)
                  00001d14    00000003     oled_ui.o (.rodata.str1.3702290527496711532.1)
                  00001d17    00000003     oled_ui.o (.rodata.str1.9854382722193312766.1)
                  00001d1a    00000006     --HOLE-- [fill = 0]

.init_array 
*          0    00000000    00000000     UNINITIALIZED

.binit     0    00000000    00000000     

.bss       0    20200000    0000009d     UNINITIALIZED
                  20200000    00000032     (.common:g_appConfig)
                  20200032    00000002     (.common:g_trackError)
                  20200034    00000020     straight_control.o (.bss.g_straightPid)
                  20200054    0000001a     (.common:g_appRuntime)
                  2020006e    00000006     key.o (.bss.g_key1)
                  20200074    00000006     key.o (.bss.g_key2)
                  2020007a    00000006     key.o (.bss.g_key3)
                  20200080    00000004     encoder.o (.bss.g_motorAPulses)
                  20200084    00000004     encoder.o (.bss.g_motorBPulses)
                  20200088    00000001     oled_ui.o (.bss.OledUi_Update_20ms.refreshDivider)
                  20200089    00000001     empty.o (.bss.SysTick_Handler.controlMsCount)
                  2020008a    00000001     empty.o (.bss.SysTick_Handler.tick100usCount)
                  2020008b    00000001     car_state.o (.bss.g_carState)
                  2020008c    00000001     motor.o (.bss.g_motorADutyLevel)
                  2020008d    00000001     motor.o (.bss.g_motorBDutyLevel)
                  2020008e    00000001     oled.o (.bss.g_oledColumn)
                  2020008f    00000001     menu.o (.bss.g_oledPage)
                  20200090    00000001     menu.o (.bss.g_paramItem)
                  20200091    00000001     key.o (.bss.g_pendingEvent)
                  20200092    00000001     motor.o (.bss.g_pwmPhase)
                  20200093    00000001     straight_control.o (.bss.g_running)
                  20200094    00000001     empty.o (.bss.g_straightControlDue)
                  20200095    00000001     (.common:g_carStateDebug)
                  20200096    00000001     (.common:g_keyEvent)
                  20200097    00000001     (.common:g_oledPageDebug)
                  20200098    00000001     (.common:g_paramItemDebug)
                  20200099    00000001     (.common:g_trackBlackCount)
                  2020009a    00000001     (.common:g_trackModeDebug)
                  2020009b    00000001     (.common:g_trackRaw)
                  2020009c    00000001     (.common:g_trackTurnDebug)

.stack     0    20207e00    00000200     UNINITIALIZED
                  20207e00    00000004     libc.a : boot_cortex_m.c.obj (.stack)
                  20207e04    000001fc     --HOLE--

__llvm_prf_cnts 
*          0    20200000    00000000     UNINITIALIZED

__llvm_prf_bits 
*          0    20200000    00000000     UNINITIALIZED

MODULE SUMMARY

       Module                         code   ro data   rw data
       ------                         ----   -------   -------
    .\
       oled.o                         2088   355       1      
       car_controller.o               732    47        26     
       menu.o                         548    61        2      
       oled_ui.o                      508    69        1      
       app_config.o                   496    0         50     
       key.o                          436    0         19     
       motor.o                        356    0         3      
       track_sensor.o                 306    0         0      
       ti_msp_dl_config.o             288    0         0      
       app.o                          200    0         10     
       startup_mspm0g350x_ticlang.o   6      192       0      
       empty.o                        188    0         3      
       encoder.o                      144    0         8      
       car_state.o                    60     54        1      
       straight_control.o             52     0         33     
       pid.o                          20     0         0      
    +--+------------------------------+------+---------+---------+
       Total:                         6428   778       157    
                                                              
    C:/TI/mspm0_sdk_2_05_01_00/source/ti/driverlib/lib/ticlang/m0p/mspm0g1x0x_g3x0x/driverlib.a
       dl_common.o                    10     0         0      
    +--+------------------------------+------+---------+---------+
       Total:                         10     0         0      
                                                              
    D:\TI\CCS\ccs\tools\compiler\ti-cgt-armllvm_4.0.4.LTS\lib\armv6m-ti-none-eabi/c/libc.a
       autoinit.c.obj                 60     0         0      
       boot_cortex_m.c.obj            40     0         0      
       copy_zero_init.c.obj           22     0         0      
       exit.c.obj                     6      0         0      
       pre_init.c.obj                 4      0         0      
    +--+------------------------------+------+---------+---------+
       Total:                         132    0         0      
                                                              
    D:\TI\CCS\ccs\tools\compiler\ti-cgt-armllvm_4.0.4.LTS\lib\armv6m-ti-none-eabi/c/libsysbm.a
       hostexit.c.obj                 4      0         0      
    +--+------------------------------+------+---------+---------+
       Total:                         4      0         0      
                                                              
    D:\TI\CCS\ccs\tools\compiler\ti-cgt-armllvm_4.0.4.LTS\lib\armv6m-ti-none-eabi/libclang_rt.builtins.a
       aeabi_idivmod.S.obj            86     0         0      
       aeabi_div0.c.obj               2      0         0      
    +--+------------------------------+------+---------+---------+
       Total:                         88     0         0      
                                                              
       Stack:                         0      0         512    
       Linker Generated:              0      20        0      
    +--+------------------------------+------+---------+---------+
       Grand Total:                   6662   798       669    


LINKER GENERATED COPY TABLES

__TI_cinit_table @ 00001d2c records: 1, size/record: 8, table size: 8
	.bss: load addr=00001d20, load size=00000008 bytes, run addr=20200000, run size=0000009d bytes, compression=zero_init


LINKER GENERATED HANDLER TABLE

__TI_handler_table @ 00001d28 records: 1, size/record: 4, table size: 4
	index: 0, handler: __TI_zero_init


GLOBAL SYMBOLS: SORTED ALPHABETICALLY BY Name 

address   name                          
-------   ----                          
00001403  ADC0_IRQHandler               
00001403  ADC1_IRQHandler               
00001403  AES_IRQHandler                
000019c5  AppConfig_DecreaseTargetLap   
000019d9  AppConfig_IncreaseTargetLap   
00001405  AppConfig_InitDefault         
00000c19  AppConfig_LimitAll            
000017db  App_Init                      
000011b5  App_Update_20ms               
00001ac0  C$$EXIT                       
00001403  CANFD0_IRQHandler             
00001a49  CarController_GetRunMode      
0000183d  CarController_Init            
00001869  CarController_ResetRuntime    
00001965  CarController_RunModeToString 
000000c1  CarController_Update_20ms     
00001a55  CarState_Get                  
00001a61  CarState_Init                 
00001a6d  CarState_Set                  
0000197d  CarState_ToString             
00001403  DAC0_IRQHandler               
00001a9d  DL_Common_delayCycles         
00001403  DMA_IRQHandler                
00001403  Default_Handler               
000012c5  Encoder_HandleGpioInterrupt   
00001941  Encoder_Reset                 
00001403  GROUP0_IRQHandler             
000019ed  GROUP1_IRQHandler             
00001ac1  HOSTexit                      
00001403  HardFault_Handler             
00001403  I2C0_IRQHandler               
00001403  I2C1_IRQHandler               
00001a29  Key_GetEvent                  
0000180d  Key_Init                      
00000aa5  Key_Update_20ms               
00001a79  Menu_GetPage                  
00001a85  Menu_GetParamItem             
000014c5  Menu_GetParamValue            
0000091d  Menu_HandleKeyEvent           
00001a01  Menu_Init                     
00001995  Menu_ParamItemToString        
000016d1  Motor_Init                    
000015c9  Motor_PwmTick100us            
00001061  Motor_SetSpeed                
00001895  Motor_Stop                    
00001403  NMI_Handler                   
00000321  OLED_Clear                    
00000ebd  OLED_Init                     
00001465  OLED_PrintBinary7             
00000f91  OLED_PrintChar                
00000d81  OLED_PrintInt16               
000017a9  OLED_PrintString              
00001741  OLED_SetCursor                
00001a91  OledUi_Init                   
00000575  OledUi_Update_20ms            
00001a15  PID_Init                      
00001403  PendSV_Handler                
00001403  RTC_IRQHandler                
00001ac5  Reset_Handler                 
00001403  SPI0_IRQHandler               
00001403  SPI1_IRQHandler               
00001403  SVC_Handler                   
00001111  SYSCFG_DL_GPIO_init           
00001619  SYSCFG_DL_SYSCTL_init         
00001a39  SYSCFG_DL_init                
000018c1  SYSCFG_DL_initPower           
00001775  StraightControl_Init          
00001659  SysTick_Handler               
00001403  TIMA0_IRQHandler              
00001403  TIMA1_IRQHandler              
00001403  TIMG0_IRQHandler              
00001403  TIMG12_IRQHandler             
00001403  TIMG6_IRQHandler              
00001403  TIMG7_IRQHandler              
00001403  TIMG8_IRQHandler              
000018ed  TrackSensor_CountBlack        
00001709  TrackSensor_DetectTurn        
0000139d  TrackSensor_GetErrorFromRaw   
000014c3  TrackSensor_Init              
00001aa7  TrackSensor_IsCenterDetected  
00001ab1  TrackSensor_IsLineLost        
00001575  TrackSensor_ReadRaw           
00001403  UART0_IRQHandler              
00001403  UART1_IRQHandler              
00001403  UART2_IRQHandler              
00001403  UART3_IRQHandler              
20208000  __STACK_END                   
00000200  __STACK_SIZE                  
00000000  __TI_ATRegion0_region_sz      
00000000  __TI_ATRegion0_src_addr       
00000000  __TI_ATRegion0_trg_addr       
00000000  __TI_ATRegion1_region_sz      
00000000  __TI_ATRegion1_src_addr       
00000000  __TI_ATRegion1_trg_addr       
00000000  __TI_ATRegion2_region_sz      
00000000  __TI_ATRegion2_src_addr       
00000000  __TI_ATRegion2_trg_addr       
00001d2c  __TI_CINIT_Base               
00001d34  __TI_CINIT_Limit              
00001d34  __TI_CINIT_Warm               
00001d28  __TI_Handler_Table_Base       
00001d2c  __TI_Handler_Table_Limit      
00001695  __TI_auto_init_nobinit_nopinit
ffffffff  __TI_pprof_out_hndl           
ffffffff  __TI_prof_data_size           
ffffffff  __TI_prof_data_start          
00000000  __TI_static_base__            
000019ad  __TI_zero_init_nomemset       
0000151d  __aeabi_idiv                  
00001573  __aeabi_idiv0                 
0000151d  __aeabi_idivmod               
ffffffff  __binit__                     
UNDEFED   __mpu_init                    
20207e00  __stack                       
20200000  __start___llvm_prf_bits       
20200000  __start___llvm_prf_cnts       
20200000  __stop___llvm_prf_bits        
20200000  __stop___llvm_prf_cnts        
00001919  _c_int00_noargs               
UNDEFED   _system_post_cinit            
00001ac9  _system_pre_init              
00001abb  abort                         
ffffffff  binit                         
20200000  g_appConfig                   
20200054  g_appRuntime                  
20200095  g_carStateDebug               
20200096  g_keyEvent                    
20200097  g_oledPageDebug               
20200098  g_paramItemDebug              
20200099  g_trackBlackCount             
20200032  g_trackError                  
2020009a  g_trackModeDebug              
2020009b  g_trackRaw                    
2020009c  g_trackTurnDebug              
00000000  interruptVectors              
00001331  main                          


GLOBAL SYMBOLS: SORTED BY Symbol Address 

address   name                          
-------   ----                          
00000000  __TI_ATRegion0_region_sz      
00000000  __TI_ATRegion0_src_addr       
00000000  __TI_ATRegion0_trg_addr       
00000000  __TI_ATRegion1_region_sz      
00000000  __TI_ATRegion1_src_addr       
00000000  __TI_ATRegion1_trg_addr       
00000000  __TI_ATRegion2_region_sz      
00000000  __TI_ATRegion2_src_addr       
00000000  __TI_ATRegion2_trg_addr       
00000000  __TI_static_base__            
00000000  interruptVectors              
000000c1  CarController_Update_20ms     
00000200  __STACK_SIZE                  
00000321  OLED_Clear                    
00000575  OledUi_Update_20ms            
0000091d  Menu_HandleKeyEvent           
00000aa5  Key_Update_20ms               
00000c19  AppConfig_LimitAll            
00000d81  OLED_PrintInt16               
00000ebd  OLED_Init                     
00000f91  OLED_PrintChar                
00001061  Motor_SetSpeed                
00001111  SYSCFG_DL_GPIO_init           
000011b5  App_Update_20ms               
000012c5  Encoder_HandleGpioInterrupt   
00001331  main                          
0000139d  TrackSensor_GetErrorFromRaw   
00001403  ADC0_IRQHandler               
00001403  ADC1_IRQHandler               
00001403  AES_IRQHandler                
00001403  CANFD0_IRQHandler             
00001403  DAC0_IRQHandler               
00001403  DMA_IRQHandler                
00001403  Default_Handler               
00001403  GROUP0_IRQHandler             
00001403  HardFault_Handler             
00001403  I2C0_IRQHandler               
00001403  I2C1_IRQHandler               
00001403  NMI_Handler                   
00001403  PendSV_Handler                
00001403  RTC_IRQHandler                
00001403  SPI0_IRQHandler               
00001403  SPI1_IRQHandler               
00001403  SVC_Handler                   
00001403  TIMA0_IRQHandler              
00001403  TIMA1_IRQHandler              
00001403  TIMG0_IRQHandler              
00001403  TIMG12_IRQHandler             
00001403  TIMG6_IRQHandler              
00001403  TIMG7_IRQHandler              
00001403  TIMG8_IRQHandler              
00001403  UART0_IRQHandler              
00001403  UART1_IRQHandler              
00001403  UART2_IRQHandler              
00001403  UART3_IRQHandler              
00001405  AppConfig_InitDefault         
00001465  OLED_PrintBinary7             
000014c3  TrackSensor_Init              
000014c5  Menu_GetParamValue            
0000151d  __aeabi_idiv                  
0000151d  __aeabi_idivmod               
00001573  __aeabi_idiv0                 
00001575  TrackSensor_ReadRaw           
000015c9  Motor_PwmTick100us            
00001619  SYSCFG_DL_SYSCTL_init         
00001659  SysTick_Handler               
00001695  __TI_auto_init_nobinit_nopinit
000016d1  Motor_Init                    
00001709  TrackSensor_DetectTurn        
00001741  OLED_SetCursor                
00001775  StraightControl_Init          
000017a9  OLED_PrintString              
000017db  App_Init                      
0000180d  Key_Init                      
0000183d  CarController_Init            
00001869  CarController_ResetRuntime    
00001895  Motor_Stop                    
000018c1  SYSCFG_DL_initPower           
000018ed  TrackSensor_CountBlack        
00001919  _c_int00_noargs               
00001941  Encoder_Reset                 
00001965  CarController_RunModeToString 
0000197d  CarState_ToString             
00001995  Menu_ParamItemToString        
000019ad  __TI_zero_init_nomemset       
000019c5  AppConfig_DecreaseTargetLap   
000019d9  AppConfig_IncreaseTargetLap   
000019ed  GROUP1_IRQHandler             
00001a01  Menu_Init                     
00001a15  PID_Init                      
00001a29  Key_GetEvent                  
00001a39  SYSCFG_DL_init                
00001a49  CarController_GetRunMode      
00001a55  CarState_Get                  
00001a61  CarState_Init                 
00001a6d  CarState_Set                  
00001a79  Menu_GetPage                  
00001a85  Menu_GetParamItem             
00001a91  OledUi_Init                   
00001a9d  DL_Common_delayCycles         
00001aa7  TrackSensor_IsCenterDetected  
00001ab1  TrackSensor_IsLineLost        
00001abb  abort                         
00001ac0  C$$EXIT                       
00001ac1  HOSTexit                      
00001ac5  Reset_Handler                 
00001ac9  _system_pre_init              
00001d28  __TI_Handler_Table_Base       
00001d2c  __TI_CINIT_Base               
00001d2c  __TI_Handler_Table_Limit      
00001d34  __TI_CINIT_Limit              
00001d34  __TI_CINIT_Warm               
20200000  __start___llvm_prf_bits       
20200000  __start___llvm_prf_cnts       
20200000  __stop___llvm_prf_bits        
20200000  __stop___llvm_prf_cnts        
20200000  g_appConfig                   
20200032  g_trackError                  
20200054  g_appRuntime                  
20200095  g_carStateDebug               
20200096  g_keyEvent                    
20200097  g_oledPageDebug               
20200098  g_paramItemDebug              
20200099  g_trackBlackCount             
2020009a  g_trackModeDebug              
2020009b  g_trackRaw                    
2020009c  g_trackTurnDebug              
20207e00  __stack                       
20208000  __STACK_END                   
ffffffff  __TI_pprof_out_hndl           
ffffffff  __TI_prof_data_size           
ffffffff  __TI_prof_data_start          
ffffffff  __binit__                     
ffffffff  binit                         
UNDEFED   __mpu_init                    
UNDEFED   _system_post_cinit            

[136 symbols]
