******************************************************************************
            TI ARM Clang Linker PC v4.0.4                      
******************************************************************************
>> Linked Fri Jul 17 21:10:07 2026

OUTPUT FILE NAME:   <diansaikaishi.out>
ENTRY POINT SYMBOL: "_c_int00_noargs"  address: 00005829


MEMORY CONFIGURATION

         name            origin    length      used     unused   attr    fill
----------------------  --------  ---------  --------  --------  ----  --------
  FLASH                 00000000   00020000  00006300  00019d00  R  X
  SRAM                  20200000   00008000  00000409  00007bf7  RW X
  BCR_CONFIG            41c00000   000000ff  00000000  000000ff  R   
  BSL_CONFIG            41c00100   00000080  00000000  00000080  R   


SEGMENT ALLOCATION MAP

run origin  load origin   length   init length attrs members
----------  ----------- ---------- ----------- ----- -------
00000000    00000000    00006300   00006300    r-x
  00000000    00000000    000000c0   000000c0    r-- .intvecs
  000000c0    000000c0    00005c68   00005c68    r-x .text
  00005d28    00005d28    000005a8   000005a8    r-- .rodata
  000062d0    000062d0    00000030   00000030    r-- .cinit
20200000    20200000    00000209   00000000    rw-
  20200000    20200000    00000208   00000000    rw- .bss
  20200208    20200208    00000001   00000000    rw- .data
20207e00    20207e00    00000200   00000000    rw-
  20207e00    20207e00    00000200   00000000    rw- .stack


SECTION ALLOCATION MAP

 output                                  attributes/
section   page    origin      length       input sections
--------  ----  ----------  ----------   ----------------
.intvecs   0    00000000    000000c0     
                  00000000    000000c0     startup_mspm0g350x_ticlang.o (.intvecs)

.text      0    000000c0    00005c68     
                  000000c0    000006f4     car_controller.o (.text.CarController_Update_20ms)
                  000007b4    000006f4     oled_ui.o (.text.OledUi_Update_20ms)
                  00000ea8    000002f0     imu.o (.text.mpu6050_read_regs)
                  00001198    000002d8     imu.o (.text.Imu_Init)
                  00001470    00000288     app_config.o (.text.AppConfig_LimitAll)
                  000016f8    00000278     obstacle_avoidance.o (.text.ObstacleAvoidance_Update_20ms)
                  00001970    00000258     menu.o (.text.Menu_HandleKeyEvent)
                  00001bc8    00000254     oled.o (.text.OLED_Clear)
                  00001e1c    00000250     gimbal.o (.text.gimbal_update_feedback)
                  0000206c    00000214     imu.o (.text.Imu_CalibrateGyroBias)
                  00002280    00000208     motion_action.o (.text.MotionAction_Update_20ms)
                  00002488    000001cc     imu.o (.text.imu_i2c_write_byte)
                  00002654    000001b8     oled.o (.text.oled_i2c_write_byte)
                  0000280c    000001a0     ultrasonic.o (.text.Ultrasonic_Tick100us)
                  000029ac    00000174     key.o (.text.Key_Update_20ms)
                  00002b20    00000160     heading_control.o (.text.HeadingControl_Update)
                  00002c80    0000015c     gimbal.o (.text.Gimbal_YawMoveWrappedDeg)
                  00002ddc    00000140     gimbal.o (.text.Gimbal_YawUpdate5ms)
                  00002f1c    00000140     motion_action.o (.text.MotionAction_Start)
                  0000305c    0000013c     oled.o (.text.OLED_PrintInt16)
                  00003198    00000134     imu.o (.text.Imu_Update)
                  000032cc    0000012c     imu.o (.text.imu_i2c_recover_bus)
                  000033f8    000000f8     mission_manager.o (.text.MissionManager_Update_20ms)
                  000034f0    000000f0     mission_manager.o (.text.MissionManager_SelectNext)
                  000035e0    000000ec     car_controller.o (.text.handle_turn_90)
                  000036cc    000000d8     mission_manager.o (.text.MissionManager_SelectPrevious)
                  000037a4    000000d8     libclang_rt.builtins.a : addsf3.S.obj (.text)
                  0000387c    000000d4     oled.o (.text.OLED_Init)
                  00003950    000000d0     oled.o (.text.OLED_PrintChar)
                  00003a20    000000c8     gimbal_stepper_test.o (.text.GimbalStepperTest_MoveRelativeDeg)
                  00003ae8    000000c8     gimbal_stepper_test.o (.text.GimbalStepperTest_Tick100us)
                  00003bb0    000000c4     app.o (.text.App_Update_20ms)
                  00003c74    000000bc     obstacle_safety.o (.text.ObstacleSafety_Update_20ms)
                  00003d30    000000b8     app_config.o (.text.AppConfig_InitDefault)
                  00003de8    000000b8     ti_msp_dl_config.o (.text.SYSCFG_DL_GPIO_init)
                  00003ea0    000000b0     gimbal_stepper_test.o (.text.GimbalStepperTest_Init)
                  00003f50    000000b0     motor.o (.text.Motor_SetSpeed)
                  00004000    000000aa     mission_library.o (.text.MissionLibrary_Validate)
                  000040aa    00000002     startup_mspm0g350x_ticlang.o (.text.Default_Handler)
                  000040ac    000000a2     libclang_rt.builtins.a : udivmoddi4.S.obj (.text)
                  0000414e    00000002     track_sensor.o (.text.TrackSensor_Init)
                  00004150    0000009c     obstacle_monitor.o (.text.ObstacleMonitor_Update_20ms)
                  000041ec    0000009c     empty.o (.text.main)
                  00004288    0000009a     libc.a : memcpy16.S.obj (.text:memcpy)
                  00004322    00000002     libclang_rt.builtins.a : aeabi_div0.c.obj (.text.__aeabi_idiv0)
                  00004324    00000098     car_controller.o (.text.CarController_StartSeekLine)
                  000043bc    00000098     imu.o (.text.mpu6050_write_reg)
                  00004454    00000094     car_controller.o (.text.CarController_StartDriveHeading)
                  000044e8    0000008c     libclang_rt.builtins.a : mulsf3.S.obj (.text.__mulsf3)
                  00004574    00000088     car_controller.o (.text.CarController_StartTurnToYawRelative)
                  000045fc    00000082     libclang_rt.builtins.a : divsf3.S.obj (.text.__divsf3)
                  0000467e    00000002                            : aeabi_div0.c.obj (.text.__aeabi_ldiv0)
                  00004680    0000007c     car_controller.o (.text.CarController_Init)
                  000046fc    0000007c     car_controller.o (.text.CarController_ResetRuntime)
                  00004778    0000007c     car_controller.o (.text.CarController_StartFollowLine)
                  000047f4    0000007c     libc.a : copy_decompress_lzss.c.obj (.text:decompress:lzss)
                  00004870    00000078     oled.o (.text.oled_write_command)
                  000048e8    00000074     car_controller.o (.text.CarController_StartTurnRight90)
                  0000495c    00000074     gimbal.o (.text.gimbal_yaw_move_to_x10)
                  000049d0    00000070     car_controller.o (.text.CarController_StartTurnLeft90)
                  00004a40    00000070     empty.o (.text.SysTick_Handler)
                  00004ab0    0000006e     track_sensor.o (.text.TrackSensor_DetectTurn)
                  00004b1e    00000002     --HOLE-- [fill = 0]
                  00004b20    0000006c     encoder.o (.text.Encoder_HandleGpioInterrupt)
                  00004b8c    00000068     mission_manager.o (.text.MissionManager_GetSelectedMissionIndex)
                  00004bf4    00000066     track_sensor.o (.text.TrackSensor_GetErrorFromRaw)
                  00004c5a    00000002     --HOLE-- [fill = 0]
                  00004c5c    00000064     gimbal_stepper_test.o (.text.GimbalStepperTest_Release)
                  00004cc0    00000064     menu.o (.text.Menu_GetParamValue)
                  00004d24    00000062     libclang_rt.builtins.a : aeabi_fcmp.S.obj (.text.__aeabi_fcmp)
                  00004d86    00000062     libc.a : memset16.S.obj (.text:memset)
                  00004de8    00000060     gimbal_stepper_test.o (.text.GimbalStepperTest_StopHold)
                  00004e48    00000060     libclang_rt.builtins.a : fixsfdi.S.obj (.text.__fixsfdi)
                  00004ea8    0000005e     app.o (.text.App_Init)
                  00004f06    0000005e     oled.o (.text.OLED_PrintBinary7)
                  00004f64    0000005c     ultrasonic.o (.text.Ultrasonic_Update_20ms)
                  00004fc0    00000056     libclang_rt.builtins.a : aeabi_idivmod.S.obj (.text.__aeabi_idivmod)
                  00005016    00000002     --HOLE-- [fill = 0]
                  00005018    00000054     gimbal.o (.text.Gimbal_YawInit)
                  0000506c    00000054     track_sensor.o (.text.TrackSensor_ReadRaw)
                  000050c0    00000050     car_controller.o (.text.CarController_SetSafetyHold)
                  00005110    00000050     motor.o (.text.Motor_PwmTick100us)
                  00005160    00000050     ultrasonic.o (.text.Ultrasonic_Init)
                  000051b0    0000004e     libclang_rt.builtins.a : floatdisf.S.obj (.text.__floatdisf)
                  000051fe    00000002     --HOLE-- [fill = 0]
                  00005200    00000048     gimbal.o (.text.Gimbal_YawMoveRelativeDeg)
                  00005248    00000048     mission_manager.o (.text.MissionManager_Init)
                  00005290    00000044     servo.o (.text.Servo_Tick100us)
                  000052d4    00000040     mission_manager.o (.text.MissionManager_Start)
                  00005314    00000040     ti_msp_dl_config.o (.text.SYSCFG_DL_SYSCTL_init)
                  00005354    00000040     libclang_rt.builtins.a : aeabi_uidivmod.S.obj (.text.__aeabi_uidivmod)
                  00005394    0000003e                            : divmoddi4.c.obj (.text.__divmoddi4)
                  000053d2    00000002     --HOLE-- [fill = 0]
                  000053d4    0000003c     gimbal.o (.text.Gimbal_YawRelease)
                  00005410    0000003c     gimbal.o (.text.Gimbal_YawStopHold)
                  0000544c    0000003c     servo.o (.text.Servo_SetAngleDeg)
                  00005488    0000003c     libclang_rt.builtins.a : floatsisf.S.obj (.text.__floatsisf)
                  000054c4    0000003c                            : comparesf2.S.obj (.text.__gtsf2)
                  00005500    0000003c     libc.a : autoinit.c.obj (.text:__TI_auto_init_nobinit_nopinit)
                  0000553c    0000003a     libclang_rt.builtins.a : comparesf2.S.obj (.text.__eqsf2)
                  00005576    00000002     --HOLE-- [fill = 0]
                  00005578    0000003a                            : muldsi3.S.obj (.text.__muldsi3)
                  000055b2    00000002     --HOLE-- [fill = 0]
                  000055b4    00000038     motion_action.o (.text.MotionAction_ReapplyControllerTarget)
                  000055ec    00000038     motor.o (.text.Motor_Init)
                  00005624    00000038     libclang_rt.builtins.a : fixsfsi.S.obj (.text.__fixsfsi)
                  0000565c    00000034     oled.o (.text.OLED_SetCursor)
                  00005690    00000032     oled.o (.text.OLED_PrintString)
                  000056c2    00000002     --HOLE-- [fill = 0]
                  000056c4    00000030     key.o (.text.Key_Init)
                  000056f4    00000030     mission_manager.o (.text.MissionManager_Cancel)
                  00005724    00000030     mission_manager.o (.text.MissionManager_Reset)
                  00005754    0000002c     motor.o (.text.Motor_Stop)
                  00005780    0000002c     ti_msp_dl_config.o (.text.SYSCFG_DL_initPower)
                  000057ac    0000002c     track_sensor.o (.text.TrackSensor_CountBlack)
                  000057d8    00000028     servo.o (.text.Servo_Init)
                  00005800    00000028     obstacle_avoidance.o (.text.avoid_fail)
                  00005828    00000028     libc.a : boot_cortex_m.c.obj (.text:_c_int00_noargs)
                  00005850    00000024     encoder.o (.text.Encoder_Reset)
                  00005874    00000024     libclang_rt.builtins.a : muldi3.S.obj (.text.__muldi3)
                  00005898    00000020     car_controller.o (.text.CarController_Stop)
                  000058b8    00000020     mission_manager.o (.text.MissionManager_Pause)
                  000058d8    00000020     mission_manager.o (.text.MissionManager_Resume)
                  000058f8    00000020     motion_action.o (.text.MotionAction_GetCurrentBypassDirection)
                  00005918    00000020     motion_action.o (.text.MotionAction_GetCurrentObstaclePolicy)
                  00005938    00000020     obstacle_avoidance.o (.text.ObstacleAvoidance_Init)
                  00005958    00000020     mission_manager.o (.text.mission_finish_error)
                  00005978    0000001e     libclang_rt.builtins.a : ashldi3.S.obj (.text.__ashldi3)
                  00005996    00000002     --HOLE-- [fill = 0]
                  00005998    0000001c     imu.o (.text.Imu_IsReady)
                  000059b4    0000001c     obstacle_monitor.o (.text.ObstacleMonitor_Init)
                  000059d0    0000001c     obstacle_safety.o (.text.ObstacleSafety_Init)
                  000059ec    00000018     car_controller.o (.text.CarController_RunModeToString)
                  00005a04    00000018     heading_control.o (.text.HeadingControl_LockCurrentYaw)
                  00005a1c    00000018     heading_control.o (.text.HeadingControl_SetTargetYaw)
                  00005a34    00000018     menu.o (.text.Menu_ParamItemToString)
                  00005a4c    00000018     mission_library.o (.text.MissionLibrary_FindById)
                  00005a64    00000018     motion_action.o (.text.MotionAction_Cancel)
                  00005a7c    00000018     motion_action.o (.text.MotionAction_Init)
                  00005a94    00000016     libc.a : copy_zero_init.c.obj (.text:decompress:ZI:__TI_zero_init_nomemset)
                  00005aaa    00000002     --HOLE-- [fill = 0]
                  00005aac    00000014     empty.o (.text.GROUP1_IRQHandler)
                  00005ac0    00000014     gimbal_stepper_test.o (.text.GimbalStepperTest_SetStepHalfPeriodTicks)
                  00005ad4    00000014     heading_control.o (.text.HeadingControl_Enable)
                  00005ae8    00000014     heading_control.o (.text.HeadingControl_Init)
                  00005afc    00000014     heading_control.o (.text.HeadingControl_Reset)
                  00005b10    00000014     menu.o (.text.Menu_Init)
                  00005b24    00000014     mission_library.o (.text.MissionLibrary_GetByIndex)
                  00005b38    00000014     mission_manager.o (.text.MissionManager_GetSelectedMissionId)
                  00005b4c    00000014     libclang_rt.builtins.a : aeabi_ldivmod.S.obj (.text.__aeabi_ldivmod)
                  00005b60    00000014                            : aeabi_uldivmod.S.obj (.text.__aeabi_uldivmod)
                  00005b74    00000012     libc.a : copy_decompress_none.c.obj (.text:decompress:none)
                  00005b86    00000002     --HOLE-- [fill = 0]
                  00005b88    00000010     gimbal.o (.text.Gimbal_YawGetFeedback)
                  00005b98    00000010     key.o (.text.Key_GetEvent)
                  00005ba8    00000010     obstacle_avoidance.o (.text.ObstacleAvoidance_IsResumeGraceActive)
                  00005bb8    00000010     ti_msp_dl_config.o (.text.SYSCFG_DL_init)
                  00005bc8    0000000c     car_controller.o (.text.CarController_GetRunMode)
                  00005bd4    0000000c     car_state.o (.text.CarState_Get)
                  00005be0    0000000c     car_state.o (.text.CarState_Init)
                  00005bec    0000000c     car_state.o (.text.CarState_Set)
                  00005bf8    0000000c     imu.o (.text.Imu_GetCorrectedGyroZDps)
                  00005c04    0000000c     imu.o (.text.Imu_GetYaw)
                  00005c10    0000000c     imu.o (.text.Imu_ResetYaw)
                  00005c1c    0000000c     menu.o (.text.Menu_GetPage)
                  00005c28    0000000c     menu.o (.text.Menu_GetParamItem)
                  00005c34    0000000c     mission_manager.o (.text.MissionManager_SetExternalHold)
                  00005c40    0000000c     obstacle_avoidance.o (.text.ObstacleAvoidance_IsActive)
                  00005c4c    0000000c     obstacle_avoidance.o (.text.ObstacleAvoidance_IsFailed)
                  00005c58    0000000c     obstacle_safety.o (.text.ObstacleSafety_IsHolding)
                  00005c64    0000000c     oled_ui.o (.text.OledUi_Init)
                  00005c70    0000000c     libclang_rt.builtins.a : aeabi_memset.S.obj (.text.__aeabi_memclr)
                  00005c7c    0000000a     driverlib.a : dl_common.o (.text.DL_Common_delayCycles)
                  00005c86    0000000a     track_sensor.o (.text.TrackSensor_IsCenterDetected)
                  00005c90    0000000a     track_sensor.o (.text.TrackSensor_IsLineDetected)
                  00005c9a    0000000a     track_sensor.o (.text.TrackSensor_IsLineLost)
                  00005ca4    00000008     car_controller.o (.text.CarController_GetFeedback)
                  00005cac    00000008     gimbal_stepper_test.o (.text.GimbalStepperTest_GetFeedback)
                  00005cb4    00000008     gimbal.o (.text.Gimbal_YawTick100us)
                  00005cbc    00000008     heading_control.o (.text.HeadingControl_GetRuntime)
                  00005cc4    00000008     imu.o (.text.Imu_GetRuntime)
                  00005ccc    00000008     mission_manager.o (.text.MissionManager_GetMissionCount)
                  00005cd4    00000008     mission_manager.o (.text.MissionManager_GetRuntime)
                  00005cdc    00000008     motion_action.o (.text.MotionAction_GetRuntime)
                  00005ce4    00000008     obstacle_avoidance.o (.text.ObstacleAvoidance_GetFeedback)
                  00005cec    00000008     obstacle_monitor.o (.text.ObstacleMonitor_GetFeedback)
                  00005cf4    00000008     servo.o (.text.Servo_GetFeedback)
                  00005cfc    00000008     ultrasonic.o (.text.Ultrasonic_GetFeedback)
                  00005d04    00000008     libclang_rt.builtins.a : aeabi_memcpy.S.obj (.text.__aeabi_memcpy)
                  00005d0c    00000006     libc.a : exit.c.obj (.text:abort)
                  00005d12    00000004     libsysbm.a : hostexit.c.obj (.text.HOSTexit)
                  00005d16    00000004     mission_library.o (.text.MissionLibrary_GetCount)
                  00005d1a    00000004     startup_mspm0g350x_ticlang.o (.text.Reset_Handler)
                  00005d1e    00000004     libc.a : pre_init.c.obj (.text._system_pre_init)
                  00005d22    00000006     --HOLE-- [fill = 0]

.cinit     0    000062d0    00000030     
                  000062d0    0000000c     (__TI_handler_table)
                  000062dc    00000008     (.cinit..bss.load) [load image, compression = zero_init]
                  000062e4    00000005     (.cinit..data.load) [load image, compression = lzss]
                  000062e9    00000003     --HOLE-- [fill = 0]
                  000062ec    00000010     (__TI_cinit_table)
                  000062fc    00000004     --HOLE-- [fill = 0]

.rodata    0    00005d28    000005a8     
                  00005d28    000000d8     oled.o (.rodata..Lswitch.table.OLED_PrintChar)
                  00005e00    000000a8     mission_library.o (.rodata.g_missionMapA)
                  00005ea8    000000a8     mission_library.o (.rodata.g_missionMapB)
                  00005f50    00000078     mission_library.o (.rodata.g_missionMapC)
                  00005fc8    00000030     mission_library.o (.rodata.g_missionRegistry)
                  00005ff8    00000024     oled_ui.o (.rodata..Lswitch.table.OledUi_Update_20ms.66)
                  0000601c    00000020     menu.o (.rodata..Lswitch.table.Menu_ParamItemToString)
                  0000603c    0000001c     car_controller.o (.rodata..Lswitch.table.CarController_RunModeToString)
                  00006058    00000018     oled_ui.o (.rodata..Lswitch.table.OledUi_Update_20ms.67)
                  00006070    0000000c     mission_library.o (.rodata..Lswitch.table.MissionLibrary_FindById)
                  0000607c    0000000c     oled_ui.o (.rodata..Lswitch.table.OledUi_Update_20ms)
                  00006088    00000009     oled_ui.o (.rodata.str1.16526439943277383452.1)
                  00006091    00000009     oled_ui.o (.rodata.str1.18266126048138325213.1)
                  0000609a    00000007     oled_ui.o (.rodata.str1.9544068167406571052.1)
                  000060a1    00000006     menu.o (.rodata..Lswitch.table.Menu_HandleKeyEvent)
                  000060a7    00000006     mission_library.o (.rodata.str1.13636476544574750902.1)
                  000060ad    00000006     oled_ui.o (.rodata.str1.1445687256832830955.1)
                  000060b3    00000006     oled_ui.o (.rodata.str1.15008238333949226094.1)
                  000060b9    00000006     mission_library.o (.rodata.str1.15668266851434757964.1)
                  000060bf    00000006     oled_ui.o (.rodata.str1.17540787658903907660.1)
                  000060c5    00000006     oled_ui.o (.rodata.str1.17884296644359297425.1)
                  000060cb    00000006     mission_library.o (.rodata.str1.199678142196697465.1)
                  000060d1    00000006     oled_ui.o (.rodata.str1.2522137003438374266.1)
                  000060d7    00000006     oled_ui.o (.rodata.str1.4581686099848791648.1)
                  000060dd    00000006     oled_ui.o (.rodata.str1.5965450730569173784.1)
                  000060e3    00000006     oled_ui.o (.rodata.str1.6806727740681590176.1)
                  000060e9    00000006     oled_ui.o (.rodata.str1.8693388333057100694.1)
                  000060ef    00000005     oled.o (.rodata.oled_get_glyph.colon)
                  000060f4    00000005     oled.o (.rodata.oled_get_glyph.eight)
                  000060f9    00000005     oled.o (.rodata.oled_get_glyph.five)
                  000060fe    00000005     oled.o (.rodata.oled_get_glyph.four)
                  00006103    00000005     oled.o (.rodata.oled_get_glyph.glyphA)
                  00006108    00000005     oled.o (.rodata.oled_get_glyph.glyphB)
                  0000610d    00000005     oled.o (.rodata.oled_get_glyph.glyphC)
                  00006112    00000005     oled.o (.rodata.oled_get_glyph.glyphD)
                  00006117    00000005     oled.o (.rodata.oled_get_glyph.glyphE)
                  0000611c    00000005     oled.o (.rodata.oled_get_glyph.glyphG)
                  00006121    00000005     oled.o (.rodata.oled_get_glyph.glyphH)
                  00006126    00000005     oled.o (.rodata.oled_get_glyph.glyphI)
                  0000612b    00000005     oled.o (.rodata.oled_get_glyph.glyphK)
                  00006130    00000005     oled.o (.rodata.oled_get_glyph.glyphL)
                  00006135    00000005     oled.o (.rodata.oled_get_glyph.glyphM)
                  0000613a    00000005     oled.o (.rodata.oled_get_glyph.glyphN)
                  0000613f    00000005     oled.o (.rodata.oled_get_glyph.glyphO)
                  00006144    00000005     oled.o (.rodata.oled_get_glyph.glyphP)
                  00006149    00000005     oled.o (.rodata.oled_get_glyph.glyphR)
                  0000614e    00000005     oled.o (.rodata.oled_get_glyph.glyphS)
                  00006153    00000005     oled.o (.rodata.oled_get_glyph.glyphT)
                  00006158    00000005     oled.o (.rodata.oled_get_glyph.glyphU)
                  0000615d    00000005     oled.o (.rodata.oled_get_glyph.glyphV)
                  00006162    00000005     oled.o (.rodata.oled_get_glyph.glyphW)
                  00006167    00000005     oled.o (.rodata.oled_get_glyph.glyphX)
                  0000616c    00000005     oled.o (.rodata.oled_get_glyph.glyphY)
                  00006171    00000005     oled.o (.rodata.oled_get_glyph.glyphb)
                  00006176    00000005     oled.o (.rodata.oled_get_glyph.gt)
                  0000617b    00000005     oled.o (.rodata.oled_get_glyph.minus)
                  00006180    00000005     oled.o (.rodata.oled_get_glyph.nine)
                  00006185    00000005     oled.o (.rodata.oled_get_glyph.one)
                  0000618a    00000005     oled.o (.rodata.oled_get_glyph.seven)
                  0000618f    00000005     oled.o (.rodata.oled_get_glyph.six)
                  00006194    00000005     oled.o (.rodata.oled_get_glyph.space)
                  00006199    00000005     oled.o (.rodata.oled_get_glyph.three)
                  0000619e    00000005     oled.o (.rodata.oled_get_glyph.two)
                  000061a3    00000005     oled.o (.rodata.oled_get_glyph.zero)
                  000061a8    00000005     oled_ui.o (.rodata.str1.1108652269057166745.1)
                  000061ad    00000005     oled_ui.o (.rodata.str1.12617122458660443890.1)
                  000061b2    00000005     oled_ui.o (.rodata.str1.13882251010780863896.1)
                  000061b7    00000005     oled_ui.o (.rodata.str1.14134189893851348960.1)
                  000061bc    00000005     oled_ui.o (.rodata.str1.15613891207764622616.1)
                  000061c1    00000005     oled_ui.o (.rodata.str1.15829239520183577662.1)
                  000061c6    00000005     oled_ui.o (.rodata.str1.15917848551323629232.1)
                  000061cb    00000005     car_controller.o (.rodata.str1.1652194605229746967.1)
                  000061d0    00000005     oled_ui.o (.rodata.str1.17274519358952562110.1)
                  000061d5    00000005     oled_ui.o (.rodata.str1.270145429241168923.1)
                  000061da    00000005     car_controller.o (.rodata.str1.4164979912472006574.1)
                  000061df    00000005     oled_ui.o (.rodata.str1.4402311448527872260.1)
                  000061e4    00000005     oled_ui.o (.rodata.str1.4581472623415959594.1)
                  000061e9    00000005     oled_ui.o (.rodata.str1.4610220316623841660.1)
                  000061ee    00000005     menu.o (.rodata.str1.4862307748908978627.1)
                  000061f3    00000005     oled_ui.o (.rodata.str1.7185587941321649510.1)
                  000061f8    00000005     oled_ui.o (.rodata.str1.7774807581888385879.1)
                  000061fd    00000005     oled_ui.o (.rodata.str1.8403269972884532600.1)
                  00006202    00000005     oled_ui.o (.rodata.str1.8426569189266129334.1)
                  00006207    00000005     oled_ui.o (.rodata.str1.8460525935980491721.1)
                  0000620c    00000005     car_controller.o (.rodata.str1.9234375891235759983.1)
                  00006211    00000005     oled_ui.o (.rodata.str1.9611283282870761829.1)
                  00006216    00000005     car_controller.o (.rodata.str1.9981487771679760427.1)
                  0000621b    00000004     oled_ui.o (.rodata.str1.1019225241002246410.1)
                  0000621f    00000004     oled_ui.o (.rodata.str1.10416366799939242409.1)
                  00006223    00000004     menu.o (.rodata.str1.12110183915172842339.1)
                  00006227    00000004     car_controller.o (.rodata.str1.12442237994239546032.1)
                  0000622b    00000004     oled_ui.o (.rodata.str1.12983537867572525563.1)
                  0000622f    00000004     oled_ui.o (.rodata.str1.130772507669342127.1)
                  00006233    00000004     menu.o (.rodata.str1.13124720451672825294.1)
                  00006237    00000004     oled_ui.o (.rodata.str1.13244290092665904221.1)
                  0000623b    00000004     oled_ui.o (.rodata.str1.13567883086814673087.1)
                  0000623f    00000004     oled_ui.o (.rodata.str1.13790669171379415506.1)
                  00006243    00000004     menu.o (.rodata.str1.14098755746347272832.1)
                  00006247    00000004     oled_ui.o (.rodata.str1.15577080202403550426.1)
                  0000624b    00000004     oled_ui.o (.rodata.str1.15802367878353263018.1)
                  0000624f    00000004     oled_ui.o (.rodata.str1.15817398807211891688.1)
                  00006253    00000004     oled_ui.o (.rodata.str1.15859922799842739878.1)
                  00006257    00000004     oled_ui.o (.rodata.str1.16411631209783952401.1)
                  0000625b    00000004     oled_ui.o (.rodata.str1.16939060351352778619.1)
                  0000625f    00000004     menu.o (.rodata.str1.17041139162815566052.1)
                  00006263    00000004     car_controller.o (.rodata.str1.17172356789460551389.1)
                  00006267    00000004     oled_ui.o (.rodata.str1.17464849429964608858.1)
                  0000626b    00000004     car_controller.o (.rodata.str1.18191498530309206443.1)
                  0000626f    00000004     oled_ui.o (.rodata.str1.18379317056176403938.1)
                  00006273    00000004     oled_ui.o (.rodata.str1.2308938766145545715.1)
                  00006277    00000004     oled_ui.o (.rodata.str1.3025253791635144717.1)
                  0000627b    00000004     oled_ui.o (.rodata.str1.3407221357956504873.1)
                  0000627f    00000004     oled_ui.o (.rodata.str1.3455423528827705371.1)
                  00006283    00000004     oled_ui.o (.rodata.str1.3702290527496711532.1)
                  00006287    00000004     oled_ui.o (.rodata.str1.5853739094453432564.1)
                  0000628b    00000004     car_controller.o (.rodata.str1.702403006289709404.1)
                  0000628f    00000004     oled_ui.o (.rodata.str1.7419768602719733415.1)
                  00006293    00000004     oled_ui.o (.rodata.str1.8236579331345056500.1)
                  00006297    00000004     oled_ui.o (.rodata.str1.9102528229756940648.1)
                  0000629b    00000004     oled_ui.o (.rodata.str1.9159586779647977165.1)
                  0000629f    00000004     oled_ui.o (.rodata.str1.9295666102996717355.1)
                  000062a3    00000004     menu.o (.rodata.str1.9546740394641817443.1)
                  000062a7    00000004     oled_ui.o (.rodata.str1.967006512144173535.1)
                  000062ab    00000004     oled_ui.o (.rodata.str1.9854382722193312766.1)
                  000062af    00000003     oled_ui.o (.rodata.str1.11232419324784801130.1)
                  000062b2    00000003     oled_ui.o (.rodata.str1.14358698208395374265.1)
                  000062b5    00000003     oled_ui.o (.rodata.str1.14556837007311414654.1)
                  000062b8    00000003     menu.o (.rodata.str1.16312125044762562515.1)
                  000062bb    00000003     oled_ui.o (.rodata.str1.16849766574302683489.1)
                  000062be    00000003     oled_ui.o (.rodata.str1.16931641404301806744.1)
                  000062c1    00000003     oled_ui.o (.rodata.str1.17812014771544466701.1)
                  000062c4    00000003     menu.o (.rodata.str1.4646809750356241979.1)
                  000062c7    00000003     menu.o (.rodata.str1.6857549598058878762.1)
                  000062ca    00000003     oled_ui.o (.rodata.str1.7219546930854689545.1)
                  000062cd    00000003     oled_ui.o (.rodata.str1.8783421139296713095.1)

.init_array 
*          0    00000000    00000000     UNINITIALIZED

.binit     0    00000000    00000000     

.bss       0    20200000    00000208     UNINITIALIZED
                  20200000    0000005c     (.common:g_appConfig)
                  2020005c    00000004     encoder.o (.bss.g_motorAPulses)
                  20200060    00000038     gimbal.o (.bss.g_feedback)
                  20200098    00000038     (.common:g_appRuntime)
                  202000d0    00000028     (.common:g_imuRuntime)
                  202000f8    00000020     mission_manager.o (.bss.g_missionRuntime)
                  20200118    00000018     gimbal_stepper_test.o (.bss.g_feedback)
                  20200130    00000014     motion_action.o (.bss.g_motionActionRuntime)
                  20200144    00000014     (.common:g_headingRuntime)
                  20200158    0000000e     car_controller.o (.bss.g_carControllerFeedback)
                  20200166    00000002     ultrasonic.o (.bss.g_echoTicks)
                  20200168    0000000e     ultrasonic.o (.bss.g_ultrasonicFeedback)
                  20200176    00000002     gimbal_stepper_test.o (.bss.g_pitchHalfPeriodTicks)
                  20200178    0000000a     obstacle_avoidance.o (.bss.g_avoidFeedback)
                  20200182    00000008     obstacle_monitor.o (.bss.g_obstacleFeedback)
                  2020018a    00000006     ultrasonic.o (.bss.g_distanceSamples)
                  20200190    00000008     gimbal_stepper_test.o (.bss.g_pitchEstimatedSteps)
                  20200198    00000008     gimbal.o (.bss.g_yawContinuousDegX10)
                  202001a0    00000008     gimbal.o (.bss.g_yawTargetContinuousDegX10)
                  202001a8    00000008     gimbal.o (.bss.g_yawWrappedDegX10)
                  202001b0    00000006     key.o (.bss.g_key1)
                  202001b6    00000006     key.o (.bss.g_key2)
                  202001bc    00000006     key.o (.bss.g_key3)
                  202001c2    00000002     gimbal_stepper_test.o (.bss.g_pitchStepHalfPeriodTicks)
                  202001c4    00000004     encoder.o (.bss.g_motorBPulses)
                  202001c8    00000004     gimbal_stepper_test.o (.bss.g_pitchCompletedSteps)
                  202001cc    00000004     gimbal_stepper_test.o (.bss.g_pitchTargetSteps)
                  202001d0    00000004     servo.o (.bss.g_servoFeedback)
                  202001d4    00000004     gimbal.o (.bss.g_yawCommandedRpm)
                  202001d8    00000004     gimbal.o (.bss.g_yawTargetRpm)
                  202001dc    00000002     obstacle_avoidance.o (.bss.g_resumeGraceMs)
                  202001de    00000002     servo.o (.bss.g_servoPwmPhase)
                  202001e0    00000002     ultrasonic.o (.bss.g_stateTicks)
                  202001e2    00000002     (.common:g_trackError)
                  202001e4    00000001     oled_ui.o (.bss.OledUi_Update_20ms.refreshDivider)
                  202001e5    00000001     empty.o (.bss.SysTick_Handler.controlMsCount)
                  202001e6    00000001     empty.o (.bss.SysTick_Handler.gimbalMsCount)
                  202001e7    00000001     empty.o (.bss.SysTick_Handler.tick100usCount)
                  202001e8    00000001     ultrasonic.o (.bss.Ultrasonic_Update_20ms.triggerDivider)
                  202001e9    00000001     empty.o (.bss.g_appUpdateDue)
                  202001ea    00000001     car_state.o (.bss.g_carState)
                  202001eb    00000001     obstacle_monitor.o (.bss.g_centerSettleTicks)
                  202001ec    00000001     ultrasonic.o (.bss.g_distanceSampleCount)
                  202001ed    00000001     ultrasonic.o (.bss.g_distanceSampleIndex)
                  202001ee    00000001     empty.o (.bss.g_gimbalUpdatePending)
                  202001ef    00000001     motor.o (.bss.g_motorADutyLevel)
                  202001f0    00000001     motor.o (.bss.g_motorBDutyLevel)
                  202001f1    00000001     obstacle_safety.o (.bss.g_obstacleSafetyHolding)
                  202001f2    00000001     oled.o (.bss.g_oledColumn)
                  202001f3    00000001     menu.o (.bss.g_oledPage)
                  202001f4    00000001     menu.o (.bss.g_paramItem)
                  202001f5    00000001     key.o (.bss.g_pendingEvent)
                  202001f6    00000001     gimbal_stepper_test.o (.bss.g_pitchDirection)
                  202001f7    00000001     gimbal_stepper_test.o (.bss.g_pitchRunning)
                  202001f8    00000001     gimbal_stepper_test.o (.bss.g_pitchStepHigh)
                  202001f9    00000001     gimbal_stepper_test.o (.bss.g_pitchStopAfterStepLow)
                  202001fa    00000001     motor.o (.bss.g_pwmPhase)
                  202001fb    00000001     car_controller.o (.bss.g_safetyHold)
                  202001fc    00000001     obstacle_avoidance.o (.bss.g_stateStarted)
                  202001fd    00000001     ultrasonic.o (.bss.g_triggerRequest)
                  202001fe    00000001     ultrasonic.o (.bss.g_ultrasonicState)
                  202001ff    00000001     gimbal.o (.bss.g_yawPositionValid)
                  20200200    00000001     (.common:g_carStateDebug)
                  20200201    00000001     (.common:g_keyEvent)
                  20200202    00000001     (.common:g_oledPageDebug)
                  20200203    00000001     (.common:g_paramItemDebug)
                  20200204    00000001     (.common:g_trackBlackCount)
                  20200205    00000001     (.common:g_trackModeDebug)
                  20200206    00000001     (.common:g_trackRaw)
                  20200207    00000001     (.common:g_trackTurnDebug)

.data      0    20200208    00000001     UNINITIALIZED
                  20200208    00000001     car_controller.o (.data.g_followTurnPolicy)

.stack     0    20207e00    00000200     UNINITIALIZED
                  20207e00    00000004     libc.a : boot_cortex_m.c.obj (.stack)
                  20207e04    000001fc     --HOLE--

__llvm_prf_cnts 
*          0    20200000    00000000     UNINITIALIZED

__llvm_prf_bits 
*          0    20200000    00000000     UNINITIALIZED

MODULE SUMMARY

       Module                         code    ro data   rw data
       ------                         ----    -------   -------
    .\
       car_controller.o               3208    64        72     
       imu.o                          3304    0         40     
       oled.o                         2088    401       1      
       oled_ui.o                      1792    377       1      
       gimbal.o                       1676    0         89     
       mission_manager.o              1184    0         32     
       motion_action.o                1016    0         20     
       app_config.o                   832     0         92     
       gimbal_stepper_test.o          800     0         48     
       menu.o                         768     72        2      
       obstacle_avoidance.o           752     0         13     
       mission_library.o              218     534       0      
       ultrasonic.o                   596     0         29     
       heading_control.o              468     0         20     
       key.o                          436     0         19     
       track_sensor.o                 372     0         0      
       motor.o                        356     0         3      
       ti_msp_dl_config.o             308     0         0      
       app.o                          290     0         10     
       empty.o                        288     0         5      
       obstacle_safety.o              228     0         1      
       obstacle_monitor.o             192     0         9      
       startup_mspm0g350x_ticlang.o   6       192       0      
       servo.o                        176     0         6      
       encoder.o                      144     0         8      
       car_state.o                    36      0         1      
    +--+------------------------------+-------+---------+---------+
       Total:                         21534   1640      521    
                                                               
    C:/TI/mspm0_sdk_2_05_01_00/source/ti/driverlib/lib/ticlang/m0p/mspm0g1x0x_g3x0x/driverlib.a
       dl_common.o                    10      0         0      
    +--+------------------------------+-------+---------+---------+
       Total:                         10      0         0      
                                                               
    D:\TI\CCS\ccs\tools\compiler\ti-cgt-armllvm_4.0.4.LTS\lib\armv6m-ti-none-eabi/c/libc.a
       memcpy16.S.obj                 154     0         0      
       copy_decompress_lzss.c.obj     124     0         0      
       memset16.S.obj                 98      0         0      
       autoinit.c.obj                 60      0         0      
       boot_cortex_m.c.obj            40      0         0      
       copy_zero_init.c.obj           22      0         0      
       copy_decompress_none.c.obj     18      0         0      
       exit.c.obj                     6       0         0      
       pre_init.c.obj                 4       0         0      
    +--+------------------------------+-------+---------+---------+
       Total:                         526     0         0      
                                                               
    D:\TI\CCS\ccs\tools\compiler\ti-cgt-armllvm_4.0.4.LTS\lib\armv6m-ti-none-eabi/c/libsysbm.a
       hostexit.c.obj                 4       0         0      
    +--+------------------------------+-------+---------+---------+
       Total:                         4       0         0      
                                                               
    D:\TI\CCS\ccs\tools\compiler\ti-cgt-armllvm_4.0.4.LTS\lib\armv6m-ti-none-eabi/libclang_rt.builtins.a
       addsf3.S.obj                   216     0         0      
       udivmoddi4.S.obj               162     0         0      
       mulsf3.S.obj                   140     0         0      
       divsf3.S.obj                   130     0         0      
       comparesf2.S.obj               118     0         0      
       aeabi_fcmp.S.obj               98      0         0      
       fixsfdi.S.obj                  96      0         0      
       aeabi_idivmod.S.obj            86      0         0      
       floatdisf.S.obj                78      0         0      
       aeabi_uidivmod.S.obj           64      0         0      
       divmoddi4.c.obj                62      0         0      
       floatsisf.S.obj                60      0         0      
       muldsi3.S.obj                  58      0         0      
       fixsfsi.S.obj                  56      0         0      
       muldi3.S.obj                   36      0         0      
       ashldi3.S.obj                  30      0         0      
       aeabi_ldivmod.S.obj            20      0         0      
       aeabi_uldivmod.S.obj           20      0         0      
       aeabi_memset.S.obj             12      0         0      
       aeabi_memcpy.S.obj             8       0         0      
       aeabi_div0.c.obj               4       0         0      
    +--+------------------------------+-------+---------+---------+
       Total:                         1554    0         0      
                                                               
       Stack:                         0       0         512    
       Linker Generated:              0       41        0      
    +--+------------------------------+-------+---------+---------+
       Grand Total:                   23628   1681      1033   


LINKER GENERATED COPY TABLES

__TI_cinit_table @ 000062ec records: 2, size/record: 8, table size: 16
	.bss: load addr=000062dc, load size=00000008 bytes, run addr=20200000, run size=00000208 bytes, compression=zero_init
	.data: load addr=000062e4, load size=00000005 bytes, run addr=20200208, run size=00000001 bytes, compression=lzss


LINKER GENERATED HANDLER TABLE

__TI_handler_table @ 000062d0 records: 3, size/record: 4, table size: 12
	index: 0, handler: __TI_decompress_lzss
	index: 1, handler: __TI_decompress_none
	index: 2, handler: __TI_zero_init


GLOBAL SYMBOLS: SORTED ALPHABETICALLY BY Name 

address   name                                    
-------   ----                                    
000040ab  ADC0_IRQHandler                         
000040ab  ADC1_IRQHandler                         
000040ab  AES_IRQHandler                          
00003d31  AppConfig_InitDefault                   
00001471  AppConfig_LimitAll                      
00004ea9  App_Init                                
00003bb1  App_Update_20ms                         
00005d12  C$$EXIT                                 
000040ab  CANFD0_IRQHandler                       
00005ca5  CarController_GetFeedback               
00005bc9  CarController_GetRunMode                
00004681  CarController_Init                      
000046fd  CarController_ResetRuntime              
000059ed  CarController_RunModeToString           
000050c1  CarController_SetSafetyHold             
00004455  CarController_StartDriveHeading         
00004779  CarController_StartFollowLine           
00004325  CarController_StartSeekLine             
000049d1  CarController_StartTurnLeft90           
000048e9  CarController_StartTurnRight90          
00004575  CarController_StartTurnToYawRelative    
00005899  CarController_Stop                      
000000c1  CarController_Update_20ms               
00005bd5  CarState_Get                            
00005be1  CarState_Init                           
00005bed  CarState_Set                            
000040ab  DAC0_IRQHandler                         
00005c7d  DL_Common_delayCycles                   
000040ab  DMA_IRQHandler                          
000040ab  Default_Handler                         
00004b21  Encoder_HandleGpioInterrupt             
00005851  Encoder_Reset                           
000040ab  GROUP0_IRQHandler                       
00005aad  GROUP1_IRQHandler                       
00005cad  GimbalStepperTest_GetFeedback           
00003ea1  GimbalStepperTest_Init                  
00003a21  GimbalStepperTest_MoveRelativeDeg       
00004c5d  GimbalStepperTest_Release               
00005ac1  GimbalStepperTest_SetStepHalfPeriodTicks
00004de9  GimbalStepperTest_StopHold              
00003ae9  GimbalStepperTest_Tick100us             
00005b89  Gimbal_YawGetFeedback                   
00005019  Gimbal_YawInit                          
00005201  Gimbal_YawMoveRelativeDeg               
00002c81  Gimbal_YawMoveWrappedDeg                
000053d5  Gimbal_YawRelease                       
00005411  Gimbal_YawStopHold                      
00005cb5  Gimbal_YawTick100us                     
00002ddd  Gimbal_YawUpdate5ms                     
00005d13  HOSTexit                                
000040ab  HardFault_Handler                       
00005ad5  HeadingControl_Enable                   
00005cbd  HeadingControl_GetRuntime               
00005ae9  HeadingControl_Init                     
00005a05  HeadingControl_LockCurrentYaw           
00005afd  HeadingControl_Reset                    
00005a1d  HeadingControl_SetTargetYaw             
00002b21  HeadingControl_Update                   
000040ab  I2C0_IRQHandler                         
000040ab  I2C1_IRQHandler                         
0000206d  Imu_CalibrateGyroBias                   
00005bf9  Imu_GetCorrectedGyroZDps                
00005cc5  Imu_GetRuntime                          
00005c05  Imu_GetYaw                              
00001199  Imu_Init                                
00005999  Imu_IsReady                             
00005c11  Imu_ResetYaw                            
00003199  Imu_Update                              
00005b99  Key_GetEvent                            
000056c5  Key_Init                                
000029ad  Key_Update_20ms                         
00005c1d  Menu_GetPage                            
00005c29  Menu_GetParamItem                       
00004cc1  Menu_GetParamValue                      
00001971  Menu_HandleKeyEvent                     
00005b11  Menu_Init                               
00005a35  Menu_ParamItemToString                  
00005a4d  MissionLibrary_FindById                 
00005b25  MissionLibrary_GetByIndex               
00005d17  MissionLibrary_GetCount                 
00004001  MissionLibrary_Validate                 
000056f5  MissionManager_Cancel                   
00005ccd  MissionManager_GetMissionCount          
00005cd5  MissionManager_GetRuntime               
00005b39  MissionManager_GetSelectedMissionId     
00004b8d  MissionManager_GetSelectedMissionIndex  
00005249  MissionManager_Init                     
000058b9  MissionManager_Pause                    
00005725  MissionManager_Reset                    
000058d9  MissionManager_Resume                   
000034f1  MissionManager_SelectNext               
000036cd  MissionManager_SelectPrevious           
00005c35  MissionManager_SetExternalHold          
000052d5  MissionManager_Start                    
000033f9  MissionManager_Update_20ms              
00005a65  MotionAction_Cancel                     
000058f9  MotionAction_GetCurrentBypassDirection  
00005919  MotionAction_GetCurrentObstaclePolicy   
00005cdd  MotionAction_GetRuntime                 
00005a7d  MotionAction_Init                       
000055b5  MotionAction_ReapplyControllerTarget    
00002f1d  MotionAction_Start                      
00002281  MotionAction_Update_20ms                
000055ed  Motor_Init                              
00005111  Motor_PwmTick100us                      
00003f51  Motor_SetSpeed                          
00005755  Motor_Stop                              
000040ab  NMI_Handler                             
00001bc9  OLED_Clear                              
0000387d  OLED_Init                               
00004f07  OLED_PrintBinary7                       
00003951  OLED_PrintChar                          
0000305d  OLED_PrintInt16                         
00005691  OLED_PrintString                        
0000565d  OLED_SetCursor                          
00005ce5  ObstacleAvoidance_GetFeedback           
00005939  ObstacleAvoidance_Init                  
00005c41  ObstacleAvoidance_IsActive              
00005c4d  ObstacleAvoidance_IsFailed              
00005ba9  ObstacleAvoidance_IsResumeGraceActive   
000016f9  ObstacleAvoidance_Update_20ms           
00005ced  ObstacleMonitor_GetFeedback             
000059b5  ObstacleMonitor_Init                    
00004151  ObstacleMonitor_Update_20ms             
000059d1  ObstacleSafety_Init                     
00005c59  ObstacleSafety_IsHolding                
00003c75  ObstacleSafety_Update_20ms              
00005c65  OledUi_Init                             
000007b5  OledUi_Update_20ms                      
000040ab  PendSV_Handler                          
000040ab  RTC_IRQHandler                          
00005d1b  Reset_Handler                           
000040ab  SPI0_IRQHandler                         
000040ab  SPI1_IRQHandler                         
000040ab  SVC_Handler                             
00003de9  SYSCFG_DL_GPIO_init                     
00005315  SYSCFG_DL_SYSCTL_init                   
00005bb9  SYSCFG_DL_init                          
00005781  SYSCFG_DL_initPower                     
00005cf5  Servo_GetFeedback                       
000057d9  Servo_Init                              
0000544d  Servo_SetAngleDeg                       
00005291  Servo_Tick100us                         
00004a41  SysTick_Handler                         
000040ab  TIMA0_IRQHandler                        
000040ab  TIMA1_IRQHandler                        
000040ab  TIMG0_IRQHandler                        
000040ab  TIMG12_IRQHandler                       
000040ab  TIMG6_IRQHandler                        
000040ab  TIMG7_IRQHandler                        
000040ab  TIMG8_IRQHandler                        
000057ad  TrackSensor_CountBlack                  
00004ab1  TrackSensor_DetectTurn                  
00004bf5  TrackSensor_GetErrorFromRaw             
0000414f  TrackSensor_Init                        
00005c87  TrackSensor_IsCenterDetected            
00005c91  TrackSensor_IsLineDetected              
00005c9b  TrackSensor_IsLineLost                  
0000506d  TrackSensor_ReadRaw                     
000040ab  UART0_IRQHandler                        
000040ab  UART1_IRQHandler                        
000040ab  UART2_IRQHandler                        
000040ab  UART3_IRQHandler                        
00005cfd  Ultrasonic_GetFeedback                  
00005161  Ultrasonic_Init                         
0000280d  Ultrasonic_Tick100us                    
00004f65  Ultrasonic_Update_20ms                  
20208000  __STACK_END                             
00000200  __STACK_SIZE                            
00000000  __TI_ATRegion0_region_sz                
00000000  __TI_ATRegion0_src_addr                 
00000000  __TI_ATRegion0_trg_addr                 
00000000  __TI_ATRegion1_region_sz                
00000000  __TI_ATRegion1_src_addr                 
00000000  __TI_ATRegion1_trg_addr                 
00000000  __TI_ATRegion2_region_sz                
00000000  __TI_ATRegion2_src_addr                 
00000000  __TI_ATRegion2_trg_addr                 
000062ec  __TI_CINIT_Base                         
000062fc  __TI_CINIT_Limit                        
000062fc  __TI_CINIT_Warm                         
000062d0  __TI_Handler_Table_Base                 
000062dc  __TI_Handler_Table_Limit                
00005501  __TI_auto_init_nobinit_nopinit          
000047f5  __TI_decompress_lzss                    
00005b75  __TI_decompress_none                    
ffffffff  __TI_pprof_out_hndl                     
ffffffff  __TI_prof_data_size                     
ffffffff  __TI_prof_data_start                    
00000000  __TI_static_base__                      
00005a95  __TI_zero_init_nomemset                 
000037af  __addsf3                                
00005625  __aeabi_f2iz                            
00004e49  __aeabi_f2lz                            
000037af  __aeabi_fadd                            
00004d25  __aeabi_fcmpeq                          
00004d61  __aeabi_fcmpge                          
00004d75  __aeabi_fcmpgt                          
00004d4d  __aeabi_fcmple                          
00004d39  __aeabi_fcmplt                          
000045fd  __aeabi_fdiv                            
000044e9  __aeabi_fmul                            
000037a5  __aeabi_fsub                            
00005489  __aeabi_i2f                             
00004fc1  __aeabi_idiv                            
00004323  __aeabi_idiv0                           
00004fc1  __aeabi_idivmod                         
000051b1  __aeabi_l2f                             
0000467f  __aeabi_ldiv0                           
00005b4d  __aeabi_ldivmod                         
00005979  __aeabi_llsl                            
00005875  __aeabi_lmul                            
00005c71  __aeabi_memclr                          
00005c71  __aeabi_memclr4                         
00005c71  __aeabi_memclr8                         
00005d05  __aeabi_memcpy                          
00005d05  __aeabi_memcpy4                         
00005d05  __aeabi_memcpy8                         
00005355  __aeabi_uidiv                           
00005355  __aeabi_uidivmod                        
00005b61  __aeabi_uldivmod                        
00005979  __ashldi3                               
ffffffff  __binit__                               
0000553d  __cmpsf2                                
00005395  __divmoddi4                             
000045fd  __divsf3                                
0000553d  __eqsf2                                 
00004e49  __fixsfdi                               
00005625  __fixsfsi                               
000051b1  __floatdisf                             
00005489  __floatsisf                             
000054c5  __gesf2                                 
000054c5  __gtsf2                                 
0000553d  __lesf2                                 
0000553d  __ltsf2                                 
UNDEFED   __mpu_init                              
00005875  __muldi3                                
00005579  __muldsi3                               
000044e9  __mulsf3                                
0000553d  __nesf2                                 
20207e00  __stack                                 
20200000  __start___llvm_prf_bits                 
20200000  __start___llvm_prf_cnts                 
20200000  __stop___llvm_prf_bits                  
20200000  __stop___llvm_prf_cnts                  
000037a5  __subsf3                                
000040ad  __udivmoddi4                            
00005829  _c_int00_noargs                         
UNDEFED   _system_post_cinit                      
00005d1f  _system_pre_init                        
00005d0d  abort                                   
ffffffff  binit                                   
20200000  g_appConfig                             
20200098  g_appRuntime                            
20200200  g_carStateDebug                         
20200144  g_headingRuntime                        
202000d0  g_imuRuntime                            
20200201  g_keyEvent                              
20200202  g_oledPageDebug                         
20200203  g_paramItemDebug                        
20200204  g_trackBlackCount                       
202001e2  g_trackError                            
20200205  g_trackModeDebug                        
20200206  g_trackRaw                              
20200207  g_trackTurnDebug                        
00000000  interruptVectors                        
000041ed  main                                    
00004289  memcpy                                  
00004d87  memset                                  


GLOBAL SYMBOLS: SORTED BY Symbol Address 

address   name                                    
-------   ----                                    
00000000  __TI_ATRegion0_region_sz                
00000000  __TI_ATRegion0_src_addr                 
00000000  __TI_ATRegion0_trg_addr                 
00000000  __TI_ATRegion1_region_sz                
00000000  __TI_ATRegion1_src_addr                 
00000000  __TI_ATRegion1_trg_addr                 
00000000  __TI_ATRegion2_region_sz                
00000000  __TI_ATRegion2_src_addr                 
00000000  __TI_ATRegion2_trg_addr                 
00000000  __TI_static_base__                      
00000000  interruptVectors                        
000000c1  CarController_Update_20ms               
00000200  __STACK_SIZE                            
000007b5  OledUi_Update_20ms                      
00001199  Imu_Init                                
00001471  AppConfig_LimitAll                      
000016f9  ObstacleAvoidance_Update_20ms           
00001971  Menu_HandleKeyEvent                     
00001bc9  OLED_Clear                              
0000206d  Imu_CalibrateGyroBias                   
00002281  MotionAction_Update_20ms                
0000280d  Ultrasonic_Tick100us                    
000029ad  Key_Update_20ms                         
00002b21  HeadingControl_Update                   
00002c81  Gimbal_YawMoveWrappedDeg                
00002ddd  Gimbal_YawUpdate5ms                     
00002f1d  MotionAction_Start                      
0000305d  OLED_PrintInt16                         
00003199  Imu_Update                              
000033f9  MissionManager_Update_20ms              
000034f1  MissionManager_SelectNext               
000036cd  MissionManager_SelectPrevious           
000037a5  __aeabi_fsub                            
000037a5  __subsf3                                
000037af  __addsf3                                
000037af  __aeabi_fadd                            
0000387d  OLED_Init                               
00003951  OLED_PrintChar                          
00003a21  GimbalStepperTest_MoveRelativeDeg       
00003ae9  GimbalStepperTest_Tick100us             
00003bb1  App_Update_20ms                         
00003c75  ObstacleSafety_Update_20ms              
00003d31  AppConfig_InitDefault                   
00003de9  SYSCFG_DL_GPIO_init                     
00003ea1  GimbalStepperTest_Init                  
00003f51  Motor_SetSpeed                          
00004001  MissionLibrary_Validate                 
000040ab  ADC0_IRQHandler                         
000040ab  ADC1_IRQHandler                         
000040ab  AES_IRQHandler                          
000040ab  CANFD0_IRQHandler                       
000040ab  DAC0_IRQHandler                         
000040ab  DMA_IRQHandler                          
000040ab  Default_Handler                         
000040ab  GROUP0_IRQHandler                       
000040ab  HardFault_Handler                       
000040ab  I2C0_IRQHandler                         
000040ab  I2C1_IRQHandler                         
000040ab  NMI_Handler                             
000040ab  PendSV_Handler                          
000040ab  RTC_IRQHandler                          
000040ab  SPI0_IRQHandler                         
000040ab  SPI1_IRQHandler                         
000040ab  SVC_Handler                             
000040ab  TIMA0_IRQHandler                        
000040ab  TIMA1_IRQHandler                        
000040ab  TIMG0_IRQHandler                        
000040ab  TIMG12_IRQHandler                       
000040ab  TIMG6_IRQHandler                        
000040ab  TIMG7_IRQHandler                        
000040ab  TIMG8_IRQHandler                        
000040ab  UART0_IRQHandler                        
000040ab  UART1_IRQHandler                        
000040ab  UART2_IRQHandler                        
000040ab  UART3_IRQHandler                        
000040ad  __udivmoddi4                            
0000414f  TrackSensor_Init                        
00004151  ObstacleMonitor_Update_20ms             
000041ed  main                                    
00004289  memcpy                                  
00004323  __aeabi_idiv0                           
00004325  CarController_StartSeekLine             
00004455  CarController_StartDriveHeading         
000044e9  __aeabi_fmul                            
000044e9  __mulsf3                                
00004575  CarController_StartTurnToYawRelative    
000045fd  __aeabi_fdiv                            
000045fd  __divsf3                                
0000467f  __aeabi_ldiv0                           
00004681  CarController_Init                      
000046fd  CarController_ResetRuntime              
00004779  CarController_StartFollowLine           
000047f5  __TI_decompress_lzss                    
000048e9  CarController_StartTurnRight90          
000049d1  CarController_StartTurnLeft90           
00004a41  SysTick_Handler                         
00004ab1  TrackSensor_DetectTurn                  
00004b21  Encoder_HandleGpioInterrupt             
00004b8d  MissionManager_GetSelectedMissionIndex  
00004bf5  TrackSensor_GetErrorFromRaw             
00004c5d  GimbalStepperTest_Release               
00004cc1  Menu_GetParamValue                      
00004d25  __aeabi_fcmpeq                          
00004d39  __aeabi_fcmplt                          
00004d4d  __aeabi_fcmple                          
00004d61  __aeabi_fcmpge                          
00004d75  __aeabi_fcmpgt                          
00004d87  memset                                  
00004de9  GimbalStepperTest_StopHold              
00004e49  __aeabi_f2lz                            
00004e49  __fixsfdi                               
00004ea9  App_Init                                
00004f07  OLED_PrintBinary7                       
00004f65  Ultrasonic_Update_20ms                  
00004fc1  __aeabi_idiv                            
00004fc1  __aeabi_idivmod                         
00005019  Gimbal_YawInit                          
0000506d  TrackSensor_ReadRaw                     
000050c1  CarController_SetSafetyHold             
00005111  Motor_PwmTick100us                      
00005161  Ultrasonic_Init                         
000051b1  __aeabi_l2f                             
000051b1  __floatdisf                             
00005201  Gimbal_YawMoveRelativeDeg               
00005249  MissionManager_Init                     
00005291  Servo_Tick100us                         
000052d5  MissionManager_Start                    
00005315  SYSCFG_DL_SYSCTL_init                   
00005355  __aeabi_uidiv                           
00005355  __aeabi_uidivmod                        
00005395  __divmoddi4                             
000053d5  Gimbal_YawRelease                       
00005411  Gimbal_YawStopHold                      
0000544d  Servo_SetAngleDeg                       
00005489  __aeabi_i2f                             
00005489  __floatsisf                             
000054c5  __gesf2                                 
000054c5  __gtsf2                                 
00005501  __TI_auto_init_nobinit_nopinit          
0000553d  __cmpsf2                                
0000553d  __eqsf2                                 
0000553d  __lesf2                                 
0000553d  __ltsf2                                 
0000553d  __nesf2                                 
00005579  __muldsi3                               
000055b5  MotionAction_ReapplyControllerTarget    
000055ed  Motor_Init                              
00005625  __aeabi_f2iz                            
00005625  __fixsfsi                               
0000565d  OLED_SetCursor                          
00005691  OLED_PrintString                        
000056c5  Key_Init                                
000056f5  MissionManager_Cancel                   
00005725  MissionManager_Reset                    
00005755  Motor_Stop                              
00005781  SYSCFG_DL_initPower                     
000057ad  TrackSensor_CountBlack                  
000057d9  Servo_Init                              
00005829  _c_int00_noargs                         
00005851  Encoder_Reset                           
00005875  __aeabi_lmul                            
00005875  __muldi3                                
00005899  CarController_Stop                      
000058b9  MissionManager_Pause                    
000058d9  MissionManager_Resume                   
000058f9  MotionAction_GetCurrentBypassDirection  
00005919  MotionAction_GetCurrentObstaclePolicy   
00005939  ObstacleAvoidance_Init                  
00005979  __aeabi_llsl                            
00005979  __ashldi3                               
00005999  Imu_IsReady                             
000059b5  ObstacleMonitor_Init                    
000059d1  ObstacleSafety_Init                     
000059ed  CarController_RunModeToString           
00005a05  HeadingControl_LockCurrentYaw           
00005a1d  HeadingControl_SetTargetYaw             
00005a35  Menu_ParamItemToString                  
00005a4d  MissionLibrary_FindById                 
00005a65  MotionAction_Cancel                     
00005a7d  MotionAction_Init                       
00005a95  __TI_zero_init_nomemset                 
00005aad  GROUP1_IRQHandler                       
00005ac1  GimbalStepperTest_SetStepHalfPeriodTicks
00005ad5  HeadingControl_Enable                   
00005ae9  HeadingControl_Init                     
00005afd  HeadingControl_Reset                    
00005b11  Menu_Init                               
00005b25  MissionLibrary_GetByIndex               
00005b39  MissionManager_GetSelectedMissionId     
00005b4d  __aeabi_ldivmod                         
00005b61  __aeabi_uldivmod                        
00005b75  __TI_decompress_none                    
00005b89  Gimbal_YawGetFeedback                   
00005b99  Key_GetEvent                            
00005ba9  ObstacleAvoidance_IsResumeGraceActive   
00005bb9  SYSCFG_DL_init                          
00005bc9  CarController_GetRunMode                
00005bd5  CarState_Get                            
00005be1  CarState_Init                           
00005bed  CarState_Set                            
00005bf9  Imu_GetCorrectedGyroZDps                
00005c05  Imu_GetYaw                              
00005c11  Imu_ResetYaw                            
00005c1d  Menu_GetPage                            
00005c29  Menu_GetParamItem                       
00005c35  MissionManager_SetExternalHold          
00005c41  ObstacleAvoidance_IsActive              
00005c4d  ObstacleAvoidance_IsFailed              
00005c59  ObstacleSafety_IsHolding                
00005c65  OledUi_Init                             
00005c71  __aeabi_memclr                          
00005c71  __aeabi_memclr4                         
00005c71  __aeabi_memclr8                         
00005c7d  DL_Common_delayCycles                   
00005c87  TrackSensor_IsCenterDetected            
00005c91  TrackSensor_IsLineDetected              
00005c9b  TrackSensor_IsLineLost                  
00005ca5  CarController_GetFeedback               
00005cad  GimbalStepperTest_GetFeedback           
00005cb5  Gimbal_YawTick100us                     
00005cbd  HeadingControl_GetRuntime               
00005cc5  Imu_GetRuntime                          
00005ccd  MissionManager_GetMissionCount          
00005cd5  MissionManager_GetRuntime               
00005cdd  MotionAction_GetRuntime                 
00005ce5  ObstacleAvoidance_GetFeedback           
00005ced  ObstacleMonitor_GetFeedback             
00005cf5  Servo_GetFeedback                       
00005cfd  Ultrasonic_GetFeedback                  
00005d05  __aeabi_memcpy                          
00005d05  __aeabi_memcpy4                         
00005d05  __aeabi_memcpy8                         
00005d0d  abort                                   
00005d12  C$$EXIT                                 
00005d13  HOSTexit                                
00005d17  MissionLibrary_GetCount                 
00005d1b  Reset_Handler                           
00005d1f  _system_pre_init                        
000062d0  __TI_Handler_Table_Base                 
000062dc  __TI_Handler_Table_Limit                
000062ec  __TI_CINIT_Base                         
000062fc  __TI_CINIT_Limit                        
000062fc  __TI_CINIT_Warm                         
20200000  __start___llvm_prf_bits                 
20200000  __start___llvm_prf_cnts                 
20200000  __stop___llvm_prf_bits                  
20200000  __stop___llvm_prf_cnts                  
20200000  g_appConfig                             
20200098  g_appRuntime                            
202000d0  g_imuRuntime                            
20200144  g_headingRuntime                        
202001e2  g_trackError                            
20200200  g_carStateDebug                         
20200201  g_keyEvent                              
20200202  g_oledPageDebug                         
20200203  g_paramItemDebug                        
20200204  g_trackBlackCount                       
20200205  g_trackModeDebug                        
20200206  g_trackRaw                              
20200207  g_trackTurnDebug                        
20207e00  __stack                                 
20208000  __STACK_END                             
ffffffff  __TI_pprof_out_hndl                     
ffffffff  __TI_prof_data_size                     
ffffffff  __TI_prof_data_start                    
ffffffff  __binit__                               
ffffffff  binit                                   
UNDEFED   __mpu_init                              
UNDEFED   _system_post_cinit                      

[269 symbols]
