******************************************************************************
            TI ARM Clang Linker PC v4.0.4                      
******************************************************************************
>> Linked Sat Aug  1 03:49:55 2026

OUTPUT FILE NAME:   <diansaikaishi.out>
ENTRY POINT SYMBOL: "_c_int00_noargs"  address: 000124fd


MEMORY CONFIGURATION

         name            origin    length      used     unused   attr    fill
----------------------  --------  ---------  --------  --------  ----  --------
  FLASH                 00000000   00020000  00013be8  0000c418  R  X
  SRAM                  20200000   00008000  00001b96  0000646a  RW X
  BCR_CONFIG            41c00000   000000ff  00000000  000000ff  R   
  BSL_CONFIG            41c00100   00000080  00000000  00000080  R   


SEGMENT ALLOCATION MAP

run origin  load origin   length   init length attrs members
----------  ----------- ---------- ----------- ----- -------
00000000    00000000    00013748   00013748    r-x
  00000000    00000000    000000c0   000000c0    r-- .intvecs
  000000c0    000000c0    00012ce0   00012ce0    r-x .text
  00012da0    00012da0    000009a8   000009a8    r-- .rodata
000137a8    000137a8    00000040   00000040    r--
  000137a8    000137a8    00000030   00000030    r-- .cinit
  000137d8    000137d8    00000010   00000010    r-- .binit
0001fc00    0001fc00    00000400   00000400    r--
  0001fc00    0001fc00    00000400   00000400    r-- .TI.bound:g_balanceCalibrationReservedSector
20200000    20200000    00001936   00000000    rw-
  20200000    20200000    00001935   00000000    rw- .bss
  20201935    20201935    00000001   00000000    rw- .data
20201938    00013748    00000060   00000060    r-x
  20201938    00013748    00000060   00000060    r-x .TI.ramfunc
20207e00    20207e00    00000200   00000000    rw-
  20207e00    20207e00    00000200   00000000    rw- .stack


SECTION ALLOCATION MAP

 output                                  attributes/
section   page    origin      length       input sections
--------  ----  ----------  ----------   ----------------
.intvecs   0    00000000    000000c0     
                  00000000    000000c0     startup_mspm0g350x_ticlang.o (.intvecs)

.text      0    000000c0    00012ce0     
                  000000c0    00001700     oled_ui.o (.text.print_balance_stepper_test_page)
                  000017c0    00000ad8     oled_ui.o (.text.print_imu_counters_page)
                  00002298    00000834     balance_tuning.o (.text.send_config)
                  00002acc    000007ec     oled_ui.o (.text.print_balance_vision_page)
                  000032b8    0000064c     app_config.o (.text.AppConfig_LimitAll)
                  00003904    00000640     balance_tuning.o (.text.consume_rx_byte)
                  00003f44    000005ac     imu.o (.text.Imu_CalibrateGyroBias)
                  000044f0    00000524     line_controller.o (.text.LineController_Update)
                  00004a14    000004bc     oled_ui.o (.text.print_encoder_page)
                  00004ed0    0000049c     runtime_snapshot.o (.text.RuntimeSnapshot_Update)
                  0000536c    00000478     oled_ui.o (.text.print_sensor_page)
                  000057e4    00000464     balance_ball_control.o (.text.BalanceBallControl_Update20ms)
                  00005c48    0000044c     motor_control.o (.text.update_wheel)
                  00006094    00000424     wheel_speed_estimator.o (.text.WheelSpeedEstimator_Update)
                  000064b8    000003f4     vision_protocol.o (.text.VisionProtocol_ParseBallAsciiLine)
                  000068ac    000003e0     balance_position_control.o (.text.BalancePositionControl_Update20ms)
                  00006c8c    000003e0     imu.o (.text.Imu_Update)
                  0000706c    000003c4     oled_ui.o (.text.print_motor_control_detail_page)
                  00007430    00000380     imu.o (.text.Imu_Init)
                  000077b0    0000037c     oled_ui.o (.text.print_heading_page)
                  00007b2c    00000370     gimbal.o (.text.gimbal_update_feedback)
                  00007e9c    0000033c     oled_ui.o (.text.print_drive_distance_page)
                  000081d8    00000324     oled_ui.o (.text.print_imu_detail_page)
                  000084fc    00000314     menu.o (.text.Menu_HandleKeyEvent)
                  00008810    00000300     oled_ui.o (.text.print_motor_control_page)
                  00008b10    000002f0     imu.o (.text.mpu6050_read_regs)
                  00008e00    000002cc     car_controller.o (.text.handle_drive_distance)
                  000090cc    000002b0     motion_action.o (.text.MotionAction_Update_20ms)
                  0000937c    00000290     balance_calibration_store.o (.text.BalanceCalibrationStore_Save)
                  0000960c    0000028c     motor_control.o (.text.MotorControl_Update)
                  00009898    00000278     balance_tuning.o (.text.BalanceTuning_Update20ms)
                  00009b10    0000026c     balance_soft_limits.o (.text.BalanceSoftLimits_Update20ms)
                  00009d7c    00000268     car_controller.o (.text.handle_turn_to_yaw)
                  00009fe4    00000250     menu.o (.text.menu_adjust_param)
                  0000a234    00000248     vision_receiver.o (.text.VisionReceiver_Process)
                  0000a47c    00000220     app_config.o (.text.AppConfig_InitDefault)
                  0000a69c    00000220     motion_action.o (.text.motion_action_start_internal)
                  0000a8bc    0000021c     balance_tuning.o (.text.BalanceTuning_Process)
                  0000aad8    00000204     motor.o (.text.Motor_SetSpeed)
                  0000acdc    00000200     balance_tuning.o (.text.apply_parameter)
                  0000aedc    000001f0     oled_ui.o (.text.print_param_page)
                  0000b0cc    000001e8     motor_control.o (.text.config_is_valid)
                  0000b2b4    000001e4     mission_library.o (.text.MissionLibrary_Validate)
                  0000b498    000001cc     imu.o (.text.imu_i2c_write_byte)
                  0000b664    000001cc     oled_ui.o (.text.print_status_page)
                  0000b830    000001b8     oled.o (.text.oled_i2c_write_byte)
                  0000b9e8    000001a8     app.o (.text.App_Update_20ms)
                  0000bb90    000001a0     ultrasonic.o (.text.Ultrasonic_Tick100us)
                  0000bd30    0000019c     car_controller.o (.text.CarController_StartDriveDistanceAtYaw)
                  0000becc    00000194     gimbal_stepper.o (.text.GimbalStepper_Tick100us)
                  0000c060    00000190     car_controller.o (.text.CarController_Update_20ms)
                  0000c1f0    00000188     oled_ui.o (.text.print_imu_page)
                  0000c378    00000174     key.o (.text.Key_Update_20ms)
                  0000c4ec    00000170     oled.o (.text.OLED_FlushPage)
                  0000c65c    0000016c     oled.o (.text.OLED_PrintInt16)
                  0000c7c8    0000016c     balance_tuning.o (.text.parse_x100)
                  0000c934    00000160     oled_ui.o (.text.print_balance_limit_value)
                  0000ca94    0000015c     oled_ui.o (.text.print_signed_total_tail)
                  0000cbf0    00000150     vision_protocol.o (.text.parse_decimal_x1000)
                  0000cd40    0000014c     balance_position_control.o (.text.BalancePositionControl_Start)
                  0000ce8c    0000014c     balance_soft_limits.o (.text.BalanceSoftLimits_CaptureCurrentStage)
                  0000cfd8    00000140     balance_calibration_store.o (.text.BalanceCalibrationStore_Load)
                  0000d118    0000013c     vision_receiver.o (.text.accept_packet)
                  0000d254    0000013c     oled_ui.o (.text.print_balance_vision_rx_debug_page)
                  0000d390    0000012c     imu.o (.text.imu_i2c_recover_bus)
                  0000d4bc    0000012c     oled_ui.o (.text.print_uint64_decimal)
                  0000d5e8    00000128     line_controller.o (.text.LineController_Reset)
                  0000d710    00000128     mission_manager.o (.text.MissionManager_Update_20ms)
                  0000d838    00000124     oled.o (.text.OLED_Init)
                  0000d95c    00000120     oled_ui.o (.text.print_bluetooth_page)
                  0000da7c    0000011c     car_controller.o (.text.handle_drive_heading)
                  0000db98    00000118     oled_ui.o (.text.print_obstacle_page)
                  0000dcb0    00000114     car_controller.o (.text.handle_follow_line)
                  0000ddc4    0000010c     balance_soft_limits.o (.text.BalanceSoftLimits_BeginAtCurrentAsZero)
                  0000ded0    0000010c     line_controller.o (.text.LineController_ResetControlState)
                  0000dfdc    00000104     driverlib.a : dl_timer.o (.text.DL_Timer_initFourCCPWMMode)
                  0000e0e0    00000104     line_controller.o (.text.LineController_Init)
                  0000e1e4    00000104     ti_msp_dl_config.o (.text.SYSCFG_DL_GPIO_init)
                  0000e2e8    00000104     balance_tuning.o (.text.send_text)
                  0000e3ec    00000100     motor_control.o (.text.MotorControl_SetNormalizedTarget)
                  0000e4ec    000000fc     mission_manager.o (.text.MissionManager_SelectNext)
                  0000e5e8    000000f8     vision_uart.o (.text.VisionUart_Process)
                  0000e6e0    000000ec     heading_control.o (.text.HeadingControl_Update)
                  0000e7cc    000000ec     empty.o (.text.main)
                  0000e8b8    000000e8     balance_soft_limits.o (.text.BalanceSoftLimits_StartRelativePositionMoveSteps)
                  0000e9a0    000000e8     mission_manager.o (.text.MissionManager_SelectPrevious)
                  0000ea88    000000e8     obstacle_safety.o (.text.ObstacleSafety_Update_20ms)
                  0000eb70    000000e0     wheel_speed_estimator.o (.text.WheelSpeedEstimator_Init)
                  0000ec50    000000d8     driverlib.a : dl_flashctl.o (.text.DL_FlashCTL_unprotectSector)
                  0000ed28    000000d8     oled.o (.text.OLED_PrintUInt16)
                  0000ee00    000000d8     balance_ball_control.o (.text.return_toward_zero)
                  0000eed8    000000d8     libclang_rt.builtins.a : addsf3.S.obj (.text)
                  0000efb0    000000d4     car_controller.o (.text.CarController_StartDriveDistance)
                  0000f084    000000d4     gimbal_stepper.o (.text.GimbalStepper_MoveRelativeSteps)
                  0000f158    000000cc     balance_encoder.o (.text.BalanceEncoder_HandleGpioInterrupt)
                  0000f224    000000cc     oled_ui.o (.text.OledUi_Update_20ms)
                  0000f2f0    000000c8     fault.o (.text.FaultCode_ToShortString)
                  0000f3b8    000000c0     angle_utils.o (.text.Angle_Normalize180)
                  0000f478    000000c0     balance_soft_limits.o (.text.oscillation_target_for_phase)
                  0000f538    000000bc     balance_ball_control.o (.text.BalanceBallControl_SetConfig)
                  0000f5f4    000000bc     balance_soft_limits.o (.text.BalanceSoftLimits_Init)
                  0000f6b0    000000bc     car_controller.o (.text.CarController_ResetRuntime)
                  0000f76c    000000bc     menu.o (.text.Menu_GetParamValue)
                  0000f828    000000b4     gimbal_stepper.o (.text.GimbalStepper_StopHold)
                  0000f8dc    000000b0     gimbal_stepper.o (.text.GimbalStepper_Init)
                  0000f98c    000000b0     empty.o (.text.SysTick_Handler)
                  0000fa3c    000000ac     balance_soft_limits.o (.text.BalanceSoftLimits_StartPositionMoveToLogicalCount)
                  0000fae8    000000a8     balance_soft_limits.o (.text.BalanceSoftLimits_ArmRecalibration)
                  0000fb90    000000a4     encoder.o (.text.Encoder_HandleGpioInterrupt)
                  0000fc34    000000a4     balance_calibration_store.o (.text.calibration_crc32)
                  0000fcd8    000000a2     libclang_rt.builtins.a : udivmoddi4.S.obj (.text)
                  0000fd7a    00000002     startup_mspm0g350x_ticlang.o (.text.Default_Handler)
                  0000fd7c    000000a0     balance_soft_limits.o (.text.BalanceSoftLimits_AbortCalibration)
                  0000fe1c    000000a0     car_controller.o (.text.drive_distance_high_decel_zone_cm)
                  0000febc    0000009c     obstacle_monitor.o (.text.ObstacleMonitor_Update_20ms)
                  0000ff58    0000009a     libc.a : memcpy16.S.obj (.text:memcpy)
                  0000fff2    00000002     obstacle_avoidance.o (.text.ObstacleAvoidance_Update_20ms)
                  0000fff4    00000098     balance_position_control.o (.text.BalancePositionControl_ResetFault)
                  0001008c    00000098     balance_soft_limits.o (.text.BalanceSoftLimits_CancelRecalibration)
                  00010124    00000098     imu.o (.text.mpu6050_write_reg)
                  000101bc    00000094     car_controller.o (.text.CarController_StartTurnToYawRelative)
                  00010250    00000090     car_controller.o (.text.CarController_ResetTransientState)
                  000102e0    0000008c     ti_msp_dl_config.o (.text.SYSCFG_DL_PWM_MOTOR_init)
                  0001036c    0000008c     ti_msp_dl_config.o (.text.SYSCFG_DL_UART_BALANCE_TUNING_init)
                  000103f8    0000008c     libclang_rt.builtins.a : mulsf3.S.obj (.text.__mulsf3)
                  00010484    0000008c     car_controller.o (.text.heading_imu_wait_or_fail)
                  00010510    00000088     libc.a : strcmp-armv6m.S.obj (.text:strcmp)
                  00010598    00000084     car_controller.o (.text.CarController_SetSafetyHold)
                  0001061c    00000084     gimbal_stepper.o (.text.GimbalStepper_ConfirmZero)
                  000106a0    00000084     motor.o (.text.Motor_Init)
                  00010724    00000082     libclang_rt.builtins.a : divsf3.S.obj (.text.__divsf3)
                  000107a6    00000002     track_sensor.o (.text.TrackSensor_Init)
                  000107a8    00000080     balance_position_control.o (.text.BalancePositionControl_Init)
                  00010828    00000080     car_controller.o (.text.CarController_StartDriveHeading)
                  000108a8    00000080     motor.o (.text.Motor_Stop)
                  00010928    0000007e     app.o (.text.App_Init)
                  000109a6    00000002     libclang_rt.builtins.a : aeabi_div0.c.obj (.text.__aeabi_idiv0)
                  000109a8    0000007c     balance_soft_limits.o (.text.BalanceSoftLimits_Enforce100usFromIsr)
                  00010a24    0000007c     libc.a : copy_decompress_lzss.c.obj (.text:decompress:lzss)
                  00010aa0    00000078     oled.o (.text.oled_write_command)
                  00010b18    00000074     balance_ball_control.o (.text.command_offset)
                  00010b8c    00000074     motor_control.o (.text.latch_control_error)
                  00010c00    00000070     gimbal_stepper.o (.text.GimbalStepper_Release)
                  00010c70    00000070     ti_msp_dl_config.o (.text.SYSCFG_DL_UART_VISION_init)
                  00010ce0    0000006e     track_sensor.o (.text.TrackSensor_DetectTurn)
                  00010d4e    00000002     libclang_rt.builtins.a : aeabi_div0.c.obj (.text.__aeabi_ldiv0)
                  00010d50    0000006c     balance_tuning.o (.text.BalanceTuning_Init)
                  00010dbc    00000068     mission_manager.o (.text.MissionManager_GetSelectedMissionIndex)
                  00010e24    00000068     car_controller.o (.text.set_output_speed)
                  00010e8c    00000066     track_sensor.o (.text.TrackSensor_GetErrorFromRaw)
                  00010ef2    00000002     --HOLE-- [fill = 0]
                  00010ef4    00000064     balance_ball_control.o (.text.BalanceBallControl_Init)
                  00010f58    00000064     balance_soft_limits.o (.text.BalanceSoftLimits_ResetPositionFault)
                  00010fbc    00000064     mission_manager.o (.text.MissionManager_Start)
                  00011020    00000062     app.o (.text.App_ResetToReady)
                  00011082    00000002     --HOLE-- [fill = 0]
                  00011084    00000062     libclang_rt.builtins.a : aeabi_fcmp.S.obj (.text.__aeabi_fcmp)
                  000110e6    00000062     libc.a : memset16.S.obj (.text:memset)
                  00011148    00000060     balance_tuning.o (.text.UART2_IRQHandler)
                  000111a8    00000060     libclang_rt.builtins.a : fixsfdi.S.obj (.text.__fixsfdi)
                  00011208    0000005c     ultrasonic.o (.text.Ultrasonic_Update_20ms)
                  00011264    0000005c     vision_receiver.o (.text.VisionReceiver_Init)
                  000112c0    0000005c     vision_protocol.o (.text.parse_u32)
                  0001131c    0000005c     car_controller.o (.text.speed_cmps_to_normalized_command)
                  00011378    0000005c     balance_soft_limits.o (.text.test_start_target)
                  000113d4    00000058     balance_encoder.o (.text.BalanceEncoder_Init)
                  0001142c    00000058     mission_manager.o (.text.MissionManager_Init)
                  00011484    00000058     oled.o (.text.OLED_PrintChar)
                  000114dc    00000058     balance_ball_control.o (.text.ensure_tracking_started)
                  00011534    00000058     motion_action.o (.text.motion_action_start_imu_controller)
                  0001158c    00000056     libclang_rt.builtins.a : aeabi_idivmod.S.obj (.text.__aeabi_idivmod)
                  000115e2    00000002     --HOLE-- [fill = 0]
                  000115e4    00000054     car_controller.o (.text.CarController_Stop)
                  00011638    00000054     track_sensor.o (.text.TrackSensor_ReadRaw)
                  0001168c    00000054     watchdog_monitor.o (.text.WatchdogMonitor_ApplyFaultIfNeeded)
                  000116e0    00000054     menu.o (.text.menu_next_main_page)
                  00011734    00000050     balance_position_control.o (.text.BalancePositionControl_SetTrackingTarget)
                  00011784    00000050     balance_soft_limits.o (.text.BalanceSoftLimits_GetSnapshot)
                  000117d4    00000050     ultrasonic.o (.text.Ultrasonic_Init)
                  00011824    00000050     watchdog_monitor.o (.text.WatchdogMonitor_Tick1msFromIsr)
                  00011874    0000004e     libclang_rt.builtins.a : floatdisf.S.obj (.text.__floatdisf)
                  000118c2    00000002     --HOLE-- [fill = 0]
                  000118c4    0000004c     motor_control.o (.text.MotorControl_Stop)
                  00011910    0000004c     libc.a : cpy_tbl.c.obj (.text.copy_in)
                  0001195c    0000004c     vision_protocol.o (.text.state_is_valid)
                  000119a8    0000004c     libc.a : autoinit.c.obj (.text:__TI_auto_init_nopinit)
                  000119f4    00000048     driverlib.a : dl_uart.o (.text.DL_UART_init)
                  00011a3c    00000048     mission_manager.o (.text.MissionManager_Cancel)
                  00011a84    00000048     ti_msp_dl_config.o (.text.SYSCFG_DL_initPower)
                  00011acc    00000044     car_controller.o (.text.CarController_StartFollowLine)
                  00011b10    00000044     emergency_stop.o (.text.EmergencyStop_Reset)
                  00011b54    00000044     encoder.o (.text.Encoder_GetAndClearPulseDeltas)
                  00011b98    00000044     imu.o (.text.Imu_ResetYaw)
                  00011bdc    00000044     mission_manager.o (.text.MissionManager_Reset)
                  00011c20    00000044     servo.o (.text.Servo_Tick100us)
                  00011c64    00000044     vision_uart.o (.text.UART3_IRQHandler)
                  00011ca8    00000040     balance_encoder.o (.text.BalanceEncoder_GetSnapshot)
                  00011ce8    00000040     balance_soft_limits.o (.text.BalanceSoftLimits_StopMotion)
                  00011d28    00000040     car_controller.o (.text.CarController_ResumeFollowLine)
                  00011d68    00000040     fault.o (.text.Fault_Raise)
                  00011da8    00000040     ti_msp_dl_config.o (.text.SYSCFG_DL_SYSCTL_init)
                  00011de8    00000040     vision_receiver.o (.text.VisionReceiver_PushByteFromIsr)
                  00011e28    00000040     libclang_rt.builtins.a : aeabi_uidivmod.S.obj (.text.__aeabi_uidivmod)
                  00011e68    00000040     vision_protocol.o (.text.parse_confidence)
                  00011ea8    0000003e     libclang_rt.builtins.a : divmoddi4.c.obj (.text.__divmoddi4)
                  00011ee6    00000002     --HOLE-- [fill = 0]
                  00011ee8    0000003c     balance_ball_control.o (.text.BalanceBallControl_Enable)
                  00011f24    0000003c     balance_position_control.o (.text.BalancePositionControl_Cancel)
                  00011f60    0000003c     mission_library.o (.text.MissionLibrary_FindById)
                  00011f9c    0000003c     mission_manager.o (.text.MissionManager_Resume)
                  00011fd8    0000003c     servo.o (.text.Servo_SetAngleDeg)
                  00012014    0000003c     libclang_rt.builtins.a : floatsisf.S.obj (.text.__floatsisf)
                  00012050    0000003c                            : comparesf2.S.obj (.text.__gtsf2)
                  0001208c    0000003c     balance_position_control.o (.text.latch_fault)
                  000120c8    0000003a     libclang_rt.builtins.a : comparesf2.S.obj (.text.__eqsf2)
                  00012102    00000002     --HOLE-- [fill = 0]
                  00012104    0000003a                            : muldsi3.S.obj (.text.__muldsi3)
                  0001213e    00000002     --HOLE-- [fill = 0]
                  00012140    00000038     emergency_stop.o (.text.EmergencyStop_Trigger)
                  00012178    00000038     libclang_rt.builtins.a : fixsfsi.S.obj (.text.__fixsfsi)
                  000121b0    00000034     balance_position_control.o (.text.BalancePositionControl_SetTrackingThresholds)
                  000121e4    00000034     imu.o (.text.Imu_IsReady)
                  00012218    00000032     oled.o (.text.OLED_PrintString)
                  0001224a    00000002     --HOLE-- [fill = 0]
                  0001224c    00000030     key.o (.text.Key_Init)
                  0001227c    00000030     line_controller.o (.text.LineController_ObserveSensors)
                  000122ac    00000030     watchdog_monitor.o (.text.WatchdogMonitor_Init)
                  000122dc    00000030     watchdog_monitor.o (.text.WatchdogMonitor_Reset)
                  0001230c    0000002c     balance_position_control.o (.text.BalancePositionControl_StartTracking)
                  00012338    0000002c     encoder.o (.text.Encoder_Reset)
                  00012364    0000002c     mission_manager.o (.text.MissionManager_Pause)
                  00012390    0000002c     track_sensor.o (.text.TrackSensor_CountBlack)
                  000123bc    00000028     balance_ball_control.o (.text.BalanceBallControl_ResetConfig)
                  000123e4    00000028     balance_soft_limits.o (.text.BalanceSoftLimits_CancelTravelTest)
                  0001240c    00000028     driverlib.a : dl_flashctl.o (.text.DL_FlashCTL_programMemoryFromRAM64WithECCGenerated)
                  00012434    00000028     emergency_stop.o (.text.EmergencyStop_Enforce)
                  0001245c    00000028     magnet.o (.text.Magnet_ForceOff)
                  00012484    00000028     ti_msp_dl_config.o (.text.SYSCFG_DL_init)
                  000124ac    00000028     servo.o (.text.Servo_Init)
                  000124d4    00000028     libclang_rt.builtins.a : floatunsisf.S.obj (.text.__floatunsisf)
                  000124fc    00000028     libc.a : boot_cortex_m.c.obj (.text:_c_int00_noargs)
                  00012524    00000024     balance_encoder.o (.text.BalanceEncoder_SampleSpeed10msFromIsr)
                  00012548    00000024     balance_position_control.o (.text.BalancePositionControl_GetSnapshot)
                  0001256c    00000024     balance_soft_limits.o (.text.BalanceSoftLimits_CancelOscillationTest)
                  00012590    00000024     gimbal_stepper.o (.text.GimbalStepper_GetFeedbackSnapshot)
                  000125b4    00000024     mission_manager.o (.text.MissionManager_ReportExternalFailure)
                  000125d8    00000024     motor_control.o (.text.MotorControl_Init)
                  000125fc    00000024     motor_control.o (.text.MotorControl_Reset)
                  00012620    00000024     oled.o (.text.OLED_ClearBuffer)
                  00012644    00000024     libclang_rt.builtins.a : muldi3.S.obj (.text.__muldi3)
                  00012668    00000020     balance_ball_control.o (.text.BalanceBallControl_GetSnapshot)
                  00012688    00000020     driverlib.a : dl_timer.o (.text.DL_Timer_overrideCCPOut)
                  000126a8    00000020     debug_telemetry.o (.text.DebugTelemetry_Update)
                  000126c8    00000020     empty.o (.text.GROUP1_IRQHandler)
                  000126e8    00000020     magnet.o (.text.Magnet_Init)
                  00012708    00000020     oled.o (.text.OLED_SetCursor)
                  00012728    00000020     empty.o (.text.SchedulerMonitor_GetStats)
                  00012748    00000020     vision_receiver.o (.text.VisionReceiver_GetProtocolErrorCount)
                  00012768    00000020     libc.a : memcmp.c.obj (.text.memcmp)
                  00012788    00000020     mission_manager.o (.text.mission_finish_error)
                  000127a8    0000001e     libclang_rt.builtins.a : ashldi3.S.obj (.text.__ashldi3)
                  000127c6    00000002     --HOLE-- [fill = 0]
                  000127c8    0000001c     balance_ball_control.o (.text.BalanceBallControl_Disable)
                  000127e4    0000001c     balance_ball_control.o (.text.BalanceBallControl_ForceStop)
                  00012800    0000001c     driverlib.a : dl_timer.o (.text.DL_Timer_setCaptCompUpdateMethod)
                  0001281c    0000001c                 : dl_timer.o (.text.DL_Timer_setClockConfig)
                  00012838    0000001c     heading_control.o (.text.HeadingControl_SetTargetYaw)
                  00012854    0000001c     menu.o (.text.Menu_Init)
                  00012870    0000001c     motion_action.o (.text.MotionAction_Cancel)
                  0001288c    0000001c     obstacle_monitor.o (.text.ObstacleMonitor_Init)
                  000128a8    0000001c     obstacle_safety.o (.text.ObstacleSafety_Init)
                  000128c4    0000001c     watchdog_monitor.o (.text.WatchdogMonitor_NotifyControlCycleComplete)
                  000128e0    0000001c     mission_manager.o (.text.mission_finish_success)
                  000128fc    00000018     balance_ball_control.o (.text.BalanceBallControl_GetConfig)
                  00012914    00000018     driverlib.a : dl_flashctl.o (.text.DL_FlashCTL_eraseMemoryFromRAM)
                  0001292c    00000018                 : dl_timer.o (.text.DL_Timer_setCaptureCompareOutCtl)
                  00012944    00000018     debug_telemetry.o (.text.DebugTelemetry_Init)
                  0001295c    00000018     heading_control.o (.text.HeadingControl_Init)
                  00012974    00000018     heading_control.o (.text.HeadingControl_Reset)
                  0001298c    00000018     menu.o (.text.Menu_ParamItemToString)
                  000129a4    00000018     motion_action.o (.text.MotionAction_Init)
                  000129bc    00000018     obstacle_avoidance.o (.text.ObstacleAvoidance_Init)
                  000129d4    00000018     runtime_snapshot.o (.text.RuntimeSnapshot_Init)
                  000129ec    00000016     libclang_rt.builtins.a : comparesf2.S.obj (.text.__unordsf2)
                  00012a02    00000002     --HOLE-- [fill = 0]
                  00012a04    00000014     fault.o (.text.Fault_Clear)
                  00012a18    00000014     fault.o (.text.Fault_Init)
                  00012a2c    00000014     gimbal_stepper.o (.text.GimbalStepper_SetStepHalfPeriodTicks)
                  00012a40    00000014     heading_control.o (.text.HeadingControl_Enable)
                  00012a54    00000014     mission_library.o (.text.MissionLibrary_GetByIndex)
                  00012a68    00000014     mission_manager.o (.text.MissionManager_GetSelectedMissionId)
                  00012a7c    00000014     vision_uart.o (.text.VisionUart_Init)
                  00012a90    00000014     libclang_rt.builtins.a : aeabi_ldivmod.S.obj (.text.__aeabi_ldivmod)
                  00012aa4    00000014                            : aeabi_uldivmod.S.obj (.text.__aeabi_uldivmod)
                  00012ab8    00000012     driverlib.a : dl_uart.o (.text.DL_UART_setClockConfig)
                  00012aca    00000012     libc.a : copy_decompress_none.c.obj (.text:decompress:none)
                  00012adc    00000010     balance_position_control.o (.text.BalancePositionControl_HasFault)
                  00012aec    00000010     driverlib.a : dl_timer.o (.text.DL_Timer_setCaptureCompareValue)
                  00012afc    00000010     gimbal.o (.text.Gimbal_YawGetFeedback)
                  00012b0c    00000010     key.o (.text.Key_GetEvent)
                  00012b1c    00000010     libc.a : copy_zero_init.c.obj (.text:decompress:ZI)
                  00012b2c    0000000c     balance_encoder.o (.text.BalanceEncoder_GetCountAtomic)
                  00012b38    0000000c     balance_position_control.o (.text.BalancePositionControl_IsBusy)
                  00012b44    0000000c     balance_soft_limits.o (.text.BalanceSoftLimits_IsCalibrationActive)
                  00012b50    0000000c     balance_soft_limits.o (.text.BalanceSoftLimits_IsOscillationTestActive)
                  00012b5c    0000000c     balance_soft_limits.o (.text.BalanceSoftLimits_IsTravelTestActive)
                  00012b68    0000000c     car_controller.o (.text.CarController_GetRunMode)
                  00012b74    0000000c     car_controller.o (.text.CarController_Init)
                  00012b80    0000000c     car_controller.o (.text.CarController_IsSafetyHoldActive)
                  00012b8c    0000000c     car_state.o (.text.CarState_Get)
                  00012b98    0000000c     car_state.o (.text.CarState_Init)
                  00012ba4    0000000c     car_state.o (.text.CarState_Set)
                  00012bb0    0000000c     emergency_stop.o (.text.EmergencyStop_Init)
                  00012bbc    0000000c     emergency_stop.o (.text.EmergencyStop_IsActive)
                  00012bc8    0000000c     imu.o (.text.Imu_GetCorrectedGyroZDps)
                  00012bd4    0000000c     imu.o (.text.Imu_GetYaw)
                  00012be0    0000000c     menu.o (.text.Menu_GetPage)
                  00012bec    0000000c     menu.o (.text.Menu_GetParamItem)
                  00012bf8    0000000c     mission_manager.o (.text.MissionManager_IsExternallyHeld)
                  00012c04    0000000c     mission_manager.o (.text.MissionManager_SetExternalHold)
                  00012c10    0000000c     obstacle_avoidance.o (.text.ObstacleAvoidance_IsActive)
                  00012c1c    0000000c     obstacle_avoidance.o (.text.ObstacleAvoidance_IsFailed)
                  00012c28    0000000c     obstacle_safety.o (.text.ObstacleSafety_IsHolding)
                  00012c34    0000000c     empty.o (.text.SystemTime_GetMs)
                  00012c40    0000000c     watchdog_monitor.o (.text.WatchdogMonitor_HasTripped)
                  00012c4c    0000000c     libclang_rt.builtins.a : aeabi_memset.S.obj (.text.__aeabi_memclr)
                  00012c58    0000000a     driverlib.a : dl_common.o (.text.DL_Common_delayCycles)
                  00012c62    0000000a     motion_action.o (.text.MotionAction_Resume)
                  00012c6c    0000000a     motion_action.o (.text.MotionAction_Start)
                  00012c76    0000000a     track_sensor.o (.text.TrackSensor_IsCenterDetected)
                  00012c80    0000000a     track_sensor.o (.text.TrackSensor_IsLineDetected)
                  00012c8a    0000000a     track_sensor.o (.text.TrackSensor_IsLineLost)
                  00012c94    00000008     balance_soft_limits.o (.text.BalanceSoftLimits_CancelPositionMove)
                  00012c9c    00000008     balance_soft_limits.o (.text.BalanceSoftLimits_IsPositionMoveActive)
                  00012ca4    00000008     bluetooth_uart.o (.text.BluetoothUart_GetRuntime)
                  00012cac    00000008     car_controller.o (.text.CarController_GetFeedback)
                  00012cb4    00000008     fault.o (.text.Fault_GetRecord)
                  00012cbc    00000008     gimbal_stepper.o (.text.GimbalStepper_GetFeedback)
                  00012cc4    00000008     heading_control.o (.text.HeadingControl_GetRuntime)
                  00012ccc    00000008     imu.o (.text.Imu_GetRuntime)
                  00012cd4    00000008     line_controller.o (.text.LineController_GetRuntime)
                  00012cdc    00000008     mission_manager.o (.text.MissionManager_GetMissionCount)
                  00012ce4    00000008     mission_manager.o (.text.MissionManager_GetRuntime)
                  00012cec    00000008     motion_action.o (.text.MotionAction_GetRuntime)
                  00012cf4    00000008     motor_control.o (.text.MotorControl_GetRuntime)
                  00012cfc    00000008     obstacle_avoidance.o (.text.ObstacleAvoidance_GetFeedback)
                  00012d04    00000008     obstacle_monitor.o (.text.ObstacleMonitor_GetFeedback)
                  00012d0c    00000008     oled_ui.o (.text.OledUi_Init)
                  00012d14    00000008     runtime_snapshot.o (.text.RuntimeSnapshot_Get)
                  00012d1c    00000008     servo.o (.text.Servo_GetFeedback)
                  00012d24    00000008     ultrasonic.o (.text.Ultrasonic_GetFeedback)
                  00012d2c    00000008     vision_receiver.o (.text.VisionReceiver_GetBallPositionObservation)
                  00012d34    00000008     vision_receiver.o (.text.VisionReceiver_GetStatus)
                  00012d3c    00000008     vision_tuning_console.o (.text.VisionTuningConsole_GetStatus)
                  00012d44    00000008     watchdog_monitor.o (.text.WatchdogMonitor_GetStatus)
                  00012d4c    00000008     wheel_speed_estimator.o (.text.WheelSpeedEstimator_GetRuntime)
                  00012d54    00000008     libclang_rt.builtins.a : aeabi_memcpy.S.obj (.text.__aeabi_memcpy)
                  00012d5c    00000006     libc.a : exit.c.obj (.text:abort)
                  00012d62    00000004     libsysbm.a : hostexit.c.obj (.text.HOSTexit)
                  00012d66    00000004     mission_library.o (.text.MissionLibrary_GetCount)
                  00012d6a    00000004     obstacle_avoidance.o (.text.ObstacleAvoidance_IsResumeGraceActive)
                  00012d6e    00000004     startup_mspm0g350x_ticlang.o (.text.Reset_Handler)
                  00012d72    00000002     --HOLE-- [fill = 0]
                  00012d74    00000010     libc.a : boot_cortex_m.c.obj (.tramp._c_int00_noargs.1)
                  00012d84    00000004            : pre_init.c.obj (.text._system_pre_init)
                  00012d88    00000010     driverlib.a : dl_flashctl.o (.tramp.DL_FlashCTL_executeCommandFromRAM.1)
                  00012d98    00000008     --HOLE-- [fill = 0]

.TI.ramfunc 
*          0    00013748    00000060     RUN ADDR = 20201938
                  00013748    00000060     driverlib.a : dl_flashctl.o (.TI.ramfunc)

.cinit     0    000137a8    00000030     
                  000137a8    0000000c     (__TI_handler_table)
                  000137b4    00000008     (.cinit..bss.load) [load image, compression = zero_init]
                  000137bc    00000005     (.cinit..data.load) [load image, compression = lzss]
                  000137c1    00000003     --HOLE-- [fill = 0]
                  000137c4    00000010     (__TI_cinit_table)
                  000137d4    00000004     --HOLE-- [fill = 0]

.rodata    0    00012da0    000009a8     
                  00012da0    000000d8     oled.o (.rodata..Lswitch.table.OLED_PrintChar)
                  00012e78    00000050     mission_library.o (.rodata.g_missionRegistry)
                  00012ec8    00000048     mission_library.o (.rodata.g_missionCompetitionMain)
                  00012f10    00000048     mission_library.o (.rodata.g_missionTestDistance20)
                  00012f58    00000048     mission_library.o (.rodata.g_missionTestLine)
                  00012fa0    00000048     mission_library.o (.rodata.g_missionTestTurn)
                  00012fe8    00000034     oled_ui.o (.rodata..Lswitch.table.print_balance_vision_rx_debug_page)
                  0001301c    0000002c     oled_ui.o (.rodata..Lswitch.table.print_status_page)
                  00013048    00000020     menu.o (.rodata..Lswitch.table.Menu_ParamItemToString)
                  00013068    0000001c     oled_ui.o (.rodata..Lswitch.table.print_balance_stepper_test_page.197)
                  00013084    0000001c     oled_ui.o (.rodata..Lswitch.table.print_drive_distance_page)
                  000130a0    00000018     oled_ui.o (.rodata..Lswitch.table.print_balance_vision_page)
                  000130b8    00000018     oled_ui.o (.rodata..Lswitch.table.print_status_page.198)
                  000130d0    00000018     mission_library.o (.rodata.g_missionTestBallCenter)
                  000130e8    00000014     oled_ui.o (.rodata..Lswitch.table.print_balance_stepper_test_page.191)
                  000130fc    00000014     oled_ui.o (.rodata..Lswitch.table.print_balance_stepper_test_page.193)
                  00013110    00000014     oled_ui.o (.rodata..Lswitch.table.print_status_page.199)
                  00013124    00000014     balance_tuning.o (.rodata.str1.14867730425649151644.1)
                  00013138    00000013     oled_ui.o (.rodata.str1.14774750633985060196.1)
                  0001314b    00000011     oled_ui.o (.rodata.str1.14521350379984854626.1)
                  0001315c    00000011     oled_ui.o (.rodata.str1.17763087492223448992.1)
                  0001316d    00000011     oled_ui.o (.rodata.str1.1974573040514735405.1)
                  0001317e    00000011     oled_ui.o (.rodata.str1.9351772214919528733.1)
                  0001318f    00000011     oled_ui.o (.rodata.str1.9584387800903135389.1)
                  000131a0    00000010     oled_ui.o (.rodata..Lswitch.table.print_balance_stepper_test_page.194)
                  000131b0    00000010     balance_encoder.o (.rodata.cst16)
                  000131c0    00000010     oled_ui.o (.rodata.str1.12697925274637991987.1)
                  000131d0    0000000f     oled_ui.o (.rodata.str1.9229350655415085.1)
                  000131df    0000000e     oled_ui.o (.rodata.str1.10416366799939242409.1)
                  000131ed    0000000e     oled_ui.o (.rodata.str1.10430294223631918979.1)
                  000131fb    0000000e     oled_ui.o (.rodata.str1.14711868471336838103.1)
                  00013209    00000003     ti_msp_dl_config.o (.rodata.gPWM_MOTORClockConfig)
                  0001320c    0000000c     oled_ui.o (.rodata..Lswitch.table.print_balance_stepper_test_page.192)
                  00013218    0000000c     oled_ui.o (.rodata..Lswitch.table.print_balance_stepper_test_page.195)
                  00013224    0000000c     oled_ui.o (.rodata..Lswitch.table.print_balance_stepper_test_page)
                  00013230    0000000c     oled_ui.o (.rodata..Lswitch.table.print_sensor_page)
                  0001323c    0000000c     mission_library.o (.rodata.str1.11682660667400632204.1)
                  00013248    0000000c     oled_ui.o (.rodata.str1.16290499236105125126.1)
                  00013254    0000000b     oled_ui.o (.rodata.str1.13882251010780863896.1)
                  0001325f    00000001     --HOLE-- [fill = 0]
                  00013260    0000000a     ti_msp_dl_config.o (.rodata.gUART_BALANCE_TUNINGConfig)
                  0001326a    0000000a     ti_msp_dl_config.o (.rodata.gUART_VISIONConfig)
                  00013274    0000000a     balance_tuning.o (.rodata.str1.11920933488914742755.1)
                  0001327e    0000000a     oled_ui.o (.rodata.str1.12447783896598192203.1)
                  00013288    0000000a     mission_library.o (.rodata.str1.13636476544574750902.1)
                  00013292    0000000a     mission_library.o (.rodata.str1.15668266851434757964.1)
                  0001329c    0000000a     oled_ui.o (.rodata.str1.17540787658903907660.1)
                  000132a6    0000000a     mission_library.o (.rodata.str1.199678142196697465.1)
                  000132b0    0000000a     oled_ui.o (.rodata.str1.2608729314174233125.1)
                  000132ba    0000000a     oled_ui.o (.rodata.str1.4582914374586912483.1)
                  000132c4    0000000a     balance_tuning.o (.rodata.str1.8659531508871313437.1)
                  000132ce    00000009     oled_ui.o (.rodata.str1.12043213579996415112.1)
                  000132d7    00000009     oled_ui.o (.rodata.str1.15917848551323629232.1)
                  000132e0    00000009     oled_ui.o (.rodata.str1.5965888106848176421.1)
                  000132e9    00000003     oled_ui.o (.rodata.str1.10263419832828250601.1)
                  000132ec    00000008     ti_msp_dl_config.o (.rodata.gPWM_MOTORConfig)
                  000132f4    00000008     oled_ui.o (.rodata.str1.10163600690795753232.1)
                  000132fc    00000008     oled_ui.o (.rodata.str1.130772507669342127.1)
                  00013304    00000008     oled_ui.o (.rodata.str1.13271657277589579873.1)
                  0001330c    00000008     oled_ui.o (.rodata.str1.17464849429964608858.1)
                  00013314    00000007     oled_ui.o (.rodata.str1.1276391367487699528.1)
                  0001331b    00000007     oled_ui.o (.rodata.str1.13871579367539052597.1)
                  00013322    00000007     mission_library.o (.rodata.str1.1440970855772709381.1)
                  00013329    00000007     oled_ui.o (.rodata.str1.4610220316623841660.1)
                  00013330    00000007     oled_ui.o (.rodata.str1.9646571805098343045.1)
                  00013337    00000007     oled_ui.o (.rodata.str1.9992244628984851027.1)
                  0001333e    00000006     oled_ui.o (.rodata.str1.10077435089618835710.1)
                  00013344    00000006     oled_ui.o (.rodata.str1.1019225241002246410.1)
                  0001334a    00000006     oled_ui.o (.rodata.str1.10600688730180713177.1)
                  00013350    00000006     oled_ui.o (.rodata.str1.11232419324784801130.1)
                  00013356    00000006     oled_ui.o (.rodata.str1.12571791089077708471.1)
                  0001335c    00000006     oled_ui.o (.rodata.str1.1445687256832830955.1)
                  00013362    00000006     oled_ui.o (.rodata.str1.14748562464132904299.1)
                  00013368    00000006     oled_ui.o (.rodata.str1.15817398807211891688.1)
                  0001336e    00000006     oled_ui.o (.rodata.str1.16411631209783952401.1)
                  00013374    00000006     oled_ui.o (.rodata.str1.17717236995185551183.1)
                  0001337a    00000006     oled_ui.o (.rodata.str1.240075016795266086.1)
                  00013380    00000006     oled_ui.o (.rodata.str1.2656948373757303877.1)
                  00013386    00000006     oled_ui.o (.rodata.str1.3247264562726604308.1)
                  0001338c    00000006     oled_ui.o (.rodata.str1.4932371652560868037.1)
                  00013392    00000006     oled_ui.o (.rodata.str1.5376340479846291137.1)
                  00013398    00000006     oled_ui.o (.rodata.str1.5948326995020184415.1)
                  0001339e    00000006     oled_ui.o (.rodata.str1.7050595558965647569.1)
                  000133a4    00000006     oled_ui.o (.rodata.str1.7481335054564682966.1)
                  000133aa    00000006     oled_ui.o (.rodata.str1.8018480777946742726.1)
                  000133b0    00000006     oled_ui.o (.rodata.str1.8783421139296713095.1)
                  000133b6    00000006     oled_ui.o (.rodata.str1.9544068167406571052.1)
                  000133bc    00000005     motion_action.o (.rodata..Lswitch.table.MotionAction_Update_20ms)
                  000133c1    00000005     oled.o (.rodata.oled_get_glyph.colon)
                  000133c6    00000005     oled.o (.rodata.oled_get_glyph.eight)
                  000133cb    00000005     oled.o (.rodata.oled_get_glyph.five)
                  000133d0    00000005     oled.o (.rodata.oled_get_glyph.four)
                  000133d5    00000005     oled.o (.rodata.oled_get_glyph.glyphA)
                  000133da    00000005     oled.o (.rodata.oled_get_glyph.glyphB)
                  000133df    00000005     oled.o (.rodata.oled_get_glyph.glyphC)
                  000133e4    00000005     oled.o (.rodata.oled_get_glyph.glyphD)
                  000133e9    00000005     oled.o (.rodata.oled_get_glyph.glyphE)
                  000133ee    00000005     oled.o (.rodata.oled_get_glyph.glyphF)
                  000133f3    00000005     oled.o (.rodata.oled_get_glyph.glyphG)
                  000133f8    00000005     oled.o (.rodata.oled_get_glyph.glyphH)
                  000133fd    00000005     oled.o (.rodata.oled_get_glyph.glyphI)
                  00013402    00000005     oled.o (.rodata.oled_get_glyph.glyphK)
                  00013407    00000005     oled.o (.rodata.oled_get_glyph.glyphL)
                  0001340c    00000005     oled.o (.rodata.oled_get_glyph.glyphM)
                  00013411    00000005     oled.o (.rodata.oled_get_glyph.glyphN)
                  00013416    00000005     oled.o (.rodata.oled_get_glyph.glyphO)
                  0001341b    00000005     oled.o (.rodata.oled_get_glyph.glyphP)
                  00013420    00000005     oled.o (.rodata.oled_get_glyph.glyphR)
                  00013425    00000005     oled.o (.rodata.oled_get_glyph.glyphS)
                  0001342a    00000005     oled.o (.rodata.oled_get_glyph.glyphT)
                  0001342f    00000005     oled.o (.rodata.oled_get_glyph.glyphU)
                  00013434    00000005     oled.o (.rodata.oled_get_glyph.glyphV)
                  00013439    00000005     oled.o (.rodata.oled_get_glyph.glyphW)
                  0001343e    00000005     oled.o (.rodata.oled_get_glyph.glyphX)
                  00013443    00000005     oled.o (.rodata.oled_get_glyph.glyphY)
                  00013448    00000005     oled.o (.rodata.oled_get_glyph.glyphb)
                  0001344d    00000005     oled.o (.rodata.oled_get_glyph.gt)
                  00013452    00000005     oled.o (.rodata.oled_get_glyph.minus)
                  00013457    00000005     oled.o (.rodata.oled_get_glyph.nine)
                  0001345c    00000005     oled.o (.rodata.oled_get_glyph.one)
                  00013461    00000005     oled.o (.rodata.oled_get_glyph.seven)
                  00013466    00000005     oled.o (.rodata.oled_get_glyph.six)
                  0001346b    00000005     oled.o (.rodata.oled_get_glyph.space)
                  00013470    00000005     oled.o (.rodata.oled_get_glyph.three)
                  00013475    00000005     oled.o (.rodata.oled_get_glyph.two)
                  0001347a    00000005     oled.o (.rodata.oled_get_glyph.zero)
                  0001347f    00000005     oled_ui.o (.rodata.str1.11049990970699464748.1)
                  00013484    00000005     oled_ui.o (.rodata.str1.11627403558423016802.1)
                  00013489    00000005     oled_ui.o (.rodata.str1.12182588061437138428.1)
                  0001348e    00000005     oled_ui.o (.rodata.str1.12359577037488465078.1)
                  00013493    00000005     oled_ui.o (.rodata.str1.12493748764729730277.1)
                  00013498    00000005     oled_ui.o (.rodata.str1.12504350857748951577.1)
                  0001349d    00000005     oled_ui.o (.rodata.str1.12617122458660443890.1)
                  000134a2    00000005     balance_tuning.o (.rodata.str1.12833110812472946424.1)
                  000134a7    00000005     fault.o (.rodata.str1.14435905801345341244.1)
                  000134ac    00000005     fault.o (.rodata.str1.1506612114648992996.1)
                  000134b1    00000005     oled_ui.o (.rodata.str1.15132332204781002199.1)
                  000134b6    00000005     oled_ui.o (.rodata.str1.15575624326185233262.1)
                  000134bb    00000005     oled_ui.o (.rodata.str1.15577080202403550426.1)
                  000134c0    00000005     oled_ui.o (.rodata.str1.15613891207764622616.1)
                  000134c5    00000005     oled_ui.o (.rodata.str1.15802367878353263018.1)
                  000134ca    00000005     oled_ui.o (.rodata.str1.15829239520183577662.1)
                  000134cf    00000005     balance_tuning.o (.rodata.str1.16296215605590053309.1)
                  000134d4    00000005     oled_ui.o (.rodata.str1.16526439943277383452.1)
                  000134d9    00000005     oled_ui.o (.rodata.str1.16939060351352778619.1)
                  000134de    00000005     oled_ui.o (.rodata.str1.17067061841413117831.1)
                  000134e3    00000005     fault.o (.rodata.str1.17097894860660336008.1)
                  000134e8    00000005     fault.o (.rodata.str1.17155043670132108083.1)
                  000134ed    00000005     oled_ui.o (.rodata.str1.17436941090773226089.1)
                  000134f2    00000005     oled_ui.o (.rodata.str1.17678525341650131470.1)
                  000134f7    00000005     oled_ui.o (.rodata.str1.17763996158807330232.1)
                  000134fc    00000005     oled_ui.o (.rodata.str1.17884296644359297425.1)
                  00013501    00000005     oled_ui.o (.rodata.str1.2002540315216928218.1)
                  00013506    00000005     fault.o (.rodata.str1.2104670281202025270.1)
                  0001350b    00000005     oled_ui.o (.rodata.str1.2193316011307952170.1)
                  00013510    00000005     oled_ui.o (.rodata.str1.2308938766145545715.1)
                  00013515    00000005     oled_ui.o (.rodata.str1.2522137003438374266.1)
                  0001351a    00000005     oled_ui.o (.rodata.str1.270145429241168923.1)
                  0001351f    00000005     oled_ui.o (.rodata.str1.2714695401222167146.1)
                  00013524    00000005     oled_ui.o (.rodata.str1.344790106308886506.1)
                  00013529    00000005     oled_ui.o (.rodata.str1.3455423528827705371.1)
                  0001352e    00000005     oled_ui.o (.rodata.str1.35417727660486075.1)
                  00013533    00000005     oled_ui.o (.rodata.str1.4082595774073207366.1)
                  00013538    00000005     fault.o (.rodata.str1.4453281041433270631.1)
                  0001353d    00000005     fault.o (.rodata.str1.4549004730087743662.1)
                  00013542    00000005     oled_ui.o (.rodata.str1.4581472623415959594.1)
                  00013547    00000005     oled_ui.o (.rodata.str1.4723632947289500520.1)
                  0001354c    00000005     menu.o (.rodata.str1.4862307748908978627.1)
                  00013551    00000005     oled_ui.o (.rodata.str1.5291836437463020264.1)
                  00013556    00000005     oled_ui.o (.rodata.str1.5965450730569173784.1)
                  0001355b    00000005     fault.o (.rodata.str1.6372787129294360447.1)
                  00013560    00000005     oled_ui.o (.rodata.str1.6398192001994169976.1)
                  00013565    00000005     fault.o (.rodata.str1.6437946768974223044.1)
                  0001356a    00000005     oled_ui.o (.rodata.str1.6473435968988645044.1)
                  0001356f    00000005     oled_ui.o (.rodata.str1.6744096065564390185.1)
                  00013574    00000005     oled_ui.o (.rodata.str1.6806727740681590176.1)
                  00013579    00000005     oled_ui.o (.rodata.str1.6954814719705590448.1)
                  0001357e    00000005     oled_ui.o (.rodata.str1.763101100280173925.1)
                  00013583    00000005     oled_ui.o (.rodata.str1.7774807581888385879.1)
                  00013588    00000005     oled_ui.o (.rodata.str1.8124536758062367015.1)
                  0001358d    00000005     fault.o (.rodata.str1.8185770893384132067.1)
                  00013592    00000005     oled_ui.o (.rodata.str1.8399051469953744892.1)
                  00013597    00000005     oled_ui.o (.rodata.str1.8426569189266129334.1)
                  0001359c    00000005     oled_ui.o (.rodata.str1.8449035241871861290.1)
                  000135a1    00000005     oled_ui.o (.rodata.str1.8471462185882660445.1)
                  000135a6    00000005     oled_ui.o (.rodata.str1.8615431116298670950.1)
                  000135ab    00000005     oled_ui.o (.rodata.str1.8693388333057100694.1)
                  000135b0    00000005     oled_ui.o (.rodata.str1.9044019526854345694.1)
                  000135b5    00000005     oled_ui.o (.rodata.str1.9135818829835424837.1)
                  000135ba    00000005     oled_ui.o (.rodata.str1.9611283282870761829.1)
                  000135bf    00000004     oled_ui.o (.rodata.str1.10568433575767188072.1)
                  000135c3    00000004     oled_ui.o (.rodata.str1.11149198520117834688.1)
                  000135c7    00000004     oled_ui.o (.rodata.str1.11388022865931857840.1)
                  000135cb    00000004     oled_ui.o (.rodata.str1.11428648044669318875.1)
                  000135cf    00000004     oled_ui.o (.rodata.str1.11614055506586029288.1)
                  000135d3    00000004     oled_ui.o (.rodata.str1.11794000050372113979.1)
                  000135d7    00000004     oled_ui.o (.rodata.str1.12595606217184830646.1)
                  000135db    00000004     oled_ui.o (.rodata.str1.12888220461447056082.1)
                  000135df    00000004     oled_ui.o (.rodata.str1.12928245060369742404.1)
                  000135e3    00000004     oled_ui.o (.rodata.str1.13244290092665904221.1)
                  000135e7    00000004     oled_ui.o (.rodata.str1.13567883086814673087.1)
                  000135eb    00000004     fault.o (.rodata.str1.13582094816268305212.1)
                  000135ef    00000004     oled_ui.o (.rodata.str1.13750180467131823662.1)
                  000135f3    00000004     oled_ui.o (.rodata.str1.13790669171379415506.1)
                  000135f7    00000004     oled_ui.o (.rodata.str1.13875148296791986931.1)
                  000135fb    00000004     oled_ui.o (.rodata.str1.13892659840332223045.1)
                  000135ff    00000004     oled_ui.o (.rodata.str1.14132186318895045592.1)
                  00013603    00000004     oled_ui.o (.rodata.str1.14168333168339663346.1)
                  00013607    00000004     oled_ui.o (.rodata.str1.14265077442249237877.1)
                  0001360b    00000004     oled_ui.o (.rodata.str1.14556837007311414654.1)
                  0001360f    00000004     oled_ui.o (.rodata.str1.14675223611663555778.1)
                  00013613    00000004     oled_ui.o (.rodata.str1.14740362735394205067.1)
                  00013617    00000004     oled_ui.o (.rodata.str1.15008238333949226094.1)
                  0001361b    00000004     menu.o (.rodata.str1.16312125044762562515.1)
                  0001361f    00000004     fault.o (.rodata.str1.16482347271627360806.1)
                  00013623    00000004     oled_ui.o (.rodata.str1.16554583589798097927.1)
                  00013627    00000004     oled_ui.o (.rodata.str1.16849766574302683489.1)
                  0001362b    00000004     oled_ui.o (.rodata.str1.16895433903389883335.1)
                  0001362f    00000004     oled_ui.o (.rodata.str1.16931641404301806744.1)
                  00013633    00000004     menu.o (.rodata.str1.17041139162815566052.1)
                  00013637    00000004     oled_ui.o (.rodata.str1.17242430504649735449.1)
                  0001363b    00000004     oled_ui.o (.rodata.str1.17274519358952562110.1)
                  0001363f    00000004     oled_ui.o (.rodata.str1.17881291656140238186.1)
                  00013643    00000004     oled_ui.o (.rodata.str1.18128648927899109887.1)
                  00013647    00000004     oled_ui.o (.rodata.str1.18190418239766617312.1)
                  0001364b    00000004     oled_ui.o (.rodata.str1.182352409660151230.1)
                  0001364f    00000004     oled_ui.o (.rodata.str1.18266126048138325213.1)
                  00013653    00000004     oled_ui.o (.rodata.str1.18379317056176403938.1)
                  00013657    00000004     oled_ui.o (.rodata.str1.2742282290834473644.1)
                  0001365b    00000004     oled_ui.o (.rodata.str1.3407221357956504873.1)
                  0001365f    00000004     oled_ui.o (.rodata.str1.3467953211977455017.1)
                  00013663    00000004     oled_ui.o (.rodata.str1.3702290527496711532.1)
                  00013667    00000004     oled_ui.o (.rodata.str1.4551794666512319153.1)
                  0001366b    00000004     oled_ui.o (.rodata.str1.4581686099848791648.1)
                  0001366f    00000004     menu.o (.rodata.str1.4646809750356241979.1)
                  00013673    00000004     oled_ui.o (.rodata.str1.4691821198597473371.1)
                  00013677    00000004     oled_ui.o (.rodata.str1.5004483696121082904.1)
                  0001367b    00000004     oled_ui.o (.rodata.str1.5463568455719735.1)
                  0001367f    00000004     oled_ui.o (.rodata.str1.5689016102676777062.1)
                  00013683    00000004     oled_ui.o (.rodata.str1.5853739094453432564.1)
                  00013687    00000004     oled_ui.o (.rodata.str1.58703915094955230.1)
                  0001368b    00000004     oled_ui.o (.rodata.str1.6835749436006845616.1)
                  0001368f    00000004     oled_ui.o (.rodata.str1.7185587941321649510.1)
                  00013693    00000004     oled_ui.o (.rodata.str1.7205245123442117851.1)
                  00013697    00000004     oled_ui.o (.rodata.str1.7219546930854689545.1)
                  0001369b    00000004     fault.o (.rodata.str1.7255546073596598018.1)
                  0001369f    00000004     oled_ui.o (.rodata.str1.7419768602719733415.1)
                  000136a3    00000004     oled_ui.o (.rodata.str1.799718701096035713.1)
                  000136a7    00000004     oled_ui.o (.rodata.str1.8236579331345056500.1)
                  000136ab    00000004     oled_ui.o (.rodata.str1.8403269972884532600.1)
                  000136af    00000004     oled_ui.o (.rodata.str1.8460525935980491721.1)
                  000136b3    00000004     oled_ui.o (.rodata.str1.8709745090823444516.1)
                  000136b7    00000004     oled_ui.o (.rodata.str1.9102528229756940648.1)
                  000136bb    00000004     oled_ui.o (.rodata.str1.9159586779647977165.1)
                  000136bf    00000004     oled_ui.o (.rodata.str1.9250665025187963892.1)
                  000136c3    00000004     oled_ui.o (.rodata.str1.9295666102996717355.1)
                  000136c7    00000004     menu.o (.rodata.str1.9546740394641817443.1)
                  000136cb    00000004     oled_ui.o (.rodata.str1.967006512144173535.1)
                  000136cf    00000004     oled_ui.o (.rodata.str1.9822857334037886482.1)
                  000136d3    00000004     oled_ui.o (.rodata.str1.9854382722193312766.1)
                  000136d7    00000003     oled_ui.o (.rodata.str1.10509309789429088155.1)
                  000136da    00000003     oled_ui.o (.rodata.str1.10907125332684471422.1)
                  000136dd    00000003     oled_ui.o (.rodata.str1.1108652269057166745.1)
                  000136e0    00000003     oled_ui.o (.rodata.str1.11178346780556493352.1)
                  000136e3    00000003     menu.o (.rodata.str1.12110183915172842339.1)
                  000136e6    00000003     balance_tuning.o (.rodata.str1.12613043758309916612.1)
                  000136e9    00000003     balance_tuning.o (.rodata.str1.12662652760121154555.1)
                  000136ec    00000003     oled_ui.o (.rodata.str1.12983537867572525563.1)
                  000136ef    00000003     menu.o (.rodata.str1.13124720451672825294.1)
                  000136f2    00000003     balance_tuning.o (.rodata.str1.14081320955337914945.1)
                  000136f5    00000003     menu.o (.rodata.str1.14098755746347272832.1)
                  000136f8    00000003     oled_ui.o (.rodata.str1.14134189893851348960.1)
                  000136fb    00000003     oled_ui.o (.rodata.str1.14142815821055334776.1)
                  000136fe    00000003     balance_tuning.o (.rodata.str1.14264142961881584424.1)
                  00013701    00000003     oled_ui.o (.rodata.str1.14358698208395374265.1)
                  00013704    00000003     oled_ui.o (.rodata.str1.15859922799842739878.1)
                  00013707    00000003     oled_ui.o (.rodata.str1.15935041339501476673.1)
                  0001370a    00000003     balance_tuning.o (.rodata.str1.16612448349671680203.1)
                  0001370d    00000003     oled_ui.o (.rodata.str1.16635595130967924751.1)
                  00013710    00000003     oled_ui.o (.rodata.str1.17719310104486814868.1)
                  00013713    00000003     oled_ui.o (.rodata.str1.17747339173178619492.1)
                  00013716    00000003     oled_ui.o (.rodata.str1.17812014771544466701.1)
                  00013719    00000003     oled_ui.o (.rodata.str1.2603845803395459882.1)
                  0001371c    00000003     oled_ui.o (.rodata.str1.2983744876309220570.1)
                  0001371f    00000003     oled_ui.o (.rodata.str1.4193589846040060630.1)
                  00013722    00000003     oled_ui.o (.rodata.str1.4402311448527872260.1)
                  00013725    00000003     oled_ui.o (.rodata.str1.6350830172869379626.1)
                  00013728    00000003     menu.o (.rodata.str1.6857549598058878762.1)
                  0001372b    00000003     fault.o (.rodata.str1.8193046109637024842.1)
                  0001372e    00000003     oled_ui.o (.rodata.str1.8703997732205428909.1)
                  00013731    00000003     oled_ui.o (.rodata.str1.8950259614286592359.1)
                  00013734    00000003     oled_ui.o (.rodata.str1.9554470707595806150.1)
                  00013737    00000002     ti_msp_dl_config.o (.rodata.gUART_BALANCE_TUNINGClockConfig)
                  00013739    00000002     ti_msp_dl_config.o (.rodata.gUART_VISIONClockConfig)
                  0001373b    00000002     oled_ui.o (.rodata.str1.16496169091617228061.1)
                  0001373d    00000002     oled_ui.o (.rodata.str1.3025253791635144717.1)
                  0001373f    00000002     balance_tuning.o (.rodata.str1.3558965309215986498.1)
                  00013741    00000007     --HOLE-- [fill = 0]

.init_array 
*          0    00000000    00000000     UNINITIALIZED

.binit     0    000137d8    00000010     
                  000137d8    00000010     (.binit)

.TI.bound:g_balanceCalibrationReservedSector 
*          0    0001fc00    00000400     
                  0001fc00    00000400     balance_calibration_store.o (.TI.bound:g_balanceCalibrationReservedSector)

.bss       0    20200000    00001935     UNINITIALIZED
                  20200000    00000800     balance_tuning.o (.bss.g_txRing)
                  20200800    00000400     oled.o (.bss.g_oledFrame)
                  20200c00    00000200     vision_receiver.o (.bss.g_ring)
                  20200e00    000001d0     runtime_snapshot.o (.bss.g_snapshot)
                  20200fd0    00000110     (.common:g_appConfig)
                  202010e0    00000100     balance_tuning.o (.bss.g_rxRing)
                  202011e0    00000084     (.common:g_imuRuntime)
                  20201264    0000007c     motor_control.o (.bss.g_runtime)
                  202012e0    00000070     (.common:g_appRuntime)
                  20201350    00000060     vision_receiver.o (.bss.g_line)
                  202013b0    0000005c     balance_soft_limits.o (.bss.g_runtime)
                  2020140c    00000058     vision_receiver.o (.bss.g_status)
                  20201464    00000004     imu.o (.bss.g_elapsedSinceValidSampleMs)
                  20201468    00000058     (.common:g_wheelSpeedEstimatorRuntime)
                  202014c0    00000044     balance_position_control.o (.bss.g_runtime)
                  20201504    00000004     balance_position_control.o (.bss.g_lastEncoderCount)
                  20201508    00000040     gimbal.o (.bss.g_feedback)
                  20201548    00000040     line_controller.o (.bss.g_lineRuntime)
                  20201588    0000003c     balance_ball_control.o (.bss.g_runtime)
                  202015c4    00000030     balance_tuning.o (.bss.g_line)
                  202015f4    00000030     (.common:gUART_VISIONBackup)
                  20201624    0000002c     vision_receiver.o (.bss.g_observation)
                  20201650    0000002c     empty.o (.bss.g_schedulerStats)
                  2020167c    00000028     vision_receiver.o (.bss.g_ballPositionObservation)
                  202016a4    00000020     bluetooth_uart.o (.bss.g_runtime)
                  202016c4    0000001c     mission_manager.o (.bss.g_missionRuntime)
                  202016e0    0000001c     balance_encoder.o (.bss.g_runtime)
                  202016fc    0000001c     balance_tuning.o (.bss.g_status)
                  20201718    0000001c     (.common:g_headingRuntime)
                  20201734    00000018     obstacle_avoidance.o (.bss.g_avoidFeedback)
                  2020174c    00000018     balance_ball_control.o (.bss.g_config)
                  20201764    00000004     debug_telemetry.o (.bss.g_lastFrameMs)
                  20201768    00000018     gimbal_stepper.o (.bss.g_feedback)
                  20201780    00000018     vision_tuning_console.o (.bss.g_status)
                  20201798    00000014     motion_action.o (.bss.g_motionActionRuntime)
                  202017ac    00000014     watchdog_monitor.o (.bss.g_status)
                  202017c0    00000010     fault.o (.bss.g_faultRecord)
                  202017d0    00000010     motor.o (.bss.g_motorRuntime)
                  202017e0    0000000e     car_controller.o (.bss.g_carControllerFeedback)
                  202017ee    00000002     ultrasonic.o (.bss.g_echoTicks)
                  202017f0    0000000e     ultrasonic.o (.bss.g_ultrasonicFeedback)
                  202017fe    00000002     balance_ball_control.o (.bss.g_lastPositionMm)
                  20201800    0000000c     magnet.o (.bss.g_runtime)
                  2020180c    0000000c     debug_telemetry.o (.bss.g_status)
                  20201818    0000000c     balance_soft_limits.o (.bss.g_storedLimits)
                  20201824    00000004     balance_ball_control.o (.bss.g_lastObservationUpdateCount)
                  20201828    00000008     balance_position_control.o (.bss.g_lastStepCount)
                  20201830    00000008     balance_position_control.o (.bss.g_moveStartStepCount)
                  20201838    00000008     obstacle_monitor.o (.bss.g_obstacleFeedback)
                  20201840    00000008     gimbal_stepper.o (.bss.g_stepperEstimatedSteps)
                  20201848    00000008     gimbal_stepper.o (.bss.g_stepperTargetEstimatedSteps)
                  20201850    00000008     gimbal.o (.bss.g_yawContinuousDegX10)
                  20201858    00000008     gimbal.o (.bss.g_yawLockedWorldYawDegX10)
                  20201860    00000008     gimbal.o (.bss.g_yawTargetContinuousDegX10)
                  20201868    00000008     gimbal.o (.bss.g_yawWorldTargetDegX10)
                  20201870    00000008     gimbal.o (.bss.g_yawWrappedDegX10)
                  20201878    00000006     ultrasonic.o (.bss.g_distanceSamples)
                  2020187e    00000006     key.o (.bss.g_key1)
                  20201884    00000006     key.o (.bss.g_key2)
                  2020188a    00000006     key.o (.bss.g_key3)
                  20201890    00000004     balance_ball_control.o (.bss.g_lastPositionTimeMs)
                  20201894    00000004     balance_calibration_store.o (.bss.g_lastSequence)
                  20201898    00000004     balance_ball_control.o (.bss.g_lastSessionId)
                  2020189c    00000004     vision_receiver.o (.bss.g_lastSourceTimestampMs)
                  202018a0    00000004     watchdog_monitor.o (.bss.g_lastTickMs)
                  202018a4    00000004     wheel_speed_estimator.o (.bss.g_latchedErrorFlags)
                  202018a8    00000004     vision_receiver.o (.bss.g_localSessionId)
                  202018ac    00000004     empty.o (.bss.g_localTimeMs)
                  202018b0    00000004     encoder.o (.bss.g_motorAPulses)
                  202018b4    00000004     encoder.o (.bss.g_motorBPulses)
                  202018b8    00000004     balance_position_control.o (.bss.g_moveStartEncoderCount)
                  202018bc    00000004     imu.o (.bss.g_previousValidCorrectedGyroZDps)
                  202018c0    00000004     mission_manager.o (.bss.g_selectedDefinition)
                  202018c4    00000004     servo.o (.bss.g_servoFeedback)
                  202018c8    00000004     balance_encoder.o (.bss.g_speedLastCount)
                  202018cc    00000004     balance_position_control.o (.bss.g_startSoftLimitClampCount)
                  202018d0    00000004     balance_position_control.o (.bss.g_stepConversionResidualNumerator)
                  202018d4    00000004     gimbal_stepper.o (.bss.g_stepperCompletedSteps)
                  202018d8    00000004     gimbal.o (.bss.g_yawCommandedRpm)
                  202018dc    00000004     gimbal.o (.bss.g_yawTargetRpm)
                  202018e0    00000004     empty.o (.bss.main.lastAppUpdateMs)
                  202018e4    00000002     vision_receiver.o (.bss.g_lineSize)
                  202018e6    00000002     vision_receiver.o (.bss.g_ringHead)
                  202018e8    00000002     vision_receiver.o (.bss.g_ringTail)
                  202018ea    00000002     balance_tuning.o (.bss.g_rxHead)
                  202018ec    00000002     balance_tuning.o (.bss.g_rxTail)
                  202018ee    00000002     servo.o (.bss.g_servoPwmPhase)
                  202018f0    00000002     ultrasonic.o (.bss.g_stateTicks)
                  202018f2    00000002     gimbal_stepper.o (.bss.g_stepperHalfPeriodTicks)
                  202018f4    00000002     gimbal_stepper.o (.bss.g_stepperStepHalfPeriodTicks)
                  202018f6    00000002     balance_position_control.o (.bss.g_trackingDeadbandCount)
                  202018f8    00000002     balance_position_control.o (.bss.g_trackingReengageCount)
                  202018fa    00000002     balance_tuning.o (.bss.g_txHead)
                  202018fc    00000002     balance_tuning.o (.bss.g_txTail)
                  202018fe    00000002     (.common:g_trackError)
                  20201900    00000001     oled_ui.o (.bss.OledUi_Update_20ms.flushRow)
                  20201901    00000001     oled_ui.o (.bss.OledUi_Update_20ms.refreshDivider)
                  20201902    00000001     empty.o (.bss.SysTick_Handler.balanceEncoderSpeedMsCount)
                  20201903    00000001     empty.o (.bss.SysTick_Handler.controlMsCount)
                  20201904    00000001     empty.o (.bss.SysTick_Handler.tick100usCount)
                  20201905    00000001     ultrasonic.o (.bss.Ultrasonic_Update_20ms.triggerDivider)
                  20201906    00000001     empty.o (.bss.g_appUpdatePending)
                  20201907    00000001     car_state.o (.bss.g_carState)
                  20201908    00000001     obstacle_monitor.o (.bss.g_centerSettleTicks)
                  20201909    00000001     balance_tuning.o (.bss.g_discardLine)
                  2020190a    00000001     vision_receiver.o (.bss.g_discardUntilNewline)
                  2020190b    00000001     ultrasonic.o (.bss.g_distanceSampleCount)
                  2020190c    00000001     ultrasonic.o (.bss.g_distanceSampleIndex)
                  2020190d    00000001     emergency_stop.o (.bss.g_emergencyStopActive)
                  2020190e    00000001     watchdog_monitor.o (.bss.g_faultApplied)
                  2020190f    00000001     watchdog_monitor.o (.bss.g_faultPending)
                  20201910    00000001     imu.o (.bss.g_integrationHistoryValid)
                  20201911    00000001     wheel_speed_estimator.o (.bss.g_leftFilterInitialized)
                  20201912    00000001     balance_tuning.o (.bss.g_lineLength)
                  20201913    00000001     obstacle_safety.o (.bss.g_obstacleSafetyHolding)
                  20201914    00000001     oled.o (.bss.g_oledColumn)
                  20201915    00000001     menu.o (.bss.g_oledPage)
                  20201916    00000001     oled.o (.bss.g_oledPage)
                  20201917    00000001     encoder.o (.bss.g_overflowFlags)
                  20201918    00000001     menu.o (.bss.g_paramItem)
                  20201919    00000001     menu.o (.bss.g_paramReturnPage)
                  2020191a    00000001     key.o (.bss.g_pendingEvent)
                  2020191b    00000001     mission_manager.o (.bss.g_resumeCurrentAction)
                  2020191c    00000001     wheel_speed_estimator.o (.bss.g_rightFilterInitialized)
                  2020191d    00000001     car_controller.o (.bss.g_safetyHold)
                  2020191e    00000001     imu.o (.bss.g_shortGapPending)
                  2020191f    00000001     gimbal_stepper.o (.bss.g_stepperDirection)
                  20201920    00000001     gimbal_stepper.o (.bss.g_stepperRunning)
                  20201921    00000001     gimbal_stepper.o (.bss.g_stepperStepHigh)
                  20201922    00000001     gimbal_stepper.o (.bss.g_stepperStopAfterStepLow)
                  20201923    00000001     balance_soft_limits.o (.bss.g_storedLimitsValid)
                  20201924    00000001     motor_control.o (.bss.g_targetRefreshed)
                  20201925    00000001     mission_manager.o (.bss.g_transientActionActive)
                  20201926    00000001     ultrasonic.o (.bss.g_triggerRequest)
                  20201927    00000001     ultrasonic.o (.bss.g_ultrasonicState)
                  20201928    00000001     balance_ball_control.o (.bss.g_velocityInitialized)
                  20201929    00000001     gimbal.o (.bss.g_yawLimitClamped)
                  2020192a    00000001     gimbal.o (.bss.g_yawLimitDirection)
                  2020192b    00000001     gimbal.o (.bss.g_yawPositionValid)
                  2020192c    00000001     gimbal.o (.bss.g_yawWorldLockEnabled)
                  2020192d    00000001     (.common:g_carStateDebug)
                  2020192e    00000001     (.common:g_keyEvent)
                  2020192f    00000001     (.common:g_oledPageDebug)
                  20201930    00000001     (.common:g_paramItemDebug)
                  20201931    00000001     (.common:g_trackBlackCount)
                  20201932    00000001     (.common:g_trackModeDebug)
                  20201933    00000001     (.common:g_trackRaw)
                  20201934    00000001     (.common:g_trackTurnDebug)

.data      0    20201935    00000001     UNINITIALIZED
                  20201935    00000001     car_controller.o (.data.g_followTurnPolicy)

.stack     0    20207e00    00000200     UNINITIALIZED
                  20207e00    00000004     libc.a : boot_cortex_m.c.obj (.stack)
                  20207e04    000001fc     --HOLE--

__llvm_prf_cnts 
*          0    20200000    00000000     UNINITIALIZED

__llvm_prf_bits 
*          0    20200000    00000000     UNINITIALIZED

MODULE SUMMARY

       Module                         code    ro data   rw data
       ------                         ----    -------   -------
    .\
       oled_ui.o                      20748   1364      2      
       balance_tuning.o               6212    67        2390   
       imu.o                          5156    0         142    
       car_controller.o               4412    0         128    
       oled.o                         2006    406       1026   
       balance_soft_limits.o          3072    0         105    
       motor_control.o                2768    0         125    
       app_config.o                   2156    0         272    
       line_controller.o              2196    0         64     
       balance_calibration_store.o    1140    1024      4      
       balance_ball_control.o         2044    0         99     
       balance_position_control.o     1964    0         104    
       vision_receiver.o              1104    0         795    
       menu.o                         1728    65        3      
       runtime_snapshot.o             1212    0         464    
       vision_protocol.o              1580    0         0      
       mission_manager.o              1472    0         34     
       motion_action.o                1400    5         20     
       wheel_speed_estimator.o        1292    0         94     
       gimbal_stepper.o               1280    0         52     
       gimbal.o                       896     0         116    
       mission_library.o              568     441       0      
       ti_msp_dl_config.o             828     35        48     
       motor.o                        776     0         16     
       app.o                          648     0         10     
       ultrasonic.o                   596     0         29     
       empty.o                        488     0         56     
       key.o                          436     0         19     
       balance_encoder.o              404     16        32     
       fault.o                        312     65        16     
       track_sensor.o                 372     0         0      
       heading_control.o              340     0         28     
       vision_uart.o                  336     0         0      
       watchdog_monitor.o             308     0         26     
       encoder.o                      276     0         9      
       obstacle_safety.o              272     0         1      
       obstacle_monitor.o             192     0         9      
       startup_mspm0g350x_ticlang.o   6       192       0      
       angle_utils.o                  192     0         0      
       emergency_stop.o               188     0         1      
       servo.o                        176     0         6      
       obstacle_avoidance.o           62      0         24     
       magnet.o                       72      0         12     
       debug_telemetry.o              56      0         16     
       bluetooth_uart.o               8       0         32     
       car_state.o                    36      0         1      
       vision_tuning_console.o        8       0         24     
    +--+------------------------------+-------+---------+---------+
       Total:                         73794   3680      6454   
                                                               
    C:/TI/mspm0_sdk_2_05_01_00/source/ti/driverlib/lib/ticlang/m0p/mspm0g1x0x_g3x0x/driverlib.a
       dl_flashctl.o                  488     0         0      
       dl_timer.o                     388     0         0      
[...]
0000efb1  CarController_StartDriveDistance                  
0000f085  GimbalStepper_MoveRelativeSteps                   
0000f159  BalanceEncoder_HandleGpioInterrupt                
0000f225  OledUi_Update_20ms                                
0000f2f1  FaultCode_ToShortString                           
0000f3b9  Angle_Normalize180                                
0000f539  BalanceBallControl_SetConfig                      
0000f5f5  BalanceSoftLimits_Init                            
0000f6b1  CarController_ResetRuntime                        
0000f76d  Menu_GetParamValue                                
0000f829  GimbalStepper_StopHold                            
0000f8dd  GimbalStepper_Init                                
0000f98d  SysTick_Handler                                   
0000fa3d  BalanceSoftLimits_StartPositionMoveToLogicalCount 
0000fae9  BalanceSoftLimits_ArmRecalibration                
0000fb91  Encoder_HandleGpioInterrupt                       
0000fcd9  __udivmoddi4                                      
0000fd7b  ADC0_IRQHandler                                   
0000fd7b  ADC1_IRQHandler                                   
0000fd7b  AES_IRQHandler                                    
0000fd7b  CANFD0_IRQHandler                                 
0000fd7b  DAC0_IRQHandler                                   
0000fd7b  DMA_IRQHandler                                    
0000fd7b  Default_Handler                                   
0000fd7b  GROUP0_IRQHandler                                 
0000fd7b  HardFault_Handler                                 
0000fd7b  I2C0_IRQHandler                                   
0000fd7b  I2C1_IRQHandler                                   
0000fd7b  NMI_Handler                                       
0000fd7b  PendSV_Handler                                    
0000fd7b  RTC_IRQHandler                                    
0000fd7b  SPI0_IRQHandler                                   
0000fd7b  SPI1_IRQHandler                                   
0000fd7b  SVC_Handler                                       
0000fd7b  TIMA0_IRQHandler                                  
0000fd7b  TIMA1_IRQHandler                                  
0000fd7b  TIMG0_IRQHandler                                  
0000fd7b  TIMG12_IRQHandler                                 
0000fd7b  TIMG6_IRQHandler                                  
0000fd7b  TIMG7_IRQHandler                                  
0000fd7b  TIMG8_IRQHandler                                  
0000fd7b  UART0_IRQHandler                                  
0000fd7b  UART1_IRQHandler                                  
0000fd7d  BalanceSoftLimits_AbortCalibration                
0000febd  ObstacleMonitor_Update_20ms                       
0000ff59  memcpy                                            
0000fff3  ObstacleAvoidance_Update_20ms                     
0000fff5  BalancePositionControl_ResetFault                 
0001008d  BalanceSoftLimits_CancelRecalibration             
000101bd  CarController_StartTurnToYawRelative              
00010251  CarController_ResetTransientState                 
000102e1  SYSCFG_DL_PWM_MOTOR_init                          
0001036d  SYSCFG_DL_UART_BALANCE_TUNING_init                
000103f9  __aeabi_fmul                                      
000103f9  __mulsf3                                          
00010511  strcmp                                            
00010599  CarController_SetSafetyHold                       
0001061d  GimbalStepper_ConfirmZero                         
000106a1  Motor_Init                                        
00010725  __aeabi_fdiv                                      
00010725  __divsf3                                          
000107a7  TrackSensor_Init                                  
000107a9  BalancePositionControl_Init                       
00010829  CarController_StartDriveHeading                   
000108a9  Motor_Stop                                        
00010929  App_Init                                          
000109a7  __aeabi_idiv0                                     
000109a9  BalanceSoftLimits_Enforce100usFromIsr             
00010a25  __TI_decompress_lzss                              
00010c01  GimbalStepper_Release                             
00010c71  SYSCFG_DL_UART_VISION_init                        
00010ce1  TrackSensor_DetectTurn                            
00010d4f  __aeabi_ldiv0                                     
00010d51  BalanceTuning_Init                                
00010dbd  MissionManager_GetSelectedMissionIndex            
00010e8d  TrackSensor_GetErrorFromRaw                       
00010ef5  BalanceBallControl_Init                           
00010f59  BalanceSoftLimits_ResetPositionFault              
00010fbd  MissionManager_Start                              
00011021  App_ResetToReady                                  
00011085  __aeabi_fcmpeq                                    
00011099  __aeabi_fcmplt                                    
000110ad  __aeabi_fcmple                                    
000110c1  __aeabi_fcmpge                                    
000110d5  __aeabi_fcmpgt                                    
000110e7  memset                                            
00011149  UART2_IRQHandler                                  
000111a9  __aeabi_f2lz                                      
000111a9  __fixsfdi                                         
00011209  Ultrasonic_Update_20ms                            
00011265  VisionReceiver_Init                               
000113d5  BalanceEncoder_Init                               
0001142d  MissionManager_Init                               
00011485  OLED_PrintChar                                    
0001158d  __aeabi_idiv                                      
0001158d  __aeabi_idivmod                                   
000115e5  CarController_Stop                                
00011639  TrackSensor_ReadRaw                               
0001168d  WatchdogMonitor_ApplyFaultIfNeeded                
00011735  BalancePositionControl_SetTrackingTarget          
00011785  BalanceSoftLimits_GetSnapshot                     
000117d5  Ultrasonic_Init                                   
00011825  WatchdogMonitor_Tick1msFromIsr                    
00011875  __aeabi_l2f                                       
00011875  __floatdisf                                       
000118c5  MotorControl_Stop                                 
00011911  copy_in                                           
000119a9  __TI_auto_init_nopinit                            
000119f5  DL_UART_init                                      
00011a3d  MissionManager_Cancel                             
00011a85  SYSCFG_DL_initPower                               
00011acd  CarController_StartFollowLine                     
00011b11  EmergencyStop_Reset                               
00011b55  Encoder_GetAndClearPulseDeltas                    
00011b99  Imu_ResetYaw                                      
00011bdd  MissionManager_Reset                              
00011c21  Servo_Tick100us                                   
00011c65  UART3_IRQHandler                                  
00011ca9  BalanceEncoder_GetSnapshot                        
00011ce9  BalanceSoftLimits_StopMotion                      
00011d29  CarController_ResumeFollowLine                    
00011d69  Fault_Raise                                       
00011da9  SYSCFG_DL_SYSCTL_init                             
00011de9  VisionReceiver_PushByteFromIsr                    
00011e29  __aeabi_uidiv                                     
00011e29  __aeabi_uidivmod                                  
00011ea9  __divmoddi4                                       
00011ee9  BalanceBallControl_Enable                         
00011f25  BalancePositionControl_Cancel                     
00011f61  MissionLibrary_FindById                           
00011f9d  MissionManager_Resume                             
00011fd9  Servo_SetAngleDeg                                 
00012015  __aeabi_i2f                                       
00012015  __floatsisf                                       
00012051  __gesf2                                           
00012051  __gtsf2                                           
000120c9  __cmpsf2                                          
000120c9  __eqsf2                                           
000120c9  __lesf2                                           
000120c9  __ltsf2                                           
000120c9  __nesf2                                           
00012105  __muldsi3                                         
00012141  EmergencyStop_Trigger                             
00012179  __aeabi_f2iz                                      
00012179  __fixsfsi                                         
000121b1  BalancePositionControl_SetTrackingThresholds      
000121e5  Imu_IsReady                                       
00012219  OLED_PrintString                                  
0001224d  Key_Init                                          
0001227d  LineController_ObserveSensors                     
000122ad  WatchdogMonitor_Init                              
000122dd  WatchdogMonitor_Reset                             
0001230d  BalancePositionControl_StartTracking              
00012339  Encoder_Reset                                     
00012365  MissionManager_Pause                              
00012391  TrackSensor_CountBlack                            
000123bd  BalanceBallControl_ResetConfig                    
000123e5  BalanceSoftLimits_CancelTravelTest                
0001240d  DL_FlashCTL_programMemoryFromRAM64WithECCGenerated
00012435  EmergencyStop_Enforce                             
0001245d  Magnet_ForceOff                                   
00012485  SYSCFG_DL_init                                    
000124ad  Servo_Init                                        
000124d5  __aeabi_ui2f                                      
000124d5  __floatunsisf                                     
000124fd  _c_int00_noargs                                   
00012525  BalanceEncoder_SampleSpeed10msFromIsr             
00012549  BalancePositionControl_GetSnapshot                
0001256d  BalanceSoftLimits_CancelOscillationTest           
00012591  GimbalStepper_GetFeedbackSnapshot                 
000125b5  MissionManager_ReportExternalFailure              
000125d9  MotorControl_Init                                 
000125fd  MotorControl_Reset                                
00012621  OLED_ClearBuffer                                  
00012645  __aeabi_lmul                                      
00012645  __muldi3                                          
00012669  BalanceBallControl_GetSnapshot                    
00012689  DL_Timer_overrideCCPOut                           
000126a9  DebugTelemetry_Update                             
000126c9  GROUP1_IRQHandler                                 
000126e9  Magnet_Init                                       
00012709  OLED_SetCursor                                    
00012729  SchedulerMonitor_GetStats                         
00012749  VisionReceiver_GetProtocolErrorCount              
00012769  memcmp                                            
000127a9  __aeabi_llsl                                      
000127a9  __ashldi3                                         
000127c9  BalanceBallControl_Disable                        
000127e5  BalanceBallControl_ForceStop                      
00012801  DL_Timer_setCaptCompUpdateMethod                  
0001281d  DL_Timer_setClockConfig                           
00012839  HeadingControl_SetTargetYaw                       
00012855  Menu_Init                                         
00012871  MotionAction_Cancel                               
0001288d  ObstacleMonitor_Init                              
000128a9  ObstacleSafety_Init                               
000128c5  WatchdogMonitor_NotifyControlCycleComplete        
000128fd  BalanceBallControl_GetConfig                      
00012915  DL_FlashCTL_eraseMemoryFromRAM                    
0001292d  DL_Timer_setCaptureCompareOutCtl                  
00012945  DebugTelemetry_Init                               
0001295d  HeadingControl_Init                               
00012975  HeadingControl_Reset                              
0001298d  Menu_ParamItemToString                            
000129a5  MotionAction_Init                                 
000129bd  ObstacleAvoidance_Init                            
000129d5  RuntimeSnapshot_Init                              
000129ed  __aeabi_fcmpun                                    
000129ed  __unordsf2                                        
00012a05  Fault_Clear                                       
00012a19  Fault_Init                                        
00012a2d  GimbalStepper_SetStepHalfPeriodTicks              
00012a41  HeadingControl_Enable                             
00012a55  MissionLibrary_GetByIndex                         
00012a69  MissionManager_GetSelectedMissionId               
00012a7d  VisionUart_Init                                   
00012a91  __aeabi_ldivmod                                   
00012aa5  __aeabi_uldivmod                                  
00012ab9  DL_UART_setClockConfig                            
00012acb  __TI_decompress_none                              
00012add  BalancePositionControl_HasFault                   
00012aed  DL_Timer_setCaptureCompareValue                   
00012afd  Gimbal_YawGetFeedback                             
00012b0d  Key_GetEvent                                      
00012b1d  __TI_zero_init                                    
00012b2d  BalanceEncoder_GetCountAtomic                     
00012b39  BalancePositionControl_IsBusy                     
00012b45  BalanceSoftLimits_IsCalibrationActive             
00012b51  BalanceSoftLimits_IsOscillationTestActive         
00012b5d  BalanceSoftLimits_IsTravelTestActive              
00012b69  CarController_GetRunMode                          
00012b75  CarController_Init                                
00012b81  CarController_IsSafetyHoldActive                  
00012b8d  CarState_Get                                      
00012b99  CarState_Init                                     
00012ba5  CarState_Set                                      
00012bb1  EmergencyStop_Init                                
00012bbd  EmergencyStop_IsActive                            
00012bc9  Imu_GetCorrectedGyroZDps                          
00012bd5  Imu_GetYaw                                        
00012be1  Menu_GetPage                                      
00012bed  Menu_GetParamItem                                 
00012bf9  MissionManager_IsExternallyHeld                   
00012c05  MissionManager_SetExternalHold                    
00012c11  ObstacleAvoidance_IsActive                        
00012c1d  ObstacleAvoidance_IsFailed                        
00012c29  ObstacleSafety_IsHolding                          
00012c35  SystemTime_GetMs                                  
00012c41  WatchdogMonitor_HasTripped                        
00012c4d  __aeabi_memclr                                    
00012c4d  __aeabi_memclr4                                   
00012c4d  __aeabi_memclr8                                   
00012c59  DL_Common_delayCycles                             
00012c63  MotionAction_Resume                               
00012c6d  MotionAction_Start                                
00012c77  TrackSensor_IsCenterDetected                      
00012c81  TrackSensor_IsLineDetected                        
00012c8b  TrackSensor_IsLineLost                            
00012c95  BalanceSoftLimits_CancelPositionMove              
00012c9d  BalanceSoftLimits_IsPositionMoveActive            
00012ca5  BluetoothUart_GetRuntime                          
00012cad  CarController_GetFeedback                         
00012cb5  Fault_GetRecord                                   
00012cbd  GimbalStepper_GetFeedback                         
00012cc5  HeadingControl_GetRuntime                         
00012ccd  Imu_GetRuntime                                    
00012cd5  LineController_GetRuntime                         
00012cdd  MissionManager_GetMissionCount                    
00012ce5  MissionManager_GetRuntime                         
00012ced  MotionAction_GetRuntime                           
00012cf5  MotorControl_GetRuntime                           
00012cfd  ObstacleAvoidance_GetFeedback                     
00012d05  ObstacleMonitor_GetFeedback                       
00012d0d  OledUi_Init                                       
00012d15  RuntimeSnapshot_Get                               
00012d1d  Servo_GetFeedback                                 
00012d25  Ultrasonic_GetFeedback                            
00012d2d  VisionReceiver_GetBallPositionObservation         
00012d35  VisionReceiver_GetStatus                          
00012d3d  VisionTuningConsole_GetStatus                     
00012d45  WatchdogMonitor_GetStatus                         
00012d4d  WheelSpeedEstimator_GetRuntime                    
00012d55  __aeabi_memcpy                                    
00012d55  __aeabi_memcpy4                                   
00012d55  __aeabi_memcpy8                                   
00012d5d  abort                                             
00012d62  C$$EXIT                                           
00012d63  HOSTexit                                          
00012d67  MissionLibrary_GetCount                           
00012d6b  ObstacleAvoidance_IsResumeGraceActive             
00012d6f  Reset_Handler                                     
00012d85  _system_pre_init                                  
000137a8  __TI_Handler_Table_Base                           
000137b4  __TI_Handler_Table_Limit                          
000137c4  __TI_CINIT_Base                                   
000137d4  __TI_CINIT_Limit                                  
000137d4  __TI_CINIT_Warm                                   
000137d8  __TI_table_binit                                  
000137d8  __binit__                                         
000137d8  binit                                             
0001fc00  g_balanceCalibrationReservedSector                
20200000  __start___llvm_prf_bits                           
20200000  __start___llvm_prf_cnts                           
20200000  __stop___llvm_prf_bits                            
20200000  __stop___llvm_prf_cnts                            
20200fd0  g_appConfig                                       
202011e0  g_imuRuntime                                      
202012e0  g_appRuntime                                      
20201468  g_wheelSpeedEstimatorRuntime                      
202015f4  gUART_VISIONBackup                                
20201718  g_headingRuntime                                  
202018fe  g_trackError                                      
2020192d  g_carStateDebug                                   
2020192e  g_keyEvent                                        
2020192f  g_oledPageDebug                                   
20201930  g_paramItemDebug                                  
20201931  g_trackBlackCount                                 
20201932  g_trackModeDebug                                  
20201933  g_trackRaw                                        
20201934  g_trackTurnDebug                                  
20207e00  __stack                                           
20208000  __STACK_END                                       
ffffffff  __TI_pprof_out_hndl                               
ffffffff  __TI_prof_data_size                               
ffffffff  __TI_prof_data_start                              
UNDEFED   __mpu_init                                        
UNDEFED   _system_post_cinit                                

[394 symbols]
