******************************************************************************
            TI ARM Clang Linker PC v4.0.4                      
******************************************************************************
>> Linked Mon Jul 20 17:41:57 2026

OUTPUT FILE NAME:   <diansaikaishi.out>
ENTRY POINT SYMBOL: "_c_int00_noargs"  address: 0000af85


MEMORY CONFIGURATION

         name            origin    length      used     unused   attr    fill
----------------------  --------  ---------  --------  --------  ----  --------
  FLASH                 00000000   00020000  0000bd90  00014270  R  X
  SRAM                  20200000   00008000  00000aba  00007546  RW X
  BCR_CONFIG            41c00000   000000ff  00000000  000000ff  R   
  BSL_CONFIG            41c00100   00000080  00000000  00000080  R   


SEGMENT ALLOCATION MAP

run origin  load origin   length   init length attrs members
----------  ----------- ---------- ----------- ----- -------
00000000    00000000    0000bd90   0000bd90    r-x
  00000000    00000000    000000c0   000000c0    r-- .intvecs
  000000c0    000000c0    0000b4d0   0000b4d0    r-x .text
  0000b590    0000b590    000007d0   000007d0    r-- .rodata
  0000bd60    0000bd60    00000030   00000030    r-- .cinit
20200000    20200000    000008ba   00000000    rw-
  20200000    20200000    000008b9   00000000    rw- .bss
  202008b9    202008b9    00000001   00000000    rw- .data
20207e00    20207e00    00000200   00000000    rw-
  20207e00    20207e00    00000200   00000000    rw- .stack


SECTION ALLOCATION MAP

 output                                  attributes/
section   page    origin      length       input sections
--------  ----  ----------  ----------   ----------------
.intvecs   0    00000000    000000c0     
                  00000000    000000c0     startup_mspm0g350x_ticlang.o (.intvecs)

.text      0    000000c0    0000b4d0     
                  000000c0    000017b0     vision_tuning_console.o (.text.VisionTuningConsole_Process)
                  00001870    00000fe0     oled_ui.o (.text.OledUi_Update_20ms)
                  00002850    000006f4     car_controller.o (.text.CarController_Update_20ms)
                  00002f44    0000047c     gimbal_tracker.o (.text.GimbalTracker_Update)
                  000033c0    000003b0     vision_receiver.o (.text.VisionReceiver_Process)
                  00003770    00000370     gimbal.o (.text.gimbal_update_feedback)
                  00003ae0    000002f0     imu.o (.text.mpu6050_read_regs)
                  00003dd0    000002d8     imu.o (.text.Imu_Init)
                  000040a8    000002d0     menu.o (.text.Menu_HandleKeyEvent)
                  00004378    000002a8     gimbal_tracker.o (.text.update_feedback)
                  00004620    00000298     gimbal.o (.text.Gimbal_YawSetWrappedTargetDeg)
                  000048b8    00000294     gimbal.o (.text.Gimbal_YawUpdate5ms)
                  00004b4c    00000290     gimbal.o (.text.Gimbal_PitchSetTrackingSpeedDegS)
                  00004ddc    00000288     app_config.o (.text.AppConfig_LimitAll)
                  00005064    00000278     obstacle_avoidance.o (.text.ObstacleAvoidance_Update_20ms)
                  000052dc    00000260     gimbal.o (.text.gimbal_pitch_set_target_steps)
                  0000553c    00000254     oled.o (.text.OLED_Clear)
                  00005790    00000238     gimbal.o (.text.gimbal_pitch_update_feedback)
                  000059c8    00000228     gimbal_vision_pitch_tracker.o (.text.GimbalVisionPitchTracker_Update10ms)
                  00005bf0    00000214     imu.o (.text.Imu_CalibrateGyroBias)
                  00005e04    00000208     motion_action.o (.text.MotionAction_Update_20ms)
                  0000600c    000001f4     vision_protocol.o (.text.VisionProtocol_ParseV1TargetFrame)
                  00006200    000001cc     imu.o (.text.imu_i2c_write_byte)
                  000063cc    000001bc     gimbal.o (.text.Gimbal_PitchUpdate5ms)
                  00006588    000001b8     oled.o (.text.oled_i2c_write_byte)
                  00006740    000001a0     ultrasonic.o (.text.Ultrasonic_Tick100us)
                  000068e0    00000194     gimbal_stepper.o (.text.GimbalStepper_Tick100us)
                  00006a74    00000180     gimbal.o (.text.Gimbal_PitchTick100us)
                  00006bf4    0000017c     gimbal_stepper.o (.text.GimbalStepper_MoveToEstimatedSteps)
                  00006d70    00000174     key.o (.text.Key_Update_20ms)
                  00006ee4    0000016c     gimbal.o (.text.Gimbal_Init)
                  00007050    00000160     heading_control.o (.text.HeadingControl_Update)
                  000071b0    00000160     gimbal.o (.text.gimbal_yaw_set_target_x10)
                  00007310    00000140     motion_action.o (.text.MotionAction_Start)
                  00007450    0000013c     oled.o (.text.OLED_PrintInt16)
                  0000758c    00000134     imu.o (.text.Imu_Update)
                  000076c0    0000012c     imu.o (.text.imu_i2c_recover_bus)
                  000077ec    00000128     gimbal.o (.text.Gimbal_YawEnableWorldLock)
                  00007914    00000124     vision_tuning_console.o (.text.send_simple_reply)
                  00007a38    00000100     empty.o (.text.main)
                  00007b38    000000fc     gimbal.o (.text.Gimbal_PitchRelease)
                  00007c34    000000f8     mission_manager.o (.text.MissionManager_Update_20ms)
                  00007d2c    000000f0     gimbal.o (.text.Gimbal_PitchStopHold)
                  00007e1c    000000f0     mission_manager.o (.text.MissionManager_SelectNext)
                  00007f0c    000000ec     car_controller.o (.text.handle_turn_90)
                  00007ff8    000000ec     gimbal_tracker.o (.text.sync_targets_from_gimbal)
                  000080e4    000000e8     vision_protocol.o (.text.fields_are_valid)
                  000081cc    000000dc     gimbal.o (.text.Gimbal_PitchConfirmZero)
                  000082a8    000000dc     oled_ui.o (.text.print_tuning_change_value)
                  00008384    000000d8     mission_manager.o (.text.MissionManager_SelectPrevious)
                  0000845c    000000d8     oled.o (.text.OLED_PrintUInt16)
                  00008534    000000d8     menu.o (.text.menu_adjust_param)
                  0000860c    000000d8     libclang_rt.builtins.a : addsf3.S.obj (.text)
                  000086e4    000000d4     oled.o (.text.OLED_Init)
                  000087b8    000000d0     oled.o (.text.OLED_PrintChar)
                  00008888    000000cc     ti_msp_dl_config.o (.text.SYSCFG_DL_GPIO_init)
                  00008954    000000c8     gimbal.o (.text.Gimbal_YawConfirmZero)
                  00008a1c    000000c4     app.o (.text.App_Update_20ms)
                  00008ae0    000000bc     obstacle_safety.o (.text.ObstacleSafety_Update_20ms)
                  00008b9c    000000b8     app_config.o (.text.AppConfig_InitDefault)
                  00008c54    000000b4     gimbal_stepper.o (.text.GimbalStepper_StopHold)
                  00008d08    000000b4     gimbal_vision_adapter.o (.text.GimbalVisionAdapter_Update)
                  00008dbc    000000b0     gimbal_stepper.o (.text.GimbalStepper_Init)
                  00008e6c    000000b0     gimbal.o (.text.Gimbal_PitchMoveRelativeDeg)
                  00008f1c    000000b0     motor.o (.text.Motor_SetSpeed)
                  00008fcc    000000aa     mission_library.o (.text.MissionLibrary_Validate)
                  00009076    00000002     startup_mspm0g350x_ticlang.o (.text.Default_Handler)
                  00009078    000000a8     gimbal_vision_pitch_tracker.o (.text.GimbalVisionPitchTracker_Enable)
                  00009120    000000a2     libclang_rt.builtins.a : udivmoddi4.S.obj (.text)
                  000091c2    00000002     track_sensor.o (.text.TrackSensor_Init)
                  000091c4    000000a0     empty.o (.text.SysTick_Handler)
                  00009264    0000009c     obstacle_monitor.o (.text.ObstacleMonitor_Update_20ms)
                  00009300    0000009a     libc.a : memcpy16.S.obj (.text:memcpy)
                  0000939a    00000002     libclang_rt.builtins.a : aeabi_div0.c.obj (.text.__aeabi_idiv0)
                  0000939c    00000098     car_controller.o (.text.CarController_StartSeekLine)
                  00009434    00000098     imu.o (.text.mpu6050_write_reg)
                  000094cc    00000094     car_controller.o (.text.CarController_StartDriveHeading)
                  00009560    0000008c     gimbal.o (.text.Gimbal_YawDisableWorldLock)
                  000095ec    0000008c     gimbal.o (.text.Gimbal_YawStopHold)
                  00009678    0000008c     libclang_rt.builtins.a : mulsf3.S.obj (.text.__mulsf3)
                  00009704    00000088     car_controller.o (.text.CarController_StartTurnToYawRelative)
                  0000978c    00000004     libsysbm.a : hostexit.c.obj (.text.HOSTexit)
                  00009790    00000088     libc.a : strcmp-armv6m.S.obj (.text:strcmp)
                  00009818    00000084     gimbal_stepper.o (.text.GimbalStepper_ConfirmZero)
                  0000989c    00000084     gimbal_tracker.o (.text.GimbalTracker_PushObservation)
                  00009920    00000082     libclang_rt.builtins.a : divsf3.S.obj (.text.__divsf3)
                  000099a2    00000002                            : aeabi_div0.c.obj (.text.__aeabi_ldiv0)
                  000099a4    00000080     gimbal_tracker.o (.text.GimbalTracker_Init)
                  00009a24    0000007c     car_controller.o (.text.CarController_Init)
                  00009aa0    0000007c     car_controller.o (.text.CarController_ResetRuntime)
                  00009b1c    0000007c     car_controller.o (.text.CarController_StartFollowLine)
                  00009b98    0000007c     vision_pitch_tuning.o (.text.VisionPitchTuning_Set)
                  00009c14    0000007c     libc.a : copy_decompress_lzss.c.obj (.text:decompress:lzss)
                  00009c90    00000078     oled.o (.text.oled_write_command)
                  00009d08    00000074     car_controller.o (.text.CarController_StartTurnRight90)
                  00009d7c    00000070     car_controller.o (.text.CarController_StartTurnLeft90)
                  00009dec    00000070     gimbal_stepper.o (.text.GimbalStepper_Release)
                  00009e5c    00000070     menu.o (.text.Menu_GetParamValue)
                  00009ecc    00000070     ti_msp_dl_config.o (.text.SYSCFG_DL_UART_VISION_init)
                  00009f3c    0000006e     track_sensor.o (.text.TrackSensor_DetectTurn)
                  00009faa    00000002     --HOLE-- [fill = 0]
                  00009fac    0000006c     encoder.o (.text.Encoder_HandleGpioInterrupt)
                  0000a018    00000068     mission_manager.o (.text.MissionManager_GetSelectedMissionIndex)
                  0000a080    00000066     track_sensor.o (.text.TrackSensor_GetErrorFromRaw)
                  0000a0e6    00000002     --HOLE-- [fill = 0]
                  0000a0e8    00000064     gimbal.o (.text.Gimbal_YawRelease)
                  0000a14c    00000062     app.o (.text.App_Init)
                  0000a1ae    00000002     --HOLE-- [fill = 0]
                  0000a1b0    00000062     libclang_rt.builtins.a : aeabi_fcmp.S.obj (.text.__aeabi_fcmp)
                  0000a212    00000062     libc.a : memset16.S.obj (.text:memset)
                  0000a274    00000060     gimbal_tracker.o (.text.GimbalTracker_Enable)
                  0000a2d4    00000060     gimbal_tracker.o (.text.GimbalTracker_GetFeedback)
                  0000a334    00000060     libclang_rt.builtins.a : fixsfdi.S.obj (.text.__fixsfdi)
                  0000a394    0000005e     oled.o (.text.OLED_PrintBinary7)
                  0000a3f2    00000002     --HOLE-- [fill = 0]
                  0000a3f4    0000005c     vision_uart.o (.text.UART3_IRQHandler)
                  0000a450    0000005c     ultrasonic.o (.text.Ultrasonic_Update_20ms)
                  0000a4ac    00000058     gimbal.o (.text.Gimbal_YawMoveRelativeDeg)
                  0000a504    00000056     libclang_rt.builtins.a : aeabi_idivmod.S.obj (.text.__aeabi_idivmod)
                  0000a55a    00000002     --HOLE-- [fill = 0]
                  0000a55c    00000054     track_sensor.o (.text.TrackSensor_ReadRaw)
                  0000a5b0    00000050     car_controller.o (.text.CarController_SetSafetyHold)
                  0000a600    00000050     motor.o (.text.Motor_PwmTick100us)
                  0000a650    00000050     ultrasonic.o (.text.Ultrasonic_Init)
                  0000a6a0    00000050     vision_tuning_console.o (.text.VisionTuningConsole_Init)
                  0000a6f0    00000048     driverlib.a : dl_uart.o (.text.DL_UART_init)
                  0000a738    00000048     mission_manager.o (.text.MissionManager_Init)
                  0000a780    00000044     servo.o (.text.Servo_Tick100us)
                  0000a7c4    00000040     gimbal_vision_pitch_tracker.o (.text.GimbalVisionPitchTracker_Init)
                  0000a804    00000040     mission_manager.o (.text.MissionManager_Start)
                  0000a844    00000040     ti_msp_dl_config.o (.text.SYSCFG_DL_SYSCTL_init)
                  0000a884    00000040     vision_receiver.o (.text.VisionReceiver_PushByteFromIsr)
                  0000a8c4    00000040     libclang_rt.builtins.a : aeabi_uidivmod.S.obj (.text.__aeabi_uidivmod)
                  0000a904    00000040     menu.o (.text.menu_next_main_page)
                  0000a944    0000003e     libclang_rt.builtins.a : divmoddi4.c.obj (.text.__divmoddi4)
                  0000a982    00000002     --HOLE-- [fill = 0]
                  0000a984    0000003c     gimbal_tracker.o (.text.GimbalTracker_ClearObservation)
                  0000a9c0    0000003c     servo.o (.text.Servo_SetAngleDeg)
                  0000a9fc    0000003c     vision_tuning_console.o (.text.VisionTuningConsole_PushByteFromIsr)
                  0000aa38    0000003c     libclang_rt.builtins.a : floatsisf.S.obj (.text.__floatsisf)
                  0000aa74    0000003c                            : comparesf2.S.obj (.text.__gtsf2)
                  0000aab0    0000003c     libc.a : autoinit.c.obj (.text:__TI_auto_init_nobinit_nopinit)
                  0000aaec    0000003a     libclang_rt.builtins.a : comparesf2.S.obj (.text.__eqsf2)
                  0000ab26    00000002     --HOLE-- [fill = 0]
                  0000ab28    0000003a                            : muldsi3.S.obj (.text.__muldsi3)
                  0000ab62    00000002     --HOLE-- [fill = 0]
                  0000ab64    00000038     motion_action.o (.text.MotionAction_ReapplyControllerTarget)
                  0000ab9c    00000038     motor.o (.text.Motor_Init)
                  0000abd4    00000038     vision_receiver.o (.text.VisionReceiver_Init)
                  0000ac0c    00000038     libclang_rt.builtins.a : fixsfsi.S.obj (.text.__fixsfsi)
                  0000ac44    00000034     oled.o (.text.OLED_SetCursor)
                  0000ac78    00000034     ti_msp_dl_config.o (.text.SYSCFG_DL_initPower)
                  0000acac    00000034     vision_tuning_console.o (.text.VisionTuningConsole_TryPopTxByte)
                  0000ace0    00000034     vision_uart.o (.text.VisionUart_Process)
                  0000ad14    00000032     oled.o (.text.OLED_PrintString)
                  0000ad46    00000002     --HOLE-- [fill = 0]
                  0000ad48    00000030     gimbal.o (.text.Gimbal_PitchGetFeedback)
                  0000ad78    00000030     key.o (.text.Key_Init)
                  0000ada8    00000030     mission_manager.o (.text.MissionManager_Cancel)
                  0000add8    00000030     mission_manager.o (.text.MissionManager_Reset)
                  0000ae08    00000030     vision_pitch_tuning.o (.text.VisionPitchTuning_RestoreDefault)
                  0000ae38    0000002c     motor.o (.text.Motor_Stop)
                  0000ae64    0000002c     track_sensor.o (.text.TrackSensor_CountBlack)
                  0000ae90    0000002c     gimbal_vision_pitch_tracker.o (.text.speed_to_x10)
                  0000aebc    00000028     servo.o (.text.Servo_Init)
                  0000aee4    00000028     vision_pitch_tuning.o (.text.VisionPitchTuning_Init)
                  0000af0c    00000028     libclang_rt.builtins.a : floatunsisf.S.obj (.text.__floatunsisf)
                  0000af34    00000028     obstacle_avoidance.o (.text.avoid_fail)
                  0000af5c    00000028     libc.a : memmov.c.obj (.text.memmove)
                  0000af84    00000028            : boot_cortex_m.c.obj (.text:_c_int00_noargs)
                  0000afac    00000024     encoder.o (.text.Encoder_Reset)
                  0000afd0    00000024     gimbal_vision_pitch_tracker.o (.text.GimbalVisionPitchTracker_GetFeedback)
                  0000aff4    00000024     libclang_rt.builtins.a : muldi3.S.obj (.text.__muldi3)
                  0000b018    00000020     car_controller.o (.text.CarController_Stop)
                  0000b038    00000020     mission_manager.o (.text.MissionManager_Pause)
                  0000b058    00000020     mission_manager.o (.text.MissionManager_Resume)
                  0000b078    00000020     motion_action.o (.text.MotionAction_GetCurrentBypassDirection)
                  0000b098    00000020     motion_action.o (.text.MotionAction_GetCurrentObstaclePolicy)
                  0000b0b8    00000020     obstacle_avoidance.o (.text.ObstacleAvoidance_Init)
                  0000b0d8    00000020     ti_msp_dl_config.o (.text.SYSCFG_DL_init)
                  0000b0f8    00000020     vision_receiver.o (.text.VisionReceiver_GetProtocolErrorCount)
                  0000b118    00000020     mission_manager.o (.text.mission_finish_error)
                  0000b138    0000001e     libclang_rt.builtins.a : ashldi3.S.obj (.text.__ashldi3)
                  0000b156    00000002     --HOLE-- [fill = 0]
                  0000b158    0000001c     gimbal_vision_adapter.o (.text.GimbalVisionAdapter_Init)
                  0000b174    0000001c     imu.o (.text.Imu_IsReady)
                  0000b190    0000001c     menu.o (.text.Menu_Init)
                  0000b1ac    0000001c     obstacle_monitor.o (.text.ObstacleMonitor_Init)
                  0000b1c8    0000001c     obstacle_safety.o (.text.ObstacleSafety_Init)
                  0000b1e4    0000001c     vision_pitch_tuning.o (.text.VisionPitchTuning_ParamName)
                  0000b200    00000018     car_controller.o (.text.CarController_RunModeToString)
                  0000b218    00000018     heading_control.o (.text.HeadingControl_LockCurrentYaw)
                  0000b230    00000018     heading_control.o (.text.HeadingControl_SetTargetYaw)
                  0000b248    00000018     menu.o (.text.Menu_ParamItemToString)
                  0000b260    00000018     mission_library.o (.text.MissionLibrary_FindById)
                  0000b278    00000018     motion_action.o (.text.MotionAction_Cancel)
                  0000b290    00000018     motion_action.o (.text.MotionAction_Init)
                  0000b2a8    00000014     empty.o (.text.GROUP1_IRQHandler)
                  0000b2bc    00000014     gimbal_stepper.o (.text.GimbalStepper_SetStepHalfPeriodTicks)
                  0000b2d0    00000014     heading_control.o (.text.HeadingControl_Enable)
                  0000b2e4    00000014     heading_control.o (.text.HeadingControl_Init)
                  0000b2f8    00000014     heading_control.o (.text.HeadingControl_Reset)
                  0000b30c    00000014     mission_library.o (.text.MissionLibrary_GetByIndex)
                  0000b320    00000014     mission_manager.o (.text.MissionManager_GetSelectedMissionId)
                  0000b334    00000014     vision_pitch_tuning.o (.text.VisionPitchTuning_GetSnapshot)
                  0000b348    00000014     vision_uart.o (.text.VisionUart_Init)
                  0000b35c    00000014     libclang_rt.builtins.a : aeabi_ldivmod.S.obj (.text.__aeabi_ldivmod)
                  0000b370    00000014                            : aeabi_uldivmod.S.obj (.text.__aeabi_uldivmod)
                  0000b384    00000012     driverlib.a : dl_uart.o (.text.DL_UART_setClockConfig)
                  0000b396    00000012     libc.a : copy_decompress_none.c.obj (.text:decompress:none)
                  0000b3a8    00000010     gimbal.o (.text.Gimbal_YawGetFeedback)
                  0000b3b8    00000010     key.o (.text.Key_GetEvent)
                  0000b3c8    00000010     obstacle_avoidance.o (.text.ObstacleAvoidance_IsResumeGraceActive)
                  0000b3d8    00000010     libc.a : copy_zero_init.c.obj (.text:decompress:ZI)
                  0000b3e8    0000000c     car_controller.o (.text.CarController_GetRunMode)
                  0000b3f4    0000000c     car_state.o (.text.CarState_Get)
                  0000b400    0000000c     car_state.o (.text.CarState_Init)
                  0000b40c    0000000c     car_state.o (.text.CarState_Set)
                  0000b418    0000000c     gimbal_vision_adapter.o (.text.GimbalVisionAdapter_GetObservation)
                  0000b424    0000000c     gimbal.o (.text.Gimbal_Tick100us)
                  0000b430    0000000c     gimbal.o (.text.Gimbal_Update5ms)
                  0000b43c    0000000c     imu.o (.text.Imu_GetCorrectedGyroZDps)
                  0000b448    0000000c     imu.o (.text.Imu_GetYaw)
                  0000b454    0000000c     imu.o (.text.Imu_ResetYaw)
                  0000b460    0000000c     menu.o (.text.Menu_GetPage)
                  0000b46c    0000000c     menu.o (.text.Menu_GetParamItem)
                  0000b478    0000000c     mission_manager.o (.text.MissionManager_SetExternalHold)
                  0000b484    0000000c     obstacle_avoidance.o (.text.ObstacleAvoidance_IsActive)
                  0000b490    0000000c     obstacle_avoidance.o (.text.ObstacleAvoidance_IsFailed)
                  0000b49c    0000000c     obstacle_safety.o (.text.ObstacleSafety_IsHolding)
                  0000b4a8    0000000c     oled_ui.o (.text.OledUi_Init)
                  0000b4b4    0000000c     libclang_rt.builtins.a : aeabi_memset.S.obj (.text.__aeabi_memclr)
                  0000b4c0    0000000a     driverlib.a : dl_common.o (.text.DL_Common_delayCycles)
                  0000b4ca    0000000a     track_sensor.o (.text.TrackSensor_IsCenterDetected)
                  0000b4d4    0000000a     track_sensor.o (.text.TrackSensor_IsLineDetected)
                  0000b4de    0000000a     track_sensor.o (.text.TrackSensor_IsLineLost)
                  0000b4e8    00000008     car_controller.o (.text.CarController_GetFeedback)
                  0000b4f0    00000008     gimbal_stepper.o (.text.GimbalStepper_GetFeedback)
                  0000b4f8    00000008     gimbal_vision_adapter.o (.text.GimbalVisionAdapter_GetFeedback)
                  0000b500    00000008     gimbal.o (.text.Gimbal_PitchStopTrackingHold)
                  0000b508    00000008     heading_control.o (.text.HeadingControl_GetRuntime)
                  0000b510    00000008     imu.o (.text.Imu_GetRuntime)
                  0000b518    00000008     mission_manager.o (.text.MissionManager_GetMissionCount)
                  0000b520    00000008     mission_manager.o (.text.MissionManager_GetRuntime)
                  0000b528    00000008     motion_action.o (.text.MotionAction_GetRuntime)
                  0000b530    00000008     obstacle_avoidance.o (.text.ObstacleAvoidance_GetFeedback)
                  0000b538    00000008     obstacle_monitor.o (.text.ObstacleMonitor_GetFeedback)
                  0000b540    00000008     servo.o (.text.Servo_GetFeedback)
                  0000b548    00000008     ultrasonic.o (.text.Ultrasonic_GetFeedback)
                  0000b550    00000008     vision_pitch_tuning.o (.text.VisionPitchTuning_GetStatus)
                  0000b558    00000008     vision_receiver.o (.text.VisionReceiver_GetObservation)
                  0000b560    00000008     vision_receiver.o (.text.VisionReceiver_GetStatus)
                  0000b568    00000008     libclang_rt.builtins.a : aeabi_memcpy.S.obj (.text.__aeabi_memcpy)
                  0000b570    00000008                            : aeabi_memmove.S.obj (.text.__aeabi_memmove)
                  0000b578    00000006     libc.a : exit.c.obj (.text:abort)
                  0000b57e    00000004     mission_library.o (.text.MissionLibrary_GetCount)
                  0000b582    00000004     startup_mspm0g350x_ticlang.o (.text.Reset_Handler)
                  0000b586    00000004     libc.a : pre_init.c.obj (.text._system_pre_init)
                  0000b58a    00000006     --HOLE-- [fill = 0]

.cinit     0    0000bd60    00000030     
                  0000bd60    0000000c     (__TI_handler_table)
                  0000bd6c    00000008     (.cinit..bss.load) [load image, compression = zero_init]
                  0000bd74    00000005     (.cinit..data.load) [load image, compression = lzss]
                  0000bd79    00000003     --HOLE-- [fill = 0]
                  0000bd7c    00000010     (__TI_cinit_table)
                  0000bd8c    00000004     --HOLE-- [fill = 0]

.rodata    0    0000b590    000007d0     
                  0000b590    000000d8     oled.o (.rodata..Lswitch.table.OLED_PrintChar)
                  0000b668    000000a8     mission_library.o (.rodata.g_missionMapA)
                  0000b710    000000a8     mission_library.o (.rodata.g_missionMapB)
                  0000b7b8    00000078     mission_library.o (.rodata.g_missionMapC)
                  0000b830    00000030     oled_ui.o (.rodata..Lswitch.table.OledUi_Update_20ms.134)
                  0000b860    00000030     mission_library.o (.rodata.g_missionRegistry)
                  0000b890    00000024     menu.o (.rodata..Lswitch.table.Menu_ParamItemToString)
                  0000b8b4    00000024     oled_ui.o (.rodata..Lswitch.table.OledUi_Update_20ms.137)
                  0000b8d8    00000020     oled_ui.o (.rodata..Lswitch.table.OledUi_Update_20ms.136)
                  0000b8f8    0000001c     car_controller.o (.rodata..Lswitch.table.CarController_RunModeToString)
                  0000b914    0000001c     vision_tuning_console.o (.rodata.str1.4596246334391183804.1)
                  0000b930    00000018     oled_ui.o (.rodata..Lswitch.table.OledUi_Update_20ms.138)
                  0000b948    00000018     vision_pitch_tuning.o (.rodata..Lswitch.table.VisionPitchTuning_ParamName)
                  0000b960    0000000e     oled_ui.o (.rodata.str1.10416366799939242409.1)
                  0000b96e    00000002     ti_msp_dl_config.o (.rodata.gUART_VISIONClockConfig)
                  0000b970    0000000c     mission_library.o (.rodata..Lswitch.table.MissionLibrary_FindById)
                  0000b97c    0000000c     oled_ui.o (.rodata..Lswitch.table.OledUi_Update_20ms.133)
                  0000b988    0000000c     oled_ui.o (.rodata..Lswitch.table.OledUi_Update_20ms.135)
                  0000b994    0000000a     ti_msp_dl_config.o (.rodata.gUART_VISIONConfig)
                  0000b99e    0000000a     vision_tuning_console.o (.rodata.str1.7225688704195888286.1)
                  0000b9a8    00000009     menu.o (.rodata..Lswitch.table.Menu_HandleKeyEvent)
                  0000b9b1    00000009     oled_ui.o (.rodata.str1.15008238333949226094.1)
                  0000b9ba    00000008     oled_ui.o (.rodata.str1.10263419832828250601.1)
                  0000b9c2    00000008     vision_tuning_console.o (.rodata.str1.11718269490974306969.1)
                  0000b9ca    00000008     vision_tuning_console.o (.rodata.str1.3293472937029561918.1)
                  0000b9d2    00000008     oled_ui.o (.rodata.str1.7185587941321649510.1)
                  0000b9da    00000008     oled_ui.o (.rodata.str1.8693388333057100694.1)
                  0000b9e2    00000008     oled_ui.o (.rodata.str1.9611283282870761829.1)
                  0000b9ea    00000007     oled_ui.o (.rodata.str1.10077435089618835710.1)
                  0000b9f1    00000007     vision_tuning_console.o (.rodata.str1.12197883643583142124.1)
                  0000b9f8    00000007     oled_ui.o (.rodata.str1.13882251010780863896.1)
                  0000b9ff    00000007     oled_ui.o (.rodata.str1.4932371652560868037.1)
                  0000ba06    00000006     vision_tuning_console.o (.rodata.str1.10860306953068020798.1)
                  0000ba0c    00000006     oled_ui.o (.rodata.str1.13567883086814673087.1)
                  0000ba12    00000006     mission_library.o (.rodata.str1.13636476544574750902.1)
                  0000ba18    00000006     oled_ui.o (.rodata.str1.14358698208395374265.1)
                  0000ba1e    00000006     oled_ui.o (.rodata.str1.1445687256832830955.1)
                  0000ba24    00000006     mission_library.o (.rodata.str1.15668266851434757964.1)
                  0000ba2a    00000006     oled_ui.o (.rodata.str1.16496169091617228061.1)
                  0000ba30    00000006     oled_ui.o (.rodata.str1.16635595130967924751.1)
                  0000ba36    00000006     vision_tuning_console.o (.rodata.str1.16844514803809476741.1)
                  0000ba3c    00000006     oled_ui.o (.rodata.str1.17436941090773226089.1)
                  0000ba42    00000006     mission_library.o (.rodata.str1.199678142196697465.1)
                  0000ba48    00000006     oled_ui.o (.rodata.str1.3455423528827705371.1)
                  0000ba4e    00000006     oled_ui.o (.rodata.str1.3702290527496711532.1)
                  0000ba54    00000006     vision_tuning_console.o (.rodata.str1.4028100529439820245.1)
                  0000ba5a    00000006     oled_ui.o (.rodata.str1.4193589846040060630.1)
                  0000ba60    00000006     oled_ui.o (.rodata.str1.4610220316623841660.1)
                  0000ba66    00000006     oled_ui.o (.rodata.str1.7219546930854689545.1)
                  0000ba6c    00000005     oled.o (.rodata.oled_get_glyph.colon)
                  0000ba71    00000005     oled.o (.rodata.oled_get_glyph.eight)
                  0000ba76    00000005     oled.o (.rodata.oled_get_glyph.five)
                  0000ba7b    00000005     oled.o (.rodata.oled_get_glyph.four)
                  0000ba80    00000005     oled.o (.rodata.oled_get_glyph.glyphA)
                  0000ba85    00000005     oled.o (.rodata.oled_get_glyph.glyphB)
                  0000ba8a    00000005     oled.o (.rodata.oled_get_glyph.glyphC)
                  0000ba8f    00000005     oled.o (.rodata.oled_get_glyph.glyphD)
                  0000ba94    00000005     oled.o (.rodata.oled_get_glyph.glyphE)
                  0000ba99    00000005     oled.o (.rodata.oled_get_glyph.glyphG)
                  0000ba9e    00000005     oled.o (.rodata.oled_get_glyph.glyphH)
                  0000baa3    00000005     oled.o (.rodata.oled_get_glyph.glyphI)
                  0000baa8    00000005     oled.o (.rodata.oled_get_glyph.glyphK)
                  0000baad    00000005     oled.o (.rodata.oled_get_glyph.glyphL)
                  0000bab2    00000005     oled.o (.rodata.oled_get_glyph.glyphM)
                  0000bab7    00000005     oled.o (.rodata.oled_get_glyph.glyphN)
                  0000babc    00000005     oled.o (.rodata.oled_get_glyph.glyphO)
                  0000bac1    00000005     oled.o (.rodata.oled_get_glyph.glyphP)
                  0000bac6    00000005     oled.o (.rodata.oled_get_glyph.glyphR)
                  0000bacb    00000005     oled.o (.rodata.oled_get_glyph.glyphS)
                  0000bad0    00000005     oled.o (.rodata.oled_get_glyph.glyphT)
                  0000bad5    00000005     oled.o (.rodata.oled_get_glyph.glyphU)
                  0000bada    00000005     oled.o (.rodata.oled_get_glyph.glyphV)
                  0000badf    00000005     oled.o (.rodata.oled_get_glyph.glyphW)
                  0000bae4    00000005     oled.o (.rodata.oled_get_glyph.glyphX)
                  0000bae9    00000005     oled.o (.rodata.oled_get_glyph.glyphY)
                  0000baee    00000005     oled.o (.rodata.oled_get_glyph.glyphb)
                  0000baf3    00000005     oled.o (.rodata.oled_get_glyph.gt)
                  0000baf8    00000005     oled.o (.rodata.oled_get_glyph.minus)
                  0000bafd    00000005     oled.o (.rodata.oled_get_glyph.nine)
                  0000bb02    00000005     oled.o (.rodata.oled_get_glyph.one)
                  0000bb07    00000005     oled.o (.rodata.oled_get_glyph.seven)
                  0000bb0c    00000005     oled.o (.rodata.oled_get_glyph.six)
                  0000bb11    00000005     oled.o (.rodata.oled_get_glyph.space)
                  0000bb16    00000005     oled.o (.rodata.oled_get_glyph.three)
                  0000bb1b    00000005     oled.o (.rodata.oled_get_glyph.two)
                  0000bb20    00000005     oled.o (.rodata.oled_get_glyph.zero)
                  0000bb25    00000005     oled_ui.o (.rodata.str1.11178346780556493352.1)
                  0000bb2a    00000005     oled_ui.o (.rodata.str1.11428648044669318875.1)
                  0000bb2f    00000005     oled_ui.o (.rodata.str1.12571791089077708471.1)
                  0000bb34    00000005     oled_ui.o (.rodata.str1.12617122458660443890.1)
                  0000bb39    00000005     oled_ui.o (.rodata.str1.1276391367487699528.1)
                  0000bb3e    00000005     vision_pitch_tuning.o (.rodata.str1.13915893147848268398.1)
                  0000bb43    00000005     oled_ui.o (.rodata.str1.14134189893851348960.1)
                  0000bb48    00000005     oled_ui.o (.rodata.str1.14740362735394205067.1)
                  0000bb4d    00000005     oled_ui.o (.rodata.str1.14774750633985060196.1)
                  0000bb52    00000005     oled_ui.o (.rodata.str1.15132332204781002199.1)
                  0000bb57    00000005     oled_ui.o (.rodata.str1.15613891207764622616.1)
                  0000bb5c    00000005     oled_ui.o (.rodata.str1.15817398807211891688.1)
                  0000bb61    00000005     oled_ui.o (.rodata.str1.15859922799842739878.1)
                  0000bb66    00000005     oled_ui.o (.rodata.str1.16290499236105125126.1)
                  0000bb6b    00000005     car_controller.o (.rodata.str1.1652194605229746967.1)
                  0000bb70    00000005     oled_ui.o (.rodata.str1.16526439943277383452.1)
                  0000bb75    00000005     vision_tuning_console.o (.rodata.str1.17265544270347038021.1)
                  0000bb7a    00000005     oled_ui.o (.rodata.str1.17274519358952562110.1)
                  0000bb7f    00000005     oled_ui.o (.rodata.str1.17540787658903907660.1)
                  0000bb84    00000005     oled_ui.o (.rodata.str1.18379317056176403938.1)
                  0000bb89    00000005     oled_ui.o (.rodata.str1.2308938766145545715.1)
                  0000bb8e    00000005     oled_ui.o (.rodata.str1.2522137003438374266.1)
                  0000bb93    00000005     oled_ui.o (.rodata.str1.2603845803395459882.1)
                  0000bb98    00000005     car_controller.o (.rodata.str1.4164979912472006574.1)
                  0000bb9d    00000005     oled_ui.o (.rodata.str1.4581472623415959594.1)
                  0000bba2    00000005     menu.o (.rodata.str1.4862307748908978627.1)
                  0000bba7    00000005     oled_ui.o (.rodata.str1.6835749436006845616.1)
                  0000bbac    00000005     oled_ui.o (.rodata.str1.7481335054564682966.1)
                  0000bbb1    00000005     oled_ui.o (.rodata.str1.8399051469953744892.1)
                  0000bbb6    00000005     oled_ui.o (.rodata.str1.8426569189266129334.1)
                  0000bbbb    00000005     oled_ui.o (.rodata.str1.8449035241871861290.1)
                  0000bbc0    00000005     oled_ui.o (.rodata.str1.9159586779647977165.1)
                  0000bbc5    00000005     car_controller.o (.rodata.str1.9234375891235759983.1)
                  0000bbca    00000005     oled_ui.o (.rodata.str1.9295666102996717355.1)
                  0000bbcf    00000005     car_controller.o (.rodata.str1.9981487771679760427.1)
                  0000bbd4    00000005     oled_ui.o (.rodata.str1.9992244628984851027.1)
                  0000bbd9    00000004     oled_ui.o (.rodata.str1.1019225241002246410.1)
                  0000bbdd    00000004     oled_ui.o (.rodata.str1.10430294223631918979.1)
                  0000bbe1    00000004     oled_ui.o (.rodata.str1.10509309789429088155.1)
                  0000bbe5    00000004     oled_ui.o (.rodata.str1.1108652269057166745.1)
                  0000bbe9    00000004     oled_ui.o (.rodata.str1.11149198520117834688.1)
                  0000bbed    00000004     oled_ui.o (.rodata.str1.11232419324784801130.1)
                  0000bbf1    00000004     oled_ui.o (.rodata.str1.12043213579996415112.1)
                  0000bbf5    00000004     menu.o (.rodata.str1.12110183915172842339.1)
                  0000bbf9    00000004     oled_ui.o (.rodata.str1.12182588061437138428.1)
                  0000bbfd    00000004     car_controller.o (.rodata.str1.12442237994239546032.1)
                  0000bc01    00000004     oled_ui.o (.rodata.str1.12493748764729730277.1)
                  0000bc05    00000004     oled_ui.o (.rodata.str1.12697925274637991987.1)
                  0000bc09    00000004     oled_ui.o (.rodata.str1.12928245060369742404.1)
                  0000bc0d    00000004     oled_ui.o (.rodata.str1.12983537867572525563.1)
                  0000bc11    00000004     menu.o (.rodata.str1.13124720451672825294.1)
                  0000bc15    00000004     oled_ui.o (.rodata.str1.13244290092665904221.1)
                  0000bc19    00000004     oled_ui.o (.rodata.str1.13871579367539052597.1)
                  0000bc1d    00000004     oled_ui.o (.rodata.str1.13875148296791986931.1)
                  0000bc21    00000004     vision_tuning_console.o (.rodata.str1.14084955404328172175.1)
                  0000bc25    00000004     menu.o (.rodata.str1.14098755746347272832.1)
                  0000bc29    00000004     oled_ui.o (.rodata.str1.14521350379984854626.1)
                  0000bc2d    00000004     oled_ui.o (.rodata.str1.15802367878353263018.1)
                  0000bc31    00000004     oled_ui.o (.rodata.str1.15829239520183577662.1)
                  0000bc35    00000004     oled_ui.o (.rodata.str1.15917848551323629232.1)
                  0000bc39    00000004     oled_ui.o (.rodata.str1.15935041339501476673.1)
                  0000bc3d    00000004     oled_ui.o (.rodata.str1.16411631209783952401.1)
                  0000bc41    00000004     vision_pitch_tuning.o (.rodata.str1.16579632732967443104.1)
                  0000bc45    00000004     oled_ui.o (.rodata.str1.16849766574302683489.1)
                  0000bc49    00000004     oled_ui.o (.rodata.str1.16931641404301806744.1)
                  0000bc4d    00000004     oled_ui.o (.rodata.str1.16939060351352778619.1)
                  0000bc51    00000004     menu.o (.rodata.str1.17041139162815566052.1)
                  0000bc55    00000004     car_controller.o (.rodata.str1.17172356789460551389.1)
                  0000bc59    00000004     oled_ui.o (.rodata.str1.17464849429964608858.1)
                  0000bc5d    00000004     oled_ui.o (.rodata.str1.17763087492223448992.1)
                  0000bc61    00000004     oled_ui.o (.rodata.str1.17884296644359297425.1)
                  0000bc65    00000004     car_controller.o (.rodata.str1.18191498530309206443.1)
                  0000bc69    00000004     oled_ui.o (.rodata.str1.18266126048138325213.1)
                  0000bc6d    00000004     oled_ui.o (.rodata.str1.1974573040514735405.1)
                  0000bc71    00000004     oled_ui.o (.rodata.str1.2193316011307952170.1)
                  0000bc75    00000004     oled_ui.o (.rodata.str1.240075016795266086.1)
                  0000bc79    00000004     oled_ui.o (.rodata.str1.2656948373757303877.1)
                  0000bc7d    00000004     oled_ui.o (.rodata.str1.3407221357956504873.1)
                  0000bc81    00000004     oled_ui.o (.rodata.str1.4402311448527872260.1)
                  0000bc85    00000004     oled_ui.o (.rodata.str1.4581686099848791648.1)
                  0000bc89    00000004     oled_ui.o (.rodata.str1.4582914374586912483.1)
                  0000bc8d    00000004     oled_ui.o (.rodata.str1.4691821198597473371.1)
                  0000bc91    00000004     oled_ui.o (.rodata.str1.4723632947289500520.1)
                  0000bc95    00000004     menu.o (.rodata.str1.5155000645726596423.1)
                  0000bc99    00000004     oled_ui.o (.rodata.str1.5376340479846291137.1)
                  0000bc9d    00000004     oled_ui.o (.rodata.str1.5853739094453432564.1)
                  0000bca1    00000004     oled_ui.o (.rodata.str1.5965450730569173784.1)
                  0000bca5    00000004     oled_ui.o (.rodata.str1.5965888106848176421.1)
                  0000bca9    00000004     oled_ui.o (.rodata.str1.6806727740681590176.1)
                  0000bcad    00000004     oled_ui.o (.rodata.str1.6954814719705590448.1)
                  0000bcb1    00000004     car_controller.o (.rodata.str1.702403006289709404.1)
                  0000bcb5    00000004     oled_ui.o (.rodata.str1.7774807581888385879.1)
                  0000bcb9    00000004     oled_ui.o (.rodata.str1.8018480777946742726.1)
                  0000bcbd    00000004     oled_ui.o (.rodata.str1.8124536758062367015.1)
                  0000bcc1    00000004     oled_ui.o (.rodata.str1.8236579331345056500.1)
                  0000bcc5    00000004     oled_ui.o (.rodata.str1.8403269972884532600.1)
                  0000bcc9    00000004     oled_ui.o (.rodata.str1.8460525935980491721.1)
                  0000bccd    00000004     oled_ui.o (.rodata.str1.8471462185882660445.1)
                  0000bcd1    00000004     oled_ui.o (.rodata.str1.8783421139296713095.1)
                  0000bcd5    00000004     oled_ui.o (.rodata.str1.8950259614286592359.1)
                  0000bcd9    00000004     oled_ui.o (.rodata.str1.9102528229756940648.1)
                  0000bcdd    00000004     vision_tuning_console.o (.rodata.str1.9292707793305368794.1)
                  0000bce1    00000004     oled_ui.o (.rodata.str1.9351772214919528733.1)
                  0000bce5    00000004     menu.o (.rodata.str1.9546740394641817443.1)
                  0000bce9    00000004     oled_ui.o (.rodata.str1.9584387800903135389.1)
                  0000bced    00000004     oled_ui.o (.rodata.str1.9646571805098343045.1)
                  0000bcf1    00000004     oled_ui.o (.rodata.str1.967006512144173535.1)
                  0000bcf5    00000004     oled_ui.o (.rodata.str1.9854382722193312766.1)
                  0000bcf9    00000003     vision_pitch_tuning.o (.rodata.str1.10553819018306626402.1)
                  0000bcfc    00000003     oled_ui.o (.rodata.str1.10568433575767188072.1)
                  0000bcff    00000003     oled_ui.o (.rodata.str1.130772507669342127.1)
                  0000bd02    00000003     oled_ui.o (.rodata.str1.13790669171379415506.1)
                  0000bd05    00000003     oled_ui.o (.rodata.str1.14556837007311414654.1)
                  0000bd08    00000003     vision_pitch_tuning.o (.rodata.str1.15082469624955958926.1)
                  0000bd0b    00000003     oled_ui.o (.rodata.str1.15575624326185233262.1)
                  0000bd0e    00000003     oled_ui.o (.rodata.str1.15577080202403550426.1)
                  0000bd11    00000003     menu.o (.rodata.str1.16312125044762562515.1)
                  0000bd14    00000003     vision_tuning_console.o (.rodata.str1.16336339630363933256.1)
                  0000bd17    00000003     oled_ui.o (.rodata.str1.16554583589798097927.1)
                  0000bd1a    00000003     oled_ui.o (.rodata.str1.16895433903389883335.1)
                  0000bd1d    00000003     vision_pitch_tuning.o (.rodata.str1.17185918124541117546.1)
                  0000bd20    00000003     oled_ui.o (.rodata.str1.17763996158807330232.1)
                  0000bd23    00000003     oled_ui.o (.rodata.str1.17812014771544466701.1)
                  0000bd26    00000003     vision_pitch_tuning.o (.rodata.str1.18308346119964257230.1)
                  0000bd29    00000003     vision_tuning_console.o (.rodata.str1.1836208005852235077.1)
                  0000bd2c    00000003     vision_pitch_tuning.o (.rodata.str1.2353024170771920291.1)
                  0000bd2f    00000003     oled_ui.o (.rodata.str1.2608729314174233125.1)
                  0000bd32    00000003     oled_ui.o (.rodata.str1.270145429241168923.1)
                  0000bd35    00000003     oled_ui.o (.rodata.str1.2742282290834473644.1)
                  0000bd38    00000003     oled_ui.o (.rodata.str1.2983744876309220570.1)
                  0000bd3b    00000003     oled_ui.o (.rodata.str1.3025253791635144717.1)
                  0000bd3e    00000003     menu.o (.rodata.str1.4646809750356241979.1)
                  0000bd41    00000003     oled_ui.o (.rodata.str1.5004483696121082904.1)
                  0000bd44    00000003     oled_ui.o (.rodata.str1.5291836437463020264.1)
                  0000bd47    00000003     menu.o (.rodata.str1.6857549598058878762.1)
                  0000bd4a    00000003     oled_ui.o (.rodata.str1.7050595558965647569.1)
                  0000bd4d    00000003     oled_ui.o (.rodata.str1.7419768602719733415.1)
                  0000bd50    00000003     oled_ui.o (.rodata.str1.8709745090823444516.1)
                  0000bd53    00000003     oled_ui.o (.rodata.str1.9229350655415085.1)
                  0000bd56    00000003     oled_ui.o (.rodata.str1.9544068167406571052.1)
                  0000bd59    00000003     oled_ui.o (.rodata.str1.9822857334037886482.1)
                  0000bd5c    00000002     oled_ui.o (.rodata.str1.14711868471336838103.1)
                  0000bd5e    00000002     oled_ui.o (.rodata.str1.3467953211977455017.1)

.init_array 
*          0    00000000    00000000     UNINITIALIZED

.binit     0    00000000    00000000     

.bss       0    20200000    000008b9     UNINITIALIZED
                  20200000    00000200     vision_receiver.o (.bss.g_ring)
                  20200200    00000100     vision_tuning_console.o (.bss.g_rxRing)
                  20200300    00000100     vision_tuning_console.o (.bss.g_txRing)
                  20200400    0000005c     (.common:g_appConfig)
                  2020045c    00000058     vision_receiver.o (.bss.g_status)
                  202004b4    00000048     gimbal_vision_adapter.o (.bss.g_feedback)
                  202004fc    00000004     gimbal_tracker.o (.bss.g_filteredErrorX)
                  20200500    00000040     gimbal.o (.bss.g_feedback)
                  20200540    00000040     vision_tuning_console.o (.bss.g_line)
                  20200580    00000040     gimbal.o (.bss.g_pitchFeedback)
                  202005c0    00000038     (.common:g_appRuntime)
                  202005f8    00000030     (.common:gUART_VISIONBackup)
                  20200628    0000002c     vision_receiver.o (.bss.g_observation)
                  20200654    00000028     gimbal_tracker.o (.bss.g_feedback)
                  2020067c    00000028     vision_receiver.o (.bss.g_frame)
                  202006a4    00000028     (.common:g_imuRuntime)
                  202006cc    00000020     mission_manager.o (.bss.g_missionRuntime)
                  202006ec    00000004     gimbal_tracker.o (.bss.g_filteredErrorY)
                  202006f0    00000018     gimbal_stepper.o (.bss.g_feedback)
                  20200708    00000018     gimbal_vision_pitch_tracker.o (.bss.g_feedback)
                  20200720    00000018     vision_pitch_tuning.o (.bss.g_status)
                  20200738    00000018     vision_tuning_console.o (.bss.g_status)
                  20200750    00000014     motion_action.o (.bss.g_motionActionRuntime)
                  20200764    00000014     (.common:g_headingRuntime)
                  20200778    0000000e     car_controller.o (.bss.g_carControllerFeedback)
                  20200786    00000002     ultrasonic.o (.bss.g_echoTicks)
                  20200788    0000000e     ultrasonic.o (.bss.g_ultrasonicFeedback)
                  20200796    00000002     gimbal.o (.bss.g_pitchHalfPeriodTicks)
                  20200798    0000000c     gimbal_tracker.o (.bss.g_observation)
                  202007a4    0000000a     obstacle_avoidance.o (.bss.g_avoidFeedback)
                  202007ae    00000008     obstacle_monitor.o (.bss.g_obstacleFeedback)
                  202007b6    00000002     gimbal.o (.bss.g_pitchStepHalfPeriodTicks)
                  202007b8    00000008     gimbal.o (.bss.g_pitchContinuousDegX10)
                  202007c0    00000008     gimbal.o (.bss.g_pitchEstimatedSteps)
                  202007c8    00000008     gimbal.o (.bss.g_pitchTargetDegX10)
                  202007d0    00000008     gimbal.o (.bss.g_pitchTargetEstimatedSteps)
                  202007d8    00000008     gimbal_stepper.o (.bss.g_stepperEstimatedSteps)
                  202007e0    00000008     gimbal_stepper.o (.bss.g_stepperTargetEstimatedSteps)
                  202007e8    00000008     gimbal.o (.bss.g_yawContinuousDegX10)
                  202007f0    00000008     gimbal.o (.bss.g_yawLockedWorldYawDegX10)
                  202007f8    00000008     gimbal.o (.bss.g_yawTargetContinuousDegX10)
                  20200800    00000008     gimbal.o (.bss.g_yawWorldTargetDegX10)
                  20200808    00000008     gimbal.o (.bss.g_yawWrappedDegX10)
                  20200810    00000006     ultrasonic.o (.bss.g_distanceSamples)
                  20200816    00000006     key.o (.bss.g_key1)
                  2020081c    00000006     key.o (.bss.g_key2)
                  20200822    00000006     key.o (.bss.g_key3)
                  20200828    00000004     gimbal_vision_adapter.o (.bss.g_lastAcceptedFrameCount)
                  2020082c    00000004     empty.o (.bss.g_localTimeMs)
                  20200830    00000004     encoder.o (.bss.g_motorAPulses)
                  20200834    00000004     encoder.o (.bss.g_motorBPulses)
                  20200838    00000004     gimbal.o (.bss.g_pitchCommandedRpm)
                  2020083c    00000004     gimbal.o (.bss.g_pitchCompletedSteps)
                  20200840    00000004     gimbal_tracker.o (.bss.g_pitchTargetDeg)
                  20200844    00000004     gimbal.o (.bss.g_pitchTargetRpm)
                  20200848    00000004     gimbal.o (.bss.g_pitchTrackingTargetRpm)
                  2020084c    00000004     servo.o (.bss.g_servoFeedback)
                  20200850    00000004     gimbal_stepper.o (.bss.g_stepperCompletedSteps)
                  20200854    00000004     gimbal.o (.bss.g_yawCommandedRpm)
                  20200858    00000004     gimbal.o (.bss.g_yawTargetRpm)
                  2020085c    00000004     gimbal_tracker.o (.bss.g_yawTargetWrappedDeg)
                  20200860    00000002     obstacle_avoidance.o (.bss.g_resumeGraceMs)
                  20200862    00000002     vision_receiver.o (.bss.g_ringHead)
                  20200864    00000002     vision_receiver.o (.bss.g_ringTail)
                  20200866    00000002     vision_tuning_console.o (.bss.g_rxHead)
                  20200868    00000002     vision_tuning_console.o (.bss.g_rxTail)
                  2020086a    00000002     servo.o (.bss.g_servoPwmPhase)
                  2020086c    00000002     ultrasonic.o (.bss.g_stateTicks)
                  2020086e    00000002     gimbal_stepper.o (.bss.g_stepperHalfPeriodTicks)
                  20200870    00000002     gimbal_stepper.o (.bss.g_stepperStepHalfPeriodTicks)
                  20200872    00000002     vision_tuning_console.o (.bss.g_txHead)
                  20200874    00000002     vision_tuning_console.o (.bss.g_txTail)
                  20200876    00000002     menu.o (.bss.menu_handle_status_key.trackerSequence)
                  20200878    00000002     (.common:g_trackError)
                  2020087a    00000001     oled_ui.o (.bss.OledUi_Update_20ms.refreshDivider)
                  2020087b    00000001     empty.o (.bss.SysTick_Handler.controlMsCount)
                  2020087c    00000001     empty.o (.bss.SysTick_Handler.gimbalMsCount)
                  2020087d    00000001     empty.o (.bss.SysTick_Handler.tick100usCount)
                  2020087e    00000001     empty.o (.bss.SysTick_Handler.trackerMsCount)
                  2020087f    00000001     ultrasonic.o (.bss.Ultrasonic_Update_20ms.triggerDivider)
                  20200880    00000001     empty.o (.bss.g_appUpdateDue)
                  20200881    00000001     vision_tuning_console.o (.bss.g_capturing)
                  20200882    00000001     car_state.o (.bss.g_carState)
                  20200883    00000001     obstacle_monitor.o (.bss.g_centerSettleTicks)
                  20200884    00000001     ultrasonic.o (.bss.g_distanceSampleCount)
                  20200885    00000001     ultrasonic.o (.bss.g_distanceSampleIndex)
                  20200886    00000001     gimbal_tracker.o (.bss.g_enabled)
                  20200887    00000001     gimbal_vision_pitch_tracker.o (.bss.g_enabled)
                  20200888    00000001     gimbal_tracker.o (.bss.g_filterReady)
                  20200889    00000001     vision_receiver.o (.bss.g_frameSize)
                  2020088a    00000001     empty.o (.bss.g_gimbalUpdatePending)
                  2020088b    00000001     vision_tuning_console.o (.bss.g_lineSize)
                  2020088c    00000001     motor.o (.bss.g_motorADutyLevel)
                  2020088d    00000001     motor.o (.bss.g_motorBDutyLevel)
                  2020088e    00000001     obstacle_safety.o (.bss.g_obstacleSafetyHolding)
                  2020088f    00000001     oled.o (.bss.g_oledColumn)
                  20200890    00000001     menu.o (.bss.g_oledPage)
                  20200891    00000001     menu.o (.bss.g_paramItem)
                  20200892    00000001     menu.o (.bss.g_paramReturnPage)
                  20200893    00000001     key.o (.bss.g_pendingEvent)
                  20200894    00000001     gimbal.o (.bss.g_pitchControlMode)
                  20200895    00000001     gimbal.o (.bss.g_pitchDirection)
                  20200896    00000001     gimbal.o (.bss.g_pitchInitialized)
                  20200897    00000001     gimbal.o (.bss.g_pitchLimitClamped)
                  20200898    00000001     gimbal.o (.bss.g_pitchLimitDirection)
                  20200899    00000001     gimbal.o (.bss.g_pitchPositionValid)
                  2020089a    00000001     gimbal.o (.bss.g_pitchRunning)
                  2020089b    00000001     gimbal.o (.bss.g_pitchStepHigh)
                  2020089c    00000001     gimbal.o (.bss.g_pitchStopAfterStepLow)
                  2020089d    00000001     vision_tuning_console.o (.bss.g_prefixIndex)
                  2020089e    00000001     motor.o (.bss.g_pwmPhase)
                  2020089f    00000001     car_controller.o (.bss.g_safetyHold)
                  202008a0    00000001     gimbal_tracker.o (.bss.g_simObservationUpdatesRemaining)
                  202008a1    00000001     obstacle_avoidance.o (.bss.g_stateStarted)
                  202008a2    00000001     gimbal_stepper.o (.bss.g_stepperDirection)
                  202008a3    00000001     gimbal_stepper.o (.bss.g_stepperRunning)
                  202008a4    00000001     gimbal_stepper.o (.bss.g_stepperStepHigh)
                  202008a5    00000001     gimbal_stepper.o (.bss.g_stepperStopAfterStepLow)
                  202008a6    00000001     gimbal_tracker.o (.bss.g_targetValid)
                  202008a7    00000001     gimbal_tracker.o (.bss.g_targetsSynced)
                  202008a8    00000001     empty.o (.bss.g_trackerUpdatePending)
                  202008a9    00000001     gimbal_tracker.o (.bss.g_trackingActive)
                  202008aa    00000001     gimbal_vision_pitch_tracker.o (.bss.g_trackingActive)
                  202008ab    00000001     ultrasonic.o (.bss.g_triggerRequest)
                  202008ac    00000001     ultrasonic.o (.bss.g_ultrasonicState)
                  202008ad    00000001     gimbal.o (.bss.g_yawLimitClamped)
                  202008ae    00000001     gimbal.o (.bss.g_yawLimitDirection)
                  202008af    00000001     gimbal.o (.bss.g_yawPositionValid)
                  202008b0    00000001     gimbal.o (.bss.g_yawWorldLockEnabled)
                  202008b1    00000001     (.common:g_carStateDebug)
                  202008b2    00000001     (.common:g_keyEvent)
                  202008b3    00000001     (.common:g_oledPageDebug)
                  202008b4    00000001     (.common:g_paramItemDebug)
                  202008b5    00000001     (.common:g_trackBlackCount)
                  202008b6    00000001     (.common:g_trackModeDebug)
                  202008b7    00000001     (.common:g_trackRaw)
                  202008b8    00000001     (.common:g_trackTurnDebug)

.data      0    202008b9    00000001     UNINITIALIZED
                  202008b9    00000001     car_controller.o (.data.g_followTurnPolicy)

.stack     0    20207e00    00000200     UNINITIALIZED
                  20207e00    00000004     libc.a : boot_cortex_m.c.obj (.stack)
                  20207e04    000001fc     --HOLE--

__llvm_prf_cnts 
*          0    20200000    00000000     UNINITIALIZED

__llvm_prf_bits 
*          0    20200000    00000000     UNINITIALIZED

MODULE SUMMARY

       Module                          code    ro data   rw data
       ------                          ----    -------   -------
    .\
       gimbal.o                        7528    0         241    
       vision_tuning_console.o         6548    98        611    
       oled_ui.o                       4296    760       1      
       car_controller.o                3208    64        72     
       imu.o                           3304    0         40     
       oled.o                          2304    401       1      
       gimbal_tracker.o                2576    0         74     
       vision_receiver.o               1112    0         689    
       gimbal_stepper.o                1412    0         52     
       menu.o                          1188    83        5      
       mission_manager.o               1184    0         32     
       motion_action.o                 1016    0         20     
       app_config.o                    832     0         92     
       gimbal_vision_pitch_tracker.o   864     0         26     
       obstacle_avoidance.o            752     0         13     
       mission_library.o               218     534       0      
       vision_protocol.o               732     0         0      
       ultrasonic.o                    596     0         29     
       ti_msp_dl_config.o              464     12        48     
       heading_control.o               468     0         20     
       key.o                           436     0         19     
       empty.o                         436     0         11     
       track_sensor.o                  372     0         0      
       motor.o                         356     0         3      
       vision_pitch_tuning.o           268     48        24     
       app.o                           294     0         10     
       gimbal_vision_adapter.o         228     0         76     
       obstacle_safety.o               228     0         1      
       obstacle_monitor.o              192     0         9      
       startup_mspm0g350x_ticlang.o    6       192       0      
       servo.o                         176     0         6      
       vision_uart.o                   164     0         0      
       encoder.o                       144     0         8      
       car_state.o                     36      0         1      
    +--+-------------------------------+-------+---------+---------+
       Total:                          43938   2192      2234   
                                                                
    C:/TI/mspm0_sdk_2_05_01_00/source/ti/driverlib/lib/ticlang/m0p/mspm0g1x0x_g3x0x/driverlib.a
       dl_uart.o                       90      0         0      
       dl_common.o                     10      0         0      
    +--+-------------------------------+-------+---------+---------+
       Total:                          100     0         0      
                                                                
    D:\TI\CCS\ccs\tools\compiler\ti-cgt-armllvm_4.0.4.LTS\lib\armv6m-ti-none-eabi/c/libc.a
       memcpy16.S.obj                  154     0         0      
       strcmp-armv6m.S.obj             136     0         0      
       copy_decompress_lzss.c.obj      124     0         0      
       memset16.S.obj                  98      0         0      
       autoinit.c.obj                  60      0         0      
       boot_cortex_m.c.obj             40      0         0      
       memmov.c.obj                    40      0         0      
       copy_decompress_none.c.obj      18      0         0      
       copy_zero_init.c.obj            16      0         0      
       exit.c.obj                      6       0         0      
       pre_init.c.obj                  4       0         0      
    +--+-------------------------------+-------+---------+---------+
       Total:                          696     0         0      
                                                                
    D:\TI\CCS\ccs\tools\compiler\ti-cgt-armllvm_4.0.4.LTS\lib\armv6m-ti-none-eabi/c/libsysbm.a
       hostexit.c.obj                  4       0         0      
    +--+-------------------------------+-------+---------+---------+
       Total:                          4       0         0      
                                                                
    D:\TI\CCS\ccs\tools\compiler\ti-cgt-armllvm_4.0.4.LTS\lib\armv6m-ti-none-eabi/libclang_rt.builtins.a
       addsf3.S.obj                    216     0         0      
       udivmoddi4.S.obj                162     0         0      
       mulsf3.S.obj                    140     0         0      
       divsf3.S.obj                    130     0         0      
       comparesf2.S.obj                118     0         0      
       aeabi_fcmp.S.obj                98      0         0      
       fixsfdi.S.obj                   96      0         0      
       aeabi_idivmod.S.obj             86      0         0      
       aeabi_uidivmod.S.obj            64      0         0      
       divmoddi4.c.obj                 62      0         0      
       floatsisf.S.obj                 60      0         0      
       muldsi3.S.obj                   58      0         0      
       fixsfsi.S.obj                   56      0         0      
       floatunsisf.S.obj               40      0         0      
       muldi3.S.obj                    36      0         0      
       ashldi3.S.obj                   30      0         0      
       aeabi_ldivmod.S.obj             20      0         0      
       aeabi_uldivmod.S.obj            20      0         0      
       aeabi_memset.S.obj              12      0         0      
       aeabi_memcpy.S.obj              8       0         0      
       aeabi_memmove.S.obj             8       0         0      
       aeabi_div0.c.obj                4       0         0      
    +--+-------------------------------+-------+---------+---------+
       Total:                          1524    0         0      
                                                                
       Stack:                          0       0         512    
       Linker Generated:               0       41        0      
    +--+-------------------------------+-------+---------+---------+
       Grand Total:                    46262   2233      2746   


LINKER GENERATED COPY TABLES

__TI_cinit_table @ 0000bd7c records: 2, size/record: 8, table size: 16
	.bss: load addr=0000bd6c, load size=00000008 bytes, run addr=20200000, run size=000008b9 bytes, compression=zero_init
	.data: load addr=0000bd74, load size=00000005 bytes, run addr=202008b9, run size=00000001 bytes, compression=lzss


LINKER GENERATED HANDLER TABLE

__TI_handler_table @ 0000bd60 records: 3, size/record: 4, table size: 12
	index: 0, handler: __TI_decompress_lzss
	index: 1, handler: __TI_decompress_none
	index: 2, handler: __TI_zero_init


GLOBAL SYMBOLS: SORTED ALPHABETICALLY BY Name 

address   name                                  
-------   ----                                  
00009077  ADC0_IRQHandler                       
00009077  ADC1_IRQHandler                       
00009077  AES_IRQHandler                        
00008b9d  AppConfig_InitDefault                 
00004ddd  AppConfig_LimitAll                    
0000a14d  App_Init                              
00008a1d  App_Update_20ms                       
0000978c  C$$EXIT                               
00009077  CANFD0_IRQHandler                     
0000b4e9  CarController_GetFeedback             
0000b3e9  CarController_GetRunMode              
00009a25  CarController_Init                    
00009aa1  CarController_ResetRuntime            
0000b201  CarController_RunModeToString         
0000a5b1  CarController_SetSafetyHold           
000094cd  CarController_StartDriveHeading       
00009b1d  CarController_StartFollowLine         
0000939d  CarController_StartSeekLine           
00009d7d  CarController_StartTurnLeft90         
00009d09  CarController_StartTurnRight90        
00009705  CarController_StartTurnToYawRelative  
0000b019  CarController_Stop                    
00002851  CarController_Update_20ms             
0000b3f5  CarState_Get                          
0000b401  CarState_Init                         
0000b40d  CarState_Set                          
00009077  DAC0_IRQHandler                       
0000b4c1  DL_Common_delayCycles                 
0000a6f1  DL_UART_init                          
0000b385  DL_UART_setClockConfig                
00009077  DMA_IRQHandler                        
00009077  Default_Handler                       
00009fad  Encoder_HandleGpioInterrupt           
0000afad  Encoder_Reset                         
00009077  GROUP0_IRQHandler                     
0000b2a9  GROUP1_IRQHandler                     
00009819  GimbalStepper_ConfirmZero             
0000b4f1  GimbalStepper_GetFeedback             
00008dbd  GimbalStepper_Init                    
00006bf5  GimbalStepper_MoveToEstimatedSteps    
00009ded  GimbalStepper_Release                 
0000b2bd  GimbalStepper_SetStepHalfPeriodTicks  
00008c55  GimbalStepper_StopHold                
000068e1  GimbalStepper_Tick100us               
0000a985  GimbalTracker_ClearObservation        
0000a275  GimbalTracker_Enable                  
0000a2d5  GimbalTracker_GetFeedback             
000099a5  GimbalTracker_Init                    
0000989d  GimbalTracker_PushObservation         
00002f45  GimbalTracker_Update                  
0000b4f9  GimbalVisionAdapter_GetFeedback       
0000b419  GimbalVisionAdapter_GetObservation    
0000b159  GimbalVisionAdapter_Init              
00008d09  GimbalVisionAdapter_Update            
00009079  GimbalVisionPitchTracker_Enable       
0000afd1  GimbalVisionPitchTracker_GetFeedback  
0000a7c5  GimbalVisionPitchTracker_Init         
000059c9  GimbalVisionPitchTracker_Update10ms   
00006ee5  Gimbal_Init                           
000081cd  Gimbal_PitchConfirmZero               
0000ad49  Gimbal_PitchGetFeedback               
00008e6d  Gimbal_PitchMoveRelativeDeg           
00007b39  Gimbal_PitchRelease                   
00004b4d  Gimbal_PitchSetTrackingSpeedDegS      
00007d2d  Gimbal_PitchStopHold                  
0000b501  Gimbal_PitchStopTrackingHold          
00006a75  Gimbal_PitchTick100us                 
000063cd  Gimbal_PitchUpdate5ms                 
0000b425  Gimbal_Tick100us                      
0000b431  Gimbal_Update5ms                      
00008955  Gimbal_YawConfirmZero                 
00009561  Gimbal_YawDisableWorldLock            
000077ed  Gimbal_YawEnableWorldLock             
0000b3a9  Gimbal_YawGetFeedback                 
0000a4ad  Gimbal_YawMoveRelativeDeg             
0000a0e9  Gimbal_YawRelease                     
00004621  Gimbal_YawSetWrappedTargetDeg         
000095ed  Gimbal_YawStopHold                    
000048b9  Gimbal_YawUpdate5ms                   
0000978d  HOSTexit                              
00009077  HardFault_Handler                     
0000b2d1  HeadingControl_Enable                 
0000b509  HeadingControl_GetRuntime             
0000b2e5  HeadingControl_Init                   
0000b219  HeadingControl_LockCurrentYaw         
0000b2f9  HeadingControl_Reset                  
0000b231  HeadingControl_SetTargetYaw           
00007051  HeadingControl_Update                 
00009077  I2C0_IRQHandler                       
00009077  I2C1_IRQHandler                       
00005bf1  Imu_CalibrateGyroBias                 
0000b43d  Imu_GetCorrectedGyroZDps              
0000b511  Imu_GetRuntime                        
0000b449  Imu_GetYaw                            
00003dd1  Imu_Init                              
0000b175  Imu_IsReady                           
0000b455  Imu_ResetYaw                          
0000758d  Imu_Update                            
0000b3b9  Key_GetEvent                          
0000ad79  Key_Init                              
00006d71  Key_Update_20ms                       
0000b461  Menu_GetPage                          
0000b46d  Menu_GetParamItem                     
00009e5d  Menu_GetParamValue                    
000040a9  Menu_HandleKeyEvent                   
0000b191  Menu_Init                             
0000b249  Menu_ParamItemToString                
0000b261  MissionLibrary_FindById               
0000b30d  MissionLibrary_GetByIndex             
0000b57f  MissionLibrary_GetCount               
00008fcd  MissionLibrary_Validate               
0000ada9  MissionManager_Cancel                 
0000b519  MissionManager_GetMissionCount        
0000b521  MissionManager_GetRuntime             
0000b321  MissionManager_GetSelectedMissionId   
0000a019  MissionManager_GetSelectedMissionIndex
0000a739  MissionManager_Init                   
0000b039  MissionManager_Pause                  
0000add9  MissionManager_Reset                  
0000b059  MissionManager_Resume                 
00007e1d  MissionManager_SelectNext             
00008385  MissionManager_SelectPrevious         
0000b479  MissionManager_SetExternalHold        
0000a805  MissionManager_Start                  
00007c35  MissionManager_Update_20ms            
0000b279  MotionAction_Cancel                   
0000b079  MotionAction_GetCurrentBypassDirection
0000b099  MotionAction_GetCurrentObstaclePolicy 
0000b529  MotionAction_GetRuntime               
0000b291  MotionAction_Init                     
0000ab65  MotionAction_ReapplyControllerTarget  
00007311  MotionAction_Start                    
00005e05  MotionAction_Update_20ms              
0000ab9d  Motor_Init                            
0000a601  Motor_PwmTick100us                    
00008f1d  Motor_SetSpeed                        
0000ae39  Motor_Stop                            
00009077  NMI_Handler                           
0000553d  OLED_Clear                            
000086e5  OLED_Init                             
0000a395  OLED_PrintBinary7                     
000087b9  OLED_PrintChar                        
00007451  OLED_PrintInt16                       
0000ad15  OLED_PrintString                      
0000845d  OLED_PrintUInt16                      
0000ac45  OLED_SetCursor                        
0000b531  ObstacleAvoidance_GetFeedback         
0000b0b9  ObstacleAvoidance_Init                
0000b485  ObstacleAvoidance_IsActive            
0000b491  ObstacleAvoidance_IsFailed            
0000b3c9  ObstacleAvoidance_IsResumeGraceActive 
00005065  ObstacleAvoidance_Update_20ms         
0000b539  ObstacleMonitor_GetFeedback           
0000b1ad  ObstacleMonitor_Init                  
00009265  ObstacleMonitor_Update_20ms           
0000b1c9  ObstacleSafety_Init                   
0000b49d  ObstacleSafety_IsHolding              
00008ae1  ObstacleSafety_Update_20ms            
0000b4a9  OledUi_Init                           
00001871  OledUi_Update_20ms                    
00009077  PendSV_Handler                        
00009077  RTC_IRQHandler                        
0000b583  Reset_Handler                         
00009077  SPI0_IRQHandler                       
00009077  SPI1_IRQHandler                       
00009077  SVC_Handler                           
00008889  SYSCFG_DL_GPIO_init                   
0000a845  SYSCFG_DL_SYSCTL_init                 
00009ecd  SYSCFG_DL_UART_VISION_init            
0000b0d9  SYSCFG_DL_init                        
0000ac79  SYSCFG_DL_initPower                   
0000b541  Servo_GetFeedback                     
0000aebd  Servo_Init                            
0000a9c1  Servo_SetAngleDeg                     
0000a781  Servo_Tick100us                       
000091c5  SysTick_Handler                       
00009077  TIMA0_IRQHandler                      
00009077  TIMA1_IRQHandler                      
00009077  TIMG0_IRQHandler                      
00009077  TIMG12_IRQHandler                     
00009077  TIMG6_IRQHandler                      
00009077  TIMG7_IRQHandler                      
00009077  TIMG8_IRQHandler                      
0000ae65  TrackSensor_CountBlack                
00009f3d  TrackSensor_DetectTurn                
0000a081  TrackSensor_GetErrorFromRaw           
000091c3  TrackSensor_Init                      
0000b4cb  TrackSensor_IsCenterDetected          
0000b4d5  TrackSensor_IsLineDetected            
0000b4df  TrackSensor_IsLineLost                
0000a55d  TrackSensor_ReadRaw                   
00009077  UART0_IRQHandler                      
00009077  UART1_IRQHandler                      
00009077  UART2_IRQHandler                      
0000a3f5  UART3_IRQHandler                      
0000b549  Ultrasonic_GetFeedback                
0000a651  Ultrasonic_Init                       
00006741  Ultrasonic_Tick100us                  
0000a451  Ultrasonic_Update_20ms                
0000b335  VisionPitchTuning_GetSnapshot         
0000b551  VisionPitchTuning_GetStatus           
0000aee5  VisionPitchTuning_Init                
0000b1e5  VisionPitchTuning_ParamName           
0000ae09  VisionPitchTuning_RestoreDefault      
00009b99  VisionPitchTuning_Set                 
0000600d  VisionProtocol_ParseV1TargetFrame     
0000b559  VisionReceiver_GetObservation         
0000b0f9  VisionReceiver_GetProtocolErrorCount  
0000b561  VisionReceiver_GetStatus              
0000abd5  VisionReceiver_Init                   
000033c1  VisionReceiver_Process                
0000a885  VisionReceiver_PushByteFromIsr        
0000a6a1  VisionTuningConsole_Init              
000000c1  VisionTuningConsole_Process           
0000a9fd  VisionTuningConsole_PushByteFromIsr   
0000acad  VisionTuningConsole_TryPopTxByte      
0000b349  VisionUart_Init                       
0000ace1  VisionUart_Process                    
20208000  __STACK_END                           
00000200  __STACK_SIZE                          
00000000  __TI_ATRegion0_region_sz              
00000000  __TI_ATRegion0_src_addr               
00000000  __TI_ATRegion0_trg_addr               
00000000  __TI_ATRegion1_region_sz              
00000000  __TI_ATRegion1_src_addr               
00000000  __TI_ATRegion1_trg_addr               
00000000  __TI_ATRegion2_region_sz              
00000000  __TI_ATRegion2_src_addr               
00000000  __TI_ATRegion2_trg_addr               
0000bd7c  __TI_CINIT_Base                       
0000bd8c  __TI_CINIT_Limit                      
0000bd8c  __TI_CINIT_Warm                       
0000bd60  __TI_Handler_Table_Base               
0000bd6c  __TI_Handler_Table_Limit              
0000aab1  __TI_auto_init_nobinit_nopinit        
00009c15  __TI_decompress_lzss                  
0000b397  __TI_decompress_none                  
ffffffff  __TI_pprof_out_hndl                   
ffffffff  __TI_prof_data_size                   
ffffffff  __TI_prof_data_start                  
00000000  __TI_static_base__                    
0000b3d9  __TI_zero_init                        
00008617  __addsf3                              
0000ac0d  __aeabi_f2iz                          
0000a335  __aeabi_f2lz                          
00008617  __aeabi_fadd                          
0000a1b1  __aeabi_fcmpeq                        
0000a1ed  __aeabi_fcmpge                        
0000a201  __aeabi_fcmpgt                        
0000a1d9  __aeabi_fcmple                        
0000a1c5  __aeabi_fcmplt                        
00009921  __aeabi_fdiv                          
00009679  __aeabi_fmul                          
0000860d  __aeabi_fsub                          
0000aa39  __aeabi_i2f                           
0000a505  __aeabi_idiv                          
0000939b  __aeabi_idiv0                         
0000a505  __aeabi_idivmod                       
000099a3  __aeabi_ldiv0                         
0000b35d  __aeabi_ldivmod                       
0000b139  __aeabi_llsl                          
0000aff5  __aeabi_lmul                          
0000b4b5  __aeabi_memclr                        
0000b4b5  __aeabi_memclr4                       
0000b4b5  __aeabi_memclr8                       
0000b569  __aeabi_memcpy                        
0000b569  __aeabi_memcpy4                       
0000b569  __aeabi_memcpy8                       
0000b571  __aeabi_memmove                       
0000b571  __aeabi_memmove4                      
0000b571  __aeabi_memmove8                      
0000af0d  __aeabi_ui2f                          
0000a8c5  __aeabi_uidiv                         
0000a8c5  __aeabi_uidivmod                      
0000b371  __aeabi_uldivmod                      
0000b139  __ashldi3                             
ffffffff  __binit__                             
0000aaed  __cmpsf2                              
0000a945  __divmoddi4                           
00009921  __divsf3                              
0000aaed  __eqsf2                               
0000a335  __fixsfdi                             
0000ac0d  __fixsfsi                             
0000aa39  __floatsisf                           
0000af0d  __floatunsisf                         
0000aa75  __gesf2                               
0000aa75  __gtsf2                               
0000aaed  __lesf2                               
0000aaed  __ltsf2                               
UNDEFED   __mpu_init                            
0000aff5  __muldi3                              
0000ab29  __muldsi3                             
00009679  __mulsf3                              
0000aaed  __nesf2                               
20207e00  __stack                               
20200000  __start___llvm_prf_bits               
20200000  __start___llvm_prf_cnts               
20200000  __stop___llvm_prf_bits                
20200000  __stop___llvm_prf_cnts                
0000860d  __subsf3                              
00009121  __udivmoddi4                          
0000af85  _c_int00_noargs                       
UNDEFED   _system_post_cinit                    
0000b587  _system_pre_init                      
0000b579  abort                                 
ffffffff  binit                                 
202005f8  gUART_VISIONBackup                    
20200400  g_appConfig                           
202005c0  g_appRuntime                          
202008b1  g_carStateDebug                       
20200764  g_headingRuntime                      
202006a4  g_imuRuntime                          
202008b2  g_keyEvent                            
202008b3  g_oledPageDebug                       
202008b4  g_paramItemDebug                      
202008b5  g_trackBlackCount                     
20200878  g_trackError                          
202008b6  g_trackModeDebug                      
202008b7  g_trackRaw                            
202008b8  g_trackTurnDebug                      
00000000  interruptVectors                      
00007a39  main                                  
00009301  memcpy                                
0000af5d  memmove                               
0000a213  memset                                
00009791  strcmp                                


GLOBAL SYMBOLS: SORTED BY Symbol Address 

address   name                                  
-------   ----                                  
00000000  __TI_ATRegion0_region_sz              
00000000  __TI_ATRegion0_src_addr               
00000000  __TI_ATRegion0_trg_addr               
00000000  __TI_ATRegion1_region_sz              
00000000  __TI_ATRegion1_src_addr               
00000000  __TI_ATRegion1_trg_addr               
00000000  __TI_ATRegion2_region_sz              
00000000  __TI_ATRegion2_src_addr               
00000000  __TI_ATRegion2_trg_addr               
00000000  __TI_static_base__                    
00000000  interruptVectors                      
000000c1  VisionTuningConsole_Process           
00000200  __STACK_SIZE                          
00001871  OledUi_Update_20ms                    
00002851  CarController_Update_20ms             
00002f45  GimbalTracker_Update                  
000033c1  VisionReceiver_Process                
00003dd1  Imu_Init                              
000040a9  Menu_HandleKeyEvent                   
00004621  Gimbal_YawSetWrappedTargetDeg         
000048b9  Gimbal_YawUpdate5ms                   
00004b4d  Gimbal_PitchSetTrackingSpeedDegS      
00004ddd  AppConfig_LimitAll                    
00005065  ObstacleAvoidance_Update_20ms         
0000553d  OLED_Clear                            
000059c9  GimbalVisionPitchTracker_Update10ms   
00005bf1  Imu_CalibrateGyroBias                 
00005e05  MotionAction_Update_20ms              
0000600d  VisionProtocol_ParseV1TargetFrame     
000063cd  Gimbal_PitchUpdate5ms                 
00006741  Ultrasonic_Tick100us                  
000068e1  GimbalStepper_Tick100us               
00006a75  Gimbal_PitchTick100us                 
00006bf5  GimbalStepper_MoveToEstimatedSteps    
00006d71  Key_Update_20ms                       
00006ee5  Gimbal_Init                           
00007051  HeadingControl_Update                 
00007311  MotionAction_Start                    
00007451  OLED_PrintInt16                       
0000758d  Imu_Update                            
000077ed  Gimbal_YawEnableWorldLock             
00007a39  main                                  
00007b39  Gimbal_PitchRelease                   
00007c35  MissionManager_Update_20ms            
00007d2d  Gimbal_PitchStopHold                  
00007e1d  MissionManager_SelectNext             
000081cd  Gimbal_PitchConfirmZero               
00008385  MissionManager_SelectPrevious         
0000845d  OLED_PrintUInt16                      
0000860d  __aeabi_fsub                          
0000860d  __subsf3                              
00008617  __addsf3                              
00008617  __aeabi_fadd                          
000086e5  OLED_Init                             
000087b9  OLED_PrintChar                        
00008889  SYSCFG_DL_GPIO_init                   
00008955  Gimbal_YawConfirmZero                 
00008a1d  App_Update_20ms                       
00008ae1  ObstacleSafety_Update_20ms            
00008b9d  AppConfig_InitDefault                 
00008c55  GimbalStepper_StopHold                
00008d09  GimbalVisionAdapter_Update            
00008dbd  GimbalStepper_Init                    
00008e6d  Gimbal_PitchMoveRelativeDeg           
00008f1d  Motor_SetSpeed                        
00008fcd  MissionLibrary_Validate               
00009077  ADC0_IRQHandler                       
00009077  ADC1_IRQHandler                       
00009077  AES_IRQHandler                        
00009077  CANFD0_IRQHandler                     
00009077  DAC0_IRQHandler                       
00009077  DMA_IRQHandler                        
00009077  Default_Handler                       
00009077  GROUP0_IRQHandler                     
00009077  HardFault_Handler                     
00009077  I2C0_IRQHandler                       
00009077  I2C1_IRQHandler                       
00009077  NMI_Handler                           
00009077  PendSV_Handler                        
00009077  RTC_IRQHandler                        
00009077  SPI0_IRQHandler                       
00009077  SPI1_IRQHandler                       
00009077  SVC_Handler                           
00009077  TIMA0_IRQHandler                      
00009077  TIMA1_IRQHandler                      
00009077  TIMG0_IRQHandler                      
00009077  TIMG12_IRQHandler                     
00009077  TIMG6_IRQHandler                      
00009077  TIMG7_IRQHandler                      
00009077  TIMG8_IRQHandler                      
00009077  UART0_IRQHandler                      
00009077  UART1_IRQHandler                      
00009077  UART2_IRQHandler                      
00009079  GimbalVisionPitchTracker_Enable       
00009121  __udivmoddi4                          
000091c3  TrackSensor_Init                      
000091c5  SysTick_Handler                       
00009265  ObstacleMonitor_Update_20ms           
00009301  memcpy                                
0000939b  __aeabi_idiv0                         
0000939d  CarController_StartSeekLine           
000094cd  CarController_StartDriveHeading       
00009561  Gimbal_YawDisableWorldLock            
000095ed  Gimbal_YawStopHold                    
00009679  __aeabi_fmul                          
00009679  __mulsf3                              
00009705  CarController_StartTurnToYawRelative  
0000978c  C$$EXIT                               
0000978d  HOSTexit                              
00009791  strcmp                                
00009819  GimbalStepper_ConfirmZero             
0000989d  GimbalTracker_PushObservation         
00009921  __aeabi_fdiv                          
00009921  __divsf3                              
000099a3  __aeabi_ldiv0                         
000099a5  GimbalTracker_Init                    
00009a25  CarController_Init                    
00009aa1  CarController_ResetRuntime            
00009b1d  CarController_StartFollowLine         
00009b99  VisionPitchTuning_Set                 
00009c15  __TI_decompress_lzss                  
00009d09  CarController_StartTurnRight90        
00009d7d  CarController_StartTurnLeft90         
00009ded  GimbalStepper_Release                 
00009e5d  Menu_GetParamValue                    
00009ecd  SYSCFG_DL_UART_VISION_init            
00009f3d  TrackSensor_DetectTurn                
00009fad  Encoder_HandleGpioInterrupt           
0000a019  MissionManager_GetSelectedMissionIndex
0000a081  TrackSensor_GetErrorFromRaw           
0000a0e9  Gimbal_YawRelease                     
0000a14d  App_Init                              
0000a1b1  __aeabi_fcmpeq                        
0000a1c5  __aeabi_fcmplt                        
0000a1d9  __aeabi_fcmple                        
0000a1ed  __aeabi_fcmpge                        
0000a201  __aeabi_fcmpgt                        
0000a213  memset                                
0000a275  GimbalTracker_Enable                  
0000a2d5  GimbalTracker_GetFeedback             
0000a335  __aeabi_f2lz                          
0000a335  __fixsfdi                             
0000a395  OLED_PrintBinary7                     
0000a3f5  UART3_IRQHandler                      
0000a451  Ultrasonic_Update_20ms                
0000a4ad  Gimbal_YawMoveRelativeDeg             
0000a505  __aeabi_idiv                          
0000a505  __aeabi_idivmod                       
0000a55d  TrackSensor_ReadRaw                   
0000a5b1  CarController_SetSafetyHold           
0000a601  Motor_PwmTick100us                    
0000a651  Ultrasonic_Init                       
0000a6a1  VisionTuningConsole_Init              
0000a6f1  DL_UART_init                          
0000a739  MissionManager_Init                   
0000a781  Servo_Tick100us                       
0000a7c5  GimbalVisionPitchTracker_Init         
0000a805  MissionManager_Start                  
0000a845  SYSCFG_DL_SYSCTL_init                 
0000a885  VisionReceiver_PushByteFromIsr        
0000a8c5  __aeabi_uidiv                         
0000a8c5  __aeabi_uidivmod                      
0000a945  __divmoddi4                           
0000a985  GimbalTracker_ClearObservation        
0000a9c1  Servo_SetAngleDeg                     
0000a9fd  VisionTuningConsole_PushByteFromIsr   
0000aa39  __aeabi_i2f                           
0000aa39  __floatsisf                           
0000aa75  __gesf2                               
0000aa75  __gtsf2                               
0000aab1  __TI_auto_init_nobinit_nopinit        
0000aaed  __cmpsf2                              
0000aaed  __eqsf2                               
0000aaed  __lesf2                               
0000aaed  __ltsf2                               
0000aaed  __nesf2                               
0000ab29  __muldsi3                             
0000ab65  MotionAction_ReapplyControllerTarget  
0000ab9d  Motor_Init                            
0000abd5  VisionReceiver_Init                   
0000ac0d  __aeabi_f2iz                          
0000ac0d  __fixsfsi                             
0000ac45  OLED_SetCursor                        
0000ac79  SYSCFG_DL_initPower                   
0000acad  VisionTuningConsole_TryPopTxByte      
0000ace1  VisionUart_Process                    
0000ad15  OLED_PrintString                      
0000ad49  Gimbal_PitchGetFeedback               
0000ad79  Key_Init                              
0000ada9  MissionManager_Cancel                 
0000add9  MissionManager_Reset                  
0000ae09  VisionPitchTuning_RestoreDefault      
0000ae39  Motor_Stop                            
0000ae65  TrackSensor_CountBlack                
0000aebd  Servo_Init                            
0000aee5  VisionPitchTuning_Init                
0000af0d  __aeabi_ui2f                          
0000af0d  __floatunsisf                         
0000af5d  memmove                               
0000af85  _c_int00_noargs                       
0000afad  Encoder_Reset                         
0000afd1  GimbalVisionPitchTracker_GetFeedback  
0000aff5  __aeabi_lmul                          
0000aff5  __muldi3                              
0000b019  CarController_Stop                    
0000b039  MissionManager_Pause                  
0000b059  MissionManager_Resume                 
0000b079  MotionAction_GetCurrentBypassDirection
0000b099  MotionAction_GetCurrentObstaclePolicy 
0000b0b9  ObstacleAvoidance_Init                
0000b0d9  SYSCFG_DL_init                        
0000b0f9  VisionReceiver_GetProtocolErrorCount  
0000b139  __aeabi_llsl                          
0000b139  __ashldi3                             
0000b159  GimbalVisionAdapter_Init              
0000b175  Imu_IsReady                           
0000b191  Menu_Init                             
0000b1ad  ObstacleMonitor_Init                  
0000b1c9  ObstacleSafety_Init                   
0000b1e5  VisionPitchTuning_ParamName           
0000b201  CarController_RunModeToString         
0000b219  HeadingControl_LockCurrentYaw         
0000b231  HeadingControl_SetTargetYaw           
0000b249  Menu_ParamItemToString                
0000b261  MissionLibrary_FindById               
0000b279  MotionAction_Cancel                   
0000b291  MotionAction_Init                     
0000b2a9  GROUP1_IRQHandler                     
0000b2bd  GimbalStepper_SetStepHalfPeriodTicks  
0000b2d1  HeadingControl_Enable                 
0000b2e5  HeadingControl_Init                   
0000b2f9  HeadingControl_Reset                  
0000b30d  MissionLibrary_GetByIndex             
0000b321  MissionManager_GetSelectedMissionId   
0000b335  VisionPitchTuning_GetSnapshot         
0000b349  VisionUart_Init                       
0000b35d  __aeabi_ldivmod                       
0000b371  __aeabi_uldivmod                      
0000b385  DL_UART_setClockConfig                
0000b397  __TI_decompress_none                  
0000b3a9  Gimbal_YawGetFeedback                 
0000b3b9  Key_GetEvent                          
0000b3c9  ObstacleAvoidance_IsResumeGraceActive 
0000b3d9  __TI_zero_init                        
0000b3e9  CarController_GetRunMode              
0000b3f5  CarState_Get                          
0000b401  CarState_Init                         
0000b40d  CarState_Set                          
0000b419  GimbalVisionAdapter_GetObservation    
0000b425  Gimbal_Tick100us                      
0000b431  Gimbal_Update5ms                      
0000b43d  Imu_GetCorrectedGyroZDps              
0000b449  Imu_GetYaw                            
0000b455  Imu_ResetYaw                          
0000b461  Menu_GetPage                          
0000b46d  Menu_GetParamItem                     
0000b479  MissionManager_SetExternalHold        
0000b485  ObstacleAvoidance_IsActive            
0000b491  ObstacleAvoidance_IsFailed            
0000b49d  ObstacleSafety_IsHolding              
0000b4a9  OledUi_Init                           
0000b4b5  __aeabi_memclr                        
0000b4b5  __aeabi_memclr4                       
0000b4b5  __aeabi_memclr8                       
0000b4c1  DL_Common_delayCycles                 
0000b4cb  TrackSensor_IsCenterDetected          
0000b4d5  TrackSensor_IsLineDetected            
0000b4df  TrackSensor_IsLineLost                
0000b4e9  CarController_GetFeedback             
0000b4f1  GimbalStepper_GetFeedback             
0000b4f9  GimbalVisionAdapter_GetFeedback       
0000b501  Gimbal_PitchStopTrackingHold          
0000b509  HeadingControl_GetRuntime             
0000b511  Imu_GetRuntime                        
0000b519  MissionManager_GetMissionCount        
0000b521  MissionManager_GetRuntime             
0000b529  MotionAction_GetRuntime               
0000b531  ObstacleAvoidance_GetFeedback         
0000b539  ObstacleMonitor_GetFeedback           
0000b541  Servo_GetFeedback                     
0000b549  Ultrasonic_GetFeedback                
0000b551  VisionPitchTuning_GetStatus           
0000b559  VisionReceiver_GetObservation         
0000b561  VisionReceiver_GetStatus              
0000b569  __aeabi_memcpy                        
0000b569  __aeabi_memcpy4                       
0000b569  __aeabi_memcpy8                       
0000b571  __aeabi_memmove                       
0000b571  __aeabi_memmove4                      
0000b571  __aeabi_memmove8                      
0000b579  abort                                 
0000b57f  MissionLibrary_GetCount               
0000b583  Reset_Handler                         
0000b587  _system_pre_init                      
0000bd60  __TI_Handler_Table_Base               
0000bd6c  __TI_Handler_Table_Limit              
0000bd7c  __TI_CINIT_Base                       
0000bd8c  __TI_CINIT_Limit                      
0000bd8c  __TI_CINIT_Warm                       
20200000  __start___llvm_prf_bits               
20200000  __start___llvm_prf_cnts               
20200000  __stop___llvm_prf_bits                
20200000  __stop___llvm_prf_cnts                
20200400  g_appConfig                           
202005c0  g_appRuntime                          
202005f8  gUART_VISIONBackup                    
202006a4  g_imuRuntime                          
20200764  g_headingRuntime                      
20200878  g_trackError                          
202008b1  g_carStateDebug                       
202008b2  g_keyEvent                            
202008b3  g_oledPageDebug                       
202008b4  g_paramItemDebug                      
202008b5  g_trackBlackCount                     
202008b6  g_trackModeDebug                      
202008b7  g_trackRaw                            
202008b8  g_trackTurnDebug                      
20207e00  __stack                               
20208000  __STACK_END                           
ffffffff  __TI_pprof_out_hndl                   
ffffffff  __TI_prof_data_size                   
ffffffff  __TI_prof_data_start                  
ffffffff  __binit__                             
ffffffff  binit                                 
UNDEFED   __mpu_init                            
UNDEFED   _system_post_cinit                    

[326 symbols]
