******************************************************************************
            TI ARM Clang Linker PC v4.0.4                      
******************************************************************************
>> Linked Fri Jul 31 00:54:11 2026

OUTPUT FILE NAME:   <diansaikaishi.out>
ENTRY POINT SYMBOL: "_c_int00_noargs"  address: 00011e8d


MEMORY CONFIGURATION

         name            origin    length      used     unused   attr    fill
----------------------  --------  ---------  --------  --------  ----  --------
  FLASH                 00000000   00020000  000134d8  0000cb28  R  X
  SRAM                  20200000   00008000  000013dc  00006c24  RW X
  BCR_CONFIG            41c00000   000000ff  00000000  000000ff  R   
  BSL_CONFIG            41c00100   00000080  00000000  00000080  R   


SEGMENT ALLOCATION MAP

run origin  load origin   length   init length attrs members
----------  ----------- ---------- ----------- ----- -------
00000000    00000000    00013038   00013038    r-x
  00000000    00000000    000000c0   000000c0    r-- .intvecs
  000000c0    000000c0    00012640   00012640    r-x .text
  00012700    00012700    00000938   00000938    r-- .rodata
00013098    00013098    00000040   00000040    r--
  00013098    00013098    00000030   00000030    r-- .cinit
  000130c8    000130c8    00000010   00000010    r-- .binit
0001fc00    0001fc00    00000400   00000400    r--
  0001fc00    0001fc00    00000400   00000400    r-- .TI.bound:g_balanceCalibrationReservedSector
20200000    20200000    0000117c   00000000    rw-
  20200000    20200000    0000117b   00000000    rw- .bss
  2020117b    2020117b    00000001   00000000    rw- .data
20201180    00013038    00000060   00000060    r-x
  20201180    00013038    00000060   00000060    r-x .TI.ramfunc
20207e00    20207e00    00000200   00000000    rw-
  20207e00    20207e00    00000200   00000000    rw- .stack


SECTION ALLOCATION MAP

 output                                  attributes/
section   page    origin      length       input sections
--------  ----  ----------  ----------   ----------------
.intvecs   0    00000000    000000c0     
                  00000000    000000c0     startup_mspm0g350x_ticlang.o (.intvecs)

.text      0    000000c0    00012640     
                  000000c0    0000427c     oled_ui.o (.text.OledUi_Update_20ms)
                  0000433c    00001dd4     vision_tuning_console.o (.text.VisionTuningConsole_Process)
                  00006110    0000064c     app_config.o (.text.AppConfig_LimitAll)
                  0000675c    000005ac     imu.o (.text.Imu_CalibrateGyroBias)
                  00006d08    00000524     line_controller.o (.text.LineController_Update)
                  0000722c    0000049c     runtime_snapshot.o (.text.RuntimeSnapshot_Update)
                  000076c8    0000044c     motor_control.o (.text.update_wheel)
                  00007b14    00000424     wheel_speed_estimator.o (.text.WheelSpeedEstimator_Update)
                  00007f38    00000414     balance_position_control.o (.text.BalancePositionControl_Update20ms)
                  0000834c    000003e0     imu.o (.text.Imu_Update)
                  0000872c    000003b0     vision_receiver.o (.text.VisionReceiver_Process)
                  00008adc    00000380     imu.o (.text.Imu_Init)
                  00008e5c    00000370     gimbal.o (.text.gimbal_update_feedback)
                  000091cc    00000310     vision_tuning_console.o (.text.append_scaled)
                  000094dc    000002f0     imu.o (.text.mpu6050_read_regs)
                  000097cc    000002cc     car_controller.o (.text.handle_drive_distance)
                  00009a98    000002b0     motion_action.o (.text.MotionAction_Update_20ms)
                  00009d48    000002a8     menu.o (.text.Menu_HandleKeyEvent)
                  00009ff0    00000290     balance_calibration_store.o (.text.BalanceCalibrationStore_Save)
                  0000a280    0000028c     motor_control.o (.text.MotorControl_Update)
                  0000a50c    0000026c     balance_soft_limits.o (.text.BalanceSoftLimits_Update20ms)
                  0000a778    00000268     car_controller.o (.text.handle_turn_to_yaw)
                  0000a9e0    00000250     menu.o (.text.menu_adjust_param)
                  0000ac30    00000220     app_config.o (.text.AppConfig_InitDefault)
                  0000ae50    00000220     motion_action.o (.text.motion_action_start_internal)
                  0000b070    00000204     motor.o (.text.Motor_SetSpeed)
                  0000b274    000001f4     vision_protocol.o (.text.VisionProtocol_ParseV1TargetFrame)
                  0000b468    000001e8     motor_control.o (.text.config_is_valid)
                  0000b650    000001e4     mission_library.o (.text.MissionLibrary_Validate)
                  0000b834    000001cc     imu.o (.text.imu_i2c_write_byte)
                  0000ba00    000001cc     oled_ui.o (.text.print_status_page)
                  0000bbcc    000001b8     oled.o (.text.oled_i2c_write_byte)
                  0000bd84    000001a0     ultrasonic.o (.text.Ultrasonic_Tick100us)
                  0000bf24    0000019c     car_controller.o (.text.CarController_StartDriveDistanceAtYaw)
                  0000c0c0    00000198     app.o (.text.App_Update_20ms)
                  0000c258    00000194     gimbal_stepper.o (.text.GimbalStepper_Tick100us)
                  0000c3ec    00000190     car_controller.o (.text.CarController_Update_20ms)
                  0000c57c    00000174     key.o (.text.Key_Update_20ms)
                  0000c6f0    00000170     oled.o (.text.OLED_FlushPage)
                  0000c860    0000016c     oled.o (.text.OLED_PrintInt16)
                  0000c9cc    00000160     oled_ui.o (.text.print_balance_limit_value)
                  0000cb2c    0000015c     oled_ui.o (.text.print_signed_total_tail)
                  0000cc88    00000158     vision_tuning_console.o (.text.send_parameter_reply)
                  0000cde0    00000158     vision_tuning_console.o (.text.send_yaw_parameter_reply)
                  0000cf38    0000014c     balance_soft_limits.o (.text.BalanceSoftLimits_CaptureCurrentStage)
                  0000d084    00000140     balance_calibration_store.o (.text.BalanceCalibrationStore_Load)
                  0000d1c4    0000013c     balance_position_control.o (.text.BalancePositionControl_Start)
                  0000d300    0000012c     balance_soft_limits.o (.text.BalanceSoftLimits_StartOscillationTest)
                  0000d42c    0000012c     imu.o (.text.imu_i2c_recover_bus)
                  0000d558    0000012c     oled_ui.o (.text.print_uint64_decimal)
                  0000d684    00000128     line_controller.o (.text.LineController_Reset)
                  0000d7ac    00000128     mission_manager.o (.text.MissionManager_Update_20ms)
                  0000d8d4    00000124     oled.o (.text.OLED_Init)
                  0000d9f8    00000124     vision_tuning_console.o (.text.send_simple_reply)
                  0000db1c    00000120     balance_soft_limits.o (.text.BalanceSoftLimits_StartRelativePositionMoveSteps)
                  0000dc3c    0000011c     car_controller.o (.text.handle_drive_heading)
                  0000dd58    00000114     car_controller.o (.text.handle_follow_line)
                  0000de6c    0000010c     balance_soft_limits.o (.text.BalanceSoftLimits_BeginAtCurrentAsZero)
                  0000df78    0000010c     line_controller.o (.text.LineController_ResetControlState)
                  0000e084    00000104     driverlib.a : dl_timer.o (.text.DL_Timer_initFourCCPWMMode)
                  0000e188    00000104     line_controller.o (.text.LineController_Init)
                  0000e28c    00000100     motor_control.o (.text.MotorControl_SetNormalizedTarget)
                  0000e38c    00000100     ti_msp_dl_config.o (.text.SYSCFG_DL_GPIO_init)
                  0000e48c    000000fc     mission_manager.o (.text.MissionManager_SelectNext)
                  0000e588    000000ec     heading_control.o (.text.HeadingControl_Update)
                  0000e674    000000ec     empty.o (.text.main)
                  0000e760    000000e8     mission_manager.o (.text.MissionManager_SelectPrevious)
                  0000e848    000000e8     obstacle_safety.o (.text.ObstacleSafety_Update_20ms)
                  0000e930    000000e8     vision_protocol.o (.text.fields_are_valid)
                  0000ea18    000000e0     wheel_speed_estimator.o (.text.WheelSpeedEstimator_Init)
                  0000eaf8    000000d8     driverlib.a : dl_flashctl.o (.text.DL_FlashCTL_unprotectSector)
                  0000ebd0    000000d8     oled.o (.text.OLED_PrintUInt16)
                  0000eca8    000000d8     libclang_rt.builtins.a : addsf3.S.obj (.text)
                  0000ed80    000000d4     car_controller.o (.text.CarController_StartDriveDistance)
                  0000ee54    000000d4     gimbal_stepper.o (.text.GimbalStepper_MoveRelativeSteps)
                  0000ef28    000000cc     balance_encoder.o (.text.BalanceEncoder_HandleGpioInterrupt)
                  0000eff4    000000c8     fault.o (.text.FaultCode_ToShortString)
                  0000f0bc    000000c0     angle_utils.o (.text.Angle_Normalize180)
                  0000f17c    000000c0     balance_soft_limits.o (.text.oscillation_target_for_phase)
                  0000f23c    000000bc     balance_soft_limits.o (.text.BalanceSoftLimits_Init)
                  0000f2f8    000000bc     car_controller.o (.text.CarController_ResetRuntime)
                  0000f3b4    000000bc     menu.o (.text.Menu_GetParamValue)
                  0000f470    000000b4     gimbal_stepper.o (.text.GimbalStepper_StopHold)
                  0000f524    000000b0     gimbal_stepper.o (.text.GimbalStepper_Init)
                  0000f5d4    000000b0     empty.o (.text.SysTick_Handler)
                  0000f684    000000a8     balance_soft_limits.o (.text.BalanceSoftLimits_ArmRecalibration)
                  0000f72c    000000a4     encoder.o (.text.Encoder_HandleGpioInterrupt)
                  0000f7d0    000000a4     balance_calibration_store.o (.text.calibration_crc32)
                  0000f874    000000a2     libclang_rt.builtins.a : udivmoddi4.S.obj (.text)
                  0000f916    00000002     startup_mspm0g350x_ticlang.o (.text.Default_Handler)
                  0000f918    000000a0     balance_soft_limits.o (.text.BalanceSoftLimits_AbortCalibration)
                  0000f9b8    000000a0     car_controller.o (.text.drive_distance_high_decel_zone_cm)
                  0000fa58    0000009c     obstacle_monitor.o (.text.ObstacleMonitor_Update_20ms)
                  0000faf4    0000009a     libc.a : memcpy16.S.obj (.text:memcpy)
                  0000fb8e    00000002     obstacle_avoidance.o (.text.ObstacleAvoidance_Update_20ms)
                  0000fb90    00000098     balance_soft_limits.o (.text.BalanceSoftLimits_CancelRecalibration)
                  0000fc28    00000098     imu.o (.text.mpu6050_write_reg)
                  0000fcc0    00000094     car_controller.o (.text.CarController_StartTurnToYawRelative)
                  0000fd54    00000090     car_controller.o (.text.CarController_ResetTransientState)
                  0000fde4    0000008c     ti_msp_dl_config.o (.text.SYSCFG_DL_PWM_MOTOR_init)
                  0000fe70    0000008c     libclang_rt.builtins.a : mulsf3.S.obj (.text.__mulsf3)
                  0000fefc    0000008c     car_controller.o (.text.heading_imu_wait_or_fail)
                  0000ff88    00000008     balance_soft_limits.o (.text.BalanceSoftLimits_CancelPositionMove)
                  0000ff90    00000088     libc.a : strcmp-armv6m.S.obj (.text:strcmp)
                  00010018    00000084     car_controller.o (.text.CarController_SetSafetyHold)
                  0001009c    00000084     gimbal_stepper.o (.text.GimbalStepper_ConfirmZero)
                  00010120    00000084     motor.o (.text.Motor_Init)
                  000101a4    00000082     libclang_rt.builtins.a : divsf3.S.obj (.text.__divsf3)
                  00010226    00000002     track_sensor.o (.text.TrackSensor_Init)
                  00010228    00000080     car_controller.o (.text.CarController_StartDriveHeading)
                  000102a8    00000080     motor.o (.text.Motor_Stop)
                  00010328    0000007e     app.o (.text.App_Init)
                  000103a6    00000002     libclang_rt.builtins.a : aeabi_div0.c.obj (.text.__aeabi_idiv0)
                  000103a8    0000007c     balance_soft_limits.o (.text.BalanceSoftLimits_Enforce100usFromIsr)
                  00010424    0000007c     vision_pitch_tuning.o (.text.VisionPitchTuning_Set)
                  000104a0    0000007c     libc.a : copy_decompress_lzss.c.obj (.text:decompress:lzss)
                  0001051c    00000078     balance_position_control.o (.text.BalancePositionControl_ResetFault)
                  00010594    00000078     oled.o (.text.oled_write_command)
                  0001060c    00000074     motor_control.o (.text.latch_control_error)
                  00010680    00000070     gimbal_stepper.o (.text.GimbalStepper_Release)
                  000106f0    00000070     ti_msp_dl_config.o (.text.SYSCFG_DL_UART_VISION_init)
                  00010760    00000070     vision_yaw_tuning.o (.text.VisionYawTuning_Set)
                  000107d0    0000006e     track_sensor.o (.text.TrackSensor_DetectTurn)
                  0001083e    00000002     libclang_rt.builtins.a : aeabi_div0.c.obj (.text.__aeabi_ldiv0)
                  00010840    00000068     mission_manager.o (.text.MissionManager_GetSelectedMissionIndex)
                  000108a8    00000068     car_controller.o (.text.set_output_speed)
                  00010910    00000066     track_sensor.o (.text.TrackSensor_GetErrorFromRaw)
                  00010976    00000002     --HOLE-- [fill = 0]
                  00010978    00000064     balance_soft_limits.o (.text.BalanceSoftLimits_ResetPositionFault)
                  000109dc    00000064     mission_manager.o (.text.MissionManager_Start)
                  00010a40    00000062     app.o (.text.App_ResetToReady)
                  00010aa2    00000002     --HOLE-- [fill = 0]
                  00010aa4    00000062     libclang_rt.builtins.a : aeabi_fcmp.S.obj (.text.__aeabi_fcmp)
                  00010b06    00000062     libc.a : memset16.S.obj (.text:memset)
                  00010b68    00000060     balance_position_control.o (.text.BalancePositionControl_Init)
                  00010bc8    00000060     vision_tuning_console.o (.text.VisionTuningConsole_Init)
                  00010c28    00000060     libclang_rt.builtins.a : fixsfdi.S.obj (.text.__fixsfdi)
                  00010c88    0000005c     vision_uart.o (.text.UART3_IRQHandler)
                  00010ce4    0000005c     ultrasonic.o (.text.Ultrasonic_Update_20ms)
                  00010d40    0000005c     car_controller.o (.text.speed_cmps_to_normalized_command)
                  00010d9c    0000005c     balance_soft_limits.o (.text.test_start_target)
                  00010df8    00000058     balance_encoder.o (.text.BalanceEncoder_Init)
                  00010e50    00000058     mission_manager.o (.text.MissionManager_Init)
                  00010ea8    00000058     oled.o (.text.OLED_PrintChar)
                  00010f00    00000058     motion_action.o (.text.motion_action_start_imu_controller)
                  00010f58    00000056     libclang_rt.builtins.a : aeabi_idivmod.S.obj (.text.__aeabi_idivmod)
                  00010fae    00000002     --HOLE-- [fill = 0]
                  00010fb0    00000054     car_controller.o (.text.CarController_Stop)
                  00011004    00000054     track_sensor.o (.text.TrackSensor_ReadRaw)
                  00011058    00000054     watchdog_monitor.o (.text.WatchdogMonitor_ApplyFaultIfNeeded)
                  000110ac    00000050     balance_position_control.o (.text.BalancePositionControl_SetTrackingTarget)
                  000110fc    00000050     balance_soft_limits.o (.text.BalanceSoftLimits_GetSnapshot)
                  0001114c    00000050     ultrasonic.o (.text.Ultrasonic_Init)
                  0001119c    00000050     watchdog_monitor.o (.text.WatchdogMonitor_Tick1msFromIsr)
                  000111ec    0000004e     libclang_rt.builtins.a : floatdisf.S.obj (.text.__floatdisf)
                  0001123a    00000002     --HOLE-- [fill = 0]
                  0001123c    0000004c     motor_control.o (.text.MotorControl_Stop)
                  00011288    0000004c     libc.a : cpy_tbl.c.obj (.text.copy_in)
                  000112d4    0000004c            : autoinit.c.obj (.text:__TI_auto_init_nopinit)
                  00011320    00000048     driverlib.a : dl_uart.o (.text.DL_UART_init)
                  00011368    00000048     mission_manager.o (.text.MissionManager_Cancel)
                  000113b0    00000048     menu.o (.text.menu_next_main_page)
                  000113f8    00000044     car_controller.o (.text.CarController_StartFollowLine)
                  0001143c    00000044     emergency_stop.o (.text.EmergencyStop_Reset)
                  00011480    00000044     encoder.o (.text.Encoder_GetAndClearPulseDeltas)
                  000114c4    00000044     imu.o (.text.Imu_ResetYaw)
                  00011508    00000044     mission_manager.o (.text.MissionManager_Reset)
                  0001154c    00000044     servo.o (.text.Servo_Tick100us)
                  00011590    00000040     balance_encoder.o (.text.BalanceEncoder_GetSnapshot)
                  000115d0    00000040     balance_soft_limits.o (.text.BalanceSoftLimits_StopMotion)
                  00011610    00000040     car_controller.o (.text.CarController_ResumeFollowLine)
                  00011650    00000040     fault.o (.text.Fault_Raise)
                  00011690    00000040     ti_msp_dl_config.o (.text.SYSCFG_DL_SYSCTL_init)
                  000116d0    00000040     ti_msp_dl_config.o (.text.SYSCFG_DL_initPower)
                  00011710    00000040     vision_receiver.o (.text.VisionReceiver_PushByteFromIsr)
                  00011750    00000040     libclang_rt.builtins.a : aeabi_uidivmod.S.obj (.text.__aeabi_uidivmod)
                  00011790    0000003e                            : divmoddi4.c.obj (.text.__divmoddi4)
                  000117ce    00000002     --HOLE-- [fill = 0]
                  000117d0    0000003c     mission_manager.o (.text.MissionManager_Resume)
                  0001180c    0000003c     servo.o (.text.Servo_SetAngleDeg)
                  00011848    0000003c     vision_tuning_console.o (.text.VisionTuningConsole_PushByteFromIsr)
                  00011884    0000003c     libclang_rt.builtins.a : floatsisf.S.obj (.text.__floatsisf)
                  000118c0    0000003c                            : comparesf2.S.obj (.text.__gtsf2)
                  000118fc    0000003a                            : comparesf2.S.obj (.text.__eqsf2)
                  00011936    00000002     --HOLE-- [fill = 0]
                  00011938    0000003a                            : muldsi3.S.obj (.text.__muldsi3)
                  00011972    00000002     --HOLE-- [fill = 0]
                  00011974    00000038     emergency_stop.o (.text.EmergencyStop_Trigger)
                  000119ac    00000038     vision_receiver.o (.text.VisionReceiver_Init)
                  000119e4    00000038     libclang_rt.builtins.a : fixsfsi.S.obj (.text.__fixsfsi)
                  00011a1c    00000034     balance_position_control.o (.text.BalancePositionControl_Cancel)
                  00011a50    00000034     imu.o (.text.Imu_IsReady)
                  00011a84    00000034     mission_library.o (.text.MissionLibrary_FindById)
                  00011ab8    00000034     vision_tuning_console.o (.text.VisionTuningConsole_TryPopTxByte)
                  00011aec    00000034     vision_uart.o (.text.VisionUart_Process)
                  00011b20    00000032     oled.o (.text.OLED_PrintString)
                  00011b52    00000002     --HOLE-- [fill = 0]
                  00011b54    00000030     key.o (.text.Key_Init)
                  00011b84    00000030     line_controller.o (.text.LineController_ObserveSensors)
                  00011bb4    00000030     vision_pitch_tuning.o (.text.VisionPitchTuning_RestoreDefault)
                  00011be4    00000030     watchdog_monitor.o (.text.WatchdogMonitor_Init)
                  00011c14    00000030     watchdog_monitor.o (.text.WatchdogMonitor_Reset)
                  00011c44    0000002c     balance_position_control.o (.text.BalancePositionControl_GetSnapshot)
                  00011c70    0000002c     balance_position_control.o (.text.BalancePositionControl_StartTracking)
                  00011c9c    0000002c     encoder.o (.text.Encoder_Reset)
                  00011cc8    0000002c     mission_manager.o (.text.MissionManager_Pause)
                  00011cf4    0000002c     track_sensor.o (.text.TrackSensor_CountBlack)
                  00011d20    0000002c     vision_yaw_tuning.o (.text.VisionYawTuning_RestoreDefault)
                  00011d4c    00000028     balance_soft_limits.o (.text.BalanceSoftLimits_CancelTravelTest)
                  00011d74    00000028     driverlib.a : dl_flashctl.o (.text.DL_FlashCTL_programMemoryFromRAM64WithECCGenerated)
                  00011d9c    00000028     emergency_stop.o (.text.EmergencyStop_Enforce)
                  00011dc4    00000028     magnet.o (.text.Magnet_ForceOff)
                  00011dec    00000028     servo.o (.text.Servo_Init)
                  00011e14    00000028     vision_pitch_tuning.o (.text.VisionPitchTuning_Init)
                  00011e3c    00000028     libclang_rt.builtins.a : floatunsisf.S.obj (.text.__floatunsisf)
                  00011e64    00000028     libc.a : memmov.c.obj (.text.memmove)
                  00011e8c    00000028            : boot_cortex_m.c.obj (.text:_c_int00_noargs)
                  00011eb4    00000024     balance_encoder.o (.text.BalanceEncoder_SampleSpeed10msFromIsr)
                  00011ed8    00000024     balance_soft_limits.o (.text.BalanceSoftLimits_CancelOscillationTest)
                  00011efc    00000024     gimbal_stepper.o (.text.GimbalStepper_GetFeedbackSnapshot)
                  00011f20    00000024     mission_manager.o (.text.MissionManager_ReportExternalFailure)
                  00011f44    00000024     motor_control.o (.text.MotorControl_Init)
                  00011f68    00000024     motor_control.o (.text.MotorControl_Reset)
                  00011f8c    00000024     oled.o (.text.OLED_ClearBuffer)
                  00011fb0    00000024     ti_msp_dl_config.o (.text.SYSCFG_DL_init)
                  00011fd4    00000024     vision_yaw_tuning.o (.text.VisionYawTuning_Init)
                  00011ff8    00000024     libclang_rt.builtins.a : muldi3.S.obj (.text.__muldi3)
                  0001201c    00000020     driverlib.a : dl_timer.o (.text.DL_Timer_overrideCCPOut)
                  0001203c    00000020     debug_telemetry.o (.text.DebugTelemetry_Update)
                  0001205c    00000020     empty.o (.text.GROUP1_IRQHandler)
                  0001207c    00000020     magnet.o (.text.Magnet_Init)
                  0001209c    00000020     oled.o (.text.OLED_SetCursor)
                  000120bc    00000020     empty.o (.text.SchedulerMonitor_GetStats)
                  000120dc    00000020     mission_manager.o (.text.mission_finish_error)
                  000120fc    0000001e     libclang_rt.builtins.a : ashldi3.S.obj (.text.__ashldi3)
                  0001211a    00000002     --HOLE-- [fill = 0]
                  0001211c    0000001c     driverlib.a : dl_timer.o (.text.DL_Timer_setCaptCompUpdateMethod)
                  00012138    0000001c                 : dl_timer.o (.text.DL_Timer_setClockConfig)
                  00012154    0000001c     heading_control.o (.text.HeadingControl_SetTargetYaw)
                  00012170    0000001c     menu.o (.text.Menu_Init)
                  0001218c    0000001c     motion_action.o (.text.MotionAction_Cancel)
                  000121a8    0000001c     obstacle_monitor.o (.text.ObstacleMonitor_Init)
                  000121c4    0000001c     obstacle_safety.o (.text.ObstacleSafety_Init)
                  000121e0    0000001c     vision_pitch_tuning.o (.text.VisionPitchTuning_ParamName)
                  000121fc    0000001c     vision_yaw_tuning.o (.text.VisionYawTuning_GetSnapshot)
                  00012218    0000001c     vision_yaw_tuning.o (.text.VisionYawTuning_ParamName)
                  00012234    0000001c     watchdog_monitor.o (.text.WatchdogMonitor_NotifyControlCycleComplete)
                  00012250    0000001c     mission_manager.o (.text.mission_finish_success)
                  0001226c    00000018     driverlib.a : dl_flashctl.o (.text.DL_FlashCTL_eraseMemoryFromRAM)
                  00012284    00000018                 : dl_timer.o (.text.DL_Timer_setCaptureCompareOutCtl)
                  0001229c    00000018     debug_telemetry.o (.text.DebugTelemetry_Init)
                  000122b4    00000018     heading_control.o (.text.HeadingControl_Init)
                  000122cc    00000018     heading_control.o (.text.HeadingControl_Reset)
                  000122e4    00000018     menu.o (.text.Menu_ParamItemToString)
                  000122fc    00000018     motion_action.o (.text.MotionAction_Init)
                  00012314    00000018     obstacle_avoidance.o (.text.ObstacleAvoidance_Init)
                  0001232c    00000018     runtime_snapshot.o (.text.RuntimeSnapshot_Init)
                  00012344    00000016     libclang_rt.builtins.a : comparesf2.S.obj (.text.__unordsf2)
                  0001235a    00000002     --HOLE-- [fill = 0]
                  0001235c    00000014     fault.o (.text.Fault_Clear)
                  00012370    00000014     fault.o (.text.Fault_Init)
                  00012384    00000014     gimbal_stepper.o (.text.GimbalStepper_SetStepHalfPeriodTicks)
                  00012398    00000014     heading_control.o (.text.HeadingControl_Enable)
                  000123ac    00000014     mission_library.o (.text.MissionLibrary_GetByIndex)
                  000123c0    00000014     mission_manager.o (.text.MissionManager_GetSelectedMissionId)
                  000123d4    00000014     vision_pitch_tuning.o (.text.VisionPitchTuning_GetSnapshot)
                  000123e8    00000014     vision_uart.o (.text.VisionUart_Init)
                  000123fc    00000014     libclang_rt.builtins.a : aeabi_ldivmod.S.obj (.text.__aeabi_ldivmod)
                  00012410    00000014                            : aeabi_uldivmod.S.obj (.text.__aeabi_uldivmod)
                  00012424    00000012     driverlib.a : dl_uart.o (.text.DL_UART_setClockConfig)
                  00012436    00000012     libc.a : copy_decompress_none.c.obj (.text:decompress:none)
                  00012448    00000010     balance_position_control.o (.text.BalancePositionControl_HasFault)
                  00012458    00000010     driverlib.a : dl_timer.o (.text.DL_Timer_setCaptureCompareValue)
                  00012468    00000010     gimbal.o (.text.Gimbal_YawGetFeedback)
                  00012478    00000010     key.o (.text.Key_GetEvent)
                  00012488    00000010     libc.a : copy_zero_init.c.obj (.text:decompress:ZI)
                  00012498    0000000c     balance_encoder.o (.text.BalanceEncoder_GetCountAtomic)
                  000124a4    0000000c     balance_position_control.o (.text.BalancePositionControl_IsBusy)
                  000124b0    0000000c     balance_soft_limits.o (.text.BalanceSoftLimits_IsCalibrationActive)
                  000124bc    0000000c     balance_soft_limits.o (.text.BalanceSoftLimits_IsOscillationTestActive)
                  000124c8    0000000c     balance_soft_limits.o (.text.BalanceSoftLimits_IsTravelTestActive)
                  000124d4    0000000c     car_controller.o (.text.CarController_GetRunMode)
                  000124e0    0000000c     car_controller.o (.text.CarController_Init)
                  000124ec    0000000c     car_controller.o (.text.CarController_IsSafetyHoldActive)
                  000124f8    0000000c     car_state.o (.text.CarState_Get)
                  00012504    0000000c     car_state.o (.text.CarState_Init)
                  00012510    0000000c     car_state.o (.text.CarState_Set)
                  0001251c    0000000c     emergency_stop.o (.text.EmergencyStop_Init)
                  00012528    0000000c     emergency_stop.o (.text.EmergencyStop_IsActive)
                  00012534    0000000c     imu.o (.text.Imu_GetCorrectedGyroZDps)
                  00012540    0000000c     imu.o (.text.Imu_GetYaw)
                  0001254c    0000000c     menu.o (.text.Menu_GetPage)
                  00012558    0000000c     menu.o (.text.Menu_GetParamItem)
                  00012564    0000000c     mission_manager.o (.text.MissionManager_IsExternallyHeld)
                  00012570    0000000c     mission_manager.o (.text.MissionManager_SetExternalHold)
                  0001257c    0000000c     obstacle_avoidance.o (.text.ObstacleAvoidance_IsActive)
                  00012588    0000000c     obstacle_avoidance.o (.text.ObstacleAvoidance_IsFailed)
                  00012594    0000000c     obstacle_safety.o (.text.ObstacleSafety_IsHolding)
                  000125a0    0000000c     empty.o (.text.SystemTime_GetMs)
                  000125ac    0000000c     watchdog_monitor.o (.text.WatchdogMonitor_HasTripped)
                  000125b8    0000000c     libclang_rt.builtins.a : aeabi_memset.S.obj (.text.__aeabi_memclr)
                  000125c4    0000000a     driverlib.a : dl_common.o (.text.DL_Common_delayCycles)
                  000125ce    0000000a     motion_action.o (.text.MotionAction_Resume)
                  000125d8    0000000a     motion_action.o (.text.MotionAction_Start)
                  000125e2    0000000a     track_sensor.o (.text.TrackSensor_IsCenterDetected)
                  000125ec    0000000a     track_sensor.o (.text.TrackSensor_IsLineDetected)
                  000125f6    0000000a     track_sensor.o (.text.TrackSensor_IsLineLost)
                  00012600    00000008     balance_soft_limits.o (.text.BalanceSoftLimits_IsPositionMoveActive)
                  00012608    00000008     bluetooth_uart.o (.text.BluetoothUart_GetRuntime)
                  00012610    00000008     car_controller.o (.text.CarController_GetFeedback)
                  00012618    00000008     fault.o (.text.Fault_GetRecord)
                  00012620    00000008     gimbal_stepper.o (.text.GimbalStepper_GetFeedback)
                  00012628    00000008     heading_control.o (.text.HeadingControl_GetRuntime)
                  00012630    00000008     imu.o (.text.Imu_GetRuntime)
                  00012638    00000008     line_controller.o (.text.LineController_GetRuntime)
                  00012640    00000008     mission_manager.o (.text.MissionManager_GetMissionCount)
                  00012648    00000008     mission_manager.o (.text.MissionManager_GetRuntime)
                  00012650    00000008     motion_action.o (.text.MotionAction_GetRuntime)
                  00012658    00000008     motor_control.o (.text.MotorControl_GetRuntime)
                  00012660    00000008     obstacle_avoidance.o (.text.ObstacleAvoidance_GetFeedback)
                  00012668    00000008     obstacle_monitor.o (.text.ObstacleMonitor_GetFeedback)
                  00012670    00000008     oled_ui.o (.text.OledUi_Init)
                  00012678    00000008     runtime_snapshot.o (.text.RuntimeSnapshot_Get)
                  00012680    00000008     servo.o (.text.Servo_GetFeedback)
                  00012688    00000008     ultrasonic.o (.text.Ultrasonic_GetFeedback)
                  00012690    00000008     vision_receiver.o (.text.VisionReceiver_GetStatus)
                  00012698    00000008     vision_tuning_console.o (.text.VisionTuningConsole_GetStatus)
                  000126a0    00000008     watchdog_monitor.o (.text.WatchdogMonitor_GetStatus)
                  000126a8    00000008     wheel_speed_estimator.o (.text.WheelSpeedEstimator_GetRuntime)
                  000126b0    00000008     libclang_rt.builtins.a : aeabi_memcpy.S.obj (.text.__aeabi_memcpy)
                  000126b8    00000008                            : aeabi_memmove.S.obj (.text.__aeabi_memmove)
                  000126c0    00000006     libc.a : exit.c.obj (.text:abort)
                  000126c6    00000004     libsysbm.a : hostexit.c.obj (.text.HOSTexit)
                  000126ca    00000004     mission_library.o (.text.MissionLibrary_GetCount)
                  000126ce    00000004     obstacle_avoidance.o (.text.ObstacleAvoidance_IsResumeGraceActive)
                  000126d2    00000004     startup_mspm0g350x_ticlang.o (.text.Reset_Handler)
                  000126d6    00000002     --HOLE-- [fill = 0]
                  000126d8    00000010     libc.a : boot_cortex_m.c.obj (.tramp._c_int00_noargs.1)
                  000126e8    00000004            : pre_init.c.obj (.text._system_pre_init)
                  000126ec    00000010     driverlib.a : dl_flashctl.o (.tramp.DL_FlashCTL_executeCommandFromRAM.1)
                  000126fc    00000004     --HOLE-- [fill = 0]

.TI.ramfunc 
*          0    00013038    00000060     RUN ADDR = 20201180
                  00013038    00000060     driverlib.a : dl_flashctl.o (.TI.ramfunc)

.cinit     0    00013098    00000030     
                  00013098    0000000c     (__TI_handler_table)
                  000130a4    00000008     (.cinit..bss.load) [load image, compression = zero_init]
                  000130ac    00000005     (.cinit..data.load) [load image, compression = lzss]
                  000130b1    00000003     --HOLE-- [fill = 0]
                  000130b4    00000010     (__TI_cinit_table)
                  000130c4    00000004     --HOLE-- [fill = 0]

.rodata    0    00012700    00000938     
                  00012700    000000d8     oled.o (.rodata..Lswitch.table.OLED_PrintChar)
                  000127d8    00000048     mission_library.o (.rodata.g_missionCompetitionMain)
                  00012820    00000048     mission_library.o (.rodata.g_missionTestDistance20)
                  00012868    00000048     mission_library.o (.rodata.g_missionTestLine)
                  000128b0    00000048     mission_library.o (.rodata.g_missionTestTurn)
                  000128f8    00000040     mission_library.o (.rodata.g_missionRegistry)
                  00012938    0000002c     oled_ui.o (.rodata..Lswitch.table.print_status_page)
                  00012964    00000020     menu.o (.rodata..Lswitch.table.Menu_ParamItemToString)
                  00012984    0000001c     oled_ui.o (.rodata..Lswitch.table.OledUi_Update_20ms.168)
                  000129a0    0000001c     oled_ui.o (.rodata..Lswitch.table.OledUi_Update_20ms.178)
                  000129bc    0000001c     vision_tuning_console.o (.rodata.str1.1836208005852235077.1)
                  000129d8    00000018     vision_pitch_tuning.o (.rodata..Lswitch.table.VisionPitchTuning_ParamName)
                  000129f0    00000018     oled_ui.o (.rodata..Lswitch.table.print_status_page.179)
                  00012a08    00000014     oled_ui.o (.rodata..Lswitch.table.OledUi_Update_20ms.172)
                  00012a1c    00000014     oled_ui.o (.rodata..Lswitch.table.OledUi_Update_20ms.174)
                  00012a30    00000014     vision_yaw_tuning.o (.rodata..Lswitch.table.VisionYawTuning_ParamName)
                  00012a44    00000014     oled_ui.o (.rodata..Lswitch.table.print_status_page.180)
                  00012a58    00000013     oled_ui.o (.rodata.str1.14774750633985060196.1)
                  00012a6b    00000011     oled_ui.o (.rodata.str1.14521350379984854626.1)
                  00012a7c    00000011     oled_ui.o (.rodata.str1.17763087492223448992.1)
                  00012a8d    00000011     oled_ui.o (.rodata.str1.9584387800903135389.1)
                  00012a9e    00000002     ti_msp_dl_config.o (.rodata.gUART_VISIONClockConfig)
                  00012aa0    00000010     oled_ui.o (.rodata..Lswitch.table.OledUi_Update_20ms.175)
                  00012ab0    00000010     balance_encoder.o (.rodata.cst16)
                  00012ac0    00000010     oled_ui.o (.rodata.str1.12697925274637991987.1)
                  00012ad0    00000010     oled_ui.o (.rodata.str1.9351772214919528733.1)
                  00012ae0    00000010     oled_ui.o (.rodata.str1.9822857334037886482.1)
                  00012af0    0000000f     oled_ui.o (.rodata.str1.9229350655415085.1)
                  00012aff    0000000e     oled_ui.o (.rodata.str1.10416366799939242409.1)
                  00012b0d    0000000e     oled_ui.o (.rodata.str1.10430294223631918979.1)
                  00012b1b    0000000e     oled_ui.o (.rodata.str1.14711868471336838103.1)
                  00012b29    00000003     ti_msp_dl_config.o (.rodata.gPWM_MOTORClockConfig)
                  00012b2c    0000000c     oled_ui.o (.rodata..Lswitch.table.OledUi_Update_20ms.169)
                  00012b38    0000000c     oled_ui.o (.rodata..Lswitch.table.OledUi_Update_20ms.173)
                  00012b44    0000000c     oled_ui.o (.rodata..Lswitch.table.OledUi_Update_20ms.176)
                  00012b50    0000000c     oled_ui.o (.rodata..Lswitch.table.OledUi_Update_20ms)
                  00012b5c    0000000c     oled_ui.o (.rodata.str1.16290499236105125126.1)
                  00012b68    0000000b     oled_ui.o (.rodata.str1.13882251010780863896.1)
                  00012b73    00000001     --HOLE-- [fill = 0]
                  00012b74    0000000a     ti_msp_dl_config.o (.rodata.gUART_VISIONConfig)
                  00012b7e    0000000a     oled_ui.o (.rodata.str1.13271657277589579873.1)
                  00012b88    0000000a     mission_library.o (.rodata.str1.13636476544574750902.1)
                  00012b92    0000000a     mission_library.o (.rodata.str1.15668266851434757964.1)
                  00012b9c    0000000a     oled_ui.o (.rodata.str1.17540787658903907660.1)
                  00012ba6    0000000a     mission_library.o (.rodata.str1.199678142196697465.1)
                  00012bb0    0000000a     oled_ui.o (.rodata.str1.2608729314174233125.1)
                  00012bba    0000000a     vision_tuning_console.o (.rodata.str1.4859846923128959820.1)
                  00012bc4    0000000a     vision_tuning_console.o (.rodata.str1.7225688704195888286.1)
                  00012bce    00000009     oled_ui.o (.rodata.str1.12043213579996415112.1)
                  00012bd7    00000009     oled_ui.o (.rodata.str1.15917848551323629232.1)
                  00012be0    00000009     oled_ui.o (.rodata.str1.4582914374586912483.1)
                  00012be9    00000009     oled_ui.o (.rodata.str1.5965888106848176421.1)
                  00012bf2    00000002     oled_ui.o (.rodata.str1.3025253791635144717.1)
                  00012bf4    00000008     ti_msp_dl_config.o (.rodata.gPWM_MOTORConfig)
                  00012bfc    00000008     vision_tuning_console.o (.rodata.str1.11718269490974306969.1)
                  00012c04    00000008     oled_ui.o (.rodata.str1.130772507669342127.1)
                  00012c0c    00000008     oled_ui.o (.rodata.str1.17464849429964608858.1)
                  00012c14    00000008     oled_ui.o (.rodata.str1.1974573040514735405.1)
                  00012c1c    00000008     vision_tuning_console.o (.rodata.str1.3293472937029561918.1)
                  00012c24    00000008     oled_ui.o (.rodata.str1.6350830172869379626.1)
                  00012c2c    00000008     oled_ui.o (.rodata.str1.6835749436006845616.1)
                  00012c34    00000007     vision_tuning_console.o (.rodata.str1.10860306953068020798.1)
                  00012c3b    00000007     oled_ui.o (.rodata.str1.13871579367539052597.1)
                  00012c42    00000007     mission_library.o (.rodata.str1.1440970855772709381.1)
                  00012c49    00000007     oled_ui.o (.rodata.str1.4610220316623841660.1)
                  00012c50    00000007     oled_ui.o (.rodata.str1.4723632947289500520.1)
                  00012c57    00000007     oled_ui.o (.rodata.str1.8709745090823444516.1)
                  00012c5e    00000007     oled_ui.o (.rodata.str1.9646571805098343045.1)
                  00012c65    00000006     oled_ui.o (.rodata.str1.10077435089618835710.1)
                  00012c6b    00000006     oled_ui.o (.rodata.str1.1019225241002246410.1)
                  00012c71    00000006     vision_tuning_console.o (.rodata.str1.10319329813075420582.1)
                  00012c77    00000006     oled_ui.o (.rodata.str1.11149198520117834688.1)
                  00012c7d    00000006     oled_ui.o (.rodata.str1.11232419324784801130.1)
                  00012c83    00000006     oled_ui.o (.rodata.str1.14168333168339663346.1)
                  00012c89    00000006     oled_ui.o (.rodata.str1.1445687256832830955.1)
                  00012c8f    00000006     oled_ui.o (.rodata.str1.15817398807211891688.1)
                  00012c95    00000006     oled_ui.o (.rodata.str1.16411631209783952401.1)
                  00012c9b    00000006     oled_ui.o (.rodata.str1.17067061841413117831.1)
                  00012ca1    00000006     oled_ui.o (.rodata.str1.17242430504649735449.1)
                  00012ca7    00000006     oled_ui.o (.rodata.str1.17436941090773226089.1)
                  00012cad    00000006     oled_ui.o (.rodata.str1.2656948373757303877.1)
                  00012cb3    00000006     vision_tuning_console.o (.rodata.str1.4028100529439820245.1)
                  00012cb9    00000006     oled_ui.o (.rodata.str1.4932371652560868037.1)
                  00012cbf    00000006     oled_ui.o (.rodata.str1.799718701096035713.1)
                  00012cc5    00000006     oled_ui.o (.rodata.str1.8018480777946742726.1)
                  00012ccb    00000006     oled_ui.o (.rodata.str1.8449035241871861290.1)
                  00012cd1    00000006     oled_ui.o (.rodata.str1.8783421139296713095.1)
                  00012cd7    00000006     oled_ui.o (.rodata.str1.9544068167406571052.1)
                  00012cdd    00000006     oled_ui.o (.rodata.str1.9992244628984851027.1)
                  00012ce3    00000005     motion_action.o (.rodata..Lswitch.table.MotionAction_Update_20ms)
                  00012ce8    00000005     oled.o (.rodata.oled_get_glyph.colon)
                  00012ced    00000005     oled.o (.rodata.oled_get_glyph.eight)
                  00012cf2    00000005     oled.o (.rodata.oled_get_glyph.five)
                  00012cf7    00000005     oled.o (.rodata.oled_get_glyph.four)
                  00012cfc    00000005     oled.o (.rodata.oled_get_glyph.glyphA)
                  00012d01    00000005     oled.o (.rodata.oled_get_glyph.glyphB)
                  00012d06    00000005     oled.o (.rodata.oled_get_glyph.glyphC)
                  00012d0b    00000005     oled.o (.rodata.oled_get_glyph.glyphD)
                  00012d10    00000005     oled.o (.rodata.oled_get_glyph.glyphE)
                  00012d15    00000005     oled.o (.rodata.oled_get_glyph.glyphF)
                  00012d1a    00000005     oled.o (.rodata.oled_get_glyph.glyphG)
                  00012d1f    00000005     oled.o (.rodata.oled_get_glyph.glyphH)
                  00012d24    00000005     oled.o (.rodata.oled_get_glyph.glyphI)
                  00012d29    00000005     oled.o (.rodata.oled_get_glyph.glyphK)
                  00012d2e    00000005     oled.o (.rodata.oled_get_glyph.glyphL)
                  00012d33    00000005     oled.o (.rodata.oled_get_glyph.glyphM)
                  00012d38    00000005     oled.o (.rodata.oled_get_glyph.glyphN)
                  00012d3d    00000005     oled.o (.rodata.oled_get_glyph.glyphO)
                  00012d42    00000005     oled.o (.rodata.oled_get_glyph.glyphP)
                  00012d47    00000005     oled.o (.rodata.oled_get_glyph.glyphR)
                  00012d4c    00000005     oled.o (.rodata.oled_get_glyph.glyphS)
                  00012d51    00000005     oled.o (.rodata.oled_get_glyph.glyphT)
                  00012d56    00000005     oled.o (.rodata.oled_get_glyph.glyphU)
                  00012d5b    00000005     oled.o (.rodata.oled_get_glyph.glyphV)
                  00012d60    00000005     oled.o (.rodata.oled_get_glyph.glyphW)
                  00012d65    00000005     oled.o (.rodata.oled_get_glyph.glyphX)
                  00012d6a    00000005     oled.o (.rodata.oled_get_glyph.glyphY)
                  00012d6f    00000005     oled.o (.rodata.oled_get_glyph.glyphb)
                  00012d74    00000005     oled.o (.rodata.oled_get_glyph.gt)
                  00012d79    00000005     oled.o (.rodata.oled_get_glyph.minus)
                  00012d7e    00000005     oled.o (.rodata.oled_get_glyph.nine)
                  00012d83    00000005     oled.o (.rodata.oled_get_glyph.one)
                  00012d88    00000005     oled.o (.rodata.oled_get_glyph.seven)
                  00012d8d    00000005     oled.o (.rodata.oled_get_glyph.six)
                  00012d92    00000005     oled.o (.rodata.oled_get_glyph.space)
                  00012d97    00000005     oled.o (.rodata.oled_get_glyph.three)
                  00012d9c    00000005     oled.o (.rodata.oled_get_glyph.two)
                  00012da1    00000005     oled.o (.rodata.oled_get_glyph.zero)
                  00012da6    00000005     oled_ui.o (.rodata.str1.10600688730180713177.1)
                  00012dab    00000005     oled_ui.o (.rodata.str1.10907125332684471422.1)
                  00012db0    00000005     oled_ui.o (.rodata.str1.11614055506586029288.1)
                  00012db5    00000005     oled_ui.o (.rodata.str1.11627403558423016802.1)
                  00012dba    00000005     oled_ui.o (.rodata.str1.12182588061437138428.1)
                  00012dbf    00000005     oled_ui.o (.rodata.str1.12359577037488465078.1)
                  00012dc4    00000005     oled_ui.o (.rodata.str1.12493748764729730277.1)
                  00012dc9    00000005     oled_ui.o (.rodata.str1.12504350857748951577.1)
                  00012dce    00000005     oled_ui.o (.rodata.str1.12571791089077708471.1)
                  00012dd3    00000005     oled_ui.o (.rodata.str1.12595606217184830646.1)
                  00012dd8    00000005     oled_ui.o (.rodata.str1.12617122458660443890.1)
                  00012ddd    00000005     oled_ui.o (.rodata.str1.13750180467131823662.1)
                  00012de2    00000005     oled_ui.o (.rodata.str1.13875148296791986931.1)
                  00012de7    00000005     vision_pitch_tuning.o (.rodata.str1.13915893147848268398.1)
                  00012dec    00000005     oled_ui.o (.rodata.str1.14132186318895045592.1)
                  00012df1    00000005     fault.o (.rodata.str1.14435905801345341244.1)
                  00012df6    00000005     fault.o (.rodata.str1.1506612114648992996.1)
                  00012dfb    00000005     oled_ui.o (.rodata.str1.15132332204781002199.1)
                  00012e00    00000005     oled_ui.o (.rodata.str1.15575624326185233262.1)
                  00012e05    00000005     oled_ui.o (.rodata.str1.15577080202403550426.1)
                  00012e0a    00000005     oled_ui.o (.rodata.str1.15613891207764622616.1)
                  00012e0f    00000005     oled_ui.o (.rodata.str1.15802367878353263018.1)
                  00012e14    00000005     oled_ui.o (.rodata.str1.15829239520183577662.1)
                  00012e19    00000005     oled_ui.o (.rodata.str1.16526439943277383452.1)
                  00012e1e    00000005     oled_ui.o (.rodata.str1.16635595130967924751.1)
                  00012e23    00000005     oled_ui.o (.rodata.str1.16939060351352778619.1)
                  00012e28    00000005     fault.o (.rodata.str1.17097894860660336008.1)
                  00012e2d    00000005     fault.o (.rodata.str1.17155043670132108083.1)
                  00012e32    00000005     vision_tuning_console.o (.rodata.str1.17265544270347038021.1)
                  00012e37    00000005     oled_ui.o (.rodata.str1.17717236995185551183.1)
                  00012e3c    00000005     oled_ui.o (.rodata.str1.17763996158807330232.1)
                  00012e41    00000005     oled_ui.o (.rodata.str1.17884296644359297425.1)
                  00012e46    00000005     fault.o (.rodata.str1.2104670281202025270.1)
                  00012e4b    00000005     oled_ui.o (.rodata.str1.2193316011307952170.1)
                  00012e50    00000005     oled_ui.o (.rodata.str1.2308938766145545715.1)
                  00012e55    00000005     oled_ui.o (.rodata.str1.2522137003438374266.1)
                  00012e5a    00000005     oled_ui.o (.rodata.str1.270145429241168923.1)
                  00012e5f    00000005     oled_ui.o (.rodata.str1.3455423528827705371.1)
                  00012e64    00000005     oled_ui.o (.rodata.str1.4082595774073207366.1)
                  00012e69    00000005     fault.o (.rodata.str1.4453281041433270631.1)
                  00012e6e    00000005     fault.o (.rodata.str1.4549004730087743662.1)
                  00012e73    00000005     oled_ui.o (.rodata.str1.4581472623415959594.1)
                  00012e78    00000005     menu.o (.rodata.str1.4862307748908978627.1)
                  00012e7d    00000005     oled_ui.o (.rodata.str1.5376340479846291137.1)
                  00012e82    00000005     oled_ui.o (.rodata.str1.5965450730569173784.1)
                  00012e87    00000005     fault.o (.rodata.str1.6372787129294360447.1)
                  00012e8c    00000005     fault.o (.rodata.str1.6437946768974223044.1)
                  00012e91    00000005     oled_ui.o (.rodata.str1.6806727740681590176.1)
                  00012e96    00000005     oled_ui.o (.rodata.str1.6954814719705590448.1)
                  00012e9b    00000005     oled_ui.o (.rodata.str1.7050595558965647569.1)
                  00012ea0    00000005     oled_ui.o (.rodata.str1.7481335054564682966.1)
                  00012ea5    00000005     oled_ui.o (.rodata.str1.763101100280173925.1)
                  00012eaa    00000005     vision_yaw_tuning.o (.rodata.str1.7764041101441114269.1)
                  00012eaf    00000005     oled_ui.o (.rodata.str1.7774807581888385879.1)
                  00012eb4    00000005     oled_ui.o (.rodata.str1.8124536758062367015.1)
                  00012eb9    00000005     fault.o (.rodata.str1.8185770893384132067.1)
                  00012ebe    00000005     oled_ui.o (.rodata.str1.8426569189266129334.1)
                  00012ec3    00000005     oled_ui.o (.rodata.str1.8471462185882660445.1)
                  00012ec8    00000005     oled_ui.o (.rodata.str1.8693388333057100694.1)
                  00012ecd    00000005     oled_ui.o (.rodata.str1.9135818829835424837.1)
                  00012ed2    00000005     oled_ui.o (.rodata.str1.9611283282870761829.1)
                  00012ed7    00000004     oled_ui.o (.rodata.str1.10263419832828250601.1)
                  00012edb    00000004     oled_ui.o (.rodata.str1.10568433575767188072.1)
                  00012edf    00000004     oled_ui.o (.rodata.str1.11178346780556493352.1)
                  00012ee3    00000004     oled_ui.o (.rodata.str1.11388022865931857840.1)
                  00012ee7    00000004     oled_ui.o (.rodata.str1.11428648044669318875.1)
                  00012eeb    00000004     oled_ui.o (.rodata.str1.11794000050372113979.1)
                  00012eef    00000004     oled_ui.o (.rodata.str1.1276391367487699528.1)
                  00012ef3    00000004     oled_ui.o (.rodata.str1.12928245060369742404.1)
                  00012ef7    00000004     oled_ui.o (.rodata.str1.13244290092665904221.1)
                  00012efb    00000004     oled_ui.o (.rodata.str1.13567883086814673087.1)
                  00012eff    00000004     fault.o (.rodata.str1.13582094816268305212.1)
                  00012f03    00000004     oled_ui.o (.rodata.str1.13790669171379415506.1)
                  00012f07    00000004     vision_tuning_console.o (.rodata.str1.14084955404328172175.1)
                  00012f0b    00000004     oled_ui.o (.rodata.str1.14265077442249237877.1)
                  00012f0f    00000004     oled_ui.o (.rodata.str1.14556837007311414654.1)
                  00012f13    00000004     oled_ui.o (.rodata.str1.14740362735394205067.1)
                  00012f17    00000004     oled_ui.o (.rodata.str1.15008238333949226094.1)
                  00012f1b    00000004     menu.o (.rodata.str1.16312125044762562515.1)
                  00012f1f    00000004     fault.o (.rodata.str1.16482347271627360806.1)
                  00012f23    00000004     oled_ui.o (.rodata.str1.16496169091617228061.1)
                  00012f27    00000004     oled_ui.o (.rodata.str1.16554583589798097927.1)
                  00012f2b    00000004     vision_pitch_tuning.o (.rodata.str1.16579632732967443104.1)
                  00012f2f    00000004     oled_ui.o (.rodata.str1.16849766574302683489.1)
                  00012f33    00000004     oled_ui.o (.rodata.str1.16895433903389883335.1)
                  00012f37    00000004     oled_ui.o (.rodata.str1.16931641404301806744.1)
                  00012f3b    00000004     menu.o (.rodata.str1.17041139162815566052.1)
                  00012f3f    00000004     oled_ui.o (.rodata.str1.17274519358952562110.1)
                  00012f43    00000004     oled_ui.o (.rodata.str1.17881291656140238186.1)
                  00012f47    00000004     oled_ui.o (.rodata.str1.18266126048138325213.1)
                  00012f4b    00000004     oled_ui.o (.rodata.str1.18379317056176403938.1)
                  00012f4f    00000004     oled_ui.o (.rodata.str1.3407221357956504873.1)
                  00012f53    00000004     oled_ui.o (.rodata.str1.3467953211977455017.1)
                  00012f57    00000004     oled_ui.o (.rodata.str1.35417727660486075.1)
                  00012f5b    00000004     oled_ui.o (.rodata.str1.3702290527496711532.1)
                  00012f5f    00000004     oled_ui.o (.rodata.str1.4193589846040060630.1)
                  00012f63    00000004     oled_ui.o (.rodata.str1.4551794666512319153.1)
                  00012f67    00000004     oled_ui.o (.rodata.str1.4581686099848791648.1)
                  00012f6b    00000004     menu.o (.rodata.str1.4646809750356241979.1)
                  00012f6f    00000004     oled_ui.o (.rodata.str1.4691821198597473371.1)
                  00012f73    00000004     oled_ui.o (.rodata.str1.5004483696121082904.1)
                  00012f77    00000004     oled_ui.o (.rodata.str1.5291836437463020264.1)
                  00012f7b    00000004     oled_ui.o (.rodata.str1.5853739094453432564.1)
                  00012f7f    00000004     oled_ui.o (.rodata.str1.6473435968988645044.1)
                  00012f83    00000004     oled_ui.o (.rodata.str1.6744096065564390185.1)
                  00012f87    00000004     oled_ui.o (.rodata.str1.7185587941321649510.1)
                  00012f8b    00000004     oled_ui.o (.rodata.str1.7219546930854689545.1)
                  00012f8f    00000004     fault.o (.rodata.str1.7255546073596598018.1)
                  00012f93    00000004     oled_ui.o (.rodata.str1.7419768602719733415.1)
                  00012f97    00000004     oled_ui.o (.rodata.str1.8236579331345056500.1)
                  00012f9b    00000004     oled_ui.o (.rodata.str1.8399051469953744892.1)
                  00012f9f    00000004     oled_ui.o (.rodata.str1.8403269972884532600.1)
                  00012fa3    00000004     oled_ui.o (.rodata.str1.8460525935980491721.1)
                  00012fa7    00000004     oled_ui.o (.rodata.str1.9102528229756940648.1)
                  00012fab    00000004     oled_ui.o (.rodata.str1.9159586779647977165.1)
                  00012faf    00000004     oled_ui.o (.rodata.str1.9250665025187963892.1)
                  00012fb3    00000004     vision_tuning_console.o (.rodata.str1.9292707793305368794.1)
                  00012fb7    00000004     oled_ui.o (.rodata.str1.9295666102996717355.1)
                  00012fbb    00000004     vision_yaw_tuning.o (.rodata.str1.9489746196023004463.1)
                  00012fbf    00000004     menu.o (.rodata.str1.9546740394641817443.1)
                  00012fc3    00000004     oled_ui.o (.rodata.str1.967006512144173535.1)
                  00012fc7    00000004     oled_ui.o (.rodata.str1.9854382722193312766.1)
                  00012fcb    00000003     oled_ui.o (.rodata.str1.10509309789429088155.1)
                  00012fce    00000003     vision_pitch_tuning.o (.rodata.str1.10553819018306626402.1)
                  00012fd1    00000003     oled_ui.o (.rodata.str1.1108652269057166745.1)
                  00012fd4    00000003     menu.o (.rodata.str1.12110183915172842339.1)
                  00012fd7    00000003     vision_tuning_console.o (.rodata.str1.12197883643583142124.1)
                  00012fda    00000003     oled_ui.o (.rodata.str1.12888220461447056082.1)
                  00012fdd    00000003     oled_ui.o (.rodata.str1.12983537867572525563.1)
                  00012fe0    00000003     menu.o (.rodata.str1.13124720451672825294.1)
                  00012fe3    00000003     menu.o (.rodata.str1.14098755746347272832.1)
                  00012fe6    00000003     oled_ui.o (.rodata.str1.14134189893851348960.1)
                  00012fe9    00000003     oled_ui.o (.rodata.str1.14358698208395374265.1)
                  00012fec    00000003     vision_pitch_tuning.o (.rodata.str1.15082469624955958926.1)
                  00012fef    00000003     vision_yaw_tuning.o (.rodata.str1.15455206247194842411.1)
                  00012ff2    00000003     oled_ui.o (.rodata.str1.15859922799842739878.1)
                  00012ff5    00000003     oled_ui.o (.rodata.str1.15935041339501476673.1)
                  00012ff8    00000003     vision_tuning_console.o (.rodata.str1.16336339630363933256.1)
                  00012ffb    00000003     vision_pitch_tuning.o (.rodata.str1.17185918124541117546.1)
                  00012ffe    00000003     oled_ui.o (.rodata.str1.17812014771544466701.1)
                  00013001    00000003     oled_ui.o (.rodata.str1.182352409660151230.1)
                  00013004    00000003     vision_pitch_tuning.o (.rodata.str1.18308346119964257230.1)
                  00013007    00000003     vision_pitch_tuning.o (.rodata.str1.2353024170771920291.1)
                  0001300a    00000003     oled_ui.o (.rodata.str1.240075016795266086.1)
                  0001300d    00000003     oled_ui.o (.rodata.str1.2603845803395459882.1)
                  00013010    00000003     oled_ui.o (.rodata.str1.2742282290834473644.1)
                  00013013    00000003     oled_ui.o (.rodata.str1.2983744876309220570.1)
                  00013016    00000003     vision_yaw_tuning.o (.rodata.str1.4032468970572441659.1)
                  00013019    00000003     oled_ui.o (.rodata.str1.4402311448527872260.1)
                  0001301c    00000003     oled_ui.o (.rodata.str1.5463568455719735.1)
                  0001301f    00000003     oled_ui.o (.rodata.str1.5689016102676777062.1)
                  00013022    00000003     oled_ui.o (.rodata.str1.58703915094955230.1)
                  00013025    00000003     vision_yaw_tuning.o (.rodata.str1.6393086909333857079.1)
                  00013028    00000003     vision_yaw_tuning.o (.rodata.str1.6657421771701333087.1)
                  0001302b    00000003     menu.o (.rodata.str1.6857549598058878762.1)
                  0001302e    00000003     fault.o (.rodata.str1.8193046109637024842.1)
                  00013031    00000003     oled_ui.o (.rodata.str1.8950259614286592359.1)
                  00013034    00000003     oled_ui.o (.rodata.str1.9554470707595806150.1)
                  00013037    00000001     --HOLE-- [fill = 0]

.init_array 
*          0    00000000    00000000     UNINITIALIZED

.binit     0    000130c8    00000010     
                  000130c8    00000010     (.binit)

.TI.bound:g_balanceCalibrationReservedSector 
*          0    0001fc00    00000400     
                  0001fc00    00000400     balance_calibration_store.o (.TI.bound:g_balanceCalibrationReservedSector)

.bss       0    20200000    0000117b     UNINITIALIZED
                  20200000    00000400     oled.o (.bss.g_oledFrame)
                  20200400    00000200     vision_receiver.o (.bss.g_ring)
                  20200600    000001d0     runtime_snapshot.o (.bss.g_snapshot)
                  202007d0    00000110     (.common:g_appConfig)
                  202008e0    00000100     vision_tuning_console.o (.bss.g_rxRing)
                  202009e0    00000100     vision_tuning_console.o (.bss.g_txRing)
                  20200ae0    00000084     (.common:g_imuRuntime)
                  20200b64    0000007c     motor_control.o (.bss.g_runtime)
                  20200be0    00000070     (.common:g_appRuntime)
                  20200c50    0000005c     balance_soft_limits.o (.bss.g_runtime)
                  20200cac    00000058     vision_receiver.o (.bss.g_status)
                  20200d04    00000004     imu.o (.bss.g_elapsedSinceValidSampleMs)
                  20200d08    00000058     (.common:g_wheelSpeedEstimatorRuntime)
                  20200d60    00000040     gimbal.o (.bss.g_feedback)
                  20200da0    00000040     vision_tuning_console.o (.bss.g_line)
                  20200de0    00000040     line_controller.o (.bss.g_lineRuntime)
                  20200e20    0000003c     balance_position_control.o (.bss.g_runtime)
                  20200e5c    00000030     (.common:gUART_VISIONBackup)
                  20200e8c    0000002c     vision_receiver.o (.bss.g_observation)
                  20200eb8    0000002c     empty.o (.bss.g_schedulerStats)
                  20200ee4    00000028     vision_receiver.o (.bss.g_frame)
                  20200f0c    00000020     bluetooth_uart.o (.bss.g_runtime)
                  20200f2c    0000001c     mission_manager.o (.bss.g_missionRuntime)
                  20200f48    0000001c     balance_encoder.o (.bss.g_runtime)
                  20200f64    0000001c     (.common:g_headingRuntime)
                  20200f80    00000018     obstacle_avoidance.o (.bss.g_avoidFeedback)
                  20200f98    00000018     gimbal_stepper.o (.bss.g_feedback)
                  20200fb0    00000018     vision_pitch_tuning.o (.bss.g_status)
                  20200fc8    00000018     vision_tuning_console.o (.bss.g_status)
                  20200fe0    00000014     motion_action.o (.bss.g_motionActionRuntime)
                  20200ff4    00000004     balance_position_control.o (.bss.g_lastEncoderCount)
                  20200ff8    00000014     vision_yaw_tuning.o (.bss.g_status)
                  2020100c    00000014     watchdog_monitor.o (.bss.g_status)
                  20201020    00000010     fault.o (.bss.g_faultRecord)
                  20201030    00000010     motor.o (.bss.g_motorRuntime)
                  20201040    0000000e     car_controller.o (.bss.g_carControllerFeedback)
                  2020104e    00000002     ultrasonic.o (.bss.g_echoTicks)
                  20201050    0000000e     ultrasonic.o (.bss.g_ultrasonicFeedback)
                  2020105e    00000002     vision_receiver.o (.bss.g_ringHead)
                  20201060    0000000c     magnet.o (.bss.g_runtime)
                  2020106c    0000000c     debug_telemetry.o (.bss.g_status)
                  20201078    0000000c     balance_soft_limits.o (.bss.g_storedLimits)
                  20201084    00000004     debug_telemetry.o (.bss.g_lastFrameMs)
                  20201088    00000008     balance_position_control.o (.bss.g_lastStepCount)
                  20201090    00000008     balance_position_control.o (.bss.g_moveStartStepCount)
                  20201098    00000008     obstacle_monitor.o (.bss.g_obstacleFeedback)
                  202010a0    00000008     gimbal_stepper.o (.bss.g_stepperEstimatedSteps)
                  202010a8    00000008     gimbal_stepper.o (.bss.g_stepperTargetEstimatedSteps)
                  202010b0    00000008     gimbal.o (.bss.g_yawContinuousDegX10)
                  202010b8    00000008     gimbal.o (.bss.g_yawLockedWorldYawDegX10)
                  202010c0    00000008     gimbal.o (.bss.g_yawTargetContinuousDegX10)
                  202010c8    00000008     gimbal.o (.bss.g_yawWorldTargetDegX10)
                  202010d0    00000008     gimbal.o (.bss.g_yawWrappedDegX10)
                  202010d8    00000006     ultrasonic.o (.bss.g_distanceSamples)
                  202010de    00000006     key.o (.bss.g_key1)
                  202010e4    00000006     key.o (.bss.g_key2)
                  202010ea    00000006     key.o (.bss.g_key3)
                  202010f0    00000004     balance_calibration_store.o (.bss.g_lastSequence)
                  202010f4    00000004     watchdog_monitor.o (.bss.g_lastTickMs)
                  202010f8    00000004     wheel_speed_estimator.o (.bss.g_latchedErrorFlags)
                  202010fc    00000004     empty.o (.bss.g_localTimeMs)
                  20201100    00000004     encoder.o (.bss.g_motorAPulses)
                  20201104    00000004     encoder.o (.bss.g_motorBPulses)
                  20201108    00000004     balance_position_control.o (.bss.g_moveStartEncoderCount)
                  2020110c    00000004     imu.o (.bss.g_previousValidCorrectedGyroZDps)
                  20201110    00000004     mission_manager.o (.bss.g_selectedDefinition)
                  20201114    00000004     servo.o (.bss.g_servoFeedback)
                  20201118    00000004     balance_encoder.o (.bss.g_speedLastCount)
                  2020111c    00000004     balance_position_control.o (.bss.g_startSoftLimitClampCount)
                  20201120    00000004     gimbal_stepper.o (.bss.g_stepperCompletedSteps)
                  20201124    00000004     gimbal.o (.bss.g_yawCommandedRpm)
                  20201128    00000004     gimbal.o (.bss.g_yawTargetRpm)
                  2020112c    00000004     empty.o (.bss.main.lastAppUpdateMs)
                  20201130    00000002     vision_receiver.o (.bss.g_ringTail)
                  20201132    00000002     vision_tuning_console.o (.bss.g_rxHead)
                  20201134    00000002     vision_tuning_console.o (.bss.g_rxTail)
                  20201136    00000002     servo.o (.bss.g_servoPwmPhase)
                  20201138    00000002     ultrasonic.o (.bss.g_stateTicks)
                  2020113a    00000002     gimbal_stepper.o (.bss.g_stepperHalfPeriodTicks)
                  2020113c    00000002     gimbal_stepper.o (.bss.g_stepperStepHalfPeriodTicks)
                  2020113e    00000002     vision_tuning_console.o (.bss.g_txHead)
                  20201140    00000002     vision_tuning_console.o (.bss.g_txTail)
                  20201142    00000002     (.common:g_trackError)
                  20201144    00000001     oled_ui.o (.bss.OledUi_Update_20ms.flushRow)
                  20201145    00000001     oled_ui.o (.bss.OledUi_Update_20ms.refreshDivider)
                  20201146    00000001     empty.o (.bss.SysTick_Handler.balanceEncoderSpeedMsCount)
                  20201147    00000001     empty.o (.bss.SysTick_Handler.controlMsCount)
                  20201148    00000001     empty.o (.bss.SysTick_Handler.tick100usCount)
                  20201149    00000001     ultrasonic.o (.bss.Ultrasonic_Update_20ms.triggerDivider)
                  2020114a    00000001     empty.o (.bss.g_appUpdatePending)
                  2020114b    00000001     vision_tuning_console.o (.bss.g_capturing)
                  2020114c    00000001     car_state.o (.bss.g_carState)
                  2020114d    00000001     obstacle_monitor.o (.bss.g_centerSettleTicks)
                  2020114e    00000001     vision_tuning_console.o (.bss.g_commandTarget)
                  2020114f    00000001     ultrasonic.o (.bss.g_distanceSampleCount)
                  20201150    00000001     ultrasonic.o (.bss.g_distanceSampleIndex)
                  20201151    00000001     emergency_stop.o (.bss.g_emergencyStopActive)
                  20201152    00000001     watchdog_monitor.o (.bss.g_faultApplied)
                  20201153    00000001     watchdog_monitor.o (.bss.g_faultPending)
                  20201154    00000001     vision_receiver.o (.bss.g_frameSize)
                  20201155    00000001     imu.o (.bss.g_integrationHistoryValid)
                  20201156    00000001     wheel_speed_estimator.o (.bss.g_leftFilterInitialized)
                  20201157    00000001     vision_tuning_console.o (.bss.g_lineSize)
                  20201158    00000001     obstacle_safety.o (.bss.g_obstacleSafetyHolding)
                  20201159    00000001     oled.o (.bss.g_oledColumn)
                  2020115a    00000001     menu.o (.bss.g_oledPage)
                  2020115b    00000001     oled.o (.bss.g_oledPage)
                  2020115c    00000001     encoder.o (.bss.g_overflowFlags)
                  2020115d    00000001     menu.o (.bss.g_paramItem)
                  2020115e    00000001     menu.o (.bss.g_paramReturnPage)
                  2020115f    00000001     key.o (.bss.g_pendingEvent)
                  20201160    00000001     vision_tuning_console.o (.bss.g_prefixIndex)
                  20201161    00000001     vision_tuning_console.o (.bss.g_prefixTarget)
                  20201162    00000001     mission_manager.o (.bss.g_resumeCurrentAction)
                  20201163    00000001     wheel_speed_estimator.o (.bss.g_rightFilterInitialized)
                  20201164    00000001     car_controller.o (.bss.g_safetyHold)
                  20201165    00000001     imu.o (.bss.g_shortGapPending)
                  20201166    00000001     gimbal_stepper.o (.bss.g_stepperDirection)
                  20201167    00000001     gimbal_stepper.o (.bss.g_stepperRunning)
                  20201168    00000001     gimbal_stepper.o (.bss.g_stepperStepHigh)
                  20201169    00000001     gimbal_stepper.o (.bss.g_stepperStopAfterStepLow)
                  2020116a    00000001     balance_soft_limits.o (.bss.g_storedLimitsValid)
                  2020116b    00000001     motor_control.o (.bss.g_targetRefreshed)
                  2020116c    00000001     mission_manager.o (.bss.g_transientActionActive)
                  2020116d    00000001     ultrasonic.o (.bss.g_triggerRequest)
                  2020116e    00000001     ultrasonic.o (.bss.g_ultrasonicState)
                  2020116f    00000001     gimbal.o (.bss.g_yawLimitClamped)
                  20201170    00000001     gimbal.o (.bss.g_yawLimitDirection)
                  20201171    00000001     gimbal.o (.bss.g_yawPositionValid)
                  20201172    00000001     gimbal.o (.bss.g_yawWorldLockEnabled)
                  20201173    00000001     (.common:g_carStateDebug)
                  20201174    00000001     (.common:g_keyEvent)
                  20201175    00000001     (.common:g_oledPageDebug)
                  20201176    00000001     (.common:g_paramItemDebug)
                  20201177    00000001     (.common:g_trackBlackCount)
                  20201178    00000001     (.common:g_trackModeDebug)
                  20201179    00000001     (.common:g_trackRaw)
                  2020117a    00000001     (.common:g_trackTurnDebug)

.data      0    2020117b    00000001     UNINITIALIZED
                  2020117b    00000001     car_controller.o (.data.g_followTurnPolicy)

.stack     0    20207e00    00000200     UNINITIALIZED
                  20207e00    00000004     libc.a : boot_cortex_m.c.obj (.stack)
                  20207e04    000001fc     --HOLE--

__llvm_prf_cnts 
*          0    20200000    00000000     UNINITIALIZED

__llvm_prf_bits 
*          0    20200000    00000000     UNINITIALIZED

MODULE SUMMARY

       Module                         code    ro data   rw data
       ------                         ----    -------   -------
    .\
       oled_ui.o                      18488   1198      2      
       vision_tuning_console.o        9616    102       613    
       imu.o                          5156    0         142    
       car_controller.o               4412    0         128    
       oled.o                         2006    406       1026   
       balance_soft_limits.o          3256    0         105    
       motor_control.o                2768    0         125    
       app_config.o                   2156    0         272    
       line_controller.o              2196    0         64     
       balance_calibration_store.o    1140    1024      4      
       balance_position_control.o     1824    0         88     
       vision_receiver.o              1072    0         689    
       menu.o                         1608    65        3      
       runtime_snapshot.o             1212    0         464    
       mission_manager.o              1472    0         34     
       motion_action.o                1400    5         20     
       wheel_speed_estimator.o        1292    0         94     
       gimbal_stepper.o               1280    0         52     
       gimbal.o                       896     0         116    
       mission_library.o              560     389       0      
       motor.o                        776     0         16     
       ti_msp_dl_config.o             672     23        48     
       vision_protocol.o              732     0         0      
       app.o                          632     0         10     
       ultrasonic.o                   596     0         29     
       empty.o                        488     0         56     
       key.o                          436     0         19     
       balance_encoder.o              404     16        32     
       fault.o                        312     65        16     
       track_sensor.o                 372     0         0      
       heading_control.o              340     0         28     
       watchdog_monitor.o             308     0         26     
       vision_pitch_tuning.o          260     48        24     
       vision_yaw_tuning.o            248     41        20     
       encoder.o                      276     0         9      
       obstacle_safety.o              272     0         1      
       obstacle_monitor.o             192     0         9      
       startup_mspm0g350x_ticlang.o   6       192       0      
       angle_utils.o                  192     0         0      
       emergency_stop.o               188     0         1      
       servo.o                        176     0         6      
       vision_uart.o                  164     0         0      
       obstacle_avoidance.o           62      0         24     
       magnet.o                       72      0         12     
       debug_telemetry.o              56      0         16     
       bluetooth_uart.o               8       0         32     
       car_state.o                    36      0         1      
    +--+------------------------------+-------+---------+---------+
       Total:                         72086   3574      4476   
                                                               
    C:/TI/mspm0_sdk_2_05_01_00/source/ti/driverlib/lib/ticlang/m0p/mspm0g1x0x_g3x0x/driverlib.a
       dl_flashctl.o                  488     0         0      
       dl_timer.o                     388     0         0      
       dl_uart.o                      90      0         0      
       dl_common.o                    10      0         0      
    +--+------------------------------+-------+---------+---------+
       Total:                         976     0         0      
                                                               
    D:\TI\CCS\ccs\tools\compiler\ti-cgt-armllvm_4.0.4.LTS\lib\armv6m-ti-none-eabi/c/libc.a
       memcpy16.S.obj                 154     0         0      
       strcmp-armv6m.S.obj            136     0         0      
       copy_decompress_lzss.c.obj     124     0         0      
       memset16.S.obj                 98      0         0      
       autoinit.c.obj                 76      0         0      
       cpy_tbl.c.obj                  76      0         0      
       boot_cortex_m.c.obj            56      0         0      
       memmov.c.obj                   40      0         0      
       copy_decompress_none.c.obj     18      0         0      
       copy_zero_init.c.obj           16      0         0      
       exit.c.obj                     6       0         0      
       pre_init.c.obj                 4       0         0      
    +--+------------------------------+-------+---------+---------+
       Total:                         804     0         0      
                                                               
    D:\TI\CCS\ccs\tools\compiler\ti-cgt-armllvm_4.0.4.LTS\lib\armv6m-ti-none-eabi/c/libsysbm.a
       hostexit.c.obj                 4       0         0      
    +--+------------------------------+-------+---------+---------+
       Total:                         4       0         0      
                                                               
    D:\TI\CCS\ccs\tools\compiler\ti-cgt-armllvm_4.0.4.LTS\lib\armv6m-ti-none-eabi/libclang_rt.builtins.a
       addsf3.S.obj                   216     0         0      
       udivmoddi4.S.obj               162     0         0      
       comparesf2.S.obj               140     0         0      
       mulsf3.S.obj                   140     0         0      
       divsf3.S.obj                   130     0         0      
       aeabi_fcmp.S.obj               98      0         0      
       fixsfdi.S.obj                  96      0         0      
       aeabi_idivmod.S.obj            86      0         0      
       floatdisf.S.obj                78      0         0      
       aeabi_uidivmod.S.obj           64      0         0      
       divmoddi4.c.obj                62      0         0      
       floatsisf.S.obj                60      0         0      
       muldsi3.S.obj                  58      0         0      
       fixsfsi.S.obj                  56      0         0      
       floatunsisf.S.obj              40      0         0      
       muldi3.S.obj                   36      0         0      
       ashldi3.S.obj                  30      0         0      
       aeabi_ldivmod.S.obj            20      0         0      
       aeabi_uldivmod.S.obj           20      0         0      
       aeabi_memset.S.obj             12      0         0      
       aeabi_memcpy.S.obj             8       0         0      
       aeabi_memmove.S.obj            8       0         0      
       aeabi_div0.c.obj               4       0         0      
    +--+------------------------------+-------+---------+---------+
       Total:                         1624    0         0      
                                                               
       Stack:                         0       0         512    
       Linker Generated:              0       57        0      
    +--+------------------------------+-------+---------+---------+
       Grand Total:                   75494   3631      4988   


LINKER GENERATED COPY TABLES

__TI_cinit_table @ 000130b4 records: 2, size/record: 8, table size: 16
	.bss: load addr=000130a4, load size=00000008 bytes, run addr=20200000, run size=0000117b bytes, compression=zero_init
[...]
0000ef29  BalanceEncoder_HandleGpioInterrupt                
0000eff5  FaultCode_ToShortString                           
0000f0bd  Angle_Normalize180                                
0000f23d  BalanceSoftLimits_Init                            
0000f2f9  CarController_ResetRuntime                        
0000f3b5  Menu_GetParamValue                                
0000f471  GimbalStepper_StopHold                            
0000f525  GimbalStepper_Init                                
0000f5d5  SysTick_Handler                                   
0000f685  BalanceSoftLimits_ArmRecalibration                
0000f72d  Encoder_HandleGpioInterrupt                       
0000f875  __udivmoddi4                                      
0000f917  ADC0_IRQHandler                                   
0000f917  ADC1_IRQHandler                                   
0000f917  AES_IRQHandler                                    
0000f917  CANFD0_IRQHandler                                 
0000f917  DAC0_IRQHandler                                   
0000f917  DMA_IRQHandler                                    
0000f917  Default_Handler                                   
0000f917  GROUP0_IRQHandler                                 
0000f917  HardFault_Handler                                 
0000f917  I2C0_IRQHandler                                   
0000f917  I2C1_IRQHandler                                   
0000f917  NMI_Handler                                       
0000f917  PendSV_Handler                                    
0000f917  RTC_IRQHandler                                    
0000f917  SPI0_IRQHandler                                   
0000f917  SPI1_IRQHandler                                   
0000f917  SVC_Handler                                       
0000f917  TIMA0_IRQHandler                                  
0000f917  TIMA1_IRQHandler                                  
0000f917  TIMG0_IRQHandler                                  
0000f917  TIMG12_IRQHandler                                 
0000f917  TIMG6_IRQHandler                                  
0000f917  TIMG7_IRQHandler                                  
0000f917  TIMG8_IRQHandler                                  
0000f917  UART0_IRQHandler                                  
0000f917  UART1_IRQHandler                                  
0000f917  UART2_IRQHandler                                  
0000f919  BalanceSoftLimits_AbortCalibration                
0000fa59  ObstacleMonitor_Update_20ms                       
0000faf5  memcpy                                            
0000fb8f  ObstacleAvoidance_Update_20ms                     
0000fb91  BalanceSoftLimits_CancelRecalibration             
0000fcc1  CarController_StartTurnToYawRelative              
0000fd55  CarController_ResetTransientState                 
0000fde5  SYSCFG_DL_PWM_MOTOR_init                          
0000fe71  __aeabi_fmul                                      
0000fe71  __mulsf3                                          
0000ff89  BalanceSoftLimits_CancelPositionMove              
0000ff91  strcmp                                            
00010019  CarController_SetSafetyHold                       
0001009d  GimbalStepper_ConfirmZero                         
00010121  Motor_Init                                        
000101a5  __aeabi_fdiv                                      
000101a5  __divsf3                                          
00010227  TrackSensor_Init                                  
00010229  CarController_StartDriveHeading                   
000102a9  Motor_Stop                                        
00010329  App_Init                                          
000103a7  __aeabi_idiv0                                     
000103a9  BalanceSoftLimits_Enforce100usFromIsr             
00010425  VisionPitchTuning_Set                             
000104a1  __TI_decompress_lzss                              
0001051d  BalancePositionControl_ResetFault                 
00010681  GimbalStepper_Release                             
000106f1  SYSCFG_DL_UART_VISION_init                        
00010761  VisionYawTuning_Set                               
000107d1  TrackSensor_DetectTurn                            
0001083f  __aeabi_ldiv0                                     
00010841  MissionManager_GetSelectedMissionIndex            
00010911  TrackSensor_GetErrorFromRaw                       
00010979  BalanceSoftLimits_ResetPositionFault              
000109dd  MissionManager_Start                              
00010a41  App_ResetToReady                                  
00010aa5  __aeabi_fcmpeq                                    
00010ab9  __aeabi_fcmplt                                    
00010acd  __aeabi_fcmple                                    
00010ae1  __aeabi_fcmpge                                    
00010af5  __aeabi_fcmpgt                                    
00010b07  memset                                            
00010b69  BalancePositionControl_Init                       
00010bc9  VisionTuningConsole_Init                          
00010c29  __aeabi_f2lz                                      
00010c29  __fixsfdi                                         
00010c89  UART3_IRQHandler                                  
00010ce5  Ultrasonic_Update_20ms                            
00010df9  BalanceEncoder_Init                               
00010e51  MissionManager_Init                               
00010ea9  OLED_PrintChar                                    
00010f59  __aeabi_idiv                                      
00010f59  __aeabi_idivmod                                   
00010fb1  CarController_Stop                                
00011005  TrackSensor_ReadRaw                               
00011059  WatchdogMonitor_ApplyFaultIfNeeded                
000110ad  BalancePositionControl_SetTrackingTarget          
000110fd  BalanceSoftLimits_GetSnapshot                     
0001114d  Ultrasonic_Init                                   
0001119d  WatchdogMonitor_Tick1msFromIsr                    
000111ed  __aeabi_l2f                                       
000111ed  __floatdisf                                       
0001123d  MotorControl_Stop                                 
00011289  copy_in                                           
000112d5  __TI_auto_init_nopinit                            
00011321  DL_UART_init                                      
00011369  MissionManager_Cancel                             
000113f9  CarController_StartFollowLine                     
0001143d  EmergencyStop_Reset                               
00011481  Encoder_GetAndClearPulseDeltas                    
000114c5  Imu_ResetYaw                                      
00011509  MissionManager_Reset                              
0001154d  Servo_Tick100us                                   
00011591  BalanceEncoder_GetSnapshot                        
000115d1  BalanceSoftLimits_StopMotion                      
00011611  CarController_ResumeFollowLine                    
00011651  Fault_Raise                                       
00011691  SYSCFG_DL_SYSCTL_init                             
000116d1  SYSCFG_DL_initPower                               
00011711  VisionReceiver_PushByteFromIsr                    
00011751  __aeabi_uidiv                                     
00011751  __aeabi_uidivmod                                  
00011791  __divmoddi4                                       
000117d1  MissionManager_Resume                             
0001180d  Servo_SetAngleDeg                                 
00011849  VisionTuningConsole_PushByteFromIsr               
00011885  __aeabi_i2f                                       
00011885  __floatsisf                                       
000118c1  __gesf2                                           
000118c1  __gtsf2                                           
000118fd  __cmpsf2                                          
000118fd  __eqsf2                                           
000118fd  __lesf2                                           
000118fd  __ltsf2                                           
000118fd  __nesf2                                           
00011939  __muldsi3                                         
00011975  EmergencyStop_Trigger                             
000119ad  VisionReceiver_Init                               
000119e5  __aeabi_f2iz                                      
000119e5  __fixsfsi                                         
00011a1d  BalancePositionControl_Cancel                     
00011a51  Imu_IsReady                                       
00011a85  MissionLibrary_FindById                           
00011ab9  VisionTuningConsole_TryPopTxByte                  
00011aed  VisionUart_Process                                
00011b21  OLED_PrintString                                  
00011b55  Key_Init                                          
00011b85  LineController_ObserveSensors                     
00011bb5  VisionPitchTuning_RestoreDefault                  
00011be5  WatchdogMonitor_Init                              
00011c15  WatchdogMonitor_Reset                             
00011c45  BalancePositionControl_GetSnapshot                
00011c71  BalancePositionControl_StartTracking              
00011c9d  Encoder_Reset                                     
00011cc9  MissionManager_Pause                              
00011cf5  TrackSensor_CountBlack                            
00011d21  VisionYawTuning_RestoreDefault                    
00011d4d  BalanceSoftLimits_CancelTravelTest                
00011d75  DL_FlashCTL_programMemoryFromRAM64WithECCGenerated
00011d9d  EmergencyStop_Enforce                             
00011dc5  Magnet_ForceOff                                   
00011ded  Servo_Init                                        
00011e15  VisionPitchTuning_Init                            
00011e3d  __aeabi_ui2f                                      
00011e3d  __floatunsisf                                     
00011e65  memmove                                           
00011e8d  _c_int00_noargs                                   
00011eb5  BalanceEncoder_SampleSpeed10msFromIsr             
00011ed9  BalanceSoftLimits_CancelOscillationTest           
00011efd  GimbalStepper_GetFeedbackSnapshot                 
00011f21  MissionManager_ReportExternalFailure              
00011f45  MotorControl_Init                                 
00011f69  MotorControl_Reset                                
00011f8d  OLED_ClearBuffer                                  
00011fb1  SYSCFG_DL_init                                    
00011fd5  VisionYawTuning_Init                              
00011ff9  __aeabi_lmul                                      
00011ff9  __muldi3                                          
0001201d  DL_Timer_overrideCCPOut                           
0001203d  DebugTelemetry_Update                             
0001205d  GROUP1_IRQHandler                                 
0001207d  Magnet_Init                                       
0001209d  OLED_SetCursor                                    
000120bd  SchedulerMonitor_GetStats                         
000120fd  __aeabi_llsl                                      
000120fd  __ashldi3                                         
0001211d  DL_Timer_setCaptCompUpdateMethod                  
00012139  DL_Timer_setClockConfig                           
00012155  HeadingControl_SetTargetYaw                       
00012171  Menu_Init                                         
0001218d  MotionAction_Cancel                               
000121a9  ObstacleMonitor_Init                              
000121c5  ObstacleSafety_Init                               
000121e1  VisionPitchTuning_ParamName                       
000121fd  VisionYawTuning_GetSnapshot                       
00012219  VisionYawTuning_ParamName                         
00012235  WatchdogMonitor_NotifyControlCycleComplete        
0001226d  DL_FlashCTL_eraseMemoryFromRAM                    
00012285  DL_Timer_setCaptureCompareOutCtl                  
0001229d  DebugTelemetry_Init                               
000122b5  HeadingControl_Init                               
000122cd  HeadingControl_Reset                              
000122e5  Menu_ParamItemToString                            
000122fd  MotionAction_Init                                 
00012315  ObstacleAvoidance_Init                            
0001232d  RuntimeSnapshot_Init                              
00012345  __aeabi_fcmpun                                    
00012345  __unordsf2                                        
0001235d  Fault_Clear                                       
00012371  Fault_Init                                        
00012385  GimbalStepper_SetStepHalfPeriodTicks              
00012399  HeadingControl_Enable                             
000123ad  MissionLibrary_GetByIndex                         
000123c1  MissionManager_GetSelectedMissionId               
000123d5  VisionPitchTuning_GetSnapshot                     
000123e9  VisionUart_Init                                   
000123fd  __aeabi_ldivmod                                   
00012411  __aeabi_uldivmod                                  
00012425  DL_UART_setClockConfig                            
00012437  __TI_decompress_none                              
00012449  BalancePositionControl_HasFault                   
00012459  DL_Timer_setCaptureCompareValue                   
00012469  Gimbal_YawGetFeedback                             
00012479  Key_GetEvent                                      
00012489  __TI_zero_init                                    
00012499  BalanceEncoder_GetCountAtomic                     
000124a5  BalancePositionControl_IsBusy                     
000124b1  BalanceSoftLimits_IsCalibrationActive             
000124bd  BalanceSoftLimits_IsOscillationTestActive         
000124c9  BalanceSoftLimits_IsTravelTestActive              
000124d5  CarController_GetRunMode                          
000124e1  CarController_Init                                
000124ed  CarController_IsSafetyHoldActive                  
000124f9  CarState_Get                                      
00012505  CarState_Init                                     
00012511  CarState_Set                                      
0001251d  EmergencyStop_Init                                
00012529  EmergencyStop_IsActive                            
00012535  Imu_GetCorrectedGyroZDps                          
00012541  Imu_GetYaw                                        
0001254d  Menu_GetPage                                      
00012559  Menu_GetParamItem                                 
00012565  MissionManager_IsExternallyHeld                   
00012571  MissionManager_SetExternalHold                    
0001257d  ObstacleAvoidance_IsActive                        
00012589  ObstacleAvoidance_IsFailed                        
00012595  ObstacleSafety_IsHolding                          
000125a1  SystemTime_GetMs                                  
000125ad  WatchdogMonitor_HasTripped                        
000125b9  __aeabi_memclr                                    
000125b9  __aeabi_memclr4                                   
000125b9  __aeabi_memclr8                                   
000125c5  DL_Common_delayCycles                             
000125cf  MotionAction_Resume                               
000125d9  MotionAction_Start                                
000125e3  TrackSensor_IsCenterDetected                      
000125ed  TrackSensor_IsLineDetected                        
000125f7  TrackSensor_IsLineLost                            
00012601  BalanceSoftLimits_IsPositionMoveActive            
00012609  BluetoothUart_GetRuntime                          
00012611  CarController_GetFeedback                         
00012619  Fault_GetRecord                                   
00012621  GimbalStepper_GetFeedback                         
00012629  HeadingControl_GetRuntime                         
00012631  Imu_GetRuntime                                    
00012639  LineController_GetRuntime                         
00012641  MissionManager_GetMissionCount                    
00012649  MissionManager_GetRuntime                         
00012651  MotionAction_GetRuntime                           
00012659  MotorControl_GetRuntime                           
00012661  ObstacleAvoidance_GetFeedback                     
00012669  ObstacleMonitor_GetFeedback                       
00012671  OledUi_Init                                       
00012679  RuntimeSnapshot_Get                               
00012681  Servo_GetFeedback                                 
00012689  Ultrasonic_GetFeedback                            
00012691  VisionReceiver_GetStatus                          
00012699  VisionTuningConsole_GetStatus                     
000126a1  WatchdogMonitor_GetStatus                         
000126a9  WheelSpeedEstimator_GetRuntime                    
000126b1  __aeabi_memcpy                                    
000126b1  __aeabi_memcpy4                                   
000126b1  __aeabi_memcpy8                                   
000126b9  __aeabi_memmove                                   
000126b9  __aeabi_memmove4                                  
000126b9  __aeabi_memmove8                                  
000126c1  abort                                             
000126c6  C$$EXIT                                           
000126c7  HOSTexit                                          
000126cb  MissionLibrary_GetCount                           
000126cf  ObstacleAvoidance_IsResumeGraceActive             
000126d3  Reset_Handler                                     
000126e9  _system_pre_init                                  
00013098  __TI_Handler_Table_Base                           
000130a4  __TI_Handler_Table_Limit                          
000130b4  __TI_CINIT_Base                                   
000130c4  __TI_CINIT_Limit                                  
000130c4  __TI_CINIT_Warm                                   
000130c8  __TI_table_binit                                  
000130c8  __binit__                                         
000130c8  binit                                             
0001fc00  g_balanceCalibrationReservedSector                
20200000  __start___llvm_prf_bits                           
20200000  __start___llvm_prf_cnts                           
20200000  __stop___llvm_prf_bits                            
20200000  __stop___llvm_prf_cnts                            
202007d0  g_appConfig                                       
20200ae0  g_imuRuntime                                      
20200be0  g_appRuntime                                      
20200d08  g_wheelSpeedEstimatorRuntime                      
20200e5c  gUART_VISIONBackup                                
20200f64  g_headingRuntime                                  
20201142  g_trackError                                      
20201173  g_carStateDebug                                   
20201174  g_keyEvent                                        
20201175  g_oledPageDebug                                   
20201176  g_paramItemDebug                                  
20201177  g_trackBlackCount                                 
20201178  g_trackModeDebug                                  
20201179  g_trackRaw                                        
2020117a  g_trackTurnDebug                                  
20207e00  __stack                                           
20208000  __STACK_END                                       
ffffffff  __TI_pprof_out_hndl                               
ffffffff  __TI_prof_data_size                               
ffffffff  __TI_prof_data_start                              
UNDEFED   __mpu_init                                        
UNDEFED   _system_post_cinit                                

[395 symbols]
