******************************************************************************
            TI ARM Clang Linker PC v4.0.4                      
******************************************************************************
>> Linked Thu Jul 30 07:24:09 2026

OUTPUT FILE NAME:   <diansaikaishi.out>
ENTRY POINT SYMBOL: "_c_int00_noargs"  address: 00013871


MEMORY CONFIGURATION

         name            origin    length      used     unused   attr    fill
----------------------  --------  ---------  --------  --------  ----  --------
  FLASH                 00000000   00020000  00014b10  0000b4f0  R  X
  SRAM                  20200000   00008000  00001692  0000696e  RW X
  BCR_CONFIG            41c00000   000000ff  00000000  000000ff  R   
  BSL_CONFIG            41c00100   00000080  00000000  00000080  R   


SEGMENT ALLOCATION MAP

run origin  load origin   length   init length attrs members
----------  ----------- ---------- ----------- ----- -------
00000000    00000000    00014b10   00014b10    r-x
  00000000    00000000    000000c0   000000c0    r-- .intvecs
  000000c0    000000c0    00013f50   00013f50    r-x .text
  00014010    00014010    00000ad0   00000ad0    r-- .rodata
  00014ae0    00014ae0    00000030   00000030    r-- .cinit
20200000    20200000    00001492   00000000    rw-
  20200000    20200000    0000148c   00000000    rw- .bss
  2020148c    2020148c    00000006   00000000    rw- .data
20207e00    20207e00    00000200   00000000    rw-
  20207e00    20207e00    00000200   00000000    rw- .stack


SECTION ALLOCATION MAP

 output                                  attributes/
section   page    origin      length       input sections
--------  ----  ----------  ----------   ----------------
.intvecs   0    00000000    000000c0     
                  00000000    000000c0     startup_mspm0g350x_ticlang.o (.intvecs)

.text      0    000000c0    00013f50     
                  000000c0    00002b00     oled_ui.o (.text.OledUi_Update_20ms)
                  00002bc0    00001fbc     app.o (.text.app_remote_dispatch_tokens)
                  00004b7c    00001dd4     vision_tuning_console.o (.text.VisionTuningConsole_Process)
                  00006950    00000d84     app.o (.text.App_Update_20ms)
                  000076d4    00000d28     app.o (.text.app_remote_update_result)
                  000083fc    0000064c     app_config.o (.text.AppConfig_LimitAll)
                  00008a48    000005ac     imu.o (.text.Imu_CalibrateGyroBias)
                  00008ff4    00000524     line_controller.o (.text.LineController_Update)
                  00009518    0000049c     runtime_snapshot.o (.text.RuntimeSnapshot_Update)
                  000099b4    0000044c     motor_control.o (.text.update_wheel)
                  00009e00    0000042c     app.o (.text.app_remote_cancel_current_action)
                  0000a22c    00000424     wheel_speed_estimator.o (.text.WheelSpeedEstimator_Update)
                  0000a650    000003e8     app.o (.text.app_remote_build_sequenced_response)
                  0000aa38    000003e0     imu.o (.text.Imu_Update)
                  0000ae18    000003b0     vision_receiver.o (.text.VisionReceiver_Process)
                  0000b1c8    000003b0     app.o (.text.app_remote_send_action_ack)
                  0000b578    00000380     imu.o (.text.Imu_Init)
                  0000b8f8    00000370     gimbal.o (.text.gimbal_update_feedback)
                  0000bc68    00000310     vision_tuning_console.o (.text.append_scaled)
                  0000bf78    000002f0     app.o (.text.app_remote_send)
                  0000c268    000002f0     imu.o (.text.mpu6050_read_regs)
                  0000c558    000002cc     car_controller.o (.text.handle_drive_distance)
                  0000c824    000002b0     motion_action.o (.text.MotionAction_Update_20ms)
                  0000cad4    0000028c     motor_control.o (.text.MotorControl_Update)
                  0000cd60    00000268     car_controller.o (.text.handle_turn_to_yaw)
                  0000cfc8    00000250     menu.o (.text.menu_adjust_param)
                  0000d218    00000220     app_config.o (.text.AppConfig_InitDefault)
                  0000d438    00000220     motion_action.o (.text.motion_action_start_internal)
                  0000d658    00000218     app.o (.text.app_remote_append_float_tenth)
                  0000d870    00000208     app.o (.text.app_remote_send_sequence_error)
                  0000da78    00000204     motor.o (.text.Motor_SetSpeed)
                  0000dc7c    000001f4     vision_protocol.o (.text.VisionProtocol_ParseV1TargetFrame)
                  0000de70    000001ec     bluetooth_uart.o (.text.BluetoothUart_TryWriteBuffer)
                  0000e05c    000001e8     motor_control.o (.text.config_is_valid)
                  0000e244    000001e4     mission_library.o (.text.MissionLibrary_Validate)
                  0000e428    000001cc     imu.o (.text.imu_i2c_write_byte)
                  0000e5f4    000001cc     oled_ui.o (.text.print_status_page)
                  0000e7c0    000001b8     oled.o (.text.oled_i2c_write_byte)
                  0000e978    000001a0     ultrasonic.o (.text.Ultrasonic_Tick100us)
                  0000eb18    0000019c     car_controller.o (.text.CarController_StartDriveDistanceAtYaw)
                  0000ecb4    00000190     car_controller.o (.text.CarController_Update_20ms)
                  0000ee44    00000174     key.o (.text.Key_Update_20ms)
                  0000efb8    00000170     oled.o (.text.OLED_FlushPage)
                  0000f128    0000016c     oled.o (.text.OLED_PrintInt16)
                  0000f294    00000158     vision_tuning_console.o (.text.send_parameter_reply)
                  0000f3ec    00000158     vision_tuning_console.o (.text.send_yaw_parameter_reply)
                  0000f544    0000014c     app.o (.text.App_Init)
                  0000f690    0000014c     bluetooth_uart.o (.text.BluetoothUart_Process)
                  0000f7dc    00000140     menu.o (.text.Menu_HandleKeyEvent)
                  0000f91c    0000012c     imu.o (.text.imu_i2c_recover_bus)
                  0000fa48    00000128     line_controller.o (.text.LineController_Reset)
                  0000fb70    00000128     mission_manager.o (.text.MissionManager_Update_20ms)
                  0000fc98    00000124     oled.o (.text.OLED_Init)
                  0000fdbc    00000124     vision_tuning_console.o (.text.send_simple_reply)
                  0000fee0    0000011c     car_controller.o (.text.handle_drive_heading)
                  0000fffc    00000114     car_controller.o (.text.handle_follow_line)
                  00010110    0000010c     line_controller.o (.text.LineController_ResetControlState)
                  0001021c    00000104     driverlib.a : dl_timer.o (.text.DL_Timer_initFourCCPWMMode)
                  00010320    00000104     line_controller.o (.text.LineController_Init)
                  00010424    00000100     motor_control.o (.text.MotorControl_SetNormalizedTarget)
                  00010524    000000fc     mission_manager.o (.text.MissionManager_SelectNext)
                  00010620    000000fc     app.o (.text.app_remote_handle_turn)
                  0001071c    000000ec     heading_control.o (.text.HeadingControl_Update)
                  00010808    000000e8     mission_manager.o (.text.MissionManager_SelectPrevious)
                  000108f0    000000e8     obstacle_safety.o (.text.ObstacleSafety_Update_20ms)
                  000109d8    000000e8     vision_protocol.o (.text.fields_are_valid)
                  00010ac0    000000e4     bluetooth_uart.o (.text.UART1_IRQHandler)
                  00010ba4    000000e0     wheel_speed_estimator.o (.text.WheelSpeedEstimator_Init)
                  00010c84    000000e0     empty.o (.text.main)
                  00010d64    000000dc     ti_msp_dl_config.o (.text.SYSCFG_DL_GPIO_init)
                  00010e40    000000d8     oled.o (.text.OLED_PrintUInt16)
                  00010f18    000000d8     libclang_rt.builtins.a : addsf3.S.obj (.text)
                  00010ff0    000000d4     car_controller.o (.text.CarController_StartDriveDistance)
                  000110c4    000000d0     app.o (.text.app_remote_start_action)
                  00011194    000000c8     fault.o (.text.FaultCode_ToShortString)
                  0001125c    000000c0     angle_utils.o (.text.Angle_Normalize180)
                  0001131c    000000c0     app.o (.text.app_remote_send_action_result)
                  000113dc    000000bc     car_controller.o (.text.CarController_ResetRuntime)
                  00011498    000000bc     menu.o (.text.Menu_GetParamValue)
                  00011554    000000bc     mission_manager.o (.text.MissionManager_StartTransientAction)
                  00011610    000000ac     app.o (.text.App_ResetToReady)
                  000116bc    000000a4     encoder.o (.text.Encoder_HandleGpioInterrupt)
                  00011760    000000a2     libclang_rt.builtins.a : udivmoddi4.S.obj (.text)
                  00011802    00000002     startup_mspm0g350x_ticlang.o (.text.Default_Handler)
                  00011804    000000a0     car_controller.o (.text.drive_distance_high_decel_zone_cm)
                  000118a4    0000009c     obstacle_monitor.o (.text.ObstacleMonitor_Update_20ms)
                  00011940    0000009a     libc.a : memcpy16.S.obj (.text:memcpy)
                  000119da    00000002     obstacle_avoidance.o (.text.ObstacleAvoidance_Update_20ms)
                  000119dc    00000098     bluetooth_uart.o (.text.BluetoothUart_Init)
                  00011a74    00000098     imu.o (.text.mpu6050_write_reg)
                  00011b0c    00000094     car_controller.o (.text.CarController_StartTurnToYawRelative)
                  00011ba0    00000090     car_controller.o (.text.CarController_ResetTransientState)
                  00011c30    0000008c     ti_msp_dl_config.o (.text.SYSCFG_DL_PWM_MOTOR_init)
                  00011cbc    0000008c     ti_msp_dl_config.o (.text.SYSCFG_DL_UART_BLUETOOTH_init)
                  00011d48    0000008c     libclang_rt.builtins.a : mulsf3.S.obj (.text.__mulsf3)
                  00011dd4    0000008c     car_controller.o (.text.heading_imu_wait_or_fail)
                  00011e60    00000088     libc.a : strcmp-armv6m.S.obj (.text:strcmp)
                  00011ee8    00000084     car_controller.o (.text.CarController_SetSafetyHold)
                  00011f6c    00000084     motor.o (.text.Motor_Init)
                  00011ff0    00000082     libclang_rt.builtins.a : divsf3.S.obj (.text.__divsf3)
                  00012072    00000002     track_sensor.o (.text.TrackSensor_Init)
                  00012074    00000080     car_controller.o (.text.CarController_StartDriveHeading)
                  000120f4    00000080     motor.o (.text.Motor_Stop)
                  00012174    0000007c     vision_pitch_tuning.o (.text.VisionPitchTuning_Set)
                  000121f0    0000007c     libc.a : copy_decompress_lzss.c.obj (.text:decompress:lzss)
                  0001226c    00000078     empty.o (.text.SysTick_Handler)
                  000122e4    00000078     oled.o (.text.oled_write_command)
                  0001235c    00000074     motor_control.o (.text.latch_control_error)
                  000123d0    00000070     ti_msp_dl_config.o (.text.SYSCFG_DL_UART_VISION_init)
                  00012440    00000070     vision_yaw_tuning.o (.text.VisionYawTuning_Set)
                  000124b0    0000006e     track_sensor.o (.text.TrackSensor_DetectTurn)
                  0001251e    00000002     libclang_rt.builtins.a : aeabi_div0.c.obj (.text.__aeabi_idiv0)
                  00012520    00000068     mission_manager.o (.text.MissionManager_GetSelectedMissionIndex)
                  00012588    00000068     car_controller.o (.text.set_output_speed)
                  000125f0    00000066     track_sensor.o (.text.TrackSensor_GetErrorFromRaw)
                  00012656    00000002     libclang_rt.builtins.a : aeabi_div0.c.obj (.text.__aeabi_ldiv0)
                  00012658    00000064     mission_manager.o (.text.MissionManager_Start)
                  000126bc    00000062     libclang_rt.builtins.a : aeabi_fcmp.S.obj (.text.__aeabi_fcmp)
                  0001271e    00000062     libc.a : memset16.S.obj (.text:memset)
                  00012780    00000060     vision_tuning_console.o (.text.VisionTuningConsole_Init)
                  000127e0    00000060     libclang_rt.builtins.a : fixsfdi.S.obj (.text.__fixsfdi)
                  00012840    0000005c     magnet.o (.text.Magnet_Set)
                  0001289c    0000005c     vision_uart.o (.text.UART3_IRQHandler)
                  000128f8    0000005c     ultrasonic.o (.text.Ultrasonic_Update_20ms)
                  00012954    0000005c     car_controller.o (.text.speed_cmps_to_normalized_command)
                  000129b0    00000058     mission_manager.o (.text.MissionManager_Init)
                  00012a08    00000058     oled.o (.text.OLED_PrintChar)
                  00012a60    00000058     motion_action.o (.text.motion_action_start_imu_controller)
                  00012ab8    00000056     libclang_rt.builtins.a : aeabi_idivmod.S.obj (.text.__aeabi_idivmod)
                  00012b0e    00000002     --HOLE-- [fill = 0]
                  00012b10    00000054     car_controller.o (.text.CarController_Stop)
                  00012b64    00000054     track_sensor.o (.text.TrackSensor_ReadRaw)
                  00012bb8    00000054     watchdog_monitor.o (.text.WatchdogMonitor_ApplyFaultIfNeeded)
                  00012c0c    00000054     app.o (.text.app_remote_parse_gear)
                  00012c60    00000050     ultrasonic.o (.text.Ultrasonic_Init)
                  00012cb0    00000050     watchdog_monitor.o (.text.WatchdogMonitor_Tick1msFromIsr)
                  00012d00    0000004e     libclang_rt.builtins.a : floatdisf.S.obj (.text.__floatdisf)
                  00012d4e    00000002     --HOLE-- [fill = 0]
                  00012d50    0000004c     motor_control.o (.text.MotorControl_Stop)
                  00012d9c    00000048     driverlib.a : dl_uart.o (.text.DL_UART_init)
                  00012de4    00000048     mission_manager.o (.text.MissionManager_Cancel)
                  00012e2c    00000048     ti_msp_dl_config.o (.text.SYSCFG_DL_initPower)
                  00012e74    00000044     car_controller.o (.text.CarController_StartFollowLine)
                  00012eb8    00000044     emergency_stop.o (.text.EmergencyStop_Reset)
                  00012efc    00000044     encoder.o (.text.Encoder_GetAndClearPulseDeltas)
                  00012f40    00000044     imu.o (.text.Imu_ResetYaw)
                  00012f84    00000044     mission_manager.o (.text.MissionManager_Reset)
                  00012fc8    00000044     servo.o (.text.Servo_Tick100us)
                  0001300c    00000040     car_controller.o (.text.CarController_ResumeFollowLine)
                  0001304c    00000040     fault.o (.text.Fault_Raise)
                  0001308c    00000040     ti_msp_dl_config.o (.text.SYSCFG_DL_SYSCTL_init)
                  000130cc    00000040     vision_receiver.o (.text.VisionReceiver_PushByteFromIsr)
                  0001310c    00000040     libclang_rt.builtins.a : aeabi_uidivmod.S.obj (.text.__aeabi_uidivmod)
                  0001314c    0000003e                            : divmoddi4.c.obj (.text.__divmoddi4)
                  0001318a    00000002     --HOLE-- [fill = 0]
                  0001318c    0000003c     mission_manager.o (.text.MissionManager_Resume)
                  000131c8    0000003c     servo.o (.text.Servo_SetAngleDeg)
                  00013204    0000003c     vision_tuning_console.o (.text.VisionTuningConsole_PushByteFromIsr)
                  00013240    0000003c     libclang_rt.builtins.a : floatsisf.S.obj (.text.__floatsisf)
                  0001327c    0000003c                            : comparesf2.S.obj (.text.__gtsf2)
                  000132b8    0000003c     libc.a : autoinit.c.obj (.text:__TI_auto_init_nobinit_nopinit)
                  000132f4    0000003a     libclang_rt.builtins.a : comparesf2.S.obj (.text.__eqsf2)
                  0001332e    00000002     --HOLE-- [fill = 0]
                  00013330    0000003a                            : muldsi3.S.obj (.text.__muldsi3)
                  0001336a    00000002     --HOLE-- [fill = 0]
                  0001336c    00000038     emergency_stop.o (.text.EmergencyStop_Trigger)
                  000133a4    00000038     vision_receiver.o (.text.VisionReceiver_Init)
                  000133dc    00000038     libclang_rt.builtins.a : fixsfsi.S.obj (.text.__fixsfsi)
                  00013414    00000036     bluetooth_uart.o (.text.BluetoothUart_TryWriteString)
                  0001344a    00000002     --HOLE-- [fill = 0]
                  0001344c    00000034     bluetooth_uart.o (.text.BluetoothUart_TryReadByte)
                  00013480    00000034     imu.o (.text.Imu_IsReady)
                  000134b4    00000034     mission_library.o (.text.MissionLibrary_FindById)
                  000134e8    00000034     vision_tuning_console.o (.text.VisionTuningConsole_TryPopTxByte)
                  0001351c    00000034     vision_uart.o (.text.VisionUart_Process)
                  00013550    00000032     oled.o (.text.OLED_PrintString)
                  00013582    00000002     --HOLE-- [fill = 0]
                  00013584    00000032     libclang_rt.builtins.a : fixunssfsi.S.obj (.text.__fixunssfsi)
                  000135b6    00000002     --HOLE-- [fill = 0]
                  000135b8    00000030     key.o (.text.Key_Init)
                  000135e8    00000030     line_controller.o (.text.LineController_ObserveSensors)
                  00013618    00000030     vision_pitch_tuning.o (.text.VisionPitchTuning_RestoreDefault)
                  00013648    00000030     watchdog_monitor.o (.text.WatchdogMonitor_Init)
                  00013678    00000030     watchdog_monitor.o (.text.WatchdogMonitor_Reset)
                  000136a8    0000002c     encoder.o (.text.Encoder_Reset)
                  000136d4    0000002c     mission_manager.o (.text.MissionManager_Pause)
                  00013700    0000002c     track_sensor.o (.text.TrackSensor_CountBlack)
                  0001372c    0000002c     vision_yaw_tuning.o (.text.VisionYawTuning_RestoreDefault)
                  00013758    00000028     emergency_stop.o (.text.EmergencyStop_Enforce)
                  00013780    00000028     magnet.o (.text.Magnet_ForceOff)
                  000137a8    00000028     ti_msp_dl_config.o (.text.SYSCFG_DL_init)
                  000137d0    00000028     servo.o (.text.Servo_Init)
                  000137f8    00000028     vision_pitch_tuning.o (.text.VisionPitchTuning_Init)
                  00013820    00000028     libclang_rt.builtins.a : floatunsisf.S.obj (.text.__floatunsisf)
                  00013848    00000028     libc.a : memmov.c.obj (.text.memmove)
                  00013870    00000028            : boot_cortex_m.c.obj (.text:_c_int00_noargs)
                  00013898    00000024     mission_manager.o (.text.MissionManager_ReportExternalFailure)
                  000138bc    00000024     motor_control.o (.text.MotorControl_Init)
                  000138e0    00000024     motor_control.o (.text.MotorControl_Reset)
                  00013904    00000024     oled.o (.text.OLED_ClearBuffer)
                  00013928    00000024     vision_yaw_tuning.o (.text.VisionYawTuning_Init)
                  0001394c    00000024     libclang_rt.builtins.a : muldi3.S.obj (.text.__muldi3)
                  00013970    00000020     driverlib.a : dl_timer.o (.text.DL_Timer_overrideCCPOut)
                  00013990    00000020     debug_telemetry.o (.text.DebugTelemetry_Update)
                  000139b0    00000020     magnet.o (.text.Magnet_Init)
                  000139d0    00000020     oled.o (.text.OLED_SetCursor)
                  000139f0    00000020     empty.o (.text.SchedulerMonitor_GetStats)
                  00013a10    00000020     libc.a : memcmp.c.obj (.text.memcmp)
                  00013a30    00000020     mission_manager.o (.text.mission_finish_error)
                  00013a50    0000001e     libclang_rt.builtins.a : ashldi3.S.obj (.text.__ashldi3)
                  00013a6e    00000002     --HOLE-- [fill = 0]
                  00013a70    0000001c     driverlib.a : dl_timer.o (.text.DL_Timer_setCaptCompUpdateMethod)
                  00013a8c    0000001c                 : dl_timer.o (.text.DL_Timer_setClockConfig)
                  00013aa8    0000001c     heading_control.o (.text.HeadingControl_SetTargetYaw)
                  00013ac4    0000001c     menu.o (.text.Menu_Init)
                  00013ae0    0000001c     motion_action.o (.text.MotionAction_Cancel)
                  00013afc    0000001c     obstacle_monitor.o (.text.ObstacleMonitor_Init)
                  00013b18    0000001c     obstacle_safety.o (.text.ObstacleSafety_Init)
                  00013b34    0000001c     vision_pitch_tuning.o (.text.VisionPitchTuning_ParamName)
                  00013b50    0000001c     vision_yaw_tuning.o (.text.VisionYawTuning_GetSnapshot)
                  00013b6c    0000001c     vision_yaw_tuning.o (.text.VisionYawTuning_ParamName)
                  00013b88    0000001c     watchdog_monitor.o (.text.WatchdogMonitor_NotifyControlCycleComplete)
                  00013ba4    0000001c     mission_manager.o (.text.mission_finish_success)
                  00013bc0    00000018     car_controller.o (.text.CarController_RunModeToString)
                  00013bd8    00000018     car_state.o (.text.CarState_ToString)
                  00013bf0    00000018     driverlib.a : dl_timer.o (.text.DL_Timer_setCaptureCompareOutCtl)
                  00013c08    00000018     debug_telemetry.o (.text.DebugTelemetry_Init)
                  00013c20    00000018     heading_control.o (.text.HeadingControl_Init)
                  00013c38    00000018     heading_control.o (.text.HeadingControl_Reset)
                  00013c50    00000018     menu.o (.text.Menu_ParamItemToString)
                  00013c68    00000018     motion_action.o (.text.MotionAction_Init)
                  00013c80    00000018     obstacle_avoidance.o (.text.ObstacleAvoidance_Init)
                  00013c98    00000018     runtime_snapshot.o (.text.RuntimeSnapshot_Init)
                  00013cb0    00000016     libclang_rt.builtins.a : comparesf2.S.obj (.text.__unordsf2)
                  00013cc6    00000002     --HOLE-- [fill = 0]
                  00013cc8    00000014     fault.o (.text.Fault_Clear)
                  00013cdc    00000014     fault.o (.text.Fault_Init)
                  00013cf0    00000014     empty.o (.text.GROUP1_IRQHandler)
                  00013d04    00000014     heading_control.o (.text.HeadingControl_Enable)
                  00013d18    00000014     mission_library.o (.text.MissionLibrary_GetByIndex)
                  00013d2c    00000014     mission_manager.o (.text.MissionManager_GetSelectedMissionId)
                  00013d40    00000014     vision_pitch_tuning.o (.text.VisionPitchTuning_GetSnapshot)
                  00013d54    00000014     vision_uart.o (.text.VisionUart_Init)
                  00013d68    00000014     libclang_rt.builtins.a : aeabi_ldivmod.S.obj (.text.__aeabi_ldivmod)
                  00013d7c    00000014                            : aeabi_uldivmod.S.obj (.text.__aeabi_uldivmod)
                  00013d90    00000012     driverlib.a : dl_uart.o (.text.DL_UART_setClockConfig)
                  00013da2    00000012     libc.a : copy_decompress_none.c.obj (.text:decompress:none)
                  00013db4    00000010     driverlib.a : dl_timer.o (.text.DL_Timer_setCaptureCompareValue)
                  00013dc4    00000010     gimbal.o (.text.Gimbal_YawGetFeedback)
                  00013dd4    00000010     key.o (.text.Key_GetEvent)
                  00013de4    00000010     libc.a : copy_zero_init.c.obj (.text:decompress:ZI)
                  00013df4    0000000c     car_controller.o (.text.CarController_GetRunMode)
                  00013e00    0000000c     car_controller.o (.text.CarController_Init)
                  00013e0c    0000000c     car_controller.o (.text.CarController_IsSafetyHoldActive)
                  00013e18    0000000c     car_state.o (.text.CarState_Get)
                  00013e24    0000000c     car_state.o (.text.CarState_Init)
                  00013e30    0000000c     car_state.o (.text.CarState_Set)
                  00013e3c    0000000c     emergency_stop.o (.text.EmergencyStop_Init)
                  00013e48    0000000c     emergency_stop.o (.text.EmergencyStop_IsActive)
                  00013e54    0000000c     imu.o (.text.Imu_GetCorrectedGyroZDps)
                  00013e60    0000000c     imu.o (.text.Imu_GetYaw)
                  00013e6c    0000000c     magnet.o (.text.Magnet_IsOn)
                  00013e78    0000000c     menu.o (.text.Menu_GetPage)
                  00013e84    0000000c     menu.o (.text.Menu_GetParamItem)
                  00013e90    0000000c     mission_manager.o (.text.MissionManager_IsExternallyHeld)
                  00013e9c    0000000c     mission_manager.o (.text.MissionManager_IsTransientAction)
                  00013ea8    0000000c     mission_manager.o (.text.MissionManager_SetExternalHold)
                  00013eb4    0000000c     obstacle_avoidance.o (.text.ObstacleAvoidance_IsActive)
                  00013ec0    0000000c     obstacle_avoidance.o (.text.ObstacleAvoidance_IsFailed)
                  00013ecc    0000000c     obstacle_safety.o (.text.ObstacleSafety_IsHolding)
                  00013ed8    0000000c     empty.o (.text.SystemTime_GetMs)
                  00013ee4    0000000c     watchdog_monitor.o (.text.WatchdogMonitor_HasTripped)
                  00013ef0    0000000c     libclang_rt.builtins.a : aeabi_memset.S.obj (.text.__aeabi_memclr)
                  00013efc    0000000a     driverlib.a : dl_common.o (.text.DL_Common_delayCycles)
                  00013f06    0000000a     motion_action.o (.text.MotionAction_Resume)
                  00013f10    0000000a     motion_action.o (.text.MotionAction_Start)
                  00013f1a    0000000a     track_sensor.o (.text.TrackSensor_IsCenterDetected)
                  00013f24    0000000a     track_sensor.o (.text.TrackSensor_IsLineDetected)
                  00013f2e    0000000a     track_sensor.o (.text.TrackSensor_IsLineLost)
                  00013f38    00000008     bluetooth_uart.o (.text.BluetoothUart_GetRuntime)
                  00013f40    00000008     car_controller.o (.text.CarController_GetFeedback)
                  00013f48    00000008     fault.o (.text.Fault_GetRecord)
                  00013f50    00000008     gimbal_stepper.o (.text.GimbalStepper_GetFeedback)
                  00013f58    00000008     heading_control.o (.text.HeadingControl_GetRuntime)
                  00013f60    00000008     imu.o (.text.Imu_GetRuntime)
                  00013f68    00000008     line_controller.o (.text.LineController_GetRuntime)
                  00013f70    00000008     mission_manager.o (.text.MissionManager_GetMissionCount)
                  00013f78    00000008     mission_manager.o (.text.MissionManager_GetRuntime)
                  00013f80    00000008     motion_action.o (.text.MotionAction_GetRuntime)
                  00013f88    00000008     motor_control.o (.text.MotorControl_GetRuntime)
                  00013f90    00000008     obstacle_avoidance.o (.text.ObstacleAvoidance_GetFeedback)
                  00013f98    00000008     obstacle_monitor.o (.text.ObstacleMonitor_GetFeedback)
                  00013fa0    00000008     oled_ui.o (.text.OledUi_Init)
                  00013fa8    00000008     runtime_snapshot.o (.text.RuntimeSnapshot_Get)
                  00013fb0    00000008     servo.o (.text.Servo_GetFeedback)
                  00013fb8    00000008     ultrasonic.o (.text.Ultrasonic_GetFeedback)
                  00013fc0    00000008     vision_receiver.o (.text.VisionReceiver_GetStatus)
                  00013fc8    00000008     vision_tuning_console.o (.text.VisionTuningConsole_GetStatus)
                  00013fd0    00000008     watchdog_monitor.o (.text.WatchdogMonitor_GetStatus)
                  00013fd8    00000008     wheel_speed_estimator.o (.text.WheelSpeedEstimator_GetRuntime)
                  00013fe0    00000008     libclang_rt.builtins.a : aeabi_memcpy.S.obj (.text.__aeabi_memcpy)
                  00013fe8    00000008                            : aeabi_memmove.S.obj (.text.__aeabi_memmove)
                  00013ff0    00000006     libc.a : exit.c.obj (.text:abort)
                  00013ff6    00000004     libsysbm.a : hostexit.c.obj (.text.HOSTexit)
                  00013ffa    00000004     mission_library.o (.text.MissionLibrary_GetCount)
                  00013ffe    00000004     obstacle_avoidance.o (.text.ObstacleAvoidance_IsResumeGraceActive)
                  00014002    00000004     startup_mspm0g350x_ticlang.o (.text.Reset_Handler)
                  00014006    00000004     libc.a : pre_init.c.obj (.text._system_pre_init)
                  0001400a    00000006     --HOLE-- [fill = 0]

.cinit     0    00014ae0    00000030     
                  00014ae0    0000000c     (__TI_handler_table)
                  00014aec    00000008     (.cinit..bss.load) [load image, compression = zero_init]
                  00014af4    00000008     (.cinit..data.load) [load image, compression = lzss]
                  00014afc    00000010     (__TI_cinit_table)
                  00014b0c    00000004     --HOLE-- [fill = 0]

.rodata    0    00014010    00000ad0     
                  00014010    000000d8     oled.o (.rodata..Lswitch.table.OLED_PrintChar)
                  000140e8    00000048     mission_library.o (.rodata.g_missionCompetitionMain)
                  00014130    00000048     mission_library.o (.rodata.g_missionTestDistance20)
                  00014178    00000048     mission_library.o (.rodata.g_missionTestLine)
                  000141c0    00000048     mission_library.o (.rodata.g_missionTestTurn)
                  00014208    00000040     mission_library.o (.rodata.g_missionRegistry)
                  00014248    0000002c     oled_ui.o (.rodata..Lswitch.table.print_status_page)
                  00014274    00000028     car_controller.o (.rodata..Lswitch.table.CarController_RunModeToString)
                  0001429c    00000020     menu.o (.rodata..Lswitch.table.Menu_ParamItemToString)
                  000142bc    0000001c     oled_ui.o (.rodata..Lswitch.table.OledUi_Update_20ms.120)
                  000142d8    0000001c     vision_tuning_console.o (.rodata.str1.1836208005852235077.1)
                  000142f4    00000018     car_state.o (.rodata..Lswitch.table.CarState_ToString)
                  0001430c    00000018     vision_pitch_tuning.o (.rodata..Lswitch.table.VisionPitchTuning_ParamName)
                  00014324    00000018     oled_ui.o (.rodata..Lswitch.table.print_status_page.121)
                  0001433c    00000018     app.o (.rodata.str1.3994855026183401623.1)
                  00014354    00000016     app.o (.rodata.str1.10370861725203452414.1)
                  0001436a    00000016     app.o (.rodata.str1.16363875852440222089.1)
                  00014380    00000015     app.o (.rodata.str1.12363847334704989178.1)
                  00014395    00000015     app.o (.rodata.str1.1944712146988729081.1)
                  000143aa    00000002     ti_msp_dl_config.o (.rodata.gUART_BLUETOOTHClockConfig)
                  000143ac    00000014     vision_yaw_tuning.o (.rodata..Lswitch.table.VisionYawTuning_ParamName)
                  000143c0    00000014     app.o (.rodata..Lswitch.table.app_remote_dispatch_tokens.92)
                  000143d4    00000014     oled_ui.o (.rodata..Lswitch.table.print_status_page.122)
                  000143e8    00000014     app.o (.rodata.str1.1428064158287234977.1)
                  000143fc    00000013     app.o (.rodata.str1.10678445697442035063.1)
                  0001440f    00000012     app.o (.rodata.str1.17399001118936924778.1)
                  00014421    00000012     app.o (.rodata.str1.4569028545979382413.1)
                  00014433    00000012     app.o (.rodata.str1.7256834521257261525.1)
                  00014445    00000011     app.o (.rodata.str1.10201341428208791189.1)
                  00014456    00000011     app.o (.rodata.str1.16027775433168351399.1)
                  00014467    00000011     app.o (.rodata.str1.2540114484728192048.1)
                  00014478    00000011     app.o (.rodata.str1.2865839870395542595.1)
                  00014489    00000011     app.o (.rodata.str1.5697808172495890429.1)
                  0001449a    00000011     app.o (.rodata.str1.6838489472292434579.1)
                  000144ab    00000010     app.o (.rodata.str1.11016788133198141870.1)
                  000144bb    00000010     app.o (.rodata.str1.12846834802551182568.1)
                  000144cb    00000010     app.o (.rodata.str1.6257995686053783187.1)
                  000144db    0000000e     oled_ui.o (.rodata.str1.10416366799939242409.1)
                  000144e9    0000000e     app.o (.rodata.str1.10444262525283912398.1)
                  000144f7    0000000d     app.o (.rodata.str1.11879963978103418143.1)
                  00014504    0000000d     app.o (.rodata.str1.5602021903949372904.1)
                  00014511    00000003     ti_msp_dl_config.o (.rodata.gPWM_MOTORClockConfig)
                  00014514    0000000c     oled_ui.o (.rodata..Lswitch.table.OledUi_Update_20ms)
                  00014520    0000000c     app.o (.rodata..Lswitch.table.app_remote_dispatch_tokens)
                  0001452c    0000000c     app.o (.rodata.str1.15213098692428571688.1)
                  00014538    0000000c     app.o (.rodata.str1.16810183106006904764.1)
                  00014544    0000000c     app.o (.rodata.str1.300513063366140995.1)
                  00014550    0000000c     app.o (.rodata.str1.8821673477993256101.1)
                  0001455c    0000000c     app.o (.rodata.str1.9736592238987147851.1)
                  00014568    0000000b     oled_ui.o (.rodata.str1.13882251010780863896.1)
                  00014573    0000000b     app.o (.rodata.str1.13935281678674483141.1)
                  0001457e    0000000b     app.o (.rodata.str1.16907334182888988062.1)
                  00014589    00000001     --HOLE-- [fill = 0]
                  0001458a    0000000a     ti_msp_dl_config.o (.rodata.gUART_BLUETOOTHConfig)
                  00014594    0000000a     ti_msp_dl_config.o (.rodata.gUART_VISIONConfig)
                  0001459e    0000000a     oled_ui.o (.rodata.str1.10077435089618835710.1)
                  000145a8    0000000a     mission_library.o (.rodata.str1.13636476544574750902.1)
                  000145b2    0000000a     mission_library.o (.rodata.str1.15668266851434757964.1)
                  000145bc    0000000a     oled_ui.o (.rodata.str1.17540787658903907660.1)
                  000145c6    0000000a     mission_library.o (.rodata.str1.199678142196697465.1)
                  000145d0    0000000a     vision_tuning_console.o (.rodata.str1.4859846923128959820.1)
                  000145da    0000000a     vision_tuning_console.o (.rodata.str1.7225688704195888286.1)
                  000145e4    00000009     oled_ui.o (.rodata.str1.15917848551323629232.1)
                  000145ed    00000003     app.o (.rodata.str1.10250497020811341304.1)
                  000145f0    00000008     ti_msp_dl_config.o (.rodata.gPWM_MOTORConfig)
                  000145f8    00000008     vision_tuning_console.o (.rodata.str1.11718269490974306969.1)
                  00014600    00000008     oled_ui.o (.rodata.str1.12493748764729730277.1)
                  00014608    00000008     oled_ui.o (.rodata.str1.130772507669342127.1)
                  00014610    00000008     oled_ui.o (.rodata.str1.17464849429964608858.1)
                  00014618    00000008     vision_tuning_console.o (.rodata.str1.3293472937029561918.1)
                  00014620    00000008     oled_ui.o (.rodata.str1.9351772214919528733.1)
                  00014628    00000007     vision_tuning_console.o (.rodata.str1.10860306953068020798.1)
                  0001462f    00000007     app.o (.rodata.str1.11496703787469058505.1)
                  00014636    00000007     app.o (.rodata.str1.11849843482968746561.1)
                  0001463d    00000007     app.o (.rodata.str1.13047991517565047521.1)
                  00014644    00000007     mission_library.o (.rodata.str1.1440970855772709381.1)
                  0001464b    00000007     mission_manager.o (.rodata.str1.378057020374253378.1)
                  00014652    00000007     app.o (.rodata.str1.4454204961402941108.1)
                  00014659    00000007     oled_ui.o (.rodata.str1.4610220316623841660.1)
                  00014660    00000007     app.o (.rodata.str1.6961527725762523919.1)
                  00014667    00000006     oled_ui.o (.rodata.str1.1019225241002246410.1)
                  0001466d    00000006     vision_tuning_console.o (.rodata.str1.10319329813075420582.1)
                  00014673    00000006     oled_ui.o (.rodata.str1.11232419324784801130.1)
                  00014679    00000006     app.o (.rodata.str1.13152753855131087754.1)
                  0001467f    00000006     app.o (.rodata.str1.13595109925716521204.1)
                  00014685    00000006     app.o (.rodata.str1.13719379709283632147.1)
                  0001468b    00000006     oled_ui.o (.rodata.str1.1445687256832830955.1)
                  00014691    00000006     app.o (.rodata.str1.15806209423872462041.1)
                  00014697    00000006     oled_ui.o (.rodata.str1.15817398807211891688.1)
                  0001469d    00000006     oled_ui.o (.rodata.str1.16411631209783952401.1)
                  000146a3    00000006     car_state.o (.rodata.str1.1675797584173499143.1)
                  000146a9    00000006     app.o (.rodata.str1.2636138999981784935.1)
                  000146af    00000006     vision_tuning_console.o (.rodata.str1.4028100529439820245.1)
                  000146b5    00000006     car_state.o (.rodata.str1.41590466491370331.1)
                  000146bb    00000006     app.o (.rodata.str1.459633387597029752.1)
                  000146c1    00000006     oled_ui.o (.rodata.str1.5291836437463020264.1)
                  000146c7    00000006     car_controller.o (.rodata.str1.5475209154116713896.1)
                  000146cd    00000006     oled_ui.o (.rodata.str1.5965888106848176421.1)
                  000146d3    00000006     app.o (.rodata.str1.6842359452639101718.1)
                  000146d9    00000006     oled_ui.o (.rodata.str1.7050595558965647569.1)
                  000146df    00000006     app.o (.rodata.str1.7777424699149452427.1)
                  000146e5    00000006     oled_ui.o (.rodata.str1.8783421139296713095.1)
                  000146eb    00000006     app.o (.rodata.str1.8951131030274028623.1)
                  000146f1    00000006     oled_ui.o (.rodata.str1.9544068167406571052.1)
                  000146f7    00000006     oled_ui.o (.rodata.str1.9992244628984851027.1)
                  000146fd    00000005     motion_action.o (.rodata..Lswitch.table.MotionAction_Update_20ms)
                  00014702    00000005     oled.o (.rodata.oled_get_glyph.colon)
                  00014707    00000005     oled.o (.rodata.oled_get_glyph.eight)
                  0001470c    00000005     oled.o (.rodata.oled_get_glyph.five)
                  00014711    00000005     oled.o (.rodata.oled_get_glyph.four)
                  00014716    00000005     oled.o (.rodata.oled_get_glyph.glyphA)
                  0001471b    00000005     oled.o (.rodata.oled_get_glyph.glyphB)
                  00014720    00000005     oled.o (.rodata.oled_get_glyph.glyphC)
                  00014725    00000005     oled.o (.rodata.oled_get_glyph.glyphD)
                  0001472a    00000005     oled.o (.rodata.oled_get_glyph.glyphE)
                  0001472f    00000005     oled.o (.rodata.oled_get_glyph.glyphF)
                  00014734    00000005     oled.o (.rodata.oled_get_glyph.glyphG)
                  00014739    00000005     oled.o (.rodata.oled_get_glyph.glyphH)
                  0001473e    00000005     oled.o (.rodata.oled_get_glyph.glyphI)
                  00014743    00000005     oled.o (.rodata.oled_get_glyph.glyphK)
                  00014748    00000005     oled.o (.rodata.oled_get_glyph.glyphL)
                  0001474d    00000005     oled.o (.rodata.oled_get_glyph.glyphM)
                  00014752    00000005     oled.o (.rodata.oled_get_glyph.glyphN)
                  00014757    00000005     oled.o (.rodata.oled_get_glyph.glyphO)
                  0001475c    00000005     oled.o (.rodata.oled_get_glyph.glyphP)
                  00014761    00000005     oled.o (.rodata.oled_get_glyph.glyphR)
                  00014766    00000005     oled.o (.rodata.oled_get_glyph.glyphS)
                  0001476b    00000005     oled.o (.rodata.oled_get_glyph.glyphT)
                  00014770    00000005     oled.o (.rodata.oled_get_glyph.glyphU)
                  00014775    00000005     oled.o (.rodata.oled_get_glyph.glyphV)
                  0001477a    00000005     oled.o (.rodata.oled_get_glyph.glyphW)
                  0001477f    00000005     oled.o (.rodata.oled_get_glyph.glyphX)
                  00014784    00000005     oled.o (.rodata.oled_get_glyph.glyphY)
                  00014789    00000005     oled.o (.rodata.oled_get_glyph.glyphb)
                  0001478e    00000005     oled.o (.rodata.oled_get_glyph.gt)
                  00014793    00000005     oled.o (.rodata.oled_get_glyph.minus)
                  00014798    00000005     oled.o (.rodata.oled_get_glyph.nine)
                  0001479d    00000005     oled.o (.rodata.oled_get_glyph.one)
                  000147a2    00000005     oled.o (.rodata.oled_get_glyph.seven)
                  000147a7    00000005     oled.o (.rodata.oled_get_glyph.six)
                  000147ac    00000005     oled.o (.rodata.oled_get_glyph.space)
                  000147b1    00000005     oled.o (.rodata.oled_get_glyph.three)
                  000147b6    00000005     oled.o (.rodata.oled_get_glyph.two)
                  000147bb    00000005     oled.o (.rodata.oled_get_glyph.zero)
                  000147c0    00000005     oled_ui.o (.rodata.str1.10263419832828250601.1)
                  000147c5    00000005     oled_ui.o (.rodata.str1.10430294223631918979.1)
                  000147ca    00000005     app.o (.rodata.str1.1203029987332226495.1)
                  000147cf    00000005     app.o (.rodata.str1.12290654951824413813.1)
                  000147d4    00000005     app.o (.rodata.str1.12441497784875596899.1)
                  000147d9    00000005     car_controller.o (.rodata.str1.12442237994239546032.1)
                  000147de    00000005     oled_ui.o (.rodata.str1.12617122458660443890.1)
                  000147e3    00000005     app.o (.rodata.str1.1329290160258583221.1)
                  000147e8    00000005     vision_pitch_tuning.o (.rodata.str1.13915893147848268398.1)
                  000147ed    00000005     fault.o (.rodata.str1.14435905801345341244.1)
                  000147f2    00000005     app.o (.rodata.str1.14614617329940285853.1)
                  000147f7    00000005     oled_ui.o (.rodata.str1.14711868471336838103.1)
                  000147fc    00000005     oled_ui.o (.rodata.str1.14774750633985060196.1)
                  00014801    00000005     fault.o (.rodata.str1.1506612114648992996.1)
                  00014806    00000005     oled_ui.o (.rodata.str1.15132332204781002199.1)
                  0001480b    00000005     oled_ui.o (.rodata.str1.15575624326185233262.1)
                  00014810    00000005     oled_ui.o (.rodata.str1.15577080202403550426.1)
                  00014815    00000005     oled_ui.o (.rodata.str1.15613891207764622616.1)
                  0001481a    00000005     oled_ui.o (.rodata.str1.15802367878353263018.1)
                  0001481f    00000005     oled_ui.o (.rodata.str1.15829239520183577662.1)
                  00014824    00000005     car_controller.o (.rodata.str1.1652194605229746967.1)
                  00014829    00000005     oled_ui.o (.rodata.str1.16526439943277383452.1)
                  0001482e    00000005     app.o (.rodata.str1.16692611307951120442.1)
                  00014833    00000005     app.o (.rodata.str1.16845902142436992655.1)
                  00014838    00000005     oled_ui.o (.rodata.str1.16939060351352778619.1)
                  0001483d    00000005     fault.o (.rodata.str1.17097894860660336008.1)
                  00014842    00000005     fault.o (.rodata.str1.17155043670132108083.1)
                  00014847    00000005     vision_tuning_console.o (.rodata.str1.17265544270347038021.1)
                  0001484c    00000005     app.o (.rodata.str1.17432819948416611743.1)
                  00014851    00000005     oled_ui.o (.rodata.str1.17763996158807330232.1)
                  00014856    00000005     oled_ui.o (.rodata.str1.17884296644359297425.1)
                  0001485b    00000005     app.o (.rodata.str1.1796468832600293665.1)
                  00014860    00000005     app.o (.rodata.str1.17980129702820282969.1)
                  00014865    00000005     app.o (.rodata.str1.1893846744673705871.1)
                  0001486a    00000005     oled_ui.o (.rodata.str1.1974573040514735405.1)
                  0001486f    00000005     fault.o (.rodata.str1.2104670281202025270.1)
                  00014874    00000005     oled_ui.o (.rodata.str1.2308938766145545715.1)
                  00014879    00000005     oled_ui.o (.rodata.str1.240075016795266086.1)
                  0001487e    00000005     oled_ui.o (.rodata.str1.2522137003438374266.1)
                  00014883    00000005     app.o (.rodata.str1.2568190970272041647.1)
                  00014888    00000005     app.o (.rodata.str1.2606929252065540862.1)
                  0001488d    00000005     oled_ui.o (.rodata.str1.2608729314174233125.1)
                  00014892    00000005     oled_ui.o (.rodata.str1.270145429241168923.1)
                  00014897    00000005     oled_ui.o (.rodata.str1.3455423528827705371.1)
                  0001489c    00000005     app.o (.rodata.str1.3543938948723267646.1)
                  000148a1    00000005     car_controller.o (.rodata.str1.4164979912472006574.1)
                  000148a6    00000005     app.o (.rodata.str1.4360399834097859481.1)
                  000148ab    00000005     fault.o (.rodata.str1.4453281041433270631.1)
                  000148b0    00000005     fault.o (.rodata.str1.4549004730087743662.1)
                  000148b5    00000005     oled_ui.o (.rodata.str1.4581472623415959594.1)
                  000148ba    00000005     oled_ui.o (.rodata.str1.4582914374586912483.1)
                  000148bf    00000005     car_controller.o (.rodata.str1.4850163232891874878.1)
                  000148c4    00000005     menu.o (.rodata.str1.4862307748908978627.1)
                  000148c9    00000005     oled_ui.o (.rodata.str1.4932371652560868037.1)
                  000148ce    00000005     oled_ui.o (.rodata.str1.5004483696121082904.1)
                  000148d3    00000005     app.o (.rodata.str1.5135238925662358659.1)
                  000148d8    00000005     app.o (.rodata.str1.5950367083599167409.1)
                  000148dd    00000005     oled_ui.o (.rodata.str1.5965450730569173784.1)
                  000148e2    00000005     fault.o (.rodata.str1.6372787129294360447.1)
                  000148e7    00000005     fault.o (.rodata.str1.6437946768974223044.1)
                  000148ec    00000005     oled_ui.o (.rodata.str1.6806727740681590176.1)
                  000148f1    00000005     app.o (.rodata.str1.6810515665389614968.1)
                  000148f6    00000005     app.o (.rodata.str1.6937253152838018734.1)
                  000148fb    00000005     oled_ui.o (.rodata.str1.6954814719705590448.1)
                  00014900    00000005     car_controller.o (.rodata.str1.702403006289709404.1)
                  00014905    00000005     app.o (.rodata.str1.7228600276961548272.1)
                  0001490a    00000005     vision_yaw_tuning.o (.rodata.str1.7764041101441114269.1)
                  0001490f    00000005     oled_ui.o (.rodata.str1.7774807581888385879.1)
                  00014914    00000005     oled_ui.o (.rodata.str1.8124536758062367015.1)
                  00014919    00000005     app.o (.rodata.str1.8149634197813164057.1)
                  0001491e    00000005     fault.o (.rodata.str1.8185770893384132067.1)
                  00014923    00000005     app.o (.rodata.str1.8214673950224663419.1)
                  00014928    00000005     car_state.o (.rodata.str1.8223341253983108753.1)
                  0001492d    00000005     oled_ui.o (.rodata.str1.8426569189266129334.1)
                  00014932    00000005     oled_ui.o (.rodata.str1.8471462185882660445.1)
                  00014937    00000005     app.o (.rodata.str1.8682387830711593804.1)
                  0001493c    00000005     oled_ui.o (.rodata.str1.8693388333057100694.1)
                  00014941    00000005     car_state.o (.rodata.str1.8698975129455933903.1)
                  00014946    00000005     oled_ui.o (.rodata.str1.8709745090823444516.1)
                  0001494b    00000005     app.o (.rodata.str1.9222971948914276833.1)
                  00014950    00000005     oled_ui.o (.rodata.str1.9611283282870761829.1)
                  00014955    00000005     oled_ui.o (.rodata.str1.9822857334037886482.1)
                  0001495a    00000005     car_controller.o (.rodata.str1.9981487771679760427.1)
                  0001495f    00000004     app.o (.rodata.str1.10450196737795524526.1)
                  00014963    00000004     oled_ui.o (.rodata.str1.10509309789429088155.1)
                  00014967    00000004     oled_ui.o (.rodata.str1.10568433575767188072.1)
                  0001496b    00000004     oled_ui.o (.rodata.str1.11428648044669318875.1)
                  0001496f    00000004     app.o (.rodata.str1.1201226133333828823.1)
                  00014973    00000004     oled_ui.o (.rodata.str1.12182588061437138428.1)
                  00014977    00000004     car_controller.o (.rodata.str1.12661897076542654461.1)
                  0001497b    00000004     oled_ui.o (.rodata.str1.12697925274637991987.1)
                  0001497f    00000004     oled_ui.o (.rodata.str1.12928245060369742404.1)
                  00014983    00000004     oled_ui.o (.rodata.str1.13244290092665904221.1)
                  00014987    00000004     oled_ui.o (.rodata.str1.13567883086814673087.1)
                  0001498b    00000004     fault.o (.rodata.str1.13582094816268305212.1)
                  0001498f    00000004     oled_ui.o (.rodata.str1.13790669171379415506.1)
                  00014993    00000004     car_state.o (.rodata.str1.13986535679874659196.1)
                  00014997    00000004     vision_tuning_console.o (.rodata.str1.14084955404328172175.1)
                  0001499b    00000004     oled_ui.o (.rodata.str1.14556837007311414654.1)
                  0001499f    00000004     oled_ui.o (.rodata.str1.14740362735394205067.1)
                  000149a3    00000004     oled_ui.o (.rodata.str1.15008238333949226094.1)
                  000149a7    00000004     app.o (.rodata.str1.16143489755095309550.1)
                  000149ab    00000004     oled_ui.o (.rodata.str1.16290499236105125126.1)
                  000149af    00000004     menu.o (.rodata.str1.16312125044762562515.1)
                  000149b3    00000004     fault.o (.rodata.str1.16482347271627360806.1)
                  000149b7    00000004     oled_ui.o (.rodata.str1.16554583589798097927.1)
                  000149bb    00000004     vision_pitch_tuning.o (.rodata.str1.16579632732967443104.1)
                  000149bf    00000004     oled_ui.o (.rodata.str1.16635595130967924751.1)
                  000149c3    00000004     oled_ui.o (.rodata.str1.16849766574302683489.1)
                  000149c7    00000004     oled_ui.o (.rodata.str1.16895433903389883335.1)
                  000149cb    00000004     oled_ui.o (.rodata.str1.16931641404301806744.1)
                  000149cf    00000004     menu.o (.rodata.str1.17041139162815566052.1)
                  000149d3    00000004     car_controller.o (.rodata.str1.17172356789460551389.1)
                  000149d7    00000004     oled_ui.o (.rodata.str1.17274519358952562110.1)
                  000149db    00000004     oled_ui.o (.rodata.str1.17763087492223448992.1)
                  000149df    00000004     car_controller.o (.rodata.str1.18191498530309206443.1)
                  000149e3    00000004     oled_ui.o (.rodata.str1.18266126048138325213.1)
                  000149e7    00000004     oled_ui.o (.rodata.str1.18379317056176403938.1)
                  000149eb    00000004     oled_ui.o (.rodata.str1.2742282290834473644.1)
                  000149ef    00000004     oled_ui.o (.rodata.str1.2983744876309220570.1)
                  000149f3    00000004     oled_ui.o (.rodata.str1.3407221357956504873.1)
                  000149f7    00000004     app.o (.rodata.str1.3437893941128827834.1)
                  000149fb    00000004     oled_ui.o (.rodata.str1.3467953211977455017.1)
                  000149ff    00000004     car_state.o (.rodata.str1.3601627812925153765.1)
                  00014a03    00000004     oled_ui.o (.rodata.str1.3702290527496711532.1)
                  00014a07    00000004     oled_ui.o (.rodata.str1.4581686099848791648.1)
                  00014a0b    00000004     menu.o (.rodata.str1.4646809750356241979.1)
                  00014a0f    00000004     oled_ui.o (.rodata.str1.5853739094453432564.1)
                  00014a13    00000004     oled_ui.o (.rodata.str1.7185587941321649510.1)
                  00014a17    00000004     oled_ui.o (.rodata.str1.7219546930854689545.1)
                  00014a1b    00000004     fault.o (.rodata.str1.7255546073596598018.1)
                  00014a1f    00000004     oled_ui.o (.rodata.str1.7419768602719733415.1)
                  00014a23    00000004     app.o (.rodata.str1.7550388926703112983.1)
                  00014a27    00000004     oled_ui.o (.rodata.str1.8018480777946742726.1)
                  00014a2b    00000004     oled_ui.o (.rodata.str1.8236579331345056500.1)
                  00014a2f    00000004     oled_ui.o (.rodata.str1.8399051469953744892.1)
                  00014a33    00000004     oled_ui.o (.rodata.str1.8403269972884532600.1)
                  00014a37    00000004     oled_ui.o (.rodata.str1.8460525935980491721.1)
                  00014a3b    00000004     app.o (.rodata.str1.8524103983287916360.1)
                  00014a3f    00000004     oled_ui.o (.rodata.str1.9102528229756940648.1)
                  00014a43    00000004     oled_ui.o (.rodata.str1.9159586779647977165.1)
                  00014a47    00000004     oled_ui.o (.rodata.str1.9229350655415085.1)
                  00014a4b    00000004     car_controller.o (.rodata.str1.9234375891235759983.1)
                  00014a4f    00000004     vision_tuning_console.o (.rodata.str1.9292707793305368794.1)
                  00014a53    00000004     oled_ui.o (.rodata.str1.9295666102996717355.1)
                  00014a57    00000004     vision_yaw_tuning.o (.rodata.str1.9489746196023004463.1)
                  00014a5b    00000004     menu.o (.rodata.str1.9546740394641817443.1)
                  00014a5f    00000004     oled_ui.o (.rodata.str1.9584387800903135389.1)
                  00014a63    00000004     oled_ui.o (.rodata.str1.967006512144173535.1)
                  00014a67    00000004     oled_ui.o (.rodata.str1.9854382722193312766.1)
                  00014a6b    00000003     vision_pitch_tuning.o (.rodata.str1.10553819018306626402.1)
                  00014a6e    00000003     oled_ui.o (.rodata.str1.1108652269057166745.1)
                  00014a71    00000003     oled_ui.o (.rodata.str1.12043213579996415112.1)
                  00014a74    00000003     menu.o (.rodata.str1.12110183915172842339.1)
                  00014a77    00000003     vision_tuning_console.o (.rodata.str1.12197883643583142124.1)
                  00014a7a    00000003     app.o (.rodata.str1.12497096898470556516.1)
                  00014a7d    00000003     oled_ui.o (.rodata.str1.12983537867572525563.1)
                  00014a80    00000003     menu.o (.rodata.str1.13124720451672825294.1)
                  00014a83    00000003     oled_ui.o (.rodata.str1.13871579367539052597.1)
                  00014a86    00000003     menu.o (.rodata.str1.14098755746347272832.1)
                  00014a89    00000003     oled_ui.o (.rodata.str1.14134189893851348960.1)
                  00014a8c    00000003     app.o (.rodata.str1.14141965288680528547.1)
                  00014a8f    00000003     oled_ui.o (.rodata.str1.14358698208395374265.1)
                  00014a92    00000003     oled_ui.o (.rodata.str1.14521350379984854626.1)
                  00014a95    00000003     vision_pitch_tuning.o (.rodata.str1.15082469624955958926.1)
                  00014a98    00000003     vision_yaw_tuning.o (.rodata.str1.15455206247194842411.1)
                  00014a9b    00000003     oled_ui.o (.rodata.str1.15859922799842739878.1)
                  00014a9e    00000003     oled_ui.o (.rodata.str1.15935041339501476673.1)
                  00014aa1    00000003     vision_tuning_console.o (.rodata.str1.16336339630363933256.1)
                  00014aa4    00000003     vision_pitch_tuning.o (.rodata.str1.17185918124541117546.1)
                  00014aa7    00000003     oled_ui.o (.rodata.str1.17812014771544466701.1)
                  00014aaa    00000003     vision_pitch_tuning.o (.rodata.str1.18308346119964257230.1)
                  00014aad    00000003     oled_ui.o (.rodata.str1.2193316011307952170.1)
                  00014ab0    00000003     vision_pitch_tuning.o (.rodata.str1.2353024170771920291.1)
                  00014ab3    00000003     oled_ui.o (.rodata.str1.2603845803395459882.1)
                  00014ab6    00000003     oled_ui.o (.rodata.str1.2656948373757303877.1)
                  00014ab9    00000003     app.o (.rodata.str1.3926683289694998730.1)
                  00014abc    00000003     vision_yaw_tuning.o (.rodata.str1.4032468970572441659.1)
                  00014abf    00000003     oled_ui.o (.rodata.str1.4402311448527872260.1)
                  00014ac2    00000003     app.o (.rodata.str1.5290328808575308624.1)
                  00014ac5    00000003     vision_yaw_tuning.o (.rodata.str1.6393086909333857079.1)
                  00014ac8    00000003     vision_yaw_tuning.o (.rodata.str1.6657421771701333087.1)
                  00014acb    00000003     menu.o (.rodata.str1.6857549598058878762.1)
                  00014ace    00000003     fault.o (.rodata.str1.8193046109637024842.1)
                  00014ad1    00000003     app.o (.rodata.str1.8900468877210241818.1)
                  00014ad4    00000003     oled_ui.o (.rodata.str1.8950259614286592359.1)
                  00014ad7    00000003     oled_ui.o (.rodata.str1.9646571805098343045.1)
                  00014ada    00000002     ti_msp_dl_config.o (.rodata.gUART_VISIONClockConfig)
                  00014adc    00000002     oled_ui.o (.rodata.str1.3025253791635144717.1)
                  00014ade    00000002     --HOLE-- [fill = 0]

.init_array 
*          0    00000000    00000000     UNINITIALIZED

.binit     0    00000000    00000000     

.bss       0    20200000    0000148c     UNINITIALIZED
                  20200000    00000400     oled.o (.bss.g_oledFrame)
                  20200400    00000200     vision_receiver.o (.bss.g_ring)
                  20200600    000001d0     runtime_snapshot.o (.bss.g_snapshot)
                  202007d0    00000194     app.o (.bss.g_remoteCommandCache)
                  20200964    00000110     (.common:g_appConfig)
                  20200a74    00000100     vision_tuning_console.o (.bss.g_rxRing)
                  20200b74    00000100     bluetooth_uart.o (.bss.g_txRing)
                  20200c74    00000100     vision_tuning_console.o (.bss.g_txRing)
                  20200d74    00000084     (.common:g_imuRuntime)
                  20200df8    00000080     bluetooth_uart.o (.bss.g_rxRing)
                  20200e78    0000007c     motor_control.o (.bss.g_runtime)
                  20200ef4    00000070     (.common:g_appRuntime)
                  20200f64    00000058     vision_receiver.o (.bss.g_status)
                  20200fbc    00000004     imu.o (.bss.g_elapsedSinceValidSampleMs)
                  20200fc0    00000058     (.common:g_wheelSpeedEstimatorRuntime)
                  20201018    00000040     gimbal.o (.bss.g_feedback)
                  20201058    00000040     vision_tuning_console.o (.bss.g_line)
                  20201098    00000040     line_controller.o (.bss.g_lineRuntime)
                  202010d8    00000040     app.o (.bss.g_remoteDispatchPayload)
                  20201118    00000040     app.o (.bss.g_remoteLine)
                  20201158    00000030     mission_manager.o (.bss.g_transientActions)
                  20201188    00000030     (.common:gUART_VISIONBackup)
                  202011b8    0000002c     vision_receiver.o (.bss.g_observation)
                  202011e4    0000002c     empty.o (.bss.g_schedulerStats)
                  20201210    00000028     vision_receiver.o (.bss.g_frame)
                  20201238    00000020     bluetooth_uart.o (.bss.g_runtime)
                  20201258    0000001c     mission_manager.o (.bss.g_missionRuntime)
                  20201274    0000001c     (.common:g_headingRuntime)
                  20201290    00000018     obstacle_avoidance.o (.bss.g_avoidFeedback)
                  202012a8    00000018     gimbal_stepper.o (.bss.g_feedback)
                  202012c0    00000018     vision_pitch_tuning.o (.bss.g_status)
                  202012d8    00000018     vision_tuning_console.o (.bss.g_status)
                  202012f0    00000014     motion_action.o (.bss.g_motionActionRuntime)
                  20201304    00000004     debug_telemetry.o (.bss.g_lastFrameMs)
                  20201308    00000014     vision_yaw_tuning.o (.bss.g_status)
                  2020131c    00000014     watchdog_monitor.o (.bss.g_status)
                  20201330    00000010     fault.o (.bss.g_faultRecord)
                  20201340    00000010     motor.o (.bss.g_motorRuntime)
                  20201350    00000010     mission_manager.o (.bss.g_transientDefinition)
                  20201360    0000000e     car_controller.o (.bss.g_carControllerFeedback)
                  2020136e    00000002     ultrasonic.o (.bss.g_echoTicks)
                  20201370    0000000e     ultrasonic.o (.bss.g_ultrasonicFeedback)
                  2020137e    00000002     app.o (.bss.g_remoteLastErrorCode)
                  20201380    0000000c     magnet.o (.bss.g_runtime)
                  2020138c    0000000c     debug_telemetry.o (.bss.g_status)
                  20201398    00000008     obstacle_monitor.o (.bss.g_obstacleFeedback)
                  202013a0    00000008     app.o (.bss.g_remoteDispatchCommand)
                  202013a8    00000008     gimbal.o (.bss.g_yawContinuousDegX10)
                  202013b0    00000008     gimbal.o (.bss.g_yawLockedWorldYawDegX10)
                  202013b8    00000008     gimbal.o (.bss.g_yawTargetContinuousDegX10)
                  202013c0    00000008     gimbal.o (.bss.g_yawWorldTargetDegX10)
                  202013c8    00000008     gimbal.o (.bss.g_yawWrappedDegX10)
                  202013d0    00000006     ultrasonic.o (.bss.g_distanceSamples)
                  202013d6    00000006     key.o (.bss.g_key1)
                  202013dc    00000006     key.o (.bss.g_key2)
                  202013e2    00000006     key.o (.bss.g_key3)
                  202013e8    00000004     watchdog_monitor.o (.bss.g_lastTickMs)
                  202013ec    00000004     wheel_speed_estimator.o (.bss.g_latchedErrorFlags)
                  202013f0    00000004     empty.o (.bss.g_localTimeMs)
                  202013f4    00000004     encoder.o (.bss.g_motorAPulses)
                  202013f8    00000004     encoder.o (.bss.g_motorBPulses)
                  202013fc    00000004     imu.o (.bss.g_previousValidCorrectedGyroZDps)
                  20201400    00000004     app.o (.bss.g_remoteActionId)
                  20201404    00000004     app.o (.bss.g_remoteActionSequence)
                  20201408    00000004     app.o (.bss.g_remoteActionStartMs)
                  2020140c    00000004     app.o (.bss.g_remoteDispatchSequence)
                  20201410    00000004     app.o (.bss.g_remoteLastActionId)
                  20201414    00000004     app.o (.bss.g_remoteLastContactMs)
                  20201418    00000004     app.o (.bss.g_remoteLastDurationMs)
                  2020141c    00000004     app.o (.bss.g_remoteLineLastByteMs)
                  20201420    00000004     app.o (.bss.g_remoteLinkTimeoutCount)
                  20201424    00000004     mission_manager.o (.bss.g_selectedDefinition)
                  20201428    00000004     servo.o (.bss.g_servoFeedback)
                  2020142c    00000004     gimbal.o (.bss.g_yawCommandedRpm)
                  20201430    00000004     gimbal.o (.bss.g_yawTargetRpm)
                  20201434    00000004     empty.o (.bss.main.lastAppUpdateMs)
                  20201438    00000002     vision_receiver.o (.bss.g_ringHead)
                  2020143a    00000002     vision_receiver.o (.bss.g_ringTail)
                  2020143c    00000002     bluetooth_uart.o (.bss.g_rxHead)
                  2020143e    00000002     vision_tuning_console.o (.bss.g_rxHead)
                  20201440    00000002     bluetooth_uart.o (.bss.g_rxTail)
                  20201442    00000002     vision_tuning_console.o (.bss.g_rxTail)
                  20201444    00000002     servo.o (.bss.g_servoPwmPhase)
                  20201446    00000002     ultrasonic.o (.bss.g_stateTicks)
                  20201448    00000002     bluetooth_uart.o (.bss.g_txHead)
                  2020144a    00000002     vision_tuning_console.o (.bss.g_txHead)
                  2020144c    00000002     bluetooth_uart.o (.bss.g_txTail)
                  2020144e    00000002     vision_tuning_console.o (.bss.g_txTail)
                  20201450    00000002     (.common:g_trackError)
                  20201452    00000001     oled_ui.o (.bss.OledUi_Update_20ms.flushRow)
                  20201453    00000001     oled_ui.o (.bss.OledUi_Update_20ms.refreshDivider)
                  20201454    00000001     empty.o (.bss.SysTick_Handler.controlMsCount)
                  20201455    00000001     empty.o (.bss.SysTick_Handler.tick100usCount)
                  20201456    00000001     ultrasonic.o (.bss.Ultrasonic_Update_20ms.triggerDivider)
                  20201457    00000001     empty.o (.bss.g_appUpdatePending)
                  20201458    00000001     vision_tuning_console.o (.bss.g_capturing)
                  20201459    00000001     car_state.o (.bss.g_carState)
                  2020145a    00000001     obstacle_monitor.o (.bss.g_centerSettleTicks)
                  2020145b    00000001     vision_tuning_console.o (.bss.g_commandTarget)
                  2020145c    00000001     ultrasonic.o (.bss.g_distanceSampleCount)
                  2020145d    00000001     ultrasonic.o (.bss.g_distanceSampleIndex)
                  2020145e    00000001     emergency_stop.o (.bss.g_emergencyStopActive)
                  2020145f    00000001     watchdog_monitor.o (.bss.g_faultApplied)
                  20201460    00000001     watchdog_monitor.o (.bss.g_faultPending)
                  20201461    00000001     vision_receiver.o (.bss.g_frameSize)
                  20201462    00000001     imu.o (.bss.g_integrationHistoryValid)
                  20201463    00000001     wheel_speed_estimator.o (.bss.g_leftFilterInitialized)
                  20201464    00000001     vision_tuning_console.o (.bss.g_lineSize)
                  20201465    00000001     obstacle_safety.o (.bss.g_obstacleSafetyHolding)
                  20201466    00000001     oled.o (.bss.g_oledColumn)
                  20201467    00000001     menu.o (.bss.g_oledPage)
                  20201468    00000001     oled.o (.bss.g_oledPage)
                  20201469    00000001     encoder.o (.bss.g_overflowFlags)
                  2020146a    00000001     menu.o (.bss.g_paramItem)
                  2020146b    00000001     menu.o (.bss.g_paramReturnPage)
                  2020146c    00000001     key.o (.bss.g_pendingEvent)
                  2020146d    00000001     vision_tuning_console.o (.bss.g_prefixIndex)
                  2020146e    00000001     vision_tuning_console.o (.bss.g_prefixTarget)
                  2020146f    00000001     app.o (.bss.g_remoteAction)
                  20201470    00000001     app.o (.bss.g_remoteActionSequenced)
                  20201471    00000001     app.o (.bss.g_remoteDiscardInvalid)
                  20201472    00000001     app.o (.bss.g_remoteDiscardLine)
                  20201473    00000001     app.o (.bss.g_remoteLastAction)
                  20201474    00000001     app.o (.bss.g_remoteLastResult)
                  20201475    00000001     app.o (.bss.g_remoteLineLength)
                  20201476    00000001     app.o (.bss.g_remoteLinkLost)
                  20201477    00000001     app.o (.bss.g_remoteSequenceDispatch)
                  20201478    00000001     mission_manager.o (.bss.g_resumeCurrentAction)
                  20201479    00000001     wheel_speed_estimator.o (.bss.g_rightFilterInitialized)
                  2020147a    00000001     car_controller.o (.bss.g_safetyHold)
                  2020147b    00000001     imu.o (.bss.g_shortGapPending)
                  2020147c    00000001     motor_control.o (.bss.g_targetRefreshed)
                  2020147d    00000001     mission_manager.o (.bss.g_transientActionActive)
                  2020147e    00000001     ultrasonic.o (.bss.g_triggerRequest)
                  2020147f    00000001     ultrasonic.o (.bss.g_ultrasonicState)
                  20201480    00000001     gimbal.o (.bss.g_yawLimitClamped)
                  20201481    00000001     gimbal.o (.bss.g_yawLimitDirection)
                  20201482    00000001     gimbal.o (.bss.g_yawPositionValid)
                  20201483    00000001     gimbal.o (.bss.g_yawWorldLockEnabled)
                  20201484    00000001     (.common:g_carStateDebug)
                  20201485    00000001     (.common:g_keyEvent)
                  20201486    00000001     (.common:g_oledPageDebug)
                  20201487    00000001     (.common:g_paramItemDebug)
                  20201488    00000001     (.common:g_trackBlackCount)
                  20201489    00000001     (.common:g_trackModeDebug)
                  2020148a    00000001     (.common:g_trackRaw)
                  2020148b    00000001     (.common:g_trackTurnDebug)

.data      0    2020148c    00000006     UNINITIALIZED
                  2020148c    00000004     app.o (.data.g_remoteNextActionId)
                  20201490    00000001     car_controller.o (.data.g_followTurnPolicy)
                  20201491    00000001     app.o (.data.g_remoteGear)

.stack     0    20207e00    00000200     UNINITIALIZED
                  20207e00    00000004     libc.a : boot_cortex_m.c.obj (.stack)
                  20207e04    000001fc     --HOLE--

__llvm_prf_cnts 
*          0    20200000    00000000     UNINITIALIZED

__llvm_prf_bits 
*          0    20200000    00000000     UNINITIALIZED

MODULE SUMMARY

       Module                         code    ro data   rw data
       ------                         ----    -------   -------
    .\
       app.o                          21012   758       602    
       oled_ui.o                      11476   698       2      
       vision_tuning_console.o        9616    102       613    
       imu.o                          5156    0         142    
       car_controller.o               4436    92        128    
       oled.o                         2006    406       1026   
       motor_control.o                2768    0         125    
       app_config.o                   2156    0         272    
       line_controller.o              2196    0         64     
       mission_manager.o              1672    7         98     
       vision_receiver.o              1072    0         689    
       bluetooth_uart.o               1318    0         424    
       runtime_snapshot.o             1212    0         464    
       motion_action.o                1400    5         20     
       wheel_speed_estimator.o        1292    0         94     
       menu.o                         1176    65        3      
       gimbal.o                       896     0         116    
       mission_library.o              560     389       0      
       ti_msp_dl_config.o             788     35        48     
       motor.o                        776     0         16     
       vision_protocol.o              732     0         0      
       ultrasonic.o                   596     0         29     
       empty.o                        408     0         55     
       key.o                          436     0         19     
       fault.o                        312     65        16     
       track_sensor.o                 372     0         0      
       heading_control.o              340     0         28     
       watchdog_monitor.o             308     0         26     
       vision_pitch_tuning.o          260     48        24     
       vision_yaw_tuning.o            248     41        20     
       encoder.o                      276     0         9      
       obstacle_safety.o              272     0         1      
       obstacle_monitor.o             192     0         9      
       startup_mspm0g350x_ticlang.o   6       192       0      
       angle_utils.o                  192     0         0      
       emergency_stop.o               188     0         1      
       magnet.o                       176     0         12     
       servo.o                        176     0         6      
       vision_uart.o                  164     0         0      
       car_state.o                    60      54        1      
       obstacle_avoidance.o           62      0         24     
       debug_telemetry.o              56      0         16     
       gimbal_stepper.o               8       0         24     
    +--+------------------------------+-------+---------+---------+
       Total:                         78824   2957      5266   
                                                               
    C:/TI/mspm0_sdk_2_05_01_00/source/ti/driverlib/lib/ticlang/m0p/mspm0g1x0x_g3x0x/driverlib.a
       dl_timer.o                     388     0         0      
       dl_uart.o                      90      0         0      
       dl_common.o                    10      0         0      
    +--+------------------------------+-------+---------+---------+
       Total:                         488     0         0      
                                                               
    D:\TI\CCS\ccs\tools\compiler\ti-cgt-armllvm_4.0.4.LTS\lib\armv6m-ti-none-eabi/c/libc.a
       memcpy16.S.obj                 154     0         0      
       strcmp-armv6m.S.obj            136     0         0      
       copy_decompress_lzss.c.obj     124     0         0      
       memset16.S.obj                 98      0         0      
       autoinit.c.obj                 60      0         0      
       boot_cortex_m.c.obj            40      0         0      
       memmov.c.obj                   40      0         0      
       memcmp.c.obj                   32      0         0      
       copy_decompress_none.c.obj     18      0         0      
       copy_zero_init.c.obj           16      0         0      
       exit.c.obj                     6       0         0      
       pre_init.c.obj                 4       0         0      
    +--+------------------------------+-------+---------+---------+
       Total:                         728     0         0      
                                                               
    D:\TI\CCS\ccs\tools\compiler\ti-cgt-armllvm_4.0.4.LTS\lib\armv6m-ti-none-eabi/c/libsysbm.a
       hostexit.c.obj                 4       0         0      
    +--+------------------------------+-------+---------+---------+
       Total:                         4       0         0      
                                                               
    D:\TI\CCS\ccs\tools\compiler\ti-cgt-armllvm_4.0.4.LTS\lib\armv6m-ti-none-eabi/libclang_rt.builtins.a
       addsf3.S.obj                   216     0         0      
       udivmoddi4.S.obj               162     0         0      
       comparesf2.S.obj               140     0         0      
       mulsf3.S.obj                   140     0         0      
       divsf3.S.obj                   130     0         0      
       aeabi_fcmp.S.obj               98      0         0      
       fixsfdi.S.obj                  96      0         0      
       aeabi_idivmod.S.obj            86      0         0      
       floatdisf.S.obj                78      0         0      
       aeabi_uidivmod.S.obj           64      0         0      
       divmoddi4.c.obj                62      0         0      
       floatsisf.S.obj                60      0         0      
       muldsi3.S.obj                  58      0         0      
       fixsfsi.S.obj                  56      0         0      
       fixunssfsi.S.obj               50      0         0      
       floatunsisf.S.obj              40      0         0      
       muldi3.S.obj                   36      0         0      
       ashldi3.S.obj                  30      0         0      
       aeabi_ldivmod.S.obj            20      0         0      
       aeabi_uldivmod.S.obj           20      0         0      
       aeabi_memset.S.obj             12      0         0      
       aeabi_memcpy.S.obj             8       0         0      
       aeabi_memmove.S.obj            8       0         0      
       aeabi_div0.c.obj               4       0         0      
    +--+------------------------------+-------+---------+---------+
       Total:                         1674    0         0      
                                                               
       Stack:                         0       0         512    
       Linker Generated:              0       44        0      
    +--+------------------------------+-------+---------+---------+
       Grand Total:                   81718   3001      5778   


LINKER GENERATED COPY TABLES

__TI_cinit_table @ 00014afc records: 2, size/record: 8, table size: 16
	.bss: load addr=00014aec, load size=00000008 bytes, run addr=20200000, run size=0000148c bytes, compression=zero_init
	.data: load addr=00014af4, load size=00000008 bytes, run addr=2020148c, run size=00000006 bytes, compression=lzss


LINKER GENERATED HANDLER TABLE

__TI_handler_table @ 00014ae0 records: 3, size/record: 4, table size: 12
	index: 0, handler: __TI_decompress_lzss
[...]
20201486  g_oledPageDebug                           
20201487  g_paramItemDebug                          
20201488  g_trackBlackCount                         
20201450  g_trackError                              
20201489  g_trackModeDebug                          
2020148a  g_trackRaw                                
2020148b  g_trackTurnDebug                          
20200fc0  g_wheelSpeedEstimatorRuntime              
00000000  interruptVectors                          
00010c85  main                                      
00013a11  memcmp                                    
00011941  memcpy                                    
00013849  memmove                                   
0001271f  memset                                    
00011e61  strcmp                                    


GLOBAL SYMBOLS: SORTED BY Symbol Address 

address   name                                      
-------   ----                                      
00000000  __TI_ATRegion0_region_sz                  
00000000  __TI_ATRegion0_src_addr                   
00000000  __TI_ATRegion0_trg_addr                   
00000000  __TI_ATRegion1_region_sz                  
00000000  __TI_ATRegion1_src_addr                   
00000000  __TI_ATRegion1_trg_addr                   
00000000  __TI_ATRegion2_region_sz                  
00000000  __TI_ATRegion2_src_addr                   
00000000  __TI_ATRegion2_trg_addr                   
00000000  __TI_static_base__                        
00000000  interruptVectors                          
000000c1  OledUi_Update_20ms                        
00000200  __STACK_SIZE                              
00004b7d  VisionTuningConsole_Process               
00006951  App_Update_20ms                           
000083fd  AppConfig_LimitAll                        
00008a49  Imu_CalibrateGyroBias                     
00008ff5  LineController_Update                     
00009519  RuntimeSnapshot_Update                    
0000a22d  WheelSpeedEstimator_Update                
0000aa39  Imu_Update                                
0000ae19  VisionReceiver_Process                    
0000b579  Imu_Init                                  
0000c825  MotionAction_Update_20ms                  
0000cad5  MotorControl_Update                       
0000d219  AppConfig_InitDefault                     
0000da79  Motor_SetSpeed                            
0000dc7d  VisionProtocol_ParseV1TargetFrame         
0000de71  BluetoothUart_TryWriteBuffer              
0000e245  MissionLibrary_Validate                   
0000e979  Ultrasonic_Tick100us                      
0000eb19  CarController_StartDriveDistanceAtYaw     
0000ecb5  CarController_Update_20ms                 
0000ee45  Key_Update_20ms                           
0000efb9  OLED_FlushPage                            
0000f129  OLED_PrintInt16                           
0000f545  App_Init                                  
0000f691  BluetoothUart_Process                     
0000f7dd  Menu_HandleKeyEvent                       
0000fa49  LineController_Reset                      
0000fb71  MissionManager_Update_20ms                
0000fc99  OLED_Init                                 
00010111  LineController_ResetControlState          
0001021d  DL_Timer_initFourCCPWMMode                
00010321  LineController_Init                       
00010425  MotorControl_SetNormalizedTarget          
00010525  MissionManager_SelectNext                 
0001071d  HeadingControl_Update                     
00010809  MissionManager_SelectPrevious             
000108f1  ObstacleSafety_Update_20ms                
00010ac1  UART1_IRQHandler                          
00010ba5  WheelSpeedEstimator_Init                  
00010c85  main                                      
00010d65  SYSCFG_DL_GPIO_init                       
00010e41  OLED_PrintUInt16                          
00010f19  __aeabi_fsub                              
00010f19  __subsf3                                  
00010f23  __addsf3                                  
00010f23  __aeabi_fadd                              
00010ff1  CarController_StartDriveDistance          
00011195  FaultCode_ToShortString                   
0001125d  Angle_Normalize180                        
000113dd  CarController_ResetRuntime                
00011499  Menu_GetParamValue                        
00011555  MissionManager_StartTransientAction       
00011611  App_ResetToReady                          
000116bd  Encoder_HandleGpioInterrupt               
00011761  __udivmoddi4                              
00011803  ADC0_IRQHandler                           
00011803  ADC1_IRQHandler                           
00011803  AES_IRQHandler                            
00011803  CANFD0_IRQHandler                         
00011803  DAC0_IRQHandler                           
00011803  DMA_IRQHandler                            
00011803  Default_Handler                           
00011803  GROUP0_IRQHandler                         
00011803  HardFault_Handler                         
00011803  I2C0_IRQHandler                           
00011803  I2C1_IRQHandler                           
00011803  NMI_Handler                               
00011803  PendSV_Handler                            
00011803  RTC_IRQHandler                            
00011803  SPI0_IRQHandler                           
00011803  SPI1_IRQHandler                           
00011803  SVC_Handler                               
00011803  TIMA0_IRQHandler                          
00011803  TIMA1_IRQHandler                          
00011803  TIMG0_IRQHandler                          
00011803  TIMG12_IRQHandler                         
00011803  TIMG6_IRQHandler                          
00011803  TIMG7_IRQHandler                          
00011803  TIMG8_IRQHandler                          
00011803  UART0_IRQHandler                          
00011803  UART2_IRQHandler                          
000118a5  ObstacleMonitor_Update_20ms               
00011941  memcpy                                    
000119db  ObstacleAvoidance_Update_20ms             
000119dd  BluetoothUart_Init                        
00011b0d  CarController_StartTurnToYawRelative      
00011ba1  CarController_ResetTransientState         
00011c31  SYSCFG_DL_PWM_MOTOR_init                  
00011cbd  SYSCFG_DL_UART_BLUETOOTH_init             
00011d49  __aeabi_fmul                              
00011d49  __mulsf3                                  
00011e61  strcmp                                    
00011ee9  CarController_SetSafetyHold               
00011f6d  Motor_Init                                
00011ff1  __aeabi_fdiv                              
00011ff1  __divsf3                                  
00012073  TrackSensor_Init                          
00012075  CarController_StartDriveHeading           
000120f5  Motor_Stop                                
00012175  VisionPitchTuning_Set                     
000121f1  __TI_decompress_lzss                      
0001226d  SysTick_Handler                           
000123d1  SYSCFG_DL_UART_VISION_init                
00012441  VisionYawTuning_Set                       
000124b1  TrackSensor_DetectTurn                    
0001251f  __aeabi_idiv0                             
00012521  MissionManager_GetSelectedMissionIndex    
000125f1  TrackSensor_GetErrorFromRaw               
00012657  __aeabi_ldiv0                             
00012659  MissionManager_Start                      
000126bd  __aeabi_fcmpeq                            
000126d1  __aeabi_fcmplt                            
000126e5  __aeabi_fcmple                            
000126f9  __aeabi_fcmpge                            
0001270d  __aeabi_fcmpgt                            
0001271f  memset                                    
00012781  VisionTuningConsole_Init                  
000127e1  __aeabi_f2lz                              
000127e1  __fixsfdi                                 
00012841  Magnet_Set                                
0001289d  UART3_IRQHandler                          
000128f9  Ultrasonic_Update_20ms                    
000129b1  MissionManager_Init                       
00012a09  OLED_PrintChar                            
00012ab9  __aeabi_idiv                              
00012ab9  __aeabi_idivmod                           
00012b11  CarController_Stop                        
00012b65  TrackSensor_ReadRaw                       
00012bb9  WatchdogMonitor_ApplyFaultIfNeeded        
00012c61  Ultrasonic_Init                           
00012cb1  WatchdogMonitor_Tick1msFromIsr            
00012d01  __aeabi_l2f                               
00012d01  __floatdisf                               
00012d51  MotorControl_Stop                         
00012d9d  DL_UART_init                              
00012de5  MissionManager_Cancel                     
00012e2d  SYSCFG_DL_initPower                       
00012e75  CarController_StartFollowLine             
00012eb9  EmergencyStop_Reset                       
00012efd  Encoder_GetAndClearPulseDeltas            
00012f41  Imu_ResetYaw                              
00012f85  MissionManager_Reset                      
00012fc9  Servo_Tick100us                           
0001300d  CarController_ResumeFollowLine            
0001304d  Fault_Raise                               
0001308d  SYSCFG_DL_SYSCTL_init                     
000130cd  VisionReceiver_PushByteFromIsr            
0001310d  __aeabi_uidiv                             
0001310d  __aeabi_uidivmod                          
0001314d  __divmoddi4                               
0001318d  MissionManager_Resume                     
000131c9  Servo_SetAngleDeg                         
00013205  VisionTuningConsole_PushByteFromIsr       
00013241  __aeabi_i2f                               
00013241  __floatsisf                               
0001327d  __gesf2                                   
0001327d  __gtsf2                                   
000132b9  __TI_auto_init_nobinit_nopinit            
000132f5  __cmpsf2                                  
000132f5  __eqsf2                                   
000132f5  __lesf2                                   
000132f5  __ltsf2                                   
000132f5  __nesf2                                   
00013331  __muldsi3                                 
0001336d  EmergencyStop_Trigger                     
000133a5  VisionReceiver_Init                       
000133dd  __aeabi_f2iz                              
000133dd  __fixsfsi                                 
00013415  BluetoothUart_TryWriteString              
0001344d  BluetoothUart_TryReadByte                 
00013481  Imu_IsReady                               
000134b5  MissionLibrary_FindById                   
000134e9  VisionTuningConsole_TryPopTxByte          
0001351d  VisionUart_Process                        
00013551  OLED_PrintString                          
00013585  __aeabi_f2uiz                             
00013585  __fixunssfsi                              
000135b9  Key_Init                                  
000135e9  LineController_ObserveSensors             
00013619  VisionPitchTuning_RestoreDefault          
00013649  WatchdogMonitor_Init                      
00013679  WatchdogMonitor_Reset                     
000136a9  Encoder_Reset                             
000136d5  MissionManager_Pause                      
00013701  TrackSensor_CountBlack                    
0001372d  VisionYawTuning_RestoreDefault            
00013759  EmergencyStop_Enforce                     
00013781  Magnet_ForceOff                           
000137a9  SYSCFG_DL_init                            
000137d1  Servo_Init                                
000137f9  VisionPitchTuning_Init                    
00013821  __aeabi_ui2f                              
00013821  __floatunsisf                             
00013849  memmove                                   
00013871  _c_int00_noargs                           
00013899  MissionManager_ReportExternalFailure      
000138bd  MotorControl_Init                         
000138e1  MotorControl_Reset                        
00013905  OLED_ClearBuffer                          
00013929  VisionYawTuning_Init                      
0001394d  __aeabi_lmul                              
0001394d  __muldi3                                  
00013971  DL_Timer_overrideCCPOut                   
00013991  DebugTelemetry_Update                     
000139b1  Magnet_Init                               
000139d1  OLED_SetCursor                            
000139f1  SchedulerMonitor_GetStats                 
00013a11  memcmp                                    
00013a51  __aeabi_llsl                              
00013a51  __ashldi3                                 
00013a71  DL_Timer_setCaptCompUpdateMethod          
00013a8d  DL_Timer_setClockConfig                   
00013aa9  HeadingControl_SetTargetYaw               
00013ac5  Menu_Init                                 
00013ae1  MotionAction_Cancel                       
00013afd  ObstacleMonitor_Init                      
00013b19  ObstacleSafety_Init                       
00013b35  VisionPitchTuning_ParamName               
00013b51  VisionYawTuning_GetSnapshot               
00013b6d  VisionYawTuning_ParamName                 
00013b89  WatchdogMonitor_NotifyControlCycleComplete
00013bc1  CarController_RunModeToString             
00013bd9  CarState_ToString                         
00013bf1  DL_Timer_setCaptureCompareOutCtl          
00013c09  DebugTelemetry_Init                       
00013c21  HeadingControl_Init                       
00013c39  HeadingControl_Reset                      
00013c51  Menu_ParamItemToString                    
00013c69  MotionAction_Init                         
00013c81  ObstacleAvoidance_Init                    
00013c99  RuntimeSnapshot_Init                      
00013cb1  __aeabi_fcmpun                            
00013cb1  __unordsf2                                
00013cc9  Fault_Clear                               
00013cdd  Fault_Init                                
00013cf1  GROUP1_IRQHandler                         
00013d05  HeadingControl_Enable                     
00013d19  MissionLibrary_GetByIndex                 
00013d2d  MissionManager_GetSelectedMissionId       
00013d41  VisionPitchTuning_GetSnapshot             
00013d55  VisionUart_Init                           
00013d69  __aeabi_ldivmod                           
00013d7d  __aeabi_uldivmod                          
00013d91  DL_UART_setClockConfig                    
00013da3  __TI_decompress_none                      
00013db5  DL_Timer_setCaptureCompareValue           
00013dc5  Gimbal_YawGetFeedback                     
00013dd5  Key_GetEvent                              
00013de5  __TI_zero_init                            
00013df5  CarController_GetRunMode                  
00013e01  CarController_Init                        
00013e0d  CarController_IsSafetyHoldActive          
00013e19  CarState_Get                              
00013e25  CarState_Init                             
00013e31  CarState_Set                              
00013e3d  EmergencyStop_Init                        
00013e49  EmergencyStop_IsActive                    
00013e55  Imu_GetCorrectedGyroZDps                  
00013e61  Imu_GetYaw                                
00013e6d  Magnet_IsOn                               
00013e79  Menu_GetPage                              
00013e85  Menu_GetParamItem                         
00013e91  MissionManager_IsExternallyHeld           
00013e9d  MissionManager_IsTransientAction          
00013ea9  MissionManager_SetExternalHold            
00013eb5  ObstacleAvoidance_IsActive                
00013ec1  ObstacleAvoidance_IsFailed                
00013ecd  ObstacleSafety_IsHolding                  
00013ed9  SystemTime_GetMs                          
00013ee5  WatchdogMonitor_HasTripped                
00013ef1  __aeabi_memclr                            
00013ef1  __aeabi_memclr4                           
00013ef1  __aeabi_memclr8                           
00013efd  DL_Common_delayCycles                     
00013f07  MotionAction_Resume                       
00013f11  MotionAction_Start                        
00013f1b  TrackSensor_IsCenterDetected              
00013f25  TrackSensor_IsLineDetected                
00013f2f  TrackSensor_IsLineLost                    
00013f39  BluetoothUart_GetRuntime                  
00013f41  CarController_GetFeedback                 
00013f49  Fault_GetRecord                           
00013f51  GimbalStepper_GetFeedback                 
00013f59  HeadingControl_GetRuntime                 
00013f61  Imu_GetRuntime                            
00013f69  LineController_GetRuntime                 
00013f71  MissionManager_GetMissionCount            
00013f79  MissionManager_GetRuntime                 
00013f81  MotionAction_GetRuntime                   
00013f89  MotorControl_GetRuntime                   
00013f91  ObstacleAvoidance_GetFeedback             
00013f99  ObstacleMonitor_GetFeedback               
00013fa1  OledUi_Init                               
00013fa9  RuntimeSnapshot_Get                       
00013fb1  Servo_GetFeedback                         
00013fb9  Ultrasonic_GetFeedback                    
00013fc1  VisionReceiver_GetStatus                  
00013fc9  VisionTuningConsole_GetStatus             
00013fd1  WatchdogMonitor_GetStatus                 
00013fd9  WheelSpeedEstimator_GetRuntime            
00013fe1  __aeabi_memcpy                            
00013fe1  __aeabi_memcpy4                           
00013fe1  __aeabi_memcpy8                           
00013fe9  __aeabi_memmove                           
00013fe9  __aeabi_memmove4                          
00013fe9  __aeabi_memmove8                          
00013ff1  abort                                     
00013ff6  C$$EXIT                                   
00013ff7  HOSTexit                                  
00013ffb  MissionLibrary_GetCount                   
00013fff  ObstacleAvoidance_IsResumeGraceActive     
00014003  Reset_Handler                             
00014007  _system_pre_init                          
00014ae0  __TI_Handler_Table_Base                   
00014aec  __TI_Handler_Table_Limit                  
00014afc  __TI_CINIT_Base                           
00014b0c  __TI_CINIT_Limit                          
00014b0c  __TI_CINIT_Warm                           
20200000  __start___llvm_prf_bits                   
20200000  __start___llvm_prf_cnts                   
20200000  __stop___llvm_prf_bits                    
20200000  __stop___llvm_prf_cnts                    
20200964  g_appConfig                               
20200d74  g_imuRuntime                              
20200ef4  g_appRuntime                              
20200fc0  g_wheelSpeedEstimatorRuntime              
20201188  gUART_VISIONBackup                        
20201274  g_headingRuntime                          
20201450  g_trackError                              
20201484  g_carStateDebug                           
20201485  g_keyEvent                                
20201486  g_oledPageDebug                           
20201487  g_paramItemDebug                          
20201488  g_trackBlackCount                         
20201489  g_trackModeDebug                          
2020148a  g_trackRaw                                
2020148b  g_trackTurnDebug                          
20207e00  __stack                                   
20208000  __STACK_END                               
ffffffff  __TI_pprof_out_hndl                       
ffffffff  __TI_prof_data_size                       
ffffffff  __TI_prof_data_start                      
ffffffff  __binit__                                 
ffffffff  binit                                     
UNDEFED   __mpu_init                                
UNDEFED   _system_post_cinit                        

[359 symbols]
