******************************************************************************
            TI ARM Clang Linker PC v4.0.4                      
******************************************************************************
>> Linked Sat Jul 25 22:28:44 2026

OUTPUT FILE NAME:   <diansaikaishi.out>
ENTRY POINT SYMBOL: "_c_int00_noargs"  address: 00011b89


MEMORY CONFIGURATION

         name            origin    length      used     unused   attr    fill
----------------------  --------  ---------  --------  --------  ----  --------
  FLASH                 00000000   00020000  00012c88  0000d378  R  X
  SRAM                  20200000   00008000  0000137e  00006c82  RW X
  BCR_CONFIG            41c00000   000000ff  00000000  000000ff  R   
  BSL_CONFIG            41c00100   00000080  00000000  00000080  R   


SEGMENT ALLOCATION MAP

run origin  load origin   length   init length attrs members
----------  ----------- ---------- ----------- ----- -------
00000000    00000000    00012c88   00012c88    r-x
  00000000    00000000    000000c0   000000c0    r-- .intvecs
  000000c0    000000c0    00012340   00012340    r-x .text
  00012400    00012400    00000858   00000858    r-- .rodata
  00012c58    00012c58    00000030   00000030    r-- .cinit
20200000    20200000    0000117e   00000000    rw-
  20200000    20200000    0000117d   00000000    rw- .bss
  2020117d    2020117d    00000001   00000000    rw- .data
20207e00    20207e00    00000200   00000000    rw-
  20207e00    20207e00    00000200   00000000    rw- .stack


SECTION ALLOCATION MAP

 output                                  attributes/
section   page    origin      length       input sections
--------  ----  ----------  ----------   ----------------
.intvecs   0    00000000    000000c0     
                  00000000    000000c0     startup_mspm0g350x_ticlang.o (.intvecs)

.text      0    000000c0    00012340     
                  000000c0    000033dc     oled_ui.o (.text.OledUi_Update_20ms)
                  0000349c    00001dd4     vision_tuning_console.o (.text.VisionTuningConsole_Process)
                  00005270    0000054c     app_config.o (.text.AppConfig_LimitAll)
                  000057bc    000004f0     line_controller.o (.text.LineController_Update)
                  00005cac    00000488     menu.o (.text.Menu_HandleKeyEvent)
                  00006134    0000047c     gimbal_tracker.o (.text.GimbalTracker_Update)
                  000065b0    00000450     runtime_snapshot.o (.text.RuntimeSnapshot_Update)
                  00006a00    0000044c     motor_control.o (.text.update_wheel)
                  00006e4c    00000424     wheel_speed_estimator.o (.text.WheelSpeedEstimator_Update)
                  00007270    000003e0     imu.o (.text.Imu_Update)
                  00007650    000003b0     vision_receiver.o (.text.VisionReceiver_Process)
                  00007a00    00000388     gimbal_vision_yaw_tracker.o (.text.GimbalVisionYawTracker_Update10ms)
                  00007d88    00000374     imu.o (.text.Imu_Init)
                  000080fc    00000370     gimbal.o (.text.gimbal_update_feedback)
                  0000846c    00000344     obstacle_avoidance.o (.text.ObstacleAvoidance_Update_20ms)
                  000087b0    00000310     vision_tuning_console.o (.text.append_scaled)
                  00008ac0    000002f0     imu.o (.text.mpu6050_read_regs)
                  00008db0    000002a8     gimbal_tracker.o (.text.update_feedback)
                  00009058    00000298     gimbal.o (.text.Gimbal_YawSetWrappedTargetDeg)
                  000092f0    00000294     gimbal.o (.text.Gimbal_YawUpdate5ms)
                  00009584    00000290     gimbal.o (.text.Gimbal_PitchSetTrackingSpeedDegS)
                  00009814    0000028c     motor_control.o (.text.MotorControl_Update)
                  00009aa0    00000280     motion_action.o (.text.MotionAction_Update_20ms)
                  00009d20    00000260     gimbal.o (.text.gimbal_pitch_set_target_steps)
                  00009f80    00000238     gimbal.o (.text.gimbal_pitch_update_feedback)
                  0000a1b8    00000230     imu.o (.text.Imu_CalibrateGyroBias)
                  0000a3e8    00000228     gimbal_vision_pitch_tracker.o (.text.GimbalVisionPitchTracker_Update10ms)
                  0000a610    00000204     motor.o (.text.Motor_SetSpeed)
                  0000a814    000001f4     vision_protocol.o (.text.VisionProtocol_ParseV1TargetFrame)
                  0000aa08    000001ec     app_config.o (.text.AppConfig_InitDefault)
                  0000abf4    000001e8     motor_control.o (.text.config_is_valid)
                  0000addc    000001e8     car_controller.o (.text.handle_turn_to_yaw)
                  0000afc4    000001cc     imu.o (.text.imu_i2c_write_byte)
                  0000b190    000001bc     gimbal.o (.text.Gimbal_PitchUpdate5ms)
                  0000b34c    000001b8     oled.o (.text.oled_i2c_write_byte)
                  0000b504    000001a0     ultrasonic.o (.text.Ultrasonic_Tick100us)
                  0000b6a4    00000198     car_controller.o (.text.CarController_Update_20ms)
                  0000b83c    00000194     gimbal_stepper.o (.text.GimbalStepper_Tick100us)
                  0000b9d0    00000188     gimbal_vision_yaw_tracker.o (.text.GimbalVisionYawTracker_Enable)
                  0000bb58    00000180     gimbal.o (.text.Gimbal_PitchTick100us)
                  0000bcd8    00000180     car_controller.o (.text.handle_drive_distance)
                  0000be58    0000017c     gimbal_stepper.o (.text.GimbalStepper_MoveToEstimatedSteps)
                  0000bfd4    00000174     key.o (.text.Key_Update_20ms)
                  0000c148    00000170     oled.o (.text.OLED_FlushPage)
                  0000c2b8    0000016c     gimbal.o (.text.Gimbal_Init)
                  0000c424    0000016c     oled.o (.text.OLED_PrintInt16)
                  0000c590    00000168     empty.o (.text.main)
                  0000c6f8    00000160     gimbal.o (.text.gimbal_yaw_set_target_x10)
                  0000c858    00000160     car_controller.o (.text.handle_lost_recover)
                  0000c9b8    00000158     vision_tuning_console.o (.text.send_parameter_reply)
                  0000cb10    00000158     vision_tuning_console.o (.text.send_yaw_parameter_reply)
                  0000cc68    0000012c     imu.o (.text.imu_i2c_recover_bus)
                  0000cd94    00000128     gimbal.o (.text.Gimbal_YawEnableWorldLock)
                  0000cebc    00000124     oled.o (.text.OLED_Init)
                  0000cfe0    00000124     vision_tuning_console.o (.text.send_simple_reply)
                  0000d104    00000124     gimbal_vision_yaw_tracker.o (.text.sync_target_from_yaw)
                  0000d228    00000120     car_controller.o (.text.handle_drive_heading)
                  0000d348    0000011c     line_controller.o (.text.LineController_Reset)
                  0000d464    00000118     app.o (.text.App_Update_20ms)
                  0000d57c    00000118     motion_action.o (.text.MotionAction_Start)
                  0000d694    00000114     car_controller.o (.text.CarController_StartDriveDistance)
                  0000d7a8    0000010c     car_controller.o (.text.handle_follow_line)
                  0000d8b4    00000108     car_controller.o (.text.handle_turn_90)
                  0000d9bc    00000104     driverlib.a : dl_timer.o (.text.DL_Timer_initFourCCPWMMode)
                  0000dac0    00000104     line_controller.o (.text.LineController_ResetControlState)
                  0000dbc4    00000104     mission_manager.o (.text.MissionManager_Update_20ms)
                  0000dcc8    00000100     motor_control.o (.text.MotorControl_SetNormalizedTarget)
                  0000ddc8    000000fc     gimbal.o (.text.Gimbal_PitchRelease)
                  0000dec4    000000fc     empty.o (.text.SysTick_Handler)
                  0000dfc0    000000f8     line_controller.o (.text.LineController_Init)
                  0000e0b8    000000f0     gimbal.o (.text.Gimbal_PitchStopHold)
                  0000e1a8    000000ec     heading_control.o (.text.HeadingControl_Update)
                  0000e294    000000ec     gimbal_tracker.o (.text.sync_targets_from_gimbal)
                  0000e380    000000e8     vision_protocol.o (.text.fields_are_valid)
                  0000e468    000000e4     car_controller.o (.text.CarController_StartTurnToYawRelative)
                  0000e54c    000000e4     mission_manager.o (.text.MissionManager_SelectNext)
                  0000e630    000000e0     obstacle_safety.o (.text.ObstacleSafety_Update_20ms)
                  0000e710    000000e0     wheel_speed_estimator.o (.text.WheelSpeedEstimator_Init)
                  0000e7f0    000000dc     car_controller.o (.text.CarController_StartDriveHeading)
                  0000e8cc    000000dc     gimbal.o (.text.Gimbal_PitchConfirmZero)
                  0000e9a8    000000dc     ti_msp_dl_config.o (.text.SYSCFG_DL_GPIO_init)
                  0000ea84    000000dc     oled_ui.o (.text.print_tuning_change_value)
                  0000eb60    000000d8     oled.o (.text.OLED_PrintUInt16)
                  0000ec38    000000d8     libclang_rt.builtins.a : addsf3.S.obj (.text)
                  0000ed10    000000cc     mission_manager.o (.text.MissionManager_SelectPrevious)
                  0000eddc    000000c8     fault.o (.text.FaultCode_ToShortString)
                  0000eea4    000000c8     gimbal.o (.text.Gimbal_YawConfirmZero)
                  0000ef6c    000000c4     mission_library.o (.text.MissionLibrary_Validate)
                  0000f030    000000c0     angle_utils.o (.text.Angle_Normalize180)
                  0000f0f0    000000bc     car_controller.o (.text.CarController_StartFollowLine)
                  0000f1ac    000000b4     gimbal_stepper.o (.text.GimbalStepper_StopHold)
                  0000f260    000000b4     gimbal_vision_adapter.o (.text.GimbalVisionAdapter_Update)
                  0000f314    000000b0     car_controller.o (.text.CarController_StartTurnRight90)
                  0000f3c4    000000b0     gimbal_stepper.o (.text.GimbalStepper_Init)
                  0000f474    000000b0     gimbal.o (.text.Gimbal_PitchMoveRelativeDeg)
                  0000f524    000000ac     car_controller.o (.text.CarController_StartTurnLeft90)
                  0000f5d0    000000a8     gimbal_vision_pitch_tracker.o (.text.GimbalVisionPitchTracker_Enable)
                  0000f678    000000a4     encoder.o (.text.Encoder_HandleGpioInterrupt)
                  0000f71c    000000a4     gimbal_vision_yaw_tracker.o (.text.wrap_deg_360)
                  0000f7c0    000000a2     libclang_rt.builtins.a : udivmoddi4.S.obj (.text)
                  0000f862    00000002     startup_mspm0g350x_ticlang.o (.text.Default_Handler)
                  0000f864    000000a0     car_controller.o (.text.CarController_ResetRuntime)
                  0000f904    0000009c     obstacle_monitor.o (.text.ObstacleMonitor_Update_20ms)
                  0000f9a0    0000009a     libc.a : memcpy16.S.obj (.text:memcpy)
                  0000fa3a    00000002     track_sensor.o (.text.TrackSensor_Init)
                  0000fa3c    00000098     car_controller.o (.text.handle_seek_line)
                  0000fad4    00000098     imu.o (.text.mpu6050_write_reg)
                  0000fb6c    0000008c     gimbal.o (.text.Gimbal_YawDisableWorldLock)
                  0000fbf8    0000008c     gimbal.o (.text.Gimbal_YawStopHold)
                  0000fc84    0000008c     ti_msp_dl_config.o (.text.SYSCFG_DL_PWM_MOTOR_init)
                  0000fd10    0000008c     libclang_rt.builtins.a : mulsf3.S.obj (.text.__mulsf3)
                  0000fd9c    0000008c     car_controller.o (.text.heading_imu_wait_or_fail)
                  0000fe28    00000008     car_controller.o (.text.CarController_GetFeedback)
                  0000fe30    00000088     libc.a : strcmp-armv6m.S.obj (.text:strcmp)
                  0000feb8    00000084     gimbal_stepper.o (.text.GimbalStepper_ConfirmZero)
                  0000ff3c    00000084     gimbal_tracker.o (.text.GimbalTracker_PushObservation)
                  0000ffc0    00000084     motor.o (.text.Motor_Init)
                  00010044    00000082     app.o (.text.App_Init)
                  000100c6    00000002     libclang_rt.builtins.a : aeabi_div0.c.obj (.text.__aeabi_idiv0)
                  000100c8    00000082                            : divsf3.S.obj (.text.__divsf3)
                  0001014a    00000002                            : aeabi_div0.c.obj (.text.__aeabi_ldiv0)
                  0001014c    00000080     car_controller.o (.text.CarController_SetSafetyHold)
                  000101cc    00000080     gimbal_tracker.o (.text.GimbalTracker_Init)
                  0001024c    00000080     motor.o (.text.Motor_Stop)
                  000102cc    0000007c     vision_pitch_tuning.o (.text.VisionPitchTuning_Set)
                  00010348    0000007c     libc.a : copy_decompress_lzss.c.obj (.text:decompress:lzss)
                  000103c4    00000078     oled.o (.text.oled_write_command)
                  0001043c    00000074     motor_control.o (.text.latch_control_error)
                  000104b0    00000070     gimbal_stepper.o (.text.GimbalStepper_Release)
                  00010520    00000070     ti_msp_dl_config.o (.text.SYSCFG_DL_UART_VISION_init)
                  00010590    00000070     vision_yaw_tuning.o (.text.VisionYawTuning_Set)
                  00010600    0000006e     track_sensor.o (.text.TrackSensor_DetectTurn)
                  0001066e    00000002     --HOLE-- [fill = 0]
                  00010670    0000006c     gimbal_vision_yaw_tracker.o (.text.GimbalVisionYawTracker_Init)
                  000106dc    00000068     mission_manager.o (.text.MissionManager_GetSelectedMissionIndex)
                  00010744    00000068     car_controller.o (.text.set_output_speed)
                  000107ac    00000066     track_sensor.o (.text.TrackSensor_GetErrorFromRaw)
                  00010812    00000002     --HOLE-- [fill = 0]
                  00010814    00000064     gimbal.o (.text.Gimbal_YawRelease)
                  00010878    00000064     menu.o (.text.Menu_GetParamValue)
                  000108dc    00000062     libclang_rt.builtins.a : aeabi_fcmp.S.obj (.text.__aeabi_fcmp)
                  0001093e    00000062     libc.a : memset16.S.obj (.text:memset)
                  000109a0    00000060     gimbal_tracker.o (.text.GimbalTracker_Enable)
                  00010a00    00000060     gimbal_tracker.o (.text.GimbalTracker_GetFeedback)
                  00010a60    00000060     vision_tuning_console.o (.text.VisionTuningConsole_Init)
                  00010ac0    00000060     libclang_rt.builtins.a : fixsfdi.S.obj (.text.__fixsfdi)
                  00010b20    0000005c     vision_uart.o (.text.UART3_IRQHandler)
                  00010b7c    0000005c     ultrasonic.o (.text.Ultrasonic_Update_20ms)
                  00010bd8    0000005c     obstacle_avoidance.o (.text.avoid_fail)
                  00010c34    00000058     gimbal.o (.text.Gimbal_YawMoveRelativeDeg)
                  00010c8c    00000058     oled.o (.text.OLED_PrintChar)
                  00010ce4    00000056     libclang_rt.builtins.a : aeabi_idivmod.S.obj (.text.__aeabi_idivmod)
                  00010d3a    00000002     --HOLE-- [fill = 0]
                  00010d3c    00000054     track_sensor.o (.text.TrackSensor_ReadRaw)
                  00010d90    00000054     gimbal_vision_yaw_tracker.o (.text.float_to_scaled_i16)
                  00010de4    00000054     gimbal_vision_yaw_tracker.o (.text.stop_owned_tracking)
                  00010e38    00000050     ultrasonic.o (.text.Ultrasonic_Init)
                  00010e88    00000050     watchdog_monitor.o (.text.WatchdogMonitor_ApplyFaultIfNeeded)
                  00010ed8    0000004e     libclang_rt.builtins.a : floatdisf.S.obj (.text.__floatdisf)
                  00010f26    00000002     --HOLE-- [fill = 0]
                  00010f28    0000004c     mission_manager.o (.text.MissionManager_Start)
                  00010f74    0000004c     motor_control.o (.text.MotorControl_Stop)
                  00010fc0    0000004c     watchdog_monitor.o (.text.WatchdogMonitor_Tick1msFromIsr)
                  0001100c    0000004a     obstacle_avoidance.o (.text.avoid_can_start)
                  00011056    00000002     --HOLE-- [fill = 0]
                  00011058    00000048     car_controller.o (.text.CarController_Stop)
                  000110a0    00000048     driverlib.a : dl_uart.o (.text.DL_UART_init)
                  000110e8    00000048     motion_action.o (.text.MotionAction_ReapplyControllerTarget)
                  00011130    00000044     encoder.o (.text.Encoder_GetAndClearPulseDeltas)
                  00011174    00000044     imu.o (.text.Imu_ResetYaw)
                  000111b8    00000044     servo.o (.text.Servo_Tick100us)
                  000111fc    00000040     emergency_stop.o (.text.EmergencyStop_Reset)
                  0001123c    00000040     gimbal_vision_pitch_tracker.o (.text.GimbalVisionPitchTracker_Init)
                  0001127c    00000040     mission_manager.o (.text.MissionManager_Init)
                  000112bc    00000040     ti_msp_dl_config.o (.text.SYSCFG_DL_SYSCTL_init)
                  000112fc    00000040     ti_msp_dl_config.o (.text.SYSCFG_DL_initPower)
                  0001133c    00000040     vision_receiver.o (.text.VisionReceiver_PushByteFromIsr)
                  0001137c    00000040     libclang_rt.builtins.a : aeabi_uidivmod.S.obj (.text.__aeabi_uidivmod)
                  000113bc    0000003e                            : divmoddi4.c.obj (.text.__divmoddi4)
                  000113fa    00000002     --HOLE-- [fill = 0]
                  000113fc    0000003c     gimbal_tracker.o (.text.GimbalTracker_ClearObservation)
                  00011438    0000003c     servo.o (.text.Servo_SetAngleDeg)
                  00011474    0000003c     vision_tuning_console.o (.text.VisionTuningConsole_PushByteFromIsr)
                  000114b0    0000003c     libclang_rt.builtins.a : floatsisf.S.obj (.text.__floatsisf)
                  000114ec    0000003c                            : comparesf2.S.obj (.text.__gtsf2)
                  00011528    0000003c     libc.a : autoinit.c.obj (.text:__TI_auto_init_nobinit_nopinit)
                  00011564    0000003a     libclang_rt.builtins.a : comparesf2.S.obj (.text.__eqsf2)
                  0001159e    00000002     --HOLE-- [fill = 0]
                  000115a0    0000003a                            : muldsi3.S.obj (.text.__muldsi3)
                  000115da    00000002     --HOLE-- [fill = 0]
                  000115dc    00000038     vision_receiver.o (.text.VisionReceiver_Init)
                  00011614    00000038     libclang_rt.builtins.a : fixsfsi.S.obj (.text.__fixsfsi)
                  0001164c    00000034     emergency_stop.o (.text.EmergencyStop_Trigger)
                  00011680    00000034     imu.o (.text.Imu_IsReady)
                  000116b4    00000034     vision_tuning_console.o (.text.VisionTuningConsole_TryPopTxByte)
                  000116e8    00000034     vision_uart.o (.text.VisionUart_Process)
                  0001171c    00000034     obstacle_avoidance.o (.text.avoid_start)
                  00011750    00000032     oled.o (.text.OLED_PrintString)
                  00011782    00000002     --HOLE-- [fill = 0]
                  00011784    00000030     car_controller.o (.text.CarController_StartSeekLine)
                  000117b4    00000030     fault.o (.text.Fault_Raise)
                  000117e4    00000030     gimbal_vision_yaw_tracker.o (.text.GimbalVisionYawTracker_GetFeedback)
                  00011814    00000030     gimbal.o (.text.Gimbal_PitchGetFeedback)
                  00011844    00000030     key.o (.text.Key_Init)
                  00011874    00000030     line_controller.o (.text.LineController_ObserveSensors)
                  000118a4    00000030     mission_manager.o (.text.MissionManager_Resume)
                  000118d4    00000030     vision_pitch_tuning.o (.text.VisionPitchTuning_RestoreDefault)
                  00011904    00000030     watchdog_monitor.o (.text.WatchdogMonitor_Init)
                  00011934    00000030     gimbal_vision_yaw_tracker.o (.text.refresh_yaw_feedback)
                  00011964    0000002c     encoder.o (.text.Encoder_Reset)
                  00011990    0000002c     mission_manager.o (.text.MissionManager_Cancel)
                  000119bc    0000002c     mission_manager.o (.text.MissionManager_Reset)
                  000119e8    0000002c     track_sensor.o (.text.TrackSensor_CountBlack)
                  00011a14    0000002c     vision_yaw_tuning.o (.text.VisionYawTuning_RestoreDefault)
                  00011a40    0000002c     motion_action.o (.text.motion_action_start_imu_controller)
                  00011a6c    0000002c     gimbal_vision_pitch_tracker.o (.text.speed_to_x10)
                  00011a98    00000028     obstacle_avoidance.o (.text.ObstacleAvoidance_Init)
                  00011ac0    00000028     servo.o (.text.Servo_Init)
                  00011ae8    00000028     vision_pitch_tuning.o (.text.VisionPitchTuning_Init)
                  00011b10    00000028     watchdog_monitor.o (.text.WatchdogMonitor_Reset)
                  00011b38    00000028     libclang_rt.builtins.a : floatunsisf.S.obj (.text.__floatunsisf)
                  00011b60    00000028     libc.a : memmov.c.obj (.text.memmove)
                  00011b88    00000028            : boot_cortex_m.c.obj (.text:_c_int00_noargs)
                  00011bb0    00000024     emergency_stop.o (.text.EmergencyStop_Enforce)
                  00011bd4    00000024     gimbal_vision_pitch_tracker.o (.text.GimbalVisionPitchTracker_GetFeedback)
                  00011bf8    00000024     mission_library.o (.text.MissionLibrary_FindById)
                  00011c1c    00000024     mission_manager.o (.text.MissionManager_ReportExternalFailure)
                  00011c40    00000024     motor_control.o (.text.MotorControl_Init)
                  00011c64    00000024     motor_control.o (.text.MotorControl_Reset)
                  00011c88    00000024     oled.o (.text.OLED_ClearBuffer)
                  00011cac    00000024     ti_msp_dl_config.o (.text.SYSCFG_DL_init)
                  00011cd0    00000024     vision_yaw_tuning.o (.text.VisionYawTuning_Init)
                  00011cf4    00000024     libclang_rt.builtins.a : muldi3.S.obj (.text.__muldi3)
                  00011d18    00000020     driverlib.a : dl_timer.o (.text.DL_Timer_overrideCCPOut)
                  00011d38    00000020     debug_telemetry.o (.text.DebugTelemetry_Update)
                  00011d58    00000020     mission_manager.o (.text.MissionManager_Pause)
                  00011d78    00000020     motion_action.o (.text.MotionAction_GetCurrentBypassDirection)
                  00011d98    00000020     motion_action.o (.text.MotionAction_GetCurrentObstaclePolicy)
                  00011db8    00000020     oled.o (.text.OLED_SetCursor)
                  00011dd8    00000020     empty.o (.text.SchedulerMonitor_GetStats)
                  00011df8    00000020     vision_receiver.o (.text.VisionReceiver_GetProtocolErrorCount)
                  00011e18    00000020     mission_manager.o (.text.mission_finish_error)
                  00011e38    0000001e     libclang_rt.builtins.a : ashldi3.S.obj (.text.__ashldi3)
                  00011e56    00000002     --HOLE-- [fill = 0]
                  00011e58    0000001c     driverlib.a : dl_timer.o (.text.DL_Timer_setCaptCompUpdateMethod)
                  00011e74    0000001c                 : dl_timer.o (.text.DL_Timer_setClockConfig)
                  00011e90    0000001c     gimbal_vision_adapter.o (.text.GimbalVisionAdapter_Init)
                  00011eac    0000001c     heading_control.o (.text.HeadingControl_SetTargetYaw)
                  00011ec8    0000001c     menu.o (.text.Menu_Init)
                  00011ee4    0000001c     motion_action.o (.text.MotionAction_Cancel)
                  00011f00    0000001c     obstacle_monitor.o (.text.ObstacleMonitor_Init)
                  00011f1c    0000001c     obstacle_safety.o (.text.ObstacleSafety_Init)
                  00011f38    0000001c     vision_pitch_tuning.o (.text.VisionPitchTuning_ParamName)
                  00011f54    0000001c     vision_yaw_tuning.o (.text.VisionYawTuning_GetSnapshot)
                  00011f70    0000001c     vision_yaw_tuning.o (.text.VisionYawTuning_ParamName)
                  00011f8c    0000001c     watchdog_monitor.o (.text.WatchdogMonitor_NotifyControlCycleComplete)
                  00011fa8    0000001c     mission_manager.o (.text.mission_finish_success)
                  00011fc4    00000018     driverlib.a : dl_timer.o (.text.DL_Timer_setCaptureCompareOutCtl)
                  00011fdc    00000018     debug_telemetry.o (.text.DebugTelemetry_Init)
                  00011ff4    00000018     heading_control.o (.text.HeadingControl_Init)
                  0001200c    00000018     heading_control.o (.text.HeadingControl_Reset)
                  00012024    00000018     menu.o (.text.Menu_ParamItemToString)
                  0001203c    00000018     motion_action.o (.text.MotionAction_Init)
                  00012054    00000018     runtime_snapshot.o (.text.RuntimeSnapshot_Init)
                  0001206c    00000016     libclang_rt.builtins.a : comparesf2.S.obj (.text.__unordsf2)
                  00012082    00000002     --HOLE-- [fill = 0]
                  00012084    00000014     fault.o (.text.Fault_Clear)
                  00012098    00000014     fault.o (.text.Fault_Init)
                  000120ac    00000014     empty.o (.text.GROUP1_IRQHandler)
                  000120c0    00000014     gimbal_stepper.o (.text.GimbalStepper_SetStepHalfPeriodTicks)
                  000120d4    00000014     heading_control.o (.text.HeadingControl_Enable)
                  000120e8    00000014     mission_library.o (.text.MissionLibrary_GetByIndex)
                  000120fc    00000014     mission_manager.o (.text.MissionManager_GetSelectedMissionId)
                  00012110    00000014     vision_pitch_tuning.o (.text.VisionPitchTuning_GetSnapshot)
                  00012124    00000014     vision_uart.o (.text.VisionUart_Init)
                  00012138    00000014     libclang_rt.builtins.a : aeabi_ldivmod.S.obj (.text.__aeabi_ldivmod)
                  0001214c    00000014                            : aeabi_uldivmod.S.obj (.text.__aeabi_uldivmod)
                  00012160    00000012     driverlib.a : dl_uart.o (.text.DL_UART_setClockConfig)
                  00012172    00000012     libc.a : copy_decompress_none.c.obj (.text:decompress:none)
                  00012184    00000010     driverlib.a : dl_timer.o (.text.DL_Timer_setCaptureCompareValue)
                  00012194    00000010     gimbal.o (.text.Gimbal_YawGetFeedback)
                  000121a4    00000010     key.o (.text.Key_GetEvent)
                  000121b4    00000010     obstacle_avoidance.o (.text.ObstacleAvoidance_IsResumeGraceActive)
                  000121c4    00000010     libc.a : copy_zero_init.c.obj (.text:decompress:ZI)
                  000121d4    0000000c     car_controller.o (.text.CarController_GetRunMode)
                  000121e0    0000000c     car_controller.o (.text.CarController_Init)
                  000121ec    0000000c     car_controller.o (.text.CarController_IsSafetyHoldActive)
                  000121f8    0000000c     car_state.o (.text.CarState_Get)
                  00012204    0000000c     car_state.o (.text.CarState_Init)
                  00012210    0000000c     car_state.o (.text.CarState_Set)
                  0001221c    0000000c     emergency_stop.o (.text.EmergencyStop_Init)
                  00012228    0000000c     emergency_stop.o (.text.EmergencyStop_IsActive)
                  00012234    0000000c     gimbal_vision_adapter.o (.text.GimbalVisionAdapter_GetObservation)
                  00012240    0000000c     gimbal.o (.text.Gimbal_Tick100us)
                  0001224c    0000000c     gimbal.o (.text.Gimbal_Update5ms)
                  00012258    0000000c     imu.o (.text.Imu_GetCorrectedGyroZDps)
                  00012264    0000000c     imu.o (.text.Imu_GetYaw)
                  00012270    0000000c     menu.o (.text.Menu_GetPage)
                  0001227c    0000000c     menu.o (.text.Menu_GetParamItem)
                  00012288    0000000c     mission_manager.o (.text.MissionManager_IsExternallyHeld)
                  00012294    0000000c     mission_manager.o (.text.MissionManager_SetExternalHold)
                  000122a0    0000000c     obstacle_avoidance.o (.text.ObstacleAvoidance_IsActive)
                  000122ac    0000000c     obstacle_avoidance.o (.text.ObstacleAvoidance_IsFailed)
                  000122b8    0000000c     obstacle_safety.o (.text.ObstacleSafety_IsHolding)
                  000122c4    0000000c     empty.o (.text.SystemTime_GetMs)
                  000122d0    0000000c     watchdog_monitor.o (.text.WatchdogMonitor_HasTripped)
                  000122dc    0000000c     libclang_rt.builtins.a : aeabi_memset.S.obj (.text.__aeabi_memclr)
                  000122e8    0000000a     driverlib.a : dl_common.o (.text.DL_Common_delayCycles)
                  000122f2    0000000a     track_sensor.o (.text.TrackSensor_IsCenterDetected)
                  000122fc    0000000a     track_sensor.o (.text.TrackSensor_IsLineDetected)
                  00012306    0000000a     track_sensor.o (.text.TrackSensor_IsLineLost)
                  00012310    00000008     fault.o (.text.Fault_GetRecord)
                  00012318    00000008     gimbal_stepper.o (.text.GimbalStepper_GetFeedback)
                  00012320    00000008     gimbal_vision_adapter.o (.text.GimbalVisionAdapter_GetFeedback)
                  00012328    00000008     gimbal.o (.text.Gimbal_PitchStopTrackingHold)
                  00012330    00000008     heading_control.o (.text.HeadingControl_GetRuntime)
                  00012338    00000008     imu.o (.text.Imu_GetRuntime)
                  00012340    00000008     line_controller.o (.text.LineController_GetRuntime)
                  00012348    00000008     mission_manager.o (.text.MissionManager_GetMissionCount)
                  00012350    00000008     mission_manager.o (.text.MissionManager_GetRuntime)
                  00012358    00000008     motion_action.o (.text.MotionAction_GetRuntime)
                  00012360    00000008     motor_control.o (.text.MotorControl_GetRuntime)
                  00012368    00000008     obstacle_avoidance.o (.text.ObstacleAvoidance_GetFeedback)
                  00012370    00000008     obstacle_monitor.o (.text.ObstacleMonitor_GetFeedback)
                  00012378    00000008     oled_ui.o (.text.OledUi_Init)
                  00012380    00000008     runtime_snapshot.o (.text.RuntimeSnapshot_Get)
                  00012388    00000008     servo.o (.text.Servo_GetFeedback)
                  00012390    00000008     ultrasonic.o (.text.Ultrasonic_GetFeedback)
                  00012398    00000008     vision_pitch_tuning.o (.text.VisionPitchTuning_GetStatus)
                  000123a0    00000008     vision_receiver.o (.text.VisionReceiver_GetObservation)
                  000123a8    00000008     vision_receiver.o (.text.VisionReceiver_GetStatus)
                  000123b0    00000008     vision_tuning_console.o (.text.VisionTuningConsole_GetStatus)
                  000123b8    00000008     watchdog_monitor.o (.text.WatchdogMonitor_GetStatus)
                  000123c0    00000008     wheel_speed_estimator.o (.text.WheelSpeedEstimator_GetRuntime)
                  000123c8    00000008     libclang_rt.builtins.a : aeabi_memcpy.S.obj (.text.__aeabi_memcpy)
                  000123d0    00000008                            : aeabi_memmove.S.obj (.text.__aeabi_memmove)
                  000123d8    00000006     libc.a : exit.c.obj (.text:abort)
                  000123de    00000004     libsysbm.a : hostexit.c.obj (.text.HOSTexit)
                  000123e2    00000004     mission_library.o (.text.MissionLibrary_GetCount)
                  000123e6    00000004     startup_mspm0g350x_ticlang.o (.text.Reset_Handler)
                  000123ea    00000002     --HOLE-- [fill = 0]
                  000123ec    00000010     libc.a : boot_cortex_m.c.obj (.tramp._c_int00_noargs.1)
                  000123fc    00000004            : pre_init.c.obj (.text._system_pre_init)

.cinit     0    00012c58    00000030     
                  00012c58    0000000c     (__TI_handler_table)
                  00012c64    00000008     (.cinit..bss.load) [load image, compression = zero_init]
                  00012c6c    00000005     (.cinit..data.load) [load image, compression = lzss]
                  00012c71    00000003     --HOLE-- [fill = 0]
                  00012c74    00000010     (__TI_cinit_table)
                  00012c84    00000004     --HOLE-- [fill = 0]

.rodata    0    00012400    00000858     
                  00012400    000000d8     oled.o (.rodata..Lswitch.table.OLED_PrintChar)
                  000124d8    00000048     mission_library.o (.rodata.g_missionTestDistance20)
                  00012520    00000048     mission_library.o (.rodata.g_missionTestLine)
                  00012568    00000048     mission_library.o (.rodata.g_missionTestTurn)
                  000125b0    00000030     oled_ui.o (.rodata..Lswitch.table.OledUi_Update_20ms.191)
                  000125e0    00000030     mission_library.o (.rodata.g_missionRegistry)
                  00012610    00000024     oled_ui.o (.rodata..Lswitch.table.OledUi_Update_20ms.195)
                  00012634    00000024     oled_ui.o (.rodata..Lswitch.table.OledUi_Update_20ms.197)
                  00012658    00000020     oled_ui.o (.rodata..Lswitch.table.OledUi_Update_20ms.196)
                  00012678    0000001c     menu.o (.rodata..Lswitch.table.Menu_ParamItemToString)
                  00012694    0000001c     vision_tuning_console.o (.rodata.str1.1836208005852235077.1)
                  000126b0    00000018     oled_ui.o (.rodata..Lswitch.table.OledUi_Update_20ms.188)
                  000126c8    00000018     oled_ui.o (.rodata..Lswitch.table.OledUi_Update_20ms.198)
                  000126e0    00000018     vision_pitch_tuning.o (.rodata..Lswitch.table.VisionPitchTuning_ParamName)
                  000126f8    00000014     oled_ui.o (.rodata..Lswitch.table.OledUi_Update_20ms.199)
                  0001270c    00000014     vision_yaw_tuning.o (.rodata..Lswitch.table.VisionYawTuning_ParamName)
                  00012720    0000000e     oled_ui.o (.rodata.str1.10416366799939242409.1)
                  0001272e    00000002     ti_msp_dl_config.o (.rodata.gUART_VISIONClockConfig)
                  00012730    0000000c     oled_ui.o (.rodata..Lswitch.table.OledUi_Update_20ms.190)
                  0001273c    0000000c     oled_ui.o (.rodata..Lswitch.table.OledUi_Update_20ms.192)
                  00012748    0000000c     oled_ui.o (.rodata..Lswitch.table.OledUi_Update_20ms)
                  00012754    0000000a     ti_msp_dl_config.o (.rodata.gUART_VISIONConfig)
                  0001275e    0000000a     oled_ui.o (.rodata.str1.12447783896598192203.1)
                  00012768    0000000a     mission_library.o (.rodata.str1.13636476544574750902.1)
                  00012772    0000000a     mission_library.o (.rodata.str1.15668266851434757964.1)
                  0001277c    0000000a     mission_library.o (.rodata.str1.199678142196697465.1)
                  00012786    0000000a     vision_tuning_console.o (.rodata.str1.4859846923128959820.1)
                  00012790    0000000a     vision_tuning_console.o (.rodata.str1.7225688704195888286.1)
                  0001279a    00000002     oled_ui.o (.rodata.str1.12504350857748951577.1)
                  0001279c    00000008     ti_msp_dl_config.o (.rodata.gPWM_MOTORConfig)
                  000127a4    00000008     vision_tuning_console.o (.rodata.str1.11718269490974306969.1)
                  000127ac    00000008     oled_ui.o (.rodata.str1.12043213579996415112.1)
                  000127b4    00000008     oled_ui.o (.rodata.str1.17747339173178619492.1)
                  000127bc    00000008     oled_ui.o (.rodata.str1.2656948373757303877.1)
                  000127c4    00000008     vision_tuning_console.o (.rodata.str1.3293472937029561918.1)
                  000127cc    00000008     oled_ui.o (.rodata.str1.8399051469953744892.1)
                  000127d4    00000008     oled_ui.o (.rodata.str1.8703997732205428909.1)
                  000127dc    00000008     oled_ui.o (.rodata.str1.9159586779647977165.1)
                  000127e4    00000008     oled_ui.o (.rodata.str1.9611283282870761829.1)
                  000127ec    00000007     menu.o (.rodata..Lswitch.table.Menu_HandleKeyEvent.8)
                  000127f3    00000007     vision_tuning_console.o (.rodata.str1.10860306953068020798.1)
                  000127fa    00000007     oled_ui.o (.rodata.str1.17067061841413117831.1)
                  00012801    00000007     oled_ui.o (.rodata.str1.7219546930854689545.1)
                  00012808    00000006     vision_tuning_console.o (.rodata.str1.10319329813075420582.1)
                  0001280e    00000006     oled_ui.o (.rodata.str1.1108652269057166745.1)
                  00012814    00000006     oled_ui.o (.rodata.str1.12493748764729730277.1)
                  0001281a    00000006     oled_ui.o (.rodata.str1.14142815821055334776.1)
                  00012820    00000006     oled_ui.o (.rodata.str1.1445687256832830955.1)
                  00012826    00000006     oled_ui.o (.rodata.str1.16526439943277383452.1)
                  0001282c    00000006     oled_ui.o (.rodata.str1.17540787658903907660.1)
                  00012832    00000006     oled_ui.o (.rodata.str1.17678525341650131470.1)
                  00012838    00000006     oled_ui.o (.rodata.str1.2308938766145545715.1)
                  0001283e    00000006     oled_ui.o (.rodata.str1.2608729314174233125.1)
                  00012844    00000006     vision_tuning_console.o (.rodata.str1.4028100529439820245.1)
                  0001284a    00000006     oled_ui.o (.rodata.str1.4551794666512319153.1)
                  00012850    00000006     oled_ui.o (.rodata.str1.5948326995020184415.1)
                  00012856    00000006     oled_ui.o (.rodata.str1.6806727740681590176.1)
                  0001285c    00000006     oled_ui.o (.rodata.str1.8236579331345056500.1)
                  00012862    00000006     oled_ui.o (.rodata.str1.9229350655415085.1)
                  00012868    00000005     menu.o (.rodata..Lswitch.table.Menu_HandleKeyEvent)
                  0001286d    00000005     oled.o (.rodata.oled_get_glyph.colon)
                  00012872    00000005     oled.o (.rodata.oled_get_glyph.eight)
                  00012877    00000005     oled.o (.rodata.oled_get_glyph.five)
                  0001287c    00000005     oled.o (.rodata.oled_get_glyph.four)
                  00012881    00000005     oled.o (.rodata.oled_get_glyph.glyphA)
                  00012886    00000005     oled.o (.rodata.oled_get_glyph.glyphB)
                  0001288b    00000005     oled.o (.rodata.oled_get_glyph.glyphC)
                  00012890    00000005     oled.o (.rodata.oled_get_glyph.glyphD)
                  00012895    00000005     oled.o (.rodata.oled_get_glyph.glyphE)
                  0001289a    00000005     oled.o (.rodata.oled_get_glyph.glyphF)
                  0001289f    00000005     oled.o (.rodata.oled_get_glyph.glyphG)
                  000128a4    00000005     oled.o (.rodata.oled_get_glyph.glyphH)
                  000128a9    00000005     oled.o (.rodata.oled_get_glyph.glyphI)
                  000128ae    00000005     oled.o (.rodata.oled_get_glyph.glyphK)
                  000128b3    00000005     oled.o (.rodata.oled_get_glyph.glyphL)
                  000128b8    00000005     oled.o (.rodata.oled_get_glyph.glyphM)
                  000128bd    00000005     oled.o (.rodata.oled_get_glyph.glyphN)
                  000128c2    00000005     oled.o (.rodata.oled_get_glyph.glyphO)
                  000128c7    00000005     oled.o (.rodata.oled_get_glyph.glyphP)
                  000128cc    00000005     oled.o (.rodata.oled_get_glyph.glyphR)
                  000128d1    00000005     oled.o (.rodata.oled_get_glyph.glyphS)
                  000128d6    00000005     oled.o (.rodata.oled_get_glyph.glyphT)
                  000128db    00000005     oled.o (.rodata.oled_get_glyph.glyphU)
                  000128e0    00000005     oled.o (.rodata.oled_get_glyph.glyphV)
                  000128e5    00000005     oled.o (.rodata.oled_get_glyph.glyphW)
                  000128ea    00000005     oled.o (.rodata.oled_get_glyph.glyphX)
                  000128ef    00000005     oled.o (.rodata.oled_get_glyph.glyphY)
                  000128f4    00000005     oled.o (.rodata.oled_get_glyph.glyphb)
                  000128f9    00000005     oled.o (.rodata.oled_get_glyph.gt)
                  000128fe    00000005     oled.o (.rodata.oled_get_glyph.minus)
                  00012903    00000005     oled.o (.rodata.oled_get_glyph.nine)
                  00012908    00000005     oled.o (.rodata.oled_get_glyph.one)
                  0001290d    00000005     oled.o (.rodata.oled_get_glyph.seven)
                  00012912    00000005     oled.o (.rodata.oled_get_glyph.six)
                  00012917    00000005     oled.o (.rodata.oled_get_glyph.space)
                  0001291c    00000005     oled.o (.rodata.oled_get_glyph.three)
                  00012921    00000005     oled.o (.rodata.oled_get_glyph.two)
                  00012926    00000005     oled.o (.rodata.oled_get_glyph.zero)
                  0001292b    00000005     oled_ui.o (.rodata.str1.10077435089618835710.1)
                  00012930    00000005     oled_ui.o (.rodata.str1.10509309789429088155.1)
                  00012935    00000005     oled_ui.o (.rodata.str1.11049990970699464748.1)
                  0001293a    00000005     oled_ui.o (.rodata.str1.11428648044669318875.1)
                  0001293f    00000005     oled_ui.o (.rodata.str1.12359577037488465078.1)
                  00012944    00000005     oled_ui.o (.rodata.str1.12595606217184830646.1)
                  00012949    00000005     oled_ui.o (.rodata.str1.13567883086814673087.1)
                  0001294e    00000005     oled_ui.o (.rodata.str1.13790669171379415506.1)
                  00012953    00000005     vision_pitch_tuning.o (.rodata.str1.13915893147848268398.1)
                  00012958    00000005     oled_ui.o (.rodata.str1.14358698208395374265.1)
                  0001295d    00000005     fault.o (.rodata.str1.14435905801345341244.1)
                  00012962    00000005     oled_ui.o (.rodata.str1.14521350379984854626.1)
                  00012967    00000005     fault.o (.rodata.str1.1506612114648992996.1)
                  0001296c    00000005     oled_ui.o (.rodata.str1.15132332204781002199.1)
                  00012971    00000005     oled_ui.o (.rodata.str1.15613891207764622616.1)
                  00012976    00000005     oled_ui.o (.rodata.str1.15817398807211891688.1)
                  0001297b    00000005     oled_ui.o (.rodata.str1.15829239520183577662.1)
                  00012980    00000005     oled_ui.o (.rodata.str1.16411631209783952401.1)
                  00012985    00000005     oled_ui.o (.rodata.str1.16895433903389883335.1)
                  0001298a    00000005     oled_ui.o (.rodata.str1.16931641404301806744.1)
                  0001298f    00000005     oled_ui.o (.rodata.str1.16939060351352778619.1)
                  00012994    00000005     fault.o (.rodata.str1.17097894860660336008.1)
                  00012999    00000005     fault.o (.rodata.str1.17155043670132108083.1)
                  0001299e    00000005     vision_tuning_console.o (.rodata.str1.17265544270347038021.1)
                  000129a3    00000005     oled_ui.o (.rodata.str1.17464849429964608858.1)
                  000129a8    00000005     oled_ui.o (.rodata.str1.18128648927899109887.1)
                  000129ad    00000005     oled_ui.o (.rodata.str1.2002540315216928218.1)
                  000129b2    00000005     fault.o (.rodata.str1.2104670281202025270.1)
                  000129b7    00000005     oled_ui.o (.rodata.str1.2522137003438374266.1)
                  000129bc    00000005     oled_ui.o (.rodata.str1.2603845803395459882.1)
                  000129c1    00000005     oled_ui.o (.rodata.str1.2742282290834473644.1)
                  000129c6    00000005     oled_ui.o (.rodata.str1.35417727660486075.1)
                  000129cb    00000005     oled_ui.o (.rodata.str1.3702290527496711532.1)
                  000129d0    00000005     fault.o (.rodata.str1.4453281041433270631.1)
                  000129d5    00000005     fault.o (.rodata.str1.4549004730087743662.1)
                  000129da    00000005     oled_ui.o (.rodata.str1.4581472623415959594.1)
                  000129df    00000005     oled_ui.o (.rodata.str1.4610220316623841660.1)
                  000129e4    00000005     menu.o (.rodata.str1.4862307748908978627.1)
                  000129e9    00000005     oled_ui.o (.rodata.str1.4932371652560868037.1)
                  000129ee    00000005     oled_ui.o (.rodata.str1.5376340479846291137.1)
                  000129f3    00000005     fault.o (.rodata.str1.6372787129294360447.1)
                  000129f8    00000005     oled_ui.o (.rodata.str1.6398192001994169976.1)
                  000129fd    00000005     fault.o (.rodata.str1.6437946768974223044.1)
                  00012a02    00000005     oled_ui.o (.rodata.str1.6954814719705590448.1)
                  00012a07    00000005     oled_ui.o (.rodata.str1.7419768602719733415.1)
                  00012a0c    00000005     vision_yaw_tuning.o (.rodata.str1.7764041101441114269.1)
                  00012a11    00000005     oled_ui.o (.rodata.str1.7774807581888385879.1)
                  00012a16    00000005     oled_ui.o (.rodata.str1.8018480777946742726.1)
                  00012a1b    00000005     fault.o (.rodata.str1.8185770893384132067.1)
                  00012a20    00000005     oled_ui.o (.rodata.str1.8403269972884532600.1)
                  00012a25    00000005     oled_ui.o (.rodata.str1.8426569189266129334.1)
                  00012a2a    00000005     oled_ui.o (.rodata.str1.8460525935980491721.1)
                  00012a2f    00000005     oled_ui.o (.rodata.str1.8615431116298670950.1)
                  00012a34    00000005     oled_ui.o (.rodata.str1.8693388333057100694.1)
                  00012a39    00000005     oled_ui.o (.rodata.str1.9044019526854345694.1)
                  00012a3e    00000005     oled_ui.o (.rodata.str1.9102528229756940648.1)
                  00012a43    00000005     oled_ui.o (.rodata.str1.9135818829835424837.1)
                  00012a48    00000005     oled_ui.o (.rodata.str1.9295666102996717355.1)
                  00012a4d    00000005     oled_ui.o (.rodata.str1.9554470707595806150.1)
                  00012a52    00000005     oled_ui.o (.rodata.str1.9822857334037886482.1)
                  00012a57    00000004     oled_ui.o (.rodata.str1.10163600690795753232.1)
                  00012a5b    00000004     oled_ui.o (.rodata.str1.1019225241002246410.1)
                  00012a5f    00000004     oled_ui.o (.rodata.str1.10263419832828250601.1)
                  00012a63    00000004     oled_ui.o (.rodata.str1.10568433575767188072.1)
                  00012a67    00000004     oled_ui.o (.rodata.str1.10600688730180713177.1)
                  00012a6b    00000004     oled_ui.o (.rodata.str1.11149198520117834688.1)
                  00012a6f    00000004     oled_ui.o (.rodata.str1.11178346780556493352.1)
                  00012a73    00000004     oled_ui.o (.rodata.str1.11232419324784801130.1)
                  00012a77    00000004     oled_ui.o (.rodata.str1.11627403558423016802.1)
                  00012a7b    00000004     menu.o (.rodata.str1.12110183915172842339.1)
                  00012a7f    00000004     oled_ui.o (.rodata.str1.12182588061437138428.1)
                  00012a83    00000004     oled_ui.o (.rodata.str1.12571791089077708471.1)
                  00012a87    00000004     oled_ui.o (.rodata.str1.12617122458660443890.1)
                  00012a8b    00000004     oled_ui.o (.rodata.str1.1276391367487699528.1)
                  00012a8f    00000004     oled_ui.o (.rodata.str1.12888220461447056082.1)
                  00012a93    00000004     oled_ui.o (.rodata.str1.12983537867572525563.1)
                  00012a97    00000004     oled_ui.o (.rodata.str1.13244290092665904221.1)
                  00012a9b    00000004     oled_ui.o (.rodata.str1.13271657277589579873.1)
                  00012a9f    00000004     fault.o (.rodata.str1.13582094816268305212.1)
                  00012aa3    00000004     oled_ui.o (.rodata.str1.13875148296791986931.1)
                  00012aa7    00000004     oled_ui.o (.rodata.str1.13882251010780863896.1)
                  00012aab    00000004     oled_ui.o (.rodata.str1.13892659840332223045.1)
                  00012aaf    00000004     vision_tuning_console.o (.rodata.str1.14084955404328172175.1)
                  00012ab3    00000004     oled_ui.o (.rodata.str1.14132186318895045592.1)
                  00012ab7    00000004     oled_ui.o (.rodata.str1.14134189893851348960.1)
                  00012abb    00000004     oled_ui.o (.rodata.str1.14265077442249237877.1)
                  00012abf    00000004     oled_ui.o (.rodata.str1.14675223611663555778.1)
                  00012ac3    00000004     oled_ui.o (.rodata.str1.14740362735394205067.1)
                  00012ac7    00000004     oled_ui.o (.rodata.str1.15008238333949226094.1)
                  00012acb    00000004     oled_ui.o (.rodata.str1.15575624326185233262.1)
                  00012acf    00000004     oled_ui.o (.rodata.str1.15577080202403550426.1)
                  00012ad3    00000004     oled_ui.o (.rodata.str1.15802367878353263018.1)
                  00012ad7    00000004     oled_ui.o (.rodata.str1.15935041339501476673.1)
                  00012adb    00000004     menu.o (.rodata.str1.16312125044762562515.1)
                  00012adf    00000004     fault.o (.rodata.str1.16482347271627360806.1)
                  00012ae3    00000004     oled_ui.o (.rodata.str1.16496169091617228061.1)
                  00012ae7    00000004     vision_pitch_tuning.o (.rodata.str1.16579632732967443104.1)
                  00012aeb    00000004     oled_ui.o (.rodata.str1.16635595130967924751.1)
                  00012aef    00000004     oled_ui.o (.rodata.str1.16849766574302683489.1)
                  00012af3    00000004     menu.o (.rodata.str1.17041139162815566052.1)
                  00012af7    00000004     oled_ui.o (.rodata.str1.17274519358952562110.1)
                  00012afb    00000004     oled_ui.o (.rodata.str1.17719310104486814868.1)
                  00012aff    00000004     oled_ui.o (.rodata.str1.17763996158807330232.1)
                  00012b03    00000004     oled_ui.o (.rodata.str1.17881291656140238186.1)
                  00012b07    00000004     oled_ui.o (.rodata.str1.18190418239766617312.1)
                  00012b0b    00000004     oled_ui.o (.rodata.str1.182352409660151230.1)
                  00012b0f    00000004     oled_ui.o (.rodata.str1.18266126048138325213.1)
                  00012b13    00000004     oled_ui.o (.rodata.str1.18379317056176403938.1)
                  00012b17    00000004     oled_ui.o (.rodata.str1.1974573040514735405.1)
                  00012b1b    00000004     oled_ui.o (.rodata.str1.2193316011307952170.1)
                  00012b1f    00000004     oled_ui.o (.rodata.str1.240075016795266086.1)
                  00012b23    00000004     oled_ui.o (.rodata.str1.270145429241168923.1)
                  00012b27    00000004     oled_ui.o (.rodata.str1.2983744876309220570.1)
                  00012b2b    00000004     oled_ui.o (.rodata.str1.3407221357956504873.1)
                  00012b2f    00000004     oled_ui.o (.rodata.str1.344790106308886506.1)
                  00012b33    00000004     oled_ui.o (.rodata.str1.3455423528827705371.1)
                  00012b37    00000004     oled_ui.o (.rodata.str1.3467953211977455017.1)
                  00012b3b    00000004     oled_ui.o (.rodata.str1.4193589846040060630.1)
                  00012b3f    00000004     oled_ui.o (.rodata.str1.4402311448527872260.1)
                  00012b43    00000004     oled_ui.o (.rodata.str1.4581686099848791648.1)
                  00012b47    00000004     oled_ui.o (.rodata.str1.4582914374586912483.1)
                  00012b4b    00000004     oled_ui.o (.rodata.str1.4691821198597473371.1)
                  00012b4f    00000004     oled_ui.o (.rodata.str1.4723632947289500520.1)
                  00012b53    00000004     oled_ui.o (.rodata.str1.5004483696121082904.1)
                  00012b57    00000004     oled_ui.o (.rodata.str1.5689016102676777062.1)
                  00012b5b    00000004     oled_ui.o (.rodata.str1.5853739094453432564.1)
                  00012b5f    00000004     oled_ui.o (.rodata.str1.58703915094955230.1)
                  00012b63    00000004     oled_ui.o (.rodata.str1.5965450730569173784.1)
                  00012b67    00000004     oled_ui.o (.rodata.str1.5965888106848176421.1)
                  00012b6b    00000004     oled_ui.o (.rodata.str1.6350830172869379626.1)
                  00012b6f    00000004     oled_ui.o (.rodata.str1.6835749436006845616.1)
                  00012b73    00000004     menu.o (.rodata.str1.6857549598058878762.1)
                  00012b77    00000004     oled_ui.o (.rodata.str1.7185587941321649510.1)
                  00012b7b    00000004     oled_ui.o (.rodata.str1.7205245123442117851.1)
                  00012b7f    00000004     fault.o (.rodata.str1.7255546073596598018.1)
                  00012b83    00000004     oled_ui.o (.rodata.str1.763101100280173925.1)
                  00012b87    00000004     oled_ui.o (.rodata.str1.8124536758062367015.1)
                  00012b8b    00000004     oled_ui.o (.rodata.str1.8449035241871861290.1)
                  00012b8f    00000004     oled_ui.o (.rodata.str1.8471462185882660445.1)
                  00012b93    00000004     oled_ui.o (.rodata.str1.8709745090823444516.1)
                  00012b97    00000004     oled_ui.o (.rodata.str1.8783421139296713095.1)
                  00012b9b    00000004     oled_ui.o (.rodata.str1.8950259614286592359.1)
                  00012b9f    00000004     vision_tuning_console.o (.rodata.str1.9292707793305368794.1)
                  00012ba3    00000004     oled_ui.o (.rodata.str1.9351772214919528733.1)
                  00012ba7    00000004     vision_yaw_tuning.o (.rodata.str1.9489746196023004463.1)
                  00012bab    00000004     oled_ui.o (.rodata.str1.9584387800903135389.1)
                  00012baf    00000004     oled_ui.o (.rodata.str1.9646571805098343045.1)
                  00012bb3    00000004     oled_ui.o (.rodata.str1.967006512144173535.1)
                  00012bb7    00000004     oled_ui.o (.rodata.str1.9854382722193312766.1)
                  00012bbb    00000004     oled_ui.o (.rodata.str1.9992244628984851027.1)
                  00012bbf    00000003     ti_msp_dl_config.o (.rodata.gPWM_MOTORClockConfig)
                  00012bc2    00000003     oled_ui.o (.rodata.str1.10430294223631918979.1)
                  00012bc5    00000003     vision_pitch_tuning.o (.rodata.str1.10553819018306626402.1)
                  00012bc8    00000003     oled_ui.o (.rodata.str1.10907125332684471422.1)
                  00012bcb    00000003     oled_ui.o (.rodata.str1.11388022865931857840.1)
                  00012bce    00000003     oled_ui.o (.rodata.str1.11614055506586029288.1)
                  00012bd1    00000003     oled_ui.o (.rodata.str1.11794000050372113979.1)
                  00012bd4    00000003     vision_tuning_console.o (.rodata.str1.12197883643583142124.1)
                  00012bd7    00000003     oled_ui.o (.rodata.str1.12697925274637991987.1)
                  00012bda    00000003     oled_ui.o (.rodata.str1.12928245060369742404.1)
                  00012bdd    00000003     oled_ui.o (.rodata.str1.130772507669342127.1)
                  00012be0    00000003     menu.o (.rodata.str1.13124720451672825294.1)
                  00012be3    00000003     oled_ui.o (.rodata.str1.13750180467131823662.1)
                  00012be6    00000003     oled_ui.o (.rodata.str1.13871579367539052597.1)
                  00012be9    00000003     menu.o (.rodata.str1.14098755746347272832.1)
                  00012bec    00000003     oled_ui.o (.rodata.str1.14556837007311414654.1)
                  00012bef    00000003     oled_ui.o (.rodata.str1.14711868471336838103.1)
                  00012bf2    00000003     oled_ui.o (.rodata.str1.14774750633985060196.1)
                  00012bf5    00000003     vision_pitch_tuning.o (.rodata.str1.15082469624955958926.1)
                  00012bf8    00000003     vision_yaw_tuning.o (.rodata.str1.15455206247194842411.1)
                  00012bfb    00000003     oled_ui.o (.rodata.str1.15859922799842739878.1)
                  00012bfe    00000003     oled_ui.o (.rodata.str1.16290499236105125126.1)
                  00012c01    00000003     vision_tuning_console.o (.rodata.str1.16336339630363933256.1)
                  00012c04    00000003     oled_ui.o (.rodata.str1.16554583589798097927.1)
                  00012c07    00000003     vision_pitch_tuning.o (.rodata.str1.17185918124541117546.1)
                  00012c0a    00000003     oled_ui.o (.rodata.str1.17242430504649735449.1)
                  00012c0d    00000003     oled_ui.o (.rodata.str1.17436941090773226089.1)
                  00012c10    00000003     oled_ui.o (.rodata.str1.17763087492223448992.1)
                  00012c13    00000003     oled_ui.o (.rodata.str1.17812014771544466701.1)
                  00012c16    00000003     oled_ui.o (.rodata.str1.17884296644359297425.1)
                  00012c19    00000003     vision_pitch_tuning.o (.rodata.str1.18308346119964257230.1)
                  00012c1c    00000003     vision_pitch_tuning.o (.rodata.str1.2353024170771920291.1)
                  00012c1f    00000003     oled_ui.o (.rodata.str1.2714695401222167146.1)
                  00012c22    00000003     oled_ui.o (.rodata.str1.3025253791635144717.1)
                  00012c25    00000003     vision_yaw_tuning.o (.rodata.str1.4032468970572441659.1)
                  00012c28    00000003     oled_ui.o (.rodata.str1.4082595774073207366.1)
                  00012c2b    00000003     menu.o (.rodata.str1.4646809750356241979.1)
                  00012c2e    00000003     oled_ui.o (.rodata.str1.5463568455719735.1)
                  00012c31    00000003     vision_yaw_tuning.o (.rodata.str1.6393086909333857079.1)
                  00012c34    00000003     oled_ui.o (.rodata.str1.6473435968988645044.1)
                  00012c37    00000003     vision_yaw_tuning.o (.rodata.str1.6657421771701333087.1)
                  00012c3a    00000003     oled_ui.o (.rodata.str1.6744096065564390185.1)
                  00012c3d    00000003     oled_ui.o (.rodata.str1.7050595558965647569.1)
                  00012c40    00000003     oled_ui.o (.rodata.str1.7481335054564682966.1)
                  00012c43    00000003     fault.o (.rodata.str1.8193046109637024842.1)
                  00012c46    00000003     oled_ui.o (.rodata.str1.9250665025187963892.1)
                  00012c49    00000003     oled_ui.o (.rodata.str1.9544068167406571052.1)
                  00012c4c    00000002     oled_ui.o (.rodata.str1.14168333168339663346.1)
                  00012c4e    00000002     oled_ui.o (.rodata.str1.15917848551323629232.1)
                  00012c50    00000002     oled_ui.o (.rodata.str1.17717236995185551183.1)
                  00012c52    00000002     oled_ui.o (.rodata.str1.5291836437463020264.1)
                  00012c54    00000002     oled_ui.o (.rodata.str1.799718701096035713.1)
                  00012c56    00000002     --HOLE-- [fill = 0]

.init_array 
*          0    00000000    00000000     UNINITIALIZED

.binit     0    00000000    00000000     

.bss       0    20200000    0000117d     UNINITIALIZED
                  20200000    00000400     oled.o (.bss.g_oledFrame)
                  20200400    00000200     vision_receiver.o (.bss.g_ring)
                  20200600    000001b8     runtime_snapshot.o (.bss.g_snapshot)
                  202007b8    00000100     vision_tuning_console.o (.bss.g_rxRing)
                  202008b8    00000100     vision_tuning_console.o (.bss.g_txRing)
                  202009b8    000000f8     (.common:g_appConfig)
                  20200ab0    00000084     (.common:g_imuRuntime)
                  20200b34    0000007c     motor_control.o (.bss.g_runtime)
                  20200bb0    00000058     vision_receiver.o (.bss.g_status)
                  20200c08    00000058     (.common:g_wheelSpeedEstimatorRuntime)
                  20200c60    00000054     (.common:g_appRuntime)
                  20200cb4    00000048     gimbal_vision_adapter.o (.bss.g_feedback)
                  20200cfc    00000004     imu.o (.bss.g_elapsedSinceValidSampleMs)
                  20200d00    00000040     gimbal.o (.bss.g_feedback)
                  20200d40    00000040     vision_tuning_console.o (.bss.g_line)
                  20200d80    00000040     line_controller.o (.bss.g_lineRuntime)
                  20200dc0    00000040     gimbal.o (.bss.g_pitchFeedback)
                  20200e00    00000030     (.common:gUART_VISIONBackup)
                  20200e30    0000002c     vision_receiver.o (.bss.g_observation)
                  20200e5c    0000002c     empty.o (.bss.g_schedulerStats)
                  20200e88    00000028     gimbal_tracker.o (.bss.g_feedback)
                  20200eb0    00000028     vision_receiver.o (.bss.g_frame)
                  20200ed8    00000024     gimbal_vision_yaw_tracker.o (.bss.g_feedback)
                  20200efc    0000001c     mission_manager.o (.bss.g_missionRuntime)
                  20200f18    0000001c     (.common:g_headingRuntime)
                  20200f34    00000018     obstacle_avoidance.o (.bss.g_avoidFeedback)
                  20200f4c    00000004     gimbal_tracker.o (.bss.g_filteredErrorX)
                  20200f50    00000018     gimbal_stepper.o (.bss.g_feedback)
                  20200f68    00000018     gimbal_vision_pitch_tracker.o (.bss.g_feedback)
                  20200f80    00000018     vision_pitch_tuning.o (.bss.g_status)
                  20200f98    00000018     vision_tuning_console.o (.bss.g_status)
                  20200fb0    00000014     motion_action.o (.bss.g_motionActionRuntime)
                  20200fc4    00000004     gimbal_tracker.o (.bss.g_filteredErrorY)
                  20200fc8    00000014     vision_yaw_tuning.o (.bss.g_status)
                  20200fdc    00000014     watchdog_monitor.o (.bss.g_status)
                  20200ff0    00000010     fault.o (.bss.g_faultRecord)
                  20201000    00000010     motor.o (.bss.g_motorRuntime)
                  20201010    0000000e     car_controller.o (.bss.g_carControllerFeedback)
                  2020101e    00000002     ultrasonic.o (.bss.g_echoTicks)
                  20201020    0000000e     ultrasonic.o (.bss.g_ultrasonicFeedback)
                  2020102e    00000002     gimbal.o (.bss.g_pitchHalfPeriodTicks)
                  20201030    0000000c     gimbal_tracker.o (.bss.g_observation)
                  2020103c    0000000c     debug_telemetry.o (.bss.g_status)
                  20201048    00000008     obstacle_monitor.o (.bss.g_obstacleFeedback)
                  20201050    00000008     gimbal.o (.bss.g_pitchContinuousDegX10)
                  20201058    00000008     gimbal.o (.bss.g_pitchEstimatedSteps)
                  20201060    00000008     gimbal.o (.bss.g_pitchTargetDegX10)
                  20201068    00000008     gimbal.o (.bss.g_pitchTargetEstimatedSteps)
                  20201070    00000008     gimbal_stepper.o (.bss.g_stepperEstimatedSteps)
                  20201078    00000008     gimbal_stepper.o (.bss.g_stepperTargetEstimatedSteps)
                  20201080    00000008     gimbal.o (.bss.g_yawContinuousDegX10)
                  20201088    00000008     gimbal.o (.bss.g_yawLockedWorldYawDegX10)
                  20201090    00000008     gimbal.o (.bss.g_yawTargetContinuousDegX10)
                  20201098    00000008     gimbal.o (.bss.g_yawWorldTargetDegX10)
                  202010a0    00000008     gimbal.o (.bss.g_yawWrappedDegX10)
                  202010a8    00000006     ultrasonic.o (.bss.g_distanceSamples)
                  202010ae    00000006     key.o (.bss.g_key1)
                  202010b4    00000006     key.o (.bss.g_key2)
                  202010ba    00000006     key.o (.bss.g_key3)
                  202010c0    00000004     gimbal_vision_adapter.o (.bss.g_lastAcceptedFrameCount)
                  202010c4    00000004     debug_telemetry.o (.bss.g_lastFrameMs)
                  202010c8    00000004     watchdog_monitor.o (.bss.g_lastTickMs)
                  202010cc    00000004     wheel_speed_estimator.o (.bss.g_latchedErrorFlags)
                  202010d0    00000004     empty.o (.bss.g_localTimeMs)
                  202010d4    00000004     encoder.o (.bss.g_motorAPulses)
                  202010d8    00000004     encoder.o (.bss.g_motorBPulses)
                  202010dc    00000004     gimbal.o (.bss.g_pitchCommandedRpm)
                  202010e0    00000004     gimbal.o (.bss.g_pitchCompletedSteps)
                  202010e4    00000004     gimbal_tracker.o (.bss.g_pitchTargetDeg)
                  202010e8    00000004     gimbal.o (.bss.g_pitchTargetRpm)
                  202010ec    00000004     gimbal.o (.bss.g_pitchTrackingTargetRpm)
                  202010f0    00000004     imu.o (.bss.g_previousValidCorrectedGyroZDps)
                  202010f4    00000004     servo.o (.bss.g_servoFeedback)
                  202010f8    00000004     gimbal_vision_yaw_tracker.o (.bss.g_sessionId)
                  202010fc    00000004     gimbal_stepper.o (.bss.g_stepperCompletedSteps)
                  20201100    00000004     gimbal_vision_yaw_tracker.o (.bss.g_targetWrappedDeg)
                  20201104    00000004     gimbal.o (.bss.g_yawCommandedRpm)
                  20201108    00000004     gimbal.o (.bss.g_yawTargetRpm)
                  2020110c    00000004     gimbal_tracker.o (.bss.g_yawTargetWrappedDeg)
                  20201110    00000004     empty.o (.bss.main.lastAppUpdateMs)
                  20201114    00000002     gimbal.o (.bss.g_pitchStepHalfPeriodTicks)
                  20201116    00000002     obstacle_avoidance.o (.bss.g_resumeGraceMs)
                  20201118    00000002     vision_receiver.o (.bss.g_ringHead)
                  2020111a    00000002     vision_receiver.o (.bss.g_ringTail)
                  2020111c    00000002     vision_tuning_console.o (.bss.g_rxHead)
                  2020111e    00000002     vision_tuning_console.o (.bss.g_rxTail)
                  20201120    00000002     servo.o (.bss.g_servoPwmPhase)
                  20201122    00000002     ultrasonic.o (.bss.g_stateTicks)
                  20201124    00000002     gimbal_stepper.o (.bss.g_stepperHalfPeriodTicks)
                  20201126    00000002     gimbal_stepper.o (.bss.g_stepperStepHalfPeriodTicks)
                  20201128    00000002     vision_tuning_console.o (.bss.g_txHead)
                  2020112a    00000002     vision_tuning_console.o (.bss.g_txTail)
                  2020112c    00000002     menu.o (.bss.menu_handle_status_key.trackerSequence)
                  2020112e    00000002     (.common:g_trackError)
                  20201130    00000001     oled_ui.o (.bss.OledUi_Update_20ms.flushRow)
                  20201131    00000001     oled_ui.o (.bss.OledUi_Update_20ms.refreshDivider)
                  20201132    00000001     empty.o (.bss.SysTick_Handler.controlMsCount)
                  20201133    00000001     empty.o (.bss.SysTick_Handler.gimbalMsCount)
                  20201134    00000001     empty.o (.bss.SysTick_Handler.tick100usCount)
                  20201135    00000001     empty.o (.bss.SysTick_Handler.trackerMsCount)
                  20201136    00000001     ultrasonic.o (.bss.Ultrasonic_Update_20ms.triggerDivider)
                  20201137    00000001     empty.o (.bss.g_appUpdatePending)
                  20201138    00000001     vision_tuning_console.o (.bss.g_capturing)
                  20201139    00000001     car_state.o (.bss.g_carState)
                  2020113a    00000001     obstacle_monitor.o (.bss.g_centerSettleTicks)
                  2020113b    00000001     vision_tuning_console.o (.bss.g_commandTarget)
                  2020113c    00000001     ultrasonic.o (.bss.g_distanceSampleCount)
                  2020113d    00000001     ultrasonic.o (.bss.g_distanceSampleIndex)
                  2020113e    00000001     emergency_stop.o (.bss.g_emergencyStopActive)
                  2020113f    00000001     gimbal_tracker.o (.bss.g_enabled)
                  20201140    00000001     gimbal_vision_pitch_tracker.o (.bss.g_enabled)
                  20201141    00000001     gimbal_vision_yaw_tracker.o (.bss.g_enabled)
                  20201142    00000001     watchdog_monitor.o (.bss.g_faultApplied)
                  20201143    00000001     watchdog_monitor.o (.bss.g_faultPending)
                  20201144    00000001     gimbal_tracker.o (.bss.g_filterReady)
                  20201145    00000001     vision_receiver.o (.bss.g_frameSize)
                  20201146    00000001     empty.o (.bss.g_gimbalUpdatePending)
                  20201147    00000001     imu.o (.bss.g_integrationHistoryValid)
                  20201148    00000001     wheel_speed_estimator.o (.bss.g_leftFilterInitialized)
                  20201149    00000001     vision_tuning_console.o (.bss.g_lineSize)
                  2020114a    00000001     obstacle_safety.o (.bss.g_obstacleSafetyHolding)
                  2020114b    00000001     oled.o (.bss.g_oledColumn)
                  2020114c    00000001     menu.o (.bss.g_oledPage)
                  2020114d    00000001     oled.o (.bss.g_oledPage)
                  2020114e    00000001     encoder.o (.bss.g_overflowFlags)
                  2020114f    00000001     menu.o (.bss.g_paramItem)
                  20201150    00000001     menu.o (.bss.g_paramReturnPage)
                  20201151    00000001     key.o (.bss.g_pendingEvent)
                  20201152    00000001     gimbal.o (.bss.g_pitchControlMode)
                  20201153    00000001     gimbal.o (.bss.g_pitchDirection)
                  20201154    00000001     gimbal.o (.bss.g_pitchInitialized)
                  20201155    00000001     gimbal.o (.bss.g_pitchLimitClamped)
                  20201156    00000001     gimbal.o (.bss.g_pitchLimitDirection)
                  20201157    00000001     gimbal.o (.bss.g_pitchPositionValid)
                  20201158    00000001     gimbal.o (.bss.g_pitchRunning)
                  20201159    00000001     gimbal.o (.bss.g_pitchStepHigh)
                  2020115a    00000001     gimbal.o (.bss.g_pitchStopAfterStepLow)
                  2020115b    00000001     vision_tuning_console.o (.bss.g_prefixIndex)
                  2020115c    00000001     vision_tuning_console.o (.bss.g_prefixTarget)
                  2020115d    00000001     wheel_speed_estimator.o (.bss.g_rightFilterInitialized)
                  2020115e    00000001     car_controller.o (.bss.g_safetyHold)
                  2020115f    00000001     gimbal_vision_yaw_tracker.o (.bss.g_sessionInitialized)
                  20201160    00000001     imu.o (.bss.g_shortGapPending)
                  20201161    00000001     gimbal_tracker.o (.bss.g_simObservationUpdatesRemaining)
                  20201162    00000001     obstacle_avoidance.o (.bss.g_stateStarted)
                  20201163    00000001     gimbal_stepper.o (.bss.g_stepperDirection)
                  20201164    00000001     gimbal_stepper.o (.bss.g_stepperRunning)
                  20201165    00000001     gimbal_stepper.o (.bss.g_stepperStepHigh)
                  20201166    00000001     gimbal_stepper.o (.bss.g_stepperStopAfterStepLow)
                  20201167    00000001     motor_control.o (.bss.g_targetRefreshed)
                  20201168    00000001     gimbal_vision_yaw_tracker.o (.bss.g_targetSynced)
                  20201169    00000001     gimbal_tracker.o (.bss.g_targetValid)
                  2020116a    00000001     gimbal_tracker.o (.bss.g_targetsSynced)
                  2020116b    00000001     empty.o (.bss.g_trackerUpdatePending)
                  2020116c    00000001     gimbal_tracker.o (.bss.g_trackingActive)
                  2020116d    00000001     gimbal_vision_pitch_tracker.o (.bss.g_trackingActive)
                  2020116e    00000001     gimbal_vision_yaw_tracker.o (.bss.g_trackingActive)
                  2020116f    00000001     ultrasonic.o (.bss.g_triggerRequest)
                  20201170    00000001     ultrasonic.o (.bss.g_ultrasonicState)
                  20201171    00000001     gimbal.o (.bss.g_yawLimitClamped)
                  20201172    00000001     gimbal.o (.bss.g_yawLimitDirection)
                  20201173    00000001     gimbal.o (.bss.g_yawPositionValid)
                  20201174    00000001     gimbal.o (.bss.g_yawWorldLockEnabled)
                  20201175    00000001     (.common:g_carStateDebug)
                  20201176    00000001     (.common:g_keyEvent)
                  20201177    00000001     (.common:g_oledPageDebug)
                  20201178    00000001     (.common:g_paramItemDebug)
                  20201179    00000001     (.common:g_trackBlackCount)
                  2020117a    00000001     (.common:g_trackModeDebug)
                  2020117b    00000001     (.common:g_trackRaw)
                  2020117c    00000001     (.common:g_trackTurnDebug)

.data      0    2020117d    00000001     UNINITIALIZED
                  2020117d    00000001     car_controller.o (.data.g_followTurnPolicy)

.stack     0    20207e00    00000200     UNINITIALIZED
                  20207e00    00000004     libc.a : boot_cortex_m.c.obj (.stack)
                  20207e04    000001fc     --HOLE--

__llvm_prf_cnts 
*          0    20200000    00000000     UNINITIALIZED

__llvm_prf_bits 
*          0    20200000    00000000     UNINITIALIZED

MODULE SUMMARY

       Module                          code    ro data   rw data
       ------                          ----    -------   -------
    .\
       oled_ui.o                       13504   1085      2      
       vision_tuning_console.o         9616    102       613    
       gimbal.o                        7528    0         241    
       car_controller.o                4560    0         100    
       imu.o                           4252    0         142    
       oled.o                          2006    406       1026   
       motor_control.o                 2768    0         125    
       gimbal_tracker.o                2576    0         74     
       line_controller.o               2112    0         64     
       gimbal_vision_yaw_tracker.o     2124    0         48     
       app_config.o                    1848    0         248    
       vision_receiver.o               1112    0         689    
       runtime_snapshot.o              1136    0         440    
       gimbal_stepper.o                1412    0         52     
       menu.o                          1336    70        5      
       wheel_speed_estimator.o         1292    0         94     
       mission_manager.o               1260    0         28     
       motion_action.o                 1160    0         20     
       obstacle_avoidance.o            1142    0         27     
       gimbal_vision_pitch_tracker.o   864     0         26     
       motor.o                         776     0         16     
       empty.o                         676     0         59     
       vision_protocol.o               732     0         0      
       ti_msp_dl_config.o              636     23        48     
       ultrasonic.o                    596     0         29     
       mission_library.o               256     294       0      
       key.o                           436     0         19     
       app.o                           410     0         10     
       fault.o                         296     65        16     
       track_sensor.o                  372     0         0      
       heading_control.o               340     0         28     
       vision_pitch_tuning.o           268     48        24     
       watchdog_monitor.o              292     0         26     
       vision_yaw_tuning.o             248     41        20     
       gimbal_vision_adapter.o         228     0         76     
       encoder.o                       276     0         9      
       obstacle_safety.o               264     0         1      
       obstacle_monitor.o              192     0         9      
       startup_mspm0g350x_ticlang.o    6       192       0      
       angle_utils.o                   192     0         0      
       servo.o                         176     0         6      
       emergency_stop.o                176     0         1      
       vision_uart.o                   164     0         0      
       debug_telemetry.o               56      0         16     
       car_state.o                     36      0         1      
    +--+-------------------------------+-------+---------+---------+
       Total:                          71708   2326      4478   
                                                                
    C:/TI/mspm0_sdk_2_05_01_00/source/ti/driverlib/lib/ticlang/m0p/mspm0g1x0x_g3x0x/driverlib.a
       dl_timer.o                      388     0         0      
       dl_uart.o                       90      0         0      
       dl_common.o                     10      0         0      
    +--+-------------------------------+-------+---------+---------+
       Total:                          488     0         0      
                                                                
    D:\TI\CCS\ccs\tools\compiler\ti-cgt-armllvm_4.0.4.LTS\lib\armv6m-ti-none-eabi/c/libc.a
       memcpy16.S.obj                  154     0         0      
       strcmp-armv6m.S.obj             136     0         0      
       copy_decompress_lzss.c.obj      124     0         0      
       memset16.S.obj                  98      0         0      
       autoinit.c.obj                  60      0         0      
       boot_cortex_m.c.obj             56      0         0      
       memmov.c.obj                    40      0         0      
       copy_decompress_none.c.obj      18      0         0      
       copy_zero_init.c.obj            16      0         0      
       exit.c.obj                      6       0         0      
       pre_init.c.obj                  4       0         0      
    +--+-------------------------------+-------+---------+---------+
       Total:                          712     0         0      
[...]
0000349d  VisionTuningConsole_Process               
00005271  AppConfig_LimitAll                        
000057bd  LineController_Update                     
00005cad  Menu_HandleKeyEvent                       
00006135  GimbalTracker_Update                      
000065b1  RuntimeSnapshot_Update                    
00006e4d  WheelSpeedEstimator_Update                
00007271  Imu_Update                                
00007651  VisionReceiver_Process                    
00007a01  GimbalVisionYawTracker_Update10ms         
00007d89  Imu_Init                                  
0000846d  ObstacleAvoidance_Update_20ms             
00009059  Gimbal_YawSetWrappedTargetDeg             
000092f1  Gimbal_YawUpdate5ms                       
00009585  Gimbal_PitchSetTrackingSpeedDegS          
00009815  MotorControl_Update                       
00009aa1  MotionAction_Update_20ms                  
0000a1b9  Imu_CalibrateGyroBias                     
0000a3e9  GimbalVisionPitchTracker_Update10ms       
0000a611  Motor_SetSpeed                            
0000a815  VisionProtocol_ParseV1TargetFrame         
0000aa09  AppConfig_InitDefault                     
0000b191  Gimbal_PitchUpdate5ms                     
0000b505  Ultrasonic_Tick100us                      
0000b6a5  CarController_Update_20ms                 
0000b83d  GimbalStepper_Tick100us                   
0000b9d1  GimbalVisionYawTracker_Enable             
0000bb59  Gimbal_PitchTick100us                     
0000be59  GimbalStepper_MoveToEstimatedSteps        
0000bfd5  Key_Update_20ms                           
0000c149  OLED_FlushPage                            
0000c2b9  Gimbal_Init                               
0000c425  OLED_PrintInt16                           
0000c591  main                                      
0000cd95  Gimbal_YawEnableWorldLock                 
0000cebd  OLED_Init                                 
0000d349  LineController_Reset                      
0000d465  App_Update_20ms                           
0000d57d  MotionAction_Start                        
0000d695  CarController_StartDriveDistance          
0000d9bd  DL_Timer_initFourCCPWMMode                
0000dac1  LineController_ResetControlState          
0000dbc5  MissionManager_Update_20ms                
0000dcc9  MotorControl_SetNormalizedTarget          
0000ddc9  Gimbal_PitchRelease                       
0000dec5  SysTick_Handler                           
0000dfc1  LineController_Init                       
0000e0b9  Gimbal_PitchStopHold                      
0000e1a9  HeadingControl_Update                     
0000e469  CarController_StartTurnToYawRelative      
0000e54d  MissionManager_SelectNext                 
0000e631  ObstacleSafety_Update_20ms                
0000e711  WheelSpeedEstimator_Init                  
0000e7f1  CarController_StartDriveHeading           
0000e8cd  Gimbal_PitchConfirmZero                   
0000e9a9  SYSCFG_DL_GPIO_init                       
0000eb61  OLED_PrintUInt16                          
0000ec39  __aeabi_fsub                              
0000ec39  __subsf3                                  
0000ec43  __addsf3                                  
0000ec43  __aeabi_fadd                              
0000ed11  MissionManager_SelectPrevious             
0000eddd  FaultCode_ToShortString                   
0000eea5  Gimbal_YawConfirmZero                     
0000ef6d  MissionLibrary_Validate                   
0000f031  Angle_Normalize180                        
0000f0f1  CarController_StartFollowLine             
0000f1ad  GimbalStepper_StopHold                    
0000f261  GimbalVisionAdapter_Update                
0000f315  CarController_StartTurnRight90            
0000f3c5  GimbalStepper_Init                        
0000f475  Gimbal_PitchMoveRelativeDeg               
0000f525  CarController_StartTurnLeft90             
0000f5d1  GimbalVisionPitchTracker_Enable           
0000f679  Encoder_HandleGpioInterrupt               
0000f7c1  __udivmoddi4                              
0000f863  ADC0_IRQHandler                           
0000f863  ADC1_IRQHandler                           
0000f863  AES_IRQHandler                            
0000f863  CANFD0_IRQHandler                         
0000f863  DAC0_IRQHandler                           
0000f863  DMA_IRQHandler                            
0000f863  Default_Handler                           
0000f863  GROUP0_IRQHandler                         
0000f863  HardFault_Handler                         
0000f863  I2C0_IRQHandler                           
0000f863  I2C1_IRQHandler                           
0000f863  NMI_Handler                               
0000f863  PendSV_Handler                            
0000f863  RTC_IRQHandler                            
0000f863  SPI0_IRQHandler                           
0000f863  SPI1_IRQHandler                           
0000f863  SVC_Handler                               
0000f863  TIMA0_IRQHandler                          
0000f863  TIMA1_IRQHandler                          
0000f863  TIMG0_IRQHandler                          
0000f863  TIMG12_IRQHandler                         
0000f863  TIMG6_IRQHandler                          
0000f863  TIMG7_IRQHandler                          
0000f863  TIMG8_IRQHandler                          
0000f863  UART0_IRQHandler                          
0000f863  UART1_IRQHandler                          
0000f863  UART2_IRQHandler                          
0000f865  CarController_ResetRuntime                
0000f905  ObstacleMonitor_Update_20ms               
0000f9a1  memcpy                                    
0000fa3b  TrackSensor_Init                          
0000fb6d  Gimbal_YawDisableWorldLock                
0000fbf9  Gimbal_YawStopHold                        
0000fc85  SYSCFG_DL_PWM_MOTOR_init                  
0000fd11  __aeabi_fmul                              
0000fd11  __mulsf3                                  
0000fe29  CarController_GetFeedback                 
0000fe31  strcmp                                    
0000feb9  GimbalStepper_ConfirmZero                 
0000ff3d  GimbalTracker_PushObservation             
0000ffc1  Motor_Init                                
00010045  App_Init                                  
000100c7  __aeabi_idiv0                             
000100c9  __aeabi_fdiv                              
000100c9  __divsf3                                  
0001014b  __aeabi_ldiv0                             
0001014d  CarController_SetSafetyHold               
000101cd  GimbalTracker_Init                        
0001024d  Motor_Stop                                
000102cd  VisionPitchTuning_Set                     
00010349  __TI_decompress_lzss                      
000104b1  GimbalStepper_Release                     
00010521  SYSCFG_DL_UART_VISION_init                
00010591  VisionYawTuning_Set                       
00010601  TrackSensor_DetectTurn                    
00010671  GimbalVisionYawTracker_Init               
000106dd  MissionManager_GetSelectedMissionIndex    
000107ad  TrackSensor_GetErrorFromRaw               
00010815  Gimbal_YawRelease                         
00010879  Menu_GetParamValue                        
000108dd  __aeabi_fcmpeq                            
000108f1  __aeabi_fcmplt                            
00010905  __aeabi_fcmple                            
00010919  __aeabi_fcmpge                            
0001092d  __aeabi_fcmpgt                            
0001093f  memset                                    
000109a1  GimbalTracker_Enable                      
00010a01  GimbalTracker_GetFeedback                 
00010a61  VisionTuningConsole_Init                  
00010ac1  __aeabi_f2lz                              
00010ac1  __fixsfdi                                 
00010b21  UART3_IRQHandler                          
00010b7d  Ultrasonic_Update_20ms                    
00010c35  Gimbal_YawMoveRelativeDeg                 
00010c8d  OLED_PrintChar                            
00010ce5  __aeabi_idiv                              
00010ce5  __aeabi_idivmod                           
00010d3d  TrackSensor_ReadRaw                       
00010e39  Ultrasonic_Init                           
00010e89  WatchdogMonitor_ApplyFaultIfNeeded        
00010ed9  __aeabi_l2f                               
00010ed9  __floatdisf                               
00010f29  MissionManager_Start                      
00010f75  MotorControl_Stop                         
00010fc1  WatchdogMonitor_Tick1msFromIsr            
00011059  CarController_Stop                        
000110a1  DL_UART_init                              
000110e9  MotionAction_ReapplyControllerTarget      
00011131  Encoder_GetAndClearPulseDeltas            
00011175  Imu_ResetYaw                              
000111b9  Servo_Tick100us                           
000111fd  EmergencyStop_Reset                       
0001123d  GimbalVisionPitchTracker_Init             
0001127d  MissionManager_Init                       
000112bd  SYSCFG_DL_SYSCTL_init                     
000112fd  SYSCFG_DL_initPower                       
0001133d  VisionReceiver_PushByteFromIsr            
0001137d  __aeabi_uidiv                             
0001137d  __aeabi_uidivmod                          
000113bd  __divmoddi4                               
000113fd  GimbalTracker_ClearObservation            
00011439  Servo_SetAngleDeg                         
00011475  VisionTuningConsole_PushByteFromIsr       
000114b1  __aeabi_i2f                               
000114b1  __floatsisf                               
000114ed  __gesf2                                   
000114ed  __gtsf2                                   
00011529  __TI_auto_init_nobinit_nopinit            
00011565  __cmpsf2                                  
00011565  __eqsf2                                   
00011565  __lesf2                                   
00011565  __ltsf2                                   
00011565  __nesf2                                   
000115a1  __muldsi3                                 
000115dd  VisionReceiver_Init                       
00011615  __aeabi_f2iz                              
00011615  __fixsfsi                                 
0001164d  EmergencyStop_Trigger                     
00011681  Imu_IsReady                               
000116b5  VisionTuningConsole_TryPopTxByte          
000116e9  VisionUart_Process                        
00011751  OLED_PrintString                          
00011785  CarController_StartSeekLine               
000117b5  Fault_Raise                               
000117e5  GimbalVisionYawTracker_GetFeedback        
00011815  Gimbal_PitchGetFeedback                   
00011845  Key_Init                                  
00011875  LineController_ObserveSensors             
000118a5  MissionManager_Resume                     
000118d5  VisionPitchTuning_RestoreDefault          
00011905  WatchdogMonitor_Init                      
00011965  Encoder_Reset                             
00011991  MissionManager_Cancel                     
000119bd  MissionManager_Reset                      
000119e9  TrackSensor_CountBlack                    
00011a15  VisionYawTuning_RestoreDefault            
00011a99  ObstacleAvoidance_Init                    
00011ac1  Servo_Init                                
00011ae9  VisionPitchTuning_Init                    
00011b11  WatchdogMonitor_Reset                     
00011b39  __aeabi_ui2f                              
00011b39  __floatunsisf                             
00011b61  memmove                                   
00011b89  _c_int00_noargs                           
00011bb1  EmergencyStop_Enforce                     
00011bd5  GimbalVisionPitchTracker_GetFeedback      
00011bf9  MissionLibrary_FindById                   
00011c1d  MissionManager_ReportExternalFailure      
00011c41  MotorControl_Init                         
00011c65  MotorControl_Reset                        
00011c89  OLED_ClearBuffer                          
00011cad  SYSCFG_DL_init                            
00011cd1  VisionYawTuning_Init                      
00011cf5  __aeabi_lmul                              
00011cf5  __muldi3                                  
00011d19  DL_Timer_overrideCCPOut                   
00011d39  DebugTelemetry_Update                     
00011d59  MissionManager_Pause                      
00011d79  MotionAction_GetCurrentBypassDirection    
00011d99  MotionAction_GetCurrentObstaclePolicy     
00011db9  OLED_SetCursor                            
00011dd9  SchedulerMonitor_GetStats                 
00011df9  VisionReceiver_GetProtocolErrorCount      
00011e39  __aeabi_llsl                              
00011e39  __ashldi3                                 
00011e59  DL_Timer_setCaptCompUpdateMethod          
00011e75  DL_Timer_setClockConfig                   
00011e91  GimbalVisionAdapter_Init                  
00011ead  HeadingControl_SetTargetYaw               
00011ec9  Menu_Init                                 
00011ee5  MotionAction_Cancel                       
00011f01  ObstacleMonitor_Init                      
00011f1d  ObstacleSafety_Init                       
00011f39  VisionPitchTuning_ParamName               
00011f55  VisionYawTuning_GetSnapshot               
00011f71  VisionYawTuning_ParamName                 
00011f8d  WatchdogMonitor_NotifyControlCycleComplete
00011fc5  DL_Timer_setCaptureCompareOutCtl          
00011fdd  DebugTelemetry_Init                       
00011ff5  HeadingControl_Init                       
0001200d  HeadingControl_Reset                      
00012025  Menu_ParamItemToString                    
0001203d  MotionAction_Init                         
00012055  RuntimeSnapshot_Init                      
0001206d  __aeabi_fcmpun                            
0001206d  __unordsf2                                
00012085  Fault_Clear                               
00012099  Fault_Init                                
000120ad  GROUP1_IRQHandler                         
000120c1  GimbalStepper_SetStepHalfPeriodTicks      
000120d5  HeadingControl_Enable                     
000120e9  MissionLibrary_GetByIndex                 
000120fd  MissionManager_GetSelectedMissionId       
00012111  VisionPitchTuning_GetSnapshot             
00012125  VisionUart_Init                           
00012139  __aeabi_ldivmod                           
0001214d  __aeabi_uldivmod                          
00012161  DL_UART_setClockConfig                    
00012173  __TI_decompress_none                      
00012185  DL_Timer_setCaptureCompareValue           
00012195  Gimbal_YawGetFeedback                     
000121a5  Key_GetEvent                              
000121b5  ObstacleAvoidance_IsResumeGraceActive     
000121c5  __TI_zero_init                            
000121d5  CarController_GetRunMode                  
000121e1  CarController_Init                        
000121ed  CarController_IsSafetyHoldActive          
000121f9  CarState_Get                              
00012205  CarState_Init                             
00012211  CarState_Set                              
0001221d  EmergencyStop_Init                        
00012229  EmergencyStop_IsActive                    
00012235  GimbalVisionAdapter_GetObservation        
00012241  Gimbal_Tick100us                          
0001224d  Gimbal_Update5ms                          
00012259  Imu_GetCorrectedGyroZDps                  
00012265  Imu_GetYaw                                
00012271  Menu_GetPage                              
0001227d  Menu_GetParamItem                         
00012289  MissionManager_IsExternallyHeld           
00012295  MissionManager_SetExternalHold            
000122a1  ObstacleAvoidance_IsActive                
000122ad  ObstacleAvoidance_IsFailed                
000122b9  ObstacleSafety_IsHolding                  
000122c5  SystemTime_GetMs                          
000122d1  WatchdogMonitor_HasTripped                
000122dd  __aeabi_memclr                            
000122dd  __aeabi_memclr4                           
000122dd  __aeabi_memclr8                           
000122e9  DL_Common_delayCycles                     
000122f3  TrackSensor_IsCenterDetected              
000122fd  TrackSensor_IsLineDetected                
00012307  TrackSensor_IsLineLost                    
00012311  Fault_GetRecord                           
00012319  GimbalStepper_GetFeedback                 
00012321  GimbalVisionAdapter_GetFeedback           
00012329  Gimbal_PitchStopTrackingHold              
00012331  HeadingControl_GetRuntime                 
00012339  Imu_GetRuntime                            
00012341  LineController_GetRuntime                 
00012349  MissionManager_GetMissionCount            
00012351  MissionManager_GetRuntime                 
00012359  MotionAction_GetRuntime                   
00012361  MotorControl_GetRuntime                   
00012369  ObstacleAvoidance_GetFeedback             
00012371  ObstacleMonitor_GetFeedback               
00012379  OledUi_Init                               
00012381  RuntimeSnapshot_Get                       
00012389  Servo_GetFeedback                         
00012391  Ultrasonic_GetFeedback                    
00012399  VisionPitchTuning_GetStatus               
000123a1  VisionReceiver_GetObservation             
000123a9  VisionReceiver_GetStatus                  
000123b1  VisionTuningConsole_GetStatus             
000123b9  WatchdogMonitor_GetStatus                 
000123c1  WheelSpeedEstimator_GetRuntime            
000123c9  __aeabi_memcpy                            
000123c9  __aeabi_memcpy4                           
000123c9  __aeabi_memcpy8                           
000123d1  __aeabi_memmove                           
000123d1  __aeabi_memmove4                          
000123d1  __aeabi_memmove8                          
000123d9  abort                                     
000123de  C$$EXIT                                   
000123df  HOSTexit                                  
000123e3  MissionLibrary_GetCount                   
000123e7  Reset_Handler                             
000123fd  _system_pre_init                          
00012c58  __TI_Handler_Table_Base                   
00012c64  __TI_Handler_Table_Limit                  
00012c74  __TI_CINIT_Base                           
00012c84  __TI_CINIT_Limit                          
00012c84  __TI_CINIT_Warm                           
20200000  __start___llvm_prf_bits                   
20200000  __start___llvm_prf_cnts                   
20200000  __stop___llvm_prf_bits                    
20200000  __stop___llvm_prf_cnts                    
202009b8  g_appConfig                               
20200ab0  g_imuRuntime                              
20200c08  g_wheelSpeedEstimatorRuntime              
20200c60  g_appRuntime                              
20200e00  gUART_VISIONBackup                        
20200f18  g_headingRuntime                          
2020112e  g_trackError                              
20201175  g_carStateDebug                           
20201176  g_keyEvent                                
20201177  g_oledPageDebug                           
20201178  g_paramItemDebug                          
20201179  g_trackBlackCount                         
2020117a  g_trackModeDebug                          
2020117b  g_trackRaw                                
2020117c  g_trackTurnDebug                          
20207e00  __stack                                   
20208000  __STACK_END                               
ffffffff  __TI_pprof_out_hndl                       
ffffffff  __TI_prof_data_size                       
ffffffff  __TI_prof_data_start                      
ffffffff  __binit__                                 
ffffffff  binit                                     
UNDEFED   __mpu_init                                
UNDEFED   _system_post_cinit                        

[390 symbols]
