******************************************************************************
            TI ARM Clang Linker PC v4.0.4                      
******************************************************************************
>> Linked Wed Jul 22 21:23:39 2026

OUTPUT FILE NAME:   <diansaikaishi.out>
ENTRY POINT SYMBOL: "_c_int00_noargs"  address: 0000ef35


MEMORY CONFIGURATION

         name            origin    length      used     unused   attr    fill
----------------------  --------  ---------  --------  --------  ----  --------
  FLASH                 00000000   00020000  000100e8  0000ff18  R  X
  SRAM                  20200000   00008000  00000d92  0000726e  RW X
  BCR_CONFIG            41c00000   000000ff  00000000  000000ff  R   
  BSL_CONFIG            41c00100   00000080  00000000  00000080  R   


SEGMENT ALLOCATION MAP

run origin  load origin   length   init length attrs members
----------  ----------- ---------- ----------- ----- -------
00000000    00000000    000100e8   000100e8    r-x
  00000000    00000000    000000c0   000000c0    r-- .intvecs
  000000c0    000000c0    0000f700   0000f700    r-x .text
  0000f7c0    0000f7c0    000008f8   000008f8    r-- .rodata
  000100b8    000100b8    00000030   00000030    r-- .cinit
20200000    20200000    00000b92   00000000    rw-
  20200000    20200000    00000b91   00000000    rw- .bss
  20200b91    20200b91    00000001   00000000    rw- .data
20207e00    20207e00    00000200   00000000    rw-
  20207e00    20207e00    00000200   00000000    rw- .stack


SECTION ALLOCATION MAP

 output                                  attributes/
section   page    origin      length       input sections
--------  ----  ----------  ----------   ----------------
.intvecs   0    00000000    000000c0     
                  00000000    000000c0     startup_mspm0g350x_ticlang.o (.intvecs)

.text      0    000000c0    0000f700     
                  000000c0    00001dd4     vision_tuning_console.o (.text.VisionTuningConsole_Process)
                  00001e94    00001b88     oled_ui.o (.text.OledUi_Update_20ms)
                  00003a1c    0000047c     gimbal_tracker.o (.text.GimbalTracker_Update)
                  00003e98    0000041c     wheel_speed_estimator.o (.text.WheelSpeedEstimator_Update)
                  000042b4    000003b0     vision_receiver.o (.text.VisionReceiver_Process)
                  00004664    00000388     gimbal_vision_yaw_tracker.o (.text.GimbalVisionYawTracker_Update10ms)
                  000049ec    00000380     menu.o (.text.Menu_HandleKeyEvent)
                  00004d6c    00000370     gimbal.o (.text.gimbal_update_feedback)
                  000050dc    00000340     obstacle_avoidance.o (.text.ObstacleAvoidance_Update_20ms)
                  0000541c    00000310     vision_tuning_console.o (.text.append_scaled)
                  0000572c    0000030c     motor_control.o (.text.update_wheel)
                  00005a38    000002f0     imu.o (.text.mpu6050_read_regs)
                  00005d28    000002d8     imu.o (.text.Imu_Init)
                  00006000    000002c4     app_config.o (.text.AppConfig_LimitAll)
                  000062c4    000002a8     gimbal_tracker.o (.text.update_feedback)
                  0000656c    00000298     gimbal.o (.text.Gimbal_YawSetWrappedTargetDeg)
                  00006804    00000294     gimbal.o (.text.Gimbal_YawUpdate5ms)
                  00006a98    00000290     gimbal.o (.text.Gimbal_PitchSetTrackingSpeedDegS)
                  00006d28    0000027c     motor_control.o (.text.MotorControl_Update)
                  00006fa4    00000278     car_controller.o (.text.handle_turn_to_yaw)
                  0000721c    00000260     gimbal.o (.text.gimbal_pitch_set_target_steps)
                  0000747c    00000254     oled.o (.text.OLED_Clear)
                  000076d0    00000238     gimbal.o (.text.gimbal_pitch_update_feedback)
                  00007908    00000234     motion_action.o (.text.MotionAction_Update_20ms)
                  00007b3c    00000228     gimbal_vision_pitch_tracker.o (.text.GimbalVisionPitchTracker_Update10ms)
                  00007d64    00000220     runtime_snapshot.o (.text.RuntimeSnapshot_Update)
                  00007f84    00000214     imu.o (.text.Imu_CalibrateGyroBias)
                  00008198    0000020c     car_controller.o (.text.handle_follow_line)
                  000083a4    00000204     motor.o (.text.Motor_SetSpeed)
                  000085a8    000001f4     vision_protocol.o (.text.VisionProtocol_ParseV1TargetFrame)
                  0000879c    000001cc     imu.o (.text.imu_i2c_write_byte)
                  00008968    000001bc     gimbal.o (.text.Gimbal_PitchUpdate5ms)
                  00008b24    000001b8     oled.o (.text.oled_i2c_write_byte)
                  00008cdc    000001a0     ultrasonic.o (.text.Ultrasonic_Tick100us)
                  00008e7c    00000194     gimbal_stepper.o (.text.GimbalStepper_Tick100us)
                  00009010    00000188     gimbal_vision_yaw_tracker.o (.text.GimbalVisionYawTracker_Enable)
                  00009198    00000180     gimbal.o (.text.Gimbal_PitchTick100us)
                  00009318    0000017c     gimbal_stepper.o (.text.GimbalStepper_MoveToEstimatedSteps)
                  00009494    00000178     motor_control.o (.text.config_is_valid)
                  0000960c    00000174     key.o (.text.Key_Update_20ms)
                  00009780    0000016c     gimbal.o (.text.Gimbal_Init)
                  000098ec    00000168     empty.o (.text.main)
                  00009a54    00000164     heading_control.o (.text.HeadingControl_Update)
                  00009bb8    00000160     gimbal.o (.text.gimbal_yaw_set_target_x10)
                  00009d18    0000015c     car_controller.o (.text.handle_lost_recover)
                  00009e74    00000158     vision_tuning_console.o (.text.send_parameter_reply)
                  00009fcc    00000158     vision_tuning_console.o (.text.send_yaw_parameter_reply)
                  0000a124    00000150     car_controller.o (.text.handle_seek_line)
                  0000a274    00000144     car_controller.o (.text.CarController_Update_20ms)
                  0000a3b8    0000013c     oled.o (.text.OLED_PrintInt16)
                  0000a4f4    00000134     imu.o (.text.Imu_Update)
                  0000a628    00000134     car_controller.o (.text.handle_drive_heading)
                  0000a75c    00000130     app_config.o (.text.AppConfig_InitDefault)
                  0000a88c    0000012c     imu.o (.text.imu_i2c_recover_bus)
                  0000a9b8    00000128     app.o (.text.App_Update_20ms)
                  0000aae0    00000128     gimbal.o (.text.Gimbal_YawEnableWorldLock)
                  0000ac08    00000128     motion_action.o (.text.MotionAction_Start)
                  0000ad30    00000124     vision_tuning_console.o (.text.send_simple_reply)
                  0000ae54    00000124     gimbal_vision_yaw_tracker.o (.text.sync_target_from_yaw)
                  0000af78    00000104     driverlib.a : dl_timer.o (.text.DL_Timer_initFourCCPWMMode)
                  0000b07c    00000104     car_controller.o (.text.handle_turn_90)
                  0000b180    00000100     motor_control.o (.text.MotorControl_SetNormalizedTarget)
                  0000b280    000000fc     gimbal.o (.text.Gimbal_PitchRelease)
                  0000b37c    000000fc     mission_manager.o (.text.MissionManager_Update_20ms)
                  0000b478    000000fc     empty.o (.text.SysTick_Handler)
                  0000b574    000000f0     gimbal.o (.text.Gimbal_PitchStopHold)
                  0000b664    000000f0     mission_manager.o (.text.MissionManager_SelectNext)
                  0000b754    000000ec     gimbal_tracker.o (.text.sync_targets_from_gimbal)
                  0000b840    000000e8     vision_protocol.o (.text.fields_are_valid)
                  0000b928    000000e0     obstacle_safety.o (.text.ObstacleSafety_Update_20ms)
                  0000ba08    000000dc     gimbal.o (.text.Gimbal_PitchConfirmZero)
                  0000bae4    000000dc     ti_msp_dl_config.o (.text.SYSCFG_DL_GPIO_init)
                  0000bbc0    000000dc     oled_ui.o (.text.print_tuning_change_value)
                  0000bc9c    000000d8     mission_manager.o (.text.MissionManager_SelectPrevious)
                  0000bd74    000000d8     oled.o (.text.OLED_PrintUInt16)
                  0000be4c    000000d8     wheel_speed_estimator.o (.text.WheelSpeedEstimator_Init)
                  0000bf24    000000d8     menu.o (.text.menu_adjust_param)
                  0000bffc    000000d8     libclang_rt.builtins.a : addsf3.S.obj (.text)
                  0000c0d4    000000d4     oled.o (.text.OLED_Init)
                  0000c1a8    000000d0     oled.o (.text.OLED_PrintChar)
                  0000c278    000000c8     fault.o (.text.FaultCode_ToShortString)
                  0000c340    000000c8     gimbal.o (.text.Gimbal_YawConfirmZero)
                  0000c408    000000b8     car_controller.o (.text.CarController_StartTurnToYawRelative)
                  0000c4c0    000000b4     car_controller.o (.text.CarController_StartSeekLine)
                  0000c574    000000b4     gimbal_stepper.o (.text.GimbalStepper_StopHold)
                  0000c628    000000b4     gimbal_vision_adapter.o (.text.GimbalVisionAdapter_Update)
                  0000c6dc    000000b0     car_controller.o (.text.CarController_StartDriveHeading)
                  0000c78c    000000b0     gimbal_stepper.o (.text.GimbalStepper_Init)
                  0000c83c    000000b0     gimbal.o (.text.Gimbal_PitchMoveRelativeDeg)
                  0000c8ec    000000aa     mission_library.o (.text.MissionLibrary_Validate)
                  0000c996    00000002     startup_mspm0g350x_ticlang.o (.text.Default_Handler)
                  0000c998    000000a8     gimbal_vision_pitch_tracker.o (.text.GimbalVisionPitchTracker_Enable)
                  0000ca40    000000a4     encoder.o (.text.Encoder_HandleGpioInterrupt)
                  0000cae4    000000a4     gimbal_vision_yaw_tracker.o (.text.wrap_deg_360)
                  0000cb88    000000a2     libclang_rt.builtins.a : udivmoddi4.S.obj (.text)
                  0000cc2a    00000002     track_sensor.o (.text.TrackSensor_Init)
                  0000cc2c    0000009c     obstacle_monitor.o (.text.ObstacleMonitor_Update_20ms)
                  0000ccc8    0000009a     libc.a : memcpy16.S.obj (.text:memcpy)
                  0000cd62    00000002     libclang_rt.builtins.a : aeabi_div0.c.obj (.text.__aeabi_idiv0)
                  0000cd64    00000098     car_controller.o (.text.CarController_StartFollowLine)
                  0000cdfc    00000098     imu.o (.text.mpu6050_write_reg)
                  0000ce94    0000008c     car_controller.o (.text.CarController_StartTurnRight90)
                  0000cf20    0000008c     gimbal.o (.text.Gimbal_YawDisableWorldLock)
                  0000cfac    0000008c     gimbal.o (.text.Gimbal_YawStopHold)
                  0000d038    0000008c     ti_msp_dl_config.o (.text.SYSCFG_DL_PWM_MOTOR_init)
                  0000d0c4    0000008c     libclang_rt.builtins.a : mulsf3.S.obj (.text.__mulsf3)
                  0000d150    00000088     car_controller.o (.text.CarController_StartTurnLeft90)
                  0000d1d8    00000008     car_controller.o (.text.CarController_GetFeedback)
                  0000d1e0    00000088     libc.a : strcmp-armv6m.S.obj (.text:strcmp)
                  0000d268    00000084     gimbal_stepper.o (.text.GimbalStepper_ConfirmZero)
                  0000d2ec    00000084     gimbal_tracker.o (.text.GimbalTracker_PushObservation)
                  0000d370    00000084     motor.o (.text.Motor_Init)
                  0000d3f4    00000082     app.o (.text.App_Init)
                  0000d476    00000002     libclang_rt.builtins.a : aeabi_div0.c.obj (.text.__aeabi_ldiv0)
                  0000d478    00000082                            : divsf3.S.obj (.text.__divsf3)
                  0000d4fa    00000002     --HOLE-- [fill = 0]
                  0000d4fc    00000080     car_controller.o (.text.CarController_Init)
                  0000d57c    00000080     car_controller.o (.text.CarController_ResetRuntime)
                  0000d5fc    00000080     gimbal_tracker.o (.text.GimbalTracker_Init)
                  0000d67c    00000080     motor.o (.text.Motor_Stop)
                  0000d6fc    0000007c     vision_pitch_tuning.o (.text.VisionPitchTuning_Set)
                  0000d778    0000007c     libc.a : copy_decompress_lzss.c.obj (.text:decompress:lzss)
                  0000d7f4    00000078     oled.o (.text.oled_write_command)
                  0000d86c    00000074     car_controller.o (.text.CarController_SetSafetyHold)
                  0000d8e0    00000070     gimbal_stepper.o (.text.GimbalStepper_Release)
                  0000d950    00000070     menu.o (.text.Menu_GetParamValue)
                  0000d9c0    00000070     ti_msp_dl_config.o (.text.SYSCFG_DL_UART_VISION_init)
                  0000da30    00000070     vision_yaw_tuning.o (.text.VisionYawTuning_Set)
                  0000daa0    0000006e     track_sensor.o (.text.TrackSensor_DetectTurn)
                  0000db0e    00000002     --HOLE-- [fill = 0]
                  0000db10    0000006c     gimbal_vision_yaw_tracker.o (.text.GimbalVisionYawTracker_Init)
                  0000db7c    0000006c     motor_control.o (.text.latch_control_error)
                  0000dbe8    00000068     mission_manager.o (.text.MissionManager_GetSelectedMissionIndex)
                  0000dc50    00000066     track_sensor.o (.text.TrackSensor_GetErrorFromRaw)
                  0000dcb6    00000002     --HOLE-- [fill = 0]
                  0000dcb8    00000064     gimbal.o (.text.Gimbal_YawRelease)
                  0000dd1c    00000062     libclang_rt.builtins.a : aeabi_fcmp.S.obj (.text.__aeabi_fcmp)
                  0000dd7e    00000062     libc.a : memset16.S.obj (.text:memset)
                  0000dde0    00000060     gimbal_tracker.o (.text.GimbalTracker_Enable)
                  0000de40    00000060     gimbal_tracker.o (.text.GimbalTracker_GetFeedback)
                  0000dea0    00000060     vision_tuning_console.o (.text.VisionTuningConsole_Init)
                  0000df00    00000060     libclang_rt.builtins.a : fixsfdi.S.obj (.text.__fixsfdi)
                  0000df60    00000060     motion_action.o (.text.motion_action_resolve_yaw_target)
                  0000dfc0    0000005e     oled.o (.text.OLED_PrintBinary7)
                  0000e01e    00000002     --HOLE-- [fill = 0]
                  0000e020    0000005c     vision_uart.o (.text.UART3_IRQHandler)
                  0000e07c    0000005c     ultrasonic.o (.text.Ultrasonic_Update_20ms)
                  0000e0d8    0000005c     obstacle_avoidance.o (.text.avoid_fail)
                  0000e134    00000058     gimbal.o (.text.Gimbal_YawMoveRelativeDeg)
                  0000e18c    00000056     libclang_rt.builtins.a : aeabi_idivmod.S.obj (.text.__aeabi_idivmod)
                  0000e1e2    00000002     --HOLE-- [fill = 0]
                  0000e1e4    00000054     track_sensor.o (.text.TrackSensor_ReadRaw)
                  0000e238    00000054     gimbal_vision_yaw_tracker.o (.text.float_to_scaled_i16)
                  0000e28c    00000054     gimbal_vision_yaw_tracker.o (.text.stop_owned_tracking)
                  0000e2e0    00000050     mission_manager.o (.text.MissionManager_Start)
                  0000e330    00000050     motor_control.o (.text.MotorControl_Stop)
                  0000e380    00000050     ultrasonic.o (.text.Ultrasonic_Init)
                  0000e3d0    00000050     watchdog_monitor.o (.text.WatchdogMonitor_ApplyFaultIfNeeded)
                  0000e420    0000004e     libclang_rt.builtins.a : floatdisf.S.obj (.text.__floatdisf)
                  0000e46e    00000002     --HOLE-- [fill = 0]
                  0000e470    0000004c     watchdog_monitor.o (.text.WatchdogMonitor_Tick1msFromIsr)
                  0000e4bc    0000004a     obstacle_avoidance.o (.text.avoid_can_start)
                  0000e506    00000002     --HOLE-- [fill = 0]
                  0000e508    00000048     driverlib.a : dl_uart.o (.text.DL_UART_init)
                  0000e550    00000048     mission_manager.o (.text.MissionManager_Init)
                  0000e598    00000048     motion_action.o (.text.MotionAction_ReapplyControllerTarget)
                  0000e5e0    00000044     encoder.o (.text.Encoder_GetAndClearPulseDeltas)
                  0000e624    00000044     servo.o (.text.Servo_Tick100us)
                  0000e668    00000040     emergency_stop.o (.text.EmergencyStop_Reset)
                  0000e6a8    00000040     gimbal_vision_pitch_tracker.o (.text.GimbalVisionPitchTracker_Init)
                  0000e6e8    00000040     ti_msp_dl_config.o (.text.SYSCFG_DL_SYSCTL_init)
                  0000e728    00000040     ti_msp_dl_config.o (.text.SYSCFG_DL_initPower)
                  0000e768    00000040     vision_receiver.o (.text.VisionReceiver_PushByteFromIsr)
                  0000e7a8    00000040     libclang_rt.builtins.a : aeabi_uidivmod.S.obj (.text.__aeabi_uidivmod)
                  0000e7e8    0000003e                            : divmoddi4.c.obj (.text.__divmoddi4)
                  0000e826    00000002     --HOLE-- [fill = 0]
                  0000e828    0000003c     gimbal_tracker.o (.text.GimbalTracker_ClearObservation)
                  0000e864    0000003c     servo.o (.text.Servo_SetAngleDeg)
                  0000e8a0    0000003c     vision_tuning_console.o (.text.VisionTuningConsole_PushByteFromIsr)
                  0000e8dc    0000003c     libclang_rt.builtins.a : floatsisf.S.obj (.text.__floatsisf)
                  0000e918    0000003c                            : comparesf2.S.obj (.text.__gtsf2)
                  0000e954    0000003c     libc.a : autoinit.c.obj (.text:__TI_auto_init_nobinit_nopinit)
                  0000e990    0000003a     libclang_rt.builtins.a : comparesf2.S.obj (.text.__eqsf2)
                  0000e9ca    00000002     --HOLE-- [fill = 0]
                  0000e9cc    0000003a                            : muldsi3.S.obj (.text.__muldsi3)
                  0000ea06    00000002     --HOLE-- [fill = 0]
                  0000ea08    00000038     vision_receiver.o (.text.VisionReceiver_Init)
                  0000ea40    00000038     libclang_rt.builtins.a : fixsfsi.S.obj (.text.__fixsfsi)
                  0000ea78    00000034     emergency_stop.o (.text.EmergencyStop_Trigger)
                  0000eaac    00000034     mission_manager.o (.text.MissionManager_Cancel)
                  0000eae0    00000034     oled.o (.text.OLED_SetCursor)
                  0000eb14    00000034     vision_tuning_console.o (.text.VisionTuningConsole_TryPopTxByte)
                  0000eb48    00000034     vision_uart.o (.text.VisionUart_Process)
                  0000eb7c    00000034     obstacle_avoidance.o (.text.avoid_start)
                  0000ebb0    00000032     oled.o (.text.OLED_PrintString)
                  0000ebe2    00000002     --HOLE-- [fill = 0]
                  0000ebe4    00000030     fault.o (.text.Fault_Raise)
                  0000ec14    00000030     gimbal_vision_yaw_tracker.o (.text.GimbalVisionYawTracker_GetFeedback)
                  0000ec44    00000030     gimbal.o (.text.Gimbal_PitchGetFeedback)
                  0000ec74    00000030     key.o (.text.Key_Init)
                  0000eca4    00000030     mission_manager.o (.text.MissionManager_Reset)
                  0000ecd4    00000030     mission_manager.o (.text.MissionManager_Resume)
                  0000ed04    00000030     vision_pitch_tuning.o (.text.VisionPitchTuning_RestoreDefault)
                  0000ed34    00000030     watchdog_monitor.o (.text.WatchdogMonitor_Init)
                  0000ed64    00000030     gimbal_vision_yaw_tracker.o (.text.refresh_yaw_feedback)
                  0000ed94    0000002c     encoder.o (.text.Encoder_Reset)
                  0000edc0    0000002c     track_sensor.o (.text.TrackSensor_CountBlack)
                  0000edec    0000002c     vision_yaw_tuning.o (.text.VisionYawTuning_RestoreDefault)
                  0000ee18    0000002c     gimbal_vision_pitch_tracker.o (.text.speed_to_x10)
                  0000ee44    00000028     obstacle_avoidance.o (.text.ObstacleAvoidance_Init)
                  0000ee6c    00000028     servo.o (.text.Servo_Init)
                  0000ee94    00000028     vision_pitch_tuning.o (.text.VisionPitchTuning_Init)
                  0000eebc    00000028     watchdog_monitor.o (.text.WatchdogMonitor_Reset)
                  0000eee4    00000028     libclang_rt.builtins.a : floatunsisf.S.obj (.text.__floatunsisf)
                  0000ef0c    00000028     libc.a : memmov.c.obj (.text.memmove)
                  0000ef34    00000028            : boot_cortex_m.c.obj (.text:_c_int00_noargs)
                  0000ef5c    00000024     emergency_stop.o (.text.EmergencyStop_Enforce)
                  0000ef80    00000024     gimbal_vision_pitch_tracker.o (.text.GimbalVisionPitchTracker_GetFeedback)
                  0000efa4    00000024     mission_manager.o (.text.MissionManager_ReportExternalFailure)
                  0000efc8    00000024     motor_control.o (.text.MotorControl_Init)
                  0000efec    00000024     motor_control.o (.text.MotorControl_Reset)
                  0000f010    00000024     ti_msp_dl_config.o (.text.SYSCFG_DL_init)
                  0000f034    00000024     vision_yaw_tuning.o (.text.VisionYawTuning_Init)
                  0000f058    00000024     libclang_rt.builtins.a : muldi3.S.obj (.text.__muldi3)
                  0000f07c    00000020     car_controller.o (.text.CarController_Stop)
                  0000f09c    00000020     driverlib.a : dl_timer.o (.text.DL_Timer_overrideCCPOut)
                  0000f0bc    00000020     debug_telemetry.o (.text.DebugTelemetry_Update)
                  0000f0dc    00000020     mission_manager.o (.text.MissionManager_Pause)
                  0000f0fc    00000020     motion_action.o (.text.MotionAction_GetCurrentBypassDirection)
                  0000f11c    00000020     motion_action.o (.text.MotionAction_GetCurrentObstaclePolicy)
                  0000f13c    00000020     motion_action.o (.text.MotionAction_Init)
                  0000f15c    00000020     empty.o (.text.SchedulerMonitor_GetStats)
                  0000f17c    00000020     vision_receiver.o (.text.VisionReceiver_GetProtocolErrorCount)
                  0000f19c    00000020     mission_manager.o (.text.mission_finish_error)
                  0000f1bc    0000001e     libclang_rt.builtins.a : ashldi3.S.obj (.text.__ashldi3)
                  0000f1da    00000002     --HOLE-- [fill = 0]
                  0000f1dc    0000001c     driverlib.a : dl_timer.o (.text.DL_Timer_setCaptCompUpdateMethod)
                  0000f1f8    0000001c                 : dl_timer.o (.text.DL_Timer_setClockConfig)
                  0000f214    0000001c     gimbal_vision_adapter.o (.text.GimbalVisionAdapter_Init)
                  0000f230    0000001c     imu.o (.text.Imu_IsReady)
                  0000f24c    0000001c     menu.o (.text.Menu_Init)
                  0000f268    0000001c     obstacle_monitor.o (.text.ObstacleMonitor_Init)
                  0000f284    0000001c     obstacle_safety.o (.text.ObstacleSafety_Init)
                  0000f2a0    0000001c     vision_pitch_tuning.o (.text.VisionPitchTuning_ParamName)
                  0000f2bc    0000001c     vision_yaw_tuning.o (.text.VisionYawTuning_GetSnapshot)
                  0000f2d8    0000001c     vision_yaw_tuning.o (.text.VisionYawTuning_ParamName)
                  0000f2f4    0000001c     watchdog_monitor.o (.text.WatchdogMonitor_NotifyControlCycleComplete)
                  0000f310    0000001c     mission_manager.o (.text.mission_finish_success)
                  0000f32c    00000018     car_controller.o (.text.CarController_RunModeToString)
                  0000f344    00000018     driverlib.a : dl_timer.o (.text.DL_Timer_setCaptureCompareOutCtl)
                  0000f35c    00000018     debug_telemetry.o (.text.DebugTelemetry_Init)
                  0000f374    00000018     heading_control.o (.text.HeadingControl_LockCurrentYaw)
                  0000f38c    00000018     heading_control.o (.text.HeadingControl_SetTargetYaw)
                  0000f3a4    00000018     menu.o (.text.Menu_ParamItemToString)
                  0000f3bc    00000018     mission_library.o (.text.MissionLibrary_FindById)
                  0000f3d4    00000018     motion_action.o (.text.MotionAction_Cancel)
                  0000f3ec    00000018     runtime_snapshot.o (.text.RuntimeSnapshot_Init)
                  0000f404    00000016     libclang_rt.builtins.a : comparesf2.S.obj (.text.__unordsf2)
                  0000f41a    00000002     --HOLE-- [fill = 0]
                  0000f41c    00000014     fault.o (.text.Fault_Clear)
                  0000f430    00000014     fault.o (.text.Fault_Init)
                  0000f444    00000014     empty.o (.text.GROUP1_IRQHandler)
                  0000f458    00000014     gimbal_stepper.o (.text.GimbalStepper_SetStepHalfPeriodTicks)
                  0000f46c    00000014     heading_control.o (.text.HeadingControl_Enable)
                  0000f480    00000014     heading_control.o (.text.HeadingControl_Init)
                  0000f494    00000014     heading_control.o (.text.HeadingControl_Reset)
                  0000f4a8    00000014     mission_library.o (.text.MissionLibrary_GetByIndex)
                  0000f4bc    00000014     mission_manager.o (.text.MissionManager_GetSelectedMissionId)
                  0000f4d0    00000014     vision_pitch_tuning.o (.text.VisionPitchTuning_GetSnapshot)
                  0000f4e4    00000014     vision_uart.o (.text.VisionUart_Init)
                  0000f4f8    00000014     libclang_rt.builtins.a : aeabi_ldivmod.S.obj (.text.__aeabi_ldivmod)
                  0000f50c    00000014                            : aeabi_uldivmod.S.obj (.text.__aeabi_uldivmod)
                  0000f520    00000012     driverlib.a : dl_uart.o (.text.DL_UART_setClockConfig)
                  0000f532    00000012     libc.a : copy_decompress_none.c.obj (.text:decompress:none)
                  0000f544    00000010     driverlib.a : dl_timer.o (.text.DL_Timer_setCaptureCompareValue)
                  0000f554    00000010     gimbal.o (.text.Gimbal_YawGetFeedback)
                  0000f564    00000010     key.o (.text.Key_GetEvent)
                  0000f574    00000010     obstacle_avoidance.o (.text.ObstacleAvoidance_IsResumeGraceActive)
                  0000f584    00000010     libc.a : copy_zero_init.c.obj (.text:decompress:ZI)
                  0000f594    0000000c     car_controller.o (.text.CarController_GetRunMode)
                  0000f5a0    0000000c     car_controller.o (.text.CarController_IsSafetyHoldActive)
                  0000f5ac    0000000c     car_state.o (.text.CarState_Get)
                  0000f5b8    0000000c     car_state.o (.text.CarState_Init)
                  0000f5c4    0000000c     car_state.o (.text.CarState_Set)
                  0000f5d0    0000000c     emergency_stop.o (.text.EmergencyStop_Init)
                  0000f5dc    0000000c     emergency_stop.o (.text.EmergencyStop_IsActive)
                  0000f5e8    0000000c     gimbal_vision_adapter.o (.text.GimbalVisionAdapter_GetObservation)
                  0000f5f4    0000000c     gimbal.o (.text.Gimbal_Tick100us)
                  0000f600    0000000c     gimbal.o (.text.Gimbal_Update5ms)
                  0000f60c    0000000c     imu.o (.text.Imu_GetCorrectedGyroZDps)
                  0000f618    0000000c     imu.o (.text.Imu_GetYaw)
                  0000f624    0000000c     imu.o (.text.Imu_ResetYaw)
                  0000f630    0000000c     menu.o (.text.Menu_GetPage)
                  0000f63c    0000000c     menu.o (.text.Menu_GetParamItem)
                  0000f648    0000000c     mission_manager.o (.text.MissionManager_IsExternallyHeld)
                  0000f654    0000000c     mission_manager.o (.text.MissionManager_SetExternalHold)
                  0000f660    0000000c     obstacle_avoidance.o (.text.ObstacleAvoidance_IsActive)
                  0000f66c    0000000c     obstacle_avoidance.o (.text.ObstacleAvoidance_IsFailed)
                  0000f678    0000000c     obstacle_safety.o (.text.ObstacleSafety_IsHolding)
                  0000f684    0000000c     oled_ui.o (.text.OledUi_Init)
                  0000f690    0000000c     empty.o (.text.SystemTime_GetMs)
                  0000f69c    0000000c     watchdog_monitor.o (.text.WatchdogMonitor_HasTripped)
                  0000f6a8    0000000c     libclang_rt.builtins.a : aeabi_memset.S.obj (.text.__aeabi_memclr)
                  0000f6b4    0000000a     driverlib.a : dl_common.o (.text.DL_Common_delayCycles)
                  0000f6be    0000000a     track_sensor.o (.text.TrackSensor_IsCenterDetected)
                  0000f6c8    0000000a     track_sensor.o (.text.TrackSensor_IsLineDetected)
                  0000f6d2    0000000a     track_sensor.o (.text.TrackSensor_IsLineLost)
                  0000f6dc    00000008     fault.o (.text.Fault_GetRecord)
                  0000f6e4    00000008     gimbal_stepper.o (.text.GimbalStepper_GetFeedback)
                  0000f6ec    00000008     gimbal_vision_adapter.o (.text.GimbalVisionAdapter_GetFeedback)
                  0000f6f4    00000008     gimbal.o (.text.Gimbal_PitchStopTrackingHold)
                  0000f6fc    00000008     heading_control.o (.text.HeadingControl_GetRuntime)
                  0000f704    00000008     imu.o (.text.Imu_GetRuntime)
                  0000f70c    00000008     mission_manager.o (.text.MissionManager_GetMissionCount)
                  0000f714    00000008     mission_manager.o (.text.MissionManager_GetRuntime)
                  0000f71c    00000008     motion_action.o (.text.MotionAction_GetRuntime)
                  0000f724    00000008     motor_control.o (.text.MotorControl_GetRuntime)
                  0000f72c    00000008     obstacle_avoidance.o (.text.ObstacleAvoidance_GetFeedback)
                  0000f734    00000008     obstacle_monitor.o (.text.ObstacleMonitor_GetFeedback)
                  0000f73c    00000008     servo.o (.text.Servo_GetFeedback)
                  0000f744    00000008     ultrasonic.o (.text.Ultrasonic_GetFeedback)
                  0000f74c    00000008     vision_pitch_tuning.o (.text.VisionPitchTuning_GetStatus)
                  0000f754    00000008     vision_receiver.o (.text.VisionReceiver_GetObservation)
                  0000f75c    00000008     vision_receiver.o (.text.VisionReceiver_GetStatus)
                  0000f764    00000008     vision_tuning_console.o (.text.VisionTuningConsole_GetStatus)
                  0000f76c    00000008     watchdog_monitor.o (.text.WatchdogMonitor_GetStatus)
                  0000f774    00000008     wheel_speed_estimator.o (.text.WheelSpeedEstimator_GetRuntime)
                  0000f77c    00000008     libclang_rt.builtins.a : aeabi_memcpy.S.obj (.text.__aeabi_memcpy)
                  0000f784    00000008                            : aeabi_memmove.S.obj (.text.__aeabi_memmove)
                  0000f78c    00000006     libc.a : exit.c.obj (.text:abort)
                  0000f792    00000004     libsysbm.a : hostexit.c.obj (.text.HOSTexit)
                  0000f796    00000004     mission_library.o (.text.MissionLibrary_GetCount)
                  0000f79a    00000004     startup_mspm0g350x_ticlang.o (.text.Reset_Handler)
                  0000f79e    00000002     --HOLE-- [fill = 0]
                  0000f7a0    00000010     libc.a : boot_cortex_m.c.obj (.tramp._c_int00_noargs.1)
                  0000f7b0    00000004            : pre_init.c.obj (.text._system_pre_init)
                  0000f7b4    0000000c     --HOLE-- [fill = 0]

.cinit     0    000100b8    00000030     
                  000100b8    0000000c     (__TI_handler_table)
                  000100c4    00000008     (.cinit..bss.load) [load image, compression = zero_init]
                  000100cc    00000005     (.cinit..data.load) [load image, compression = lzss]
                  000100d1    00000003     --HOLE-- [fill = 0]
                  000100d4    00000010     (__TI_cinit_table)
                  000100e4    00000004     --HOLE-- [fill = 0]

.rodata    0    0000f7c0    000008f8     
                  0000f7c0    000000d8     oled.o (.rodata..Lswitch.table.OLED_PrintChar)
                  0000f898    000000a8     mission_library.o (.rodata.g_missionMapA)
                  0000f940    000000a8     mission_library.o (.rodata.g_missionMapB)
                  0000f9e8    00000078     mission_library.o (.rodata.g_missionMapC)
                  0000fa60    00000030     oled_ui.o (.rodata..Lswitch.table.OledUi_Update_20ms.165)
                  0000fa90    00000030     mission_library.o (.rodata.g_missionRegistry)
                  0000fac0    00000024     menu.o (.rodata..Lswitch.table.Menu_ParamItemToString)
                  0000fae4    00000024     oled_ui.o (.rodata..Lswitch.table.OledUi_Update_20ms.169)
                  0000fb08    00000024     oled_ui.o (.rodata..Lswitch.table.OledUi_Update_20ms.171)
                  0000fb2c    00000020     oled_ui.o (.rodata..Lswitch.table.OledUi_Update_20ms.170)
                  0000fb4c    0000001c     car_controller.o (.rodata..Lswitch.table.CarController_RunModeToString)
                  0000fb68    0000001c     vision_tuning_console.o (.rodata.str1.1836208005852235077.1)
                  0000fb84    00000018     oled_ui.o (.rodata..Lswitch.table.OledUi_Update_20ms.172)
                  0000fb9c    00000018     vision_pitch_tuning.o (.rodata..Lswitch.table.VisionPitchTuning_ParamName)
                  0000fbb4    00000014     vision_yaw_tuning.o (.rodata..Lswitch.table.VisionYawTuning_ParamName)
                  0000fbc8    00000010     oled_ui.o (.rodata.str1.13882251010780863896.1)
                  0000fbd8    0000000e     oled_ui.o (.rodata.str1.10416366799939242409.1)
                  0000fbe6    00000002     ti_msp_dl_config.o (.rodata.gUART_VISIONClockConfig)
                  0000fbe8    0000000c     mission_library.o (.rodata..Lswitch.table.MissionLibrary_FindById)
                  0000fbf4    0000000c     oled_ui.o (.rodata..Lswitch.table.OledUi_Update_20ms.164)
                  0000fc00    0000000c     oled_ui.o (.rodata..Lswitch.table.OledUi_Update_20ms.166)
                  0000fc0c    0000000a     ti_msp_dl_config.o (.rodata.gUART_VISIONConfig)
                  0000fc16    0000000a     vision_tuning_console.o (.rodata.str1.4859846923128959820.1)
                  0000fc20    0000000a     vision_tuning_console.o (.rodata.str1.7225688704195888286.1)
                  0000fc2a    00000009     oled_ui.o (.rodata.str1.14358698208395374265.1)
                  0000fc33    00000009     oled_ui.o (.rodata.str1.3025253791635144717.1)
                  0000fc3c    00000008     ti_msp_dl_config.o (.rodata.gPWM_MOTORConfig)
                  0000fc44    00000008     vision_tuning_console.o (.rodata.str1.11718269490974306969.1)
                  0000fc4c    00000008     oled_ui.o (.rodata.str1.14740362735394205067.1)
                  0000fc54    00000008     oled_ui.o (.rodata.str1.15575624326185233262.1)
                  0000fc5c    00000008     oled_ui.o (.rodata.str1.17763996158807330232.1)
                  0000fc64    00000008     vision_tuning_console.o (.rodata.str1.3293472937029561918.1)
                  0000fc6c    00000008     oled_ui.o (.rodata.str1.4082595774073207366.1)
                  0000fc74    00000007     menu.o (.rodata..Lswitch.table.Menu_HandleKeyEvent.10)
                  0000fc7b    00000007     vision_tuning_console.o (.rodata.str1.10860306953068020798.1)
                  0000fc82    00000007     oled_ui.o (.rodata.str1.13750180467131823662.1)
                  0000fc89    00000007     oled_ui.o (.rodata.str1.6473435968988645044.1)
                  0000fc90    00000006     vision_tuning_console.o (.rodata.str1.10319329813075420582.1)
                  0000fc96    00000006     oled_ui.o (.rodata.str1.10600688730180713177.1)
                  0000fc9c    00000006     oled_ui.o (.rodata.str1.1108652269057166745.1)
                  0000fca2    00000006     oled_ui.o (.rodata.str1.12617122458660443890.1)
                  0000fca8    00000006     oled_ui.o (.rodata.str1.12888220461447056082.1)
                  0000fcae    00000006     mission_library.o (.rodata.str1.13636476544574750902.1)
                  0000fcb4    00000006     oled_ui.o (.rodata.str1.1445687256832830955.1)
                  0000fcba    00000006     mission_library.o (.rodata.str1.15668266851434757964.1)
                  0000fcc0    00000006     oled_ui.o (.rodata.str1.16411631209783952401.1)
                  0000fcc6    00000006     mission_library.o (.rodata.str1.199678142196697465.1)
                  0000fccc    00000006     oled_ui.o (.rodata.str1.3407221357956504873.1)
                  0000fcd2    00000006     vision_tuning_console.o (.rodata.str1.4028100529439820245.1)
                  0000fcd8    00000006     oled_ui.o (.rodata.str1.4193589846040060630.1)
                  0000fcde    00000006     oled_ui.o (.rodata.str1.763101100280173925.1)
                  0000fce4    00000006     oled_ui.o (.rodata.str1.9102528229756940648.1)
                  0000fcea    00000006     oled_ui.o (.rodata.str1.9250665025187963892.1)
                  0000fcf0    00000005     menu.o (.rodata..Lswitch.table.Menu_HandleKeyEvent)
                  0000fcf5    00000005     oled.o (.rodata.oled_get_glyph.colon)
                  0000fcfa    00000005     oled.o (.rodata.oled_get_glyph.eight)
                  0000fcff    00000005     oled.o (.rodata.oled_get_glyph.five)
                  0000fd04    00000005     oled.o (.rodata.oled_get_glyph.four)
                  0000fd09    00000005     oled.o (.rodata.oled_get_glyph.glyphA)
                  0000fd0e    00000005     oled.o (.rodata.oled_get_glyph.glyphB)
                  0000fd13    00000005     oled.o (.rodata.oled_get_glyph.glyphC)
                  0000fd18    00000005     oled.o (.rodata.oled_get_glyph.glyphD)
                  0000fd1d    00000005     oled.o (.rodata.oled_get_glyph.glyphE)
                  0000fd22    00000005     oled.o (.rodata.oled_get_glyph.glyphG)
                  0000fd27    00000005     oled.o (.rodata.oled_get_glyph.glyphH)
                  0000fd2c    00000005     oled.o (.rodata.oled_get_glyph.glyphI)
                  0000fd31    00000005     oled.o (.rodata.oled_get_glyph.glyphK)
                  0000fd36    00000005     oled.o (.rodata.oled_get_glyph.glyphL)
                  0000fd3b    00000005     oled.o (.rodata.oled_get_glyph.glyphM)
                  0000fd40    00000005     oled.o (.rodata.oled_get_glyph.glyphN)
                  0000fd45    00000005     oled.o (.rodata.oled_get_glyph.glyphO)
                  0000fd4a    00000005     oled.o (.rodata.oled_get_glyph.glyphP)
                  0000fd4f    00000005     oled.o (.rodata.oled_get_glyph.glyphR)
                  0000fd54    00000005     oled.o (.rodata.oled_get_glyph.glyphS)
                  0000fd59    00000005     oled.o (.rodata.oled_get_glyph.glyphT)
                  0000fd5e    00000005     oled.o (.rodata.oled_get_glyph.glyphU)
                  0000fd63    00000005     oled.o (.rodata.oled_get_glyph.glyphV)
                  0000fd68    00000005     oled.o (.rodata.oled_get_glyph.glyphW)
                  0000fd6d    00000005     oled.o (.rodata.oled_get_glyph.glyphX)
                  0000fd72    00000005     oled.o (.rodata.oled_get_glyph.glyphY)
                  0000fd77    00000005     oled.o (.rodata.oled_get_glyph.glyphb)
                  0000fd7c    00000005     oled.o (.rodata.oled_get_glyph.gt)
                  0000fd81    00000005     oled.o (.rodata.oled_get_glyph.minus)
                  0000fd86    00000005     oled.o (.rodata.oled_get_glyph.nine)
                  0000fd8b    00000005     oled.o (.rodata.oled_get_glyph.one)
                  0000fd90    00000005     oled.o (.rodata.oled_get_glyph.seven)
                  0000fd95    00000005     oled.o (.rodata.oled_get_glyph.six)
                  0000fd9a    00000005     oled.o (.rodata.oled_get_glyph.space)
                  0000fd9f    00000005     oled.o (.rodata.oled_get_glyph.three)
                  0000fda4    00000005     oled.o (.rodata.oled_get_glyph.two)
                  0000fda9    00000005     oled.o (.rodata.oled_get_glyph.zero)
                  0000fdae    00000005     oled_ui.o (.rodata.str1.10907125332684471422.1)
                  0000fdb3    00000005     oled_ui.o (.rodata.str1.11232419324784801130.1)
                  0000fdb8    00000005     oled_ui.o (.rodata.str1.12182588061437138428.1)
                  0000fdbd    00000005     oled_ui.o (.rodata.str1.12359577037488465078.1)
                  0000fdc2    00000005     oled_ui.o (.rodata.str1.12493748764729730277.1)
                  0000fdc7    00000005     oled_ui.o (.rodata.str1.13244290092665904221.1)
                  0000fdcc    00000005     oled_ui.o (.rodata.str1.13790669171379415506.1)
                  0000fdd1    00000005     vision_pitch_tuning.o (.rodata.str1.13915893147848268398.1)
                  0000fdd6    00000005     oled_ui.o (.rodata.str1.14134189893851348960.1)
                  0000fddb    00000005     fault.o (.rodata.str1.14435905801345341244.1)
                  0000fde0    00000005     fault.o (.rodata.str1.1506612114648992996.1)
                  0000fde5    00000005     oled_ui.o (.rodata.str1.15613891207764622616.1)
                  0000fdea    00000005     oled_ui.o (.rodata.str1.15802367878353263018.1)
                  0000fdef    00000005     car_controller.o (.rodata.str1.1652194605229746967.1)
                  0000fdf4    00000005     oled_ui.o (.rodata.str1.16635595130967924751.1)
                  0000fdf9    00000005     oled_ui.o (.rodata.str1.16895433903389883335.1)
                  0000fdfe    00000005     oled_ui.o (.rodata.str1.16931641404301806744.1)
                  0000fe03    00000005     oled_ui.o (.rodata.str1.16939060351352778619.1)
                  0000fe08    00000005     fault.o (.rodata.str1.17097894860660336008.1)
                  0000fe0d    00000005     fault.o (.rodata.str1.17155043670132108083.1)
                  0000fe12    00000005     vision_tuning_console.o (.rodata.str1.17265544270347038021.1)
                  0000fe17    00000005     oled_ui.o (.rodata.str1.17540787658903907660.1)
                  0000fe1c    00000005     oled_ui.o (.rodata.str1.17763087492223448992.1)
                  0000fe21    00000005     oled_ui.o (.rodata.str1.17881291656140238186.1)
                  0000fe26    00000005     fault.o (.rodata.str1.2104670281202025270.1)
                  0000fe2b    00000005     oled_ui.o (.rodata.str1.2308938766145545715.1)
                  0000fe30    00000005     oled_ui.o (.rodata.str1.2603845803395459882.1)
                  0000fe35    00000005     oled_ui.o (.rodata.str1.3467953211977455017.1)
                  0000fe3a    00000005     oled_ui.o (.rodata.str1.3702290527496711532.1)
                  0000fe3f    00000005     car_controller.o (.rodata.str1.4164979912472006574.1)
                  0000fe44    00000005     fault.o (.rodata.str1.4453281041433270631.1)
                  0000fe49    00000005     fault.o (.rodata.str1.4549004730087743662.1)
                  0000fe4e    00000005     oled_ui.o (.rodata.str1.4551794666512319153.1)
                  0000fe53    00000005     oled_ui.o (.rodata.str1.4581472623415959594.1)
                  0000fe58    00000005     oled_ui.o (.rodata.str1.4582914374586912483.1)
                  0000fe5d    00000005     oled_ui.o (.rodata.str1.4610220316623841660.1)
                  0000fe62    00000005     oled_ui.o (.rodata.str1.4723632947289500520.1)
                  0000fe67    00000005     menu.o (.rodata.str1.4862307748908978627.1)
                  0000fe6c    00000005     oled_ui.o (.rodata.str1.6350830172869379626.1)
                  0000fe71    00000005     fault.o (.rodata.str1.6372787129294360447.1)
                  0000fe76    00000005     fault.o (.rodata.str1.6437946768974223044.1)
                  0000fe7b    00000005     oled_ui.o (.rodata.str1.6744096065564390185.1)
                  0000fe80    00000005     oled_ui.o (.rodata.str1.7185587941321649510.1)
                  0000fe85    00000005     vision_yaw_tuning.o (.rodata.str1.7764041101441114269.1)
                  0000fe8a    00000005     oled_ui.o (.rodata.str1.799718701096035713.1)
                  0000fe8f    00000005     oled_ui.o (.rodata.str1.8018480777946742726.1)
                  0000fe94    00000005     fault.o (.rodata.str1.8185770893384132067.1)
                  0000fe99    00000005     oled_ui.o (.rodata.str1.8399051469953744892.1)
                  0000fe9e    00000005     oled_ui.o (.rodata.str1.8426569189266129334.1)
                  0000fea3    00000005     oled_ui.o (.rodata.str1.8460525935980491721.1)
                  0000fea8    00000005     oled_ui.o (.rodata.str1.8693388333057100694.1)
                  0000fead    00000005     oled_ui.o (.rodata.str1.8783421139296713095.1)
                  0000feb2    00000005     oled_ui.o (.rodata.str1.9135818829835424837.1)
                  0000feb7    00000005     oled_ui.o (.rodata.str1.9159586779647977165.1)
                  0000febc    00000005     car_controller.o (.rodata.str1.9234375891235759983.1)
                  0000fec1    00000005     car_controller.o (.rodata.str1.9981487771679760427.1)
                  0000fec6    00000004     oled_ui.o (.rodata.str1.1019225241002246410.1)
                  0000feca    00000004     oled_ui.o (.rodata.str1.10509309789429088155.1)
                  0000fece    00000004     oled_ui.o (.rodata.str1.10568433575767188072.1)
                  0000fed2    00000004     oled_ui.o (.rodata.str1.11149198520117834688.1)
                  0000fed6    00000004     oled_ui.o (.rodata.str1.11388022865931857840.1)
                  0000feda    00000004     oled_ui.o (.rodata.str1.11428648044669318875.1)
                  0000fede    00000004     oled_ui.o (.rodata.str1.11614055506586029288.1)
                  0000fee2    00000004     oled_ui.o (.rodata.str1.11627403558423016802.1)
                  0000fee6    00000004     oled_ui.o (.rodata.str1.12043213579996415112.1)
                  0000feea    00000004     menu.o (.rodata.str1.12110183915172842339.1)
                  0000feee    00000004     car_controller.o (.rodata.str1.12442237994239546032.1)
                  0000fef2    00000004     oled_ui.o (.rodata.str1.12571791089077708471.1)
                  0000fef6    00000004     oled_ui.o (.rodata.str1.12595606217184830646.1)
                  0000fefa    00000004     oled_ui.o (.rodata.str1.12697925274637991987.1)
                  0000fefe    00000004     oled_ui.o (.rodata.str1.1276391367487699528.1)
                  0000ff02    00000004     oled_ui.o (.rodata.str1.12928245060369742404.1)
                  0000ff06    00000004     oled_ui.o (.rodata.str1.12983537867572525563.1)
                  0000ff0a    00000004     menu.o (.rodata.str1.13124720451672825294.1)
                  0000ff0e    00000004     oled_ui.o (.rodata.str1.13271657277589579873.1)
                  0000ff12    00000004     fault.o (.rodata.str1.13582094816268305212.1)
                  0000ff16    00000004     oled_ui.o (.rodata.str1.13871579367539052597.1)
                  0000ff1a    00000004     vision_tuning_console.o (.rodata.str1.14084955404328172175.1)
                  0000ff1e    00000004     menu.o (.rodata.str1.14098755746347272832.1)
                  0000ff22    00000004     oled_ui.o (.rodata.str1.14132186318895045592.1)
                  0000ff26    00000004     oled_ui.o (.rodata.str1.14265077442249237877.1)
                  0000ff2a    00000004     oled_ui.o (.rodata.str1.14521350379984854626.1)
                  0000ff2e    00000004     oled_ui.o (.rodata.str1.14556837007311414654.1)
                  0000ff32    00000004     oled_ui.o (.rodata.str1.15008238333949226094.1)
                  0000ff36    00000004     oled_ui.o (.rodata.str1.15132332204781002199.1)
                  0000ff3a    00000004     oled_ui.o (.rodata.str1.15577080202403550426.1)
                  0000ff3e    00000004     oled_ui.o (.rodata.str1.15817398807211891688.1)
                  0000ff42    00000004     oled_ui.o (.rodata.str1.15829239520183577662.1)
                  0000ff46    00000004     oled_ui.o (.rodata.str1.15859922799842739878.1)
                  0000ff4a    00000004     oled_ui.o (.rodata.str1.15917848551323629232.1)
                  0000ff4e    00000004     oled_ui.o (.rodata.str1.15935041339501476673.1)
                  0000ff52    00000004     fault.o (.rodata.str1.16482347271627360806.1)
                  0000ff56    00000004     oled_ui.o (.rodata.str1.16496169091617228061.1)
                  0000ff5a    00000004     oled_ui.o (.rodata.str1.16526439943277383452.1)
                  0000ff5e    00000004     oled_ui.o (.rodata.str1.16554583589798097927.1)
                  0000ff62    00000004     vision_pitch_tuning.o (.rodata.str1.16579632732967443104.1)
                  0000ff66    00000004     menu.o (.rodata.str1.17041139162815566052.1)
                  0000ff6a    00000004     car_controller.o (.rodata.str1.17172356789460551389.1)
                  0000ff6e    00000004     oled_ui.o (.rodata.str1.17274519358952562110.1)
                  0000ff72    00000004     oled_ui.o (.rodata.str1.17436941090773226089.1)
                  0000ff76    00000004     oled_ui.o (.rodata.str1.17464849429964608858.1)
                  0000ff7a    00000004     oled_ui.o (.rodata.str1.17884296644359297425.1)
                  0000ff7e    00000004     car_controller.o (.rodata.str1.18191498530309206443.1)
                  0000ff82    00000004     oled_ui.o (.rodata.str1.2193316011307952170.1)
                  0000ff86    00000004     oled_ui.o (.rodata.str1.2608729314174233125.1)
                  0000ff8a    00000004     oled_ui.o (.rodata.str1.2656948373757303877.1)
                  0000ff8e    00000004     oled_ui.o (.rodata.str1.270145429241168923.1)
                  0000ff92    00000004     oled_ui.o (.rodata.str1.2983744876309220570.1)
                  0000ff96    00000004     oled_ui.o (.rodata.str1.3455423528827705371.1)
                  0000ff9a    00000004     oled_ui.o (.rodata.str1.4402311448527872260.1)
                  0000ff9e    00000004     oled_ui.o (.rodata.str1.4581686099848791648.1)
                  0000ffa2    00000004     oled_ui.o (.rodata.str1.4691821198597473371.1)
                  0000ffa6    00000004     oled_ui.o (.rodata.str1.5004483696121082904.1)
                  0000ffaa    00000004     menu.o (.rodata.str1.5155000645726596423.1)
                  0000ffae    00000004     oled_ui.o (.rodata.str1.5291836437463020264.1)
                  0000ffb2    00000004     oled_ui.o (.rodata.str1.5376340479846291137.1)
                  0000ffb6    00000004     oled_ui.o (.rodata.str1.5463568455719735.1)
                  0000ffba    00000004     oled_ui.o (.rodata.str1.5853739094453432564.1)
                  0000ffbe    00000004     oled_ui.o (.rodata.str1.5965888106848176421.1)
                  0000ffc2    00000004     oled_ui.o (.rodata.str1.6806727740681590176.1)
                  0000ffc6    00000004     oled_ui.o (.rodata.str1.6954814719705590448.1)
                  0000ffca    00000004     car_controller.o (.rodata.str1.702403006289709404.1)
                  0000ffce    00000004     oled_ui.o (.rodata.str1.7050595558965647569.1)
                  0000ffd2    00000004     oled_ui.o (.rodata.str1.7219546930854689545.1)
                  0000ffd6    00000004     fault.o (.rodata.str1.7255546073596598018.1)
                  0000ffda    00000004     oled_ui.o (.rodata.str1.7481335054564682966.1)
                  0000ffde    00000004     oled_ui.o (.rodata.str1.7774807581888385879.1)
                  0000ffe2    00000004     oled_ui.o (.rodata.str1.8124536758062367015.1)
                  0000ffe6    00000004     oled_ui.o (.rodata.str1.8236579331345056500.1)
                  0000ffea    00000004     oled_ui.o (.rodata.str1.8403269972884532600.1)
                  0000ffee    00000004     oled_ui.o (.rodata.str1.8449035241871861290.1)
                  0000fff2    00000004     oled_ui.o (.rodata.str1.8709745090823444516.1)
                  0000fff6    00000004     oled_ui.o (.rodata.str1.8950259614286592359.1)
                  0000fffa    00000004     vision_tuning_console.o (.rodata.str1.9292707793305368794.1)
                  0000fffe    00000004     oled_ui.o (.rodata.str1.9295666102996717355.1)
                  00010002    00000004     oled_ui.o (.rodata.str1.9351772214919528733.1)
                  00010006    00000004     vision_yaw_tuning.o (.rodata.str1.9489746196023004463.1)
                  0001000a    00000004     menu.o (.rodata.str1.9546740394641817443.1)
                  0001000e    00000004     oled_ui.o (.rodata.str1.9554470707595806150.1)
                  00010012    00000004     oled_ui.o (.rodata.str1.9584387800903135389.1)
                  00010016    00000004     oled_ui.o (.rodata.str1.9611283282870761829.1)
                  0001001a    00000004     oled_ui.o (.rodata.str1.9646571805098343045.1)
                  0001001e    00000004     oled_ui.o (.rodata.str1.967006512144173535.1)
                  00010022    00000004     oled_ui.o (.rodata.str1.9854382722193312766.1)
                  00010026    00000003     ti_msp_dl_config.o (.rodata.gPWM_MOTORClockConfig)
                  00010029    00000003     oled_ui.o (.rodata.str1.10263419832828250601.1)
                  0001002c    00000003     oled_ui.o (.rodata.str1.10430294223631918979.1)
                  0001002f    00000003     vision_pitch_tuning.o (.rodata.str1.10553819018306626402.1)
                  00010032    00000003     oled_ui.o (.rodata.str1.11178346780556493352.1)
                  00010035    00000003     oled_ui.o (.rodata.str1.11794000050372113979.1)
                  00010038    00000003     vision_tuning_console.o (.rodata.str1.12197883643583142124.1)
                  0001003b    00000003     oled_ui.o (.rodata.str1.130772507669342127.1)
                  0001003e    00000003     oled_ui.o (.rodata.str1.13567883086814673087.1)
                  00010041    00000003     oled_ui.o (.rodata.str1.13875148296791986931.1)
                  00010044    00000003     oled_ui.o (.rodata.str1.14711868471336838103.1)
                  00010047    00000003     vision_pitch_tuning.o (.rodata.str1.15082469624955958926.1)
                  0001004a    00000003     vision_yaw_tuning.o (.rodata.str1.15455206247194842411.1)
                  0001004d    00000003     oled_ui.o (.rodata.str1.16290499236105125126.1)
                  00010050    00000003     menu.o (.rodata.str1.16312125044762562515.1)
                  00010053    00000003     vision_tuning_console.o (.rodata.str1.16336339630363933256.1)
                  00010056    00000003     oled_ui.o (.rodata.str1.16849766574302683489.1)
                  00010059    00000003     vision_pitch_tuning.o (.rodata.str1.17185918124541117546.1)
                  0001005c    00000003     oled_ui.o (.rodata.str1.17812014771544466701.1)
                  0001005f    00000003     oled_ui.o (.rodata.str1.182352409660151230.1)
                  00010062    00000003     oled_ui.o (.rodata.str1.18266126048138325213.1)
                  00010065    00000003     vision_pitch_tuning.o (.rodata.str1.18308346119964257230.1)
                  00010068    00000003     oled_ui.o (.rodata.str1.18379317056176403938.1)
                  0001006b    00000003     oled_ui.o (.rodata.str1.1974573040514735405.1)
                  0001006e    00000003     vision_pitch_tuning.o (.rodata.str1.2353024170771920291.1)
                  00010071    00000003     oled_ui.o (.rodata.str1.240075016795266086.1)
                  00010074    00000003     oled_ui.o (.rodata.str1.2522137003438374266.1)
                  00010077    00000003     oled_ui.o (.rodata.str1.2742282290834473644.1)
                  0001007a    00000003     vision_yaw_tuning.o (.rodata.str1.4032468970572441659.1)
                  0001007d    00000003     menu.o (.rodata.str1.4646809750356241979.1)
                  00010080    00000003     oled_ui.o (.rodata.str1.4932371652560868037.1)
                  00010083    00000003     oled_ui.o (.rodata.str1.5689016102676777062.1)
                  00010086    00000003     oled_ui.o (.rodata.str1.58703915094955230.1)
                  00010089    00000003     oled_ui.o (.rodata.str1.5965450730569173784.1)
                  0001008c    00000003     vision_yaw_tuning.o (.rodata.str1.6393086909333857079.1)
                  0001008f    00000003     vision_yaw_tuning.o (.rodata.str1.6657421771701333087.1)
                  00010092    00000003     oled_ui.o (.rodata.str1.6835749436006845616.1)
                  00010095    00000003     menu.o (.rodata.str1.6857549598058878762.1)
                  00010098    00000003     oled_ui.o (.rodata.str1.7419768602719733415.1)
                  0001009b    00000003     fault.o (.rodata.str1.8193046109637024842.1)
                  0001009e    00000003     oled_ui.o (.rodata.str1.8471462185882660445.1)
                  000100a1    00000003     oled_ui.o (.rodata.str1.9229350655415085.1)
                  000100a4    00000003     oled_ui.o (.rodata.str1.9544068167406571052.1)
                  000100a7    00000003     oled_ui.o (.rodata.str1.9822857334037886482.1)
                  000100aa    00000003     oled_ui.o (.rodata.str1.9992244628984851027.1)
                  000100ad    00000002     oled_ui.o (.rodata.str1.10077435089618835710.1)
                  000100af    00000002     oled_ui.o (.rodata.str1.14774750633985060196.1)
                  000100b1    00000002     oled_ui.o (.rodata.str1.17242430504649735449.1)
                  000100b3    00000002     oled_ui.o (.rodata.str1.17717236995185551183.1)
                  000100b5    00000002     oled_ui.o (.rodata.str1.35417727660486075.1)
                  000100b7    00000001     --HOLE-- [fill = 0]

.init_array 
*          0    00000000    00000000     UNINITIALIZED

.binit     0    00000000    00000000     

.bss       0    20200000    00000b91     UNINITIALIZED
                  20200000    00000200     vision_receiver.o (.bss.g_ring)
                  20200200    00000100     vision_tuning_console.o (.bss.g_rxRing)
                  20200300    00000100     vision_tuning_console.o (.bss.g_txRing)
                  20200400    000000f0     runtime_snapshot.o (.bss.g_snapshot)
                  202004f0    000000a0     (.common:g_appConfig)
                  20200590    0000006c     motor_control.o (.bss.g_runtime)
                  202005fc    00000058     vision_receiver.o (.bss.g_status)
                  20200654    00000004     gimbal_tracker.o (.bss.g_filteredErrorX)
                  20200658    00000058     (.common:g_wheelSpeedEstimatorRuntime)
                  202006b0    00000048     gimbal_vision_adapter.o (.bss.g_feedback)
                  202006f8    00000040     gimbal.o (.bss.g_feedback)
                  20200738    00000040     vision_tuning_console.o (.bss.g_line)
                  20200778    00000040     gimbal.o (.bss.g_pitchFeedback)
                  202007b8    00000040     (.common:g_appRuntime)
                  202007f8    00000030     (.common:gUART_VISIONBackup)
                  20200828    0000002c     vision_receiver.o (.bss.g_observation)
                  20200854    0000002c     empty.o (.bss.g_schedulerStats)
                  20200880    00000028     gimbal_tracker.o (.bss.g_feedback)
                  202008a8    00000028     vision_receiver.o (.bss.g_frame)
                  202008d0    00000028     (.common:g_imuRuntime)
                  202008f8    00000024     gimbal_vision_yaw_tracker.o (.bss.g_feedback)
                  2020091c    00000020     mission_manager.o (.bss.g_missionRuntime)
                  2020093c    00000018     obstacle_avoidance.o (.bss.g_avoidFeedback)
                  20200954    00000004     gimbal_tracker.o (.bss.g_filteredErrorY)
                  20200958    00000018     gimbal_stepper.o (.bss.g_feedback)
                  20200970    00000018     gimbal_vision_pitch_tracker.o (.bss.g_feedback)
                  20200988    00000018     vision_pitch_tuning.o (.bss.g_status)
                  202009a0    00000018     vision_tuning_console.o (.bss.g_status)
                  202009b8    00000014     motion_action.o (.bss.g_motionActionRuntime)
                  202009cc    00000004     gimbal_vision_adapter.o (.bss.g_lastAcceptedFrameCount)
                  202009d0    00000014     vision_yaw_tuning.o (.bss.g_status)
                  202009e4    00000014     watchdog_monitor.o (.bss.g_status)
                  202009f8    00000014     (.common:g_headingRuntime)
                  20200a0c    00000010     fault.o (.bss.g_faultRecord)
                  20200a1c    00000010     motor.o (.bss.g_motorRuntime)
                  20200a2c    0000000e     car_controller.o (.bss.g_carControllerFeedback)
                  20200a3a    00000002     ultrasonic.o (.bss.g_echoTicks)
                  20200a3c    0000000e     ultrasonic.o (.bss.g_ultrasonicFeedback)
                  20200a4a    00000002     gimbal.o (.bss.g_pitchHalfPeriodTicks)
                  20200a4c    0000000c     gimbal_tracker.o (.bss.g_observation)
                  20200a58    0000000c     debug_telemetry.o (.bss.g_status)
                  20200a64    00000008     obstacle_monitor.o (.bss.g_obstacleFeedback)
                  20200a6c    00000004     debug_telemetry.o (.bss.g_lastFrameMs)
                  20200a70    00000008     gimbal.o (.bss.g_pitchContinuousDegX10)
                  20200a78    00000008     gimbal.o (.bss.g_pitchEstimatedSteps)
                  20200a80    00000008     gimbal.o (.bss.g_pitchTargetDegX10)
                  20200a88    00000008     gimbal.o (.bss.g_pitchTargetEstimatedSteps)
                  20200a90    00000008     gimbal_stepper.o (.bss.g_stepperEstimatedSteps)
                  20200a98    00000008     gimbal_stepper.o (.bss.g_stepperTargetEstimatedSteps)
                  20200aa0    00000008     gimbal.o (.bss.g_yawContinuousDegX10)
                  20200aa8    00000008     gimbal.o (.bss.g_yawLockedWorldYawDegX10)
                  20200ab0    00000008     gimbal.o (.bss.g_yawTargetContinuousDegX10)
                  20200ab8    00000008     gimbal.o (.bss.g_yawWorldTargetDegX10)
                  20200ac0    00000008     gimbal.o (.bss.g_yawWrappedDegX10)
                  20200ac8    00000006     ultrasonic.o (.bss.g_distanceSamples)
                  20200ace    00000006     key.o (.bss.g_key1)
                  20200ad4    00000006     key.o (.bss.g_key2)
                  20200ada    00000006     key.o (.bss.g_key3)
                  20200ae0    00000004     watchdog_monitor.o (.bss.g_lastTickMs)
                  20200ae4    00000004     wheel_speed_estimator.o (.bss.g_latchedErrorFlags)
                  20200ae8    00000004     empty.o (.bss.g_localTimeMs)
                  20200aec    00000004     motion_action.o (.bss.g_motionActionStartYawDeg)
                  20200af0    00000004     encoder.o (.bss.g_motorAPulses)
                  20200af4    00000004     encoder.o (.bss.g_motorBPulses)
                  20200af8    00000004     gimbal.o (.bss.g_pitchCommandedRpm)
                  20200afc    00000004     gimbal.o (.bss.g_pitchCompletedSteps)
                  20200b00    00000004     gimbal_tracker.o (.bss.g_pitchTargetDeg)
                  20200b04    00000004     gimbal.o (.bss.g_pitchTargetRpm)
                  20200b08    00000004     gimbal.o (.bss.g_pitchTrackingTargetRpm)
                  20200b0c    00000004     servo.o (.bss.g_servoFeedback)
                  20200b10    00000004     gimbal_vision_yaw_tracker.o (.bss.g_sessionId)
                  20200b14    00000004     gimbal_stepper.o (.bss.g_stepperCompletedSteps)
                  20200b18    00000004     gimbal_vision_yaw_tracker.o (.bss.g_targetWrappedDeg)
                  20200b1c    00000004     gimbal.o (.bss.g_yawCommandedRpm)
                  20200b20    00000004     gimbal.o (.bss.g_yawTargetRpm)
                  20200b24    00000004     gimbal_tracker.o (.bss.g_yawTargetWrappedDeg)
                  20200b28    00000004     empty.o (.bss.main.lastAppUpdateMs)
                  20200b2c    00000002     gimbal.o (.bss.g_pitchStepHalfPeriodTicks)
                  20200b2e    00000002     obstacle_avoidance.o (.bss.g_resumeGraceMs)
                  20200b30    00000002     vision_receiver.o (.bss.g_ringHead)
                  20200b32    00000002     vision_receiver.o (.bss.g_ringTail)
                  20200b34    00000002     vision_tuning_console.o (.bss.g_rxHead)
                  20200b36    00000002     vision_tuning_console.o (.bss.g_rxTail)
                  20200b38    00000002     servo.o (.bss.g_servoPwmPhase)
                  20200b3a    00000002     ultrasonic.o (.bss.g_stateTicks)
                  20200b3c    00000002     gimbal_stepper.o (.bss.g_stepperHalfPeriodTicks)
                  20200b3e    00000002     gimbal_stepper.o (.bss.g_stepperStepHalfPeriodTicks)
                  20200b40    00000002     vision_tuning_console.o (.bss.g_txHead)
                  20200b42    00000002     vision_tuning_console.o (.bss.g_txTail)
                  20200b44    00000002     menu.o (.bss.menu_handle_status_key.trackerSequence)
                  20200b46    00000002     (.common:g_trackError)
                  20200b48    00000001     oled_ui.o (.bss.OledUi_Update_20ms.refreshDivider)
                  20200b49    00000001     empty.o (.bss.SysTick_Handler.controlMsCount)
                  20200b4a    00000001     empty.o (.bss.SysTick_Handler.gimbalMsCount)
                  20200b4b    00000001     empty.o (.bss.SysTick_Handler.tick100usCount)
                  20200b4c    00000001     empty.o (.bss.SysTick_Handler.trackerMsCount)
                  20200b4d    00000001     ultrasonic.o (.bss.Ultrasonic_Update_20ms.triggerDivider)
                  20200b4e    00000001     empty.o (.bss.g_appUpdatePending)
                  20200b4f    00000001     vision_tuning_console.o (.bss.g_capturing)
                  20200b50    00000001     car_state.o (.bss.g_carState)
                  20200b51    00000001     obstacle_monitor.o (.bss.g_centerSettleTicks)
                  20200b52    00000001     vision_tuning_console.o (.bss.g_commandTarget)
                  20200b53    00000001     ultrasonic.o (.bss.g_distanceSampleCount)
                  20200b54    00000001     ultrasonic.o (.bss.g_distanceSampleIndex)
                  20200b55    00000001     emergency_stop.o (.bss.g_emergencyStopActive)
                  20200b56    00000001     gimbal_tracker.o (.bss.g_enabled)
                  20200b57    00000001     gimbal_vision_pitch_tracker.o (.bss.g_enabled)
                  20200b58    00000001     gimbal_vision_yaw_tracker.o (.bss.g_enabled)
                  20200b59    00000001     watchdog_monitor.o (.bss.g_faultApplied)
                  20200b5a    00000001     watchdog_monitor.o (.bss.g_faultPending)
                  20200b5b    00000001     gimbal_tracker.o (.bss.g_filterReady)
                  20200b5c    00000001     vision_receiver.o (.bss.g_frameSize)
                  20200b5d    00000001     empty.o (.bss.g_gimbalUpdatePending)
                  20200b5e    00000001     wheel_speed_estimator.o (.bss.g_leftFilterInitialized)
                  20200b5f    00000001     vision_tuning_console.o (.bss.g_lineSize)
                  20200b60    00000001     obstacle_safety.o (.bss.g_obstacleSafetyHolding)
                  20200b61    00000001     oled.o (.bss.g_oledColumn)
                  20200b62    00000001     menu.o (.bss.g_oledPage)
                  20200b63    00000001     encoder.o (.bss.g_overflowFlags)
                  20200b64    00000001     menu.o (.bss.g_paramItem)
                  20200b65    00000001     menu.o (.bss.g_paramReturnPage)
                  20200b66    00000001     key.o (.bss.g_pendingEvent)
                  20200b67    00000001     gimbal.o (.bss.g_pitchControlMode)
                  20200b68    00000001     gimbal.o (.bss.g_pitchDirection)
                  20200b69    00000001     gimbal.o (.bss.g_pitchInitialized)
                  20200b6a    00000001     gimbal.o (.bss.g_pitchLimitClamped)
                  20200b6b    00000001     gimbal.o (.bss.g_pitchLimitDirection)
                  20200b6c    00000001     gimbal.o (.bss.g_pitchPositionValid)
                  20200b6d    00000001     gimbal.o (.bss.g_pitchRunning)
                  20200b6e    00000001     gimbal.o (.bss.g_pitchStepHigh)
                  20200b6f    00000001     gimbal.o (.bss.g_pitchStopAfterStepLow)
                  20200b70    00000001     vision_tuning_console.o (.bss.g_prefixIndex)
                  20200b71    00000001     vision_tuning_console.o (.bss.g_prefixTarget)
                  20200b72    00000001     wheel_speed_estimator.o (.bss.g_rightFilterInitialized)
                  20200b73    00000001     car_controller.o (.bss.g_safetyHold)
                  20200b74    00000001     gimbal_vision_yaw_tracker.o (.bss.g_sessionInitialized)
                  20200b75    00000001     gimbal_tracker.o (.bss.g_simObservationUpdatesRemaining)
                  20200b76    00000001     obstacle_avoidance.o (.bss.g_stateStarted)
                  20200b77    00000001     gimbal_stepper.o (.bss.g_stepperDirection)
                  20200b78    00000001     gimbal_stepper.o (.bss.g_stepperRunning)
                  20200b79    00000001     gimbal_stepper.o (.bss.g_stepperStepHigh)
                  20200b7a    00000001     gimbal_stepper.o (.bss.g_stepperStopAfterStepLow)
                  20200b7b    00000001     motor_control.o (.bss.g_targetRefreshed)
                  20200b7c    00000001     gimbal_vision_yaw_tracker.o (.bss.g_targetSynced)
                  20200b7d    00000001     gimbal_tracker.o (.bss.g_targetValid)
                  20200b7e    00000001     gimbal_tracker.o (.bss.g_targetsSynced)
                  20200b7f    00000001     empty.o (.bss.g_trackerUpdatePending)
                  20200b80    00000001     gimbal_tracker.o (.bss.g_trackingActive)
                  20200b81    00000001     gimbal_vision_pitch_tracker.o (.bss.g_trackingActive)
                  20200b82    00000001     gimbal_vision_yaw_tracker.o (.bss.g_trackingActive)
                  20200b83    00000001     ultrasonic.o (.bss.g_triggerRequest)
                  20200b84    00000001     ultrasonic.o (.bss.g_ultrasonicState)
                  20200b85    00000001     gimbal.o (.bss.g_yawLimitClamped)
                  20200b86    00000001     gimbal.o (.bss.g_yawLimitDirection)
                  20200b87    00000001     gimbal.o (.bss.g_yawPositionValid)
                  20200b88    00000001     gimbal.o (.bss.g_yawWorldLockEnabled)
                  20200b89    00000001     (.common:g_carStateDebug)
                  20200b8a    00000001     (.common:g_keyEvent)
                  20200b8b    00000001     (.common:g_oledPageDebug)
                  20200b8c    00000001     (.common:g_paramItemDebug)
                  20200b8d    00000001     (.common:g_trackBlackCount)
                  20200b8e    00000001     (.common:g_trackModeDebug)
                  20200b8f    00000001     (.common:g_trackRaw)
                  20200b90    00000001     (.common:g_trackTurnDebug)

.data      0    20200b91    00000001     UNINITIALIZED
                  20200b91    00000001     car_controller.o (.data.g_followTurnPolicy)

.stack     0    20207e00    00000200     UNINITIALIZED
                  20207e00    00000004     libc.a : boot_cortex_m.c.obj (.stack)
                  20207e04    000001fc     --HOLE--

__llvm_prf_cnts 
*          0    20200000    00000000     UNINITIALIZED

__llvm_prf_bits 
*          0    20200000    00000000     UNINITIALIZED

MODULE SUMMARY

       Module                          code    ro data   rw data
       ------                          ----    -------   -------
    .\
       vision_tuning_console.o         9616    102       613    
       oled_ui.o                       7280    931       1      
       gimbal.o                        7528    0         241    
       car_controller.o                4160    64        80     
       imu.o                           3304    0         40     
       oled.o                          2304    401       1      
       gimbal_tracker.o                2576    0         74     
       motor_control.o                 2316    0         109    
       gimbal_vision_yaw_tracker.o     2124    0         48     
       vision_receiver.o               1112    0         689    
       gimbal_stepper.o                1412    0         52     
       menu.o                          1300    86        5      
       wheel_speed_estimator.o         1276    0         94     
       mission_manager.o               1300    0         32     
       motion_action.o                 1156    0         24     
       app_config.o                    1012    0         160    
       obstacle_avoidance.o            1138    0         27     
       gimbal_vision_pitch_tracker.o   864     0         26     
       runtime_snapshot.o              568     0         240    
       motor.o                         776     0         16     
       mission_library.o               218     534       0      
       empty.o                         676     0         59     
       vision_protocol.o               732     0         0      
       ti_msp_dl_config.o              636     23        48     
       ultrasonic.o                    596     0         29     
       heading_control.o               472     0         20     
       key.o                           436     0         19     
       app.o                           426     0         10     
       fault.o                         296     65        16     
       track_sensor.o                  372     0         0      
       vision_pitch_tuning.o           268     48        24     
       watchdog_monitor.o              292     0         26     
       vision_yaw_tuning.o             248     41        20     
       gimbal_vision_adapter.o         228     0         76     
       encoder.o                       276     0         9      
       obstacle_safety.o               264     0         1      
       obstacle_monitor.o              192     0         9      
       startup_mspm0g350x_ticlang.o    6       192       0      
       servo.o                         176     0         6      
       emergency_stop.o                176     0         1      
       vision_uart.o                   164     0         0      
       debug_telemetry.o               56      0         16     
       car_state.o                     36      0         1      
    +--+-------------------------------+-------+---------+---------+
       Total:                          60364   2487      2962   
                                                                
    C:/TI/mspm0_sdk_2_05_01_00/source/ti/driverlib/lib/ticlang/m0p/mspm0g1x0x_g3x0x/driverlib.a
       dl_timer.o                      388     0         0      
       dl_uart.o                       90      0         0      
       dl_common.o                     10      0         0      
    +--+-------------------------------+-------+---------+---------+
       Total:                          488     0         0      
                                                                
    D:\TI\CCS\ccs\tools\compiler\ti-cgt-armllvm_4.0.4.LTS\lib\armv6m-ti-none-eabi/c/libc.a
       memcpy16.S.obj                  154     0         0      
       strcmp-armv6m.S.obj             136     0         0      
       copy_decompress_lzss.c.obj      124     0         0      
       memset16.S.obj                  98      0         0      
       autoinit.c.obj                  60      0         0      
       boot_cortex_m.c.obj             56      0         0      
       memmov.c.obj                    40      0         0      
       copy_decompress_none.c.obj      18      0         0      
       copy_zero_init.c.obj            16      0         0      
       exit.c.obj                      6       0         0      
       pre_init.c.obj                  4       0         0      
    +--+-------------------------------+-------+---------+---------+
       Total:                          712     0         0      
                                                                
    D:\TI\CCS\ccs\tools\compiler\ti-cgt-armllvm_4.0.4.LTS\lib\armv6m-ti-none-eabi/c/libsysbm.a
       hostexit.c.obj                  4       0         0      
    +--+-------------------------------+-------+---------+---------+
       Total:                          4       0         0      
                                                                
    D:\TI\CCS\ccs\tools\compiler\ti-cgt-armllvm_4.0.4.LTS\lib\armv6m-ti-none-eabi/libclang_rt.builtins.a
       addsf3.S.obj                    216     0         0      
       udivmoddi4.S.obj                162     0         0      
       comparesf2.S.obj                140     0         0      
       mulsf3.S.obj                    140     0         0      
       divsf3.S.obj                    130     0         0      
       aeabi_fcmp.S.obj                98      0         0      
       fixsfdi.S.obj                   96      0         0      
       aeabi_idivmod.S.obj             86      0         0      
       floatdisf.S.obj                 78      0         0      
       aeabi_uidivmod.S.obj            64      0         0      
       divmoddi4.c.obj                 62      0         0      
       floatsisf.S.obj                 60      0         0      
       muldsi3.S.obj                   58      0         0      
       fixsfsi.S.obj                   56      0         0      
       floatunsisf.S.obj               40      0         0      
       muldi3.S.obj                    36      0         0      
       ashldi3.S.obj                   30      0         0      
       aeabi_ldivmod.S.obj             20      0         0      
       aeabi_uldivmod.S.obj            20      0         0      
       aeabi_memset.S.obj              12      0         0      
       aeabi_memcpy.S.obj              8       0         0      
       aeabi_memmove.S.obj             8       0         0      
       aeabi_div0.c.obj                4       0         0      
    +--+-------------------------------+-------+---------+---------+
       Total:                          1624    0         0      
                                                                
       Stack:                          0       0         512    
       Linker Generated:               0       41        0      
    +--+-------------------------------+-------+---------+---------+
       Grand Total:                    63192   2528      3474   


LINKER GENERATED COPY TABLES

__TI_cinit_table @ 000100d4 records: 2, size/record: 8, table size: 16
[...]
00000000  __TI_ATRegion2_region_sz                  
00000000  __TI_ATRegion2_src_addr                   
00000000  __TI_ATRegion2_trg_addr                   
00000000  __TI_static_base__                        
00000000  interruptVectors                          
000000c1  VisionTuningConsole_Process               
00000200  __STACK_SIZE                              
00001e95  OledUi_Update_20ms                        
00003a1d  GimbalTracker_Update                      
00003e99  WheelSpeedEstimator_Update                
000042b5  VisionReceiver_Process                    
00004665  GimbalVisionYawTracker_Update10ms         
000049ed  Menu_HandleKeyEvent                       
000050dd  ObstacleAvoidance_Update_20ms             
00005d29  Imu_Init                                  
00006001  AppConfig_LimitAll                        
0000656d  Gimbal_YawSetWrappedTargetDeg             
00006805  Gimbal_YawUpdate5ms                       
00006a99  Gimbal_PitchSetTrackingSpeedDegS          
00006d29  MotorControl_Update                       
0000747d  OLED_Clear                                
00007909  MotionAction_Update_20ms                  
00007b3d  GimbalVisionPitchTracker_Update10ms       
00007d65  RuntimeSnapshot_Update                    
00007f85  Imu_CalibrateGyroBias                     
000083a5  Motor_SetSpeed                            
000085a9  VisionProtocol_ParseV1TargetFrame         
00008969  Gimbal_PitchUpdate5ms                     
00008cdd  Ultrasonic_Tick100us                      
00008e7d  GimbalStepper_Tick100us                   
00009011  GimbalVisionYawTracker_Enable             
00009199  Gimbal_PitchTick100us                     
00009319  GimbalStepper_MoveToEstimatedSteps        
0000960d  Key_Update_20ms                           
00009781  Gimbal_Init                               
000098ed  main                                      
00009a55  HeadingControl_Update                     
0000a275  CarController_Update_20ms                 
0000a3b9  OLED_PrintInt16                           
0000a4f5  Imu_Update                                
0000a75d  AppConfig_InitDefault                     
0000a9b9  App_Update_20ms                           
0000aae1  Gimbal_YawEnableWorldLock                 
0000ac09  MotionAction_Start                        
0000af79  DL_Timer_initFourCCPWMMode                
0000b181  MotorControl_SetNormalizedTarget          
0000b281  Gimbal_PitchRelease                       
0000b37d  MissionManager_Update_20ms                
0000b479  SysTick_Handler                           
0000b575  Gimbal_PitchStopHold                      
0000b665  MissionManager_SelectNext                 
0000b929  ObstacleSafety_Update_20ms                
0000ba09  Gimbal_PitchConfirmZero                   
0000bae5  SYSCFG_DL_GPIO_init                       
0000bc9d  MissionManager_SelectPrevious             
0000bd75  OLED_PrintUInt16                          
0000be4d  WheelSpeedEstimator_Init                  
0000bffd  __aeabi_fsub                              
0000bffd  __subsf3                                  
0000c007  __addsf3                                  
0000c007  __aeabi_fadd                              
0000c0d5  OLED_Init                                 
0000c1a9  OLED_PrintChar                            
0000c279  FaultCode_ToShortString                   
0000c341  Gimbal_YawConfirmZero                     
0000c409  CarController_StartTurnToYawRelative      
0000c4c1  CarController_StartSeekLine               
0000c575  GimbalStepper_StopHold                    
0000c629  GimbalVisionAdapter_Update                
0000c6dd  CarController_StartDriveHeading           
0000c78d  GimbalStepper_Init                        
0000c83d  Gimbal_PitchMoveRelativeDeg               
0000c8ed  MissionLibrary_Validate                   
0000c997  ADC0_IRQHandler                           
0000c997  ADC1_IRQHandler                           
0000c997  AES_IRQHandler                            
0000c997  CANFD0_IRQHandler                         
0000c997  DAC0_IRQHandler                           
0000c997  DMA_IRQHandler                            
0000c997  Default_Handler                           
0000c997  GROUP0_IRQHandler                         
0000c997  HardFault_Handler                         
0000c997  I2C0_IRQHandler                           
0000c997  I2C1_IRQHandler                           
0000c997  NMI_Handler                               
0000c997  PendSV_Handler                            
0000c997  RTC_IRQHandler                            
0000c997  SPI0_IRQHandler                           
0000c997  SPI1_IRQHandler                           
0000c997  SVC_Handler                               
0000c997  TIMA0_IRQHandler                          
0000c997  TIMA1_IRQHandler                          
0000c997  TIMG0_IRQHandler                          
0000c997  TIMG12_IRQHandler                         
0000c997  TIMG6_IRQHandler                          
0000c997  TIMG7_IRQHandler                          
0000c997  TIMG8_IRQHandler                          
0000c997  UART0_IRQHandler                          
0000c997  UART1_IRQHandler                          
0000c997  UART2_IRQHandler                          
0000c999  GimbalVisionPitchTracker_Enable           
0000ca41  Encoder_HandleGpioInterrupt               
0000cb89  __udivmoddi4                              
0000cc2b  TrackSensor_Init                          
0000cc2d  ObstacleMonitor_Update_20ms               
0000ccc9  memcpy                                    
0000cd63  __aeabi_idiv0                             
0000cd65  CarController_StartFollowLine             
0000ce95  CarController_StartTurnRight90            
0000cf21  Gimbal_YawDisableWorldLock                
0000cfad  Gimbal_YawStopHold                        
0000d039  SYSCFG_DL_PWM_MOTOR_init                  
0000d0c5  __aeabi_fmul                              
0000d0c5  __mulsf3                                  
0000d151  CarController_StartTurnLeft90             
0000d1d9  CarController_GetFeedback                 
0000d1e1  strcmp                                    
0000d269  GimbalStepper_ConfirmZero                 
0000d2ed  GimbalTracker_PushObservation             
0000d371  Motor_Init                                
0000d3f5  App_Init                                  
0000d477  __aeabi_ldiv0                             
0000d479  __aeabi_fdiv                              
0000d479  __divsf3                                  
0000d4fd  CarController_Init                        
0000d57d  CarController_ResetRuntime                
0000d5fd  GimbalTracker_Init                        
0000d67d  Motor_Stop                                
0000d6fd  VisionPitchTuning_Set                     
0000d779  __TI_decompress_lzss                      
0000d86d  CarController_SetSafetyHold               
0000d8e1  GimbalStepper_Release                     
0000d951  Menu_GetParamValue                        
0000d9c1  SYSCFG_DL_UART_VISION_init                
0000da31  VisionYawTuning_Set                       
0000daa1  TrackSensor_DetectTurn                    
0000db11  GimbalVisionYawTracker_Init               
0000dbe9  MissionManager_GetSelectedMissionIndex    
0000dc51  TrackSensor_GetErrorFromRaw               
0000dcb9  Gimbal_YawRelease                         
0000dd1d  __aeabi_fcmpeq                            
0000dd31  __aeabi_fcmplt                            
0000dd45  __aeabi_fcmple                            
0000dd59  __aeabi_fcmpge                            
0000dd6d  __aeabi_fcmpgt                            
0000dd7f  memset                                    
0000dde1  GimbalTracker_Enable                      
0000de41  GimbalTracker_GetFeedback                 
0000dea1  VisionTuningConsole_Init                  
0000df01  __aeabi_f2lz                              
0000df01  __fixsfdi                                 
0000dfc1  OLED_PrintBinary7                         
0000e021  UART3_IRQHandler                          
0000e07d  Ultrasonic_Update_20ms                    
0000e135  Gimbal_YawMoveRelativeDeg                 
0000e18d  __aeabi_idiv                              
0000e18d  __aeabi_idivmod                           
0000e1e5  TrackSensor_ReadRaw                       
0000e2e1  MissionManager_Start                      
0000e331  MotorControl_Stop                         
0000e381  Ultrasonic_Init                           
0000e3d1  WatchdogMonitor_ApplyFaultIfNeeded        
0000e421  __aeabi_l2f                               
0000e421  __floatdisf                               
0000e471  WatchdogMonitor_Tick1msFromIsr            
0000e509  DL_UART_init                              
0000e551  MissionManager_Init                       
0000e599  MotionAction_ReapplyControllerTarget      
0000e5e1  Encoder_GetAndClearPulseDeltas            
0000e625  Servo_Tick100us                           
0000e669  EmergencyStop_Reset                       
0000e6a9  GimbalVisionPitchTracker_Init             
0000e6e9  SYSCFG_DL_SYSCTL_init                     
0000e729  SYSCFG_DL_initPower                       
0000e769  VisionReceiver_PushByteFromIsr            
0000e7a9  __aeabi_uidiv                             
0000e7a9  __aeabi_uidivmod                          
0000e7e9  __divmoddi4                               
0000e829  GimbalTracker_ClearObservation            
0000e865  Servo_SetAngleDeg                         
0000e8a1  VisionTuningConsole_PushByteFromIsr       
0000e8dd  __aeabi_i2f                               
0000e8dd  __floatsisf                               
0000e919  __gesf2                                   
0000e919  __gtsf2                                   
0000e955  __TI_auto_init_nobinit_nopinit            
0000e991  __cmpsf2                                  
0000e991  __eqsf2                                   
0000e991  __lesf2                                   
0000e991  __ltsf2                                   
0000e991  __nesf2                                   
0000e9cd  __muldsi3                                 
0000ea09  VisionReceiver_Init                       
0000ea41  __aeabi_f2iz                              
0000ea41  __fixsfsi                                 
0000ea79  EmergencyStop_Trigger                     
0000eaad  MissionManager_Cancel                     
0000eae1  OLED_SetCursor                            
0000eb15  VisionTuningConsole_TryPopTxByte          
0000eb49  VisionUart_Process                        
0000ebb1  OLED_PrintString                          
0000ebe5  Fault_Raise                               
0000ec15  GimbalVisionYawTracker_GetFeedback        
0000ec45  Gimbal_PitchGetFeedback                   
0000ec75  Key_Init                                  
0000eca5  MissionManager_Reset                      
0000ecd5  MissionManager_Resume                     
0000ed05  VisionPitchTuning_RestoreDefault          
0000ed35  WatchdogMonitor_Init                      
0000ed95  Encoder_Reset                             
0000edc1  TrackSensor_CountBlack                    
0000eded  VisionYawTuning_RestoreDefault            
0000ee45  ObstacleAvoidance_Init                    
0000ee6d  Servo_Init                                
0000ee95  VisionPitchTuning_Init                    
0000eebd  WatchdogMonitor_Reset                     
0000eee5  __aeabi_ui2f                              
0000eee5  __floatunsisf                             
0000ef0d  memmove                                   
0000ef35  _c_int00_noargs                           
0000ef5d  EmergencyStop_Enforce                     
0000ef81  GimbalVisionPitchTracker_GetFeedback      
0000efa5  MissionManager_ReportExternalFailure      
0000efc9  MotorControl_Init                         
0000efed  MotorControl_Reset                        
0000f011  SYSCFG_DL_init                            
0000f035  VisionYawTuning_Init                      
0000f059  __aeabi_lmul                              
0000f059  __muldi3                                  
0000f07d  CarController_Stop                        
0000f09d  DL_Timer_overrideCCPOut                   
0000f0bd  DebugTelemetry_Update                     
0000f0dd  MissionManager_Pause                      
0000f0fd  MotionAction_GetCurrentBypassDirection    
0000f11d  MotionAction_GetCurrentObstaclePolicy     
0000f13d  MotionAction_Init                         
0000f15d  SchedulerMonitor_GetStats                 
0000f17d  VisionReceiver_GetProtocolErrorCount      
0000f1bd  __aeabi_llsl                              
0000f1bd  __ashldi3                                 
0000f1dd  DL_Timer_setCaptCompUpdateMethod          
0000f1f9  DL_Timer_setClockConfig                   
0000f215  GimbalVisionAdapter_Init                  
0000f231  Imu_IsReady                               
0000f24d  Menu_Init                                 
0000f269  ObstacleMonitor_Init                      
0000f285  ObstacleSafety_Init                       
0000f2a1  VisionPitchTuning_ParamName               
0000f2bd  VisionYawTuning_GetSnapshot               
0000f2d9  VisionYawTuning_ParamName                 
0000f2f5  WatchdogMonitor_NotifyControlCycleComplete
0000f32d  CarController_RunModeToString             
0000f345  DL_Timer_setCaptureCompareOutCtl          
0000f35d  DebugTelemetry_Init                       
0000f375  HeadingControl_LockCurrentYaw             
0000f38d  HeadingControl_SetTargetYaw               
0000f3a5  Menu_ParamItemToString                    
0000f3bd  MissionLibrary_FindById                   
0000f3d5  MotionAction_Cancel                       
0000f3ed  RuntimeSnapshot_Init                      
0000f405  __aeabi_fcmpun                            
0000f405  __unordsf2                                
0000f41d  Fault_Clear                               
0000f431  Fault_Init                                
0000f445  GROUP1_IRQHandler                         
0000f459  GimbalStepper_SetStepHalfPeriodTicks      
0000f46d  HeadingControl_Enable                     
0000f481  HeadingControl_Init                       
0000f495  HeadingControl_Reset                      
0000f4a9  MissionLibrary_GetByIndex                 
0000f4bd  MissionManager_GetSelectedMissionId       
0000f4d1  VisionPitchTuning_GetSnapshot             
0000f4e5  VisionUart_Init                           
0000f4f9  __aeabi_ldivmod                           
0000f50d  __aeabi_uldivmod                          
0000f521  DL_UART_setClockConfig                    
0000f533  __TI_decompress_none                      
0000f545  DL_Timer_setCaptureCompareValue           
0000f555  Gimbal_YawGetFeedback                     
0000f565  Key_GetEvent                              
0000f575  ObstacleAvoidance_IsResumeGraceActive     
0000f585  __TI_zero_init                            
0000f595  CarController_GetRunMode                  
0000f5a1  CarController_IsSafetyHoldActive          
0000f5ad  CarState_Get                              
0000f5b9  CarState_Init                             
0000f5c5  CarState_Set                              
0000f5d1  EmergencyStop_Init                        
0000f5dd  EmergencyStop_IsActive                    
0000f5e9  GimbalVisionAdapter_GetObservation        
0000f5f5  Gimbal_Tick100us                          
0000f601  Gimbal_Update5ms                          
0000f60d  Imu_GetCorrectedGyroZDps                  
0000f619  Imu_GetYaw                                
0000f625  Imu_ResetYaw                              
0000f631  Menu_GetPage                              
0000f63d  Menu_GetParamItem                         
0000f649  MissionManager_IsExternallyHeld           
0000f655  MissionManager_SetExternalHold            
0000f661  ObstacleAvoidance_IsActive                
0000f66d  ObstacleAvoidance_IsFailed                
0000f679  ObstacleSafety_IsHolding                  
0000f685  OledUi_Init                               
0000f691  SystemTime_GetMs                          
0000f69d  WatchdogMonitor_HasTripped                
0000f6a9  __aeabi_memclr                            
0000f6a9  __aeabi_memclr4                           
0000f6a9  __aeabi_memclr8                           
0000f6b5  DL_Common_delayCycles                     
0000f6bf  TrackSensor_IsCenterDetected              
0000f6c9  TrackSensor_IsLineDetected                
0000f6d3  TrackSensor_IsLineLost                    
0000f6dd  Fault_GetRecord                           
0000f6e5  GimbalStepper_GetFeedback                 
0000f6ed  GimbalVisionAdapter_GetFeedback           
0000f6f5  Gimbal_PitchStopTrackingHold              
0000f6fd  HeadingControl_GetRuntime                 
0000f705  Imu_GetRuntime                            
0000f70d  MissionManager_GetMissionCount            
0000f715  MissionManager_GetRuntime                 
0000f71d  MotionAction_GetRuntime                   
0000f725  MotorControl_GetRuntime                   
0000f72d  ObstacleAvoidance_GetFeedback             
0000f735  ObstacleMonitor_GetFeedback               
0000f73d  Servo_GetFeedback                         
0000f745  Ultrasonic_GetFeedback                    
0000f74d  VisionPitchTuning_GetStatus               
0000f755  VisionReceiver_GetObservation             
0000f75d  VisionReceiver_GetStatus                  
0000f765  VisionTuningConsole_GetStatus             
0000f76d  WatchdogMonitor_GetStatus                 
0000f775  WheelSpeedEstimator_GetRuntime            
0000f77d  __aeabi_memcpy                            
0000f77d  __aeabi_memcpy4                           
0000f77d  __aeabi_memcpy8                           
0000f785  __aeabi_memmove                           
0000f785  __aeabi_memmove4                          
0000f785  __aeabi_memmove8                          
0000f78d  abort                                     
0000f792  C$$EXIT                                   
0000f793  HOSTexit                                  
0000f797  MissionLibrary_GetCount                   
0000f79b  Reset_Handler                             
0000f7b1  _system_pre_init                          
000100b8  __TI_Handler_Table_Base                   
000100c4  __TI_Handler_Table_Limit                  
000100d4  __TI_CINIT_Base                           
000100e4  __TI_CINIT_Limit                          
000100e4  __TI_CINIT_Warm                           
20200000  __start___llvm_prf_bits                   
20200000  __start___llvm_prf_cnts                   
20200000  __stop___llvm_prf_bits                    
20200000  __stop___llvm_prf_cnts                    
202004f0  g_appConfig                               
20200658  g_wheelSpeedEstimatorRuntime              
202007b8  g_appRuntime                              
202007f8  gUART_VISIONBackup                        
202008d0  g_imuRuntime                              
202009f8  g_headingRuntime                          
20200b46  g_trackError                              
20200b89  g_carStateDebug                           
20200b8a  g_keyEvent                                
20200b8b  g_oledPageDebug                           
20200b8c  g_paramItemDebug                          
20200b8d  g_trackBlackCount                         
20200b8e  g_trackModeDebug                          
20200b8f  g_trackRaw                                
20200b90  g_trackTurnDebug                          
20207e00  __stack                                   
20208000  __STACK_END                               
ffffffff  __TI_pprof_out_hndl                       
ffffffff  __TI_prof_data_size                       
ffffffff  __TI_prof_data_start                      
ffffffff  __binit__                                 
ffffffff  binit                                     
UNDEFED   __mpu_init                                
UNDEFED   _system_post_cinit                        

[383 symbols]
