******************************************************************************
            TI ARM Clang Linker PC v4.0.4                      
******************************************************************************
>> Linked Fri Jul 17 20:18:18 2026

OUTPUT FILE NAME:   <diansaikaishi.out>
ENTRY POINT SYMBOL: "_c_int00_noargs"  address: 0000613d


MEMORY CONFIGURATION

         name            origin    length      used     unused   attr    fill
----------------------  --------  ---------  --------  --------  ----  --------
  FLASH                 00000000   00020000  00006be0  00019420  R  X
  SRAM                  20200000   00008000  000003e6  00007c1a  RW X
  BCR_CONFIG            41c00000   000000ff  00000000  000000ff  R   
  BSL_CONFIG            41c00100   00000080  00000000  00000080  R   


SEGMENT ALLOCATION MAP

run origin  load origin   length   init length attrs members
----------  ----------- ---------- ----------- ----- -------
00000000    00000000    00006be0   00006be0    r-x
  00000000    00000000    000000c0   000000c0    r-- .intvecs
  000000c0    000000c0    00006540   00006540    r-x .text
  00006600    00006600    000005b0   000005b0    r-- .rodata
  00006bb0    00006bb0    00000030   00000030    r-- .cinit
20200000    20200000    000001e6   00000000    rw-
  20200000    20200000    000001e5   00000000    rw- .bss
  202001e5    202001e5    00000001   00000000    rw- .data
20207e00    20207e00    00000200   00000000    rw-
  20207e00    20207e00    00000200   00000000    rw- .stack


SECTION ALLOCATION MAP

 output                                  attributes/
section   page    origin      length       input sections
--------  ----  ----------  ----------   ----------------
.intvecs   0    00000000    000000c0     
                  00000000    000000c0     startup_mspm0g350x_ticlang.o (.intvecs)

.text      0    000000c0    00006540     
                  000000c0    00000704     oled_ui.o (.text.OledUi_Update_20ms)
                  000007c4    000006f4     car_controller.o (.text.CarController_Update_20ms)
                  00000eb8    00000334     gimbal.o (.text.gimbal_yaw_move_to_x10)
                  000011ec    00000320     gimbal.o (.text.Gimbal_YawStopHold)
                  0000150c    00000318     gimbal.o (.text.Gimbal_YawRelease)
                  00001824    000002f0     imu.o (.text.mpu6050_read_regs)
                  00001b14    000002d8     imu.o (.text.Imu_Init)
                  00001dec    00000288     app_config.o (.text.AppConfig_LimitAll)
                  00002074    00000278     obstacle_avoidance.o (.text.ObstacleAvoidance_Update_20ms)
                  000022ec    00000254     oled.o (.text.OLED_Clear)
                  00002540    00000250     menu.o (.text.Menu_HandleKeyEvent)
                  00002790    00000214     imu.o (.text.Imu_CalibrateGyroBias)
                  000029a4    00000208     motion_action.o (.text.MotionAction_Update_20ms)
                  00002bac    000001cc     imu.o (.text.imu_i2c_write_byte)
                  00002d78    000001b8     gimbal.o (.text.Gimbal_YawMoveRelativeDeg)
                  00002f30    000001b8     oled.o (.text.oled_i2c_write_byte)
                  000030e8    000001a0     ultrasonic.o (.text.Ultrasonic_Tick100us)
                  00003288    00000198     gimbal.o (.text.Gimbal_YawInit)
                  00003420    00000184     gimbal.o (.text.Gimbal_YawUpdate5ms)
                  000035a4    00000178     gimbal.o (.text.Gimbal_YawGetFeedback)
                  0000371c    00000174     key.o (.text.Key_Update_20ms)
                  00003890    00000160     heading_control.o (.text.HeadingControl_Update)
                  000039f0    00000140     motion_action.o (.text.MotionAction_Start)
                  00003b30    0000013c     oled.o (.text.OLED_PrintInt16)
                  00003c6c    00000134     imu.o (.text.Imu_Update)
                  00003da0    0000012c     imu.o (.text.imu_i2c_recover_bus)
                  00003ecc    000000f8     mission_manager.o (.text.MissionManager_Update_20ms)
                  00003fc4    000000f0     mission_manager.o (.text.MissionManager_SelectNext)
                  000040b4    000000ec     car_controller.o (.text.handle_turn_90)
                  000041a0    000000d8     mission_manager.o (.text.MissionManager_SelectPrevious)
                  00004278    000000d8     libclang_rt.builtins.a : addsf3.S.obj (.text)
                  00004350    000000d4     oled.o (.text.OLED_Init)
                  00004424    000000d0     oled.o (.text.OLED_PrintChar)
                  000044f4    000000c4     app.o (.text.App_Update_20ms)
                  000045b8    000000c0     gimbal_stepper_test.o (.text.GimbalStepperTest_MoveRelativeDeg)
                  00004678    000000c0     gimbal_stepper_test.o (.text.GimbalStepperTest_Tick100us)
                  00004738    000000bc     obstacle_safety.o (.text.ObstacleSafety_Update_20ms)
                  000047f4    000000b8     app_config.o (.text.AppConfig_InitDefault)
                  000048ac    000000b8     ti_msp_dl_config.o (.text.SYSCFG_DL_GPIO_init)
                  00004964    000000b0     motor.o (.text.Motor_SetSpeed)
                  00004a14    000000aa     mission_library.o (.text.MissionLibrary_Validate)
                  00004abe    00000002     startup_mspm0g350x_ticlang.o (.text.Default_Handler)
                  00004ac0    000000a2     libclang_rt.builtins.a : udivmoddi4.S.obj (.text)
                  00004b62    00000002     track_sensor.o (.text.TrackSensor_Init)
                  00004b64    0000009c     obstacle_monitor.o (.text.ObstacleMonitor_Update_20ms)
                  00004c00    0000009c     empty.o (.text.main)
                  00004c9c    0000009a     libc.a : memcpy16.S.obj (.text:memcpy)
                  00004d36    00000002     libclang_rt.builtins.a : aeabi_div0.c.obj (.text.__aeabi_idiv0)
                  00004d38    00000098     car_controller.o (.text.CarController_StartSeekLine)
                  00004dd0    00000098     gimbal_stepper_test.o (.text.GimbalStepperTest_Init)
                  00004e68    00000098     imu.o (.text.mpu6050_write_reg)
                  00004f00    00000094     car_controller.o (.text.CarController_StartDriveHeading)
                  00004f94    0000008c     libclang_rt.builtins.a : mulsf3.S.obj (.text.__mulsf3)
                  00005020    00000088     car_controller.o (.text.CarController_StartTurnToYawRelative)
                  000050a8    00000082     libclang_rt.builtins.a : divsf3.S.obj (.text.__divsf3)
                  0000512a    00000002                            : aeabi_div0.c.obj (.text.__aeabi_ldiv0)
                  0000512c    0000007c     car_controller.o (.text.CarController_Init)
                  000051a8    0000007c     car_controller.o (.text.CarController_ResetRuntime)
                  00005224    0000007c     car_controller.o (.text.CarController_StartFollowLine)
                  000052a0    0000007c     libc.a : copy_decompress_lzss.c.obj (.text:decompress:lzss)
                  0000531c    00000078     oled.o (.text.oled_write_command)
                  00005394    00000074     car_controller.o (.text.CarController_StartTurnRight90)
                  00005408    00000070     car_controller.o (.text.CarController_StartTurnLeft90)
                  00005478    00000070     empty.o (.text.SysTick_Handler)
                  000054e8    0000006e     track_sensor.o (.text.TrackSensor_DetectTurn)
                  00005556    00000002     --HOLE-- [fill = 0]
                  00005558    0000006c     encoder.o (.text.Encoder_HandleGpioInterrupt)
                  000055c4    00000068     mission_manager.o (.text.MissionManager_GetSelectedMissionIndex)
                  0000562c    00000066     track_sensor.o (.text.TrackSensor_GetErrorFromRaw)
                  00005692    00000002     --HOLE-- [fill = 0]
                  00005694    00000064     menu.o (.text.Menu_GetParamValue)
                  000056f8    00000062     libclang_rt.builtins.a : aeabi_fcmp.S.obj (.text.__aeabi_fcmp)
                  0000575a    00000062     libc.a : memset16.S.obj (.text:memset)
                  000057bc    00000060     libclang_rt.builtins.a : fixsfdi.S.obj (.text.__fixsfdi)
                  0000581c    0000005e     app.o (.text.App_Init)
                  0000587a    0000005e     oled.o (.text.OLED_PrintBinary7)
                  000058d8    0000005c     gimbal_stepper_test.o (.text.GimbalStepperTest_Release)
                  00005934    0000005c     ultrasonic.o (.text.Ultrasonic_Update_20ms)
                  00005990    00000058     gimbal_stepper_test.o (.text.GimbalStepperTest_StopHold)
                  000059e8    00000056     libclang_rt.builtins.a : aeabi_idivmod.S.obj (.text.__aeabi_idivmod)
                  00005a3e    00000002     --HOLE-- [fill = 0]
                  00005a40    00000054     track_sensor.o (.text.TrackSensor_ReadRaw)
                  00005a94    00000050     car_controller.o (.text.CarController_SetSafetyHold)
                  00005ae4    00000050     motor.o (.text.Motor_PwmTick100us)
                  00005b34    00000050     ultrasonic.o (.text.Ultrasonic_Init)
                  00005b84    0000004e     libclang_rt.builtins.a : floatdisf.S.obj (.text.__floatdisf)
                  00005bd2    00000002     --HOLE-- [fill = 0]
                  00005bd4    00000048     mission_manager.o (.text.MissionManager_Init)
                  00005c1c    00000044     servo.o (.text.Servo_Tick100us)
                  00005c60    00000040     mission_manager.o (.text.MissionManager_Start)
                  00005ca0    00000040     ti_msp_dl_config.o (.text.SYSCFG_DL_SYSCTL_init)
                  00005ce0    00000040     libclang_rt.builtins.a : aeabi_uidivmod.S.obj (.text.__aeabi_uidivmod)
                  00005d20    0000003e                            : divmoddi4.c.obj (.text.__divmoddi4)
                  00005d5e    00000002     --HOLE-- [fill = 0]
                  00005d60    0000003c     servo.o (.text.Servo_SetAngleDeg)
                  00005d9c    0000003c     libclang_rt.builtins.a : floatsisf.S.obj (.text.__floatsisf)
                  00005dd8    0000003c                            : comparesf2.S.obj (.text.__gtsf2)
                  00005e14    0000003c     libc.a : autoinit.c.obj (.text:__TI_auto_init_nobinit_nopinit)
                  00005e50    0000003a     libclang_rt.builtins.a : comparesf2.S.obj (.text.__eqsf2)
                  00005e8a    00000002     --HOLE-- [fill = 0]
                  00005e8c    0000003a                            : muldsi3.S.obj (.text.__muldsi3)
                  00005ec6    00000002     --HOLE-- [fill = 0]
                  00005ec8    00000038     motion_action.o (.text.MotionAction_ReapplyControllerTarget)
                  00005f00    00000038     motor.o (.text.Motor_Init)
                  00005f38    00000038     libclang_rt.builtins.a : fixsfsi.S.obj (.text.__fixsfsi)
                  00005f70    00000034     oled.o (.text.OLED_SetCursor)
                  00005fa4    00000032     oled.o (.text.OLED_PrintString)
                  00005fd6    00000002     --HOLE-- [fill = 0]
                  00005fd8    00000030     key.o (.text.Key_Init)
                  00006008    00000030     mission_manager.o (.text.MissionManager_Cancel)
                  00006038    00000030     mission_manager.o (.text.MissionManager_Reset)
                  00006068    0000002c     motor.o (.text.Motor_Stop)
                  00006094    0000002c     ti_msp_dl_config.o (.text.SYSCFG_DL_initPower)
                  000060c0    0000002c     track_sensor.o (.text.TrackSensor_CountBlack)
                  000060ec    00000028     servo.o (.text.Servo_Init)
                  00006114    00000028     obstacle_avoidance.o (.text.avoid_fail)
                  0000613c    00000028     libc.a : boot_cortex_m.c.obj (.text:_c_int00_noargs)
                  00006164    00000024     encoder.o (.text.Encoder_Reset)
                  00006188    00000024     libclang_rt.builtins.a : muldi3.S.obj (.text.__muldi3)
                  000061ac    00000020     car_controller.o (.text.CarController_Stop)
                  000061cc    00000020     mission_manager.o (.text.MissionManager_Pause)
                  000061ec    00000020     mission_manager.o (.text.MissionManager_Resume)
                  0000620c    00000020     motion_action.o (.text.MotionAction_GetCurrentBypassDirection)
                  0000622c    00000020     motion_action.o (.text.MotionAction_GetCurrentObstaclePolicy)
                  0000624c    00000020     obstacle_avoidance.o (.text.ObstacleAvoidance_Init)
                  0000626c    00000020     mission_manager.o (.text.mission_finish_error)
                  0000628c    0000001e     libclang_rt.builtins.a : ashldi3.S.obj (.text.__ashldi3)
                  000062aa    00000002     --HOLE-- [fill = 0]
                  000062ac    0000001c     imu.o (.text.Imu_IsReady)
                  000062c8    0000001c     obstacle_monitor.o (.text.ObstacleMonitor_Init)
                  000062e4    0000001c     obstacle_safety.o (.text.ObstacleSafety_Init)
                  00006300    00000018     car_controller.o (.text.CarController_RunModeToString)
                  00006318    00000018     heading_control.o (.text.HeadingControl_LockCurrentYaw)
                  00006330    00000018     heading_control.o (.text.HeadingControl_SetTargetYaw)
                  00006348    00000018     menu.o (.text.Menu_ParamItemToString)
                  00006360    00000018     mission_library.o (.text.MissionLibrary_FindById)
                  00006378    00000018     motion_action.o (.text.MotionAction_Cancel)
                  00006390    00000018     motion_action.o (.text.MotionAction_Init)
                  000063a8    00000016     libc.a : copy_zero_init.c.obj (.text:decompress:ZI:__TI_zero_init_nomemset)
                  000063be    00000002     --HOLE-- [fill = 0]
                  000063c0    00000014     empty.o (.text.GROUP1_IRQHandler)
                  000063d4    00000014     heading_control.o (.text.HeadingControl_Enable)
                  000063e8    00000014     heading_control.o (.text.HeadingControl_Init)
                  000063fc    00000014     heading_control.o (.text.HeadingControl_Reset)
                  00006410    00000014     menu.o (.text.Menu_Init)
                  00006424    00000014     mission_library.o (.text.MissionLibrary_GetByIndex)
                  00006438    00000014     mission_manager.o (.text.MissionManager_GetSelectedMissionId)
                  0000644c    00000014     libclang_rt.builtins.a : aeabi_ldivmod.S.obj (.text.__aeabi_ldivmod)
                  00006460    00000012     libc.a : copy_decompress_none.c.obj (.text:decompress:none)
                  00006472    00000002     --HOLE-- [fill = 0]
                  00006474    00000010     key.o (.text.Key_GetEvent)
                  00006484    00000010     obstacle_avoidance.o (.text.ObstacleAvoidance_IsResumeGraceActive)
                  00006494    00000010     ti_msp_dl_config.o (.text.SYSCFG_DL_init)
                  000064a4    0000000c     car_controller.o (.text.CarController_GetRunMode)
                  000064b0    0000000c     car_state.o (.text.CarState_Get)
                  000064bc    0000000c     car_state.o (.text.CarState_Init)
                  000064c8    0000000c     car_state.o (.text.CarState_Set)
                  000064d4    0000000c     imu.o (.text.Imu_GetCorrectedGyroZDps)
                  000064e0    0000000c     imu.o (.text.Imu_GetYaw)
                  000064ec    0000000c     imu.o (.text.Imu_ResetYaw)
                  000064f8    0000000c     menu.o (.text.Menu_GetPage)
                  00006504    0000000c     menu.o (.text.Menu_GetParamItem)
                  00006510    0000000c     mission_manager.o (.text.MissionManager_SetExternalHold)
                  0000651c    0000000c     obstacle_avoidance.o (.text.ObstacleAvoidance_IsActive)
                  00006528    0000000c     obstacle_avoidance.o (.text.ObstacleAvoidance_IsFailed)
                  00006534    0000000c     obstacle_safety.o (.text.ObstacleSafety_IsHolding)
                  00006540    0000000c     oled_ui.o (.text.OledUi_Init)
                  0000654c    0000000c     libclang_rt.builtins.a : aeabi_memset.S.obj (.text.__aeabi_memclr)
                  00006558    0000000a     driverlib.a : dl_common.o (.text.DL_Common_delayCycles)
                  00006562    0000000a     track_sensor.o (.text.TrackSensor_IsCenterDetected)
                  0000656c    0000000a     track_sensor.o (.text.TrackSensor_IsLineDetected)
                  00006576    0000000a     track_sensor.o (.text.TrackSensor_IsLineLost)
                  00006580    00000008     car_controller.o (.text.CarController_GetFeedback)
                  00006588    00000008     gimbal_stepper_test.o (.text.GimbalStepperTest_GetFeedback)
                  00006590    00000008     gimbal.o (.text.Gimbal_YawTick100us)
                  00006598    00000008     heading_control.o (.text.HeadingControl_GetRuntime)
                  000065a0    00000008     imu.o (.text.Imu_GetRuntime)
                  000065a8    00000008     mission_manager.o (.text.MissionManager_GetMissionCount)
                  000065b0    00000008     mission_manager.o (.text.MissionManager_GetRuntime)
                  000065b8    00000008     motion_action.o (.text.MotionAction_GetRuntime)
                  000065c0    00000008     obstacle_avoidance.o (.text.ObstacleAvoidance_GetFeedback)
                  000065c8    00000008     obstacle_monitor.o (.text.ObstacleMonitor_GetFeedback)
                  000065d0    00000008     servo.o (.text.Servo_GetFeedback)
                  000065d8    00000008     ultrasonic.o (.text.Ultrasonic_GetFeedback)
                  000065e0    00000008     libclang_rt.builtins.a : aeabi_memcpy.S.obj (.text.__aeabi_memcpy)
                  000065e8    00000006     libc.a : exit.c.obj (.text:abort)
                  000065ee    00000004     libsysbm.a : hostexit.c.obj (.text.HOSTexit)
                  000065f2    00000004     mission_library.o (.text.MissionLibrary_GetCount)
                  000065f6    00000004     startup_mspm0g350x_ticlang.o (.text.Reset_Handler)
                  000065fa    00000004     libc.a : pre_init.c.obj (.text._system_pre_init)
                  000065fe    00000002     --HOLE-- [fill = 0]

.cinit     0    00006bb0    00000030     
                  00006bb0    0000000c     (__TI_handler_table)
                  00006bbc    00000008     (.cinit..bss.load) [load image, compression = zero_init]
                  00006bc4    00000005     (.cinit..data.load) [load image, compression = lzss]
                  00006bc9    00000003     --HOLE-- [fill = 0]
                  00006bcc    00000010     (__TI_cinit_table)
                  00006bdc    00000004     --HOLE-- [fill = 0]

.rodata    0    00006600    000005b0     
                  00006600    000000d8     oled.o (.rodata..Lswitch.table.OLED_PrintChar)
                  000066d8    000000a8     mission_library.o (.rodata.g_missionMapA)
                  00006780    000000a8     mission_library.o (.rodata.g_missionMapB)
                  00006828    00000078     mission_library.o (.rodata.g_missionMapC)
                  000068a0    00000030     mission_library.o (.rodata.g_missionRegistry)
                  000068d0    00000024     oled_ui.o (.rodata..Lswitch.table.OledUi_Update_20ms.66)
                  000068f4    00000020     menu.o (.rodata..Lswitch.table.Menu_ParamItemToString)
                  00006914    0000001c     car_controller.o (.rodata..Lswitch.table.CarController_RunModeToString)
                  00006930    00000018     oled_ui.o (.rodata..Lswitch.table.OledUi_Update_20ms.67)
                  00006948    0000000c     mission_library.o (.rodata..Lswitch.table.MissionLibrary_FindById)
                  00006954    0000000c     oled_ui.o (.rodata..Lswitch.table.OledUi_Update_20ms)
                  00006960    00000009     oled_ui.o (.rodata.str1.16526439943277383452.1)
                  00006969    00000009     oled_ui.o (.rodata.str1.18266126048138325213.1)
                  00006972    00000007     oled_ui.o (.rodata.str1.9544068167406571052.1)
                  00006979    00000006     menu.o (.rodata..Lswitch.table.Menu_HandleKeyEvent)
                  0000697f    00000006     mission_library.o (.rodata.str1.13636476544574750902.1)
                  00006985    00000006     oled_ui.o (.rodata.str1.1445687256832830955.1)
                  0000698b    00000006     oled_ui.o (.rodata.str1.15008238333949226094.1)
                  00006991    00000006     mission_library.o (.rodata.str1.15668266851434757964.1)
                  00006997    00000006     oled_ui.o (.rodata.str1.17540787658903907660.1)
                  0000699d    00000006     oled_ui.o (.rodata.str1.17884296644359297425.1)
                  000069a3    00000006     mission_library.o (.rodata.str1.199678142196697465.1)
                  000069a9    00000006     oled_ui.o (.rodata.str1.2522137003438374266.1)
                  000069af    00000006     oled_ui.o (.rodata.str1.4581686099848791648.1)
                  000069b5    00000006     oled_ui.o (.rodata.str1.5965450730569173784.1)
                  000069bb    00000006     oled_ui.o (.rodata.str1.6806727740681590176.1)
                  000069c1    00000006     oled_ui.o (.rodata.str1.8693388333057100694.1)
                  000069c7    00000005     oled.o (.rodata.oled_get_glyph.colon)
                  000069cc    00000005     oled.o (.rodata.oled_get_glyph.eight)
                  000069d1    00000005     oled.o (.rodata.oled_get_glyph.five)
                  000069d6    00000005     oled.o (.rodata.oled_get_glyph.four)
                  000069db    00000005     oled.o (.rodata.oled_get_glyph.glyphA)
                  000069e0    00000005     oled.o (.rodata.oled_get_glyph.glyphB)
                  000069e5    00000005     oled.o (.rodata.oled_get_glyph.glyphC)
                  000069ea    00000005     oled.o (.rodata.oled_get_glyph.glyphD)
                  000069ef    00000005     oled.o (.rodata.oled_get_glyph.glyphE)
                  000069f4    00000005     oled.o (.rodata.oled_get_glyph.glyphG)
                  000069f9    00000005     oled.o (.rodata.oled_get_glyph.glyphH)
                  000069fe    00000005     oled.o (.rodata.oled_get_glyph.glyphI)
                  00006a03    00000005     oled.o (.rodata.oled_get_glyph.glyphK)
                  00006a08    00000005     oled.o (.rodata.oled_get_glyph.glyphL)
                  00006a0d    00000005     oled.o (.rodata.oled_get_glyph.glyphM)
                  00006a12    00000005     oled.o (.rodata.oled_get_glyph.glyphN)
                  00006a17    00000005     oled.o (.rodata.oled_get_glyph.glyphO)
                  00006a1c    00000005     oled.o (.rodata.oled_get_glyph.glyphP)
                  00006a21    00000005     oled.o (.rodata.oled_get_glyph.glyphR)
                  00006a26    00000005     oled.o (.rodata.oled_get_glyph.glyphS)
                  00006a2b    00000005     oled.o (.rodata.oled_get_glyph.glyphT)
                  00006a30    00000005     oled.o (.rodata.oled_get_glyph.glyphU)
                  00006a35    00000005     oled.o (.rodata.oled_get_glyph.glyphV)
                  00006a3a    00000005     oled.o (.rodata.oled_get_glyph.glyphW)
                  00006a3f    00000005     oled.o (.rodata.oled_get_glyph.glyphX)
                  00006a44    00000005     oled.o (.rodata.oled_get_glyph.glyphY)
                  00006a49    00000005     oled.o (.rodata.oled_get_glyph.glyphb)
                  00006a4e    00000005     oled.o (.rodata.oled_get_glyph.gt)
                  00006a53    00000005     oled.o (.rodata.oled_get_glyph.minus)
                  00006a58    00000005     oled.o (.rodata.oled_get_glyph.nine)
                  00006a5d    00000005     oled.o (.rodata.oled_get_glyph.one)
                  00006a62    00000005     oled.o (.rodata.oled_get_glyph.seven)
                  00006a67    00000005     oled.o (.rodata.oled_get_glyph.six)
                  00006a6c    00000005     oled.o (.rodata.oled_get_glyph.space)
                  00006a71    00000005     oled.o (.rodata.oled_get_glyph.three)
                  00006a76    00000005     oled.o (.rodata.oled_get_glyph.two)
                  00006a7b    00000005     oled.o (.rodata.oled_get_glyph.zero)
                  00006a80    00000005     oled_ui.o (.rodata.str1.1108652269057166745.1)
                  00006a85    00000005     oled_ui.o (.rodata.str1.12617122458660443890.1)
                  00006a8a    00000005     oled_ui.o (.rodata.str1.13882251010780863896.1)
                  00006a8f    00000005     oled_ui.o (.rodata.str1.14134189893851348960.1)
                  00006a94    00000005     oled_ui.o (.rodata.str1.15613891207764622616.1)
                  00006a99    00000005     oled_ui.o (.rodata.str1.15829239520183577662.1)
                  00006a9e    00000005     oled_ui.o (.rodata.str1.15917848551323629232.1)
                  00006aa3    00000005     car_controller.o (.rodata.str1.1652194605229746967.1)
                  00006aa8    00000005     oled_ui.o (.rodata.str1.17274519358952562110.1)
                  00006aad    00000005     oled_ui.o (.rodata.str1.18379317056176403938.1)
                  00006ab2    00000005     oled_ui.o (.rodata.str1.270145429241168923.1)
                  00006ab7    00000005     car_controller.o (.rodata.str1.4164979912472006574.1)
                  00006abc    00000005     oled_ui.o (.rodata.str1.4402311448527872260.1)
                  00006ac1    00000005     oled_ui.o (.rodata.str1.4581472623415959594.1)
                  00006ac6    00000005     oled_ui.o (.rodata.str1.4610220316623841660.1)
                  00006acb    00000005     menu.o (.rodata.str1.4862307748908978627.1)
                  00006ad0    00000005     oled_ui.o (.rodata.str1.7185587941321649510.1)
                  00006ad5    00000005     oled_ui.o (.rodata.str1.7774807581888385879.1)
                  00006ada    00000005     oled_ui.o (.rodata.str1.8403269972884532600.1)
                  00006adf    00000005     oled_ui.o (.rodata.str1.8426569189266129334.1)
                  00006ae4    00000005     oled_ui.o (.rodata.str1.8460525935980491721.1)
                  00006ae9    00000005     car_controller.o (.rodata.str1.9234375891235759983.1)
                  00006aee    00000005     oled_ui.o (.rodata.str1.9611283282870761829.1)
                  00006af3    00000005     car_controller.o (.rodata.str1.9981487771679760427.1)
                  00006af8    00000004     oled_ui.o (.rodata.str1.1019225241002246410.1)
                  00006afc    00000004     oled_ui.o (.rodata.str1.10416366799939242409.1)
                  00006b00    00000004     menu.o (.rodata.str1.12110183915172842339.1)
                  00006b04    00000004     car_controller.o (.rodata.str1.12442237994239546032.1)
                  00006b08    00000004     oled_ui.o (.rodata.str1.12983537867572525563.1)
                  00006b0c    00000004     oled_ui.o (.rodata.str1.130772507669342127.1)
                  00006b10    00000004     menu.o (.rodata.str1.13124720451672825294.1)
                  00006b14    00000004     oled_ui.o (.rodata.str1.13244290092665904221.1)
                  00006b18    00000004     oled_ui.o (.rodata.str1.13567883086814673087.1)
                  00006b1c    00000004     oled_ui.o (.rodata.str1.13790669171379415506.1)
                  00006b20    00000004     menu.o (.rodata.str1.14098755746347272832.1)
                  00006b24    00000004     oled_ui.o (.rodata.str1.15577080202403550426.1)
                  00006b28    00000004     oled_ui.o (.rodata.str1.15802367878353263018.1)
                  00006b2c    00000004     oled_ui.o (.rodata.str1.15817398807211891688.1)
                  00006b30    00000004     oled_ui.o (.rodata.str1.15859922799842739878.1)
                  00006b34    00000004     oled_ui.o (.rodata.str1.16411631209783952401.1)
                  00006b38    00000004     oled_ui.o (.rodata.str1.16939060351352778619.1)
                  00006b3c    00000004     menu.o (.rodata.str1.17041139162815566052.1)
                  00006b40    00000004     car_controller.o (.rodata.str1.17172356789460551389.1)
                  00006b44    00000004     oled_ui.o (.rodata.str1.17464849429964608858.1)
                  00006b48    00000004     car_controller.o (.rodata.str1.18191498530309206443.1)
                  00006b4c    00000004     oled_ui.o (.rodata.str1.2308938766145545715.1)
                  00006b50    00000004     oled_ui.o (.rodata.str1.3025253791635144717.1)
                  00006b54    00000004     oled_ui.o (.rodata.str1.3407221357956504873.1)
                  00006b58    00000004     oled_ui.o (.rodata.str1.3455423528827705371.1)
                  00006b5c    00000004     oled_ui.o (.rodata.str1.3702290527496711532.1)
                  00006b60    00000004     oled_ui.o (.rodata.str1.5853739094453432564.1)
                  00006b64    00000004     car_controller.o (.rodata.str1.702403006289709404.1)
                  00006b68    00000004     oled_ui.o (.rodata.str1.7419768602719733415.1)
                  00006b6c    00000004     oled_ui.o (.rodata.str1.8236579331345056500.1)
                  00006b70    00000004     oled_ui.o (.rodata.str1.9102528229756940648.1)
                  00006b74    00000004     oled_ui.o (.rodata.str1.9159586779647977165.1)
                  00006b78    00000004     oled_ui.o (.rodata.str1.9295666102996717355.1)
                  00006b7c    00000004     menu.o (.rodata.str1.9546740394641817443.1)
                  00006b80    00000004     oled_ui.o (.rodata.str1.967006512144173535.1)
                  00006b84    00000004     oled_ui.o (.rodata.str1.9854382722193312766.1)
                  00006b88    00000003     oled_ui.o (.rodata.str1.11232419324784801130.1)
                  00006b8b    00000003     oled_ui.o (.rodata.str1.14358698208395374265.1)
                  00006b8e    00000003     oled_ui.o (.rodata.str1.14556837007311414654.1)
                  00006b91    00000003     menu.o (.rodata.str1.16312125044762562515.1)
                  00006b94    00000003     oled_ui.o (.rodata.str1.16849766574302683489.1)
                  00006b97    00000003     oled_ui.o (.rodata.str1.16931641404301806744.1)
                  00006b9a    00000003     oled_ui.o (.rodata.str1.17812014771544466701.1)
                  00006b9d    00000003     menu.o (.rodata.str1.4646809750356241979.1)
                  00006ba0    00000003     menu.o (.rodata.str1.6857549598058878762.1)
                  00006ba3    00000003     oled_ui.o (.rodata.str1.7219546930854689545.1)
                  00006ba6    00000003     oled_ui.o (.rodata.str1.8783421139296713095.1)
                  00006ba9    00000007     --HOLE-- [fill = 0]

.init_array 
*          0    00000000    00000000     UNINITIALIZED

.binit     0    00000000    00000000     

.bss       0    20200000    000001e5     UNINITIALIZED
                  20200000    0000005c     (.common:g_appConfig)
                  2020005c    00000038     (.common:g_appRuntime)
                  20200094    00000004     encoder.o (.bss.g_motorAPulses)
                  20200098    00000030     gimbal.o (.bss.g_feedback)
                  202000c8    00000028     (.common:g_imuRuntime)
                  202000f0    00000020     mission_manager.o (.bss.g_missionRuntime)
                  20200110    00000018     gimbal_stepper_test.o (.bss.g_feedback)
                  20200128    00000014     motion_action.o (.bss.g_motionActionRuntime)
                  2020013c    00000014     (.common:g_headingRuntime)
                  20200150    0000000e     car_controller.o (.bss.g_carControllerFeedback)
                  2020015e    00000002     ultrasonic.o (.bss.g_echoTicks)
                  20200160    0000000e     ultrasonic.o (.bss.g_ultrasonicFeedback)
                  2020016e    00000002     gimbal_stepper_test.o (.bss.g_pitchHalfPeriodTicks)
                  20200170    0000000a     obstacle_avoidance.o (.bss.g_avoidFeedback)
                  2020017a    00000008     obstacle_monitor.o (.bss.g_obstacleFeedback)
                  20200182    00000006     ultrasonic.o (.bss.g_distanceSamples)
                  20200188    00000008     gimbal_stepper_test.o (.bss.g_pitchEstimatedSteps)
                  20200190    00000008     gimbal.o (.bss.g_yawTargetContinuousDegX10)
                  20200198    00000006     key.o (.bss.g_key1)
                  2020019e    00000006     key.o (.bss.g_key2)
                  202001a4    00000006     key.o (.bss.g_key3)
                  202001aa    00000002     obstacle_avoidance.o (.bss.g_resumeGraceMs)
                  202001ac    00000004     encoder.o (.bss.g_motorBPulses)
                  202001b0    00000004     gimbal_stepper_test.o (.bss.g_pitchCompletedSteps)
                  202001b4    00000004     gimbal_stepper_test.o (.bss.g_pitchTargetSteps)
                  202001b8    00000004     servo.o (.bss.g_servoFeedback)
                  202001bc    00000002     servo.o (.bss.g_servoPwmPhase)
                  202001be    00000002     ultrasonic.o (.bss.g_stateTicks)
                  202001c0    00000002     (.common:g_trackError)
                  202001c2    00000001     oled_ui.o (.bss.OledUi_Update_20ms.refreshDivider)
                  202001c3    00000001     empty.o (.bss.SysTick_Handler.controlMsCount)
                  202001c4    00000001     empty.o (.bss.SysTick_Handler.gimbalMsCount)
                  202001c5    00000001     empty.o (.bss.SysTick_Handler.tick100usCount)
                  202001c6    00000001     ultrasonic.o (.bss.Ultrasonic_Update_20ms.triggerDivider)
                  202001c7    00000001     empty.o (.bss.g_appUpdateDue)
                  202001c8    00000001     car_state.o (.bss.g_carState)
                  202001c9    00000001     obstacle_monitor.o (.bss.g_centerSettleTicks)
                  202001ca    00000001     ultrasonic.o (.bss.g_distanceSampleCount)
                  202001cb    00000001     ultrasonic.o (.bss.g_distanceSampleIndex)
                  202001cc    00000001     empty.o (.bss.g_gimbalUpdatePending)
                  202001cd    00000001     motor.o (.bss.g_motorADutyLevel)
                  202001ce    00000001     motor.o (.bss.g_motorBDutyLevel)
                  202001cf    00000001     obstacle_safety.o (.bss.g_obstacleSafetyHolding)
                  202001d0    00000001     oled.o (.bss.g_oledColumn)
                  202001d1    00000001     menu.o (.bss.g_oledPage)
                  202001d2    00000001     menu.o (.bss.g_paramItem)
                  202001d3    00000001     key.o (.bss.g_pendingEvent)
                  202001d4    00000001     gimbal_stepper_test.o (.bss.g_pitchDirection)
                  202001d5    00000001     gimbal_stepper_test.o (.bss.g_pitchRunning)
                  202001d6    00000001     gimbal_stepper_test.o (.bss.g_pitchStepHigh)
                  202001d7    00000001     motor.o (.bss.g_pwmPhase)
                  202001d8    00000001     car_controller.o (.bss.g_safetyHold)
                  202001d9    00000001     obstacle_avoidance.o (.bss.g_stateStarted)
                  202001da    00000001     ultrasonic.o (.bss.g_triggerRequest)
                  202001db    00000001     ultrasonic.o (.bss.g_ultrasonicState)
                  202001dc    00000001     gimbal.o (.bss.g_yawPositionValid)
                  202001dd    00000001     (.common:g_carStateDebug)
                  202001de    00000001     (.common:g_keyEvent)
                  202001df    00000001     (.common:g_oledPageDebug)
                  202001e0    00000001     (.common:g_paramItemDebug)
                  202001e1    00000001     (.common:g_trackBlackCount)
                  202001e2    00000001     (.common:g_trackModeDebug)
                  202001e3    00000001     (.common:g_trackRaw)
                  202001e4    00000001     (.common:g_trackTurnDebug)

.data      0    202001e5    00000001     UNINITIALIZED
                  202001e5    00000001     car_controller.o (.data.g_followTurnPolicy)

.stack     0    20207e00    00000200     UNINITIALIZED
                  20207e00    00000004     libc.a : boot_cortex_m.c.obj (.stack)
                  20207e04    000001fc     --HOLE--

__llvm_prf_cnts 
*          0    20200000    00000000     UNINITIALIZED

__llvm_prf_bits 
*          0    20200000    00000000     UNINITIALIZED

MODULE SUMMARY

       Module                         code    ro data   rw data
       ------                         ----    -------   -------
    .\
       gimbal.o                       4032    0         57     
       car_controller.o               3208    64        72     
       imu.o                          3304    0         40     
       oled.o                         2088    401       1      
       oled_ui.o                      1808    378       1      
       mission_manager.o              1184    0         32     
       motion_action.o                1016    0         20     
       app_config.o                   832     0         92     
       menu.o                         760     72        2      
       gimbal_stepper_test.o          724     0         45     
       obstacle_avoidance.o           752     0         13     
       mission_library.o              218     534       0      
       ultrasonic.o                   596     0         29     
       heading_control.o              468     0         20     
       key.o                          436     0         19     
       track_sensor.o                 372     0         0      
       motor.o                        356     0         3      
       ti_msp_dl_config.o             308     0         0      
       app.o                          290     0         10     
       empty.o                        288     0         5      
       obstacle_safety.o              228     0         1      
       obstacle_monitor.o             192     0         9      
       startup_mspm0g350x_ticlang.o   6       192       0      
       servo.o                        176     0         6      
       encoder.o                      144     0         8      
       car_state.o                    36      0         1      
    +--+------------------------------+-------+---------+---------+
       Total:                         23822   1641      486    
                                                               
    C:/TI/mspm0_sdk_2_05_01_00/source/ti/driverlib/lib/ticlang/m0p/mspm0g1x0x_g3x0x/driverlib.a
       dl_common.o                    10      0         0      
    +--+------------------------------+-------+---------+---------+
       Total:                         10      0         0      
                                                               
    D:\TI\CCS\ccs\tools\compiler\ti-cgt-armllvm_4.0.4.LTS\lib\armv6m-ti-none-eabi/c/libc.a
       memcpy16.S.obj                 154     0         0      
       copy_decompress_lzss.c.obj     124     0         0      
       memset16.S.obj                 98      0         0      
       autoinit.c.obj                 60      0         0      
       boot_cortex_m.c.obj            40      0         0      
       copy_zero_init.c.obj           22      0         0      
       copy_decompress_none.c.obj     18      0         0      
       exit.c.obj                     6       0         0      
       pre_init.c.obj                 4       0         0      
    +--+------------------------------+-------+---------+---------+
       Total:                         526     0         0      
                                                               
    D:\TI\CCS\ccs\tools\compiler\ti-cgt-armllvm_4.0.4.LTS\lib\armv6m-ti-none-eabi/c/libsysbm.a
       hostexit.c.obj                 4       0         0      
    +--+------------------------------+-------+---------+---------+
       Total:                         4       0         0      
                                                               
    D:\TI\CCS\ccs\tools\compiler\ti-cgt-armllvm_4.0.4.LTS\lib\armv6m-ti-none-eabi/libclang_rt.builtins.a
       addsf3.S.obj                   216     0         0      
       udivmoddi4.S.obj               162     0         0      
       mulsf3.S.obj                   140     0         0      
       divsf3.S.obj                   130     0         0      
       comparesf2.S.obj               118     0         0      
       aeabi_fcmp.S.obj               98      0         0      
       fixsfdi.S.obj                  96      0         0      
       aeabi_idivmod.S.obj            86      0         0      
       floatdisf.S.obj                78      0         0      
       aeabi_uidivmod.S.obj           64      0         0      
       divmoddi4.c.obj                62      0         0      
       floatsisf.S.obj                60      0         0      
       muldsi3.S.obj                  58      0         0      
       fixsfsi.S.obj                  56      0         0      
       muldi3.S.obj                   36      0         0      
       ashldi3.S.obj                  30      0         0      
       aeabi_ldivmod.S.obj            20      0         0      
       aeabi_memset.S.obj             12      0         0      
       aeabi_memcpy.S.obj             8       0         0      
       aeabi_div0.c.obj               4       0         0      
    +--+------------------------------+-------+---------+---------+
       Total:                         1534    0         0      
                                                               
       Stack:                         0       0         512    
       Linker Generated:              0       41        0      
    +--+------------------------------+-------+---------+---------+
       Grand Total:                   25896   1682      998    


LINKER GENERATED COPY TABLES

__TI_cinit_table @ 00006bcc records: 2, size/record: 8, table size: 16
	.bss: load addr=00006bbc, load size=00000008 bytes, run addr=20200000, run size=000001e5 bytes, compression=zero_init
	.data: load addr=00006bc4, load size=00000005 bytes, run addr=202001e5, run size=00000001 bytes, compression=lzss


LINKER GENERATED HANDLER TABLE

__TI_handler_table @ 00006bb0 records: 3, size/record: 4, table size: 12
	index: 0, handler: __TI_decompress_lzss
	index: 1, handler: __TI_decompress_none
	index: 2, handler: __TI_zero_init


GLOBAL SYMBOLS: SORTED ALPHABETICALLY BY Name 

address   name                                  
-------   ----                                  
00004abf  ADC0_IRQHandler                       
00004abf  ADC1_IRQHandler                       
00004abf  AES_IRQHandler                        
000047f5  AppConfig_InitDefault                 
00001ded  AppConfig_LimitAll                    
0000581d  App_Init                              
000044f5  App_Update_20ms                       
000065ee  C$$EXIT                               
00004abf  CANFD0_IRQHandler                     
00006581  CarController_GetFeedback             
000064a5  CarController_GetRunMode              
0000512d  CarController_Init                    
000051a9  CarController_ResetRuntime            
00006301  CarController_RunModeToString         
00005a95  CarController_SetSafetyHold           
00004f01  CarController_StartDriveHeading       
00005225  CarController_StartFollowLine         
00004d39  CarController_StartSeekLine           
00005409  CarController_StartTurnLeft90         
00005395  CarController_StartTurnRight90        
00005021  CarController_StartTurnToYawRelative  
000061ad  CarController_Stop                    
000007c5  CarController_Update_20ms             
000064b1  CarState_Get                          
000064bd  CarState_Init                         
000064c9  CarState_Set                          
00004abf  DAC0_IRQHandler                       
00006559  DL_Common_delayCycles                 
00004abf  DMA_IRQHandler                        
00004abf  Default_Handler                       
00005559  Encoder_HandleGpioInterrupt           
00006165  Encoder_Reset                         
00004abf  GROUP0_IRQHandler                     
000063c1  GROUP1_IRQHandler                     
00006589  GimbalStepperTest_GetFeedback         
00004dd1  GimbalStepperTest_Init                
000045b9  GimbalStepperTest_MoveRelativeDeg     
000058d9  GimbalStepperTest_Release             
00005991  GimbalStepperTest_StopHold            
00004679  GimbalStepperTest_Tick100us           
000035a5  Gimbal_YawGetFeedback                 
00003289  Gimbal_YawInit                        
00002d79  Gimbal_YawMoveRelativeDeg             
0000150d  Gimbal_YawRelease                     
000011ed  Gimbal_YawStopHold                    
00006591  Gimbal_YawTick100us                   
00003421  Gimbal_YawUpdate5ms                   
000065ef  HOSTexit                              
00004abf  HardFault_Handler                     
000063d5  HeadingControl_Enable                 
00006599  HeadingControl_GetRuntime             
000063e9  HeadingControl_Init                   
00006319  HeadingControl_LockCurrentYaw         
000063fd  HeadingControl_Reset                  
00006331  HeadingControl_SetTargetYaw           
00003891  HeadingControl_Update                 
00004abf  I2C0_IRQHandler                       
00004abf  I2C1_IRQHandler                       
00002791  Imu_CalibrateGyroBias                 
000064d5  Imu_GetCorrectedGyroZDps              
000065a1  Imu_GetRuntime                        
000064e1  Imu_GetYaw                            
00001b15  Imu_Init                              
000062ad  Imu_IsReady                           
000064ed  Imu_ResetYaw                          
00003c6d  Imu_Update                            
00006475  Key_GetEvent                          
00005fd9  Key_Init                              
0000371d  Key_Update_20ms                       
000064f9  Menu_GetPage                          
00006505  Menu_GetParamItem                     
00005695  Menu_GetParamValue                    
00002541  Menu_HandleKeyEvent                   
00006411  Menu_Init                             
00006349  Menu_ParamItemToString                
00006361  MissionLibrary_FindById               
00006425  MissionLibrary_GetByIndex             
000065f3  MissionLibrary_GetCount               
00004a15  MissionLibrary_Validate               
00006009  MissionManager_Cancel                 
000065a9  MissionManager_GetMissionCount        
000065b1  MissionManager_GetRuntime             
00006439  MissionManager_GetSelectedMissionId   
000055c5  MissionManager_GetSelectedMissionIndex
00005bd5  MissionManager_Init                   
000061cd  MissionManager_Pause                  
00006039  MissionManager_Reset                  
000061ed  MissionManager_Resume                 
00003fc5  MissionManager_SelectNext             
000041a1  MissionManager_SelectPrevious         
00006511  MissionManager_SetExternalHold        
00005c61  MissionManager_Start                  
00003ecd  MissionManager_Update_20ms            
00006379  MotionAction_Cancel                   
0000620d  MotionAction_GetCurrentBypassDirection
0000622d  MotionAction_GetCurrentObstaclePolicy 
000065b9  MotionAction_GetRuntime               
00006391  MotionAction_Init                     
00005ec9  MotionAction_ReapplyControllerTarget  
000039f1  MotionAction_Start                    
000029a5  MotionAction_Update_20ms              
00005f01  Motor_Init                            
00005ae5  Motor_PwmTick100us                    
00004965  Motor_SetSpeed                        
00006069  Motor_Stop                            
00004abf  NMI_Handler                           
000022ed  OLED_Clear                            
00004351  OLED_Init                             
0000587b  OLED_PrintBinary7                     
00004425  OLED_PrintChar                        
00003b31  OLED_PrintInt16                       
00005fa5  OLED_PrintString                      
00005f71  OLED_SetCursor                        
000065c1  ObstacleAvoidance_GetFeedback         
0000624d  ObstacleAvoidance_Init                
0000651d  ObstacleAvoidance_IsActive            
00006529  ObstacleAvoidance_IsFailed            
00006485  ObstacleAvoidance_IsResumeGraceActive 
00002075  ObstacleAvoidance_Update_20ms         
000065c9  ObstacleMonitor_GetFeedback           
000062c9  ObstacleMonitor_Init                  
00004b65  ObstacleMonitor_Update_20ms           
000062e5  ObstacleSafety_Init                   
00006535  ObstacleSafety_IsHolding              
00004739  ObstacleSafety_Update_20ms            
00006541  OledUi_Init                           
000000c1  OledUi_Update_20ms                    
00004abf  PendSV_Handler                        
00004abf  RTC_IRQHandler                        
000065f7  Reset_Handler                         
00004abf  SPI0_IRQHandler                       
00004abf  SPI1_IRQHandler                       
00004abf  SVC_Handler                           
000048ad  SYSCFG_DL_GPIO_init                   
00005ca1  SYSCFG_DL_SYSCTL_init                 
00006495  SYSCFG_DL_init                        
00006095  SYSCFG_DL_initPower                   
000065d1  Servo_GetFeedback                     
000060ed  Servo_Init                            
00005d61  Servo_SetAngleDeg                     
00005c1d  Servo_Tick100us                       
00005479  SysTick_Handler                       
00004abf  TIMA0_IRQHandler                      
00004abf  TIMA1_IRQHandler                      
00004abf  TIMG0_IRQHandler                      
00004abf  TIMG12_IRQHandler                     
00004abf  TIMG6_IRQHandler                      
00004abf  TIMG7_IRQHandler                      
00004abf  TIMG8_IRQHandler                      
000060c1  TrackSensor_CountBlack                
000054e9  TrackSensor_DetectTurn                
0000562d  TrackSensor_GetErrorFromRaw           
00004b63  TrackSensor_Init                      
00006563  TrackSensor_IsCenterDetected          
0000656d  TrackSensor_IsLineDetected            
00006577  TrackSensor_IsLineLost                
00005a41  TrackSensor_ReadRaw                   
00004abf  UART0_IRQHandler                      
00004abf  UART1_IRQHandler                      
00004abf  UART2_IRQHandler                      
00004abf  UART3_IRQHandler                      
000065d9  Ultrasonic_GetFeedback                
00005b35  Ultrasonic_Init                       
000030e9  Ultrasonic_Tick100us                  
00005935  Ultrasonic_Update_20ms                
20208000  __STACK_END                           
00000200  __STACK_SIZE                          
00000000  __TI_ATRegion0_region_sz              
00000000  __TI_ATRegion0_src_addr               
00000000  __TI_ATRegion0_trg_addr               
00000000  __TI_ATRegion1_region_sz              
00000000  __TI_ATRegion1_src_addr               
00000000  __TI_ATRegion1_trg_addr               
00000000  __TI_ATRegion2_region_sz              
00000000  __TI_ATRegion2_src_addr               
00000000  __TI_ATRegion2_trg_addr               
00006bcc  __TI_CINIT_Base                       
00006bdc  __TI_CINIT_Limit                      
00006bdc  __TI_CINIT_Warm                       
00006bb0  __TI_Handler_Table_Base               
00006bbc  __TI_Handler_Table_Limit              
00005e15  __TI_auto_init_nobinit_nopinit        
000052a1  __TI_decompress_lzss                  
00006461  __TI_decompress_none                  
ffffffff  __TI_pprof_out_hndl                   
ffffffff  __TI_prof_data_size                   
ffffffff  __TI_prof_data_start                  
00000000  __TI_static_base__                    
000063a9  __TI_zero_init_nomemset               
00004283  __addsf3                              
00005f39  __aeabi_f2iz                          
000057bd  __aeabi_f2lz                          
00004283  __aeabi_fadd                          
000056f9  __aeabi_fcmpeq                        
00005735  __aeabi_fcmpge                        
00005749  __aeabi_fcmpgt                        
00005721  __aeabi_fcmple                        
0000570d  __aeabi_fcmplt                        
000050a9  __aeabi_fdiv                          
00004f95  __aeabi_fmul                          
00004279  __aeabi_fsub                          
00005d9d  __aeabi_i2f                           
000059e9  __aeabi_idiv                          
00004d37  __aeabi_idiv0                         
000059e9  __aeabi_idivmod                       
00005b85  __aeabi_l2f                           
0000512b  __aeabi_ldiv0                         
0000644d  __aeabi_ldivmod                       
0000628d  __aeabi_llsl                          
00006189  __aeabi_lmul                          
0000654d  __aeabi_memclr                        
0000654d  __aeabi_memclr4                       
0000654d  __aeabi_memclr8                       
000065e1  __aeabi_memcpy                        
000065e1  __aeabi_memcpy4                       
000065e1  __aeabi_memcpy8                       
00005ce1  __aeabi_uidiv                         
00005ce1  __aeabi_uidivmod                      
0000628d  __ashldi3                             
ffffffff  __binit__                             
00005e51  __cmpsf2                              
00005d21  __divmoddi4                           
000050a9  __divsf3                              
00005e51  __eqsf2                               
000057bd  __fixsfdi                             
00005f39  __fixsfsi                             
00005b85  __floatdisf                           
00005d9d  __floatsisf                           
00005dd9  __gesf2                               
00005dd9  __gtsf2                               
00005e51  __lesf2                               
00005e51  __ltsf2                               
UNDEFED   __mpu_init                            
00006189  __muldi3                              
00005e8d  __muldsi3                             
00004f95  __mulsf3                              
00005e51  __nesf2                               
20207e00  __stack                               
20200000  __start___llvm_prf_bits               
20200000  __start___llvm_prf_cnts               
20200000  __stop___llvm_prf_bits                
20200000  __stop___llvm_prf_cnts                
00004279  __subsf3                              
00004ac1  __udivmoddi4                          
0000613d  _c_int00_noargs                       
UNDEFED   _system_post_cinit                    
000065fb  _system_pre_init                      
000065e9  abort                                 
ffffffff  binit                                 
20200000  g_appConfig                           
2020005c  g_appRuntime                          
202001dd  g_carStateDebug                       
2020013c  g_headingRuntime                      
202000c8  g_imuRuntime                          
202001de  g_keyEvent                            
202001df  g_oledPageDebug                       
202001e0  g_paramItemDebug                      
202001e1  g_trackBlackCount                     
202001c0  g_trackError                          
202001e2  g_trackModeDebug                      
202001e3  g_trackRaw                            
202001e4  g_trackTurnDebug                      
00000000  interruptVectors                      
00004c01  main                                  
00004c9d  memcpy                                
0000575b  memset                                


GLOBAL SYMBOLS: SORTED BY Symbol Address 

address   name                                  
-------   ----                                  
00000000  __TI_ATRegion0_region_sz              
00000000  __TI_ATRegion0_src_addr               
00000000  __TI_ATRegion0_trg_addr               
00000000  __TI_ATRegion1_region_sz              
00000000  __TI_ATRegion1_src_addr               
00000000  __TI_ATRegion1_trg_addr               
00000000  __TI_ATRegion2_region_sz              
00000000  __TI_ATRegion2_src_addr               
00000000  __TI_ATRegion2_trg_addr               
00000000  __TI_static_base__                    
00000000  interruptVectors                      
000000c1  OledUi_Update_20ms                    
00000200  __STACK_SIZE                          
000007c5  CarController_Update_20ms             
000011ed  Gimbal_YawStopHold                    
0000150d  Gimbal_YawRelease                     
00001b15  Imu_Init                              
00001ded  AppConfig_LimitAll                    
00002075  ObstacleAvoidance_Update_20ms         
000022ed  OLED_Clear                            
00002541  Menu_HandleKeyEvent                   
00002791  Imu_CalibrateGyroBias                 
000029a5  MotionAction_Update_20ms              
00002d79  Gimbal_YawMoveRelativeDeg             
000030e9  Ultrasonic_Tick100us                  
00003289  Gimbal_YawInit                        
00003421  Gimbal_YawUpdate5ms                   
000035a5  Gimbal_YawGetFeedback                 
0000371d  Key_Update_20ms                       
00003891  HeadingControl_Update                 
000039f1  MotionAction_Start                    
00003b31  OLED_PrintInt16                       
00003c6d  Imu_Update                            
00003ecd  MissionManager_Update_20ms            
00003fc5  MissionManager_SelectNext             
000041a1  MissionManager_SelectPrevious         
00004279  __aeabi_fsub                          
00004279  __subsf3                              
00004283  __addsf3                              
00004283  __aeabi_fadd                          
00004351  OLED_Init                             
00004425  OLED_PrintChar                        
000044f5  App_Update_20ms                       
000045b9  GimbalStepperTest_MoveRelativeDeg     
00004679  GimbalStepperTest_Tick100us           
00004739  ObstacleSafety_Update_20ms            
000047f5  AppConfig_InitDefault                 
000048ad  SYSCFG_DL_GPIO_init                   
00004965  Motor_SetSpeed                        
00004a15  MissionLibrary_Validate               
00004abf  ADC0_IRQHandler                       
00004abf  ADC1_IRQHandler                       
00004abf  AES_IRQHandler                        
00004abf  CANFD0_IRQHandler                     
00004abf  DAC0_IRQHandler                       
00004abf  DMA_IRQHandler                        
00004abf  Default_Handler                       
00004abf  GROUP0_IRQHandler                     
00004abf  HardFault_Handler                     
00004abf  I2C0_IRQHandler                       
00004abf  I2C1_IRQHandler                       
00004abf  NMI_Handler                           
00004abf  PendSV_Handler                        
00004abf  RTC_IRQHandler                        
00004abf  SPI0_IRQHandler                       
00004abf  SPI1_IRQHandler                       
00004abf  SVC_Handler                           
00004abf  TIMA0_IRQHandler                      
00004abf  TIMA1_IRQHandler                      
00004abf  TIMG0_IRQHandler                      
00004abf  TIMG12_IRQHandler                     
00004abf  TIMG6_IRQHandler                      
00004abf  TIMG7_IRQHandler                      
00004abf  TIMG8_IRQHandler                      
00004abf  UART0_IRQHandler                      
00004abf  UART1_IRQHandler                      
00004abf  UART2_IRQHandler                      
00004abf  UART3_IRQHandler                      
00004ac1  __udivmoddi4                          
00004b63  TrackSensor_Init                      
00004b65  ObstacleMonitor_Update_20ms           
00004c01  main                                  
00004c9d  memcpy                                
00004d37  __aeabi_idiv0                         
00004d39  CarController_StartSeekLine           
00004dd1  GimbalStepperTest_Init                
00004f01  CarController_StartDriveHeading       
00004f95  __aeabi_fmul                          
00004f95  __mulsf3                              
00005021  CarController_StartTurnToYawRelative  
000050a9  __aeabi_fdiv                          
000050a9  __divsf3                              
0000512b  __aeabi_ldiv0                         
0000512d  CarController_Init                    
000051a9  CarController_ResetRuntime            
00005225  CarController_StartFollowLine         
000052a1  __TI_decompress_lzss                  
00005395  CarController_StartTurnRight90        
00005409  CarController_StartTurnLeft90         
00005479  SysTick_Handler                       
000054e9  TrackSensor_DetectTurn                
00005559  Encoder_HandleGpioInterrupt           
000055c5  MissionManager_GetSelectedMissionIndex
0000562d  TrackSensor_GetErrorFromRaw           
00005695  Menu_GetParamValue                    
000056f9  __aeabi_fcmpeq                        
0000570d  __aeabi_fcmplt                        
00005721  __aeabi_fcmple                        
00005735  __aeabi_fcmpge                        
00005749  __aeabi_fcmpgt                        
0000575b  memset                                
000057bd  __aeabi_f2lz                          
000057bd  __fixsfdi                             
0000581d  App_Init                              
0000587b  OLED_PrintBinary7                     
000058d9  GimbalStepperTest_Release             
00005935  Ultrasonic_Update_20ms                
00005991  GimbalStepperTest_StopHold            
000059e9  __aeabi_idiv                          
000059e9  __aeabi_idivmod                       
00005a41  TrackSensor_ReadRaw                   
00005a95  CarController_SetSafetyHold           
00005ae5  Motor_PwmTick100us                    
00005b35  Ultrasonic_Init                       
00005b85  __aeabi_l2f                           
00005b85  __floatdisf                           
00005bd5  MissionManager_Init                   
00005c1d  Servo_Tick100us                       
00005c61  MissionManager_Start                  
00005ca1  SYSCFG_DL_SYSCTL_init                 
00005ce1  __aeabi_uidiv                         
00005ce1  __aeabi_uidivmod                      
00005d21  __divmoddi4                           
00005d61  Servo_SetAngleDeg                     
00005d9d  __aeabi_i2f                           
00005d9d  __floatsisf                           
00005dd9  __gesf2                               
00005dd9  __gtsf2                               
00005e15  __TI_auto_init_nobinit_nopinit        
00005e51  __cmpsf2                              
00005e51  __eqsf2                               
00005e51  __lesf2                               
00005e51  __ltsf2                               
00005e51  __nesf2                               
00005e8d  __muldsi3                             
00005ec9  MotionAction_ReapplyControllerTarget  
00005f01  Motor_Init                            
00005f39  __aeabi_f2iz                          
00005f39  __fixsfsi                             
00005f71  OLED_SetCursor                        
00005fa5  OLED_PrintString                      
00005fd9  Key_Init                              
00006009  MissionManager_Cancel                 
00006039  MissionManager_Reset                  
00006069  Motor_Stop                            
00006095  SYSCFG_DL_initPower                   
000060c1  TrackSensor_CountBlack                
000060ed  Servo_Init                            
0000613d  _c_int00_noargs                       
00006165  Encoder_Reset                         
00006189  __aeabi_lmul                          
00006189  __muldi3                              
000061ad  CarController_Stop                    
000061cd  MissionManager_Pause                  
000061ed  MissionManager_Resume                 
0000620d  MotionAction_GetCurrentBypassDirection
0000622d  MotionAction_GetCurrentObstaclePolicy 
0000624d  ObstacleAvoidance_Init                
0000628d  __aeabi_llsl                          
0000628d  __ashldi3                             
000062ad  Imu_IsReady                           
000062c9  ObstacleMonitor_Init                  
000062e5  ObstacleSafety_Init                   
00006301  CarController_RunModeToString         
00006319  HeadingControl_LockCurrentYaw         
00006331  HeadingControl_SetTargetYaw           
00006349  Menu_ParamItemToString                
00006361  MissionLibrary_FindById               
00006379  MotionAction_Cancel                   
00006391  MotionAction_Init                     
000063a9  __TI_zero_init_nomemset               
000063c1  GROUP1_IRQHandler                     
000063d5  HeadingControl_Enable                 
000063e9  HeadingControl_Init                   
000063fd  HeadingControl_Reset                  
00006411  Menu_Init                             
00006425  MissionLibrary_GetByIndex             
00006439  MissionManager_GetSelectedMissionId   
0000644d  __aeabi_ldivmod                       
00006461  __TI_decompress_none                  
00006475  Key_GetEvent                          
00006485  ObstacleAvoidance_IsResumeGraceActive 
00006495  SYSCFG_DL_init                        
000064a5  CarController_GetRunMode              
000064b1  CarState_Get                          
000064bd  CarState_Init                         
000064c9  CarState_Set                          
000064d5  Imu_GetCorrectedGyroZDps              
000064e1  Imu_GetYaw                            
000064ed  Imu_ResetYaw                          
000064f9  Menu_GetPage                          
00006505  Menu_GetParamItem                     
00006511  MissionManager_SetExternalHold        
0000651d  ObstacleAvoidance_IsActive            
00006529  ObstacleAvoidance_IsFailed            
00006535  ObstacleSafety_IsHolding              
00006541  OledUi_Init                           
0000654d  __aeabi_memclr                        
0000654d  __aeabi_memclr4                       
0000654d  __aeabi_memclr8                       
00006559  DL_Common_delayCycles                 
00006563  TrackSensor_IsCenterDetected          
0000656d  TrackSensor_IsLineDetected            
00006577  TrackSensor_IsLineLost                
00006581  CarController_GetFeedback             
00006589  GimbalStepperTest_GetFeedback         
00006591  Gimbal_YawTick100us                   
00006599  HeadingControl_GetRuntime             
000065a1  Imu_GetRuntime                        
000065a9  MissionManager_GetMissionCount        
000065b1  MissionManager_GetRuntime             
000065b9  MotionAction_GetRuntime               
000065c1  ObstacleAvoidance_GetFeedback         
000065c9  ObstacleMonitor_GetFeedback           
000065d1  Servo_GetFeedback                     
000065d9  Ultrasonic_GetFeedback                
000065e1  __aeabi_memcpy                        
000065e1  __aeabi_memcpy4                       
000065e1  __aeabi_memcpy8                       
000065e9  abort                                 
000065ee  C$$EXIT                               
000065ef  HOSTexit                              
000065f3  MissionLibrary_GetCount               
000065f7  Reset_Handler                         
000065fb  _system_pre_init                      
00006bb0  __TI_Handler_Table_Base               
00006bbc  __TI_Handler_Table_Limit              
00006bcc  __TI_CINIT_Base                       
00006bdc  __TI_CINIT_Limit                      
00006bdc  __TI_CINIT_Warm                       
20200000  __start___llvm_prf_bits               
20200000  __start___llvm_prf_cnts               
20200000  __stop___llvm_prf_bits                
20200000  __stop___llvm_prf_cnts                
20200000  g_appConfig                           
2020005c  g_appRuntime                          
202000c8  g_imuRuntime                          
2020013c  g_headingRuntime                      
202001c0  g_trackError                          
202001dd  g_carStateDebug                       
202001de  g_keyEvent                            
202001df  g_oledPageDebug                       
202001e0  g_paramItemDebug                      
202001e1  g_trackBlackCount                     
202001e2  g_trackModeDebug                      
202001e3  g_trackRaw                            
202001e4  g_trackTurnDebug                      
20207e00  __stack                               
20208000  __STACK_END                           
ffffffff  __TI_pprof_out_hndl                   
ffffffff  __TI_prof_data_size                   
ffffffff  __TI_prof_data_start                  
ffffffff  __binit__                             
ffffffff  binit                                 
UNDEFED   __mpu_init                            
UNDEFED   _system_post_cinit                    

[266 symbols]
