******************************************************************************
            TI ARM Clang Linker PC v4.0.4                      
******************************************************************************
>> Linked Mon Jul 13 20:20:18 2026

OUTPUT FILE NAME:   <diansaikaishi.out>
ENTRY POINT SYMBOL: "_c_int00_noargs"  address: 00004e29


MEMORY CONFIGURATION

         name            origin    length      used     unused   attr    fill
----------------------  --------  ---------  --------  --------  ----  --------
  FLASH                 00000000   00020000  00005cf0  0001a310  R  X
  SRAM                  20200000   00008000  00000384  00007c7c  RW X
  BCR_CONFIG            41c00000   000000ff  00000000  000000ff  R   
  BSL_CONFIG            41c00100   00000080  00000000  00000080  R   


SEGMENT ALLOCATION MAP

run origin  load origin   length   init length attrs members
----------  ----------- ---------- ----------- ----- -------
00000000    00000000    00005cf0   00005cf0    r-x
  00000000    00000000    000000c0   000000c0    r-- .intvecs
  000000c0    000000c0    000051e0   000051e0    r-x .text
  000052a0    000052a0    00000a20   00000a20    r-- .rodata
  00005cc0    00005cc0    00000030   00000030    r-- .cinit
20200000    20200000    00000184   00000000    rw-
  20200000    20200000    00000183   00000000    rw- .bss
  20200183    20200183    00000001   00000000    rw- .data
20207e00    20207e00    00000200   00000000    rw-
  20207e00    20207e00    00000200   00000000    rw- .stack


SECTION ALLOCATION MAP

 output                                  attributes/
section   page    origin      length       input sections
--------  ----  ----------  ----------   ----------------
.intvecs   0    00000000    000000c0     
                  00000000    000000c0     startup_mspm0g350x_ticlang.o (.intvecs)

.text      0    000000c0    000051e0     
                  000000c0    000006f4     car_controller.o (.text.CarController_Update_20ms)
                  000007b4    000006a8     oled_ui.o (.text.OledUi_Update_20ms)
                  00000e5c    000002f0     imu.o (.text.mpu6050_read_regs)
                  0000114c    000002d8     imu.o (.text.Imu_Init)
                  00001424    00000254     oled.o (.text.OLED_Clear)
                  00001678    00000234     obstacle_avoidance.o (.text.ObstacleAvoidance_Update_20ms)
                  000018ac    00000228     menu.o (.text.Menu_HandleKeyEvent)
                  00001ad4    00000224     app_config.o (.text.AppConfig_LimitAll)
                  00001cf8    00000214     imu.o (.text.Imu_CalibrateGyroBias)
                  00001f0c    00000208     motion_action.o (.text.MotionAction_Update_20ms)
                  00002114    000001f4     obstacle_scanner.o (.text.ObstacleScanner_Update_20ms)
                  00002308    000001cc     imu.o (.text.imu_i2c_write_byte)
                  000024d4    000001b8     oled.o (.text.oled_i2c_write_byte)
                  0000268c    000001a0     ultrasonic.o (.text.Ultrasonic_Tick100us)
                  0000282c    00000174     key.o (.text.Key_Update_20ms)
                  000029a0    00000160     heading_control.o (.text.HeadingControl_Update)
                  00002b00    00000140     motion_action.o (.text.MotionAction_Start)
                  00002c40    0000013c     oled.o (.text.OLED_PrintInt16)
                  00002d7c    00000134     imu.o (.text.Imu_Update)
                  00002eb0    0000012c     imu.o (.text.imu_i2c_recover_bus)
                  00002fdc    000000f8     mission_manager.o (.text.MissionManager_Update_20ms)
                  000030d4    000000f0     mission_manager.o (.text.MissionManager_SelectNext)
                  000031c4    000000ec     car_controller.o (.text.handle_turn_90)
                  000032b0    000000d8     app.o (.text.App_Update_20ms)
                  00003388    000000d8     mission_manager.o (.text.MissionManager_SelectPrevious)
                  00003460    000000d8     libclang_rt.builtins.a : addsf3.S.obj (.text)
                  00003538    000000d4     oled.o (.text.OLED_Init)
                  0000360c    000000d0     oled.o (.text.OLED_PrintChar)
                  000036dc    000000b4     obstacle_safety.o (.text.ObstacleSafety_Update_20ms)
                  00003790    000000b0     motor.o (.text.Motor_SetSpeed)
                  00003840    000000b0     ti_msp_dl_config.o (.text.SYSCFG_DL_GPIO_init)
                  000038f0    000000a2     libclang_rt.builtins.a : udivmoddi4.S.obj (.text)
                  00003992    00000002     startup_mspm0g350x_ticlang.o (.text.Default_Handler)
                  00003994    0000009c     app_config.o (.text.AppConfig_InitDefault)
                  00003a30    0000009c     obstacle_monitor.o (.text.ObstacleMonitor_Update_20ms)
                  00003acc    0000009a     libc.a : memcpy16.S.obj (.text:memcpy)
                  00003b66    00000002     track_sensor.o (.text.TrackSensor_Init)
                  00003b68    00000098     car_controller.o (.text.CarController_StartSeekLine)
                  00003c00    00000098     imu.o (.text.mpu6050_write_reg)
                  00003c98    00000094     car_controller.o (.text.CarController_StartDriveHeading)
                  00003d2c    0000008c     libclang_rt.builtins.a : mulsf3.S.obj (.text.__mulsf3)
                  00003db8    00000088     car_controller.o (.text.CarController_StartTurnToYawRelative)
                  00003e40    00000082     mission_library.o (.text.MissionLibrary_Validate)
                  00003ec2    00000002     libclang_rt.builtins.a : aeabi_div0.c.obj (.text.__aeabi_idiv0)
                  00003ec4    00000082                            : divsf3.S.obj (.text.__divsf3)
                  00003f46    00000002                            : aeabi_div0.c.obj (.text.__aeabi_ldiv0)
                  00003f48    0000007c     car_controller.o (.text.CarController_Init)
                  00003fc4    0000007c     car_controller.o (.text.CarController_ResetRuntime)
                  00004040    0000007c     car_controller.o (.text.CarController_StartFollowLine)
                  000040bc    0000007c     libc.a : copy_decompress_lzss.c.obj (.text:decompress:lzss)
                  00004138    00000078     oled.o (.text.oled_write_command)
                  000041b0    00000074     car_controller.o (.text.CarController_StartTurnRight90)
                  00004224    00000070     car_controller.o (.text.CarController_StartTurnLeft90)
                  00004294    0000006e     track_sensor.o (.text.TrackSensor_DetectTurn)
                  00004302    00000002     --HOLE-- [fill = 0]
                  00004304    0000006c     encoder.o (.text.Encoder_HandleGpioInterrupt)
                  00004370    0000006c     empty.o (.text.main)
                  000043dc    00000068     mission_manager.o (.text.MissionManager_GetSelectedMissionIndex)
                  00004444    00000066     track_sensor.o (.text.TrackSensor_GetErrorFromRaw)
                  000044aa    00000002     --HOLE-- [fill = 0]
                  000044ac    00000062     libclang_rt.builtins.a : aeabi_fcmp.S.obj (.text.__aeabi_fcmp)
                  0000450e    00000002     --HOLE-- [fill = 0]
                  00004510    00000060     menu.o (.text.Menu_GetParamValue)
                  00004570    0000005e     app.o (.text.App_Init)
                  000045ce    0000005e     oled.o (.text.OLED_PrintBinary7)
                  0000462c    0000005c     ultrasonic.o (.text.Ultrasonic_Update_20ms)
                  00004688    00000056     libclang_rt.builtins.a : aeabi_idivmod.S.obj (.text.__aeabi_idivmod)
                  000046de    00000002     --HOLE-- [fill = 0]
                  000046e0    00000054     track_sensor.o (.text.TrackSensor_ReadRaw)
                  00004734    00000050     car_controller.o (.text.CarController_SetSafetyHold)
                  00004784    00000050     motor.o (.text.Motor_PwmTick100us)
                  000047d4    00000050     ultrasonic.o (.text.Ultrasonic_Init)
                  00004824    00000048     mission_manager.o (.text.MissionManager_Init)
                  0000486c    00000044     servo.o (.text.Servo_Tick100us)
                  000048b0    00000044     empty.o (.text.SysTick_Handler)
                  000048f4    00000040     mission_manager.o (.text.MissionManager_Start)
                  00004934    00000040     ti_msp_dl_config.o (.text.SYSCFG_DL_SYSCTL_init)
                  00004974    00000040     libclang_rt.builtins.a : aeabi_uidivmod.S.obj (.text.__aeabi_uidivmod)
                  000049b4    0000003e                            : divmoddi4.c.obj (.text.__divmoddi4)
                  000049f2    00000002     --HOLE-- [fill = 0]
                  000049f4    0000003c     servo.o (.text.Servo_SetAngleDeg)
                  00004a30    0000003c     libclang_rt.builtins.a : floatsisf.S.obj (.text.__floatsisf)
                  00004a6c    0000003c                            : comparesf2.S.obj (.text.__gtsf2)
                  00004aa8    0000003c     libc.a : autoinit.c.obj (.text:__TI_auto_init_nobinit_nopinit)
                  00004ae4    0000003a     libclang_rt.builtins.a : comparesf2.S.obj (.text.__eqsf2)
                  00004b1e    00000002     --HOLE-- [fill = 0]
                  00004b20    0000003a                            : muldsi3.S.obj (.text.__muldsi3)
                  00004b5a    00000002     --HOLE-- [fill = 0]
                  00004b5c    00000038     motion_action.o (.text.MotionAction_ReapplyControllerTarget)
                  00004b94    00000038     motor.o (.text.Motor_Init)
                  00004bcc    00000038     libclang_rt.builtins.a : fixsfsi.S.obj (.text.__fixsfsi)
                  00004c04    00000034     oled.o (.text.OLED_SetCursor)
                  00004c38    00000032     oled.o (.text.OLED_PrintString)
                  00004c6a    00000002     --HOLE-- [fill = 0]
                  00004c6c    00000030     key.o (.text.Key_Init)
                  00004c9c    00000030     mission_manager.o (.text.MissionManager_Cancel)
                  00004ccc    00000030     mission_manager.o (.text.MissionManager_Reset)
                  00004cfc    00000030     obstacle_scanner.o (.text.ObstacleScanner_Init)
                  00004d2c    0000002c     motor.o (.text.Motor_Stop)
                  00004d58    0000002c     ti_msp_dl_config.o (.text.SYSCFG_DL_initPower)
                  00004d84    0000002c     track_sensor.o (.text.TrackSensor_CountBlack)
                  00004db0    00000028     servo.o (.text.Servo_Init)
                  00004dd8    00000028     ultrasonic.o (.text.Ultrasonic_ResetFilter)
                  00004e00    00000028     obstacle_avoidance.o (.text.avoid_fail)
                  00004e28    00000028     libc.a : boot_cortex_m.c.obj (.text:_c_int00_noargs)
                  00004e50    00000024     encoder.o (.text.Encoder_Reset)
                  00004e74    00000024     obstacle_avoidance.o (.text.ObstacleAvoidance_Init)
                  00004e98    00000020     car_controller.o (.text.CarController_Stop)
                  00004eb8    00000020     mission_manager.o (.text.MissionManager_Pause)
                  00004ed8    00000020     mission_manager.o (.text.MissionManager_Resume)
                  00004ef8    00000020     mission_manager.o (.text.mission_finish_error)
                  00004f18    0000001e     libclang_rt.builtins.a : ashldi3.S.obj (.text.__ashldi3)
                  00004f36    00000002     --HOLE-- [fill = 0]
                  00004f38    0000001c     imu.o (.text.Imu_IsReady)
                  00004f54    0000001c     obstacle_monitor.o (.text.ObstacleMonitor_Init)
                  00004f70    0000001c     obstacle_safety.o (.text.ObstacleSafety_Init)
                  00004f8c    0000001c     obstacle_scanner.o (.text.ObstacleScanner_DirectionToString)
                  00004fa8    00000018     car_controller.o (.text.CarController_RunModeToString)
                  00004fc0    00000018     heading_control.o (.text.HeadingControl_LockCurrentYaw)
                  00004fd8    00000018     heading_control.o (.text.HeadingControl_SetTargetYaw)
                  00004ff0    00000018     menu.o (.text.Menu_ParamItemToString)
                  00005008    00000018     motion_action.o (.text.MotionAction_Cancel)
                  00005020    00000018     motion_action.o (.text.MotionAction_Init)
                  00005038    00000016     libc.a : copy_zero_init.c.obj (.text:decompress:ZI:__TI_zero_init_nomemset)
                  0000504e    00000002     --HOLE-- [fill = 0]
                  00005050    00000014     empty.o (.text.GROUP1_IRQHandler)
                  00005064    00000014     heading_control.o (.text.HeadingControl_Enable)
                  00005078    00000014     heading_control.o (.text.HeadingControl_Init)
                  0000508c    00000014     heading_control.o (.text.HeadingControl_Reset)
                  000050a0    00000014     menu.o (.text.Menu_Init)
                  000050b4    00000014     mission_library.o (.text.MissionLibrary_FindById)
                  000050c8    00000014     mission_library.o (.text.MissionLibrary_GetByIndex)
                  000050dc    00000014     mission_manager.o (.text.MissionManager_GetSelectedMissionId)
                  000050f0    00000014     libclang_rt.builtins.a : aeabi_ldivmod.S.obj (.text.__aeabi_ldivmod)
                  00005104    00000012     libc.a : copy_decompress_none.c.obj (.text:decompress:none)
                  00005116    00000002     --HOLE-- [fill = 0]
                  00005118    00000010     key.o (.text.Key_GetEvent)
                  00005128    00000010     obstacle_avoidance.o (.text.ObstacleAvoidance_IsResumeGraceActive)
                  00005138    00000010     ti_msp_dl_config.o (.text.SYSCFG_DL_init)
                  00005148    0000000c     car_controller.o (.text.CarController_GetRunMode)
                  00005154    0000000c     car_state.o (.text.CarState_Get)
                  00005160    0000000c     car_state.o (.text.CarState_Init)
                  0000516c    0000000c     car_state.o (.text.CarState_Set)
                  00005178    0000000c     imu.o (.text.Imu_GetCorrectedGyroZDps)
                  00005184    0000000c     imu.o (.text.Imu_GetYaw)
                  00005190    0000000c     imu.o (.text.Imu_ResetYaw)
                  0000519c    0000000c     menu.o (.text.Menu_GetPage)
                  000051a8    0000000c     menu.o (.text.Menu_GetParamItem)
                  000051b4    0000000c     mission_manager.o (.text.MissionManager_IsExternallyHeld)
                  000051c0    0000000c     mission_manager.o (.text.MissionManager_SetExternalHold)
                  000051cc    0000000c     obstacle_avoidance.o (.text.ObstacleAvoidance_IsActive)
                  000051d8    0000000c     obstacle_avoidance.o (.text.ObstacleAvoidance_IsFailed)
                  000051e4    0000000c     obstacle_safety.o (.text.ObstacleSafety_IsHolding)
                  000051f0    0000000c     oled_ui.o (.text.OledUi_Init)
                  000051fc    0000000a     driverlib.a : dl_common.o (.text.DL_Common_delayCycles)
                  00005206    0000000a     track_sensor.o (.text.TrackSensor_IsCenterDetected)
                  00005210    0000000a     track_sensor.o (.text.TrackSensor_IsLineDetected)
                  0000521a    0000000a     track_sensor.o (.text.TrackSensor_IsLineLost)
                  00005224    00000008     car_controller.o (.text.CarController_GetFeedback)
                  0000522c    00000008     heading_control.o (.text.HeadingControl_GetRuntime)
                  00005234    00000008     imu.o (.text.Imu_GetRuntime)
                  0000523c    00000008     mission_manager.o (.text.MissionManager_GetMissionCount)
                  00005244    00000008     mission_manager.o (.text.MissionManager_GetRuntime)
                  0000524c    00000008     motion_action.o (.text.MotionAction_GetRuntime)
                  00005254    00000008     obstacle_avoidance.o (.text.ObstacleAvoidance_GetFeedback)
                  0000525c    00000008     obstacle_monitor.o (.text.ObstacleMonitor_GetFeedback)
                  00005264    00000008     obstacle_scanner.o (.text.ObstacleScanner_GetFeedback)
                  0000526c    00000008     servo.o (.text.Servo_GetFeedback)
                  00005274    00000008     ultrasonic.o (.text.Ultrasonic_GetFeedback)
                  0000527c    00000008     libclang_rt.builtins.a : aeabi_memcpy.S.obj (.text.__aeabi_memcpy)
                  00005284    00000006     libc.a : exit.c.obj (.text:abort)
                  0000528a    00000004     libsysbm.a : hostexit.c.obj (.text.HOSTexit)
                  0000528e    00000004     mission_library.o (.text.MissionLibrary_GetCount)
                  00005292    00000004     startup_mspm0g350x_ticlang.o (.text.Reset_Handler)
                  00005296    00000004     libc.a : pre_init.c.obj (.text._system_pre_init)
                  0000529a    00000006     --HOLE-- [fill = 0]

.cinit     0    00005cc0    00000030     
                  00005cc0    0000000c     (__TI_handler_table)
                  00005ccc    00000008     (.cinit..bss.load) [load image, compression = zero_init]
                  00005cd4    00000005     (.cinit..data.load) [load image, compression = lzss]
                  00005cd9    00000003     --HOLE-- [fill = 0]
                  00005cdc    00000010     (__TI_cinit_table)
                  00005cec    00000004     --HOLE-- [fill = 0]

.rodata    0    000052a0    00000a20     
                  000052a0    000000d8     oled.o (.rodata..Lswitch.table.OLED_PrintChar)
                  00005378    000000c0     mission_library.o (.rodata.g_missionRegistry)
                  00005438    000000a8     mission_library.o (.rodata.g_missionMapA)
                  000054e0    000000a8     mission_library.o (.rodata.g_missionMapB)
                  00005588    00000090     mission_library.o (.rodata.g_missionTestReacquire)
                  00005618    00000078     mission_library.o (.rodata.g_missionMapC)
                  00005690    00000078     mission_library.o (.rodata.g_missionTestRight90Turn)
                  00005708    00000078     mission_library.o (.rodata.g_missionTestSeekFollow)
                  00005780    00000060     mission_library.o (.rodata.g_missionTestYaw)
                  000057e0    00000048     mission_library.o (.rodata.g_missionLegacy)
                  00005828    00000048     mission_library.o (.rodata.g_missionTestHeadingDrive)
                  00005870    00000048     mission_library.o (.rodata.g_missionTestRight90Stop)
                  000058b8    00000048     mission_library.o (.rodata.g_missionTestSeekThenFollow)
                  00005900    00000034     mission_library.o (.rodata..Lswitch.table.MissionLibrary_FindById)
                  00005934    00000030     oled_ui.o (.rodata..Lswitch.table.OledUi_Update_20ms)
                  00005964    00000030     mission_library.o (.rodata.g_missionTestSeekThenStop)
                  00005994    00000024     oled_ui.o (.rodata..Lswitch.table.OledUi_Update_20ms.68)
                  000059b8    00000020     menu.o (.rodata..Lswitch.table.Menu_ParamItemToString)
                  000059d8    0000001c     car_controller.o (.rodata..Lswitch.table.CarController_RunModeToString)
                  000059f4    00000018     oled_ui.o (.rodata..Lswitch.table.OledUi_Update_20ms.69)
                  00005a0c    00000010     obstacle_scanner.o (.rodata..Lswitch.table.ObstacleScanner_DirectionToString)
                  00005a1c    0000000b     mission_library.o (.rodata.str1.1440970855772709381.1)
                  00005a27    0000000a     mission_library.o (.rodata.str1.11682660667400632204.1)
                  00005a31    0000000a     mission_library.o (.rodata.str1.15604890807705439409.1)
                  00005a3b    0000000a     mission_library.o (.rodata.str1.4392264057376583881.1)
                  00005a45    00000009     mission_library.o (.rodata.str1.15668266851434757964.1)
                  00005a4e    00000009     mission_library.o (.rodata.str1.1642528554392422750.1)
                  00005a57    00000009     oled_ui.o (.rodata.str1.18266126048138325213.1)
                  00005a60    00000009     mission_library.o (.rodata.str1.4251661066630729623.1)
                  00005a69    00000008     mission_library.o (.rodata.str1.13636476544574750902.1)
                  00005a71    00000007     mission_library.o (.rodata.str1.199678142196697465.1)
                  00005a78    00000007     oled_ui.o (.rodata.str1.9544068167406571052.1)
                  00005a7f    00000006     mission_library.o (.rodata.str1.10039516787862681314.1)
                  00005a85    00000006     oled_ui.o (.rodata.str1.1445687256832830955.1)
                  00005a8b    00000006     oled_ui.o (.rodata.str1.15008238333949226094.1)
                  00005a91    00000006     oled_ui.o (.rodata.str1.15575624326185233262.1)
                  00005a97    00000006     oled_ui.o (.rodata.str1.15802367878353263018.1)
                  00005a9d    00000006     oled_ui.o (.rodata.str1.15829239520183577662.1)
                  00005aa3    00000006     oled_ui.o (.rodata.str1.17540787658903907660.1)
                  00005aa9    00000006     oled_ui.o (.rodata.str1.5965450730569173784.1)
                  00005aaf    00000006     oled_ui.o (.rodata.str1.7419768602719733415.1)
                  00005ab5    00000006     mission_library.o (.rodata.str1.842268438279787774.1)
                  00005abb    00000006     mission_library.o (.rodata.str1.8714982518355203214.1)
                  00005ac1    00000005     oled.o (.rodata.oled_get_glyph.colon)
                  00005ac6    00000005     oled.o (.rodata.oled_get_glyph.eight)
                  00005acb    00000005     oled.o (.rodata.oled_get_glyph.five)
                  00005ad0    00000005     oled.o (.rodata.oled_get_glyph.four)
                  00005ad5    00000005     oled.o (.rodata.oled_get_glyph.glyphA)
                  00005ada    00000005     oled.o (.rodata.oled_get_glyph.glyphB)
                  00005adf    00000005     oled.o (.rodata.oled_get_glyph.glyphC)
                  00005ae4    00000005     oled.o (.rodata.oled_get_glyph.glyphD)
                  00005ae9    00000005     oled.o (.rodata.oled_get_glyph.glyphE)
                  00005aee    00000005     oled.o (.rodata.oled_get_glyph.glyphG)
                  00005af3    00000005     oled.o (.rodata.oled_get_glyph.glyphH)
                  00005af8    00000005     oled.o (.rodata.oled_get_glyph.glyphI)
                  00005afd    00000005     oled.o (.rodata.oled_get_glyph.glyphK)
                  00005b02    00000005     oled.o (.rodata.oled_get_glyph.glyphL)
                  00005b07    00000005     oled.o (.rodata.oled_get_glyph.glyphM)
                  00005b0c    00000005     oled.o (.rodata.oled_get_glyph.glyphN)
                  00005b11    00000005     oled.o (.rodata.oled_get_glyph.glyphO)
                  00005b16    00000005     oled.o (.rodata.oled_get_glyph.glyphP)
                  00005b1b    00000005     oled.o (.rodata.oled_get_glyph.glyphR)
                  00005b20    00000005     oled.o (.rodata.oled_get_glyph.glyphS)
                  00005b25    00000005     oled.o (.rodata.oled_get_glyph.glyphT)
                  00005b2a    00000005     oled.o (.rodata.oled_get_glyph.glyphU)
                  00005b2f    00000005     oled.o (.rodata.oled_get_glyph.glyphV)
                  00005b34    00000005     oled.o (.rodata.oled_get_glyph.glyphW)
                  00005b39    00000005     oled.o (.rodata.oled_get_glyph.glyphX)
                  00005b3e    00000005     oled.o (.rodata.oled_get_glyph.glyphY)
                  00005b43    00000005     oled.o (.rodata.oled_get_glyph.glyphb)
                  00005b48    00000005     oled.o (.rodata.oled_get_glyph.gt)
                  00005b4d    00000005     oled.o (.rodata.oled_get_glyph.minus)
                  00005b52    00000005     oled.o (.rodata.oled_get_glyph.nine)
                  00005b57    00000005     oled.o (.rodata.oled_get_glyph.one)
                  00005b5c    00000005     oled.o (.rodata.oled_get_glyph.seven)
                  00005b61    00000005     oled.o (.rodata.oled_get_glyph.six)
                  00005b66    00000005     oled.o (.rodata.oled_get_glyph.space)
                  00005b6b    00000005     oled.o (.rodata.oled_get_glyph.three)
                  00005b70    00000005     oled.o (.rodata.oled_get_glyph.two)
                  00005b75    00000005     oled.o (.rodata.oled_get_glyph.zero)
                  00005b7a    00000005     oled_ui.o (.rodata.str1.1108652269057166745.1)
                  00005b7f    00000005     oled_ui.o (.rodata.str1.12617122458660443890.1)
                  00005b84    00000005     oled_ui.o (.rodata.str1.12983537867572525563.1)
                  00005b89    00000005     oled_ui.o (.rodata.str1.13882251010780863896.1)
                  00005b8e    00000005     oled_ui.o (.rodata.str1.14134189893851348960.1)
                  00005b93    00000005     oled_ui.o (.rodata.str1.15917848551323629232.1)
                  00005b98    00000005     car_controller.o (.rodata.str1.1652194605229746967.1)
                  00005b9d    00000005     oled_ui.o (.rodata.str1.16526439943277383452.1)
                  00005ba2    00000005     oled_ui.o (.rodata.str1.16939060351352778619.1)
                  00005ba7    00000005     oled_ui.o (.rodata.str1.17274519358952562110.1)
                  00005bac    00000005     car_controller.o (.rodata.str1.4164979912472006574.1)
                  00005bb1    00000005     oled_ui.o (.rodata.str1.4402311448527872260.1)
                  00005bb6    00000005     oled_ui.o (.rodata.str1.4581472623415959594.1)
                  00005bbb    00000005     menu.o (.rodata.str1.4862307748908978627.1)
                  00005bc0    00000005     oled_ui.o (.rodata.str1.6806727740681590176.1)
                  00005bc5    00000005     oled_ui.o (.rodata.str1.7774807581888385879.1)
                  00005bca    00000005     oled_ui.o (.rodata.str1.8426569189266129334.1)
                  00005bcf    00000005     oled_ui.o (.rodata.str1.8693388333057100694.1)
                  00005bd4    00000005     oled_ui.o (.rodata.str1.9102528229756940648.1)
                  00005bd9    00000005     car_controller.o (.rodata.str1.9234375891235759983.1)
                  00005bde    00000005     oled_ui.o (.rodata.str1.9611283282870761829.1)
                  00005be3    00000005     car_controller.o (.rodata.str1.9981487771679760427.1)
                  00005be8    00000004     oled_ui.o (.rodata.str1.1019225241002246410.1)
                  00005bec    00000004     oled_ui.o (.rodata.str1.10416366799939242409.1)
                  00005bf0    00000004     oled_ui.o (.rodata.str1.11428648044669318875.1)
                  00005bf4    00000004     menu.o (.rodata.str1.12110183915172842339.1)
                  00005bf8    00000004     car_controller.o (.rodata.str1.12442237994239546032.1)
                  00005bfc    00000004     oled_ui.o (.rodata.str1.130772507669342127.1)
                  00005c00    00000004     menu.o (.rodata.str1.13124720451672825294.1)
                  00005c04    00000004     oled_ui.o (.rodata.str1.13567883086814673087.1)
                  00005c08    00000004     oled_ui.o (.rodata.str1.13790669171379415506.1)
                  00005c0c    00000004     menu.o (.rodata.str1.14098755746347272832.1)
                  00005c10    00000004     oled_ui.o (.rodata.str1.15577080202403550426.1)
                  00005c14    00000004     oled_ui.o (.rodata.str1.15613891207764622616.1)
                  00005c18    00000004     oled_ui.o (.rodata.str1.15817398807211891688.1)
                  00005c1c    00000004     oled_ui.o (.rodata.str1.15859922799842739878.1)
                  00005c20    00000004     oled_ui.o (.rodata.str1.16411631209783952401.1)
                  00005c24    00000004     menu.o (.rodata.str1.17041139162815566052.1)
                  00005c28    00000004     car_controller.o (.rodata.str1.17172356789460551389.1)
                  00005c2c    00000004     oled_ui.o (.rodata.str1.17464849429964608858.1)
                  00005c30    00000004     oled_ui.o (.rodata.str1.17884296644359297425.1)
                  00005c34    00000004     car_controller.o (.rodata.str1.18191498530309206443.1)
                  00005c38    00000004     oled_ui.o (.rodata.str1.18379317056176403938.1)
                  00005c3c    00000004     oled_ui.o (.rodata.str1.2308938766145545715.1)
                  00005c40    00000004     oled_ui.o (.rodata.str1.2522137003438374266.1)
                  00005c44    00000004     oled_ui.o (.rodata.str1.270145429241168923.1)
                  00005c48    00000004     oled_ui.o (.rodata.str1.3025253791635144717.1)
                  00005c4c    00000004     oled_ui.o (.rodata.str1.3407221357956504873.1)
                  00005c50    00000004     oled_ui.o (.rodata.str1.3455423528827705371.1)
                  00005c54    00000004     oled_ui.o (.rodata.str1.3702290527496711532.1)
                  00005c58    00000004     oled_ui.o (.rodata.str1.4581686099848791648.1)
                  00005c5c    00000004     oled_ui.o (.rodata.str1.4610220316623841660.1)
                  00005c60    00000004     oled_ui.o (.rodata.str1.5853739094453432564.1)
                  00005c64    00000004     car_controller.o (.rodata.str1.702403006289709404.1)
                  00005c68    00000004     oled_ui.o (.rodata.str1.7185587941321649510.1)
                  00005c6c    00000004     oled_ui.o (.rodata.str1.7219546930854689545.1)
                  00005c70    00000004     oled_ui.o (.rodata.str1.8236579331345056500.1)
                  00005c74    00000004     oled_ui.o (.rodata.str1.8403269972884532600.1)
                  00005c78    00000004     oled_ui.o (.rodata.str1.8460525935980491721.1)
                  00005c7c    00000004     oled_ui.o (.rodata.str1.8783421139296713095.1)
                  00005c80    00000004     oled_ui.o (.rodata.str1.9159586779647977165.1)
                  00005c84    00000004     oled_ui.o (.rodata.str1.9295666102996717355.1)
                  00005c88    00000004     menu.o (.rodata.str1.9546740394641817443.1)
                  00005c8c    00000004     oled_ui.o (.rodata.str1.967006512144173535.1)
                  00005c90    00000003     oled_ui.o (.rodata.str1.11232419324784801130.1)
                  00005c93    00000003     oled_ui.o (.rodata.str1.13244290092665904221.1)
                  00005c96    00000003     oled_ui.o (.rodata.str1.14358698208395374265.1)
                  00005c99    00000003     oled_ui.o (.rodata.str1.14556837007311414654.1)
                  00005c9c    00000003     menu.o (.rodata.str1.16312125044762562515.1)
                  00005c9f    00000003     oled_ui.o (.rodata.str1.16849766574302683489.1)
                  00005ca2    00000003     oled_ui.o (.rodata.str1.16931641404301806744.1)
                  00005ca5    00000003     oled_ui.o (.rodata.str1.17812014771544466701.1)
                  00005ca8    00000003     menu.o (.rodata.str1.4646809750356241979.1)
                  00005cab    00000003     menu.o (.rodata.str1.6857549598058878762.1)
                  00005cae    00000003     oled_ui.o (.rodata.str1.9854382722193312766.1)
                  00005cb1    00000002     obstacle_scanner.o (.rodata.str1.11939683097049013124.1)
                  00005cb3    00000002     obstacle_scanner.o (.rodata.str1.14577498031971741607.1)
                  00005cb5    00000002     obstacle_scanner.o (.rodata.str1.5067209812142241413.1)
                  00005cb7    00000002     obstacle_scanner.o (.rodata.str1.8397422230016258530.1)
                  00005cb9    00000002     obstacle_scanner.o (.rodata.str1.972179551522492159.1)
                  00005cbb    00000005     --HOLE-- [fill = 0]

.init_array 
*          0    00000000    00000000     UNINITIALIZED

.binit     0    00000000    00000000     

.bss       0    20200000    00000183     UNINITIALIZED
                  20200000    00000050     (.common:g_appConfig)
                  20200050    00000038     (.common:g_appRuntime)
                  20200088    00000028     (.common:g_imuRuntime)
                  202000b0    00000020     mission_manager.o (.bss.g_missionRuntime)
                  202000d0    00000014     motion_action.o (.bss.g_motionActionRuntime)
                  202000e4    00000014     (.common:g_headingRuntime)
                  202000f8    00000010     obstacle_scanner.o (.bss.g_obstacleScanFeedback)
                  20200108    0000000e     car_controller.o (.bss.g_carControllerFeedback)
                  20200116    00000002     ultrasonic.o (.bss.g_echoTicks)
                  20200118    0000000e     ultrasonic.o (.bss.g_ultrasonicFeedback)
                  20200126    0000000a     obstacle_avoidance.o (.bss.g_avoidFeedback)
                  20200130    00000008     obstacle_monitor.o (.bss.g_obstacleFeedback)
                  20200138    00000006     ultrasonic.o (.bss.g_distanceSamples)
                  2020013e    00000006     key.o (.bss.g_key1)
                  20200144    00000006     key.o (.bss.g_key2)
                  2020014a    00000006     key.o (.bss.g_key3)
                  20200150    00000004     encoder.o (.bss.g_motorAPulses)
                  20200154    00000004     encoder.o (.bss.g_motorBPulses)
                  20200158    00000004     servo.o (.bss.g_servoFeedback)
                  2020015c    00000002     obstacle_avoidance.o (.bss.g_resumeGraceMs)
                  2020015e    00000002     obstacle_scanner.o (.bss.g_scanWaitTicks)
                  20200160    00000002     servo.o (.bss.g_servoPwmPhase)
                  20200162    00000002     ultrasonic.o (.bss.g_stateTicks)
                  20200164    00000002     (.common:g_trackError)
                  20200166    00000001     oled_ui.o (.bss.OledUi_Update_20ms.refreshDivider)
                  20200167    00000001     empty.o (.bss.SysTick_Handler.controlMsCount)
                  20200168    00000001     empty.o (.bss.SysTick_Handler.tick100usCount)
                  20200169    00000001     ultrasonic.o (.bss.Ultrasonic_Update_20ms.triggerDivider)
                  2020016a    00000001     empty.o (.bss.g_appUpdateDue)
                  2020016b    00000001     car_state.o (.bss.g_carState)
                  2020016c    00000001     obstacle_monitor.o (.bss.g_centerSettleTicks)
                  2020016d    00000001     ultrasonic.o (.bss.g_distanceSampleCount)
                  2020016e    00000001     ultrasonic.o (.bss.g_distanceSampleIndex)
                  2020016f    00000001     motor.o (.bss.g_motorADutyLevel)
                  20200170    00000001     motor.o (.bss.g_motorBDutyLevel)
                  20200171    00000001     obstacle_safety.o (.bss.g_obstacleSafetyHolding)
                  20200172    00000001     oled.o (.bss.g_oledColumn)
                  20200173    00000001     menu.o (.bss.g_oledPage)
                  20200174    00000001     menu.o (.bss.g_paramItem)
                  20200175    00000001     key.o (.bss.g_pendingEvent)
                  20200176    00000001     motor.o (.bss.g_pwmPhase)
                  20200177    00000001     car_controller.o (.bss.g_safetyHold)
                  20200178    00000001     obstacle_avoidance.o (.bss.g_stateStarted)
                  20200179    00000001     ultrasonic.o (.bss.g_triggerRequest)
                  2020017a    00000001     ultrasonic.o (.bss.g_ultrasonicState)
                  2020017b    00000001     (.common:g_carStateDebug)
                  2020017c    00000001     (.common:g_keyEvent)
                  2020017d    00000001     (.common:g_oledPageDebug)
                  2020017e    00000001     (.common:g_paramItemDebug)
                  2020017f    00000001     (.common:g_trackBlackCount)
                  20200180    00000001     (.common:g_trackModeDebug)
                  20200181    00000001     (.common:g_trackRaw)
                  20200182    00000001     (.common:g_trackTurnDebug)

.data      0    20200183    00000001     UNINITIALIZED
                  20200183    00000001     car_controller.o (.data.g_followTurnPolicy)

.stack     0    20207e00    00000200     UNINITIALIZED
                  20207e00    00000004     libc.a : boot_cortex_m.c.obj (.stack)
                  20207e04    000001fc     --HOLE--

__llvm_prf_cnts 
*          0    20200000    00000000     UNINITIALIZED

__llvm_prf_bits 
*          0    20200000    00000000     UNINITIALIZED

MODULE SUMMARY

       Module                         code    ro data   rw data
       ------                         ----    -------   -------
    .\
       car_controller.o               3208    64        72     
       imu.o                          3304    0         40     
       oled.o                         2088    401       1      
       oled_ui.o                      1716    413       1      
       mission_library.o              174     1617      0      
       mission_manager.o              1196    0         32     
       motion_action.o                952     0         20     
       app_config.o                   704     0         80     
       menu.o                         716     66        2      
       obstacle_avoidance.o           688     0         13     
       ultrasonic.o                   636     0         29     
       obstacle_scanner.o             584     26        18     
       heading_control.o              468     0         20     
       key.o                          436     0         19     
       track_sensor.o                 372     0         0      
       motor.o                        356     0         3      
       app.o                          310     0         10     
       ti_msp_dl_config.o             300     0         0      
       obstacle_safety.o              220     0         1      
       obstacle_monitor.o             192     0         9      
       empty.o                        196     0         3      
       startup_mspm0g350x_ticlang.o   6       192       0      
       servo.o                        176     0         6      
       encoder.o                      144     0         8      
       car_state.o                    36      0         1      
    +--+------------------------------+-------+---------+---------+
       Total:                         19178   2779      388    
                                                               
    C:/TI/mspm0_sdk_2_05_01_00/source/ti/driverlib/lib/ticlang/m0p/mspm0g1x0x_g3x0x/driverlib.a
       dl_common.o                    10      0         0      
    +--+------------------------------+-------+---------+---------+
       Total:                         10      0         0      
                                                               
    D:\TI\CCS\ccs\tools\compiler\ti-cgt-armllvm_4.0.4.LTS\lib\armv6m-ti-none-eabi/c/libc.a
       memcpy16.S.obj                 154     0         0      
       copy_decompress_lzss.c.obj     124     0         0      
       autoinit.c.obj                 60      0         0      
       boot_cortex_m.c.obj            40      0         0      
       copy_zero_init.c.obj           22      0         0      
       copy_decompress_none.c.obj     18      0         0      
       exit.c.obj                     6       0         0      
       pre_init.c.obj                 4       0         0      
    +--+------------------------------+-------+---------+---------+
       Total:                         428     0         0      
                                                               
    D:\TI\CCS\ccs\tools\compiler\ti-cgt-armllvm_4.0.4.LTS\lib\armv6m-ti-none-eabi/c/libsysbm.a
       hostexit.c.obj                 4       0         0      
    +--+------------------------------+-------+---------+---------+
       Total:                         4       0         0      
                                                               
    D:\TI\CCS\ccs\tools\compiler\ti-cgt-armllvm_4.0.4.LTS\lib\armv6m-ti-none-eabi/libclang_rt.builtins.a
       addsf3.S.obj                   216     0         0      
       udivmoddi4.S.obj               162     0         0      
       mulsf3.S.obj                   140     0         0      
       divsf3.S.obj                   130     0         0      
       comparesf2.S.obj               118     0         0      
       aeabi_fcmp.S.obj               98      0         0      
       aeabi_idivmod.S.obj            86      0         0      
       aeabi_uidivmod.S.obj           64      0         0      
       divmoddi4.c.obj                62      0         0      
       floatsisf.S.obj                60      0         0      
       muldsi3.S.obj                  58      0         0      
       fixsfsi.S.obj                  56      0         0      
       ashldi3.S.obj                  30      0         0      
       aeabi_ldivmod.S.obj            20      0         0      
       aeabi_memcpy.S.obj             8       0         0      
       aeabi_div0.c.obj               4       0         0      
    +--+------------------------------+-------+---------+---------+
       Total:                         1312    0         0      
                                                               
       Stack:                         0       0         512    
       Linker Generated:              0       41        0      
    +--+------------------------------+-------+---------+---------+
       Grand Total:                   20932   2820      900    


LINKER GENERATED COPY TABLES

__TI_cinit_table @ 00005cdc records: 2, size/record: 8, table size: 16
	.bss: load addr=00005ccc, load size=00000008 bytes, run addr=20200000, run size=00000183 bytes, compression=zero_init
	.data: load addr=00005cd4, load size=00000005 bytes, run addr=20200183, run size=00000001 bytes, compression=lzss


LINKER GENERATED HANDLER TABLE

__TI_handler_table @ 00005cc0 records: 3, size/record: 4, table size: 12
	index: 0, handler: __TI_decompress_lzss
	index: 1, handler: __TI_decompress_none
	index: 2, handler: __TI_zero_init


GLOBAL SYMBOLS: SORTED ALPHABETICALLY BY Name 

address   name                                  
-------   ----                                  
00003993  ADC0_IRQHandler                       
00003993  ADC1_IRQHandler                       
00003993  AES_IRQHandler                        
00003995  AppConfig_InitDefault                 
00001ad5  AppConfig_LimitAll                    
00004571  App_Init                              
000032b1  App_Update_20ms                       
0000528a  C$$EXIT                               
00003993  CANFD0_IRQHandler                     
00005225  CarController_GetFeedback             
00005149  CarController_GetRunMode              
00003f49  CarController_Init                    
00003fc5  CarController_ResetRuntime            
00004fa9  CarController_RunModeToString         
00004735  CarController_SetSafetyHold           
00003c99  CarController_StartDriveHeading       
00004041  CarController_StartFollowLine         
00003b69  CarController_StartSeekLine           
00004225  CarController_StartTurnLeft90         
000041b1  CarController_StartTurnRight90        
00003db9  CarController_StartTurnToYawRelative  
00004e99  CarController_Stop                    
000000c1  CarController_Update_20ms             
00005155  CarState_Get                          
00005161  CarState_Init                         
0000516d  CarState_Set                          
00003993  DAC0_IRQHandler                       
000051fd  DL_Common_delayCycles                 
00003993  DMA_IRQHandler                        
00003993  Default_Handler                       
00004305  Encoder_HandleGpioInterrupt           
00004e51  Encoder_Reset                         
00003993  GROUP0_IRQHandler                     
00005051  GROUP1_IRQHandler                     
0000528b  HOSTexit                              
00003993  HardFault_Handler                     
00005065  HeadingControl_Enable                 
0000522d  HeadingControl_GetRuntime             
00005079  HeadingControl_Init                   
00004fc1  HeadingControl_LockCurrentYaw         
0000508d  HeadingControl_Reset                  
00004fd9  HeadingControl_SetTargetYaw           
000029a1  HeadingControl_Update                 
00003993  I2C0_IRQHandler                       
00003993  I2C1_IRQHandler                       
00001cf9  Imu_CalibrateGyroBias                 
00005179  Imu_GetCorrectedGyroZDps              
00005235  Imu_GetRuntime                        
00005185  Imu_GetYaw                            
0000114d  Imu_Init                              
00004f39  Imu_IsReady                           
00005191  Imu_ResetYaw                          
00002d7d  Imu_Update                            
00005119  Key_GetEvent                          
00004c6d  Key_Init                              
0000282d  Key_Update_20ms                       
0000519d  Menu_GetPage                          
000051a9  Menu_GetParamItem                     
00004511  Menu_GetParamValue                    
000018ad  Menu_HandleKeyEvent                   
000050a1  Menu_Init                             
00004ff1  Menu_ParamItemToString                
000050b5  MissionLibrary_FindById               
000050c9  MissionLibrary_GetByIndex             
0000528f  MissionLibrary_GetCount               
00003e41  MissionLibrary_Validate               
00004c9d  MissionManager_Cancel                 
0000523d  MissionManager_GetMissionCount        
00005245  MissionManager_GetRuntime             
000050dd  MissionManager_GetSelectedMissionId   
000043dd  MissionManager_GetSelectedMissionIndex
00004825  MissionManager_Init                   
000051b5  MissionManager_IsExternallyHeld       
00004eb9  MissionManager_Pause                  
00004ccd  MissionManager_Reset                  
00004ed9  MissionManager_Resume                 
000030d5  MissionManager_SelectNext             
00003389  MissionManager_SelectPrevious         
000051c1  MissionManager_SetExternalHold        
000048f5  MissionManager_Start                  
00002fdd  MissionManager_Update_20ms            
00005009  MotionAction_Cancel                   
0000524d  MotionAction_GetRuntime               
00005021  MotionAction_Init                     
00004b5d  MotionAction_ReapplyControllerTarget  
00002b01  MotionAction_Start                    
00001f0d  MotionAction_Update_20ms              
00004b95  Motor_Init                            
00004785  Motor_PwmTick100us                    
00003791  Motor_SetSpeed                        
00004d2d  Motor_Stop                            
00003993  NMI_Handler                           
00001425  OLED_Clear                            
00003539  OLED_Init                             
000045cf  OLED_PrintBinary7                     
0000360d  OLED_PrintChar                        
00002c41  OLED_PrintInt16                       
00004c39  OLED_PrintString                      
00004c05  OLED_SetCursor                        
00005255  ObstacleAvoidance_GetFeedback         
00004e75  ObstacleAvoidance_Init                
000051cd  ObstacleAvoidance_IsActive            
000051d9  ObstacleAvoidance_IsFailed            
00005129  ObstacleAvoidance_IsResumeGraceActive 
00001679  ObstacleAvoidance_Update_20ms         
0000525d  ObstacleMonitor_GetFeedback           
00004f55  ObstacleMonitor_Init                  
00003a31  ObstacleMonitor_Update_20ms           
00004f71  ObstacleSafety_Init                   
000051e5  ObstacleSafety_IsHolding              
000036dd  ObstacleSafety_Update_20ms            
00004f8d  ObstacleScanner_DirectionToString     
00005265  ObstacleScanner_GetFeedback           
00004cfd  ObstacleScanner_Init                  
00002115  ObstacleScanner_Update_20ms           
000051f1  OledUi_Init                           
000007b5  OledUi_Update_20ms                    
00003993  PendSV_Handler                        
00003993  RTC_IRQHandler                        
00005293  Reset_Handler                         
00003993  SPI0_IRQHandler                       
00003993  SPI1_IRQHandler                       
00003993  SVC_Handler                           
00003841  SYSCFG_DL_GPIO_init                   
00004935  SYSCFG_DL_SYSCTL_init                 
00005139  SYSCFG_DL_init                        
00004d59  SYSCFG_DL_initPower                   
0000526d  Servo_GetFeedback                     
00004db1  Servo_Init                            
000049f5  Servo_SetAngleDeg                     
0000486d  Servo_Tick100us                       
000048b1  SysTick_Handler                       
00003993  TIMA0_IRQHandler                      
00003993  TIMA1_IRQHandler                      
00003993  TIMG0_IRQHandler                      
00003993  TIMG12_IRQHandler                     
00003993  TIMG6_IRQHandler                      
00003993  TIMG7_IRQHandler                      
00003993  TIMG8_IRQHandler                      
00004d85  TrackSensor_CountBlack                
00004295  TrackSensor_DetectTurn                
00004445  TrackSensor_GetErrorFromRaw           
00003b67  TrackSensor_Init                      
00005207  TrackSensor_IsCenterDetected          
00005211  TrackSensor_IsLineDetected            
0000521b  TrackSensor_IsLineLost                
000046e1  TrackSensor_ReadRaw                   
00003993  UART0_IRQHandler                      
00003993  UART1_IRQHandler                      
00003993  UART2_IRQHandler                      
00003993  UART3_IRQHandler                      
00005275  Ultrasonic_GetFeedback                
000047d5  Ultrasonic_Init                       
00004dd9  Ultrasonic_ResetFilter                
0000268d  Ultrasonic_Tick100us                  
0000462d  Ultrasonic_Update_20ms                
20208000  __STACK_END                           
00000200  __STACK_SIZE                          
00000000  __TI_ATRegion0_region_sz              
00000000  __TI_ATRegion0_src_addr               
00000000  __TI_ATRegion0_trg_addr               
00000000  __TI_ATRegion1_region_sz              
00000000  __TI_ATRegion1_src_addr               
00000000  __TI_ATRegion1_trg_addr               
00000000  __TI_ATRegion2_region_sz              
00000000  __TI_ATRegion2_src_addr               
00000000  __TI_ATRegion2_trg_addr               
00005cdc  __TI_CINIT_Base                       
00005cec  __TI_CINIT_Limit                      
00005cec  __TI_CINIT_Warm                       
00005cc0  __TI_Handler_Table_Base               
00005ccc  __TI_Handler_Table_Limit              
00004aa9  __TI_auto_init_nobinit_nopinit        
000040bd  __TI_decompress_lzss                  
00005105  __TI_decompress_none                  
ffffffff  __TI_pprof_out_hndl                   
ffffffff  __TI_prof_data_size                   
ffffffff  __TI_prof_data_start                  
00000000  __TI_static_base__                    
00005039  __TI_zero_init_nomemset               
0000346b  __addsf3                              
00004bcd  __aeabi_f2iz                          
0000346b  __aeabi_fadd                          
000044ad  __aeabi_fcmpeq                        
000044e9  __aeabi_fcmpge                        
000044fd  __aeabi_fcmpgt                        
000044d5  __aeabi_fcmple                        
000044c1  __aeabi_fcmplt                        
00003ec5  __aeabi_fdiv                          
00003d2d  __aeabi_fmul                          
00003461  __aeabi_fsub                          
00004a31  __aeabi_i2f                           
00004689  __aeabi_idiv                          
00003ec3  __aeabi_idiv0                         
00004689  __aeabi_idivmod                       
00003f47  __aeabi_ldiv0                         
000050f1  __aeabi_ldivmod                       
00004f19  __aeabi_llsl                          
0000527d  __aeabi_memcpy                        
0000527d  __aeabi_memcpy4                       
0000527d  __aeabi_memcpy8                       
00004975  __aeabi_uidiv                         
00004975  __aeabi_uidivmod                      
00004f19  __ashldi3                             
ffffffff  __binit__                             
00004ae5  __cmpsf2                              
000049b5  __divmoddi4                           
00003ec5  __divsf3                              
00004ae5  __eqsf2                               
00004bcd  __fixsfsi                             
00004a31  __floatsisf                           
00004a6d  __gesf2                               
00004a6d  __gtsf2                               
00004ae5  __lesf2                               
00004ae5  __ltsf2                               
UNDEFED   __mpu_init                            
00004b21  __muldsi3                             
00003d2d  __mulsf3                              
00004ae5  __nesf2                               
20207e00  __stack                               
20200000  __start___llvm_prf_bits               
20200000  __start___llvm_prf_cnts               
20200000  __stop___llvm_prf_bits                
20200000  __stop___llvm_prf_cnts                
00003461  __subsf3                              
000038f1  __udivmoddi4                          
00004e29  _c_int00_noargs                       
UNDEFED   _system_post_cinit                    
00005297  _system_pre_init                      
00005285  abort                                 
ffffffff  binit                                 
20200000  g_appConfig                           
20200050  g_appRuntime                          
2020017b  g_carStateDebug                       
202000e4  g_headingRuntime                      
20200088  g_imuRuntime                          
2020017c  g_keyEvent                            
2020017d  g_oledPageDebug                       
2020017e  g_paramItemDebug                      
2020017f  g_trackBlackCount                     
20200164  g_trackError                          
20200180  g_trackModeDebug                      
20200181  g_trackRaw                            
20200182  g_trackTurnDebug                      
00000000  interruptVectors                      
00004371  main                                  
00003acd  memcpy                                


GLOBAL SYMBOLS: SORTED BY Symbol Address 

address   name                                  
-------   ----                                  
00000000  __TI_ATRegion0_region_sz              
00000000  __TI_ATRegion0_src_addr               
00000000  __TI_ATRegion0_trg_addr               
00000000  __TI_ATRegion1_region_sz              
00000000  __TI_ATRegion1_src_addr               
00000000  __TI_ATRegion1_trg_addr               
00000000  __TI_ATRegion2_region_sz              
00000000  __TI_ATRegion2_src_addr               
00000000  __TI_ATRegion2_trg_addr               
00000000  __TI_static_base__                    
00000000  interruptVectors                      
000000c1  CarController_Update_20ms             
00000200  __STACK_SIZE                          
000007b5  OledUi_Update_20ms                    
0000114d  Imu_Init                              
00001425  OLED_Clear                            
00001679  ObstacleAvoidance_Update_20ms         
000018ad  Menu_HandleKeyEvent                   
00001ad5  AppConfig_LimitAll                    
00001cf9  Imu_CalibrateGyroBias                 
00001f0d  MotionAction_Update_20ms              
00002115  ObstacleScanner_Update_20ms           
0000268d  Ultrasonic_Tick100us                  
0000282d  Key_Update_20ms                       
000029a1  HeadingControl_Update                 
00002b01  MotionAction_Start                    
00002c41  OLED_PrintInt16                       
00002d7d  Imu_Update                            
00002fdd  MissionManager_Update_20ms            
000030d5  MissionManager_SelectNext             
000032b1  App_Update_20ms                       
00003389  MissionManager_SelectPrevious         
00003461  __aeabi_fsub                          
00003461  __subsf3                              
0000346b  __addsf3                              
0000346b  __aeabi_fadd                          
00003539  OLED_Init                             
0000360d  OLED_PrintChar                        
000036dd  ObstacleSafety_Update_20ms            
00003791  Motor_SetSpeed                        
00003841  SYSCFG_DL_GPIO_init                   
000038f1  __udivmoddi4                          
00003993  ADC0_IRQHandler                       
00003993  ADC1_IRQHandler                       
00003993  AES_IRQHandler                        
00003993  CANFD0_IRQHandler                     
00003993  DAC0_IRQHandler                       
00003993  DMA_IRQHandler                        
00003993  Default_Handler                       
00003993  GROUP0_IRQHandler                     
00003993  HardFault_Handler                     
00003993  I2C0_IRQHandler                       
00003993  I2C1_IRQHandler                       
00003993  NMI_Handler                           
00003993  PendSV_Handler                        
00003993  RTC_IRQHandler                        
00003993  SPI0_IRQHandler                       
00003993  SPI1_IRQHandler                       
00003993  SVC_Handler                           
00003993  TIMA0_IRQHandler                      
00003993  TIMA1_IRQHandler                      
00003993  TIMG0_IRQHandler                      
00003993  TIMG12_IRQHandler                     
00003993  TIMG6_IRQHandler                      
00003993  TIMG7_IRQHandler                      
00003993  TIMG8_IRQHandler                      
00003993  UART0_IRQHandler                      
00003993  UART1_IRQHandler                      
00003993  UART2_IRQHandler                      
00003993  UART3_IRQHandler                      
00003995  AppConfig_InitDefault                 
00003a31  ObstacleMonitor_Update_20ms           
00003acd  memcpy                                
00003b67  TrackSensor_Init                      
00003b69  CarController_StartSeekLine           
00003c99  CarController_StartDriveHeading       
00003d2d  __aeabi_fmul                          
00003d2d  __mulsf3                              
00003db9  CarController_StartTurnToYawRelative  
00003e41  MissionLibrary_Validate               
00003ec3  __aeabi_idiv0                         
00003ec5  __aeabi_fdiv                          
00003ec5  __divsf3                              
00003f47  __aeabi_ldiv0                         
00003f49  CarController_Init                    
00003fc5  CarController_ResetRuntime            
00004041  CarController_StartFollowLine         
000040bd  __TI_decompress_lzss                  
000041b1  CarController_StartTurnRight90        
00004225  CarController_StartTurnLeft90         
00004295  TrackSensor_DetectTurn                
00004305  Encoder_HandleGpioInterrupt           
00004371  main                                  
000043dd  MissionManager_GetSelectedMissionIndex
00004445  TrackSensor_GetErrorFromRaw           
000044ad  __aeabi_fcmpeq                        
000044c1  __aeabi_fcmplt                        
000044d5  __aeabi_fcmple                        
000044e9  __aeabi_fcmpge                        
000044fd  __aeabi_fcmpgt                        
00004511  Menu_GetParamValue                    
00004571  App_Init                              
000045cf  OLED_PrintBinary7                     
0000462d  Ultrasonic_Update_20ms                
00004689  __aeabi_idiv                          
00004689  __aeabi_idivmod                       
000046e1  TrackSensor_ReadRaw                   
00004735  CarController_SetSafetyHold           
00004785  Motor_PwmTick100us                    
000047d5  Ultrasonic_Init                       
00004825  MissionManager_Init                   
0000486d  Servo_Tick100us                       
000048b1  SysTick_Handler                       
000048f5  MissionManager_Start                  
00004935  SYSCFG_DL_SYSCTL_init                 
00004975  __aeabi_uidiv                         
00004975  __aeabi_uidivmod                      
000049b5  __divmoddi4                           
000049f5  Servo_SetAngleDeg                     
00004a31  __aeabi_i2f                           
00004a31  __floatsisf                           
00004a6d  __gesf2                               
00004a6d  __gtsf2                               
00004aa9  __TI_auto_init_nobinit_nopinit        
00004ae5  __cmpsf2                              
00004ae5  __eqsf2                               
00004ae5  __lesf2                               
00004ae5  __ltsf2                               
00004ae5  __nesf2                               
00004b21  __muldsi3                             
00004b5d  MotionAction_ReapplyControllerTarget  
00004b95  Motor_Init                            
00004bcd  __aeabi_f2iz                          
00004bcd  __fixsfsi                             
00004c05  OLED_SetCursor                        
00004c39  OLED_PrintString                      
00004c6d  Key_Init                              
00004c9d  MissionManager_Cancel                 
00004ccd  MissionManager_Reset                  
00004cfd  ObstacleScanner_Init                  
00004d2d  Motor_Stop                            
00004d59  SYSCFG_DL_initPower                   
00004d85  TrackSensor_CountBlack                
00004db1  Servo_Init                            
00004dd9  Ultrasonic_ResetFilter                
00004e29  _c_int00_noargs                       
00004e51  Encoder_Reset                         
00004e75  ObstacleAvoidance_Init                
00004e99  CarController_Stop                    
00004eb9  MissionManager_Pause                  
00004ed9  MissionManager_Resume                 
00004f19  __aeabi_llsl                          
00004f19  __ashldi3                             
00004f39  Imu_IsReady                           
00004f55  ObstacleMonitor_Init                  
00004f71  ObstacleSafety_Init                   
00004f8d  ObstacleScanner_DirectionToString     
00004fa9  CarController_RunModeToString         
00004fc1  HeadingControl_LockCurrentYaw         
00004fd9  HeadingControl_SetTargetYaw           
00004ff1  Menu_ParamItemToString                
00005009  MotionAction_Cancel                   
00005021  MotionAction_Init                     
00005039  __TI_zero_init_nomemset               
00005051  GROUP1_IRQHandler                     
00005065  HeadingControl_Enable                 
00005079  HeadingControl_Init                   
0000508d  HeadingControl_Reset                  
000050a1  Menu_Init                             
000050b5  MissionLibrary_FindById               
000050c9  MissionLibrary_GetByIndex             
000050dd  MissionManager_GetSelectedMissionId   
000050f1  __aeabi_ldivmod                       
00005105  __TI_decompress_none                  
00005119  Key_GetEvent                          
00005129  ObstacleAvoidance_IsResumeGraceActive 
00005139  SYSCFG_DL_init                        
00005149  CarController_GetRunMode              
00005155  CarState_Get                          
00005161  CarState_Init                         
0000516d  CarState_Set                          
00005179  Imu_GetCorrectedGyroZDps              
00005185  Imu_GetYaw                            
00005191  Imu_ResetYaw                          
0000519d  Menu_GetPage                          
000051a9  Menu_GetParamItem                     
000051b5  MissionManager_IsExternallyHeld       
000051c1  MissionManager_SetExternalHold        
000051cd  ObstacleAvoidance_IsActive            
000051d9  ObstacleAvoidance_IsFailed            
000051e5  ObstacleSafety_IsHolding              
000051f1  OledUi_Init                           
000051fd  DL_Common_delayCycles                 
00005207  TrackSensor_IsCenterDetected          
00005211  TrackSensor_IsLineDetected            
0000521b  TrackSensor_IsLineLost                
00005225  CarController_GetFeedback             
0000522d  HeadingControl_GetRuntime             
00005235  Imu_GetRuntime                        
0000523d  MissionManager_GetMissionCount        
00005245  MissionManager_GetRuntime             
0000524d  MotionAction_GetRuntime               
00005255  ObstacleAvoidance_GetFeedback         
0000525d  ObstacleMonitor_GetFeedback           
00005265  ObstacleScanner_GetFeedback           
0000526d  Servo_GetFeedback                     
00005275  Ultrasonic_GetFeedback                
0000527d  __aeabi_memcpy                        
0000527d  __aeabi_memcpy4                       
0000527d  __aeabi_memcpy8                       
00005285  abort                                 
0000528a  C$$EXIT                               
0000528b  HOSTexit                              
0000528f  MissionLibrary_GetCount               
00005293  Reset_Handler                         
00005297  _system_pre_init                      
00005cc0  __TI_Handler_Table_Base               
00005ccc  __TI_Handler_Table_Limit              
00005cdc  __TI_CINIT_Base                       
00005cec  __TI_CINIT_Limit                      
00005cec  __TI_CINIT_Warm                       
20200000  __start___llvm_prf_bits               
20200000  __start___llvm_prf_cnts               
20200000  __stop___llvm_prf_bits                
20200000  __stop___llvm_prf_cnts                
20200000  g_appConfig                           
20200050  g_appRuntime                          
20200088  g_imuRuntime                          
202000e4  g_headingRuntime                      
20200164  g_trackError                          
2020017b  g_carStateDebug                       
2020017c  g_keyEvent                            
2020017d  g_oledPageDebug                       
2020017e  g_paramItemDebug                      
2020017f  g_trackBlackCount                     
20200180  g_trackModeDebug                      
20200181  g_trackRaw                            
20200182  g_trackTurnDebug                      
20207e00  __stack                               
20208000  __STACK_END                           
ffffffff  __TI_pprof_out_hndl                   
ffffffff  __TI_prof_data_size                   
ffffffff  __TI_prof_data_start                  
ffffffff  __binit__                             
ffffffff  binit                                 
UNDEFED   __mpu_init                            
UNDEFED   _system_post_cinit                    

[247 symbols]
