******************************************************************************
            TI ARM Clang Linker PC v4.0.4                      
******************************************************************************
>> Linked Mon Jul 20 23:07:44 2026

OUTPUT FILE NAME:   <diansaikaishi.out>
ENTRY POINT SYMBOL: "_c_int00_noargs"  address: 0000d395


MEMORY CONFIGURATION

         name            origin    length      used     unused   attr    fill
----------------------  --------  ---------  --------  --------  ----  --------
  FLASH                 00000000   00020000  0000e408  00011bf8  R  X
  SRAM                  20200000   00008000  00000bd1  0000742f  RW X
  BCR_CONFIG            41c00000   000000ff  00000000  000000ff  R   
  BSL_CONFIG            41c00100   00000080  00000000  00000080  R   


SEGMENT ALLOCATION MAP

run origin  load origin   length   init length attrs members
----------  ----------- ---------- ----------- ----- -------
00000000    00000000    0000e408   0000e408    r-x
  00000000    00000000    000000c0   000000c0    r-- .intvecs
  000000c0    000000c0    0000da80   0000da80    r-x .text
  0000db40    0000db40    00000898   00000898    r-- .rodata
  0000e3d8    0000e3d8    00000030   00000030    r-- .cinit
20200000    20200000    000009d1   00000000    rw-
  20200000    20200000    000009d0   00000000    rw- .bss
  202009d0    202009d0    00000001   00000000    rw- .data
20207e00    20207e00    00000200   00000000    rw-
  20207e00    20207e00    00000200   00000000    rw- .stack


SECTION ALLOCATION MAP

 output                                  attributes/
section   page    origin      length       input sections
--------  ----  ----------  ----------   ----------------
.intvecs   0    00000000    000000c0     
                  00000000    000000c0     startup_mspm0g350x_ticlang.o (.intvecs)

.text      0    000000c0    0000da80     
                  000000c0    00001dd4     vision_tuning_console.o (.text.VisionTuningConsole_Process)
                  00001e94    00001378     oled_ui.o (.text.OledUi_Update_20ms)
                  0000320c    0000047c     gimbal_tracker.o (.text.GimbalTracker_Update)
                  00003688    000003b0     vision_receiver.o (.text.VisionReceiver_Process)
                  00003a38    00000388     gimbal_vision_yaw_tracker.o (.text.GimbalVisionYawTracker_Update10ms)
                  00003dc0    0000037c     menu.o (.text.Menu_HandleKeyEvent)
                  0000413c    00000370     gimbal.o (.text.gimbal_update_feedback)
                  000044ac    00000340     obstacle_avoidance.o (.text.ObstacleAvoidance_Update_20ms)
                  000047ec    00000310     vision_tuning_console.o (.text.append_scaled)
                  00004afc    000002f0     imu.o (.text.mpu6050_read_regs)
                  00004dec    000002d8     imu.o (.text.Imu_Init)
                  000050c4    000002c4     app_config.o (.text.AppConfig_LimitAll)
                  00005388    000002a8     gimbal_tracker.o (.text.update_feedback)
                  00005630    00000298     gimbal.o (.text.Gimbal_YawSetWrappedTargetDeg)
                  000058c8    00000294     gimbal.o (.text.Gimbal_YawUpdate5ms)
                  00005b5c    00000290     gimbal.o (.text.Gimbal_PitchSetTrackingSpeedDegS)
                  00005dec    00000278     car_controller.o (.text.handle_turn_to_yaw)
                  00006064    00000260     gimbal.o (.text.gimbal_pitch_set_target_steps)
                  000062c4    00000254     oled.o (.text.OLED_Clear)
                  00006518    00000238     gimbal.o (.text.gimbal_pitch_update_feedback)
                  00006750    00000234     motion_action.o (.text.MotionAction_Update_20ms)
                  00006984    00000228     gimbal_vision_pitch_tracker.o (.text.GimbalVisionPitchTracker_Update10ms)
                  00006bac    00000214     imu.o (.text.Imu_CalibrateGyroBias)
                  00006dc0    0000020c     car_controller.o (.text.handle_follow_line)
                  00006fcc    000001f4     vision_protocol.o (.text.VisionProtocol_ParseV1TargetFrame)
                  000071c0    000001cc     imu.o (.text.imu_i2c_write_byte)
                  0000738c    000001bc     gimbal.o (.text.Gimbal_PitchUpdate5ms)
                  00007548    000001b8     oled.o (.text.oled_i2c_write_byte)
                  00007700    000001a0     ultrasonic.o (.text.Ultrasonic_Tick100us)
                  000078a0    00000194     gimbal_stepper.o (.text.GimbalStepper_Tick100us)
                  00007a34    00000188     gimbal_vision_yaw_tracker.o (.text.GimbalVisionYawTracker_Enable)
                  00007bbc    00000180     gimbal.o (.text.Gimbal_PitchTick100us)
                  00007d3c    0000017c     gimbal_stepper.o (.text.GimbalStepper_MoveToEstimatedSteps)
                  00007eb8    00000174     key.o (.text.Key_Update_20ms)
                  0000802c    0000016c     gimbal.o (.text.Gimbal_Init)
                  00008198    00000168     empty.o (.text.main)
                  00008300    00000164     heading_control.o (.text.HeadingControl_Update)
                  00008464    00000160     gimbal.o (.text.gimbal_yaw_set_target_x10)
                  000085c4    0000015c     car_controller.o (.text.handle_lost_recover)
                  00008720    00000158     vision_tuning_console.o (.text.send_parameter_reply)
                  00008878    00000158     vision_tuning_console.o (.text.send_yaw_parameter_reply)
                  000089d0    00000150     car_controller.o (.text.handle_seek_line)
                  00008b20    00000144     car_controller.o (.text.CarController_Update_20ms)
                  00008c64    0000013c     oled.o (.text.OLED_PrintInt16)
                  00008da0    00000134     imu.o (.text.Imu_Update)
                  00008ed4    00000134     car_controller.o (.text.handle_drive_heading)
                  00009008    0000012c     imu.o (.text.imu_i2c_recover_bus)
                  00009134    00000128     gimbal.o (.text.Gimbal_YawEnableWorldLock)
                  0000925c    00000128     motion_action.o (.text.MotionAction_Start)
                  00009384    00000124     vision_tuning_console.o (.text.send_simple_reply)
                  000094a8    00000124     gimbal_vision_yaw_tracker.o (.text.sync_target_from_yaw)
                  000095cc    00000110     app.o (.text.App_Update_20ms)
                  000096dc    00000104     car_controller.o (.text.handle_turn_90)
                  000097e0    00000100     empty.o (.text.SysTick_Handler)
                  000098e0    000000fc     gimbal.o (.text.Gimbal_PitchRelease)
                  000099dc    000000fc     mission_manager.o (.text.MissionManager_Update_20ms)
                  00009ad8    000000f0     gimbal.o (.text.Gimbal_PitchStopHold)
                  00009bc8    000000f0     mission_manager.o (.text.MissionManager_SelectNext)
                  00009cb8    000000ec     gimbal_tracker.o (.text.sync_targets_from_gimbal)
                  00009da4    000000e8     runtime_snapshot.o (.text.RuntimeSnapshot_Update)
                  00009e8c    000000e8     vision_protocol.o (.text.fields_are_valid)
                  00009f74    000000e0     obstacle_safety.o (.text.ObstacleSafety_Update_20ms)
                  0000a054    000000dc     gimbal.o (.text.Gimbal_PitchConfirmZero)
                  0000a130    000000dc     oled_ui.o (.text.print_tuning_change_value)
                  0000a20c    000000d8     mission_manager.o (.text.MissionManager_SelectPrevious)
                  0000a2e4    000000d8     oled.o (.text.OLED_PrintUInt16)
                  0000a3bc    000000d8     menu.o (.text.menu_adjust_param)
                  0000a494    000000d8     libclang_rt.builtins.a : addsf3.S.obj (.text)
                  0000a56c    000000d4     oled.o (.text.OLED_Init)
                  0000a640    000000d0     oled.o (.text.OLED_PrintChar)
                  0000a710    000000cc     ti_msp_dl_config.o (.text.SYSCFG_DL_GPIO_init)
                  0000a7dc    000000c8     app_config.o (.text.AppConfig_InitDefault)
                  0000a8a4    000000c8     gimbal.o (.text.Gimbal_YawConfirmZero)
                  0000a96c    000000b8     car_controller.o (.text.CarController_StartTurnToYawRelative)
                  0000aa24    000000b4     car_controller.o (.text.CarController_StartSeekLine)
                  0000aad8    000000b4     gimbal_stepper.o (.text.GimbalStepper_StopHold)
                  0000ab8c    000000b4     gimbal_vision_adapter.o (.text.GimbalVisionAdapter_Update)
                  0000ac40    000000b0     car_controller.o (.text.CarController_StartDriveHeading)
                  0000acf0    000000b0     fault.o (.text.FaultCode_ToShortString)
                  0000ada0    000000b0     gimbal_stepper.o (.text.GimbalStepper_Init)
                  0000ae50    000000b0     gimbal.o (.text.Gimbal_PitchMoveRelativeDeg)
                  0000af00    000000b0     motor.o (.text.Motor_SetSpeed)
                  0000afb0    000000aa     mission_library.o (.text.MissionLibrary_Validate)
                  0000b05a    00000002     startup_mspm0g350x_ticlang.o (.text.Default_Handler)
                  0000b05c    000000a8     gimbal_vision_pitch_tracker.o (.text.GimbalVisionPitchTracker_Enable)
                  0000b104    000000a4     gimbal_vision_yaw_tracker.o (.text.wrap_deg_360)
                  0000b1a8    000000a2     libclang_rt.builtins.a : udivmoddi4.S.obj (.text)
                  0000b24a    00000002     track_sensor.o (.text.TrackSensor_Init)
                  0000b24c    0000009c     obstacle_monitor.o (.text.ObstacleMonitor_Update_20ms)
                  0000b2e8    0000009a     libc.a : memcpy16.S.obj (.text:memcpy)
                  0000b382    00000002     libclang_rt.builtins.a : aeabi_div0.c.obj (.text.__aeabi_idiv0)
                  0000b384    00000098     car_controller.o (.text.CarController_StartFollowLine)
                  0000b41c    00000098     imu.o (.text.mpu6050_write_reg)
                  0000b4b4    0000008c     car_controller.o (.text.CarController_StartTurnRight90)
                  0000b540    0000008c     gimbal.o (.text.Gimbal_YawDisableWorldLock)
                  0000b5cc    0000008c     gimbal.o (.text.Gimbal_YawStopHold)
                  0000b658    0000008c     libclang_rt.builtins.a : mulsf3.S.obj (.text.__mulsf3)
                  0000b6e4    00000088     car_controller.o (.text.CarController_StartTurnLeft90)
                  0000b76c    00000004     libsysbm.a : hostexit.c.obj (.text.HOSTexit)
                  0000b770    00000088     libc.a : strcmp-armv6m.S.obj (.text:strcmp)
                  0000b7f8    00000084     gimbal_stepper.o (.text.GimbalStepper_ConfirmZero)
                  0000b87c    00000084     gimbal_tracker.o (.text.GimbalTracker_PushObservation)
                  0000b900    00000082     libclang_rt.builtins.a : divsf3.S.obj (.text.__divsf3)
                  0000b982    00000002                            : aeabi_div0.c.obj (.text.__aeabi_ldiv0)
                  0000b984    00000080     car_controller.o (.text.CarController_Init)
                  0000ba04    00000080     car_controller.o (.text.CarController_ResetRuntime)
                  0000ba84    00000080     gimbal_tracker.o (.text.GimbalTracker_Init)
                  0000bb04    0000007c     vision_pitch_tuning.o (.text.VisionPitchTuning_Set)
                  0000bb80    0000007c     libc.a : copy_decompress_lzss.c.obj (.text:decompress:lzss)
                  0000bbfc    0000007a     app.o (.text.App_Init)
                  0000bc76    00000002     --HOLE-- [fill = 0]
                  0000bc78    00000078     oled.o (.text.oled_write_command)
                  0000bcf0    00000074     car_controller.o (.text.CarController_SetSafetyHold)
                  0000bd64    00000070     gimbal_stepper.o (.text.GimbalStepper_Release)
                  0000bdd4    00000070     menu.o (.text.Menu_GetParamValue)
                  0000be44    00000070     ti_msp_dl_config.o (.text.SYSCFG_DL_UART_VISION_init)
                  0000beb4    00000070     vision_yaw_tuning.o (.text.VisionYawTuning_Set)
                  0000bf24    0000006e     track_sensor.o (.text.TrackSensor_DetectTurn)
                  0000bf92    00000002     --HOLE-- [fill = 0]
                  0000bf94    0000006c     encoder.o (.text.Encoder_HandleGpioInterrupt)
                  0000c000    0000006c     gimbal_vision_yaw_tracker.o (.text.GimbalVisionYawTracker_Init)
                  0000c06c    00000068     mission_manager.o (.text.MissionManager_GetSelectedMissionIndex)
                  0000c0d4    00000066     track_sensor.o (.text.TrackSensor_GetErrorFromRaw)
                  0000c13a    00000002     --HOLE-- [fill = 0]
                  0000c13c    00000064     gimbal.o (.text.Gimbal_YawRelease)
                  0000c1a0    00000062     libclang_rt.builtins.a : aeabi_fcmp.S.obj (.text.__aeabi_fcmp)
                  0000c202    00000062     libc.a : memset16.S.obj (.text:memset)
                  0000c264    00000060     gimbal_tracker.o (.text.GimbalTracker_Enable)
                  0000c2c4    00000060     gimbal_tracker.o (.text.GimbalTracker_GetFeedback)
                  0000c324    00000060     vision_tuning_console.o (.text.VisionTuningConsole_Init)
                  0000c384    00000060     libclang_rt.builtins.a : fixsfdi.S.obj (.text.__fixsfdi)
                  0000c3e4    00000060     motion_action.o (.text.motion_action_resolve_yaw_target)
                  0000c444    0000005e     oled.o (.text.OLED_PrintBinary7)
                  0000c4a2    00000002     --HOLE-- [fill = 0]
                  0000c4a4    0000005c     vision_uart.o (.text.UART3_IRQHandler)
                  0000c500    0000005c     ultrasonic.o (.text.Ultrasonic_Update_20ms)
                  0000c55c    0000005c     obstacle_avoidance.o (.text.avoid_fail)
                  0000c5b8    00000058     gimbal.o (.text.Gimbal_YawMoveRelativeDeg)
                  0000c610    00000056     libclang_rt.builtins.a : aeabi_idivmod.S.obj (.text.__aeabi_idivmod)
                  0000c666    00000002     --HOLE-- [fill = 0]
                  0000c668    00000054     track_sensor.o (.text.TrackSensor_ReadRaw)
                  0000c6bc    00000054     gimbal_vision_yaw_tracker.o (.text.float_to_scaled_i16)
                  0000c710    00000054     gimbal_vision_yaw_tracker.o (.text.stop_owned_tracking)
                  0000c764    00000050     mission_manager.o (.text.MissionManager_Start)
                  0000c7b4    00000050     motor.o (.text.Motor_PwmTick100us)
                  0000c804    00000050     ultrasonic.o (.text.Ultrasonic_Init)
                  0000c854    00000050     watchdog_monitor.o (.text.WatchdogMonitor_ApplyFaultIfNeeded)
                  0000c8a4    0000004c     watchdog_monitor.o (.text.WatchdogMonitor_Tick1msFromIsr)
                  0000c8f0    0000004a     obstacle_avoidance.o (.text.avoid_can_start)
                  0000c93a    00000002     --HOLE-- [fill = 0]
                  0000c93c    00000048     driverlib.a : dl_uart.o (.text.DL_UART_init)
                  0000c984    00000048     mission_manager.o (.text.MissionManager_Init)
                  0000c9cc    00000048     motion_action.o (.text.MotionAction_ReapplyControllerTarget)
                  0000ca14    00000048     menu.o (.text.menu_next_main_page)
                  0000ca5c    00000044     servo.o (.text.Servo_Tick100us)
                  0000caa0    00000040     gimbal_vision_pitch_tracker.o (.text.GimbalVisionPitchTracker_Init)
                  0000cae0    00000040     ti_msp_dl_config.o (.text.SYSCFG_DL_SYSCTL_init)
                  0000cb20    00000040     vision_receiver.o (.text.VisionReceiver_PushByteFromIsr)
                  0000cb60    00000040     libclang_rt.builtins.a : aeabi_uidivmod.S.obj (.text.__aeabi_uidivmod)
                  0000cba0    0000003e                            : divmoddi4.c.obj (.text.__divmoddi4)
                  0000cbde    00000002     --HOLE-- [fill = 0]
                  0000cbe0    0000003c     emergency_stop.o (.text.EmergencyStop_Reset)
                  0000cc1c    0000003c     gimbal_tracker.o (.text.GimbalTracker_ClearObservation)
                  0000cc58    0000003c     servo.o (.text.Servo_SetAngleDeg)
                  0000cc94    0000003c     vision_tuning_console.o (.text.VisionTuningConsole_PushByteFromIsr)
                  0000ccd0    0000003c     libclang_rt.builtins.a : floatsisf.S.obj (.text.__floatsisf)
                  0000cd0c    0000003c                            : comparesf2.S.obj (.text.__gtsf2)
                  0000cd48    0000003c     libc.a : autoinit.c.obj (.text:__TI_auto_init_nobinit_nopinit)
                  0000cd84    0000003a     libclang_rt.builtins.a : comparesf2.S.obj (.text.__eqsf2)
                  0000cdbe    00000002     --HOLE-- [fill = 0]
                  0000cdc0    0000003a                            : muldsi3.S.obj (.text.__muldsi3)
                  0000cdfa    00000002     --HOLE-- [fill = 0]
                  0000cdfc    00000038     motor.o (.text.Motor_Init)
                  0000ce34    00000038     vision_receiver.o (.text.VisionReceiver_Init)
                  0000ce6c    00000038     libclang_rt.builtins.a : fixsfsi.S.obj (.text.__fixsfsi)
                  0000cea4    00000034     emergency_stop.o (.text.EmergencyStop_Trigger)
                  0000ced8    00000034     mission_manager.o (.text.MissionManager_Cancel)
                  0000cf0c    00000034     oled.o (.text.OLED_SetCursor)
                  0000cf40    00000034     ti_msp_dl_config.o (.text.SYSCFG_DL_initPower)
                  0000cf74    00000034     vision_tuning_console.o (.text.VisionTuningConsole_TryPopTxByte)
                  0000cfa8    00000034     vision_uart.o (.text.VisionUart_Process)
                  0000cfdc    00000034     obstacle_avoidance.o (.text.avoid_start)
                  0000d010    00000032     oled.o (.text.OLED_PrintString)
                  0000d042    00000002     --HOLE-- [fill = 0]
                  0000d044    00000030     fault.o (.text.Fault_Raise)
                  0000d074    00000030     gimbal_vision_yaw_tracker.o (.text.GimbalVisionYawTracker_GetFeedback)
                  0000d0a4    00000030     gimbal.o (.text.Gimbal_PitchGetFeedback)
                  0000d0d4    00000030     key.o (.text.Key_Init)
                  0000d104    00000030     mission_manager.o (.text.MissionManager_Reset)
                  0000d134    00000030     mission_manager.o (.text.MissionManager_Resume)
                  0000d164    00000030     vision_pitch_tuning.o (.text.VisionPitchTuning_RestoreDefault)
                  0000d194    00000030     watchdog_monitor.o (.text.WatchdogMonitor_Init)
                  0000d1c4    00000030     gimbal_vision_yaw_tracker.o (.text.refresh_yaw_feedback)
                  0000d1f4    0000002c     motor.o (.text.Motor_Stop)
                  0000d220    0000002c     track_sensor.o (.text.TrackSensor_CountBlack)
                  0000d24c    0000002c     vision_yaw_tuning.o (.text.VisionYawTuning_RestoreDefault)
                  0000d278    0000002c     gimbal_vision_pitch_tracker.o (.text.speed_to_x10)
                  0000d2a4    00000028     obstacle_avoidance.o (.text.ObstacleAvoidance_Init)
                  0000d2cc    00000028     servo.o (.text.Servo_Init)
                  0000d2f4    00000028     vision_pitch_tuning.o (.text.VisionPitchTuning_Init)
                  0000d31c    00000028     watchdog_monitor.o (.text.WatchdogMonitor_Reset)
                  0000d344    00000028     libclang_rt.builtins.a : floatunsisf.S.obj (.text.__floatunsisf)
                  0000d36c    00000028     libc.a : memmov.c.obj (.text.memmove)
                  0000d394    00000028            : boot_cortex_m.c.obj (.text:_c_int00_noargs)
                  0000d3bc    00000024     emergency_stop.o (.text.EmergencyStop_Enforce)
                  0000d3e0    00000024     encoder.o (.text.Encoder_Reset)
                  0000d404    00000024     gimbal_vision_pitch_tracker.o (.text.GimbalVisionPitchTracker_GetFeedback)
                  0000d428    00000024     mission_manager.o (.text.MissionManager_ReportExternalFailure)
                  0000d44c    00000024     vision_yaw_tuning.o (.text.VisionYawTuning_Init)
                  0000d470    00000024     libclang_rt.builtins.a : muldi3.S.obj (.text.__muldi3)
                  0000d494    00000020     car_controller.o (.text.CarController_Stop)
                  0000d4b4    00000020     debug_telemetry.o (.text.DebugTelemetry_Update)
                  0000d4d4    00000020     mission_manager.o (.text.MissionManager_Pause)
                  0000d4f4    00000020     motion_action.o (.text.MotionAction_GetCurrentBypassDirection)
                  0000d514    00000020     motion_action.o (.text.MotionAction_GetCurrentObstaclePolicy)
                  0000d534    00000020     motion_action.o (.text.MotionAction_Init)
                  0000d554    00000020     ti_msp_dl_config.o (.text.SYSCFG_DL_init)
                  0000d574    00000020     empty.o (.text.SchedulerMonitor_GetStats)
                  0000d594    00000020     vision_receiver.o (.text.VisionReceiver_GetProtocolErrorCount)
                  0000d5b4    00000020     mission_manager.o (.text.mission_finish_error)
                  0000d5d4    0000001e     libclang_rt.builtins.a : ashldi3.S.obj (.text.__ashldi3)
                  0000d5f2    00000002     --HOLE-- [fill = 0]
                  0000d5f4    0000001c     gimbal_vision_adapter.o (.text.GimbalVisionAdapter_Init)
                  0000d610    0000001c     imu.o (.text.Imu_IsReady)
                  0000d62c    0000001c     menu.o (.text.Menu_Init)
                  0000d648    0000001c     obstacle_monitor.o (.text.ObstacleMonitor_Init)
                  0000d664    0000001c     obstacle_safety.o (.text.ObstacleSafety_Init)
                  0000d680    0000001c     vision_pitch_tuning.o (.text.VisionPitchTuning_ParamName)
                  0000d69c    0000001c     vision_yaw_tuning.o (.text.VisionYawTuning_GetSnapshot)
                  0000d6b8    0000001c     vision_yaw_tuning.o (.text.VisionYawTuning_ParamName)
                  0000d6d4    0000001c     watchdog_monitor.o (.text.WatchdogMonitor_NotifyControlCycleComplete)
                  0000d6f0    0000001c     mission_manager.o (.text.mission_finish_success)
                  0000d70c    00000018     car_controller.o (.text.CarController_RunModeToString)
                  0000d724    00000018     debug_telemetry.o (.text.DebugTelemetry_Init)
                  0000d73c    00000018     heading_control.o (.text.HeadingControl_LockCurrentYaw)
                  0000d754    00000018     heading_control.o (.text.HeadingControl_SetTargetYaw)
                  0000d76c    00000018     menu.o (.text.Menu_ParamItemToString)
                  0000d784    00000018     mission_library.o (.text.MissionLibrary_FindById)
                  0000d79c    00000018     motion_action.o (.text.MotionAction_Cancel)
                  0000d7b4    00000018     runtime_snapshot.o (.text.RuntimeSnapshot_Init)
                  0000d7cc    00000014     fault.o (.text.Fault_Clear)
                  0000d7e0    00000014     fault.o (.text.Fault_Init)
                  0000d7f4    00000014     empty.o (.text.GROUP1_IRQHandler)
                  0000d808    00000014     gimbal_stepper.o (.text.GimbalStepper_SetStepHalfPeriodTicks)
                  0000d81c    00000014     heading_control.o (.text.HeadingControl_Enable)
                  0000d830    00000014     heading_control.o (.text.HeadingControl_Init)
                  0000d844    00000014     heading_control.o (.text.HeadingControl_Reset)
                  0000d858    00000014     mission_library.o (.text.MissionLibrary_GetByIndex)
                  0000d86c    00000014     mission_manager.o (.text.MissionManager_GetSelectedMissionId)
                  0000d880    00000014     vision_pitch_tuning.o (.text.VisionPitchTuning_GetSnapshot)
                  0000d894    00000014     vision_uart.o (.text.VisionUart_Init)
                  0000d8a8    00000014     libclang_rt.builtins.a : aeabi_ldivmod.S.obj (.text.__aeabi_ldivmod)
                  0000d8bc    00000014                            : aeabi_uldivmod.S.obj (.text.__aeabi_uldivmod)
                  0000d8d0    00000012     driverlib.a : dl_uart.o (.text.DL_UART_setClockConfig)
                  0000d8e2    00000012     libc.a : copy_decompress_none.c.obj (.text:decompress:none)
                  0000d8f4    00000010     gimbal.o (.text.Gimbal_YawGetFeedback)
                  0000d904    00000010     key.o (.text.Key_GetEvent)
                  0000d914    00000010     obstacle_avoidance.o (.text.ObstacleAvoidance_IsResumeGraceActive)
                  0000d924    00000010     libc.a : copy_zero_init.c.obj (.text:decompress:ZI)
                  0000d934    0000000c     car_controller.o (.text.CarController_GetRunMode)
                  0000d940    0000000c     car_controller.o (.text.CarController_IsSafetyHoldActive)
                  0000d94c    0000000c     car_state.o (.text.CarState_Get)
                  0000d958    0000000c     car_state.o (.text.CarState_Init)
                  0000d964    0000000c     car_state.o (.text.CarState_Set)
                  0000d970    0000000c     emergency_stop.o (.text.EmergencyStop_Init)
                  0000d97c    0000000c     emergency_stop.o (.text.EmergencyStop_IsActive)
                  0000d988    0000000c     gimbal_vision_adapter.o (.text.GimbalVisionAdapter_GetObservation)
                  0000d994    0000000c     gimbal.o (.text.Gimbal_Tick100us)
                  0000d9a0    0000000c     gimbal.o (.text.Gimbal_Update5ms)
                  0000d9ac    0000000c     imu.o (.text.Imu_GetCorrectedGyroZDps)
                  0000d9b8    0000000c     imu.o (.text.Imu_GetYaw)
                  0000d9c4    0000000c     imu.o (.text.Imu_ResetYaw)
                  0000d9d0    0000000c     menu.o (.text.Menu_GetPage)
                  0000d9dc    0000000c     menu.o (.text.Menu_GetParamItem)
                  0000d9e8    0000000c     mission_manager.o (.text.MissionManager_IsExternallyHeld)
                  0000d9f4    0000000c     mission_manager.o (.text.MissionManager_SetExternalHold)
                  0000da00    0000000c     obstacle_avoidance.o (.text.ObstacleAvoidance_IsActive)
                  0000da0c    0000000c     obstacle_avoidance.o (.text.ObstacleAvoidance_IsFailed)
                  0000da18    0000000c     obstacle_safety.o (.text.ObstacleSafety_IsHolding)
                  0000da24    0000000c     oled_ui.o (.text.OledUi_Init)
                  0000da30    0000000c     empty.o (.text.SystemTime_GetMs)
                  0000da3c    0000000c     watchdog_monitor.o (.text.WatchdogMonitor_HasTripped)
                  0000da48    0000000c     libclang_rt.builtins.a : aeabi_memset.S.obj (.text.__aeabi_memclr)
                  0000da54    0000000a     driverlib.a : dl_common.o (.text.DL_Common_delayCycles)
                  0000da5e    0000000a     track_sensor.o (.text.TrackSensor_IsCenterDetected)
                  0000da68    0000000a     track_sensor.o (.text.TrackSensor_IsLineDetected)
                  0000da72    0000000a     track_sensor.o (.text.TrackSensor_IsLineLost)
                  0000da7c    00000008     car_controller.o (.text.CarController_GetFeedback)
                  0000da84    00000008     fault.o (.text.Fault_GetRecord)
                  0000da8c    00000008     gimbal_stepper.o (.text.GimbalStepper_GetFeedback)
                  0000da94    00000008     gimbal_vision_adapter.o (.text.GimbalVisionAdapter_GetFeedback)
                  0000da9c    00000008     gimbal.o (.text.Gimbal_PitchStopTrackingHold)
                  0000daa4    00000008     heading_control.o (.text.HeadingControl_GetRuntime)
                  0000daac    00000008     imu.o (.text.Imu_GetRuntime)
                  0000dab4    00000008     mission_manager.o (.text.MissionManager_GetMissionCount)
                  0000dabc    00000008     mission_manager.o (.text.MissionManager_GetRuntime)
                  0000dac4    00000008     motion_action.o (.text.MotionAction_GetRuntime)
                  0000dacc    00000008     obstacle_avoidance.o (.text.ObstacleAvoidance_GetFeedback)
                  0000dad4    00000008     obstacle_monitor.o (.text.ObstacleMonitor_GetFeedback)
                  0000dadc    00000008     servo.o (.text.Servo_GetFeedback)
                  0000dae4    00000008     ultrasonic.o (.text.Ultrasonic_GetFeedback)
                  0000daec    00000008     vision_pitch_tuning.o (.text.VisionPitchTuning_GetStatus)
                  0000daf4    00000008     vision_receiver.o (.text.VisionReceiver_GetObservation)
                  0000dafc    00000008     vision_receiver.o (.text.VisionReceiver_GetStatus)
                  0000db04    00000008     vision_tuning_console.o (.text.VisionTuningConsole_GetStatus)
                  0000db0c    00000008     watchdog_monitor.o (.text.WatchdogMonitor_GetStatus)
                  0000db14    00000008     libclang_rt.builtins.a : aeabi_memcpy.S.obj (.text.__aeabi_memcpy)
                  0000db1c    00000008                            : aeabi_memmove.S.obj (.text.__aeabi_memmove)
                  0000db24    00000006     libc.a : exit.c.obj (.text:abort)
                  0000db2a    00000004     mission_library.o (.text.MissionLibrary_GetCount)
                  0000db2e    00000004     startup_mspm0g350x_ticlang.o (.text.Reset_Handler)
                  0000db32    00000004     libc.a : pre_init.c.obj (.text._system_pre_init)
                  0000db36    0000000a     --HOLE-- [fill = 0]

.cinit     0    0000e3d8    00000030     
                  0000e3d8    0000000c     (__TI_handler_table)
                  0000e3e4    00000008     (.cinit..bss.load) [load image, compression = zero_init]
                  0000e3ec    00000005     (.cinit..data.load) [load image, compression = lzss]
                  0000e3f1    00000003     --HOLE-- [fill = 0]
                  0000e3f4    00000010     (__TI_cinit_table)
                  0000e404    00000004     --HOLE-- [fill = 0]

.rodata    0    0000db40    00000898     
                  0000db40    000000d8     oled.o (.rodata..Lswitch.table.OLED_PrintChar)
                  0000dc18    000000a8     mission_library.o (.rodata.g_missionMapA)
                  0000dcc0    000000a8     mission_library.o (.rodata.g_missionMapB)
                  0000dd68    00000078     mission_library.o (.rodata.g_missionMapC)
                  0000dde0    00000030     oled_ui.o (.rodata..Lswitch.table.OledUi_Update_20ms.150)
                  0000de10    00000030     mission_library.o (.rodata.g_missionRegistry)
                  0000de40    00000024     menu.o (.rodata..Lswitch.table.Menu_ParamItemToString)
                  0000de64    00000024     oled_ui.o (.rodata..Lswitch.table.OledUi_Update_20ms.154)
                  0000de88    00000024     oled_ui.o (.rodata..Lswitch.table.OledUi_Update_20ms.156)
                  0000deac    00000020     oled_ui.o (.rodata..Lswitch.table.OledUi_Update_20ms.155)
                  0000decc    0000001c     car_controller.o (.rodata..Lswitch.table.CarController_RunModeToString)
                  0000dee8    0000001c     vision_tuning_console.o (.rodata.str1.1836208005852235077.1)
                  0000df04    00000018     oled_ui.o (.rodata..Lswitch.table.OledUi_Update_20ms.157)
                  0000df1c    00000018     vision_pitch_tuning.o (.rodata..Lswitch.table.VisionPitchTuning_ParamName)
                  0000df34    00000014     vision_yaw_tuning.o (.rodata..Lswitch.table.VisionYawTuning_ParamName)
                  0000df48    0000000e     oled_ui.o (.rodata.str1.10416366799939242409.1)
                  0000df56    00000002     ti_msp_dl_config.o (.rodata.gUART_VISIONClockConfig)
                  0000df58    0000000c     mission_library.o (.rodata..Lswitch.table.MissionLibrary_FindById)
                  0000df64    0000000c     oled_ui.o (.rodata..Lswitch.table.OledUi_Update_20ms.149)
                  0000df70    0000000c     oled_ui.o (.rodata..Lswitch.table.OledUi_Update_20ms.151)
                  0000df7c    0000000a     menu.o (.rodata..Lswitch.table.Menu_HandleKeyEvent)
                  0000df86    0000000a     ti_msp_dl_config.o (.rodata.gUART_VISIONConfig)
                  0000df90    0000000a     vision_tuning_console.o (.rodata.str1.4859846923128959820.1)
                  0000df9a    0000000a     vision_tuning_console.o (.rodata.str1.7225688704195888286.1)
                  0000dfa4    00000009     oled_ui.o (.rodata.str1.15008238333949226094.1)
                  0000dfad    00000008     vision_tuning_console.o (.rodata.str1.11718269490974306969.1)
                  0000dfb5    00000008     oled_ui.o (.rodata.str1.15802367878353263018.1)
                  0000dfbd    00000008     oled_ui.o (.rodata.str1.2522137003438374266.1)
                  0000dfc5    00000008     vision_tuning_console.o (.rodata.str1.3293472937029561918.1)
                  0000dfcd    00000008     oled_ui.o (.rodata.str1.6835749436006845616.1)
                  0000dfd5    00000008     oled_ui.o (.rodata.str1.9611283282870761829.1)
                  0000dfdd    00000007     vision_tuning_console.o (.rodata.str1.10860306953068020798.1)
                  0000dfe4    00000007     oled_ui.o (.rodata.str1.11149198520117834688.1)
                  0000dfeb    00000007     oled_ui.o (.rodata.str1.13875148296791986931.1)
                  0000dff2    00000007     oled_ui.o (.rodata.str1.13882251010780863896.1)
                  0000dff9    00000006     vision_tuning_console.o (.rodata.str1.10319329813075420582.1)
                  0000dfff    00000006     oled_ui.o (.rodata.str1.10907125332684471422.1)
                  0000e005    00000006     oled_ui.o (.rodata.str1.12571791089077708471.1)
                  0000e00b    00000006     mission_library.o (.rodata.str1.13636476544574750902.1)
                  0000e011    00000006     oled_ui.o (.rodata.str1.14358698208395374265.1)
                  0000e017    00000006     oled_ui.o (.rodata.str1.1445687256832830955.1)
                  0000e01d    00000006     mission_library.o (.rodata.str1.15668266851434757964.1)
                  0000e023    00000006     oled_ui.o (.rodata.str1.17717236995185551183.1)
                  0000e029    00000006     oled_ui.o (.rodata.str1.18379317056176403938.1)
                  0000e02f    00000006     mission_library.o (.rodata.str1.199678142196697465.1)
                  0000e035    00000006     oled_ui.o (.rodata.str1.3455423528827705371.1)
                  0000e03b    00000006     oled_ui.o (.rodata.str1.3702290527496711532.1)
                  0000e041    00000006     vision_tuning_console.o (.rodata.str1.4028100529439820245.1)
                  0000e047    00000006     oled_ui.o (.rodata.str1.58703915094955230.1)
                  0000e04d    00000006     oled_ui.o (.rodata.str1.8460525935980491721.1)
                  0000e053    00000006     oled_ui.o (.rodata.str1.8783421139296713095.1)
                  0000e059    00000006     oled_ui.o (.rodata.str1.9992244628984851027.1)
                  0000e05f    00000005     oled.o (.rodata.oled_get_glyph.colon)
                  0000e064    00000005     oled.o (.rodata.oled_get_glyph.eight)
                  0000e069    00000005     oled.o (.rodata.oled_get_glyph.five)
                  0000e06e    00000005     oled.o (.rodata.oled_get_glyph.four)
                  0000e073    00000005     oled.o (.rodata.oled_get_glyph.glyphA)
                  0000e078    00000005     oled.o (.rodata.oled_get_glyph.glyphB)
                  0000e07d    00000005     oled.o (.rodata.oled_get_glyph.glyphC)
                  0000e082    00000005     oled.o (.rodata.oled_get_glyph.glyphD)
                  0000e087    00000005     oled.o (.rodata.oled_get_glyph.glyphE)
                  0000e08c    00000005     oled.o (.rodata.oled_get_glyph.glyphG)
                  0000e091    00000005     oled.o (.rodata.oled_get_glyph.glyphH)
                  0000e096    00000005     oled.o (.rodata.oled_get_glyph.glyphI)
                  0000e09b    00000005     oled.o (.rodata.oled_get_glyph.glyphK)
                  0000e0a0    00000005     oled.o (.rodata.oled_get_glyph.glyphL)
                  0000e0a5    00000005     oled.o (.rodata.oled_get_glyph.glyphM)
                  0000e0aa    00000005     oled.o (.rodata.oled_get_glyph.glyphN)
                  0000e0af    00000005     oled.o (.rodata.oled_get_glyph.glyphO)
                  0000e0b4    00000005     oled.o (.rodata.oled_get_glyph.glyphP)
                  0000e0b9    00000005     oled.o (.rodata.oled_get_glyph.glyphR)
                  0000e0be    00000005     oled.o (.rodata.oled_get_glyph.glyphS)
                  0000e0c3    00000005     oled.o (.rodata.oled_get_glyph.glyphT)
                  0000e0c8    00000005     oled.o (.rodata.oled_get_glyph.glyphU)
                  0000e0cd    00000005     oled.o (.rodata.oled_get_glyph.glyphV)
                  0000e0d2    00000005     oled.o (.rodata.oled_get_glyph.glyphW)
                  0000e0d7    00000005     oled.o (.rodata.oled_get_glyph.glyphX)
                  0000e0dc    00000005     oled.o (.rodata.oled_get_glyph.glyphY)
                  0000e0e1    00000005     oled.o (.rodata.oled_get_glyph.glyphb)
                  0000e0e6    00000005     oled.o (.rodata.oled_get_glyph.gt)
                  0000e0eb    00000005     oled.o (.rodata.oled_get_glyph.minus)
                  0000e0f0    00000005     oled.o (.rodata.oled_get_glyph.nine)
                  0000e0f5    00000005     oled.o (.rodata.oled_get_glyph.one)
                  0000e0fa    00000005     oled.o (.rodata.oled_get_glyph.seven)
                  0000e0ff    00000005     oled.o (.rodata.oled_get_glyph.six)
                  0000e104    00000005     oled.o (.rodata.oled_get_glyph.space)
                  0000e109    00000005     oled.o (.rodata.oled_get_glyph.three)
                  0000e10e    00000005     oled.o (.rodata.oled_get_glyph.two)
                  0000e113    00000005     oled.o (.rodata.oled_get_glyph.zero)
                  0000e118    00000005     oled_ui.o (.rodata.str1.10263419832828250601.1)
                  0000e11d    00000005     oled_ui.o (.rodata.str1.12182588061437138428.1)
                  0000e122    00000005     oled_ui.o (.rodata.str1.12617122458660443890.1)
                  0000e127    00000005     oled_ui.o (.rodata.str1.13750180467131823662.1)
                  0000e12c    00000005     vision_pitch_tuning.o (.rodata.str1.13915893147848268398.1)
                  0000e131    00000005     oled_ui.o (.rodata.str1.14134189893851348960.1)
                  0000e136    00000005     fault.o (.rodata.str1.14435905801345341244.1)
                  0000e13b    00000005     oled_ui.o (.rodata.str1.14711868471336838103.1)
                  0000e140    00000005     fault.o (.rodata.str1.1506612114648992996.1)
                  0000e145    00000005     oled_ui.o (.rodata.str1.15577080202403550426.1)
                  0000e14a    00000005     oled_ui.o (.rodata.str1.15613891207764622616.1)
                  0000e14f    00000005     oled_ui.o (.rodata.str1.15817398807211891688.1)
                  0000e154    00000005     oled_ui.o (.rodata.str1.16411631209783952401.1)
                  0000e159    00000005     oled_ui.o (.rodata.str1.16496169091617228061.1)
                  0000e15e    00000005     car_controller.o (.rodata.str1.1652194605229746967.1)
                  0000e163    00000005     oled_ui.o (.rodata.str1.16526439943277383452.1)
                  0000e168    00000005     fault.o (.rodata.str1.17097894860660336008.1)
                  0000e16d    00000005     fault.o (.rodata.str1.17155043670132108083.1)
                  0000e172    00000005     oled_ui.o (.rodata.str1.17242430504649735449.1)
                  0000e177    00000005     vision_tuning_console.o (.rodata.str1.17265544270347038021.1)
                  0000e17c    00000005     oled_ui.o (.rodata.str1.17274519358952562110.1)
                  0000e181    00000005     oled_ui.o (.rodata.str1.17540787658903907660.1)
                  0000e186    00000005     oled_ui.o (.rodata.str1.182352409660151230.1)
                  0000e18b    00000005     fault.o (.rodata.str1.2104670281202025270.1)
                  0000e190    00000005     oled_ui.o (.rodata.str1.2193316011307952170.1)
                  0000e195    00000005     oled_ui.o (.rodata.str1.2308938766145545715.1)
                  0000e19a    00000005     oled_ui.o (.rodata.str1.2608729314174233125.1)
                  0000e19f    00000005     car_controller.o (.rodata.str1.4164979912472006574.1)
                  0000e1a4    00000005     fault.o (.rodata.str1.4453281041433270631.1)
                  0000e1a9    00000005     oled_ui.o (.rodata.str1.4581472623415959594.1)
                  0000e1ae    00000005     oled_ui.o (.rodata.str1.4723632947289500520.1)
                  0000e1b3    00000005     menu.o (.rodata.str1.4862307748908978627.1)
                  0000e1b8    00000005     oled_ui.o (.rodata.str1.5463568455719735.1)
                  0000e1bd    00000005     fault.o (.rodata.str1.6372787129294360447.1)
                  0000e1c2    00000005     fault.o (.rodata.str1.6437946768974223044.1)
                  0000e1c7    00000005     oled_ui.o (.rodata.str1.6473435968988645044.1)
                  0000e1cc    00000005     oled_ui.o (.rodata.str1.6806727740681590176.1)
                  0000e1d1    00000005     vision_yaw_tuning.o (.rodata.str1.7764041101441114269.1)
                  0000e1d6    00000005     oled_ui.o (.rodata.str1.7774807581888385879.1)
                  0000e1db    00000005     fault.o (.rodata.str1.8185770893384132067.1)
                  0000e1e0    00000005     oled_ui.o (.rodata.str1.8426569189266129334.1)
                  0000e1e5    00000005     oled_ui.o (.rodata.str1.8471462185882660445.1)
                  0000e1ea    00000005     oled_ui.o (.rodata.str1.9159586779647977165.1)
                  0000e1ef    00000005     oled_ui.o (.rodata.str1.9229350655415085.1)
                  0000e1f4    00000005     car_controller.o (.rodata.str1.9234375891235759983.1)
                  0000e1f9    00000005     oled_ui.o (.rodata.str1.9250665025187963892.1)
                  0000e1fe    00000005     car_controller.o (.rodata.str1.9981487771679760427.1)
                  0000e203    00000004     oled_ui.o (.rodata.str1.10077435089618835710.1)
                  0000e207    00000004     oled_ui.o (.rodata.str1.1019225241002246410.1)
                  0000e20b    00000004     oled_ui.o (.rodata.str1.10430294223631918979.1)
                  0000e20f    00000004     oled_ui.o (.rodata.str1.10509309789429088155.1)
                  0000e213    00000004     oled_ui.o (.rodata.str1.10568433575767188072.1)
                  0000e217    00000004     oled_ui.o (.rodata.str1.1108652269057166745.1)
                  0000e21b    00000004     oled_ui.o (.rodata.str1.11232419324784801130.1)
                  0000e21f    00000004     oled_ui.o (.rodata.str1.11428648044669318875.1)
                  0000e223    00000004     oled_ui.o (.rodata.str1.11794000050372113979.1)
                  0000e227    00000004     menu.o (.rodata.str1.12110183915172842339.1)
                  0000e22b    00000004     oled_ui.o (.rodata.str1.12359577037488465078.1)
                  0000e22f    00000004     car_controller.o (.rodata.str1.12442237994239546032.1)
                  0000e233    00000004     oled_ui.o (.rodata.str1.12595606217184830646.1)
                  0000e237    00000004     oled_ui.o (.rodata.str1.12697925274637991987.1)
                  0000e23b    00000004     oled_ui.o (.rodata.str1.12928245060369742404.1)
                  0000e23f    00000004     oled_ui.o (.rodata.str1.12983537867572525563.1)
                  0000e243    00000004     menu.o (.rodata.str1.13124720451672825294.1)
                  0000e247    00000004     oled_ui.o (.rodata.str1.13244290092665904221.1)
                  0000e24b    00000004     vision_tuning_console.o (.rodata.str1.14084955404328172175.1)
                  0000e24f    00000004     menu.o (.rodata.str1.14098755746347272832.1)
                  0000e253    00000004     oled_ui.o (.rodata.str1.14265077442249237877.1)
                  0000e257    00000004     oled_ui.o (.rodata.str1.14521350379984854626.1)
                  0000e25b    00000004     oled_ui.o (.rodata.str1.14774750633985060196.1)
                  0000e25f    00000004     oled_ui.o (.rodata.str1.15575624326185233262.1)
                  0000e263    00000004     oled_ui.o (.rodata.str1.15829239520183577662.1)
                  0000e267    00000004     oled_ui.o (.rodata.str1.15859922799842739878.1)
                  0000e26b    00000004     oled_ui.o (.rodata.str1.15917848551323629232.1)
                  0000e26f    00000004     oled_ui.o (.rodata.str1.16290499236105125126.1)
                  0000e273    00000004     fault.o (.rodata.str1.16482347271627360806.1)
                  0000e277    00000004     vision_pitch_tuning.o (.rodata.str1.16579632732967443104.1)
                  0000e27b    00000004     oled_ui.o (.rodata.str1.16635595130967924751.1)
                  0000e27f    00000004     oled_ui.o (.rodata.str1.16849766574302683489.1)
                  0000e283    00000004     oled_ui.o (.rodata.str1.16931641404301806744.1)
                  0000e287    00000004     oled_ui.o (.rodata.str1.16939060351352778619.1)
                  0000e28b    00000004     menu.o (.rodata.str1.17041139162815566052.1)
                  0000e28f    00000004     car_controller.o (.rodata.str1.17172356789460551389.1)
                  0000e293    00000004     oled_ui.o (.rodata.str1.17436941090773226089.1)
                  0000e297    00000004     oled_ui.o (.rodata.str1.17464849429964608858.1)
                  0000e29b    00000004     oled_ui.o (.rodata.str1.17763087492223448992.1)
                  0000e29f    00000004     oled_ui.o (.rodata.str1.17884296644359297425.1)
                  0000e2a3    00000004     car_controller.o (.rodata.str1.18191498530309206443.1)
                  0000e2a7    00000004     oled_ui.o (.rodata.str1.18266126048138325213.1)
                  0000e2ab    00000004     oled_ui.o (.rodata.str1.1974573040514735405.1)
                  0000e2af    00000004     oled_ui.o (.rodata.str1.240075016795266086.1)
                  0000e2b3    00000004     oled_ui.o (.rodata.str1.2742282290834473644.1)
                  0000e2b7    00000004     oled_ui.o (.rodata.str1.3407221357956504873.1)
                  0000e2bb    00000004     oled_ui.o (.rodata.str1.3467953211977455017.1)
                  0000e2bf    00000004     oled_ui.o (.rodata.str1.4082595774073207366.1)
                  0000e2c3    00000004     oled_ui.o (.rodata.str1.4193589846040060630.1)
                  0000e2c7    00000004     oled_ui.o (.rodata.str1.4402311448527872260.1)
                  0000e2cb    00000004     fault.o (.rodata.str1.4549004730087743662.1)
                  0000e2cf    00000004     oled_ui.o (.rodata.str1.4582914374586912483.1)
                  0000e2d3    00000004     oled_ui.o (.rodata.str1.4610220316623841660.1)
                  0000e2d7    00000004     oled_ui.o (.rodata.str1.4691821198597473371.1)
                  0000e2db    00000004     menu.o (.rodata.str1.5155000645726596423.1)
                  0000e2df    00000004     oled_ui.o (.rodata.str1.5291836437463020264.1)
                  0000e2e3    00000004     oled_ui.o (.rodata.str1.5853739094453432564.1)
                  0000e2e7    00000004     oled_ui.o (.rodata.str1.5965450730569173784.1)
                  0000e2eb    00000004     oled_ui.o (.rodata.str1.5965888106848176421.1)
                  0000e2ef    00000004     oled_ui.o (.rodata.str1.6954814719705590448.1)
                  0000e2f3    00000004     car_controller.o (.rodata.str1.702403006289709404.1)
                  0000e2f7    00000004     oled_ui.o (.rodata.str1.7185587941321649510.1)
                  0000e2fb    00000004     oled_ui.o (.rodata.str1.7219546930854689545.1)
                  0000e2ff    00000004     fault.o (.rodata.str1.7255546073596598018.1)
                  0000e303    00000004     oled_ui.o (.rodata.str1.7419768602719733415.1)
                  0000e307    00000004     oled_ui.o (.rodata.str1.8018480777946742726.1)
                  0000e30b    00000004     oled_ui.o (.rodata.str1.8124536758062367015.1)
                  0000e30f    00000004     oled_ui.o (.rodata.str1.8236579331345056500.1)
                  0000e313    00000004     oled_ui.o (.rodata.str1.8399051469953744892.1)
                  0000e317    00000004     oled_ui.o (.rodata.str1.8693388333057100694.1)
                  0000e31b    00000004     oled_ui.o (.rodata.str1.8950259614286592359.1)
                  0000e31f    00000004     oled_ui.o (.rodata.str1.9102528229756940648.1)
                  0000e323    00000004     vision_tuning_console.o (.rodata.str1.9292707793305368794.1)
                  0000e327    00000004     oled_ui.o (.rodata.str1.9295666102996717355.1)
                  0000e32b    00000004     oled_ui.o (.rodata.str1.9351772214919528733.1)
                  0000e32f    00000004     vision_yaw_tuning.o (.rodata.str1.9489746196023004463.1)
                  0000e333    00000004     menu.o (.rodata.str1.9546740394641817443.1)
                  0000e337    00000004     oled_ui.o (.rodata.str1.9584387800903135389.1)
                  0000e33b    00000004     oled_ui.o (.rodata.str1.967006512144173535.1)
                  0000e33f    00000004     oled_ui.o (.rodata.str1.9822857334037886482.1)
                  0000e343    00000004     oled_ui.o (.rodata.str1.9854382722193312766.1)
                  0000e347    00000003     vision_pitch_tuning.o (.rodata.str1.10553819018306626402.1)
                  0000e34a    00000003     oled_ui.o (.rodata.str1.11178346780556493352.1)
                  0000e34d    00000003     oled_ui.o (.rodata.str1.12043213579996415112.1)
                  0000e350    00000003     vision_tuning_console.o (.rodata.str1.12197883643583142124.1)
                  0000e353    00000003     oled_ui.o (.rodata.str1.12493748764729730277.1)
                  0000e356    00000003     oled_ui.o (.rodata.str1.1276391367487699528.1)
                  0000e359    00000003     oled_ui.o (.rodata.str1.130772507669342127.1)
                  0000e35c    00000003     oled_ui.o (.rodata.str1.13567883086814673087.1)
                  0000e35f    00000003     oled_ui.o (.rodata.str1.13790669171379415506.1)
                  0000e362    00000003     oled_ui.o (.rodata.str1.13871579367539052597.1)
                  0000e365    00000003     oled_ui.o (.rodata.str1.14556837007311414654.1)
                  0000e368    00000003     oled_ui.o (.rodata.str1.14740362735394205067.1)
                  0000e36b    00000003     vision_pitch_tuning.o (.rodata.str1.15082469624955958926.1)
                  0000e36e    00000003     oled_ui.o (.rodata.str1.15132332204781002199.1)
                  0000e371    00000003     vision_yaw_tuning.o (.rodata.str1.15455206247194842411.1)
                  0000e374    00000003     oled_ui.o (.rodata.str1.15935041339501476673.1)
                  0000e377    00000003     menu.o (.rodata.str1.16312125044762562515.1)
                  0000e37a    00000003     vision_tuning_console.o (.rodata.str1.16336339630363933256.1)
                  0000e37d    00000003     oled_ui.o (.rodata.str1.16554583589798097927.1)
                  0000e380    00000003     vision_pitch_tuning.o (.rodata.str1.17185918124541117546.1)
                  0000e383    00000003     oled_ui.o (.rodata.str1.17763996158807330232.1)
                  0000e386    00000003     oled_ui.o (.rodata.str1.17812014771544466701.1)
                  0000e389    00000003     vision_pitch_tuning.o (.rodata.str1.18308346119964257230.1)
                  0000e38c    00000003     vision_pitch_tuning.o (.rodata.str1.2353024170771920291.1)
                  0000e38f    00000003     oled_ui.o (.rodata.str1.2603845803395459882.1)
                  0000e392    00000003     oled_ui.o (.rodata.str1.2656948373757303877.1)
                  0000e395    00000003     oled_ui.o (.rodata.str1.270145429241168923.1)
                  0000e398    00000003     oled_ui.o (.rodata.str1.2983744876309220570.1)
                  0000e39b    00000003     oled_ui.o (.rodata.str1.3025253791635144717.1)
                  0000e39e    00000003     oled_ui.o (.rodata.str1.35417727660486075.1)
                  0000e3a1    00000003     vision_yaw_tuning.o (.rodata.str1.4032468970572441659.1)
                  0000e3a4    00000003     oled_ui.o (.rodata.str1.4581686099848791648.1)
                  0000e3a7    00000003     menu.o (.rodata.str1.4646809750356241979.1)
                  0000e3aa    00000003     oled_ui.o (.rodata.str1.4932371652560868037.1)
                  0000e3ad    00000003     vision_yaw_tuning.o (.rodata.str1.6393086909333857079.1)
                  0000e3b0    00000003     vision_yaw_tuning.o (.rodata.str1.6657421771701333087.1)
                  0000e3b3    00000003     menu.o (.rodata.str1.6857549598058878762.1)
                  0000e3b6    00000003     oled_ui.o (.rodata.str1.7050595558965647569.1)
                  0000e3b9    00000003     fault.o (.rodata.str1.8193046109637024842.1)
                  0000e3bc    00000003     oled_ui.o (.rodata.str1.8403269972884532600.1)
                  0000e3bf    00000003     oled_ui.o (.rodata.str1.8709745090823444516.1)
                  0000e3c2    00000003     oled_ui.o (.rodata.str1.9544068167406571052.1)
                  0000e3c5    00000003     oled_ui.o (.rodata.str1.9554470707595806150.1)
                  0000e3c8    00000003     oled_ui.o (.rodata.str1.9646571805098343045.1)
                  0000e3cb    00000002     oled_ui.o (.rodata.str1.16895433903389883335.1)
                  0000e3cd    00000002     oled_ui.o (.rodata.str1.5004483696121082904.1)
                  0000e3cf    00000002     oled_ui.o (.rodata.str1.5376340479846291137.1)
                  0000e3d1    00000002     oled_ui.o (.rodata.str1.7481335054564682966.1)
                  0000e3d3    00000002     oled_ui.o (.rodata.str1.8449035241871861290.1)
                  0000e3d5    00000003     --HOLE-- [fill = 0]

.init_array 
*          0    00000000    00000000     UNINITIALIZED

.binit     0    00000000    00000000     

.bss       0    20200000    000009d0     UNINITIALIZED
                  20200000    00000200     vision_receiver.o (.bss.g_ring)
                  20200200    00000100     vision_tuning_console.o (.bss.g_rxRing)
                  20200300    00000100     vision_tuning_console.o (.bss.g_txRing)
                  20200400    00000064     (.common:g_appConfig)
                  20200464    00000058     vision_receiver.o (.bss.g_status)
                  202004bc    00000048     gimbal_vision_adapter.o (.bss.g_feedback)
                  20200504    00000044     runtime_snapshot.o (.bss.g_snapshot)
                  20200548    00000040     gimbal.o (.bss.g_feedback)
                  20200588    00000040     vision_tuning_console.o (.bss.g_line)
                  202005c8    00000040     gimbal.o (.bss.g_pitchFeedback)
                  20200608    00000040     (.common:g_appRuntime)
                  20200648    00000030     (.common:gUART_VISIONBackup)
                  20200678    0000002c     vision_receiver.o (.bss.g_observation)
                  202006a4    0000002c     empty.o (.bss.g_schedulerStats)
                  202006d0    00000028     gimbal_tracker.o (.bss.g_feedback)
                  202006f8    00000028     vision_receiver.o (.bss.g_frame)
                  20200720    00000028     (.common:g_imuRuntime)
                  20200748    00000024     gimbal_vision_yaw_tracker.o (.bss.g_feedback)
                  2020076c    00000020     mission_manager.o (.bss.g_missionRuntime)
                  2020078c    00000018     obstacle_avoidance.o (.bss.g_avoidFeedback)
                  202007a4    00000004     gimbal_tracker.o (.bss.g_filteredErrorX)
                  202007a8    00000018     gimbal_stepper.o (.bss.g_feedback)
                  202007c0    00000018     gimbal_vision_pitch_tracker.o (.bss.g_feedback)
                  202007d8    00000018     vision_pitch_tuning.o (.bss.g_status)
                  202007f0    00000018     vision_tuning_console.o (.bss.g_status)
                  20200808    00000014     motion_action.o (.bss.g_motionActionRuntime)
                  2020081c    00000004     gimbal_tracker.o (.bss.g_filteredErrorY)
                  20200820    00000014     vision_yaw_tuning.o (.bss.g_status)
                  20200834    00000014     watchdog_monitor.o (.bss.g_status)
                  20200848    00000014     (.common:g_headingRuntime)
                  2020085c    00000010     fault.o (.bss.g_faultRecord)
                  2020086c    0000000e     car_controller.o (.bss.g_carControllerFeedback)
                  2020087a    00000002     ultrasonic.o (.bss.g_echoTicks)
                  2020087c    0000000e     ultrasonic.o (.bss.g_ultrasonicFeedback)
                  2020088a    00000002     gimbal.o (.bss.g_pitchHalfPeriodTicks)
                  2020088c    0000000c     gimbal_tracker.o (.bss.g_observation)
                  20200898    0000000c     debug_telemetry.o (.bss.g_status)
                  202008a4    00000008     obstacle_monitor.o (.bss.g_obstacleFeedback)
                  202008ac    00000004     gimbal_vision_adapter.o (.bss.g_lastAcceptedFrameCount)
                  202008b0    00000008     gimbal.o (.bss.g_pitchContinuousDegX10)
                  202008b8    00000008     gimbal.o (.bss.g_pitchEstimatedSteps)
                  202008c0    00000008     gimbal.o (.bss.g_pitchTargetDegX10)
                  202008c8    00000008     gimbal.o (.bss.g_pitchTargetEstimatedSteps)
                  202008d0    00000008     gimbal_stepper.o (.bss.g_stepperEstimatedSteps)
                  202008d8    00000008     gimbal_stepper.o (.bss.g_stepperTargetEstimatedSteps)
                  202008e0    00000008     gimbal.o (.bss.g_yawContinuousDegX10)
                  202008e8    00000008     gimbal.o (.bss.g_yawLockedWorldYawDegX10)
                  202008f0    00000008     gimbal.o (.bss.g_yawTargetContinuousDegX10)
                  202008f8    00000008     gimbal.o (.bss.g_yawWorldTargetDegX10)
                  20200900    00000008     gimbal.o (.bss.g_yawWrappedDegX10)
                  20200908    00000006     ultrasonic.o (.bss.g_distanceSamples)
                  2020090e    00000006     key.o (.bss.g_key1)
                  20200914    00000006     key.o (.bss.g_key2)
                  2020091a    00000006     key.o (.bss.g_key3)
                  20200920    00000004     debug_telemetry.o (.bss.g_lastFrameMs)
                  20200924    00000004     watchdog_monitor.o (.bss.g_lastTickMs)
                  20200928    00000004     empty.o (.bss.g_localTimeMs)
                  2020092c    00000004     motion_action.o (.bss.g_motionActionStartYawDeg)
                  20200930    00000004     encoder.o (.bss.g_motorAPulses)
                  20200934    00000004     encoder.o (.bss.g_motorBPulses)
                  20200938    00000004     gimbal.o (.bss.g_pitchCommandedRpm)
                  2020093c    00000004     gimbal.o (.bss.g_pitchCompletedSteps)
                  20200940    00000004     gimbal_tracker.o (.bss.g_pitchTargetDeg)
                  20200944    00000004     gimbal.o (.bss.g_pitchTargetRpm)
                  20200948    00000004     gimbal.o (.bss.g_pitchTrackingTargetRpm)
                  2020094c    00000004     servo.o (.bss.g_servoFeedback)
                  20200950    00000004     gimbal_vision_yaw_tracker.o (.bss.g_sessionId)
                  20200954    00000004     gimbal_stepper.o (.bss.g_stepperCompletedSteps)
                  20200958    00000004     gimbal_vision_yaw_tracker.o (.bss.g_targetWrappedDeg)
                  2020095c    00000004     gimbal.o (.bss.g_yawCommandedRpm)
                  20200960    00000004     gimbal.o (.bss.g_yawTargetRpm)
                  20200964    00000004     gimbal_tracker.o (.bss.g_yawTargetWrappedDeg)
                  20200968    00000004     empty.o (.bss.main.lastAppUpdateMs)
                  2020096c    00000002     gimbal.o (.bss.g_pitchStepHalfPeriodTicks)
                  2020096e    00000002     obstacle_avoidance.o (.bss.g_resumeGraceMs)
                  20200970    00000002     vision_receiver.o (.bss.g_ringHead)
                  20200972    00000002     vision_receiver.o (.bss.g_ringTail)
                  20200974    00000002     vision_tuning_console.o (.bss.g_rxHead)
                  20200976    00000002     vision_tuning_console.o (.bss.g_rxTail)
                  20200978    00000002     servo.o (.bss.g_servoPwmPhase)
                  2020097a    00000002     ultrasonic.o (.bss.g_stateTicks)
                  2020097c    00000002     gimbal_stepper.o (.bss.g_stepperHalfPeriodTicks)
                  2020097e    00000002     gimbal_stepper.o (.bss.g_stepperStepHalfPeriodTicks)
                  20200980    00000002     vision_tuning_console.o (.bss.g_txHead)
                  20200982    00000002     vision_tuning_console.o (.bss.g_txTail)
                  20200984    00000002     menu.o (.bss.menu_handle_status_key.trackerSequence)
                  20200986    00000002     (.common:g_trackError)
                  20200988    00000001     oled_ui.o (.bss.OledUi_Update_20ms.refreshDivider)
                  20200989    00000001     empty.o (.bss.SysTick_Handler.controlMsCount)
                  2020098a    00000001     empty.o (.bss.SysTick_Handler.gimbalMsCount)
                  2020098b    00000001     empty.o (.bss.SysTick_Handler.tick100usCount)
                  2020098c    00000001     empty.o (.bss.SysTick_Handler.trackerMsCount)
                  2020098d    00000001     ultrasonic.o (.bss.Ultrasonic_Update_20ms.triggerDivider)
                  2020098e    00000001     empty.o (.bss.g_appUpdatePending)
                  2020098f    00000001     vision_tuning_console.o (.bss.g_capturing)
                  20200990    00000001     car_state.o (.bss.g_carState)
                  20200991    00000001     obstacle_monitor.o (.bss.g_centerSettleTicks)
                  20200992    00000001     vision_tuning_console.o (.bss.g_commandTarget)
                  20200993    00000001     ultrasonic.o (.bss.g_distanceSampleCount)
                  20200994    00000001     ultrasonic.o (.bss.g_distanceSampleIndex)
                  20200995    00000001     emergency_stop.o (.bss.g_emergencyStopActive)
                  20200996    00000001     gimbal_tracker.o (.bss.g_enabled)
                  20200997    00000001     gimbal_vision_pitch_tracker.o (.bss.g_enabled)
                  20200998    00000001     gimbal_vision_yaw_tracker.o (.bss.g_enabled)
                  20200999    00000001     watchdog_monitor.o (.bss.g_faultApplied)
                  2020099a    00000001     watchdog_monitor.o (.bss.g_faultPending)
                  2020099b    00000001     gimbal_tracker.o (.bss.g_filterReady)
                  2020099c    00000001     vision_receiver.o (.bss.g_frameSize)
                  2020099d    00000001     empty.o (.bss.g_gimbalUpdatePending)
                  2020099e    00000001     vision_tuning_console.o (.bss.g_lineSize)
                  2020099f    00000001     motor.o (.bss.g_motorADutyLevel)
                  202009a0    00000001     motor.o (.bss.g_motorBDutyLevel)
                  202009a1    00000001     obstacle_safety.o (.bss.g_obstacleSafetyHolding)
                  202009a2    00000001     oled.o (.bss.g_oledColumn)
                  202009a3    00000001     menu.o (.bss.g_oledPage)
                  202009a4    00000001     menu.o (.bss.g_paramItem)
                  202009a5    00000001     menu.o (.bss.g_paramReturnPage)
                  202009a6    00000001     key.o (.bss.g_pendingEvent)
                  202009a7    00000001     gimbal.o (.bss.g_pitchControlMode)
                  202009a8    00000001     gimbal.o (.bss.g_pitchDirection)
                  202009a9    00000001     gimbal.o (.bss.g_pitchInitialized)
                  202009aa    00000001     gimbal.o (.bss.g_pitchLimitClamped)
                  202009ab    00000001     gimbal.o (.bss.g_pitchLimitDirection)
                  202009ac    00000001     gimbal.o (.bss.g_pitchPositionValid)
                  202009ad    00000001     gimbal.o (.bss.g_pitchRunning)
                  202009ae    00000001     gimbal.o (.bss.g_pitchStepHigh)
                  202009af    00000001     gimbal.o (.bss.g_pitchStopAfterStepLow)
                  202009b0    00000001     vision_tuning_console.o (.bss.g_prefixIndex)
                  202009b1    00000001     vision_tuning_console.o (.bss.g_prefixTarget)
                  202009b2    00000001     motor.o (.bss.g_pwmPhase)
                  202009b3    00000001     car_controller.o (.bss.g_safetyHold)
                  202009b4    00000001     gimbal_vision_yaw_tracker.o (.bss.g_sessionInitialized)
                  202009b5    00000001     gimbal_tracker.o (.bss.g_simObservationUpdatesRemaining)
                  202009b6    00000001     obstacle_avoidance.o (.bss.g_stateStarted)
                  202009b7    00000001     gimbal_stepper.o (.bss.g_stepperDirection)
                  202009b8    00000001     gimbal_stepper.o (.bss.g_stepperRunning)
                  202009b9    00000001     gimbal_stepper.o (.bss.g_stepperStepHigh)
                  202009ba    00000001     gimbal_stepper.o (.bss.g_stepperStopAfterStepLow)
                  202009bb    00000001     gimbal_vision_yaw_tracker.o (.bss.g_targetSynced)
                  202009bc    00000001     gimbal_tracker.o (.bss.g_targetValid)
                  202009bd    00000001     gimbal_tracker.o (.bss.g_targetsSynced)
                  202009be    00000001     empty.o (.bss.g_trackerUpdatePending)
                  202009bf    00000001     gimbal_tracker.o (.bss.g_trackingActive)
                  202009c0    00000001     gimbal_vision_pitch_tracker.o (.bss.g_trackingActive)
                  202009c1    00000001     gimbal_vision_yaw_tracker.o (.bss.g_trackingActive)
                  202009c2    00000001     ultrasonic.o (.bss.g_triggerRequest)
                  202009c3    00000001     ultrasonic.o (.bss.g_ultrasonicState)
                  202009c4    00000001     gimbal.o (.bss.g_yawLimitClamped)
                  202009c5    00000001     gimbal.o (.bss.g_yawLimitDirection)
                  202009c6    00000001     gimbal.o (.bss.g_yawPositionValid)
                  202009c7    00000001     gimbal.o (.bss.g_yawWorldLockEnabled)
                  202009c8    00000001     (.common:g_carStateDebug)
                  202009c9    00000001     (.common:g_keyEvent)
                  202009ca    00000001     (.common:g_oledPageDebug)
                  202009cb    00000001     (.common:g_paramItemDebug)
                  202009cc    00000001     (.common:g_trackBlackCount)
                  202009cd    00000001     (.common:g_trackModeDebug)
                  202009ce    00000001     (.common:g_trackRaw)
                  202009cf    00000001     (.common:g_trackTurnDebug)

.data      0    202009d0    00000001     UNINITIALIZED
                  202009d0    00000001     car_controller.o (.data.g_followTurnPolicy)

.stack     0    20207e00    00000200     UNINITIALIZED
                  20207e00    00000004     libc.a : boot_cortex_m.c.obj (.stack)
                  20207e04    000001fc     --HOLE--

__llvm_prf_cnts 
*          0    20200000    00000000     UNINITIALIZED

__llvm_prf_bits 
*          0    20200000    00000000     UNINITIALIZED

MODULE SUMMARY

       Module                          code    ro data   rw data
       ------                          ----    -------   -------
    .\
       vision_tuning_console.o         9616    102       613    
       gimbal.o                        7528    0         241    
       oled_ui.o                       5216    851       1      
       car_controller.o                4160    64        80     
       imu.o                           3304    0         40     
       oled.o                          2304    401       1      
       gimbal_tracker.o                2576    0         74     
       gimbal_vision_yaw_tracker.o     2124    0         48     
       vision_receiver.o               1112    0         689    
       gimbal_stepper.o                1412    0         52     
       menu.o                          1368    84        5      
       mission_manager.o               1300    0         32     
       motion_action.o                 1156    0         24     
       obstacle_avoidance.o            1138    0         27     
       app_config.o                    908     0         100    
       gimbal_vision_pitch_tracker.o   864     0         26     
       mission_library.o               218     534       0      
       empty.o                         680     0         59     
       vision_protocol.o               732     0         0      
       ultrasonic.o                    596     0         29     
       ti_msp_dl_config.o              464     12        48     
       heading_control.o               472     0         20     
       key.o                           436     0         19     
       app.o                           394     0         10     
       track_sensor.o                  372     0         0      
       motor.o                         356     0         3      
       fault.o                         272     60        16     
       vision_pitch_tuning.o           268     48        24     
       runtime_snapshot.o              256     0         68     
       watchdog_monitor.o              292     0         26     
       vision_yaw_tuning.o             248     41        20     
       gimbal_vision_adapter.o         228     0         76     
       obstacle_safety.o               264     0         1      
       obstacle_monitor.o              192     0         9      
       startup_mspm0g350x_ticlang.o    6       192       0      
       servo.o                         176     0         6      
       emergency_stop.o                172     0         1      
       vision_uart.o                   164     0         0      
       encoder.o                       144     0         8      
       debug_telemetry.o               56      0         16     
       car_state.o                     36      0         1      
    +--+-------------------------------+-------+---------+---------+
       Total:                          53580   2389      2513   
                                                                
    C:/TI/mspm0_sdk_2_05_01_00/source/ti/driverlib/lib/ticlang/m0p/mspm0g1x0x_g3x0x/driverlib.a
       dl_uart.o                       90      0         0      
       dl_common.o                     10      0         0      
    +--+-------------------------------+-------+---------+---------+
       Total:                          100     0         0      
                                                                
    D:\TI\CCS\ccs\tools\compiler\ti-cgt-armllvm_4.0.4.LTS\lib\armv6m-ti-none-eabi/c/libc.a
       memcpy16.S.obj                  154     0         0      
       strcmp-armv6m.S.obj             136     0         0      
       copy_decompress_lzss.c.obj      124     0         0      
       memset16.S.obj                  98      0         0      
       autoinit.c.obj                  60      0         0      
       boot_cortex_m.c.obj             40      0         0      
       memmov.c.obj                    40      0         0      
       copy_decompress_none.c.obj      18      0         0      
       copy_zero_init.c.obj            16      0         0      
       exit.c.obj                      6       0         0      
       pre_init.c.obj                  4       0         0      
    +--+-------------------------------+-------+---------+---------+
       Total:                          696     0         0      
                                                                
    D:\TI\CCS\ccs\tools\compiler\ti-cgt-armllvm_4.0.4.LTS\lib\armv6m-ti-none-eabi/c/libsysbm.a
       hostexit.c.obj                  4       0         0      
    +--+-------------------------------+-------+---------+---------+
       Total:                          4       0         0      
                                                                
    D:\TI\CCS\ccs\tools\compiler\ti-cgt-armllvm_4.0.4.LTS\lib\armv6m-ti-none-eabi/libclang_rt.builtins.a
       addsf3.S.obj                    216     0         0      
       udivmoddi4.S.obj                162     0         0      
       mulsf3.S.obj                    140     0         0      
       divsf3.S.obj                    130     0         0      
       comparesf2.S.obj                118     0         0      
       aeabi_fcmp.S.obj                98      0         0      
       fixsfdi.S.obj                   96      0         0      
       aeabi_idivmod.S.obj             86      0         0      
       aeabi_uidivmod.S.obj            64      0         0      
       divmoddi4.c.obj                 62      0         0      
       floatsisf.S.obj                 60      0         0      
       muldsi3.S.obj                   58      0         0      
       fixsfsi.S.obj                   56      0         0      
       floatunsisf.S.obj               40      0         0      
       muldi3.S.obj                    36      0         0      
       ashldi3.S.obj                   30      0         0      
       aeabi_ldivmod.S.obj             20      0         0      
       aeabi_uldivmod.S.obj            20      0         0      
       aeabi_memset.S.obj              12      0         0      
       aeabi_memcpy.S.obj              8       0         0      
       aeabi_memmove.S.obj             8       0         0      
       aeabi_div0.c.obj                4       0         0      
    +--+-------------------------------+-------+---------+---------+
       Total:                          1524    0         0      
                                                                
       Stack:                          0       0         512    
       Linker Generated:               0       41        0      
    +--+-------------------------------+-------+---------+---------+
       Grand Total:                    55904   2430      3025   


LINKER GENERATED COPY TABLES

__TI_cinit_table @ 0000e3f4 records: 2, size/record: 8, table size: 16
	.bss: load addr=0000e3e4, load size=00000008 bytes, run addr=20200000, run size=000009d0 bytes, compression=zero_init
	.data: load addr=0000e3ec, load size=00000005 bytes, run addr=202009d0, run size=00000001 bytes, compression=lzss


LINKER GENERATED HANDLER TABLE

__TI_handler_table @ 0000e3d8 records: 3, size/record: 4, table size: 12
	index: 0, handler: __TI_decompress_lzss
	index: 1, handler: __TI_decompress_none
	index: 2, handler: __TI_zero_init


GLOBAL SYMBOLS: SORTED ALPHABETICALLY BY Name 

address   name                                      
-------   ----                                      
0000b05b  ADC0_IRQHandler                           
0000b05b  ADC1_IRQHandler                           
0000b05b  AES_IRQHandler                            
0000a7dd  AppConfig_InitDefault                     
000050c5  AppConfig_LimitAll                        
0000bbfd  App_Init                                  
000095cd  App_Update_20ms                           
0000b76c  C$$EXIT                                   
0000b05b  CANFD0_IRQHandler                         
0000da7d  CarController_GetFeedback                 
0000d935  CarController_GetRunMode                  
0000b985  CarController_Init                        
0000d941  CarController_IsSafetyHoldActive          
0000ba05  CarController_ResetRuntime                
0000d70d  CarController_RunModeToString             
0000bcf1  CarController_SetSafetyHold               
0000ac41  CarController_StartDriveHeading           
0000b385  CarController_StartFollowLine             
0000aa25  CarController_StartSeekLine               
0000b6e5  CarController_StartTurnLeft90             
0000b4b5  CarController_StartTurnRight90            
0000a96d  CarController_StartTurnToYawRelative      
0000d495  CarController_Stop                        
00008b21  CarController_Update_20ms                 
0000d94d  CarState_Get                              
0000d959  CarState_Init                             
0000d965  CarState_Set                              
0000b05b  DAC0_IRQHandler                           
0000da55  DL_Common_delayCycles                     
0000c93d  DL_UART_init                              
0000d8d1  DL_UART_setClockConfig                    
0000b05b  DMA_IRQHandler                            
0000d725  DebugTelemetry_Init                       
0000d4b5  DebugTelemetry_Update                     
0000b05b  Default_Handler                           
0000d3bd  EmergencyStop_Enforce                     
0000d971  EmergencyStop_Init                        
0000d97d  EmergencyStop_IsActive                    
0000cbe1  EmergencyStop_Reset                       
0000cea5  EmergencyStop_Trigger                     
0000bf95  Encoder_HandleGpioInterrupt               
0000d3e1  Encoder_Reset                             
0000acf1  FaultCode_ToShortString                   
0000d7cd  Fault_Clear                               
0000da85  Fault_GetRecord                           
0000d7e1  Fault_Init                                
0000d045  Fault_Raise                               
0000b05b  GROUP0_IRQHandler                         
0000d7f5  GROUP1_IRQHandler                         
0000b7f9  GimbalStepper_ConfirmZero                 
0000da8d  GimbalStepper_GetFeedback                 
0000ada1  GimbalStepper_Init                        
00007d3d  GimbalStepper_MoveToEstimatedSteps        
0000bd65  GimbalStepper_Release                     
0000d809  GimbalStepper_SetStepHalfPeriodTicks      
0000aad9  GimbalStepper_StopHold                    
000078a1  GimbalStepper_Tick100us                   
0000cc1d  GimbalTracker_ClearObservation            
0000c265  GimbalTracker_Enable                      
0000c2c5  GimbalTracker_GetFeedback                 
0000ba85  GimbalTracker_Init                        
0000b87d  GimbalTracker_PushObservation             
0000320d  GimbalTracker_Update                      
0000da95  GimbalVisionAdapter_GetFeedback           
0000d989  GimbalVisionAdapter_GetObservation        
0000d5f5  GimbalVisionAdapter_Init                  
0000ab8d  GimbalVisionAdapter_Update                
0000b05d  GimbalVisionPitchTracker_Enable           
0000d405  GimbalVisionPitchTracker_GetFeedback      
0000caa1  GimbalVisionPitchTracker_Init             
00006985  GimbalVisionPitchTracker_Update10ms       
00007a35  GimbalVisionYawTracker_Enable             
0000d075  GimbalVisionYawTracker_GetFeedback        
0000c001  GimbalVisionYawTracker_Init               
00003a39  GimbalVisionYawTracker_Update10ms         
0000802d  Gimbal_Init                               
0000a055  Gimbal_PitchConfirmZero                   
0000d0a5  Gimbal_PitchGetFeedback                   
[...]
202009cb  g_paramItemDebug                          
202009cc  g_trackBlackCount                         
20200986  g_trackError                              
202009cd  g_trackModeDebug                          
202009ce  g_trackRaw                                
202009cf  g_trackTurnDebug                          
00000000  interruptVectors                          
00008199  main                                      
0000b2e9  memcpy                                    
0000d36d  memmove                                   
0000c203  memset                                    
0000b771  strcmp                                    


GLOBAL SYMBOLS: SORTED BY Symbol Address 

address   name                                      
-------   ----                                      
00000000  __TI_ATRegion0_region_sz                  
00000000  __TI_ATRegion0_src_addr                   
00000000  __TI_ATRegion0_trg_addr                   
00000000  __TI_ATRegion1_region_sz                  
00000000  __TI_ATRegion1_src_addr                   
00000000  __TI_ATRegion1_trg_addr                   
00000000  __TI_ATRegion2_region_sz                  
00000000  __TI_ATRegion2_src_addr                   
00000000  __TI_ATRegion2_trg_addr                   
00000000  __TI_static_base__                        
00000000  interruptVectors                          
000000c1  VisionTuningConsole_Process               
00000200  __STACK_SIZE                              
00001e95  OledUi_Update_20ms                        
0000320d  GimbalTracker_Update                      
00003689  VisionReceiver_Process                    
00003a39  GimbalVisionYawTracker_Update10ms         
00003dc1  Menu_HandleKeyEvent                       
000044ad  ObstacleAvoidance_Update_20ms             
00004ded  Imu_Init                                  
000050c5  AppConfig_LimitAll                        
00005631  Gimbal_YawSetWrappedTargetDeg             
000058c9  Gimbal_YawUpdate5ms                       
00005b5d  Gimbal_PitchSetTrackingSpeedDegS          
000062c5  OLED_Clear                                
00006751  MotionAction_Update_20ms                  
00006985  GimbalVisionPitchTracker_Update10ms       
00006bad  Imu_CalibrateGyroBias                     
00006fcd  VisionProtocol_ParseV1TargetFrame         
0000738d  Gimbal_PitchUpdate5ms                     
00007701  Ultrasonic_Tick100us                      
000078a1  GimbalStepper_Tick100us                   
00007a35  GimbalVisionYawTracker_Enable             
00007bbd  Gimbal_PitchTick100us                     
00007d3d  GimbalStepper_MoveToEstimatedSteps        
00007eb9  Key_Update_20ms                           
0000802d  Gimbal_Init                               
00008199  main                                      
00008301  HeadingControl_Update                     
00008b21  CarController_Update_20ms                 
00008c65  OLED_PrintInt16                           
00008da1  Imu_Update                                
00009135  Gimbal_YawEnableWorldLock                 
0000925d  MotionAction_Start                        
000095cd  App_Update_20ms                           
000097e1  SysTick_Handler                           
000098e1  Gimbal_PitchRelease                       
000099dd  MissionManager_Update_20ms                
00009ad9  Gimbal_PitchStopHold                      
00009bc9  MissionManager_SelectNext                 
00009da5  RuntimeSnapshot_Update                    
00009f75  ObstacleSafety_Update_20ms                
0000a055  Gimbal_PitchConfirmZero                   
0000a20d  MissionManager_SelectPrevious             
0000a2e5  OLED_PrintUInt16                          
0000a495  __aeabi_fsub                              
0000a495  __subsf3                                  
0000a49f  __addsf3                                  
0000a49f  __aeabi_fadd                              
0000a56d  OLED_Init                                 
0000a641  OLED_PrintChar                            
0000a711  SYSCFG_DL_GPIO_init                       
0000a7dd  AppConfig_InitDefault                     
0000a8a5  Gimbal_YawConfirmZero                     
0000a96d  CarController_StartTurnToYawRelative      
0000aa25  CarController_StartSeekLine               
0000aad9  GimbalStepper_StopHold                    
0000ab8d  GimbalVisionAdapter_Update                
0000ac41  CarController_StartDriveHeading           
0000acf1  FaultCode_ToShortString                   
0000ada1  GimbalStepper_Init                        
0000ae51  Gimbal_PitchMoveRelativeDeg               
0000af01  Motor_SetSpeed                            
0000afb1  MissionLibrary_Validate                   
0000b05b  ADC0_IRQHandler                           
0000b05b  ADC1_IRQHandler                           
0000b05b  AES_IRQHandler                            
0000b05b  CANFD0_IRQHandler                         
0000b05b  DAC0_IRQHandler                           
0000b05b  DMA_IRQHandler                            
0000b05b  Default_Handler                           
0000b05b  GROUP0_IRQHandler                         
0000b05b  HardFault_Handler                         
0000b05b  I2C0_IRQHandler                           
0000b05b  I2C1_IRQHandler                           
0000b05b  NMI_Handler                               
0000b05b  PendSV_Handler                            
0000b05b  RTC_IRQHandler                            
0000b05b  SPI0_IRQHandler                           
0000b05b  SPI1_IRQHandler                           
0000b05b  SVC_Handler                               
0000b05b  TIMA0_IRQHandler                          
0000b05b  TIMA1_IRQHandler                          
0000b05b  TIMG0_IRQHandler                          
0000b05b  TIMG12_IRQHandler                         
0000b05b  TIMG6_IRQHandler                          
0000b05b  TIMG7_IRQHandler                          
0000b05b  TIMG8_IRQHandler                          
0000b05b  UART0_IRQHandler                          
0000b05b  UART1_IRQHandler                          
0000b05b  UART2_IRQHandler                          
0000b05d  GimbalVisionPitchTracker_Enable           
0000b1a9  __udivmoddi4                              
0000b24b  TrackSensor_Init                          
0000b24d  ObstacleMonitor_Update_20ms               
0000b2e9  memcpy                                    
0000b383  __aeabi_idiv0                             
0000b385  CarController_StartFollowLine             
0000b4b5  CarController_StartTurnRight90            
0000b541  Gimbal_YawDisableWorldLock                
0000b5cd  Gimbal_YawStopHold                        
0000b659  __aeabi_fmul                              
0000b659  __mulsf3                                  
0000b6e5  CarController_StartTurnLeft90             
0000b76c  C$$EXIT                                   
0000b76d  HOSTexit                                  
0000b771  strcmp                                    
0000b7f9  GimbalStepper_ConfirmZero                 
0000b87d  GimbalTracker_PushObservation             
0000b901  __aeabi_fdiv                              
0000b901  __divsf3                                  
0000b983  __aeabi_ldiv0                             
0000b985  CarController_Init                        
0000ba05  CarController_ResetRuntime                
0000ba85  GimbalTracker_Init                        
0000bb05  VisionPitchTuning_Set                     
0000bb81  __TI_decompress_lzss                      
0000bbfd  App_Init                                  
0000bcf1  CarController_SetSafetyHold               
0000bd65  GimbalStepper_Release                     
0000bdd5  Menu_GetParamValue                        
0000be45  SYSCFG_DL_UART_VISION_init                
0000beb5  VisionYawTuning_Set                       
0000bf25  TrackSensor_DetectTurn                    
0000bf95  Encoder_HandleGpioInterrupt               
0000c001  GimbalVisionYawTracker_Init               
0000c06d  MissionManager_GetSelectedMissionIndex    
0000c0d5  TrackSensor_GetErrorFromRaw               
0000c13d  Gimbal_YawRelease                         
0000c1a1  __aeabi_fcmpeq                            
0000c1b5  __aeabi_fcmplt                            
0000c1c9  __aeabi_fcmple                            
0000c1dd  __aeabi_fcmpge                            
0000c1f1  __aeabi_fcmpgt                            
0000c203  memset                                    
0000c265  GimbalTracker_Enable                      
0000c2c5  GimbalTracker_GetFeedback                 
0000c325  VisionTuningConsole_Init                  
0000c385  __aeabi_f2lz                              
0000c385  __fixsfdi                                 
0000c445  OLED_PrintBinary7                         
0000c4a5  UART3_IRQHandler                          
0000c501  Ultrasonic_Update_20ms                    
0000c5b9  Gimbal_YawMoveRelativeDeg                 
0000c611  __aeabi_idiv                              
0000c611  __aeabi_idivmod                           
0000c669  TrackSensor_ReadRaw                       
0000c765  MissionManager_Start                      
0000c7b5  Motor_PwmTick100us                        
0000c805  Ultrasonic_Init                           
0000c855  WatchdogMonitor_ApplyFaultIfNeeded        
0000c8a5  WatchdogMonitor_Tick1msFromIsr            
0000c93d  DL_UART_init                              
0000c985  MissionManager_Init                       
0000c9cd  MotionAction_ReapplyControllerTarget      
0000ca5d  Servo_Tick100us                           
0000caa1  GimbalVisionPitchTracker_Init             
0000cae1  SYSCFG_DL_SYSCTL_init                     
0000cb21  VisionReceiver_PushByteFromIsr            
0000cb61  __aeabi_uidiv                             
0000cb61  __aeabi_uidivmod                          
0000cba1  __divmoddi4                               
0000cbe1  EmergencyStop_Reset                       
0000cc1d  GimbalTracker_ClearObservation            
0000cc59  Servo_SetAngleDeg                         
0000cc95  VisionTuningConsole_PushByteFromIsr       
0000ccd1  __aeabi_i2f                               
0000ccd1  __floatsisf                               
0000cd0d  __gesf2                                   
0000cd0d  __gtsf2                                   
0000cd49  __TI_auto_init_nobinit_nopinit            
0000cd85  __cmpsf2                                  
0000cd85  __eqsf2                                   
0000cd85  __lesf2                                   
0000cd85  __ltsf2                                   
0000cd85  __nesf2                                   
0000cdc1  __muldsi3                                 
0000cdfd  Motor_Init                                
0000ce35  VisionReceiver_Init                       
0000ce6d  __aeabi_f2iz                              
0000ce6d  __fixsfsi                                 
0000cea5  EmergencyStop_Trigger                     
0000ced9  MissionManager_Cancel                     
0000cf0d  OLED_SetCursor                            
0000cf41  SYSCFG_DL_initPower                       
0000cf75  VisionTuningConsole_TryPopTxByte          
0000cfa9  VisionUart_Process                        
0000d011  OLED_PrintString                          
0000d045  Fault_Raise                               
0000d075  GimbalVisionYawTracker_GetFeedback        
0000d0a5  Gimbal_PitchGetFeedback                   
0000d0d5  Key_Init                                  
0000d105  MissionManager_Reset                      
0000d135  MissionManager_Resume                     
0000d165  VisionPitchTuning_RestoreDefault          
0000d195  WatchdogMonitor_Init                      
0000d1f5  Motor_Stop                                
0000d221  TrackSensor_CountBlack                    
0000d24d  VisionYawTuning_RestoreDefault            
0000d2a5  ObstacleAvoidance_Init                    
0000d2cd  Servo_Init                                
0000d2f5  VisionPitchTuning_Init                    
0000d31d  WatchdogMonitor_Reset                     
0000d345  __aeabi_ui2f                              
0000d345  __floatunsisf                             
0000d36d  memmove                                   
0000d395  _c_int00_noargs                           
0000d3bd  EmergencyStop_Enforce                     
0000d3e1  Encoder_Reset                             
0000d405  GimbalVisionPitchTracker_GetFeedback      
0000d429  MissionManager_ReportExternalFailure      
0000d44d  VisionYawTuning_Init                      
0000d471  __aeabi_lmul                              
0000d471  __muldi3                                  
0000d495  CarController_Stop                        
0000d4b5  DebugTelemetry_Update                     
0000d4d5  MissionManager_Pause                      
0000d4f5  MotionAction_GetCurrentBypassDirection    
0000d515  MotionAction_GetCurrentObstaclePolicy     
0000d535  MotionAction_Init                         
0000d555  SYSCFG_DL_init                            
0000d575  SchedulerMonitor_GetStats                 
0000d595  VisionReceiver_GetProtocolErrorCount      
0000d5d5  __aeabi_llsl                              
0000d5d5  __ashldi3                                 
0000d5f5  GimbalVisionAdapter_Init                  
0000d611  Imu_IsReady                               
0000d62d  Menu_Init                                 
0000d649  ObstacleMonitor_Init                      
0000d665  ObstacleSafety_Init                       
0000d681  VisionPitchTuning_ParamName               
0000d69d  VisionYawTuning_GetSnapshot               
0000d6b9  VisionYawTuning_ParamName                 
0000d6d5  WatchdogMonitor_NotifyControlCycleComplete
0000d70d  CarController_RunModeToString             
0000d725  DebugTelemetry_Init                       
0000d73d  HeadingControl_LockCurrentYaw             
0000d755  HeadingControl_SetTargetYaw               
0000d76d  Menu_ParamItemToString                    
0000d785  MissionLibrary_FindById                   
0000d79d  MotionAction_Cancel                       
0000d7b5  RuntimeSnapshot_Init                      
0000d7cd  Fault_Clear                               
0000d7e1  Fault_Init                                
0000d7f5  GROUP1_IRQHandler                         
0000d809  GimbalStepper_SetStepHalfPeriodTicks      
0000d81d  HeadingControl_Enable                     
0000d831  HeadingControl_Init                       
0000d845  HeadingControl_Reset                      
0000d859  MissionLibrary_GetByIndex                 
0000d86d  MissionManager_GetSelectedMissionId       
0000d881  VisionPitchTuning_GetSnapshot             
0000d895  VisionUart_Init                           
0000d8a9  __aeabi_ldivmod                           
0000d8bd  __aeabi_uldivmod                          
0000d8d1  DL_UART_setClockConfig                    
0000d8e3  __TI_decompress_none                      
0000d8f5  Gimbal_YawGetFeedback                     
0000d905  Key_GetEvent                              
0000d915  ObstacleAvoidance_IsResumeGraceActive     
0000d925  __TI_zero_init                            
0000d935  CarController_GetRunMode                  
0000d941  CarController_IsSafetyHoldActive          
0000d94d  CarState_Get                              
0000d959  CarState_Init                             
0000d965  CarState_Set                              
0000d971  EmergencyStop_Init                        
0000d97d  EmergencyStop_IsActive                    
0000d989  GimbalVisionAdapter_GetObservation        
0000d995  Gimbal_Tick100us                          
0000d9a1  Gimbal_Update5ms                          
0000d9ad  Imu_GetCorrectedGyroZDps                  
0000d9b9  Imu_GetYaw                                
0000d9c5  Imu_ResetYaw                              
0000d9d1  Menu_GetPage                              
0000d9dd  Menu_GetParamItem                         
0000d9e9  MissionManager_IsExternallyHeld           
0000d9f5  MissionManager_SetExternalHold            
0000da01  ObstacleAvoidance_IsActive                
0000da0d  ObstacleAvoidance_IsFailed                
0000da19  ObstacleSafety_IsHolding                  
0000da25  OledUi_Init                               
0000da31  SystemTime_GetMs                          
0000da3d  WatchdogMonitor_HasTripped                
0000da49  __aeabi_memclr                            
0000da49  __aeabi_memclr4                           
0000da49  __aeabi_memclr8                           
0000da55  DL_Common_delayCycles                     
0000da5f  TrackSensor_IsCenterDetected              
0000da69  TrackSensor_IsLineDetected                
0000da73  TrackSensor_IsLineLost                    
0000da7d  CarController_GetFeedback                 
0000da85  Fault_GetRecord                           
0000da8d  GimbalStepper_GetFeedback                 
0000da95  GimbalVisionAdapter_GetFeedback           
0000da9d  Gimbal_PitchStopTrackingHold              
0000daa5  HeadingControl_GetRuntime                 
0000daad  Imu_GetRuntime                            
0000dab5  MissionManager_GetMissionCount            
0000dabd  MissionManager_GetRuntime                 
0000dac5  MotionAction_GetRuntime                   
0000dacd  ObstacleAvoidance_GetFeedback             
0000dad5  ObstacleMonitor_GetFeedback               
0000dadd  Servo_GetFeedback                         
0000dae5  Ultrasonic_GetFeedback                    
0000daed  VisionPitchTuning_GetStatus               
0000daf5  VisionReceiver_GetObservation             
0000dafd  VisionReceiver_GetStatus                  
0000db05  VisionTuningConsole_GetStatus             
0000db0d  WatchdogMonitor_GetStatus                 
0000db15  __aeabi_memcpy                            
0000db15  __aeabi_memcpy4                           
0000db15  __aeabi_memcpy8                           
0000db1d  __aeabi_memmove                           
0000db1d  __aeabi_memmove4                          
0000db1d  __aeabi_memmove8                          
0000db25  abort                                     
0000db2b  MissionLibrary_GetCount                   
0000db2f  Reset_Handler                             
0000db33  _system_pre_init                          
0000e3d8  __TI_Handler_Table_Base                   
0000e3e4  __TI_Handler_Table_Limit                  
0000e3f4  __TI_CINIT_Base                           
0000e404  __TI_CINIT_Limit                          
0000e404  __TI_CINIT_Warm                           
20200000  __start___llvm_prf_bits                   
20200000  __start___llvm_prf_cnts                   
20200000  __stop___llvm_prf_bits                    
20200000  __stop___llvm_prf_cnts                    
20200400  g_appConfig                               
20200608  g_appRuntime                              
20200648  gUART_VISIONBackup                        
20200720  g_imuRuntime                              
20200848  g_headingRuntime                          
20200986  g_trackError                              
202009c8  g_carStateDebug                           
202009c9  g_keyEvent                                
202009ca  g_oledPageDebug                           
202009cb  g_paramItemDebug                          
202009cc  g_trackBlackCount                         
202009cd  g_trackModeDebug                          
202009ce  g_trackRaw                                
202009cf  g_trackTurnDebug                          
20207e00  __stack                                   
20208000  __STACK_END                               
ffffffff  __TI_pprof_out_hndl                       
ffffffff  __TI_prof_data_size                       
ffffffff  __TI_prof_data_start                      
ffffffff  __binit__                                 
ffffffff  binit                                     
UNDEFED   __mpu_init                                
UNDEFED   _system_post_cinit                        

[362 symbols]
