******************************************************************************
            TI ARM Clang Linker PC v4.0.4                      
******************************************************************************
>> Linked Sat Jul 11 00:54:05 2026

OUTPUT FILE NAME:   <diansaikaishi.out>
ENTRY POINT SYMBOL: "_c_int00_noargs"  address: 00003039


MEMORY CONFIGURATION

         name            origin    length      used     unused   attr    fill
----------------------  --------  ---------  --------  --------  ----  --------
  FLASH                 00000000   00020000  00003590  0001ca70  R  X
  SRAM                  20200000   00008000  000002d4  00007d2c  RW X
  BCR_CONFIG            41c00000   000000ff  00000000  000000ff  R   
  BSL_CONFIG            41c00100   00000080  00000000  00000080  R   


SEGMENT ALLOCATION MAP

run origin  load origin   length   init length attrs members
----------  ----------- ---------- ----------- ----- -------
00000000    00000000    00003590   00003590    r-x
  00000000    00000000    000000c0   000000c0    r-- .intvecs
  000000c0    000000c0    000031f8   000031f8    r-x .text
  000032b8    000032b8    000002c0   000002c0    r-- .rodata
  00003578    00003578    00000018   00000018    r-- .cinit
20200000    20200000    000000d4   00000000    rw-
  20200000    20200000    000000d4   00000000    rw- .bss
20207e00    20207e00    00000200   00000000    rw-
  20207e00    20207e00    00000200   00000000    rw- .stack


SECTION ALLOCATION MAP

 output                                  attributes/
section   page    origin      length       input sections
--------  ----  ----------  ----------   ----------------
.intvecs   0    00000000    000000c0     
                  00000000    000000c0     startup_mspm0g350x_ticlang.o (.intvecs)

.text      0    000000c0    000031f8     
                  000000c0    00000430     oled_ui.o (.text.OledUi_Update_20ms)
                  000004f0    0000037c     car_controller.o (.text.CarController_Update_20ms)
                  0000086c    000002f0     imu.o (.text.mpu6050_read_regs)
                  00000b5c    000002d8     imu.o (.text.Imu_Init)
                  00000e34    00000254     oled.o (.text.OLED_Clear)
                  00001088    00000214     imu.o (.text.Imu_CalibrateGyroBias)
                  0000129c    000001d8     app_config.o (.text.AppConfig_LimitAll)
                  00001474    000001cc     imu.o (.text.imu_i2c_write_byte)
                  00001640    000001b8     oled.o (.text.oled_i2c_write_byte)
                  000017f8    00000190     menu.o (.text.Menu_HandleKeyEvent)
                  00001988    00000174     key.o (.text.Key_Update_20ms)
                  00001afc    00000160     heading_control.o (.text.HeadingControl_Update)
                  00001c5c    0000013c     oled.o (.text.OLED_PrintInt16)
                  00001d98    00000134     imu.o (.text.Imu_Update)
                  00001ecc    0000012c     imu.o (.text.imu_i2c_recover_bus)
                  00001ff8    000000d8     libclang_rt.builtins.a : addsf3.S.obj (.text)
                  000020d0    000000d4     oled.o (.text.OLED_Init)
                  000021a4    000000d0     oled.o (.text.OLED_PrintChar)
                  00002274    000000c4     car_controller.o (.text.handle_turn_90)
                  00002338    000000b0     motor.o (.text.Motor_SetSpeed)
                  000023e8    000000a8     ti_msp_dl_config.o (.text.SYSCFG_DL_GPIO_init)
                  00002490    000000a4     app.o (.text.App_Update_20ms)
                  00002534    000000a2     libclang_rt.builtins.a : udivmoddi4.S.obj (.text)
                  000025d6    00000002     startup_mspm0g350x_ticlang.o (.text.Default_Handler)
                  000025d8    00000098     imu.o (.text.mpu6050_write_reg)
                  00002670    0000008c     app_config.o (.text.AppConfig_InitDefault)
                  000026fc    0000008c     libclang_rt.builtins.a : mulsf3.S.obj (.text.__mulsf3)
                  00002788    00000082                            : divsf3.S.obj (.text.__divsf3)
                  0000280a    00000002     track_sensor.o (.text.TrackSensor_Init)
                  0000280c    00000078     oled.o (.text.oled_write_command)
                  00002884    0000006c     encoder.o (.text.Encoder_HandleGpioInterrupt)
                  000028f0    0000006c     empty.o (.text.main)
                  0000295c    00000066     track_sensor.o (.text.TrackSensor_GetErrorFromRaw)
                  000029c2    00000002     libclang_rt.builtins.a : aeabi_div0.c.obj (.text.__aeabi_idiv0)
                  000029c4    00000062                            : aeabi_fcmp.S.obj (.text.__aeabi_fcmp)
                  00002a26    0000005e     oled.o (.text.OLED_PrintBinary7)
                  00002a84    00000058     menu.o (.text.Menu_GetParamValue)
                  00002adc    00000056     libclang_rt.builtins.a : aeabi_idivmod.S.obj (.text.__aeabi_idivmod)
                  00002b32    00000002                            : aeabi_div0.c.obj (.text.__aeabi_ldiv0)
                  00002b34    00000054     track_sensor.o (.text.TrackSensor_ReadRaw)
                  00002b88    00000050     motor.o (.text.Motor_PwmTick100us)
                  00002bd8    00000042     app.o (.text.App_Init)
                  00002c1a    00000002     --HOLE-- [fill = 0]
                  00002c1c    00000040     ti_msp_dl_config.o (.text.SYSCFG_DL_SYSCTL_init)
                  00002c5c    0000003e     libclang_rt.builtins.a : divmoddi4.c.obj (.text.__divmoddi4)
                  00002c9a    00000002     --HOLE-- [fill = 0]
                  00002c9c    0000003c     empty.o (.text.SysTick_Handler)
                  00002cd8    0000003c     libclang_rt.builtins.a : floatsisf.S.obj (.text.__floatsisf)
                  00002d14    0000003c                            : comparesf2.S.obj (.text.__gtsf2)
                  00002d50    0000003c     libc.a : autoinit.c.obj (.text:__TI_auto_init_nobinit_nopinit)
                  00002d8c    0000003a     libclang_rt.builtins.a : comparesf2.S.obj (.text.__eqsf2)
                  00002dc6    00000002     --HOLE-- [fill = 0]
                  00002dc8    0000003a                            : muldsi3.S.obj (.text.__muldsi3)
                  00002e02    00000002     --HOLE-- [fill = 0]
                  00002e04    00000038     car_controller.o (.text.CarController_Init)
                  00002e3c    00000038     car_controller.o (.text.CarController_ResetRuntime)
                  00002e74    00000038     motor.o (.text.Motor_Init)
                  00002eac    00000038     libclang_rt.builtins.a : fixsfsi.S.obj (.text.__fixsfsi)
                  00002ee4    00000036     track_sensor.o (.text.TrackSensor_DetectTurn)
                  00002f1a    00000002     --HOLE-- [fill = 0]
                  00002f1c    00000034     oled.o (.text.OLED_SetCursor)
                  00002f50    00000032     oled.o (.text.OLED_PrintString)
                  00002f82    00000002     --HOLE-- [fill = 0]
                  00002f84    00000030     key.o (.text.Key_Init)
                  00002fb4    0000002c     motor.o (.text.Motor_Stop)
                  00002fe0    0000002c     ti_msp_dl_config.o (.text.SYSCFG_DL_initPower)
                  0000300c    0000002c     track_sensor.o (.text.TrackSensor_CountBlack)
                  00003038    00000028     libc.a : boot_cortex_m.c.obj (.text:_c_int00_noargs)
                  00003060    00000024     encoder.o (.text.Encoder_Reset)
                  00003084    0000001e     libclang_rt.builtins.a : ashldi3.S.obj (.text.__ashldi3)
                  000030a2    00000002     --HOLE-- [fill = 0]
                  000030a4    0000001c     imu.o (.text.Imu_IsReady)
                  000030c0    00000018     car_controller.o (.text.CarController_RunModeToString)
                  000030d8    00000018     car_state.o (.text.CarState_ToString)
                  000030f0    00000018     heading_control.o (.text.HeadingControl_LockCurrentYaw)
                  00003108    00000018     menu.o (.text.Menu_ParamItemToString)
                  00003120    00000016     libc.a : copy_zero_init.c.obj (.text:decompress:ZI:__TI_zero_init_nomemset)
                  00003136    00000002     --HOLE-- [fill = 0]
                  00003138    00000014     app_config.o (.text.AppConfig_DecreaseTargetLap)
                  0000314c    00000014     app_config.o (.text.AppConfig_IncreaseTargetLap)
                  00003160    00000014     empty.o (.text.GROUP1_IRQHandler)
                  00003174    00000014     heading_control.o (.text.HeadingControl_Enable)
                  00003188    00000014     heading_control.o (.text.HeadingControl_Init)
                  0000319c    00000014     heading_control.o (.text.HeadingControl_Reset)
                  000031b0    00000014     menu.o (.text.Menu_Init)
                  000031c4    00000014     libclang_rt.builtins.a : aeabi_ldivmod.S.obj (.text.__aeabi_ldivmod)
                  000031d8    00000010     key.o (.text.Key_GetEvent)
                  000031e8    00000010     ti_msp_dl_config.o (.text.SYSCFG_DL_init)
                  000031f8    0000000c     car_controller.o (.text.CarController_GetRunMode)
                  00003204    0000000c     car_state.o (.text.CarState_Get)
                  00003210    0000000c     car_state.o (.text.CarState_Init)
                  0000321c    0000000c     car_state.o (.text.CarState_Set)
                  00003228    0000000c     imu.o (.text.Imu_GetCorrectedGyroZDps)
                  00003234    0000000c     imu.o (.text.Imu_GetYaw)
                  00003240    0000000c     imu.o (.text.Imu_ResetYaw)
                  0000324c    0000000c     menu.o (.text.Menu_GetPage)
                  00003258    0000000c     menu.o (.text.Menu_GetParamItem)
                  00003264    0000000c     oled_ui.o (.text.OledUi_Init)
                  00003270    0000000a     driverlib.a : dl_common.o (.text.DL_Common_delayCycles)
                  0000327a    0000000a     track_sensor.o (.text.TrackSensor_IsCenterDetected)
                  00003284    0000000a     track_sensor.o (.text.TrackSensor_IsLineLost)
                  0000328e    00000002     --HOLE-- [fill = 0]
                  00003290    00000008     heading_control.o (.text.HeadingControl_GetRuntime)
                  00003298    00000008     imu.o (.text.Imu_GetRuntime)
                  000032a0    00000006     libc.a : exit.c.obj (.text:abort)
                  000032a6    00000004     libsysbm.a : hostexit.c.obj (.text.HOSTexit)
                  000032aa    00000004     startup_mspm0g350x_ticlang.o (.text.Reset_Handler)
                  000032ae    00000004     libc.a : pre_init.c.obj (.text._system_pre_init)
                  000032b2    00000006     --HOLE-- [fill = 0]

.cinit     0    00003578    00000018     
                  00003578    00000008     (.cinit..bss.load) [load image, compression = zero_init]
                  00003580    00000004     (__TI_handler_table)
                  00003584    00000008     (__TI_cinit_table)
                  0000358c    00000004     --HOLE-- [fill = 0]

.rodata    0    000032b8    000002c0     
                  000032b8    000000d8     oled.o (.rodata..Lswitch.table.OLED_PrintChar)
                  00003390    0000001c     menu.o (.rodata..Lswitch.table.Menu_ParamItemToString)
                  000033ac    00000018     car_state.o (.rodata..Lswitch.table.CarState_ToString)
                  000033c4    00000014     car_controller.o (.rodata..Lswitch.table.CarController_RunModeToString)
                  000033d8    00000009     oled_ui.o (.rodata.str1.3455423528827705371.1)
                  000033e1    00000007     oled_ui.o (.rodata.str1.8426569189266129334.1)
                  000033e8    00000006     oled_ui.o (.rodata.str1.1108652269057166745.1)
                  000033ee    00000006     oled_ui.o (.rodata.str1.1445687256832830955.1)
                  000033f4    00000006     car_state.o (.rodata.str1.1675797584173499143.1)
                  000033fa    00000006     oled_ui.o (.rodata.str1.3025253791635144717.1)
                  00003400    00000006     car_state.o (.rodata.str1.41590466491370331.1)
                  00003406    00000006     menu.o (.rodata.str1.4646809750356241979.1)
                  0000340c    00000006     oled_ui.o (.rodata.str1.5853739094453432564.1)
                  00003412    00000005     oled.o (.rodata.oled_get_glyph.colon)
                  00003417    00000005     oled.o (.rodata.oled_get_glyph.eight)
                  0000341c    00000005     oled.o (.rodata.oled_get_glyph.five)
                  00003421    00000005     oled.o (.rodata.oled_get_glyph.four)
                  00003426    00000005     oled.o (.rodata.oled_get_glyph.glyphA)
                  0000342b    00000005     oled.o (.rodata.oled_get_glyph.glyphB)
                  00003430    00000005     oled.o (.rodata.oled_get_glyph.glyphC)
                  00003435    00000005     oled.o (.rodata.oled_get_glyph.glyphD)
                  0000343a    00000005     oled.o (.rodata.oled_get_glyph.glyphE)
                  0000343f    00000005     oled.o (.rodata.oled_get_glyph.glyphG)
                  00003444    00000005     oled.o (.rodata.oled_get_glyph.glyphH)
                  00003449    00000005     oled.o (.rodata.oled_get_glyph.glyphI)
                  0000344e    00000005     oled.o (.rodata.oled_get_glyph.glyphK)
                  00003453    00000005     oled.o (.rodata.oled_get_glyph.glyphL)
                  00003458    00000005     oled.o (.rodata.oled_get_glyph.glyphM)
                  0000345d    00000005     oled.o (.rodata.oled_get_glyph.glyphN)
                  00003462    00000005     oled.o (.rodata.oled_get_glyph.glyphO)
                  00003467    00000005     oled.o (.rodata.oled_get_glyph.glyphP)
                  0000346c    00000005     oled.o (.rodata.oled_get_glyph.glyphR)
                  00003471    00000005     oled.o (.rodata.oled_get_glyph.glyphS)
                  00003476    00000005     oled.o (.rodata.oled_get_glyph.glyphT)
                  0000347b    00000005     oled.o (.rodata.oled_get_glyph.glyphU)
                  00003480    00000005     oled.o (.rodata.oled_get_glyph.glyphV)
                  00003485    00000005     oled.o (.rodata.oled_get_glyph.glyphW)
                  0000348a    00000005     oled.o (.rodata.oled_get_glyph.glyphX)
                  0000348f    00000005     oled.o (.rodata.oled_get_glyph.glyphY)
                  00003494    00000005     oled.o (.rodata.oled_get_glyph.glyphb)
                  00003499    00000005     oled.o (.rodata.oled_get_glyph.gt)
                  0000349e    00000005     oled.o (.rodata.oled_get_glyph.minus)
                  000034a3    00000005     oled.o (.rodata.oled_get_glyph.nine)
                  000034a8    00000005     oled.o (.rodata.oled_get_glyph.one)
                  000034ad    00000005     oled.o (.rodata.oled_get_glyph.seven)
                  000034b2    00000005     oled.o (.rodata.oled_get_glyph.six)
                  000034b7    00000005     oled.o (.rodata.oled_get_glyph.space)
                  000034bc    00000005     oled.o (.rodata.oled_get_glyph.three)
                  000034c1    00000005     oled.o (.rodata.oled_get_glyph.two)
                  000034c6    00000005     oled.o (.rodata.oled_get_glyph.zero)
                  000034cb    00000005     oled_ui.o (.rodata.str1.10416366799939242409.1)
                  000034d0    00000005     menu.o (.rodata.str1.12110183915172842339.1)
                  000034d5    00000005     oled_ui.o (.rodata.str1.130772507669342127.1)
                  000034da    00000005     oled_ui.o (.rodata.str1.14556837007311414654.1)
                  000034df    00000005     oled_ui.o (.rodata.str1.15008238333949226094.1)
                  000034e4    00000005     oled_ui.o (.rodata.str1.17540787658903907660.1)
                  000034e9    00000005     car_controller.o (.rodata.str1.18191498530309206443.1)
                  000034ee    00000005     oled_ui.o (.rodata.str1.18266126048138325213.1)
                  000034f3    00000005     car_controller.o (.rodata.str1.4164979912472006574.1)
                  000034f8    00000005     oled_ui.o (.rodata.str1.4581472623415959594.1)
                  000034fd    00000005     car_state.o (.rodata.str1.8223341253983108753.1)
                  00003502    00000005     car_state.o (.rodata.str1.8698975129455933903.1)
                  00003507    00000005     oled_ui.o (.rodata.str1.9544068167406571052.1)
                  0000350c    00000005     car_controller.o (.rodata.str1.9981487771679760427.1)
                  00003511    00000004     oled_ui.o (.rodata.str1.11232419324784801130.1)
                  00003515    00000004     car_controller.o (.rodata.str1.12442237994239546032.1)
                  00003519    00000004     menu.o (.rodata.str1.13124720451672825294.1)
                  0000351d    00000004     oled_ui.o (.rodata.str1.13882251010780863896.1)
                  00003521    00000004     car_state.o (.rodata.str1.13986535679874659196.1)
                  00003525    00000004     oled_ui.o (.rodata.str1.14358698208395374265.1)
                  00003529    00000004     oled_ui.o (.rodata.str1.15917848551323629232.1)
                  0000352d    00000004     menu.o (.rodata.str1.16312125044762562515.1)
                  00003531    00000004     oled_ui.o (.rodata.str1.16931641404301806744.1)
                  00003535    00000004     car_controller.o (.rodata.str1.17172356789460551389.1)
                  00003539    00000004     oled_ui.o (.rodata.str1.17274519358952562110.1)
                  0000353d    00000004     oled_ui.o (.rodata.str1.17812014771544466701.1)
                  00003541    00000004     car_state.o (.rodata.str1.3601627812925153765.1)
                  00003545    00000004     oled_ui.o (.rodata.str1.3702290527496711532.1)
                  00003549    00000004     oled_ui.o (.rodata.str1.4402311448527872260.1)
                  0000354d    00000004     menu.o (.rodata.str1.4862307748908978627.1)
                  00003551    00000004     oled_ui.o (.rodata.str1.5965450730569173784.1)
                  00003555    00000004     menu.o (.rodata.str1.6857549598058878762.1)
                  00003559    00000004     car_controller.o (.rodata.str1.9234375891235759983.1)
                  0000355d    00000004     oled_ui.o (.rodata.str1.967006512144173535.1)
                  00003561    00000003     oled_ui.o (.rodata.str1.1019225241002246410.1)
                  00003564    00000003     menu.o (.rodata.str1.14098755746347272832.1)
                  00003567    00000003     oled_ui.o (.rodata.str1.14134189893851348960.1)
                  0000356a    00000003     menu.o (.rodata.str1.17041139162815566052.1)
                  0000356d    00000003     oled_ui.o (.rodata.str1.2308938766145545715.1)
                  00003570    00000003     oled_ui.o (.rodata.str1.9159586779647977165.1)
                  00003573    00000003     oled_ui.o (.rodata.str1.9854382722193312766.1)
                  00003576    00000002     --HOLE-- [fill = 0]

.init_array 
*          0    00000000    00000000     UNINITIALIZED

.binit     0    00000000    00000000     

.bss       0    20200000    000000d4     UNINITIALIZED
                  20200000    00000048     (.common:g_appConfig)
                  20200048    00000028     (.common:g_imuRuntime)
                  20200070    00000020     (.common:g_appRuntime)
                  20200090    00000014     (.common:g_headingRuntime)
                  202000a4    00000006     key.o (.bss.g_key1)
                  202000aa    00000006     key.o (.bss.g_key2)
                  202000b0    00000006     key.o (.bss.g_key3)
                  202000b6    00000002     (.common:g_trackError)
                  202000b8    00000004     encoder.o (.bss.g_motorAPulses)
                  202000bc    00000004     encoder.o (.bss.g_motorBPulses)
                  202000c0    00000001     oled_ui.o (.bss.OledUi_Update_20ms.refreshDivider)
                  202000c1    00000001     empty.o (.bss.SysTick_Handler.controlMsCount)
                  202000c2    00000001     empty.o (.bss.SysTick_Handler.tick100usCount)
                  202000c3    00000001     empty.o (.bss.g_appUpdateDue)
                  202000c4    00000001     car_state.o (.bss.g_carState)
                  202000c5    00000001     motor.o (.bss.g_motorADutyLevel)
                  202000c6    00000001     motor.o (.bss.g_motorBDutyLevel)
                  202000c7    00000001     oled.o (.bss.g_oledColumn)
                  202000c8    00000001     menu.o (.bss.g_oledPage)
                  202000c9    00000001     menu.o (.bss.g_paramItem)
                  202000ca    00000001     key.o (.bss.g_pendingEvent)
                  202000cb    00000001     motor.o (.bss.g_pwmPhase)
                  202000cc    00000001     (.common:g_carStateDebug)
                  202000cd    00000001     (.common:g_keyEvent)
                  202000ce    00000001     (.common:g_oledPageDebug)
                  202000cf    00000001     (.common:g_paramItemDebug)
                  202000d0    00000001     (.common:g_trackBlackCount)
                  202000d1    00000001     (.common:g_trackModeDebug)
                  202000d2    00000001     (.common:g_trackRaw)
                  202000d3    00000001     (.common:g_trackTurnDebug)

.stack     0    20207e00    00000200     UNINITIALIZED
                  20207e00    00000004     libc.a : boot_cortex_m.c.obj (.stack)
                  20207e04    000001fc     --HOLE--

__llvm_prf_cnts 
*          0    20200000    00000000     UNINITIALIZED

__llvm_prf_bits 
*          0    20200000    00000000     UNINITIALIZED

MODULE SUMMARY

       Module                         code    ro data   rw data
       ------                         ----    -------   -------
    .\
       imu.o                          3304    0         40     
       oled.o                         2088    401       1      
       car_controller.o               1236    47        32     
       oled_ui.o                      1084    139       1      
       app_config.o                   652     0         72     
       menu.o                         556     61        2      
       heading_control.o              444     0         20     
       key.o                          436     0         19     
       motor.o                        356     0         3      
       track_sensor.o                 306     0         0      
       ti_msp_dl_config.o             292     0         0      
       app.o                          230     0         10     
       startup_mspm0g350x_ticlang.o   6       192       0      
       empty.o                        188     0         3      
       encoder.o                      144     0         8      
       car_state.o                    60      54        1      
    +--+------------------------------+-------+---------+---------+
       Total:                         11382   894       212    
                                                               
    C:/TI/mspm0_sdk_2_05_01_00/source/ti/driverlib/lib/ticlang/m0p/mspm0g1x0x_g3x0x/driverlib.a
       dl_common.o                    10      0         0      
    +--+------------------------------+-------+---------+---------+
       Total:                         10      0         0      
                                                               
    D:\TI\CCS\ccs\tools\compiler\ti-cgt-armllvm_4.0.4.LTS\lib\armv6m-ti-none-eabi/c/libc.a
       autoinit.c.obj                 60      0         0      
       boot_cortex_m.c.obj            40      0         0      
       copy_zero_init.c.obj           22      0         0      
       exit.c.obj                     6       0         0      
       pre_init.c.obj                 4       0         0      
    +--+------------------------------+-------+---------+---------+
       Total:                         132     0         0      
                                                               
    D:\TI\CCS\ccs\tools\compiler\ti-cgt-armllvm_4.0.4.LTS\lib\armv6m-ti-none-eabi/c/libsysbm.a
       hostexit.c.obj                 4       0         0      
    +--+------------------------------+-------+---------+---------+
       Total:                         4       0         0      
                                                               
    D:\TI\CCS\ccs\tools\compiler\ti-cgt-armllvm_4.0.4.LTS\lib\armv6m-ti-none-eabi/libclang_rt.builtins.a
       addsf3.S.obj                   216     0         0      
       udivmoddi4.S.obj               162     0         0      
       mulsf3.S.obj                   140     0         0      
       divsf3.S.obj                   130     0         0      
       comparesf2.S.obj               118     0         0      
       aeabi_fcmp.S.obj               98      0         0      
       aeabi_idivmod.S.obj            86      0         0      
       divmoddi4.c.obj                62      0         0      
       floatsisf.S.obj                60      0         0      
       muldsi3.S.obj                  58      0         0      
       fixsfsi.S.obj                  56      0         0      
       ashldi3.S.obj                  30      0         0      
       aeabi_ldivmod.S.obj            20      0         0      
       aeabi_div0.c.obj               4       0         0      
    +--+------------------------------+-------+---------+---------+
       Total:                         1240    0         0      
                                                               
       Stack:                         0       0         512    
       Linker Generated:              0       20        0      
    +--+------------------------------+-------+---------+---------+
       Grand Total:                   12768   914       724    


LINKER GENERATED COPY TABLES

__TI_cinit_table @ 00003584 records: 1, size/record: 8, table size: 8
	.bss: load addr=00003578, load size=00000008 bytes, run addr=20200000, run size=000000d4 bytes, compression=zero_init


LINKER GENERATED HANDLER TABLE

__TI_handler_table @ 00003580 records: 1, size/record: 4, table size: 4
	index: 0, handler: __TI_zero_init


GLOBAL SYMBOLS: SORTED ALPHABETICALLY BY Name 

address   name                          
-------   ----                          
000025d7  ADC0_IRQHandler               
000025d7  ADC1_IRQHandler               
000025d7  AES_IRQHandler                
00003139  AppConfig_DecreaseTargetLap   
0000314d  AppConfig_IncreaseTargetLap   
00002671  AppConfig_InitDefault         
0000129d  AppConfig_LimitAll            
00002bd9  App_Init                      
00002491  App_Update_20ms               
000032a6  C$$EXIT                       
000025d7  CANFD0_IRQHandler             
000031f9  CarController_GetRunMode      
00002e05  CarController_Init            
00002e3d  CarController_ResetRuntime    
000030c1  CarController_RunModeToString 
000004f1  CarController_Update_20ms     
00003205  CarState_Get                  
00003211  CarState_Init                 
0000321d  CarState_Set                  
000030d9  CarState_ToString             
000025d7  DAC0_IRQHandler               
00003271  DL_Common_delayCycles         
000025d7  DMA_IRQHandler                
000025d7  Default_Handler               
00002885  Encoder_HandleGpioInterrupt   
00003061  Encoder_Reset                 
000025d7  GROUP0_IRQHandler             
00003161  GROUP1_IRQHandler             
000032a7  HOSTexit                      
000025d7  HardFault_Handler             
00003175  HeadingControl_Enable         
00003291  HeadingControl_GetRuntime     
00003189  HeadingControl_Init           
000030f1  HeadingControl_LockCurrentYaw 
0000319d  HeadingControl_Reset          
00001afd  HeadingControl_Update         
000025d7  I2C0_IRQHandler               
000025d7  I2C1_IRQHandler               
00001089  Imu_CalibrateGyroBias         
00003229  Imu_GetCorrectedGyroZDps      
00003299  Imu_GetRuntime                
00003235  Imu_GetYaw                    
00000b5d  Imu_Init                      
000030a5  Imu_IsReady                   
00003241  Imu_ResetYaw                  
00001d99  Imu_Update                    
000031d9  Key_GetEvent                  
00002f85  Key_Init                      
00001989  Key_Update_20ms               
0000324d  Menu_GetPage                  
00003259  Menu_GetParamItem             
00002a85  Menu_GetParamValue            
000017f9  Menu_HandleKeyEvent           
000031b1  Menu_Init                     
00003109  Menu_ParamItemToString        
00002e75  Motor_Init                    
00002b89  Motor_PwmTick100us            
00002339  Motor_SetSpeed                
00002fb5  Motor_Stop                    
000025d7  NMI_Handler                   
00000e35  OLED_Clear                    
000020d1  OLED_Init                     
00002a27  OLED_PrintBinary7             
000021a5  OLED_PrintChar                
00001c5d  OLED_PrintInt16               
00002f51  OLED_PrintString              
00002f1d  OLED_SetCursor                
00003265  OledUi_Init                   
000000c1  OledUi_Update_20ms            
000025d7  PendSV_Handler                
000025d7  RTC_IRQHandler                
000032ab  Reset_Handler                 
000025d7  SPI0_IRQHandler               
000025d7  SPI1_IRQHandler               
000025d7  SVC_Handler                   
000023e9  SYSCFG_DL_GPIO_init           
00002c1d  SYSCFG_DL_SYSCTL_init         
000031e9  SYSCFG_DL_init                
00002fe1  SYSCFG_DL_initPower           
00002c9d  SysTick_Handler               
000025d7  TIMA0_IRQHandler              
000025d7  TIMA1_IRQHandler              
000025d7  TIMG0_IRQHandler              
000025d7  TIMG12_IRQHandler             
000025d7  TIMG6_IRQHandler              
000025d7  TIMG7_IRQHandler              
000025d7  TIMG8_IRQHandler              
0000300d  TrackSensor_CountBlack        
00002ee5  TrackSensor_DetectTurn        
0000295d  TrackSensor_GetErrorFromRaw   
0000280b  TrackSensor_Init              
0000327b  TrackSensor_IsCenterDetected  
00003285  TrackSensor_IsLineLost        
00002b35  TrackSensor_ReadRaw           
000025d7  UART0_IRQHandler              
000025d7  UART1_IRQHandler              
000025d7  UART2_IRQHandler              
000025d7  UART3_IRQHandler              
20208000  __STACK_END                   
00000200  __STACK_SIZE                  
00000000  __TI_ATRegion0_region_sz      
00000000  __TI_ATRegion0_src_addr       
00000000  __TI_ATRegion0_trg_addr       
00000000  __TI_ATRegion1_region_sz      
00000000  __TI_ATRegion1_src_addr       
00000000  __TI_ATRegion1_trg_addr       
00000000  __TI_ATRegion2_region_sz      
00000000  __TI_ATRegion2_src_addr       
00000000  __TI_ATRegion2_trg_addr       
00003584  __TI_CINIT_Base               
0000358c  __TI_CINIT_Limit              
0000358c  __TI_CINIT_Warm               
00003580  __TI_Handler_Table_Base       
00003584  __TI_Handler_Table_Limit      
00002d51  __TI_auto_init_nobinit_nopinit
ffffffff  __TI_pprof_out_hndl           
ffffffff  __TI_prof_data_size           
ffffffff  __TI_prof_data_start          
00000000  __TI_static_base__            
00003121  __TI_zero_init_nomemset       
00002003  __addsf3                      
00002ead  __aeabi_f2iz                  
00002003  __aeabi_fadd                  
000029c5  __aeabi_fcmpeq                
00002a01  __aeabi_fcmpge                
00002a15  __aeabi_fcmpgt                
000029ed  __aeabi_fcmple                
000029d9  __aeabi_fcmplt                
00002789  __aeabi_fdiv                  
000026fd  __aeabi_fmul                  
00001ff9  __aeabi_fsub                  
00002cd9  __aeabi_i2f                   
00002add  __aeabi_idiv                  
000029c3  __aeabi_idiv0                 
00002add  __aeabi_idivmod               
00002b33  __aeabi_ldiv0                 
000031c5  __aeabi_ldivmod               
00003085  __aeabi_llsl                  
00003085  __ashldi3                     
ffffffff  __binit__                     
00002d8d  __cmpsf2                      
00002c5d  __divmoddi4                   
00002789  __divsf3                      
00002d8d  __eqsf2                       
00002ead  __fixsfsi                     
00002cd9  __floatsisf                   
00002d15  __gesf2                       
00002d15  __gtsf2                       
00002d8d  __lesf2                       
00002d8d  __ltsf2                       
UNDEFED   __mpu_init                    
00002dc9  __muldsi3                     
000026fd  __mulsf3                      
00002d8d  __nesf2                       
20207e00  __stack                       
20200000  __start___llvm_prf_bits       
20200000  __start___llvm_prf_cnts       
20200000  __stop___llvm_prf_bits        
20200000  __stop___llvm_prf_cnts        
00001ff9  __subsf3                      
00002535  __udivmoddi4                  
00003039  _c_int00_noargs               
UNDEFED   _system_post_cinit            
000032af  _system_pre_init              
000032a1  abort                         
ffffffff  binit                         
20200000  g_appConfig                   
20200070  g_appRuntime                  
202000cc  g_carStateDebug               
20200090  g_headingRuntime              
20200048  g_imuRuntime                  
202000cd  g_keyEvent                    
202000ce  g_oledPageDebug               
202000cf  g_paramItemDebug              
202000d0  g_trackBlackCount             
202000b6  g_trackError                  
202000d1  g_trackModeDebug              
202000d2  g_trackRaw                    
202000d3  g_trackTurnDebug              
00000000  interruptVectors              
000028f1  main                          


GLOBAL SYMBOLS: SORTED BY Symbol Address 

address   name                          
-------   ----                          
00000000  __TI_ATRegion0_region_sz      
00000000  __TI_ATRegion0_src_addr       
00000000  __TI_ATRegion0_trg_addr       
00000000  __TI_ATRegion1_region_sz      
00000000  __TI_ATRegion1_src_addr       
00000000  __TI_ATRegion1_trg_addr       
00000000  __TI_ATRegion2_region_sz      
00000000  __TI_ATRegion2_src_addr       
00000000  __TI_ATRegion2_trg_addr       
00000000  __TI_static_base__            
00000000  interruptVectors              
000000c1  OledUi_Update_20ms            
00000200  __STACK_SIZE                  
000004f1  CarController_Update_20ms     
00000b5d  Imu_Init                      
00000e35  OLED_Clear                    
00001089  Imu_CalibrateGyroBias         
0000129d  AppConfig_LimitAll            
000017f9  Menu_HandleKeyEvent           
00001989  Key_Update_20ms               
00001afd  HeadingControl_Update         
00001c5d  OLED_PrintInt16               
00001d99  Imu_Update                    
00001ff9  __aeabi_fsub                  
00001ff9  __subsf3                      
00002003  __addsf3                      
00002003  __aeabi_fadd                  
000020d1  OLED_Init                     
000021a5  OLED_PrintChar                
00002339  Motor_SetSpeed                
000023e9  SYSCFG_DL_GPIO_init           
00002491  App_Update_20ms               
00002535  __udivmoddi4                  
000025d7  ADC0_IRQHandler               
000025d7  ADC1_IRQHandler               
000025d7  AES_IRQHandler                
000025d7  CANFD0_IRQHandler             
000025d7  DAC0_IRQHandler               
000025d7  DMA_IRQHandler                
000025d7  Default_Handler               
000025d7  GROUP0_IRQHandler             
000025d7  HardFault_Handler             
000025d7  I2C0_IRQHandler               
000025d7  I2C1_IRQHandler               
000025d7  NMI_Handler                   
000025d7  PendSV_Handler                
000025d7  RTC_IRQHandler                
000025d7  SPI0_IRQHandler               
000025d7  SPI1_IRQHandler               
000025d7  SVC_Handler                   
000025d7  TIMA0_IRQHandler              
000025d7  TIMA1_IRQHandler              
000025d7  TIMG0_IRQHandler              
000025d7  TIMG12_IRQHandler             
000025d7  TIMG6_IRQHandler              
000025d7  TIMG7_IRQHandler              
000025d7  TIMG8_IRQHandler              
000025d7  UART0_IRQHandler              
000025d7  UART1_IRQHandler              
000025d7  UART2_IRQHandler              
000025d7  UART3_IRQHandler              
00002671  AppConfig_InitDefault         
000026fd  __aeabi_fmul                  
000026fd  __mulsf3                      
00002789  __aeabi_fdiv                  
00002789  __divsf3                      
0000280b  TrackSensor_Init              
00002885  Encoder_HandleGpioInterrupt   
000028f1  main                          
0000295d  TrackSensor_GetErrorFromRaw   
000029c3  __aeabi_idiv0                 
000029c5  __aeabi_fcmpeq                
000029d9  __aeabi_fcmplt                
000029ed  __aeabi_fcmple                
00002a01  __aeabi_fcmpge                
00002a15  __aeabi_fcmpgt                
00002a27  OLED_PrintBinary7             
00002a85  Menu_GetParamValue            
00002add  __aeabi_idiv                  
00002add  __aeabi_idivmod               
00002b33  __aeabi_ldiv0                 
00002b35  TrackSensor_ReadRaw           
00002b89  Motor_PwmTick100us            
00002bd9  App_Init                      
00002c1d  SYSCFG_DL_SYSCTL_init         
00002c5d  __divmoddi4                   
00002c9d  SysTick_Handler               
00002cd9  __aeabi_i2f                   
00002cd9  __floatsisf                   
00002d15  __gesf2                       
00002d15  __gtsf2                       
00002d51  __TI_auto_init_nobinit_nopinit
00002d8d  __cmpsf2                      
00002d8d  __eqsf2                       
00002d8d  __lesf2                       
00002d8d  __ltsf2                       
00002d8d  __nesf2                       
00002dc9  __muldsi3                     
00002e05  CarController_Init            
00002e3d  CarController_ResetRuntime    
00002e75  Motor_Init                    
00002ead  __aeabi_f2iz                  
00002ead  __fixsfsi                     
00002ee5  TrackSensor_DetectTurn        
00002f1d  OLED_SetCursor                
00002f51  OLED_PrintString              
00002f85  Key_Init                      
00002fb5  Motor_Stop                    
00002fe1  SYSCFG_DL_initPower           
0000300d  TrackSensor_CountBlack        
00003039  _c_int00_noargs               
00003061  Encoder_Reset                 
00003085  __aeabi_llsl                  
00003085  __ashldi3                     
000030a5  Imu_IsReady                   
000030c1  CarController_RunModeToString 
000030d9  CarState_ToString             
000030f1  HeadingControl_LockCurrentYaw 
00003109  Menu_ParamItemToString        
00003121  __TI_zero_init_nomemset       
00003139  AppConfig_DecreaseTargetLap   
0000314d  AppConfig_IncreaseTargetLap   
00003161  GROUP1_IRQHandler             
00003175  HeadingControl_Enable         
00003189  HeadingControl_Init           
0000319d  HeadingControl_Reset          
000031b1  Menu_Init                     
000031c5  __aeabi_ldivmod               
000031d9  Key_GetEvent                  
000031e9  SYSCFG_DL_init                
000031f9  CarController_GetRunMode      
00003205  CarState_Get                  
00003211  CarState_Init                 
0000321d  CarState_Set                  
00003229  Imu_GetCorrectedGyroZDps      
00003235  Imu_GetYaw                    
00003241  Imu_ResetYaw                  
0000324d  Menu_GetPage                  
00003259  Menu_GetParamItem             
00003265  OledUi_Init                   
00003271  DL_Common_delayCycles         
0000327b  TrackSensor_IsCenterDetected  
00003285  TrackSensor_IsLineLost        
00003291  HeadingControl_GetRuntime     
00003299  Imu_GetRuntime                
000032a1  abort                         
000032a6  C$$EXIT                       
000032a7  HOSTexit                      
000032ab  Reset_Handler                 
000032af  _system_pre_init              
00003580  __TI_Handler_Table_Base       
00003584  __TI_CINIT_Base               
00003584  __TI_Handler_Table_Limit      
0000358c  __TI_CINIT_Limit              
0000358c  __TI_CINIT_Warm               
20200000  __start___llvm_prf_bits       
20200000  __start___llvm_prf_cnts       
20200000  __stop___llvm_prf_bits        
20200000  __stop___llvm_prf_cnts        
20200000  g_appConfig                   
20200048  g_imuRuntime                  
20200070  g_appRuntime                  
20200090  g_headingRuntime              
202000b6  g_trackError                  
202000cc  g_carStateDebug               
202000cd  g_keyEvent                    
202000ce  g_oledPageDebug               
202000cf  g_paramItemDebug              
202000d0  g_trackBlackCount             
202000d1  g_trackModeDebug              
202000d2  g_trackRaw                    
202000d3  g_trackTurnDebug              
20207e00  __stack                       
20208000  __STACK_END                   
ffffffff  __TI_pprof_out_hndl           
ffffffff  __TI_prof_data_size           
ffffffff  __TI_prof_data_start          
ffffffff  __binit__                     
ffffffff  binit                         
UNDEFED   __mpu_init                    
UNDEFED   _system_post_cinit            

[181 symbols]
