<?xml version="1.0" encoding="ISO-8859-1" ?>
<link_info>
   <banner>TI ARM Clang Linker PC v4.0.4.LTS</banner>
   <copyright>Copyright (c) 1996-2018 Texas Instruments Incorporated</copyright>
   <command_line>D:\TI\CCS\ccs\tools\compiler\ti-cgt-armllvm_4.0.4.LTS\bin\tiarmlnk -ID:\TI\CCS\ccs\tools\compiler\ti-cgt-armllvm_4.0.4.LTS\lib -o diansaikaishi.out -mdiansaikaishi.map -iC:/TI/mspm0_sdk_2_05_01_00/source -iD:/selfthings/github_project/work_ti/79/diansaikaishi -iD:/selfthings/github_project/work_ti/79/diansaikaishi/Debug/syscfg -iD:/TI/CCS/ccs/tools/compiler/ti-cgt-armllvm_4.0.4.LTS/lib --diag_wrap=off --display_error_number --warn_sections --xml_link_info=diansaikaishi_linkInfo.xml --rom_model ./angle_utils.o ./app.o ./app_config.o ./balance_calibration_store.o ./balance_encoder.o ./balance_position_control.o ./balance_soft_limits.o ./bluetooth_uart.o ./car_controller.o ./car_state.o ./debug_telemetry.o ./emergency_stop.o ./empty.o ./ti_msp_dl_config.o ./startup_mspm0g350x_ticlang.o ./encoder.o ./fault.o ./gimbal.o ./gimbal_stepper.o ./gimbal_tracker.o ./gimbal_vision_adapter.o ./gimbal_vision_pitch_tracker.o ./gimbal_vision_yaw_tracker.o ./heading_control.o ./imu.o ./key.o ./line_controller.o ./magnet.o ./menu.o ./mission_library.o ./mission_manager.o ./motion_action.o ./motor.o ./motor_control.o ./obstacle_avoidance.o ./obstacle_monitor.o ./obstacle_safety.o ./obstacle_scanner.o ./oled.o ./oled_ui.o ./pid.o ./runtime_snapshot.o ./servo.o ./track_sensor.o ./ultrasonic.o ./vision_pitch_tuning.o ./vision_protocol.o ./vision_receiver.o ./vision_tuning_console.o ./vision_uart.o ./vision_yaw_tuning.o ./watchdog_monitor.o ./wheel_speed_estimator.o -l./device_linker.cmd -ldevice.cmd.genlibs -llibc.a --start-group -llibc++.a -llibc++abi.a -llibc.a -llibsys.a -llibsysbm.a -llibclang_rt.builtins.a -llibclang_rt.profile.a --end-group --cg_opt_level=2</command_line>
   <link_time>0x6a6b8ed7</link_time>
   <link_errors>0x0</link_errors>
   <output_file>D:\selfthings\github_project\work_ti\79\diansaikaishi\Debug\diansaikaishi.out</output_file>
   <entry_point>
      <name>_c_int00_noargs</name>
      <address>0xfe5d</address>
   </entry_point>
   <input_file_list>
      <input_file id="fl-1">
         <path>D:\selfthings\github_project\work_ti\79\diansaikaishi\Debug\.\</path>
         <kind>object</kind>
         <file>angle_utils.o</file>
         <name>angle_utils.o</name>
      </input_file>
      <input_file id="fl-2">
         <path>D:\selfthings\github_project\work_ti\79\diansaikaishi\Debug\.\</path>
         <kind>object</kind>
         <file>app.o</file>
         <name>app.o</name>
      </input_file>
      <input_file id="fl-3">
         <path>D:\selfthings\github_project\work_ti\79\diansaikaishi\Debug\.\</path>
         <kind>object</kind>
         <file>app_config.o</file>
         <name>app_config.o</name>
      </input_file>
      <input_file id="fl-4">
         <path>D:\selfthings\github_project\work_ti\79\diansaikaishi\Debug\.\</path>
         <kind>object</kind>
         <file>balance_calibration_store.o</file>
         <name>balance_calibration_store.o</name>
      </input_file>
      <input_file id="fl-5">
         <path>D:\selfthings\github_project\work_ti\79\diansaikaishi\Debug\.\</path>
         <kind>object</kind>
         <file>balance_encoder.o</file>
         <name>balance_encoder.o</name>
      </input_file>
      <input_file id="fl-6">
         <path>D:\selfthings\github_project\work_ti\79\diansaikaishi\Debug\.\</path>
         <kind>object</kind>
         <file>balance_position_control.o</file>
         <name>balance_position_control.o</name>
      </input_file>
      <input_file id="fl-7">
         <path>D:\selfthings\github_project\work_ti\79\diansaikaishi\Debug\.\</path>
         <kind>object</kind>
         <file>balance_soft_limits.o</file>
         <name>balance_soft_limits.o</name>
      </input_file>
      <input_file id="fl-8">
         <path>D:\selfthings\github_project\work_ti\79\diansaikaishi\Debug\.\</path>
         <kind>object</kind>
         <file>bluetooth_uart.o</file>
         <name>bluetooth_uart.o</name>
      </input_file>
      <input_file id="fl-9">
         <path>D:\selfthings\github_project\work_ti\79\diansaikaishi\Debug\.\</path>
         <kind>object</kind>
         <file>car_controller.o</file>
         <name>car_controller.o</name>
      </input_file>
      <input_file id="fl-a">
         <path>D:\selfthings\github_project\work_ti\79\diansaikaishi\Debug\.\</path>
         <kind>object</kind>
         <file>car_state.o</file>
         <name>car_state.o</name>
      </input_file>
      <input_file id="fl-b">
         <path>D:\selfthings\github_project\work_ti\79\diansaikaishi\Debug\.\</path>
         <kind>object</kind>
         <file>debug_telemetry.o</file>
         <name>debug_telemetry.o</name>
      </input_file>
      <input_file id="fl-c">
         <path>D:\selfthings\github_project\work_ti\79\diansaikaishi\Debug\.\</path>
         <kind>object</kind>
         <file>emergency_stop.o</file>
         <name>emergency_stop.o</name>
      </input_file>
      <input_file id="fl-d">
         <path>D:\selfthings\github_project\work_ti\79\diansaikaishi\Debug\.\</path>
         <kind>object</kind>
         <file>empty.o</file>
         <name>empty.o</name>
      </input_file>
      <input_file id="fl-e">
         <path>D:\selfthings\github_project\work_ti\79\diansaikaishi\Debug\.\</path>
         <kind>object</kind>
         <file>ti_msp_dl_config.o</file>
         <name>ti_msp_dl_config.o</name>
      </input_file>
      <input_file id="fl-f">
         <path>D:\selfthings\github_project\work_ti\79\diansaikaishi\Debug\.\</path>
         <kind>object</kind>
         <file>startup_mspm0g350x_ticlang.o</file>
         <name>startup_mspm0g350x_ticlang.o</name>
      </input_file>
      <input_file id="fl-10">
         <path>D:\selfthings\github_project\work_ti\79\diansaikaishi\Debug\.\</path>
         <kind>object</kind>
         <file>encoder.o</file>
         <name>encoder.o</name>
      </input_file>
      <input_file id="fl-11">
         <path>D:\selfthings\github_project\work_ti\79\diansaikaishi\Debug\.\</path>
         <kind>object</kind>
         <file>fault.o</file>
         <name>fault.o</name>
      </input_file>
      <input_file id="fl-12">
         <path>D:\selfthings\github_project\work_ti\79\diansaikaishi\Debug\.\</path>
         <kind>object</kind>
         <file>gimbal.o</file>
         <name>gimbal.o</name>
      </input_file>
      <input_file id="fl-13">
         <path>D:\selfthings\github_project\work_ti\79\diansaikaishi\Debug\.\</path>
         <kind>object</kind>
         <file>gimbal_stepper.o</file>
         <name>gimbal_stepper.o</name>
      </input_file>
      <input_file id="fl-14">
         <path>D:\selfthings\github_project\work_ti\79\diansaikaishi\Debug\.\</path>
         <kind>object</kind>
         <file>gimbal_tracker.o</file>
         <name>gimbal_tracker.o</name>
      </input_file>
      <input_file id="fl-15">
         <path>D:\selfthings\github_project\work_ti\79\diansaikaishi\Debug\.\</path>
         <kind>object</kind>
         <file>gimbal_vision_adapter.o</file>
         <name>gimbal_vision_adapter.o</name>
      </input_file>
      <input_file id="fl-16">
         <path>D:\selfthings\github_project\work_ti\79\diansaikaishi\Debug\.\</path>
         <kind>object</kind>
         <file>gimbal_vision_pitch_tracker.o</file>
         <name>gimbal_vision_pitch_tracker.o</name>
      </input_file>
      <input_file id="fl-17">
         <path>D:\selfthings\github_project\work_ti\79\diansaikaishi\Debug\.\</path>
         <kind>object</kind>
         <file>gimbal_vision_yaw_tracker.o</file>
         <name>gimbal_vision_yaw_tracker.o</name>
      </input_file>
      <input_file id="fl-18">
         <path>D:\selfthings\github_project\work_ti\79\diansaikaishi\Debug\.\</path>
         <kind>object</kind>
         <file>heading_control.o</file>
         <name>heading_control.o</name>
      </input_file>
      <input_file id="fl-19">
         <path>D:\selfthings\github_project\work_ti\79\diansaikaishi\Debug\.\</path>
         <kind>object</kind>
         <file>imu.o</file>
         <name>imu.o</name>
      </input_file>
      <input_file id="fl-1a">
         <path>D:\selfthings\github_project\work_ti\79\diansaikaishi\Debug\.\</path>
         <kind>object</kind>
         <file>key.o</file>
         <name>key.o</name>
      </input_file>
      <input_file id="fl-1b">
         <path>D:\selfthings\github_project\work_ti\79\diansaikaishi\Debug\.\</path>
         <kind>object</kind>
         <file>line_controller.o</file>
         <name>line_controller.o</name>
      </input_file>
      <input_file id="fl-1c">
         <path>D:\selfthings\github_project\work_ti\79\diansaikaishi\Debug\.\</path>
         <kind>object</kind>
         <file>magnet.o</file>
         <name>magnet.o</name>
      </input_file>
      <input_file id="fl-1d">
         <path>D:\selfthings\github_project\work_ti\79\diansaikaishi\Debug\.\</path>
         <kind>object</kind>
         <file>menu.o</file>
         <name>menu.o</name>
      </input_file>
      <input_file id="fl-1e">
         <path>D:\selfthings\github_project\work_ti\79\diansaikaishi\Debug\.\</path>
         <kind>object</kind>
         <file>mission_library.o</file>
         <name>mission_library.o</name>
      </input_file>
      <input_file id="fl-1f">
         <path>D:\selfthings\github_project\work_ti\79\diansaikaishi\Debug\.\</path>
         <kind>object</kind>
         <file>mission_manager.o</file>
         <name>mission_manager.o</name>
      </input_file>
      <input_file id="fl-20">
         <path>D:\selfthings\github_project\work_ti\79\diansaikaishi\Debug\.\</path>
         <kind>object</kind>
         <file>motion_action.o</file>
         <name>motion_action.o</name>
      </input_file>
      <input_file id="fl-21">
         <path>D:\selfthings\github_project\work_ti\79\diansaikaishi\Debug\.\</path>
         <kind>object</kind>
         <file>motor.o</file>
         <name>motor.o</name>
      </input_file>
      <input_file id="fl-22">
         <path>D:\selfthings\github_project\work_ti\79\diansaikaishi\Debug\.\</path>
         <kind>object</kind>
         <file>motor_control.o</file>
         <name>motor_control.o</name>
      </input_file>
      <input_file id="fl-23">
         <path>D:\selfthings\github_project\work_ti\79\diansaikaishi\Debug\.\</path>
         <kind>object</kind>
         <file>obstacle_avoidance.o</file>
         <name>obstacle_avoidance.o</name>
      </input_file>
      <input_file id="fl-24">
         <path>D:\selfthings\github_project\work_ti\79\diansaikaishi\Debug\.\</path>
         <kind>object</kind>
         <file>obstacle_monitor.o</file>
         <name>obstacle_monitor.o</name>
      </input_file>
      <input_file id="fl-25">
         <path>D:\selfthings\github_project\work_ti\79\diansaikaishi\Debug\.\</path>
         <kind>object</kind>
         <file>obstacle_safety.o</file>
         <name>obstacle_safety.o</name>
      </input_file>
      <input_file id="fl-26">
         <path>D:\selfthings\github_project\work_ti\79\diansaikaishi\Debug\.\</path>
         <kind>object</kind>
         <file>obstacle_scanner.o</file>
         <name>obstacle_scanner.o</name>
      </input_file>
      <input_file id="fl-27">
         <path>D:\selfthings\github_project\work_ti\79\diansaikaishi\Debug\.\</path>
         <kind>object</kind>
         <file>oled.o</file>
         <name>oled.o</name>
      </input_file>
      <input_file id="fl-28">
         <path>D:\selfthings\github_project\work_ti\79\diansaikaishi\Debug\.\</path>
         <kind>object</kind>
         <file>oled_ui.o</file>
         <name>oled_ui.o</name>
      </input_file>
      <input_file id="fl-29">
         <path>D:\selfthings\github_project\work_ti\79\diansaikaishi\Debug\.\</path>
         <kind>object</kind>
         <file>pid.o</file>
         <name>pid.o</name>
      </input_file>
      <input_file id="fl-2a">
         <path>D:\selfthings\github_project\work_ti\79\diansaikaishi\Debug\.\</path>
         <kind>object</kind>
         <file>runtime_snapshot.o</file>
         <name>runtime_snapshot.o</name>
      </input_file>
      <input_file id="fl-2b">
         <path>D:\selfthings\github_project\work_ti\79\diansaikaishi\Debug\.\</path>
         <kind>object</kind>
         <file>servo.o</file>
         <name>servo.o</name>
      </input_file>
      <input_file id="fl-2c">
         <path>D:\selfthings\github_project\work_ti\79\diansaikaishi\Debug\.\</path>
         <kind>object</kind>
         <file>track_sensor.o</file>
         <name>track_sensor.o</name>
      </input_file>
      <input_file id="fl-2d">
         <path>D:\selfthings\github_project\work_ti\79\diansaikaishi\Debug\.\</path>
         <kind>object</kind>
         <file>ultrasonic.o</file>
         <name>ultrasonic.o</name>
      </input_file>
      <input_file id="fl-2e">
         <path>D:\selfthings\github_project\work_ti\79\diansaikaishi\Debug\.\</path>
         <kind>object</kind>
         <file>vision_pitch_tuning.o</file>
         <name>vision_pitch_tuning.o</name>
      </input_file>
      <input_file id="fl-2f">
         <path>D:\selfthings\github_project\work_ti\79\diansaikaishi\Debug\.\</path>
         <kind>object</kind>
         <file>vision_protocol.o</file>
         <name>vision_protocol.o</name>
      </input_file>
      <input_file id="fl-30">
         <path>D:\selfthings\github_project\work_ti\79\diansaikaishi\Debug\.\</path>
         <kind>object</kind>
         <file>vision_receiver.o</file>
         <name>vision_receiver.o</name>
      </input_file>
      <input_file id="fl-31">
         <path>D:\selfthings\github_project\work_ti\79\diansaikaishi\Debug\.\</path>
         <kind>object</kind>
         <file>vision_tuning_console.o</file>
         <name>vision_tuning_console.o</name>
      </input_file>
      <input_file id="fl-32">
         <path>D:\selfthings\github_project\work_ti\79\diansaikaishi\Debug\.\</path>
         <kind>object</kind>
         <file>vision_uart.o</file>
         <name>vision_uart.o</name>
      </input_file>
      <input_file id="fl-33">
         <path>D:\selfthings\github_project\work_ti\79\diansaikaishi\Debug\.\</path>
         <kind>object</kind>
         <file>vision_yaw_tuning.o</file>
         <name>vision_yaw_tuning.o</name>
      </input_file>
      <input_file id="fl-34">
         <path>D:\selfthings\github_project\work_ti\79\diansaikaishi\Debug\.\</path>
         <kind>object</kind>
         <file>watchdog_monitor.o</file>
         <name>watchdog_monitor.o</name>
      </input_file>
      <input_file id="fl-35">
         <path>D:\selfthings\github_project\work_ti\79\diansaikaishi\Debug\.\</path>
         <kind>object</kind>
         <file>wheel_speed_estimator.o</file>
         <name>wheel_speed_estimator.o</name>
      </input_file>
      <input_file id="fl-42">
         <path>D:\selfthings\github_project\work_ti\79\diansaikaishi\Debug\</path>
         <kind>object</kind>
         <file>&lt;internal&gt;</file>
         <name>&lt;internal&gt;</name>
      </input_file>
      <input_file id="fl-43">
         <path>C:\TI\mspm0_sdk_2_05_01_00\source\ti\driverlib\lib\ticlang\m0p\mspm0g1x0x_g3x0x\</path>
         <kind>archive</kind>
         <file>driverlib.a</file>
         <name>dl_common.o</name>
      </input_file>
      <input_file id="fl-44">
         <path>C:\TI\mspm0_sdk_2_05_01_00\source\ti\driverlib\lib\ticlang\m0p\mspm0g1x0x_g3x0x\</path>
         <kind>archive</kind>
         <file>driverlib.a</file>
         <name>dl_flashctl.o</name>
      </input_file>
      <input_file id="fl-45">
         <path>C:\TI\mspm0_sdk_2_05_01_00\source\ti\driverlib\lib\ticlang\m0p\mspm0g1x0x_g3x0x\</path>
         <kind>archive</kind>
         <file>driverlib.a</file>
         <name>dl_timer.o</name>
      </input_file>
      <input_file id="fl-46">
         <path>C:\TI\mspm0_sdk_2_05_01_00\source\ti\driverlib\lib\ticlang\m0p\mspm0g1x0x_g3x0x\</path>
         <kind>archive</kind>
         <file>driverlib.a</file>
         <name>dl_uart.o</name>
      </input_file>
      <input_file id="fl-5d">
         <path>D:\TI\CCS\ccs\tools\compiler\ti-cgt-armllvm_4.0.4.LTS\lib\armv6m-ti-none-eabi\c\</path>
         <kind>archive</kind>
         <file>libc.a</file>
         <name>strcmp-armv6m.S.obj</name>
      </input_file>
      <input_file id="fl-5e">
         <path>D:\TI\CCS\ccs\tools\compiler\ti-cgt-armllvm_4.0.4.LTS\lib\armv6m-ti-none-eabi\c\</path>
         <kind>archive</kind>
         <file>libc.a</file>
         <name>boot_cortex_m.c.obj</name>
      </input_file>
      <input_file id="fl-5f">
         <path>D:\TI\CCS\ccs\tools\compiler\ti-cgt-armllvm_4.0.4.LTS\lib\armv6m-ti-none-eabi\c\</path>
         <kind>archive</kind>
         <file>libc.a</file>
         <name>mathacl_init.c.obj</name>
      </input_file>
      <input_file id="fl-60">
         <path>D:\TI\CCS\ccs\tools\compiler\ti-cgt-armllvm_4.0.4.LTS\lib\armv6m-ti-none-eabi\c\</path>
         <kind>archive</kind>
         <file>libc.a</file>
         <name>autoinit.c.obj</name>
      </input_file>
      <input_file id="fl-61">
         <path>D:\TI\CCS\ccs\tools\compiler\ti-cgt-armllvm_4.0.4.LTS\lib\armv6m-ti-none-eabi\c\</path>
         <kind>archive</kind>
         <file>libc.a</file>
         <name>pre_init.c.obj</name>
      </input_file>
      <input_file id="fl-62">
         <path>D:\TI\CCS\ccs\tools\compiler\ti-cgt-armllvm_4.0.4.LTS\lib\armv6m-ti-none-eabi\c\</path>
         <kind>archive</kind>
         <file>libc.a</file>
         <name>cpy_tbl.c.obj</name>
      </input_file>
      <input_file id="fl-63">
         <path>D:\TI\CCS\ccs\tools\compiler\ti-cgt-armllvm_4.0.4.LTS\lib\armv6m-ti-none-eabi\c\</path>
         <kind>archive</kind>
         <file>libc.a</file>
         <name>copy_zero_init.c.obj</name>
      </input_file>
      <input_file id="fl-64">
         <path>D:\TI\CCS\ccs\tools\compiler\ti-cgt-armllvm_4.0.4.LTS\lib\armv6m-ti-none-eabi\c\</path>
         <kind>archive</kind>
         <file>libc.a</file>
         <name>copy_decompress_none.c.obj</name>
      </input_file>
      <input_file id="fl-65">
         <path>D:\TI\CCS\ccs\tools\compiler\ti-cgt-armllvm_4.0.4.LTS\lib\armv6m-ti-none-eabi\c\</path>
         <kind>archive</kind>
         <file>libc.a</file>
         <name>copy_decompress_lzss.c.obj</name>
      </input_file>
      <input_file id="fl-66">
         <path>D:\TI\CCS\ccs\tools\compiler\ti-cgt-armllvm_4.0.4.LTS\lib\armv6m-ti-none-eabi\c\</path>
         <kind>archive</kind>
         <file>libc.a</file>
         <name>exit.c.obj</name>
      </input_file>
      <input_file id="fl-67">
         <path>D:\TI\CCS\ccs\tools\compiler\ti-cgt-armllvm_4.0.4.LTS\lib\armv6m-ti-none-eabi\c\</path>
         <kind>archive</kind>
         <file>libc.a</file>
         <name>_lock.c.obj</name>
      </input_file>
      <input_file id="fl-68">
         <path>D:\TI\CCS\ccs\tools\compiler\ti-cgt-armllvm_4.0.4.LTS\lib\armv6m-ti-none-eabi\c\</path>
         <kind>archive</kind>
         <file>libc.a</file>
         <name>args_main.c.obj</name>
      </input_file>
      <input_file id="fl-108">
         <path>D:\TI\CCS\ccs\tools\compiler\ti-cgt-armllvm_4.0.4.LTS\lib\armv6m-ti-none-eabi\c\</path>
         <kind>archive</kind>
         <file>libsysbm.a</file>
         <name>hostexit.c.obj</name>
      </input_file>
      <input_file id="fl-109">
         <path>D:\TI\CCS\ccs\tools\compiler\ti-cgt-armllvm_4.0.4.LTS\lib\armv6m-ti-none-eabi\</path>
         <kind>archive</kind>
         <file>libclang_rt.builtins.a</file>
         <name>comparesf2.S.obj</name>
      </input_file>
      <input_file id="fl-10a">
         <path>D:\TI\CCS\ccs\tools\compiler\ti-cgt-armllvm_4.0.4.LTS\lib\armv6m-ti-none-eabi\</path>
         <kind>archive</kind>
         <file>libclang_rt.builtins.a</file>
         <name>addsf3.S.obj</name>
      </input_file>
      <input_file id="fl-10b">
         <path>D:\TI\CCS\ccs\tools\compiler\ti-cgt-armllvm_4.0.4.LTS\lib\armv6m-ti-none-eabi\</path>
         <kind>archive</kind>
         <file>libclang_rt.builtins.a</file>
         <name>mulsf3.S.obj</name>
      </input_file>
      <input_file id="fl-10c">
         <path>D:\TI\CCS\ccs\tools\compiler\ti-cgt-armllvm_4.0.4.LTS\lib\armv6m-ti-none-eabi\</path>
         <kind>archive</kind>
         <file>libclang_rt.builtins.a</file>
         <name>divsf3.S.obj</name>
      </input_file>
      <input_file id="fl-10d">
         <path>D:\TI\CCS\ccs\tools\compiler\ti-cgt-armllvm_4.0.4.LTS\lib\armv6m-ti-none-eabi\</path>
         <kind>archive</kind>
         <file>libclang_rt.builtins.a</file>
         <name>fixsfdi.S.obj</name>
      </input_file>
      <input_file id="fl-10e">
         <path>D:\TI\CCS\ccs\tools\compiler\ti-cgt-armllvm_4.0.4.LTS\lib\armv6m-ti-none-eabi\</path>
         <kind>archive</kind>
         <file>libclang_rt.builtins.a</file>
         <name>fixsfsi.S.obj</name>
      </input_file>
      <input_file id="fl-10f">
         <path>D:\TI\CCS\ccs\tools\compiler\ti-cgt-armllvm_4.0.4.LTS\lib\armv6m-ti-none-eabi\</path>
         <kind>archive</kind>
         <file>libclang_rt.builtins.a</file>
         <name>floatdisf.S.obj</name>
      </input_file>
      <input_file id="fl-110">
         <path>D:\TI\CCS\ccs\tools\compiler\ti-cgt-armllvm_4.0.4.LTS\lib\armv6m-ti-none-eabi\</path>
         <kind>archive</kind>
         <file>libclang_rt.builtins.a</file>
         <name>floatsisf.S.obj</name>
      </input_file>
      <input_file id="fl-111">
         <path>D:\TI\CCS\ccs\tools\compiler\ti-cgt-armllvm_4.0.4.LTS\lib\armv6m-ti-none-eabi\</path>
         <kind>archive</kind>
         <file>libclang_rt.builtins.a</file>
         <name>floatunsisf.S.obj</name>
      </input_file>
      <input_file id="fl-112">
         <path>D:\TI\CCS\ccs\tools\compiler\ti-cgt-armllvm_4.0.4.LTS\lib\armv6m-ti-none-eabi\</path>
         <kind>archive</kind>
         <file>libclang_rt.builtins.a</file>
         <name>muldi3.S.obj</name>
      </input_file>
      <input_file id="fl-113">
         <path>D:\TI\CCS\ccs\tools\compiler\ti-cgt-armllvm_4.0.4.LTS\lib\armv6m-ti-none-eabi\</path>
         <kind>archive</kind>
         <file>libclang_rt.builtins.a</file>
         <name>aeabi_fcmp.S.obj</name>
      </input_file>
      <input_file id="fl-114">
         <path>D:\TI\CCS\ccs\tools\compiler\ti-cgt-armllvm_4.0.4.LTS\lib\armv6m-ti-none-eabi\</path>
         <kind>archive</kind>
         <file>libclang_rt.builtins.a</file>
         <name>aeabi_idivmod.S.obj</name>
      </input_file>
      <input_file id="fl-115">
         <path>D:\TI\CCS\ccs\tools\compiler\ti-cgt-armllvm_4.0.4.LTS\lib\armv6m-ti-none-eabi\</path>
         <kind>archive</kind>
         <file>libclang_rt.builtins.a</file>
         <name>aeabi_ldivmod.S.obj</name>
      </input_file>
      <input_file id="fl-116">
         <path>D:\TI\CCS\ccs\tools\compiler\ti-cgt-armllvm_4.0.4.LTS\lib\armv6m-ti-none-eabi\</path>
         <kind>archive</kind>
         <file>libclang_rt.builtins.a</file>
         <name>aeabi_memcpy.S.obj</name>
      </input_file>
      <input_file id="fl-117">
         <path>D:\TI\CCS\ccs\tools\compiler\ti-cgt-armllvm_4.0.4.LTS\lib\armv6m-ti-none-eabi\</path>
         <kind>archive</kind>
         <file>libclang_rt.builtins.a</file>
         <name>aeabi_memmove.S.obj</name>
      </input_file>
      <input_file id="fl-118">
         <path>D:\TI\CCS\ccs\tools\compiler\ti-cgt-armllvm_4.0.4.LTS\lib\armv6m-ti-none-eabi\</path>
         <kind>archive</kind>
         <file>libclang_rt.builtins.a</file>
         <name>aeabi_memset.S.obj</name>
      </input_file>
      <input_file id="fl-119">
         <path>D:\TI\CCS\ccs\tools\compiler\ti-cgt-armllvm_4.0.4.LTS\lib\armv6m-ti-none-eabi\</path>
         <kind>archive</kind>
         <file>libclang_rt.builtins.a</file>
         <name>aeabi_uidivmod.S.obj</name>
      </input_file>
      <input_file id="fl-11a">
         <path>D:\TI\CCS\ccs\tools\compiler\ti-cgt-armllvm_4.0.4.LTS\lib\armv6m-ti-none-eabi\</path>
         <kind>archive</kind>
         <file>libclang_rt.builtins.a</file>
         <name>aeabi_uldivmod.S.obj</name>
      </input_file>
      <input_file id="fl-11b">
         <path>D:\TI\CCS\ccs\tools\compiler\ti-cgt-armllvm_4.0.4.LTS\lib\armv6m-ti-none-eabi\</path>
         <kind>archive</kind>
         <file>libclang_rt.builtins.a</file>
         <name>udivmoddi4.S.obj</name>
      </input_file>
      <input_file id="fl-11c">
         <path>D:\TI\CCS\ccs\tools\compiler\ti-cgt-armllvm_4.0.4.LTS\lib\armv6m-ti-none-eabi\</path>
         <kind>archive</kind>
         <file>libclang_rt.builtins.a</file>
         <name>muldsi3.S.obj</name>
      </input_file>
      <input_file id="fl-11d">
         <path>D:\TI\CCS\ccs\tools\compiler\ti-cgt-armllvm_4.0.4.LTS\lib\armv6m-ti-none-eabi\</path>
         <kind>archive</kind>
         <file>libclang_rt.builtins.a</file>
         <name>ashldi3.S.obj</name>
      </input_file>
      <input_file id="fl-11e">
         <path>D:\TI\CCS\ccs\tools\compiler\ti-cgt-armllvm_4.0.4.LTS\lib\armv6m-ti-none-eabi\</path>
         <kind>archive</kind>
         <file>libclang_rt.builtins.a</file>
         <name>divmoddi4.c.obj</name>
      </input_file>
      <input_file id="fl-11f">
         <path>D:\TI\CCS\ccs\tools\compiler\ti-cgt-armllvm_4.0.4.LTS\lib\armv6m-ti-none-eabi\</path>
         <kind>archive</kind>
         <file>libclang_rt.builtins.a</file>
         <name>aeabi_div0.c.obj</name>
      </input_file>
      <input_file id="fl-120">
         <path>D:\TI\CCS\ccs\tools\compiler\ti-cgt-armllvm_4.0.4.LTS\lib\armv6m-ti-none-eabi\c\</path>
         <kind>archive</kind>
         <file>libc.a</file>
         <name>memcpy16.S.obj</name>
      </input_file>
      <input_file id="fl-121">
         <path>D:\TI\CCS\ccs\tools\compiler\ti-cgt-armllvm_4.0.4.LTS\lib\armv6m-ti-none-eabi\c\</path>
         <kind>archive</kind>
         <file>libc.a</file>
         <name>memset16.S.obj</name>
      </input_file>
      <input_file id="fl-122">
         <path>D:\TI\CCS\ccs\tools\compiler\ti-cgt-armllvm_4.0.4.LTS\lib\armv6m-ti-none-eabi\c\</path>
         <kind>archive</kind>
         <file>libc.a</file>
         <name>memmov.c.obj</name>
      </input_file>
   </input_file_list>
   <object_component_list>
      <object_component id="oc-1a">
         <name>.intvecs</name>
         <load_address>0x0</load_address>
         <readonly>true</readonly>
         <run_address>0x0</run_address>
         <size>0xc0</size>
         <alignment>0x4</alignment>
         <input_file_ref idref="fl-f"/>
      </object_component>
      <object_component id="oc-348">
         <name>.text.print_balance_stepper_test_page</name>
         <load_address>0xc0</load_address>
         <readonly>true</readonly>
         <executable>true</executable>
         <run_address>0xc0</run_address>
         <size>0x171c</size>
         <alignment>0x4</alignment>
         <input_file_ref idref="fl-28"/>
      </object_component>
      <object_component id="oc-20a">
         <name>.text.OledUi_Update_20ms</name>
         <load_address>0x17dc</load_address>
         <readonly>true</readonly>
         <executable>true</executable>
         <run_address>0x17dc</run_address>
         <size>0x133c</size>
         <alignment>0x4</alignment>
         <input_file_ref idref="fl-28"/>
      </object_component>
      <object_component id="oc-33f">
         <name>.text.print_imu_counters_page</name>
         <load_address>0x2b18</load_address>
         <readonly>true</readonly>
         <executable>true</executable>
         <run_address>0x2b18</run_address>
         <size>0xad8</size>
         <alignment>0x4</alignment>
         <input_file_ref idref="fl-28"/>
      </object_component>
      <object_component id="oc-3d3">
         <name>.text.AppConfig_LimitAll</name>
         <load_address>0x35f0</load_address>
         <readonly>true</readonly>
         <executable>true</executable>
         <run_address>0x35f0</run_address>
         <size>0x64c</size>
         <alignment>0x4</alignment>
         <input_file_ref idref="fl-3"/>
      </object_component>
      <object_component id="oc-127">
         <name>.text.VisionReceiver_Process</name>
         <load_address>0x3c3c</load_address>
         <readonly>true</readonly>
         <executable>true</executable>
         <run_address>0x3c3c</run_address>
         <size>0x5bc</size>
         <alignment>0x4</alignment>
         <input_file_ref idref="fl-30"/>
      </object_component>
      <object_component id="oc-192">
         <name>.text.Imu_CalibrateGyroBias</name>
         <load_address>0x41f8</load_address>
         <readonly>true</readonly>
         <executable>true</executable>
         <run_address>0x41f8</run_address>
         <size>0x5ac</size>
         <alignment>0x4</alignment>
         <input_file_ref idref="fl-19"/>
      </object_component>
      <object_component id="oc-3e5">
         <name>.text.LineController_Update</name>
         <load_address>0x47a4</load_address>
         <readonly>true</readonly>
         <executable>true</executable>
         <run_address>0x47a4</run_address>
         <size>0x524</size>
         <alignment>0x4</alignment>
         <input_file_ref idref="fl-1b"/>
      </object_component>
      <object_component id="oc-206">
         <name>.text.RuntimeSnapshot_Update</name>
         <load_address>0x4cc8</load_address>
         <readonly>true</readonly>
         <executable>true</executable>
         <run_address>0x4cc8</run_address>
         <size>0x49c</size>
         <alignment>0x4</alignment>
         <input_file_ref idref="fl-2a"/>
      </object_component>
      <object_component id="oc-340">
         <name>.text.print_sensor_page</name>
         <load_address>0x5164</load_address>
         <readonly>true</readonly>
         <executable>true</executable>
         <run_address>0x5164</run_address>
         <size>0x478</size>
         <alignment>0x4</alignment>
         <input_file_ref idref="fl-28"/>
      </object_component>
      <object_component id="oc-309">
         <name>.text.update_wheel</name>
         <load_address>0x55dc</load_address>
         <readonly>true</readonly>
         <executable>true</executable>
         <run_address>0x55dc</run_address>
         <size>0x44c</size>
         <alignment>0x4</alignment>
         <input_file_ref idref="fl-22"/>
      </object_component>
      <object_component id="oc-1e8">
         <name>.text.WheelSpeedEstimator_Update</name>
         <load_address>0x5a28</load_address>
         <readonly>true</readonly>
         <executable>true</executable>
         <run_address>0x5a28</run_address>
         <size>0x424</size>
         <alignment>0x4</alignment>
         <input_file_ref idref="fl-35"/>
      </object_component>
      <object_component id="oc-2ce">
         <name>.text.BalancePositionControl_Update20ms</name>
         <load_address>0x5e4c</load_address>
         <readonly>true</readonly>
         <executable>true</executable>
         <run_address>0x5e4c</run_address>
         <size>0x414</size>
         <alignment>0x4</alignment>
         <input_file_ref idref="fl-6"/>
      </object_component>
      <object_component id="oc-1ed">
         <name>.text.Imu_Update</name>
         <load_address>0x6260</load_address>
         <readonly>true</readonly>
         <executable>true</executable>
         <run_address>0x6260</run_address>
         <size>0x3e0</size>
         <alignment>0x4</alignment>
         <input_file_ref idref="fl-19"/>
      </object_component>
      <object_component id="oc-18c">
         <name>.text.Imu_Init</name>
         <load_address>0x6640</load_address>
         <readonly>true</readonly>
         <executable>true</executable>
         <run_address>0x6640</run_address>
         <size>0x380</size>
         <alignment>0x4</alignment>
         <input_file_ref idref="fl-19"/>
      </object_component>
      <object_component id="oc-342">
         <name>.text.print_heading_page</name>
         <load_address>0x69c0</load_address>
         <readonly>true</readonly>
         <executable>true</executable>
         <run_address>0x69c0</run_address>
         <size>0x37c</size>
         <alignment>0x4</alignment>
         <input_file_ref idref="fl-28"/>
      </object_component>
      <object_component id="oc-4c7">
         <name>.text.gimbal_update_feedback</name>
         <load_address>0x6d3c</load_address>
         <readonly>true</readonly>
         <executable>true</executable>
         <run_address>0x6d3c</run_address>
         <size>0x370</size>
         <alignment>0x4</alignment>
         <input_file_ref idref="fl-12"/>
      </object_component>
      <object_component id="oc-347">
         <name>.text.print_drive_distance_page</name>
         <load_address>0x70ac</load_address>
         <readonly>true</readonly>
         <executable>true</executable>
         <run_address>0x70ac</run_address>
         <size>0x33c</size>
         <alignment>0x4</alignment>
         <input_file_ref idref="fl-28"/>
      </object_component>
      <object_component id="oc-34e">
         <name>.text.print_motor_control_page</name>
         <load_address>0x73e8</load_address>
         <readonly>true</readonly>
         <executable>true</executable>
         <run_address>0x73e8</run_address>
         <size>0x300</size>
         <alignment>0x4</alignment>
         <input_file_ref idref="fl-28"/>
      </object_component>
      <object_component id="oc-25d">
         <name>.text.mpu6050_read_regs</name>
         <load_address>0x76e8</load_address>
         <readonly>true</readonly>
         <executable>true</executable>
         <run_address>0x76e8</run_address>
         <size>0x2f0</size>
         <alignment>0x4</alignment>
         <input_file_ref idref="fl-19"/>
      </object_component>
      <object_component id="oc-326">
         <name>.text.handle_drive_distance</name>
         <load_address>0x79d8</load_address>
         <readonly>true</readonly>
         <executable>true</executable>
         <run_address>0x79d8</run_address>
         <size>0x2cc</size>
         <alignment>0x4</alignment>
         <input_file_ref idref="fl-9"/>
      </object_component>
      <object_component id="oc-1f5">
         <name>.text.Menu_HandleKeyEvent</name>
         <load_address>0x7ca4</load_address>
         <readonly>true</readonly>
         <executable>true</executable>
         <run_address>0x7ca4</run_address>
         <size>0x2b4</size>
         <alignment>0x4</alignment>
         <input_file_ref idref="fl-1d"/>
      </object_component>
      <object_component id="oc-311">
         <name>.text.MotionAction_Update_20ms</name>
         <load_address>0x7f58</load_address>
         <readonly>true</readonly>
         <executable>true</executable>
         <run_address>0x7f58</run_address>
         <size>0x2b0</size>
         <alignment>0x4</alignment>
         <input_file_ref idref="fl-20"/>
      </object_component>
      <object_component id="oc-3d6">
         <name>.text.BalanceCalibrationStore_Save</name>
         <load_address>0x8208</load_address>
         <readonly>true</readonly>
         <executable>true</executable>
         <run_address>0x8208</run_address>
         <size>0x290</size>
         <alignment>0x4</alignment>
         <input_file_ref idref="fl-4"/>
      </object_component>
      <object_component id="oc-1f7">
         <name>.text.MotorControl_Update</name>
         <load_address>0x8498</load_address>
         <readonly>true</readonly>
         <executable>true</executable>
         <run_address>0x8498</run_address>
         <size>0x28c</size>
         <alignment>0x4</alignment>
         <input_file_ref idref="fl-22"/>
      </object_component>
      <object_component id="oc-1e7">
         <name>.text.BalanceSoftLimits_Update20ms</name>
         <load_address>0x8724</load_address>
         <readonly>true</readonly>
         <executable>true</executable>
         <run_address>0x8724</run_address>
         <size>0x26c</size>
         <alignment>0x4</alignment>
         <input_file_ref idref="fl-7"/>
      </object_component>
      <object_component id="oc-325">
         <name>.text.handle_turn_to_yaw</name>
         <load_address>0x8990</load_address>
         <readonly>true</readonly>
         <executable>true</executable>
         <run_address>0x8990</run_address>
         <size>0x268</size>
         <alignment>0x4</alignment>
         <input_file_ref idref="fl-9"/>
      </object_component>
      <object_component id="oc-2f1">
         <name>.text.menu_adjust_param</name>
         <load_address>0x8bf8</load_address>
         <readonly>true</readonly>
         <executable>true</executable>
         <run_address>0x8bf8</run_address>
         <size>0x250</size>
         <alignment>0x4</alignment>
         <input_file_ref idref="fl-1d"/>
      </object_component>
      <object_component id="oc-17c">
         <name>.text.AppConfig_InitDefault</name>
         <load_address>0x8e48</load_address>
         <readonly>true</readonly>
         <executable>true</executable>
         <run_address>0x8e48</run_address>
         <size>0x220</size>
         <alignment>0x4</alignment>
         <input_file_ref idref="fl-3"/>
      </object_component>
      <object_component id="oc-3d9">
         <name>.text.motion_action_start_internal</name>
         <load_address>0x9068</load_address>
         <readonly>true</readonly>
         <executable>true</executable>
         <run_address>0x9068</run_address>
         <size>0x220</size>
         <alignment>0x4</alignment>
         <input_file_ref idref="fl-20"/>
      </object_component>
      <object_component id="oc-30a">
         <name>.text.Motor_SetSpeed</name>
         <load_address>0x9288</load_address>
         <readonly>true</readonly>
         <executable>true</executable>
         <run_address>0x9288</run_address>
         <size>0x204</size>
         <alignment>0x4</alignment>
         <input_file_ref idref="fl-21"/>
      </object_component>
      <object_component id="oc-1df">
         <name>.text.VisionProtocol_ParseV1TargetFrame</name>
         <load_address>0x948c</load_address>
         <readonly>true</readonly>
         <executable>true</executable>
         <run_address>0x948c</run_address>
         <size>0x1f4</size>
         <alignment>0x4</alignment>
         <input_file_ref idref="fl-2f"/>
      </object_component>
      <object_component id="oc-34f">
         <name>.text.print_param_page</name>
         <load_address>0x9680</load_address>
         <readonly>true</readonly>
         <executable>true</executable>
         <run_address>0x9680</run_address>
         <size>0x1f0</size>
         <alignment>0x4</alignment>
         <input_file_ref idref="fl-28"/>
      </object_component>
      <object_component id="oc-307">
         <name>.text.config_is_valid</name>
         <load_address>0x9870</load_address>
         <readonly>true</readonly>
         <executable>true</executable>
         <run_address>0x9870</run_address>
         <size>0x1e8</size>
         <alignment>0x4</alignment>
         <input_file_ref idref="fl-22"/>
      </object_component>
      <object_component id="oc-28e">
         <name>.text.MissionLibrary_Validate</name>
         <load_address>0x9a58</load_address>
         <readonly>true</readonly>
         <executable>true</executable>
         <run_address>0x9a58</run_address>
         <size>0x1e4</size>
         <alignment>0x4</alignment>
         <input_file_ref idref="fl-1e"/>
      </object_component>
      <object_component id="oc-3a3">
         <name>.text.imu_i2c_write_byte</name>
         <load_address>0x9c3c</load_address>
         <readonly>true</readonly>
         <executable>true</executable>
         <run_address>0x9c3c</run_address>
         <size>0x1cc</size>
         <alignment>0x4</alignment>
         <input_file_ref idref="fl-19"/>
      </object_component>
      <object_component id="oc-338">
         <name>.text.print_status_page</name>
         <load_address>0x9e08</load_address>
         <readonly>true</readonly>
         <executable>true</executable>
         <run_address>0x9e08</run_address>
         <size>0x1cc</size>
         <alignment>0x4</alignment>
         <input_file_ref idref="fl-28"/>
      </object_component>
      <object_component id="oc-401">
         <name>.text.oled_i2c_write_byte</name>
         <load_address>0x9fd4</load_address>
         <readonly>true</readonly>
         <executable>true</executable>
         <run_address>0x9fd4</run_address>
         <size>0x1b8</size>
         <alignment>0x4</alignment>
         <input_file_ref idref="fl-27"/>
      </object_component>
      <object_component id="oc-85">
         <name>.text.Ultrasonic_Tick100us</name>
         <load_address>0xa18c</load_address>
         <readonly>true</readonly>
         <executable>true</executable>
         <run_address>0xa18c</run_address>
         <size>0x1a0</size>
         <alignment>0x4</alignment>
         <input_file_ref idref="fl-2d"/>
      </object_component>
      <object_component id="oc-3de">
         <name>.text.CarController_StartDriveDistanceAtYaw</name>
         <load_address>0xa32c</load_address>
         <readonly>true</readonly>
         <executable>true</executable>
         <run_address>0xa32c</run_address>
         <size>0x19c</size>
         <alignment>0x4</alignment>
         <input_file_ref idref="fl-9"/>
      </object_component>
      <object_component id="oc-128">
         <name>.text.App_Update_20ms</name>
         <load_address>0xa4c8</load_address>
         <readonly>true</readonly>
         <executable>true</executable>
         <run_address>0xa4c8</run_address>
         <size>0x198</size>
         <alignment>0x4</alignment>
         <input_file_ref idref="fl-2"/>
      </object_component>
      <object_component id="oc-7f">
         <name>.text.GimbalStepper_Tick100us</name>
         <load_address>0xa660</load_address>
         <readonly>true</readonly>
         <executable>true</executable>
         <run_address>0xa660</run_address>
         <size>0x194</size>
         <alignment>0x4</alignment>
         <input_file_ref idref="fl-13"/>
      </object_component>
      <object_component id="oc-1ff">
         <name>.text.CarController_Update_20ms</name>
         <load_address>0xa7f4</load_address>
         <readonly>true</readonly>
         <executable>true</executable>
         <run_address>0xa7f4</run_address>
         <size>0x190</size>
         <alignment>0x4</alignment>
         <input_file_ref idref="fl-9"/>
      </object_component>
      <object_component id="oc-341">
         <name>.text.print_imu_page</name>
         <load_address>0xa984</load_address>
         <readonly>true</readonly>
         <executable>true</executable>
         <run_address>0xa984</run_address>
         <size>0x188</size>
         <alignment>0x4</alignment>
         <input_file_ref idref="fl-28"/>
      </object_component>
      <object_component id="oc-1f2">
         <name>.text.Key_Update_20ms</name>
         <load_address>0xab0c</load_address>
         <readonly>true</readonly>
         <executable>true</executable>
         <run_address>0xab0c</run_address>
         <size>0x174</size>
         <alignment>0x4</alignment>
         <input_file_ref idref="fl-1a"/>
      </object_component>
      <object_component id="oc-339">
         <name>.text.OLED_FlushPage</name>
         <load_address>0xac80</load_address>
         <readonly>true</readonly>
         <executable>true</executable>
         <run_address>0xac80</run_address>
         <size>0x170</size>
         <alignment>0x4</alignment>
         <input_file_ref idref="fl-27"/>
      </object_component>
      <object_component id="oc-33c">
         <name>.text.OLED_PrintInt16</name>
         <load_address>0xadf0</load_address>
         <readonly>true</readonly>
         <executable>true</executable>
         <run_address>0xadf0</run_address>
         <size>0x16c</size>
         <alignment>0x4</alignment>
         <input_file_ref idref="fl-27"/>
      </object_component>
      <object_component id="oc-450">
         <name>.text.print_balance_limit_value</name>
         <load_address>0xaf5c</load_address>
         <readonly>true</readonly>
         <executable>true</executable>
         <run_address>0xaf5c</run_address>
         <size>0x160</size>
         <alignment>0x4</alignment>
         <input_file_ref idref="fl-28"/>
      </object_component>
      <object_component id="oc-44e">
         <name>.text.print_signed_total_tail</name>
         <load_address>0xb0bc</load_address>
         <readonly>true</readonly>
         <executable>true</executable>
         <run_address>0xb0bc</run_address>
         <size>0x15c</size>
         <alignment>0x4</alignment>
         <input_file_ref idref="fl-28"/>
      </object_component>
      <object_component id="oc-2fe">
         <name>.text.BalanceSoftLimits_CaptureCurrentStage</name>
         <load_address>0xb218</load_address>
         <readonly>true</readonly>
         <executable>true</executable>
         <run_address>0xb218</run_address>
         <size>0x14c</size>
         <alignment>0x4</alignment>
         <input_file_ref idref="fl-7"/>
      </object_component>
      <object_component id="oc-1cf">
         <name>.text.BalanceCalibrationStore_Load</name>
         <load_address>0xb364</load_address>
         <readonly>true</readonly>
         <executable>true</executable>
         <run_address>0xb364</run_address>
         <size>0x140</size>
         <alignment>0x4</alignment>
         <input_file_ref idref="fl-4"/>
      </object_component>
      <object_component id="oc-3c1">
         <name>.text.BalancePositionControl_Start</name>
         <load_address>0xb4a4</load_address>
         <readonly>true</readonly>
         <executable>true</executable>
         <run_address>0xb4a4</run_address>
         <size>0x13c</size>
         <alignment>0x4</alignment>
         <input_file_ref idref="fl-6"/>
      </object_component>
      <object_component id="oc-304">
         <name>.text.BalanceSoftLimits_StartOscillationTest</name>
         <load_address>0xb5e0</load_address>
         <readonly>true</readonly>
         <executable>true</executable>
         <run_address>0xb5e0</run_address>
         <size>0x12c</size>
         <alignment>0x4</alignment>
         <input_file_ref idref="fl-7"/>
      </object_component>
      <object_component id="oc-25c">
         <name>.text.imu_i2c_recover_bus</name>
         <load_address>0xb70c</load_address>
         <readonly>true</readonly>
         <executable>true</executable>
         <run_address>0xb70c</run_address>
         <size>0x12c</size>
         <alignment>0x4</alignment>
         <input_file_ref idref="fl-19"/>
      </object_component>
      <object_component id="oc-44f">
         <name>.text.print_uint64_decimal</name>
         <load_address>0xb838</load_address>
         <readonly>true</readonly>
         <executable>true</executable>
         <run_address>0xb838</run_address>
         <size>0x12c</size>
         <alignment>0x2</alignment>
         <input_file_ref idref="fl-28"/>
      </object_component>
      <object_component id="oc-3b5">
         <name>.text.LineController_Reset</name>
         <load_address>0xb964</load_address>
         <readonly>true</readonly>
         <executable>true</executable>
         <run_address>0xb964</run_address>
         <size>0x128</size>
         <alignment>0x4</alignment>
         <input_file_ref idref="fl-1b"/>
      </object_component>
      <object_component id="oc-1fa">
         <name>.text.MissionManager_Update_20ms</name>
         <load_address>0xba8c</load_address>
         <readonly>true</readonly>
         <executable>true</executable>
         <run_address>0xba8c</run_address>
         <size>0x128</size>
         <alignment>0x4</alignment>
         <input_file_ref idref="fl-1f"/>
      </object_component>
      <object_component id="oc-2b1">
         <name>.text.OLED_Init</name>
         <load_address>0xbbb4</load_address>
         <readonly>true</readonly>
         <executable>true</executable>
         <run_address>0xbbb4</run_address>
         <size>0x124</size>
         <alignment>0x4</alignment>
         <input_file_ref idref="fl-27"/>
      </object_component>
      <object_component id="oc-301">
         <name>.text.BalanceSoftLimits_StartRelativePositionMoveSteps</name>
         <load_address>0xbcd8</load_address>
         <readonly>true</readonly>
         <executable>true</executable>
         <run_address>0xbcd8</run_address>
         <size>0x120</size>
         <alignment>0x4</alignment>
         <input_file_ref idref="fl-7"/>
      </object_component>
      <object_component id="oc-360">
         <name>.text.print_bluetooth_page</name>
         <load_address>0xbdf8</load_address>
         <readonly>true</readonly>
         <executable>true</executable>
         <run_address>0xbdf8</run_address>
         <size>0x120</size>
         <alignment>0x4</alignment>
         <input_file_ref idref="fl-28"/>
      </object_component>
      <object_component id="oc-324">
         <name>.text.handle_drive_heading</name>
         <load_address>0xbf18</load_address>
         <readonly>true</readonly>
         <executable>true</executable>
         <run_address>0xbf18</run_address>
         <size>0x11c</size>
         <alignment>0x4</alignment>
         <input_file_ref idref="fl-9"/>
      </object_component>
      <object_component id="oc-323">
         <name>.text.handle_follow_line</name>
         <load_address>0xc034</load_address>
         <readonly>true</readonly>
         <executable>true</executable>
         <run_address>0xc034</run_address>
         <size>0x114</size>
         <alignment>0x4</alignment>
         <input_file_ref idref="fl-9"/>
      </object_component>
      <object_component id="oc-300">
         <name>.text.BalanceSoftLimits_BeginAtCurrentAsZero</name>
         <load_address>0xc148</load_address>
         <readonly>true</readonly>
         <executable>true</executable>
         <run_address>0xc148</run_address>
         <size>0x10c</size>
         <alignment>0x4</alignment>
         <input_file_ref idref="fl-7"/>
      </object_component>
      <object_component id="oc-321">
         <name>.text.LineController_ResetControlState</name>
         <load_address>0xc254</load_address>
         <readonly>true</readonly>
         <executable>true</executable>
         <run_address>0xc254</run_address>
         <size>0x10c</size>
         <alignment>0x4</alignment>
         <input_file_ref idref="fl-1b"/>
      </object_component>
      <object_component id="oc-232">
         <name>.text.DL_Timer_initFourCCPWMMode</name>
         <load_address>0xc360</load_address>
         <readonly>true</readonly>
         <executable>true</executable>
         <run_address>0xc360</run_address>
         <size>0x104</size>
         <alignment>0x4</alignment>
         <input_file_ref idref="fl-45"/>
      </object_component>
      <object_component id="oc-2a3">
         <name>.text.LineController_Init</name>
         <load_address>0xc464</load_address>
         <readonly>true</readonly>
         <executable>true</executable>
         <run_address>0xc464</run_address>
         <size>0x104</size>
         <alignment>0x4</alignment>
         <input_file_ref idref="fl-1b"/>
      </object_component>
      <object_component id="oc-3e6">
         <name>.text.MotorControl_SetNormalizedTarget</name>
         <load_address>0xc568</load_address>
         <readonly>true</readonly>
         <executable>true</executable>
         <run_address>0xc568</run_address>
         <size>0x100</size>
         <alignment>0x4</alignment>
         <input_file_ref idref="fl-22"/>
      </object_component>
      <object_component id="oc-15f">
         <name>.text.SYSCFG_DL_GPIO_init</name>
         <load_address>0xc668</load_address>
         <readonly>true</readonly>
         <executable>true</executable>
         <run_address>0xc668</run_address>
         <size>0x100</size>
         <alignment>0x4</alignment>
         <input_file_ref idref="fl-e"/>
      </object_component>
      <object_component id="oc-3d2">
         <name>.text.MissionManager_SelectNext</name>
         <load_address>0xc768</load_address>
         <readonly>true</readonly>
         <executable>true</executable>
         <run_address>0xc768</run_address>
         <size>0xfc</size>
         <alignment>0x4</alignment>
         <input_file_ref idref="fl-1f"/>
      </object_component>
      <object_component id="oc-3ec">
         <name>.text.HeadingControl_Update</name>
         <load_address>0xc864</load_address>
         <readonly>true</readonly>
         <executable>true</executable>
         <run_address>0xc864</run_address>
         <size>0xec</size>
         <alignment>0x4</alignment>
         <input_file_ref idref="fl-18"/>
      </object_component>
      <object_component id="oc-3d4">
         <name>.text.MissionManager_SelectPrevious</name>
         <load_address>0xc950</load_address>
         <readonly>true</readonly>
         <executable>true</executable>
         <run_address>0xc950</run_address>
         <size>0xe8</size>
         <alignment>0x4</alignment>
         <input_file_ref idref="fl-1f"/>
      </object_component>
      <object_component id="oc-1fc">
         <name>.text.ObstacleSafety_Update_20ms</name>
         <load_address>0xca38</load_address>
         <readonly>true</readonly>
         <executable>true</executable>
         <run_address>0xca38</run_address>
         <size>0xe8</size>
         <alignment>0x4</alignment>
         <input_file_ref idref="fl-25"/>
      </object_component>
      <object_component id="oc-2c9">
         <name>.text.fields_are_valid</name>
         <load_address>0xcb20</load_address>
         <readonly>true</readonly>
         <executable>true</executable>
         <run_address>0xcb20</run_address>
         <size>0xe8</size>
         <alignment>0x4</alignment>
         <input_file_ref idref="fl-2f"/>
      </object_component>
      <object_component id="oc-181">
         <name>.text.WheelSpeedEstimator_Init</name>
         <load_address>0xcc08</load_address>
         <readonly>true</readonly>
         <executable>true</executable>
         <run_address>0xcc08</run_address>
         <size>0xe0</size>
         <alignment>0x4</alignment>
         <input_file_ref idref="fl-35"/>
      </object_component>
      <object_component id="oc-b8">
         <name>.text.main</name>
         <load_address>0xcce8</load_address>
         <readonly>true</readonly>
         <executable>true</executable>
         <run_address>0xcce8</run_address>
         <size>0xe0</size>
         <alignment>0x4</alignment>
         <input_file_ref idref="fl-d"/>
      </object_component>
      <object_component id="oc-493">
         <name>.text.DL_FlashCTL_unprotectSector</name>
         <load_address>0xcdc8</load_address>
         <readonly>true</readonly>
         <executable>true</executable>
         <run_address>0xcdc8</run_address>
         <size>0xd8</size>
         <alignment>0x4</alignment>
         <input_file_ref idref="fl-44"/>
      </object_component>
      <object_component id="oc-388">
         <name>.text.OLED_PrintUInt16</name>
         <load_address>0xcea0</load_address>
         <readonly>true</readonly>
         <executable>true</executable>
         <run_address>0xcea0</run_address>
         <size>0xd8</size>
         <alignment>0x4</alignment>
         <input_file_ref idref="fl-27"/>
      </object_component>
      <object_component id="oc-272">
         <name>.text</name>
         <load_address>0xcf78</load_address>
         <readonly>true</readonly>
         <executable>true</executable>
         <run_address>0xcf78</run_address>
         <size>0xd8</size>
         <alignment>0x4</alignment>
         <input_file_ref idref="fl-10a"/>
      </object_component>
      <object_component id="oc-49d">
         <name>.text.CarController_StartDriveDistance</name>
         <load_address>0xd050</load_address>
         <readonly>true</readonly>
         <executable>true</executable>
         <run_address>0xd050</run_address>
         <size>0xd4</size>
         <alignment>0x4</alignment>
         <input_file_ref idref="fl-9"/>
      </object_component>
      <object_component id="oc-2f9">
         <name>.text.GimbalStepper_MoveRelativeSteps</name>
         <load_address>0xd124</load_address>
         <readonly>true</readonly>
         <executable>true</executable>
         <run_address>0xd124</run_address>
         <size>0xd4</size>
         <alignment>0x4</alignment>
         <input_file_ref idref="fl-13"/>
      </object_component>
      <object_component id="oc-a2">
         <name>.text.BalanceEncoder_HandleGpioInterrupt</name>
         <load_address>0xd1f8</load_address>
         <readonly>true</readonly>
         <executable>true</executable>
         <run_address>0xd1f8</run_address>
         <size>0xcc</size>
         <alignment>0x4</alignment>
         <input_file_ref idref="fl-5"/>
      </object_component>
      <object_component id="oc-33e">
         <name>.text.FaultCode_ToShortString</name>
         <load_address>0xd2c4</load_address>
         <readonly>true</readonly>
         <executable>true</executable>
         <run_address>0xd2c4</run_address>
         <size>0xc8</size>
         <alignment>0x4</alignment>
         <input_file_ref idref="fl-11"/>
      </object_component>
      <object_component id="oc-2e3">
         <name>.text.Angle_Normalize180</name>
         <load_address>0xd38c</load_address>
         <readonly>true</readonly>
         <executable>true</executable>
         <run_address>0xd38c</run_address>
         <size>0xc0</size>
         <alignment>0x4</alignment>
         <input_file_ref idref="fl-1"/>
      </object_component>
      <object_component id="oc-2d2">
         <name>.text.oscillation_target_for_phase</name>
         <load_address>0xd44c</load_address>
         <readonly>true</readonly>
         <executable>true</executable>
         <run_address>0xd44c</run_address>
         <size>0xc0</size>
         <alignment>0x4</alignment>
         <input_file_ref idref="fl-7"/>
      </object_component>
      <object_component id="oc-122">
         <name>.text.BalanceSoftLimits_Init</name>
         <load_address>0xd50c</load_address>
         <readonly>true</readonly>
         <executable>true</executable>
         <run_address>0xd50c</run_address>
         <size>0xbc</size>
         <alignment>0x4</alignment>
         <input_file_ref idref="fl-7"/>
      </object_component>
      <object_component id="oc-2a8">
         <name>.text.CarController_ResetRuntime</name>
         <load_address>0xd5c8</load_address>
         <readonly>true</readonly>
         <executable>true</executable>
         <run_address>0xd5c8</run_address>
         <size>0xbc</size>
         <alignment>0x4</alignment>
         <input_file_ref idref="fl-9"/>
      </object_component>
      <object_component id="oc-461">
         <name>.text.Menu_GetParamValue</name>
         <load_address>0xd684</load_address>
         <readonly>true</readonly>
         <executable>true</executable>
         <run_address>0xd684</run_address>
         <size>0xbc</size>
         <alignment>0x4</alignment>
         <input_file_ref idref="fl-1d"/>
      </object_component>
      <object_component id="oc-73">
         <name>.text.GimbalStepper_StopHold</name>
         <load_address>0xd740</load_address>
         <readonly>true</readonly>
         <executable>true</executable>
         <run_address>0xd740</run_address>
         <size>0xb4</size>
         <alignment>0x4</alignment>
         <input_file_ref idref="fl-13"/>
      </object_component>
      <object_component id="oc-11f">
         <name>.text.GimbalStepper_Init</name>
         <load_address>0xd7f4</load_address>
         <readonly>true</readonly>
         <executable>true</executable>
         <run_address>0xd7f4</run_address>
         <size>0xb0</size>
         <alignment>0x4</alignment>
         <input_file_ref idref="fl-13"/>
      </object_component>
      <object_component id="oc-3b">
         <name>.text.SysTick_Handler</name>
         <load_address>0xd8a4</load_address>
         <readonly>true</readonly>
         <executable>true</executable>
         <run_address>0xd8a4</run_address>
         <size>0xb0</size>
         <alignment>0x4</alignment>
         <input_file_ref idref="fl-d"/>
      </object_component>
      <object_component id="oc-303">
         <name>.text.BalanceSoftLimits_ArmRecalibration</name>
         <load_address>0xd954</load_address>
         <readonly>true</readonly>
         <executable>true</executable>
         <run_address>0xd954</run_address>
         <size>0xa8</size>
         <alignment>0x4</alignment>
         <input_file_ref idref="fl-7"/>
      </object_component>
      <object_component id="oc-9c">
         <name>.text.Encoder_HandleGpioInterrupt</name>
         <load_address>0xd9fc</load_address>
         <readonly>true</readonly>
         <executable>true</executable>
         <run_address>0xd9fc</run_address>
         <size>0xa4</size>
         <alignment>0x4</alignment>
         <input_file_ref idref="fl-10"/>
      </object_component>
      <object_component id="oc-2b9">
         <name>.text.calibration_crc32</name>
         <load_address>0xdaa0</load_address>
         <readonly>true</readonly>
         <executable>true</executable>
         <run_address>0xdaa0</run_address>
         <size>0xa4</size>
         <alignment>0x4</alignment>
         <input_file_ref idref="fl-4"/>
      </object_component>
      <object_component id="oc-47f">
         <name>.text</name>
         <load_address>0xdb44</load_address>
         <readonly>true</readonly>
         <executable>true</executable>
         <run_address>0xdb44</run_address>
         <size>0xa2</size>
         <alignment>0x4</alignment>
         <input_file_ref idref="fl-11b"/>
      </object_component>
      <object_component id="oc-3a">
         <name>.text.Default_Handler</name>
         <load_address>0xdbe6</load_address>
         <readonly>true</readonly>
         <executable>true</executable>
         <run_address>0xdbe6</run_address>
         <size>0x2</size>
         <alignment>0x2</alignment>
         <input_file_ref idref="fl-f"/>
      </object_component>
      <object_component id="oc-2eb">
         <name>.text.BalanceSoftLimits_AbortCalibration</name>
         <load_address>0xdbe8</load_address>
         <readonly>true</readonly>
         <executable>true</executable>
         <run_address>0xdbe8</run_address>
         <size>0xa0</size>
         <alignment>0x4</alignment>
         <input_file_ref idref="fl-7"/>
      </object_component>
      <object_component id="oc-3ee">
         <name>.text.drive_distance_high_decel_zone_cm</name>
         <load_address>0xdc88</load_address>
         <readonly>true</readonly>
         <executable>true</executable>
         <run_address>0xdc88</run_address>
         <size>0xa0</size>
         <alignment>0x4</alignment>
         <input_file_ref idref="fl-9"/>
      </object_component>
      <object_component id="oc-1ef">
         <name>.text.ObstacleMonitor_Update_20ms</name>
         <load_address>0xdd28</load_address>
         <readonly>true</readonly>
         <executable>true</executable>
         <run_address>0xdd28</run_address>
         <size>0x9c</size>
         <alignment>0x4</alignment>
         <input_file_ref idref="fl-24"/>
      </object_component>
      <object_component id="oc-110">
         <name>.text:memcpy</name>
         <load_address>0xddc4</load_address>
         <readonly>true</readonly>
         <executable>true</executable>
         <run_address>0xddc4</run_address>
         <size>0x9a</size>
         <alignment>0x1</alignment>
         <input_file_ref idref="fl-120"/>
      </object_component>
      <object_component id="oc-1fe">
         <name>.text.ObstacleAvoidance_Update_20ms</name>
         <load_address>0xde5e</load_address>
         <readonly>true</readonly>
         <executable>true</executable>
         <run_address>0xde5e</run_address>
         <size>0x2</size>
         <alignment>0x2</alignment>
         <input_file_ref idref="fl-23"/>
      </object_component>
      <object_component id="oc-302">
         <name>.text.BalanceSoftLimits_CancelRecalibration</name>
         <load_address>0xde60</load_address>
         <readonly>true</readonly>
         <executable>true</executable>
         <run_address>0xde60</run_address>
         <size>0x98</size>
         <alignment>0x4</alignment>
         <input_file_ref idref="fl-7"/>
      </object_component>
      <object_component id="oc-25e">
         <name>.text.mpu6050_write_reg</name>
         <load_address>0xdef8</load_address>
         <readonly>true</readonly>
         <executable>true</executable>
         <run_address>0xdef8</run_address>
         <size>0x98</size>
         <alignment>0x4</alignment>
         <input_file_ref idref="fl-19"/>
      </object_component>
      <object_component id="oc-3db">
         <name>.text.CarController_StartTurnToYawRelative</name>
         <load_address>0xdf90</load_address>
         <readonly>true</readonly>
         <executable>true</executable>
         <run_address>0xdf90</run_address>
         <size>0x94</size>
         <alignment>0x4</alignment>
         <input_file_ref idref="fl-9"/>
      </object_component>
      <object_component id="oc-49f">
         <name>.text.CarController_ResetTransientState</name>
         <load_address>0xe024</load_address>
         <readonly>true</readonly>
         <executable>true</executable>
         <run_address>0xe024</run_address>
         <size>0x90</size>
         <alignment>0x4</alignment>
         <input_file_ref idref="fl-9"/>
      </object_component>
      <object_component id="oc-162">
         <name>.text.SYSCFG_DL_PWM_MOTOR_init</name>
         <load_address>0xe0b4</load_address>
         <readonly>true</readonly>
         <executable>true</executable>
         <run_address>0xe0b4</run_address>
         <size>0x8c</size>
         <alignment>0x4</alignment>
         <input_file_ref idref="fl-e"/>
      </object_component>
      <object_component id="oc-2d5">
         <name>.text.__mulsf3</name>
         <load_address>0xe140</load_address>
         <readonly>true</readonly>
         <executable>true</executable>
         <run_address>0xe140</run_address>
         <size>0x8c</size>
         <alignment>0x4</alignment>
         <input_file_ref idref="fl-10b"/>
      </object_component>
      <object_component id="oc-3e7">
         <name>.text.heading_imu_wait_or_fail</name>
         <load_address>0xe1cc</load_address>
         <readonly>true</readonly>
         <executable>true</executable>
         <run_address>0xe1cc</run_address>
         <size>0x8c</size>
         <alignment>0x4</alignment>
         <input_file_ref idref="fl-9"/>
      </object_component>
      <object_component id="oc-29e">
         <name>.text.CarController_SetSafetyHold</name>
         <load_address>0xe258</load_address>
         <readonly>true</readonly>
         <executable>true</executable>
         <run_address>0xe258</run_address>
         <size>0x84</size>
         <alignment>0x4</alignment>
         <input_file_ref idref="fl-9"/>
      </object_component>
      <object_component id="oc-3d8">
         <name>.text.GimbalStepper_ConfirmZero</name>
         <load_address>0xe2dc</load_address>
         <readonly>true</readonly>
         <executable>true</executable>
         <run_address>0xe2dc</run_address>
         <size>0x84</size>
         <alignment>0x4</alignment>
         <input_file_ref idref="fl-13"/>
      </object_component>
      <object_component id="oc-17a">
         <name>.text.Motor_Init</name>
         <load_address>0xe360</load_address>
         <readonly>true</readonly>
         <executable>true</executable>
         <run_address>0xe360</run_address>
         <size>0x84</size>
         <alignment>0x4</alignment>
         <input_file_ref idref="fl-21"/>
      </object_component>
      <object_component id="oc-26e">
         <name>.text.__divsf3</name>
         <load_address>0xe3e4</load_address>
         <readonly>true</readonly>
         <executable>true</executable>
         <run_address>0xe3e4</run_address>
         <size>0x82</size>
         <alignment>0x4</alignment>
         <input_file_ref idref="fl-10c"/>
      </object_component>
      <object_component id="oc-1a8">
         <name>.text.TrackSensor_Init</name>
         <load_address>0xe466</load_address>
         <readonly>true</readonly>
         <executable>true</executable>
         <run_address>0xe466</run_address>
         <size>0x2</size>
         <alignment>0x2</alignment>
         <input_file_ref idref="fl-2c"/>
      </object_component>
      <object_component id="oc-3dc">
         <name>.text.CarController_StartDriveHeading</name>
         <load_address>0xe468</load_address>
         <readonly>true</readonly>
         <executable>true</executable>
         <run_address>0xe468</run_address>
         <size>0x80</size>
         <alignment>0x4</alignment>
         <input_file_ref idref="fl-9"/>
      </object_component>
      <object_component id="oc-f2">
         <name>.text.Motor_Stop</name>
         <load_address>0xe4e8</load_address>
         <readonly>true</readonly>
         <executable>true</executable>
         <run_address>0xe4e8</run_address>
         <size>0x80</size>
         <alignment>0x4</alignment>
         <input_file_ref idref="fl-21"/>
      </object_component>
      <object_component id="oc-11a">
         <name>.text.App_Init</name>
         <load_address>0xe568</load_address>
         <readonly>true</readonly>
         <executable>true</executable>
         <run_address>0xe568</run_address>
         <size>0x7e</size>
         <alignment>0x2</alignment>
         <input_file_ref idref="fl-2"/>
      </object_component>
      <object_component id="oc-126">
         <name>.text.VisionUart_Process</name>
         <load_address>0xe5e6</load_address>
         <readonly>true</readonly>
         <executable>true</executable>
         <run_address>0xe5e6</run_address>
         <size>0x2</size>
         <alignment>0x2</alignment>
         <input_file_ref idref="fl-32"/>
      </object_component>
      <object_component id="oc-79">
         <name>.text.BalanceSoftLimits_Enforce100usFromIsr</name>
         <load_address>0xe5e8</load_address>
         <readonly>true</readonly>
         <executable>true</executable>
         <run_address>0xe5e8</run_address>
         <size>0x7c</size>
         <alignment>0x4</alignment>
         <input_file_ref idref="fl-7"/>
      </object_component>
      <object_component id="oc-1e">
         <name>.text:decompress:lzss</name>
         <load_address>0xe664</load_address>
         <readonly>true</readonly>
         <executable>true</executable>
         <run_address>0xe664</run_address>
         <size>0x7c</size>
         <alignment>0x4</alignment>
         <input_file_ref idref="fl-65"/>
      </object_component>
      <object_component id="oc-3d1">
         <name>.text.BalancePositionControl_ResetFault</name>
         <load_address>0xe6e0</load_address>
         <readonly>true</readonly>
         <executable>true</executable>
         <run_address>0xe6e0</run_address>
         <size>0x78</size>
         <alignment>0x4</alignment>
         <input_file_ref idref="fl-6"/>
      </object_component>
      <object_component id="oc-3b7">
         <name>.text.oled_write_command</name>
         <load_address>0xe758</load_address>
         <readonly>true</readonly>
         <executable>true</executable>
         <run_address>0xe758</run_address>
         <size>0x78</size>
         <alignment>0x4</alignment>
         <input_file_ref idref="fl-27"/>
      </object_component>
      <object_component id="oc-308">
         <name>.text.latch_control_error</name>
         <load_address>0xe7d0</load_address>
         <readonly>true</readonly>
         <executable>true</executable>
         <run_address>0xe7d0</run_address>
         <size>0x74</size>
         <alignment>0x4</alignment>
         <input_file_ref idref="fl-22"/>
      </object_component>
      <object_component id="oc-2ea">
         <name>.text.GimbalStepper_Release</name>
         <load_address>0xe844</load_address>
         <readonly>true</readonly>
         <executable>true</executable>
         <run_address>0xe844</run_address>
         <size>0x70</size>
         <alignment>0x4</alignment>
         <input_file_ref idref="fl-13"/>
      </object_component>
      <object_component id="oc-163">
         <name>.text.SYSCFG_DL_UART_VISION_init</name>
         <load_address>0xe8b4</load_address>
         <readonly>true</readonly>
         <executable>true</executable>
         <run_address>0xe8b4</run_address>
         <size>0x70</size>
         <alignment>0x4</alignment>
         <input_file_ref idref="fl-e"/>
      </object_component>
      <object_component id="oc-204">
         <name>.text.TrackSensor_DetectTurn</name>
         <load_address>0xe924</load_address>
         <readonly>true</readonly>
         <executable>true</executable>
         <run_address>0xe924</run_address>
         <size>0x6e</size>
         <alignment>0x2</alignment>
         <input_file_ref idref="fl-2c"/>
      </object_component>
      <object_component id="oc-144">
         <name>.text.__aeabi_idiv0</name>
         <load_address>0xe992</load_address>
         <readonly>true</readonly>
         <executable>true</executable>
         <run_address>0xe992</run_address>
         <size>0x2</size>
         <alignment>0x2</alignment>
         <input_file_ref idref="fl-11f"/>
      </object_component>
      <object_component id="oc-3f5">
         <name>.text.MissionManager_GetSelectedMissionIndex</name>
         <load_address>0xe994</load_address>
         <readonly>true</readonly>
         <executable>true</executable>
         <run_address>0xe994</run_address>
         <size>0x68</size>
         <alignment>0x4</alignment>
         <input_file_ref idref="fl-1f"/>
      </object_component>
      <object_component id="oc-3ef">
         <name>.text.set_output_speed</name>
         <load_address>0xe9fc</load_address>
         <readonly>true</readonly>
         <executable>true</executable>
         <run_address>0xe9fc</run_address>
         <size>0x68</size>
         <alignment>0x4</alignment>
         <input_file_ref idref="fl-9"/>
      </object_component>
      <object_component id="oc-31a">
         <name>.text.TrackSensor_GetErrorFromRaw</name>
         <load_address>0xea64</load_address>
         <readonly>true</readonly>
         <executable>true</executable>
         <run_address>0xea64</run_address>
         <size>0x66</size>
         <alignment>0x2</alignment>
         <input_file_ref idref="fl-2c"/>
      </object_component>
      <object_component id="oc-4f5">
         <name>.text.__aeabi_ldiv0</name>
         <load_address>0xeaca</load_address>
         <readonly>true</readonly>
         <executable>true</executable>
         <run_address>0xeaca</run_address>
         <size>0x2</size>
         <alignment>0x2</alignment>
         <input_file_ref idref="fl-11f"/>
      </object_component>
      <object_component id="oc-2ef">
         <name>.text.BalanceSoftLimits_ResetPositionFault</name>
         <load_address>0xeacc</load_address>
         <readonly>true</readonly>
         <executable>true</executable>
         <run_address>0xeacc</run_address>
         <size>0x64</size>
         <alignment>0x4</alignment>
         <input_file_ref idref="fl-7"/>
      </object_component>
      <object_component id="oc-2f3">
         <name>.text.MissionManager_Start</name>
         <load_address>0xeb30</load_address>
         <readonly>true</readonly>
         <executable>true</executable>
         <run_address>0xeb30</run_address>
         <size>0x64</size>
         <alignment>0x4</alignment>
         <input_file_ref idref="fl-1f"/>
      </object_component>
      <object_component id="oc-2ec">
         <name>.text.App_ResetToReady</name>
         <load_address>0xeb94</load_address>
         <readonly>true</readonly>
         <executable>true</executable>
         <run_address>0xeb94</run_address>
         <size>0x62</size>
         <alignment>0x2</alignment>
         <input_file_ref idref="fl-2"/>
      </object_component>
      <object_component id="oc-24e">
         <name>.text.__aeabi_fcmp</name>
         <load_address>0xebf8</load_address>
         <readonly>true</readonly>
         <executable>true</executable>
         <run_address>0xebf8</run_address>
         <size>0x62</size>
         <alignment>0x4</alignment>
         <input_file_ref idref="fl-113"/>
      </object_component>
      <object_component id="oc-15d">
         <name>.text:memset</name>
         <load_address>0xec5a</load_address>
         <readonly>true</readonly>
         <executable>true</executable>
         <run_address>0xec5a</run_address>
         <size>0x62</size>
         <alignment>0x1</alignment>
         <input_file_ref idref="fl-121"/>
      </object_component>
      <object_component id="oc-1d1">
         <name>.text.BalancePositionControl_Init</name>
         <load_address>0xecbc</load_address>
         <readonly>true</readonly>
         <executable>true</executable>
         <run_address>0xecbc</run_address>
         <size>0x60</size>
         <alignment>0x4</alignment>
         <input_file_ref idref="fl-6"/>
      </object_component>
      <object_component id="oc-506">
         <name>.text.__fixsfdi</name>
         <load_address>0xed1c</load_address>
         <readonly>true</readonly>
         <executable>true</executable>
         <run_address>0xed1c</run_address>
         <size>0x60</size>
         <alignment>0x4</alignment>
         <input_file_ref idref="fl-10d"/>
      </object_component>
      <object_component id="oc-1ee">
         <name>.text.Ultrasonic_Update_20ms</name>
         <load_address>0xed7c</load_address>
         <readonly>true</readonly>
         <executable>true</executable>
         <run_address>0xed7c</run_address>
         <size>0x5c</size>
         <alignment>0x4</alignment>
         <input_file_ref idref="fl-2d"/>
      </object_component>
      <object_component id="oc-3ed">
         <name>.text.speed_cmps_to_normalized_command</name>
         <load_address>0xedd8</load_address>
         <readonly>true</readonly>
         <executable>true</executable>
         <run_address>0xedd8</run_address>
         <size>0x5c</size>
         <alignment>0x4</alignment>
         <input_file_ref idref="fl-9"/>
      </object_component>
      <object_component id="oc-2d1">
         <name>.text.test_start_target</name>
         <load_address>0xee34</load_address>
         <readonly>true</readonly>
         <executable>true</executable>
         <run_address>0xee34</run_address>
         <size>0x5c</size>
         <alignment>0x4</alignment>
         <input_file_ref idref="fl-7"/>
      </object_component>
      <object_component id="oc-121">
         <name>.text.BalanceEncoder_Init</name>
         <load_address>0xee90</load_address>
         <readonly>true</readonly>
         <executable>true</executable>
         <run_address>0xee90</run_address>
         <size>0x58</size>
         <alignment>0x4</alignment>
         <input_file_ref idref="fl-5"/>
      </object_component>
      <object_component id="oc-1a3">
         <name>.text.MissionManager_Init</name>
         <load_address>0xeee8</load_address>
         <readonly>true</readonly>
         <executable>true</executable>
         <run_address>0xeee8</run_address>
         <size>0x58</size>
         <alignment>0x4</alignment>
         <input_file_ref idref="fl-1f"/>
      </object_component>
      <object_component id="oc-35f">
         <name>.text.OLED_PrintChar</name>
         <load_address>0xef40</load_address>
[...]
         <object_component_ref idref="oc-318"/>
      </symbol>
      <symbol id="sm-744">
         <name>TrackSensor_CountBlack</name>
         <value>0xfd19</value>
         <object_component_ref idref="oc-319"/>
      </symbol>
      <symbol id="sm-745">
         <name>TrackSensor_GetErrorFromRaw</name>
         <value>0xea65</value>
         <object_component_ref idref="oc-31a"/>
      </symbol>
      <symbol id="sm-746">
         <name>TrackSensor_IsLineLost</name>
         <value>0x1055b</value>
         <object_component_ref idref="oc-31e"/>
      </symbol>
      <symbol id="sm-747">
         <name>TrackSensor_IsLineDetected</name>
         <value>0x10551</value>
         <object_component_ref idref="oc-31d"/>
      </symbol>
      <symbol id="sm-748">
         <name>TrackSensor_IsCenterDetected</name>
         <value>0x10547</value>
         <object_component_ref idref="oc-31f"/>
      </symbol>
      <symbol id="sm-749">
         <name>TrackSensor_DetectTurn</name>
         <value>0xe925</value>
         <object_component_ref idref="oc-204"/>
      </symbol>
      <symbol id="sm-76f">
         <name>Ultrasonic_Init</name>
         <value>0xf1e5</value>
         <object_component_ref idref="oc-1ad"/>
      </symbol>
      <symbol id="sm-770">
         <name>Ultrasonic_Tick100us</name>
         <value>0xa18d</value>
         <object_component_ref idref="oc-85"/>
      </symbol>
      <symbol id="sm-771">
         <name>Ultrasonic_Update_20ms</name>
         <value>0xed7d</value>
         <object_component_ref idref="oc-1ee"/>
      </symbol>
      <symbol id="sm-772">
         <name>Ultrasonic_GetFeedback</name>
         <value>0x105f5</value>
         <object_component_ref idref="oc-2e8"/>
      </symbol>
      <symbol id="sm-782">
         <name>VisionProtocol_ParseV1TargetFrame</name>
         <value>0x948d</value>
         <object_component_ref idref="oc-1df"/>
      </symbol>
      <symbol id="sm-7b4">
         <name>VisionReceiver_Init</name>
         <value>0xf371</value>
         <object_component_ref idref="oc-123"/>
      </symbol>
      <symbol id="sm-7b5">
         <name>VisionReceiver_PushByteFromIsr</name>
         <value>0xf841</value>
         <object_component_ref idref="oc-a3"/>
      </symbol>
      <symbol id="sm-7b6">
         <name>VisionReceiver_Process</name>
         <value>0x3c3d</value>
         <object_component_ref idref="oc-127"/>
      </symbol>
      <symbol id="sm-7b7">
         <name>VisionReceiver_GetStatus</name>
         <value>0x10605</value>
         <object_component_ref idref="oc-329"/>
      </symbol>
      <symbol id="sm-7b8">
         <name>VisionReceiver_GetBallAxisObservation</name>
         <value>0x105fd</value>
         <object_component_ref idref="oc-350"/>
      </symbol>
      <symbol id="sm-7b9">
         <name>VisionReceiver_GetProtocolErrorCount</name>
         <value>0x10089</value>
         <object_component_ref idref="oc-389"/>
      </symbol>
      <symbol id="sm-7c6">
         <name>VisionTuningConsole_GetStatus</name>
         <value>0x1060d</value>
         <object_component_ref idref="oc-32a"/>
      </symbol>
      <symbol id="sm-7d6">
         <name>VisionUart_Init</name>
         <value>0x1034d</value>
         <object_component_ref idref="oc-124"/>
      </symbol>
      <symbol id="sm-7d7">
         <name>VisionUart_Process</name>
         <value>0xe5e7</value>
         <object_component_ref idref="oc-126"/>
      </symbol>
      <symbol id="sm-7d8">
         <name>UART3_IRQHandler</name>
         <value>0xf67d</value>
         <object_component_ref idref="oc-41"/>
      </symbol>
      <symbol id="sm-7fe">
         <name>WatchdogMonitor_Init</name>
         <value>0xfc09</value>
         <object_component_ref idref="oc-16f"/>
      </symbol>
      <symbol id="sm-7ff">
         <name>WatchdogMonitor_Tick1msFromIsr</name>
         <value>0xf235</value>
         <object_component_ref idref="oc-8b"/>
      </symbol>
      <symbol id="sm-800">
         <name>WatchdogMonitor_NotifyControlCycleComplete</name>
         <value>0x101ad</value>
         <object_component_ref idref="oc-125"/>
      </symbol>
      <symbol id="sm-801">
         <name>WatchdogMonitor_ApplyFaultIfNeeded</name>
         <value>0xf0f1</value>
         <object_component_ref idref="oc-1e9"/>
      </symbol>
      <symbol id="sm-802">
         <name>WatchdogMonitor_Reset</name>
         <value>0xfc39</value>
         <object_component_ref idref="oc-3ce"/>
      </symbol>
      <symbol id="sm-803">
         <name>WatchdogMonitor_HasTripped</name>
         <value>0x10511</value>
         <object_component_ref idref="oc-6e"/>
      </symbol>
      <symbol id="sm-804">
         <name>WatchdogMonitor_GetStatus</name>
         <value>0x10615</value>
         <object_component_ref idref="oc-32f"/>
      </symbol>
      <symbol id="sm-81b">
         <name>WheelSpeedEstimator_Init</name>
         <value>0xcc09</value>
         <object_component_ref idref="oc-181"/>
      </symbol>
      <symbol id="sm-81c">
         <name>g_wheelSpeedEstimatorRuntime</name>
         <value>0x20200b08</value>
      </symbol>
      <symbol id="sm-81d">
         <name>WheelSpeedEstimator_Update</name>
         <value>0x5a29</value>
         <object_component_ref idref="oc-1e8"/>
      </symbol>
      <symbol id="sm-81e">
         <name>WheelSpeedEstimator_GetRuntime</name>
         <value>0x1061d</value>
         <object_component_ref idref="oc-305"/>
      </symbol>
      <symbol id="sm-81f">
         <name>__TI_ATRegion0_src_addr</name>
         <value>0x0</value>
      </symbol>
      <symbol id="sm-820">
         <name>__TI_ATRegion0_trg_addr</name>
         <value>0x0</value>
      </symbol>
      <symbol id="sm-821">
         <name>__TI_ATRegion0_region_sz</name>
         <value>0x0</value>
      </symbol>
      <symbol id="sm-822">
         <name>__TI_ATRegion1_src_addr</name>
         <value>0x0</value>
      </symbol>
      <symbol id="sm-823">
         <name>__TI_ATRegion1_trg_addr</name>
         <value>0x0</value>
      </symbol>
      <symbol id="sm-824">
         <name>__TI_ATRegion1_region_sz</name>
         <value>0x0</value>
      </symbol>
      <symbol id="sm-825">
         <name>__TI_ATRegion2_src_addr</name>
         <value>0x0</value>
      </symbol>
      <symbol id="sm-826">
         <name>__TI_ATRegion2_trg_addr</name>
         <value>0x0</value>
      </symbol>
      <symbol id="sm-827">
         <name>__TI_ATRegion2_region_sz</name>
         <value>0x0</value>
      </symbol>
      <symbol id="sm-830">
         <name>DL_Common_delayCycles</name>
         <value>0x10529</value>
         <object_component_ref idref="oc-22d"/>
      </symbol>
      <symbol id="sm-845">
         <name>DL_FlashCTL_eraseMemoryFromRAM</name>
         <value>0x101e5</value>
         <object_component_ref idref="oc-499"/>
      </symbol>
      <symbol id="sm-846">
         <name>DL_FlashCTL_unprotectSector</name>
         <value>0xcdc9</value>
         <object_component_ref idref="oc-493"/>
      </symbol>
      <symbol id="sm-847">
         <name>DL_FlashCTL_programMemoryFromRAM64WithECCGenerated</name>
         <value>0xfd6d</value>
         <object_component_ref idref="oc-49a"/>
      </symbol>
      <symbol id="sm-864">
         <name>DL_Timer_setClockConfig</name>
         <value>0x10105</value>
         <object_component_ref idref="oc-231"/>
      </symbol>
      <symbol id="sm-865">
         <name>DL_Timer_setCaptureCompareValue</name>
         <value>0x103bd</value>
         <object_component_ref idref="oc-153"/>
      </symbol>
      <symbol id="sm-866">
         <name>DL_Timer_setCaptCompUpdateMethod</name>
         <value>0x100e9</value>
         <object_component_ref idref="oc-234"/>
      </symbol>
      <symbol id="sm-867">
         <name>DL_Timer_setCaptureCompareOutCtl</name>
         <value>0x101fd</value>
         <object_component_ref idref="oc-233"/>
      </symbol>
      <symbol id="sm-868">
         <name>DL_Timer_overrideCCPOut</name>
         <value>0xffc9</value>
         <object_component_ref idref="oc-14d"/>
      </symbol>
      <symbol id="sm-869">
         <name>DL_Timer_initFourCCPWMMode</name>
         <value>0xc361</value>
         <object_component_ref idref="oc-232"/>
      </symbol>
      <symbol id="sm-876">
         <name>DL_UART_init</name>
         <value>0xf455</value>
         <object_component_ref idref="oc-23d"/>
      </symbol>
      <symbol id="sm-877">
         <name>DL_UART_setClockConfig</name>
         <value>0x10389</value>
         <object_component_ref idref="oc-237"/>
      </symbol>
      <symbol id="sm-882">
         <name>_c_int00_noargs</name>
         <value>0xfe5d</value>
         <object_component_ref idref="oc-62"/>
      </symbol>
      <symbol id="sm-883">
         <name>__stack</name>
         <value>0x20207e00</value>
         <object_component_ref idref="oc-1c"/>
      </symbol>
      <symbol id="sm-88f">
         <name>__TI_auto_init_nopinit</name>
         <value>0xf409</value>
         <object_component_ref idref="oc-139"/>
      </symbol>
      <symbol id="sm-897">
         <name>_system_pre_init</name>
         <value>0x1064b</value>
         <object_component_ref idref="oc-b4"/>
      </symbol>
      <symbol id="sm-8a1">
         <name>copy_in</name>
         <value>0xf3bd</value>
         <object_component_ref idref="oc-223"/>
      </symbol>
      <symbol id="sm-8ab">
         <name>__TI_zero_init</name>
         <value>0x103ed</value>
         <object_component_ref idref="oc-5f"/>
      </symbol>
      <symbol id="sm-8b4">
         <name>__TI_decompress_none</name>
         <value>0x1039b</value>
         <object_component_ref idref="oc-22"/>
      </symbol>
      <symbol id="sm-8bf">
         <name>__TI_decompress_lzss</name>
         <value>0xe665</value>
         <object_component_ref idref="oc-1e"/>
      </symbol>
      <symbol id="sm-8c9">
         <name>abort</name>
         <value>0x10635</value>
         <object_component_ref idref="oc-12b"/>
      </symbol>
      <symbol id="sm-8d3">
         <name>HOSTexit</name>
         <value>0x1063b</value>
         <object_component_ref idref="oc-217"/>
      </symbol>
      <symbol id="sm-8d4">
         <name>C$$EXIT</name>
         <value>0x1063a</value>
         <object_component_ref idref="oc-217"/>
      </symbol>
      <symbol id="sm-8df">
         <name>__eqsf2</name>
         <value>0xf9f1</value>
         <object_component_ref idref="oc-3a0"/>
      </symbol>
      <symbol id="sm-8e0">
         <name>__lesf2</name>
         <value>0xf9f1</value>
         <object_component_ref idref="oc-3a0"/>
      </symbol>
      <symbol id="sm-8e1">
         <name>__ltsf2</name>
         <value>0xf9f1</value>
         <object_component_ref idref="oc-3a0"/>
      </symbol>
      <symbol id="sm-8e2">
         <name>__nesf2</name>
         <value>0xf9f1</value>
         <object_component_ref idref="oc-3a0"/>
      </symbol>
      <symbol id="sm-8e3">
         <name>__cmpsf2</name>
         <value>0xf9f1</value>
         <object_component_ref idref="oc-3a0"/>
      </symbol>
      <symbol id="sm-8e4">
         <name>__gtsf2</name>
         <value>0xf9b5</value>
         <object_component_ref idref="oc-3a1"/>
      </symbol>
      <symbol id="sm-8e5">
         <name>__gesf2</name>
         <value>0xf9b5</value>
         <object_component_ref idref="oc-3a1"/>
      </symbol>
      <symbol id="sm-8e6">
         <name>__unordsf2</name>
         <value>0x102bd</value>
         <object_component_ref idref="oc-349"/>
      </symbol>
      <symbol id="sm-8e7">
         <name>__aeabi_fcmpun</name>
         <value>0x102bd</value>
         <object_component_ref idref="oc-349"/>
      </symbol>
      <symbol id="sm-8ed">
         <name>__aeabi_fadd</name>
         <value>0xcf83</value>
         <object_component_ref idref="oc-272"/>
      </symbol>
      <symbol id="sm-8ee">
         <name>__addsf3</name>
         <value>0xcf83</value>
         <object_component_ref idref="oc-272"/>
      </symbol>
      <symbol id="sm-8ef">
         <name>__aeabi_fsub</name>
         <value>0xcf79</value>
         <object_component_ref idref="oc-272"/>
      </symbol>
      <symbol id="sm-8f0">
         <name>__subsf3</name>
         <value>0xcf79</value>
         <object_component_ref idref="oc-272"/>
      </symbol>
      <symbol id="sm-8f6">
         <name>__aeabi_fmul</name>
         <value>0xe141</value>
         <object_component_ref idref="oc-2d5"/>
      </symbol>
      <symbol id="sm-8f7">
         <name>__mulsf3</name>
         <value>0xe141</value>
         <object_component_ref idref="oc-2d5"/>
      </symbol>
      <symbol id="sm-8fd">
         <name>__aeabi_fdiv</name>
         <value>0xe3e5</value>
         <object_component_ref idref="oc-26e"/>
      </symbol>
      <symbol id="sm-8fe">
         <name>__divsf3</name>
         <value>0xe3e5</value>
         <object_component_ref idref="oc-26e"/>
      </symbol>
      <symbol id="sm-904">
         <name>__aeabi_f2lz</name>
         <value>0xed1d</value>
         <object_component_ref idref="oc-506"/>
      </symbol>
      <symbol id="sm-905">
         <name>__fixsfdi</name>
         <value>0xed1d</value>
         <object_component_ref idref="oc-506"/>
      </symbol>
      <symbol id="sm-90b">
         <name>__aeabi_f2iz</name>
         <value>0xfaa1</value>
         <object_component_ref idref="oc-343"/>
      </symbol>
      <symbol id="sm-90c">
         <name>__fixsfsi</name>
         <value>0xfaa1</value>
         <object_component_ref idref="oc-343"/>
      </symbol>
      <symbol id="sm-912">
         <name>__aeabi_l2f</name>
         <value>0xf2d5</value>
         <object_component_ref idref="oc-2dd"/>
      </symbol>
      <symbol id="sm-913">
         <name>__floatdisf</name>
         <value>0xf2d5</value>
         <object_component_ref idref="oc-2dd"/>
      </symbol>
      <symbol id="sm-919">
         <name>__aeabi_i2f</name>
         <value>0xf979</value>
         <object_component_ref idref="oc-26a"/>
      </symbol>
      <symbol id="sm-91a">
         <name>__floatsisf</name>
         <value>0xf979</value>
         <object_component_ref idref="oc-26a"/>
      </symbol>
      <symbol id="sm-920">
         <name>__aeabi_ui2f</name>
         <value>0xfe0d</value>
         <object_component_ref idref="oc-2d9"/>
      </symbol>
      <symbol id="sm-921">
         <name>__floatunsisf</name>
         <value>0xfe0d</value>
         <object_component_ref idref="oc-2d9"/>
      </symbol>
      <symbol id="sm-927">
         <name>__aeabi_lmul</name>
         <value>0xffa5</value>
         <object_component_ref idref="oc-36e"/>
      </symbol>
      <symbol id="sm-928">
         <name>__muldi3</name>
         <value>0xffa5</value>
         <object_component_ref idref="oc-36e"/>
      </symbol>
      <symbol id="sm-92e">
         <name>__aeabi_fcmpeq</name>
         <value>0xebf9</value>
         <object_component_ref idref="oc-24e"/>
      </symbol>
      <symbol id="sm-92f">
         <name>__aeabi_fcmplt</name>
         <value>0xec0d</value>
         <object_component_ref idref="oc-24e"/>
      </symbol>
      <symbol id="sm-930">
         <name>__aeabi_fcmple</name>
         <value>0xec21</value>
         <object_component_ref idref="oc-24e"/>
      </symbol>
      <symbol id="sm-931">
         <name>__aeabi_fcmpge</name>
         <value>0xec35</value>
         <object_component_ref idref="oc-24e"/>
      </symbol>
      <symbol id="sm-932">
         <name>__aeabi_fcmpgt</name>
         <value>0xec49</value>
         <object_component_ref idref="oc-24e"/>
      </symbol>
      <symbol id="sm-938">
         <name>__aeabi_idiv</name>
         <value>0xeff1</value>
         <object_component_ref idref="oc-3e1"/>
      </symbol>
      <symbol id="sm-939">
         <name>__aeabi_idivmod</name>
         <value>0xeff1</value>
         <object_component_ref idref="oc-3e1"/>
      </symbol>
      <symbol id="sm-93f">
         <name>__aeabi_ldivmod</name>
         <value>0x10361</value>
         <object_component_ref idref="oc-266"/>
      </symbol>
      <symbol id="sm-945">
         <name>__aeabi_memcpy</name>
         <value>0x10625</value>
         <object_component_ref idref="oc-52"/>
      </symbol>
      <symbol id="sm-946">
         <name>__aeabi_memcpy4</name>
         <value>0x10625</value>
         <object_component_ref idref="oc-52"/>
      </symbol>
      <symbol id="sm-947">
         <name>__aeabi_memcpy8</name>
         <value>0x10625</value>
         <object_component_ref idref="oc-52"/>
      </symbol>
      <symbol id="sm-94d">
         <name>__aeabi_memmove</name>
         <value>0x1062d</value>
         <object_component_ref idref="oc-1db"/>
      </symbol>
      <symbol id="sm-94e">
         <name>__aeabi_memmove4</name>
         <value>0x1062d</value>
         <object_component_ref idref="oc-1db"/>
      </symbol>
      <symbol id="sm-94f">
         <name>__aeabi_memmove8</name>
         <value>0x1062d</value>
         <object_component_ref idref="oc-1db"/>
      </symbol>
      <symbol id="sm-956">
         <name>__aeabi_memclr</name>
         <value>0x1051d</value>
         <object_component_ref idref="oc-af"/>
      </symbol>
      <symbol id="sm-957">
         <name>__aeabi_memclr4</name>
         <value>0x1051d</value>
         <object_component_ref idref="oc-af"/>
      </symbol>
      <symbol id="sm-958">
         <name>__aeabi_memclr8</name>
         <value>0x1051d</value>
         <object_component_ref idref="oc-af"/>
      </symbol>
      <symbol id="sm-95e">
         <name>__aeabi_uidiv</name>
         <value>0xf881</value>
         <object_component_ref idref="oc-df"/>
      </symbol>
      <symbol id="sm-95f">
         <name>__aeabi_uidivmod</name>
         <value>0xf881</value>
         <object_component_ref idref="oc-df"/>
      </symbol>
      <symbol id="sm-965">
         <name>__aeabi_uldivmod</name>
         <value>0x10375</value>
         <object_component_ref idref="oc-36a"/>
      </symbol>
      <symbol id="sm-96b">
         <name>__udivmoddi4</name>
         <value>0xdb45</value>
         <object_component_ref idref="oc-47f"/>
      </symbol>
      <symbol id="sm-971">
         <name>__muldsi3</name>
         <value>0xfa2d</value>
         <object_component_ref idref="oc-3c2"/>
      </symbol>
      <symbol id="sm-977">
         <name>__aeabi_llsl</name>
         <value>0x100c9</value>
         <object_component_ref idref="oc-4f6"/>
      </symbol>
      <symbol id="sm-978">
         <name>__ashldi3</name>
         <value>0x100c9</value>
         <object_component_ref idref="oc-4f6"/>
      </symbol>
      <symbol id="sm-981">
         <name>__divmoddi4</name>
         <value>0xf8c1</value>
         <object_component_ref idref="oc-3a4"/>
      </symbol>
      <symbol id="sm-98d">
         <name>__aeabi_idiv0</name>
         <value>0xe993</value>
         <object_component_ref idref="oc-144"/>
      </symbol>
      <symbol id="sm-98e">
         <name>__aeabi_ldiv0</name>
         <value>0xeacb</value>
         <object_component_ref idref="oc-4f5"/>
      </symbol>
      <symbol id="sm-9a7">
         <name>memcpy</name>
         <value>0xddc5</value>
         <object_component_ref idref="oc-110"/>
      </symbol>
      <symbol id="sm-9b6">
         <name>memset</name>
         <value>0xec5b</value>
         <object_component_ref idref="oc-15d"/>
      </symbol>
      <symbol id="sm-9bf">
         <name>memmove</name>
         <value>0xfe35</value>
         <object_component_ref idref="oc-2c4"/>
      </symbol>
      <symbol id="sm-9c0">
         <name>__TI_static_base__</name>
         <value>0x0</value>
      </symbol>
      <symbol id="sm-9c4">
         <name>__mpu_init</name>
         <value>0x0</value>
      </symbol>
      <symbol id="sm-9c5">
         <name>_system_post_cinit</name>
         <value>0x0</value>
      </symbol>
   </symbol_table>
   <title>Link successful</title>
</link_info>
