******************************************************************************
            TI ARM Clang Linker PC v4.0.4                      
******************************************************************************
>> Linked Thu Jul 30 21:43:56 2026

OUTPUT FILE NAME:   <diansaikaishi.out>
ENTRY POINT SYMBOL: "_c_int00_noargs"  address: 0000fbfd


MEMORY CONFIGURATION

         name            origin    length      used     unused   attr    fill
----------------------  --------  ---------  --------  --------  ----  --------
  FLASH                 00000000   00020000  00010bc0  0000f440  R  X
  SRAM                  20200000   00008000  000012db  00006d25  RW X
  BCR_CONFIG            41c00000   000000ff  00000000  000000ff  R   
  BSL_CONFIG            41c00100   00000080  00000000  00000080  R   


SEGMENT ALLOCATION MAP

run origin  load origin   length   init length attrs members
----------  ----------- ---------- ----------- ----- -------
00000000    00000000    00010bc0   00010bc0    r-x
  00000000    00000000    000000c0   000000c0    r-- .intvecs
  000000c0    000000c0    00010320   00010320    r-x .text
  000103e0    000103e0    000007b0   000007b0    r-- .rodata
  00010b90    00010b90    00000030   00000030    r-- .cinit
20200000    20200000    000010db   00000000    rw-
  20200000    20200000    000010da   00000000    rw- .bss
  202010da    202010da    00000001   00000000    rw- .data
20207e00    20207e00    00000200   00000000    rw-
  20207e00    20207e00    00000200   00000000    rw- .stack


SECTION ALLOCATION MAP

 output                                  attributes/
section   page    origin      length       input sections
--------  ----  ----------  ----------   ----------------
.intvecs   0    00000000    000000c0     
                  00000000    000000c0     startup_mspm0g350x_ticlang.o (.intvecs)

.text      0    000000c0    00010320     
                  000000c0    00003ae0     oled_ui.o (.text.OledUi_Update_20ms)
                  00003ba0    00001dd4     vision_tuning_console.o (.text.VisionTuningConsole_Process)
                  00005974    0000064c     app_config.o (.text.AppConfig_LimitAll)
                  00005fc0    000005ac     imu.o (.text.Imu_CalibrateGyroBias)
                  0000656c    00000524     line_controller.o (.text.LineController_Update)
                  00006a90    0000049c     runtime_snapshot.o (.text.RuntimeSnapshot_Update)
                  00006f2c    0000044c     motor_control.o (.text.update_wheel)
                  00007378    00000424     wheel_speed_estimator.o (.text.WheelSpeedEstimator_Update)
                  0000779c    000003e0     imu.o (.text.Imu_Update)
                  00007b7c    000003b0     vision_receiver.o (.text.VisionReceiver_Process)
                  00007f2c    00000380     imu.o (.text.Imu_Init)
                  000082ac    00000370     gimbal.o (.text.gimbal_update_feedback)
                  0000861c    00000310     vision_tuning_console.o (.text.append_scaled)
                  0000892c    000002f0     imu.o (.text.mpu6050_read_regs)
                  00008c1c    000002cc     car_controller.o (.text.handle_drive_distance)
                  00008ee8    000002b0     motion_action.o (.text.MotionAction_Update_20ms)
                  00009198    0000028c     motor_control.o (.text.MotorControl_Update)
                  00009424    00000268     car_controller.o (.text.handle_turn_to_yaw)
                  0000968c    00000250     menu.o (.text.menu_adjust_param)
                  000098dc    00000238     menu.o (.text.Menu_HandleKeyEvent)
                  00009b14    00000220     app_config.o (.text.AppConfig_InitDefault)
                  00009d34    00000220     motion_action.o (.text.motion_action_start_internal)
                  00009f54    00000204     motor.o (.text.Motor_SetSpeed)
                  0000a158    000001f4     vision_protocol.o (.text.VisionProtocol_ParseV1TargetFrame)
                  0000a34c    000001e8     motor_control.o (.text.config_is_valid)
                  0000a534    000001e4     mission_library.o (.text.MissionLibrary_Validate)
                  0000a718    000001cc     imu.o (.text.imu_i2c_write_byte)
                  0000a8e4    000001cc     oled_ui.o (.text.print_status_page)
                  0000aab0    000001b8     oled.o (.text.oled_i2c_write_byte)
                  0000ac68    000001a0     ultrasonic.o (.text.Ultrasonic_Tick100us)
                  0000ae08    0000019c     car_controller.o (.text.CarController_StartDriveDistanceAtYaw)
                  0000afa4    00000194     gimbal_stepper.o (.text.GimbalStepper_Tick100us)
                  0000b138    00000190     car_controller.o (.text.CarController_Update_20ms)
                  0000b2c8    0000017c     app.o (.text.App_Update_20ms)
                  0000b444    00000174     key.o (.text.Key_Update_20ms)
                  0000b5b8    00000170     oled.o (.text.OLED_FlushPage)
                  0000b728    0000016c     oled.o (.text.OLED_PrintInt16)
                  0000b894    00000158     vision_tuning_console.o (.text.send_parameter_reply)
                  0000b9ec    00000158     vision_tuning_console.o (.text.send_yaw_parameter_reply)
                  0000bb44    0000012c     imu.o (.text.imu_i2c_recover_bus)
                  0000bc70    00000128     line_controller.o (.text.LineController_Reset)
                  0000bd98    00000128     mission_manager.o (.text.MissionManager_Update_20ms)
                  0000bec0    00000124     oled.o (.text.OLED_Init)
                  0000bfe4    00000124     vision_tuning_console.o (.text.send_simple_reply)
                  0000c108    0000011c     car_controller.o (.text.handle_drive_heading)
                  0000c224    00000114     car_controller.o (.text.handle_follow_line)
                  0000c338    0000010c     line_controller.o (.text.LineController_ResetControlState)
                  0000c444    00000108     balance_soft_limits.o (.text.BalanceSoftLimits_CaptureCurrentStage)
                  0000c54c    00000104     driverlib.a : dl_timer.o (.text.DL_Timer_initFourCCPWMMode)
                  0000c650    00000104     line_controller.o (.text.LineController_Init)
                  0000c754    00000100     motor_control.o (.text.MotorControl_SetNormalizedTarget)
                  0000c854    00000100     ti_msp_dl_config.o (.text.SYSCFG_DL_GPIO_init)
                  0000c954    000000fc     mission_manager.o (.text.MissionManager_SelectNext)
                  0000ca50    000000ec     heading_control.o (.text.HeadingControl_Update)
                  0000cb3c    000000ec     empty.o (.text.main)
                  0000cc28    000000e8     mission_manager.o (.text.MissionManager_SelectPrevious)
                  0000cd10    000000e8     obstacle_safety.o (.text.ObstacleSafety_Update_20ms)
                  0000cdf8    000000e8     vision_protocol.o (.text.fields_are_valid)
                  0000cee0    000000e0     wheel_speed_estimator.o (.text.WheelSpeedEstimator_Init)
                  0000cfc0    000000d8     oled.o (.text.OLED_PrintUInt16)
                  0000d098    000000d8     libclang_rt.builtins.a : addsf3.S.obj (.text)
                  0000d170    000000d4     car_controller.o (.text.CarController_StartDriveDistance)
                  0000d244    000000d4     gimbal_stepper.o (.text.GimbalStepper_MoveRelativeSteps)
                  0000d318    000000cc     balance_encoder.o (.text.BalanceEncoder_HandleGpioInterrupt)
                  0000d3e4    000000c8     fault.o (.text.FaultCode_ToShortString)
                  0000d4ac    000000c0     angle_utils.o (.text.Angle_Normalize180)
                  0000d56c    000000bc     car_controller.o (.text.CarController_ResetRuntime)
                  0000d628    000000bc     menu.o (.text.Menu_GetParamValue)
                  0000d6e4    000000b4     gimbal_stepper.o (.text.GimbalStepper_StopHold)
                  0000d798    000000b0     gimbal_stepper.o (.text.GimbalStepper_Init)
                  0000d848    000000b0     empty.o (.text.SysTick_Handler)
                  0000d8f8    000000a4     encoder.o (.text.Encoder_HandleGpioInterrupt)
                  0000d99c    000000a2     libclang_rt.builtins.a : udivmoddi4.S.obj (.text)
                  0000da3e    00000002     startup_mspm0g350x_ticlang.o (.text.Default_Handler)
                  0000da40    000000a0     car_controller.o (.text.drive_distance_high_decel_zone_cm)
                  0000dae0    0000009c     obstacle_monitor.o (.text.ObstacleMonitor_Update_20ms)
                  0000db7c    0000009a     libc.a : memcpy16.S.obj (.text:memcpy)
                  0000dc16    00000002     obstacle_avoidance.o (.text.ObstacleAvoidance_Update_20ms)
                  0000dc18    00000098     imu.o (.text.mpu6050_write_reg)
                  0000dcb0    00000094     car_controller.o (.text.CarController_StartTurnToYawRelative)
                  0000dd44    00000090     car_controller.o (.text.CarController_ResetTransientState)
                  0000ddd4    0000008c     ti_msp_dl_config.o (.text.SYSCFG_DL_PWM_MOTOR_init)
                  0000de60    0000008c     libclang_rt.builtins.a : mulsf3.S.obj (.text.__mulsf3)
                  0000deec    0000008c     car_controller.o (.text.heading_imu_wait_or_fail)
                  0000df78    00000008     bluetooth_uart.o (.text.BluetoothUart_GetRuntime)
                  0000df80    00000088     libc.a : strcmp-armv6m.S.obj (.text:strcmp)
                  0000e008    00000084     car_controller.o (.text.CarController_SetSafetyHold)
                  0000e08c    00000084     gimbal_stepper.o (.text.GimbalStepper_ConfirmZero)
                  0000e110    00000084     motor.o (.text.Motor_Init)
                  0000e194    00000082     libclang_rt.builtins.a : divsf3.S.obj (.text.__divsf3)
                  0000e216    00000002     track_sensor.o (.text.TrackSensor_Init)
                  0000e218    00000080     balance_soft_limits.o (.text.BalanceSoftLimits_GetSnapshot)
                  0000e298    00000080     car_controller.o (.text.CarController_StartDriveHeading)
                  0000e318    00000080     motor.o (.text.Motor_Stop)
                  0000e398    0000007e     app.o (.text.App_Init)
                  0000e416    00000002     libclang_rt.builtins.a : aeabi_div0.c.obj (.text.__aeabi_idiv0)
                  0000e418    0000007c     vision_pitch_tuning.o (.text.VisionPitchTuning_Set)
                  0000e494    0000007c     libc.a : copy_decompress_lzss.c.obj (.text:decompress:lzss)
                  0000e510    00000078     balance_soft_limits.o (.text.BalanceSoftLimits_Enforce100usFromIsr)
                  0000e588    00000078     oled.o (.text.oled_write_command)
                  0000e600    00000074     motor_control.o (.text.latch_control_error)
                  0000e674    00000070     gimbal_stepper.o (.text.GimbalStepper_Release)
                  0000e6e4    00000070     ti_msp_dl_config.o (.text.SYSCFG_DL_UART_VISION_init)
                  0000e754    00000070     vision_yaw_tuning.o (.text.VisionYawTuning_Set)
                  0000e7c4    0000006e     track_sensor.o (.text.TrackSensor_DetectTurn)
                  0000e832    00000002     libclang_rt.builtins.a : aeabi_div0.c.obj (.text.__aeabi_ldiv0)
                  0000e834    00000068     balance_encoder.o (.text.BalanceEncoder_CalculateFollowError)
                  0000e89c    00000068     mission_manager.o (.text.MissionManager_GetSelectedMissionIndex)
                  0000e904    00000068     car_controller.o (.text.set_output_speed)
                  0000e96c    00000066     track_sensor.o (.text.TrackSensor_GetErrorFromRaw)
                  0000e9d2    00000002     --HOLE-- [fill = 0]
                  0000e9d4    00000064     balance_soft_limits.o (.text.BalanceSoftLimits_BeginAtCurrentAsZero)
                  0000ea38    00000064     mission_manager.o (.text.MissionManager_Start)
                  0000ea9c    00000062     app.o (.text.App_ResetToReady)
                  0000eafe    00000002     --HOLE-- [fill = 0]
                  0000eb00    00000062     libclang_rt.builtins.a : aeabi_fcmp.S.obj (.text.__aeabi_fcmp)
                  0000eb62    00000062     libc.a : memset16.S.obj (.text:memset)
                  0000ebc4    00000060     vision_tuning_console.o (.text.VisionTuningConsole_Init)
                  0000ec24    00000060     libclang_rt.builtins.a : fixsfdi.S.obj (.text.__fixsfdi)
                  0000ec84    0000005c     vision_uart.o (.text.UART3_IRQHandler)
                  0000ece0    0000005c     ultrasonic.o (.text.Ultrasonic_Update_20ms)
                  0000ed3c    0000005c     car_controller.o (.text.speed_cmps_to_normalized_command)
                  0000ed98    00000058     balance_encoder.o (.text.BalanceEncoder_Init)
                  0000edf0    00000058     mission_manager.o (.text.MissionManager_Init)
                  0000ee48    00000058     oled.o (.text.OLED_PrintChar)
                  0000eea0    00000058     motion_action.o (.text.motion_action_start_imu_controller)
                  0000eef8    00000056     libclang_rt.builtins.a : aeabi_idivmod.S.obj (.text.__aeabi_idivmod)
                  0000ef4e    00000002     --HOLE-- [fill = 0]
                  0000ef50    00000054     car_controller.o (.text.CarController_Stop)
                  0000efa4    00000054     track_sensor.o (.text.TrackSensor_ReadRaw)
                  0000eff8    00000054     watchdog_monitor.o (.text.WatchdogMonitor_ApplyFaultIfNeeded)
                  0000f04c    00000050     ultrasonic.o (.text.Ultrasonic_Init)
                  0000f09c    00000050     watchdog_monitor.o (.text.WatchdogMonitor_Tick1msFromIsr)
                  0000f0ec    0000004e     libclang_rt.builtins.a : floatdisf.S.obj (.text.__floatdisf)
                  0000f13a    00000002     --HOLE-- [fill = 0]
                  0000f13c    0000004c     motor_control.o (.text.MotorControl_Stop)
                  0000f188    00000048     driverlib.a : dl_uart.o (.text.DL_UART_init)
                  0000f1d0    00000048     mission_manager.o (.text.MissionManager_Cancel)
                  0000f218    00000044     car_controller.o (.text.CarController_StartFollowLine)
                  0000f25c    00000044     emergency_stop.o (.text.EmergencyStop_Reset)
                  0000f2a0    00000044     encoder.o (.text.Encoder_GetAndClearPulseDeltas)
                  0000f2e4    00000044     imu.o (.text.Imu_ResetYaw)
                  0000f328    00000044     mission_manager.o (.text.MissionManager_Reset)
                  0000f36c    00000044     servo.o (.text.Servo_Tick100us)
                  0000f3b0    00000040     balance_encoder.o (.text.BalanceEncoder_GetSnapshot)
                  0000f3f0    00000040     car_controller.o (.text.CarController_ResumeFollowLine)
                  0000f430    00000040     fault.o (.text.Fault_Raise)
                  0000f470    00000040     ti_msp_dl_config.o (.text.SYSCFG_DL_SYSCTL_init)
                  0000f4b0    00000040     ti_msp_dl_config.o (.text.SYSCFG_DL_initPower)
                  0000f4f0    00000040     vision_receiver.o (.text.VisionReceiver_PushByteFromIsr)
                  0000f530    00000040     libclang_rt.builtins.a : aeabi_uidivmod.S.obj (.text.__aeabi_uidivmod)
                  0000f570    0000003e                            : divmoddi4.c.obj (.text.__divmoddi4)
                  0000f5ae    00000002     --HOLE-- [fill = 0]
                  0000f5b0    0000003c     mission_manager.o (.text.MissionManager_Resume)
                  0000f5ec    0000003c     servo.o (.text.Servo_SetAngleDeg)
                  0000f628    0000003c     vision_tuning_console.o (.text.VisionTuningConsole_PushByteFromIsr)
                  0000f664    0000003c     libclang_rt.builtins.a : floatsisf.S.obj (.text.__floatsisf)
                  0000f6a0    0000003c                            : comparesf2.S.obj (.text.__gtsf2)
                  0000f6dc    0000003c     libc.a : autoinit.c.obj (.text:__TI_auto_init_nobinit_nopinit)
                  0000f718    0000003a     libclang_rt.builtins.a : comparesf2.S.obj (.text.__eqsf2)
                  0000f752    00000002     --HOLE-- [fill = 0]
                  0000f754    0000003a                            : muldsi3.S.obj (.text.__muldsi3)
                  0000f78e    00000002     --HOLE-- [fill = 0]
                  0000f790    00000038     emergency_stop.o (.text.EmergencyStop_Trigger)
                  0000f7c8    00000038     vision_receiver.o (.text.VisionReceiver_Init)
                  0000f800    00000038     libclang_rt.builtins.a : fixsfsi.S.obj (.text.__fixsfsi)
                  0000f838    00000034     imu.o (.text.Imu_IsReady)
                  0000f86c    00000034     mission_library.o (.text.MissionLibrary_FindById)
                  0000f8a0    00000034     vision_tuning_console.o (.text.VisionTuningConsole_TryPopTxByte)
                  0000f8d4    00000034     vision_uart.o (.text.VisionUart_Process)
                  0000f908    00000032     oled.o (.text.OLED_PrintString)
                  0000f93a    00000002     --HOLE-- [fill = 0]
                  0000f93c    00000030     balance_soft_limits.o (.text.BalanceSoftLimits_Init)
                  0000f96c    00000030     key.o (.text.Key_Init)
                  0000f99c    00000030     line_controller.o (.text.LineController_ObserveSensors)
                  0000f9cc    00000030     vision_pitch_tuning.o (.text.VisionPitchTuning_RestoreDefault)
                  0000f9fc    00000030     watchdog_monitor.o (.text.WatchdogMonitor_Init)
                  0000fa2c    00000030     watchdog_monitor.o (.text.WatchdogMonitor_Reset)
                  0000fa5c    0000002c     encoder.o (.text.Encoder_Reset)
                  0000fa88    0000002c     mission_manager.o (.text.MissionManager_Pause)
                  0000fab4    0000002c     track_sensor.o (.text.TrackSensor_CountBlack)
                  0000fae0    0000002c     vision_yaw_tuning.o (.text.VisionYawTuning_RestoreDefault)
                  0000fb0c    00000028     emergency_stop.o (.text.EmergencyStop_Enforce)
                  0000fb34    00000028     magnet.o (.text.Magnet_ForceOff)
                  0000fb5c    00000028     servo.o (.text.Servo_Init)
                  0000fb84    00000028     vision_pitch_tuning.o (.text.VisionPitchTuning_Init)
                  0000fbac    00000028     libclang_rt.builtins.a : floatunsisf.S.obj (.text.__floatunsisf)
                  0000fbd4    00000028     libc.a : memmov.c.obj (.text.memmove)
                  0000fbfc    00000028            : boot_cortex_m.c.obj (.text:_c_int00_noargs)
                  0000fc24    00000024     balance_encoder.o (.text.BalanceEncoder_SampleSpeed10msFromIsr)
                  0000fc48    00000024     gimbal_stepper.o (.text.GimbalStepper_GetFeedbackSnapshot)
                  0000fc6c    00000024     mission_manager.o (.text.MissionManager_ReportExternalFailure)
                  0000fc90    00000024     motor_control.o (.text.MotorControl_Init)
                  0000fcb4    00000024     motor_control.o (.text.MotorControl_Reset)
                  0000fcd8    00000024     oled.o (.text.OLED_ClearBuffer)
                  0000fcfc    00000024     ti_msp_dl_config.o (.text.SYSCFG_DL_init)
                  0000fd20    00000024     vision_yaw_tuning.o (.text.VisionYawTuning_Init)
                  0000fd44    00000024     libclang_rt.builtins.a : muldi3.S.obj (.text.__muldi3)
                  0000fd68    00000020     driverlib.a : dl_timer.o (.text.DL_Timer_overrideCCPOut)
                  0000fd88    00000020     debug_telemetry.o (.text.DebugTelemetry_Update)
                  0000fda8    00000020     empty.o (.text.GROUP1_IRQHandler)
                  0000fdc8    00000020     magnet.o (.text.Magnet_Init)
                  0000fde8    00000020     oled.o (.text.OLED_SetCursor)
                  0000fe08    00000020     empty.o (.text.SchedulerMonitor_GetStats)
                  0000fe28    00000020     mission_manager.o (.text.mission_finish_error)
                  0000fe48    0000001e     libclang_rt.builtins.a : ashldi3.S.obj (.text.__ashldi3)
                  0000fe66    00000002     --HOLE-- [fill = 0]
                  0000fe68    0000001c     driverlib.a : dl_timer.o (.text.DL_Timer_setCaptCompUpdateMethod)
                  0000fe84    0000001c                 : dl_timer.o (.text.DL_Timer_setClockConfig)
                  0000fea0    0000001c     heading_control.o (.text.HeadingControl_SetTargetYaw)
                  0000febc    0000001c     menu.o (.text.Menu_Init)
                  0000fed8    0000001c     motion_action.o (.text.MotionAction_Cancel)
                  0000fef4    0000001c     obstacle_monitor.o (.text.ObstacleMonitor_Init)
                  0000ff10    0000001c     obstacle_safety.o (.text.ObstacleSafety_Init)
                  0000ff2c    0000001c     vision_pitch_tuning.o (.text.VisionPitchTuning_ParamName)
                  0000ff48    0000001c     vision_yaw_tuning.o (.text.VisionYawTuning_GetSnapshot)
                  0000ff64    0000001c     vision_yaw_tuning.o (.text.VisionYawTuning_ParamName)
                  0000ff80    0000001c     watchdog_monitor.o (.text.WatchdogMonitor_NotifyControlCycleComplete)
                  0000ff9c    0000001c     mission_manager.o (.text.mission_finish_success)
                  0000ffb8    00000018     driverlib.a : dl_timer.o (.text.DL_Timer_setCaptureCompareOutCtl)
                  0000ffd0    00000018     debug_telemetry.o (.text.DebugTelemetry_Init)
                  0000ffe8    00000018     heading_control.o (.text.HeadingControl_Init)
                  00010000    00000018     heading_control.o (.text.HeadingControl_Reset)
                  00010018    00000018     menu.o (.text.Menu_ParamItemToString)
                  00010030    00000018     motion_action.o (.text.MotionAction_Init)
                  00010048    00000018     obstacle_avoidance.o (.text.ObstacleAvoidance_Init)
                  00010060    00000018     runtime_snapshot.o (.text.RuntimeSnapshot_Init)
                  00010078    00000016     libclang_rt.builtins.a : comparesf2.S.obj (.text.__unordsf2)
                  0001008e    00000002     --HOLE-- [fill = 0]
                  00010090    00000014     balance_soft_limits.o (.text.BalanceSoftLimits_AbortCalibration)
                  000100a4    00000014     fault.o (.text.Fault_Clear)
                  000100b8    00000014     fault.o (.text.Fault_Init)
                  000100cc    00000014     gimbal_stepper.o (.text.GimbalStepper_SetStepHalfPeriodTicks)
                  000100e0    00000014     heading_control.o (.text.HeadingControl_Enable)
                  000100f4    00000014     mission_library.o (.text.MissionLibrary_GetByIndex)
                  00010108    00000014     mission_manager.o (.text.MissionManager_GetSelectedMissionId)
                  0001011c    00000014     vision_pitch_tuning.o (.text.VisionPitchTuning_GetSnapshot)
                  00010130    00000014     vision_uart.o (.text.VisionUart_Init)
                  00010144    00000014     libclang_rt.builtins.a : aeabi_ldivmod.S.obj (.text.__aeabi_ldivmod)
                  00010158    00000014                            : aeabi_uldivmod.S.obj (.text.__aeabi_uldivmod)
                  0001016c    00000012     driverlib.a : dl_uart.o (.text.DL_UART_setClockConfig)
                  0001017e    00000012     libc.a : copy_decompress_none.c.obj (.text:decompress:none)
                  00010190    00000010     driverlib.a : dl_timer.o (.text.DL_Timer_setCaptureCompareValue)
                  000101a0    00000010     gimbal.o (.text.Gimbal_YawGetFeedback)
                  000101b0    00000010     key.o (.text.Key_GetEvent)
                  000101c0    00000010     libc.a : copy_zero_init.c.obj (.text:decompress:ZI)
                  000101d0    0000000c     balance_encoder.o (.text.BalanceEncoder_GetCountAtomic)
                  000101dc    0000000c     balance_soft_limits.o (.text.BalanceSoftLimits_IsCalibrationActive)
                  000101e8    0000000c     car_controller.o (.text.CarController_GetRunMode)
                  000101f4    0000000c     car_controller.o (.text.CarController_Init)
                  00010200    0000000c     car_controller.o (.text.CarController_IsSafetyHoldActive)
                  0001020c    0000000c     car_state.o (.text.CarState_Get)
                  00010218    0000000c     car_state.o (.text.CarState_Init)
                  00010224    0000000c     car_state.o (.text.CarState_Set)
                  00010230    0000000c     emergency_stop.o (.text.EmergencyStop_Init)
                  0001023c    0000000c     emergency_stop.o (.text.EmergencyStop_IsActive)
                  00010248    0000000c     imu.o (.text.Imu_GetCorrectedGyroZDps)
                  00010254    0000000c     imu.o (.text.Imu_GetYaw)
                  00010260    0000000c     menu.o (.text.Menu_GetPage)
                  0001026c    0000000c     menu.o (.text.Menu_GetParamItem)
                  00010278    0000000c     mission_manager.o (.text.MissionManager_IsExternallyHeld)
                  00010284    0000000c     mission_manager.o (.text.MissionManager_SetExternalHold)
                  00010290    0000000c     obstacle_avoidance.o (.text.ObstacleAvoidance_IsActive)
                  0001029c    0000000c     obstacle_avoidance.o (.text.ObstacleAvoidance_IsFailed)
                  000102a8    0000000c     obstacle_safety.o (.text.ObstacleSafety_IsHolding)
                  000102b4    0000000c     empty.o (.text.SystemTime_GetMs)
                  000102c0    0000000c     watchdog_monitor.o (.text.WatchdogMonitor_HasTripped)
                  000102cc    0000000c     libclang_rt.builtins.a : aeabi_memset.S.obj (.text.__aeabi_memclr)
                  000102d8    0000000a     driverlib.a : dl_common.o (.text.DL_Common_delayCycles)
                  000102e2    0000000a     motion_action.o (.text.MotionAction_Resume)
                  000102ec    0000000a     motion_action.o (.text.MotionAction_Start)
                  000102f6    0000000a     track_sensor.o (.text.TrackSensor_IsCenterDetected)
                  00010300    0000000a     track_sensor.o (.text.TrackSensor_IsLineDetected)
                  0001030a    0000000a     track_sensor.o (.text.TrackSensor_IsLineLost)
                  00010314    00000008     car_controller.o (.text.CarController_GetFeedback)
                  0001031c    00000008     fault.o (.text.Fault_GetRecord)
                  00010324    00000008     gimbal_stepper.o (.text.GimbalStepper_GetFeedback)
                  0001032c    00000008     heading_control.o (.text.HeadingControl_GetRuntime)
                  00010334    00000008     imu.o (.text.Imu_GetRuntime)
                  0001033c    00000008     line_controller.o (.text.LineController_GetRuntime)
                  00010344    00000008     mission_manager.o (.text.MissionManager_GetMissionCount)
                  0001034c    00000008     mission_manager.o (.text.MissionManager_GetRuntime)
                  00010354    00000008     motion_action.o (.text.MotionAction_GetRuntime)
                  0001035c    00000008     motor_control.o (.text.MotorControl_GetRuntime)
                  00010364    00000008     obstacle_avoidance.o (.text.ObstacleAvoidance_GetFeedback)
                  0001036c    00000008     obstacle_monitor.o (.text.ObstacleMonitor_GetFeedback)
                  00010374    00000008     oled_ui.o (.text.OledUi_Init)
                  0001037c    00000008     runtime_snapshot.o (.text.RuntimeSnapshot_Get)
                  00010384    00000008     servo.o (.text.Servo_GetFeedback)
                  0001038c    00000008     ultrasonic.o (.text.Ultrasonic_GetFeedback)
                  00010394    00000008     vision_receiver.o (.text.VisionReceiver_GetStatus)
                  0001039c    00000008     vision_tuning_console.o (.text.VisionTuningConsole_GetStatus)
                  000103a4    00000008     watchdog_monitor.o (.text.WatchdogMonitor_GetStatus)
                  000103ac    00000008     wheel_speed_estimator.o (.text.WheelSpeedEstimator_GetRuntime)
                  000103b4    00000008     libclang_rt.builtins.a : aeabi_memcpy.S.obj (.text.__aeabi_memcpy)
                  000103bc    00000008                            : aeabi_memmove.S.obj (.text.__aeabi_memmove)
                  000103c4    00000006     libc.a : exit.c.obj (.text:abort)
                  000103ca    00000004     libsysbm.a : hostexit.c.obj (.text.HOSTexit)
                  000103ce    00000004     mission_library.o (.text.MissionLibrary_GetCount)
                  000103d2    00000004     obstacle_avoidance.o (.text.ObstacleAvoidance_IsResumeGraceActive)
                  000103d6    00000004     startup_mspm0g350x_ticlang.o (.text.Reset_Handler)
                  000103da    00000004     libc.a : pre_init.c.obj (.text._system_pre_init)
                  000103de    00000002     --HOLE-- [fill = 0]

.cinit     0    00010b90    00000030     
                  00010b90    0000000c     (__TI_handler_table)
                  00010b9c    00000008     (.cinit..bss.load) [load image, compression = zero_init]
                  00010ba4    00000005     (.cinit..data.load) [load image, compression = lzss]
                  00010ba9    00000003     --HOLE-- [fill = 0]
                  00010bac    00000010     (__TI_cinit_table)
                  00010bbc    00000004     --HOLE-- [fill = 0]

.rodata    0    000103e0    000007b0     
                  000103e0    000000d8     oled.o (.rodata..Lswitch.table.OLED_PrintChar)
                  000104b8    00000048     mission_library.o (.rodata.g_missionCompetitionMain)
                  00010500    00000048     mission_library.o (.rodata.g_missionTestDistance20)
                  00010548    00000048     mission_library.o (.rodata.g_missionTestLine)
                  00010590    00000048     mission_library.o (.rodata.g_missionTestTurn)
                  000105d8    00000040     mission_library.o (.rodata.g_missionRegistry)
                  00010618    0000002c     oled_ui.o (.rodata..Lswitch.table.print_status_page)
                  00010644    00000020     menu.o (.rodata..Lswitch.table.Menu_ParamItemToString)
                  00010664    0000001c     oled_ui.o (.rodata..Lswitch.table.OledUi_Update_20ms.133)
                  00010680    0000001c     vision_tuning_console.o (.rodata.str1.1836208005852235077.1)
                  0001069c    00000018     vision_pitch_tuning.o (.rodata..Lswitch.table.VisionPitchTuning_ParamName)
                  000106b4    00000018     oled_ui.o (.rodata..Lswitch.table.print_status_page.135)
                  000106cc    00000014     vision_yaw_tuning.o (.rodata..Lswitch.table.VisionYawTuning_ParamName)
                  000106e0    00000014     oled_ui.o (.rodata..Lswitch.table.print_status_page.136)
                  000106f4    00000011     oled_ui.o (.rodata.str1.9584387800903135389.1)
                  00010705    00000010     balance_encoder.o (.rodata.cst16)
                  00010715    0000000f     oled_ui.o (.rodata.str1.14521350379984854626.1)
                  00010724    0000000e     oled_ui.o (.rodata.str1.10416366799939242409.1)
                  00010732    0000000d     oled_ui.o (.rodata.str1.17763087492223448992.1)
                  0001073f    00000001     --HOLE-- [fill = 0]
                  00010740    0000000c     oled_ui.o (.rodata..Lswitch.table.OledUi_Update_20ms.134)
                  0001074c    0000000c     oled_ui.o (.rodata..Lswitch.table.OledUi_Update_20ms)
                  00010758    0000000b     oled_ui.o (.rodata.str1.13882251010780863896.1)
                  00010763    00000001     --HOLE-- [fill = 0]
                  00010764    0000000a     ti_msp_dl_config.o (.rodata.gUART_VISIONConfig)
                  0001076e    0000000a     mission_library.o (.rodata.str1.13636476544574750902.1)
                  00010778    0000000a     mission_library.o (.rodata.str1.15668266851434757964.1)
                  00010782    0000000a     oled_ui.o (.rodata.str1.17436941090773226089.1)
                  0001078c    0000000a     oled_ui.o (.rodata.str1.17540787658903907660.1)
                  00010796    0000000a     mission_library.o (.rodata.str1.199678142196697465.1)
                  000107a0    0000000a     vision_tuning_console.o (.rodata.str1.4859846923128959820.1)
                  000107aa    0000000a     vision_tuning_console.o (.rodata.str1.7225688704195888286.1)
                  000107b4    00000009     oled_ui.o (.rodata.str1.15917848551323629232.1)
                  000107bd    00000003     ti_msp_dl_config.o (.rodata.gPWM_MOTORClockConfig)
                  000107c0    00000008     ti_msp_dl_config.o (.rodata.gPWM_MOTORConfig)
                  000107c8    00000008     vision_tuning_console.o (.rodata.str1.11718269490974306969.1)
                  000107d0    00000008     oled_ui.o (.rodata.str1.130772507669342127.1)
                  000107d8    00000008     oled_ui.o (.rodata.str1.14711868471336838103.1)
                  000107e0    00000008     oled_ui.o (.rodata.str1.17464849429964608858.1)
                  000107e8    00000008     vision_tuning_console.o (.rodata.str1.3293472937029561918.1)
                  000107f0    00000008     oled_ui.o (.rodata.str1.8709745090823444516.1)
                  000107f8    00000007     vision_tuning_console.o (.rodata.str1.10860306953068020798.1)
                  000107ff    00000007     mission_library.o (.rodata.str1.1440970855772709381.1)
                  00010806    00000007     oled_ui.o (.rodata.str1.4610220316623841660.1)
                  0001080d    00000006     oled_ui.o (.rodata.str1.1019225241002246410.1)
                  00010813    00000006     vision_tuning_console.o (.rodata.str1.10319329813075420582.1)
                  00010819    00000006     oled_ui.o (.rodata.str1.11232419324784801130.1)
                  0001081f    00000006     oled_ui.o (.rodata.str1.13871579367539052597.1)
                  00010825    00000006     oled_ui.o (.rodata.str1.13875148296791986931.1)
                  0001082b    00000006     oled_ui.o (.rodata.str1.1445687256832830955.1)
                  00010831    00000006     oled_ui.o (.rodata.str1.15817398807211891688.1)
                  00010837    00000006     oled_ui.o (.rodata.str1.16411631209783952401.1)
                  0001083d    00000006     oled_ui.o (.rodata.str1.16496169091617228061.1)
                  00010843    00000006     vision_tuning_console.o (.rodata.str1.4028100529439820245.1)
                  00010849    00000006     oled_ui.o (.rodata.str1.6835749436006845616.1)
                  0001084f    00000006     oled_ui.o (.rodata.str1.8783421139296713095.1)
                  00010855    00000006     oled_ui.o (.rodata.str1.9544068167406571052.1)
                  0001085b    00000005     motion_action.o (.rodata..Lswitch.table.MotionAction_Update_20ms)
                  00010860    00000005     oled.o (.rodata.oled_get_glyph.colon)
                  00010865    00000005     oled.o (.rodata.oled_get_glyph.eight)
                  0001086a    00000005     oled.o (.rodata.oled_get_glyph.five)
                  0001086f    00000005     oled.o (.rodata.oled_get_glyph.four)
                  00010874    00000005     oled.o (.rodata.oled_get_glyph.glyphA)
                  00010879    00000005     oled.o (.rodata.oled_get_glyph.glyphB)
                  0001087e    00000005     oled.o (.rodata.oled_get_glyph.glyphC)
                  00010883    00000005     oled.o (.rodata.oled_get_glyph.glyphD)
                  00010888    00000005     oled.o (.rodata.oled_get_glyph.glyphE)
                  0001088d    00000005     oled.o (.rodata.oled_get_glyph.glyphF)
                  00010892    00000005     oled.o (.rodata.oled_get_glyph.glyphG)
                  00010897    00000005     oled.o (.rodata.oled_get_glyph.glyphH)
                  0001089c    00000005     oled.o (.rodata.oled_get_glyph.glyphI)
                  000108a1    00000005     oled.o (.rodata.oled_get_glyph.glyphK)
                  000108a6    00000005     oled.o (.rodata.oled_get_glyph.glyphL)
                  000108ab    00000005     oled.o (.rodata.oled_get_glyph.glyphM)
                  000108b0    00000005     oled.o (.rodata.oled_get_glyph.glyphN)
                  000108b5    00000005     oled.o (.rodata.oled_get_glyph.glyphO)
                  000108ba    00000005     oled.o (.rodata.oled_get_glyph.glyphP)
                  000108bf    00000005     oled.o (.rodata.oled_get_glyph.glyphR)
                  000108c4    00000005     oled.o (.rodata.oled_get_glyph.glyphS)
                  000108c9    00000005     oled.o (.rodata.oled_get_glyph.glyphT)
                  000108ce    00000005     oled.o (.rodata.oled_get_glyph.glyphU)
                  000108d3    00000005     oled.o (.rodata.oled_get_glyph.glyphV)
                  000108d8    00000005     oled.o (.rodata.oled_get_glyph.glyphW)
                  000108dd    00000005     oled.o (.rodata.oled_get_glyph.glyphX)
                  000108e2    00000005     oled.o (.rodata.oled_get_glyph.glyphY)
                  000108e7    00000005     oled.o (.rodata.oled_get_glyph.glyphb)
                  000108ec    00000005     oled.o (.rodata.oled_get_glyph.gt)
                  000108f1    00000005     oled.o (.rodata.oled_get_glyph.minus)
                  000108f6    00000005     oled.o (.rodata.oled_get_glyph.nine)
                  000108fb    00000005     oled.o (.rodata.oled_get_glyph.one)
                  00010900    00000005     oled.o (.rodata.oled_get_glyph.seven)
                  00010905    00000005     oled.o (.rodata.oled_get_glyph.six)
                  0001090a    00000005     oled.o (.rodata.oled_get_glyph.space)
                  0001090f    00000005     oled.o (.rodata.oled_get_glyph.three)
                  00010914    00000005     oled.o (.rodata.oled_get_glyph.two)
                  00010919    00000005     oled.o (.rodata.oled_get_glyph.zero)
                  0001091e    00000005     oled_ui.o (.rodata.str1.10077435089618835710.1)
                  00010923    00000005     oled_ui.o (.rodata.str1.10430294223631918979.1)
                  00010928    00000005     oled_ui.o (.rodata.str1.12182588061437138428.1)
                  0001092d    00000005     oled_ui.o (.rodata.str1.12493748764729730277.1)
                  00010932    00000005     oled_ui.o (.rodata.str1.12571791089077708471.1)
                  00010937    00000005     oled_ui.o (.rodata.str1.12617122458660443890.1)
                  0001093c    00000005     oled_ui.o (.rodata.str1.12697925274637991987.1)
                  00010941    00000005     oled_ui.o (.rodata.str1.1276391367487699528.1)
                  00010946    00000005     vision_pitch_tuning.o (.rodata.str1.13915893147848268398.1)
                  0001094b    00000005     fault.o (.rodata.str1.14435905801345341244.1)
                  00010950    00000005     fault.o (.rodata.str1.1506612114648992996.1)
                  00010955    00000005     oled_ui.o (.rodata.str1.15575624326185233262.1)
                  0001095a    00000005     oled_ui.o (.rodata.str1.15577080202403550426.1)
                  0001095f    00000005     oled_ui.o (.rodata.str1.15613891207764622616.1)
                  00010964    00000005     oled_ui.o (.rodata.str1.15802367878353263018.1)
                  00010969    00000005     oled_ui.o (.rodata.str1.15829239520183577662.1)
                  0001096e    00000005     oled_ui.o (.rodata.str1.16290499236105125126.1)
                  00010973    00000005     oled_ui.o (.rodata.str1.16526439943277383452.1)
                  00010978    00000005     oled_ui.o (.rodata.str1.16939060351352778619.1)
                  0001097d    00000005     fault.o (.rodata.str1.17097894860660336008.1)
                  00010982    00000005     fault.o (.rodata.str1.17155043670132108083.1)
                  00010987    00000005     vision_tuning_console.o (.rodata.str1.17265544270347038021.1)
                  0001098c    00000005     oled_ui.o (.rodata.str1.17763996158807330232.1)
                  00010991    00000005     oled_ui.o (.rodata.str1.17884296644359297425.1)
                  00010996    00000005     fault.o (.rodata.str1.2104670281202025270.1)
                  0001099b    00000005     oled_ui.o (.rodata.str1.2308938766145545715.1)
                  000109a0    00000005     oled_ui.o (.rodata.str1.2522137003438374266.1)
                  000109a5    00000005     oled_ui.o (.rodata.str1.270145429241168923.1)
                  000109aa    00000005     oled_ui.o (.rodata.str1.3455423528827705371.1)
                  000109af    00000005     oled_ui.o (.rodata.str1.4193589846040060630.1)
                  000109b4    00000005     fault.o (.rodata.str1.4453281041433270631.1)
                  000109b9    00000005     fault.o (.rodata.str1.4549004730087743662.1)
                  000109be    00000005     oled_ui.o (.rodata.str1.4581472623415959594.1)
                  000109c3    00000005     oled_ui.o (.rodata.str1.4723632947289500520.1)
                  000109c8    00000005     menu.o (.rodata.str1.4862307748908978627.1)
                  000109cd    00000005     oled_ui.o (.rodata.str1.5004483696121082904.1)
                  000109d2    00000005     oled_ui.o (.rodata.str1.5965450730569173784.1)
                  000109d7    00000005     fault.o (.rodata.str1.6372787129294360447.1)
                  000109dc    00000005     fault.o (.rodata.str1.6437946768974223044.1)
                  000109e1    00000005     oled_ui.o (.rodata.str1.6806727740681590176.1)
                  000109e6    00000005     oled_ui.o (.rodata.str1.6954814719705590448.1)
                  000109eb    00000005     oled_ui.o (.rodata.str1.7050595558965647569.1)
                  000109f0    00000005     oled_ui.o (.rodata.str1.7481335054564682966.1)
                  000109f5    00000005     vision_yaw_tuning.o (.rodata.str1.7764041101441114269.1)
                  000109fa    00000005     oled_ui.o (.rodata.str1.7774807581888385879.1)
                  000109ff    00000005     oled_ui.o (.rodata.str1.8018480777946742726.1)
                  00010a04    00000005     oled_ui.o (.rodata.str1.8124536758062367015.1)
                  00010a09    00000005     fault.o (.rodata.str1.8185770893384132067.1)
                  00010a0e    00000005     oled_ui.o (.rodata.str1.8399051469953744892.1)
                  00010a13    00000005     oled_ui.o (.rodata.str1.8426569189266129334.1)
                  00010a18    00000005     oled_ui.o (.rodata.str1.8449035241871861290.1)
                  00010a1d    00000005     oled_ui.o (.rodata.str1.8471462185882660445.1)
                  00010a22    00000005     oled_ui.o (.rodata.str1.8693388333057100694.1)
                  00010a27    00000005     oled_ui.o (.rodata.str1.9611283282870761829.1)
                  00010a2c    00000005     oled_ui.o (.rodata.str1.9646571805098343045.1)
                  00010a31    00000005     oled_ui.o (.rodata.str1.9822857334037886482.1)
                  00010a36    00000005     oled_ui.o (.rodata.str1.9992244628984851027.1)
                  00010a3b    00000004     oled_ui.o (.rodata.str1.10568433575767188072.1)
                  00010a3f    00000004     oled_ui.o (.rodata.str1.11149198520117834688.1)
                  00010a43    00000004     oled_ui.o (.rodata.str1.11428648044669318875.1)
                  00010a47    00000004     oled_ui.o (.rodata.str1.12043213579996415112.1)
                  00010a4b    00000004     oled_ui.o (.rodata.str1.12928245060369742404.1)
                  00010a4f    00000004     oled_ui.o (.rodata.str1.13244290092665904221.1)
                  00010a53    00000004     oled_ui.o (.rodata.str1.13567883086814673087.1)
                  00010a57    00000004     fault.o (.rodata.str1.13582094816268305212.1)
                  00010a5b    00000004     oled_ui.o (.rodata.str1.13790669171379415506.1)
                  00010a5f    00000004     vision_tuning_console.o (.rodata.str1.14084955404328172175.1)
                  00010a63    00000004     oled_ui.o (.rodata.str1.14556837007311414654.1)
                  00010a67    00000004     oled_ui.o (.rodata.str1.14740362735394205067.1)
                  00010a6b    00000004     oled_ui.o (.rodata.str1.14774750633985060196.1)
                  00010a6f    00000004     oled_ui.o (.rodata.str1.15008238333949226094.1)
                  00010a73    00000004     oled_ui.o (.rodata.str1.15132332204781002199.1)
                  00010a77    00000004     menu.o (.rodata.str1.16312125044762562515.1)
                  00010a7b    00000004     fault.o (.rodata.str1.16482347271627360806.1)
                  00010a7f    00000004     oled_ui.o (.rodata.str1.16554583589798097927.1)
                  00010a83    00000004     vision_pitch_tuning.o (.rodata.str1.16579632732967443104.1)
                  00010a87    00000004     oled_ui.o (.rodata.str1.16635595130967924751.1)
                  00010a8b    00000004     oled_ui.o (.rodata.str1.16849766574302683489.1)
                  00010a8f    00000004     oled_ui.o (.rodata.str1.16895433903389883335.1)
                  00010a93    00000004     oled_ui.o (.rodata.str1.16931641404301806744.1)
                  00010a97    00000004     menu.o (.rodata.str1.17041139162815566052.1)
                  00010a9b    00000004     oled_ui.o (.rodata.str1.17274519358952562110.1)
                  00010a9f    00000004     oled_ui.o (.rodata.str1.18266126048138325213.1)
                  00010aa3    00000004     oled_ui.o (.rodata.str1.18379317056176403938.1)
                  00010aa7    00000004     oled_ui.o (.rodata.str1.2603845803395459882.1)
                  00010aab    00000004     oled_ui.o (.rodata.str1.2608729314174233125.1)
                  00010aaf    00000004     oled_ui.o (.rodata.str1.2983744876309220570.1)
                  00010ab3    00000004     oled_ui.o (.rodata.str1.3407221357956504873.1)
                  00010ab7    00000004     oled_ui.o (.rodata.str1.3467953211977455017.1)
                  00010abb    00000004     oled_ui.o (.rodata.str1.3702290527496711532.1)
                  00010abf    00000004     oled_ui.o (.rodata.str1.4581686099848791648.1)
                  00010ac3    00000004     oled_ui.o (.rodata.str1.4582914374586912483.1)
                  00010ac7    00000004     menu.o (.rodata.str1.4646809750356241979.1)
                  00010acb    00000004     oled_ui.o (.rodata.str1.4691821198597473371.1)
                  00010acf    00000004     oled_ui.o (.rodata.str1.5291836437463020264.1)
                  00010ad3    00000004     oled_ui.o (.rodata.str1.5376340479846291137.1)
                  00010ad7    00000004     oled_ui.o (.rodata.str1.5853739094453432564.1)
                  00010adb    00000004     oled_ui.o (.rodata.str1.7185587941321649510.1)
                  00010adf    00000004     oled_ui.o (.rodata.str1.7219546930854689545.1)
                  00010ae3    00000004     fault.o (.rodata.str1.7255546073596598018.1)
                  00010ae7    00000004     oled_ui.o (.rodata.str1.7419768602719733415.1)
                  00010aeb    00000004     oled_ui.o (.rodata.str1.8236579331345056500.1)
                  00010aef    00000004     oled_ui.o (.rodata.str1.8403269972884532600.1)
                  00010af3    00000004     oled_ui.o (.rodata.str1.8460525935980491721.1)
                  00010af7    00000004     oled_ui.o (.rodata.str1.9102528229756940648.1)
                  00010afb    00000004     oled_ui.o (.rodata.str1.9159586779647977165.1)
                  00010aff    00000004     oled_ui.o (.rodata.str1.9229350655415085.1)
                  00010b03    00000004     vision_tuning_console.o (.rodata.str1.9292707793305368794.1)
                  00010b07    00000004     oled_ui.o (.rodata.str1.9295666102996717355.1)
                  00010b0b    00000004     oled_ui.o (.rodata.str1.9351772214919528733.1)
                  00010b0f    00000004     vision_yaw_tuning.o (.rodata.str1.9489746196023004463.1)
                  00010b13    00000004     menu.o (.rodata.str1.9546740394641817443.1)
                  00010b17    00000004     oled_ui.o (.rodata.str1.967006512144173535.1)
                  00010b1b    00000004     oled_ui.o (.rodata.str1.9854382722193312766.1)
                  00010b1f    00000003     oled_ui.o (.rodata.str1.10263419832828250601.1)
                  00010b22    00000003     oled_ui.o (.rodata.str1.10509309789429088155.1)
                  00010b25    00000003     vision_pitch_tuning.o (.rodata.str1.10553819018306626402.1)
                  00010b28    00000003     oled_ui.o (.rodata.str1.1108652269057166745.1)
                  00010b2b    00000003     menu.o (.rodata.str1.12110183915172842339.1)
                  00010b2e    00000003     vision_tuning_console.o (.rodata.str1.12197883643583142124.1)
                  00010b31    00000003     oled_ui.o (.rodata.str1.12983537867572525563.1)
                  00010b34    00000003     menu.o (.rodata.str1.13124720451672825294.1)
                  00010b37    00000003     menu.o (.rodata.str1.14098755746347272832.1)
                  00010b3a    00000003     oled_ui.o (.rodata.str1.14134189893851348960.1)
                  00010b3d    00000003     oled_ui.o (.rodata.str1.14358698208395374265.1)
                  00010b40    00000003     vision_pitch_tuning.o (.rodata.str1.15082469624955958926.1)
                  00010b43    00000003     vision_yaw_tuning.o (.rodata.str1.15455206247194842411.1)
                  00010b46    00000003     oled_ui.o (.rodata.str1.15859922799842739878.1)
                  00010b49    00000003     oled_ui.o (.rodata.str1.15935041339501476673.1)
                  00010b4c    00000003     vision_tuning_console.o (.rodata.str1.16336339630363933256.1)
                  00010b4f    00000003     vision_pitch_tuning.o (.rodata.str1.17185918124541117546.1)
                  00010b52    00000003     oled_ui.o (.rodata.str1.17812014771544466701.1)
                  00010b55    00000003     vision_pitch_tuning.o (.rodata.str1.18308346119964257230.1)
                  00010b58    00000003     oled_ui.o (.rodata.str1.1974573040514735405.1)
                  00010b5b    00000003     oled_ui.o (.rodata.str1.2193316011307952170.1)
                  00010b5e    00000003     vision_pitch_tuning.o (.rodata.str1.2353024170771920291.1)
                  00010b61    00000003     oled_ui.o (.rodata.str1.240075016795266086.1)
                  00010b64    00000003     oled_ui.o (.rodata.str1.2656948373757303877.1)
                  00010b67    00000003     oled_ui.o (.rodata.str1.2742282290834473644.1)
                  00010b6a    00000003     vision_yaw_tuning.o (.rodata.str1.4032468970572441659.1)
                  00010b6d    00000003     oled_ui.o (.rodata.str1.4402311448527872260.1)
                  00010b70    00000003     oled_ui.o (.rodata.str1.4932371652560868037.1)
                  00010b73    00000003     oled_ui.o (.rodata.str1.5965888106848176421.1)
                  00010b76    00000003     vision_yaw_tuning.o (.rodata.str1.6393086909333857079.1)
                  00010b79    00000003     vision_yaw_tuning.o (.rodata.str1.6657421771701333087.1)
                  00010b7c    00000003     menu.o (.rodata.str1.6857549598058878762.1)
                  00010b7f    00000003     fault.o (.rodata.str1.8193046109637024842.1)
                  00010b82    00000003     oled_ui.o (.rodata.str1.8950259614286592359.1)
                  00010b85    00000002     ti_msp_dl_config.o (.rodata.gUART_VISIONClockConfig)
                  00010b87    00000002     oled_ui.o (.rodata.str1.3025253791635144717.1)
                  00010b89    00000007     --HOLE-- [fill = 0]

.init_array 
*          0    00000000    00000000     UNINITIALIZED

.binit     0    00000000    00000000     

.bss       0    20200000    000010da     UNINITIALIZED
                  20200000    00000400     oled.o (.bss.g_oledFrame)
                  20200400    00000200     vision_receiver.o (.bss.g_ring)
                  20200600    000001d0     runtime_snapshot.o (.bss.g_snapshot)
                  202007d0    00000110     (.common:g_appConfig)
                  202008e0    00000100     vision_tuning_console.o (.bss.g_rxRing)
                  202009e0    00000100     vision_tuning_console.o (.bss.g_txRing)
                  20200ae0    00000084     (.common:g_imuRuntime)
                  20200b64    0000007c     motor_control.o (.bss.g_runtime)
                  20200be0    00000070     (.common:g_appRuntime)
                  20200c50    00000058     vision_receiver.o (.bss.g_status)
                  20200ca8    00000058     (.common:g_wheelSpeedEstimatorRuntime)
                  20200d00    00000040     gimbal.o (.bss.g_feedback)
                  20200d40    00000040     vision_tuning_console.o (.bss.g_line)
                  20200d80    00000040     line_controller.o (.bss.g_lineRuntime)
                  20200dc0    00000030     (.common:gUART_VISIONBackup)
                  20200df0    0000002c     vision_receiver.o (.bss.g_observation)
                  20200e1c    0000002c     empty.o (.bss.g_schedulerStats)
                  20200e48    00000028     vision_receiver.o (.bss.g_frame)
                  20200e70    00000024     balance_soft_limits.o (.bss.g_runtime)
                  20200e94    00000020     bluetooth_uart.o (.bss.g_runtime)
                  20200eb4    0000001c     mission_manager.o (.bss.g_missionRuntime)
                  20200ed0    0000001c     balance_encoder.o (.bss.g_runtime)
                  20200eec    0000001c     (.common:g_headingRuntime)
                  20200f08    00000018     obstacle_avoidance.o (.bss.g_avoidFeedback)
                  20200f20    00000018     gimbal_stepper.o (.bss.g_feedback)
                  20200f38    00000018     vision_pitch_tuning.o (.bss.g_status)
                  20200f50    00000018     vision_tuning_console.o (.bss.g_status)
                  20200f68    00000014     motion_action.o (.bss.g_motionActionRuntime)
                  20200f7c    00000004     imu.o (.bss.g_elapsedSinceValidSampleMs)
                  20200f80    00000014     vision_yaw_tuning.o (.bss.g_status)
                  20200f94    00000014     watchdog_monitor.o (.bss.g_status)
                  20200fa8    00000010     fault.o (.bss.g_faultRecord)
                  20200fb8    00000010     motor.o (.bss.g_motorRuntime)
                  20200fc8    0000000e     car_controller.o (.bss.g_carControllerFeedback)
                  20200fd6    00000002     ultrasonic.o (.bss.g_echoTicks)
                  20200fd8    0000000e     ultrasonic.o (.bss.g_ultrasonicFeedback)
                  20200fe6    00000002     vision_receiver.o (.bss.g_ringHead)
                  20200fe8    0000000c     magnet.o (.bss.g_runtime)
                  20200ff4    0000000c     debug_telemetry.o (.bss.g_status)
                  20201000    00000008     obstacle_monitor.o (.bss.g_obstacleFeedback)
                  20201008    00000008     gimbal_stepper.o (.bss.g_stepperEstimatedSteps)
                  20201010    00000008     gimbal_stepper.o (.bss.g_stepperTargetEstimatedSteps)
                  20201018    00000008     gimbal.o (.bss.g_yawContinuousDegX10)
                  20201020    00000008     gimbal.o (.bss.g_yawLockedWorldYawDegX10)
                  20201028    00000008     gimbal.o (.bss.g_yawTargetContinuousDegX10)
                  20201030    00000008     gimbal.o (.bss.g_yawWorldTargetDegX10)
                  20201038    00000008     gimbal.o (.bss.g_yawWrappedDegX10)
                  20201040    00000006     ultrasonic.o (.bss.g_distanceSamples)
                  20201046    00000006     key.o (.bss.g_key1)
                  2020104c    00000006     key.o (.bss.g_key2)
                  20201052    00000006     key.o (.bss.g_key3)
                  20201058    00000004     debug_telemetry.o (.bss.g_lastFrameMs)
                  2020105c    00000004     watchdog_monitor.o (.bss.g_lastTickMs)
                  20201060    00000004     wheel_speed_estimator.o (.bss.g_latchedErrorFlags)
                  20201064    00000004     empty.o (.bss.g_localTimeMs)
                  20201068    00000004     encoder.o (.bss.g_motorAPulses)
                  2020106c    00000004     encoder.o (.bss.g_motorBPulses)
                  20201070    00000004     imu.o (.bss.g_previousValidCorrectedGyroZDps)
                  20201074    00000004     mission_manager.o (.bss.g_selectedDefinition)
                  20201078    00000004     servo.o (.bss.g_servoFeedback)
                  2020107c    00000004     balance_encoder.o (.bss.g_speedLastCount)
                  20201080    00000004     gimbal_stepper.o (.bss.g_stepperCompletedSteps)
                  20201084    00000004     gimbal.o (.bss.g_yawCommandedRpm)
                  20201088    00000004     gimbal.o (.bss.g_yawTargetRpm)
                  2020108c    00000004     empty.o (.bss.main.lastAppUpdateMs)
                  20201090    00000002     vision_receiver.o (.bss.g_ringTail)
                  20201092    00000002     vision_tuning_console.o (.bss.g_rxHead)
                  20201094    00000002     vision_tuning_console.o (.bss.g_rxTail)
                  20201096    00000002     servo.o (.bss.g_servoPwmPhase)
                  20201098    00000002     ultrasonic.o (.bss.g_stateTicks)
                  2020109a    00000002     gimbal_stepper.o (.bss.g_stepperHalfPeriodTicks)
                  2020109c    00000002     gimbal_stepper.o (.bss.g_stepperStepHalfPeriodTicks)
                  2020109e    00000002     vision_tuning_console.o (.bss.g_txHead)
                  202010a0    00000002     vision_tuning_console.o (.bss.g_txTail)
                  202010a2    00000002     (.common:g_trackError)
                  202010a4    00000001     oled_ui.o (.bss.OledUi_Update_20ms.flushRow)
                  202010a5    00000001     oled_ui.o (.bss.OledUi_Update_20ms.refreshDivider)
                  202010a6    00000001     empty.o (.bss.SysTick_Handler.balanceEncoderSpeedMsCount)
                  202010a7    00000001     empty.o (.bss.SysTick_Handler.controlMsCount)
                  202010a8    00000001     empty.o (.bss.SysTick_Handler.tick100usCount)
                  202010a9    00000001     ultrasonic.o (.bss.Ultrasonic_Update_20ms.triggerDivider)
                  202010aa    00000001     empty.o (.bss.g_appUpdatePending)
                  202010ab    00000001     vision_tuning_console.o (.bss.g_capturing)
                  202010ac    00000001     car_state.o (.bss.g_carState)
                  202010ad    00000001     obstacle_monitor.o (.bss.g_centerSettleTicks)
                  202010ae    00000001     vision_tuning_console.o (.bss.g_commandTarget)
                  202010af    00000001     ultrasonic.o (.bss.g_distanceSampleCount)
                  202010b0    00000001     ultrasonic.o (.bss.g_distanceSampleIndex)
                  202010b1    00000001     emergency_stop.o (.bss.g_emergencyStopActive)
                  202010b2    00000001     watchdog_monitor.o (.bss.g_faultApplied)
                  202010b3    00000001     watchdog_monitor.o (.bss.g_faultPending)
                  202010b4    00000001     vision_receiver.o (.bss.g_frameSize)
                  202010b5    00000001     imu.o (.bss.g_integrationHistoryValid)
                  202010b6    00000001     wheel_speed_estimator.o (.bss.g_leftFilterInitialized)
                  202010b7    00000001     vision_tuning_console.o (.bss.g_lineSize)
                  202010b8    00000001     obstacle_safety.o (.bss.g_obstacleSafetyHolding)
                  202010b9    00000001     oled.o (.bss.g_oledColumn)
                  202010ba    00000001     menu.o (.bss.g_oledPage)
                  202010bb    00000001     oled.o (.bss.g_oledPage)
                  202010bc    00000001     encoder.o (.bss.g_overflowFlags)
                  202010bd    00000001     menu.o (.bss.g_paramItem)
                  202010be    00000001     menu.o (.bss.g_paramReturnPage)
                  202010bf    00000001     key.o (.bss.g_pendingEvent)
                  202010c0    00000001     vision_tuning_console.o (.bss.g_prefixIndex)
                  202010c1    00000001     vision_tuning_console.o (.bss.g_prefixTarget)
                  202010c2    00000001     mission_manager.o (.bss.g_resumeCurrentAction)
                  202010c3    00000001     wheel_speed_estimator.o (.bss.g_rightFilterInitialized)
                  202010c4    00000001     car_controller.o (.bss.g_safetyHold)
                  202010c5    00000001     imu.o (.bss.g_shortGapPending)
                  202010c6    00000001     gimbal_stepper.o (.bss.g_stepperDirection)
                  202010c7    00000001     gimbal_stepper.o (.bss.g_stepperRunning)
                  202010c8    00000001     gimbal_stepper.o (.bss.g_stepperStepHigh)
                  202010c9    00000001     gimbal_stepper.o (.bss.g_stepperStopAfterStepLow)
                  202010ca    00000001     motor_control.o (.bss.g_targetRefreshed)
                  202010cb    00000001     mission_manager.o (.bss.g_transientActionActive)
                  202010cc    00000001     ultrasonic.o (.bss.g_triggerRequest)
                  202010cd    00000001     ultrasonic.o (.bss.g_ultrasonicState)
                  202010ce    00000001     gimbal.o (.bss.g_yawLimitClamped)
                  202010cf    00000001     gimbal.o (.bss.g_yawLimitDirection)
                  202010d0    00000001     gimbal.o (.bss.g_yawPositionValid)
                  202010d1    00000001     gimbal.o (.bss.g_yawWorldLockEnabled)
                  202010d2    00000001     (.common:g_carStateDebug)
                  202010d3    00000001     (.common:g_keyEvent)
                  202010d4    00000001     (.common:g_oledPageDebug)
                  202010d5    00000001     (.common:g_paramItemDebug)
                  202010d6    00000001     (.common:g_trackBlackCount)
                  202010d7    00000001     (.common:g_trackModeDebug)
                  202010d8    00000001     (.common:g_trackRaw)
                  202010d9    00000001     (.common:g_trackTurnDebug)

.data      0    202010da    00000001     UNINITIALIZED
                  202010da    00000001     car_controller.o (.data.g_followTurnPolicy)

.stack     0    20207e00    00000200     UNINITIALIZED
                  20207e00    00000004     libc.a : boot_cortex_m.c.obj (.stack)
                  20207e04    000001fc     --HOLE--

__llvm_prf_cnts 
*          0    20200000    00000000     UNINITIALIZED

__llvm_prf_bits 
*          0    20200000    00000000     UNINITIALIZED

MODULE SUMMARY

       Module                         code    ro data   rw data
       ------                         ----    -------   -------
    .\
       oled_ui.o                      15540   799       2      
       vision_tuning_console.o        9616    102       613    
       imu.o                          5156    0         142    
       car_controller.o               4412    0         128    
       oled.o                         2006    406       1026   
       motor_control.o                2768    0         125    
       app_config.o                   2156    0         272    
       line_controller.o              2196    0         64     
       vision_receiver.o              1072    0         689    
       runtime_snapshot.o             1212    0         464    
       mission_manager.o              1472    0         34     
       menu.o                         1424    65        3      
       motion_action.o                1400    5         20     
       wheel_speed_estimator.o        1292    0         94     
       gimbal_stepper.o               1280    0         52     
       gimbal.o                       896     0         116    
       mission_library.o              560     389       0      
       motor.o                        776     0         16     
       ti_msp_dl_config.o             672     23        48     
       vision_protocol.o              732     0         0      
       balance_soft_limits.o          692     0         36     
       ultrasonic.o                   596     0         29     
       app.o                          604     0         10     
       balance_encoder.o              508     16        32     
       empty.o                        488     0         56     
       key.o                          436     0         19     
       fault.o                        312     65        16     
       track_sensor.o                 372     0         0      
       heading_control.o              340     0         28     
       watchdog_monitor.o             308     0         26     
       vision_pitch_tuning.o          260     48        24     
       vision_yaw_tuning.o            248     41        20     
       encoder.o                      276     0         9      
       obstacle_safety.o              272     0         1      
       obstacle_monitor.o             192     0         9      
       startup_mspm0g350x_ticlang.o   6       192       0      
       angle_utils.o                  192     0         0      
       emergency_stop.o               188     0         1      
       servo.o                        176     0         6      
       vision_uart.o                  164     0         0      
       obstacle_avoidance.o           62      0         24     
       magnet.o                       72      0         12     
       debug_telemetry.o              56      0         16     
       bluetooth_uart.o               8       0         32     
       car_state.o                    36      0         1      
    +--+------------------------------+-------+---------+---------+
       Total:                         63502   2151      4315   
                                                               
    C:/TI/mspm0_sdk_2_05_01_00/source/ti/driverlib/lib/ticlang/m0p/mspm0g1x0x_g3x0x/driverlib.a
       dl_timer.o                     388     0         0      
       dl_uart.o                      90      0         0      
       dl_common.o                    10      0         0      
    +--+------------------------------+-------+---------+---------+
       Total:                         488     0         0      
                                                               
    D:\TI\CCS\ccs\tools\compiler\ti-cgt-armllvm_4.0.4.LTS\lib\armv6m-ti-none-eabi/c/libc.a
       memcpy16.S.obj                 154     0         0      
       strcmp-armv6m.S.obj            136     0         0      
       copy_decompress_lzss.c.obj     124     0         0      
       memset16.S.obj                 98      0         0      
       autoinit.c.obj                 60      0         0      
       boot_cortex_m.c.obj            40      0         0      
       memmov.c.obj                   40      0         0      
       copy_decompress_none.c.obj     18      0         0      
       copy_zero_init.c.obj           16      0         0      
       exit.c.obj                     6       0         0      
       pre_init.c.obj                 4       0         0      
    +--+------------------------------+-------+---------+---------+
       Total:                         696     0         0      
                                                               
    D:\TI\CCS\ccs\tools\compiler\ti-cgt-armllvm_4.0.4.LTS\lib\armv6m-ti-none-eabi/c/libsysbm.a
       hostexit.c.obj                 4       0         0      
    +--+------------------------------+-------+---------+---------+
       Total:                         4       0         0      
                                                               
    D:\TI\CCS\ccs\tools\compiler\ti-cgt-armllvm_4.0.4.LTS\lib\armv6m-ti-none-eabi/libclang_rt.builtins.a
       addsf3.S.obj                   216     0         0      
       udivmoddi4.S.obj               162     0         0      
       comparesf2.S.obj               140     0         0      
       mulsf3.S.obj                   140     0         0      
       divsf3.S.obj                   130     0         0      
       aeabi_fcmp.S.obj               98      0         0      
       fixsfdi.S.obj                  96      0         0      
       aeabi_idivmod.S.obj            86      0         0      
       floatdisf.S.obj                78      0         0      
       aeabi_uidivmod.S.obj           64      0         0      
       divmoddi4.c.obj                62      0         0      
       floatsisf.S.obj                60      0         0      
       muldsi3.S.obj                  58      0         0      
       fixsfsi.S.obj                  56      0         0      
       floatunsisf.S.obj              40      0         0      
       muldi3.S.obj                   36      0         0      
       ashldi3.S.obj                  30      0         0      
       aeabi_ldivmod.S.obj            20      0         0      
       aeabi_uldivmod.S.obj           20      0         0      
       aeabi_memset.S.obj             12      0         0      
       aeabi_memcpy.S.obj             8       0         0      
       aeabi_memmove.S.obj            8       0         0      
       aeabi_div0.c.obj               4       0         0      
    +--+------------------------------+-------+---------+---------+
       Total:                         1624    0         0      
                                                               
       Stack:                         0       0         512    
       Linker Generated:              0       41        0      
    +--+------------------------------+-------+---------+---------+
       Grand Total:                   66314   2192      4827   


LINKER GENERATED COPY TABLES

__TI_cinit_table @ 00010bac records: 2, size/record: 8, table size: 16
	.bss: load addr=00010b9c, load size=00000008 bytes, run addr=20200000, run size=000010da bytes, compression=zero_init
	.data: load addr=00010ba4, load size=00000005 bytes, run addr=202010da, run size=00000001 bytes, compression=lzss


LINKER GENERATED HANDLER TABLE

__TI_handler_table @ 00010b90 records: 3, size/record: 4, table size: 12
	index: 0, handler: __TI_decompress_lzss
	index: 1, handler: __TI_decompress_none
	index: 2, handler: __TI_zero_init


GLOBAL SYMBOLS: SORTED ALPHABETICALLY BY Name 

address   name                                      
-------   ----                                      
0000da3f  ADC0_IRQHandler                           
0000da3f  ADC1_IRQHandler                           
0000da3f  AES_IRQHandler                            
0000d4ad  Angle_Normalize180                        
00009b15  AppConfig_InitDefault                     
00005975  AppConfig_LimitAll                        
0000e399  App_Init                                  
0000ea9d  App_ResetToReady                          
0000b2c9  App_Update_20ms                           
0000e835  BalanceEncoder_CalculateFollowError       
000101d1  BalanceEncoder_GetCountAtomic             
0000f3b1  BalanceEncoder_GetSnapshot                
0000d319  BalanceEncoder_HandleGpioInterrupt        
0000ed99  BalanceEncoder_Init                       
0000fc25  BalanceEncoder_SampleSpeed10msFromIsr     
00010091  BalanceSoftLimits_AbortCalibration        
0000e9d5  BalanceSoftLimits_BeginAtCurrentAsZero    
0000c445  BalanceSoftLimits_CaptureCurrentStage     
0000e511  BalanceSoftLimits_Enforce100usFromIsr     
0000e219  BalanceSoftLimits_GetSnapshot             
0000f93d  BalanceSoftLimits_Init                    
000101dd  BalanceSoftLimits_IsCalibrationActive     
0000df79  BluetoothUart_GetRuntime                  
000103ca  C$$EXIT                                   
0000da3f  CANFD0_IRQHandler                         
00010315  CarController_GetFeedback                 
000101e9  CarController_GetRunMode                  
000101f5  CarController_Init                        
00010201  CarController_IsSafetyHoldActive          
0000d56d  CarController_ResetRuntime                
0000dd45  CarController_ResetTransientState         
0000f3f1  CarController_ResumeFollowLine            
0000e009  CarController_SetSafetyHold               
0000d171  CarController_StartDriveDistance          
0000ae09  CarController_StartDriveDistanceAtYaw     
0000e299  CarController_StartDriveHeading           
0000f219  CarController_StartFollowLine             
0000dcb1  CarController_StartTurnToYawRelative      
0000ef51  CarController_Stop                        
0000b139  CarController_Update_20ms                 
0001020d  CarState_Get                              
00010219  CarState_Init                             
00010225  CarState_Set                              
0000da3f  DAC0_IRQHandler                           
000102d9  DL_Common_delayCycles                     
0000c54d  DL_Timer_initFourCCPWMMode                
0000fd69  DL_Timer_overrideCCPOut                   
0000fe69  DL_Timer_setCaptCompUpdateMethod          
0000ffb9  DL_Timer_setCaptureCompareOutCtl          
00010191  DL_Timer_setCaptureCompareValue           
0000fe85  DL_Timer_setClockConfig                   
0000f189  DL_UART_init                              
0001016d  DL_UART_setClockConfig                    
0000da3f  DMA_IRQHandler                            
0000ffd1  DebugTelemetry_Init                       
0000fd89  DebugTelemetry_Update                     
0000da3f  Default_Handler                           
0000fb0d  EmergencyStop_Enforce                     
00010231  EmergencyStop_Init                        
0001023d  EmergencyStop_IsActive                    
0000f25d  EmergencyStop_Reset                       
0000f791  EmergencyStop_Trigger                     
0000f2a1  Encoder_GetAndClearPulseDeltas            
0000d8f9  Encoder_HandleGpioInterrupt               
0000fa5d  Encoder_Reset                             
0000d3e5  FaultCode_ToShortString                   
000100a5  Fault_Clear                               
0001031d  Fault_GetRecord                           
000100b9  Fault_Init                                
0000f431  Fault_Raise                               
0000da3f  GROUP0_IRQHandler                         
0000fda9  GROUP1_IRQHandler                         
0000e08d  GimbalStepper_ConfirmZero                 
00010325  GimbalStepper_GetFeedback                 
0000fc49  GimbalStepper_GetFeedbackSnapshot         
0000d799  GimbalStepper_Init                        
0000d245  GimbalStepper_MoveRelativeSteps           
0000e675  GimbalStepper_Release                     
000100cd  GimbalStepper_SetStepHalfPeriodTicks      
0000d6e5  GimbalStepper_StopHold                    
0000afa5  GimbalStepper_Tick100us                   
000101a1  Gimbal_YawGetFeedback                     
000103cb  HOSTexit                                  
0000da3f  HardFault_Handler                         
000100e1  HeadingControl_Enable                     
0001032d  HeadingControl_GetRuntime                 
0000ffe9  HeadingControl_Init                       
00010001  HeadingControl_Reset                      
0000fea1  HeadingControl_SetTargetYaw               
0000ca51  HeadingControl_Update                     
0000da3f  I2C0_IRQHandler                           
0000da3f  I2C1_IRQHandler                           
00005fc1  Imu_CalibrateGyroBias                     
00010249  Imu_GetCorrectedGyroZDps                  
00010335  Imu_GetRuntime                            
00010255  Imu_GetYaw                                
00007f2d  Imu_Init                                  
0000f839  Imu_IsReady                               
0000f2e5  Imu_ResetYaw                              
0000779d  Imu_Update                                
000101b1  Key_GetEvent                              
0000f96d  Key_Init                                  
0000b445  Key_Update_20ms                           
0001033d  LineController_GetRuntime                 
0000c651  LineController_Init                       
0000f99d  LineController_ObserveSensors             
0000bc71  LineController_Reset                      
0000c339  LineController_ResetControlState          
0000656d  LineController_Update                     
0000fb35  Magnet_ForceOff                           
0000fdc9  Magnet_Init                               
00010261  Menu_GetPage                              
0001026d  Menu_GetParamItem                         
0000d629  Menu_GetParamValue                        
000098dd  Menu_HandleKeyEvent                       
0000febd  Menu_Init                                 
00010019  Menu_ParamItemToString                    
0000f86d  MissionLibrary_FindById                   
000100f5  MissionLibrary_GetByIndex                 
000103cf  MissionLibrary_GetCount                   
0000a535  MissionLibrary_Validate                   
0000f1d1  MissionManager_Cancel                     
00010345  MissionManager_GetMissionCount            
0001034d  MissionManager_GetRuntime                 
00010109  MissionManager_GetSelectedMissionId       
0000e89d  MissionManager_GetSelectedMissionIndex    
0000edf1  MissionManager_Init                       
00010279  MissionManager_IsExternallyHeld           
0000fa89  MissionManager_Pause                      
0000fc6d  MissionManager_ReportExternalFailure      
0000f329  MissionManager_Reset                      
0000f5b1  MissionManager_Resume                     
0000c955  MissionManager_SelectNext                 
0000cc29  MissionManager_SelectPrevious             
00010285  MissionManager_SetExternalHold            
0000ea39  MissionManager_Start                      
0000bd99  MissionManager_Update_20ms                
0000fed9  MotionAction_Cancel                       
00010355  MotionAction_GetRuntime                   
00010031  MotionAction_Init                         
000102e3  MotionAction_Resume                       
000102ed  MotionAction_Start                        
00008ee9  MotionAction_Update_20ms                  
0001035d  MotorControl_GetRuntime                   
0000fc91  MotorControl_Init                         
0000fcb5  MotorControl_Reset                        
0000c755  MotorControl_SetNormalizedTarget          
0000f13d  MotorControl_Stop                         
00009199  MotorControl_Update                       
0000e111  Motor_Init                                
00009f55  Motor_SetSpeed                            
0000e319  Motor_Stop                                
0000da3f  NMI_Handler                               
0000fcd9  OLED_ClearBuffer                          
0000b5b9  OLED_FlushPage                            
0000bec1  OLED_Init                                 
0000ee49  OLED_PrintChar                            
0000b729  OLED_PrintInt16                           
0000f909  OLED_PrintString                          
0000cfc1  OLED_PrintUInt16                          
0000fde9  OLED_SetCursor                            
00010365  ObstacleAvoidance_GetFeedback             
00010049  ObstacleAvoidance_Init                    
00010291  ObstacleAvoidance_IsActive                
0001029d  ObstacleAvoidance_IsFailed                
000103d3  ObstacleAvoidance_IsResumeGraceActive     
0000dc17  ObstacleAvoidance_Update_20ms             
0001036d  ObstacleMonitor_GetFeedback               
0000fef5  ObstacleMonitor_Init                      
0000dae1  ObstacleMonitor_Update_20ms               
0000ff11  ObstacleSafety_Init                       
000102a9  ObstacleSafety_IsHolding                  
[...]
202010d8  g_trackRaw                                
202010d9  g_trackTurnDebug                          
20200ca8  g_wheelSpeedEstimatorRuntime              
00000000  interruptVectors                          
0000cb3d  main                                      
0000db7d  memcpy                                    
0000fbd5  memmove                                   
0000eb63  memset                                    
0000df81  strcmp                                    


GLOBAL SYMBOLS: SORTED BY Symbol Address 

address   name                                      
-------   ----                                      
00000000  __TI_ATRegion0_region_sz                  
00000000  __TI_ATRegion0_src_addr                   
00000000  __TI_ATRegion0_trg_addr                   
00000000  __TI_ATRegion1_region_sz                  
00000000  __TI_ATRegion1_src_addr                   
00000000  __TI_ATRegion1_trg_addr                   
00000000  __TI_ATRegion2_region_sz                  
00000000  __TI_ATRegion2_src_addr                   
00000000  __TI_ATRegion2_trg_addr                   
00000000  __TI_static_base__                        
00000000  interruptVectors                          
000000c1  OledUi_Update_20ms                        
00000200  __STACK_SIZE                              
00003ba1  VisionTuningConsole_Process               
00005975  AppConfig_LimitAll                        
00005fc1  Imu_CalibrateGyroBias                     
0000656d  LineController_Update                     
00006a91  RuntimeSnapshot_Update                    
00007379  WheelSpeedEstimator_Update                
0000779d  Imu_Update                                
00007b7d  VisionReceiver_Process                    
00007f2d  Imu_Init                                  
00008ee9  MotionAction_Update_20ms                  
00009199  MotorControl_Update                       
000098dd  Menu_HandleKeyEvent                       
00009b15  AppConfig_InitDefault                     
00009f55  Motor_SetSpeed                            
0000a159  VisionProtocol_ParseV1TargetFrame         
0000a535  MissionLibrary_Validate                   
0000ac69  Ultrasonic_Tick100us                      
0000ae09  CarController_StartDriveDistanceAtYaw     
0000afa5  GimbalStepper_Tick100us                   
0000b139  CarController_Update_20ms                 
0000b2c9  App_Update_20ms                           
0000b445  Key_Update_20ms                           
0000b5b9  OLED_FlushPage                            
0000b729  OLED_PrintInt16                           
0000bc71  LineController_Reset                      
0000bd99  MissionManager_Update_20ms                
0000bec1  OLED_Init                                 
0000c339  LineController_ResetControlState          
0000c445  BalanceSoftLimits_CaptureCurrentStage     
0000c54d  DL_Timer_initFourCCPWMMode                
0000c651  LineController_Init                       
0000c755  MotorControl_SetNormalizedTarget          
0000c855  SYSCFG_DL_GPIO_init                       
0000c955  MissionManager_SelectNext                 
0000ca51  HeadingControl_Update                     
0000cb3d  main                                      
0000cc29  MissionManager_SelectPrevious             
0000cd11  ObstacleSafety_Update_20ms                
0000cee1  WheelSpeedEstimator_Init                  
0000cfc1  OLED_PrintUInt16                          
0000d099  __aeabi_fsub                              
0000d099  __subsf3                                  
0000d0a3  __addsf3                                  
0000d0a3  __aeabi_fadd                              
0000d171  CarController_StartDriveDistance          
0000d245  GimbalStepper_MoveRelativeSteps           
0000d319  BalanceEncoder_HandleGpioInterrupt        
0000d3e5  FaultCode_ToShortString                   
0000d4ad  Angle_Normalize180                        
0000d56d  CarController_ResetRuntime                
0000d629  Menu_GetParamValue                        
0000d6e5  GimbalStepper_StopHold                    
0000d799  GimbalStepper_Init                        
0000d849  SysTick_Handler                           
0000d8f9  Encoder_HandleGpioInterrupt               
0000d99d  __udivmoddi4                              
0000da3f  ADC0_IRQHandler                           
0000da3f  ADC1_IRQHandler                           
0000da3f  AES_IRQHandler                            
0000da3f  CANFD0_IRQHandler                         
0000da3f  DAC0_IRQHandler                           
0000da3f  DMA_IRQHandler                            
0000da3f  Default_Handler                           
0000da3f  GROUP0_IRQHandler                         
0000da3f  HardFault_Handler                         
0000da3f  I2C0_IRQHandler                           
0000da3f  I2C1_IRQHandler                           
0000da3f  NMI_Handler                               
0000da3f  PendSV_Handler                            
0000da3f  RTC_IRQHandler                            
0000da3f  SPI0_IRQHandler                           
0000da3f  SPI1_IRQHandler                           
0000da3f  SVC_Handler                               
0000da3f  TIMA0_IRQHandler                          
0000da3f  TIMA1_IRQHandler                          
0000da3f  TIMG0_IRQHandler                          
0000da3f  TIMG12_IRQHandler                         
0000da3f  TIMG6_IRQHandler                          
0000da3f  TIMG7_IRQHandler                          
0000da3f  TIMG8_IRQHandler                          
0000da3f  UART0_IRQHandler                          
0000da3f  UART1_IRQHandler                          
0000da3f  UART2_IRQHandler                          
0000dae1  ObstacleMonitor_Update_20ms               
0000db7d  memcpy                                    
0000dc17  ObstacleAvoidance_Update_20ms             
0000dcb1  CarController_StartTurnToYawRelative      
0000dd45  CarController_ResetTransientState         
0000ddd5  SYSCFG_DL_PWM_MOTOR_init                  
0000de61  __aeabi_fmul                              
0000de61  __mulsf3                                  
0000df79  BluetoothUart_GetRuntime                  
0000df81  strcmp                                    
0000e009  CarController_SetSafetyHold               
0000e08d  GimbalStepper_ConfirmZero                 
0000e111  Motor_Init                                
0000e195  __aeabi_fdiv                              
0000e195  __divsf3                                  
0000e217  TrackSensor_Init                          
0000e219  BalanceSoftLimits_GetSnapshot             
0000e299  CarController_StartDriveHeading           
0000e319  Motor_Stop                                
0000e399  App_Init                                  
0000e417  __aeabi_idiv0                             
0000e419  VisionPitchTuning_Set                     
0000e495  __TI_decompress_lzss                      
0000e511  BalanceSoftLimits_Enforce100usFromIsr     
0000e675  GimbalStepper_Release                     
0000e6e5  SYSCFG_DL_UART_VISION_init                
0000e755  VisionYawTuning_Set                       
0000e7c5  TrackSensor_DetectTurn                    
0000e833  __aeabi_ldiv0                             
0000e835  BalanceEncoder_CalculateFollowError       
0000e89d  MissionManager_GetSelectedMissionIndex    
0000e96d  TrackSensor_GetErrorFromRaw               
0000e9d5  BalanceSoftLimits_BeginAtCurrentAsZero    
0000ea39  MissionManager_Start                      
0000ea9d  App_ResetToReady                          
0000eb01  __aeabi_fcmpeq                            
0000eb15  __aeabi_fcmplt                            
0000eb29  __aeabi_fcmple                            
0000eb3d  __aeabi_fcmpge                            
0000eb51  __aeabi_fcmpgt                            
0000eb63  memset                                    
0000ebc5  VisionTuningConsole_Init                  
0000ec25  __aeabi_f2lz                              
0000ec25  __fixsfdi                                 
0000ec85  UART3_IRQHandler                          
0000ece1  Ultrasonic_Update_20ms                    
0000ed99  BalanceEncoder_Init                       
0000edf1  MissionManager_Init                       
0000ee49  OLED_PrintChar                            
0000eef9  __aeabi_idiv                              
0000eef9  __aeabi_idivmod                           
0000ef51  CarController_Stop                        
0000efa5  TrackSensor_ReadRaw                       
0000eff9  WatchdogMonitor_ApplyFaultIfNeeded        
0000f04d  Ultrasonic_Init                           
0000f09d  WatchdogMonitor_Tick1msFromIsr            
0000f0ed  __aeabi_l2f                               
0000f0ed  __floatdisf                               
0000f13d  MotorControl_Stop                         
0000f189  DL_UART_init                              
0000f1d1  MissionManager_Cancel                     
0000f219  CarController_StartFollowLine             
0000f25d  EmergencyStop_Reset                       
0000f2a1  Encoder_GetAndClearPulseDeltas            
0000f2e5  Imu_ResetYaw                              
0000f329  MissionManager_Reset                      
0000f36d  Servo_Tick100us                           
0000f3b1  BalanceEncoder_GetSnapshot                
0000f3f1  CarController_ResumeFollowLine            
0000f431  Fault_Raise                               
0000f471  SYSCFG_DL_SYSCTL_init                     
0000f4b1  SYSCFG_DL_initPower                       
0000f4f1  VisionReceiver_PushByteFromIsr            
0000f531  __aeabi_uidiv                             
0000f531  __aeabi_uidivmod                          
0000f571  __divmoddi4                               
0000f5b1  MissionManager_Resume                     
0000f5ed  Servo_SetAngleDeg                         
0000f629  VisionTuningConsole_PushByteFromIsr       
0000f665  __aeabi_i2f                               
0000f665  __floatsisf                               
0000f6a1  __gesf2                                   
0000f6a1  __gtsf2                                   
0000f6dd  __TI_auto_init_nobinit_nopinit            
0000f719  __cmpsf2                                  
0000f719  __eqsf2                                   
0000f719  __lesf2                                   
0000f719  __ltsf2                                   
0000f719  __nesf2                                   
0000f755  __muldsi3                                 
0000f791  EmergencyStop_Trigger                     
0000f7c9  VisionReceiver_Init                       
0000f801  __aeabi_f2iz                              
0000f801  __fixsfsi                                 
0000f839  Imu_IsReady                               
0000f86d  MissionLibrary_FindById                   
0000f8a1  VisionTuningConsole_TryPopTxByte          
0000f8d5  VisionUart_Process                        
0000f909  OLED_PrintString                          
0000f93d  BalanceSoftLimits_Init                    
0000f96d  Key_Init                                  
0000f99d  LineController_ObserveSensors             
0000f9cd  VisionPitchTuning_RestoreDefault          
0000f9fd  WatchdogMonitor_Init                      
0000fa2d  WatchdogMonitor_Reset                     
0000fa5d  Encoder_Reset                             
0000fa89  MissionManager_Pause                      
0000fab5  TrackSensor_CountBlack                    
0000fae1  VisionYawTuning_RestoreDefault            
0000fb0d  EmergencyStop_Enforce                     
0000fb35  Magnet_ForceOff                           
0000fb5d  Servo_Init                                
0000fb85  VisionPitchTuning_Init                    
0000fbad  __aeabi_ui2f                              
0000fbad  __floatunsisf                             
0000fbd5  memmove                                   
0000fbfd  _c_int00_noargs                           
0000fc25  BalanceEncoder_SampleSpeed10msFromIsr     
0000fc49  GimbalStepper_GetFeedbackSnapshot         
0000fc6d  MissionManager_ReportExternalFailure      
0000fc91  MotorControl_Init                         
0000fcb5  MotorControl_Reset                        
0000fcd9  OLED_ClearBuffer                          
0000fcfd  SYSCFG_DL_init                            
0000fd21  VisionYawTuning_Init                      
0000fd45  __aeabi_lmul                              
0000fd45  __muldi3                                  
0000fd69  DL_Timer_overrideCCPOut                   
0000fd89  DebugTelemetry_Update                     
0000fda9  GROUP1_IRQHandler                         
0000fdc9  Magnet_Init                               
0000fde9  OLED_SetCursor                            
0000fe09  SchedulerMonitor_GetStats                 
0000fe49  __aeabi_llsl                              
0000fe49  __ashldi3                                 
0000fe69  DL_Timer_setCaptCompUpdateMethod          
0000fe85  DL_Timer_setClockConfig                   
0000fea1  HeadingControl_SetTargetYaw               
0000febd  Menu_Init                                 
0000fed9  MotionAction_Cancel                       
0000fef5  ObstacleMonitor_Init                      
0000ff11  ObstacleSafety_Init                       
0000ff2d  VisionPitchTuning_ParamName               
0000ff49  VisionYawTuning_GetSnapshot               
0000ff65  VisionYawTuning_ParamName                 
0000ff81  WatchdogMonitor_NotifyControlCycleComplete
0000ffb9  DL_Timer_setCaptureCompareOutCtl          
0000ffd1  DebugTelemetry_Init                       
0000ffe9  HeadingControl_Init                       
00010001  HeadingControl_Reset                      
00010019  Menu_ParamItemToString                    
00010031  MotionAction_Init                         
00010049  ObstacleAvoidance_Init                    
00010061  RuntimeSnapshot_Init                      
00010079  __aeabi_fcmpun                            
00010079  __unordsf2                                
00010091  BalanceSoftLimits_AbortCalibration        
000100a5  Fault_Clear                               
000100b9  Fault_Init                                
000100cd  GimbalStepper_SetStepHalfPeriodTicks      
000100e1  HeadingControl_Enable                     
000100f5  MissionLibrary_GetByIndex                 
00010109  MissionManager_GetSelectedMissionId       
0001011d  VisionPitchTuning_GetSnapshot             
00010131  VisionUart_Init                           
00010145  __aeabi_ldivmod                           
00010159  __aeabi_uldivmod                          
0001016d  DL_UART_setClockConfig                    
0001017f  __TI_decompress_none                      
00010191  DL_Timer_setCaptureCompareValue           
000101a1  Gimbal_YawGetFeedback                     
000101b1  Key_GetEvent                              
000101c1  __TI_zero_init                            
000101d1  BalanceEncoder_GetCountAtomic             
000101dd  BalanceSoftLimits_IsCalibrationActive     
000101e9  CarController_GetRunMode                  
000101f5  CarController_Init                        
00010201  CarController_IsSafetyHoldActive          
0001020d  CarState_Get                              
00010219  CarState_Init                             
00010225  CarState_Set                              
00010231  EmergencyStop_Init                        
0001023d  EmergencyStop_IsActive                    
00010249  Imu_GetCorrectedGyroZDps                  
00010255  Imu_GetYaw                                
00010261  Menu_GetPage                              
0001026d  Menu_GetParamItem                         
00010279  MissionManager_IsExternallyHeld           
00010285  MissionManager_SetExternalHold            
00010291  ObstacleAvoidance_IsActive                
0001029d  ObstacleAvoidance_IsFailed                
000102a9  ObstacleSafety_IsHolding                  
000102b5  SystemTime_GetMs                          
000102c1  WatchdogMonitor_HasTripped                
000102cd  __aeabi_memclr                            
000102cd  __aeabi_memclr4                           
000102cd  __aeabi_memclr8                           
000102d9  DL_Common_delayCycles                     
000102e3  MotionAction_Resume                       
000102ed  MotionAction_Start                        
000102f7  TrackSensor_IsCenterDetected              
00010301  TrackSensor_IsLineDetected                
0001030b  TrackSensor_IsLineLost                    
00010315  CarController_GetFeedback                 
0001031d  Fault_GetRecord                           
00010325  GimbalStepper_GetFeedback                 
0001032d  HeadingControl_GetRuntime                 
00010335  Imu_GetRuntime                            
0001033d  LineController_GetRuntime                 
00010345  MissionManager_GetMissionCount            
0001034d  MissionManager_GetRuntime                 
00010355  MotionAction_GetRuntime                   
0001035d  MotorControl_GetRuntime                   
00010365  ObstacleAvoidance_GetFeedback             
0001036d  ObstacleMonitor_GetFeedback               
00010375  OledUi_Init                               
0001037d  RuntimeSnapshot_Get                       
00010385  Servo_GetFeedback                         
0001038d  Ultrasonic_GetFeedback                    
00010395  VisionReceiver_GetStatus                  
0001039d  VisionTuningConsole_GetStatus             
000103a5  WatchdogMonitor_GetStatus                 
000103ad  WheelSpeedEstimator_GetRuntime            
000103b5  __aeabi_memcpy                            
000103b5  __aeabi_memcpy4                           
000103b5  __aeabi_memcpy8                           
000103bd  __aeabi_memmove                           
000103bd  __aeabi_memmove4                          
000103bd  __aeabi_memmove8                          
000103c5  abort                                     
000103ca  C$$EXIT                                   
000103cb  HOSTexit                                  
000103cf  MissionLibrary_GetCount                   
000103d3  ObstacleAvoidance_IsResumeGraceActive     
000103d7  Reset_Handler                             
000103db  _system_pre_init                          
00010b90  __TI_Handler_Table_Base                   
00010b9c  __TI_Handler_Table_Limit                  
00010bac  __TI_CINIT_Base                           
00010bbc  __TI_CINIT_Limit                          
00010bbc  __TI_CINIT_Warm                           
20200000  __start___llvm_prf_bits                   
20200000  __start___llvm_prf_cnts                   
20200000  __stop___llvm_prf_bits                    
20200000  __stop___llvm_prf_cnts                    
202007d0  g_appConfig                               
20200ae0  g_imuRuntime                              
20200be0  g_appRuntime                              
20200ca8  g_wheelSpeedEstimatorRuntime              
20200dc0  gUART_VISIONBackup                        
20200eec  g_headingRuntime                          
202010a2  g_trackError                              
202010d2  g_carStateDebug                           
202010d3  g_keyEvent                                
202010d4  g_oledPageDebug                           
202010d5  g_paramItemDebug                          
202010d6  g_trackBlackCount                         
202010d7  g_trackModeDebug                          
202010d8  g_trackRaw                                
202010d9  g_trackTurnDebug                          
20207e00  __stack                                   
20208000  __STACK_END                               
ffffffff  __TI_pprof_out_hndl                       
ffffffff  __TI_prof_data_size                       
ffffffff  __TI_prof_data_start                      
ffffffff  __binit__                                 
ffffffff  binit                                     
UNDEFED   __mpu_init                                
UNDEFED   _system_post_cinit                        

[365 symbols]
