******************************************************************************
            TI ARM Clang Linker PC v4.0.4                      
******************************************************************************
>> Linked Sun Jul 26 21:36:44 2026

OUTPUT FILE NAME:   <diansaikaishi.out>
ENTRY POINT SYMBOL: "_c_int00_noargs"  address: 0000d5e5


MEMORY CONFIGURATION

         name            origin    length      used     unused   attr    fill
----------------------  --------  ---------  --------  --------  ----  --------
  FLASH                 00000000   00020000  0000e468  00011b98  R  X
  SRAM                  20200000   00008000  000012c8  00006d38  RW X
  BCR_CONFIG            41c00000   000000ff  00000000  000000ff  R   
  BSL_CONFIG            41c00100   00000080  00000000  00000080  R   


SEGMENT ALLOCATION MAP

run origin  load origin   length   init length attrs members
----------  ----------- ---------- ----------- ----- -------
00000000    00000000    0000e468   0000e468    r-x
  00000000    00000000    000000c0   000000c0    r-- .intvecs
  000000c0    000000c0    0000dc70   0000dc70    r-x .text
  0000dd30    0000dd30    00000708   00000708    r-- .rodata
  0000e438    0000e438    00000030   00000030    r-- .cinit
20200000    20200000    000010c8   00000000    rw-
  20200000    20200000    000010c7   00000000    rw- .bss
  202010c7    202010c7    00000001   00000000    rw- .data
20207e00    20207e00    00000200   00000000    rw-
  20207e00    20207e00    00000200   00000000    rw- .stack


SECTION ALLOCATION MAP

 output                                  attributes/
section   page    origin      length       input sections
--------  ----  ----------  ----------   ----------------
.intvecs   0    00000000    000000c0     
                  00000000    000000c0     startup_mspm0g350x_ticlang.o (.intvecs)

.text      0    000000c0    0000dc70     
                  000000c0    00002760     oled_ui.o (.text.OledUi_Update_20ms)
                  00002820    00001dd4     vision_tuning_console.o (.text.VisionTuningConsole_Process)
                  000045f4    00000570     app_config.o (.text.AppConfig_LimitAll)
                  00004b64    000004f0     line_controller.o (.text.LineController_Update)
                  00005054    00000480     runtime_snapshot.o (.text.RuntimeSnapshot_Update)
                  000054d4    0000044c     motor_control.o (.text.update_wheel)
                  00005920    00000424     wheel_speed_estimator.o (.text.WheelSpeedEstimator_Update)
                  00005d44    000003e0     imu.o (.text.Imu_Update)
                  00006124    000003b0     vision_receiver.o (.text.VisionReceiver_Process)
                  000064d4    00000374     imu.o (.text.Imu_Init)
                  00006848    00000370     gimbal.o (.text.gimbal_update_feedback)
                  00006bb8    00000310     vision_tuning_console.o (.text.append_scaled)
                  00006ec8    000002f0     imu.o (.text.mpu6050_read_regs)
                  000071b8    0000029c     motion_action.o (.text.MotionAction_Update_20ms)
                  00007454    0000028c     motor_control.o (.text.MotorControl_Update)
                  000076e0    00000248     menu.o (.text.Menu_HandleKeyEvent)
                  00007928    00000244     car_controller.o (.text.handle_drive_distance)
                  00007b6c    00000230     imu.o (.text.Imu_CalibrateGyroBias)
                  00007d9c    00000204     motor.o (.text.Motor_SetSpeed)
                  00007fa0    000001f4     vision_protocol.o (.text.VisionProtocol_ParseV1TargetFrame)
                  00008194    000001f0     app_config.o (.text.AppConfig_InitDefault)
                  00008384    000001e8     motor_control.o (.text.config_is_valid)
                  0000856c    000001e8     car_controller.o (.text.handle_turn_to_yaw)
                  00008754    000001d4     car_controller.o (.text.CarController_StartDriveDistanceAtYaw)
                  00008928    000001cc     imu.o (.text.imu_i2c_write_byte)
                  00008af4    000001cc     oled_ui.o (.text.print_status_page)
                  00008cc0    000001bc     motion_action.o (.text.MotionAction_Start)
                  00008e7c    000001b8     oled.o (.text.oled_i2c_write_byte)
                  00009034    000001a0     ultrasonic.o (.text.Ultrasonic_Tick100us)
                  000091d4    00000190     car_controller.o (.text.CarController_Update_20ms)
                  00009364    0000017c     mission_library.o (.text.MissionLibrary_Validate)
                  000094e0    00000174     key.o (.text.Key_Update_20ms)
                  00009654    00000170     oled.o (.text.OLED_FlushPage)
                  000097c4    0000016c     oled.o (.text.OLED_PrintInt16)
                  00009930    00000158     vision_tuning_console.o (.text.send_parameter_reply)
                  00009a88    00000158     vision_tuning_console.o (.text.send_yaw_parameter_reply)
                  00009be0    0000012c     imu.o (.text.imu_i2c_recover_bus)
                  00009d0c    00000124     oled.o (.text.OLED_Init)
                  00009e30    00000124     vision_tuning_console.o (.text.send_simple_reply)
                  00009f54    0000011c     car_controller.o (.text.CarController_StartDriveDistance)
                  0000a070    0000011c     line_controller.o (.text.LineController_Reset)
                  0000a18c    0000011c     car_controller.o (.text.handle_drive_heading)
                  0000a2a8    00000118     app.o (.text.App_Update_20ms)
                  0000a3c0    0000010c     car_controller.o (.text.handle_follow_line)
                  0000a4cc    00000104     driverlib.a : dl_timer.o (.text.DL_Timer_initFourCCPWMMode)
                  0000a5d0    00000104     line_controller.o (.text.LineController_ResetControlState)
                  0000a6d4    00000104     mission_manager.o (.text.MissionManager_Update_20ms)
                  0000a7d8    00000100     car_controller.o (.text.CarController_StartDriveHeading)
                  0000a8d8    00000100     motor_control.o (.text.MotorControl_SetNormalizedTarget)
                  0000a9d8    000000f8     line_controller.o (.text.LineController_Init)
                  0000aad0    000000ec     car_controller.o (.text.CarController_StartTurnToYawRelative)
                  0000abbc    000000ec     heading_control.o (.text.HeadingControl_Update)
                  0000aca8    000000e8     obstacle_safety.o (.text.ObstacleSafety_Update_20ms)
                  0000ad90    000000e8     vision_protocol.o (.text.fields_are_valid)
                  0000ae78    000000e4     mission_manager.o (.text.MissionManager_SelectNext)
                  0000af5c    000000e0     wheel_speed_estimator.o (.text.WheelSpeedEstimator_Init)
                  0000b03c    000000e0     empty.o (.text.main)
                  0000b11c    000000dc     ti_msp_dl_config.o (.text.SYSCFG_DL_GPIO_init)
                  0000b1f8    000000d8     oled.o (.text.OLED_PrintUInt16)
                  0000b2d0    000000d8     libclang_rt.builtins.a : addsf3.S.obj (.text)
                  0000b3a8    000000cc     mission_manager.o (.text.MissionManager_SelectPrevious)
                  0000b474    000000c8     fault.o (.text.FaultCode_ToShortString)
                  0000b53c    000000c0     angle_utils.o (.text.Angle_Normalize180)
                  0000b5fc    000000c0     car_controller.o (.text.CarController_StartFollowLine)
                  0000b6bc    000000b4     car_controller.o (.text.CarController_ResetRuntime)
                  0000b770    000000ac     bluetooth_uart.o (.text.UART1_IRQHandler)
                  0000b81c    000000a4     encoder.o (.text.Encoder_HandleGpioInterrupt)
                  0000b8c0    000000a4     bluetooth_uart.o (.text.bluetooth_uart_drain_rx)
                  0000b964    000000a2     libclang_rt.builtins.a : udivmoddi4.S.obj (.text)
                  0000ba06    00000002     startup_mspm0g350x_ticlang.o (.text.Default_Handler)
                  0000ba08    0000009c     obstacle_monitor.o (.text.ObstacleMonitor_Update_20ms)
                  0000baa4    0000009a     libc.a : memcpy16.S.obj (.text:memcpy)
                  0000bb3e    00000002     obstacle_avoidance.o (.text.ObstacleAvoidance_Update_20ms)
                  0000bb40    00000098     imu.o (.text.mpu6050_write_reg)
                  0000bbd8    0000008c     ti_msp_dl_config.o (.text.SYSCFG_DL_PWM_MOTOR_init)
                  0000bc64    0000008c     libclang_rt.builtins.a : mulsf3.S.obj (.text.__mulsf3)
                  0000bcf0    0000008c     car_controller.o (.text.heading_imu_wait_or_fail)
                  0000bd7c    00000004     libsysbm.a : hostexit.c.obj (.text.HOSTexit)
                  0000bd80    00000088     libc.a : strcmp-armv6m.S.obj (.text:strcmp)
                  0000be08    00000084     car_controller.o (.text.CarController_SetSafetyHold)
                  0000be8c    00000084     motor.o (.text.Motor_Init)
                  0000bf10    00000082     libclang_rt.builtins.a : divsf3.S.obj (.text.__divsf3)
                  0000bf92    00000002     track_sensor.o (.text.TrackSensor_Init)
                  0000bf94    00000080     motor.o (.text.Motor_Stop)
                  0000c014    0000007c     vision_pitch_tuning.o (.text.VisionPitchTuning_Set)
                  0000c090    0000007c     libc.a : copy_decompress_lzss.c.obj (.text:decompress:lzss)
                  0000c10c    0000007a     app.o (.text.App_Init)
                  0000c186    00000002     libclang_rt.builtins.a : aeabi_div0.c.obj (.text.__aeabi_idiv0)
                  0000c188    00000078     bluetooth_uart.o (.text.BluetoothUart_Init)
                  0000c200    00000078     bluetooth_uart.o (.text.BluetoothUart_Process)
                  0000c278    00000078     empty.o (.text.SysTick_Handler)
                  0000c2f0    00000078     oled.o (.text.oled_write_command)
                  0000c368    00000074     motor_control.o (.text.latch_control_error)
                  0000c3dc    00000070     ti_msp_dl_config.o (.text.SYSCFG_DL_UART_BLUETOOTH_init)
                  0000c44c    00000070     ti_msp_dl_config.o (.text.SYSCFG_DL_UART_VISION_init)
                  0000c4bc    00000070     vision_yaw_tuning.o (.text.VisionYawTuning_Set)
                  0000c52c    0000006e     track_sensor.o (.text.TrackSensor_DetectTurn)
                  0000c59a    00000002     libclang_rt.builtins.a : aeabi_div0.c.obj (.text.__aeabi_ldiv0)
                  0000c59c    00000068     mission_manager.o (.text.MissionManager_GetSelectedMissionIndex)
                  0000c604    00000068     car_controller.o (.text.set_output_speed)
                  0000c66c    00000066     track_sensor.o (.text.TrackSensor_GetErrorFromRaw)
                  0000c6d2    00000002     --HOLE-- [fill = 0]
                  0000c6d4    00000062     libclang_rt.builtins.a : aeabi_fcmp.S.obj (.text.__aeabi_fcmp)
                  0000c736    00000062     libc.a : memset16.S.obj (.text:memset)
                  0000c798    00000060     vision_tuning_console.o (.text.VisionTuningConsole_Init)
                  0000c7f8    00000060     libclang_rt.builtins.a : fixsfdi.S.obj (.text.__fixsfdi)
                  0000c858    0000005c     vision_uart.o (.text.UART3_IRQHandler)
                  0000c8b4    0000005c     ultrasonic.o (.text.Ultrasonic_Update_20ms)
                  0000c910    00000058     oled.o (.text.OLED_PrintChar)
                  0000c968    00000056     libclang_rt.builtins.a : aeabi_idivmod.S.obj (.text.__aeabi_idivmod)
                  0000c9be    00000002     --HOLE-- [fill = 0]
                  0000c9c0    00000054     car_controller.o (.text.CarController_Stop)
                  0000ca14    00000054     menu.o (.text.Menu_GetParamValue)
                  0000ca68    00000054     track_sensor.o (.text.TrackSensor_ReadRaw)
                  0000cabc    00000050     ultrasonic.o (.text.Ultrasonic_Init)
                  0000cb0c    00000050     watchdog_monitor.o (.text.WatchdogMonitor_ApplyFaultIfNeeded)
                  0000cb5c    0000004e     libclang_rt.builtins.a : floatdisf.S.obj (.text.__floatdisf)
                  0000cbaa    00000002     --HOLE-- [fill = 0]
                  0000cbac    0000004c     mission_manager.o (.text.MissionManager_Start)
                  0000cbf8    0000004c     motor_control.o (.text.MotorControl_Stop)
                  0000cc44    0000004c     watchdog_monitor.o (.text.WatchdogMonitor_Tick1msFromIsr)
                  0000cc90    00000048     driverlib.a : dl_uart.o (.text.DL_UART_init)
                  0000ccd8    00000048     ti_msp_dl_config.o (.text.SYSCFG_DL_initPower)
                  0000cd20    00000044     encoder.o (.text.Encoder_GetAndClearPulseDeltas)
                  0000cd64    00000044     imu.o (.text.Imu_ResetYaw)
                  0000cda8    00000044     servo.o (.text.Servo_Tick100us)
                  0000cdec    00000040     emergency_stop.o (.text.EmergencyStop_Reset)
                  0000ce2c    00000040     mission_manager.o (.text.MissionManager_Init)
                  0000ce6c    00000040     ti_msp_dl_config.o (.text.SYSCFG_DL_SYSCTL_init)
                  0000ceac    00000040     vision_receiver.o (.text.VisionReceiver_PushByteFromIsr)
                  0000ceec    00000040     libclang_rt.builtins.a : aeabi_uidivmod.S.obj (.text.__aeabi_uidivmod)
                  0000cf2c    00000040     motion_action.o (.text.motion_action_start_imu_controller)
                  0000cf6c    0000003e     libclang_rt.builtins.a : divmoddi4.c.obj (.text.__divmoddi4)
                  0000cfaa    00000002     --HOLE-- [fill = 0]
                  0000cfac    0000003c     servo.o (.text.Servo_SetAngleDeg)
                  0000cfe8    0000003c     vision_tuning_console.o (.text.VisionTuningConsole_PushByteFromIsr)
                  0000d024    0000003c     libclang_rt.builtins.a : floatsisf.S.obj (.text.__floatsisf)
                  0000d060    0000003c                            : comparesf2.S.obj (.text.__gtsf2)
                  0000d09c    0000003c     libc.a : autoinit.c.obj (.text:__TI_auto_init_nobinit_nopinit)
                  0000d0d8    0000003a     libclang_rt.builtins.a : comparesf2.S.obj (.text.__eqsf2)
                  0000d112    00000002     --HOLE-- [fill = 0]
                  0000d114    0000003a                            : muldsi3.S.obj (.text.__muldsi3)
                  0000d14e    00000002     --HOLE-- [fill = 0]
                  0000d150    00000038     vision_receiver.o (.text.VisionReceiver_Init)
                  0000d188    00000038     libclang_rt.builtins.a : fixsfsi.S.obj (.text.__fixsfsi)
                  0000d1c0    00000034     emergency_stop.o (.text.EmergencyStop_Trigger)
                  0000d1f4    00000034     imu.o (.text.Imu_IsReady)
                  0000d228    00000034     mission_library.o (.text.MissionLibrary_FindById)
                  0000d25c    00000034     vision_tuning_console.o (.text.VisionTuningConsole_TryPopTxByte)
                  0000d290    00000034     vision_uart.o (.text.VisionUart_Process)
                  0000d2c4    00000032     oled.o (.text.OLED_PrintString)
                  0000d2f6    00000002     --HOLE-- [fill = 0]
                  0000d2f8    00000030     fault.o (.text.Fault_Raise)
                  0000d328    00000030     key.o (.text.Key_Init)
                  0000d358    00000030     line_controller.o (.text.LineController_ObserveSensors)
                  0000d388    00000030     mission_manager.o (.text.MissionManager_Resume)
                  0000d3b8    00000030     vision_pitch_tuning.o (.text.VisionPitchTuning_RestoreDefault)
                  0000d3e8    00000030     watchdog_monitor.o (.text.WatchdogMonitor_Init)
                  0000d418    0000002c     encoder.o (.text.Encoder_Reset)
                  0000d444    0000002c     mission_manager.o (.text.MissionManager_Cancel)
                  0000d470    0000002c     mission_manager.o (.text.MissionManager_Reset)
                  0000d49c    0000002c     track_sensor.o (.text.TrackSensor_CountBlack)
                  0000d4c8    0000002c     vision_yaw_tuning.o (.text.VisionYawTuning_RestoreDefault)
                  0000d4f4    00000028     ti_msp_dl_config.o (.text.SYSCFG_DL_init)
                  0000d51c    00000028     servo.o (.text.Servo_Init)
                  0000d544    00000028     vision_pitch_tuning.o (.text.VisionPitchTuning_Init)
                  0000d56c    00000028     watchdog_monitor.o (.text.WatchdogMonitor_Reset)
                  0000d594    00000028     libclang_rt.builtins.a : floatunsisf.S.obj (.text.__floatunsisf)
                  0000d5bc    00000028     libc.a : memmov.c.obj (.text.memmove)
                  0000d5e4    00000028            : boot_cortex_m.c.obj (.text:_c_int00_noargs)
                  0000d60c    00000024     emergency_stop.o (.text.EmergencyStop_Enforce)
                  0000d630    00000024     mission_manager.o (.text.MissionManager_ReportExternalFailure)
                  0000d654    00000024     motor_control.o (.text.MotorControl_Init)
                  0000d678    00000024     motor_control.o (.text.MotorControl_Reset)
                  0000d69c    00000024     oled.o (.text.OLED_ClearBuffer)
                  0000d6c0    00000024     vision_yaw_tuning.o (.text.VisionYawTuning_Init)
                  0000d6e4    00000024     libclang_rt.builtins.a : muldi3.S.obj (.text.__muldi3)
                  0000d708    00000020     driverlib.a : dl_timer.o (.text.DL_Timer_overrideCCPOut)
                  0000d728    00000020     debug_telemetry.o (.text.DebugTelemetry_Update)
                  0000d748    00000020     mission_manager.o (.text.MissionManager_Pause)
                  0000d768    00000020     oled.o (.text.OLED_SetCursor)
                  0000d788    00000020     empty.o (.text.SchedulerMonitor_GetStats)
                  0000d7a8    00000020     mission_manager.o (.text.mission_finish_error)
                  0000d7c8    0000001e     libclang_rt.builtins.a : ashldi3.S.obj (.text.__ashldi3)
                  0000d7e6    00000002     --HOLE-- [fill = 0]
                  0000d7e8    0000001c     driverlib.a : dl_timer.o (.text.DL_Timer_setCaptCompUpdateMethod)
                  0000d804    0000001c                 : dl_timer.o (.text.DL_Timer_setClockConfig)
                  0000d820    0000001c     heading_control.o (.text.HeadingControl_SetTargetYaw)
                  0000d83c    0000001c     menu.o (.text.Menu_Init)
                  0000d858    0000001c     motion_action.o (.text.MotionAction_Cancel)
                  0000d874    0000001c     obstacle_monitor.o (.text.ObstacleMonitor_Init)
                  0000d890    0000001c     obstacle_safety.o (.text.ObstacleSafety_Init)
                  0000d8ac    0000001c     vision_pitch_tuning.o (.text.VisionPitchTuning_ParamName)
                  0000d8c8    0000001c     vision_yaw_tuning.o (.text.VisionYawTuning_GetSnapshot)
                  0000d8e4    0000001c     vision_yaw_tuning.o (.text.VisionYawTuning_ParamName)
                  0000d900    0000001c     watchdog_monitor.o (.text.WatchdogMonitor_NotifyControlCycleComplete)
                  0000d91c    0000001c     mission_manager.o (.text.mission_finish_success)
                  0000d938    00000018     driverlib.a : dl_timer.o (.text.DL_Timer_setCaptureCompareOutCtl)
                  0000d950    00000018     debug_telemetry.o (.text.DebugTelemetry_Init)
                  0000d968    00000018     heading_control.o (.text.HeadingControl_Init)
                  0000d980    00000018     heading_control.o (.text.HeadingControl_Reset)
                  0000d998    00000018     menu.o (.text.Menu_ParamItemToString)
                  0000d9b0    00000018     motion_action.o (.text.MotionAction_Init)
                  0000d9c8    00000018     obstacle_avoidance.o (.text.ObstacleAvoidance_Init)
                  0000d9e0    00000018     runtime_snapshot.o (.text.RuntimeSnapshot_Init)
                  0000d9f8    00000016     libclang_rt.builtins.a : comparesf2.S.obj (.text.__unordsf2)
                  0000da0e    00000002     --HOLE-- [fill = 0]
                  0000da10    00000014     fault.o (.text.Fault_Clear)
                  0000da24    00000014     fault.o (.text.Fault_Init)
                  0000da38    00000014     empty.o (.text.GROUP1_IRQHandler)
                  0000da4c    00000014     heading_control.o (.text.HeadingControl_Enable)
                  0000da60    00000014     mission_library.o (.text.MissionLibrary_GetByIndex)
                  0000da74    00000014     mission_manager.o (.text.MissionManager_GetSelectedMissionId)
                  0000da88    00000014     vision_pitch_tuning.o (.text.VisionPitchTuning_GetSnapshot)
                  0000da9c    00000014     vision_uart.o (.text.VisionUart_Init)
                  0000dab0    00000014     libclang_rt.builtins.a : aeabi_ldivmod.S.obj (.text.__aeabi_ldivmod)
                  0000dac4    00000014                            : aeabi_uldivmod.S.obj (.text.__aeabi_uldivmod)
                  0000dad8    00000012     driverlib.a : dl_uart.o (.text.DL_UART_setClockConfig)
                  0000daea    00000012     libc.a : copy_decompress_none.c.obj (.text:decompress:none)
                  0000dafc    00000010     driverlib.a : dl_timer.o (.text.DL_Timer_setCaptureCompareValue)
                  0000db0c    00000010     gimbal.o (.text.Gimbal_YawGetFeedback)
                  0000db1c    00000010     key.o (.text.Key_GetEvent)
                  0000db2c    00000010     libc.a : copy_zero_init.c.obj (.text:decompress:ZI)
                  0000db3c    0000000c     car_controller.o (.text.CarController_GetRunMode)
                  0000db48    0000000c     car_controller.o (.text.CarController_Init)
                  0000db54    0000000c     car_controller.o (.text.CarController_IsSafetyHoldActive)
                  0000db60    0000000c     car_state.o (.text.CarState_Get)
                  0000db6c    0000000c     car_state.o (.text.CarState_Init)
                  0000db78    0000000c     car_state.o (.text.CarState_Set)
                  0000db84    0000000c     emergency_stop.o (.text.EmergencyStop_Init)
                  0000db90    0000000c     emergency_stop.o (.text.EmergencyStop_IsActive)
                  0000db9c    0000000c     imu.o (.text.Imu_GetCorrectedGyroZDps)
                  0000dba8    0000000c     imu.o (.text.Imu_GetYaw)
                  0000dbb4    0000000c     menu.o (.text.Menu_GetPage)
                  0000dbc0    0000000c     menu.o (.text.Menu_GetParamItem)
                  0000dbcc    0000000c     mission_manager.o (.text.MissionManager_IsExternallyHeld)
                  0000dbd8    0000000c     mission_manager.o (.text.MissionManager_SetExternalHold)
                  0000dbe4    0000000c     obstacle_avoidance.o (.text.ObstacleAvoidance_IsActive)
                  0000dbf0    0000000c     obstacle_avoidance.o (.text.ObstacleAvoidance_IsFailed)
                  0000dbfc    0000000c     obstacle_safety.o (.text.ObstacleSafety_IsHolding)
                  0000dc08    0000000c     empty.o (.text.SystemTime_GetMs)
                  0000dc14    0000000c     watchdog_monitor.o (.text.WatchdogMonitor_HasTripped)
                  0000dc20    0000000c     libclang_rt.builtins.a : aeabi_memset.S.obj (.text.__aeabi_memclr)
                  0000dc2c    0000000a     driverlib.a : dl_common.o (.text.DL_Common_delayCycles)
                  0000dc36    0000000a     track_sensor.o (.text.TrackSensor_IsCenterDetected)
                  0000dc40    0000000a     track_sensor.o (.text.TrackSensor_IsLineDetected)
                  0000dc4a    0000000a     track_sensor.o (.text.TrackSensor_IsLineLost)
                  0000dc54    00000008     bluetooth_uart.o (.text.BluetoothUart_GetRuntime)
                  0000dc5c    00000008     car_controller.o (.text.CarController_GetFeedback)
                  0000dc64    00000008     fault.o (.text.Fault_GetRecord)
                  0000dc6c    00000008     gimbal_stepper.o (.text.GimbalStepper_GetFeedback)
                  0000dc74    00000008     heading_control.o (.text.HeadingControl_GetRuntime)
                  0000dc7c    00000008     imu.o (.text.Imu_GetRuntime)
                  0000dc84    00000008     line_controller.o (.text.LineController_GetRuntime)
                  0000dc8c    00000008     mission_manager.o (.text.MissionManager_GetMissionCount)
                  0000dc94    00000008     mission_manager.o (.text.MissionManager_GetRuntime)
                  0000dc9c    00000008     motion_action.o (.text.MotionAction_GetRuntime)
                  0000dca4    00000008     motor_control.o (.text.MotorControl_GetRuntime)
                  0000dcac    00000008     obstacle_avoidance.o (.text.ObstacleAvoidance_GetFeedback)
                  0000dcb4    00000008     obstacle_monitor.o (.text.ObstacleMonitor_GetFeedback)
                  0000dcbc    00000008     oled_ui.o (.text.OledUi_Init)
                  0000dcc4    00000008     runtime_snapshot.o (.text.RuntimeSnapshot_Get)
                  0000dccc    00000008     servo.o (.text.Servo_GetFeedback)
                  0000dcd4    00000008     ultrasonic.o (.text.Ultrasonic_GetFeedback)
                  0000dcdc    00000008     vision_receiver.o (.text.VisionReceiver_GetStatus)
                  0000dce4    00000008     vision_tuning_console.o (.text.VisionTuningConsole_GetStatus)
                  0000dcec    00000008     watchdog_monitor.o (.text.WatchdogMonitor_GetStatus)
                  0000dcf4    00000008     wheel_speed_estimator.o (.text.WheelSpeedEstimator_GetRuntime)
                  0000dcfc    00000008     libclang_rt.builtins.a : aeabi_memcpy.S.obj (.text.__aeabi_memcpy)
                  0000dd04    00000008                            : aeabi_memmove.S.obj (.text.__aeabi_memmove)
                  0000dd0c    00000006     libc.a : exit.c.obj (.text:abort)
                  0000dd12    00000004     mission_library.o (.text.MissionLibrary_GetCount)
                  0000dd16    00000004     obstacle_avoidance.o (.text.ObstacleAvoidance_IsResumeGraceActive)
                  0000dd1a    00000004     startup_mspm0g350x_ticlang.o (.text.Reset_Handler)
                  0000dd1e    00000004     libc.a : pre_init.c.obj (.text._system_pre_init)
                  0000dd22    0000000e     --HOLE-- [fill = 0]

.cinit     0    0000e438    00000030     
                  0000e438    0000000c     (__TI_handler_table)
                  0000e444    00000008     (.cinit..bss.load) [load image, compression = zero_init]
                  0000e44c    00000005     (.cinit..data.load) [load image, compression = lzss]
                  0000e451    00000003     --HOLE-- [fill = 0]
                  0000e454    00000010     (__TI_cinit_table)
                  0000e464    00000004     --HOLE-- [fill = 0]

.rodata    0    0000dd30    00000708     
                  0000dd30    000000d8     oled.o (.rodata..Lswitch.table.OLED_PrintChar)
                  0000de08    00000048     mission_library.o (.rodata.g_missionCompetitionMain)
                  0000de50    00000048     mission_library.o (.rodata.g_missionTestDistance20)
                  0000de98    00000048     mission_library.o (.rodata.g_missionTestLine)
                  0000dee0    00000048     mission_library.o (.rodata.g_missionTestTurn)
                  0000df28    00000040     mission_library.o (.rodata.g_missionRegistry)
                  0000df68    0000002c     oled_ui.o (.rodata..Lswitch.table.print_status_page)
                  0000df94    0000001c     menu.o (.rodata..Lswitch.table.Menu_ParamItemToString)
                  0000dfb0    0000001c     vision_tuning_console.o (.rodata.str1.1836208005852235077.1)
                  0000dfcc    00000018     oled_ui.o (.rodata..Lswitch.table.OledUi_Update_20ms.114)
                  0000dfe4    00000018     vision_pitch_tuning.o (.rodata..Lswitch.table.VisionPitchTuning_ParamName)
                  0000dffc    00000018     oled_ui.o (.rodata..Lswitch.table.print_status_page.115)
                  0000e014    00000014     vision_yaw_tuning.o (.rodata..Lswitch.table.VisionYawTuning_ParamName)
                  0000e028    00000014     oled_ui.o (.rodata..Lswitch.table.print_status_page.116)
                  0000e03c    0000000e     oled_ui.o (.rodata.str1.10416366799939242409.1)
                  0000e04a    00000002     ti_msp_dl_config.o (.rodata.gUART_BLUETOOTHClockConfig)
                  0000e04c    0000000c     oled_ui.o (.rodata..Lswitch.table.OledUi_Update_20ms)
                  0000e058    0000000a     ti_msp_dl_config.o (.rodata.gUART_BLUETOOTHConfig)
                  0000e062    0000000a     ti_msp_dl_config.o (.rodata.gUART_VISIONConfig)
                  0000e06c    0000000a     mission_library.o (.rodata.str1.13636476544574750902.1)
                  0000e076    0000000a     oled_ui.o (.rodata.str1.13871579367539052597.1)
                  0000e080    0000000a     mission_library.o (.rodata.str1.15668266851434757964.1)
                  0000e08a    0000000a     mission_library.o (.rodata.str1.199678142196697465.1)
                  0000e094    0000000a     vision_tuning_console.o (.rodata.str1.4859846923128959820.1)
                  0000e09e    0000000a     vision_tuning_console.o (.rodata.str1.7225688704195888286.1)
                  0000e0a8    00000008     ti_msp_dl_config.o (.rodata.gPWM_MOTORConfig)
                  0000e0b0    00000008     vision_tuning_console.o (.rodata.str1.11718269490974306969.1)
                  0000e0b8    00000008     oled_ui.o (.rodata.str1.2983744876309220570.1)
                  0000e0c0    00000008     vision_tuning_console.o (.rodata.str1.3293472937029561918.1)
                  0000e0c8    00000008     oled_ui.o (.rodata.str1.8471462185882660445.1)
                  0000e0d0    00000008     oled_ui.o (.rodata.str1.9159586779647977165.1)
                  0000e0d8    00000008     oled_ui.o (.rodata.str1.9611283282870761829.1)
                  0000e0e0    00000007     vision_tuning_console.o (.rodata.str1.10860306953068020798.1)
                  0000e0e7    00000007     mission_library.o (.rodata.str1.1440970855772709381.1)
                  0000e0ee    00000007     oled_ui.o (.rodata.str1.7219546930854689545.1)
                  0000e0f5    00000006     oled_ui.o (.rodata.str1.10263419832828250601.1)
                  0000e0fb    00000006     vision_tuning_console.o (.rodata.str1.10319329813075420582.1)
                  0000e101    00000006     oled_ui.o (.rodata.str1.10509309789429088155.1)
                  0000e107    00000006     oled_ui.o (.rodata.str1.1108652269057166745.1)
                  0000e10d    00000006     oled_ui.o (.rodata.str1.1445687256832830955.1)
                  0000e113    00000006     oled_ui.o (.rodata.str1.16526439943277383452.1)
                  0000e119    00000006     oled_ui.o (.rodata.str1.17540787658903907660.1)
                  0000e11f    00000006     oled_ui.o (.rodata.str1.2308938766145545715.1)
                  0000e125    00000006     oled_ui.o (.rodata.str1.2742282290834473644.1)
                  0000e12b    00000006     vision_tuning_console.o (.rodata.str1.4028100529439820245.1)
                  0000e131    00000006     oled_ui.o (.rodata.str1.8236579331345056500.1)
                  0000e137    00000006     oled_ui.o (.rodata.str1.8399051469953744892.1)
                  0000e13d    00000005     motion_action.o (.rodata..Lswitch.table.MotionAction_Update_20ms)
                  0000e142    00000005     oled.o (.rodata.oled_get_glyph.colon)
                  0000e147    00000005     oled.o (.rodata.oled_get_glyph.eight)
                  0000e14c    00000005     oled.o (.rodata.oled_get_glyph.five)
                  0000e151    00000005     oled.o (.rodata.oled_get_glyph.four)
                  0000e156    00000005     oled.o (.rodata.oled_get_glyph.glyphA)
                  0000e15b    00000005     oled.o (.rodata.oled_get_glyph.glyphB)
                  0000e160    00000005     oled.o (.rodata.oled_get_glyph.glyphC)
                  0000e165    00000005     oled.o (.rodata.oled_get_glyph.glyphD)
                  0000e16a    00000005     oled.o (.rodata.oled_get_glyph.glyphE)
                  0000e16f    00000005     oled.o (.rodata.oled_get_glyph.glyphF)
                  0000e174    00000005     oled.o (.rodata.oled_get_glyph.glyphG)
                  0000e179    00000005     oled.o (.rodata.oled_get_glyph.glyphH)
                  0000e17e    00000005     oled.o (.rodata.oled_get_glyph.glyphI)
                  0000e183    00000005     oled.o (.rodata.oled_get_glyph.glyphK)
                  0000e188    00000005     oled.o (.rodata.oled_get_glyph.glyphL)
                  0000e18d    00000005     oled.o (.rodata.oled_get_glyph.glyphM)
                  0000e192    00000005     oled.o (.rodata.oled_get_glyph.glyphN)
                  0000e197    00000005     oled.o (.rodata.oled_get_glyph.glyphO)
                  0000e19c    00000005     oled.o (.rodata.oled_get_glyph.glyphP)
                  0000e1a1    00000005     oled.o (.rodata.oled_get_glyph.glyphR)
                  0000e1a6    00000005     oled.o (.rodata.oled_get_glyph.glyphS)
                  0000e1ab    00000005     oled.o (.rodata.oled_get_glyph.glyphT)
                  0000e1b0    00000005     oled.o (.rodata.oled_get_glyph.glyphU)
                  0000e1b5    00000005     oled.o (.rodata.oled_get_glyph.glyphV)
                  0000e1ba    00000005     oled.o (.rodata.oled_get_glyph.glyphW)
                  0000e1bf    00000005     oled.o (.rodata.oled_get_glyph.glyphX)
                  0000e1c4    00000005     oled.o (.rodata.oled_get_glyph.glyphY)
                  0000e1c9    00000005     oled.o (.rodata.oled_get_glyph.glyphb)
                  0000e1ce    00000005     oled.o (.rodata.oled_get_glyph.gt)
                  0000e1d3    00000005     oled.o (.rodata.oled_get_glyph.minus)
                  0000e1d8    00000005     oled.o (.rodata.oled_get_glyph.nine)
                  0000e1dd    00000005     oled.o (.rodata.oled_get_glyph.one)
                  0000e1e2    00000005     oled.o (.rodata.oled_get_glyph.seven)
                  0000e1e7    00000005     oled.o (.rodata.oled_get_glyph.six)
                  0000e1ec    00000005     oled.o (.rodata.oled_get_glyph.space)
                  0000e1f1    00000005     oled.o (.rodata.oled_get_glyph.three)
                  0000e1f6    00000005     oled.o (.rodata.oled_get_glyph.two)
                  0000e1fb    00000005     oled.o (.rodata.oled_get_glyph.zero)
                  0000e200    00000005     oled_ui.o (.rodata.str1.10077435089618835710.1)
                  0000e205    00000005     oled_ui.o (.rodata.str1.10430294223631918979.1)
                  0000e20a    00000005     oled_ui.o (.rodata.str1.12043213579996415112.1)
                  0000e20f    00000005     oled_ui.o (.rodata.str1.13567883086814673087.1)
                  0000e214    00000005     oled_ui.o (.rodata.str1.13790669171379415506.1)
                  0000e219    00000005     vision_pitch_tuning.o (.rodata.str1.13915893147848268398.1)
                  0000e21e    00000005     oled_ui.o (.rodata.str1.14358698208395374265.1)
                  0000e223    00000005     fault.o (.rodata.str1.14435905801345341244.1)
                  0000e228    00000005     oled_ui.o (.rodata.str1.14521350379984854626.1)
                  0000e22d    00000005     oled_ui.o (.rodata.str1.14774750633985060196.1)
                  0000e232    00000005     fault.o (.rodata.str1.1506612114648992996.1)
                  0000e237    00000005     oled_ui.o (.rodata.str1.15613891207764622616.1)
                  0000e23c    00000005     oled_ui.o (.rodata.str1.15817398807211891688.1)
                  0000e241    00000005     oled_ui.o (.rodata.str1.15935041339501476673.1)
                  0000e246    00000005     oled_ui.o (.rodata.str1.16290499236105125126.1)
                  0000e24b    00000005     oled_ui.o (.rodata.str1.16411631209783952401.1)
                  0000e250    00000005     oled_ui.o (.rodata.str1.16635595130967924751.1)
                  0000e255    00000005     oled_ui.o (.rodata.str1.16931641404301806744.1)
                  0000e25a    00000005     oled_ui.o (.rodata.str1.16939060351352778619.1)
                  0000e25f    00000005     fault.o (.rodata.str1.17097894860660336008.1)
                  0000e264    00000005     fault.o (.rodata.str1.17155043670132108083.1)
                  0000e269    00000005     vision_tuning_console.o (.rodata.str1.17265544270347038021.1)
                  0000e26e    00000005     oled_ui.o (.rodata.str1.17464849429964608858.1)
                  0000e273    00000005     oled_ui.o (.rodata.str1.1974573040514735405.1)
                  0000e278    00000005     fault.o (.rodata.str1.2104670281202025270.1)
                  0000e27d    00000005     oled_ui.o (.rodata.str1.2193316011307952170.1)
                  0000e282    00000005     oled_ui.o (.rodata.str1.2522137003438374266.1)
                  0000e287    00000005     oled_ui.o (.rodata.str1.2656948373757303877.1)
                  0000e28c    00000005     oled_ui.o (.rodata.str1.3702290527496711532.1)
                  0000e291    00000005     fault.o (.rodata.str1.4453281041433270631.1)
                  0000e296    00000005     fault.o (.rodata.str1.4549004730087743662.1)
                  0000e29b    00000005     oled_ui.o (.rodata.str1.4581472623415959594.1)
                  0000e2a0    00000005     oled_ui.o (.rodata.str1.4610220316623841660.1)
                  0000e2a5    00000005     menu.o (.rodata.str1.4862307748908978627.1)
                  0000e2aa    00000005     oled_ui.o (.rodata.str1.5965888106848176421.1)
                  0000e2af    00000005     fault.o (.rodata.str1.6372787129294360447.1)
                  0000e2b4    00000005     fault.o (.rodata.str1.6437946768974223044.1)
                  0000e2b9    00000005     oled_ui.o (.rodata.str1.6954814719705590448.1)
                  0000e2be    00000005     oled_ui.o (.rodata.str1.7419768602719733415.1)
                  0000e2c3    00000005     vision_yaw_tuning.o (.rodata.str1.7764041101441114269.1)
                  0000e2c8    00000005     oled_ui.o (.rodata.str1.7774807581888385879.1)
                  0000e2cd    00000005     oled_ui.o (.rodata.str1.8124536758062367015.1)
                  0000e2d2    00000005     fault.o (.rodata.str1.8185770893384132067.1)
                  0000e2d7    00000005     oled_ui.o (.rodata.str1.8403269972884532600.1)
                  0000e2dc    00000005     oled_ui.o (.rodata.str1.8426569189266129334.1)
                  0000e2e1    00000005     oled_ui.o (.rodata.str1.8460525935980491721.1)
                  0000e2e6    00000005     oled_ui.o (.rodata.str1.8693388333057100694.1)
                  0000e2eb    00000005     oled_ui.o (.rodata.str1.9102528229756940648.1)
                  0000e2f0    00000005     oled_ui.o (.rodata.str1.9295666102996717355.1)
                  0000e2f5    00000005     oled_ui.o (.rodata.str1.9822857334037886482.1)
                  0000e2fa    00000004     oled_ui.o (.rodata.str1.1019225241002246410.1)
                  0000e2fe    00000004     oled_ui.o (.rodata.str1.11232419324784801130.1)
                  0000e302    00000004     oled_ui.o (.rodata.str1.11428648044669318875.1)
                  0000e306    00000004     menu.o (.rodata.str1.12110183915172842339.1)
                  0000e30a    00000004     oled_ui.o (.rodata.str1.12617122458660443890.1)
                  0000e30e    00000004     oled_ui.o (.rodata.str1.12928245060369742404.1)
                  0000e312    00000004     oled_ui.o (.rodata.str1.12983537867572525563.1)
                  0000e316    00000004     oled_ui.o (.rodata.str1.13244290092665904221.1)
                  0000e31a    00000004     fault.o (.rodata.str1.13582094816268305212.1)
                  0000e31e    00000004     oled_ui.o (.rodata.str1.13882251010780863896.1)
                  0000e322    00000004     vision_tuning_console.o (.rodata.str1.14084955404328172175.1)
                  0000e326    00000004     oled_ui.o (.rodata.str1.14134189893851348960.1)
                  0000e32a    00000004     oled_ui.o (.rodata.str1.14740362735394205067.1)
                  0000e32e    00000004     oled_ui.o (.rodata.str1.15008238333949226094.1)
                  0000e332    00000004     oled_ui.o (.rodata.str1.15575624326185233262.1)
                  0000e336    00000004     oled_ui.o (.rodata.str1.15577080202403550426.1)
                  0000e33a    00000004     oled_ui.o (.rodata.str1.15802367878353263018.1)
                  0000e33e    00000004     oled_ui.o (.rodata.str1.15829239520183577662.1)
                  0000e342    00000004     menu.o (.rodata.str1.16312125044762562515.1)
                  0000e346    00000004     fault.o (.rodata.str1.16482347271627360806.1)
                  0000e34a    00000004     oled_ui.o (.rodata.str1.16554583589798097927.1)
                  0000e34e    00000004     vision_pitch_tuning.o (.rodata.str1.16579632732967443104.1)
                  0000e352    00000004     oled_ui.o (.rodata.str1.16849766574302683489.1)
                  0000e356    00000004     oled_ui.o (.rodata.str1.16895433903389883335.1)
                  0000e35a    00000004     menu.o (.rodata.str1.17041139162815566052.1)
                  0000e35e    00000004     oled_ui.o (.rodata.str1.17274519358952562110.1)
                  0000e362    00000004     oled_ui.o (.rodata.str1.17763087492223448992.1)
                  0000e366    00000004     oled_ui.o (.rodata.str1.17763996158807330232.1)
                  0000e36a    00000004     oled_ui.o (.rodata.str1.18266126048138325213.1)
                  0000e36e    00000004     oled_ui.o (.rodata.str1.18379317056176403938.1)
                  0000e372    00000004     oled_ui.o (.rodata.str1.270145429241168923.1)
                  0000e376    00000004     oled_ui.o (.rodata.str1.3407221357956504873.1)
                  0000e37a    00000004     oled_ui.o (.rodata.str1.3455423528827705371.1)
                  0000e37e    00000004     oled_ui.o (.rodata.str1.3467953211977455017.1)
                  0000e382    00000004     oled_ui.o (.rodata.str1.4402311448527872260.1)
                  0000e386    00000004     oled_ui.o (.rodata.str1.4581686099848791648.1)
                  0000e38a    00000004     oled_ui.o (.rodata.str1.4582914374586912483.1)
                  0000e38e    00000004     oled_ui.o (.rodata.str1.5853739094453432564.1)
                  0000e392    00000004     oled_ui.o (.rodata.str1.5965450730569173784.1)
                  0000e396    00000004     oled_ui.o (.rodata.str1.6806727740681590176.1)
                  0000e39a    00000004     menu.o (.rodata.str1.6857549598058878762.1)
                  0000e39e    00000004     oled_ui.o (.rodata.str1.7185587941321649510.1)
                  0000e3a2    00000004     fault.o (.rodata.str1.7255546073596598018.1)
                  0000e3a6    00000004     oled_ui.o (.rodata.str1.8018480777946742726.1)
                  0000e3aa    00000004     oled_ui.o (.rodata.str1.8783421139296713095.1)
                  0000e3ae    00000004     oled_ui.o (.rodata.str1.8950259614286592359.1)
                  0000e3b2    00000004     oled_ui.o (.rodata.str1.9229350655415085.1)
                  0000e3b6    00000004     vision_tuning_console.o (.rodata.str1.9292707793305368794.1)
                  0000e3ba    00000004     oled_ui.o (.rodata.str1.9351772214919528733.1)
                  0000e3be    00000004     vision_yaw_tuning.o (.rodata.str1.9489746196023004463.1)
                  0000e3c2    00000004     oled_ui.o (.rodata.str1.9584387800903135389.1)
                  0000e3c6    00000004     oled_ui.o (.rodata.str1.9646571805098343045.1)
                  0000e3ca    00000004     oled_ui.o (.rodata.str1.967006512144173535.1)
                  0000e3ce    00000004     oled_ui.o (.rodata.str1.9854382722193312766.1)
                  0000e3d2    00000003     ti_msp_dl_config.o (.rodata.gPWM_MOTORClockConfig)
                  0000e3d5    00000003     vision_pitch_tuning.o (.rodata.str1.10553819018306626402.1)
                  0000e3d8    00000003     oled_ui.o (.rodata.str1.10568433575767188072.1)
                  0000e3db    00000003     oled_ui.o (.rodata.str1.12182588061437138428.1)
                  0000e3de    00000003     vision_tuning_console.o (.rodata.str1.12197883643583142124.1)
                  0000e3e1    00000003     oled_ui.o (.rodata.str1.12493748764729730277.1)
                  0000e3e4    00000003     oled_ui.o (.rodata.str1.12697925274637991987.1)
                  0000e3e7    00000003     oled_ui.o (.rodata.str1.130772507669342127.1)
                  0000e3ea    00000003     menu.o (.rodata.str1.13124720451672825294.1)
                  0000e3ed    00000003     menu.o (.rodata.str1.14098755746347272832.1)
                  0000e3f0    00000003     oled_ui.o (.rodata.str1.14556837007311414654.1)
                  0000e3f3    00000003     oled_ui.o (.rodata.str1.14711868471336838103.1)
                  0000e3f6    00000003     vision_pitch_tuning.o (.rodata.str1.15082469624955958926.1)
                  0000e3f9    00000003     oled_ui.o (.rodata.str1.15132332204781002199.1)
                  0000e3fc    00000003     vision_yaw_tuning.o (.rodata.str1.15455206247194842411.1)
                  0000e3ff    00000003     oled_ui.o (.rodata.str1.15859922799842739878.1)
                  0000e402    00000003     vision_tuning_console.o (.rodata.str1.16336339630363933256.1)
                  0000e405    00000003     vision_pitch_tuning.o (.rodata.str1.17185918124541117546.1)
                  0000e408    00000003     oled_ui.o (.rodata.str1.17812014771544466701.1)
                  0000e40b    00000003     oled_ui.o (.rodata.str1.17884296644359297425.1)
                  0000e40e    00000003     vision_pitch_tuning.o (.rodata.str1.18308346119964257230.1)
                  0000e411    00000003     vision_pitch_tuning.o (.rodata.str1.2353024170771920291.1)
                  0000e414    00000003     oled_ui.o (.rodata.str1.2603845803395459882.1)
                  0000e417    00000003     oled_ui.o (.rodata.str1.2608729314174233125.1)
                  0000e41a    00000003     oled_ui.o (.rodata.str1.3025253791635144717.1)
                  0000e41d    00000003     vision_yaw_tuning.o (.rodata.str1.4032468970572441659.1)
                  0000e420    00000003     menu.o (.rodata.str1.4646809750356241979.1)
                  0000e423    00000003     oled_ui.o (.rodata.str1.5004483696121082904.1)
                  0000e426    00000003     vision_yaw_tuning.o (.rodata.str1.6393086909333857079.1)
                  0000e429    00000003     vision_yaw_tuning.o (.rodata.str1.6657421771701333087.1)
                  0000e42c    00000003     fault.o (.rodata.str1.8193046109637024842.1)
                  0000e42f    00000003     oled_ui.o (.rodata.str1.9544068167406571052.1)
                  0000e432    00000002     ti_msp_dl_config.o (.rodata.gUART_VISIONClockConfig)
                  0000e434    00000002     oled_ui.o (.rodata.str1.15917848551323629232.1)
                  0000e436    00000002     --HOLE-- [fill = 0]

.init_array 
*          0    00000000    00000000     UNINITIALIZED

.binit     0    00000000    00000000     

.bss       0    20200000    000010c7     UNINITIALIZED
                  20200000    00000400     oled.o (.bss.g_oledFrame)
                  20200400    00000200     vision_receiver.o (.bss.g_ring)
                  20200600    000001c8     runtime_snapshot.o (.bss.g_snapshot)
                  202007c8    00000100     vision_tuning_console.o (.bss.g_rxRing)
                  202008c8    00000100     vision_tuning_console.o (.bss.g_txRing)
                  202009c8    00000100     (.common:g_appConfig)
                  20200ac8    00000084     (.common:g_imuRuntime)
                  20200b4c    00000080     bluetooth_uart.o (.bss.g_rxRing)
                  20200bcc    0000007c     motor_control.o (.bss.g_runtime)
                  20200c48    00000064     (.common:g_appRuntime)
                  20200cac    00000058     vision_receiver.o (.bss.g_status)
                  20200d04    00000004     imu.o (.bss.g_elapsedSinceValidSampleMs)
                  20200d08    00000058     (.common:g_wheelSpeedEstimatorRuntime)
                  20200d60    00000040     gimbal.o (.bss.g_feedback)
                  20200da0    00000040     vision_tuning_console.o (.bss.g_line)
                  20200de0    00000040     line_controller.o (.bss.g_lineRuntime)
                  20200e20    00000030     (.common:gUART_VISIONBackup)
                  20200e50    0000002c     vision_receiver.o (.bss.g_observation)
                  20200e7c    0000002c     empty.o (.bss.g_schedulerStats)
                  20200ea8    00000028     vision_receiver.o (.bss.g_frame)
                  20200ed0    00000020     bluetooth_uart.o (.bss.g_runtime)
                  20200ef0    0000001c     mission_manager.o (.bss.g_missionRuntime)
                  20200f0c    0000001c     (.common:g_headingRuntime)
                  20200f28    00000018     obstacle_avoidance.o (.bss.g_avoidFeedback)
                  20200f40    00000018     gimbal_stepper.o (.bss.g_feedback)
                  20200f58    00000018     vision_pitch_tuning.o (.bss.g_status)
                  20200f70    00000018     vision_tuning_console.o (.bss.g_status)
                  20200f88    00000014     motion_action.o (.bss.g_motionActionRuntime)
                  20200f9c    00000004     debug_telemetry.o (.bss.g_lastFrameMs)
                  20200fa0    00000014     vision_yaw_tuning.o (.bss.g_status)
                  20200fb4    00000014     watchdog_monitor.o (.bss.g_status)
                  20200fc8    00000010     fault.o (.bss.g_faultRecord)
                  20200fd8    00000010     motor.o (.bss.g_motorRuntime)
                  20200fe8    0000000e     car_controller.o (.bss.g_carControllerFeedback)
                  20200ff6    00000002     ultrasonic.o (.bss.g_echoTicks)
                  20200ff8    0000000e     ultrasonic.o (.bss.g_ultrasonicFeedback)
                  20201006    00000002     vision_receiver.o (.bss.g_ringHead)
                  20201008    0000000c     debug_telemetry.o (.bss.g_status)
                  20201014    00000008     obstacle_monitor.o (.bss.g_obstacleFeedback)
                  2020101c    00000004     watchdog_monitor.o (.bss.g_lastTickMs)
                  20201020    00000008     gimbal.o (.bss.g_yawContinuousDegX10)
                  20201028    00000008     gimbal.o (.bss.g_yawLockedWorldYawDegX10)
                  20201030    00000008     gimbal.o (.bss.g_yawTargetContinuousDegX10)
                  20201038    00000008     gimbal.o (.bss.g_yawWorldTargetDegX10)
                  20201040    00000008     gimbal.o (.bss.g_yawWrappedDegX10)
                  20201048    00000006     ultrasonic.o (.bss.g_distanceSamples)
                  2020104e    00000006     key.o (.bss.g_key1)
                  20201054    00000006     key.o (.bss.g_key2)
                  2020105a    00000006     key.o (.bss.g_key3)
                  20201060    00000004     wheel_speed_estimator.o (.bss.g_latchedErrorFlags)
                  20201064    00000004     empty.o (.bss.g_localTimeMs)
                  20201068    00000004     encoder.o (.bss.g_motorAPulses)
                  2020106c    00000004     encoder.o (.bss.g_motorBPulses)
                  20201070    00000004     imu.o (.bss.g_previousValidCorrectedGyroZDps)
                  20201074    00000004     servo.o (.bss.g_servoFeedback)
                  20201078    00000004     gimbal.o (.bss.g_yawCommandedRpm)
                  2020107c    00000004     gimbal.o (.bss.g_yawTargetRpm)
                  20201080    00000004     empty.o (.bss.main.lastAppUpdateMs)
                  20201084    00000002     vision_receiver.o (.bss.g_ringTail)
                  20201086    00000002     bluetooth_uart.o (.bss.g_rxHead)
                  20201088    00000002     vision_tuning_console.o (.bss.g_rxHead)
                  2020108a    00000002     bluetooth_uart.o (.bss.g_rxTail)
                  2020108c    00000002     vision_tuning_console.o (.bss.g_rxTail)
                  2020108e    00000002     servo.o (.bss.g_servoPwmPhase)
                  20201090    00000002     ultrasonic.o (.bss.g_stateTicks)
                  20201092    00000002     vision_tuning_console.o (.bss.g_txHead)
                  20201094    00000002     vision_tuning_console.o (.bss.g_txTail)
                  20201096    00000002     (.common:g_trackError)
                  20201098    00000001     oled_ui.o (.bss.OledUi_Update_20ms.flushRow)
                  20201099    00000001     oled_ui.o (.bss.OledUi_Update_20ms.refreshDivider)
                  2020109a    00000001     empty.o (.bss.SysTick_Handler.controlMsCount)
                  2020109b    00000001     empty.o (.bss.SysTick_Handler.tick100usCount)
                  2020109c    00000001     ultrasonic.o (.bss.Ultrasonic_Update_20ms.triggerDivider)
                  2020109d    00000001     empty.o (.bss.g_appUpdatePending)
                  2020109e    00000001     vision_tuning_console.o (.bss.g_capturing)
                  2020109f    00000001     car_state.o (.bss.g_carState)
                  202010a0    00000001     obstacle_monitor.o (.bss.g_centerSettleTicks)
                  202010a1    00000001     vision_tuning_console.o (.bss.g_commandTarget)
                  202010a2    00000001     ultrasonic.o (.bss.g_distanceSampleCount)
                  202010a3    00000001     ultrasonic.o (.bss.g_distanceSampleIndex)
                  202010a4    00000001     emergency_stop.o (.bss.g_emergencyStopActive)
                  202010a5    00000001     watchdog_monitor.o (.bss.g_faultApplied)
                  202010a6    00000001     watchdog_monitor.o (.bss.g_faultPending)
                  202010a7    00000001     vision_receiver.o (.bss.g_frameSize)
                  202010a8    00000001     imu.o (.bss.g_integrationHistoryValid)
                  202010a9    00000001     wheel_speed_estimator.o (.bss.g_leftFilterInitialized)
                  202010aa    00000001     vision_tuning_console.o (.bss.g_lineSize)
                  202010ab    00000001     obstacle_safety.o (.bss.g_obstacleSafetyHolding)
                  202010ac    00000001     oled.o (.bss.g_oledColumn)
                  202010ad    00000001     menu.o (.bss.g_oledPage)
                  202010ae    00000001     oled.o (.bss.g_oledPage)
                  202010af    00000001     encoder.o (.bss.g_overflowFlags)
                  202010b0    00000001     menu.o (.bss.g_paramItem)
                  202010b1    00000001     menu.o (.bss.g_paramReturnPage)
                  202010b2    00000001     key.o (.bss.g_pendingEvent)
                  202010b3    00000001     vision_tuning_console.o (.bss.g_prefixIndex)
                  202010b4    00000001     vision_tuning_console.o (.bss.g_prefixTarget)
                  202010b5    00000001     wheel_speed_estimator.o (.bss.g_rightFilterInitialized)
                  202010b6    00000001     car_controller.o (.bss.g_safetyHold)
                  202010b7    00000001     imu.o (.bss.g_shortGapPending)
                  202010b8    00000001     motor_control.o (.bss.g_targetRefreshed)
                  202010b9    00000001     ultrasonic.o (.bss.g_triggerRequest)
                  202010ba    00000001     ultrasonic.o (.bss.g_ultrasonicState)
                  202010bb    00000001     gimbal.o (.bss.g_yawLimitClamped)
                  202010bc    00000001     gimbal.o (.bss.g_yawLimitDirection)
                  202010bd    00000001     gimbal.o (.bss.g_yawPositionValid)
                  202010be    00000001     gimbal.o (.bss.g_yawWorldLockEnabled)
                  202010bf    00000001     (.common:g_carStateDebug)
                  202010c0    00000001     (.common:g_keyEvent)
                  202010c1    00000001     (.common:g_oledPageDebug)
                  202010c2    00000001     (.common:g_paramItemDebug)
                  202010c3    00000001     (.common:g_trackBlackCount)
                  202010c4    00000001     (.common:g_trackModeDebug)
                  202010c5    00000001     (.common:g_trackRaw)
                  202010c6    00000001     (.common:g_trackTurnDebug)

.data      0    202010c7    00000001     UNINITIALIZED
                  202010c7    00000001     car_controller.o (.data.g_followTurnPolicy)

.stack     0    20207e00    00000200     UNINITIALIZED
                  20207e00    00000004     libc.a : boot_cortex_m.c.obj (.stack)
                  20207e04    000001fc     --HOLE--

__llvm_prf_cnts 
*          0    20200000    00000000     UNINITIALIZED

__llvm_prf_bits 
*          0    20200000    00000000     UNINITIALIZED

MODULE SUMMARY

       Module                         code    ro data   rw data
       ------                         ----    -------   -------
    .\
       oled_ui.o                      10548   649       2      
       vision_tuning_console.o        9616    102       613    
       imu.o                          4252    0         142    
       car_controller.o               4140    0         116    
       oled.o                         2006    406       1026   
       motor_control.o                2768    0         125    
       line_controller.o              2112    0         64     
       app_config.o                   1888    0         256    
       vision_receiver.o              1072    0         689    
       runtime_snapshot.o             1184    0         456    
       wheel_speed_estimator.o        1292    0         94     
       mission_manager.o              1260    0         28     
       motion_action.o                1236    5         20     
       gimbal.o                       896     0         116    
       mission_library.o              456     389       0      
       ti_msp_dl_config.o             760     35        48     
       menu.o                         744     58        3      
       motor.o                        776     0         16     
       bluetooth_uart.o               584     0         164    
       vision_protocol.o              732     0         0      
       ultrasonic.o                   596     0         29     
       empty.o                        408     0         55     
       key.o                          436     0         19     
       app.o                          402     0         10     
       fault.o                        296     65        16     
       track_sensor.o                 372     0         0      
       heading_control.o              340     0         28     
       vision_pitch_tuning.o          260     48        24     
       watchdog_monitor.o             292     0         26     
       vision_yaw_tuning.o            248     41        20     
       encoder.o                      276     0         9      
       obstacle_safety.o              272     0         1      
       obstacle_monitor.o             192     0         9      
       startup_mspm0g350x_ticlang.o   6       192       0      
       angle_utils.o                  192     0         0      
       servo.o                        176     0         6      
       emergency_stop.o               176     0         1      
       vision_uart.o                  164     0         0      
       obstacle_avoidance.o           62      0         24     
       debug_telemetry.o              56      0         16     
       car_state.o                    36      0         1      
       gimbal_stepper.o               8       0         24     
    +--+------------------------------+-------+---------+---------+
       Total:                         53588   1990      4296   
                                                               
    C:/TI/mspm0_sdk_2_05_01_00/source/ti/driverlib/lib/ticlang/m0p/mspm0g1x0x_g3x0x/driverlib.a
       dl_timer.o                     388     0         0      
       dl_uart.o                      90      0         0      
       dl_common.o                    10      0         0      
    +--+------------------------------+-------+---------+---------+
       Total:                         488     0         0      
                                                               
    D:\TI\CCS\ccs\tools\compiler\ti-cgt-armllvm_4.0.4.LTS\lib\armv6m-ti-none-eabi/c/libc.a
       memcpy16.S.obj                 154     0         0      
       strcmp-armv6m.S.obj            136     0         0      
       copy_decompress_lzss.c.obj     124     0         0      
       memset16.S.obj                 98      0         0      
       autoinit.c.obj                 60      0         0      
       boot_cortex_m.c.obj            40      0         0      
       memmov.c.obj                   40      0         0      
       copy_decompress_none.c.obj     18      0         0      
       copy_zero_init.c.obj           16      0         0      
       exit.c.obj                     6       0         0      
       pre_init.c.obj                 4       0         0      
    +--+------------------------------+-------+---------+---------+
       Total:                         696     0         0      
                                                               
    D:\TI\CCS\ccs\tools\compiler\ti-cgt-armllvm_4.0.4.LTS\lib\armv6m-ti-none-eabi/c/libsysbm.a
       hostexit.c.obj                 4       0         0      
    +--+------------------------------+-------+---------+---------+
       Total:                         4       0         0      
                                                               
    D:\TI\CCS\ccs\tools\compiler\ti-cgt-armllvm_4.0.4.LTS\lib\armv6m-ti-none-eabi/libclang_rt.builtins.a
       addsf3.S.obj                   216     0         0      
       udivmoddi4.S.obj               162     0         0      
       comparesf2.S.obj               140     0         0      
       mulsf3.S.obj                   140     0         0      
       divsf3.S.obj                   130     0         0      
       aeabi_fcmp.S.obj               98      0         0      
       fixsfdi.S.obj                  96      0         0      
       aeabi_idivmod.S.obj            86      0         0      
       floatdisf.S.obj                78      0         0      
       aeabi_uidivmod.S.obj           64      0         0      
       divmoddi4.c.obj                62      0         0      
       floatsisf.S.obj                60      0         0      
       muldsi3.S.obj                  58      0         0      
       fixsfsi.S.obj                  56      0         0      
       floatunsisf.S.obj              40      0         0      
       muldi3.S.obj                   36      0         0      
       ashldi3.S.obj                  30      0         0      
       aeabi_ldivmod.S.obj            20      0         0      
       aeabi_uldivmod.S.obj           20      0         0      
       aeabi_memset.S.obj             12      0         0      
       aeabi_memcpy.S.obj             8       0         0      
       aeabi_memmove.S.obj            8       0         0      
       aeabi_div0.c.obj               4       0         0      
    +--+------------------------------+-------+---------+---------+
       Total:                         1624    0         0      
                                                               
       Stack:                         0       0         512    
       Linker Generated:              0       41        0      
    +--+------------------------------+-------+---------+---------+
       Grand Total:                   56400   2031      4808   


LINKER GENERATED COPY TABLES

__TI_cinit_table @ 0000e454 records: 2, size/record: 8, table size: 16
	.bss: load addr=0000e444, load size=00000008 bytes, run addr=20200000, run size=000010c7 bytes, compression=zero_init
	.data: load addr=0000e44c, load size=00000005 bytes, run addr=202010c7, run size=00000001 bytes, compression=lzss


LINKER GENERATED HANDLER TABLE

__TI_handler_table @ 0000e438 records: 3, size/record: 4, table size: 12
	index: 0, handler: __TI_decompress_lzss
	index: 1, handler: __TI_decompress_none
	index: 2, handler: __TI_zero_init


GLOBAL SYMBOLS: SORTED ALPHABETICALLY BY Name 

address   name                                      
-------   ----                                      
0000ba07  ADC0_IRQHandler                           
0000ba07  ADC1_IRQHandler                           
0000ba07  AES_IRQHandler                            
0000b53d  Angle_Normalize180                        
00008195  AppConfig_InitDefault                     
000045f5  AppConfig_LimitAll                        
0000c10d  App_Init                                  
0000a2a9  App_Update_20ms                           
0000dc55  BluetoothUart_GetRuntime                  
0000c189  BluetoothUart_Init                        
0000c201  BluetoothUart_Process                     
0000bd7c  C$$EXIT                                   
0000ba07  CANFD0_IRQHandler                         
0000dc5d  CarController_GetFeedback                 
0000db3d  CarController_GetRunMode                  
0000db49  CarController_Init                        
0000db55  CarController_IsSafetyHoldActive          
0000b6bd  CarController_ResetRuntime                
0000be09  CarController_SetSafetyHold               
00009f55  CarController_StartDriveDistance          
00008755  CarController_StartDriveDistanceAtYaw     
0000a7d9  CarController_StartDriveHeading           
0000b5fd  CarController_StartFollowLine             
0000aad1  CarController_StartTurnToYawRelative      
0000c9c1  CarController_Stop                        
000091d5  CarController_Update_20ms                 
0000db61  CarState_Get                              
0000db6d  CarState_Init                             
0000db79  CarState_Set                              
0000ba07  DAC0_IRQHandler                           
0000dc2d  DL_Common_delayCycles                     
0000a4cd  DL_Timer_initFourCCPWMMode                
0000d709  DL_Timer_overrideCCPOut                   
0000d7e9  DL_Timer_setCaptCompUpdateMethod          
0000d939  DL_Timer_setCaptureCompareOutCtl          
0000dafd  DL_Timer_setCaptureCompareValue           
0000d805  DL_Timer_setClockConfig                   
0000cc91  DL_UART_init                              
0000dad9  DL_UART_setClockConfig                    
0000ba07  DMA_IRQHandler                            
0000d951  DebugTelemetry_Init                       
0000d729  DebugTelemetry_Update                     
0000ba07  Default_Handler                           
0000d60d  EmergencyStop_Enforce                     
0000db85  EmergencyStop_Init                        
0000db91  EmergencyStop_IsActive                    
0000cded  EmergencyStop_Reset                       
0000d1c1  EmergencyStop_Trigger                     
0000cd21  Encoder_GetAndClearPulseDeltas            
0000b81d  Encoder_HandleGpioInterrupt               
0000d419  Encoder_Reset                             
0000b475  FaultCode_ToShortString                   
0000da11  Fault_Clear                               
0000dc65  Fault_GetRecord                           
0000da25  Fault_Init                                
0000d2f9  Fault_Raise                               
0000ba07  GROUP0_IRQHandler                         
0000da39  GROUP1_IRQHandler                         
0000dc6d  GimbalStepper_GetFeedback                 
0000db0d  Gimbal_YawGetFeedback                     
0000bd7d  HOSTexit                                  
0000ba07  HardFault_Handler                         
0000da4d  HeadingControl_Enable                     
0000dc75  HeadingControl_GetRuntime                 
0000d969  HeadingControl_Init                       
0000d981  HeadingControl_Reset                      
0000d821  HeadingControl_SetTargetYaw               
0000abbd  HeadingControl_Update                     
0000ba07  I2C0_IRQHandler                           
0000ba07  I2C1_IRQHandler                           
00007b6d  Imu_CalibrateGyroBias                     
0000db9d  Imu_GetCorrectedGyroZDps                  
0000dc7d  Imu_GetRuntime                            
0000dba9  Imu_GetYaw                                
000064d5  Imu_Init                                  
0000d1f5  Imu_IsReady                               
0000cd65  Imu_ResetYaw                              
00005d45  Imu_Update                                
0000db1d  Key_GetEvent                              
0000d329  Key_Init                                  
000094e1  Key_Update_20ms                           
0000dc85  LineController_GetRuntime                 
0000a9d9  LineController_Init                       
0000d359  LineController_ObserveSensors             
0000a071  LineController_Reset                      
0000a5d1  LineController_ResetControlState          
00004b65  LineController_Update                     
0000dbb5  Menu_GetPage                              
0000dbc1  Menu_GetParamItem                         
0000ca15  Menu_GetParamValue                        
000076e1  Menu_HandleKeyEvent                       
0000d83d  Menu_Init                                 
0000d999  Menu_ParamItemToString                    
0000d229  MissionLibrary_FindById                   
0000da61  MissionLibrary_GetByIndex                 
0000dd13  MissionLibrary_GetCount                   
00009365  MissionLibrary_Validate                   
0000d445  MissionManager_Cancel                     
0000dc8d  MissionManager_GetMissionCount            
0000dc95  MissionManager_GetRuntime                 
0000da75  MissionManager_GetSelectedMissionId       
0000c59d  MissionManager_GetSelectedMissionIndex    
0000ce2d  MissionManager_Init                       
0000dbcd  MissionManager_IsExternallyHeld           
0000d749  MissionManager_Pause                      
0000d631  MissionManager_ReportExternalFailure      
0000d471  MissionManager_Reset                      
0000d389  MissionManager_Resume                     
0000ae79  MissionManager_SelectNext                 
0000b3a9  MissionManager_SelectPrevious             
0000dbd9  MissionManager_SetExternalHold            
0000cbad  MissionManager_Start                      
0000a6d5  MissionManager_Update_20ms                
0000d859  MotionAction_Cancel                       
0000dc9d  MotionAction_GetRuntime                   
0000d9b1  MotionAction_Init                         
00008cc1  MotionAction_Start                        
000071b9  MotionAction_Update_20ms                  
0000dca5  MotorControl_GetRuntime                   
0000d655  MotorControl_Init                         
0000d679  MotorControl_Reset                        
0000a8d9  MotorControl_SetNormalizedTarget          
0000cbf9  MotorControl_Stop                         
00007455  MotorControl_Update                       
0000be8d  Motor_Init                                
00007d9d  Motor_SetSpeed                            
0000bf95  Motor_Stop                                
0000ba07  NMI_Handler                               
0000d69d  OLED_ClearBuffer                          
00009655  OLED_FlushPage                            
00009d0d  OLED_Init                                 
0000c911  OLED_PrintChar                            
000097c5  OLED_PrintInt16                           
0000d2c5  OLED_PrintString                          
0000b1f9  OLED_PrintUInt16                          
0000d769  OLED_SetCursor                            
0000dcad  ObstacleAvoidance_GetFeedback             
0000d9c9  ObstacleAvoidance_Init                    
0000dbe5  ObstacleAvoidance_IsActive                
0000dbf1  ObstacleAvoidance_IsFailed                
0000dd17  ObstacleAvoidance_IsResumeGraceActive     
0000bb3f  ObstacleAvoidance_Update_20ms             
0000dcb5  ObstacleMonitor_GetFeedback               
0000d875  ObstacleMonitor_Init                      
0000ba09  ObstacleMonitor_Update_20ms               
0000d891  ObstacleSafety_Init                       
0000dbfd  ObstacleSafety_IsHolding                  
0000aca9  ObstacleSafety_Update_20ms                
0000dcbd  OledUi_Init                               
000000c1  OledUi_Update_20ms                        
0000ba07  PendSV_Handler                            
0000ba07  RTC_IRQHandler                            
0000dd1b  Reset_Handler                             
0000dcc5  RuntimeSnapshot_Get                       
0000d9e1  RuntimeSnapshot_Init                      
00005055  RuntimeSnapshot_Update                    
0000ba07  SPI0_IRQHandler                           
0000ba07  SPI1_IRQHandler                           
0000ba07  SVC_Handler                               
0000b11d  SYSCFG_DL_GPIO_init                       
0000bbd9  SYSCFG_DL_PWM_MOTOR_init                  
0000ce6d  SYSCFG_DL_SYSCTL_init                     
0000c3dd  SYSCFG_DL_UART_BLUETOOTH_init             
0000c44d  SYSCFG_DL_UART_VISION_init                
0000d4f5  SYSCFG_DL_init                            
0000ccd9  SYSCFG_DL_initPower                       
0000d789  SchedulerMonitor_GetStats                 
0000dccd  Servo_GetFeedback                         
0000d51d  Servo_Init                                
0000cfad  Servo_SetAngleDeg                         
0000cda9  Servo_Tick100us                           
0000c279  SysTick_Handler                           
0000dc09  SystemTime_GetMs                          
0000ba07  TIMA0_IRQHandler                          
0000ba07  TIMA1_IRQHandler                          
0000ba07  TIMG0_IRQHandler                          
0000ba07  TIMG12_IRQHandler                         
0000ba07  TIMG6_IRQHandler                          
0000ba07  TIMG7_IRQHandler                          
0000ba07  TIMG8_IRQHandler                          
0000d49d  TrackSensor_CountBlack                    
0000c52d  TrackSensor_DetectTurn                    
0000c66d  TrackSensor_GetErrorFromRaw               
0000bf93  TrackSensor_Init                          
0000dc37  TrackSensor_IsCenterDetected              
0000dc41  TrackSensor_IsLineDetected                
0000dc4b  TrackSensor_IsLineLost                    
0000ca69  TrackSensor_ReadRaw                       
0000ba07  UART0_IRQHandler                          
0000b771  UART1_IRQHandler                          
0000ba07  UART2_IRQHandler                          
0000c859  UART3_IRQHandler                          
0000dcd5  Ultrasonic_GetFeedback                    
0000cabd  Ultrasonic_Init                           
00009035  Ultrasonic_Tick100us                      
0000c8b5  Ultrasonic_Update_20ms                    
0000da89  VisionPitchTuning_GetSnapshot             
0000d545  VisionPitchTuning_Init                    
0000d8ad  VisionPitchTuning_ParamName               
0000d3b9  VisionPitchTuning_RestoreDefault          
0000c015  VisionPitchTuning_Set                     
00007fa1  VisionProtocol_ParseV1TargetFrame         
0000dcdd  VisionReceiver_GetStatus                  
0000d151  VisionReceiver_Init                       
00006125  VisionReceiver_Process                    
0000cead  VisionReceiver_PushByteFromIsr            
0000dce5  VisionTuningConsole_GetStatus             
0000c799  VisionTuningConsole_Init                  
00002821  VisionTuningConsole_Process               
0000cfe9  VisionTuningConsole_PushByteFromIsr       
0000d25d  VisionTuningConsole_TryPopTxByte          
0000da9d  VisionUart_Init                           
0000d291  VisionUart_Process                        
0000d8c9  VisionYawTuning_GetSnapshot               
0000d6c1  VisionYawTuning_Init                      
0000d8e5  VisionYawTuning_ParamName                 
0000d4c9  VisionYawTuning_RestoreDefault            
0000c4bd  VisionYawTuning_Set                       
0000cb0d  WatchdogMonitor_ApplyFaultIfNeeded        
0000dced  WatchdogMonitor_GetStatus                 
0000dc15  WatchdogMonitor_HasTripped                
0000d3e9  WatchdogMonitor_Init                      
0000d901  WatchdogMonitor_NotifyControlCycleComplete
0000d56d  WatchdogMonitor_Reset                     
0000cc45  WatchdogMonitor_Tick1msFromIsr            
0000dcf5  WheelSpeedEstimator_GetRuntime            
0000af5d  WheelSpeedEstimator_Init                  
00005921  WheelSpeedEstimator_Update                
20208000  __STACK_END                               
00000200  __STACK_SIZE                              
00000000  __TI_ATRegion0_region_sz                  
00000000  __TI_ATRegion0_src_addr                   
00000000  __TI_ATRegion0_trg_addr                   
00000000  __TI_ATRegion1_region_sz                  
00000000  __TI_ATRegion1_src_addr                   
00000000  __TI_ATRegion1_trg_addr                   
00000000  __TI_ATRegion2_region_sz                  
00000000  __TI_ATRegion2_src_addr                   
00000000  __TI_ATRegion2_trg_addr                   
0000e454  __TI_CINIT_Base                           
0000e464  __TI_CINIT_Limit                          
0000e464  __TI_CINIT_Warm                           
0000e438  __TI_Handler_Table_Base                   
0000e444  __TI_Handler_Table_Limit                  
0000d09d  __TI_auto_init_nobinit_nopinit            
0000c091  __TI_decompress_lzss                      
0000daeb  __TI_decompress_none                      
ffffffff  __TI_pprof_out_hndl                       
ffffffff  __TI_prof_data_size                       
ffffffff  __TI_prof_data_start                      
00000000  __TI_static_base__                        
0000db2d  __TI_zero_init                            
0000b2db  __addsf3                                  
0000d189  __aeabi_f2iz                              
0000c7f9  __aeabi_f2lz                              
0000b2db  __aeabi_fadd                              
0000c6d5  __aeabi_fcmpeq                            
0000c711  __aeabi_fcmpge                            
0000c725  __aeabi_fcmpgt                            
0000c6fd  __aeabi_fcmple                            
0000c6e9  __aeabi_fcmplt                            
0000d9f9  __aeabi_fcmpun                            
0000bf11  __aeabi_fdiv                              
0000bc65  __aeabi_fmul                              
0000b2d1  __aeabi_fsub                              
0000d025  __aeabi_i2f                               
0000c969  __aeabi_idiv                              
0000c187  __aeabi_idiv0                             
0000c969  __aeabi_idivmod                           
0000cb5d  __aeabi_l2f                               
0000c59b  __aeabi_ldiv0                             
0000dab1  __aeabi_ldivmod                           
0000d7c9  __aeabi_llsl                              
0000d6e5  __aeabi_lmul                              
0000dc21  __aeabi_memclr                            
0000dc21  __aeabi_memclr4                           
0000dc21  __aeabi_memclr8                           
0000dcfd  __aeabi_memcpy                            
0000dcfd  __aeabi_memcpy4                           
0000dcfd  __aeabi_memcpy8                           
0000dd05  __aeabi_memmove                           
0000dd05  __aeabi_memmove4                          
0000dd05  __aeabi_memmove8                          
0000d595  __aeabi_ui2f                              
[...]
20200000  __start___llvm_prf_bits                   
20200000  __start___llvm_prf_cnts                   
20200000  __stop___llvm_prf_bits                    
20200000  __stop___llvm_prf_cnts                    
0000b2d1  __subsf3                                  
0000b965  __udivmoddi4                              
0000d9f9  __unordsf2                                
0000d5e5  _c_int00_noargs                           
UNDEFED   _system_post_cinit                        
0000dd1f  _system_pre_init                          
0000dd0d  abort                                     
ffffffff  binit                                     
20200e20  gUART_VISIONBackup                        
202009c8  g_appConfig                               
20200c48  g_appRuntime                              
202010bf  g_carStateDebug                           
20200f0c  g_headingRuntime                          
20200ac8  g_imuRuntime                              
202010c0  g_keyEvent                                
202010c1  g_oledPageDebug                           
202010c2  g_paramItemDebug                          
202010c3  g_trackBlackCount                         
20201096  g_trackError                              
202010c4  g_trackModeDebug                          
202010c5  g_trackRaw                                
202010c6  g_trackTurnDebug                          
20200d08  g_wheelSpeedEstimatorRuntime              
00000000  interruptVectors                          
0000b03d  main                                      
0000baa5  memcpy                                    
0000d5bd  memmove                                   
0000c737  memset                                    
0000bd81  strcmp                                    


GLOBAL SYMBOLS: SORTED BY Symbol Address 

address   name                                      
-------   ----                                      
00000000  __TI_ATRegion0_region_sz                  
00000000  __TI_ATRegion0_src_addr                   
00000000  __TI_ATRegion0_trg_addr                   
00000000  __TI_ATRegion1_region_sz                  
00000000  __TI_ATRegion1_src_addr                   
00000000  __TI_ATRegion1_trg_addr                   
00000000  __TI_ATRegion2_region_sz                  
00000000  __TI_ATRegion2_src_addr                   
00000000  __TI_ATRegion2_trg_addr                   
00000000  __TI_static_base__                        
00000000  interruptVectors                          
000000c1  OledUi_Update_20ms                        
00000200  __STACK_SIZE                              
00002821  VisionTuningConsole_Process               
000045f5  AppConfig_LimitAll                        
00004b65  LineController_Update                     
00005055  RuntimeSnapshot_Update                    
00005921  WheelSpeedEstimator_Update                
00005d45  Imu_Update                                
00006125  VisionReceiver_Process                    
000064d5  Imu_Init                                  
000071b9  MotionAction_Update_20ms                  
00007455  MotorControl_Update                       
000076e1  Menu_HandleKeyEvent                       
00007b6d  Imu_CalibrateGyroBias                     
00007d9d  Motor_SetSpeed                            
00007fa1  VisionProtocol_ParseV1TargetFrame         
00008195  AppConfig_InitDefault                     
00008755  CarController_StartDriveDistanceAtYaw     
00008cc1  MotionAction_Start                        
00009035  Ultrasonic_Tick100us                      
000091d5  CarController_Update_20ms                 
00009365  MissionLibrary_Validate                   
000094e1  Key_Update_20ms                           
00009655  OLED_FlushPage                            
000097c5  OLED_PrintInt16                           
00009d0d  OLED_Init                                 
00009f55  CarController_StartDriveDistance          
0000a071  LineController_Reset                      
0000a2a9  App_Update_20ms                           
0000a4cd  DL_Timer_initFourCCPWMMode                
0000a5d1  LineController_ResetControlState          
0000a6d5  MissionManager_Update_20ms                
0000a7d9  CarController_StartDriveHeading           
0000a8d9  MotorControl_SetNormalizedTarget          
0000a9d9  LineController_Init                       
0000aad1  CarController_StartTurnToYawRelative      
0000abbd  HeadingControl_Update                     
0000aca9  ObstacleSafety_Update_20ms                
0000ae79  MissionManager_SelectNext                 
0000af5d  WheelSpeedEstimator_Init                  
0000b03d  main                                      
0000b11d  SYSCFG_DL_GPIO_init                       
0000b1f9  OLED_PrintUInt16                          
0000b2d1  __aeabi_fsub                              
0000b2d1  __subsf3                                  
0000b2db  __addsf3                                  
0000b2db  __aeabi_fadd                              
0000b3a9  MissionManager_SelectPrevious             
0000b475  FaultCode_ToShortString                   
0000b53d  Angle_Normalize180                        
0000b5fd  CarController_StartFollowLine             
0000b6bd  CarController_ResetRuntime                
0000b771  UART1_IRQHandler                          
0000b81d  Encoder_HandleGpioInterrupt               
0000b965  __udivmoddi4                              
0000ba07  ADC0_IRQHandler                           
0000ba07  ADC1_IRQHandler                           
0000ba07  AES_IRQHandler                            
0000ba07  CANFD0_IRQHandler                         
0000ba07  DAC0_IRQHandler                           
0000ba07  DMA_IRQHandler                            
0000ba07  Default_Handler                           
0000ba07  GROUP0_IRQHandler                         
0000ba07  HardFault_Handler                         
0000ba07  I2C0_IRQHandler                           
0000ba07  I2C1_IRQHandler                           
0000ba07  NMI_Handler                               
0000ba07  PendSV_Handler                            
0000ba07  RTC_IRQHandler                            
0000ba07  SPI0_IRQHandler                           
0000ba07  SPI1_IRQHandler                           
0000ba07  SVC_Handler                               
0000ba07  TIMA0_IRQHandler                          
0000ba07  TIMA1_IRQHandler                          
0000ba07  TIMG0_IRQHandler                          
0000ba07  TIMG12_IRQHandler                         
0000ba07  TIMG6_IRQHandler                          
0000ba07  TIMG7_IRQHandler                          
0000ba07  TIMG8_IRQHandler                          
0000ba07  UART0_IRQHandler                          
0000ba07  UART2_IRQHandler                          
0000ba09  ObstacleMonitor_Update_20ms               
0000baa5  memcpy                                    
0000bb3f  ObstacleAvoidance_Update_20ms             
0000bbd9  SYSCFG_DL_PWM_MOTOR_init                  
0000bc65  __aeabi_fmul                              
0000bc65  __mulsf3                                  
0000bd7c  C$$EXIT                                   
0000bd7d  HOSTexit                                  
0000bd81  strcmp                                    
0000be09  CarController_SetSafetyHold               
0000be8d  Motor_Init                                
0000bf11  __aeabi_fdiv                              
0000bf11  __divsf3                                  
0000bf93  TrackSensor_Init                          
0000bf95  Motor_Stop                                
0000c015  VisionPitchTuning_Set                     
0000c091  __TI_decompress_lzss                      
0000c10d  App_Init                                  
0000c187  __aeabi_idiv0                             
0000c189  BluetoothUart_Init                        
0000c201  BluetoothUart_Process                     
0000c279  SysTick_Handler                           
0000c3dd  SYSCFG_DL_UART_BLUETOOTH_init             
0000c44d  SYSCFG_DL_UART_VISION_init                
0000c4bd  VisionYawTuning_Set                       
0000c52d  TrackSensor_DetectTurn                    
0000c59b  __aeabi_ldiv0                             
0000c59d  MissionManager_GetSelectedMissionIndex    
0000c66d  TrackSensor_GetErrorFromRaw               
0000c6d5  __aeabi_fcmpeq                            
0000c6e9  __aeabi_fcmplt                            
0000c6fd  __aeabi_fcmple                            
0000c711  __aeabi_fcmpge                            
0000c725  __aeabi_fcmpgt                            
0000c737  memset                                    
0000c799  VisionTuningConsole_Init                  
0000c7f9  __aeabi_f2lz                              
0000c7f9  __fixsfdi                                 
0000c859  UART3_IRQHandler                          
0000c8b5  Ultrasonic_Update_20ms                    
0000c911  OLED_PrintChar                            
0000c969  __aeabi_idiv                              
0000c969  __aeabi_idivmod                           
0000c9c1  CarController_Stop                        
0000ca15  Menu_GetParamValue                        
0000ca69  TrackSensor_ReadRaw                       
0000cabd  Ultrasonic_Init                           
0000cb0d  WatchdogMonitor_ApplyFaultIfNeeded        
0000cb5d  __aeabi_l2f                               
0000cb5d  __floatdisf                               
0000cbad  MissionManager_Start                      
0000cbf9  MotorControl_Stop                         
0000cc45  WatchdogMonitor_Tick1msFromIsr            
0000cc91  DL_UART_init                              
0000ccd9  SYSCFG_DL_initPower                       
0000cd21  Encoder_GetAndClearPulseDeltas            
0000cd65  Imu_ResetYaw                              
0000cda9  Servo_Tick100us                           
0000cded  EmergencyStop_Reset                       
0000ce2d  MissionManager_Init                       
0000ce6d  SYSCFG_DL_SYSCTL_init                     
0000cead  VisionReceiver_PushByteFromIsr            
0000ceed  __aeabi_uidiv                             
0000ceed  __aeabi_uidivmod                          
0000cf6d  __divmoddi4                               
0000cfad  Servo_SetAngleDeg                         
0000cfe9  VisionTuningConsole_PushByteFromIsr       
0000d025  __aeabi_i2f                               
0000d025  __floatsisf                               
0000d061  __gesf2                                   
0000d061  __gtsf2                                   
0000d09d  __TI_auto_init_nobinit_nopinit            
0000d0d9  __cmpsf2                                  
0000d0d9  __eqsf2                                   
0000d0d9  __lesf2                                   
0000d0d9  __ltsf2                                   
0000d0d9  __nesf2                                   
0000d115  __muldsi3                                 
0000d151  VisionReceiver_Init                       
0000d189  __aeabi_f2iz                              
0000d189  __fixsfsi                                 
0000d1c1  EmergencyStop_Trigger                     
0000d1f5  Imu_IsReady                               
0000d229  MissionLibrary_FindById                   
0000d25d  VisionTuningConsole_TryPopTxByte          
0000d291  VisionUart_Process                        
0000d2c5  OLED_PrintString                          
0000d2f9  Fault_Raise                               
0000d329  Key_Init                                  
0000d359  LineController_ObserveSensors             
0000d389  MissionManager_Resume                     
0000d3b9  VisionPitchTuning_RestoreDefault          
0000d3e9  WatchdogMonitor_Init                      
0000d419  Encoder_Reset                             
0000d445  MissionManager_Cancel                     
0000d471  MissionManager_Reset                      
0000d49d  TrackSensor_CountBlack                    
0000d4c9  VisionYawTuning_RestoreDefault            
0000d4f5  SYSCFG_DL_init                            
0000d51d  Servo_Init                                
0000d545  VisionPitchTuning_Init                    
0000d56d  WatchdogMonitor_Reset                     
0000d595  __aeabi_ui2f                              
0000d595  __floatunsisf                             
0000d5bd  memmove                                   
0000d5e5  _c_int00_noargs                           
0000d60d  EmergencyStop_Enforce                     
0000d631  MissionManager_ReportExternalFailure      
0000d655  MotorControl_Init                         
0000d679  MotorControl_Reset                        
0000d69d  OLED_ClearBuffer                          
0000d6c1  VisionYawTuning_Init                      
0000d6e5  __aeabi_lmul                              
0000d6e5  __muldi3                                  
0000d709  DL_Timer_overrideCCPOut                   
0000d729  DebugTelemetry_Update                     
0000d749  MissionManager_Pause                      
0000d769  OLED_SetCursor                            
0000d789  SchedulerMonitor_GetStats                 
0000d7c9  __aeabi_llsl                              
0000d7c9  __ashldi3                                 
0000d7e9  DL_Timer_setCaptCompUpdateMethod          
0000d805  DL_Timer_setClockConfig                   
0000d821  HeadingControl_SetTargetYaw               
0000d83d  Menu_Init                                 
0000d859  MotionAction_Cancel                       
0000d875  ObstacleMonitor_Init                      
0000d891  ObstacleSafety_Init                       
0000d8ad  VisionPitchTuning_ParamName               
0000d8c9  VisionYawTuning_GetSnapshot               
0000d8e5  VisionYawTuning_ParamName                 
0000d901  WatchdogMonitor_NotifyControlCycleComplete
0000d939  DL_Timer_setCaptureCompareOutCtl          
0000d951  DebugTelemetry_Init                       
0000d969  HeadingControl_Init                       
0000d981  HeadingControl_Reset                      
0000d999  Menu_ParamItemToString                    
0000d9b1  MotionAction_Init                         
0000d9c9  ObstacleAvoidance_Init                    
0000d9e1  RuntimeSnapshot_Init                      
0000d9f9  __aeabi_fcmpun                            
0000d9f9  __unordsf2                                
0000da11  Fault_Clear                               
0000da25  Fault_Init                                
0000da39  GROUP1_IRQHandler                         
0000da4d  HeadingControl_Enable                     
0000da61  MissionLibrary_GetByIndex                 
0000da75  MissionManager_GetSelectedMissionId       
0000da89  VisionPitchTuning_GetSnapshot             
0000da9d  VisionUart_Init                           
0000dab1  __aeabi_ldivmod                           
0000dac5  __aeabi_uldivmod                          
0000dad9  DL_UART_setClockConfig                    
0000daeb  __TI_decompress_none                      
0000dafd  DL_Timer_setCaptureCompareValue           
0000db0d  Gimbal_YawGetFeedback                     
0000db1d  Key_GetEvent                              
0000db2d  __TI_zero_init                            
0000db3d  CarController_GetRunMode                  
0000db49  CarController_Init                        
0000db55  CarController_IsSafetyHoldActive          
0000db61  CarState_Get                              
0000db6d  CarState_Init                             
0000db79  CarState_Set                              
0000db85  EmergencyStop_Init                        
0000db91  EmergencyStop_IsActive                    
0000db9d  Imu_GetCorrectedGyroZDps                  
0000dba9  Imu_GetYaw                                
0000dbb5  Menu_GetPage                              
0000dbc1  Menu_GetParamItem                         
0000dbcd  MissionManager_IsExternallyHeld           
0000dbd9  MissionManager_SetExternalHold            
0000dbe5  ObstacleAvoidance_IsActive                
0000dbf1  ObstacleAvoidance_IsFailed                
0000dbfd  ObstacleSafety_IsHolding                  
0000dc09  SystemTime_GetMs                          
0000dc15  WatchdogMonitor_HasTripped                
0000dc21  __aeabi_memclr                            
0000dc21  __aeabi_memclr4                           
0000dc21  __aeabi_memclr8                           
0000dc2d  DL_Common_delayCycles                     
0000dc37  TrackSensor_IsCenterDetected              
0000dc41  TrackSensor_IsLineDetected                
0000dc4b  TrackSensor_IsLineLost                    
0000dc55  BluetoothUart_GetRuntime                  
0000dc5d  CarController_GetFeedback                 
0000dc65  Fault_GetRecord                           
0000dc6d  GimbalStepper_GetFeedback                 
0000dc75  HeadingControl_GetRuntime                 
0000dc7d  Imu_GetRuntime                            
0000dc85  LineController_GetRuntime                 
0000dc8d  MissionManager_GetMissionCount            
0000dc95  MissionManager_GetRuntime                 
0000dc9d  MotionAction_GetRuntime                   
0000dca5  MotorControl_GetRuntime                   
0000dcad  ObstacleAvoidance_GetFeedback             
0000dcb5  ObstacleMonitor_GetFeedback               
0000dcbd  OledUi_Init                               
0000dcc5  RuntimeSnapshot_Get                       
0000dccd  Servo_GetFeedback                         
0000dcd5  Ultrasonic_GetFeedback                    
0000dcdd  VisionReceiver_GetStatus                  
0000dce5  VisionTuningConsole_GetStatus             
0000dced  WatchdogMonitor_GetStatus                 
0000dcf5  WheelSpeedEstimator_GetRuntime            
0000dcfd  __aeabi_memcpy                            
0000dcfd  __aeabi_memcpy4                           
0000dcfd  __aeabi_memcpy8                           
0000dd05  __aeabi_memmove                           
0000dd05  __aeabi_memmove4                          
0000dd05  __aeabi_memmove8                          
0000dd0d  abort                                     
0000dd13  MissionLibrary_GetCount                   
0000dd17  ObstacleAvoidance_IsResumeGraceActive     
0000dd1b  Reset_Handler                             
0000dd1f  _system_pre_init                          
0000e438  __TI_Handler_Table_Base                   
0000e444  __TI_Handler_Table_Limit                  
0000e454  __TI_CINIT_Base                           
0000e464  __TI_CINIT_Limit                          
0000e464  __TI_CINIT_Warm                           
20200000  __start___llvm_prf_bits                   
20200000  __start___llvm_prf_cnts                   
20200000  __stop___llvm_prf_bits                    
20200000  __stop___llvm_prf_cnts                    
202009c8  g_appConfig                               
20200ac8  g_imuRuntime                              
20200c48  g_appRuntime                              
20200d08  g_wheelSpeedEstimatorRuntime              
20200e20  gUART_VISIONBackup                        
20200f0c  g_headingRuntime                          
20201096  g_trackError                              
202010bf  g_carStateDebug                           
202010c0  g_keyEvent                                
202010c1  g_oledPageDebug                           
202010c2  g_paramItemDebug                          
202010c3  g_trackBlackCount                         
202010c4  g_trackModeDebug                          
202010c5  g_trackRaw                                
202010c6  g_trackTurnDebug                          
20207e00  __stack                                   
20208000  __STACK_END                               
ffffffff  __TI_pprof_out_hndl                       
ffffffff  __TI_prof_data_size                       
ffffffff  __TI_prof_data_start                      
ffffffff  __binit__                                 
ffffffff  binit                                     
UNDEFED   __mpu_init                                
UNDEFED   _system_post_cinit                        

[341 symbols]
