******************************************************************************
            TI ARM Clang Linker PC v4.0.4                      
******************************************************************************
>> Linked Sun Jul 12 16:14:10 2026

OUTPUT FILE NAME:   <diansaikaishi.out>
ENTRY POINT SYMBOL: "_c_int00_noargs"  address: 000037a1


MEMORY CONFIGURATION

         name            origin    length      used     unused   attr    fill
----------------------  --------  ---------  --------  --------  ----  --------
  FLASH                 00000000   00020000  00003ed8  0001c128  R  X
  SRAM                  20200000   00008000  0000030c  00007cf4  RW X
  BCR_CONFIG            41c00000   000000ff  00000000  000000ff  R   
  BSL_CONFIG            41c00100   00000080  00000000  00000080  R   


SEGMENT ALLOCATION MAP

run origin  load origin   length   init length attrs members
----------  ----------- ---------- ----------- ----- -------
00000000    00000000    00003ed8   00003ed8    r-x
  00000000    00000000    000000c0   000000c0    r-- .intvecs
  000000c0    000000c0    00003a50   00003a50    r-x .text
  00003b10    00003b10    000003b0   000003b0    r-- .rodata
  00003ec0    00003ec0    00000018   00000018    r-- .cinit
20200000    20200000    0000010c   00000000    rw-
  20200000    20200000    0000010c   00000000    rw- .bss
20207e00    20207e00    00000200   00000000    rw-
  20207e00    20207e00    00000200   00000000    rw- .stack


SECTION ALLOCATION MAP

 output                                  attributes/
section   page    origin      length       input sections
--------  ----  ----------  ----------   ----------------
.intvecs   0    00000000    000000c0     
                  00000000    000000c0     startup_mspm0g350x_ticlang.o (.intvecs)

.text      0    000000c0    00003a50     
                  000000c0    00000430     oled_ui.o (.text.OledUi_Update_20ms)
                  000004f0    000003c8     car_controller.o (.text.CarController_Update_20ms)
                  000008b8    000002f0     imu.o (.text.mpu6050_read_regs)
                  00000ba8    000002d8     imu.o (.text.Imu_Init)
                  00000e80    00000254     oled.o (.text.OLED_Clear)
                  000010d4    00000214     imu.o (.text.Imu_CalibrateGyroBias)
                  000012e8    00000208     app_config.o (.text.AppConfig_LimitAll)
                  000014f0    000001cc     imu.o (.text.imu_i2c_write_byte)
                  000016bc    000001b8     oled.o (.text.oled_i2c_write_byte)
                  00001874    00000198     menu.o (.text.Menu_HandleKeyEvent)
                  00001a0c    00000174     key.o (.text.Key_Update_20ms)
                  00001b80    00000160     heading_control.o (.text.HeadingControl_Update)
                  00001ce0    0000013c     oled.o (.text.OLED_PrintInt16)
                  00001e1c    00000134     imu.o (.text.Imu_Update)
                  00001f50    0000012c     imu.o (.text.imu_i2c_recover_bus)
                  0000207c    000000f8     motion_action.o (.text.MotionAction_Update_20ms)
                  00002174    000000f4     mission_manager.o (.text.MissionManager_Update_20ms)
                  00002268    000000f0     mission_manager.o (.text.MissionManager_SelectNext)
                  00002358    000000dc     motion_action.o (.text.MotionAction_Start)
                  00002434    000000d8     libclang_rt.builtins.a : addsf3.S.obj (.text)
                  0000250c    000000d4     mission_manager.o (.text.MissionManager_SelectPrevious)
                  000025e0    000000d4     oled.o (.text.OLED_Init)
                  000026b4    000000d0     oled.o (.text.OLED_PrintChar)
                  00002784    000000c4     car_controller.o (.text.handle_turn_90)
                  00002848    000000b0     motor.o (.text.Motor_SetSpeed)
                  000028f8    000000a8     app.o (.text.App_Update_20ms)
                  000029a0    000000a8     ti_msp_dl_config.o (.text.SYSCFG_DL_GPIO_init)
                  00002a48    000000a2     libclang_rt.builtins.a : udivmoddi4.S.obj (.text)
                  00002aea    00000002     startup_mspm0g350x_ticlang.o (.text.Default_Handler)
                  00002aec    00000098     app_config.o (.text.AppConfig_InitDefault)
                  00002b84    00000098     imu.o (.text.mpu6050_write_reg)
                  00002c1c    0000008c     libclang_rt.builtins.a : mulsf3.S.obj (.text.__mulsf3)
                  00002ca8    00000082                            : divsf3.S.obj (.text.__divsf3)
                  00002d2a    00000080     mission_library.o (.text.MissionLibrary_Validate)
                  00002daa    00000002     track_sensor.o (.text.TrackSensor_Init)
                  00002dac    00000078     oled.o (.text.oled_write_command)
                  00002e24    0000006c     encoder.o (.text.Encoder_HandleGpioInterrupt)
                  00002e90    0000006c     empty.o (.text.main)
                  00002efc    00000066     track_sensor.o (.text.TrackSensor_GetErrorFromRaw)
                  00002f62    00000002     libclang_rt.builtins.a : aeabi_div0.c.obj (.text.__aeabi_idiv0)
                  00002f64    00000062                            : aeabi_fcmp.S.obj (.text.__aeabi_fcmp)
                  00002fc6    0000005e     oled.o (.text.OLED_PrintBinary7)
                  00003024    0000005c     menu.o (.text.Menu_GetParamValue)
                  00003080    00000056     libclang_rt.builtins.a : aeabi_idivmod.S.obj (.text.__aeabi_idivmod)
                  000030d6    00000002                            : aeabi_div0.c.obj (.text.__aeabi_ldiv0)
                  000030d8    00000054     track_sensor.o (.text.TrackSensor_ReadRaw)
                  0000312c    00000050     car_controller.o (.text.CarController_StartSeekLine)
                  0000317c    00000050     motor.o (.text.Motor_PwmTick100us)
                  000031cc    00000048     mission_manager.o (.text.MissionManager_Init)
                  00003214    00000046     app.o (.text.App_Init)
                  0000325a    00000002     --HOLE-- [fill = 0]
                  0000325c    00000040     ti_msp_dl_config.o (.text.SYSCFG_DL_SYSCTL_init)
                  0000329c    0000003e     libclang_rt.builtins.a : divmoddi4.c.obj (.text.__divmoddi4)
                  000032da    00000002     --HOLE-- [fill = 0]
                  000032dc    0000003c     mission_manager.o (.text.MissionManager_Start)
                  00003318    0000003c     empty.o (.text.SysTick_Handler)
                  00003354    0000003c     libclang_rt.builtins.a : floatsisf.S.obj (.text.__floatsisf)
                  00003390    0000003c                            : comparesf2.S.obj (.text.__gtsf2)
                  000033cc    0000003c     libc.a : autoinit.c.obj (.text:__TI_auto_init_nobinit_nopinit)
                  00003408    0000003a     libclang_rt.builtins.a : comparesf2.S.obj (.text.__eqsf2)
                  00003442    00000002     --HOLE-- [fill = 0]
                  00003444    0000003a                            : muldsi3.S.obj (.text.__muldsi3)
                  0000347e    00000002     --HOLE-- [fill = 0]
                  00003480    00000038     car_controller.o (.text.CarController_Init)
                  000034b8    00000038     car_controller.o (.text.CarController_ResetRuntime)
                  000034f0    00000038     motor.o (.text.Motor_Init)
                  00003528    00000038     libclang_rt.builtins.a : fixsfsi.S.obj (.text.__fixsfsi)
                  00003560    00000036     track_sensor.o (.text.TrackSensor_DetectTurn)
                  00003596    00000002     --HOLE-- [fill = 0]
                  00003598    00000034     car_controller.o (.text.CarController_StartFollowLine)
                  000035cc    00000034     oled.o (.text.OLED_SetCursor)
                  00003600    00000032     oled.o (.text.OLED_PrintString)
                  00003632    00000002     --HOLE-- [fill = 0]
                  00003634    00000030     car_controller.o (.text.CarController_StartTurnRight90)
                  00003664    00000030     key.o (.text.Key_Init)
                  00003694    00000030     mission_manager.o (.text.MissionManager_Reset)
                  000036c4    0000002c     car_controller.o (.text.CarController_StartTurnLeft90)
                  000036f0    0000002c     mission_manager.o (.text.MissionManager_Cancel)
                  0000371c    0000002c     motor.o (.text.Motor_Stop)
                  00003748    0000002c     ti_msp_dl_config.o (.text.SYSCFG_DL_initPower)
                  00003774    0000002c     track_sensor.o (.text.TrackSensor_CountBlack)
                  000037a0    00000028     libc.a : boot_cortex_m.c.obj (.text:_c_int00_noargs)
                  000037c8    00000024     encoder.o (.text.Encoder_Reset)
                  000037ec    00000020     car_controller.o (.text.CarController_Stop)
                  0000380c    00000020     mission_library.o (.text.MissionLibrary_FindById)
                  0000382c    00000020     mission_manager.o (.text.MissionManager_Pause)
                  0000384c    00000020     mission_manager.o (.text.MissionManager_Resume)
                  0000386c    00000020     mission_manager.o (.text.mission_finish_error)
                  0000388c    0000001e     libclang_rt.builtins.a : ashldi3.S.obj (.text.__ashldi3)
                  000038aa    00000002     --HOLE-- [fill = 0]
                  000038ac    0000001c     imu.o (.text.Imu_IsReady)
                  000038c8    00000018     car_controller.o (.text.CarController_RunModeToString)
                  000038e0    00000018     car_state.o (.text.CarState_ToString)
                  000038f8    00000018     heading_control.o (.text.HeadingControl_LockCurrentYaw)
                  00003910    00000018     heading_control.o (.text.HeadingControl_SetTargetYaw)
                  00003928    00000018     menu.o (.text.Menu_ParamItemToString)
                  00003940    00000018     motion_action.o (.text.MotionAction_Cancel)
                  00003958    00000016     libc.a : copy_zero_init.c.obj (.text:decompress:ZI:__TI_zero_init_nomemset)
                  0000396e    00000002     --HOLE-- [fill = 0]
                  00003970    00000014     empty.o (.text.GROUP1_IRQHandler)
                  00003984    00000014     heading_control.o (.text.HeadingControl_Enable)
                  00003998    00000014     heading_control.o (.text.HeadingControl_Init)
                  000039ac    00000014     heading_control.o (.text.HeadingControl_Reset)
                  000039c0    00000014     menu.o (.text.Menu_Init)
                  000039d4    00000014     mission_library.o (.text.MissionLibrary_GetByIndex)
                  000039e8    00000014     mission_manager.o (.text.MissionManager_GetSelectedMissionId)
                  000039fc    00000014     motion_action.o (.text.MotionAction_Init)
                  00003a10    00000014     libclang_rt.builtins.a : aeabi_ldivmod.S.obj (.text.__aeabi_ldivmod)
                  00003a24    00000010     key.o (.text.Key_GetEvent)
                  00003a34    00000010     ti_msp_dl_config.o (.text.SYSCFG_DL_init)
                  00003a44    0000000c     car_controller.o (.text.CarController_GetRunMode)
                  00003a50    0000000c     car_state.o (.text.CarState_Get)
                  00003a5c    0000000c     car_state.o (.text.CarState_Init)
                  00003a68    0000000c     car_state.o (.text.CarState_Set)
                  00003a74    0000000c     imu.o (.text.Imu_GetCorrectedGyroZDps)
                  00003a80    0000000c     imu.o (.text.Imu_GetYaw)
                  00003a8c    0000000c     imu.o (.text.Imu_ResetYaw)
                  00003a98    0000000c     menu.o (.text.Menu_GetPage)
                  00003aa4    0000000c     menu.o (.text.Menu_GetParamItem)
                  00003ab0    0000000c     oled_ui.o (.text.OledUi_Init)
                  00003abc    0000000a     driverlib.a : dl_common.o (.text.DL_Common_delayCycles)
                  00003ac6    0000000a     track_sensor.o (.text.TrackSensor_IsCenterDetected)
                  00003ad0    0000000a     track_sensor.o (.text.TrackSensor_IsLineLost)
                  00003ada    00000002     --HOLE-- [fill = 0]
                  00003adc    00000008     heading_control.o (.text.HeadingControl_GetRuntime)
                  00003ae4    00000008     imu.o (.text.Imu_GetRuntime)
                  00003aec    00000008     motion_action.o (.text.MotionAction_GetRuntime)
                  00003af4    00000006     libc.a : exit.c.obj (.text:abort)
                  00003afa    00000004     libsysbm.a : hostexit.c.obj (.text.HOSTexit)
                  00003afe    00000004     mission_library.o (.text.MissionLibrary_GetCount)
                  00003b02    00000004     startup_mspm0g350x_ticlang.o (.text.Reset_Handler)
                  00003b06    00000004     libc.a : pre_init.c.obj (.text._system_pre_init)
                  00003b0a    00000006     --HOLE-- [fill = 0]

.cinit     0    00003ec0    00000018     
                  00003ec0    00000008     (.cinit..bss.load) [load image, compression = zero_init]
                  00003ec8    00000004     (__TI_handler_table)
                  00003ecc    00000008     (__TI_cinit_table)
                  00003ed4    00000004     --HOLE-- [fill = 0]

.rodata    0    00003b10    000003b0     
                  00003b10    000000d8     oled.o (.rodata..Lswitch.table.OLED_PrintChar)
                  00003be8    00000078     mission_library.o (.rodata.g_missionTestSeekFollow)
                  00003c60    00000048     mission_library.o (.rodata.g_missionLegacy)
                  00003ca8    00000020     mission_library.o (.rodata.g_missionRegistry)
                  00003cc8    0000001c     menu.o (.rodata..Lswitch.table.Menu_ParamItemToString)
                  00003ce4    00000018     car_state.o (.rodata..Lswitch.table.CarState_ToString)
                  00003cfc    00000014     car_controller.o (.rodata..Lswitch.table.CarController_RunModeToString)
                  00003d10    00000009     oled_ui.o (.rodata.str1.3455423528827705371.1)
                  00003d19    00000008     mission_library.o (.rodata.str1.13636476544574750902.1)
                  00003d21    00000007     mission_library.o (.rodata.str1.199678142196697465.1)
                  00003d28    00000007     oled_ui.o (.rodata.str1.8426569189266129334.1)
                  00003d2f    00000006     oled_ui.o (.rodata.str1.1108652269057166745.1)
                  00003d35    00000006     oled_ui.o (.rodata.str1.1445687256832830955.1)
                  00003d3b    00000006     car_state.o (.rodata.str1.1675797584173499143.1)
                  00003d41    00000006     oled_ui.o (.rodata.str1.3025253791635144717.1)
                  00003d47    00000006     car_state.o (.rodata.str1.41590466491370331.1)
                  00003d4d    00000006     oled_ui.o (.rodata.str1.5853739094453432564.1)
                  00003d53    00000005     oled.o (.rodata.oled_get_glyph.colon)
                  00003d58    00000005     oled.o (.rodata.oled_get_glyph.eight)
                  00003d5d    00000005     oled.o (.rodata.oled_get_glyph.five)
                  00003d62    00000005     oled.o (.rodata.oled_get_glyph.four)
                  00003d67    00000005     oled.o (.rodata.oled_get_glyph.glyphA)
                  00003d6c    00000005     oled.o (.rodata.oled_get_glyph.glyphB)
                  00003d71    00000005     oled.o (.rodata.oled_get_glyph.glyphC)
                  00003d76    00000005     oled.o (.rodata.oled_get_glyph.glyphD)
                  00003d7b    00000005     oled.o (.rodata.oled_get_glyph.glyphE)
                  00003d80    00000005     oled.o (.rodata.oled_get_glyph.glyphG)
                  00003d85    00000005     oled.o (.rodata.oled_get_glyph.glyphH)
                  00003d8a    00000005     oled.o (.rodata.oled_get_glyph.glyphI)
                  00003d8f    00000005     oled.o (.rodata.oled_get_glyph.glyphK)
                  00003d94    00000005     oled.o (.rodata.oled_get_glyph.glyphL)
                  00003d99    00000005     oled.o (.rodata.oled_get_glyph.glyphM)
                  00003d9e    00000005     oled.o (.rodata.oled_get_glyph.glyphN)
                  00003da3    00000005     oled.o (.rodata.oled_get_glyph.glyphO)
                  00003da8    00000005     oled.o (.rodata.oled_get_glyph.glyphP)
                  00003dad    00000005     oled.o (.rodata.oled_get_glyph.glyphR)
                  00003db2    00000005     oled.o (.rodata.oled_get_glyph.glyphS)
                  00003db7    00000005     oled.o (.rodata.oled_get_glyph.glyphT)
                  00003dbc    00000005     oled.o (.rodata.oled_get_glyph.glyphU)
                  00003dc1    00000005     oled.o (.rodata.oled_get_glyph.glyphV)
                  00003dc6    00000005     oled.o (.rodata.oled_get_glyph.glyphW)
                  00003dcb    00000005     oled.o (.rodata.oled_get_glyph.glyphX)
                  00003dd0    00000005     oled.o (.rodata.oled_get_glyph.glyphY)
                  00003dd5    00000005     oled.o (.rodata.oled_get_glyph.glyphb)
                  00003dda    00000005     oled.o (.rodata.oled_get_glyph.gt)
                  00003ddf    00000005     oled.o (.rodata.oled_get_glyph.minus)
                  00003de4    00000005     oled.o (.rodata.oled_get_glyph.nine)
                  00003de9    00000005     oled.o (.rodata.oled_get_glyph.one)
                  00003dee    00000005     oled.o (.rodata.oled_get_glyph.seven)
                  00003df3    00000005     oled.o (.rodata.oled_get_glyph.six)
                  00003df8    00000005     oled.o (.rodata.oled_get_glyph.space)
                  00003dfd    00000005     oled.o (.rodata.oled_get_glyph.three)
                  00003e02    00000005     oled.o (.rodata.oled_get_glyph.two)
                  00003e07    00000005     oled.o (.rodata.oled_get_glyph.zero)
                  00003e0c    00000005     oled_ui.o (.rodata.str1.10416366799939242409.1)
                  00003e11    00000005     oled_ui.o (.rodata.str1.130772507669342127.1)
                  00003e16    00000005     oled_ui.o (.rodata.str1.14556837007311414654.1)
                  00003e1b    00000005     oled_ui.o (.rodata.str1.15008238333949226094.1)
                  00003e20    00000005     oled_ui.o (.rodata.str1.17540787658903907660.1)
                  00003e25    00000005     car_controller.o (.rodata.str1.18191498530309206443.1)
                  00003e2a    00000005     oled_ui.o (.rodata.str1.18266126048138325213.1)
                  00003e2f    00000005     car_controller.o (.rodata.str1.4164979912472006574.1)
                  00003e34    00000005     oled_ui.o (.rodata.str1.4581472623415959594.1)
                  00003e39    00000005     menu.o (.rodata.str1.4862307748908978627.1)
                  00003e3e    00000005     car_state.o (.rodata.str1.8223341253983108753.1)
                  00003e43    00000005     car_state.o (.rodata.str1.8698975129455933903.1)
                  00003e48    00000005     oled_ui.o (.rodata.str1.9544068167406571052.1)
                  00003e4d    00000005     car_controller.o (.rodata.str1.9981487771679760427.1)
                  00003e52    00000004     oled_ui.o (.rodata.str1.11232419324784801130.1)
                  00003e56    00000004     menu.o (.rodata.str1.12110183915172842339.1)
                  00003e5a    00000004     car_controller.o (.rodata.str1.12442237994239546032.1)
                  00003e5e    00000004     menu.o (.rodata.str1.13124720451672825294.1)
                  00003e62    00000004     oled_ui.o (.rodata.str1.13882251010780863896.1)
                  00003e66    00000004     car_state.o (.rodata.str1.13986535679874659196.1)
                  00003e6a    00000004     menu.o (.rodata.str1.14098755746347272832.1)
                  00003e6e    00000004     oled_ui.o (.rodata.str1.14358698208395374265.1)
                  00003e72    00000004     oled_ui.o (.rodata.str1.15917848551323629232.1)
                  00003e76    00000004     menu.o (.rodata.str1.16312125044762562515.1)
                  00003e7a    00000004     oled_ui.o (.rodata.str1.16931641404301806744.1)
                  00003e7e    00000004     menu.o (.rodata.str1.17041139162815566052.1)
                  00003e82    00000004     car_controller.o (.rodata.str1.17172356789460551389.1)
                  00003e86    00000004     oled_ui.o (.rodata.str1.17274519358952562110.1)
                  00003e8a    00000004     oled_ui.o (.rodata.str1.17812014771544466701.1)
                  00003e8e    00000004     car_state.o (.rodata.str1.3601627812925153765.1)
                  00003e92    00000004     oled_ui.o (.rodata.str1.3702290527496711532.1)
                  00003e96    00000004     oled_ui.o (.rodata.str1.4402311448527872260.1)
                  00003e9a    00000004     oled_ui.o (.rodata.str1.5965450730569173784.1)
                  00003e9e    00000004     car_controller.o (.rodata.str1.9234375891235759983.1)
                  00003ea2    00000004     oled_ui.o (.rodata.str1.967006512144173535.1)
                  00003ea6    00000003     oled_ui.o (.rodata.str1.1019225241002246410.1)
                  00003ea9    00000003     oled_ui.o (.rodata.str1.14134189893851348960.1)
                  00003eac    00000003     oled_ui.o (.rodata.str1.2308938766145545715.1)
                  00003eaf    00000003     menu.o (.rodata.str1.4646809750356241979.1)
                  00003eb2    00000003     menu.o (.rodata.str1.6857549598058878762.1)
                  00003eb5    00000003     oled_ui.o (.rodata.str1.9159586779647977165.1)
                  00003eb8    00000003     oled_ui.o (.rodata.str1.9854382722193312766.1)
                  00003ebb    00000005     --HOLE-- [fill = 0]

.init_array 
*          0    00000000    00000000     UNINITIALIZED

.binit     0    00000000    00000000     

.bss       0    20200000    0000010c     UNINITIALIZED
                  20200000    0000004c     (.common:g_appConfig)
                  2020004c    00000028     (.common:g_appRuntime)
                  20200074    00000028     (.common:g_imuRuntime)
                  2020009c    0000001c     mission_manager.o (.bss.g_missionRuntime)
                  202000b8    00000014     (.common:g_headingRuntime)
                  202000cc    00000010     motion_action.o (.bss.g_motionActionRuntime)
                  202000dc    00000006     key.o (.bss.g_key1)
                  202000e2    00000006     key.o (.bss.g_key2)
                  202000e8    00000006     key.o (.bss.g_key3)
                  202000ee    00000002     (.common:g_trackError)
                  202000f0    00000004     encoder.o (.bss.g_motorAPulses)
                  202000f4    00000004     encoder.o (.bss.g_motorBPulses)
                  202000f8    00000001     oled_ui.o (.bss.OledUi_Update_20ms.refreshDivider)
                  202000f9    00000001     empty.o (.bss.SysTick_Handler.controlMsCount)
                  202000fa    00000001     empty.o (.bss.SysTick_Handler.tick100usCount)
                  202000fb    00000001     empty.o (.bss.g_appUpdateDue)
                  202000fc    00000001     car_state.o (.bss.g_carState)
                  202000fd    00000001     motor.o (.bss.g_motorADutyLevel)
                  202000fe    00000001     motor.o (.bss.g_motorBDutyLevel)
                  202000ff    00000001     oled.o (.bss.g_oledColumn)
                  20200100    00000001     menu.o (.bss.g_oledPage)
                  20200101    00000001     menu.o (.bss.g_paramItem)
                  20200102    00000001     key.o (.bss.g_pendingEvent)
                  20200103    00000001     motor.o (.bss.g_pwmPhase)
                  20200104    00000001     (.common:g_carStateDebug)
                  20200105    00000001     (.common:g_keyEvent)
                  20200106    00000001     (.common:g_oledPageDebug)
                  20200107    00000001     (.common:g_paramItemDebug)
                  20200108    00000001     (.common:g_trackBlackCount)
                  20200109    00000001     (.common:g_trackModeDebug)
                  2020010a    00000001     (.common:g_trackRaw)
                  2020010b    00000001     (.common:g_trackTurnDebug)

.stack     0    20207e00    00000200     UNINITIALIZED
                  20207e00    00000004     libc.a : boot_cortex_m.c.obj (.stack)
                  20207e04    000001fc     --HOLE--

__llvm_prf_cnts 
*          0    20200000    00000000     UNINITIALIZED

__llvm_prf_bits 
*          0    20200000    00000000     UNINITIALIZED

MODULE SUMMARY

       Module                         code    ro data   rw data
       ------                         ----    -------   -------
    .\
       imu.o                          3304    0         40     
       oled.o                         2088    401       1      
       car_controller.o               1568    47        40     
       oled_ui.o                      1084    139       1      
       mission_manager.o              1036    0         28     
       app_config.o                   672     0         76     
       menu.o                         568     59        2      
       motion_action.o                520     0         16     
       heading_control.o              468     0         20     
       key.o                          436     0         19     
       mission_library.o              184     239       0      
       motor.o                        356     0         3      
       track_sensor.o                 306     0         0      
       ti_msp_dl_config.o             292     0         0      
       app.o                          238     0         10     
       startup_mspm0g350x_ticlang.o   6       192       0      
       empty.o                        188     0         3      
       encoder.o                      144     0         8      
       car_state.o                    60      54        1      
    +--+------------------------------+-------+---------+---------+
       Total:                         13518   1131      268    
                                                               
    C:/TI/mspm0_sdk_2_05_01_00/source/ti/driverlib/lib/ticlang/m0p/mspm0g1x0x_g3x0x/driverlib.a
       dl_common.o                    10      0         0      
    +--+------------------------------+-------+---------+---------+
       Total:                         10      0         0      
                                                               
    D:\TI\CCS\ccs\tools\compiler\ti-cgt-armllvm_4.0.4.LTS\lib\armv6m-ti-none-eabi/c/libc.a
       autoinit.c.obj                 60      0         0      
       boot_cortex_m.c.obj            40      0         0      
       copy_zero_init.c.obj           22      0         0      
       exit.c.obj                     6       0         0      
       pre_init.c.obj                 4       0         0      
    +--+------------------------------+-------+---------+---------+
       Total:                         132     0         0      
                                                               
    D:\TI\CCS\ccs\tools\compiler\ti-cgt-armllvm_4.0.4.LTS\lib\armv6m-ti-none-eabi/c/libsysbm.a
       hostexit.c.obj                 4       0         0      
    +--+------------------------------+-------+---------+---------+
       Total:                         4       0         0      
                                                               
    D:\TI\CCS\ccs\tools\compiler\ti-cgt-armllvm_4.0.4.LTS\lib\armv6m-ti-none-eabi/libclang_rt.builtins.a
       addsf3.S.obj                   216     0         0      
       udivmoddi4.S.obj               162     0         0      
       mulsf3.S.obj                   140     0         0      
       divsf3.S.obj                   130     0         0      
       comparesf2.S.obj               118     0         0      
       aeabi_fcmp.S.obj               98      0         0      
       aeabi_idivmod.S.obj            86      0         0      
       divmoddi4.c.obj                62      0         0      
       floatsisf.S.obj                60      0         0      
       muldsi3.S.obj                  58      0         0      
       fixsfsi.S.obj                  56      0         0      
       ashldi3.S.obj                  30      0         0      
       aeabi_ldivmod.S.obj            20      0         0      
       aeabi_div0.c.obj               4       0         0      
    +--+------------------------------+-------+---------+---------+
       Total:                         1240    0         0      
                                                               
       Stack:                         0       0         512    
       Linker Generated:              0       20        0      
    +--+------------------------------+-------+---------+---------+
       Grand Total:                   14904   1151      780    


LINKER GENERATED COPY TABLES

__TI_cinit_table @ 00003ecc records: 1, size/record: 8, table size: 8
	.bss: load addr=00003ec0, load size=00000008 bytes, run addr=20200000, run size=0000010c bytes, compression=zero_init


LINKER GENERATED HANDLER TABLE

__TI_handler_table @ 00003ec8 records: 1, size/record: 4, table size: 4
	index: 0, handler: __TI_zero_init


GLOBAL SYMBOLS: SORTED ALPHABETICALLY BY Name 

address   name                               
-------   ----                               
00002aeb  ADC0_IRQHandler                    
00002aeb  ADC1_IRQHandler                    
00002aeb  AES_IRQHandler                     
00002aed  AppConfig_InitDefault              
000012e9  AppConfig_LimitAll                 
00003215  App_Init                           
000028f9  App_Update_20ms                    
00003afa  C$$EXIT                            
00002aeb  CANFD0_IRQHandler                  
00003a45  CarController_GetRunMode           
00003481  CarController_Init                 
000034b9  CarController_ResetRuntime         
000038c9  CarController_RunModeToString      
00003599  CarController_StartFollowLine      
0000312d  CarController_StartSeekLine        
000036c5  CarController_StartTurnLeft90      
00003635  CarController_StartTurnRight90     
000037ed  CarController_Stop                 
000004f1  CarController_Update_20ms          
00003a51  CarState_Get                       
00003a5d  CarState_Init                      
00003a69  CarState_Set                       
000038e1  CarState_ToString                  
00002aeb  DAC0_IRQHandler                    
00003abd  DL_Common_delayCycles              
00002aeb  DMA_IRQHandler                     
00002aeb  Default_Handler                    
00002e25  Encoder_HandleGpioInterrupt        
000037c9  Encoder_Reset                      
00002aeb  GROUP0_IRQHandler                  
00003971  GROUP1_IRQHandler                  
00003afb  HOSTexit                           
00002aeb  HardFault_Handler                  
00003985  HeadingControl_Enable              
00003add  HeadingControl_GetRuntime          
00003999  HeadingControl_Init                
000038f9  HeadingControl_LockCurrentYaw      
000039ad  HeadingControl_Reset               
00003911  HeadingControl_SetTargetYaw        
00001b81  HeadingControl_Update              
00002aeb  I2C0_IRQHandler                    
00002aeb  I2C1_IRQHandler                    
000010d5  Imu_CalibrateGyroBias              
00003a75  Imu_GetCorrectedGyroZDps           
00003ae5  Imu_GetRuntime                     
00003a81  Imu_GetYaw                         
00000ba9  Imu_Init                           
000038ad  Imu_IsReady                        
00003a8d  Imu_ResetYaw                       
00001e1d  Imu_Update                         
00003a25  Key_GetEvent                       
00003665  Key_Init                           
00001a0d  Key_Update_20ms                    
00003a99  Menu_GetPage                       
00003aa5  Menu_GetParamItem                  
00003025  Menu_GetParamValue                 
00001875  Menu_HandleKeyEvent                
000039c1  Menu_Init                          
00003929  Menu_ParamItemToString             
0000380d  MissionLibrary_FindById            
000039d5  MissionLibrary_GetByIndex          
00003aff  MissionLibrary_GetCount            
00002d2b  MissionLibrary_Validate            
000036f1  MissionManager_Cancel              
000039e9  MissionManager_GetSelectedMissionId
000031cd  MissionManager_Init                
0000382d  MissionManager_Pause               
00003695  MissionManager_Reset               
0000384d  MissionManager_Resume              
00002269  MissionManager_SelectNext          
0000250d  MissionManager_SelectPrevious      
000032dd  MissionManager_Start               
00002175  MissionManager_Update_20ms         
00003941  MotionAction_Cancel                
00003aed  MotionAction_GetRuntime            
000039fd  MotionAction_Init                  
00002359  MotionAction_Start                 
0000207d  MotionAction_Update_20ms           
000034f1  Motor_Init                         
0000317d  Motor_PwmTick100us                 
00002849  Motor_SetSpeed                     
0000371d  Motor_Stop                         
00002aeb  NMI_Handler                        
00000e81  OLED_Clear                         
000025e1  OLED_Init                          
00002fc7  OLED_PrintBinary7                  
000026b5  OLED_PrintChar                     
00001ce1  OLED_PrintInt16                    
00003601  OLED_PrintString                   
000035cd  OLED_SetCursor                     
00003ab1  OledUi_Init                        
000000c1  OledUi_Update_20ms                 
00002aeb  PendSV_Handler                     
00002aeb  RTC_IRQHandler                     
00003b03  Reset_Handler                      
00002aeb  SPI0_IRQHandler                    
00002aeb  SPI1_IRQHandler                    
00002aeb  SVC_Handler                        
000029a1  SYSCFG_DL_GPIO_init                
0000325d  SYSCFG_DL_SYSCTL_init              
00003a35  SYSCFG_DL_init                     
00003749  SYSCFG_DL_initPower                
00003319  SysTick_Handler                    
00002aeb  TIMA0_IRQHandler                   
00002aeb  TIMA1_IRQHandler                   
00002aeb  TIMG0_IRQHandler                   
00002aeb  TIMG12_IRQHandler                  
00002aeb  TIMG6_IRQHandler                   
00002aeb  TIMG7_IRQHandler                   
00002aeb  TIMG8_IRQHandler                   
00003775  TrackSensor_CountBlack             
00003561  TrackSensor_DetectTurn             
00002efd  TrackSensor_GetErrorFromRaw        
00002dab  TrackSensor_Init                   
00003ac7  TrackSensor_IsCenterDetected       
00003ad1  TrackSensor_IsLineLost             
000030d9  TrackSensor_ReadRaw                
00002aeb  UART0_IRQHandler                   
00002aeb  UART1_IRQHandler                   
00002aeb  UART2_IRQHandler                   
00002aeb  UART3_IRQHandler                   
20208000  __STACK_END                        
00000200  __STACK_SIZE                       
00000000  __TI_ATRegion0_region_sz           
00000000  __TI_ATRegion0_src_addr            
00000000  __TI_ATRegion0_trg_addr            
00000000  __TI_ATRegion1_region_sz           
00000000  __TI_ATRegion1_src_addr            
00000000  __TI_ATRegion1_trg_addr            
00000000  __TI_ATRegion2_region_sz           
00000000  __TI_ATRegion2_src_addr            
00000000  __TI_ATRegion2_trg_addr            
00003ecc  __TI_CINIT_Base                    
00003ed4  __TI_CINIT_Limit                   
00003ed4  __TI_CINIT_Warm                    
00003ec8  __TI_Handler_Table_Base            
00003ecc  __TI_Handler_Table_Limit           
000033cd  __TI_auto_init_nobinit_nopinit     
ffffffff  __TI_pprof_out_hndl                
ffffffff  __TI_prof_data_size                
ffffffff  __TI_prof_data_start               
00000000  __TI_static_base__                 
00003959  __TI_zero_init_nomemset            
0000243f  __addsf3                           
00003529  __aeabi_f2iz                       
0000243f  __aeabi_fadd                       
00002f65  __aeabi_fcmpeq                     
00002fa1  __aeabi_fcmpge                     
00002fb5  __aeabi_fcmpgt                     
00002f8d  __aeabi_fcmple                     
00002f79  __aeabi_fcmplt                     
00002ca9  __aeabi_fdiv                       
00002c1d  __aeabi_fmul                       
00002435  __aeabi_fsub                       
00003355  __aeabi_i2f                        
00003081  __aeabi_idiv                       
00002f63  __aeabi_idiv0                      
00003081  __aeabi_idivmod                    
000030d7  __aeabi_ldiv0                      
00003a11  __aeabi_ldivmod                    
0000388d  __aeabi_llsl                       
0000388d  __ashldi3                          
ffffffff  __binit__                          
00003409  __cmpsf2                           
0000329d  __divmoddi4                        
00002ca9  __divsf3                           
00003409  __eqsf2                            
00003529  __fixsfsi                          
00003355  __floatsisf                        
00003391  __gesf2                            
00003391  __gtsf2                            
00003409  __lesf2                            
00003409  __ltsf2                            
UNDEFED   __mpu_init                         
00003445  __muldsi3                          
00002c1d  __mulsf3                           
00003409  __nesf2                            
20207e00  __stack                            
20200000  __start___llvm_prf_bits            
20200000  __start___llvm_prf_cnts            
20200000  __stop___llvm_prf_bits             
20200000  __stop___llvm_prf_cnts             
00002435  __subsf3                           
00002a49  __udivmoddi4                       
000037a1  _c_int00_noargs                    
UNDEFED   _system_post_cinit                 
00003b07  _system_pre_init                   
00003af5  abort                              
ffffffff  binit                              
20200000  g_appConfig                        
2020004c  g_appRuntime                       
20200104  g_carStateDebug                    
202000b8  g_headingRuntime                   
20200074  g_imuRuntime                       
20200105  g_keyEvent                         
20200106  g_oledPageDebug                    
20200107  g_paramItemDebug                   
20200108  g_trackBlackCount                  
202000ee  g_trackError                       
20200109  g_trackModeDebug                   
2020010a  g_trackRaw                         
2020010b  g_trackTurnDebug                   
00000000  interruptVectors                   
00002e91  main                               


GLOBAL SYMBOLS: SORTED BY Symbol Address 

address   name                               
-------   ----                               
00000000  __TI_ATRegion0_region_sz           
00000000  __TI_ATRegion0_src_addr            
00000000  __TI_ATRegion0_trg_addr            
00000000  __TI_ATRegion1_region_sz           
00000000  __TI_ATRegion1_src_addr            
00000000  __TI_ATRegion1_trg_addr            
00000000  __TI_ATRegion2_region_sz           
00000000  __TI_ATRegion2_src_addr            
00000000  __TI_ATRegion2_trg_addr            
00000000  __TI_static_base__                 
00000000  interruptVectors                   
000000c1  OledUi_Update_20ms                 
00000200  __STACK_SIZE                       
000004f1  CarController_Update_20ms          
00000ba9  Imu_Init                           
00000e81  OLED_Clear                         
000010d5  Imu_CalibrateGyroBias              
000012e9  AppConfig_LimitAll                 
00001875  Menu_HandleKeyEvent                
00001a0d  Key_Update_20ms                    
00001b81  HeadingControl_Update              
00001ce1  OLED_PrintInt16                    
00001e1d  Imu_Update                         
0000207d  MotionAction_Update_20ms           
00002175  MissionManager_Update_20ms         
00002269  MissionManager_SelectNext          
00002359  MotionAction_Start                 
00002435  __aeabi_fsub                       
00002435  __subsf3                           
0000243f  __addsf3                           
0000243f  __aeabi_fadd                       
0000250d  MissionManager_SelectPrevious      
000025e1  OLED_Init                          
000026b5  OLED_PrintChar                     
00002849  Motor_SetSpeed                     
000028f9  App_Update_20ms                    
000029a1  SYSCFG_DL_GPIO_init                
00002a49  __udivmoddi4                       
00002aeb  ADC0_IRQHandler                    
00002aeb  ADC1_IRQHandler                    
00002aeb  AES_IRQHandler                     
00002aeb  CANFD0_IRQHandler                  
00002aeb  DAC0_IRQHandler                    
00002aeb  DMA_IRQHandler                     
00002aeb  Default_Handler                    
00002aeb  GROUP0_IRQHandler                  
00002aeb  HardFault_Handler                  
00002aeb  I2C0_IRQHandler                    
00002aeb  I2C1_IRQHandler                    
00002aeb  NMI_Handler                        
00002aeb  PendSV_Handler                     
00002aeb  RTC_IRQHandler                     
00002aeb  SPI0_IRQHandler                    
00002aeb  SPI1_IRQHandler                    
00002aeb  SVC_Handler                        
00002aeb  TIMA0_IRQHandler                   
00002aeb  TIMA1_IRQHandler                   
00002aeb  TIMG0_IRQHandler                   
00002aeb  TIMG12_IRQHandler                  
00002aeb  TIMG6_IRQHandler                   
00002aeb  TIMG7_IRQHandler                   
00002aeb  TIMG8_IRQHandler                   
00002aeb  UART0_IRQHandler                   
00002aeb  UART1_IRQHandler                   
00002aeb  UART2_IRQHandler                   
00002aeb  UART3_IRQHandler                   
00002aed  AppConfig_InitDefault              
00002c1d  __aeabi_fmul                       
00002c1d  __mulsf3                           
00002ca9  __aeabi_fdiv                       
00002ca9  __divsf3                           
00002d2b  MissionLibrary_Validate            
00002dab  TrackSensor_Init                   
00002e25  Encoder_HandleGpioInterrupt        
00002e91  main                               
00002efd  TrackSensor_GetErrorFromRaw        
00002f63  __aeabi_idiv0                      
00002f65  __aeabi_fcmpeq                     
00002f79  __aeabi_fcmplt                     
00002f8d  __aeabi_fcmple                     
00002fa1  __aeabi_fcmpge                     
00002fb5  __aeabi_fcmpgt                     
00002fc7  OLED_PrintBinary7                  
00003025  Menu_GetParamValue                 
00003081  __aeabi_idiv                       
00003081  __aeabi_idivmod                    
000030d7  __aeabi_ldiv0                      
000030d9  TrackSensor_ReadRaw                
0000312d  CarController_StartSeekLine        
0000317d  Motor_PwmTick100us                 
000031cd  MissionManager_Init                
00003215  App_Init                           
0000325d  SYSCFG_DL_SYSCTL_init              
0000329d  __divmoddi4                        
000032dd  MissionManager_Start               
00003319  SysTick_Handler                    
00003355  __aeabi_i2f                        
00003355  __floatsisf                        
00003391  __gesf2                            
00003391  __gtsf2                            
000033cd  __TI_auto_init_nobinit_nopinit     
00003409  __cmpsf2                           
00003409  __eqsf2                            
00003409  __lesf2                            
00003409  __ltsf2                            
00003409  __nesf2                            
00003445  __muldsi3                          
00003481  CarController_Init                 
000034b9  CarController_ResetRuntime         
000034f1  Motor_Init                         
00003529  __aeabi_f2iz                       
00003529  __fixsfsi                          
00003561  TrackSensor_DetectTurn             
00003599  CarController_StartFollowLine      
000035cd  OLED_SetCursor                     
00003601  OLED_PrintString                   
00003635  CarController_StartTurnRight90     
00003665  Key_Init                           
00003695  MissionManager_Reset               
000036c5  CarController_StartTurnLeft90      
000036f1  MissionManager_Cancel              
0000371d  Motor_Stop                         
00003749  SYSCFG_DL_initPower                
00003775  TrackSensor_CountBlack             
000037a1  _c_int00_noargs                    
000037c9  Encoder_Reset                      
000037ed  CarController_Stop                 
0000380d  MissionLibrary_FindById            
0000382d  MissionManager_Pause               
0000384d  MissionManager_Resume              
0000388d  __aeabi_llsl                       
0000388d  __ashldi3                          
000038ad  Imu_IsReady                        
000038c9  CarController_RunModeToString      
000038e1  CarState_ToString                  
000038f9  HeadingControl_LockCurrentYaw      
00003911  HeadingControl_SetTargetYaw        
00003929  Menu_ParamItemToString             
00003941  MotionAction_Cancel                
00003959  __TI_zero_init_nomemset            
00003971  GROUP1_IRQHandler                  
00003985  HeadingControl_Enable              
00003999  HeadingControl_Init                
000039ad  HeadingControl_Reset               
000039c1  Menu_Init                          
000039d5  MissionLibrary_GetByIndex          
000039e9  MissionManager_GetSelectedMissionId
000039fd  MotionAction_Init                  
00003a11  __aeabi_ldivmod                    
00003a25  Key_GetEvent                       
00003a35  SYSCFG_DL_init                     
00003a45  CarController_GetRunMode           
00003a51  CarState_Get                       
00003a5d  CarState_Init                      
00003a69  CarState_Set                       
00003a75  Imu_GetCorrectedGyroZDps           
00003a81  Imu_GetYaw                         
00003a8d  Imu_ResetYaw                       
00003a99  Menu_GetPage                       
00003aa5  Menu_GetParamItem                  
00003ab1  OledUi_Init                        
00003abd  DL_Common_delayCycles              
00003ac7  TrackSensor_IsCenterDetected       
00003ad1  TrackSensor_IsLineLost             
00003add  HeadingControl_GetRuntime          
00003ae5  Imu_GetRuntime                     
00003aed  MotionAction_GetRuntime            
00003af5  abort                              
00003afa  C$$EXIT                            
00003afb  HOSTexit                           
00003aff  MissionLibrary_GetCount            
00003b03  Reset_Handler                      
00003b07  _system_pre_init                   
00003ec8  __TI_Handler_Table_Base            
00003ecc  __TI_CINIT_Base                    
00003ecc  __TI_Handler_Table_Limit           
00003ed4  __TI_CINIT_Limit                   
00003ed4  __TI_CINIT_Warm                    
20200000  __start___llvm_prf_bits            
20200000  __start___llvm_prf_cnts            
20200000  __stop___llvm_prf_bits             
20200000  __stop___llvm_prf_cnts             
20200000  g_appConfig                        
2020004c  g_appRuntime                       
20200074  g_imuRuntime                       
202000b8  g_headingRuntime                   
202000ee  g_trackError                       
20200104  g_carStateDebug                    
20200105  g_keyEvent                         
20200106  g_oledPageDebug                    
20200107  g_paramItemDebug                   
20200108  g_trackBlackCount                  
20200109  g_trackModeDebug                   
2020010a  g_trackRaw                         
2020010b  g_trackTurnDebug                   
20207e00  __stack                            
20208000  __STACK_END                        
ffffffff  __TI_pprof_out_hndl                
ffffffff  __TI_prof_data_size                
ffffffff  __TI_prof_data_start               
ffffffff  __binit__                          
ffffffff  binit                              
UNDEFED   __mpu_init                         
UNDEFED   _system_post_cinit                 

[204 symbols]
