******************************************************************************
            TI ARM Clang Linker PC v4.0.4                      
******************************************************************************
>> Linked Tue Jul 28 17:49:59 2026

OUTPUT FILE NAME:   <diansaikaishi.out>
ENTRY POINT SYMBOL: "_c_int00_noargs"  address: 0000ff99


MEMORY CONFIGURATION

         name            origin    length      used     unused   attr    fill
----------------------  --------  ---------  --------  --------  ----  --------
  FLASH                 00000000   00020000  00011100  0000ef00  R  X
  SRAM                  20200000   00008000  0000147d  00006b83  RW X
  BCR_CONFIG            41c00000   000000ff  00000000  000000ff  R   
  BSL_CONFIG            41c00100   00000080  00000000  00000080  R   


SEGMENT ALLOCATION MAP

run origin  load origin   length   init length attrs members
----------  ----------- ---------- ----------- ----- -------
00000000    00000000    00011100   00011100    r-x
  00000000    00000000    000000c0   000000c0    r-- .intvecs
  000000c0    000000c0    00010660   00010660    r-x .text
  00010720    00010720    000009b0   000009b0    r-- .rodata
  000110d0    000110d0    00000030   00000030    r-- .cinit
20200000    20200000    0000127d   00000000    rw-
  20200000    20200000    0000127b   00000000    rw- .bss
  2020127b    2020127b    00000002   00000000    rw- .data
20207e00    20207e00    00000200   00000000    rw-
  20207e00    20207e00    00000200   00000000    rw- .stack


SECTION ALLOCATION MAP

 output                                  attributes/
section   page    origin      length       input sections
--------  ----  ----------  ----------   ----------------
.intvecs   0    00000000    000000c0     
                  00000000    000000c0     startup_mspm0g350x_ticlang.o (.intvecs)

.text      0    000000c0    00010660     
                  000000c0    00002760     oled_ui.o (.text.OledUi_Update_20ms)
                  00002820    00001dd4     vision_tuning_console.o (.text.VisionTuningConsole_Process)
                  000045f4    00001668     app.o (.text.App_Update_20ms)
                  00005c5c    00000670     app.o (.text.app_remote_update_result)
                  000062cc    00000648     app_config.o (.text.AppConfig_LimitAll)
                  00006914    00000524     line_controller.o (.text.LineController_Update)
                  00006e38    00000488     runtime_snapshot.o (.text.RuntimeSnapshot_Update)
                  000072c0    0000044c     motor_control.o (.text.update_wheel)
                  0000770c    00000424     wheel_speed_estimator.o (.text.WheelSpeedEstimator_Update)
                  00007b30    000003e0     imu.o (.text.Imu_Update)
                  00007f10    000003b0     vision_receiver.o (.text.VisionReceiver_Process)
                  000082c0    00000374     imu.o (.text.Imu_Init)
                  00008634    00000370     gimbal.o (.text.gimbal_update_feedback)
                  000089a4    00000310     vision_tuning_console.o (.text.append_scaled)
                  00008cb4    000002f0     imu.o (.text.mpu6050_read_regs)
                  00008fa4    000002cc     car_controller.o (.text.handle_drive_distance)
                  00009270    000002b0     motion_action.o (.text.MotionAction_Update_20ms)
                  00009520    0000028c     motor_control.o (.text.MotorControl_Update)
                  000097ac    00000268     car_controller.o (.text.handle_turn_to_yaw)
                  00009a14    00000258     app.o (.text.app_remote_send_action_ack)
                  00009c6c    00000230     imu.o (.text.Imu_CalibrateGyroBias)
                  00009e9c    00000220     menu.o (.text.Menu_HandleKeyEvent)
                  0000a0bc    00000218     app_config.o (.text.AppConfig_InitDefault)
                  0000a2d4    00000214     motion_action.o (.text.MotionAction_Start)
                  0000a4e8    00000210     app.o (.text.app_remote_append_float_tenth)
                  0000a6f8    00000204     motor.o (.text.Motor_SetSpeed)
                  0000a8fc    000001f4     vision_protocol.o (.text.VisionProtocol_ParseV1TargetFrame)
                  0000aaf0    000001e8     motor_control.o (.text.config_is_valid)
                  0000acd8    000001e4     mission_library.o (.text.MissionLibrary_Validate)
                  0000aebc    000001cc     bluetooth_uart.o (.text.BluetoothUart_TryWriteBuffer)
                  0000b088    000001cc     imu.o (.text.imu_i2c_write_byte)
                  0000b254    000001cc     oled_ui.o (.text.print_status_page)
                  0000b420    000001b8     oled.o (.text.oled_i2c_write_byte)
                  0000b5d8    000001a0     ultrasonic.o (.text.Ultrasonic_Tick100us)
                  0000b778    0000019c     car_controller.o (.text.CarController_StartDriveDistanceAtYaw)
                  0000b914    00000190     car_controller.o (.text.CarController_Update_20ms)
                  0000baa4    00000174     key.o (.text.Key_Update_20ms)
                  0000bc18    00000170     oled.o (.text.OLED_FlushPage)
                  0000bd88    0000016c     oled.o (.text.OLED_PrintInt16)
                  0000bef4    00000158     vision_tuning_console.o (.text.send_parameter_reply)
                  0000c04c    00000158     vision_tuning_console.o (.text.send_yaw_parameter_reply)
                  0000c1a4    0000012c     bluetooth_uart.o (.text.BluetoothUart_Process)
                  0000c2d0    0000012c     imu.o (.text.imu_i2c_recover_bus)
                  0000c3fc    00000128     line_controller.o (.text.LineController_Reset)
                  0000c524    00000124     oled.o (.text.OLED_Init)
                  0000c648    00000124     vision_tuning_console.o (.text.send_simple_reply)
                  0000c76c    0000011c     car_controller.o (.text.handle_drive_heading)
                  0000c888    0000010c     line_controller.o (.text.LineController_ResetControlState)
                  0000c994    0000010c     car_controller.o (.text.handle_follow_line)
                  0000caa0    00000104     driverlib.a : dl_timer.o (.text.DL_Timer_initFourCCPWMMode)
                  0000cba4    00000104     line_controller.o (.text.LineController_Init)
                  0000cca8    00000104     mission_manager.o (.text.MissionManager_Update_20ms)
                  0000cdac    00000100     motor_control.o (.text.MotorControl_SetNormalizedTarget)
                  0000ceac    000000fc     app.o (.text.app_remote_handle_turn)
                  0000cfa8    000000f4     mission_manager.o (.text.MissionManager_SelectNext)
                  0000d09c    000000ec     heading_control.o (.text.HeadingControl_Update)
                  0000d188    000000e8     obstacle_safety.o (.text.ObstacleSafety_Update_20ms)
                  0000d270    000000e8     vision_protocol.o (.text.fields_are_valid)
                  0000d358    000000e0     mission_manager.o (.text.MissionManager_SelectPrevious)
                  0000d438    000000e0     wheel_speed_estimator.o (.text.WheelSpeedEstimator_Init)
                  0000d518    000000e0     empty.o (.text.main)
                  0000d5f8    000000dc     ti_msp_dl_config.o (.text.SYSCFG_DL_GPIO_init)
                  0000d6d4    000000d8     oled.o (.text.OLED_PrintUInt16)
                  0000d7ac    000000d8     libclang_rt.builtins.a : addsf3.S.obj (.text)
                  0000d884    000000d4     car_controller.o (.text.CarController_StartDriveDistance)
                  0000d958    000000c8     fault.o (.text.FaultCode_ToShortString)
                  0000da20    000000c0     angle_utils.o (.text.Angle_Normalize180)
                  0000dae0    000000bc     car_controller.o (.text.CarController_ResetRuntime)
                  0000db9c    000000b4     mission_manager.o (.text.MissionManager_StartTransientAction)
                  0000dc50    000000a8     app.o (.text.App_Init)
                  0000dcf8    000000a4     encoder.o (.text.Encoder_HandleGpioInterrupt)
                  0000dd9c    000000a2     libclang_rt.builtins.a : udivmoddi4.S.obj (.text)
                  0000de3e    00000002     startup_mspm0g350x_ticlang.o (.text.Default_Handler)
                  0000de40    000000a0     car_controller.o (.text.drive_distance_high_decel_zone_cm)
                  0000dee0    0000009c     obstacle_monitor.o (.text.ObstacleMonitor_Update_20ms)
                  0000df7c    0000009a     libc.a : memcpy16.S.obj (.text:memcpy)
                  0000e016    00000002     obstacle_avoidance.o (.text.ObstacleAvoidance_Update_20ms)
                  0000e018    00000098     imu.o (.text.mpu6050_write_reg)
                  0000e0b0    00000094     car_controller.o (.text.CarController_StartTurnToYawRelative)
                  0000e144    00000090     car_controller.o (.text.CarController_ResetTransientState)
                  0000e1d4    0000008c     ti_msp_dl_config.o (.text.SYSCFG_DL_PWM_MOTOR_init)
                  0000e260    0000008c     libclang_rt.builtins.a : mulsf3.S.obj (.text.__mulsf3)
                  0000e2ec    0000008c     car_controller.o (.text.heading_imu_wait_or_fail)
                  0000e378    00000088     bluetooth_uart.o (.text.BluetoothUart_Init)
                  0000e400    00000088     libc.a : strcmp-armv6m.S.obj (.text:strcmp)
                  0000e488    00000084     car_controller.o (.text.CarController_SetSafetyHold)
                  0000e50c    00000084     motor.o (.text.Motor_Init)
                  0000e590    00000082     libclang_rt.builtins.a : divsf3.S.obj (.text.__divsf3)
                  0000e612    00000002     track_sensor.o (.text.TrackSensor_Init)
                  0000e614    00000080     car_controller.o (.text.CarController_StartDriveHeading)
                  0000e694    00000080     motor.o (.text.Motor_Stop)
                  0000e714    0000007c     app.o (.text.App_ResetToReady)
                  0000e790    0000007c     bluetooth_uart.o (.text.UART1_IRQHandler)
                  0000e80c    0000007c     vision_pitch_tuning.o (.text.VisionPitchTuning_Set)
                  0000e888    0000007c     libc.a : copy_decompress_lzss.c.obj (.text:decompress:lzss)
                  0000e904    00000078     empty.o (.text.SysTick_Handler)
                  0000e97c    00000078     oled.o (.text.oled_write_command)
                  0000e9f4    00000074     motor_control.o (.text.latch_control_error)
                  0000ea68    00000070     ti_msp_dl_config.o (.text.SYSCFG_DL_UART_BLUETOOTH_init)
                  0000ead8    00000070     ti_msp_dl_config.o (.text.SYSCFG_DL_UART_VISION_init)
                  0000eb48    00000070     vision_yaw_tuning.o (.text.VisionYawTuning_Set)
                  0000ebb8    0000006e     track_sensor.o (.text.TrackSensor_DetectTurn)
                  0000ec26    00000002     libclang_rt.builtins.a : aeabi_div0.c.obj (.text.__aeabi_idiv0)
                  0000ec28    00000068     mission_manager.o (.text.MissionManager_GetSelectedMissionIndex)
                  0000ec90    00000068     app.o (.text.app_remote_start_action)
                  0000ecf8    00000068     car_controller.o (.text.set_output_speed)
                  0000ed60    00000066     track_sensor.o (.text.TrackSensor_GetErrorFromRaw)
                  0000edc6    00000002     libclang_rt.builtins.a : aeabi_div0.c.obj (.text.__aeabi_ldiv0)
                  0000edc8    00000062                            : aeabi_fcmp.S.obj (.text.__aeabi_fcmp)
                  0000ee2a    00000062     libc.a : memset16.S.obj (.text:memset)
                  0000ee8c    00000060     vision_tuning_console.o (.text.VisionTuningConsole_Init)
                  0000eeec    00000060     libclang_rt.builtins.a : fixsfdi.S.obj (.text.__fixsfdi)
                  0000ef4c    0000005c     magnet.o (.text.Magnet_Set)
                  0000efa8    0000005c     mission_manager.o (.text.MissionManager_Start)
                  0000f004    0000005c     vision_uart.o (.text.UART3_IRQHandler)
                  0000f060    0000005c     ultrasonic.o (.text.Ultrasonic_Update_20ms)
                  0000f0bc    0000005c     car_controller.o (.text.speed_cmps_to_normalized_command)
                  0000f118    00000058     oled.o (.text.OLED_PrintChar)
                  0000f170    00000058     motion_action.o (.text.motion_action_start_imu_controller)
                  0000f1c8    00000056     libclang_rt.builtins.a : aeabi_idivmod.S.obj (.text.__aeabi_idivmod)
                  0000f21e    00000002     --HOLE-- [fill = 0]
                  0000f220    00000054     car_controller.o (.text.CarController_Stop)
                  0000f274    00000054     menu.o (.text.Menu_GetParamValue)
                  0000f2c8    00000054     track_sensor.o (.text.TrackSensor_ReadRaw)
                  0000f31c    00000054     watchdog_monitor.o (.text.WatchdogMonitor_ApplyFaultIfNeeded)
                  0000f370    00000054     app.o (.text.app_remote_parse_gear)
                  0000f3c4    00000050     mission_manager.o (.text.MissionManager_Init)
                  0000f414    00000050     ultrasonic.o (.text.Ultrasonic_Init)
                  0000f464    00000050     watchdog_monitor.o (.text.WatchdogMonitor_Tick1msFromIsr)
                  0000f4b4    0000004e     libclang_rt.builtins.a : floatdisf.S.obj (.text.__floatdisf)
                  0000f502    00000002     --HOLE-- [fill = 0]
                  0000f504    0000004c     motor_control.o (.text.MotorControl_Stop)
                  0000f550    00000048     driverlib.a : dl_uart.o (.text.DL_UART_init)
                  0000f598    00000048     ti_msp_dl_config.o (.text.SYSCFG_DL_initPower)
                  0000f5e0    00000044     emergency_stop.o (.text.EmergencyStop_Reset)
                  0000f624    00000044     encoder.o (.text.Encoder_GetAndClearPulseDeltas)
                  0000f668    00000044     imu.o (.text.Imu_ResetYaw)
                  0000f6ac    00000044     servo.o (.text.Servo_Tick100us)
                  0000f6f0    00000040     car_controller.o (.text.CarController_StartFollowLine)
                  0000f730    00000040     fault.o (.text.Fault_Raise)
                  0000f770    00000040     mission_manager.o (.text.MissionManager_Cancel)
                  0000f7b0    00000040     ti_msp_dl_config.o (.text.SYSCFG_DL_SYSCTL_init)
                  0000f7f0    00000040     vision_receiver.o (.text.VisionReceiver_PushByteFromIsr)
                  0000f830    00000040     libclang_rt.builtins.a : aeabi_uidivmod.S.obj (.text.__aeabi_uidivmod)
                  0000f870    0000003e                            : divmoddi4.c.obj (.text.__divmoddi4)
                  0000f8ae    00000002     --HOLE-- [fill = 0]
                  0000f8b0    0000003c     mission_manager.o (.text.MissionManager_Reset)
                  0000f8ec    0000003c     servo.o (.text.Servo_SetAngleDeg)
                  0000f928    0000003c     vision_tuning_console.o (.text.VisionTuningConsole_PushByteFromIsr)
                  0000f964    0000003c     libclang_rt.builtins.a : floatsisf.S.obj (.text.__floatsisf)
                  0000f9a0    0000003c                            : comparesf2.S.obj (.text.__gtsf2)
                  0000f9dc    0000003c     libc.a : autoinit.c.obj (.text:__TI_auto_init_nobinit_nopinit)
                  0000fa18    0000003a     libclang_rt.builtins.a : comparesf2.S.obj (.text.__eqsf2)
                  0000fa52    00000002     --HOLE-- [fill = 0]
                  0000fa54    0000003a                            : muldsi3.S.obj (.text.__muldsi3)
                  0000fa8e    00000002     --HOLE-- [fill = 0]
                  0000fa90    00000038     emergency_stop.o (.text.EmergencyStop_Trigger)
                  0000fac8    00000038     vision_receiver.o (.text.VisionReceiver_Init)
                  0000fb00    00000038     libclang_rt.builtins.a : fixsfsi.S.obj (.text.__fixsfsi)
                  0000fb38    00000036     bluetooth_uart.o (.text.BluetoothUart_TryWriteString)
                  0000fb6e    00000002     --HOLE-- [fill = 0]
                  0000fb70    00000034     bluetooth_uart.o (.text.BluetoothUart_TryReadByte)
                  0000fba4    00000034     imu.o (.text.Imu_IsReady)
                  0000fbd8    00000034     mission_library.o (.text.MissionLibrary_FindById)
                  0000fc0c    00000034     vision_tuning_console.o (.text.VisionTuningConsole_TryPopTxByte)
                  0000fc40    00000034     vision_uart.o (.text.VisionUart_Process)
                  0000fc74    00000032     oled.o (.text.OLED_PrintString)
                  0000fca6    00000002     --HOLE-- [fill = 0]
                  0000fca8    00000032     libclang_rt.builtins.a : fixunssfsi.S.obj (.text.__fixunssfsi)
                  0000fcda    00000002     --HOLE-- [fill = 0]
                  0000fcdc    00000030     key.o (.text.Key_Init)
                  0000fd0c    00000030     line_controller.o (.text.LineController_ObserveSensors)
                  0000fd3c    00000030     mission_manager.o (.text.MissionManager_Resume)
                  0000fd6c    00000030     vision_pitch_tuning.o (.text.VisionPitchTuning_RestoreDefault)
                  0000fd9c    00000030     watchdog_monitor.o (.text.WatchdogMonitor_Init)
                  0000fdcc    00000030     watchdog_monitor.o (.text.WatchdogMonitor_Reset)
                  0000fdfc    0000002c     encoder.o (.text.Encoder_Reset)
                  0000fe28    0000002c     track_sensor.o (.text.TrackSensor_CountBlack)
                  0000fe54    0000002c     vision_yaw_tuning.o (.text.VisionYawTuning_RestoreDefault)
                  0000fe80    00000028     emergency_stop.o (.text.EmergencyStop_Enforce)
                  0000fea8    00000028     magnet.o (.text.Magnet_ForceOff)
                  0000fed0    00000028     ti_msp_dl_config.o (.text.SYSCFG_DL_init)
                  0000fef8    00000028     servo.o (.text.Servo_Init)
                  0000ff20    00000028     vision_pitch_tuning.o (.text.VisionPitchTuning_Init)
                  0000ff48    00000028     libclang_rt.builtins.a : floatunsisf.S.obj (.text.__floatunsisf)
                  0000ff70    00000028     libc.a : memmov.c.obj (.text.memmove)
                  0000ff98    00000028            : boot_cortex_m.c.obj (.text:_c_int00_noargs)
                  0000ffc0    00000024     mission_manager.o (.text.MissionManager_ReportExternalFailure)
                  0000ffe4    00000024     motor_control.o (.text.MotorControl_Init)
                  00010008    00000024     motor_control.o (.text.MotorControl_Reset)
                  0001002c    00000024     oled.o (.text.OLED_ClearBuffer)
                  00010050    00000024     vision_yaw_tuning.o (.text.VisionYawTuning_Init)
                  00010074    00000024     libclang_rt.builtins.a : muldi3.S.obj (.text.__muldi3)
                  00010098    00000020     driverlib.a : dl_timer.o (.text.DL_Timer_overrideCCPOut)
                  000100b8    00000020     debug_telemetry.o (.text.DebugTelemetry_Update)
                  000100d8    00000020     magnet.o (.text.Magnet_Init)
                  000100f8    00000020     mission_manager.o (.text.MissionManager_Pause)
                  00010118    00000020     oled.o (.text.OLED_SetCursor)
                  00010138    00000020     empty.o (.text.SchedulerMonitor_GetStats)
                  00010158    00000020     mission_manager.o (.text.mission_finish_error)
                  00010178    0000001e     libclang_rt.builtins.a : ashldi3.S.obj (.text.__ashldi3)
                  00010196    00000002     --HOLE-- [fill = 0]
                  00010198    0000001c     driverlib.a : dl_timer.o (.text.DL_Timer_setCaptCompUpdateMethod)
                  000101b4    0000001c                 : dl_timer.o (.text.DL_Timer_setClockConfig)
                  000101d0    0000001c     heading_control.o (.text.HeadingControl_SetTargetYaw)
                  000101ec    0000001c     menu.o (.text.Menu_Init)
                  00010208    0000001c     motion_action.o (.text.MotionAction_Cancel)
                  00010224    0000001c     obstacle_monitor.o (.text.ObstacleMonitor_Init)
                  00010240    0000001c     obstacle_safety.o (.text.ObstacleSafety_Init)
                  0001025c    0000001c     vision_pitch_tuning.o (.text.VisionPitchTuning_ParamName)
                  00010278    0000001c     vision_yaw_tuning.o (.text.VisionYawTuning_GetSnapshot)
                  00010294    0000001c     vision_yaw_tuning.o (.text.VisionYawTuning_ParamName)
                  000102b0    0000001c     watchdog_monitor.o (.text.WatchdogMonitor_NotifyControlCycleComplete)
                  000102cc    0000001c     mission_manager.o (.text.mission_finish_success)
                  000102e8    00000018     car_controller.o (.text.CarController_RunModeToString)
                  00010300    00000018     car_state.o (.text.CarState_ToString)
                  00010318    00000018     driverlib.a : dl_timer.o (.text.DL_Timer_setCaptureCompareOutCtl)
                  00010330    00000018     debug_telemetry.o (.text.DebugTelemetry_Init)
                  00010348    00000018     heading_control.o (.text.HeadingControl_Init)
                  00010360    00000018     heading_control.o (.text.HeadingControl_Reset)
                  00010378    00000018     menu.o (.text.Menu_ParamItemToString)
                  00010390    00000018     motion_action.o (.text.MotionAction_Init)
                  000103a8    00000018     obstacle_avoidance.o (.text.ObstacleAvoidance_Init)
                  000103c0    00000018     runtime_snapshot.o (.text.RuntimeSnapshot_Init)
                  000103d8    00000016     libclang_rt.builtins.a : comparesf2.S.obj (.text.__unordsf2)
                  000103ee    00000002     --HOLE-- [fill = 0]
                  000103f0    00000014     fault.o (.text.Fault_Clear)
                  00010404    00000014     fault.o (.text.Fault_Init)
                  00010418    00000014     empty.o (.text.GROUP1_IRQHandler)
                  0001042c    00000014     heading_control.o (.text.HeadingControl_Enable)
                  00010440    00000014     mission_library.o (.text.MissionLibrary_GetByIndex)
                  00010454    00000014     mission_manager.o (.text.MissionManager_GetSelectedMissionId)
                  00010468    00000014     vision_pitch_tuning.o (.text.VisionPitchTuning_GetSnapshot)
                  0001047c    00000014     vision_uart.o (.text.VisionUart_Init)
                  00010490    00000014     libclang_rt.builtins.a : aeabi_ldivmod.S.obj (.text.__aeabi_ldivmod)
                  000104a4    00000014                            : aeabi_uldivmod.S.obj (.text.__aeabi_uldivmod)
                  000104b8    00000012     driverlib.a : dl_uart.o (.text.DL_UART_setClockConfig)
                  000104ca    00000012     libc.a : copy_decompress_none.c.obj (.text:decompress:none)
                  000104dc    00000010     driverlib.a : dl_timer.o (.text.DL_Timer_setCaptureCompareValue)
                  000104ec    00000010     gimbal.o (.text.Gimbal_YawGetFeedback)
                  000104fc    00000010     key.o (.text.Key_GetEvent)
                  0001050c    00000010     libc.a : copy_zero_init.c.obj (.text:decompress:ZI)
                  0001051c    0000000c     car_controller.o (.text.CarController_GetRunMode)
                  00010528    0000000c     car_controller.o (.text.CarController_Init)
                  00010534    0000000c     car_controller.o (.text.CarController_IsSafetyHoldActive)
                  00010540    0000000c     car_state.o (.text.CarState_Get)
                  0001054c    0000000c     car_state.o (.text.CarState_Init)
                  00010558    0000000c     car_state.o (.text.CarState_Set)
                  00010564    0000000c     emergency_stop.o (.text.EmergencyStop_Init)
                  00010570    0000000c     emergency_stop.o (.text.EmergencyStop_IsActive)
                  0001057c    0000000c     imu.o (.text.Imu_GetCorrectedGyroZDps)
                  00010588    0000000c     imu.o (.text.Imu_GetYaw)
                  00010594    0000000c     magnet.o (.text.Magnet_IsOn)
                  000105a0    0000000c     menu.o (.text.Menu_GetPage)
                  000105ac    0000000c     menu.o (.text.Menu_GetParamItem)
                  000105b8    0000000c     mission_manager.o (.text.MissionManager_IsExternallyHeld)
                  000105c4    0000000c     mission_manager.o (.text.MissionManager_IsTransientAction)
                  000105d0    0000000c     mission_manager.o (.text.MissionManager_SetExternalHold)
                  000105dc    0000000c     obstacle_avoidance.o (.text.ObstacleAvoidance_IsActive)
                  000105e8    0000000c     obstacle_avoidance.o (.text.ObstacleAvoidance_IsFailed)
                  000105f4    0000000c     obstacle_safety.o (.text.ObstacleSafety_IsHolding)
                  00010600    0000000c     empty.o (.text.SystemTime_GetMs)
                  0001060c    0000000c     watchdog_monitor.o (.text.WatchdogMonitor_HasTripped)
                  00010618    0000000c     libclang_rt.builtins.a : aeabi_memset.S.obj (.text.__aeabi_memclr)
                  00010624    0000000a     driverlib.a : dl_common.o (.text.DL_Common_delayCycles)
                  0001062e    0000000a     track_sensor.o (.text.TrackSensor_IsCenterDetected)
                  00010638    0000000a     track_sensor.o (.text.TrackSensor_IsLineDetected)
                  00010642    0000000a     track_sensor.o (.text.TrackSensor_IsLineLost)
                  0001064c    00000008     bluetooth_uart.o (.text.BluetoothUart_GetRuntime)
                  00010654    00000008     car_controller.o (.text.CarController_GetFeedback)
                  0001065c    00000008     fault.o (.text.Fault_GetRecord)
                  00010664    00000008     gimbal_stepper.o (.text.GimbalStepper_GetFeedback)
                  0001066c    00000008     heading_control.o (.text.HeadingControl_GetRuntime)
                  00010674    00000008     imu.o (.text.Imu_GetRuntime)
                  0001067c    00000008     line_controller.o (.text.LineController_GetRuntime)
                  00010684    00000008     mission_manager.o (.text.MissionManager_GetMissionCount)
                  0001068c    00000008     mission_manager.o (.text.MissionManager_GetRuntime)
                  00010694    00000008     motion_action.o (.text.MotionAction_GetRuntime)
                  0001069c    00000008     motor_control.o (.text.MotorControl_GetRuntime)
                  000106a4    00000008     obstacle_avoidance.o (.text.ObstacleAvoidance_GetFeedback)
                  000106ac    00000008     obstacle_monitor.o (.text.ObstacleMonitor_GetFeedback)
                  000106b4    00000008     oled_ui.o (.text.OledUi_Init)
                  000106bc    00000008     runtime_snapshot.o (.text.RuntimeSnapshot_Get)
                  000106c4    00000008     servo.o (.text.Servo_GetFeedback)
                  000106cc    00000008     ultrasonic.o (.text.Ultrasonic_GetFeedback)
                  000106d4    00000008     vision_receiver.o (.text.VisionReceiver_GetStatus)
                  000106dc    00000008     vision_tuning_console.o (.text.VisionTuningConsole_GetStatus)
                  000106e4    00000008     watchdog_monitor.o (.text.WatchdogMonitor_GetStatus)
                  000106ec    00000008     wheel_speed_estimator.o (.text.WheelSpeedEstimator_GetRuntime)
                  000106f4    00000008     libclang_rt.builtins.a : aeabi_memcpy.S.obj (.text.__aeabi_memcpy)
                  000106fc    00000008                            : aeabi_memmove.S.obj (.text.__aeabi_memmove)
                  00010704    00000006     libc.a : exit.c.obj (.text:abort)
                  0001070a    00000004     libsysbm.a : hostexit.c.obj (.text.HOSTexit)
                  0001070e    00000004     mission_library.o (.text.MissionLibrary_GetCount)
                  00010712    00000004     obstacle_avoidance.o (.text.ObstacleAvoidance_IsResumeGraceActive)
                  00010716    00000004     startup_mspm0g350x_ticlang.o (.text.Reset_Handler)
                  0001071a    00000004     libc.a : pre_init.c.obj (.text._system_pre_init)
                  0001071e    00000002     --HOLE-- [fill = 0]

.cinit     0    000110d0    00000030     
                  000110d0    0000000c     (__TI_handler_table)
                  000110dc    00000008     (.cinit..bss.load) [load image, compression = zero_init]
                  000110e4    00000006     (.cinit..data.load) [load image, compression = lzss]
                  000110ea    00000002     --HOLE-- [fill = 0]
                  000110ec    00000010     (__TI_cinit_table)
                  000110fc    00000004     --HOLE-- [fill = 0]

.rodata    0    00010720    000009b0     
                  00010720    000000d8     oled.o (.rodata..Lswitch.table.OLED_PrintChar)
                  000107f8    00000048     mission_library.o (.rodata.g_missionCompetitionMain)
                  00010840    00000048     mission_library.o (.rodata.g_missionTestDistance20)
                  00010888    00000048     mission_library.o (.rodata.g_missionTestLine)
                  000108d0    00000048     mission_library.o (.rodata.g_missionTestTurn)
                  00010918    00000040     mission_library.o (.rodata.g_missionRegistry)
                  00010958    0000002c     oled_ui.o (.rodata..Lswitch.table.print_status_page)
                  00010984    00000028     car_controller.o (.rodata..Lswitch.table.CarController_RunModeToString)
                  000109ac    0000001c     menu.o (.rodata..Lswitch.table.Menu_ParamItemToString)
                  000109c8    0000001c     oled_ui.o (.rodata..Lswitch.table.OledUi_Update_20ms.115)
                  000109e4    0000001c     vision_tuning_console.o (.rodata.str1.1836208005852235077.1)
                  00010a00    00000018     car_state.o (.rodata..Lswitch.table.CarState_ToString)
                  00010a18    00000018     vision_pitch_tuning.o (.rodata..Lswitch.table.VisionPitchTuning_ParamName)
                  00010a30    00000018     oled_ui.o (.rodata..Lswitch.table.print_status_page.116)
                  00010a48    00000018     app.o (.rodata.str1.3926683289694998730.1)
                  00010a60    00000016     app.o (.rodata.str1.13719379709283632147.1)
                  00010a76    00000016     app.o (.rodata.str1.6937253152838018734.1)
                  00010a8c    00000015     app.o (.rodata.str1.13935281678674483141.1)
                  00010aa1    00000015     app.o (.rodata.str1.459633387597029752.1)
                  00010ab6    00000002     ti_msp_dl_config.o (.rodata.gUART_BLUETOOTHClockConfig)
                  00010ab8    00000014     vision_yaw_tuning.o (.rodata..Lswitch.table.VisionYawTuning_ParamName)
                  00010acc    00000014     oled_ui.o (.rodata..Lswitch.table.print_status_page.117)
                  00010ae0    00000014     app.o (.rodata.str1.13047991517565047521.1)
                  00010af4    00000013     app.o (.rodata.str1.11496703787469058505.1)
                  00010b07    00000012     app.o (.rodata.str1.13595109925716521204.1)
                  00010b19    00000012     app.o (.rodata.str1.6810515665389614968.1)
                  00010b2b    00000011     app.o (.rodata.str1.11849843482968746561.1)
                  00010b3c    00000011     app.o (.rodata.str1.5290328808575308624.1)
                  00010b4d    00000011     app.o (.rodata.str1.5950367083599167409.1)
                  00010b5e    00000011     app.o (.rodata.str1.6842359452639101718.1)
                  00010b6f    00000011     app.o (.rodata.str1.8951131030274028623.1)
                  00010b80    00000010     app.o (.rodata.str1.1155299426122084162.1)
                  00010b90    00000010     app.o (.rodata.str1.17399001118936924778.1)
                  00010ba0    0000000e     oled_ui.o (.rodata.str1.10416366799939242409.1)
                  00010bae    0000000e     app.o (.rodata.str1.6838489472292434579.1)
                  00010bbc    0000000d     app.o (.rodata.str1.4360399834097859481.1)
                  00010bc9    00000003     ti_msp_dl_config.o (.rodata.gPWM_MOTORClockConfig)
                  00010bcc    0000000c     oled_ui.o (.rodata..Lswitch.table.OledUi_Update_20ms)
                  00010bd8    0000000c     app.o (.rodata.str1.1203029987332226495.1)
                  00010be4    0000000c     app.o (.rodata.str1.2540114484728192048.1)
                  00010bf0    0000000c     app.o (.rodata.str1.300513063366140995.1)
                  00010bfc    0000000c     app.o (.rodata.str1.9736592238987147851.1)
                  00010c08    0000000b     app.o (.rodata.str1.1944712146988729081.1)
                  00010c13    00000001     --HOLE-- [fill = 0]
                  00010c14    0000000a     ti_msp_dl_config.o (.rodata.gUART_BLUETOOTHConfig)
                  00010c1e    0000000a     ti_msp_dl_config.o (.rodata.gUART_VISIONConfig)
                  00010c28    0000000a     oled_ui.o (.rodata.str1.12043213579996415112.1)
                  00010c32    0000000a     mission_library.o (.rodata.str1.13636476544574750902.1)
                  00010c3c    0000000a     mission_library.o (.rodata.str1.15668266851434757964.1)
                  00010c46    0000000a     mission_library.o (.rodata.str1.199678142196697465.1)
                  00010c50    0000000a     vision_tuning_console.o (.rodata.str1.4859846923128959820.1)
                  00010c5a    0000000a     vision_tuning_console.o (.rodata.str1.7225688704195888286.1)
                  00010c64    00000008     ti_msp_dl_config.o (.rodata.gPWM_MOTORConfig)
                  00010c6c    00000008     vision_tuning_console.o (.rodata.str1.11718269490974306969.1)
                  00010c74    00000008     oled_ui.o (.rodata.str1.17763996158807330232.1)
                  00010c7c    00000008     vision_tuning_console.o (.rodata.str1.3293472937029561918.1)
                  00010c84    00000008     oled_ui.o (.rodata.str1.9159586779647977165.1)
                  00010c8c    00000008     oled_ui.o (.rodata.str1.9611283282870761829.1)
                  00010c94    00000008     oled_ui.o (.rodata.str1.9646571805098343045.1)
                  00010c9c    00000007     app.o (.rodata.str1.10026493563230703648.1)
                  00010ca3    00000007     vision_tuning_console.o (.rodata.str1.10860306953068020798.1)
                  00010caa    00000007     app.o (.rodata.str1.14141965288680528547.1)
                  00010cb1    00000007     mission_library.o (.rodata.str1.1440970855772709381.1)
                  00010cb8    00000007     app.o (.rodata.str1.1796468832600293665.1)
                  00010cbf    00000007     mission_manager.o (.rodata.str1.378057020374253378.1)
                  00010cc6    00000007     oled_ui.o (.rodata.str1.7219546930854689545.1)
                  00010ccd    00000007     app.o (.rodata.str1.8682387830711593804.1)
                  00010cd4    00000006     oled_ui.o (.rodata.str1.10263419832828250601.1)
                  00010cda    00000006     vision_tuning_console.o (.rodata.str1.10319329813075420582.1)
                  00010ce0    00000006     app.o (.rodata.str1.10450196737795524526.1)
                  00010ce6    00000006     oled_ui.o (.rodata.str1.1108652269057166745.1)
                  00010cec    00000006     app.o (.rodata.str1.11879963978103418143.1)
                  00010cf2    00000006     oled_ui.o (.rodata.str1.1445687256832830955.1)
                  00010cf8    00000006     app.o (.rodata.str1.15806209423872462041.1)
                  00010cfe    00000006     oled_ui.o (.rodata.str1.16526439943277383452.1)
                  00010d04    00000006     oled_ui.o (.rodata.str1.16635595130967924751.1)
                  00010d0a    00000006     car_state.o (.rodata.str1.1675797584173499143.1)
                  00010d10    00000006     oled_ui.o (.rodata.str1.17540787658903907660.1)
                  00010d16    00000006     oled_ui.o (.rodata.str1.2308938766145545715.1)
                  00010d1c    00000006     oled_ui.o (.rodata.str1.240075016795266086.1)
                  00010d22    00000006     app.o (.rodata.str1.2606929252065540862.1)
                  00010d28    00000006     app.o (.rodata.str1.2636138999981784935.1)
                  00010d2e    00000006     vision_tuning_console.o (.rodata.str1.4028100529439820245.1)
                  00010d34    00000006     car_state.o (.rodata.str1.41590466491370331.1)
                  00010d3a    00000006     car_controller.o (.rodata.str1.5475209154116713896.1)
                  00010d40    00000006     app.o (.rodata.str1.7777424699149452427.1)
                  00010d46    00000006     oled_ui.o (.rodata.str1.8236579331345056500.1)
                  00010d4c    00000006     oled_ui.o (.rodata.str1.9584387800903135389.1)
                  00010d52    00000005     motion_action.o (.rodata..Lswitch.table.MotionAction_Update_20ms)
                  00010d57    00000005     oled.o (.rodata.oled_get_glyph.colon)
                  00010d5c    00000005     oled.o (.rodata.oled_get_glyph.eight)
                  00010d61    00000005     oled.o (.rodata.oled_get_glyph.five)
                  00010d66    00000005     oled.o (.rodata.oled_get_glyph.four)
                  00010d6b    00000005     oled.o (.rodata.oled_get_glyph.glyphA)
                  00010d70    00000005     oled.o (.rodata.oled_get_glyph.glyphB)
                  00010d75    00000005     oled.o (.rodata.oled_get_glyph.glyphC)
                  00010d7a    00000005     oled.o (.rodata.oled_get_glyph.glyphD)
                  00010d7f    00000005     oled.o (.rodata.oled_get_glyph.glyphE)
                  00010d84    00000005     oled.o (.rodata.oled_get_glyph.glyphF)
                  00010d89    00000005     oled.o (.rodata.oled_get_glyph.glyphG)
                  00010d8e    00000005     oled.o (.rodata.oled_get_glyph.glyphH)
                  00010d93    00000005     oled.o (.rodata.oled_get_glyph.glyphI)
                  00010d98    00000005     oled.o (.rodata.oled_get_glyph.glyphK)
                  00010d9d    00000005     oled.o (.rodata.oled_get_glyph.glyphL)
                  00010da2    00000005     oled.o (.rodata.oled_get_glyph.glyphM)
                  00010da7    00000005     oled.o (.rodata.oled_get_glyph.glyphN)
                  00010dac    00000005     oled.o (.rodata.oled_get_glyph.glyphO)
                  00010db1    00000005     oled.o (.rodata.oled_get_glyph.glyphP)
                  00010db6    00000005     oled.o (.rodata.oled_get_glyph.glyphR)
                  00010dbb    00000005     oled.o (.rodata.oled_get_glyph.glyphS)
                  00010dc0    00000005     oled.o (.rodata.oled_get_glyph.glyphT)
                  00010dc5    00000005     oled.o (.rodata.oled_get_glyph.glyphU)
                  00010dca    00000005     oled.o (.rodata.oled_get_glyph.glyphV)
                  00010dcf    00000005     oled.o (.rodata.oled_get_glyph.glyphW)
                  00010dd4    00000005     oled.o (.rodata.oled_get_glyph.glyphX)
                  00010dd9    00000005     oled.o (.rodata.oled_get_glyph.glyphY)
                  00010dde    00000005     oled.o (.rodata.oled_get_glyph.glyphb)
                  00010de3    00000005     oled.o (.rodata.oled_get_glyph.gt)
                  00010de8    00000005     oled.o (.rodata.oled_get_glyph.minus)
                  00010ded    00000005     oled.o (.rodata.oled_get_glyph.nine)
                  00010df2    00000005     oled.o (.rodata.oled_get_glyph.one)
                  00010df7    00000005     oled.o (.rodata.oled_get_glyph.seven)
                  00010dfc    00000005     oled.o (.rodata.oled_get_glyph.six)
                  00010e01    00000005     oled.o (.rodata.oled_get_glyph.space)
                  00010e06    00000005     oled.o (.rodata.oled_get_glyph.three)
                  00010e0b    00000005     oled.o (.rodata.oled_get_glyph.two)
                  00010e10    00000005     oled.o (.rodata.oled_get_glyph.zero)
                  00010e15    00000005     oled_ui.o (.rodata.str1.12182588061437138428.1)
                  00010e1a    00000005     app.o (.rodata.str1.12441497784875596899.1)
                  00010e1f    00000005     car_controller.o (.rodata.str1.12442237994239546032.1)
                  00010e24    00000005     oled_ui.o (.rodata.str1.12697925274637991987.1)
                  00010e29    00000005     oled_ui.o (.rodata.str1.13567883086814673087.1)
                  00010e2e    00000005     oled_ui.o (.rodata.str1.13790669171379415506.1)
                  00010e33    00000005     oled_ui.o (.rodata.str1.13871579367539052597.1)
                  00010e38    00000005     vision_pitch_tuning.o (.rodata.str1.13915893147848268398.1)
                  00010e3d    00000005     oled_ui.o (.rodata.str1.14358698208395374265.1)
                  00010e42    00000005     fault.o (.rodata.str1.14435905801345341244.1)
                  00010e47    00000005     oled_ui.o (.rodata.str1.14711868471336838103.1)
                  00010e4c    00000005     fault.o (.rodata.str1.1506612114648992996.1)
                  00010e51    00000005     oled_ui.o (.rodata.str1.15613891207764622616.1)
                  00010e56    00000005     oled_ui.o (.rodata.str1.15817398807211891688.1)
                  00010e5b    00000005     oled_ui.o (.rodata.str1.16290499236105125126.1)
                  00010e60    00000005     oled_ui.o (.rodata.str1.16411631209783952401.1)
                  00010e65    00000005     car_controller.o (.rodata.str1.1652194605229746967.1)
                  00010e6a    00000005     app.o (.rodata.str1.16810183106006904764.1)
                  00010e6f    00000005     oled_ui.o (.rodata.str1.16931641404301806744.1)
                  00010e74    00000005     oled_ui.o (.rodata.str1.16939060351352778619.1)
                  00010e79    00000005     fault.o (.rodata.str1.17097894860660336008.1)
                  00010e7e    00000005     fault.o (.rodata.str1.17155043670132108083.1)
                  00010e83    00000005     vision_tuning_console.o (.rodata.str1.17265544270347038021.1)
                  00010e88    00000005     oled_ui.o (.rodata.str1.17464849429964608858.1)
                  00010e8d    00000005     oled_ui.o (.rodata.str1.17763087492223448992.1)
                  00010e92    00000005     oled_ui.o (.rodata.str1.1974573040514735405.1)
                  00010e97    00000005     fault.o (.rodata.str1.2104670281202025270.1)
                  00010e9c    00000005     oled_ui.o (.rodata.str1.2522137003438374266.1)
                  00010ea1    00000005     app.o (.rodata.str1.2568190970272041647.1)
                  00010ea6    00000005     oled_ui.o (.rodata.str1.2742282290834473644.1)
                  00010eab    00000005     oled_ui.o (.rodata.str1.2983744876309220570.1)
                  00010eb0    00000005     app.o (.rodata.str1.3437893941128827834.1)
                  00010eb5    00000005     oled_ui.o (.rodata.str1.3467953211977455017.1)
                  00010eba    00000005     app.o (.rodata.str1.3543938948723267646.1)
                  00010ebf    00000005     oled_ui.o (.rodata.str1.3702290527496711532.1)
                  00010ec4    00000005     car_controller.o (.rodata.str1.4164979912472006574.1)
                  00010ec9    00000005     fault.o (.rodata.str1.4453281041433270631.1)
                  00010ece    00000005     fault.o (.rodata.str1.4549004730087743662.1)
                  00010ed3    00000005     oled_ui.o (.rodata.str1.4581472623415959594.1)
                  00010ed8    00000005     oled_ui.o (.rodata.str1.4610220316623841660.1)
                  00010edd    00000005     car_controller.o (.rodata.str1.4850163232891874878.1)
                  00010ee2    00000005     menu.o (.rodata.str1.4862307748908978627.1)
                  00010ee7    00000005     app.o (.rodata.str1.5602021903949372904.1)
                  00010eec    00000005     app.o (.rodata.str1.5697808172495890429.1)
                  00010ef1    00000005     fault.o (.rodata.str1.6372787129294360447.1)
                  00010ef6    00000005     fault.o (.rodata.str1.6437946768974223044.1)
                  00010efb    00000005     car_controller.o (.rodata.str1.702403006289709404.1)
                  00010f00    00000005     oled_ui.o (.rodata.str1.7419768602719733415.1)
                  00010f05    00000005     vision_yaw_tuning.o (.rodata.str1.7764041101441114269.1)
                  00010f0a    00000005     oled_ui.o (.rodata.str1.7774807581888385879.1)
                  00010f0f    00000005     oled_ui.o (.rodata.str1.8124536758062367015.1)
                  00010f14    00000005     app.o (.rodata.str1.8149634197813164057.1)
                  00010f19    00000005     fault.o (.rodata.str1.8185770893384132067.1)
                  00010f1e    00000005     car_state.o (.rodata.str1.8223341253983108753.1)
                  00010f23    00000005     oled_ui.o (.rodata.str1.8399051469953744892.1)
                  00010f28    00000005     oled_ui.o (.rodata.str1.8403269972884532600.1)
                  00010f2d    00000005     oled_ui.o (.rodata.str1.8426569189266129334.1)
                  00010f32    00000005     oled_ui.o (.rodata.str1.8460525935980491721.1)
                  00010f37    00000005     oled_ui.o (.rodata.str1.8693388333057100694.1)
                  00010f3c    00000005     car_state.o (.rodata.str1.8698975129455933903.1)
                  00010f41    00000005     oled_ui.o (.rodata.str1.8950259614286592359.1)
                  00010f46    00000005     oled_ui.o (.rodata.str1.9102528229756940648.1)
                  00010f4b    00000005     oled_ui.o (.rodata.str1.9295666102996717355.1)
                  00010f50    00000005     oled_ui.o (.rodata.str1.9351772214919528733.1)
                  00010f55    00000005     oled_ui.o (.rodata.str1.9822857334037886482.1)
                  00010f5a    00000005     car_controller.o (.rodata.str1.9981487771679760427.1)
                  00010f5f    00000004     oled_ui.o (.rodata.str1.10077435089618835710.1)
                  00010f63    00000004     oled_ui.o (.rodata.str1.1019225241002246410.1)
                  00010f67    00000004     oled_ui.o (.rodata.str1.10430294223631918979.1)
                  00010f6b    00000004     oled_ui.o (.rodata.str1.10568433575767188072.1)
                  00010f6f    00000004     app.o (.rodata.str1.10678445697442035063.1)
                  00010f73    00000004     oled_ui.o (.rodata.str1.11232419324784801130.1)
                  00010f77    00000004     oled_ui.o (.rodata.str1.11428648044669318875.1)
                  00010f7b    00000004     menu.o (.rodata.str1.12110183915172842339.1)
                  00010f7f    00000004     oled_ui.o (.rodata.str1.12493748764729730277.1)
                  00010f83    00000004     oled_ui.o (.rodata.str1.12617122458660443890.1)
                  00010f87    00000004     car_controller.o (.rodata.str1.12661897076542654461.1)
                  00010f8b    00000004     oled_ui.o (.rodata.str1.12928245060369742404.1)
                  00010f8f    00000004     oled_ui.o (.rodata.str1.12983537867572525563.1)
                  00010f93    00000004     oled_ui.o (.rodata.str1.13244290092665904221.1)
                  00010f97    00000004     fault.o (.rodata.str1.13582094816268305212.1)
                  00010f9b    00000004     oled_ui.o (.rodata.str1.13882251010780863896.1)
                  00010f9f    00000004     car_state.o (.rodata.str1.13986535679874659196.1)
                  00010fa3    00000004     vision_tuning_console.o (.rodata.str1.14084955404328172175.1)
                  00010fa7    00000004     oled_ui.o (.rodata.str1.14134189893851348960.1)
                  00010fab    00000004     oled_ui.o (.rodata.str1.14521350379984854626.1)
                  00010faf    00000004     oled_ui.o (.rodata.str1.15008238333949226094.1)
                  00010fb3    00000004     oled_ui.o (.rodata.str1.15575624326185233262.1)
                  00010fb7    00000004     oled_ui.o (.rodata.str1.15577080202403550426.1)
                  00010fbb    00000004     oled_ui.o (.rodata.str1.15802367878353263018.1)
                  00010fbf    00000004     oled_ui.o (.rodata.str1.15829239520183577662.1)
                  00010fc3    00000004     oled_ui.o (.rodata.str1.15935041339501476673.1)
                  00010fc7    00000004     menu.o (.rodata.str1.16312125044762562515.1)
                  00010fcb    00000004     fault.o (.rodata.str1.16482347271627360806.1)
                  00010fcf    00000004     oled_ui.o (.rodata.str1.16554583589798097927.1)
                  00010fd3    00000004     vision_pitch_tuning.o (.rodata.str1.16579632732967443104.1)
                  00010fd7    00000004     oled_ui.o (.rodata.str1.16849766574302683489.1)
                  00010fdb    00000004     menu.o (.rodata.str1.17041139162815566052.1)
                  00010fdf    00000004     car_controller.o (.rodata.str1.17172356789460551389.1)
                  00010fe3    00000004     oled_ui.o (.rodata.str1.17274519358952562110.1)
                  00010fe7    00000004     car_controller.o (.rodata.str1.18191498530309206443.1)
                  00010feb    00000004     oled_ui.o (.rodata.str1.18266126048138325213.1)
                  00010fef    00000004     oled_ui.o (.rodata.str1.18379317056176403938.1)
                  00010ff3    00000004     oled_ui.o (.rodata.str1.2656948373757303877.1)
                  00010ff7    00000004     oled_ui.o (.rodata.str1.270145429241168923.1)
                  00010ffb    00000004     oled_ui.o (.rodata.str1.3407221357956504873.1)
                  00010fff    00000004     oled_ui.o (.rodata.str1.3455423528827705371.1)
                  00011003    00000004     car_state.o (.rodata.str1.3601627812925153765.1)
                  00011007    00000004     oled_ui.o (.rodata.str1.4402311448527872260.1)
                  0001100b    00000004     oled_ui.o (.rodata.str1.4581686099848791648.1)
                  0001100f    00000004     oled_ui.o (.rodata.str1.4582914374586912483.1)
                  00011013    00000004     oled_ui.o (.rodata.str1.5004483696121082904.1)
                  00011017    00000004     app.o (.rodata.str1.5135238925662358659.1)
                  0001101b    00000004     oled_ui.o (.rodata.str1.5853739094453432564.1)
                  0001101f    00000004     oled_ui.o (.rodata.str1.5965450730569173784.1)
                  00011023    00000004     oled_ui.o (.rodata.str1.5965888106848176421.1)
                  00011027    00000004     oled_ui.o (.rodata.str1.6806727740681590176.1)
                  0001102b    00000004     menu.o (.rodata.str1.6857549598058878762.1)
                  0001102f    00000004     oled_ui.o (.rodata.str1.6954814719705590448.1)
                  00011033    00000004     oled_ui.o (.rodata.str1.7185587941321649510.1)
                  00011037    00000004     fault.o (.rodata.str1.7255546073596598018.1)
                  0001103b    00000004     oled_ui.o (.rodata.str1.8018480777946742726.1)
                  0001103f    00000004     oled_ui.o (.rodata.str1.8471462185882660445.1)
                  00011043    00000004     oled_ui.o (.rodata.str1.8783421139296713095.1)
                  00011047    00000004     car_controller.o (.rodata.str1.9234375891235759983.1)
                  0001104b    00000004     vision_tuning_console.o (.rodata.str1.9292707793305368794.1)
                  0001104f    00000004     vision_yaw_tuning.o (.rodata.str1.9489746196023004463.1)
                  00011053    00000004     oled_ui.o (.rodata.str1.967006512144173535.1)
                  00011057    00000004     oled_ui.o (.rodata.str1.9854382722193312766.1)
                  0001105b    00000003     app.o (.rodata.str1.10250497020811341304.1)
                  0001105e    00000003     oled_ui.o (.rodata.str1.10509309789429088155.1)
                  00011061    00000003     vision_pitch_tuning.o (.rodata.str1.10553819018306626402.1)
                  00011064    00000003     vision_tuning_console.o (.rodata.str1.12197883643583142124.1)
                  00011067    00000003     oled_ui.o (.rodata.str1.130772507669342127.1)
                  0001106a    00000003     menu.o (.rodata.str1.13124720451672825294.1)
                  0001106d    00000003     app.o (.rodata.str1.13152753855131087754.1)
                  00011070    00000003     menu.o (.rodata.str1.14098755746347272832.1)
                  00011073    00000003     oled_ui.o (.rodata.str1.14556837007311414654.1)
                  00011076    00000003     oled_ui.o (.rodata.str1.14740362735394205067.1)
                  00011079    00000003     oled_ui.o (.rodata.str1.14774750633985060196.1)
                  0001107c    00000003     vision_pitch_tuning.o (.rodata.str1.15082469624955958926.1)
                  0001107f    00000003     oled_ui.o (.rodata.str1.15132332204781002199.1)
                  00011082    00000003     app.o (.rodata.str1.15213098692428571688.1)
                  00011085    00000003     vision_yaw_tuning.o (.rodata.str1.15455206247194842411.1)
                  00011088    00000003     oled_ui.o (.rodata.str1.15859922799842739878.1)
                  0001108b    00000003     vision_tuning_console.o (.rodata.str1.16336339630363933256.1)
                  0001108e    00000003     app.o (.rodata.str1.16845902142436992655.1)
                  00011091    00000003     oled_ui.o (.rodata.str1.16895433903389883335.1)
                  00011094    00000003     vision_pitch_tuning.o (.rodata.str1.17185918124541117546.1)
                  00011097    00000003     oled_ui.o (.rodata.str1.17812014771544466701.1)
                  0001109a    00000003     oled_ui.o (.rodata.str1.17884296644359297425.1)
                  0001109d    00000003     vision_pitch_tuning.o (.rodata.str1.18308346119964257230.1)
                  000110a0    00000003     oled_ui.o (.rodata.str1.2193316011307952170.1)
                  000110a3    00000003     vision_pitch_tuning.o (.rodata.str1.2353024170771920291.1)
                  000110a6    00000003     oled_ui.o (.rodata.str1.2603845803395459882.1)
                  000110a9    00000003     oled_ui.o (.rodata.str1.2608729314174233125.1)
                  000110ac    00000003     oled_ui.o (.rodata.str1.3025253791635144717.1)
                  000110af    00000003     vision_yaw_tuning.o (.rodata.str1.4032468970572441659.1)
                  000110b2    00000003     app.o (.rodata.str1.4454204961402941108.1)
                  000110b5    00000003     menu.o (.rodata.str1.4646809750356241979.1)
                  000110b8    00000003     vision_yaw_tuning.o (.rodata.str1.6393086909333857079.1)
                  000110bb    00000003     vision_yaw_tuning.o (.rodata.str1.6657421771701333087.1)
                  000110be    00000003     fault.o (.rodata.str1.8193046109637024842.1)
                  000110c1    00000003     oled_ui.o (.rodata.str1.9229350655415085.1)
                  000110c4    00000003     oled_ui.o (.rodata.str1.9544068167406571052.1)
                  000110c7    00000002     ti_msp_dl_config.o (.rodata.gUART_VISIONClockConfig)
                  000110c9    00000002     oled_ui.o (.rodata.str1.15917848551323629232.1)
                  000110cb    00000005     --HOLE-- [fill = 0]

.init_array 
*          0    00000000    00000000     UNINITIALIZED

.binit     0    00000000    00000000     

.bss       0    20200000    0000127b     UNINITIALIZED
                  20200000    00000400     oled.o (.bss.g_oledFrame)
                  20200400    00000200     vision_receiver.o (.bss.g_ring)
                  20200600    000001c8     runtime_snapshot.o (.bss.g_snapshot)
                  202007c8    00000110     (.common:g_appConfig)
                  202008d8    00000100     vision_tuning_console.o (.bss.g_rxRing)
                  202009d8    00000100     bluetooth_uart.o (.bss.g_txRing)
                  20200ad8    00000100     vision_tuning_console.o (.bss.g_txRing)
                  20200bd8    00000084     (.common:g_imuRuntime)
                  20200c5c    00000080     bluetooth_uart.o (.bss.g_rxRing)
                  20200cdc    0000007c     motor_control.o (.bss.g_runtime)
                  20200d58    0000006c     (.common:g_appRuntime)
                  20200dc4    00000058     vision_receiver.o (.bss.g_status)
                  20200e1c    00000004     imu.o (.bss.g_elapsedSinceValidSampleMs)
                  20200e20    00000058     (.common:g_wheelSpeedEstimatorRuntime)
                  20200e78    00000040     gimbal.o (.bss.g_feedback)
                  20200eb8    00000040     vision_tuning_console.o (.bss.g_line)
                  20200ef8    00000040     line_controller.o (.bss.g_lineRuntime)
                  20200f38    00000040     app.o (.bss.g_remoteLine)
                  20200f78    00000030     mission_manager.o (.bss.g_transientActions)
                  20200fa8    00000030     (.common:gUART_VISIONBackup)
                  20200fd8    0000002c     vision_receiver.o (.bss.g_observation)
                  20201004    0000002c     empty.o (.bss.g_schedulerStats)
                  20201030    00000028     vision_receiver.o (.bss.g_frame)
                  20201058    00000020     bluetooth_uart.o (.bss.g_runtime)
                  20201078    0000001c     mission_manager.o (.bss.g_missionRuntime)
                  20201094    0000001c     (.common:g_headingRuntime)
                  202010b0    00000018     obstacle_avoidance.o (.bss.g_avoidFeedback)
                  202010c8    00000018     gimbal_stepper.o (.bss.g_feedback)
                  202010e0    00000018     vision_pitch_tuning.o (.bss.g_status)
                  202010f8    00000018     vision_tuning_console.o (.bss.g_status)
                  20201110    00000014     motion_action.o (.bss.g_motionActionRuntime)
                  20201124    00000004     debug_telemetry.o (.bss.g_lastFrameMs)
                  20201128    00000014     vision_yaw_tuning.o (.bss.g_status)
                  2020113c    00000014     watchdog_monitor.o (.bss.g_status)
                  20201150    00000010     fault.o (.bss.g_faultRecord)
                  20201160    00000010     motor.o (.bss.g_motorRuntime)
                  20201170    00000010     mission_manager.o (.bss.g_transientDefinition)
                  20201180    0000000e     car_controller.o (.bss.g_carControllerFeedback)
                  2020118e    00000002     ultrasonic.o (.bss.g_echoTicks)
                  20201190    0000000e     ultrasonic.o (.bss.g_ultrasonicFeedback)
                  2020119e    00000002     vision_receiver.o (.bss.g_ringHead)
                  202011a0    0000000c     magnet.o (.bss.g_runtime)
                  202011ac    0000000c     debug_telemetry.o (.bss.g_status)
                  202011b8    00000008     obstacle_monitor.o (.bss.g_obstacleFeedback)
                  202011c0    00000008     gimbal.o (.bss.g_yawContinuousDegX10)
                  202011c8    00000008     gimbal.o (.bss.g_yawLockedWorldYawDegX10)
                  202011d0    00000008     gimbal.o (.bss.g_yawTargetContinuousDegX10)
                  202011d8    00000008     gimbal.o (.bss.g_yawWorldTargetDegX10)
                  202011e0    00000008     gimbal.o (.bss.g_yawWrappedDegX10)
                  202011e8    00000006     ultrasonic.o (.bss.g_distanceSamples)
                  202011ee    00000006     key.o (.bss.g_key1)
                  202011f4    00000006     key.o (.bss.g_key2)
                  202011fa    00000006     key.o (.bss.g_key3)
                  20201200    00000004     watchdog_monitor.o (.bss.g_lastTickMs)
                  20201204    00000004     wheel_speed_estimator.o (.bss.g_latchedErrorFlags)
                  20201208    00000004     empty.o (.bss.g_localTimeMs)
                  2020120c    00000004     encoder.o (.bss.g_motorAPulses)
                  20201210    00000004     encoder.o (.bss.g_motorBPulses)
                  20201214    00000004     imu.o (.bss.g_previousValidCorrectedGyroZDps)
                  20201218    00000004     app.o (.bss.g_remoteActionStartMs)
                  2020121c    00000004     mission_manager.o (.bss.g_selectedDefinition)
                  20201220    00000004     servo.o (.bss.g_servoFeedback)
                  20201224    00000004     gimbal.o (.bss.g_yawCommandedRpm)
                  20201228    00000004     gimbal.o (.bss.g_yawTargetRpm)
                  2020122c    00000004     empty.o (.bss.main.lastAppUpdateMs)
                  20201230    00000002     vision_receiver.o (.bss.g_ringTail)
                  20201232    00000002     bluetooth_uart.o (.bss.g_rxHead)
                  20201234    00000002     vision_tuning_console.o (.bss.g_rxHead)
                  20201236    00000002     bluetooth_uart.o (.bss.g_rxTail)
                  20201238    00000002     vision_tuning_console.o (.bss.g_rxTail)
                  2020123a    00000002     servo.o (.bss.g_servoPwmPhase)
                  2020123c    00000002     ultrasonic.o (.bss.g_stateTicks)
                  2020123e    00000002     bluetooth_uart.o (.bss.g_txHead)
                  20201240    00000002     vision_tuning_console.o (.bss.g_txHead)
                  20201242    00000002     bluetooth_uart.o (.bss.g_txTail)
                  20201244    00000002     vision_tuning_console.o (.bss.g_txTail)
                  20201246    00000002     (.common:g_trackError)
                  20201248    00000001     oled_ui.o (.bss.OledUi_Update_20ms.flushRow)
                  20201249    00000001     oled_ui.o (.bss.OledUi_Update_20ms.refreshDivider)
                  2020124a    00000001     empty.o (.bss.SysTick_Handler.controlMsCount)
                  2020124b    00000001     empty.o (.bss.SysTick_Handler.tick100usCount)
                  2020124c    00000001     ultrasonic.o (.bss.Ultrasonic_Update_20ms.triggerDivider)
                  2020124d    00000001     empty.o (.bss.g_appUpdatePending)
                  2020124e    00000001     vision_tuning_console.o (.bss.g_capturing)
                  2020124f    00000001     car_state.o (.bss.g_carState)
                  20201250    00000001     obstacle_monitor.o (.bss.g_centerSettleTicks)
                  20201251    00000001     vision_tuning_console.o (.bss.g_commandTarget)
                  20201252    00000001     ultrasonic.o (.bss.g_distanceSampleCount)
                  20201253    00000001     ultrasonic.o (.bss.g_distanceSampleIndex)
                  20201254    00000001     emergency_stop.o (.bss.g_emergencyStopActive)
                  20201255    00000001     watchdog_monitor.o (.bss.g_faultApplied)
                  20201256    00000001     watchdog_monitor.o (.bss.g_faultPending)
                  20201257    00000001     vision_receiver.o (.bss.g_frameSize)
                  20201258    00000001     imu.o (.bss.g_integrationHistoryValid)
                  20201259    00000001     wheel_speed_estimator.o (.bss.g_leftFilterInitialized)
                  2020125a    00000001     vision_tuning_console.o (.bss.g_lineSize)
                  2020125b    00000001     obstacle_safety.o (.bss.g_obstacleSafetyHolding)
                  2020125c    00000001     oled.o (.bss.g_oledColumn)
                  2020125d    00000001     menu.o (.bss.g_oledPage)
                  2020125e    00000001     oled.o (.bss.g_oledPage)
                  2020125f    00000001     encoder.o (.bss.g_overflowFlags)
                  20201260    00000001     menu.o (.bss.g_paramItem)
                  20201261    00000001     menu.o (.bss.g_paramReturnPage)
                  20201262    00000001     key.o (.bss.g_pendingEvent)
                  20201263    00000001     vision_tuning_console.o (.bss.g_prefixIndex)
                  20201264    00000001     vision_tuning_console.o (.bss.g_prefixTarget)
                  20201265    00000001     app.o (.bss.g_remoteAction)
                  20201266    00000001     app.o (.bss.g_remoteDiscardLine)
                  20201267    00000001     app.o (.bss.g_remoteLineLength)
                  20201268    00000001     wheel_speed_estimator.o (.bss.g_rightFilterInitialized)
                  20201269    00000001     car_controller.o (.bss.g_safetyHold)
                  2020126a    00000001     imu.o (.bss.g_shortGapPending)
                  2020126b    00000001     motor_control.o (.bss.g_targetRefreshed)
                  2020126c    00000001     mission_manager.o (.bss.g_transientActionActive)
                  2020126d    00000001     ultrasonic.o (.bss.g_triggerRequest)
                  2020126e    00000001     ultrasonic.o (.bss.g_ultrasonicState)
                  2020126f    00000001     gimbal.o (.bss.g_yawLimitClamped)
                  20201270    00000001     gimbal.o (.bss.g_yawLimitDirection)
                  20201271    00000001     gimbal.o (.bss.g_yawPositionValid)
                  20201272    00000001     gimbal.o (.bss.g_yawWorldLockEnabled)
                  20201273    00000001     (.common:g_carStateDebug)
                  20201274    00000001     (.common:g_keyEvent)
                  20201275    00000001     (.common:g_oledPageDebug)
                  20201276    00000001     (.common:g_paramItemDebug)
                  20201277    00000001     (.common:g_trackBlackCount)
                  20201278    00000001     (.common:g_trackModeDebug)
                  20201279    00000001     (.common:g_trackRaw)
                  2020127a    00000001     (.common:g_trackTurnDebug)

.data      0    2020127b    00000002     UNINITIALIZED
                  2020127b    00000001     car_controller.o (.data.g_followTurnPolicy)
                  2020127c    00000001     app.o (.data.g_remoteGear)

.stack     0    20207e00    00000200     UNINITIALIZED
                  20207e00    00000004     libc.a : boot_cortex_m.c.obj (.stack)
                  20207e04    000001fc     --HOLE--

__llvm_prf_cnts 
*          0    20200000    00000000     UNINITIALIZED

__llvm_prf_bits 
*          0    20200000    00000000     UNINITIALIZED

MODULE SUMMARY

       Module                         code    ro data   rw data
       ------                         ----    -------   -------
    .\
       oled_ui.o                      10548   657       2      
       vision_tuning_console.o        9616    102       613    
       app.o                          9244    515       82     
       car_controller.o               4360    92        124    
       imu.o                          4252    0         142    
       oled.o                         2006    406       1026   
       motor_control.o                2768    0         125    
       app_config.o                   2144    0         272    
       line_controller.o              2196    0         64     
       vision_receiver.o              1072    0         689    
       mission_manager.o              1556    7         97     
       runtime_snapshot.o             1192    0         456    
       bluetooth_uart.o               1134    0         424    
       motion_action.o                1368    5         20     
       wheel_speed_estimator.o        1292    0         94     
       gimbal.o                       896     0         116    
       mission_library.o              560     389       0      
       ti_msp_dl_config.o             760     35        48     
       motor.o                        776     0         16     
       menu.o                         704     58        3      
       vision_protocol.o              732     0         0      
       ultrasonic.o                   596     0         29     
       empty.o                        408     0         55     
       key.o                          436     0         19     
       fault.o                        312     65        16     
       track_sensor.o                 372     0         0      
       heading_control.o              340     0         28     
       watchdog_monitor.o             308     0         26     
       vision_pitch_tuning.o          260     48        24     
       vision_yaw_tuning.o            248     41        20     
       encoder.o                      276     0         9      
       obstacle_safety.o              272     0         1      
       obstacle_monitor.o             192     0         9      
       startup_mspm0g350x_ticlang.o   6       192       0      
       angle_utils.o                  192     0         0      
       emergency_stop.o               188     0         1      
       magnet.o                       176     0         12     
       servo.o                        176     0         6      
       vision_uart.o                  164     0         0      
       car_state.o                    60      54        1      
       obstacle_avoidance.o           62      0         24     
       debug_telemetry.o              56      0         16     
       gimbal_stepper.o               8       0         24     
    +--+------------------------------+-------+---------+---------+
       Total:                         64284   2666      4733   
                                                               
    C:/TI/mspm0_sdk_2_05_01_00/source/ti/driverlib/lib/ticlang/m0p/mspm0g1x0x_g3x0x/driverlib.a
       dl_timer.o                     388     0         0      
       dl_uart.o                      90      0         0      
       dl_common.o                    10      0         0      
    +--+------------------------------+-------+---------+---------+
       Total:                         488     0         0      
                                                               
    D:\TI\CCS\ccs\tools\compiler\ti-cgt-armllvm_4.0.4.LTS\lib\armv6m-ti-none-eabi/c/libc.a
       memcpy16.S.obj                 154     0         0      
       strcmp-armv6m.S.obj            136     0         0      
       copy_decompress_lzss.c.obj     124     0         0      
       memset16.S.obj                 98      0         0      
       autoinit.c.obj                 60      0         0      
       boot_cortex_m.c.obj            40      0         0      
       memmov.c.obj                   40      0         0      
       copy_decompress_none.c.obj     18      0         0      
       copy_zero_init.c.obj           16      0         0      
       exit.c.obj                     6       0         0      
       pre_init.c.obj                 4       0         0      
    +--+------------------------------+-------+---------+---------+
       Total:                         696     0         0      
                                                               
    D:\TI\CCS\ccs\tools\compiler\ti-cgt-armllvm_4.0.4.LTS\lib\armv6m-ti-none-eabi/c/libsysbm.a
       hostexit.c.obj                 4       0         0      
    +--+------------------------------+-------+---------+---------+
       Total:                         4       0         0      
                                                               
    D:\TI\CCS\ccs\tools\compiler\ti-cgt-armllvm_4.0.4.LTS\lib\armv6m-ti-none-eabi/libclang_rt.builtins.a
       addsf3.S.obj                   216     0         0      
       udivmoddi4.S.obj               162     0         0      
       comparesf2.S.obj               140     0         0      
       mulsf3.S.obj                   140     0         0      
       divsf3.S.obj                   130     0         0      
       aeabi_fcmp.S.obj               98      0         0      
       fixsfdi.S.obj                  96      0         0      
       aeabi_idivmod.S.obj            86      0         0      
       floatdisf.S.obj                78      0         0      
       aeabi_uidivmod.S.obj           64      0         0      
       divmoddi4.c.obj                62      0         0      
       floatsisf.S.obj                60      0         0      
       muldsi3.S.obj                  58      0         0      
       fixsfsi.S.obj                  56      0         0      
       fixunssfsi.S.obj               50      0         0      
       floatunsisf.S.obj              40      0         0      
       muldi3.S.obj                   36      0         0      
       ashldi3.S.obj                  30      0         0      
       aeabi_ldivmod.S.obj            20      0         0      
       aeabi_uldivmod.S.obj           20      0         0      
       aeabi_memset.S.obj             12      0         0      
       aeabi_memcpy.S.obj             8       0         0      
       aeabi_memmove.S.obj            8       0         0      
       aeabi_div0.c.obj               4       0         0      
    +--+------------------------------+-------+---------+---------+
       Total:                         1674    0         0      
                                                               
       Stack:                         0       0         512    
       Linker Generated:              0       42        0      
    +--+------------------------------+-------+---------+---------+
       Grand Total:                   67146   2708      5245   


LINKER GENERATED COPY TABLES

__TI_cinit_table @ 000110ec records: 2, size/record: 8, table size: 16
	.bss: load addr=000110dc, load size=00000008 bytes, run addr=20200000, run size=0000127b bytes, compression=zero_init
	.data: load addr=000110e4, load size=00000006 bytes, run addr=2020127b, run size=00000002 bytes, compression=lzss


LINKER GENERATED HANDLER TABLE

__TI_handler_table @ 000110d0 records: 3, size/record: 4, table size: 12
	index: 0, handler: __TI_decompress_lzss
	index: 1, handler: __TI_decompress_none
	index: 2, handler: __TI_zero_init


GLOBAL SYMBOLS: SORTED ALPHABETICALLY BY Name 

address   name                                      
-------   ----                                      
0000de3f  ADC0_IRQHandler                           
0000de3f  ADC1_IRQHandler                           
0000de3f  AES_IRQHandler                            
0000da21  Angle_Normalize180                        
0000a0bd  AppConfig_InitDefault                     
000062cd  AppConfig_LimitAll                        
0000dc51  App_Init                                  
0000e715  App_ResetToReady                          
000045f5  App_Update_20ms                           
0001064d  BluetoothUart_GetRuntime                  
0000e379  BluetoothUart_Init                        
0000c1a5  BluetoothUart_Process                     
0000fb71  BluetoothUart_TryReadByte                 
0000aebd  BluetoothUart_TryWriteBuffer              
0000fb39  BluetoothUart_TryWriteString              
0001070a  C$$EXIT                                   
0000de3f  CANFD0_IRQHandler                         
00010655  CarController_GetFeedback                 
0001051d  CarController_GetRunMode                  
00010529  CarController_Init                        
00010535  CarController_IsSafetyHoldActive          
0000dae1  CarController_ResetRuntime                
0000e145  CarController_ResetTransientState         
000102e9  CarController_RunModeToString             
0000e489  CarController_SetSafetyHold               
0000d885  CarController_StartDriveDistance          
0000b779  CarController_StartDriveDistanceAtYaw     
0000e615  CarController_StartDriveHeading           
0000f6f1  CarController_StartFollowLine             
0000e0b1  CarController_StartTurnToYawRelative      
0000f221  CarController_Stop                        
0000b915  CarController_Update_20ms                 
00010541  CarState_Get                              
0001054d  CarState_Init                             
00010559  CarState_Set                              
00010301  CarState_ToString                         
0000de3f  DAC0_IRQHandler                           
00010625  DL_Common_delayCycles                     
0000caa1  DL_Timer_initFourCCPWMMode                
00010099  DL_Timer_overrideCCPOut                   
00010199  DL_Timer_setCaptCompUpdateMethod          
00010319  DL_Timer_setCaptureCompareOutCtl          
000104dd  DL_Timer_setCaptureCompareValue           
000101b5  DL_Timer_setClockConfig                   
0000f551  DL_UART_init                              
000104b9  DL_UART_setClockConfig                    
0000de3f  DMA_IRQHandler                            
00010331  DebugTelemetry_Init                       
000100b9  DebugTelemetry_Update                     
0000de3f  Default_Handler                           
0000fe81  EmergencyStop_Enforce                     
00010565  EmergencyStop_Init                        
00010571  EmergencyStop_IsActive                    
0000f5e1  EmergencyStop_Reset                       
0000fa91  EmergencyStop_Trigger                     
0000f625  Encoder_GetAndClearPulseDeltas            
0000dcf9  Encoder_HandleGpioInterrupt               
0000fdfd  Encoder_Reset                             
0000d959  FaultCode_ToShortString                   
000103f1  Fault_Clear                               
0001065d  Fault_GetRecord                           
00010405  Fault_Init                                
0000f731  Fault_Raise                               
0000de3f  GROUP0_IRQHandler                         
00010419  GROUP1_IRQHandler                         
00010665  GimbalStepper_GetFeedback                 
000104ed  Gimbal_YawGetFeedback                     
0001070b  HOSTexit                                  
0000de3f  HardFault_Handler                         
0001042d  HeadingControl_Enable                     
0001066d  HeadingControl_GetRuntime                 
00010349  HeadingControl_Init                       
00010361  HeadingControl_Reset                      
000101d1  HeadingControl_SetTargetYaw               
0000d09d  HeadingControl_Update                     
0000de3f  I2C0_IRQHandler                           
0000de3f  I2C1_IRQHandler                           
00009c6d  Imu_CalibrateGyroBias                     
0001057d  Imu_GetCorrectedGyroZDps                  
00010675  Imu_GetRuntime                            
00010589  Imu_GetYaw                                
000082c1  Imu_Init                                  
0000fba5  Imu_IsReady                               
0000f669  Imu_ResetYaw                              
00007b31  Imu_Update                                
000104fd  Key_GetEvent                              
0000fcdd  Key_Init                                  
0000baa5  Key_Update_20ms                           
0001067d  LineController_GetRuntime                 
0000cba5  LineController_Init                       
0000fd0d  LineController_ObserveSensors             
0000c3fd  LineController_Reset                      
0000c889  LineController_ResetControlState          
00006915  LineController_Update                     
0000fea9  Magnet_ForceOff                           
000100d9  Magnet_Init                               
00010595  Magnet_IsOn                               
0000ef4d  Magnet_Set                                
000105a1  Menu_GetPage                              
000105ad  Menu_GetParamItem                         
0000f275  Menu_GetParamValue                        
00009e9d  Menu_HandleKeyEvent                       
000101ed  Menu_Init                                 
00010379  Menu_ParamItemToString                    
0000fbd9  MissionLibrary_FindById                   
00010441  MissionLibrary_GetByIndex                 
0001070f  MissionLibrary_GetCount                   
0000acd9  MissionLibrary_Validate                   
[...]
20201273  g_carStateDebug                           
20201094  g_headingRuntime                          
20200bd8  g_imuRuntime                              
20201274  g_keyEvent                                
20201275  g_oledPageDebug                           
20201276  g_paramItemDebug                          
20201277  g_trackBlackCount                         
20201246  g_trackError                              
20201278  g_trackModeDebug                          
20201279  g_trackRaw                                
2020127a  g_trackTurnDebug                          
20200e20  g_wheelSpeedEstimatorRuntime              
00000000  interruptVectors                          
0000d519  main                                      
0000df7d  memcpy                                    
0000ff71  memmove                                   
0000ee2b  memset                                    
0000e401  strcmp                                    


GLOBAL SYMBOLS: SORTED BY Symbol Address 

address   name                                      
-------   ----                                      
00000000  __TI_ATRegion0_region_sz                  
00000000  __TI_ATRegion0_src_addr                   
00000000  __TI_ATRegion0_trg_addr                   
00000000  __TI_ATRegion1_region_sz                  
00000000  __TI_ATRegion1_src_addr                   
00000000  __TI_ATRegion1_trg_addr                   
00000000  __TI_ATRegion2_region_sz                  
00000000  __TI_ATRegion2_src_addr                   
00000000  __TI_ATRegion2_trg_addr                   
00000000  __TI_static_base__                        
00000000  interruptVectors                          
000000c1  OledUi_Update_20ms                        
00000200  __STACK_SIZE                              
00002821  VisionTuningConsole_Process               
000045f5  App_Update_20ms                           
000062cd  AppConfig_LimitAll                        
00006915  LineController_Update                     
00006e39  RuntimeSnapshot_Update                    
0000770d  WheelSpeedEstimator_Update                
00007b31  Imu_Update                                
00007f11  VisionReceiver_Process                    
000082c1  Imu_Init                                  
00009271  MotionAction_Update_20ms                  
00009521  MotorControl_Update                       
00009c6d  Imu_CalibrateGyroBias                     
00009e9d  Menu_HandleKeyEvent                       
0000a0bd  AppConfig_InitDefault                     
0000a2d5  MotionAction_Start                        
0000a6f9  Motor_SetSpeed                            
0000a8fd  VisionProtocol_ParseV1TargetFrame         
0000acd9  MissionLibrary_Validate                   
0000aebd  BluetoothUart_TryWriteBuffer              
0000b5d9  Ultrasonic_Tick100us                      
0000b779  CarController_StartDriveDistanceAtYaw     
0000b915  CarController_Update_20ms                 
0000baa5  Key_Update_20ms                           
0000bc19  OLED_FlushPage                            
0000bd89  OLED_PrintInt16                           
0000c1a5  BluetoothUart_Process                     
0000c3fd  LineController_Reset                      
0000c525  OLED_Init                                 
0000c889  LineController_ResetControlState          
0000caa1  DL_Timer_initFourCCPWMMode                
0000cba5  LineController_Init                       
0000cca9  MissionManager_Update_20ms                
0000cdad  MotorControl_SetNormalizedTarget          
0000cfa9  MissionManager_SelectNext                 
0000d09d  HeadingControl_Update                     
0000d189  ObstacleSafety_Update_20ms                
0000d359  MissionManager_SelectPrevious             
0000d439  WheelSpeedEstimator_Init                  
0000d519  main                                      
0000d5f9  SYSCFG_DL_GPIO_init                       
0000d6d5  OLED_PrintUInt16                          
0000d7ad  __aeabi_fsub                              
0000d7ad  __subsf3                                  
0000d7b7  __addsf3                                  
0000d7b7  __aeabi_fadd                              
0000d885  CarController_StartDriveDistance          
0000d959  FaultCode_ToShortString                   
0000da21  Angle_Normalize180                        
0000dae1  CarController_ResetRuntime                
0000db9d  MissionManager_StartTransientAction       
0000dc51  App_Init                                  
0000dcf9  Encoder_HandleGpioInterrupt               
0000dd9d  __udivmoddi4                              
0000de3f  ADC0_IRQHandler                           
0000de3f  ADC1_IRQHandler                           
0000de3f  AES_IRQHandler                            
0000de3f  CANFD0_IRQHandler                         
0000de3f  DAC0_IRQHandler                           
0000de3f  DMA_IRQHandler                            
0000de3f  Default_Handler                           
0000de3f  GROUP0_IRQHandler                         
0000de3f  HardFault_Handler                         
0000de3f  I2C0_IRQHandler                           
0000de3f  I2C1_IRQHandler                           
0000de3f  NMI_Handler                               
0000de3f  PendSV_Handler                            
0000de3f  RTC_IRQHandler                            
0000de3f  SPI0_IRQHandler                           
0000de3f  SPI1_IRQHandler                           
0000de3f  SVC_Handler                               
0000de3f  TIMA0_IRQHandler                          
0000de3f  TIMA1_IRQHandler                          
0000de3f  TIMG0_IRQHandler                          
0000de3f  TIMG12_IRQHandler                         
0000de3f  TIMG6_IRQHandler                          
0000de3f  TIMG7_IRQHandler                          
0000de3f  TIMG8_IRQHandler                          
0000de3f  UART0_IRQHandler                          
0000de3f  UART2_IRQHandler                          
0000dee1  ObstacleMonitor_Update_20ms               
0000df7d  memcpy                                    
0000e017  ObstacleAvoidance_Update_20ms             
0000e0b1  CarController_StartTurnToYawRelative      
0000e145  CarController_ResetTransientState         
0000e1d5  SYSCFG_DL_PWM_MOTOR_init                  
0000e261  __aeabi_fmul                              
0000e261  __mulsf3                                  
0000e379  BluetoothUart_Init                        
0000e401  strcmp                                    
0000e489  CarController_SetSafetyHold               
0000e50d  Motor_Init                                
0000e591  __aeabi_fdiv                              
0000e591  __divsf3                                  
0000e613  TrackSensor_Init                          
0000e615  CarController_StartDriveHeading           
0000e695  Motor_Stop                                
0000e715  App_ResetToReady                          
0000e791  UART1_IRQHandler                          
0000e80d  VisionPitchTuning_Set                     
0000e889  __TI_decompress_lzss                      
0000e905  SysTick_Handler                           
0000ea69  SYSCFG_DL_UART_BLUETOOTH_init             
0000ead9  SYSCFG_DL_UART_VISION_init                
0000eb49  VisionYawTuning_Set                       
0000ebb9  TrackSensor_DetectTurn                    
0000ec27  __aeabi_idiv0                             
0000ec29  MissionManager_GetSelectedMissionIndex    
0000ed61  TrackSensor_GetErrorFromRaw               
0000edc7  __aeabi_ldiv0                             
0000edc9  __aeabi_fcmpeq                            
0000eddd  __aeabi_fcmplt                            
0000edf1  __aeabi_fcmple                            
0000ee05  __aeabi_fcmpge                            
0000ee19  __aeabi_fcmpgt                            
0000ee2b  memset                                    
0000ee8d  VisionTuningConsole_Init                  
0000eeed  __aeabi_f2lz                              
0000eeed  __fixsfdi                                 
0000ef4d  Magnet_Set                                
0000efa9  MissionManager_Start                      
0000f005  UART3_IRQHandler                          
0000f061  Ultrasonic_Update_20ms                    
0000f119  OLED_PrintChar                            
0000f1c9  __aeabi_idiv                              
0000f1c9  __aeabi_idivmod                           
0000f221  CarController_Stop                        
0000f275  Menu_GetParamValue                        
0000f2c9  TrackSensor_ReadRaw                       
0000f31d  WatchdogMonitor_ApplyFaultIfNeeded        
0000f3c5  MissionManager_Init                       
0000f415  Ultrasonic_Init                           
0000f465  WatchdogMonitor_Tick1msFromIsr            
0000f4b5  __aeabi_l2f                               
0000f4b5  __floatdisf                               
0000f505  MotorControl_Stop                         
0000f551  DL_UART_init                              
0000f599  SYSCFG_DL_initPower                       
0000f5e1  EmergencyStop_Reset                       
0000f625  Encoder_GetAndClearPulseDeltas            
0000f669  Imu_ResetYaw                              
0000f6ad  Servo_Tick100us                           
0000f6f1  CarController_StartFollowLine             
0000f731  Fault_Raise                               
0000f771  MissionManager_Cancel                     
0000f7b1  SYSCFG_DL_SYSCTL_init                     
0000f7f1  VisionReceiver_PushByteFromIsr            
0000f831  __aeabi_uidiv                             
0000f831  __aeabi_uidivmod                          
0000f871  __divmoddi4                               
0000f8b1  MissionManager_Reset                      
0000f8ed  Servo_SetAngleDeg                         
0000f929  VisionTuningConsole_PushByteFromIsr       
0000f965  __aeabi_i2f                               
0000f965  __floatsisf                               
0000f9a1  __gesf2                                   
0000f9a1  __gtsf2                                   
0000f9dd  __TI_auto_init_nobinit_nopinit            
0000fa19  __cmpsf2                                  
0000fa19  __eqsf2                                   
0000fa19  __lesf2                                   
0000fa19  __ltsf2                                   
0000fa19  __nesf2                                   
0000fa55  __muldsi3                                 
0000fa91  EmergencyStop_Trigger                     
0000fac9  VisionReceiver_Init                       
0000fb01  __aeabi_f2iz                              
0000fb01  __fixsfsi                                 
0000fb39  BluetoothUart_TryWriteString              
0000fb71  BluetoothUart_TryReadByte                 
0000fba5  Imu_IsReady                               
0000fbd9  MissionLibrary_FindById                   
0000fc0d  VisionTuningConsole_TryPopTxByte          
0000fc41  VisionUart_Process                        
0000fc75  OLED_PrintString                          
0000fca9  __aeabi_f2uiz                             
0000fca9  __fixunssfsi                              
0000fcdd  Key_Init                                  
0000fd0d  LineController_ObserveSensors             
0000fd3d  MissionManager_Resume                     
0000fd6d  VisionPitchTuning_RestoreDefault          
0000fd9d  WatchdogMonitor_Init                      
0000fdcd  WatchdogMonitor_Reset                     
0000fdfd  Encoder_Reset                             
0000fe29  TrackSensor_CountBlack                    
0000fe55  VisionYawTuning_RestoreDefault            
0000fe81  EmergencyStop_Enforce                     
0000fea9  Magnet_ForceOff                           
0000fed1  SYSCFG_DL_init                            
0000fef9  Servo_Init                                
0000ff21  VisionPitchTuning_Init                    
0000ff49  __aeabi_ui2f                              
0000ff49  __floatunsisf                             
0000ff71  memmove                                   
0000ff99  _c_int00_noargs                           
0000ffc1  MissionManager_ReportExternalFailure      
0000ffe5  MotorControl_Init                         
00010009  MotorControl_Reset                        
0001002d  OLED_ClearBuffer                          
00010051  VisionYawTuning_Init                      
00010075  __aeabi_lmul                              
00010075  __muldi3                                  
00010099  DL_Timer_overrideCCPOut                   
000100b9  DebugTelemetry_Update                     
000100d9  Magnet_Init                               
000100f9  MissionManager_Pause                      
00010119  OLED_SetCursor                            
00010139  SchedulerMonitor_GetStats                 
00010179  __aeabi_llsl                              
00010179  __ashldi3                                 
00010199  DL_Timer_setCaptCompUpdateMethod          
000101b5  DL_Timer_setClockConfig                   
000101d1  HeadingControl_SetTargetYaw               
000101ed  Menu_Init                                 
00010209  MotionAction_Cancel                       
00010225  ObstacleMonitor_Init                      
00010241  ObstacleSafety_Init                       
0001025d  VisionPitchTuning_ParamName               
00010279  VisionYawTuning_GetSnapshot               
00010295  VisionYawTuning_ParamName                 
000102b1  WatchdogMonitor_NotifyControlCycleComplete
000102e9  CarController_RunModeToString             
00010301  CarState_ToString                         
00010319  DL_Timer_setCaptureCompareOutCtl          
00010331  DebugTelemetry_Init                       
00010349  HeadingControl_Init                       
00010361  HeadingControl_Reset                      
00010379  Menu_ParamItemToString                    
00010391  MotionAction_Init                         
000103a9  ObstacleAvoidance_Init                    
000103c1  RuntimeSnapshot_Init                      
000103d9  __aeabi_fcmpun                            
000103d9  __unordsf2                                
000103f1  Fault_Clear                               
00010405  Fault_Init                                
00010419  GROUP1_IRQHandler                         
0001042d  HeadingControl_Enable                     
00010441  MissionLibrary_GetByIndex                 
00010455  MissionManager_GetSelectedMissionId       
00010469  VisionPitchTuning_GetSnapshot             
0001047d  VisionUart_Init                           
00010491  __aeabi_ldivmod                           
000104a5  __aeabi_uldivmod                          
000104b9  DL_UART_setClockConfig                    
000104cb  __TI_decompress_none                      
000104dd  DL_Timer_setCaptureCompareValue           
000104ed  Gimbal_YawGetFeedback                     
000104fd  Key_GetEvent                              
0001050d  __TI_zero_init                            
0001051d  CarController_GetRunMode                  
00010529  CarController_Init                        
00010535  CarController_IsSafetyHoldActive          
00010541  CarState_Get                              
0001054d  CarState_Init                             
00010559  CarState_Set                              
00010565  EmergencyStop_Init                        
00010571  EmergencyStop_IsActive                    
0001057d  Imu_GetCorrectedGyroZDps                  
00010589  Imu_GetYaw                                
00010595  Magnet_IsOn                               
000105a1  Menu_GetPage                              
000105ad  Menu_GetParamItem                         
000105b9  MissionManager_IsExternallyHeld           
000105c5  MissionManager_IsTransientAction          
000105d1  MissionManager_SetExternalHold            
000105dd  ObstacleAvoidance_IsActive                
000105e9  ObstacleAvoidance_IsFailed                
000105f5  ObstacleSafety_IsHolding                  
00010601  SystemTime_GetMs                          
0001060d  WatchdogMonitor_HasTripped                
00010619  __aeabi_memclr                            
00010619  __aeabi_memclr4                           
00010619  __aeabi_memclr8                           
00010625  DL_Common_delayCycles                     
0001062f  TrackSensor_IsCenterDetected              
00010639  TrackSensor_IsLineDetected                
00010643  TrackSensor_IsLineLost                    
0001064d  BluetoothUart_GetRuntime                  
00010655  CarController_GetFeedback                 
0001065d  Fault_GetRecord                           
00010665  GimbalStepper_GetFeedback                 
0001066d  HeadingControl_GetRuntime                 
00010675  Imu_GetRuntime                            
0001067d  LineController_GetRuntime                 
00010685  MissionManager_GetMissionCount            
0001068d  MissionManager_GetRuntime                 
00010695  MotionAction_GetRuntime                   
0001069d  MotorControl_GetRuntime                   
000106a5  ObstacleAvoidance_GetFeedback             
000106ad  ObstacleMonitor_GetFeedback               
000106b5  OledUi_Init                               
000106bd  RuntimeSnapshot_Get                       
000106c5  Servo_GetFeedback                         
000106cd  Ultrasonic_GetFeedback                    
000106d5  VisionReceiver_GetStatus                  
000106dd  VisionTuningConsole_GetStatus             
000106e5  WatchdogMonitor_GetStatus                 
000106ed  WheelSpeedEstimator_GetRuntime            
000106f5  __aeabi_memcpy                            
000106f5  __aeabi_memcpy4                           
000106f5  __aeabi_memcpy8                           
000106fd  __aeabi_memmove                           
000106fd  __aeabi_memmove4                          
000106fd  __aeabi_memmove8                          
00010705  abort                                     
0001070a  C$$EXIT                                   
0001070b  HOSTexit                                  
0001070f  MissionLibrary_GetCount                   
00010713  ObstacleAvoidance_IsResumeGraceActive     
00010717  Reset_Handler                             
0001071b  _system_pre_init                          
000110d0  __TI_Handler_Table_Base                   
000110dc  __TI_Handler_Table_Limit                  
000110ec  __TI_CINIT_Base                           
000110fc  __TI_CINIT_Limit                          
000110fc  __TI_CINIT_Warm                           
20200000  __start___llvm_prf_bits                   
20200000  __start___llvm_prf_cnts                   
20200000  __stop___llvm_prf_bits                    
20200000  __stop___llvm_prf_cnts                    
202007c8  g_appConfig                               
20200bd8  g_imuRuntime                              
20200d58  g_appRuntime                              
20200e20  g_wheelSpeedEstimatorRuntime              
20200fa8  gUART_VISIONBackup                        
20201094  g_headingRuntime                          
20201246  g_trackError                              
20201273  g_carStateDebug                           
20201274  g_keyEvent                                
20201275  g_oledPageDebug                           
20201276  g_paramItemDebug                          
20201277  g_trackBlackCount                         
20201278  g_trackModeDebug                          
20201279  g_trackRaw                                
2020127a  g_trackTurnDebug                          
20207e00  __stack                                   
20208000  __STACK_END                               
ffffffff  __TI_pprof_out_hndl                       
ffffffff  __TI_prof_data_size                       
ffffffff  __TI_prof_data_start                      
ffffffff  __binit__                                 
ffffffff  binit                                     
UNDEFED   __mpu_init                                
UNDEFED   _system_post_cinit                        

[356 symbols]
