******************************************************************************
            TI ARM Clang Linker PC v4.0.4                      
******************************************************************************
>> Linked Mon Jul 27 22:36:22 2026

OUTPUT FILE NAME:   <diansaikaishi.out>
ENTRY POINT SYMBOL: "_c_int00_noargs"  address: 0000f73d


MEMORY CONFIGURATION

         name            origin    length      used     unused   attr    fill
----------------------  --------  ---------  --------  --------  ----  --------
  FLASH                 00000000   00020000  00010868  0000f798  R  X
  SRAM                  20200000   00008000  0000146d  00006b93  RW X
  BCR_CONFIG            41c00000   000000ff  00000000  000000ff  R   
  BSL_CONFIG            41c00100   00000080  00000000  00000080  R   


SEGMENT ALLOCATION MAP

run origin  load origin   length   init length attrs members
----------  ----------- ---------- ----------- ----- -------
00000000    00000000    00010868   00010868    r-x
  00000000    00000000    000000c0   000000c0    r-- .intvecs
  000000c0    000000c0    0000fe00   0000fe00    r-x .text
  0000fec0    0000fec0    00000978   00000978    r-- .rodata
  00010838    00010838    00000030   00000030    r-- .cinit
20200000    20200000    0000126d   00000000    rw-
  20200000    20200000    0000126b   00000000    rw- .bss
  2020126b    2020126b    00000002   00000000    rw- .data
20207e00    20207e00    00000200   00000000    rw-
  20207e00    20207e00    00000200   00000000    rw- .stack


SECTION ALLOCATION MAP

 output                                  attributes/
section   page    origin      length       input sections
--------  ----  ----------  ----------   ----------------
.intvecs   0    00000000    000000c0     
                  00000000    000000c0     startup_mspm0g350x_ticlang.o (.intvecs)

.text      0    000000c0    0000fe00     
                  000000c0    00002760     oled_ui.o (.text.OledUi_Update_20ms)
                  00002820    00001dd4     vision_tuning_console.o (.text.VisionTuningConsole_Process)
                  000045f4    000012d4     app.o (.text.App_Update_20ms)
                  000058c8    00000648     app_config.o (.text.AppConfig_LimitAll)
                  00005f10    00000524     line_controller.o (.text.LineController_Update)
                  00006434    000004f8     app.o (.text.app_remote_update_result)
                  0000692c    00000488     runtime_snapshot.o (.text.RuntimeSnapshot_Update)
                  00006db4    0000044c     motor_control.o (.text.update_wheel)
                  00007200    00000424     wheel_speed_estimator.o (.text.WheelSpeedEstimator_Update)
                  00007624    000003e0     imu.o (.text.Imu_Update)
                  00007a04    000003b0     vision_receiver.o (.text.VisionReceiver_Process)
                  00007db4    00000374     imu.o (.text.Imu_Init)
                  00008128    00000370     gimbal.o (.text.gimbal_update_feedback)
                  00008498    00000310     vision_tuning_console.o (.text.append_scaled)
                  000087a8    000002f0     imu.o (.text.mpu6050_read_regs)
                  00008a98    000002cc     car_controller.o (.text.handle_drive_distance)
                  00008d64    000002b0     motion_action.o (.text.MotionAction_Update_20ms)
                  00009014    0000028c     motor_control.o (.text.MotorControl_Update)
                  000092a0    00000268     car_controller.o (.text.handle_turn_to_yaw)
                  00009508    00000230     imu.o (.text.Imu_CalibrateGyroBias)
                  00009738    00000220     menu.o (.text.Menu_HandleKeyEvent)
                  00009958    00000218     app_config.o (.text.AppConfig_InitDefault)
                  00009b70    00000214     motion_action.o (.text.MotionAction_Start)
                  00009d84    00000210     app.o (.text.app_remote_append_float_tenth)
                  00009f94    00000204     motor.o (.text.Motor_SetSpeed)
                  0000a198    000001f4     vision_protocol.o (.text.VisionProtocol_ParseV1TargetFrame)
                  0000a38c    000001e8     motor_control.o (.text.config_is_valid)
                  0000a574    000001e4     mission_library.o (.text.MissionLibrary_Validate)
                  0000a758    000001cc     bluetooth_uart.o (.text.BluetoothUart_TryWriteBuffer)
                  0000a924    000001cc     imu.o (.text.imu_i2c_write_byte)
                  0000aaf0    000001cc     oled_ui.o (.text.print_status_page)
                  0000acbc    000001b8     oled.o (.text.oled_i2c_write_byte)
                  0000ae74    000001a0     ultrasonic.o (.text.Ultrasonic_Tick100us)
                  0000b014    0000019c     car_controller.o (.text.CarController_StartDriveDistanceAtYaw)
                  0000b1b0    00000190     car_controller.o (.text.CarController_Update_20ms)
                  0000b340    00000174     key.o (.text.Key_Update_20ms)
                  0000b4b4    00000170     oled.o (.text.OLED_FlushPage)
                  0000b624    0000016c     oled.o (.text.OLED_PrintInt16)
                  0000b790    00000158     vision_tuning_console.o (.text.send_parameter_reply)
                  0000b8e8    00000158     vision_tuning_console.o (.text.send_yaw_parameter_reply)
                  0000ba40    0000012c     bluetooth_uart.o (.text.BluetoothUart_Process)
                  0000bb6c    0000012c     imu.o (.text.imu_i2c_recover_bus)
                  0000bc98    00000128     line_controller.o (.text.LineController_Reset)
                  0000bdc0    00000124     oled.o (.text.OLED_Init)
                  0000bee4    00000124     vision_tuning_console.o (.text.send_simple_reply)
                  0000c008    0000011c     car_controller.o (.text.handle_drive_heading)
                  0000c124    0000010c     line_controller.o (.text.LineController_ResetControlState)
                  0000c230    0000010c     car_controller.o (.text.handle_follow_line)
                  0000c33c    00000104     driverlib.a : dl_timer.o (.text.DL_Timer_initFourCCPWMMode)
                  0000c440    00000104     line_controller.o (.text.LineController_Init)
                  0000c544    00000104     mission_manager.o (.text.MissionManager_Update_20ms)
                  0000c648    00000100     motor_control.o (.text.MotorControl_SetNormalizedTarget)
                  0000c748    000000f4     mission_manager.o (.text.MissionManager_SelectNext)
                  0000c83c    000000f4     app.o (.text.app_remote_handle_turn)
                  0000c930    000000ec     heading_control.o (.text.HeadingControl_Update)
                  0000ca1c    000000e8     obstacle_safety.o (.text.ObstacleSafety_Update_20ms)
                  0000cb04    000000e8     vision_protocol.o (.text.fields_are_valid)
                  0000cbec    000000e0     mission_manager.o (.text.MissionManager_SelectPrevious)
                  0000cccc    000000e0     wheel_speed_estimator.o (.text.WheelSpeedEstimator_Init)
                  0000cdac    000000e0     empty.o (.text.main)
                  0000ce8c    000000dc     ti_msp_dl_config.o (.text.SYSCFG_DL_GPIO_init)
                  0000cf68    000000d8     oled.o (.text.OLED_PrintUInt16)
                  0000d040    000000d8     libclang_rt.builtins.a : addsf3.S.obj (.text)
                  0000d118    000000d4     car_controller.o (.text.CarController_StartDriveDistance)
                  0000d1ec    000000c8     fault.o (.text.FaultCode_ToShortString)
                  0000d2b4    000000c0     angle_utils.o (.text.Angle_Normalize180)
                  0000d374    000000bc     car_controller.o (.text.CarController_ResetRuntime)
                  0000d430    000000b4     mission_manager.o (.text.MissionManager_StartTransientAction)
                  0000d4e4    000000a4     encoder.o (.text.Encoder_HandleGpioInterrupt)
                  0000d588    000000a2     libclang_rt.builtins.a : udivmoddi4.S.obj (.text)
                  0000d62a    00000002     startup_mspm0g350x_ticlang.o (.text.Default_Handler)
                  0000d62c    000000a0     car_controller.o (.text.drive_distance_high_decel_zone_cm)
                  0000d6cc    0000009c     app.o (.text.App_Init)
                  0000d768    0000009c     obstacle_monitor.o (.text.ObstacleMonitor_Update_20ms)
                  0000d804    0000009a     libc.a : memcpy16.S.obj (.text:memcpy)
                  0000d89e    00000002     obstacle_avoidance.o (.text.ObstacleAvoidance_Update_20ms)
                  0000d8a0    00000098     imu.o (.text.mpu6050_write_reg)
                  0000d938    00000094     car_controller.o (.text.CarController_StartTurnToYawRelative)
                  0000d9cc    00000090     car_controller.o (.text.CarController_ResetTransientState)
                  0000da5c    0000008c     ti_msp_dl_config.o (.text.SYSCFG_DL_PWM_MOTOR_init)
                  0000dae8    0000008c     libclang_rt.builtins.a : mulsf3.S.obj (.text.__mulsf3)
                  0000db74    0000008c     car_controller.o (.text.heading_imu_wait_or_fail)
                  0000dc00    00000088     bluetooth_uart.o (.text.BluetoothUart_Init)
                  0000dc88    00000008     bluetooth_uart.o (.text.BluetoothUart_GetRuntime)
                  0000dc90    00000088     libc.a : strcmp-armv6m.S.obj (.text:strcmp)
                  0000dd18    00000084     car_controller.o (.text.CarController_SetSafetyHold)
                  0000dd9c    00000084     motor.o (.text.Motor_Init)
                  0000de20    00000082     libclang_rt.builtins.a : divsf3.S.obj (.text.__divsf3)
                  0000dea2    00000002     track_sensor.o (.text.TrackSensor_Init)
                  0000dea4    00000080     car_controller.o (.text.CarController_StartDriveHeading)
                  0000df24    00000080     motor.o (.text.Motor_Stop)
                  0000dfa4    0000007c     bluetooth_uart.o (.text.UART1_IRQHandler)
                  0000e020    0000007c     vision_pitch_tuning.o (.text.VisionPitchTuning_Set)
                  0000e09c    0000007c     libc.a : copy_decompress_lzss.c.obj (.text:decompress:lzss)
                  0000e118    00000078     empty.o (.text.SysTick_Handler)
                  0000e190    00000078     oled.o (.text.oled_write_command)
                  0000e208    00000074     motor_control.o (.text.latch_control_error)
                  0000e27c    00000070     app.o (.text.App_ResetToReady)
                  0000e2ec    00000070     ti_msp_dl_config.o (.text.SYSCFG_DL_UART_BLUETOOTH_init)
                  0000e35c    00000070     ti_msp_dl_config.o (.text.SYSCFG_DL_UART_VISION_init)
                  0000e3cc    00000070     vision_yaw_tuning.o (.text.VisionYawTuning_Set)
                  0000e43c    0000006e     track_sensor.o (.text.TrackSensor_DetectTurn)
                  0000e4aa    00000002     libclang_rt.builtins.a : aeabi_div0.c.obj (.text.__aeabi_idiv0)
                  0000e4ac    00000068     mission_manager.o (.text.MissionManager_GetSelectedMissionIndex)
                  0000e514    00000068     car_controller.o (.text.set_output_speed)
                  0000e57c    00000066     track_sensor.o (.text.TrackSensor_GetErrorFromRaw)
                  0000e5e2    00000002     libclang_rt.builtins.a : aeabi_div0.c.obj (.text.__aeabi_ldiv0)
                  0000e5e4    00000062                            : aeabi_fcmp.S.obj (.text.__aeabi_fcmp)
                  0000e646    00000062     libc.a : memset16.S.obj (.text:memset)
                  0000e6a8    00000060     vision_tuning_console.o (.text.VisionTuningConsole_Init)
                  0000e708    00000060     libclang_rt.builtins.a : fixsfdi.S.obj (.text.__fixsfdi)
                  0000e768    0000005c     mission_manager.o (.text.MissionManager_Start)
                  0000e7c4    0000005c     vision_uart.o (.text.UART3_IRQHandler)
                  0000e820    0000005c     ultrasonic.o (.text.Ultrasonic_Update_20ms)
                  0000e87c    0000005c     app.o (.text.app_remote_start_action)
                  0000e8d8    0000005c     car_controller.o (.text.speed_cmps_to_normalized_command)
                  0000e934    00000058     oled.o (.text.OLED_PrintChar)
                  0000e98c    00000058     motion_action.o (.text.motion_action_start_imu_controller)
                  0000e9e4    00000056     libclang_rt.builtins.a : aeabi_idivmod.S.obj (.text.__aeabi_idivmod)
                  0000ea3a    00000002     --HOLE-- [fill = 0]
                  0000ea3c    00000054     car_controller.o (.text.CarController_Stop)
                  0000ea90    00000054     menu.o (.text.Menu_GetParamValue)
                  0000eae4    00000054     track_sensor.o (.text.TrackSensor_ReadRaw)
                  0000eb38    00000054     app.o (.text.app_remote_parse_gear)
                  0000eb8c    00000050     mission_manager.o (.text.MissionManager_Init)
                  0000ebdc    00000050     ultrasonic.o (.text.Ultrasonic_Init)
                  0000ec2c    00000050     watchdog_monitor.o (.text.WatchdogMonitor_ApplyFaultIfNeeded)
                  0000ec7c    0000004e     libclang_rt.builtins.a : floatdisf.S.obj (.text.__floatdisf)
                  0000ecca    00000002     --HOLE-- [fill = 0]
                  0000eccc    0000004c     motor_control.o (.text.MotorControl_Stop)
                  0000ed18    0000004c     watchdog_monitor.o (.text.WatchdogMonitor_Tick1msFromIsr)
                  0000ed64    00000048     driverlib.a : dl_uart.o (.text.DL_UART_init)
                  0000edac    00000048     ti_msp_dl_config.o (.text.SYSCFG_DL_initPower)
                  0000edf4    00000044     encoder.o (.text.Encoder_GetAndClearPulseDeltas)
                  0000ee38    00000044     imu.o (.text.Imu_ResetYaw)
                  0000ee7c    00000044     servo.o (.text.Servo_Tick100us)
                  0000eec0    00000040     car_controller.o (.text.CarController_StartFollowLine)
                  0000ef00    00000040     emergency_stop.o (.text.EmergencyStop_Reset)
                  0000ef40    00000040     mission_manager.o (.text.MissionManager_Cancel)
                  0000ef80    00000040     ti_msp_dl_config.o (.text.SYSCFG_DL_SYSCTL_init)
                  0000efc0    00000040     vision_receiver.o (.text.VisionReceiver_PushByteFromIsr)
                  0000f000    00000040     libclang_rt.builtins.a : aeabi_uidivmod.S.obj (.text.__aeabi_uidivmod)
                  0000f040    0000003e                            : divmoddi4.c.obj (.text.__divmoddi4)
                  0000f07e    00000002     --HOLE-- [fill = 0]
                  0000f080    0000003c     mission_manager.o (.text.MissionManager_Reset)
                  0000f0bc    0000003c     servo.o (.text.Servo_SetAngleDeg)
                  0000f0f8    0000003c     vision_tuning_console.o (.text.VisionTuningConsole_PushByteFromIsr)
                  0000f134    0000003c     libclang_rt.builtins.a : floatsisf.S.obj (.text.__floatsisf)
                  0000f170    0000003c                            : comparesf2.S.obj (.text.__gtsf2)
                  0000f1ac    0000003c     libc.a : autoinit.c.obj (.text:__TI_auto_init_nobinit_nopinit)
                  0000f1e8    0000003a     libclang_rt.builtins.a : comparesf2.S.obj (.text.__eqsf2)
                  0000f222    00000002     --HOLE-- [fill = 0]
                  0000f224    0000003a                            : muldsi3.S.obj (.text.__muldsi3)
                  0000f25e    00000002     --HOLE-- [fill = 0]
                  0000f260    00000038     vision_receiver.o (.text.VisionReceiver_Init)
                  0000f298    00000038     libclang_rt.builtins.a : fixsfsi.S.obj (.text.__fixsfsi)
                  0000f2d0    00000036     bluetooth_uart.o (.text.BluetoothUart_TryWriteString)
                  0000f306    00000002     --HOLE-- [fill = 0]
                  0000f308    00000034     bluetooth_uart.o (.text.BluetoothUart_TryReadByte)
                  0000f33c    00000034     emergency_stop.o (.text.EmergencyStop_Trigger)
                  0000f370    00000034     imu.o (.text.Imu_IsReady)
                  0000f3a4    00000034     mission_library.o (.text.MissionLibrary_FindById)
                  0000f3d8    00000034     vision_tuning_console.o (.text.VisionTuningConsole_TryPopTxByte)
                  0000f40c    00000034     vision_uart.o (.text.VisionUart_Process)
                  0000f440    00000032     oled.o (.text.OLED_PrintString)
                  0000f472    00000002     --HOLE-- [fill = 0]
                  0000f474    00000032     libclang_rt.builtins.a : fixunssfsi.S.obj (.text.__fixunssfsi)
                  0000f4a6    00000002     --HOLE-- [fill = 0]
                  0000f4a8    00000030     fault.o (.text.Fault_Raise)
                  0000f4d8    00000030     key.o (.text.Key_Init)
                  0000f508    00000030     line_controller.o (.text.LineController_ObserveSensors)
                  0000f538    00000030     mission_manager.o (.text.MissionManager_Resume)
                  0000f568    00000030     vision_pitch_tuning.o (.text.VisionPitchTuning_RestoreDefault)
                  0000f598    00000030     watchdog_monitor.o (.text.WatchdogMonitor_Init)
                  0000f5c8    0000002c     encoder.o (.text.Encoder_Reset)
                  0000f5f4    0000002c     track_sensor.o (.text.TrackSensor_CountBlack)
                  0000f620    0000002c     vision_yaw_tuning.o (.text.VisionYawTuning_RestoreDefault)
                  0000f64c    00000028     ti_msp_dl_config.o (.text.SYSCFG_DL_init)
                  0000f674    00000028     servo.o (.text.Servo_Init)
                  0000f69c    00000028     vision_pitch_tuning.o (.text.VisionPitchTuning_Init)
                  0000f6c4    00000028     watchdog_monitor.o (.text.WatchdogMonitor_Reset)
                  0000f6ec    00000028     libclang_rt.builtins.a : floatunsisf.S.obj (.text.__floatunsisf)
                  0000f714    00000028     libc.a : memmov.c.obj (.text.memmove)
                  0000f73c    00000028            : boot_cortex_m.c.obj (.text:_c_int00_noargs)
                  0000f764    00000024     emergency_stop.o (.text.EmergencyStop_Enforce)
                  0000f788    00000024     mission_manager.o (.text.MissionManager_ReportExternalFailure)
                  0000f7ac    00000024     motor_control.o (.text.MotorControl_Init)
                  0000f7d0    00000024     motor_control.o (.text.MotorControl_Reset)
                  0000f7f4    00000024     oled.o (.text.OLED_ClearBuffer)
                  0000f818    00000024     vision_yaw_tuning.o (.text.VisionYawTuning_Init)
                  0000f83c    00000024     libclang_rt.builtins.a : muldi3.S.obj (.text.__muldi3)
                  0000f860    00000020     driverlib.a : dl_timer.o (.text.DL_Timer_overrideCCPOut)
                  0000f880    00000020     debug_telemetry.o (.text.DebugTelemetry_Update)
                  0000f8a0    00000020     mission_manager.o (.text.MissionManager_Pause)
                  0000f8c0    00000020     oled.o (.text.OLED_SetCursor)
                  0000f8e0    00000020     empty.o (.text.SchedulerMonitor_GetStats)
                  0000f900    00000020     mission_manager.o (.text.mission_finish_error)
                  0000f920    0000001e     libclang_rt.builtins.a : ashldi3.S.obj (.text.__ashldi3)
                  0000f93e    00000002     --HOLE-- [fill = 0]
                  0000f940    0000001c     driverlib.a : dl_timer.o (.text.DL_Timer_setCaptCompUpdateMethod)
                  0000f95c    0000001c                 : dl_timer.o (.text.DL_Timer_setClockConfig)
                  0000f978    0000001c     heading_control.o (.text.HeadingControl_SetTargetYaw)
                  0000f994    0000001c     menu.o (.text.Menu_Init)
                  0000f9b0    0000001c     motion_action.o (.text.MotionAction_Cancel)
                  0000f9cc    0000001c     obstacle_monitor.o (.text.ObstacleMonitor_Init)
                  0000f9e8    0000001c     obstacle_safety.o (.text.ObstacleSafety_Init)
                  0000fa04    0000001c     vision_pitch_tuning.o (.text.VisionPitchTuning_ParamName)
                  0000fa20    0000001c     vision_yaw_tuning.o (.text.VisionYawTuning_GetSnapshot)
                  0000fa3c    0000001c     vision_yaw_tuning.o (.text.VisionYawTuning_ParamName)
                  0000fa58    0000001c     watchdog_monitor.o (.text.WatchdogMonitor_NotifyControlCycleComplete)
                  0000fa74    0000001c     mission_manager.o (.text.mission_finish_success)
                  0000fa90    00000018     car_controller.o (.text.CarController_RunModeToString)
                  0000faa8    00000018     car_state.o (.text.CarState_ToString)
                  0000fac0    00000018     driverlib.a : dl_timer.o (.text.DL_Timer_setCaptureCompareOutCtl)
                  0000fad8    00000018     debug_telemetry.o (.text.DebugTelemetry_Init)
                  0000faf0    00000018     heading_control.o (.text.HeadingControl_Init)
                  0000fb08    00000018     heading_control.o (.text.HeadingControl_Reset)
                  0000fb20    00000018     menu.o (.text.Menu_ParamItemToString)
                  0000fb38    00000018     motion_action.o (.text.MotionAction_Init)
                  0000fb50    00000018     obstacle_avoidance.o (.text.ObstacleAvoidance_Init)
                  0000fb68    00000018     runtime_snapshot.o (.text.RuntimeSnapshot_Init)
                  0000fb80    00000016     libclang_rt.builtins.a : comparesf2.S.obj (.text.__unordsf2)
                  0000fb96    00000002     --HOLE-- [fill = 0]
                  0000fb98    00000014     fault.o (.text.Fault_Clear)
                  0000fbac    00000014     fault.o (.text.Fault_Init)
                  0000fbc0    00000014     empty.o (.text.GROUP1_IRQHandler)
                  0000fbd4    00000014     heading_control.o (.text.HeadingControl_Enable)
                  0000fbe8    00000014     mission_library.o (.text.MissionLibrary_GetByIndex)
                  0000fbfc    00000014     mission_manager.o (.text.MissionManager_GetSelectedMissionId)
                  0000fc10    00000014     vision_pitch_tuning.o (.text.VisionPitchTuning_GetSnapshot)
                  0000fc24    00000014     vision_uart.o (.text.VisionUart_Init)
                  0000fc38    00000014     libclang_rt.builtins.a : aeabi_ldivmod.S.obj (.text.__aeabi_ldivmod)
                  0000fc4c    00000014                            : aeabi_uldivmod.S.obj (.text.__aeabi_uldivmod)
                  0000fc60    00000012     driverlib.a : dl_uart.o (.text.DL_UART_setClockConfig)
                  0000fc72    00000012     libc.a : copy_decompress_none.c.obj (.text:decompress:none)
                  0000fc84    00000010     driverlib.a : dl_timer.o (.text.DL_Timer_setCaptureCompareValue)
                  0000fc94    00000010     gimbal.o (.text.Gimbal_YawGetFeedback)
                  0000fca4    00000010     key.o (.text.Key_GetEvent)
                  0000fcb4    00000010     libc.a : copy_zero_init.c.obj (.text:decompress:ZI)
                  0000fcc4    0000000c     car_controller.o (.text.CarController_GetRunMode)
                  0000fcd0    0000000c     car_controller.o (.text.CarController_Init)
                  0000fcdc    0000000c     car_controller.o (.text.CarController_IsSafetyHoldActive)
                  0000fce8    0000000c     car_state.o (.text.CarState_Get)
                  0000fcf4    0000000c     car_state.o (.text.CarState_Init)
                  0000fd00    0000000c     car_state.o (.text.CarState_Set)
                  0000fd0c    0000000c     emergency_stop.o (.text.EmergencyStop_Init)
                  0000fd18    0000000c     emergency_stop.o (.text.EmergencyStop_IsActive)
                  0000fd24    0000000c     imu.o (.text.Imu_GetCorrectedGyroZDps)
                  0000fd30    0000000c     imu.o (.text.Imu_GetYaw)
                  0000fd3c    0000000c     menu.o (.text.Menu_GetPage)
                  0000fd48    0000000c     menu.o (.text.Menu_GetParamItem)
                  0000fd54    0000000c     mission_manager.o (.text.MissionManager_IsExternallyHeld)
                  0000fd60    0000000c     mission_manager.o (.text.MissionManager_IsTransientAction)
                  0000fd6c    0000000c     mission_manager.o (.text.MissionManager_SetExternalHold)
                  0000fd78    0000000c     obstacle_avoidance.o (.text.ObstacleAvoidance_IsActive)
                  0000fd84    0000000c     obstacle_avoidance.o (.text.ObstacleAvoidance_IsFailed)
                  0000fd90    0000000c     obstacle_safety.o (.text.ObstacleSafety_IsHolding)
                  0000fd9c    0000000c     empty.o (.text.SystemTime_GetMs)
                  0000fda8    0000000c     watchdog_monitor.o (.text.WatchdogMonitor_HasTripped)
                  0000fdb4    0000000c     libclang_rt.builtins.a : aeabi_memset.S.obj (.text.__aeabi_memclr)
                  0000fdc0    0000000a     driverlib.a : dl_common.o (.text.DL_Common_delayCycles)
                  0000fdca    0000000a     track_sensor.o (.text.TrackSensor_IsCenterDetected)
                  0000fdd4    0000000a     track_sensor.o (.text.TrackSensor_IsLineDetected)
                  0000fdde    0000000a     track_sensor.o (.text.TrackSensor_IsLineLost)
                  0000fde8    00000008     car_controller.o (.text.CarController_GetFeedback)
                  0000fdf0    00000008     fault.o (.text.Fault_GetRecord)
                  0000fdf8    00000008     gimbal_stepper.o (.text.GimbalStepper_GetFeedback)
                  0000fe00    00000008     heading_control.o (.text.HeadingControl_GetRuntime)
                  0000fe08    00000008     imu.o (.text.Imu_GetRuntime)
                  0000fe10    00000008     line_controller.o (.text.LineController_GetRuntime)
                  0000fe18    00000008     mission_manager.o (.text.MissionManager_GetMissionCount)
                  0000fe20    00000008     mission_manager.o (.text.MissionManager_GetRuntime)
                  0000fe28    00000008     motion_action.o (.text.MotionAction_GetRuntime)
                  0000fe30    00000008     motor_control.o (.text.MotorControl_GetRuntime)
                  0000fe38    00000008     obstacle_avoidance.o (.text.ObstacleAvoidance_GetFeedback)
                  0000fe40    00000008     obstacle_monitor.o (.text.ObstacleMonitor_GetFeedback)
                  0000fe48    00000008     oled_ui.o (.text.OledUi_Init)
                  0000fe50    00000008     runtime_snapshot.o (.text.RuntimeSnapshot_Get)
                  0000fe58    00000008     servo.o (.text.Servo_GetFeedback)
                  0000fe60    00000008     ultrasonic.o (.text.Ultrasonic_GetFeedback)
                  0000fe68    00000008     vision_receiver.o (.text.VisionReceiver_GetStatus)
                  0000fe70    00000008     vision_tuning_console.o (.text.VisionTuningConsole_GetStatus)
                  0000fe78    00000008     watchdog_monitor.o (.text.WatchdogMonitor_GetStatus)
                  0000fe80    00000008     wheel_speed_estimator.o (.text.WheelSpeedEstimator_GetRuntime)
                  0000fe88    00000008     libclang_rt.builtins.a : aeabi_memcpy.S.obj (.text.__aeabi_memcpy)
                  0000fe90    00000008                            : aeabi_memmove.S.obj (.text.__aeabi_memmove)
                  0000fe98    00000006     libc.a : exit.c.obj (.text:abort)
                  0000fe9e    00000004     libsysbm.a : hostexit.c.obj (.text.HOSTexit)
                  0000fea2    00000004     mission_library.o (.text.MissionLibrary_GetCount)
                  0000fea6    00000004     obstacle_avoidance.o (.text.ObstacleAvoidance_IsResumeGraceActive)
                  0000feaa    00000004     startup_mspm0g350x_ticlang.o (.text.Reset_Handler)
                  0000feae    00000004     libc.a : pre_init.c.obj (.text._system_pre_init)
                  0000feb2    0000000e     --HOLE-- [fill = 0]

.cinit     0    00010838    00000030     
                  00010838    0000000c     (__TI_handler_table)
                  00010844    00000008     (.cinit..bss.load) [load image, compression = zero_init]
                  0001084c    00000006     (.cinit..data.load) [load image, compression = lzss]
                  00010852    00000002     --HOLE-- [fill = 0]
                  00010854    00000010     (__TI_cinit_table)
                  00010864    00000004     --HOLE-- [fill = 0]

.rodata    0    0000fec0    00000978     
                  0000fec0    000000d8     oled.o (.rodata..Lswitch.table.OLED_PrintChar)
                  0000ff98    00000048     mission_library.o (.rodata.g_missionCompetitionMain)
                  0000ffe0    00000048     mission_library.o (.rodata.g_missionTestDistance20)
                  00010028    00000048     mission_library.o (.rodata.g_missionTestLine)
                  00010070    00000048     mission_library.o (.rodata.g_missionTestTurn)
                  000100b8    00000040     mission_library.o (.rodata.g_missionRegistry)
                  000100f8    0000002c     oled_ui.o (.rodata..Lswitch.table.print_status_page)
                  00010124    00000028     car_controller.o (.rodata..Lswitch.table.CarController_RunModeToString)
                  0001014c    0000001d     app.o (.rodata.str1.11496703787469058505.1)
                  00010169    00000003     ti_msp_dl_config.o (.rodata.gPWM_MOTORClockConfig)
                  0001016c    0000001c     menu.o (.rodata..Lswitch.table.Menu_ParamItemToString)
                  00010188    0000001c     oled_ui.o (.rodata..Lswitch.table.OledUi_Update_20ms.115)
                  000101a4    0000001c     vision_tuning_console.o (.rodata.str1.1836208005852235077.1)
                  000101c0    00000018     car_state.o (.rodata..Lswitch.table.CarState_ToString)
                  000101d8    00000018     vision_pitch_tuning.o (.rodata..Lswitch.table.VisionPitchTuning_ParamName)
                  000101f0    00000018     oled_ui.o (.rodata..Lswitch.table.print_status_page.116)
                  00010208    00000018     app.o (.rodata.str1.5697808172495890429.1)
                  00010220    00000016     app.o (.rodata.str1.10444262525283912398.1)
                  00010236    00000015     app.o (.rodata.str1.10370861725203452414.1)
                  0001024b    00000015     app.o (.rodata.str1.13935281678674483141.1)
                  00010260    00000014     vision_yaw_tuning.o (.rodata..Lswitch.table.VisionYawTuning_ParamName)
                  00010274    00000014     oled_ui.o (.rodata..Lswitch.table.print_status_page.117)
                  00010288    00000012     app.o (.rodata.str1.6810515665389614968.1)
                  0001029a    00000011     app.o (.rodata.str1.10188681061226583994.1)
                  000102ab    00000011     app.o (.rodata.str1.10678445697442035063.1)
                  000102bc    00000011     app.o (.rodata.str1.11500503312727392459.1)
                  000102cd    00000011     app.o (.rodata.str1.11849843482968746561.1)
                  000102de    00000010     app.o (.rodata.str1.1155299426122084162.1)
                  000102ee    00000010     app.o (.rodata.str1.1428064158287234977.1)
                  000102fe    0000000f     app.o (.rodata.str1.7256834521257261525.1)
                  0001030d    0000000e     oled_ui.o (.rodata.str1.10416366799939242409.1)
                  0001031b    0000000e     app.o (.rodata.str1.5290328808575308624.1)
                  00010329    0000000d     app.o (.rodata.str1.4360399834097859481.1)
                  00010336    00000002     ti_msp_dl_config.o (.rodata.gUART_BLUETOOTHClockConfig)
                  00010338    0000000c     oled_ui.o (.rodata..Lswitch.table.OledUi_Update_20ms)
                  00010344    0000000c     app.o (.rodata.str1.16845902142436992655.1)
                  00010350    0000000c     app.o (.rodata.str1.2540114484728192048.1)
                  0001035c    0000000c     app.o (.rodata.str1.300513063366140995.1)
                  00010368    0000000c     app.o (.rodata.str1.9736592238987147851.1)
                  00010374    0000000b     app.o (.rodata.str1.1944712146988729081.1)
                  0001037f    0000000b     app.o (.rodata.str1.6842359452639101718.1)
                  0001038a    0000000a     ti_msp_dl_config.o (.rodata.gUART_BLUETOOTHConfig)
                  00010394    0000000a     ti_msp_dl_config.o (.rodata.gUART_VISIONConfig)
                  0001039e    0000000a     oled_ui.o (.rodata.str1.12043213579996415112.1)
                  000103a8    0000000a     mission_library.o (.rodata.str1.13636476544574750902.1)
                  000103b2    0000000a     mission_library.o (.rodata.str1.15668266851434757964.1)
                  000103bc    0000000a     mission_library.o (.rodata.str1.199678142196697465.1)
                  000103c6    0000000a     vision_tuning_console.o (.rodata.str1.4859846923128959820.1)
                  000103d0    0000000a     vision_tuning_console.o (.rodata.str1.7225688704195888286.1)
                  000103da    00000002     ti_msp_dl_config.o (.rodata.gUART_VISIONClockConfig)
                  000103dc    00000008     ti_msp_dl_config.o (.rodata.gPWM_MOTORConfig)
                  000103e4    00000008     vision_tuning_console.o (.rodata.str1.11718269490974306969.1)
                  000103ec    00000008     oled_ui.o (.rodata.str1.17763996158807330232.1)
                  000103f4    00000008     vision_tuning_console.o (.rodata.str1.3293472937029561918.1)
                  000103fc    00000008     oled_ui.o (.rodata.str1.9159586779647977165.1)
                  00010404    00000008     oled_ui.o (.rodata.str1.9611283282870761829.1)
                  0001040c    00000008     oled_ui.o (.rodata.str1.9646571805098343045.1)
                  00010414    00000007     vision_tuning_console.o (.rodata.str1.10860306953068020798.1)
                  0001041b    00000007     app.o (.rodata.str1.11016788133198141870.1)
                  00010422    00000007     app.o (.rodata.str1.14141965288680528547.1)
                  00010429    00000007     mission_library.o (.rodata.str1.1440970855772709381.1)
                  00010430    00000007     app.o (.rodata.str1.1796468832600293665.1)
                  00010437    00000007     mission_manager.o (.rodata.str1.378057020374253378.1)
                  0001043e    00000007     oled_ui.o (.rodata.str1.7219546930854689545.1)
                  00010445    00000007     app.o (.rodata.str1.8682387830711593804.1)
                  0001044c    00000006     oled_ui.o (.rodata.str1.10263419832828250601.1)
                  00010452    00000006     vision_tuning_console.o (.rodata.str1.10319329813075420582.1)
                  00010458    00000006     app.o (.rodata.str1.10450196737795524526.1)
                  0001045e    00000006     oled_ui.o (.rodata.str1.1108652269057166745.1)
                  00010464    00000006     app.o (.rodata.str1.11879963978103418143.1)
                  0001046a    00000006     oled_ui.o (.rodata.str1.1445687256832830955.1)
                  00010470    00000006     oled_ui.o (.rodata.str1.16526439943277383452.1)
                  00010476    00000006     oled_ui.o (.rodata.str1.16635595130967924751.1)
                  0001047c    00000006     car_state.o (.rodata.str1.1675797584173499143.1)
                  00010482    00000006     app.o (.rodata.str1.17399001118936924778.1)
                  00010488    00000006     oled_ui.o (.rodata.str1.17540787658903907660.1)
                  0001048e    00000006     oled_ui.o (.rodata.str1.2308938766145545715.1)
                  00010494    00000006     oled_ui.o (.rodata.str1.240075016795266086.1)
                  0001049a    00000006     app.o (.rodata.str1.2606929252065540862.1)
                  000104a0    00000006     vision_tuning_console.o (.rodata.str1.4028100529439820245.1)
                  000104a6    00000006     car_state.o (.rodata.str1.41590466491370331.1)
                  000104ac    00000006     car_controller.o (.rodata.str1.5475209154116713896.1)
                  000104b2    00000006     app.o (.rodata.str1.7777424699149452427.1)
                  000104b8    00000006     oled_ui.o (.rodata.str1.8236579331345056500.1)
                  000104be    00000006     oled_ui.o (.rodata.str1.9584387800903135389.1)
                  000104c4    00000005     motion_action.o (.rodata..Lswitch.table.MotionAction_Update_20ms)
                  000104c9    00000005     oled.o (.rodata.oled_get_glyph.colon)
                  000104ce    00000005     oled.o (.rodata.oled_get_glyph.eight)
                  000104d3    00000005     oled.o (.rodata.oled_get_glyph.five)
                  000104d8    00000005     oled.o (.rodata.oled_get_glyph.four)
                  000104dd    00000005     oled.o (.rodata.oled_get_glyph.glyphA)
                  000104e2    00000005     oled.o (.rodata.oled_get_glyph.glyphB)
                  000104e7    00000005     oled.o (.rodata.oled_get_glyph.glyphC)
                  000104ec    00000005     oled.o (.rodata.oled_get_glyph.glyphD)
                  000104f1    00000005     oled.o (.rodata.oled_get_glyph.glyphE)
                  000104f6    00000005     oled.o (.rodata.oled_get_glyph.glyphF)
                  000104fb    00000005     oled.o (.rodata.oled_get_glyph.glyphG)
                  00010500    00000005     oled.o (.rodata.oled_get_glyph.glyphH)
                  00010505    00000005     oled.o (.rodata.oled_get_glyph.glyphI)
                  0001050a    00000005     oled.o (.rodata.oled_get_glyph.glyphK)
                  0001050f    00000005     oled.o (.rodata.oled_get_glyph.glyphL)
                  00010514    00000005     oled.o (.rodata.oled_get_glyph.glyphM)
                  00010519    00000005     oled.o (.rodata.oled_get_glyph.glyphN)
                  0001051e    00000005     oled.o (.rodata.oled_get_glyph.glyphO)
                  00010523    00000005     oled.o (.rodata.oled_get_glyph.glyphP)
                  00010528    00000005     oled.o (.rodata.oled_get_glyph.glyphR)
                  0001052d    00000005     oled.o (.rodata.oled_get_glyph.glyphS)
                  00010532    00000005     oled.o (.rodata.oled_get_glyph.glyphT)
                  00010537    00000005     oled.o (.rodata.oled_get_glyph.glyphU)
                  0001053c    00000005     oled.o (.rodata.oled_get_glyph.glyphV)
                  00010541    00000005     oled.o (.rodata.oled_get_glyph.glyphW)
                  00010546    00000005     oled.o (.rodata.oled_get_glyph.glyphX)
                  0001054b    00000005     oled.o (.rodata.oled_get_glyph.glyphY)
                  00010550    00000005     oled.o (.rodata.oled_get_glyph.glyphb)
                  00010555    00000005     oled.o (.rodata.oled_get_glyph.gt)
                  0001055a    00000005     oled.o (.rodata.oled_get_glyph.minus)
                  0001055f    00000005     oled.o (.rodata.oled_get_glyph.nine)
                  00010564    00000005     oled.o (.rodata.oled_get_glyph.one)
                  00010569    00000005     oled.o (.rodata.oled_get_glyph.seven)
                  0001056e    00000005     oled.o (.rodata.oled_get_glyph.six)
                  00010573    00000005     oled.o (.rodata.oled_get_glyph.space)
                  00010578    00000005     oled.o (.rodata.oled_get_glyph.three)
                  0001057d    00000005     oled.o (.rodata.oled_get_glyph.two)
                  00010582    00000005     oled.o (.rodata.oled_get_glyph.zero)
                  00010587    00000005     oled_ui.o (.rodata.str1.12182588061437138428.1)
                  0001058c    00000005     app.o (.rodata.str1.12441497784875596899.1)
                  00010591    00000005     car_controller.o (.rodata.str1.12442237994239546032.1)
                  00010596    00000005     oled_ui.o (.rodata.str1.12697925274637991987.1)
                  0001059b    00000005     app.o (.rodata.str1.13152753855131087754.1)
                  000105a0    00000005     oled_ui.o (.rodata.str1.13567883086814673087.1)
                  000105a5    00000005     oled_ui.o (.rodata.str1.13790669171379415506.1)
                  000105aa    00000005     oled_ui.o (.rodata.str1.13871579367539052597.1)
                  000105af    00000005     vision_pitch_tuning.o (.rodata.str1.13915893147848268398.1)
                  000105b4    00000005     oled_ui.o (.rodata.str1.14358698208395374265.1)
                  000105b9    00000005     fault.o (.rodata.str1.14435905801345341244.1)
                  000105be    00000005     oled_ui.o (.rodata.str1.14711868471336838103.1)
                  000105c3    00000005     fault.o (.rodata.str1.1506612114648992996.1)
                  000105c8    00000005     oled_ui.o (.rodata.str1.15613891207764622616.1)
                  000105cd    00000005     oled_ui.o (.rodata.str1.15817398807211891688.1)
                  000105d2    00000005     oled_ui.o (.rodata.str1.16290499236105125126.1)
                  000105d7    00000005     oled_ui.o (.rodata.str1.16411631209783952401.1)
                  000105dc    00000005     car_controller.o (.rodata.str1.1652194605229746967.1)
                  000105e1    00000005     app.o (.rodata.str1.16692611307951120442.1)
                  000105e6    00000005     oled_ui.o (.rodata.str1.16931641404301806744.1)
                  000105eb    00000005     oled_ui.o (.rodata.str1.16939060351352778619.1)
                  000105f0    00000005     fault.o (.rodata.str1.17097894860660336008.1)
                  000105f5    00000005     fault.o (.rodata.str1.17155043670132108083.1)
                  000105fa    00000005     vision_tuning_console.o (.rodata.str1.17265544270347038021.1)
                  000105ff    00000005     oled_ui.o (.rodata.str1.17464849429964608858.1)
                  00010604    00000005     oled_ui.o (.rodata.str1.17763087492223448992.1)
                  00010609    00000005     oled_ui.o (.rodata.str1.1974573040514735405.1)
                  0001060e    00000005     fault.o (.rodata.str1.2104670281202025270.1)
                  00010613    00000005     oled_ui.o (.rodata.str1.2522137003438374266.1)
                  00010618    00000005     app.o (.rodata.str1.2568190970272041647.1)
                  0001061d    00000005     oled_ui.o (.rodata.str1.2742282290834473644.1)
                  00010622    00000005     oled_ui.o (.rodata.str1.2983744876309220570.1)
                  00010627    00000005     oled_ui.o (.rodata.str1.3467953211977455017.1)
                  0001062c    00000005     app.o (.rodata.str1.3543938948723267646.1)
                  00010631    00000005     oled_ui.o (.rodata.str1.3702290527496711532.1)
                  00010636    00000005     car_controller.o (.rodata.str1.4164979912472006574.1)
                  0001063b    00000005     fault.o (.rodata.str1.4453281041433270631.1)
                  00010640    00000005     fault.o (.rodata.str1.4549004730087743662.1)
                  00010645    00000005     oled_ui.o (.rodata.str1.4581472623415959594.1)
                  0001064a    00000005     oled_ui.o (.rodata.str1.4610220316623841660.1)
                  0001064f    00000005     car_controller.o (.rodata.str1.4850163232891874878.1)
                  00010654    00000005     menu.o (.rodata.str1.4862307748908978627.1)
                  00010659    00000005     app.o (.rodata.str1.5602021903949372904.1)
                  0001065e    00000005     app.o (.rodata.str1.5950367083599167409.1)
                  00010663    00000005     fault.o (.rodata.str1.6372787129294360447.1)
                  00010668    00000005     fault.o (.rodata.str1.6437946768974223044.1)
                  0001066d    00000005     car_controller.o (.rodata.str1.702403006289709404.1)
                  00010672    00000005     oled_ui.o (.rodata.str1.7419768602719733415.1)
                  00010677    00000005     vision_yaw_tuning.o (.rodata.str1.7764041101441114269.1)
                  0001067c    00000005     oled_ui.o (.rodata.str1.7774807581888385879.1)
                  00010681    00000005     oled_ui.o (.rodata.str1.8124536758062367015.1)
                  00010686    00000005     fault.o (.rodata.str1.8185770893384132067.1)
                  0001068b    00000005     car_state.o (.rodata.str1.8223341253983108753.1)
                  00010690    00000005     oled_ui.o (.rodata.str1.8399051469953744892.1)
                  00010695    00000005     oled_ui.o (.rodata.str1.8403269972884532600.1)
                  0001069a    00000005     oled_ui.o (.rodata.str1.8426569189266129334.1)
                  0001069f    00000005     oled_ui.o (.rodata.str1.8460525935980491721.1)
                  000106a4    00000005     oled_ui.o (.rodata.str1.8693388333057100694.1)
                  000106a9    00000005     car_state.o (.rodata.str1.8698975129455933903.1)
                  000106ae    00000005     oled_ui.o (.rodata.str1.8950259614286592359.1)
                  000106b3    00000005     oled_ui.o (.rodata.str1.9102528229756940648.1)
                  000106b8    00000005     oled_ui.o (.rodata.str1.9295666102996717355.1)
                  000106bd    00000005     oled_ui.o (.rodata.str1.9351772214919528733.1)
                  000106c2    00000005     oled_ui.o (.rodata.str1.9822857334037886482.1)
                  000106c7    00000005     car_controller.o (.rodata.str1.9981487771679760427.1)
                  000106cc    00000004     oled_ui.o (.rodata.str1.10077435089618835710.1)
                  000106d0    00000004     oled_ui.o (.rodata.str1.1019225241002246410.1)
                  000106d4    00000004     oled_ui.o (.rodata.str1.10430294223631918979.1)
                  000106d8    00000004     oled_ui.o (.rodata.str1.10568433575767188072.1)
                  000106dc    00000004     oled_ui.o (.rodata.str1.11232419324784801130.1)
                  000106e0    00000004     oled_ui.o (.rodata.str1.11428648044669318875.1)
                  000106e4    00000004     menu.o (.rodata.str1.12110183915172842339.1)
                  000106e8    00000004     oled_ui.o (.rodata.str1.12493748764729730277.1)
                  000106ec    00000004     oled_ui.o (.rodata.str1.12617122458660443890.1)
                  000106f0    00000004     car_controller.o (.rodata.str1.12661897076542654461.1)
                  000106f4    00000004     oled_ui.o (.rodata.str1.12928245060369742404.1)
                  000106f8    00000004     oled_ui.o (.rodata.str1.12983537867572525563.1)
                  000106fc    00000004     oled_ui.o (.rodata.str1.13244290092665904221.1)
                  00010700    00000004     fault.o (.rodata.str1.13582094816268305212.1)
                  00010704    00000004     oled_ui.o (.rodata.str1.13882251010780863896.1)
                  00010708    00000004     car_state.o (.rodata.str1.13986535679874659196.1)
                  0001070c    00000004     vision_tuning_console.o (.rodata.str1.14084955404328172175.1)
                  00010710    00000004     oled_ui.o (.rodata.str1.14134189893851348960.1)
                  00010714    00000004     oled_ui.o (.rodata.str1.14521350379984854626.1)
                  00010718    00000004     oled_ui.o (.rodata.str1.15008238333949226094.1)
                  0001071c    00000004     oled_ui.o (.rodata.str1.15575624326185233262.1)
                  00010720    00000004     oled_ui.o (.rodata.str1.15577080202403550426.1)
                  00010724    00000004     oled_ui.o (.rodata.str1.15802367878353263018.1)
                  00010728    00000004     oled_ui.o (.rodata.str1.15829239520183577662.1)
                  0001072c    00000004     oled_ui.o (.rodata.str1.15935041339501476673.1)
                  00010730    00000004     menu.o (.rodata.str1.16312125044762562515.1)
                  00010734    00000004     fault.o (.rodata.str1.16482347271627360806.1)
                  00010738    00000004     oled_ui.o (.rodata.str1.16554583589798097927.1)
                  0001073c    00000004     vision_pitch_tuning.o (.rodata.str1.16579632732967443104.1)
                  00010740    00000004     oled_ui.o (.rodata.str1.16849766574302683489.1)
                  00010744    00000004     app.o (.rodata.str1.16907334182888988062.1)
                  00010748    00000004     menu.o (.rodata.str1.17041139162815566052.1)
                  0001074c    00000004     car_controller.o (.rodata.str1.17172356789460551389.1)
                  00010750    00000004     oled_ui.o (.rodata.str1.17274519358952562110.1)
                  00010754    00000004     car_controller.o (.rodata.str1.18191498530309206443.1)
                  00010758    00000004     oled_ui.o (.rodata.str1.18266126048138325213.1)
                  0001075c    00000004     oled_ui.o (.rodata.str1.18379317056176403938.1)
                  00010760    00000004     oled_ui.o (.rodata.str1.2656948373757303877.1)
                  00010764    00000004     oled_ui.o (.rodata.str1.270145429241168923.1)
                  00010768    00000004     oled_ui.o (.rodata.str1.3407221357956504873.1)
                  0001076c    00000004     oled_ui.o (.rodata.str1.3455423528827705371.1)
                  00010770    00000004     car_state.o (.rodata.str1.3601627812925153765.1)
                  00010774    00000004     oled_ui.o (.rodata.str1.4402311448527872260.1)
                  00010778    00000004     oled_ui.o (.rodata.str1.4581686099848791648.1)
                  0001077c    00000004     oled_ui.o (.rodata.str1.4582914374586912483.1)
                  00010780    00000004     oled_ui.o (.rodata.str1.5004483696121082904.1)
                  00010784    00000004     app.o (.rodata.str1.5135238925662358659.1)
                  00010788    00000004     oled_ui.o (.rodata.str1.5853739094453432564.1)
                  0001078c    00000004     oled_ui.o (.rodata.str1.5965450730569173784.1)
                  00010790    00000004     oled_ui.o (.rodata.str1.5965888106848176421.1)
                  00010794    00000004     oled_ui.o (.rodata.str1.6806727740681590176.1)
                  00010798    00000004     menu.o (.rodata.str1.6857549598058878762.1)
                  0001079c    00000004     oled_ui.o (.rodata.str1.6954814719705590448.1)
                  000107a0    00000004     oled_ui.o (.rodata.str1.7185587941321649510.1)
                  000107a4    00000004     fault.o (.rodata.str1.7255546073596598018.1)
                  000107a8    00000004     oled_ui.o (.rodata.str1.8018480777946742726.1)
                  000107ac    00000004     oled_ui.o (.rodata.str1.8471462185882660445.1)
                  000107b0    00000004     oled_ui.o (.rodata.str1.8783421139296713095.1)
                  000107b4    00000004     car_controller.o (.rodata.str1.9234375891235759983.1)
                  000107b8    00000004     vision_tuning_console.o (.rodata.str1.9292707793305368794.1)
                  000107bc    00000004     vision_yaw_tuning.o (.rodata.str1.9489746196023004463.1)
                  000107c0    00000004     oled_ui.o (.rodata.str1.967006512144173535.1)
                  000107c4    00000004     oled_ui.o (.rodata.str1.9854382722193312766.1)
                  000107c8    00000003     oled_ui.o (.rodata.str1.10509309789429088155.1)
                  000107cb    00000003     vision_pitch_tuning.o (.rodata.str1.10553819018306626402.1)
                  000107ce    00000003     vision_tuning_console.o (.rodata.str1.12197883643583142124.1)
                  000107d1    00000003     app.o (.rodata.str1.12846834802551182568.1)
                  000107d4    00000003     oled_ui.o (.rodata.str1.130772507669342127.1)
                  000107d7    00000003     menu.o (.rodata.str1.13124720451672825294.1)
                  000107da    00000003     menu.o (.rodata.str1.14098755746347272832.1)
                  000107dd    00000003     oled_ui.o (.rodata.str1.14556837007311414654.1)
                  000107e0    00000003     oled_ui.o (.rodata.str1.14740362735394205067.1)
                  000107e3    00000003     oled_ui.o (.rodata.str1.14774750633985060196.1)
                  000107e6    00000003     vision_pitch_tuning.o (.rodata.str1.15082469624955958926.1)
                  000107e9    00000003     oled_ui.o (.rodata.str1.15132332204781002199.1)
                  000107ec    00000003     vision_yaw_tuning.o (.rodata.str1.15455206247194842411.1)
                  000107ef    00000003     oled_ui.o (.rodata.str1.15859922799842739878.1)
                  000107f2    00000003     vision_tuning_console.o (.rodata.str1.16336339630363933256.1)
                  000107f5    00000003     oled_ui.o (.rodata.str1.16895433903389883335.1)
                  000107f8    00000003     vision_pitch_tuning.o (.rodata.str1.17185918124541117546.1)
                  000107fb    00000003     oled_ui.o (.rodata.str1.17812014771544466701.1)
                  000107fe    00000003     oled_ui.o (.rodata.str1.17884296644359297425.1)
                  00010801    00000003     vision_pitch_tuning.o (.rodata.str1.18308346119964257230.1)
                  00010804    00000003     oled_ui.o (.rodata.str1.2193316011307952170.1)
                  00010807    00000003     vision_pitch_tuning.o (.rodata.str1.2353024170771920291.1)
                  0001080a    00000003     oled_ui.o (.rodata.str1.2603845803395459882.1)
                  0001080d    00000003     oled_ui.o (.rodata.str1.2608729314174233125.1)
                  00010810    00000003     oled_ui.o (.rodata.str1.3025253791635144717.1)
                  00010813    00000003     app.o (.rodata.str1.3926683289694998730.1)
                  00010816    00000003     vision_yaw_tuning.o (.rodata.str1.4032468970572441659.1)
                  00010819    00000003     app.o (.rodata.str1.4454204961402941108.1)
                  0001081c    00000003     app.o (.rodata.str1.459633387597029752.1)
                  0001081f    00000003     menu.o (.rodata.str1.4646809750356241979.1)
                  00010822    00000003     vision_yaw_tuning.o (.rodata.str1.6393086909333857079.1)
                  00010825    00000003     vision_yaw_tuning.o (.rodata.str1.6657421771701333087.1)
                  00010828    00000003     app.o (.rodata.str1.6838489472292434579.1)
                  0001082b    00000003     fault.o (.rodata.str1.8193046109637024842.1)
                  0001082e    00000003     oled_ui.o (.rodata.str1.9229350655415085.1)
                  00010831    00000003     oled_ui.o (.rodata.str1.9544068167406571052.1)
                  00010834    00000002     oled_ui.o (.rodata.str1.15917848551323629232.1)
                  00010836    00000002     --HOLE-- [fill = 0]

.init_array 
*          0    00000000    00000000     UNINITIALIZED

.binit     0    00000000    00000000     

.bss       0    20200000    0000126b     UNINITIALIZED
                  20200000    00000400     oled.o (.bss.g_oledFrame)
                  20200400    00000200     vision_receiver.o (.bss.g_ring)
                  20200600    000001c8     runtime_snapshot.o (.bss.g_snapshot)
                  202007c8    00000110     (.common:g_appConfig)
                  202008d8    00000100     vision_tuning_console.o (.bss.g_rxRing)
                  202009d8    00000100     bluetooth_uart.o (.bss.g_txRing)
                  20200ad8    00000100     vision_tuning_console.o (.bss.g_txRing)
                  20200bd8    00000084     (.common:g_imuRuntime)
                  20200c5c    00000080     bluetooth_uart.o (.bss.g_rxRing)
                  20200cdc    0000007c     motor_control.o (.bss.g_runtime)
                  20200d58    0000006c     (.common:g_appRuntime)
                  20200dc4    00000058     vision_receiver.o (.bss.g_status)
                  20200e1c    00000004     imu.o (.bss.g_elapsedSinceValidSampleMs)
                  20200e20    00000058     (.common:g_wheelSpeedEstimatorRuntime)
                  20200e78    00000040     gimbal.o (.bss.g_feedback)
                  20200eb8    00000040     vision_tuning_console.o (.bss.g_line)
                  20200ef8    00000040     line_controller.o (.bss.g_lineRuntime)
                  20200f38    00000040     app.o (.bss.g_remoteLine)
                  20200f78    00000030     mission_manager.o (.bss.g_transientActions)
                  20200fa8    00000030     (.common:gUART_VISIONBackup)
                  20200fd8    0000002c     vision_receiver.o (.bss.g_observation)
                  20201004    0000002c     empty.o (.bss.g_schedulerStats)
                  20201030    00000028     vision_receiver.o (.bss.g_frame)
                  20201058    00000020     bluetooth_uart.o (.bss.g_runtime)
                  20201078    0000001c     mission_manager.o (.bss.g_missionRuntime)
                  20201094    0000001c     (.common:g_headingRuntime)
                  202010b0    00000018     obstacle_avoidance.o (.bss.g_avoidFeedback)
                  202010c8    00000018     gimbal_stepper.o (.bss.g_feedback)
                  202010e0    00000018     vision_pitch_tuning.o (.bss.g_status)
                  202010f8    00000018     vision_tuning_console.o (.bss.g_status)
                  20201110    00000014     motion_action.o (.bss.g_motionActionRuntime)
                  20201124    00000004     debug_telemetry.o (.bss.g_lastFrameMs)
                  20201128    00000014     vision_yaw_tuning.o (.bss.g_status)
                  2020113c    00000014     watchdog_monitor.o (.bss.g_status)
                  20201150    00000010     fault.o (.bss.g_faultRecord)
                  20201160    00000010     motor.o (.bss.g_motorRuntime)
                  20201170    00000010     mission_manager.o (.bss.g_transientDefinition)
                  20201180    0000000e     car_controller.o (.bss.g_carControllerFeedback)
                  2020118e    00000002     ultrasonic.o (.bss.g_echoTicks)
                  20201190    0000000e     ultrasonic.o (.bss.g_ultrasonicFeedback)
                  2020119e    00000002     vision_receiver.o (.bss.g_ringHead)
                  202011a0    0000000c     debug_telemetry.o (.bss.g_status)
                  202011ac    00000008     obstacle_monitor.o (.bss.g_obstacleFeedback)
                  202011b4    00000004     watchdog_monitor.o (.bss.g_lastTickMs)
                  202011b8    00000008     gimbal.o (.bss.g_yawContinuousDegX10)
                  202011c0    00000008     gimbal.o (.bss.g_yawLockedWorldYawDegX10)
                  202011c8    00000008     gimbal.o (.bss.g_yawTargetContinuousDegX10)
                  202011d0    00000008     gimbal.o (.bss.g_yawWorldTargetDegX10)
                  202011d8    00000008     gimbal.o (.bss.g_yawWrappedDegX10)
                  202011e0    00000006     ultrasonic.o (.bss.g_distanceSamples)
                  202011e6    00000006     key.o (.bss.g_key1)
                  202011ec    00000006     key.o (.bss.g_key2)
                  202011f2    00000006     key.o (.bss.g_key3)
                  202011f8    00000004     wheel_speed_estimator.o (.bss.g_latchedErrorFlags)
                  202011fc    00000004     empty.o (.bss.g_localTimeMs)
                  20201200    00000004     encoder.o (.bss.g_motorAPulses)
                  20201204    00000004     encoder.o (.bss.g_motorBPulses)
                  20201208    00000004     imu.o (.bss.g_previousValidCorrectedGyroZDps)
                  2020120c    00000004     mission_manager.o (.bss.g_selectedDefinition)
                  20201210    00000004     servo.o (.bss.g_servoFeedback)
                  20201214    00000004     gimbal.o (.bss.g_yawCommandedRpm)
                  20201218    00000004     gimbal.o (.bss.g_yawTargetRpm)
                  2020121c    00000004     empty.o (.bss.main.lastAppUpdateMs)
                  20201220    00000002     vision_receiver.o (.bss.g_ringTail)
                  20201222    00000002     bluetooth_uart.o (.bss.g_rxHead)
                  20201224    00000002     vision_tuning_console.o (.bss.g_rxHead)
                  20201226    00000002     bluetooth_uart.o (.bss.g_rxTail)
                  20201228    00000002     vision_tuning_console.o (.bss.g_rxTail)
                  2020122a    00000002     servo.o (.bss.g_servoPwmPhase)
                  2020122c    00000002     ultrasonic.o (.bss.g_stateTicks)
                  2020122e    00000002     bluetooth_uart.o (.bss.g_txHead)
                  20201230    00000002     vision_tuning_console.o (.bss.g_txHead)
                  20201232    00000002     bluetooth_uart.o (.bss.g_txTail)
                  20201234    00000002     vision_tuning_console.o (.bss.g_txTail)
                  20201236    00000002     (.common:g_trackError)
                  20201238    00000001     oled_ui.o (.bss.OledUi_Update_20ms.flushRow)
                  20201239    00000001     oled_ui.o (.bss.OledUi_Update_20ms.refreshDivider)
                  2020123a    00000001     empty.o (.bss.SysTick_Handler.controlMsCount)
                  2020123b    00000001     empty.o (.bss.SysTick_Handler.tick100usCount)
                  2020123c    00000001     ultrasonic.o (.bss.Ultrasonic_Update_20ms.triggerDivider)
                  2020123d    00000001     empty.o (.bss.g_appUpdatePending)
                  2020123e    00000001     vision_tuning_console.o (.bss.g_capturing)
                  2020123f    00000001     car_state.o (.bss.g_carState)
                  20201240    00000001     obstacle_monitor.o (.bss.g_centerSettleTicks)
                  20201241    00000001     vision_tuning_console.o (.bss.g_commandTarget)
                  20201242    00000001     ultrasonic.o (.bss.g_distanceSampleCount)
                  20201243    00000001     ultrasonic.o (.bss.g_distanceSampleIndex)
                  20201244    00000001     emergency_stop.o (.bss.g_emergencyStopActive)
                  20201245    00000001     watchdog_monitor.o (.bss.g_faultApplied)
                  20201246    00000001     watchdog_monitor.o (.bss.g_faultPending)
                  20201247    00000001     vision_receiver.o (.bss.g_frameSize)
                  20201248    00000001     imu.o (.bss.g_integrationHistoryValid)
                  20201249    00000001     wheel_speed_estimator.o (.bss.g_leftFilterInitialized)
                  2020124a    00000001     vision_tuning_console.o (.bss.g_lineSize)
                  2020124b    00000001     obstacle_safety.o (.bss.g_obstacleSafetyHolding)
                  2020124c    00000001     oled.o (.bss.g_oledColumn)
                  2020124d    00000001     menu.o (.bss.g_oledPage)
                  2020124e    00000001     oled.o (.bss.g_oledPage)
                  2020124f    00000001     encoder.o (.bss.g_overflowFlags)
                  20201250    00000001     menu.o (.bss.g_paramItem)
                  20201251    00000001     menu.o (.bss.g_paramReturnPage)
                  20201252    00000001     key.o (.bss.g_pendingEvent)
                  20201253    00000001     vision_tuning_console.o (.bss.g_prefixIndex)
                  20201254    00000001     vision_tuning_console.o (.bss.g_prefixTarget)
                  20201255    00000001     app.o (.bss.g_remoteAction)
                  20201256    00000001     app.o (.bss.g_remoteDiscardLine)
                  20201257    00000001     app.o (.bss.g_remoteLineLength)
                  20201258    00000001     wheel_speed_estimator.o (.bss.g_rightFilterInitialized)
                  20201259    00000001     car_controller.o (.bss.g_safetyHold)
                  2020125a    00000001     imu.o (.bss.g_shortGapPending)
                  2020125b    00000001     motor_control.o (.bss.g_targetRefreshed)
                  2020125c    00000001     mission_manager.o (.bss.g_transientActionActive)
                  2020125d    00000001     ultrasonic.o (.bss.g_triggerRequest)
                  2020125e    00000001     ultrasonic.o (.bss.g_ultrasonicState)
                  2020125f    00000001     gimbal.o (.bss.g_yawLimitClamped)
                  20201260    00000001     gimbal.o (.bss.g_yawLimitDirection)
                  20201261    00000001     gimbal.o (.bss.g_yawPositionValid)
                  20201262    00000001     gimbal.o (.bss.g_yawWorldLockEnabled)
                  20201263    00000001     (.common:g_carStateDebug)
                  20201264    00000001     (.common:g_keyEvent)
                  20201265    00000001     (.common:g_oledPageDebug)
                  20201266    00000001     (.common:g_paramItemDebug)
                  20201267    00000001     (.common:g_trackBlackCount)
                  20201268    00000001     (.common:g_trackModeDebug)
                  20201269    00000001     (.common:g_trackRaw)
                  2020126a    00000001     (.common:g_trackTurnDebug)

.data      0    2020126b    00000002     UNINITIALIZED
                  2020126b    00000001     car_controller.o (.data.g_followTurnPolicy)
                  2020126c    00000001     app.o (.data.g_remoteGear)

.stack     0    20207e00    00000200     UNINITIALIZED
                  20207e00    00000004     libc.a : boot_cortex_m.c.obj (.stack)
                  20207e04    000001fc     --HOLE--

__llvm_prf_cnts 
*          0    20200000    00000000     UNINITIALIZED

__llvm_prf_bits 
*          0    20200000    00000000     UNINITIALIZED

MODULE SUMMARY

       Module                         code    ro data   rw data
       ------                         ----    -------   -------
    .\
       oled_ui.o                      10548   657       2      
       vision_tuning_console.o        9616    102       613    
       app.o                          7308    463       78     
       car_controller.o               4360    92        124    
       imu.o                          4252    0         142    
       oled.o                         2006    406       1026   
       motor_control.o                2768    0         125    
       app_config.o                   2144    0         272    
       line_controller.o              2196    0         64     
       vision_receiver.o              1072    0         689    
       mission_manager.o              1556    7         97     
       runtime_snapshot.o             1192    0         456    
       bluetooth_uart.o               1134    0         424    
       motion_action.o                1368    5         20     
       wheel_speed_estimator.o        1292    0         94     
       gimbal.o                       896     0         116    
       mission_library.o              560     389       0      
       ti_msp_dl_config.o             760     35        48     
       motor.o                        776     0         16     
       menu.o                         704     58        3      
       vision_protocol.o              732     0         0      
       ultrasonic.o                   596     0         29     
       empty.o                        408     0         55     
       key.o                          436     0         19     
       fault.o                        296     65        16     
       track_sensor.o                 372     0         0      
       heading_control.o              340     0         28     
       vision_pitch_tuning.o          260     48        24     
       watchdog_monitor.o             292     0         26     
       vision_yaw_tuning.o            248     41        20     
       encoder.o                      276     0         9      
       obstacle_safety.o              272     0         1      
       obstacle_monitor.o             192     0         9      
       startup_mspm0g350x_ticlang.o   6       192       0      
       angle_utils.o                  192     0         0      
       servo.o                        176     0         6      
       emergency_stop.o               176     0         1      
       vision_uart.o                  164     0         0      
       car_state.o                    60      54        1      
       obstacle_avoidance.o           62      0         24     
       debug_telemetry.o              56      0         16     
       gimbal_stepper.o               8       0         24     
    +--+------------------------------+-------+---------+---------+
       Total:                         62128   2614      4717   
                                                               
    C:/TI/mspm0_sdk_2_05_01_00/source/ti/driverlib/lib/ticlang/m0p/mspm0g1x0x_g3x0x/driverlib.a
       dl_timer.o                     388     0         0      
       dl_uart.o                      90      0         0      
       dl_common.o                    10      0         0      
    +--+------------------------------+-------+---------+---------+
       Total:                         488     0         0      
                                                               
    D:\TI\CCS\ccs\tools\compiler\ti-cgt-armllvm_4.0.4.LTS\lib\armv6m-ti-none-eabi/c/libc.a
       memcpy16.S.obj                 154     0         0      
       strcmp-armv6m.S.obj            136     0         0      
       copy_decompress_lzss.c.obj     124     0         0      
       memset16.S.obj                 98      0         0      
       autoinit.c.obj                 60      0         0      
       boot_cortex_m.c.obj            40      0         0      
       memmov.c.obj                   40      0         0      
       copy_decompress_none.c.obj     18      0         0      
       copy_zero_init.c.obj           16      0         0      
       exit.c.obj                     6       0         0      
       pre_init.c.obj                 4       0         0      
    +--+------------------------------+-------+---------+---------+
       Total:                         696     0         0      
                                                               
    D:\TI\CCS\ccs\tools\compiler\ti-cgt-armllvm_4.0.4.LTS\lib\armv6m-ti-none-eabi/c/libsysbm.a
       hostexit.c.obj                 4       0         0      
    +--+------------------------------+-------+---------+---------+
       Total:                         4       0         0      
                                                               
    D:\TI\CCS\ccs\tools\compiler\ti-cgt-armllvm_4.0.4.LTS\lib\armv6m-ti-none-eabi/libclang_rt.builtins.a
       addsf3.S.obj                   216     0         0      
       udivmoddi4.S.obj               162     0         0      
       comparesf2.S.obj               140     0         0      
       mulsf3.S.obj                   140     0         0      
       divsf3.S.obj                   130     0         0      
       aeabi_fcmp.S.obj               98      0         0      
       fixsfdi.S.obj                  96      0         0      
       aeabi_idivmod.S.obj            86      0         0      
       floatdisf.S.obj                78      0         0      
       aeabi_uidivmod.S.obj           64      0         0      
       divmoddi4.c.obj                62      0         0      
       floatsisf.S.obj                60      0         0      
       muldsi3.S.obj                  58      0         0      
       fixsfsi.S.obj                  56      0         0      
       fixunssfsi.S.obj               50      0         0      
       floatunsisf.S.obj              40      0         0      
       muldi3.S.obj                   36      0         0      
       ashldi3.S.obj                  30      0         0      
       aeabi_ldivmod.S.obj            20      0         0      
       aeabi_uldivmod.S.obj           20      0         0      
       aeabi_memset.S.obj             12      0         0      
       aeabi_memcpy.S.obj             8       0         0      
       aeabi_memmove.S.obj            8       0         0      
       aeabi_div0.c.obj               4       0         0      
    +--+------------------------------+-------+---------+---------+
       Total:                         1674    0         0      
                                                               
       Stack:                         0       0         512    
       Linker Generated:              0       42        0      
    +--+------------------------------+-------+---------+---------+
       Grand Total:                   64990   2656      5229   


LINKER GENERATED COPY TABLES

__TI_cinit_table @ 00010854 records: 2, size/record: 8, table size: 16
	.bss: load addr=00010844, load size=00000008 bytes, run addr=20200000, run size=0000126b bytes, compression=zero_init
	.data: load addr=0001084c, load size=00000006 bytes, run addr=2020126b, run size=00000002 bytes, compression=lzss


LINKER GENERATED HANDLER TABLE

__TI_handler_table @ 00010838 records: 3, size/record: 4, table size: 12
	index: 0, handler: __TI_decompress_lzss
	index: 1, handler: __TI_decompress_none
	index: 2, handler: __TI_zero_init


GLOBAL SYMBOLS: SORTED ALPHABETICALLY BY Name 

address   name                                      
-------   ----                                      
0000d62b  ADC0_IRQHandler                           
0000d62b  ADC1_IRQHandler                           
0000d62b  AES_IRQHandler                            
0000d2b5  Angle_Normalize180                        
00009959  AppConfig_InitDefault                     
000058c9  AppConfig_LimitAll                        
0000d6cd  App_Init                                  
0000e27d  App_ResetToReady                          
000045f5  App_Update_20ms                           
0000dc89  BluetoothUart_GetRuntime                  
0000dc01  BluetoothUart_Init                        
0000ba41  BluetoothUart_Process                     
0000f309  BluetoothUart_TryReadByte                 
0000a759  BluetoothUart_TryWriteBuffer              
0000f2d1  BluetoothUart_TryWriteString              
0000fe9e  C$$EXIT                                   
0000d62b  CANFD0_IRQHandler                         
0000fde9  CarController_GetFeedback                 
0000fcc5  CarController_GetRunMode                  
0000fcd1  CarController_Init                        
0000fcdd  CarController_IsSafetyHoldActive          
0000d375  CarController_ResetRuntime                
0000d9cd  CarController_ResetTransientState         
0000fa91  CarController_RunModeToString             
0000dd19  CarController_SetSafetyHold               
0000d119  CarController_StartDriveDistance          
0000b015  CarController_StartDriveDistanceAtYaw     
0000dea5  CarController_StartDriveHeading           
0000eec1  CarController_StartFollowLine             
0000d939  CarController_StartTurnToYawRelative      
0000ea3d  CarController_Stop                        
0000b1b1  CarController_Update_20ms                 
0000fce9  CarState_Get                              
0000fcf5  CarState_Init                             
0000fd01  CarState_Set                              
0000faa9  CarState_ToString                         
0000d62b  DAC0_IRQHandler                           
0000fdc1  DL_Common_delayCycles                     
0000c33d  DL_Timer_initFourCCPWMMode                
0000f861  DL_Timer_overrideCCPOut                   
0000f941  DL_Timer_setCaptCompUpdateMethod          
0000fac1  DL_Timer_setCaptureCompareOutCtl          
0000fc85  DL_Timer_setCaptureCompareValue           
0000f95d  DL_Timer_setClockConfig                   
0000ed65  DL_UART_init                              
0000fc61  DL_UART_setClockConfig                    
0000d62b  DMA_IRQHandler                            
0000fad9  DebugTelemetry_Init                       
0000f881  DebugTelemetry_Update                     
0000d62b  Default_Handler                           
0000f765  EmergencyStop_Enforce                     
0000fd0d  EmergencyStop_Init                        
0000fd19  EmergencyStop_IsActive                    
0000ef01  EmergencyStop_Reset                       
0000f33d  EmergencyStop_Trigger                     
0000edf5  Encoder_GetAndClearPulseDeltas            
0000d4e5  Encoder_HandleGpioInterrupt               
0000f5c9  Encoder_Reset                             
0000d1ed  FaultCode_ToShortString                   
0000fb99  Fault_Clear                               
0000fdf1  Fault_GetRecord                           
0000fbad  Fault_Init                                
0000f4a9  Fault_Raise                               
0000d62b  GROUP0_IRQHandler                         
0000fbc1  GROUP1_IRQHandler                         
0000fdf9  GimbalStepper_GetFeedback                 
0000fc95  Gimbal_YawGetFeedback                     
0000fe9f  HOSTexit                                  
0000d62b  HardFault_Handler                         
0000fbd5  HeadingControl_Enable                     
0000fe01  HeadingControl_GetRuntime                 
0000faf1  HeadingControl_Init                       
0000fb09  HeadingControl_Reset                      
0000f979  HeadingControl_SetTargetYaw               
0000c931  HeadingControl_Update                     
0000d62b  I2C0_IRQHandler                           
0000d62b  I2C1_IRQHandler                           
00009509  Imu_CalibrateGyroBias                     
0000fd25  Imu_GetCorrectedGyroZDps                  
0000fe09  Imu_GetRuntime                            
0000fd31  Imu_GetYaw                                
00007db5  Imu_Init                                  
0000f371  Imu_IsReady                               
0000ee39  Imu_ResetYaw                              
00007625  Imu_Update                                
0000fca5  Key_GetEvent                              
0000f4d9  Key_Init                                  
0000b341  Key_Update_20ms                           
0000fe11  LineController_GetRuntime                 
0000c441  LineController_Init                       
0000f509  LineController_ObserveSensors             
0000bc99  LineController_Reset                      
0000c125  LineController_ResetControlState          
00005f11  LineController_Update                     
0000fd3d  Menu_GetPage                              
0000fd49  Menu_GetParamItem                         
0000ea91  Menu_GetParamValue                        
00009739  Menu_HandleKeyEvent                       
0000f995  Menu_Init                                 
0000fb21  Menu_ParamItemToString                    
0000f3a5  MissionLibrary_FindById                   
0000fbe9  MissionLibrary_GetByIndex                 
0000fea3  MissionLibrary_GetCount                   
0000a575  MissionLibrary_Validate                   
0000ef41  MissionManager_Cancel                     
0000fe19  MissionManager_GetMissionCount            
0000fe21  MissionManager_GetRuntime                 
0000fbfd  MissionManager_GetSelectedMissionId       
0000e4ad  MissionManager_GetSelectedMissionIndex    
0000eb8d  MissionManager_Init                       
0000fd55  MissionManager_IsExternallyHeld           
0000fd61  MissionManager_IsTransientAction          
0000f8a1  MissionManager_Pause                      
0000f789  MissionManager_ReportExternalFailure      
0000f081  MissionManager_Reset                      
0000f539  MissionManager_Resume                     
0000c749  MissionManager_SelectNext                 
0000cbed  MissionManager_SelectPrevious             
0000fd6d  MissionManager_SetExternalHold            
0000e769  MissionManager_Start                      
0000d431  MissionManager_StartTransientAction       
0000c545  MissionManager_Update_20ms                
0000f9b1  MotionAction_Cancel                       
0000fe29  MotionAction_GetRuntime                   
0000fb39  MotionAction_Init                         
00009b71  MotionAction_Start                        
00008d65  MotionAction_Update_20ms                  
[...]
ffffffff  binit                                     
20200fa8  gUART_VISIONBackup                        
202007c8  g_appConfig                               
20200d58  g_appRuntime                              
20201263  g_carStateDebug                           
20201094  g_headingRuntime                          
20200bd8  g_imuRuntime                              
20201264  g_keyEvent                                
20201265  g_oledPageDebug                           
20201266  g_paramItemDebug                          
20201267  g_trackBlackCount                         
20201236  g_trackError                              
20201268  g_trackModeDebug                          
20201269  g_trackRaw                                
2020126a  g_trackTurnDebug                          
20200e20  g_wheelSpeedEstimatorRuntime              
00000000  interruptVectors                          
0000cdad  main                                      
0000d805  memcpy                                    
0000f715  memmove                                   
0000e647  memset                                    
0000dc91  strcmp                                    


GLOBAL SYMBOLS: SORTED BY Symbol Address 

address   name                                      
-------   ----                                      
00000000  __TI_ATRegion0_region_sz                  
00000000  __TI_ATRegion0_src_addr                   
00000000  __TI_ATRegion0_trg_addr                   
00000000  __TI_ATRegion1_region_sz                  
00000000  __TI_ATRegion1_src_addr                   
00000000  __TI_ATRegion1_trg_addr                   
00000000  __TI_ATRegion2_region_sz                  
00000000  __TI_ATRegion2_src_addr                   
00000000  __TI_ATRegion2_trg_addr                   
00000000  __TI_static_base__                        
00000000  interruptVectors                          
000000c1  OledUi_Update_20ms                        
00000200  __STACK_SIZE                              
00002821  VisionTuningConsole_Process               
000045f5  App_Update_20ms                           
000058c9  AppConfig_LimitAll                        
00005f11  LineController_Update                     
0000692d  RuntimeSnapshot_Update                    
00007201  WheelSpeedEstimator_Update                
00007625  Imu_Update                                
00007a05  VisionReceiver_Process                    
00007db5  Imu_Init                                  
00008d65  MotionAction_Update_20ms                  
00009015  MotorControl_Update                       
00009509  Imu_CalibrateGyroBias                     
00009739  Menu_HandleKeyEvent                       
00009959  AppConfig_InitDefault                     
00009b71  MotionAction_Start                        
00009f95  Motor_SetSpeed                            
0000a199  VisionProtocol_ParseV1TargetFrame         
0000a575  MissionLibrary_Validate                   
0000a759  BluetoothUart_TryWriteBuffer              
0000ae75  Ultrasonic_Tick100us                      
0000b015  CarController_StartDriveDistanceAtYaw     
0000b1b1  CarController_Update_20ms                 
0000b341  Key_Update_20ms                           
0000b4b5  OLED_FlushPage                            
0000b625  OLED_PrintInt16                           
0000ba41  BluetoothUart_Process                     
0000bc99  LineController_Reset                      
0000bdc1  OLED_Init                                 
0000c125  LineController_ResetControlState          
0000c33d  DL_Timer_initFourCCPWMMode                
0000c441  LineController_Init                       
0000c545  MissionManager_Update_20ms                
0000c649  MotorControl_SetNormalizedTarget          
0000c749  MissionManager_SelectNext                 
0000c931  HeadingControl_Update                     
0000ca1d  ObstacleSafety_Update_20ms                
0000cbed  MissionManager_SelectPrevious             
0000cccd  WheelSpeedEstimator_Init                  
0000cdad  main                                      
0000ce8d  SYSCFG_DL_GPIO_init                       
0000cf69  OLED_PrintUInt16                          
0000d041  __aeabi_fsub                              
0000d041  __subsf3                                  
0000d04b  __addsf3                                  
0000d04b  __aeabi_fadd                              
0000d119  CarController_StartDriveDistance          
0000d1ed  FaultCode_ToShortString                   
0000d2b5  Angle_Normalize180                        
0000d375  CarController_ResetRuntime                
0000d431  MissionManager_StartTransientAction       
0000d4e5  Encoder_HandleGpioInterrupt               
0000d589  __udivmoddi4                              
0000d62b  ADC0_IRQHandler                           
0000d62b  ADC1_IRQHandler                           
0000d62b  AES_IRQHandler                            
0000d62b  CANFD0_IRQHandler                         
0000d62b  DAC0_IRQHandler                           
0000d62b  DMA_IRQHandler                            
0000d62b  Default_Handler                           
0000d62b  GROUP0_IRQHandler                         
0000d62b  HardFault_Handler                         
0000d62b  I2C0_IRQHandler                           
0000d62b  I2C1_IRQHandler                           
0000d62b  NMI_Handler                               
0000d62b  PendSV_Handler                            
0000d62b  RTC_IRQHandler                            
0000d62b  SPI0_IRQHandler                           
0000d62b  SPI1_IRQHandler                           
0000d62b  SVC_Handler                               
0000d62b  TIMA0_IRQHandler                          
0000d62b  TIMA1_IRQHandler                          
0000d62b  TIMG0_IRQHandler                          
0000d62b  TIMG12_IRQHandler                         
0000d62b  TIMG6_IRQHandler                          
0000d62b  TIMG7_IRQHandler                          
0000d62b  TIMG8_IRQHandler                          
0000d62b  UART0_IRQHandler                          
0000d62b  UART2_IRQHandler                          
0000d6cd  App_Init                                  
0000d769  ObstacleMonitor_Update_20ms               
0000d805  memcpy                                    
0000d89f  ObstacleAvoidance_Update_20ms             
0000d939  CarController_StartTurnToYawRelative      
0000d9cd  CarController_ResetTransientState         
0000da5d  SYSCFG_DL_PWM_MOTOR_init                  
0000dae9  __aeabi_fmul                              
0000dae9  __mulsf3                                  
0000dc01  BluetoothUart_Init                        
0000dc89  BluetoothUart_GetRuntime                  
0000dc91  strcmp                                    
0000dd19  CarController_SetSafetyHold               
0000dd9d  Motor_Init                                
0000de21  __aeabi_fdiv                              
0000de21  __divsf3                                  
0000dea3  TrackSensor_Init                          
0000dea5  CarController_StartDriveHeading           
0000df25  Motor_Stop                                
0000dfa5  UART1_IRQHandler                          
0000e021  VisionPitchTuning_Set                     
0000e09d  __TI_decompress_lzss                      
0000e119  SysTick_Handler                           
0000e27d  App_ResetToReady                          
0000e2ed  SYSCFG_DL_UART_BLUETOOTH_init             
0000e35d  SYSCFG_DL_UART_VISION_init                
0000e3cd  VisionYawTuning_Set                       
0000e43d  TrackSensor_DetectTurn                    
0000e4ab  __aeabi_idiv0                             
0000e4ad  MissionManager_GetSelectedMissionIndex    
0000e57d  TrackSensor_GetErrorFromRaw               
0000e5e3  __aeabi_ldiv0                             
0000e5e5  __aeabi_fcmpeq                            
0000e5f9  __aeabi_fcmplt                            
0000e60d  __aeabi_fcmple                            
0000e621  __aeabi_fcmpge                            
0000e635  __aeabi_fcmpgt                            
0000e647  memset                                    
0000e6a9  VisionTuningConsole_Init                  
0000e709  __aeabi_f2lz                              
0000e709  __fixsfdi                                 
0000e769  MissionManager_Start                      
0000e7c5  UART3_IRQHandler                          
0000e821  Ultrasonic_Update_20ms                    
0000e935  OLED_PrintChar                            
0000e9e5  __aeabi_idiv                              
0000e9e5  __aeabi_idivmod                           
0000ea3d  CarController_Stop                        
0000ea91  Menu_GetParamValue                        
0000eae5  TrackSensor_ReadRaw                       
0000eb8d  MissionManager_Init                       
0000ebdd  Ultrasonic_Init                           
0000ec2d  WatchdogMonitor_ApplyFaultIfNeeded        
0000ec7d  __aeabi_l2f                               
0000ec7d  __floatdisf                               
0000eccd  MotorControl_Stop                         
0000ed19  WatchdogMonitor_Tick1msFromIsr            
0000ed65  DL_UART_init                              
0000edad  SYSCFG_DL_initPower                       
0000edf5  Encoder_GetAndClearPulseDeltas            
0000ee39  Imu_ResetYaw                              
0000ee7d  Servo_Tick100us                           
0000eec1  CarController_StartFollowLine             
0000ef01  EmergencyStop_Reset                       
0000ef41  MissionManager_Cancel                     
0000ef81  SYSCFG_DL_SYSCTL_init                     
0000efc1  VisionReceiver_PushByteFromIsr            
0000f001  __aeabi_uidiv                             
0000f001  __aeabi_uidivmod                          
0000f041  __divmoddi4                               
0000f081  MissionManager_Reset                      
0000f0bd  Servo_SetAngleDeg                         
0000f0f9  VisionTuningConsole_PushByteFromIsr       
0000f135  __aeabi_i2f                               
0000f135  __floatsisf                               
0000f171  __gesf2                                   
0000f171  __gtsf2                                   
0000f1ad  __TI_auto_init_nobinit_nopinit            
0000f1e9  __cmpsf2                                  
0000f1e9  __eqsf2                                   
0000f1e9  __lesf2                                   
0000f1e9  __ltsf2                                   
0000f1e9  __nesf2                                   
0000f225  __muldsi3                                 
0000f261  VisionReceiver_Init                       
0000f299  __aeabi_f2iz                              
0000f299  __fixsfsi                                 
0000f2d1  BluetoothUart_TryWriteString              
0000f309  BluetoothUart_TryReadByte                 
0000f33d  EmergencyStop_Trigger                     
0000f371  Imu_IsReady                               
0000f3a5  MissionLibrary_FindById                   
0000f3d9  VisionTuningConsole_TryPopTxByte          
0000f40d  VisionUart_Process                        
0000f441  OLED_PrintString                          
0000f475  __aeabi_f2uiz                             
0000f475  __fixunssfsi                              
0000f4a9  Fault_Raise                               
0000f4d9  Key_Init                                  
0000f509  LineController_ObserveSensors             
0000f539  MissionManager_Resume                     
0000f569  VisionPitchTuning_RestoreDefault          
0000f599  WatchdogMonitor_Init                      
0000f5c9  Encoder_Reset                             
0000f5f5  TrackSensor_CountBlack                    
0000f621  VisionYawTuning_RestoreDefault            
0000f64d  SYSCFG_DL_init                            
0000f675  Servo_Init                                
0000f69d  VisionPitchTuning_Init                    
0000f6c5  WatchdogMonitor_Reset                     
0000f6ed  __aeabi_ui2f                              
0000f6ed  __floatunsisf                             
0000f715  memmove                                   
0000f73d  _c_int00_noargs                           
0000f765  EmergencyStop_Enforce                     
0000f789  MissionManager_ReportExternalFailure      
0000f7ad  MotorControl_Init                         
0000f7d1  MotorControl_Reset                        
0000f7f5  OLED_ClearBuffer                          
0000f819  VisionYawTuning_Init                      
0000f83d  __aeabi_lmul                              
0000f83d  __muldi3                                  
0000f861  DL_Timer_overrideCCPOut                   
0000f881  DebugTelemetry_Update                     
0000f8a1  MissionManager_Pause                      
0000f8c1  OLED_SetCursor                            
0000f8e1  SchedulerMonitor_GetStats                 
0000f921  __aeabi_llsl                              
0000f921  __ashldi3                                 
0000f941  DL_Timer_setCaptCompUpdateMethod          
0000f95d  DL_Timer_setClockConfig                   
0000f979  HeadingControl_SetTargetYaw               
0000f995  Menu_Init                                 
0000f9b1  MotionAction_Cancel                       
0000f9cd  ObstacleMonitor_Init                      
0000f9e9  ObstacleSafety_Init                       
0000fa05  VisionPitchTuning_ParamName               
0000fa21  VisionYawTuning_GetSnapshot               
0000fa3d  VisionYawTuning_ParamName                 
0000fa59  WatchdogMonitor_NotifyControlCycleComplete
0000fa91  CarController_RunModeToString             
0000faa9  CarState_ToString                         
0000fac1  DL_Timer_setCaptureCompareOutCtl          
0000fad9  DebugTelemetry_Init                       
0000faf1  HeadingControl_Init                       
0000fb09  HeadingControl_Reset                      
0000fb21  Menu_ParamItemToString                    
0000fb39  MotionAction_Init                         
0000fb51  ObstacleAvoidance_Init                    
0000fb69  RuntimeSnapshot_Init                      
0000fb81  __aeabi_fcmpun                            
0000fb81  __unordsf2                                
0000fb99  Fault_Clear                               
0000fbad  Fault_Init                                
0000fbc1  GROUP1_IRQHandler                         
0000fbd5  HeadingControl_Enable                     
0000fbe9  MissionLibrary_GetByIndex                 
0000fbfd  MissionManager_GetSelectedMissionId       
0000fc11  VisionPitchTuning_GetSnapshot             
0000fc25  VisionUart_Init                           
0000fc39  __aeabi_ldivmod                           
0000fc4d  __aeabi_uldivmod                          
0000fc61  DL_UART_setClockConfig                    
0000fc73  __TI_decompress_none                      
0000fc85  DL_Timer_setCaptureCompareValue           
0000fc95  Gimbal_YawGetFeedback                     
0000fca5  Key_GetEvent                              
0000fcb5  __TI_zero_init                            
0000fcc5  CarController_GetRunMode                  
0000fcd1  CarController_Init                        
0000fcdd  CarController_IsSafetyHoldActive          
0000fce9  CarState_Get                              
0000fcf5  CarState_Init                             
0000fd01  CarState_Set                              
0000fd0d  EmergencyStop_Init                        
0000fd19  EmergencyStop_IsActive                    
0000fd25  Imu_GetCorrectedGyroZDps                  
0000fd31  Imu_GetYaw                                
0000fd3d  Menu_GetPage                              
0000fd49  Menu_GetParamItem                         
0000fd55  MissionManager_IsExternallyHeld           
0000fd61  MissionManager_IsTransientAction          
0000fd6d  MissionManager_SetExternalHold            
0000fd79  ObstacleAvoidance_IsActive                
0000fd85  ObstacleAvoidance_IsFailed                
0000fd91  ObstacleSafety_IsHolding                  
0000fd9d  SystemTime_GetMs                          
0000fda9  WatchdogMonitor_HasTripped                
0000fdb5  __aeabi_memclr                            
0000fdb5  __aeabi_memclr4                           
0000fdb5  __aeabi_memclr8                           
0000fdc1  DL_Common_delayCycles                     
0000fdcb  TrackSensor_IsCenterDetected              
0000fdd5  TrackSensor_IsLineDetected                
0000fddf  TrackSensor_IsLineLost                    
0000fde9  CarController_GetFeedback                 
0000fdf1  Fault_GetRecord                           
0000fdf9  GimbalStepper_GetFeedback                 
0000fe01  HeadingControl_GetRuntime                 
0000fe09  Imu_GetRuntime                            
0000fe11  LineController_GetRuntime                 
0000fe19  MissionManager_GetMissionCount            
0000fe21  MissionManager_GetRuntime                 
0000fe29  MotionAction_GetRuntime                   
0000fe31  MotorControl_GetRuntime                   
0000fe39  ObstacleAvoidance_GetFeedback             
0000fe41  ObstacleMonitor_GetFeedback               
0000fe49  OledUi_Init                               
0000fe51  RuntimeSnapshot_Get                       
0000fe59  Servo_GetFeedback                         
0000fe61  Ultrasonic_GetFeedback                    
0000fe69  VisionReceiver_GetStatus                  
0000fe71  VisionTuningConsole_GetStatus             
0000fe79  WatchdogMonitor_GetStatus                 
0000fe81  WheelSpeedEstimator_GetRuntime            
0000fe89  __aeabi_memcpy                            
0000fe89  __aeabi_memcpy4                           
0000fe89  __aeabi_memcpy8                           
0000fe91  __aeabi_memmove                           
0000fe91  __aeabi_memmove4                          
0000fe91  __aeabi_memmove8                          
0000fe99  abort                                     
0000fe9e  C$$EXIT                                   
0000fe9f  HOSTexit                                  
0000fea3  MissionLibrary_GetCount                   
0000fea7  ObstacleAvoidance_IsResumeGraceActive     
0000feab  Reset_Handler                             
0000feaf  _system_pre_init                          
00010838  __TI_Handler_Table_Base                   
00010844  __TI_Handler_Table_Limit                  
00010854  __TI_CINIT_Base                           
00010864  __TI_CINIT_Limit                          
00010864  __TI_CINIT_Warm                           
20200000  __start___llvm_prf_bits                   
20200000  __start___llvm_prf_cnts                   
20200000  __stop___llvm_prf_bits                    
20200000  __stop___llvm_prf_cnts                    
202007c8  g_appConfig                               
20200bd8  g_imuRuntime                              
20200d58  g_appRuntime                              
20200e20  g_wheelSpeedEstimatorRuntime              
20200fa8  gUART_VISIONBackup                        
20201094  g_headingRuntime                          
20201236  g_trackError                              
20201263  g_carStateDebug                           
20201264  g_keyEvent                                
20201265  g_oledPageDebug                           
20201266  g_paramItemDebug                          
20201267  g_trackBlackCount                         
20201268  g_trackModeDebug                          
20201269  g_trackRaw                                
2020126a  g_trackTurnDebug                          
20207e00  __stack                                   
20208000  __STACK_END                               
ffffffff  __TI_pprof_out_hndl                       
ffffffff  __TI_prof_data_size                       
ffffffff  __TI_prof_data_start                      
ffffffff  __binit__                                 
ffffffff  binit                                     
UNDEFED   __mpu_init                                
UNDEFED   _system_post_cinit                        

[352 symbols]
