******************************************************************************
            TI ARM Clang Linker PC v4.0.4                      
******************************************************************************
>> Linked Tue Jul 28 22:42:28 2026

OUTPUT FILE NAME:   <diansaikaishi.out>
ENTRY POINT SYMBOL: "_c_int00_noargs"  address: 00012e69


MEMORY CONFIGURATION

         name            origin    length      used     unused   attr    fill
----------------------  --------  ---------  --------  --------  ----  --------
  FLASH                 00000000   00020000  000140e0  0000bf20  R  X
  SRAM                  20200000   00008000  00001685  0000697b  RW X
  BCR_CONFIG            41c00000   000000ff  00000000  000000ff  R   
  BSL_CONFIG            41c00100   00000080  00000000  00000080  R   


SEGMENT ALLOCATION MAP

run origin  load origin   length   init length attrs members
----------  ----------- ---------- ----------- ----- -------
00000000    00000000    000140e0   000140e0    r-x
  00000000    00000000    000000c0   000000c0    r-- .intvecs
  000000c0    000000c0    00013550   00013550    r-x .text
  00013610    00013610    00000aa0   00000aa0    r-- .rodata
  000140b0    000140b0    00000030   00000030    r-- .cinit
20200000    20200000    00001486   00000000    rw-
  20200000    20200000    0000147f   00000000    rw- .bss
  20201480    20201480    00000006   00000000    rw- .data
20207e00    20207e00    00000200   00000000    rw-
  20207e00    20207e00    00000200   00000000    rw- .stack


SECTION ALLOCATION MAP

 output                                  attributes/
section   page    origin      length       input sections
--------  ----  ----------  ----------   ----------------
.intvecs   0    00000000    000000c0     
                  00000000    000000c0     startup_mspm0g350x_ticlang.o (.intvecs)

.text      0    000000c0    00013550     
                  000000c0    00002760     oled_ui.o (.text.OledUi_Update_20ms)
                  00002820    00001fbc     app.o (.text.app_remote_dispatch_tokens)
                  000047dc    00001dd4     vision_tuning_console.o (.text.VisionTuningConsole_Process)
                  000065b0    00000d84     app.o (.text.App_Update_20ms)
                  00007334    00000d28     app.o (.text.app_remote_update_result)
                  0000805c    00000648     app_config.o (.text.AppConfig_LimitAll)
                  000086a4    00000524     line_controller.o (.text.LineController_Update)
                  00008bc8    00000488     runtime_snapshot.o (.text.RuntimeSnapshot_Update)
                  00009050    0000044c     motor_control.o (.text.update_wheel)
                  0000949c    0000042c     app.o (.text.app_remote_cancel_current_action)
                  000098c8    00000424     wheel_speed_estimator.o (.text.WheelSpeedEstimator_Update)
                  00009cec    000003e8     app.o (.text.app_remote_build_sequenced_response)
                  0000a0d4    000003e0     imu.o (.text.Imu_Update)
                  0000a4b4    000003b0     vision_receiver.o (.text.VisionReceiver_Process)
                  0000a864    000003b0     app.o (.text.app_remote_send_action_ack)
                  0000ac14    00000374     imu.o (.text.Imu_Init)
                  0000af88    00000370     gimbal.o (.text.gimbal_update_feedback)
                  0000b2f8    00000310     vision_tuning_console.o (.text.append_scaled)
                  0000b608    000002f0     app.o (.text.app_remote_send)
                  0000b8f8    000002f0     imu.o (.text.mpu6050_read_regs)
                  0000bbe8    000002cc     car_controller.o (.text.handle_drive_distance)
                  0000beb4    000002b0     motion_action.o (.text.MotionAction_Update_20ms)
                  0000c164    0000028c     motor_control.o (.text.MotorControl_Update)
                  0000c3f0    00000268     car_controller.o (.text.handle_turn_to_yaw)
                  0000c658    00000230     imu.o (.text.Imu_CalibrateGyroBias)
                  0000c888    00000220     menu.o (.text.Menu_HandleKeyEvent)
                  0000caa8    00000218     app_config.o (.text.AppConfig_InitDefault)
                  0000ccc0    00000218     app.o (.text.app_remote_append_float_tenth)
                  0000ced8    00000214     motion_action.o (.text.MotionAction_Start)
                  0000d0ec    00000208     app.o (.text.app_remote_send_sequence_error)
                  0000d2f4    00000204     motor.o (.text.Motor_SetSpeed)
                  0000d4f8    000001f4     vision_protocol.o (.text.VisionProtocol_ParseV1TargetFrame)
                  0000d6ec    000001ec     bluetooth_uart.o (.text.BluetoothUart_TryWriteBuffer)
                  0000d8d8    000001e8     motor_control.o (.text.config_is_valid)
                  0000dac0    000001e4     mission_library.o (.text.MissionLibrary_Validate)
                  0000dca4    000001cc     imu.o (.text.imu_i2c_write_byte)
                  0000de70    000001cc     oled_ui.o (.text.print_status_page)
                  0000e03c    000001b8     oled.o (.text.oled_i2c_write_byte)
                  0000e1f4    000001a0     ultrasonic.o (.text.Ultrasonic_Tick100us)
                  0000e394    0000019c     car_controller.o (.text.CarController_StartDriveDistanceAtYaw)
                  0000e530    00000190     car_controller.o (.text.CarController_Update_20ms)
                  0000e6c0    00000174     key.o (.text.Key_Update_20ms)
                  0000e834    00000170     oled.o (.text.OLED_FlushPage)
                  0000e9a4    0000016c     oled.o (.text.OLED_PrintInt16)
                  0000eb10    00000158     vision_tuning_console.o (.text.send_parameter_reply)
                  0000ec68    00000158     vision_tuning_console.o (.text.send_yaw_parameter_reply)
                  0000edc0    0000014c     app.o (.text.App_Init)
                  0000ef0c    0000014c     bluetooth_uart.o (.text.BluetoothUart_Process)
                  0000f058    0000012c     imu.o (.text.imu_i2c_recover_bus)
                  0000f184    00000128     line_controller.o (.text.LineController_Reset)
                  0000f2ac    00000124     oled.o (.text.OLED_Init)
                  0000f3d0    00000124     vision_tuning_console.o (.text.send_simple_reply)
                  0000f4f4    0000011c     car_controller.o (.text.handle_drive_heading)
                  0000f610    0000010c     line_controller.o (.text.LineController_ResetControlState)
                  0000f71c    0000010c     car_controller.o (.text.handle_follow_line)
                  0000f828    00000104     driverlib.a : dl_timer.o (.text.DL_Timer_initFourCCPWMMode)
                  0000f92c    00000104     line_controller.o (.text.LineController_Init)
                  0000fa30    00000104     mission_manager.o (.text.MissionManager_Update_20ms)
                  0000fb34    00000100     motor_control.o (.text.MotorControl_SetNormalizedTarget)
                  0000fc34    000000fc     app.o (.text.app_remote_handle_turn)
                  0000fd30    000000f4     mission_manager.o (.text.MissionManager_SelectNext)
                  0000fe24    000000ec     heading_control.o (.text.HeadingControl_Update)
                  0000ff10    000000e8     obstacle_safety.o (.text.ObstacleSafety_Update_20ms)
                  0000fff8    000000e8     vision_protocol.o (.text.fields_are_valid)
                  000100e0    000000e4     bluetooth_uart.o (.text.UART1_IRQHandler)
                  000101c4    000000e0     mission_manager.o (.text.MissionManager_SelectPrevious)
                  000102a4    000000e0     wheel_speed_estimator.o (.text.WheelSpeedEstimator_Init)
                  00010384    000000e0     empty.o (.text.main)
                  00010464    000000dc     ti_msp_dl_config.o (.text.SYSCFG_DL_GPIO_init)
                  00010540    000000d8     oled.o (.text.OLED_PrintUInt16)
                  00010618    000000d8     libclang_rt.builtins.a : addsf3.S.obj (.text)
                  000106f0    000000d4     car_controller.o (.text.CarController_StartDriveDistance)
                  000107c4    000000d0     app.o (.text.app_remote_start_action)
                  00010894    000000c8     fault.o (.text.FaultCode_ToShortString)
                  0001095c    000000c0     angle_utils.o (.text.Angle_Normalize180)
                  00010a1c    000000c0     app.o (.text.app_remote_send_action_result)
                  00010adc    000000bc     car_controller.o (.text.CarController_ResetRuntime)
                  00010b98    000000b4     mission_manager.o (.text.MissionManager_StartTransientAction)
                  00010c4c    000000ac     app.o (.text.App_ResetToReady)
                  00010cf8    000000a4     encoder.o (.text.Encoder_HandleGpioInterrupt)
                  00010d9c    000000a2     libclang_rt.builtins.a : udivmoddi4.S.obj (.text)
                  00010e3e    00000002     startup_mspm0g350x_ticlang.o (.text.Default_Handler)
                  00010e40    000000a0     car_controller.o (.text.drive_distance_high_decel_zone_cm)
                  00010ee0    0000009c     obstacle_monitor.o (.text.ObstacleMonitor_Update_20ms)
                  00010f7c    0000009a     libc.a : memcpy16.S.obj (.text:memcpy)
                  00011016    00000002     obstacle_avoidance.o (.text.ObstacleAvoidance_Update_20ms)
                  00011018    00000098     bluetooth_uart.o (.text.BluetoothUart_Init)
                  000110b0    00000098     imu.o (.text.mpu6050_write_reg)
                  00011148    00000094     car_controller.o (.text.CarController_StartTurnToYawRelative)
                  000111dc    00000090     car_controller.o (.text.CarController_ResetTransientState)
                  0001126c    0000008c     ti_msp_dl_config.o (.text.SYSCFG_DL_PWM_MOTOR_init)
                  000112f8    0000008c     ti_msp_dl_config.o (.text.SYSCFG_DL_UART_BLUETOOTH_init)
                  00011384    0000008c     libclang_rt.builtins.a : mulsf3.S.obj (.text.__mulsf3)
                  00011410    0000008c     car_controller.o (.text.heading_imu_wait_or_fail)
                  0001149c    00000004     libsysbm.a : hostexit.c.obj (.text.HOSTexit)
                  000114a0    00000088     libc.a : strcmp-armv6m.S.obj (.text:strcmp)
                  00011528    00000084     car_controller.o (.text.CarController_SetSafetyHold)
                  000115ac    00000084     motor.o (.text.Motor_Init)
                  00011630    00000082     libclang_rt.builtins.a : divsf3.S.obj (.text.__divsf3)
                  000116b2    00000002     track_sensor.o (.text.TrackSensor_Init)
                  000116b4    00000080     car_controller.o (.text.CarController_StartDriveHeading)
                  00011734    00000080     motor.o (.text.Motor_Stop)
                  000117b4    0000007c     vision_pitch_tuning.o (.text.VisionPitchTuning_Set)
                  00011830    0000007c     libc.a : copy_decompress_lzss.c.obj (.text:decompress:lzss)
                  000118ac    00000078     empty.o (.text.SysTick_Handler)
                  00011924    00000078     oled.o (.text.oled_write_command)
                  0001199c    00000074     motor_control.o (.text.latch_control_error)
                  00011a10    00000070     ti_msp_dl_config.o (.text.SYSCFG_DL_UART_VISION_init)
                  00011a80    00000070     vision_yaw_tuning.o (.text.VisionYawTuning_Set)
                  00011af0    0000006e     track_sensor.o (.text.TrackSensor_DetectTurn)
                  00011b5e    00000002     libclang_rt.builtins.a : aeabi_div0.c.obj (.text.__aeabi_idiv0)
                  00011b60    00000068     mission_manager.o (.text.MissionManager_GetSelectedMissionIndex)
                  00011bc8    00000068     car_controller.o (.text.set_output_speed)
                  00011c30    00000066     track_sensor.o (.text.TrackSensor_GetErrorFromRaw)
                  00011c96    00000002     libclang_rt.builtins.a : aeabi_div0.c.obj (.text.__aeabi_ldiv0)
                  00011c98    00000062                            : aeabi_fcmp.S.obj (.text.__aeabi_fcmp)
                  00011cfa    00000062     libc.a : memset16.S.obj (.text:memset)
                  00011d5c    00000060     vision_tuning_console.o (.text.VisionTuningConsole_Init)
                  00011dbc    00000060     libclang_rt.builtins.a : fixsfdi.S.obj (.text.__fixsfdi)
                  00011e1c    0000005c     magnet.o (.text.Magnet_Set)
                  00011e78    0000005c     mission_manager.o (.text.MissionManager_Start)
                  00011ed4    0000005c     vision_uart.o (.text.UART3_IRQHandler)
                  00011f30    0000005c     ultrasonic.o (.text.Ultrasonic_Update_20ms)
                  00011f8c    0000005c     car_controller.o (.text.speed_cmps_to_normalized_command)
                  00011fe8    00000058     oled.o (.text.OLED_PrintChar)
                  00012040    00000058     motion_action.o (.text.motion_action_start_imu_controller)
                  00012098    00000056     libclang_rt.builtins.a : aeabi_idivmod.S.obj (.text.__aeabi_idivmod)
                  000120ee    00000002     --HOLE-- [fill = 0]
                  000120f0    00000054     car_controller.o (.text.CarController_Stop)
                  00012144    00000054     menu.o (.text.Menu_GetParamValue)
                  00012198    00000054     track_sensor.o (.text.TrackSensor_ReadRaw)
                  000121ec    00000054     watchdog_monitor.o (.text.WatchdogMonitor_ApplyFaultIfNeeded)
                  00012240    00000054     app.o (.text.app_remote_parse_gear)
                  00012294    00000050     mission_manager.o (.text.MissionManager_Init)
                  000122e4    00000050     ultrasonic.o (.text.Ultrasonic_Init)
                  00012334    00000050     watchdog_monitor.o (.text.WatchdogMonitor_Tick1msFromIsr)
                  00012384    0000004e     libclang_rt.builtins.a : floatdisf.S.obj (.text.__floatdisf)
                  000123d2    00000002     --HOLE-- [fill = 0]
                  000123d4    0000004c     motor_control.o (.text.MotorControl_Stop)
                  00012420    00000048     driverlib.a : dl_uart.o (.text.DL_UART_init)
                  00012468    00000048     ti_msp_dl_config.o (.text.SYSCFG_DL_initPower)
                  000124b0    00000044     emergency_stop.o (.text.EmergencyStop_Reset)
                  000124f4    00000044     encoder.o (.text.Encoder_GetAndClearPulseDeltas)
                  00012538    00000044     imu.o (.text.Imu_ResetYaw)
                  0001257c    00000044     servo.o (.text.Servo_Tick100us)
                  000125c0    00000040     car_controller.o (.text.CarController_StartFollowLine)
                  00012600    00000040     fault.o (.text.Fault_Raise)
                  00012640    00000040     mission_manager.o (.text.MissionManager_Cancel)
                  00012680    00000040     ti_msp_dl_config.o (.text.SYSCFG_DL_SYSCTL_init)
                  000126c0    00000040     vision_receiver.o (.text.VisionReceiver_PushByteFromIsr)
                  00012700    00000040     libclang_rt.builtins.a : aeabi_uidivmod.S.obj (.text.__aeabi_uidivmod)
                  00012740    0000003e                            : divmoddi4.c.obj (.text.__divmoddi4)
                  0001277e    00000002     --HOLE-- [fill = 0]
                  00012780    0000003c     mission_manager.o (.text.MissionManager_Reset)
                  000127bc    0000003c     servo.o (.text.Servo_SetAngleDeg)
                  000127f8    0000003c     vision_tuning_console.o (.text.VisionTuningConsole_PushByteFromIsr)
                  00012834    0000003c     libclang_rt.builtins.a : floatsisf.S.obj (.text.__floatsisf)
                  00012870    0000003c                            : comparesf2.S.obj (.text.__gtsf2)
                  000128ac    0000003c     libc.a : autoinit.c.obj (.text:__TI_auto_init_nobinit_nopinit)
                  000128e8    0000003a     libclang_rt.builtins.a : comparesf2.S.obj (.text.__eqsf2)
                  00012922    00000002     --HOLE-- [fill = 0]
                  00012924    0000003a                            : muldsi3.S.obj (.text.__muldsi3)
                  0001295e    00000002     --HOLE-- [fill = 0]
                  00012960    00000038     emergency_stop.o (.text.EmergencyStop_Trigger)
                  00012998    00000038     vision_receiver.o (.text.VisionReceiver_Init)
                  000129d0    00000038     libclang_rt.builtins.a : fixsfsi.S.obj (.text.__fixsfsi)
                  00012a08    00000036     bluetooth_uart.o (.text.BluetoothUart_TryWriteString)
                  00012a3e    00000002     --HOLE-- [fill = 0]
                  00012a40    00000034     bluetooth_uart.o (.text.BluetoothUart_TryReadByte)
                  00012a74    00000034     imu.o (.text.Imu_IsReady)
                  00012aa8    00000034     mission_library.o (.text.MissionLibrary_FindById)
                  00012adc    00000034     vision_tuning_console.o (.text.VisionTuningConsole_TryPopTxByte)
                  00012b10    00000034     vision_uart.o (.text.VisionUart_Process)
                  00012b44    00000032     oled.o (.text.OLED_PrintString)
                  00012b76    00000002     --HOLE-- [fill = 0]
                  00012b78    00000032     libclang_rt.builtins.a : fixunssfsi.S.obj (.text.__fixunssfsi)
                  00012baa    00000002     --HOLE-- [fill = 0]
                  00012bac    00000030     key.o (.text.Key_Init)
                  00012bdc    00000030     line_controller.o (.text.LineController_ObserveSensors)
                  00012c0c    00000030     mission_manager.o (.text.MissionManager_Resume)
                  00012c3c    00000030     vision_pitch_tuning.o (.text.VisionPitchTuning_RestoreDefault)
                  00012c6c    00000030     watchdog_monitor.o (.text.WatchdogMonitor_Init)
                  00012c9c    00000030     watchdog_monitor.o (.text.WatchdogMonitor_Reset)
                  00012ccc    0000002c     encoder.o (.text.Encoder_Reset)
                  00012cf8    0000002c     track_sensor.o (.text.TrackSensor_CountBlack)
                  00012d24    0000002c     vision_yaw_tuning.o (.text.VisionYawTuning_RestoreDefault)
                  00012d50    00000028     emergency_stop.o (.text.EmergencyStop_Enforce)
                  00012d78    00000028     magnet.o (.text.Magnet_ForceOff)
                  00012da0    00000028     ti_msp_dl_config.o (.text.SYSCFG_DL_init)
                  00012dc8    00000028     servo.o (.text.Servo_Init)
                  00012df0    00000028     vision_pitch_tuning.o (.text.VisionPitchTuning_Init)
                  00012e18    00000028     libclang_rt.builtins.a : floatunsisf.S.obj (.text.__floatunsisf)
                  00012e40    00000028     libc.a : memmov.c.obj (.text.memmove)
                  00012e68    00000028            : boot_cortex_m.c.obj (.text:_c_int00_noargs)
                  00012e90    00000024     mission_manager.o (.text.MissionManager_ReportExternalFailure)
                  00012eb4    00000024     motor_control.o (.text.MotorControl_Init)
                  00012ed8    00000024     motor_control.o (.text.MotorControl_Reset)
                  00012efc    00000024     oled.o (.text.OLED_ClearBuffer)
                  00012f20    00000024     vision_yaw_tuning.o (.text.VisionYawTuning_Init)
                  00012f44    00000024     libclang_rt.builtins.a : muldi3.S.obj (.text.__muldi3)
                  00012f68    00000020     driverlib.a : dl_timer.o (.text.DL_Timer_overrideCCPOut)
                  00012f88    00000020     debug_telemetry.o (.text.DebugTelemetry_Update)
                  00012fa8    00000020     magnet.o (.text.Magnet_Init)
                  00012fc8    00000020     mission_manager.o (.text.MissionManager_Pause)
                  00012fe8    00000020     oled.o (.text.OLED_SetCursor)
                  00013008    00000020     empty.o (.text.SchedulerMonitor_GetStats)
                  00013028    00000020     libc.a : memcmp.c.obj (.text.memcmp)
                  00013048    00000020     mission_manager.o (.text.mission_finish_error)
                  00013068    0000001e     libclang_rt.builtins.a : ashldi3.S.obj (.text.__ashldi3)
                  00013086    00000002     --HOLE-- [fill = 0]
                  00013088    0000001c     driverlib.a : dl_timer.o (.text.DL_Timer_setCaptCompUpdateMethod)
                  000130a4    0000001c                 : dl_timer.o (.text.DL_Timer_setClockConfig)
                  000130c0    0000001c     heading_control.o (.text.HeadingControl_SetTargetYaw)
                  000130dc    0000001c     menu.o (.text.Menu_Init)
                  000130f8    0000001c     motion_action.o (.text.MotionAction_Cancel)
                  00013114    0000001c     obstacle_monitor.o (.text.ObstacleMonitor_Init)
                  00013130    0000001c     obstacle_safety.o (.text.ObstacleSafety_Init)
                  0001314c    0000001c     vision_pitch_tuning.o (.text.VisionPitchTuning_ParamName)
                  00013168    0000001c     vision_yaw_tuning.o (.text.VisionYawTuning_GetSnapshot)
                  00013184    0000001c     vision_yaw_tuning.o (.text.VisionYawTuning_ParamName)
                  000131a0    0000001c     watchdog_monitor.o (.text.WatchdogMonitor_NotifyControlCycleComplete)
                  000131bc    0000001c     mission_manager.o (.text.mission_finish_success)
                  000131d8    00000018     car_controller.o (.text.CarController_RunModeToString)
                  000131f0    00000018     car_state.o (.text.CarState_ToString)
                  00013208    00000018     driverlib.a : dl_timer.o (.text.DL_Timer_setCaptureCompareOutCtl)
                  00013220    00000018     debug_telemetry.o (.text.DebugTelemetry_Init)
                  00013238    00000018     heading_control.o (.text.HeadingControl_Init)
                  00013250    00000018     heading_control.o (.text.HeadingControl_Reset)
                  00013268    00000018     menu.o (.text.Menu_ParamItemToString)
                  00013280    00000018     motion_action.o (.text.MotionAction_Init)
                  00013298    00000018     obstacle_avoidance.o (.text.ObstacleAvoidance_Init)
                  000132b0    00000018     runtime_snapshot.o (.text.RuntimeSnapshot_Init)
                  000132c8    00000016     libclang_rt.builtins.a : comparesf2.S.obj (.text.__unordsf2)
                  000132de    00000002     --HOLE-- [fill = 0]
                  000132e0    00000014     fault.o (.text.Fault_Clear)
                  000132f4    00000014     fault.o (.text.Fault_Init)
                  00013308    00000014     empty.o (.text.GROUP1_IRQHandler)
                  0001331c    00000014     heading_control.o (.text.HeadingControl_Enable)
                  00013330    00000014     mission_library.o (.text.MissionLibrary_GetByIndex)
                  00013344    00000014     mission_manager.o (.text.MissionManager_GetSelectedMissionId)
                  00013358    00000014     vision_pitch_tuning.o (.text.VisionPitchTuning_GetSnapshot)
                  0001336c    00000014     vision_uart.o (.text.VisionUart_Init)
                  00013380    00000014     libclang_rt.builtins.a : aeabi_ldivmod.S.obj (.text.__aeabi_ldivmod)
                  00013394    00000014                            : aeabi_uldivmod.S.obj (.text.__aeabi_uldivmod)
                  000133a8    00000012     driverlib.a : dl_uart.o (.text.DL_UART_setClockConfig)
                  000133ba    00000012     libc.a : copy_decompress_none.c.obj (.text:decompress:none)
                  000133cc    00000010     driverlib.a : dl_timer.o (.text.DL_Timer_setCaptureCompareValue)
                  000133dc    00000010     gimbal.o (.text.Gimbal_YawGetFeedback)
                  000133ec    00000010     key.o (.text.Key_GetEvent)
                  000133fc    00000010     libc.a : copy_zero_init.c.obj (.text:decompress:ZI)
                  0001340c    0000000c     car_controller.o (.text.CarController_GetRunMode)
                  00013418    0000000c     car_controller.o (.text.CarController_Init)
                  00013424    0000000c     car_controller.o (.text.CarController_IsSafetyHoldActive)
                  00013430    0000000c     car_state.o (.text.CarState_Get)
                  0001343c    0000000c     car_state.o (.text.CarState_Init)
                  00013448    0000000c     car_state.o (.text.CarState_Set)
                  00013454    0000000c     emergency_stop.o (.text.EmergencyStop_Init)
                  00013460    0000000c     emergency_stop.o (.text.EmergencyStop_IsActive)
                  0001346c    0000000c     imu.o (.text.Imu_GetCorrectedGyroZDps)
                  00013478    0000000c     imu.o (.text.Imu_GetYaw)
                  00013484    0000000c     magnet.o (.text.Magnet_IsOn)
                  00013490    0000000c     menu.o (.text.Menu_GetPage)
                  0001349c    0000000c     menu.o (.text.Menu_GetParamItem)
                  000134a8    0000000c     mission_manager.o (.text.MissionManager_IsExternallyHeld)
                  000134b4    0000000c     mission_manager.o (.text.MissionManager_IsTransientAction)
                  000134c0    0000000c     mission_manager.o (.text.MissionManager_SetExternalHold)
                  000134cc    0000000c     obstacle_avoidance.o (.text.ObstacleAvoidance_IsActive)
                  000134d8    0000000c     obstacle_avoidance.o (.text.ObstacleAvoidance_IsFailed)
                  000134e4    0000000c     obstacle_safety.o (.text.ObstacleSafety_IsHolding)
                  000134f0    0000000c     empty.o (.text.SystemTime_GetMs)
                  000134fc    0000000c     watchdog_monitor.o (.text.WatchdogMonitor_HasTripped)
                  00013508    0000000c     libclang_rt.builtins.a : aeabi_memset.S.obj (.text.__aeabi_memclr)
                  00013514    0000000a     driverlib.a : dl_common.o (.text.DL_Common_delayCycles)
                  0001351e    0000000a     track_sensor.o (.text.TrackSensor_IsCenterDetected)
                  00013528    0000000a     track_sensor.o (.text.TrackSensor_IsLineDetected)
                  00013532    0000000a     track_sensor.o (.text.TrackSensor_IsLineLost)
                  0001353c    00000008     bluetooth_uart.o (.text.BluetoothUart_GetRuntime)
                  00013544    00000008     car_controller.o (.text.CarController_GetFeedback)
                  0001354c    00000008     fault.o (.text.Fault_GetRecord)
                  00013554    00000008     gimbal_stepper.o (.text.GimbalStepper_GetFeedback)
                  0001355c    00000008     heading_control.o (.text.HeadingControl_GetRuntime)
                  00013564    00000008     imu.o (.text.Imu_GetRuntime)
                  0001356c    00000008     line_controller.o (.text.LineController_GetRuntime)
                  00013574    00000008     mission_manager.o (.text.MissionManager_GetMissionCount)
                  0001357c    00000008     mission_manager.o (.text.MissionManager_GetRuntime)
                  00013584    00000008     motion_action.o (.text.MotionAction_GetRuntime)
                  0001358c    00000008     motor_control.o (.text.MotorControl_GetRuntime)
                  00013594    00000008     obstacle_avoidance.o (.text.ObstacleAvoidance_GetFeedback)
                  0001359c    00000008     obstacle_monitor.o (.text.ObstacleMonitor_GetFeedback)
                  000135a4    00000008     oled_ui.o (.text.OledUi_Init)
                  000135ac    00000008     runtime_snapshot.o (.text.RuntimeSnapshot_Get)
                  000135b4    00000008     servo.o (.text.Servo_GetFeedback)
                  000135bc    00000008     ultrasonic.o (.text.Ultrasonic_GetFeedback)
                  000135c4    00000008     vision_receiver.o (.text.VisionReceiver_GetStatus)
                  000135cc    00000008     vision_tuning_console.o (.text.VisionTuningConsole_GetStatus)
                  000135d4    00000008     watchdog_monitor.o (.text.WatchdogMonitor_GetStatus)
                  000135dc    00000008     wheel_speed_estimator.o (.text.WheelSpeedEstimator_GetRuntime)
                  000135e4    00000008     libclang_rt.builtins.a : aeabi_memcpy.S.obj (.text.__aeabi_memcpy)
                  000135ec    00000008                            : aeabi_memmove.S.obj (.text.__aeabi_memmove)
                  000135f4    00000006     libc.a : exit.c.obj (.text:abort)
                  000135fa    00000004     mission_library.o (.text.MissionLibrary_GetCount)
                  000135fe    00000004     obstacle_avoidance.o (.text.ObstacleAvoidance_IsResumeGraceActive)
                  00013602    00000004     startup_mspm0g350x_ticlang.o (.text.Reset_Handler)
                  00013606    00000004     libc.a : pre_init.c.obj (.text._system_pre_init)
                  0001360a    00000006     --HOLE-- [fill = 0]

.cinit     0    000140b0    00000030     
                  000140b0    0000000c     (__TI_handler_table)
                  000140bc    00000008     (.cinit..bss.load) [load image, compression = zero_init]
                  000140c4    00000008     (.cinit..data.load) [load image, compression = lzss]
                  000140cc    00000010     (__TI_cinit_table)
                  000140dc    00000004     --HOLE-- [fill = 0]

.rodata    0    00013610    00000aa0     
                  00013610    000000d8     oled.o (.rodata..Lswitch.table.OLED_PrintChar)
                  000136e8    00000048     mission_library.o (.rodata.g_missionCompetitionMain)
                  00013730    00000048     mission_library.o (.rodata.g_missionTestDistance20)
                  00013778    00000048     mission_library.o (.rodata.g_missionTestLine)
                  000137c0    00000048     mission_library.o (.rodata.g_missionTestTurn)
                  00013808    00000040     mission_library.o (.rodata.g_missionRegistry)
                  00013848    0000002c     oled_ui.o (.rodata..Lswitch.table.print_status_page)
                  00013874    00000028     car_controller.o (.rodata..Lswitch.table.CarController_RunModeToString)
                  0001389c    0000001c     menu.o (.rodata..Lswitch.table.Menu_ParamItemToString)
                  000138b8    0000001c     oled_ui.o (.rodata..Lswitch.table.OledUi_Update_20ms.115)
                  000138d4    0000001c     vision_tuning_console.o (.rodata.str1.1836208005852235077.1)
                  000138f0    00000018     car_state.o (.rodata..Lswitch.table.CarState_ToString)
                  00013908    00000018     vision_pitch_tuning.o (.rodata..Lswitch.table.VisionPitchTuning_ParamName)
                  00013920    00000018     oled_ui.o (.rodata..Lswitch.table.print_status_page.116)
                  00013938    00000018     app.o (.rodata.str1.3994855026183401623.1)
                  00013950    00000016     app.o (.rodata.str1.10370861725203452414.1)
                  00013966    00000016     app.o (.rodata.str1.16363875852440222089.1)
                  0001397c    00000015     app.o (.rodata.str1.12363847334704989178.1)
                  00013991    00000015     app.o (.rodata.str1.1944712146988729081.1)
                  000139a6    00000002     ti_msp_dl_config.o (.rodata.gUART_BLUETOOTHClockConfig)
                  000139a8    00000014     vision_yaw_tuning.o (.rodata..Lswitch.table.VisionYawTuning_ParamName)
                  000139bc    00000014     app.o (.rodata..Lswitch.table.app_remote_dispatch_tokens.92)
                  000139d0    00000014     oled_ui.o (.rodata..Lswitch.table.print_status_page.117)
                  000139e4    00000014     app.o (.rodata.str1.1428064158287234977.1)
                  000139f8    00000013     app.o (.rodata.str1.10678445697442035063.1)
                  00013a0b    00000012     app.o (.rodata.str1.17399001118936924778.1)
                  00013a1d    00000012     app.o (.rodata.str1.4569028545979382413.1)
                  00013a2f    00000012     app.o (.rodata.str1.7256834521257261525.1)
                  00013a41    00000011     app.o (.rodata.str1.10201341428208791189.1)
                  00013a52    00000011     app.o (.rodata.str1.16027775433168351399.1)
                  00013a63    00000011     app.o (.rodata.str1.2540114484728192048.1)
                  00013a74    00000011     app.o (.rodata.str1.2865839870395542595.1)
                  00013a85    00000011     app.o (.rodata.str1.5697808172495890429.1)
                  00013a96    00000011     app.o (.rodata.str1.6838489472292434579.1)
                  00013aa7    00000010     app.o (.rodata.str1.11016788133198141870.1)
                  00013ab7    00000010     app.o (.rodata.str1.12846834802551182568.1)
                  00013ac7    00000010     app.o (.rodata.str1.6257995686053783187.1)
                  00013ad7    0000000e     oled_ui.o (.rodata.str1.10416366799939242409.1)
                  00013ae5    0000000e     app.o (.rodata.str1.10444262525283912398.1)
                  00013af3    0000000d     app.o (.rodata.str1.11879963978103418143.1)
                  00013b00    0000000d     app.o (.rodata.str1.5602021903949372904.1)
                  00013b0d    00000003     ti_msp_dl_config.o (.rodata.gPWM_MOTORClockConfig)
                  00013b10    0000000c     oled_ui.o (.rodata..Lswitch.table.OledUi_Update_20ms)
                  00013b1c    0000000c     app.o (.rodata..Lswitch.table.app_remote_dispatch_tokens)
                  00013b28    0000000c     app.o (.rodata.str1.15213098692428571688.1)
                  00013b34    0000000c     app.o (.rodata.str1.16810183106006904764.1)
                  00013b40    0000000c     app.o (.rodata.str1.300513063366140995.1)
                  00013b4c    0000000c     app.o (.rodata.str1.8821673477993256101.1)
                  00013b58    0000000c     app.o (.rodata.str1.9736592238987147851.1)
                  00013b64    0000000b     app.o (.rodata.str1.13935281678674483141.1)
                  00013b6f    0000000b     app.o (.rodata.str1.16907334182888988062.1)
                  00013b7a    0000000a     ti_msp_dl_config.o (.rodata.gUART_BLUETOOTHConfig)
                  00013b84    0000000a     ti_msp_dl_config.o (.rodata.gUART_VISIONConfig)
                  00013b8e    0000000a     oled_ui.o (.rodata.str1.12043213579996415112.1)
                  00013b98    0000000a     mission_library.o (.rodata.str1.13636476544574750902.1)
                  00013ba2    0000000a     mission_library.o (.rodata.str1.15668266851434757964.1)
                  00013bac    0000000a     mission_library.o (.rodata.str1.199678142196697465.1)
                  00013bb6    0000000a     vision_tuning_console.o (.rodata.str1.4859846923128959820.1)
                  00013bc0    0000000a     vision_tuning_console.o (.rodata.str1.7225688704195888286.1)
                  00013bca    00000002     ti_msp_dl_config.o (.rodata.gUART_VISIONClockConfig)
                  00013bcc    00000008     ti_msp_dl_config.o (.rodata.gPWM_MOTORConfig)
                  00013bd4    00000008     vision_tuning_console.o (.rodata.str1.11718269490974306969.1)
                  00013bdc    00000008     oled_ui.o (.rodata.str1.17763996158807330232.1)
                  00013be4    00000008     vision_tuning_console.o (.rodata.str1.3293472937029561918.1)
                  00013bec    00000008     oled_ui.o (.rodata.str1.9159586779647977165.1)
                  00013bf4    00000008     oled_ui.o (.rodata.str1.9611283282870761829.1)
                  00013bfc    00000008     oled_ui.o (.rodata.str1.9646571805098343045.1)
                  00013c04    00000007     vision_tuning_console.o (.rodata.str1.10860306953068020798.1)
                  00013c0b    00000007     app.o (.rodata.str1.11496703787469058505.1)
                  00013c12    00000007     app.o (.rodata.str1.11849843482968746561.1)
                  00013c19    00000007     app.o (.rodata.str1.13047991517565047521.1)
                  00013c20    00000007     mission_library.o (.rodata.str1.1440970855772709381.1)
                  00013c27    00000007     mission_manager.o (.rodata.str1.378057020374253378.1)
                  00013c2e    00000007     app.o (.rodata.str1.4454204961402941108.1)
                  00013c35    00000007     app.o (.rodata.str1.6961527725762523919.1)
                  00013c3c    00000007     oled_ui.o (.rodata.str1.7219546930854689545.1)
                  00013c43    00000006     oled_ui.o (.rodata.str1.10263419832828250601.1)
                  00013c49    00000006     vision_tuning_console.o (.rodata.str1.10319329813075420582.1)
                  00013c4f    00000006     oled_ui.o (.rodata.str1.1108652269057166745.1)
                  00013c55    00000006     app.o (.rodata.str1.13152753855131087754.1)
                  00013c5b    00000006     app.o (.rodata.str1.13595109925716521204.1)
                  00013c61    00000006     app.o (.rodata.str1.13719379709283632147.1)
                  00013c67    00000006     oled_ui.o (.rodata.str1.1445687256832830955.1)
                  00013c6d    00000006     app.o (.rodata.str1.15806209423872462041.1)
                  00013c73    00000006     oled_ui.o (.rodata.str1.16526439943277383452.1)
                  00013c79    00000006     oled_ui.o (.rodata.str1.16635595130967924751.1)
                  00013c7f    00000006     car_state.o (.rodata.str1.1675797584173499143.1)
                  00013c85    00000006     oled_ui.o (.rodata.str1.17540787658903907660.1)
                  00013c8b    00000006     oled_ui.o (.rodata.str1.2308938766145545715.1)
                  00013c91    00000006     oled_ui.o (.rodata.str1.240075016795266086.1)
                  00013c97    00000006     app.o (.rodata.str1.2636138999981784935.1)
                  00013c9d    00000006     vision_tuning_console.o (.rodata.str1.4028100529439820245.1)
                  00013ca3    00000006     car_state.o (.rodata.str1.41590466491370331.1)
                  00013ca9    00000006     app.o (.rodata.str1.459633387597029752.1)
                  00013caf    00000006     car_controller.o (.rodata.str1.5475209154116713896.1)
                  00013cb5    00000006     app.o (.rodata.str1.6842359452639101718.1)
                  00013cbb    00000006     app.o (.rodata.str1.7777424699149452427.1)
                  00013cc1    00000006     oled_ui.o (.rodata.str1.8236579331345056500.1)
                  00013cc7    00000006     app.o (.rodata.str1.8951131030274028623.1)
                  00013ccd    00000006     oled_ui.o (.rodata.str1.9584387800903135389.1)
                  00013cd3    00000005     motion_action.o (.rodata..Lswitch.table.MotionAction_Update_20ms)
                  00013cd8    00000005     oled.o (.rodata.oled_get_glyph.colon)
                  00013cdd    00000005     oled.o (.rodata.oled_get_glyph.eight)
                  00013ce2    00000005     oled.o (.rodata.oled_get_glyph.five)
                  00013ce7    00000005     oled.o (.rodata.oled_get_glyph.four)
                  00013cec    00000005     oled.o (.rodata.oled_get_glyph.glyphA)
                  00013cf1    00000005     oled.o (.rodata.oled_get_glyph.glyphB)
                  00013cf6    00000005     oled.o (.rodata.oled_get_glyph.glyphC)
                  00013cfb    00000005     oled.o (.rodata.oled_get_glyph.glyphD)
                  00013d00    00000005     oled.o (.rodata.oled_get_glyph.glyphE)
                  00013d05    00000005     oled.o (.rodata.oled_get_glyph.glyphF)
                  00013d0a    00000005     oled.o (.rodata.oled_get_glyph.glyphG)
                  00013d0f    00000005     oled.o (.rodata.oled_get_glyph.glyphH)
                  00013d14    00000005     oled.o (.rodata.oled_get_glyph.glyphI)
                  00013d19    00000005     oled.o (.rodata.oled_get_glyph.glyphK)
                  00013d1e    00000005     oled.o (.rodata.oled_get_glyph.glyphL)
                  00013d23    00000005     oled.o (.rodata.oled_get_glyph.glyphM)
                  00013d28    00000005     oled.o (.rodata.oled_get_glyph.glyphN)
                  00013d2d    00000005     oled.o (.rodata.oled_get_glyph.glyphO)
                  00013d32    00000005     oled.o (.rodata.oled_get_glyph.glyphP)
                  00013d37    00000005     oled.o (.rodata.oled_get_glyph.glyphR)
                  00013d3c    00000005     oled.o (.rodata.oled_get_glyph.glyphS)
                  00013d41    00000005     oled.o (.rodata.oled_get_glyph.glyphT)
                  00013d46    00000005     oled.o (.rodata.oled_get_glyph.glyphU)
                  00013d4b    00000005     oled.o (.rodata.oled_get_glyph.glyphV)
                  00013d50    00000005     oled.o (.rodata.oled_get_glyph.glyphW)
                  00013d55    00000005     oled.o (.rodata.oled_get_glyph.glyphX)
                  00013d5a    00000005     oled.o (.rodata.oled_get_glyph.glyphY)
                  00013d5f    00000005     oled.o (.rodata.oled_get_glyph.glyphb)
                  00013d64    00000005     oled.o (.rodata.oled_get_glyph.gt)
                  00013d69    00000005     oled.o (.rodata.oled_get_glyph.minus)
                  00013d6e    00000005     oled.o (.rodata.oled_get_glyph.nine)
                  00013d73    00000005     oled.o (.rodata.oled_get_glyph.one)
                  00013d78    00000005     oled.o (.rodata.oled_get_glyph.seven)
                  00013d7d    00000005     oled.o (.rodata.oled_get_glyph.six)
                  00013d82    00000005     oled.o (.rodata.oled_get_glyph.space)
                  00013d87    00000005     oled.o (.rodata.oled_get_glyph.three)
                  00013d8c    00000005     oled.o (.rodata.oled_get_glyph.two)
                  00013d91    00000005     oled.o (.rodata.oled_get_glyph.zero)
                  00013d96    00000005     app.o (.rodata.str1.1203029987332226495.1)
                  00013d9b    00000005     oled_ui.o (.rodata.str1.12182588061437138428.1)
                  00013da0    00000005     app.o (.rodata.str1.12290654951824413813.1)
                  00013da5    00000005     app.o (.rodata.str1.12441497784875596899.1)
                  00013daa    00000005     car_controller.o (.rodata.str1.12442237994239546032.1)
                  00013daf    00000005     oled_ui.o (.rodata.str1.12697925274637991987.1)
                  00013db4    00000005     app.o (.rodata.str1.1329290160258583221.1)
                  00013db9    00000005     oled_ui.o (.rodata.str1.13567883086814673087.1)
                  00013dbe    00000005     oled_ui.o (.rodata.str1.13790669171379415506.1)
                  00013dc3    00000005     oled_ui.o (.rodata.str1.13871579367539052597.1)
                  00013dc8    00000005     vision_pitch_tuning.o (.rodata.str1.13915893147848268398.1)
                  00013dcd    00000005     oled_ui.o (.rodata.str1.14358698208395374265.1)
                  00013dd2    00000005     fault.o (.rodata.str1.14435905801345341244.1)
                  00013dd7    00000005     app.o (.rodata.str1.14614617329940285853.1)
                  00013ddc    00000005     oled_ui.o (.rodata.str1.14711868471336838103.1)
                  00013de1    00000005     fault.o (.rodata.str1.1506612114648992996.1)
                  00013de6    00000005     oled_ui.o (.rodata.str1.15613891207764622616.1)
                  00013deb    00000005     oled_ui.o (.rodata.str1.15817398807211891688.1)
                  00013df0    00000005     oled_ui.o (.rodata.str1.16290499236105125126.1)
                  00013df5    00000005     oled_ui.o (.rodata.str1.16411631209783952401.1)
                  00013dfa    00000005     car_controller.o (.rodata.str1.1652194605229746967.1)
                  00013dff    00000005     app.o (.rodata.str1.16692611307951120442.1)
                  00013e04    00000005     app.o (.rodata.str1.16845902142436992655.1)
                  00013e09    00000005     oled_ui.o (.rodata.str1.16931641404301806744.1)
                  00013e0e    00000005     oled_ui.o (.rodata.str1.16939060351352778619.1)
                  00013e13    00000005     fault.o (.rodata.str1.17097894860660336008.1)
                  00013e18    00000005     fault.o (.rodata.str1.17155043670132108083.1)
                  00013e1d    00000005     vision_tuning_console.o (.rodata.str1.17265544270347038021.1)
                  00013e22    00000005     app.o (.rodata.str1.17432819948416611743.1)
                  00013e27    00000005     oled_ui.o (.rodata.str1.17464849429964608858.1)
                  00013e2c    00000005     oled_ui.o (.rodata.str1.17763087492223448992.1)
                  00013e31    00000005     app.o (.rodata.str1.1796468832600293665.1)
                  00013e36    00000005     app.o (.rodata.str1.17980129702820282969.1)
                  00013e3b    00000005     app.o (.rodata.str1.1893846744673705871.1)
                  00013e40    00000005     oled_ui.o (.rodata.str1.1974573040514735405.1)
                  00013e45    00000005     fault.o (.rodata.str1.2104670281202025270.1)
                  00013e4a    00000005     oled_ui.o (.rodata.str1.2522137003438374266.1)
                  00013e4f    00000005     app.o (.rodata.str1.2568190970272041647.1)
                  00013e54    00000005     app.o (.rodata.str1.2606929252065540862.1)
                  00013e59    00000005     oled_ui.o (.rodata.str1.2742282290834473644.1)
                  00013e5e    00000005     oled_ui.o (.rodata.str1.2983744876309220570.1)
                  00013e63    00000005     oled_ui.o (.rodata.str1.3467953211977455017.1)
                  00013e68    00000005     app.o (.rodata.str1.3543938948723267646.1)
                  00013e6d    00000005     oled_ui.o (.rodata.str1.3702290527496711532.1)
                  00013e72    00000005     car_controller.o (.rodata.str1.4164979912472006574.1)
                  00013e77    00000005     app.o (.rodata.str1.4360399834097859481.1)
                  00013e7c    00000005     fault.o (.rodata.str1.4453281041433270631.1)
                  00013e81    00000005     fault.o (.rodata.str1.4549004730087743662.1)
                  00013e86    00000005     oled_ui.o (.rodata.str1.4581472623415959594.1)
                  00013e8b    00000005     oled_ui.o (.rodata.str1.4610220316623841660.1)
                  00013e90    00000005     car_controller.o (.rodata.str1.4850163232891874878.1)
                  00013e95    00000005     menu.o (.rodata.str1.4862307748908978627.1)
                  00013e9a    00000005     app.o (.rodata.str1.5135238925662358659.1)
                  00013e9f    00000005     app.o (.rodata.str1.5950367083599167409.1)
                  00013ea4    00000005     fault.o (.rodata.str1.6372787129294360447.1)
                  00013ea9    00000005     fault.o (.rodata.str1.6437946768974223044.1)
                  00013eae    00000005     app.o (.rodata.str1.6810515665389614968.1)
                  00013eb3    00000005     app.o (.rodata.str1.6937253152838018734.1)
                  00013eb8    00000005     car_controller.o (.rodata.str1.702403006289709404.1)
                  00013ebd    00000005     app.o (.rodata.str1.7228600276961548272.1)
                  00013ec2    00000005     oled_ui.o (.rodata.str1.7419768602719733415.1)
                  00013ec7    00000005     vision_yaw_tuning.o (.rodata.str1.7764041101441114269.1)
                  00013ecc    00000005     oled_ui.o (.rodata.str1.7774807581888385879.1)
                  00013ed1    00000005     oled_ui.o (.rodata.str1.8124536758062367015.1)
                  00013ed6    00000005     app.o (.rodata.str1.8149634197813164057.1)
                  00013edb    00000005     fault.o (.rodata.str1.8185770893384132067.1)
                  00013ee0    00000005     app.o (.rodata.str1.8214673950224663419.1)
                  00013ee5    00000005     car_state.o (.rodata.str1.8223341253983108753.1)
                  00013eea    00000005     oled_ui.o (.rodata.str1.8399051469953744892.1)
                  00013eef    00000005     oled_ui.o (.rodata.str1.8403269972884532600.1)
                  00013ef4    00000005     oled_ui.o (.rodata.str1.8426569189266129334.1)
                  00013ef9    00000005     oled_ui.o (.rodata.str1.8460525935980491721.1)
                  00013efe    00000005     app.o (.rodata.str1.8682387830711593804.1)
                  00013f03    00000005     oled_ui.o (.rodata.str1.8693388333057100694.1)
                  00013f08    00000005     car_state.o (.rodata.str1.8698975129455933903.1)
                  00013f0d    00000005     oled_ui.o (.rodata.str1.8950259614286592359.1)
                  00013f12    00000005     oled_ui.o (.rodata.str1.9102528229756940648.1)
                  00013f17    00000005     app.o (.rodata.str1.9222971948914276833.1)
                  00013f1c    00000005     oled_ui.o (.rodata.str1.9295666102996717355.1)
                  00013f21    00000005     oled_ui.o (.rodata.str1.9351772214919528733.1)
                  00013f26    00000005     oled_ui.o (.rodata.str1.9822857334037886482.1)
                  00013f2b    00000005     car_controller.o (.rodata.str1.9981487771679760427.1)
                  00013f30    00000004     oled_ui.o (.rodata.str1.10077435089618835710.1)
                  00013f34    00000004     oled_ui.o (.rodata.str1.1019225241002246410.1)
                  00013f38    00000004     oled_ui.o (.rodata.str1.10430294223631918979.1)
                  00013f3c    00000004     app.o (.rodata.str1.10450196737795524526.1)
                  00013f40    00000004     oled_ui.o (.rodata.str1.10568433575767188072.1)
                  00013f44    00000004     oled_ui.o (.rodata.str1.11232419324784801130.1)
                  00013f48    00000004     oled_ui.o (.rodata.str1.11428648044669318875.1)
                  00013f4c    00000004     app.o (.rodata.str1.1201226133333828823.1)
                  00013f50    00000004     menu.o (.rodata.str1.12110183915172842339.1)
                  00013f54    00000004     oled_ui.o (.rodata.str1.12493748764729730277.1)
                  00013f58    00000004     oled_ui.o (.rodata.str1.12617122458660443890.1)
                  00013f5c    00000004     car_controller.o (.rodata.str1.12661897076542654461.1)
                  00013f60    00000004     oled_ui.o (.rodata.str1.12928245060369742404.1)
                  00013f64    00000004     oled_ui.o (.rodata.str1.12983537867572525563.1)
                  00013f68    00000004     oled_ui.o (.rodata.str1.13244290092665904221.1)
                  00013f6c    00000004     fault.o (.rodata.str1.13582094816268305212.1)
                  00013f70    00000004     oled_ui.o (.rodata.str1.13882251010780863896.1)
                  00013f74    00000004     car_state.o (.rodata.str1.13986535679874659196.1)
                  00013f78    00000004     vision_tuning_console.o (.rodata.str1.14084955404328172175.1)
                  00013f7c    00000004     oled_ui.o (.rodata.str1.14134189893851348960.1)
                  00013f80    00000004     oled_ui.o (.rodata.str1.14521350379984854626.1)
                  00013f84    00000004     oled_ui.o (.rodata.str1.15008238333949226094.1)
                  00013f88    00000004     oled_ui.o (.rodata.str1.15575624326185233262.1)
                  00013f8c    00000004     oled_ui.o (.rodata.str1.15577080202403550426.1)
                  00013f90    00000004     oled_ui.o (.rodata.str1.15802367878353263018.1)
                  00013f94    00000004     oled_ui.o (.rodata.str1.15829239520183577662.1)
                  00013f98    00000004     oled_ui.o (.rodata.str1.15935041339501476673.1)
                  00013f9c    00000004     app.o (.rodata.str1.16143489755095309550.1)
                  00013fa0    00000004     menu.o (.rodata.str1.16312125044762562515.1)
                  00013fa4    00000004     fault.o (.rodata.str1.16482347271627360806.1)
                  00013fa8    00000004     oled_ui.o (.rodata.str1.16554583589798097927.1)
                  00013fac    00000004     vision_pitch_tuning.o (.rodata.str1.16579632732967443104.1)
                  00013fb0    00000004     oled_ui.o (.rodata.str1.16849766574302683489.1)
                  00013fb4    00000004     menu.o (.rodata.str1.17041139162815566052.1)
                  00013fb8    00000004     car_controller.o (.rodata.str1.17172356789460551389.1)
                  00013fbc    00000004     oled_ui.o (.rodata.str1.17274519358952562110.1)
                  00013fc0    00000004     car_controller.o (.rodata.str1.18191498530309206443.1)
                  00013fc4    00000004     oled_ui.o (.rodata.str1.18266126048138325213.1)
                  00013fc8    00000004     oled_ui.o (.rodata.str1.18379317056176403938.1)
                  00013fcc    00000004     oled_ui.o (.rodata.str1.2656948373757303877.1)
                  00013fd0    00000004     oled_ui.o (.rodata.str1.270145429241168923.1)
                  00013fd4    00000004     oled_ui.o (.rodata.str1.3407221357956504873.1)
                  00013fd8    00000004     app.o (.rodata.str1.3437893941128827834.1)
                  00013fdc    00000004     oled_ui.o (.rodata.str1.3455423528827705371.1)
                  00013fe0    00000004     car_state.o (.rodata.str1.3601627812925153765.1)
                  00013fe4    00000004     oled_ui.o (.rodata.str1.4402311448527872260.1)
                  00013fe8    00000004     oled_ui.o (.rodata.str1.4581686099848791648.1)
                  00013fec    00000004     oled_ui.o (.rodata.str1.4582914374586912483.1)
                  00013ff0    00000004     oled_ui.o (.rodata.str1.5004483696121082904.1)
                  00013ff4    00000004     oled_ui.o (.rodata.str1.5853739094453432564.1)
                  00013ff8    00000004     oled_ui.o (.rodata.str1.5965450730569173784.1)
                  00013ffc    00000004     oled_ui.o (.rodata.str1.5965888106848176421.1)
                  00014000    00000004     oled_ui.o (.rodata.str1.6806727740681590176.1)
                  00014004    00000004     menu.o (.rodata.str1.6857549598058878762.1)
                  00014008    00000004     oled_ui.o (.rodata.str1.6954814719705590448.1)
                  0001400c    00000004     oled_ui.o (.rodata.str1.7185587941321649510.1)
                  00014010    00000004     fault.o (.rodata.str1.7255546073596598018.1)
                  00014014    00000004     app.o (.rodata.str1.7550388926703112983.1)
                  00014018    00000004     oled_ui.o (.rodata.str1.8018480777946742726.1)
                  0001401c    00000004     oled_ui.o (.rodata.str1.8471462185882660445.1)
                  00014020    00000004     app.o (.rodata.str1.8524103983287916360.1)
                  00014024    00000004     oled_ui.o (.rodata.str1.8783421139296713095.1)
                  00014028    00000004     car_controller.o (.rodata.str1.9234375891235759983.1)
                  0001402c    00000004     vision_tuning_console.o (.rodata.str1.9292707793305368794.1)
                  00014030    00000004     vision_yaw_tuning.o (.rodata.str1.9489746196023004463.1)
                  00014034    00000004     oled_ui.o (.rodata.str1.967006512144173535.1)
                  00014038    00000004     oled_ui.o (.rodata.str1.9854382722193312766.1)
                  0001403c    00000003     app.o (.rodata.str1.10250497020811341304.1)
                  0001403f    00000003     oled_ui.o (.rodata.str1.10509309789429088155.1)
                  00014042    00000003     vision_pitch_tuning.o (.rodata.str1.10553819018306626402.1)
                  00014045    00000003     vision_tuning_console.o (.rodata.str1.12197883643583142124.1)
                  00014048    00000003     app.o (.rodata.str1.12497096898470556516.1)
                  0001404b    00000003     oled_ui.o (.rodata.str1.130772507669342127.1)
                  0001404e    00000003     menu.o (.rodata.str1.13124720451672825294.1)
                  00014051    00000003     menu.o (.rodata.str1.14098755746347272832.1)
                  00014054    00000003     app.o (.rodata.str1.14141965288680528547.1)
                  00014057    00000003     oled_ui.o (.rodata.str1.14556837007311414654.1)
                  0001405a    00000003     oled_ui.o (.rodata.str1.14740362735394205067.1)
                  0001405d    00000003     oled_ui.o (.rodata.str1.14774750633985060196.1)
                  00014060    00000003     vision_pitch_tuning.o (.rodata.str1.15082469624955958926.1)
                  00014063    00000003     oled_ui.o (.rodata.str1.15132332204781002199.1)
                  00014066    00000003     vision_yaw_tuning.o (.rodata.str1.15455206247194842411.1)
                  00014069    00000003     oled_ui.o (.rodata.str1.15859922799842739878.1)
                  0001406c    00000003     vision_tuning_console.o (.rodata.str1.16336339630363933256.1)
                  0001406f    00000003     oled_ui.o (.rodata.str1.16895433903389883335.1)
                  00014072    00000003     vision_pitch_tuning.o (.rodata.str1.17185918124541117546.1)
                  00014075    00000003     oled_ui.o (.rodata.str1.17812014771544466701.1)
                  00014078    00000003     oled_ui.o (.rodata.str1.17884296644359297425.1)
                  0001407b    00000003     vision_pitch_tuning.o (.rodata.str1.18308346119964257230.1)
                  0001407e    00000003     oled_ui.o (.rodata.str1.2193316011307952170.1)
                  00014081    00000003     vision_pitch_tuning.o (.rodata.str1.2353024170771920291.1)
                  00014084    00000003     oled_ui.o (.rodata.str1.2603845803395459882.1)
                  00014087    00000003     oled_ui.o (.rodata.str1.2608729314174233125.1)
                  0001408a    00000003     oled_ui.o (.rodata.str1.3025253791635144717.1)
                  0001408d    00000003     app.o (.rodata.str1.3926683289694998730.1)
                  00014090    00000003     vision_yaw_tuning.o (.rodata.str1.4032468970572441659.1)
                  00014093    00000003     menu.o (.rodata.str1.4646809750356241979.1)
                  00014096    00000003     app.o (.rodata.str1.5290328808575308624.1)
                  00014099    00000003     vision_yaw_tuning.o (.rodata.str1.6393086909333857079.1)
                  0001409c    00000003     vision_yaw_tuning.o (.rodata.str1.6657421771701333087.1)
                  0001409f    00000003     fault.o (.rodata.str1.8193046109637024842.1)
                  000140a2    00000003     app.o (.rodata.str1.8900468877210241818.1)
                  000140a5    00000003     oled_ui.o (.rodata.str1.9229350655415085.1)
                  000140a8    00000003     oled_ui.o (.rodata.str1.9544068167406571052.1)
                  000140ab    00000002     oled_ui.o (.rodata.str1.15917848551323629232.1)
                  000140ad    00000003     --HOLE-- [fill = 0]

.init_array 
*          0    00000000    00000000     UNINITIALIZED

.binit     0    00000000    00000000     

.bss       0    20200000    0000147f     UNINITIALIZED
                  20200000    00000400     oled.o (.bss.g_oledFrame)
                  20200400    00000200     vision_receiver.o (.bss.g_ring)
                  20200600    000001c8     runtime_snapshot.o (.bss.g_snapshot)
                  202007c8    00000194     app.o (.bss.g_remoteCommandCache)
                  2020095c    00000110     (.common:g_appConfig)
                  20200a6c    00000100     vision_tuning_console.o (.bss.g_rxRing)
                  20200b6c    00000100     bluetooth_uart.o (.bss.g_txRing)
                  20200c6c    00000100     vision_tuning_console.o (.bss.g_txRing)
                  20200d6c    00000084     (.common:g_imuRuntime)
                  20200df0    00000080     bluetooth_uart.o (.bss.g_rxRing)
                  20200e70    0000007c     motor_control.o (.bss.g_runtime)
                  20200eec    0000006c     (.common:g_appRuntime)
                  20200f58    00000058     vision_receiver.o (.bss.g_status)
                  20200fb0    00000058     (.common:g_wheelSpeedEstimatorRuntime)
                  20201008    00000040     gimbal.o (.bss.g_feedback)
                  20201048    00000040     vision_tuning_console.o (.bss.g_line)
                  20201088    00000040     line_controller.o (.bss.g_lineRuntime)
                  202010c8    00000040     app.o (.bss.g_remoteDispatchPayload)
                  20201108    00000040     app.o (.bss.g_remoteLine)
                  20201148    00000030     mission_manager.o (.bss.g_transientActions)
                  20201178    00000030     (.common:gUART_VISIONBackup)
                  202011a8    0000002c     vision_receiver.o (.bss.g_observation)
                  202011d4    0000002c     empty.o (.bss.g_schedulerStats)
                  20201200    00000028     vision_receiver.o (.bss.g_frame)
                  20201228    00000020     bluetooth_uart.o (.bss.g_runtime)
                  20201248    0000001c     mission_manager.o (.bss.g_missionRuntime)
                  20201264    0000001c     (.common:g_headingRuntime)
                  20201280    00000018     obstacle_avoidance.o (.bss.g_avoidFeedback)
                  20201298    00000018     gimbal_stepper.o (.bss.g_feedback)
                  202012b0    00000018     vision_pitch_tuning.o (.bss.g_status)
                  202012c8    00000018     vision_tuning_console.o (.bss.g_status)
                  202012e0    00000014     motion_action.o (.bss.g_motionActionRuntime)
                  202012f4    00000004     imu.o (.bss.g_elapsedSinceValidSampleMs)
                  202012f8    00000014     vision_yaw_tuning.o (.bss.g_status)
                  2020130c    00000014     watchdog_monitor.o (.bss.g_status)
                  20201320    00000010     fault.o (.bss.g_faultRecord)
                  20201330    00000010     motor.o (.bss.g_motorRuntime)
                  20201340    00000010     mission_manager.o (.bss.g_transientDefinition)
                  20201350    0000000e     car_controller.o (.bss.g_carControllerFeedback)
                  2020135e    00000002     ultrasonic.o (.bss.g_echoTicks)
                  20201360    0000000e     ultrasonic.o (.bss.g_ultrasonicFeedback)
                  2020136e    00000002     app.o (.bss.g_remoteLastErrorCode)
                  20201370    0000000c     magnet.o (.bss.g_runtime)
                  2020137c    0000000c     debug_telemetry.o (.bss.g_status)
                  20201388    00000008     obstacle_monitor.o (.bss.g_obstacleFeedback)
                  20201390    00000008     app.o (.bss.g_remoteDispatchCommand)
                  20201398    00000008     gimbal.o (.bss.g_yawContinuousDegX10)
                  202013a0    00000008     gimbal.o (.bss.g_yawLockedWorldYawDegX10)
                  202013a8    00000008     gimbal.o (.bss.g_yawTargetContinuousDegX10)
                  202013b0    00000008     gimbal.o (.bss.g_yawWorldTargetDegX10)
                  202013b8    00000008     gimbal.o (.bss.g_yawWrappedDegX10)
                  202013c0    00000006     ultrasonic.o (.bss.g_distanceSamples)
                  202013c6    00000006     key.o (.bss.g_key1)
                  202013cc    00000006     key.o (.bss.g_key2)
                  202013d2    00000006     key.o (.bss.g_key3)
                  202013d8    00000004     debug_telemetry.o (.bss.g_lastFrameMs)
                  202013dc    00000004     watchdog_monitor.o (.bss.g_lastTickMs)
                  202013e0    00000004     wheel_speed_estimator.o (.bss.g_latchedErrorFlags)
                  202013e4    00000004     empty.o (.bss.g_localTimeMs)
                  202013e8    00000004     encoder.o (.bss.g_motorAPulses)
                  202013ec    00000004     encoder.o (.bss.g_motorBPulses)
                  202013f0    00000004     imu.o (.bss.g_previousValidCorrectedGyroZDps)
                  202013f4    00000004     app.o (.bss.g_remoteActionId)
                  202013f8    00000004     app.o (.bss.g_remoteActionSequence)
                  202013fc    00000004     app.o (.bss.g_remoteActionStartMs)
                  20201400    00000004     app.o (.bss.g_remoteDispatchSequence)
                  20201404    00000004     app.o (.bss.g_remoteLastActionId)
                  20201408    00000004     app.o (.bss.g_remoteLastContactMs)
                  2020140c    00000004     app.o (.bss.g_remoteLastDurationMs)
                  20201410    00000004     app.o (.bss.g_remoteLineLastByteMs)
                  20201414    00000004     app.o (.bss.g_remoteLinkTimeoutCount)
                  20201418    00000004     mission_manager.o (.bss.g_selectedDefinition)
                  2020141c    00000004     servo.o (.bss.g_servoFeedback)
                  20201420    00000004     gimbal.o (.bss.g_yawCommandedRpm)
                  20201424    00000004     gimbal.o (.bss.g_yawTargetRpm)
                  20201428    00000004     empty.o (.bss.main.lastAppUpdateMs)
                  2020142c    00000002     vision_receiver.o (.bss.g_ringHead)
                  2020142e    00000002     vision_receiver.o (.bss.g_ringTail)
                  20201430    00000002     bluetooth_uart.o (.bss.g_rxHead)
                  20201432    00000002     vision_tuning_console.o (.bss.g_rxHead)
                  20201434    00000002     bluetooth_uart.o (.bss.g_rxTail)
                  20201436    00000002     vision_tuning_console.o (.bss.g_rxTail)
                  20201438    00000002     servo.o (.bss.g_servoPwmPhase)
                  2020143a    00000002     ultrasonic.o (.bss.g_stateTicks)
                  2020143c    00000002     bluetooth_uart.o (.bss.g_txHead)
                  2020143e    00000002     vision_tuning_console.o (.bss.g_txHead)
                  20201440    00000002     bluetooth_uart.o (.bss.g_txTail)
                  20201442    00000002     vision_tuning_console.o (.bss.g_txTail)
                  20201444    00000002     (.common:g_trackError)
                  20201446    00000001     oled_ui.o (.bss.OledUi_Update_20ms.flushRow)
                  20201447    00000001     oled_ui.o (.bss.OledUi_Update_20ms.refreshDivider)
                  20201448    00000001     empty.o (.bss.SysTick_Handler.controlMsCount)
                  20201449    00000001     empty.o (.bss.SysTick_Handler.tick100usCount)
                  2020144a    00000001     ultrasonic.o (.bss.Ultrasonic_Update_20ms.triggerDivider)
                  2020144b    00000001     empty.o (.bss.g_appUpdatePending)
                  2020144c    00000001     vision_tuning_console.o (.bss.g_capturing)
                  2020144d    00000001     car_state.o (.bss.g_carState)
                  2020144e    00000001     obstacle_monitor.o (.bss.g_centerSettleTicks)
                  2020144f    00000001     vision_tuning_console.o (.bss.g_commandTarget)
                  20201450    00000001     ultrasonic.o (.bss.g_distanceSampleCount)
                  20201451    00000001     ultrasonic.o (.bss.g_distanceSampleIndex)
                  20201452    00000001     emergency_stop.o (.bss.g_emergencyStopActive)
                  20201453    00000001     watchdog_monitor.o (.bss.g_faultApplied)
                  20201454    00000001     watchdog_monitor.o (.bss.g_faultPending)
                  20201455    00000001     vision_receiver.o (.bss.g_frameSize)
                  20201456    00000001     imu.o (.bss.g_integrationHistoryValid)
                  20201457    00000001     wheel_speed_estimator.o (.bss.g_leftFilterInitialized)
                  20201458    00000001     vision_tuning_console.o (.bss.g_lineSize)
                  20201459    00000001     obstacle_safety.o (.bss.g_obstacleSafetyHolding)
                  2020145a    00000001     oled.o (.bss.g_oledColumn)
                  2020145b    00000001     menu.o (.bss.g_oledPage)
                  2020145c    00000001     oled.o (.bss.g_oledPage)
                  2020145d    00000001     encoder.o (.bss.g_overflowFlags)
                  2020145e    00000001     menu.o (.bss.g_paramItem)
                  2020145f    00000001     menu.o (.bss.g_paramReturnPage)
                  20201460    00000001     key.o (.bss.g_pendingEvent)
                  20201461    00000001     vision_tuning_console.o (.bss.g_prefixIndex)
                  20201462    00000001     vision_tuning_console.o (.bss.g_prefixTarget)
                  20201463    00000001     app.o (.bss.g_remoteAction)
                  20201464    00000001     app.o (.bss.g_remoteActionSequenced)
                  20201465    00000001     app.o (.bss.g_remoteDiscardInvalid)
                  20201466    00000001     app.o (.bss.g_remoteDiscardLine)
                  20201467    00000001     app.o (.bss.g_remoteLastAction)
                  20201468    00000001     app.o (.bss.g_remoteLastResult)
                  20201469    00000001     app.o (.bss.g_remoteLineLength)
                  2020146a    00000001     app.o (.bss.g_remoteLinkLost)
                  2020146b    00000001     app.o (.bss.g_remoteSequenceDispatch)
                  2020146c    00000001     wheel_speed_estimator.o (.bss.g_rightFilterInitialized)
                  2020146d    00000001     car_controller.o (.bss.g_safetyHold)
                  2020146e    00000001     imu.o (.bss.g_shortGapPending)
                  2020146f    00000001     motor_control.o (.bss.g_targetRefreshed)
                  20201470    00000001     mission_manager.o (.bss.g_transientActionActive)
                  20201471    00000001     ultrasonic.o (.bss.g_triggerRequest)
                  20201472    00000001     ultrasonic.o (.bss.g_ultrasonicState)
                  20201473    00000001     gimbal.o (.bss.g_yawLimitClamped)
                  20201474    00000001     gimbal.o (.bss.g_yawLimitDirection)
                  20201475    00000001     gimbal.o (.bss.g_yawPositionValid)
                  20201476    00000001     gimbal.o (.bss.g_yawWorldLockEnabled)
                  20201477    00000001     (.common:g_carStateDebug)
                  20201478    00000001     (.common:g_keyEvent)
                  20201479    00000001     (.common:g_oledPageDebug)
                  2020147a    00000001     (.common:g_paramItemDebug)
                  2020147b    00000001     (.common:g_trackBlackCount)
                  2020147c    00000001     (.common:g_trackModeDebug)
                  2020147d    00000001     (.common:g_trackRaw)
                  2020147e    00000001     (.common:g_trackTurnDebug)

.data      0    20201480    00000006     UNINITIALIZED
                  20201480    00000004     app.o (.data.g_remoteNextActionId)
                  20201484    00000001     car_controller.o (.data.g_followTurnPolicy)
                  20201485    00000001     app.o (.data.g_remoteGear)

.stack     0    20207e00    00000200     UNINITIALIZED
                  20207e00    00000004     libc.a : boot_cortex_m.c.obj (.stack)
                  20207e04    000001fc     --HOLE--

__llvm_prf_cnts 
*          0    20200000    00000000     UNINITIALIZED

__llvm_prf_bits 
*          0    20200000    00000000     UNINITIALIZED

MODULE SUMMARY

       Module                         code    ro data   rw data
       ------                         ----    -------   -------
    .\
       app.o                          21012   758       602    
       oled_ui.o                      10548   657       2      
       vision_tuning_console.o        9616    102       613    
       car_controller.o               4360    92        124    
       imu.o                          4252    0         142    
       oled.o                         2006    406       1026   
       motor_control.o                2768    0         125    
       app_config.o                   2144    0         272    
       line_controller.o              2196    0         64     
       vision_receiver.o              1072    0         689    
       bluetooth_uart.o               1318    0         424    
       mission_manager.o              1556    7         97     
       runtime_snapshot.o             1192    0         456    
       motion_action.o                1368    5         20     
       wheel_speed_estimator.o        1292    0         94     
       gimbal.o                       896     0         116    
       mission_library.o              560     389       0      
       ti_msp_dl_config.o             788     35        48     
       motor.o                        776     0         16     
       menu.o                         704     58        3      
       vision_protocol.o              732     0         0      
       ultrasonic.o                   596     0         29     
       empty.o                        408     0         55     
       key.o                          436     0         19     
       fault.o                        312     65        16     
       track_sensor.o                 372     0         0      
       heading_control.o              340     0         28     
       watchdog_monitor.o             308     0         26     
       vision_pitch_tuning.o          260     48        24     
       vision_yaw_tuning.o            248     41        20     
       encoder.o                      276     0         9      
       obstacle_safety.o              272     0         1      
       obstacle_monitor.o             192     0         9      
       startup_mspm0g350x_ticlang.o   6       192       0      
       angle_utils.o                  192     0         0      
       emergency_stop.o               188     0         1      
       magnet.o                       176     0         12     
       servo.o                        176     0         6      
       vision_uart.o                  164     0         0      
       car_state.o                    60      54        1      
       obstacle_avoidance.o           62      0         24     
       debug_telemetry.o              56      0         16     
       gimbal_stepper.o               8       0         24     
    +--+------------------------------+-------+---------+---------+
       Total:                         76264   2909      5253   
                                                               
    C:/TI/mspm0_sdk_2_05_01_00/source/ti/driverlib/lib/ticlang/m0p/mspm0g1x0x_g3x0x/driverlib.a
       dl_timer.o                     388     0         0      
       dl_uart.o                      90      0         0      
       dl_common.o                    10      0         0      
    +--+------------------------------+-------+---------+---------+
       Total:                         488     0         0      
                                                               
    D:\TI\CCS\ccs\tools\compiler\ti-cgt-armllvm_4.0.4.LTS\lib\armv6m-ti-none-eabi/c/libc.a
       memcpy16.S.obj                 154     0         0      
       strcmp-armv6m.S.obj            136     0         0      
       copy_decompress_lzss.c.obj     124     0         0      
       memset16.S.obj                 98      0         0      
       autoinit.c.obj                 60      0         0      
       boot_cortex_m.c.obj            40      0         0      
       memmov.c.obj                   40      0         0      
       memcmp.c.obj                   32      0         0      
       copy_decompress_none.c.obj     18      0         0      
       copy_zero_init.c.obj           16      0         0      
       exit.c.obj                     6       0         0      
       pre_init.c.obj                 4       0         0      
    +--+------------------------------+-------+---------+---------+
       Total:                         728     0         0      
                                                               
    D:\TI\CCS\ccs\tools\compiler\ti-cgt-armllvm_4.0.4.LTS\lib\armv6m-ti-none-eabi/c/libsysbm.a
       hostexit.c.obj                 4       0         0      
    +--+------------------------------+-------+---------+---------+
       Total:                         4       0         0      
                                                               
    D:\TI\CCS\ccs\tools\compiler\ti-cgt-armllvm_4.0.4.LTS\lib\armv6m-ti-none-eabi/libclang_rt.builtins.a
       addsf3.S.obj                   216     0         0      
       udivmoddi4.S.obj               162     0         0      
       comparesf2.S.obj               140     0         0      
       mulsf3.S.obj                   140     0         0      
       divsf3.S.obj                   130     0         0      
       aeabi_fcmp.S.obj               98      0         0      
       fixsfdi.S.obj                  96      0         0      
       aeabi_idivmod.S.obj            86      0         0      
       floatdisf.S.obj                78      0         0      
       aeabi_uidivmod.S.obj           64      0         0      
       divmoddi4.c.obj                62      0         0      
       floatsisf.S.obj                60      0         0      
       muldsi3.S.obj                  58      0         0      
       fixsfsi.S.obj                  56      0         0      
       fixunssfsi.S.obj               50      0         0      
       floatunsisf.S.obj              40      0         0      
       muldi3.S.obj                   36      0         0      
       ashldi3.S.obj                  30      0         0      
       aeabi_ldivmod.S.obj            20      0         0      
       aeabi_uldivmod.S.obj           20      0         0      
       aeabi_memset.S.obj             12      0         0      
       aeabi_memcpy.S.obj             8       0         0      
       aeabi_memmove.S.obj            8       0         0      
       aeabi_div0.c.obj               4       0         0      
    +--+------------------------------+-------+---------+---------+
       Total:                         1674    0         0      
                                                               
       Stack:                         0       0         512    
       Linker Generated:              0       44        0      
    +--+------------------------------+-------+---------+---------+
       Grand Total:                   79158   2953      5765   


LINKER GENERATED COPY TABLES

__TI_cinit_table @ 000140cc records: 2, size/record: 8, table size: 16
	.bss: load addr=000140bc, load size=00000008 bytes, run addr=20200000, run size=0000147f bytes, compression=zero_init
	.data: load addr=000140c4, load size=00000008 bytes, run addr=20201480, run size=00000006 bytes, compression=lzss


LINKER GENERATED HANDLER TABLE

__TI_handler_table @ 000140b0 records: 3, size/record: 4, table size: 12
	index: 0, handler: __TI_decompress_lzss
	index: 1, handler: __TI_decompress_none
	index: 2, handler: __TI_zero_init


GLOBAL SYMBOLS: SORTED ALPHABETICALLY BY Name 

address   name                                      
-------   ----                                      
00010e3f  ADC0_IRQHandler                           
00010e3f  ADC1_IRQHandler                           
00010e3f  AES_IRQHandler                            
0001095d  Angle_Normalize180                        
0000caa9  AppConfig_InitDefault                     
0000805d  AppConfig_LimitAll                        
0000edc1  App_Init                                  
00010c4d  App_ResetToReady                          
000065b1  App_Update_20ms                           
0001353d  BluetoothUart_GetRuntime                  
00011019  BluetoothUart_Init                        
0000ef0d  BluetoothUart_Process                     
00012a41  BluetoothUart_TryReadByte                 
0000d6ed  BluetoothUart_TryWriteBuffer              
00012a09  BluetoothUart_TryWriteString              
[...]
20200d6c  g_imuRuntime                              
20201478  g_keyEvent                                
20201479  g_oledPageDebug                           
2020147a  g_paramItemDebug                          
2020147b  g_trackBlackCount                         
20201444  g_trackError                              
2020147c  g_trackModeDebug                          
2020147d  g_trackRaw                                
2020147e  g_trackTurnDebug                          
20200fb0  g_wheelSpeedEstimatorRuntime              
00000000  interruptVectors                          
00010385  main                                      
00013029  memcmp                                    
00010f7d  memcpy                                    
00012e41  memmove                                   
00011cfb  memset                                    
000114a1  strcmp                                    


GLOBAL SYMBOLS: SORTED BY Symbol Address 

address   name                                      
-------   ----                                      
00000000  __TI_ATRegion0_region_sz                  
00000000  __TI_ATRegion0_src_addr                   
00000000  __TI_ATRegion0_trg_addr                   
00000000  __TI_ATRegion1_region_sz                  
00000000  __TI_ATRegion1_src_addr                   
00000000  __TI_ATRegion1_trg_addr                   
00000000  __TI_ATRegion2_region_sz                  
00000000  __TI_ATRegion2_src_addr                   
00000000  __TI_ATRegion2_trg_addr                   
00000000  __TI_static_base__                        
00000000  interruptVectors                          
000000c1  OledUi_Update_20ms                        
00000200  __STACK_SIZE                              
000047dd  VisionTuningConsole_Process               
000065b1  App_Update_20ms                           
0000805d  AppConfig_LimitAll                        
000086a5  LineController_Update                     
00008bc9  RuntimeSnapshot_Update                    
000098c9  WheelSpeedEstimator_Update                
0000a0d5  Imu_Update                                
0000a4b5  VisionReceiver_Process                    
0000ac15  Imu_Init                                  
0000beb5  MotionAction_Update_20ms                  
0000c165  MotorControl_Update                       
0000c659  Imu_CalibrateGyroBias                     
0000c889  Menu_HandleKeyEvent                       
0000caa9  AppConfig_InitDefault                     
0000ced9  MotionAction_Start                        
0000d2f5  Motor_SetSpeed                            
0000d4f9  VisionProtocol_ParseV1TargetFrame         
0000d6ed  BluetoothUart_TryWriteBuffer              
0000dac1  MissionLibrary_Validate                   
0000e1f5  Ultrasonic_Tick100us                      
0000e395  CarController_StartDriveDistanceAtYaw     
0000e531  CarController_Update_20ms                 
0000e6c1  Key_Update_20ms                           
0000e835  OLED_FlushPage                            
0000e9a5  OLED_PrintInt16                           
0000edc1  App_Init                                  
0000ef0d  BluetoothUart_Process                     
0000f185  LineController_Reset                      
0000f2ad  OLED_Init                                 
0000f611  LineController_ResetControlState          
0000f829  DL_Timer_initFourCCPWMMode                
0000f92d  LineController_Init                       
0000fa31  MissionManager_Update_20ms                
0000fb35  MotorControl_SetNormalizedTarget          
0000fd31  MissionManager_SelectNext                 
0000fe25  HeadingControl_Update                     
0000ff11  ObstacleSafety_Update_20ms                
000100e1  UART1_IRQHandler                          
000101c5  MissionManager_SelectPrevious             
000102a5  WheelSpeedEstimator_Init                  
00010385  main                                      
00010465  SYSCFG_DL_GPIO_init                       
00010541  OLED_PrintUInt16                          
00010619  __aeabi_fsub                              
00010619  __subsf3                                  
00010623  __addsf3                                  
00010623  __aeabi_fadd                              
000106f1  CarController_StartDriveDistance          
00010895  FaultCode_ToShortString                   
0001095d  Angle_Normalize180                        
00010add  CarController_ResetRuntime                
00010b99  MissionManager_StartTransientAction       
00010c4d  App_ResetToReady                          
00010cf9  Encoder_HandleGpioInterrupt               
00010d9d  __udivmoddi4                              
00010e3f  ADC0_IRQHandler                           
00010e3f  ADC1_IRQHandler                           
00010e3f  AES_IRQHandler                            
00010e3f  CANFD0_IRQHandler                         
00010e3f  DAC0_IRQHandler                           
00010e3f  DMA_IRQHandler                            
00010e3f  Default_Handler                           
00010e3f  GROUP0_IRQHandler                         
00010e3f  HardFault_Handler                         
00010e3f  I2C0_IRQHandler                           
00010e3f  I2C1_IRQHandler                           
00010e3f  NMI_Handler                               
00010e3f  PendSV_Handler                            
00010e3f  RTC_IRQHandler                            
00010e3f  SPI0_IRQHandler                           
00010e3f  SPI1_IRQHandler                           
00010e3f  SVC_Handler                               
00010e3f  TIMA0_IRQHandler                          
00010e3f  TIMA1_IRQHandler                          
00010e3f  TIMG0_IRQHandler                          
00010e3f  TIMG12_IRQHandler                         
00010e3f  TIMG6_IRQHandler                          
00010e3f  TIMG7_IRQHandler                          
00010e3f  TIMG8_IRQHandler                          
00010e3f  UART0_IRQHandler                          
00010e3f  UART2_IRQHandler                          
00010ee1  ObstacleMonitor_Update_20ms               
00010f7d  memcpy                                    
00011017  ObstacleAvoidance_Update_20ms             
00011019  BluetoothUart_Init                        
00011149  CarController_StartTurnToYawRelative      
000111dd  CarController_ResetTransientState         
0001126d  SYSCFG_DL_PWM_MOTOR_init                  
000112f9  SYSCFG_DL_UART_BLUETOOTH_init             
00011385  __aeabi_fmul                              
00011385  __mulsf3                                  
0001149c  C$$EXIT                                   
0001149d  HOSTexit                                  
000114a1  strcmp                                    
00011529  CarController_SetSafetyHold               
000115ad  Motor_Init                                
00011631  __aeabi_fdiv                              
00011631  __divsf3                                  
000116b3  TrackSensor_Init                          
000116b5  CarController_StartDriveHeading           
00011735  Motor_Stop                                
000117b5  VisionPitchTuning_Set                     
00011831  __TI_decompress_lzss                      
000118ad  SysTick_Handler                           
00011a11  SYSCFG_DL_UART_VISION_init                
00011a81  VisionYawTuning_Set                       
00011af1  TrackSensor_DetectTurn                    
00011b5f  __aeabi_idiv0                             
00011b61  MissionManager_GetSelectedMissionIndex    
00011c31  TrackSensor_GetErrorFromRaw               
00011c97  __aeabi_ldiv0                             
00011c99  __aeabi_fcmpeq                            
00011cad  __aeabi_fcmplt                            
00011cc1  __aeabi_fcmple                            
00011cd5  __aeabi_fcmpge                            
00011ce9  __aeabi_fcmpgt                            
00011cfb  memset                                    
00011d5d  VisionTuningConsole_Init                  
00011dbd  __aeabi_f2lz                              
00011dbd  __fixsfdi                                 
00011e1d  Magnet_Set                                
00011e79  MissionManager_Start                      
00011ed5  UART3_IRQHandler                          
00011f31  Ultrasonic_Update_20ms                    
00011fe9  OLED_PrintChar                            
00012099  __aeabi_idiv                              
00012099  __aeabi_idivmod                           
000120f1  CarController_Stop                        
00012145  Menu_GetParamValue                        
00012199  TrackSensor_ReadRaw                       
000121ed  WatchdogMonitor_ApplyFaultIfNeeded        
00012295  MissionManager_Init                       
000122e5  Ultrasonic_Init                           
00012335  WatchdogMonitor_Tick1msFromIsr            
00012385  __aeabi_l2f                               
00012385  __floatdisf                               
000123d5  MotorControl_Stop                         
00012421  DL_UART_init                              
00012469  SYSCFG_DL_initPower                       
000124b1  EmergencyStop_Reset                       
000124f5  Encoder_GetAndClearPulseDeltas            
00012539  Imu_ResetYaw                              
0001257d  Servo_Tick100us                           
000125c1  CarController_StartFollowLine             
00012601  Fault_Raise                               
00012641  MissionManager_Cancel                     
00012681  SYSCFG_DL_SYSCTL_init                     
000126c1  VisionReceiver_PushByteFromIsr            
00012701  __aeabi_uidiv                             
00012701  __aeabi_uidivmod                          
00012741  __divmoddi4                               
00012781  MissionManager_Reset                      
000127bd  Servo_SetAngleDeg                         
000127f9  VisionTuningConsole_PushByteFromIsr       
00012835  __aeabi_i2f                               
00012835  __floatsisf                               
00012871  __gesf2                                   
00012871  __gtsf2                                   
000128ad  __TI_auto_init_nobinit_nopinit            
000128e9  __cmpsf2                                  
000128e9  __eqsf2                                   
000128e9  __lesf2                                   
000128e9  __ltsf2                                   
000128e9  __nesf2                                   
00012925  __muldsi3                                 
00012961  EmergencyStop_Trigger                     
00012999  VisionReceiver_Init                       
000129d1  __aeabi_f2iz                              
000129d1  __fixsfsi                                 
00012a09  BluetoothUart_TryWriteString              
00012a41  BluetoothUart_TryReadByte                 
00012a75  Imu_IsReady                               
00012aa9  MissionLibrary_FindById                   
00012add  VisionTuningConsole_TryPopTxByte          
00012b11  VisionUart_Process                        
00012b45  OLED_PrintString                          
00012b79  __aeabi_f2uiz                             
00012b79  __fixunssfsi                              
00012bad  Key_Init                                  
00012bdd  LineController_ObserveSensors             
00012c0d  MissionManager_Resume                     
00012c3d  VisionPitchTuning_RestoreDefault          
00012c6d  WatchdogMonitor_Init                      
00012c9d  WatchdogMonitor_Reset                     
00012ccd  Encoder_Reset                             
00012cf9  TrackSensor_CountBlack                    
00012d25  VisionYawTuning_RestoreDefault            
00012d51  EmergencyStop_Enforce                     
00012d79  Magnet_ForceOff                           
00012da1  SYSCFG_DL_init                            
00012dc9  Servo_Init                                
00012df1  VisionPitchTuning_Init                    
00012e19  __aeabi_ui2f                              
00012e19  __floatunsisf                             
00012e41  memmove                                   
00012e69  _c_int00_noargs                           
00012e91  MissionManager_ReportExternalFailure      
00012eb5  MotorControl_Init                         
00012ed9  MotorControl_Reset                        
00012efd  OLED_ClearBuffer                          
00012f21  VisionYawTuning_Init                      
00012f45  __aeabi_lmul                              
00012f45  __muldi3                                  
00012f69  DL_Timer_overrideCCPOut                   
00012f89  DebugTelemetry_Update                     
00012fa9  Magnet_Init                               
00012fc9  MissionManager_Pause                      
00012fe9  OLED_SetCursor                            
00013009  SchedulerMonitor_GetStats                 
00013029  memcmp                                    
00013069  __aeabi_llsl                              
00013069  __ashldi3                                 
00013089  DL_Timer_setCaptCompUpdateMethod          
000130a5  DL_Timer_setClockConfig                   
000130c1  HeadingControl_SetTargetYaw               
000130dd  Menu_Init                                 
000130f9  MotionAction_Cancel                       
00013115  ObstacleMonitor_Init                      
00013131  ObstacleSafety_Init                       
0001314d  VisionPitchTuning_ParamName               
00013169  VisionYawTuning_GetSnapshot               
00013185  VisionYawTuning_ParamName                 
000131a1  WatchdogMonitor_NotifyControlCycleComplete
000131d9  CarController_RunModeToString             
000131f1  CarState_ToString                         
00013209  DL_Timer_setCaptureCompareOutCtl          
00013221  DebugTelemetry_Init                       
00013239  HeadingControl_Init                       
00013251  HeadingControl_Reset                      
00013269  Menu_ParamItemToString                    
00013281  MotionAction_Init                         
00013299  ObstacleAvoidance_Init                    
000132b1  RuntimeSnapshot_Init                      
000132c9  __aeabi_fcmpun                            
000132c9  __unordsf2                                
000132e1  Fault_Clear                               
000132f5  Fault_Init                                
00013309  GROUP1_IRQHandler                         
0001331d  HeadingControl_Enable                     
00013331  MissionLibrary_GetByIndex                 
00013345  MissionManager_GetSelectedMissionId       
00013359  VisionPitchTuning_GetSnapshot             
0001336d  VisionUart_Init                           
00013381  __aeabi_ldivmod                           
00013395  __aeabi_uldivmod                          
000133a9  DL_UART_setClockConfig                    
000133bb  __TI_decompress_none                      
000133cd  DL_Timer_setCaptureCompareValue           
000133dd  Gimbal_YawGetFeedback                     
000133ed  Key_GetEvent                              
000133fd  __TI_zero_init                            
0001340d  CarController_GetRunMode                  
00013419  CarController_Init                        
00013425  CarController_IsSafetyHoldActive          
00013431  CarState_Get                              
0001343d  CarState_Init                             
00013449  CarState_Set                              
00013455  EmergencyStop_Init                        
00013461  EmergencyStop_IsActive                    
0001346d  Imu_GetCorrectedGyroZDps                  
00013479  Imu_GetYaw                                
00013485  Magnet_IsOn                               
00013491  Menu_GetPage                              
0001349d  Menu_GetParamItem                         
000134a9  MissionManager_IsExternallyHeld           
000134b5  MissionManager_IsTransientAction          
000134c1  MissionManager_SetExternalHold            
000134cd  ObstacleAvoidance_IsActive                
000134d9  ObstacleAvoidance_IsFailed                
000134e5  ObstacleSafety_IsHolding                  
000134f1  SystemTime_GetMs                          
000134fd  WatchdogMonitor_HasTripped                
00013509  __aeabi_memclr                            
00013509  __aeabi_memclr4                           
00013509  __aeabi_memclr8                           
00013515  DL_Common_delayCycles                     
0001351f  TrackSensor_IsCenterDetected              
00013529  TrackSensor_IsLineDetected                
00013533  TrackSensor_IsLineLost                    
0001353d  BluetoothUart_GetRuntime                  
00013545  CarController_GetFeedback                 
0001354d  Fault_GetRecord                           
00013555  GimbalStepper_GetFeedback                 
0001355d  HeadingControl_GetRuntime                 
00013565  Imu_GetRuntime                            
0001356d  LineController_GetRuntime                 
00013575  MissionManager_GetMissionCount            
0001357d  MissionManager_GetRuntime                 
00013585  MotionAction_GetRuntime                   
0001358d  MotorControl_GetRuntime                   
00013595  ObstacleAvoidance_GetFeedback             
0001359d  ObstacleMonitor_GetFeedback               
000135a5  OledUi_Init                               
000135ad  RuntimeSnapshot_Get                       
000135b5  Servo_GetFeedback                         
000135bd  Ultrasonic_GetFeedback                    
000135c5  VisionReceiver_GetStatus                  
000135cd  VisionTuningConsole_GetStatus             
000135d5  WatchdogMonitor_GetStatus                 
000135dd  WheelSpeedEstimator_GetRuntime            
000135e5  __aeabi_memcpy                            
000135e5  __aeabi_memcpy4                           
000135e5  __aeabi_memcpy8                           
000135ed  __aeabi_memmove                           
000135ed  __aeabi_memmove4                          
000135ed  __aeabi_memmove8                          
000135f5  abort                                     
000135fb  MissionLibrary_GetCount                   
000135ff  ObstacleAvoidance_IsResumeGraceActive     
00013603  Reset_Handler                             
00013607  _system_pre_init                          
000140b0  __TI_Handler_Table_Base                   
000140bc  __TI_Handler_Table_Limit                  
000140cc  __TI_CINIT_Base                           
000140dc  __TI_CINIT_Limit                          
000140dc  __TI_CINIT_Warm                           
20200000  __start___llvm_prf_bits                   
20200000  __start___llvm_prf_cnts                   
20200000  __stop___llvm_prf_bits                    
20200000  __stop___llvm_prf_cnts                    
2020095c  g_appConfig                               
20200d6c  g_imuRuntime                              
20200eec  g_appRuntime                              
20200fb0  g_wheelSpeedEstimatorRuntime              
20201178  gUART_VISIONBackup                        
20201264  g_headingRuntime                          
20201444  g_trackError                              
20201477  g_carStateDebug                           
20201478  g_keyEvent                                
20201479  g_oledPageDebug                           
2020147a  g_paramItemDebug                          
2020147b  g_trackBlackCount                         
2020147c  g_trackModeDebug                          
2020147d  g_trackRaw                                
2020147e  g_trackTurnDebug                          
20207e00  __stack                                   
20208000  __STACK_END                               
ffffffff  __TI_pprof_out_hndl                       
ffffffff  __TI_prof_data_size                       
ffffffff  __TI_prof_data_start                      
ffffffff  __binit__                                 
ffffffff  binit                                     
UNDEFED   __mpu_init                                
UNDEFED   _system_post_cinit                        

[357 symbols]
