******************************************************************************
            TI ARM Clang Linker PC v4.0.4                      
******************************************************************************
>> Linked Thu Jul 23 23:33:34 2026

OUTPUT FILE NAME:   <diansaikaishi.out>
ENTRY POINT SYMBOL: "_c_int00_noargs"  address: 0000f44d


MEMORY CONFIGURATION

         name            origin    length      used     unused   attr    fill
----------------------  --------  ---------  --------  --------  ----  --------
  FLASH                 00000000   00020000  00010830  0000f7d0  R  X
  SRAM                  20200000   00008000  00000e9e  00007162  RW X
  BCR_CONFIG            41c00000   000000ff  00000000  000000ff  R   
  BSL_CONFIG            41c00100   00000080  00000000  00000080  R   


SEGMENT ALLOCATION MAP

run origin  load origin   length   init length attrs members
----------  ----------- ---------- ----------- ----- -------
00000000    00000000    00010830   00010830    r-x
  00000000    00000000    000000c0   000000c0    r-- .intvecs
  000000c0    000000c0    0000fbe0   0000fbe0    r-x .text
  0000fca0    0000fca0    00000b60   00000b60    r-- .rodata
  00010800    00010800    00000030   00000030    r-- .cinit
20200000    20200000    00000c9e   00000000    rw-
  20200000    20200000    00000c9d   00000000    rw- .bss
  20200c9d    20200c9d    00000001   00000000    rw- .data
20207e00    20207e00    00000200   00000000    rw-
  20207e00    20207e00    00000200   00000000    rw- .stack


SECTION ALLOCATION MAP

 output                                  attributes/
section   page    origin      length       input sections
--------  ----  ----------  ----------   ----------------
.intvecs   0    00000000    000000c0     
                  00000000    000000c0     startup_mspm0g350x_ticlang.o (.intvecs)

.text      0    000000c0    0000fbe0     
                  000000c0    0000201c     oled_ui.o (.text.OledUi_Update_20ms)
                  000020dc    00001dd4     vision_tuning_console.o (.text.VisionTuningConsole_Process)
                  00003eb0    000004f0     line_controller.o (.text.LineController_Update)
                  000043a0    0000047c     gimbal_tracker.o (.text.GimbalTracker_Update)
                  0000481c    0000044c     motor_control.o (.text.update_wheel)
                  00004c68    00000434     app_config.o (.text.AppConfig_LimitAll)
                  0000509c    0000041c     wheel_speed_estimator.o (.text.WheelSpeedEstimator_Update)
                  000054b8    000003b0     vision_receiver.o (.text.VisionReceiver_Process)
                  00005868    00000388     gimbal_vision_yaw_tracker.o (.text.GimbalVisionYawTracker_Update10ms)
                  00005bf0    00000370     gimbal.o (.text.gimbal_update_feedback)
                  00005f60    00000350     runtime_snapshot.o (.text.RuntimeSnapshot_Update)
                  000062b0    00000340     obstacle_avoidance.o (.text.ObstacleAvoidance_Update_20ms)
                  000065f0    00000310     vision_tuning_console.o (.text.append_scaled)
                  00006900    0000030c     imu.o (.text.Imu_Update)
                  00006c0c    00000300     imu.o (.text.Imu_Init)
                  00006f0c    000002f0     imu.o (.text.mpu6050_read_regs)
                  000071fc    000002a8     gimbal_tracker.o (.text.update_feedback)
                  000074a4    00000298     gimbal.o (.text.Gimbal_YawSetWrappedTargetDeg)
                  0000773c    00000294     gimbal.o (.text.Gimbal_YawUpdate5ms)
                  000079d0    00000290     gimbal.o (.text.Gimbal_PitchSetTrackingSpeedDegS)
                  00007c60    0000028c     motor_control.o (.text.MotorControl_Update)
                  00007eec    00000254     oled.o (.text.OLED_Clear)
                  00008140    00000238     gimbal.o (.text.gimbal_pitch_update_feedback)
                  00008378    00000234     motion_action.o (.text.MotionAction_Update_20ms)
                  000085ac    00000228     gimbal_vision_pitch_tracker.o (.text.GimbalVisionPitchTracker_Update10ms)
                  000087d4    0000020c     imu.o (.text.Imu_CalibrateGyroBias)
                  000089e0    00000204     motor.o (.text.Motor_SetSpeed)
                  00008be4    000001f4     vision_protocol.o (.text.VisionProtocol_ParseV1TargetFrame)
                  00008dd8    000001e8     motor_control.o (.text.config_is_valid)
                  00008fc0    000001cc     car_controller.o (.text.handle_turn_to_yaw)
                  0000918c    000001cc     imu.o (.text.imu_i2c_write_byte)
                  00009358    000001bc     gimbal.o (.text.Gimbal_PitchUpdate5ms)
                  00009514    000001b8     oled.o (.text.oled_i2c_write_byte)
                  000096cc    000001b0     app_config.o (.text.AppConfig_InitDefault)
                  0000987c    000001a0     ultrasonic.o (.text.Ultrasonic_Tick100us)
                  00009a1c    00000194     gimbal_stepper.o (.text.GimbalStepper_Tick100us)
                  00009bb0    00000180     gimbal.o (.text.Gimbal_PitchTick100us)
                  00009d30    0000017c     gimbal_stepper.o (.text.GimbalStepper_MoveToEstimatedSteps)
                  00009eac    00000174     key.o (.text.Key_Update_20ms)
                  0000a020    0000016c     gimbal.o (.text.Gimbal_Init)
                  0000a18c    00000168     empty.o (.text.main)
                  0000a2f4    00000160     gimbal.o (.text.gimbal_yaw_set_target_x10)
                  0000a454    00000160     car_controller.o (.text.handle_lost_recover)
                  0000a5b4    00000158     vision_tuning_console.o (.text.send_parameter_reply)
                  0000a70c    00000158     vision_tuning_console.o (.text.send_yaw_parameter_reply)
                  0000a864    00000154     car_controller.o (.text.handle_seek_line)
                  0000a9b8    00000150     car_controller.o (.text.CarController_Update_20ms)
                  0000ab08    0000013c     oled.o (.text.OLED_PrintInt16)
                  0000ac44    00000134     car_controller.o (.text.handle_drive_heading)
                  0000ad78    0000012c     imu.o (.text.imu_i2c_recover_bus)
                  0000aea4    00000128     gimbal.o (.text.Gimbal_YawEnableWorldLock)
                  0000afcc    00000128     motion_action.o (.text.MotionAction_Start)
                  0000b0f4    00000124     vision_tuning_console.o (.text.send_simple_reply)
                  0000b218    00000124     gimbal_vision_yaw_tracker.o (.text.sync_target_from_yaw)
                  0000b33c    00000120     menu.o (.text.Menu_HandleKeyEvent)
                  0000b45c    0000011c     line_controller.o (.text.LineController_Reset)
                  0000b578    00000118     app.o (.text.App_Update_20ms)
                  0000b690    0000010c     car_controller.o (.text.handle_follow_line)
                  0000b79c    00000108     car_controller.o (.text.handle_turn_90)
                  0000b8a4    00000104     driverlib.a : dl_timer.o (.text.DL_Timer_initFourCCPWMMode)
                  0000b9a8    00000104     line_controller.o (.text.LineController_ResetControlState)
                  0000baac    00000100     motor_control.o (.text.MotorControl_SetNormalizedTarget)
                  0000bbac    000000fc     mission_manager.o (.text.MissionManager_Update_20ms)
                  0000bca8    000000fc     empty.o (.text.SysTick_Handler)
                  0000bda4    000000f8     line_controller.o (.text.LineController_Init)
                  0000be9c    000000f0     gimbal.o (.text.Gimbal_PitchStopHold)
                  0000bf8c    000000f0     mission_manager.o (.text.MissionManager_SelectNext)
                  0000c07c    000000ec     gimbal_tracker.o (.text.sync_targets_from_gimbal)
                  0000c168    000000e8     vision_protocol.o (.text.fields_are_valid)
                  0000c250    000000e0     obstacle_safety.o (.text.ObstacleSafety_Update_20ms)
                  0000c330    000000dc     ti_msp_dl_config.o (.text.SYSCFG_DL_GPIO_init)
                  0000c40c    000000dc     oled_ui.o (.text.print_tuning_change_value)
                  0000c4e8    000000d8     mission_manager.o (.text.MissionManager_SelectPrevious)
                  0000c5c0    000000d8     oled.o (.text.OLED_PrintUInt16)
                  0000c698    000000d8     wheel_speed_estimator.o (.text.WheelSpeedEstimator_Init)
                  0000c770    000000d8     menu.o (.text.menu_adjust_param)
                  0000c848    000000d8     libclang_rt.builtins.a : addsf3.S.obj (.text)
                  0000c920    000000d4     oled.o (.text.OLED_Init)
                  0000c9f4    000000d0     oled.o (.text.OLED_PrintChar)
                  0000cac4    000000c8     fault.o (.text.FaultCode_ToShortString)
                  0000cb8c    000000c0     angle_utils.o (.text.Angle_Normalize180)
                  0000cc4c    000000c0     car_controller.o (.text.CarController_StartSeekLine)
                  0000cd0c    000000bc     car_controller.o (.text.CarController_StartTurnToYawRelative)
                  0000cdc8    000000bc     heading_control.o (.text.HeadingControl_Update)
                  0000ce84    000000b4     car_controller.o (.text.CarController_StartDriveHeading)
                  0000cf38    000000b4     gimbal_stepper.o (.text.GimbalStepper_StopHold)
                  0000cfec    000000b4     gimbal_vision_adapter.o (.text.GimbalVisionAdapter_Update)
                  0000d0a0    000000b0     gimbal_stepper.o (.text.GimbalStepper_Init)
                  0000d150    000000a4     encoder.o (.text.Encoder_HandleGpioInterrupt)
                  0000d1f4    000000a4     gimbal_vision_yaw_tracker.o (.text.wrap_deg_360)
                  0000d298    000000a2     libclang_rt.builtins.a : udivmoddi4.S.obj (.text)
                  0000d33a    00000002     startup_mspm0g350x_ticlang.o (.text.Default_Handler)
                  0000d33c    0000009c     car_controller.o (.text.CarController_StartFollowLine)
                  0000d3d8    0000009c     obstacle_monitor.o (.text.ObstacleMonitor_Update_20ms)
                  0000d474    0000009a     libc.a : memcpy16.S.obj (.text:memcpy)
                  0000d50e    00000002     track_sensor.o (.text.TrackSensor_Init)
                  0000d510    00000098     imu.o (.text.mpu6050_write_reg)
                  0000d5a8    00000090     car_controller.o (.text.CarController_Init)
                  0000d638    00000090     car_controller.o (.text.CarController_StartTurnRight90)
                  0000d6c8    0000008c     car_controller.o (.text.CarController_ResetRuntime)
                  0000d754    0000008c     car_controller.o (.text.CarController_StartTurnLeft90)
                  0000d7e0    0000008c     gimbal.o (.text.Gimbal_YawDisableWorldLock)
                  0000d86c    0000008c     gimbal.o (.text.Gimbal_YawStopHold)
                  0000d8f8    0000008c     ti_msp_dl_config.o (.text.SYSCFG_DL_PWM_MOTOR_init)
                  0000d984    0000008c     libclang_rt.builtins.a : mulsf3.S.obj (.text.__mulsf3)
                  0000da10    00000088     libc.a : strcmp-armv6m.S.obj (.text:strcmp)
                  0000da98    00000084     motor.o (.text.Motor_Init)
                  0000db1c    00000082     app.o (.text.App_Init)
                  0000db9e    00000082     mission_library.o (.text.MissionLibrary_Validate)
                  0000dc20    00000082     libclang_rt.builtins.a : divsf3.S.obj (.text.__divsf3)
                  0000dca2    00000002                            : aeabi_div0.c.obj (.text.__aeabi_idiv0)
                  0000dca4    00000080     gimbal_tracker.o (.text.GimbalTracker_Init)
                  0000dd24    00000080     motor.o (.text.Motor_Stop)
                  0000dda4    0000007c     car_controller.o (.text.CarController_SetSafetyHold)
                  0000de20    0000007c     vision_pitch_tuning.o (.text.VisionPitchTuning_Set)
                  0000de9c    0000007c     libc.a : copy_decompress_lzss.c.obj (.text:decompress:lzss)
                  0000df18    00000078     oled.o (.text.oled_write_command)
                  0000df90    00000074     motor_control.o (.text.latch_control_error)
                  0000e004    00000070     menu.o (.text.Menu_GetParamValue)
                  0000e074    00000070     ti_msp_dl_config.o (.text.SYSCFG_DL_UART_VISION_init)
                  0000e0e4    00000070     vision_yaw_tuning.o (.text.VisionYawTuning_Set)
                  0000e154    0000006e     track_sensor.o (.text.TrackSensor_DetectTurn)
                  0000e1c2    00000002     libclang_rt.builtins.a : aeabi_div0.c.obj (.text.__aeabi_ldiv0)
                  0000e1c4    0000006c     gimbal_vision_yaw_tracker.o (.text.GimbalVisionYawTracker_Init)
                  0000e230    00000068     mission_manager.o (.text.MissionManager_GetSelectedMissionIndex)
                  0000e298    00000066     track_sensor.o (.text.TrackSensor_GetErrorFromRaw)
                  0000e2fe    00000002     --HOLE-- [fill = 0]
                  0000e300    00000062     libclang_rt.builtins.a : aeabi_fcmp.S.obj (.text.__aeabi_fcmp)
                  0000e362    00000062     libc.a : memset16.S.obj (.text:memset)
                  0000e3c4    00000060     gimbal_tracker.o (.text.GimbalTracker_GetFeedback)
                  0000e424    00000060     vision_tuning_console.o (.text.VisionTuningConsole_Init)
                  0000e484    00000060     libclang_rt.builtins.a : fixsfdi.S.obj (.text.__fixsfdi)
                  0000e4e4    00000060     motion_action.o (.text.motion_action_resolve_yaw_target)
                  0000e544    0000005c     vision_uart.o (.text.UART3_IRQHandler)
                  0000e5a0    0000005c     ultrasonic.o (.text.Ultrasonic_Update_20ms)
                  0000e5fc    0000005c     obstacle_avoidance.o (.text.avoid_fail)
                  0000e658    00000056     libclang_rt.builtins.a : aeabi_idivmod.S.obj (.text.__aeabi_idivmod)
                  0000e6ae    00000002     --HOLE-- [fill = 0]
                  0000e6b0    00000054     track_sensor.o (.text.TrackSensor_ReadRaw)
                  0000e704    00000054     gimbal_vision_yaw_tracker.o (.text.float_to_scaled_i16)
                  0000e758    00000054     gimbal_vision_yaw_tracker.o (.text.stop_owned_tracking)
                  0000e7ac    00000050     mission_manager.o (.text.MissionManager_Start)
                  0000e7fc    00000050     ultrasonic.o (.text.Ultrasonic_Init)
                  0000e84c    00000050     watchdog_monitor.o (.text.WatchdogMonitor_ApplyFaultIfNeeded)
                  0000e89c    0000004e     libclang_rt.builtins.a : floatdisf.S.obj (.text.__floatdisf)
                  0000e8ea    00000002     --HOLE-- [fill = 0]
                  0000e8ec    0000004c     motor_control.o (.text.MotorControl_Stop)
                  0000e938    0000004c     watchdog_monitor.o (.text.WatchdogMonitor_Tick1msFromIsr)
                  0000e984    0000004a     obstacle_avoidance.o (.text.avoid_can_start)
                  0000e9ce    00000002     --HOLE-- [fill = 0]
                  0000e9d0    00000048     driverlib.a : dl_uart.o (.text.DL_UART_init)
                  0000ea18    00000048     mission_manager.o (.text.MissionManager_Init)
                  0000ea60    00000048     motion_action.o (.text.MotionAction_ReapplyControllerTarget)
                  0000eaa8    00000044     encoder.o (.text.Encoder_GetAndClearPulseDeltas)
                  0000eaec    00000044     servo.o (.text.Servo_Tick100us)
                  0000eb30    00000040     emergency_stop.o (.text.EmergencyStop_Reset)
                  0000eb70    00000040     gimbal_vision_pitch_tracker.o (.text.GimbalVisionPitchTracker_Init)
                  0000ebb0    00000040     ti_msp_dl_config.o (.text.SYSCFG_DL_SYSCTL_init)
                  0000ebf0    00000040     ti_msp_dl_config.o (.text.SYSCFG_DL_initPower)
                  0000ec30    00000040     vision_receiver.o (.text.VisionReceiver_PushByteFromIsr)
                  0000ec70    00000040     libclang_rt.builtins.a : aeabi_uidivmod.S.obj (.text.__aeabi_uidivmod)
                  0000ecb0    0000003e                            : divmoddi4.c.obj (.text.__divmoddi4)
                  0000ecee    00000002     --HOLE-- [fill = 0]
                  0000ecf0    0000003c     servo.o (.text.Servo_SetAngleDeg)
                  0000ed2c    0000003c     vision_tuning_console.o (.text.VisionTuningConsole_PushByteFromIsr)
                  0000ed68    0000003c     libclang_rt.builtins.a : floatsisf.S.obj (.text.__floatsisf)
                  0000eda4    0000003c                            : comparesf2.S.obj (.text.__gtsf2)
                  0000ede0    0000003c     libc.a : autoinit.c.obj (.text:__TI_auto_init_nobinit_nopinit)
                  0000ee1c    0000003a     libclang_rt.builtins.a : comparesf2.S.obj (.text.__eqsf2)
                  0000ee56    00000002     --HOLE-- [fill = 0]
                  0000ee58    0000003a                            : muldsi3.S.obj (.text.__muldsi3)
                  0000ee92    00000002     --HOLE-- [fill = 0]
                  0000ee94    00000038     vision_receiver.o (.text.VisionReceiver_Init)
                  0000eecc    00000038     libclang_rt.builtins.a : fixsfsi.S.obj (.text.__fixsfsi)
                  0000ef04    00000034     emergency_stop.o (.text.EmergencyStop_Trigger)
                  0000ef38    00000034     mission_manager.o (.text.MissionManager_Cancel)
                  0000ef6c    00000034     oled.o (.text.OLED_SetCursor)
                  0000efa0    00000034     vision_tuning_console.o (.text.VisionTuningConsole_TryPopTxByte)
                  0000efd4    00000034     vision_uart.o (.text.VisionUart_Process)
                  0000f008    00000034     obstacle_avoidance.o (.text.avoid_start)
                  0000f03c    00000032     oled.o (.text.OLED_PrintString)
                  0000f06e    00000002     --HOLE-- [fill = 0]
                  0000f070    00000030     fault.o (.text.Fault_Raise)
                  0000f0a0    00000030     gimbal_vision_yaw_tracker.o (.text.GimbalVisionYawTracker_GetFeedback)
                  0000f0d0    00000030     gimbal.o (.text.Gimbal_PitchGetFeedback)
                  0000f100    00000030     imu.o (.text.Imu_ResetYaw)
                  0000f130    00000030     key.o (.text.Key_Init)
                  0000f160    00000030     line_controller.o (.text.LineController_ObserveSensors)
                  0000f190    00000030     mission_manager.o (.text.MissionManager_Reset)
                  0000f1c0    00000030     mission_manager.o (.text.MissionManager_Resume)
                  0000f1f0    00000030     vision_pitch_tuning.o (.text.VisionPitchTuning_RestoreDefault)
                  0000f220    00000030     watchdog_monitor.o (.text.WatchdogMonitor_Init)
                  0000f250    00000030     gimbal_vision_yaw_tracker.o (.text.refresh_yaw_feedback)
                  0000f280    0000002c     encoder.o (.text.Encoder_Reset)
                  0000f2ac    0000002c     imu.o (.text.Imu_IsReady)
                  0000f2d8    0000002c     track_sensor.o (.text.TrackSensor_CountBlack)
                  0000f304    0000002c     vision_yaw_tuning.o (.text.VisionYawTuning_RestoreDefault)
                  0000f330    0000002c     gimbal_vision_pitch_tracker.o (.text.speed_to_x10)
                  0000f35c    00000028     obstacle_avoidance.o (.text.ObstacleAvoidance_Init)
                  0000f384    00000028     servo.o (.text.Servo_Init)
                  0000f3ac    00000028     vision_pitch_tuning.o (.text.VisionPitchTuning_Init)
                  0000f3d4    00000028     watchdog_monitor.o (.text.WatchdogMonitor_Reset)
                  0000f3fc    00000028     libclang_rt.builtins.a : floatunsisf.S.obj (.text.__floatunsisf)
                  0000f424    00000028     libc.a : memmov.c.obj (.text.memmove)
                  0000f44c    00000028            : boot_cortex_m.c.obj (.text:_c_int00_noargs)
                  0000f474    00000024     car_controller.o (.text.CarController_Stop)
                  0000f498    00000024     emergency_stop.o (.text.EmergencyStop_Enforce)
                  0000f4bc    00000024     gimbal_vision_pitch_tracker.o (.text.GimbalVisionPitchTracker_GetFeedback)
                  0000f4e0    00000024     mission_manager.o (.text.MissionManager_ReportExternalFailure)
                  0000f504    00000024     motor_control.o (.text.MotorControl_Init)
                  0000f528    00000024     motor_control.o (.text.MotorControl_Reset)
                  0000f54c    00000024     ti_msp_dl_config.o (.text.SYSCFG_DL_init)
                  0000f570    00000024     vision_yaw_tuning.o (.text.VisionYawTuning_Init)
                  0000f594    00000024     libclang_rt.builtins.a : muldi3.S.obj (.text.__muldi3)
                  0000f5b8    00000020     driverlib.a : dl_timer.o (.text.DL_Timer_overrideCCPOut)
                  0000f5d8    00000020     debug_telemetry.o (.text.DebugTelemetry_Update)
                  0000f5f8    00000020     mission_manager.o (.text.MissionManager_Pause)
                  0000f618    00000020     motion_action.o (.text.MotionAction_GetCurrentBypassDirection)
                  0000f638    00000020     motion_action.o (.text.MotionAction_GetCurrentObstaclePolicy)
                  0000f658    00000020     motion_action.o (.text.MotionAction_Init)
                  0000f678    00000020     empty.o (.text.SchedulerMonitor_GetStats)
                  0000f698    00000020     vision_receiver.o (.text.VisionReceiver_GetProtocolErrorCount)
                  0000f6b8    00000020     mission_manager.o (.text.mission_finish_error)
                  0000f6d8    0000001e     libclang_rt.builtins.a : ashldi3.S.obj (.text.__ashldi3)
                  0000f6f6    00000002     --HOLE-- [fill = 0]
                  0000f6f8    0000001c     driverlib.a : dl_timer.o (.text.DL_Timer_setCaptCompUpdateMethod)
                  0000f714    0000001c                 : dl_timer.o (.text.DL_Timer_setClockConfig)
                  0000f730    0000001c     gimbal_vision_adapter.o (.text.GimbalVisionAdapter_Init)
                  0000f74c    0000001c     menu.o (.text.Menu_Init)
                  0000f768    0000001c     obstacle_monitor.o (.text.ObstacleMonitor_Init)
                  0000f784    0000001c     obstacle_safety.o (.text.ObstacleSafety_Init)
                  0000f7a0    0000001c     vision_pitch_tuning.o (.text.VisionPitchTuning_ParamName)
                  0000f7bc    0000001c     vision_yaw_tuning.o (.text.VisionYawTuning_GetSnapshot)
                  0000f7d8    0000001c     vision_yaw_tuning.o (.text.VisionYawTuning_ParamName)
                  0000f7f4    0000001c     watchdog_monitor.o (.text.WatchdogMonitor_NotifyControlCycleComplete)
                  0000f810    0000001c     mission_manager.o (.text.mission_finish_success)
                  0000f82c    00000018     car_controller.o (.text.CarController_RunModeToString)
                  0000f844    00000018     driverlib.a : dl_timer.o (.text.DL_Timer_setCaptureCompareOutCtl)
                  0000f85c    00000018     debug_telemetry.o (.text.DebugTelemetry_Init)
                  0000f874    00000018     heading_control.o (.text.HeadingControl_SetTargetYaw)
                  0000f88c    00000018     menu.o (.text.Menu_ParamItemToString)
                  0000f8a4    00000018     motion_action.o (.text.MotionAction_Cancel)
                  0000f8bc    00000018     runtime_snapshot.o (.text.RuntimeSnapshot_Init)
                  0000f8d4    00000016     libclang_rt.builtins.a : comparesf2.S.obj (.text.__unordsf2)
                  0000f8ea    00000002     --HOLE-- [fill = 0]
                  0000f8ec    00000014     fault.o (.text.Fault_Clear)
                  0000f900    00000014     fault.o (.text.Fault_Init)
                  0000f914    00000014     empty.o (.text.GROUP1_IRQHandler)
                  0000f928    00000014     gimbal_stepper.o (.text.GimbalStepper_SetStepHalfPeriodTicks)
                  0000f93c    00000014     heading_control.o (.text.HeadingControl_Enable)
                  0000f950    00000014     heading_control.o (.text.HeadingControl_Init)
                  0000f964    00000014     heading_control.o (.text.HeadingControl_Reset)
                  0000f978    00000014     mission_library.o (.text.MissionLibrary_FindById)
                  0000f98c    00000014     mission_library.o (.text.MissionLibrary_GetByIndex)
                  0000f9a0    00000014     mission_manager.o (.text.MissionManager_GetSelectedMissionId)
                  0000f9b4    00000014     vision_pitch_tuning.o (.text.VisionPitchTuning_GetSnapshot)
                  0000f9c8    00000014     vision_uart.o (.text.VisionUart_Init)
                  0000f9dc    00000014     libclang_rt.builtins.a : aeabi_ldivmod.S.obj (.text.__aeabi_ldivmod)
                  0000f9f0    00000014                            : aeabi_uldivmod.S.obj (.text.__aeabi_uldivmod)
                  0000fa04    00000012     driverlib.a : dl_uart.o (.text.DL_UART_setClockConfig)
                  0000fa16    00000012     libc.a : copy_decompress_none.c.obj (.text:decompress:none)
                  0000fa28    00000010     driverlib.a : dl_timer.o (.text.DL_Timer_setCaptureCompareValue)
                  0000fa38    00000010     gimbal.o (.text.Gimbal_YawGetFeedback)
                  0000fa48    00000010     key.o (.text.Key_GetEvent)
                  0000fa58    00000010     obstacle_avoidance.o (.text.ObstacleAvoidance_IsResumeGraceActive)
                  0000fa68    00000010     libc.a : copy_zero_init.c.obj (.text:decompress:ZI)
                  0000fa78    0000000c     car_controller.o (.text.CarController_GetRunMode)
                  0000fa84    0000000c     car_controller.o (.text.CarController_IsSafetyHoldActive)
                  0000fa90    0000000c     car_state.o (.text.CarState_Get)
                  0000fa9c    0000000c     car_state.o (.text.CarState_Init)
                  0000faa8    0000000c     car_state.o (.text.CarState_Set)
                  0000fab4    0000000c     emergency_stop.o (.text.EmergencyStop_Init)
                  0000fac0    0000000c     emergency_stop.o (.text.EmergencyStop_IsActive)
                  0000facc    0000000c     gimbal_vision_adapter.o (.text.GimbalVisionAdapter_GetObservation)
                  0000fad8    0000000c     gimbal.o (.text.Gimbal_Tick100us)
                  0000fae4    0000000c     gimbal.o (.text.Gimbal_Update5ms)
                  0000faf0    0000000c     imu.o (.text.Imu_GetCorrectedGyroZDps)
                  0000fafc    0000000c     imu.o (.text.Imu_GetYaw)
                  0000fb08    0000000c     menu.o (.text.Menu_GetPage)
                  0000fb14    0000000c     menu.o (.text.Menu_GetParamItem)
                  0000fb20    0000000c     mission_manager.o (.text.MissionManager_IsExternallyHeld)
                  0000fb2c    0000000c     mission_manager.o (.text.MissionManager_SetExternalHold)
                  0000fb38    0000000c     obstacle_avoidance.o (.text.ObstacleAvoidance_IsActive)
                  0000fb44    0000000c     obstacle_avoidance.o (.text.ObstacleAvoidance_IsFailed)
                  0000fb50    0000000c     obstacle_safety.o (.text.ObstacleSafety_IsHolding)
                  0000fb5c    0000000c     oled_ui.o (.text.OledUi_Init)
                  0000fb68    0000000c     empty.o (.text.SystemTime_GetMs)
                  0000fb74    0000000c     watchdog_monitor.o (.text.WatchdogMonitor_HasTripped)
                  0000fb80    0000000c     libclang_rt.builtins.a : aeabi_memset.S.obj (.text.__aeabi_memclr)
                  0000fb8c    0000000a     driverlib.a : dl_common.o (.text.DL_Common_delayCycles)
                  0000fb96    0000000a     track_sensor.o (.text.TrackSensor_IsCenterDetected)
                  0000fba0    0000000a     track_sensor.o (.text.TrackSensor_IsLineDetected)
                  0000fbaa    0000000a     track_sensor.o (.text.TrackSensor_IsLineLost)
                  0000fbb4    00000008     car_controller.o (.text.CarController_GetFeedback)
                  0000fbbc    00000008     fault.o (.text.Fault_GetRecord)
                  0000fbc4    00000008     gimbal_stepper.o (.text.GimbalStepper_GetFeedback)
                  0000fbcc    00000008     gimbal_vision_adapter.o (.text.GimbalVisionAdapter_GetFeedback)
                  0000fbd4    00000008     gimbal.o (.text.Gimbal_PitchStopTrackingHold)
                  0000fbdc    00000008     heading_control.o (.text.HeadingControl_GetRuntime)
                  0000fbe4    00000008     imu.o (.text.Imu_GetRuntime)
                  0000fbec    00000008     line_controller.o (.text.LineController_GetRuntime)
                  0000fbf4    00000008     mission_manager.o (.text.MissionManager_GetMissionCount)
                  0000fbfc    00000008     mission_manager.o (.text.MissionManager_GetRuntime)
                  0000fc04    00000008     motion_action.o (.text.MotionAction_GetRuntime)
                  0000fc0c    00000008     motor_control.o (.text.MotorControl_GetRuntime)
                  0000fc14    00000008     obstacle_avoidance.o (.text.ObstacleAvoidance_GetFeedback)
                  0000fc1c    00000008     obstacle_monitor.o (.text.ObstacleMonitor_GetFeedback)
                  0000fc24    00000008     servo.o (.text.Servo_GetFeedback)
                  0000fc2c    00000008     ultrasonic.o (.text.Ultrasonic_GetFeedback)
                  0000fc34    00000008     vision_pitch_tuning.o (.text.VisionPitchTuning_GetStatus)
                  0000fc3c    00000008     vision_receiver.o (.text.VisionReceiver_GetObservation)
                  0000fc44    00000008     vision_receiver.o (.text.VisionReceiver_GetStatus)
                  0000fc4c    00000008     vision_tuning_console.o (.text.VisionTuningConsole_GetStatus)
                  0000fc54    00000008     watchdog_monitor.o (.text.WatchdogMonitor_GetStatus)
                  0000fc5c    00000008     wheel_speed_estimator.o (.text.WheelSpeedEstimator_GetRuntime)
                  0000fc64    00000008     libclang_rt.builtins.a : aeabi_memcpy.S.obj (.text.__aeabi_memcpy)
                  0000fc6c    00000008                            : aeabi_memmove.S.obj (.text.__aeabi_memmove)
                  0000fc74    00000006     libc.a : exit.c.obj (.text:abort)
                  0000fc7a    00000004     libsysbm.a : hostexit.c.obj (.text.HOSTexit)
                  0000fc7e    00000004     mission_library.o (.text.MissionLibrary_GetCount)
                  0000fc82    00000004     startup_mspm0g350x_ticlang.o (.text.Reset_Handler)
                  0000fc86    00000002     --HOLE-- [fill = 0]
                  0000fc88    00000010     libc.a : boot_cortex_m.c.obj (.tramp._c_int00_noargs.1)
                  0000fc98    00000004            : pre_init.c.obj (.text._system_pre_init)
                  0000fc9c    00000004     --HOLE-- [fill = 0]

.cinit     0    00010800    00000030     
                  00010800    0000000c     (__TI_handler_table)
                  0001080c    00000008     (.cinit..bss.load) [load image, compression = zero_init]
                  00010814    00000005     (.cinit..data.load) [load image, compression = lzss]
                  00010819    00000003     --HOLE-- [fill = 0]
                  0001081c    00000010     (__TI_cinit_table)
                  0001082c    00000004     --HOLE-- [fill = 0]

.rodata    0    0000fca0    00000b60     
                  0000fca0    000000d8     oled.o (.rodata..Lswitch.table.OLED_PrintChar)
                  0000fd78    000000a8     mission_library.o (.rodata.g_missionMapA)
                  0000fe20    000000a8     mission_library.o (.rodata.g_missionMapB)
                  0000fec8    00000080     mission_library.o (.rodata.g_missionRegistry)
                  0000ff48    00000078     mission_library.o (.rodata.g_missionMapC)
                  0000ffc0    00000078     mission_library.o (.rodata.g_missionTestRight90Turn)
                  00010038    00000060     mission_library.o (.rodata.g_missionTestYawHeading)
                  00010098    00000048     mission_library.o (.rodata.g_missionTestObstacleFixed)
                  000100e0    00000048     mission_library.o (.rodata.g_missionTestSeekThenFollow)
                  00010128    00000048     mission_library.o (.rodata.g_missionTestStopOnly)
                  00010170    00000034     mission_library.o (.rodata..Lswitch.table.MissionLibrary_FindById)
                  000101a4    00000030     oled_ui.o (.rodata..Lswitch.table.OledUi_Update_20ms.169)
                  000101d4    00000024     menu.o (.rodata..Lswitch.table.Menu_ParamItemToString)
                  000101f8    00000024     oled_ui.o (.rodata..Lswitch.table.OledUi_Update_20ms.173)
                  0001021c    00000024     oled_ui.o (.rodata..Lswitch.table.OledUi_Update_20ms.175)
                  00010240    00000020     oled_ui.o (.rodata..Lswitch.table.OledUi_Update_20ms.174)
                  00010260    0000001c     car_controller.o (.rodata..Lswitch.table.CarController_RunModeToString)
                  0001027c    0000001c     vision_tuning_console.o (.rodata.str1.1836208005852235077.1)
                  00010298    00000018     oled_ui.o (.rodata..Lswitch.table.OledUi_Update_20ms.176)
                  000102b0    00000018     vision_pitch_tuning.o (.rodata..Lswitch.table.VisionPitchTuning_ParamName)
                  000102c8    00000014     vision_yaw_tuning.o (.rodata..Lswitch.table.VisionYawTuning_ParamName)
                  000102dc    0000000e     oled_ui.o (.rodata.str1.10416366799939242409.1)
                  000102ea    00000002     ti_msp_dl_config.o (.rodata.gUART_VISIONClockConfig)
                  000102ec    0000000c     oled_ui.o (.rodata..Lswitch.table.OledUi_Update_20ms.168)
                  000102f8    0000000c     oled_ui.o (.rodata..Lswitch.table.OledUi_Update_20ms.170)
                  00010304    0000000c     oled_ui.o (.rodata..Lswitch.table.OledUi_Update_20ms)
                  00010310    0000000b     mission_library.o (.rodata.str1.1440970855772709381.1)
                  0001031b    0000000b     mission_library.o (.rodata.str1.199678142196697465.1)
                  00010326    0000000a     ti_msp_dl_config.o (.rodata.gUART_VISIONConfig)
                  00010330    0000000a     mission_library.o (.rodata.str1.11682660667400632204.1)
                  0001033a    0000000a     vision_tuning_console.o (.rodata.str1.4859846923128959820.1)
                  00010344    0000000a     vision_tuning_console.o (.rodata.str1.7225688704195888286.1)
                  0001034e    00000009     mission_library.o (.rodata.str1.13636476544574750902.1)
                  00010357    00000009     oled_ui.o (.rodata.str1.8236579331345056500.1)
                  00010360    00000008     menu.o (.rodata.cst8)
                  00010368    00000008     ti_msp_dl_config.o (.rodata.gPWM_MOTORConfig)
                  00010370    00000008     oled_ui.o (.rodata.str1.10430294223631918979.1)
                  00010378    00000008     vision_tuning_console.o (.rodata.str1.11718269490974306969.1)
                  00010380    00000008     oled_ui.o (.rodata.str1.12493748764729730277.1)
                  00010388    00000008     mission_library.o (.rodata.str1.15668266851434757964.1)
                  00010390    00000008     oled_ui.o (.rodata.str1.16895433903389883335.1)
                  00010398    00000008     oled_ui.o (.rodata.str1.16931641404301806744.1)
                  000103a0    00000008     vision_tuning_console.o (.rodata.str1.3293472937029561918.1)
                  000103a8    00000008     oled_ui.o (.rodata.str1.58703915094955230.1)
                  000103b0    00000007     vision_tuning_console.o (.rodata.str1.10860306953068020798.1)
                  000103b7    00000007     oled_ui.o (.rodata.str1.13882251010780863896.1)
                  000103be    00000007     oled_ui.o (.rodata.str1.17540787658903907660.1)
                  000103c5    00000007     oled_ui.o (.rodata.str1.2308938766145545715.1)
                  000103cc    00000007     oled_ui.o (.rodata.str1.4082595774073207366.1)
                  000103d3    00000007     oled_ui.o (.rodata.str1.4402311448527872260.1)
                  000103da    00000007     oled_ui.o (.rodata.str1.5689016102676777062.1)
                  000103e1    00000006     vision_tuning_console.o (.rodata.str1.10319329813075420582.1)
                  000103e7    00000006     oled_ui.o (.rodata.str1.13271657277589579873.1)
                  000103ed    00000006     oled_ui.o (.rodata.str1.14168333168339663346.1)
                  000103f3    00000006     oled_ui.o (.rodata.str1.14265077442249237877.1)
                  000103f9    00000006     oled_ui.o (.rodata.str1.1445687256832830955.1)
                  000103ff    00000006     mission_library.o (.rodata.str1.15604890807705439409.1)
                  00010405    00000006     oled_ui.o (.rodata.str1.15829239520183577662.1)
                  0001040b    00000006     mission_library.o (.rodata.str1.1642528554392422750.1)
                  00010411    00000006     oled_ui.o (.rodata.str1.17763996158807330232.1)
                  00010417    00000006     oled_ui.o (.rodata.str1.17884296644359297425.1)
                  0001041d    00000006     oled_ui.o (.rodata.str1.18266126048138325213.1)
                  00010423    00000006     oled_ui.o (.rodata.str1.35417727660486075.1)
                  00010429    00000006     vision_tuning_console.o (.rodata.str1.4028100529439820245.1)
                  0001042f    00000006     mission_library.o (.rodata.str1.4392264057376583881.1)
                  00010435    00000006     oled_ui.o (.rodata.str1.4610220316623841660.1)
                  0001043b    00000006     oled_ui.o (.rodata.str1.799718701096035713.1)
                  00010441    00000005     oled.o (.rodata.oled_get_glyph.colon)
                  00010446    00000005     oled.o (.rodata.oled_get_glyph.eight)
                  0001044b    00000005     oled.o (.rodata.oled_get_glyph.five)
                  00010450    00000005     oled.o (.rodata.oled_get_glyph.four)
                  00010455    00000005     oled.o (.rodata.oled_get_glyph.glyphA)
                  0001045a    00000005     oled.o (.rodata.oled_get_glyph.glyphB)
                  0001045f    00000005     oled.o (.rodata.oled_get_glyph.glyphC)
                  00010464    00000005     oled.o (.rodata.oled_get_glyph.glyphD)
                  00010469    00000005     oled.o (.rodata.oled_get_glyph.glyphE)
                  0001046e    00000005     oled.o (.rodata.oled_get_glyph.glyphG)
                  00010473    00000005     oled.o (.rodata.oled_get_glyph.glyphH)
                  00010478    00000005     oled.o (.rodata.oled_get_glyph.glyphI)
                  0001047d    00000005     oled.o (.rodata.oled_get_glyph.glyphK)
                  00010482    00000005     oled.o (.rodata.oled_get_glyph.glyphL)
                  00010487    00000005     oled.o (.rodata.oled_get_glyph.glyphM)
                  0001048c    00000005     oled.o (.rodata.oled_get_glyph.glyphN)
                  00010491    00000005     oled.o (.rodata.oled_get_glyph.glyphO)
                  00010496    00000005     oled.o (.rodata.oled_get_glyph.glyphP)
                  0001049b    00000005     oled.o (.rodata.oled_get_glyph.glyphR)
                  000104a0    00000005     oled.o (.rodata.oled_get_glyph.glyphS)
                  000104a5    00000005     oled.o (.rodata.oled_get_glyph.glyphT)
                  000104aa    00000005     oled.o (.rodata.oled_get_glyph.glyphU)
                  000104af    00000005     oled.o (.rodata.oled_get_glyph.glyphV)
                  000104b4    00000005     oled.o (.rodata.oled_get_glyph.glyphW)
                  000104b9    00000005     oled.o (.rodata.oled_get_glyph.glyphX)
                  000104be    00000005     oled.o (.rodata.oled_get_glyph.glyphY)
                  000104c3    00000005     oled.o (.rodata.oled_get_glyph.glyphb)
                  000104c8    00000005     oled.o (.rodata.oled_get_glyph.gt)
                  000104cd    00000005     oled.o (.rodata.oled_get_glyph.minus)
                  000104d2    00000005     oled.o (.rodata.oled_get_glyph.nine)
                  000104d7    00000005     oled.o (.rodata.oled_get_glyph.one)
                  000104dc    00000005     oled.o (.rodata.oled_get_glyph.seven)
                  000104e1    00000005     oled.o (.rodata.oled_get_glyph.six)
                  000104e6    00000005     oled.o (.rodata.oled_get_glyph.space)
                  000104eb    00000005     oled.o (.rodata.oled_get_glyph.three)
                  000104f0    00000005     oled.o (.rodata.oled_get_glyph.two)
                  000104f5    00000005     oled.o (.rodata.oled_get_glyph.zero)
                  000104fa    00000005     oled_ui.o (.rodata.str1.10600688730180713177.1)
                  000104ff    00000005     oled_ui.o (.rodata.str1.10907125332684471422.1)
                  00010504    00000005     oled_ui.o (.rodata.str1.11178346780556493352.1)
                  00010509    00000005     oled_ui.o (.rodata.str1.12182588061437138428.1)
                  0001050e    00000005     oled_ui.o (.rodata.str1.12888220461447056082.1)
                  00010513    00000005     oled_ui.o (.rodata.str1.13790669171379415506.1)
                  00010518    00000005     vision_pitch_tuning.o (.rodata.str1.13915893147848268398.1)
                  0001051d    00000005     oled_ui.o (.rodata.str1.14132186318895045592.1)
                  00010522    00000005     fault.o (.rodata.str1.14435905801345341244.1)
                  00010527    00000005     fault.o (.rodata.str1.1506612114648992996.1)
                  0001052c    00000005     oled_ui.o (.rodata.str1.15575624326185233262.1)
                  00010531    00000005     oled_ui.o (.rodata.str1.15817398807211891688.1)
                  00010536    00000005     oled_ui.o (.rodata.str1.15917848551323629232.1)
                  0001053b    00000005     oled_ui.o (.rodata.str1.16290499236105125126.1)
                  00010540    00000005     oled_ui.o (.rodata.str1.16411631209783952401.1)
                  00010545    00000005     car_controller.o (.rodata.str1.1652194605229746967.1)
                  0001054a    00000005     oled_ui.o (.rodata.str1.16526439943277383452.1)
                  0001054f    00000005     oled_ui.o (.rodata.str1.16635595130967924751.1)
                  00010554    00000005     oled_ui.o (.rodata.str1.16939060351352778619.1)
                  00010559    00000005     oled_ui.o (.rodata.str1.17067061841413117831.1)
                  0001055e    00000005     fault.o (.rodata.str1.17097894860660336008.1)
                  00010563    00000005     fault.o (.rodata.str1.17155043670132108083.1)
                  00010568    00000005     vision_tuning_console.o (.rodata.str1.17265544270347038021.1)
                  0001056d    00000005     oled_ui.o (.rodata.str1.17464849429964608858.1)
                  00010572    00000005     oled_ui.o (.rodata.str1.17763087492223448992.1)
                  00010577    00000005     fault.o (.rodata.str1.2104670281202025270.1)
                  0001057c    00000005     oled_ui.o (.rodata.str1.270145429241168923.1)
                  00010581    00000005     oled_ui.o (.rodata.str1.3407221357956504873.1)
                  00010586    00000005     oled_ui.o (.rodata.str1.3702290527496711532.1)
                  0001058b    00000005     car_controller.o (.rodata.str1.4164979912472006574.1)
                  00010590    00000005     fault.o (.rodata.str1.4453281041433270631.1)
                  00010595    00000005     fault.o (.rodata.str1.4549004730087743662.1)
                  0001059a    00000005     oled_ui.o (.rodata.str1.4581472623415959594.1)
                  0001059f    00000005     menu.o (.rodata.str1.4862307748908978627.1)
                  000105a4    00000005     oled_ui.o (.rodata.str1.4932371652560868037.1)
                  000105a9    00000005     oled_ui.o (.rodata.str1.5965888106848176421.1)
                  000105ae    00000005     fault.o (.rodata.str1.6372787129294360447.1)
                  000105b3    00000005     fault.o (.rodata.str1.6437946768974223044.1)
                  000105b8    00000005     oled_ui.o (.rodata.str1.763101100280173925.1)
                  000105bd    00000005     vision_yaw_tuning.o (.rodata.str1.7764041101441114269.1)
                  000105c2    00000005     fault.o (.rodata.str1.8185770893384132067.1)
                  000105c7    00000005     oled_ui.o (.rodata.str1.8399051469953744892.1)
                  000105cc    00000005     oled_ui.o (.rodata.str1.8426569189266129334.1)
                  000105d1    00000005     oled_ui.o (.rodata.str1.8460525935980491721.1)
                  000105d6    00000005     oled_ui.o (.rodata.str1.8471462185882660445.1)
                  000105db    00000005     oled_ui.o (.rodata.str1.8693388333057100694.1)
                  000105e0    00000005     oled_ui.o (.rodata.str1.8709745090823444516.1)
                  000105e5    00000005     oled_ui.o (.rodata.str1.9135818829835424837.1)
                  000105ea    00000005     car_controller.o (.rodata.str1.9234375891235759983.1)
                  000105ef    00000005     oled_ui.o (.rodata.str1.9584387800903135389.1)
                  000105f4    00000005     oled_ui.o (.rodata.str1.9611283282870761829.1)
                  000105f9    00000005     car_controller.o (.rodata.str1.9981487771679760427.1)
                  000105fe    00000004     oled_ui.o (.rodata.str1.10077435089618835710.1)
                  00010602    00000004     oled_ui.o (.rodata.str1.1019225241002246410.1)
                  00010606    00000004     oled_ui.o (.rodata.str1.10509309789429088155.1)
                  0001060a    00000004     oled_ui.o (.rodata.str1.10568433575767188072.1)
                  0001060e    00000004     oled_ui.o (.rodata.str1.11149198520117834688.1)
                  00010612    00000004     oled_ui.o (.rodata.str1.11232419324784801130.1)
                  00010616    00000004     oled_ui.o (.rodata.str1.11388022865931857840.1)
                  0001061a    00000004     oled_ui.o (.rodata.str1.11428648044669318875.1)
                  0001061e    00000004     oled_ui.o (.rodata.str1.11614055506586029288.1)
                  00010622    00000004     oled_ui.o (.rodata.str1.12043213579996415112.1)
                  00010626    00000004     menu.o (.rodata.str1.12110183915172842339.1)
                  0001062a    00000004     car_controller.o (.rodata.str1.12442237994239546032.1)
                  0001062e    00000004     oled_ui.o (.rodata.str1.12504350857748951577.1)
                  00010632    00000004     oled_ui.o (.rodata.str1.12571791089077708471.1)
                  00010636    00000004     oled_ui.o (.rodata.str1.12595606217184830646.1)
                  0001063a    00000004     oled_ui.o (.rodata.str1.12617122458660443890.1)
                  0001063e    00000004     oled_ui.o (.rodata.str1.12697925274637991987.1)
                  00010642    00000004     oled_ui.o (.rodata.str1.1276391367487699528.1)
                  00010646    00000004     oled_ui.o (.rodata.str1.12928245060369742404.1)
                  0001064a    00000004     oled_ui.o (.rodata.str1.12983537867572525563.1)
                  0001064e    00000004     oled_ui.o (.rodata.str1.130772507669342127.1)
                  00010652    00000004     menu.o (.rodata.str1.13124720451672825294.1)
                  00010656    00000004     oled_ui.o (.rodata.str1.13244290092665904221.1)
                  0001065a    00000004     fault.o (.rodata.str1.13582094816268305212.1)
                  0001065e    00000004     oled_ui.o (.rodata.str1.13871579367539052597.1)
                  00010662    00000004     oled_ui.o (.rodata.str1.13875148296791986931.1)
                  00010666    00000004     vision_tuning_console.o (.rodata.str1.14084955404328172175.1)
                  0001066a    00000004     menu.o (.rodata.str1.14098755746347272832.1)
                  0001066e    00000004     oled_ui.o (.rodata.str1.14134189893851348960.1)
                  00010672    00000004     oled_ui.o (.rodata.str1.14358698208395374265.1)
                  00010676    00000004     oled_ui.o (.rodata.str1.14521350379984854626.1)
                  0001067a    00000004     oled_ui.o (.rodata.str1.14556837007311414654.1)
                  0001067e    00000004     oled_ui.o (.rodata.str1.14740362735394205067.1)
                  00010682    00000004     oled_ui.o (.rodata.str1.14774750633985060196.1)
                  00010686    00000004     oled_ui.o (.rodata.str1.15008238333949226094.1)
                  0001068a    00000004     oled_ui.o (.rodata.str1.15802367878353263018.1)
                  0001068e    00000004     oled_ui.o (.rodata.str1.15859922799842739878.1)
                  00010692    00000004     oled_ui.o (.rodata.str1.15935041339501476673.1)
                  00010696    00000004     fault.o (.rodata.str1.16482347271627360806.1)
                  0001069a    00000004     oled_ui.o (.rodata.str1.16496169091617228061.1)
                  0001069e    00000004     vision_pitch_tuning.o (.rodata.str1.16579632732967443104.1)
                  000106a2    00000004     oled_ui.o (.rodata.str1.16849766574302683489.1)
                  000106a6    00000004     menu.o (.rodata.str1.17041139162815566052.1)
                  000106aa    00000004     car_controller.o (.rodata.str1.17172356789460551389.1)
                  000106ae    00000004     oled_ui.o (.rodata.str1.17242430504649735449.1)
                  000106b2    00000004     oled_ui.o (.rodata.str1.17274519358952562110.1)
                  000106b6    00000004     car_controller.o (.rodata.str1.18191498530309206443.1)
                  000106ba    00000004     oled_ui.o (.rodata.str1.182352409660151230.1)
                  000106be    00000004     oled_ui.o (.rodata.str1.1974573040514735405.1)
                  000106c2    00000004     oled_ui.o (.rodata.str1.2603845803395459882.1)
                  000106c6    00000004     oled_ui.o (.rodata.str1.2656948373757303877.1)
                  000106ca    00000004     oled_ui.o (.rodata.str1.3467953211977455017.1)
                  000106ce    00000004     oled_ui.o (.rodata.str1.4193589846040060630.1)
                  000106d2    00000004     oled_ui.o (.rodata.str1.4551794666512319153.1)
                  000106d6    00000004     oled_ui.o (.rodata.str1.4581686099848791648.1)
                  000106da    00000004     oled_ui.o (.rodata.str1.4582914374586912483.1)
                  000106de    00000004     oled_ui.o (.rodata.str1.4691821198597473371.1)
                  000106e2    00000004     oled_ui.o (.rodata.str1.4723632947289500520.1)
                  000106e6    00000004     oled_ui.o (.rodata.str1.5004483696121082904.1)
                  000106ea    00000004     menu.o (.rodata.str1.5155000645726596423.1)
                  000106ee    00000004     oled_ui.o (.rodata.str1.5376340479846291137.1)
                  000106f2    00000004     oled_ui.o (.rodata.str1.5463568455719735.1)
                  000106f6    00000004     oled_ui.o (.rodata.str1.5853739094453432564.1)
                  000106fa    00000004     oled_ui.o (.rodata.str1.5965450730569173784.1)
                  000106fe    00000004     oled_ui.o (.rodata.str1.6350830172869379626.1)
                  00010702    00000004     oled_ui.o (.rodata.str1.6744096065564390185.1)
                  00010706    00000004     oled_ui.o (.rodata.str1.6835749436006845616.1)
                  0001070a    00000004     oled_ui.o (.rodata.str1.6954814719705590448.1)
                  0001070e    00000004     car_controller.o (.rodata.str1.702403006289709404.1)
                  00010712    00000004     oled_ui.o (.rodata.str1.7185587941321649510.1)
                  00010716    00000004     oled_ui.o (.rodata.str1.7219546930854689545.1)
                  0001071a    00000004     fault.o (.rodata.str1.7255546073596598018.1)
                  0001071e    00000004     oled_ui.o (.rodata.str1.7419768602719733415.1)
                  00010722    00000004     oled_ui.o (.rodata.str1.8018480777946742726.1)
                  00010726    00000004     oled_ui.o (.rodata.str1.8124536758062367015.1)
                  0001072a    00000004     oled_ui.o (.rodata.str1.8783421139296713095.1)
                  0001072e    00000004     oled_ui.o (.rodata.str1.8950259614286592359.1)
                  00010732    00000004     oled_ui.o (.rodata.str1.9159586779647977165.1)
                  00010736    00000004     oled_ui.o (.rodata.str1.9229350655415085.1)
                  0001073a    00000004     vision_tuning_console.o (.rodata.str1.9292707793305368794.1)
                  0001073e    00000004     oled_ui.o (.rodata.str1.9295666102996717355.1)
                  00010742    00000004     oled_ui.o (.rodata.str1.9351772214919528733.1)
                  00010746    00000004     vision_yaw_tuning.o (.rodata.str1.9489746196023004463.1)
                  0001074a    00000004     menu.o (.rodata.str1.9546740394641817443.1)
                  0001074e    00000004     oled_ui.o (.rodata.str1.9646571805098343045.1)
                  00010752    00000004     oled_ui.o (.rodata.str1.967006512144173535.1)
                  00010756    00000004     oled_ui.o (.rodata.str1.9822857334037886482.1)
                  0001075a    00000004     oled_ui.o (.rodata.str1.9854382722193312766.1)
                  0001075e    00000003     ti_msp_dl_config.o (.rodata.gPWM_MOTORClockConfig)
                  00010761    00000003     oled_ui.o (.rodata.str1.10263419832828250601.1)
                  00010764    00000003     vision_pitch_tuning.o (.rodata.str1.10553819018306626402.1)
                  00010767    00000003     oled_ui.o (.rodata.str1.1108652269057166745.1)
                  0001076a    00000003     oled_ui.o (.rodata.str1.11627403558423016802.1)
                  0001076d    00000003     vision_tuning_console.o (.rodata.str1.12197883643583142124.1)
                  00010770    00000003     oled_ui.o (.rodata.str1.13567883086814673087.1)
                  00010773    00000003     oled_ui.o (.rodata.str1.13750180467131823662.1)
                  00010776    00000003     oled_ui.o (.rodata.str1.14711868471336838103.1)
                  00010779    00000003     vision_pitch_tuning.o (.rodata.str1.15082469624955958926.1)
                  0001077c    00000003     vision_yaw_tuning.o (.rodata.str1.15455206247194842411.1)
                  0001077f    00000003     oled_ui.o (.rodata.str1.15577080202403550426.1)
                  00010782    00000003     oled_ui.o (.rodata.str1.15613891207764622616.1)
                  00010785    00000003     menu.o (.rodata.str1.16312125044762562515.1)
                  00010788    00000003     vision_tuning_console.o (.rodata.str1.16336339630363933256.1)
                  0001078b    00000003     oled_ui.o (.rodata.str1.16554583589798097927.1)
                  0001078e    00000003     vision_pitch_tuning.o (.rodata.str1.17185918124541117546.1)
                  00010791    00000003     oled_ui.o (.rodata.str1.17436941090773226089.1)
                  00010794    00000003     oled_ui.o (.rodata.str1.17717236995185551183.1)
                  00010797    00000003     oled_ui.o (.rodata.str1.17812014771544466701.1)
                  0001079a    00000003     oled_ui.o (.rodata.str1.17881291656140238186.1)
                  0001079d    00000003     vision_pitch_tuning.o (.rodata.str1.18308346119964257230.1)
                  000107a0    00000003     oled_ui.o (.rodata.str1.18379317056176403938.1)
                  000107a3    00000003     oled_ui.o (.rodata.str1.2193316011307952170.1)
                  000107a6    00000003     vision_pitch_tuning.o (.rodata.str1.2353024170771920291.1)
                  000107a9    00000003     oled_ui.o (.rodata.str1.240075016795266086.1)
                  000107ac    00000003     oled_ui.o (.rodata.str1.2522137003438374266.1)
                  000107af    00000003     oled_ui.o (.rodata.str1.2608729314174233125.1)
                  000107b2    00000003     oled_ui.o (.rodata.str1.2983744876309220570.1)
                  000107b5    00000003     oled_ui.o (.rodata.str1.3025253791635144717.1)
                  000107b8    00000003     oled_ui.o (.rodata.str1.3455423528827705371.1)
                  000107bb    00000003     vision_yaw_tuning.o (.rodata.str1.4032468970572441659.1)
                  000107be    00000003     menu.o (.rodata.str1.4646809750356241979.1)
                  000107c1    00000003     oled_ui.o (.rodata.str1.5291836437463020264.1)
                  000107c4    00000003     vision_yaw_tuning.o (.rodata.str1.6393086909333857079.1)
                  000107c7    00000003     oled_ui.o (.rodata.str1.6473435968988645044.1)
                  000107ca    00000003     vision_yaw_tuning.o (.rodata.str1.6657421771701333087.1)
                  000107cd    00000003     oled_ui.o (.rodata.str1.6806727740681590176.1)
                  000107d0    00000003     menu.o (.rodata.str1.6857549598058878762.1)
                  000107d3    00000003     oled_ui.o (.rodata.str1.7050595558965647569.1)
                  000107d6    00000003     oled_ui.o (.rodata.str1.7481335054564682966.1)
                  000107d9    00000003     oled_ui.o (.rodata.str1.7774807581888385879.1)
                  000107dc    00000003     fault.o (.rodata.str1.8193046109637024842.1)
                  000107df    00000003     oled_ui.o (.rodata.str1.8403269972884532600.1)
                  000107e2    00000003     oled_ui.o (.rodata.str1.8449035241871861290.1)
                  000107e5    00000003     oled_ui.o (.rodata.str1.9102528229756940648.1)
                  000107e8    00000003     oled_ui.o (.rodata.str1.9544068167406571052.1)
                  000107eb    00000003     oled_ui.o (.rodata.str1.9554470707595806150.1)
                  000107ee    00000003     oled_ui.o (.rodata.str1.9992244628984851027.1)
                  000107f1    00000002     oled_ui.o (.rodata.str1.11794000050372113979.1)
                  000107f3    00000002     oled_ui.o (.rodata.str1.12359577037488465078.1)
                  000107f5    00000002     oled_ui.o (.rodata.str1.15132332204781002199.1)
                  000107f7    00000002     oled_ui.o (.rodata.str1.2742282290834473644.1)
                  000107f9    00000002     oled_ui.o (.rodata.str1.9250665025187963892.1)
                  000107fb    00000005     --HOLE-- [fill = 0]

.init_array 
*          0    00000000    00000000     UNINITIALIZED

.binit     0    00000000    00000000     

.bss       0    20200000    00000c9d     UNINITIALIZED
                  20200000    00000200     vision_receiver.o (.bss.g_ring)
                  20200200    00000150     runtime_snapshot.o (.bss.g_snapshot)
                  20200350    00000100     vision_tuning_console.o (.bss.g_rxRing)
                  20200450    00000100     vision_tuning_console.o (.bss.g_txRing)
                  20200550    000000d8     (.common:g_appConfig)
                  20200628    0000007c     motor_control.o (.bss.g_runtime)
                  202006a4    00000058     vision_receiver.o (.bss.g_status)
                  202006fc    00000004     imu.o (.bss.g_elapsedSinceValidSampleMs)
                  20200700    00000058     (.common:g_wheelSpeedEstimatorRuntime)
                  20200758    00000048     gimbal_vision_adapter.o (.bss.g_feedback)
                  202007a0    00000044     (.common:g_imuRuntime)
                  202007e4    00000004     gimbal_tracker.o (.bss.g_filteredErrorX)
                  202007e8    00000040     gimbal.o (.bss.g_feedback)
                  20200828    00000040     vision_tuning_console.o (.bss.g_line)
                  20200868    00000040     line_controller.o (.bss.g_lineRuntime)
                  202008a8    00000040     gimbal.o (.bss.g_pitchFeedback)
                  202008e8    00000040     (.common:g_appRuntime)
                  20200928    00000030     (.common:gUART_VISIONBackup)
                  20200958    0000002c     vision_receiver.o (.bss.g_observation)
                  20200984    0000002c     empty.o (.bss.g_schedulerStats)
                  202009b0    00000028     gimbal_tracker.o (.bss.g_feedback)
                  202009d8    00000028     vision_receiver.o (.bss.g_frame)
                  20200a00    00000024     gimbal_vision_yaw_tracker.o (.bss.g_feedback)
                  20200a24    00000020     mission_manager.o (.bss.g_missionRuntime)
                  20200a44    00000018     obstacle_avoidance.o (.bss.g_avoidFeedback)
                  20200a5c    00000004     gimbal_tracker.o (.bss.g_filteredErrorY)
                  20200a60    00000018     gimbal_stepper.o (.bss.g_feedback)
                  20200a78    00000018     gimbal_vision_pitch_tracker.o (.bss.g_feedback)
                  20200a90    00000018     vision_pitch_tuning.o (.bss.g_status)
                  20200aa8    00000018     vision_tuning_console.o (.bss.g_status)
                  20200ac0    00000014     motion_action.o (.bss.g_motionActionRuntime)
                  20200ad4    00000004     gimbal_vision_adapter.o (.bss.g_lastAcceptedFrameCount)
                  20200ad8    00000014     vision_yaw_tuning.o (.bss.g_status)
                  20200aec    00000014     watchdog_monitor.o (.bss.g_status)
                  20200b00    00000014     (.common:g_headingRuntime)
                  20200b14    00000010     fault.o (.bss.g_faultRecord)
                  20200b24    00000010     motor.o (.bss.g_motorRuntime)
                  20200b34    0000000e     car_controller.o (.bss.g_carControllerFeedback)
                  20200b42    00000002     ultrasonic.o (.bss.g_echoTicks)
                  20200b44    0000000e     ultrasonic.o (.bss.g_ultrasonicFeedback)
                  20200b52    00000002     gimbal.o (.bss.g_pitchHalfPeriodTicks)
                  20200b54    0000000c     gimbal_tracker.o (.bss.g_observation)
                  20200b60    0000000c     debug_telemetry.o (.bss.g_status)
                  20200b6c    00000008     obstacle_monitor.o (.bss.g_obstacleFeedback)
                  20200b74    00000004     debug_telemetry.o (.bss.g_lastFrameMs)
                  20200b78    00000008     gimbal.o (.bss.g_pitchContinuousDegX10)
                  20200b80    00000008     gimbal.o (.bss.g_pitchEstimatedSteps)
                  20200b88    00000008     gimbal.o (.bss.g_pitchTargetDegX10)
                  20200b90    00000008     gimbal.o (.bss.g_pitchTargetEstimatedSteps)
                  20200b98    00000008     gimbal_stepper.o (.bss.g_stepperEstimatedSteps)
                  20200ba0    00000008     gimbal_stepper.o (.bss.g_stepperTargetEstimatedSteps)
                  20200ba8    00000008     gimbal.o (.bss.g_yawContinuousDegX10)
                  20200bb0    00000008     gimbal.o (.bss.g_yawLockedWorldYawDegX10)
                  20200bb8    00000008     gimbal.o (.bss.g_yawTargetContinuousDegX10)
                  20200bc0    00000008     gimbal.o (.bss.g_yawWorldTargetDegX10)
                  20200bc8    00000008     gimbal.o (.bss.g_yawWrappedDegX10)
                  20200bd0    00000006     ultrasonic.o (.bss.g_distanceSamples)
                  20200bd6    00000006     key.o (.bss.g_key1)
                  20200bdc    00000006     key.o (.bss.g_key2)
                  20200be2    00000006     key.o (.bss.g_key3)
                  20200be8    00000004     watchdog_monitor.o (.bss.g_lastTickMs)
                  20200bec    00000004     wheel_speed_estimator.o (.bss.g_latchedErrorFlags)
                  20200bf0    00000004     empty.o (.bss.g_localTimeMs)
                  20200bf4    00000004     motion_action.o (.bss.g_motionActionStartYawDeg)
                  20200bf8    00000004     encoder.o (.bss.g_motorAPulses)
                  20200bfc    00000004     encoder.o (.bss.g_motorBPulses)
                  20200c00    00000004     gimbal.o (.bss.g_pitchCommandedRpm)
                  20200c04    00000004     gimbal.o (.bss.g_pitchCompletedSteps)
                  20200c08    00000004     gimbal_tracker.o (.bss.g_pitchTargetDeg)
                  20200c0c    00000004     gimbal.o (.bss.g_pitchTargetRpm)
                  20200c10    00000004     gimbal.o (.bss.g_pitchTrackingTargetRpm)
                  20200c14    00000004     imu.o (.bss.g_previousValidCorrectedGyroZDps)
                  20200c18    00000004     servo.o (.bss.g_servoFeedback)
                  20200c1c    00000004     gimbal_vision_yaw_tracker.o (.bss.g_sessionId)
                  20200c20    00000004     gimbal_stepper.o (.bss.g_stepperCompletedSteps)
                  20200c24    00000004     gimbal_vision_yaw_tracker.o (.bss.g_targetWrappedDeg)
                  20200c28    00000004     gimbal.o (.bss.g_yawCommandedRpm)
                  20200c2c    00000004     gimbal.o (.bss.g_yawTargetRpm)
                  20200c30    00000004     gimbal_tracker.o (.bss.g_yawTargetWrappedDeg)
                  20200c34    00000004     empty.o (.bss.main.lastAppUpdateMs)
                  20200c38    00000002     gimbal.o (.bss.g_pitchStepHalfPeriodTicks)
                  20200c3a    00000002     obstacle_avoidance.o (.bss.g_resumeGraceMs)
                  20200c3c    00000002     vision_receiver.o (.bss.g_ringHead)
                  20200c3e    00000002     vision_receiver.o (.bss.g_ringTail)
                  20200c40    00000002     vision_tuning_console.o (.bss.g_rxHead)
                  20200c42    00000002     vision_tuning_console.o (.bss.g_rxTail)
                  20200c44    00000002     servo.o (.bss.g_servoPwmPhase)
                  20200c46    00000002     ultrasonic.o (.bss.g_stateTicks)
                  20200c48    00000002     gimbal_stepper.o (.bss.g_stepperHalfPeriodTicks)
                  20200c4a    00000002     gimbal_stepper.o (.bss.g_stepperStepHalfPeriodTicks)
                  20200c4c    00000002     vision_tuning_console.o (.bss.g_txHead)
                  20200c4e    00000002     vision_tuning_console.o (.bss.g_txTail)
                  20200c50    00000002     (.common:g_trackError)
                  20200c52    00000001     oled_ui.o (.bss.OledUi_Update_20ms.refreshDivider)
                  20200c53    00000001     empty.o (.bss.SysTick_Handler.controlMsCount)
                  20200c54    00000001     empty.o (.bss.SysTick_Handler.gimbalMsCount)
                  20200c55    00000001     empty.o (.bss.SysTick_Handler.tick100usCount)
                  20200c56    00000001     empty.o (.bss.SysTick_Handler.trackerMsCount)
                  20200c57    00000001     ultrasonic.o (.bss.Ultrasonic_Update_20ms.triggerDivider)
                  20200c58    00000001     empty.o (.bss.g_appUpdatePending)
                  20200c59    00000001     vision_tuning_console.o (.bss.g_capturing)
                  20200c5a    00000001     car_state.o (.bss.g_carState)
                  20200c5b    00000001     obstacle_monitor.o (.bss.g_centerSettleTicks)
                  20200c5c    00000001     vision_tuning_console.o (.bss.g_commandTarget)
                  20200c5d    00000001     ultrasonic.o (.bss.g_distanceSampleCount)
                  20200c5e    00000001     ultrasonic.o (.bss.g_distanceSampleIndex)
                  20200c5f    00000001     emergency_stop.o (.bss.g_emergencyStopActive)
                  20200c60    00000001     gimbal_tracker.o (.bss.g_enabled)
                  20200c61    00000001     gimbal_vision_pitch_tracker.o (.bss.g_enabled)
                  20200c62    00000001     gimbal_vision_yaw_tracker.o (.bss.g_enabled)
                  20200c63    00000001     watchdog_monitor.o (.bss.g_faultApplied)
                  20200c64    00000001     watchdog_monitor.o (.bss.g_faultPending)
                  20200c65    00000001     gimbal_tracker.o (.bss.g_filterReady)
                  20200c66    00000001     vision_receiver.o (.bss.g_frameSize)
                  20200c67    00000001     empty.o (.bss.g_gimbalUpdatePending)
                  20200c68    00000001     imu.o (.bss.g_integrationHistoryValid)
                  20200c69    00000001     wheel_speed_estimator.o (.bss.g_leftFilterInitialized)
                  20200c6a    00000001     vision_tuning_console.o (.bss.g_lineSize)
                  20200c6b    00000001     obstacle_safety.o (.bss.g_obstacleSafetyHolding)
                  20200c6c    00000001     oled.o (.bss.g_oledColumn)
                  20200c6d    00000001     menu.o (.bss.g_oledPage)
                  20200c6e    00000001     encoder.o (.bss.g_overflowFlags)
                  20200c6f    00000001     menu.o (.bss.g_paramItem)
                  20200c70    00000001     menu.o (.bss.g_paramReturnPage)
                  20200c71    00000001     key.o (.bss.g_pendingEvent)
                  20200c72    00000001     gimbal.o (.bss.g_pitchControlMode)
                  20200c73    00000001     gimbal.o (.bss.g_pitchDirection)
                  20200c74    00000001     gimbal.o (.bss.g_pitchInitialized)
                  20200c75    00000001     gimbal.o (.bss.g_pitchLimitClamped)
                  20200c76    00000001     gimbal.o (.bss.g_pitchLimitDirection)
                  20200c77    00000001     gimbal.o (.bss.g_pitchPositionValid)
                  20200c78    00000001     gimbal.o (.bss.g_pitchRunning)
                  20200c79    00000001     gimbal.o (.bss.g_pitchStepHigh)
                  20200c7a    00000001     gimbal.o (.bss.g_pitchStopAfterStepLow)
                  20200c7b    00000001     vision_tuning_console.o (.bss.g_prefixIndex)
                  20200c7c    00000001     vision_tuning_console.o (.bss.g_prefixTarget)
                  20200c7d    00000001     wheel_speed_estimator.o (.bss.g_rightFilterInitialized)
                  20200c7e    00000001     car_controller.o (.bss.g_safetyHold)
                  20200c7f    00000001     gimbal_vision_yaw_tracker.o (.bss.g_sessionInitialized)
                  20200c80    00000001     imu.o (.bss.g_shortGapPending)
                  20200c81    00000001     gimbal_tracker.o (.bss.g_simObservationUpdatesRemaining)
                  20200c82    00000001     obstacle_avoidance.o (.bss.g_stateStarted)
                  20200c83    00000001     gimbal_stepper.o (.bss.g_stepperDirection)
                  20200c84    00000001     gimbal_stepper.o (.bss.g_stepperRunning)
                  20200c85    00000001     gimbal_stepper.o (.bss.g_stepperStepHigh)
                  20200c86    00000001     gimbal_stepper.o (.bss.g_stepperStopAfterStepLow)
                  20200c87    00000001     motor_control.o (.bss.g_targetRefreshed)
                  20200c88    00000001     gimbal_vision_yaw_tracker.o (.bss.g_targetSynced)
                  20200c89    00000001     gimbal_tracker.o (.bss.g_targetValid)
                  20200c8a    00000001     gimbal_tracker.o (.bss.g_targetsSynced)
                  20200c8b    00000001     empty.o (.bss.g_trackerUpdatePending)
                  20200c8c    00000001     gimbal_tracker.o (.bss.g_trackingActive)
                  20200c8d    00000001     gimbal_vision_pitch_tracker.o (.bss.g_trackingActive)
                  20200c8e    00000001     gimbal_vision_yaw_tracker.o (.bss.g_trackingActive)
                  20200c8f    00000001     ultrasonic.o (.bss.g_triggerRequest)
                  20200c90    00000001     ultrasonic.o (.bss.g_ultrasonicState)
                  20200c91    00000001     gimbal.o (.bss.g_yawLimitClamped)
                  20200c92    00000001     gimbal.o (.bss.g_yawLimitDirection)
                  20200c93    00000001     gimbal.o (.bss.g_yawPositionValid)
                  20200c94    00000001     gimbal.o (.bss.g_yawWorldLockEnabled)
                  20200c95    00000001     (.common:g_carStateDebug)
                  20200c96    00000001     (.common:g_keyEvent)
                  20200c97    00000001     (.common:g_oledPageDebug)
                  20200c98    00000001     (.common:g_paramItemDebug)
                  20200c99    00000001     (.common:g_trackBlackCount)
                  20200c9a    00000001     (.common:g_trackModeDebug)
                  20200c9b    00000001     (.common:g_trackRaw)
                  20200c9c    00000001     (.common:g_trackTurnDebug)

.data      0    20200c9d    00000001     UNINITIALIZED
                  20200c9d    00000001     car_controller.o (.data.g_followTurnPolicy)

.stack     0    20207e00    00000200     UNINITIALIZED
                  20207e00    00000004     libc.a : boot_cortex_m.c.obj (.stack)
                  20207e04    000001fc     --HOLE--

__llvm_prf_cnts 
*          0    20200000    00000000     UNINITIALIZED

__llvm_prf_bits 
*          0    20200000    00000000     UNINITIALIZED

MODULE SUMMARY

       Module                          code    ro data   rw data
       ------                          ----    -------   -------
    .\
       vision_tuning_console.o         9616    102       613    
       oled_ui.o                       8452    946       1      
       gimbal.o                        5884    0         241    
       car_controller.o                3828    64        80     
       imu.o                           3860    0         78     
       motor_control.o                 2768    0         125    
       oled.o                          2210    401       1      
       gimbal_tracker.o                2288    0         74     
       line_controller.o               2112    0         64     
       vision_receiver.o               1112    0         689    
       gimbal_vision_yaw_tracker.o     1732    0         48     
       app_config.o                    1508    0         216    
       wheel_speed_estimator.o         1276    0         94     
       mission_manager.o               1300    0         32     
       mission_library.o               174     1135      0      
       gimbal_stepper.o                1168    0         52     
       runtime_snapshot.o              872     0         336    
       motion_action.o                 1156    0         24     
       obstacle_avoidance.o            1138    0         27     
       motor.o                         776     0         16     
       menu.o                          692     82        3      
       empty.o                         676     0         59     
       vision_protocol.o               732     0         0      
       gimbal_vision_pitch_tracker.o   696     0         26     
       ti_msp_dl_config.o              636     23        48     
       ultrasonic.o                    596     0         29     
       key.o                           436     0         19     
       app.o                           410     0         10     
       fault.o                         296     65        16     
       track_sensor.o                  372     0         0      
       vision_pitch_tuning.o           268     48        24     
       watchdog_monitor.o              292     0         26     
       vision_yaw_tuning.o             248     41        20     
       gimbal_vision_adapter.o         228     0         76     
       heading_control.o               280     0         20     
       encoder.o                       276     0         9      
       obstacle_safety.o               264     0         1      
       obstacle_monitor.o              192     0         9      
       startup_mspm0g350x_ticlang.o    6       192       0      
       angle_utils.o                   192     0         0      
       servo.o                         176     0         6      
       emergency_stop.o                176     0         1      
       vision_uart.o                   164     0         0      
       debug_telemetry.o               56      0         16     
       car_state.o                     36      0         1      
    +--+-------------------------------+-------+---------+---------+
       Total:                          61626   3099      3230   
                                                                
    C:/TI/mspm0_sdk_2_05_01_00/source/ti/driverlib/lib/ticlang/m0p/mspm0g1x0x_g3x0x/driverlib.a
       dl_timer.o                      388     0         0      
       dl_uart.o                       90      0         0      
       dl_common.o                     10      0         0      
    +--+-------------------------------+-------+---------+---------+
       Total:                          488     0         0      
                                                                
    D:\TI\CCS\ccs\tools\compiler\ti-cgt-armllvm_4.0.4.LTS\lib\armv6m-ti-none-eabi/c/libc.a
       memcpy16.S.obj                  154     0         0      
       strcmp-armv6m.S.obj             136     0         0      
       copy_decompress_lzss.c.obj      124     0         0      
       memset16.S.obj                  98      0         0      
       autoinit.c.obj                  60      0         0      
       boot_cortex_m.c.obj             56      0         0      
       memmov.c.obj                    40      0         0      
       copy_decompress_none.c.obj      18      0         0      
       copy_zero_init.c.obj            16      0         0      
       exit.c.obj                      6       0         0      
       pre_init.c.obj                  4       0         0      
    +--+-------------------------------+-------+---------+---------+
       Total:                          712     0         0      
                                                                
    D:\TI\CCS\ccs\tools\compiler\ti-cgt-armllvm_4.0.4.LTS\lib\armv6m-ti-none-eabi/c/libsysbm.a
       hostexit.c.obj                  4       0         0      
    +--+-------------------------------+-------+---------+---------+
       Total:                          4       0         0      
                                                                
    D:\TI\CCS\ccs\tools\compiler\ti-cgt-armllvm_4.0.4.LTS\lib\armv6m-ti-none-eabi/libclang_rt.builtins.a
       addsf3.S.obj                    216     0         0      
       udivmoddi4.S.obj                162     0         0      
       comparesf2.S.obj                140     0         0      
       mulsf3.S.obj                    140     0         0      
       divsf3.S.obj                    130     0         0      
       aeabi_fcmp.S.obj                98      0         0      
       fixsfdi.S.obj                   96      0         0      
       aeabi_idivmod.S.obj             86      0         0      
       floatdisf.S.obj                 78      0         0      
       aeabi_uidivmod.S.obj            64      0         0      
       divmoddi4.c.obj                 62      0         0      
       floatsisf.S.obj                 60      0         0      
       muldsi3.S.obj                   58      0         0      
       fixsfsi.S.obj                   56      0         0      
       floatunsisf.S.obj               40      0         0      
       muldi3.S.obj                    36      0         0      
       ashldi3.S.obj                   30      0         0      
       aeabi_ldivmod.S.obj             20      0         0      
       aeabi_uldivmod.S.obj            20      0         0      
       aeabi_memset.S.obj              12      0         0      
       aeabi_memcpy.S.obj              8       0         0      
       aeabi_memmove.S.obj             8       0         0      
[...]

address   name                                      
-------   ----                                      
00000000  __TI_ATRegion0_region_sz                  
00000000  __TI_ATRegion0_src_addr                   
00000000  __TI_ATRegion0_trg_addr                   
00000000  __TI_ATRegion1_region_sz                  
00000000  __TI_ATRegion1_src_addr                   
00000000  __TI_ATRegion1_trg_addr                   
00000000  __TI_ATRegion2_region_sz                  
00000000  __TI_ATRegion2_src_addr                   
00000000  __TI_ATRegion2_trg_addr                   
00000000  __TI_static_base__                        
00000000  interruptVectors                          
000000c1  OledUi_Update_20ms                        
00000200  __STACK_SIZE                              
000020dd  VisionTuningConsole_Process               
00003eb1  LineController_Update                     
000043a1  GimbalTracker_Update                      
00004c69  AppConfig_LimitAll                        
0000509d  WheelSpeedEstimator_Update                
000054b9  VisionReceiver_Process                    
00005869  GimbalVisionYawTracker_Update10ms         
00005f61  RuntimeSnapshot_Update                    
000062b1  ObstacleAvoidance_Update_20ms             
00006901  Imu_Update                                
00006c0d  Imu_Init                                  
000074a5  Gimbal_YawSetWrappedTargetDeg             
0000773d  Gimbal_YawUpdate5ms                       
000079d1  Gimbal_PitchSetTrackingSpeedDegS          
00007c61  MotorControl_Update                       
00007eed  OLED_Clear                                
00008379  MotionAction_Update_20ms                  
000085ad  GimbalVisionPitchTracker_Update10ms       
000087d5  Imu_CalibrateGyroBias                     
000089e1  Motor_SetSpeed                            
00008be5  VisionProtocol_ParseV1TargetFrame         
00009359  Gimbal_PitchUpdate5ms                     
000096cd  AppConfig_InitDefault                     
0000987d  Ultrasonic_Tick100us                      
00009a1d  GimbalStepper_Tick100us                   
00009bb1  Gimbal_PitchTick100us                     
00009d31  GimbalStepper_MoveToEstimatedSteps        
00009ead  Key_Update_20ms                           
0000a021  Gimbal_Init                               
0000a18d  main                                      
0000a9b9  CarController_Update_20ms                 
0000ab09  OLED_PrintInt16                           
0000aea5  Gimbal_YawEnableWorldLock                 
0000afcd  MotionAction_Start                        
0000b33d  Menu_HandleKeyEvent                       
0000b45d  LineController_Reset                      
0000b579  App_Update_20ms                           
0000b8a5  DL_Timer_initFourCCPWMMode                
0000b9a9  LineController_ResetControlState          
0000baad  MotorControl_SetNormalizedTarget          
0000bbad  MissionManager_Update_20ms                
0000bca9  SysTick_Handler                           
0000bda5  LineController_Init                       
0000be9d  Gimbal_PitchStopHold                      
0000bf8d  MissionManager_SelectNext                 
0000c251  ObstacleSafety_Update_20ms                
0000c331  SYSCFG_DL_GPIO_init                       
0000c4e9  MissionManager_SelectPrevious             
0000c5c1  OLED_PrintUInt16                          
0000c699  WheelSpeedEstimator_Init                  
0000c849  __aeabi_fsub                              
0000c849  __subsf3                                  
0000c853  __addsf3                                  
0000c853  __aeabi_fadd                              
0000c921  OLED_Init                                 
0000c9f5  OLED_PrintChar                            
0000cac5  FaultCode_ToShortString                   
0000cb8d  Angle_Normalize180                        
0000cc4d  CarController_StartSeekLine               
0000cd0d  CarController_StartTurnToYawRelative      
0000cdc9  HeadingControl_Update                     
0000ce85  CarController_StartDriveHeading           
0000cf39  GimbalStepper_StopHold                    
0000cfed  GimbalVisionAdapter_Update                
0000d0a1  GimbalStepper_Init                        
0000d151  Encoder_HandleGpioInterrupt               
0000d299  __udivmoddi4                              
0000d33b  ADC0_IRQHandler                           
0000d33b  ADC1_IRQHandler                           
0000d33b  AES_IRQHandler                            
0000d33b  CANFD0_IRQHandler                         
0000d33b  DAC0_IRQHandler                           
0000d33b  DMA_IRQHandler                            
0000d33b  Default_Handler                           
0000d33b  GROUP0_IRQHandler                         
0000d33b  HardFault_Handler                         
0000d33b  I2C0_IRQHandler                           
0000d33b  I2C1_IRQHandler                           
0000d33b  NMI_Handler                               
0000d33b  PendSV_Handler                            
0000d33b  RTC_IRQHandler                            
0000d33b  SPI0_IRQHandler                           
0000d33b  SPI1_IRQHandler                           
0000d33b  SVC_Handler                               
0000d33b  TIMA0_IRQHandler                          
0000d33b  TIMA1_IRQHandler                          
0000d33b  TIMG0_IRQHandler                          
0000d33b  TIMG12_IRQHandler                         
0000d33b  TIMG6_IRQHandler                          
0000d33b  TIMG7_IRQHandler                          
0000d33b  TIMG8_IRQHandler                          
0000d33b  UART0_IRQHandler                          
0000d33b  UART1_IRQHandler                          
0000d33b  UART2_IRQHandler                          
0000d33d  CarController_StartFollowLine             
0000d3d9  ObstacleMonitor_Update_20ms               
0000d475  memcpy                                    
0000d50f  TrackSensor_Init                          
0000d5a9  CarController_Init                        
0000d639  CarController_StartTurnRight90            
0000d6c9  CarController_ResetRuntime                
0000d755  CarController_StartTurnLeft90             
0000d7e1  Gimbal_YawDisableWorldLock                
0000d86d  Gimbal_YawStopHold                        
0000d8f9  SYSCFG_DL_PWM_MOTOR_init                  
0000d985  __aeabi_fmul                              
0000d985  __mulsf3                                  
0000da11  strcmp                                    
0000da99  Motor_Init                                
0000db1d  App_Init                                  
0000db9f  MissionLibrary_Validate                   
0000dc21  __aeabi_fdiv                              
0000dc21  __divsf3                                  
0000dca3  __aeabi_idiv0                             
0000dca5  GimbalTracker_Init                        
0000dd25  Motor_Stop                                
0000dda5  CarController_SetSafetyHold               
0000de21  VisionPitchTuning_Set                     
0000de9d  __TI_decompress_lzss                      
0000e005  Menu_GetParamValue                        
0000e075  SYSCFG_DL_UART_VISION_init                
0000e0e5  VisionYawTuning_Set                       
0000e155  TrackSensor_DetectTurn                    
0000e1c3  __aeabi_ldiv0                             
0000e1c5  GimbalVisionYawTracker_Init               
0000e231  MissionManager_GetSelectedMissionIndex    
0000e299  TrackSensor_GetErrorFromRaw               
0000e301  __aeabi_fcmpeq                            
0000e315  __aeabi_fcmplt                            
0000e329  __aeabi_fcmple                            
0000e33d  __aeabi_fcmpge                            
0000e351  __aeabi_fcmpgt                            
0000e363  memset                                    
0000e3c5  GimbalTracker_GetFeedback                 
0000e425  VisionTuningConsole_Init                  
0000e485  __aeabi_f2lz                              
0000e485  __fixsfdi                                 
0000e545  UART3_IRQHandler                          
0000e5a1  Ultrasonic_Update_20ms                    
0000e659  __aeabi_idiv                              
0000e659  __aeabi_idivmod                           
0000e6b1  TrackSensor_ReadRaw                       
0000e7ad  MissionManager_Start                      
0000e7fd  Ultrasonic_Init                           
0000e84d  WatchdogMonitor_ApplyFaultIfNeeded        
0000e89d  __aeabi_l2f                               
0000e89d  __floatdisf                               
0000e8ed  MotorControl_Stop                         
0000e939  WatchdogMonitor_Tick1msFromIsr            
0000e9d1  DL_UART_init                              
0000ea19  MissionManager_Init                       
0000ea61  MotionAction_ReapplyControllerTarget      
0000eaa9  Encoder_GetAndClearPulseDeltas            
0000eaed  Servo_Tick100us                           
0000eb31  EmergencyStop_Reset                       
0000eb71  GimbalVisionPitchTracker_Init             
0000ebb1  SYSCFG_DL_SYSCTL_init                     
0000ebf1  SYSCFG_DL_initPower                       
0000ec31  VisionReceiver_PushByteFromIsr            
0000ec71  __aeabi_uidiv                             
0000ec71  __aeabi_uidivmod                          
0000ecb1  __divmoddi4                               
0000ecf1  Servo_SetAngleDeg                         
0000ed2d  VisionTuningConsole_PushByteFromIsr       
0000ed69  __aeabi_i2f                               
0000ed69  __floatsisf                               
0000eda5  __gesf2                                   
0000eda5  __gtsf2                                   
0000ede1  __TI_auto_init_nobinit_nopinit            
0000ee1d  __cmpsf2                                  
0000ee1d  __eqsf2                                   
0000ee1d  __lesf2                                   
0000ee1d  __ltsf2                                   
0000ee1d  __nesf2                                   
0000ee59  __muldsi3                                 
0000ee95  VisionReceiver_Init                       
0000eecd  __aeabi_f2iz                              
0000eecd  __fixsfsi                                 
0000ef05  EmergencyStop_Trigger                     
0000ef39  MissionManager_Cancel                     
0000ef6d  OLED_SetCursor                            
0000efa1  VisionTuningConsole_TryPopTxByte          
0000efd5  VisionUart_Process                        
0000f03d  OLED_PrintString                          
0000f071  Fault_Raise                               
0000f0a1  GimbalVisionYawTracker_GetFeedback        
0000f0d1  Gimbal_PitchGetFeedback                   
0000f101  Imu_ResetYaw                              
0000f131  Key_Init                                  
0000f161  LineController_ObserveSensors             
0000f191  MissionManager_Reset                      
0000f1c1  MissionManager_Resume                     
0000f1f1  VisionPitchTuning_RestoreDefault          
0000f221  WatchdogMonitor_Init                      
0000f281  Encoder_Reset                             
0000f2ad  Imu_IsReady                               
0000f2d9  TrackSensor_CountBlack                    
0000f305  VisionYawTuning_RestoreDefault            
0000f35d  ObstacleAvoidance_Init                    
0000f385  Servo_Init                                
0000f3ad  VisionPitchTuning_Init                    
0000f3d5  WatchdogMonitor_Reset                     
0000f3fd  __aeabi_ui2f                              
0000f3fd  __floatunsisf                             
0000f425  memmove                                   
0000f44d  _c_int00_noargs                           
0000f475  CarController_Stop                        
0000f499  EmergencyStop_Enforce                     
0000f4bd  GimbalVisionPitchTracker_GetFeedback      
0000f4e1  MissionManager_ReportExternalFailure      
0000f505  MotorControl_Init                         
0000f529  MotorControl_Reset                        
0000f54d  SYSCFG_DL_init                            
0000f571  VisionYawTuning_Init                      
0000f595  __aeabi_lmul                              
0000f595  __muldi3                                  
0000f5b9  DL_Timer_overrideCCPOut                   
0000f5d9  DebugTelemetry_Update                     
0000f5f9  MissionManager_Pause                      
0000f619  MotionAction_GetCurrentBypassDirection    
0000f639  MotionAction_GetCurrentObstaclePolicy     
0000f659  MotionAction_Init                         
0000f679  SchedulerMonitor_GetStats                 
0000f699  VisionReceiver_GetProtocolErrorCount      
0000f6d9  __aeabi_llsl                              
0000f6d9  __ashldi3                                 
0000f6f9  DL_Timer_setCaptCompUpdateMethod          
0000f715  DL_Timer_setClockConfig                   
0000f731  GimbalVisionAdapter_Init                  
0000f74d  Menu_Init                                 
0000f769  ObstacleMonitor_Init                      
0000f785  ObstacleSafety_Init                       
0000f7a1  VisionPitchTuning_ParamName               
0000f7bd  VisionYawTuning_GetSnapshot               
0000f7d9  VisionYawTuning_ParamName                 
0000f7f5  WatchdogMonitor_NotifyControlCycleComplete
0000f82d  CarController_RunModeToString             
0000f845  DL_Timer_setCaptureCompareOutCtl          
0000f85d  DebugTelemetry_Init                       
0000f875  HeadingControl_SetTargetYaw               
0000f88d  Menu_ParamItemToString                    
0000f8a5  MotionAction_Cancel                       
0000f8bd  RuntimeSnapshot_Init                      
0000f8d5  __aeabi_fcmpun                            
0000f8d5  __unordsf2                                
0000f8ed  Fault_Clear                               
0000f901  Fault_Init                                
0000f915  GROUP1_IRQHandler                         
0000f929  GimbalStepper_SetStepHalfPeriodTicks      
0000f93d  HeadingControl_Enable                     
0000f951  HeadingControl_Init                       
0000f965  HeadingControl_Reset                      
0000f979  MissionLibrary_FindById                   
0000f98d  MissionLibrary_GetByIndex                 
0000f9a1  MissionManager_GetSelectedMissionId       
0000f9b5  VisionPitchTuning_GetSnapshot             
0000f9c9  VisionUart_Init                           
0000f9dd  __aeabi_ldivmod                           
0000f9f1  __aeabi_uldivmod                          
0000fa05  DL_UART_setClockConfig                    
0000fa17  __TI_decompress_none                      
0000fa29  DL_Timer_setCaptureCompareValue           
0000fa39  Gimbal_YawGetFeedback                     
0000fa49  Key_GetEvent                              
0000fa59  ObstacleAvoidance_IsResumeGraceActive     
0000fa69  __TI_zero_init                            
0000fa79  CarController_GetRunMode                  
0000fa85  CarController_IsSafetyHoldActive          
0000fa91  CarState_Get                              
0000fa9d  CarState_Init                             
0000faa9  CarState_Set                              
0000fab5  EmergencyStop_Init                        
0000fac1  EmergencyStop_IsActive                    
0000facd  GimbalVisionAdapter_GetObservation        
0000fad9  Gimbal_Tick100us                          
0000fae5  Gimbal_Update5ms                          
0000faf1  Imu_GetCorrectedGyroZDps                  
0000fafd  Imu_GetYaw                                
0000fb09  Menu_GetPage                              
0000fb15  Menu_GetParamItem                         
0000fb21  MissionManager_IsExternallyHeld           
0000fb2d  MissionManager_SetExternalHold            
0000fb39  ObstacleAvoidance_IsActive                
0000fb45  ObstacleAvoidance_IsFailed                
0000fb51  ObstacleSafety_IsHolding                  
0000fb5d  OledUi_Init                               
0000fb69  SystemTime_GetMs                          
0000fb75  WatchdogMonitor_HasTripped                
0000fb81  __aeabi_memclr                            
0000fb81  __aeabi_memclr4                           
0000fb81  __aeabi_memclr8                           
0000fb8d  DL_Common_delayCycles                     
0000fb97  TrackSensor_IsCenterDetected              
0000fba1  TrackSensor_IsLineDetected                
0000fbab  TrackSensor_IsLineLost                    
0000fbb5  CarController_GetFeedback                 
0000fbbd  Fault_GetRecord                           
0000fbc5  GimbalStepper_GetFeedback                 
0000fbcd  GimbalVisionAdapter_GetFeedback           
0000fbd5  Gimbal_PitchStopTrackingHold              
0000fbdd  HeadingControl_GetRuntime                 
0000fbe5  Imu_GetRuntime                            
0000fbed  LineController_GetRuntime                 
0000fbf5  MissionManager_GetMissionCount            
0000fbfd  MissionManager_GetRuntime                 
0000fc05  MotionAction_GetRuntime                   
0000fc0d  MotorControl_GetRuntime                   
0000fc15  ObstacleAvoidance_GetFeedback             
0000fc1d  ObstacleMonitor_GetFeedback               
0000fc25  Servo_GetFeedback                         
0000fc2d  Ultrasonic_GetFeedback                    
0000fc35  VisionPitchTuning_GetStatus               
0000fc3d  VisionReceiver_GetObservation             
0000fc45  VisionReceiver_GetStatus                  
0000fc4d  VisionTuningConsole_GetStatus             
0000fc55  WatchdogMonitor_GetStatus                 
0000fc5d  WheelSpeedEstimator_GetRuntime            
0000fc65  __aeabi_memcpy                            
0000fc65  __aeabi_memcpy4                           
0000fc65  __aeabi_memcpy8                           
0000fc6d  __aeabi_memmove                           
0000fc6d  __aeabi_memmove4                          
0000fc6d  __aeabi_memmove8                          
0000fc75  abort                                     
0000fc7a  C$$EXIT                                   
0000fc7b  HOSTexit                                  
0000fc7f  MissionLibrary_GetCount                   
0000fc83  Reset_Handler                             
0000fc99  _system_pre_init                          
00010800  __TI_Handler_Table_Base                   
0001080c  __TI_Handler_Table_Limit                  
0001081c  __TI_CINIT_Base                           
0001082c  __TI_CINIT_Limit                          
0001082c  __TI_CINIT_Warm                           
20200000  __start___llvm_prf_bits                   
20200000  __start___llvm_prf_cnts                   
20200000  __stop___llvm_prf_bits                    
20200000  __stop___llvm_prf_cnts                    
20200550  g_appConfig                               
20200700  g_wheelSpeedEstimatorRuntime              
202007a0  g_imuRuntime                              
202008e8  g_appRuntime                              
20200928  gUART_VISIONBackup                        
20200b00  g_headingRuntime                          
20200c50  g_trackError                              
20200c95  g_carStateDebug                           
20200c96  g_keyEvent                                
20200c97  g_oledPageDebug                           
20200c98  g_paramItemDebug                          
20200c99  g_trackBlackCount                         
20200c9a  g_trackModeDebug                          
20200c9b  g_trackRaw                                
20200c9c  g_trackTurnDebug                          
20207e00  __stack                                   
20208000  __STACK_END                               
ffffffff  __TI_pprof_out_hndl                       
ffffffff  __TI_prof_data_size                       
ffffffff  __TI_prof_data_start                      
ffffffff  __binit__                                 
ffffffff  binit                                     
UNDEFED   __mpu_init                                
UNDEFED   _system_post_cinit                        

[375 symbols]
