******************************************************************************
            TI ARM Clang Linker PC v4.0.4                      
******************************************************************************
>> Linked Fri Jul 10 21:52:22 2026

OUTPUT FILE NAME:   <diansaikaishi.out>
ENTRY POINT SYMBOL: "_c_int00_noargs"  address: 00002229


MEMORY CONFIGURATION

         name            origin    length      used     unused   attr    fill
----------------------  --------  ---------  --------  --------  ----  --------
  FLASH                 00000000   00020000  00002658  0001d9a8  R  X
  SRAM                  20200000   00008000  0000029a  00007d66  RW X
  BCR_CONFIG            41c00000   000000ff  00000000  000000ff  R   
  BSL_CONFIG            41c00100   00000080  00000000  00000080  R   


SEGMENT ALLOCATION MAP

run origin  load origin   length   init length attrs members
----------  ----------- ---------- ----------- ----- -------
00000000    00000000    00002658   00002658    r-x
  00000000    00000000    000000c0   000000c0    r-- .intvecs
  000000c0    000000c0    00002318   00002318    r-x .text
  000023d8    000023d8    00000268   00000268    r-- .rodata
  00002640    00002640    00000018   00000018    r-- .cinit
20200000    20200000    0000009a   00000000    rw-
  20200000    20200000    0000009a   00000000    rw- .bss
20207e00    20207e00    00000200   00000000    rw-
  20207e00    20207e00    00000200   00000000    rw- .stack


SECTION ALLOCATION MAP

 output                                  attributes/
section   page    origin      length       input sections
--------  ----  ----------  ----------   ----------------
.intvecs   0    00000000    000000c0     
                  00000000    000000c0     startup_mspm0g350x_ticlang.o (.intvecs)

.text      0    000000c0    00002318     
                  000000c0    000002d8     imu.o (.text.mpu6050_read_regs)
                  00000398    000002d0     oled_ui.o (.text.OledUi_Update_20ms)
                  00000668    000002b0     car_controller.o (.text.CarController_Update_20ms)
                  00000918    00000254     oled.o (.text.OLED_Clear)
                  00000b6c    000001cc     imu.o (.text.imu_i2c_write_byte)
                  00000d38    000001b8     oled.o (.text.oled_i2c_write_byte)
                  00000ef0    00000198     menu.o (.text.Menu_HandleKeyEvent)
                  00001088    00000174     key.o (.text.Key_Update_20ms)
                  000011fc    00000168     app_config.o (.text.AppConfig_LimitAll)
                  00001364    0000013c     oled.o (.text.OLED_PrintInt16)
                  000014a0    000000d4     oled.o (.text.OLED_Init)
                  00001574    000000d0     oled.o (.text.OLED_PrintChar)
                  00001644    000000b0     imu.o (.text.Imu_Init)
                  000016f4    000000b0     motor.o (.text.Motor_SetSpeed)
                  000017a4    000000a8     ti_msp_dl_config.o (.text.SYSCFG_DL_GPIO_init)
                  0000184c    000000a4     app.o (.text.App_Update_20ms)
                  000018f0    0000008c     libclang_rt.builtins.a : mulsf3.S.obj (.text.__mulsf3)
                  0000197c    0000008c     imu.o (.text.mpu6050_write_reg)
                  00001a08    00000082     libclang_rt.builtins.a : divsf3.S.obj (.text.__divsf3)
                  00001a8a    00000002     startup_mspm0g350x_ticlang.o (.text.Default_Handler)
                  00001a8c    00000078     oled.o (.text.oled_write_command)
                  00001b04    0000006c     encoder.o (.text.Encoder_HandleGpioInterrupt)
                  00001b70    0000006c     empty.o (.text.main)
                  00001bdc    00000066     track_sensor.o (.text.TrackSensor_GetErrorFromRaw)
                  00001c42    00000002     track_sensor.o (.text.TrackSensor_Init)
                  00001c44    00000060     app_config.o (.text.AppConfig_InitDefault)
                  00001ca4    0000005e     oled.o (.text.OLED_PrintBinary7)
                  00001d02    00000002     libclang_rt.builtins.a : aeabi_div0.c.obj (.text.__aeabi_idiv0)
                  00001d04    00000058     menu.o (.text.Menu_GetParamValue)
                  00001d5c    00000056     libclang_rt.builtins.a : aeabi_idivmod.S.obj (.text.__aeabi_idivmod)
                  00001db2    00000002     --HOLE-- [fill = 0]
                  00001db4    00000054     imu.o (.text.Imu_Update)
                  00001e08    00000054     track_sensor.o (.text.TrackSensor_ReadRaw)
                  00001e5c    00000050     motor.o (.text.Motor_PwmTick100us)
                  00001eac    00000040     ti_msp_dl_config.o (.text.SYSCFG_DL_SYSCTL_init)
                  00001eec    0000003c     empty.o (.text.SysTick_Handler)
                  00001f28    0000003c     libclang_rt.builtins.a : floatsisf.S.obj (.text.__floatsisf)
                  00001f64    0000003c     libc.a : autoinit.c.obj (.text:__TI_auto_init_nobinit_nopinit)
                  00001fa0    0000003a     libclang_rt.builtins.a : muldsi3.S.obj (.text.__muldsi3)
                  00001fda    00000002     --HOLE-- [fill = 0]
                  00001fdc    00000038     motor.o (.text.Motor_Init)
                  00002014    00000038     libclang_rt.builtins.a : fixsfsi.S.obj (.text.__fixsfsi)
                  0000204c    00000036     track_sensor.o (.text.TrackSensor_DetectTurn)
                  00002082    00000002     --HOLE-- [fill = 0]
                  00002084    00000034     oled.o (.text.OLED_SetCursor)
                  000020b8    00000032     oled.o (.text.OLED_PrintString)
                  000020ea    00000030     app.o (.text.App_Init)
                  0000211a    00000002     --HOLE-- [fill = 0]
                  0000211c    00000030     key.o (.text.Key_Init)
                  0000214c    0000002c     car_controller.o (.text.CarController_Init)
                  00002178    0000002c     car_controller.o (.text.CarController_ResetRuntime)
                  000021a4    0000002c     motor.o (.text.Motor_Stop)
                  000021d0    0000002c     ti_msp_dl_config.o (.text.SYSCFG_DL_initPower)
                  000021fc    0000002c     track_sensor.o (.text.TrackSensor_CountBlack)
                  00002228    00000028     libc.a : boot_cortex_m.c.obj (.text:_c_int00_noargs)
                  00002250    00000024     encoder.o (.text.Encoder_Reset)
                  00002274    00000018     car_controller.o (.text.CarController_RunModeToString)
                  0000228c    00000018     car_state.o (.text.CarState_ToString)
                  000022a4    00000018     menu.o (.text.Menu_ParamItemToString)
                  000022bc    00000016     libc.a : copy_zero_init.c.obj (.text:decompress:ZI:__TI_zero_init_nomemset)
                  000022d2    00000002     --HOLE-- [fill = 0]
                  000022d4    00000014     app_config.o (.text.AppConfig_DecreaseTargetLap)
                  000022e8    00000014     app_config.o (.text.AppConfig_IncreaseTargetLap)
                  000022fc    00000014     empty.o (.text.GROUP1_IRQHandler)
                  00002310    00000014     menu.o (.text.Menu_Init)
                  00002324    00000010     key.o (.text.Key_GetEvent)
                  00002334    00000010     ti_msp_dl_config.o (.text.SYSCFG_DL_init)
                  00002344    0000000c     car_controller.o (.text.CarController_GetRunMode)
                  00002350    0000000c     car_state.o (.text.CarState_Get)
                  0000235c    0000000c     car_state.o (.text.CarState_Init)
                  00002368    0000000c     car_state.o (.text.CarState_Set)
                  00002374    0000000c     menu.o (.text.Menu_GetPage)
                  00002380    0000000c     menu.o (.text.Menu_GetParamItem)
                  0000238c    0000000c     oled_ui.o (.text.OledUi_Init)
                  00002398    0000000a     driverlib.a : dl_common.o (.text.DL_Common_delayCycles)
                  000023a2    0000000a     track_sensor.o (.text.TrackSensor_IsCenterDetected)
                  000023ac    0000000a     track_sensor.o (.text.TrackSensor_IsLineLost)
                  000023b6    00000002     --HOLE-- [fill = 0]
                  000023b8    00000008     imu.o (.text.Imu_GetRuntime)
                  000023c0    00000006     libc.a : exit.c.obj (.text:abort)
                  000023c6    00000004     libsysbm.a : hostexit.c.obj (.text.HOSTexit)
                  000023ca    00000004     startup_mspm0g350x_ticlang.o (.text.Reset_Handler)
                  000023ce    00000004     libc.a : pre_init.c.obj (.text._system_pre_init)
                  000023d2    00000006     --HOLE-- [fill = 0]

.cinit     0    00002640    00000018     
                  00002640    00000008     (.cinit..bss.load) [load image, compression = zero_init]
                  00002648    00000004     (__TI_handler_table)
                  0000264c    00000008     (__TI_cinit_table)
                  00002654    00000004     --HOLE-- [fill = 0]

.rodata    0    000023d8    00000268     
                  000023d8    000000b4     oled.o (.rodata..Lswitch.table.OLED_PrintChar)
                  0000248c    0000001c     menu.o (.rodata..Lswitch.table.Menu_ParamItemToString)
                  000024a8    00000018     car_state.o (.rodata..Lswitch.table.CarState_ToString)
                  000024c0    00000014     car_controller.o (.rodata..Lswitch.table.CarController_RunModeToString)
                  000024d4    00000007     oled_ui.o (.rodata.str1.8426569189266129334.1)
                  000024db    00000006     oled_ui.o (.rodata.str1.1445687256832830955.1)
                  000024e1    00000006     car_state.o (.rodata.str1.1675797584173499143.1)
                  000024e7    00000006     oled_ui.o (.rodata.str1.16931641404301806744.1)
                  000024ed    00000006     car_state.o (.rodata.str1.41590466491370331.1)
                  000024f3    00000006     menu.o (.rodata.str1.4646809750356241979.1)
                  000024f9    00000006     oled_ui.o (.rodata.str1.5853739094453432564.1)
                  000024ff    00000005     oled.o (.rodata.oled_get_glyph.colon)
                  00002504    00000005     oled.o (.rodata.oled_get_glyph.eight)
                  00002509    00000005     oled.o (.rodata.oled_get_glyph.five)
                  0000250e    00000005     oled.o (.rodata.oled_get_glyph.four)
                  00002513    00000005     oled.o (.rodata.oled_get_glyph.glyphA)
                  00002518    00000005     oled.o (.rodata.oled_get_glyph.glyphC)
                  0000251d    00000005     oled.o (.rodata.oled_get_glyph.glyphD)
                  00002522    00000005     oled.o (.rodata.oled_get_glyph.glyphE)
                  00002527    00000005     oled.o (.rodata.oled_get_glyph.glyphG)
                  0000252c    00000005     oled.o (.rodata.oled_get_glyph.glyphH)
                  00002531    00000005     oled.o (.rodata.oled_get_glyph.glyphI)
                  00002536    00000005     oled.o (.rodata.oled_get_glyph.glyphK)
                  0000253b    00000005     oled.o (.rodata.oled_get_glyph.glyphL)
                  00002540    00000005     oled.o (.rodata.oled_get_glyph.glyphM)
                  00002545    00000005     oled.o (.rodata.oled_get_glyph.glyphN)
                  0000254a    00000005     oled.o (.rodata.oled_get_glyph.glyphO)
                  0000254f    00000005     oled.o (.rodata.oled_get_glyph.glyphP)
                  00002554    00000005     oled.o (.rodata.oled_get_glyph.glyphR)
                  00002559    00000005     oled.o (.rodata.oled_get_glyph.glyphS)
                  0000255e    00000005     oled.o (.rodata.oled_get_glyph.glyphT)
                  00002563    00000005     oled.o (.rodata.oled_get_glyph.glyphU)
                  00002568    00000005     oled.o (.rodata.oled_get_glyph.glyphV)
                  0000256d    00000005     oled.o (.rodata.oled_get_glyph.glyphW)
                  00002572    00000005     oled.o (.rodata.oled_get_glyph.glyphX)
                  00002577    00000005     oled.o (.rodata.oled_get_glyph.glyphY)
                  0000257c    00000005     oled.o (.rodata.oled_get_glyph.gt)
                  00002581    00000005     oled.o (.rodata.oled_get_glyph.minus)
                  00002586    00000005     oled.o (.rodata.oled_get_glyph.nine)
                  0000258b    00000005     oled.o (.rodata.oled_get_glyph.one)
                  00002590    00000005     oled.o (.rodata.oled_get_glyph.seven)
                  00002595    00000005     oled.o (.rodata.oled_get_glyph.six)
                  0000259a    00000005     oled.o (.rodata.oled_get_glyph.space)
                  0000259f    00000005     oled.o (.rodata.oled_get_glyph.three)
                  000025a4    00000005     oled.o (.rodata.oled_get_glyph.two)
                  000025a9    00000005     oled.o (.rodata.oled_get_glyph.zero)
                  000025ae    00000005     oled_ui.o (.rodata.str1.10416366799939242409.1)
                  000025b3    00000005     oled_ui.o (.rodata.str1.11232419324784801130.1)
                  000025b8    00000005     menu.o (.rodata.str1.12110183915172842339.1)
                  000025bd    00000005     oled_ui.o (.rodata.str1.17540787658903907660.1)
                  000025c2    00000005     car_controller.o (.rodata.str1.18191498530309206443.1)
                  000025c7    00000005     car_controller.o (.rodata.str1.4164979912472006574.1)
                  000025cc    00000005     oled_ui.o (.rodata.str1.4581472623415959594.1)
                  000025d1    00000005     car_state.o (.rodata.str1.8223341253983108753.1)
                  000025d6    00000005     car_state.o (.rodata.str1.8698975129455933903.1)
                  000025db    00000005     oled_ui.o (.rodata.str1.9544068167406571052.1)
                  000025e0    00000005     car_controller.o (.rodata.str1.9981487771679760427.1)
                  000025e5    00000004     oled_ui.o (.rodata.str1.1019225241002246410.1)
                  000025e9    00000004     car_controller.o (.rodata.str1.12442237994239546032.1)
                  000025ed    00000004     menu.o (.rodata.str1.13124720451672825294.1)
                  000025f1    00000004     oled_ui.o (.rodata.str1.13882251010780863896.1)
                  000025f5    00000004     car_state.o (.rodata.str1.13986535679874659196.1)
                  000025f9    00000004     oled_ui.o (.rodata.str1.14556837007311414654.1)
                  000025fd    00000004     oled_ui.o (.rodata.str1.15917848551323629232.1)
                  00002601    00000004     menu.o (.rodata.str1.16312125044762562515.1)
                  00002605    00000004     car_controller.o (.rodata.str1.17172356789460551389.1)
                  00002609    00000004     oled_ui.o (.rodata.str1.17812014771544466701.1)
                  0000260d    00000004     oled_ui.o (.rodata.str1.3025253791635144717.1)
                  00002611    00000004     car_state.o (.rodata.str1.3601627812925153765.1)
                  00002615    00000004     oled_ui.o (.rodata.str1.3702290527496711532.1)
                  00002619    00000004     oled_ui.o (.rodata.str1.4402311448527872260.1)
                  0000261d    00000004     menu.o (.rodata.str1.4862307748908978627.1)
                  00002621    00000004     menu.o (.rodata.str1.6857549598058878762.1)
                  00002625    00000004     car_controller.o (.rodata.str1.9234375891235759983.1)
                  00002629    00000004     oled_ui.o (.rodata.str1.967006512144173535.1)
                  0000262d    00000003     menu.o (.rodata.str1.14098755746347272832.1)
                  00002630    00000003     menu.o (.rodata.str1.17041139162815566052.1)
                  00002633    00000003     oled_ui.o (.rodata.str1.2308938766145545715.1)
                  00002636    00000003     oled_ui.o (.rodata.str1.5965450730569173784.1)
                  00002639    00000003     oled_ui.o (.rodata.str1.9159586779647977165.1)
                  0000263c    00000003     oled_ui.o (.rodata.str1.9854382722193312766.1)
                  0000263f    00000001     --HOLE-- [fill = 0]

.init_array 
*          0    00000000    00000000     UNINITIALIZED

.binit     0    00000000    00000000     

.bss       0    20200000    0000009a     UNINITIALIZED
                  20200000    00000032     (.common:g_appConfig)
                  20200032    0000001c     (.common:g_appRuntime)
                  2020004e    00000002     (.common:g_trackError)
                  20200050    0000001c     (.common:g_imuRuntime)
                  2020006c    00000006     key.o (.bss.g_key1)
                  20200072    00000006     key.o (.bss.g_key2)
                  20200078    00000006     key.o (.bss.g_key3)
                  2020007e    00000001     oled_ui.o (.bss.OledUi_Update_20ms.refreshDivider)
                  2020007f    00000001     empty.o (.bss.SysTick_Handler.controlMsCount)
                  20200080    00000004     encoder.o (.bss.g_motorAPulses)
                  20200084    00000004     encoder.o (.bss.g_motorBPulses)
                  20200088    00000001     empty.o (.bss.SysTick_Handler.tick100usCount)
                  20200089    00000001     empty.o (.bss.g_appUpdateDue)
                  2020008a    00000001     car_state.o (.bss.g_carState)
                  2020008b    00000001     motor.o (.bss.g_motorADutyLevel)
                  2020008c    00000001     motor.o (.bss.g_motorBDutyLevel)
                  2020008d    00000001     oled.o (.bss.g_oledColumn)
                  2020008e    00000001     menu.o (.bss.g_oledPage)
                  2020008f    00000001     menu.o (.bss.g_paramItem)
                  20200090    00000001     key.o (.bss.g_pendingEvent)
                  20200091    00000001     motor.o (.bss.g_pwmPhase)
                  20200092    00000001     (.common:g_carStateDebug)
                  20200093    00000001     (.common:g_keyEvent)
                  20200094    00000001     (.common:g_oledPageDebug)
                  20200095    00000001     (.common:g_paramItemDebug)
                  20200096    00000001     (.common:g_trackBlackCount)
                  20200097    00000001     (.common:g_trackModeDebug)
                  20200098    00000001     (.common:g_trackRaw)
                  20200099    00000001     (.common:g_trackTurnDebug)

.stack     0    20207e00    00000200     UNINITIALIZED
                  20207e00    00000004     libc.a : boot_cortex_m.c.obj (.stack)
                  20207e04    000001fc     --HOLE--

__llvm_prf_cnts 
*          0    20200000    00000000     UNINITIALIZED

__llvm_prf_bits 
*          0    20200000    00000000     UNINITIALIZED

MODULE SUMMARY

       Module                         code   ro data   rw data
       ------                         ----   -------   -------
    .\
       oled.o                         2088   355       1      
       imu.o                          1596   0         28     
       car_controller.o               812    47        28     
       oled_ui.o                      732    98        1      
       menu.o                         564    61        2      
       app_config.o                   496    0         50     
       key.o                          436    0         19     
       motor.o                        356    0         3      
       track_sensor.o                 306    0         0      
       ti_msp_dl_config.o             292    0         0      
       app.o                          212    0         10     
       startup_mspm0g350x_ticlang.o   6      192       0      
       empty.o                        188    0         3      
       encoder.o                      144    0         8      
       car_state.o                    60     54        1      
    +--+------------------------------+------+---------+---------+
       Total:                         8288   807       154    
                                                              
    C:/TI/mspm0_sdk_2_05_01_00/source/ti/driverlib/lib/ticlang/m0p/mspm0g1x0x_g3x0x/driverlib.a
       dl_common.o                    10     0         0      
    +--+------------------------------+------+---------+---------+
       Total:                         10     0         0      
                                                              
    D:\TI\CCS\ccs\tools\compiler\ti-cgt-armllvm_4.0.4.LTS\lib\armv6m-ti-none-eabi/c/libc.a
       autoinit.c.obj                 60     0         0      
       boot_cortex_m.c.obj            40     0         0      
       copy_zero_init.c.obj           22     0         0      
       exit.c.obj                     6      0         0      
       pre_init.c.obj                 4      0         0      
    +--+------------------------------+------+---------+---------+
       Total:                         132    0         0      
                                                              
    D:\TI\CCS\ccs\tools\compiler\ti-cgt-armllvm_4.0.4.LTS\lib\armv6m-ti-none-eabi/c/libsysbm.a
       hostexit.c.obj                 4      0         0      
    +--+------------------------------+------+---------+---------+
       Total:                         4      0         0      
                                                              
    D:\TI\CCS\ccs\tools\compiler\ti-cgt-armllvm_4.0.4.LTS\lib\armv6m-ti-none-eabi/libclang_rt.builtins.a
       mulsf3.S.obj                   140    0         0      
       divsf3.S.obj                   130    0         0      
       aeabi_idivmod.S.obj            86     0         0      
       floatsisf.S.obj                60     0         0      
       muldsi3.S.obj                  58     0         0      
       fixsfsi.S.obj                  56     0         0      
       aeabi_div0.c.obj               2      0         0      
    +--+------------------------------+------+---------+---------+
       Total:                         532    0         0      
                                                              
       Stack:                         0      0         512    
       Linker Generated:              0      20        0      
    +--+------------------------------+------+---------+---------+
       Grand Total:                   8966   827       666    


LINKER GENERATED COPY TABLES

__TI_cinit_table @ 0000264c records: 1, size/record: 8, table size: 8
	.bss: load addr=00002640, load size=00000008 bytes, run addr=20200000, run size=0000009a bytes, compression=zero_init


LINKER GENERATED HANDLER TABLE

__TI_handler_table @ 00002648 records: 1, size/record: 4, table size: 4
	index: 0, handler: __TI_zero_init


GLOBAL SYMBOLS: SORTED ALPHABETICALLY BY Name 

address   name                          
-------   ----                          
00001a8b  ADC0_IRQHandler               
00001a8b  ADC1_IRQHandler               
00001a8b  AES_IRQHandler                
000022d5  AppConfig_DecreaseTargetLap   
000022e9  AppConfig_IncreaseTargetLap   
00001c45  AppConfig_InitDefault         
000011fd  AppConfig_LimitAll            
000020eb  App_Init                      
0000184d  App_Update_20ms               
000023c6  C$$EXIT                       
00001a8b  CANFD0_IRQHandler             
00002345  CarController_GetRunMode      
0000214d  CarController_Init            
00002179  CarController_ResetRuntime    
00002275  CarController_RunModeToString 
00000669  CarController_Update_20ms     
00002351  CarState_Get                  
0000235d  CarState_Init                 
00002369  CarState_Set                  
0000228d  CarState_ToString             
00001a8b  DAC0_IRQHandler               
00002399  DL_Common_delayCycles         
00001a8b  DMA_IRQHandler                
00001a8b  Default_Handler               
00001b05  Encoder_HandleGpioInterrupt   
00002251  Encoder_Reset                 
00001a8b  GROUP0_IRQHandler             
000022fd  GROUP1_IRQHandler             
000023c7  HOSTexit                      
00001a8b  HardFault_Handler             
00001a8b  I2C0_IRQHandler               
00001a8b  I2C1_IRQHandler               
000023b9  Imu_GetRuntime                
00001645  Imu_Init                      
00001db5  Imu_Update                    
00002325  Key_GetEvent                  
0000211d  Key_Init                      
00001089  Key_Update_20ms               
00002375  Menu_GetPage                  
00002381  Menu_GetParamItem             
00001d05  Menu_GetParamValue            
00000ef1  Menu_HandleKeyEvent           
00002311  Menu_Init                     
000022a5  Menu_ParamItemToString        
00001fdd  Motor_Init                    
00001e5d  Motor_PwmTick100us            
000016f5  Motor_SetSpeed                
000021a5  Motor_Stop                    
00001a8b  NMI_Handler                   
00000919  OLED_Clear                    
000014a1  OLED_Init                     
00001ca5  OLED_PrintBinary7             
00001575  OLED_PrintChar                
00001365  OLED_PrintInt16               
000020b9  OLED_PrintString              
00002085  OLED_SetCursor                
0000238d  OledUi_Init                   
00000399  OledUi_Update_20ms            
00001a8b  PendSV_Handler                
00001a8b  RTC_IRQHandler                
000023cb  Reset_Handler                 
00001a8b  SPI0_IRQHandler               
00001a8b  SPI1_IRQHandler               
00001a8b  SVC_Handler                   
000017a5  SYSCFG_DL_GPIO_init           
00001ead  SYSCFG_DL_SYSCTL_init         
00002335  SYSCFG_DL_init                
000021d1  SYSCFG_DL_initPower           
00001eed  SysTick_Handler               
00001a8b  TIMA0_IRQHandler              
00001a8b  TIMA1_IRQHandler              
00001a8b  TIMG0_IRQHandler              
00001a8b  TIMG12_IRQHandler             
00001a8b  TIMG6_IRQHandler              
00001a8b  TIMG7_IRQHandler              
00001a8b  TIMG8_IRQHandler              
000021fd  TrackSensor_CountBlack        
0000204d  TrackSensor_DetectTurn        
00001bdd  TrackSensor_GetErrorFromRaw   
00001c43  TrackSensor_Init              
000023a3  TrackSensor_IsCenterDetected  
000023ad  TrackSensor_IsLineLost        
00001e09  TrackSensor_ReadRaw           
00001a8b  UART0_IRQHandler              
00001a8b  UART1_IRQHandler              
00001a8b  UART2_IRQHandler              
00001a8b  UART3_IRQHandler              
20208000  __STACK_END                   
00000200  __STACK_SIZE                  
00000000  __TI_ATRegion0_region_sz      
00000000  __TI_ATRegion0_src_addr       
00000000  __TI_ATRegion0_trg_addr       
00000000  __TI_ATRegion1_region_sz      
00000000  __TI_ATRegion1_src_addr       
00000000  __TI_ATRegion1_trg_addr       
00000000  __TI_ATRegion2_region_sz      
00000000  __TI_ATRegion2_src_addr       
00000000  __TI_ATRegion2_trg_addr       
0000264c  __TI_CINIT_Base               
00002654  __TI_CINIT_Limit              
00002654  __TI_CINIT_Warm               
00002648  __TI_Handler_Table_Base       
0000264c  __TI_Handler_Table_Limit      
00001f65  __TI_auto_init_nobinit_nopinit
ffffffff  __TI_pprof_out_hndl           
ffffffff  __TI_prof_data_size           
ffffffff  __TI_prof_data_start          
00000000  __TI_static_base__            
000022bd  __TI_zero_init_nomemset       
00002015  __aeabi_f2iz                  
00001a09  __aeabi_fdiv                  
000018f1  __aeabi_fmul                  
00001f29  __aeabi_i2f                   
00001d5d  __aeabi_idiv                  
00001d03  __aeabi_idiv0                 
00001d5d  __aeabi_idivmod               
ffffffff  __binit__                     
00001a09  __divsf3                      
00002015  __fixsfsi                     
00001f29  __floatsisf                   
UNDEFED   __mpu_init                    
00001fa1  __muldsi3                     
000018f1  __mulsf3                      
20207e00  __stack                       
20200000  __start___llvm_prf_bits       
20200000  __start___llvm_prf_cnts       
20200000  __stop___llvm_prf_bits        
20200000  __stop___llvm_prf_cnts        
00002229  _c_int00_noargs               
UNDEFED   _system_post_cinit            
000023cf  _system_pre_init              
000023c1  abort                         
ffffffff  binit                         
20200000  g_appConfig                   
20200032  g_appRuntime                  
20200092  g_carStateDebug               
20200050  g_imuRuntime                  
20200093  g_keyEvent                    
20200094  g_oledPageDebug               
20200095  g_paramItemDebug              
20200096  g_trackBlackCount             
2020004e  g_trackError                  
20200097  g_trackModeDebug              
20200098  g_trackRaw                    
20200099  g_trackTurnDebug              
00000000  interruptVectors              
00001b71  main                          


GLOBAL SYMBOLS: SORTED BY Symbol Address 

address   name                          
-------   ----                          
00000000  __TI_ATRegion0_region_sz      
00000000  __TI_ATRegion0_src_addr       
00000000  __TI_ATRegion0_trg_addr       
00000000  __TI_ATRegion1_region_sz      
00000000  __TI_ATRegion1_src_addr       
00000000  __TI_ATRegion1_trg_addr       
00000000  __TI_ATRegion2_region_sz      
00000000  __TI_ATRegion2_src_addr       
00000000  __TI_ATRegion2_trg_addr       
00000000  __TI_static_base__            
00000000  interruptVectors              
00000200  __STACK_SIZE                  
00000399  OledUi_Update_20ms            
00000669  CarController_Update_20ms     
00000919  OLED_Clear                    
00000ef1  Menu_HandleKeyEvent           
00001089  Key_Update_20ms               
000011fd  AppConfig_LimitAll            
00001365  OLED_PrintInt16               
000014a1  OLED_Init                     
00001575  OLED_PrintChar                
00001645  Imu_Init                      
000016f5  Motor_SetSpeed                
000017a5  SYSCFG_DL_GPIO_init           
0000184d  App_Update_20ms               
000018f1  __aeabi_fmul                  
000018f1  __mulsf3                      
00001a09  __aeabi_fdiv                  
00001a09  __divsf3                      
00001a8b  ADC0_IRQHandler               
00001a8b  ADC1_IRQHandler               
00001a8b  AES_IRQHandler                
00001a8b  CANFD0_IRQHandler             
00001a8b  DAC0_IRQHandler               
00001a8b  DMA_IRQHandler                
00001a8b  Default_Handler               
00001a8b  GROUP0_IRQHandler             
00001a8b  HardFault_Handler             
00001a8b  I2C0_IRQHandler               
00001a8b  I2C1_IRQHandler               
00001a8b  NMI_Handler                   
00001a8b  PendSV_Handler                
00001a8b  RTC_IRQHandler                
00001a8b  SPI0_IRQHandler               
00001a8b  SPI1_IRQHandler               
00001a8b  SVC_Handler                   
00001a8b  TIMA0_IRQHandler              
00001a8b  TIMA1_IRQHandler              
00001a8b  TIMG0_IRQHandler              
00001a8b  TIMG12_IRQHandler             
00001a8b  TIMG6_IRQHandler              
00001a8b  TIMG7_IRQHandler              
00001a8b  TIMG8_IRQHandler              
00001a8b  UART0_IRQHandler              
00001a8b  UART1_IRQHandler              
00001a8b  UART2_IRQHandler              
00001a8b  UART3_IRQHandler              
00001b05  Encoder_HandleGpioInterrupt   
00001b71  main                          
00001bdd  TrackSensor_GetErrorFromRaw   
00001c43  TrackSensor_Init              
00001c45  AppConfig_InitDefault         
00001ca5  OLED_PrintBinary7             
00001d03  __aeabi_idiv0                 
00001d05  Menu_GetParamValue            
00001d5d  __aeabi_idiv                  
00001d5d  __aeabi_idivmod               
00001db5  Imu_Update                    
00001e09  TrackSensor_ReadRaw           
00001e5d  Motor_PwmTick100us            
00001ead  SYSCFG_DL_SYSCTL_init         
00001eed  SysTick_Handler               
00001f29  __aeabi_i2f                   
00001f29  __floatsisf                   
00001f65  __TI_auto_init_nobinit_nopinit
00001fa1  __muldsi3                     
00001fdd  Motor_Init                    
00002015  __aeabi_f2iz                  
00002015  __fixsfsi                     
0000204d  TrackSensor_DetectTurn        
00002085  OLED_SetCursor                
000020b9  OLED_PrintString              
000020eb  App_Init                      
0000211d  Key_Init                      
0000214d  CarController_Init            
00002179  CarController_ResetRuntime    
000021a5  Motor_Stop                    
000021d1  SYSCFG_DL_initPower           
000021fd  TrackSensor_CountBlack        
00002229  _c_int00_noargs               
00002251  Encoder_Reset                 
00002275  CarController_RunModeToString 
0000228d  CarState_ToString             
000022a5  Menu_ParamItemToString        
000022bd  __TI_zero_init_nomemset       
000022d5  AppConfig_DecreaseTargetLap   
000022e9  AppConfig_IncreaseTargetLap   
000022fd  GROUP1_IRQHandler             
00002311  Menu_Init                     
00002325  Key_GetEvent                  
00002335  SYSCFG_DL_init                
00002345  CarController_GetRunMode      
00002351  CarState_Get                  
0000235d  CarState_Init                 
00002369  CarState_Set                  
00002375  Menu_GetPage                  
00002381  Menu_GetParamItem             
0000238d  OledUi_Init                   
00002399  DL_Common_delayCycles         
000023a3  TrackSensor_IsCenterDetected  
000023ad  TrackSensor_IsLineLost        
000023b9  Imu_GetRuntime                
000023c1  abort                         
000023c6  C$$EXIT                       
000023c7  HOSTexit                      
000023cb  Reset_Handler                 
000023cf  _system_pre_init              
00002648  __TI_Handler_Table_Base       
0000264c  __TI_CINIT_Base               
0000264c  __TI_Handler_Table_Limit      
00002654  __TI_CINIT_Limit              
00002654  __TI_CINIT_Warm               
20200000  __start___llvm_prf_bits       
20200000  __start___llvm_prf_cnts       
20200000  __stop___llvm_prf_bits        
20200000  __stop___llvm_prf_cnts        
20200000  g_appConfig                   
20200032  g_appRuntime                  
2020004e  g_trackError                  
20200050  g_imuRuntime                  
20200092  g_carStateDebug               
20200093  g_keyEvent                    
20200094  g_oledPageDebug               
20200095  g_paramItemDebug              
20200096  g_trackBlackCount             
20200097  g_trackModeDebug              
20200098  g_trackRaw                    
20200099  g_trackTurnDebug              
20207e00  __stack                       
20208000  __STACK_END                   
ffffffff  __TI_pprof_out_hndl           
ffffffff  __TI_prof_data_size           
ffffffff  __TI_prof_data_start          
ffffffff  __binit__                     
ffffffff  binit                         
UNDEFED   __mpu_init                    
UNDEFED   _system_post_cinit            

[147 symbols]
