******************************************************************************
            TI ARM Clang Linker PC v4.0.4                      
******************************************************************************
>> Linked Thu Jul 30 23:11:37 2026

OUTPUT FILE NAME:   <diansaikaishi.out>
ENTRY POINT SYMBOL: "_c_int00_noargs"  address: 00010f01


MEMORY CONFIGURATION

         name            origin    length      used     unused   attr    fill
----------------------  --------  ---------  --------  --------  ----  --------
  FLASH                 00000000   00020000  00012450  0000dbb0  R  X
  SRAM                  20200000   00008000  0000136c  00006c94  RW X
  BCR_CONFIG            41c00000   000000ff  00000000  000000ff  R   
  BSL_CONFIG            41c00100   00000080  00000000  00000080  R   


SEGMENT ALLOCATION MAP

run origin  load origin   length   init length attrs members
----------  ----------- ---------- ----------- ----- -------
00000000    00000000    00011fb0   00011fb0    r-x
  00000000    00000000    000000c0   000000c0    r-- .intvecs
  000000c0    000000c0    00011650   00011650    r-x .text
  00011710    00011710    000008a0   000008a0    r-- .rodata
00012010    00012010    00000040   00000040    r--
  00012010    00012010    00000030   00000030    r-- .cinit
  00012040    00012040    00000010   00000010    r-- .binit
0001fc00    0001fc00    00000400   00000400    r--
  0001fc00    0001fc00    00000400   00000400    r-- .TI.bound:g_balanceCalibrationReservedSector
20200000    20200000    0000110c   00000000    rw-
  20200000    20200000    0000110b   00000000    rw- .bss
  2020110b    2020110b    00000001   00000000    rw- .data
20201110    00011fb0    00000060   00000060    r-x
  20201110    00011fb0    00000060   00000060    r-x .TI.ramfunc
20207e00    20207e00    00000200   00000000    rw-
  20207e00    20207e00    00000200   00000000    rw- .stack


SECTION ALLOCATION MAP

 output                                  attributes/
section   page    origin      length       input sections
--------  ----  ----------  ----------   ----------------
.intvecs   0    00000000    000000c0     
                  00000000    000000c0     startup_mspm0g350x_ticlang.o (.intvecs)

.text      0    000000c0    00011650     
                  000000c0    000041d0     oled_ui.o (.text.OledUi_Update_20ms)
                  00004290    00001dd4     vision_tuning_console.o (.text.VisionTuningConsole_Process)
                  00006064    0000064c     app_config.o (.text.AppConfig_LimitAll)
                  000066b0    000005ac     imu.o (.text.Imu_CalibrateGyroBias)
                  00006c5c    00000524     line_controller.o (.text.LineController_Update)
                  00007180    0000049c     runtime_snapshot.o (.text.RuntimeSnapshot_Update)
                  0000761c    0000044c     motor_control.o (.text.update_wheel)
                  00007a68    00000424     wheel_speed_estimator.o (.text.WheelSpeedEstimator_Update)
                  00007e8c    000003e0     imu.o (.text.Imu_Update)
                  0000826c    000003b0     vision_receiver.o (.text.VisionReceiver_Process)
                  0000861c    00000380     imu.o (.text.Imu_Init)
                  0000899c    00000370     gimbal.o (.text.gimbal_update_feedback)
                  00008d0c    00000310     vision_tuning_console.o (.text.append_scaled)
                  0000901c    000002f0     imu.o (.text.mpu6050_read_regs)
                  0000930c    000002cc     car_controller.o (.text.handle_drive_distance)
                  000095d8    000002b0     motion_action.o (.text.MotionAction_Update_20ms)
                  00009888    00000290     balance_calibration_store.o (.text.BalanceCalibrationStore_Save)
                  00009b18    0000028c     motor_control.o (.text.MotorControl_Update)
                  00009da4    00000268     car_controller.o (.text.handle_turn_to_yaw)
                  0000a00c    0000025c     menu.o (.text.Menu_HandleKeyEvent)
                  0000a268    00000250     menu.o (.text.menu_adjust_param)
                  0000a4b8    00000220     app_config.o (.text.AppConfig_InitDefault)
                  0000a6d8    00000220     motion_action.o (.text.motion_action_start_internal)
                  0000a8f8    00000204     motor.o (.text.Motor_SetSpeed)
                  0000aafc    000001f4     vision_protocol.o (.text.VisionProtocol_ParseV1TargetFrame)
                  0000acf0    000001e8     motor_control.o (.text.config_is_valid)
                  0000aed8    000001e4     mission_library.o (.text.MissionLibrary_Validate)
                  0000b0bc    000001cc     imu.o (.text.imu_i2c_write_byte)
                  0000b288    000001cc     oled_ui.o (.text.print_status_page)
                  0000b454    000001b8     oled.o (.text.oled_i2c_write_byte)
                  0000b60c    000001a0     ultrasonic.o (.text.Ultrasonic_Tick100us)
                  0000b7ac    0000019c     car_controller.o (.text.CarController_StartDriveDistanceAtYaw)
                  0000b948    00000194     gimbal_stepper.o (.text.GimbalStepper_Tick100us)
                  0000badc    00000190     car_controller.o (.text.CarController_Update_20ms)
                  0000bc6c    00000184     app.o (.text.App_Update_20ms)
                  0000bdf0    00000174     balance_soft_limits.o (.text.BalanceSoftLimits_Update20ms)
                  0000bf64    00000174     key.o (.text.Key_Update_20ms)
                  0000c0d8    00000170     oled.o (.text.OLED_FlushPage)
                  0000c248    0000016c     oled.o (.text.OLED_PrintInt16)
                  0000c3b4    00000158     vision_tuning_console.o (.text.send_parameter_reply)
                  0000c50c    00000158     vision_tuning_console.o (.text.send_yaw_parameter_reply)
                  0000c664    0000014c     balance_soft_limits.o (.text.BalanceSoftLimits_CaptureCurrentStage)
                  0000c7b0    00000140     balance_calibration_store.o (.text.BalanceCalibrationStore_Load)
                  0000c8f0    0000012c     imu.o (.text.imu_i2c_recover_bus)
                  0000ca1c    00000128     line_controller.o (.text.LineController_Reset)
                  0000cb44    00000128     mission_manager.o (.text.MissionManager_Update_20ms)
                  0000cc6c    00000124     oled.o (.text.OLED_Init)
                  0000cd90    00000124     vision_tuning_console.o (.text.send_simple_reply)
                  0000ceb4    0000011c     car_controller.o (.text.handle_drive_heading)
                  0000cfd0    00000114     car_controller.o (.text.handle_follow_line)
                  0000d0e4    0000010c     line_controller.o (.text.LineController_ResetControlState)
                  0000d1f0    00000104     driverlib.a : dl_timer.o (.text.DL_Timer_initFourCCPWMMode)
                  0000d2f4    00000104     line_controller.o (.text.LineController_Init)
                  0000d3f8    00000100     motor_control.o (.text.MotorControl_SetNormalizedTarget)
                  0000d4f8    00000100     ti_msp_dl_config.o (.text.SYSCFG_DL_GPIO_init)
                  0000d5f8    00000100     balance_soft_limits.o (.text.test_start_target)
                  0000d6f8    000000fc     mission_manager.o (.text.MissionManager_SelectNext)
                  0000d7f4    000000f4     balance_soft_limits.o (.text.BalanceSoftLimits_BeginAtCurrentAsZero)
                  0000d8e8    000000ec     heading_control.o (.text.HeadingControl_Update)
                  0000d9d4    000000ec     empty.o (.text.main)
                  0000dac0    000000e8     mission_manager.o (.text.MissionManager_SelectPrevious)
                  0000dba8    000000e8     obstacle_safety.o (.text.ObstacleSafety_Update_20ms)
                  0000dc90    000000e8     vision_protocol.o (.text.fields_are_valid)
                  0000dd78    000000e4     balance_soft_limits.o (.text.BalanceSoftLimits_StartTravelTest)
                  0000de5c    000000e0     wheel_speed_estimator.o (.text.WheelSpeedEstimator_Init)
                  0000df3c    000000d8     driverlib.a : dl_flashctl.o (.text.DL_FlashCTL_unprotectSector)
                  0000e014    000000d8     oled.o (.text.OLED_PrintUInt16)
                  0000e0ec    000000d8     libclang_rt.builtins.a : addsf3.S.obj (.text)
                  0000e1c4    000000d4     car_controller.o (.text.CarController_StartDriveDistance)
                  0000e298    000000d4     gimbal_stepper.o (.text.GimbalStepper_MoveRelativeSteps)
                  0000e36c    000000cc     balance_encoder.o (.text.BalanceEncoder_HandleGpioInterrupt)
                  0000e438    000000c8     fault.o (.text.FaultCode_ToShortString)
                  0000e500    000000c0     angle_utils.o (.text.Angle_Normalize180)
                  0000e5c0    000000bc     car_controller.o (.text.CarController_ResetRuntime)
                  0000e67c    000000bc     menu.o (.text.Menu_GetParamValue)
                  0000e738    000000b4     gimbal_stepper.o (.text.GimbalStepper_StopHold)
                  0000e7ec    000000b0     balance_soft_limits.o (.text.BalanceSoftLimits_Init)
                  0000e89c    000000b0     gimbal_stepper.o (.text.GimbalStepper_Init)
                  0000e94c    000000b0     empty.o (.text.SysTick_Handler)
                  0000e9fc    000000a4     encoder.o (.text.Encoder_HandleGpioInterrupt)
                  0000eaa0    000000a4     balance_calibration_store.o (.text.calibration_crc32)
                  0000eb44    000000a2     libclang_rt.builtins.a : udivmoddi4.S.obj (.text)
                  0000ebe6    00000002     startup_mspm0g350x_ticlang.o (.text.Default_Handler)
                  0000ebe8    000000a0     car_controller.o (.text.drive_distance_high_decel_zone_cm)
                  0000ec88    0000009c     obstacle_monitor.o (.text.ObstacleMonitor_Update_20ms)
                  0000ed24    0000009a     libc.a : memcpy16.S.obj (.text:memcpy)
                  0000edbe    00000002     obstacle_avoidance.o (.text.ObstacleAvoidance_Update_20ms)
                  0000edc0    00000098     imu.o (.text.mpu6050_write_reg)
                  0000ee58    00000094     car_controller.o (.text.CarController_StartTurnToYawRelative)
                  0000eeec    00000090     car_controller.o (.text.CarController_ResetTransientState)
                  0000ef7c    0000008c     balance_soft_limits.o (.text.BalanceSoftLimits_AbortCalibration)
                  0000f008    0000008c     ti_msp_dl_config.o (.text.SYSCFG_DL_PWM_MOTOR_init)
                  0000f094    0000008c     libclang_rt.builtins.a : mulsf3.S.obj (.text.__mulsf3)
                  0000f120    0000008c     car_controller.o (.text.heading_imu_wait_or_fail)
                  0000f1ac    00000004     libsysbm.a : hostexit.c.obj (.text.HOSTexit)
                  0000f1b0    00000088     libc.a : strcmp-armv6m.S.obj (.text:strcmp)
                  0000f238    00000084     balance_soft_limits.o (.text.BalanceSoftLimits_CancelRecalibration)
                  0000f2bc    00000084     car_controller.o (.text.CarController_SetSafetyHold)
                  0000f340    00000084     gimbal_stepper.o (.text.GimbalStepper_ConfirmZero)
                  0000f3c4    00000084     motor.o (.text.Motor_Init)
                  0000f448    00000082     libclang_rt.builtins.a : divsf3.S.obj (.text.__divsf3)
                  0000f4ca    00000002     track_sensor.o (.text.TrackSensor_Init)
                  0000f4cc    00000080     car_controller.o (.text.CarController_StartDriveHeading)
                  0000f54c    00000080     motor.o (.text.Motor_Stop)
                  0000f5cc    0000007e     app.o (.text.App_Init)
                  0000f64a    00000002     libclang_rt.builtins.a : aeabi_div0.c.obj (.text.__aeabi_idiv0)
                  0000f64c    0000007c     balance_soft_limits.o (.text.BalanceSoftLimits_Enforce100usFromIsr)
                  0000f6c8    0000007c     vision_pitch_tuning.o (.text.VisionPitchTuning_Set)
                  0000f744    0000007c     libc.a : copy_decompress_lzss.c.obj (.text:decompress:lzss)
                  0000f7c0    00000078     oled.o (.text.oled_write_command)
                  0000f838    00000074     balance_soft_limits.o (.text.BalanceSoftLimits_ArmRecalibration)
                  0000f8ac    00000074     motor_control.o (.text.latch_control_error)
                  0000f920    00000070     gimbal_stepper.o (.text.GimbalStepper_Release)
                  0000f990    00000070     ti_msp_dl_config.o (.text.SYSCFG_DL_UART_VISION_init)
                  0000fa00    00000070     vision_yaw_tuning.o (.text.VisionYawTuning_Set)
                  0000fa70    0000006e     track_sensor.o (.text.TrackSensor_DetectTurn)
                  0000fade    00000002     libclang_rt.builtins.a : aeabi_div0.c.obj (.text.__aeabi_ldiv0)
                  0000fae0    00000068     mission_manager.o (.text.MissionManager_GetSelectedMissionIndex)
                  0000fb48    00000068     car_controller.o (.text.set_output_speed)
                  0000fbb0    00000066     track_sensor.o (.text.TrackSensor_GetErrorFromRaw)
                  0000fc16    00000002     --HOLE-- [fill = 0]
                  0000fc18    00000064     mission_manager.o (.text.MissionManager_Start)
                  0000fc7c    00000062     app.o (.text.App_ResetToReady)
                  0000fcde    00000002     --HOLE-- [fill = 0]
                  0000fce0    00000062     libclang_rt.builtins.a : aeabi_fcmp.S.obj (.text.__aeabi_fcmp)
                  0000fd42    00000062     libc.a : memset16.S.obj (.text:memset)
                  0000fda4    00000060     balance_soft_limits.o (.text.BalanceSoftLimits_GetSnapshot)
                  0000fe04    00000060     vision_tuning_console.o (.text.VisionTuningConsole_Init)
                  0000fe64    00000060     libclang_rt.builtins.a : fixsfdi.S.obj (.text.__fixsfdi)
                  0000fec4    0000005c     vision_uart.o (.text.UART3_IRQHandler)
                  0000ff20    0000005c     ultrasonic.o (.text.Ultrasonic_Update_20ms)
                  0000ff7c    0000005c     car_controller.o (.text.speed_cmps_to_normalized_command)
                  0000ffd8    00000058     balance_encoder.o (.text.BalanceEncoder_Init)
                  00010030    00000058     mission_manager.o (.text.MissionManager_Init)
                  00010088    00000058     oled.o (.text.OLED_PrintChar)
                  000100e0    00000058     motion_action.o (.text.motion_action_start_imu_controller)
                  00010138    00000056     libclang_rt.builtins.a : aeabi_idivmod.S.obj (.text.__aeabi_idivmod)
                  0001018e    00000002     --HOLE-- [fill = 0]
                  00010190    00000054     car_controller.o (.text.CarController_Stop)
                  000101e4    00000054     track_sensor.o (.text.TrackSensor_ReadRaw)
                  00010238    00000054     watchdog_monitor.o (.text.WatchdogMonitor_ApplyFaultIfNeeded)
                  0001028c    00000050     ultrasonic.o (.text.Ultrasonic_Init)
                  000102dc    00000050     watchdog_monitor.o (.text.WatchdogMonitor_Tick1msFromIsr)
                  0001032c    0000004e     libclang_rt.builtins.a : floatdisf.S.obj (.text.__floatdisf)
                  0001037a    00000002     --HOLE-- [fill = 0]
                  0001037c    0000004c     motor_control.o (.text.MotorControl_Stop)
                  000103c8    0000004c     libc.a : cpy_tbl.c.obj (.text.copy_in)
                  00010414    0000004c            : autoinit.c.obj (.text:__TI_auto_init_nopinit)
                  00010460    00000048     driverlib.a : dl_uart.o (.text.DL_UART_init)
                  000104a8    00000048     mission_manager.o (.text.MissionManager_Cancel)
                  000104f0    00000048     menu.o (.text.menu_next_main_page)
                  00010538    00000044     car_controller.o (.text.CarController_StartFollowLine)
                  0001057c    00000044     emergency_stop.o (.text.EmergencyStop_Reset)
                  000105c0    00000044     encoder.o (.text.Encoder_GetAndClearPulseDeltas)
                  00010604    00000044     imu.o (.text.Imu_ResetYaw)
                  00010648    00000044     mission_manager.o (.text.MissionManager_Reset)
                  0001068c    00000044     servo.o (.text.Servo_Tick100us)
                  000106d0    00000040     balance_encoder.o (.text.BalanceEncoder_GetSnapshot)
                  00010710    00000040     car_controller.o (.text.CarController_ResumeFollowLine)
                  00010750    00000040     fault.o (.text.Fault_Raise)
                  00010790    00000040     ti_msp_dl_config.o (.text.SYSCFG_DL_SYSCTL_init)
                  000107d0    00000040     ti_msp_dl_config.o (.text.SYSCFG_DL_initPower)
                  00010810    00000040     vision_receiver.o (.text.VisionReceiver_PushByteFromIsr)
                  00010850    00000040     libclang_rt.builtins.a : aeabi_uidivmod.S.obj (.text.__aeabi_uidivmod)
                  00010890    0000003e                            : divmoddi4.c.obj (.text.__divmoddi4)
                  000108ce    00000002     --HOLE-- [fill = 0]
                  000108d0    0000003c     mission_manager.o (.text.MissionManager_Resume)
                  0001090c    0000003c     servo.o (.text.Servo_SetAngleDeg)
                  00010948    0000003c     vision_tuning_console.o (.text.VisionTuningConsole_PushByteFromIsr)
                  00010984    0000003c     libclang_rt.builtins.a : floatsisf.S.obj (.text.__floatsisf)
                  000109c0    0000003c                            : comparesf2.S.obj (.text.__gtsf2)
                  000109fc    0000003a                            : comparesf2.S.obj (.text.__eqsf2)
                  00010a36    00000002     --HOLE-- [fill = 0]
                  00010a38    0000003a                            : muldsi3.S.obj (.text.__muldsi3)
                  00010a72    00000002     --HOLE-- [fill = 0]
                  00010a74    00000038     emergency_stop.o (.text.EmergencyStop_Trigger)
                  00010aac    00000038     vision_receiver.o (.text.VisionReceiver_Init)
                  00010ae4    00000038     libclang_rt.builtins.a : fixsfsi.S.obj (.text.__fixsfsi)
                  00010b1c    00000034     imu.o (.text.Imu_IsReady)
                  00010b50    00000034     mission_library.o (.text.MissionLibrary_FindById)
                  00010b84    00000034     vision_tuning_console.o (.text.VisionTuningConsole_TryPopTxByte)
                  00010bb8    00000034     vision_uart.o (.text.VisionUart_Process)
                  00010bec    00000032     oled.o (.text.OLED_PrintString)
                  00010c1e    00000002     --HOLE-- [fill = 0]
                  00010c20    00000030     key.o (.text.Key_Init)
                  00010c50    00000030     line_controller.o (.text.LineController_ObserveSensors)
                  00010c80    00000030     vision_pitch_tuning.o (.text.VisionPitchTuning_RestoreDefault)
                  00010cb0    00000030     watchdog_monitor.o (.text.WatchdogMonitor_Init)
                  00010ce0    00000030     watchdog_monitor.o (.text.WatchdogMonitor_Reset)
                  00010d10    0000002c     encoder.o (.text.Encoder_Reset)
                  00010d3c    0000002c     mission_manager.o (.text.MissionManager_Pause)
                  00010d68    0000002c     track_sensor.o (.text.TrackSensor_CountBlack)
                  00010d94    0000002c     vision_yaw_tuning.o (.text.VisionYawTuning_RestoreDefault)
                  00010dc0    00000028     balance_soft_limits.o (.text.BalanceSoftLimits_CancelTravelTest)
                  00010de8    00000028     driverlib.a : dl_flashctl.o (.text.DL_FlashCTL_programMemoryFromRAM64WithECCGenerated)
                  00010e10    00000028     emergency_stop.o (.text.EmergencyStop_Enforce)
                  00010e38    00000028     magnet.o (.text.Magnet_ForceOff)
                  00010e60    00000028     servo.o (.text.Servo_Init)
                  00010e88    00000028     vision_pitch_tuning.o (.text.VisionPitchTuning_Init)
                  00010eb0    00000028     libclang_rt.builtins.a : floatunsisf.S.obj (.text.__floatunsisf)
                  00010ed8    00000028     libc.a : memmov.c.obj (.text.memmove)
                  00010f00    00000028            : boot_cortex_m.c.obj (.text:_c_int00_noargs)
                  00010f28    00000024     balance_encoder.o (.text.BalanceEncoder_SampleSpeed10msFromIsr)
                  00010f4c    00000024     gimbal_stepper.o (.text.GimbalStepper_GetFeedbackSnapshot)
                  00010f70    00000024     mission_manager.o (.text.MissionManager_ReportExternalFailure)
                  00010f94    00000024     motor_control.o (.text.MotorControl_Init)
                  00010fb8    00000024     motor_control.o (.text.MotorControl_Reset)
                  00010fdc    00000024     oled.o (.text.OLED_ClearBuffer)
                  00011000    00000024     ti_msp_dl_config.o (.text.SYSCFG_DL_init)
                  00011024    00000024     vision_yaw_tuning.o (.text.VisionYawTuning_Init)
                  00011048    00000024     libclang_rt.builtins.a : muldi3.S.obj (.text.__muldi3)
                  0001106c    00000020     driverlib.a : dl_timer.o (.text.DL_Timer_overrideCCPOut)
                  0001108c    00000020     debug_telemetry.o (.text.DebugTelemetry_Update)
                  000110ac    00000020     empty.o (.text.GROUP1_IRQHandler)
                  000110cc    00000020     magnet.o (.text.Magnet_Init)
                  000110ec    00000020     oled.o (.text.OLED_SetCursor)
                  0001110c    00000020     empty.o (.text.SchedulerMonitor_GetStats)
                  0001112c    00000020     mission_manager.o (.text.mission_finish_error)
                  0001114c    0000001e     libclang_rt.builtins.a : ashldi3.S.obj (.text.__ashldi3)
                  0001116a    00000002     --HOLE-- [fill = 0]
                  0001116c    0000001c     driverlib.a : dl_timer.o (.text.DL_Timer_setCaptCompUpdateMethod)
                  00011188    0000001c                 : dl_timer.o (.text.DL_Timer_setClockConfig)
                  000111a4    0000001c     heading_control.o (.text.HeadingControl_SetTargetYaw)
                  000111c0    0000001c     menu.o (.text.Menu_Init)
                  000111dc    0000001c     motion_action.o (.text.MotionAction_Cancel)
                  000111f8    0000001c     obstacle_monitor.o (.text.ObstacleMonitor_Init)
                  00011214    0000001c     obstacle_safety.o (.text.ObstacleSafety_Init)
                  00011230    0000001c     vision_pitch_tuning.o (.text.VisionPitchTuning_ParamName)
                  0001124c    0000001c     vision_yaw_tuning.o (.text.VisionYawTuning_GetSnapshot)
                  00011268    0000001c     vision_yaw_tuning.o (.text.VisionYawTuning_ParamName)
                  00011284    0000001c     watchdog_monitor.o (.text.WatchdogMonitor_NotifyControlCycleComplete)
                  000112a0    0000001c     mission_manager.o (.text.mission_finish_success)
                  000112bc    00000018     driverlib.a : dl_flashctl.o (.text.DL_FlashCTL_eraseMemoryFromRAM)
                  000112d4    00000018                 : dl_timer.o (.text.DL_Timer_setCaptureCompareOutCtl)
                  000112ec    00000018     debug_telemetry.o (.text.DebugTelemetry_Init)
                  00011304    00000018     heading_control.o (.text.HeadingControl_Init)
                  0001131c    00000018     heading_control.o (.text.HeadingControl_Reset)
                  00011334    00000018     menu.o (.text.Menu_ParamItemToString)
                  0001134c    00000018     motion_action.o (.text.MotionAction_Init)
                  00011364    00000018     obstacle_avoidance.o (.text.ObstacleAvoidance_Init)
                  0001137c    00000018     runtime_snapshot.o (.text.RuntimeSnapshot_Init)
                  00011394    00000016     libclang_rt.builtins.a : comparesf2.S.obj (.text.__unordsf2)
                  000113aa    00000002     --HOLE-- [fill = 0]
                  000113ac    00000014     fault.o (.text.Fault_Clear)
                  000113c0    00000014     fault.o (.text.Fault_Init)
                  000113d4    00000014     gimbal_stepper.o (.text.GimbalStepper_SetStepHalfPeriodTicks)
                  000113e8    00000014     heading_control.o (.text.HeadingControl_Enable)
                  000113fc    00000014     mission_library.o (.text.MissionLibrary_GetByIndex)
                  00011410    00000014     mission_manager.o (.text.MissionManager_GetSelectedMissionId)
                  00011424    00000014     vision_pitch_tuning.o (.text.VisionPitchTuning_GetSnapshot)
                  00011438    00000014     vision_uart.o (.text.VisionUart_Init)
                  0001144c    00000014     libclang_rt.builtins.a : aeabi_ldivmod.S.obj (.text.__aeabi_ldivmod)
                  00011460    00000014                            : aeabi_uldivmod.S.obj (.text.__aeabi_uldivmod)
                  00011474    00000012     driverlib.a : dl_uart.o (.text.DL_UART_setClockConfig)
                  00011486    00000012     libc.a : copy_decompress_none.c.obj (.text:decompress:none)
                  00011498    00000010     driverlib.a : dl_timer.o (.text.DL_Timer_setCaptureCompareValue)
                  000114a8    00000010     gimbal.o (.text.Gimbal_YawGetFeedback)
                  000114b8    00000010     key.o (.text.Key_GetEvent)
                  000114c8    00000010     libc.a : copy_zero_init.c.obj (.text:decompress:ZI)
                  000114d8    0000000c     balance_encoder.o (.text.BalanceEncoder_GetCountAtomic)
                  000114e4    0000000c     balance_soft_limits.o (.text.BalanceSoftLimits_IsCalibrationActive)
                  000114f0    0000000c     balance_soft_limits.o (.text.BalanceSoftLimits_IsTravelTestActive)
                  000114fc    0000000c     car_controller.o (.text.CarController_GetRunMode)
                  00011508    0000000c     car_controller.o (.text.CarController_Init)
                  00011514    0000000c     car_controller.o (.text.CarController_IsSafetyHoldActive)
                  00011520    0000000c     car_state.o (.text.CarState_Get)
                  0001152c    0000000c     car_state.o (.text.CarState_Init)
                  00011538    0000000c     car_state.o (.text.CarState_Set)
                  00011544    0000000c     emergency_stop.o (.text.EmergencyStop_Init)
                  00011550    0000000c     emergency_stop.o (.text.EmergencyStop_IsActive)
                  0001155c    0000000c     imu.o (.text.Imu_GetCorrectedGyroZDps)
                  00011568    0000000c     imu.o (.text.Imu_GetYaw)
                  00011574    0000000c     menu.o (.text.Menu_GetPage)
                  00011580    0000000c     menu.o (.text.Menu_GetParamItem)
                  0001158c    0000000c     mission_manager.o (.text.MissionManager_IsExternallyHeld)
                  00011598    0000000c     mission_manager.o (.text.MissionManager_SetExternalHold)
                  000115a4    0000000c     obstacle_avoidance.o (.text.ObstacleAvoidance_IsActive)
                  000115b0    0000000c     obstacle_avoidance.o (.text.ObstacleAvoidance_IsFailed)
                  000115bc    0000000c     obstacle_safety.o (.text.ObstacleSafety_IsHolding)
                  000115c8    0000000c     empty.o (.text.SystemTime_GetMs)
                  000115d4    0000000c     watchdog_monitor.o (.text.WatchdogMonitor_HasTripped)
                  000115e0    0000000c     libclang_rt.builtins.a : aeabi_memset.S.obj (.text.__aeabi_memclr)
                  000115ec    0000000a     driverlib.a : dl_common.o (.text.DL_Common_delayCycles)
                  000115f6    0000000a     motion_action.o (.text.MotionAction_Resume)
                  00011600    0000000a     motion_action.o (.text.MotionAction_Start)
                  0001160a    0000000a     track_sensor.o (.text.TrackSensor_IsCenterDetected)
                  00011614    0000000a     track_sensor.o (.text.TrackSensor_IsLineDetected)
                  0001161e    0000000a     track_sensor.o (.text.TrackSensor_IsLineLost)
                  00011628    00000008     bluetooth_uart.o (.text.BluetoothUart_GetRuntime)
                  00011630    00000008     car_controller.o (.text.CarController_GetFeedback)
                  00011638    00000008     fault.o (.text.Fault_GetRecord)
                  00011640    00000008     gimbal_stepper.o (.text.GimbalStepper_GetFeedback)
                  00011648    00000008     heading_control.o (.text.HeadingControl_GetRuntime)
                  00011650    00000008     imu.o (.text.Imu_GetRuntime)
                  00011658    00000008     line_controller.o (.text.LineController_GetRuntime)
                  00011660    00000008     mission_manager.o (.text.MissionManager_GetMissionCount)
                  00011668    00000008     mission_manager.o (.text.MissionManager_GetRuntime)
                  00011670    00000008     motion_action.o (.text.MotionAction_GetRuntime)
                  00011678    00000008     motor_control.o (.text.MotorControl_GetRuntime)
                  00011680    00000008     obstacle_avoidance.o (.text.ObstacleAvoidance_GetFeedback)
                  00011688    00000008     obstacle_monitor.o (.text.ObstacleMonitor_GetFeedback)
                  00011690    00000008     oled_ui.o (.text.OledUi_Init)
                  00011698    00000008     runtime_snapshot.o (.text.RuntimeSnapshot_Get)
                  000116a0    00000008     servo.o (.text.Servo_GetFeedback)
                  000116a8    00000008     ultrasonic.o (.text.Ultrasonic_GetFeedback)
                  000116b0    00000008     vision_receiver.o (.text.VisionReceiver_GetStatus)
                  000116b8    00000008     vision_tuning_console.o (.text.VisionTuningConsole_GetStatus)
                  000116c0    00000008     watchdog_monitor.o (.text.WatchdogMonitor_GetStatus)
                  000116c8    00000008     wheel_speed_estimator.o (.text.WheelSpeedEstimator_GetRuntime)
                  000116d0    00000008     libclang_rt.builtins.a : aeabi_memcpy.S.obj (.text.__aeabi_memcpy)
                  000116d8    00000008                            : aeabi_memmove.S.obj (.text.__aeabi_memmove)
                  000116e0    00000006     libc.a : exit.c.obj (.text:abort)
                  000116e6    00000004     mission_library.o (.text.MissionLibrary_GetCount)
                  000116ea    00000004     obstacle_avoidance.o (.text.ObstacleAvoidance_IsResumeGraceActive)
                  000116ee    00000004     startup_mspm0g350x_ticlang.o (.text.Reset_Handler)
                  000116f2    00000004     libc.a : pre_init.c.obj (.text._system_pre_init)
                  000116f6    00000002     --HOLE-- [fill = 0]
                  000116f8    00000010     driverlib.a : dl_flashctl.o (.tramp.DL_FlashCTL_executeCommandFromRAM.1)
                  00011708    00000008     --HOLE-- [fill = 0]

.TI.ramfunc 
*          0    00011fb0    00000060     RUN ADDR = 20201110
                  00011fb0    00000060     driverlib.a : dl_flashctl.o (.TI.ramfunc)

.cinit     0    00012010    00000030     
                  00012010    0000000c     (__TI_handler_table)
                  0001201c    00000008     (.cinit..bss.load) [load image, compression = zero_init]
                  00012024    00000005     (.cinit..data.load) [load image, compression = lzss]
                  00012029    00000003     --HOLE-- [fill = 0]
                  0001202c    00000010     (__TI_cinit_table)
                  0001203c    00000004     --HOLE-- [fill = 0]

.rodata    0    00011710    000008a0     
                  00011710    000000d8     oled.o (.rodata..Lswitch.table.OLED_PrintChar)
                  000117e8    00000048     mission_library.o (.rodata.g_missionCompetitionMain)
                  00011830    00000048     mission_library.o (.rodata.g_missionTestDistance20)
                  00011878    00000048     mission_library.o (.rodata.g_missionTestLine)
                  000118c0    00000048     mission_library.o (.rodata.g_missionTestTurn)
                  00011908    00000040     mission_library.o (.rodata.g_missionRegistry)
                  00011948    0000002c     oled_ui.o (.rodata..Lswitch.table.print_status_page)
                  00011974    00000020     menu.o (.rodata..Lswitch.table.Menu_ParamItemToString)
                  00011994    0000001c     oled_ui.o (.rodata..Lswitch.table.OledUi_Update_20ms.152)
                  000119b0    0000001c     vision_tuning_console.o (.rodata.str1.1836208005852235077.1)
                  000119cc    00000018     oled_ui.o (.rodata..Lswitch.table.OledUi_Update_20ms.158)
                  000119e4    00000018     vision_pitch_tuning.o (.rodata..Lswitch.table.VisionPitchTuning_ParamName)
                  000119fc    00000018     oled_ui.o (.rodata..Lswitch.table.print_status_page.159)
                  00011a14    00000014     oled_ui.o (.rodata..Lswitch.table.OledUi_Update_20ms.156)
                  00011a28    00000014     vision_yaw_tuning.o (.rodata..Lswitch.table.VisionYawTuning_ParamName)
                  00011a3c    00000014     oled_ui.o (.rodata..Lswitch.table.print_status_page.160)
                  00011a50    00000013     oled_ui.o (.rodata.str1.14774750633985060196.1)
                  00011a63    00000012     oled_ui.o (.rodata.str1.2193316011307952170.1)
                  00011a75    00000011     oled_ui.o (.rodata.str1.14521350379984854626.1)
                  00011a86    00000011     oled_ui.o (.rodata.str1.17763087492223448992.1)
                  00011a97    00000011     oled_ui.o (.rodata.str1.2656948373757303877.1)
                  00011aa8    00000011     oled_ui.o (.rodata.str1.9584387800903135389.1)
                  00011ab9    00000010     balance_encoder.o (.rodata.cst16)
                  00011ac9    00000010     oled_ui.o (.rodata.str1.12697925274637991987.1)
                  00011ad9    0000000e     oled_ui.o (.rodata.str1.10416366799939242409.1)
                  00011ae7    0000000e     oled_ui.o (.rodata.str1.10430294223631918979.1)
                  00011af5    0000000e     oled_ui.o (.rodata.str1.14711868471336838103.1)
                  00011b03    00000001     --HOLE-- [fill = 0]
                  00011b04    0000000c     oled_ui.o (.rodata..Lswitch.table.OledUi_Update_20ms.153)
                  00011b10    0000000c     oled_ui.o (.rodata..Lswitch.table.OledUi_Update_20ms.157)
                  00011b1c    0000000c     oled_ui.o (.rodata..Lswitch.table.OledUi_Update_20ms)
                  00011b28    0000000c     oled_ui.o (.rodata.str1.16290499236105125126.1)
                  00011b34    0000000b     oled_ui.o (.rodata.str1.13882251010780863896.1)
                  00011b3f    00000001     --HOLE-- [fill = 0]
                  00011b40    0000000a     ti_msp_dl_config.o (.rodata.gUART_VISIONConfig)
                  00011b4a    0000000a     oled_ui.o (.rodata.str1.12595606217184830646.1)
                  00011b54    0000000a     mission_library.o (.rodata.str1.13636476544574750902.1)
                  00011b5e    0000000a     mission_library.o (.rodata.str1.15668266851434757964.1)
                  00011b68    0000000a     oled_ui.o (.rodata.str1.17540787658903907660.1)
                  00011b72    0000000a     mission_library.o (.rodata.str1.199678142196697465.1)
                  00011b7c    0000000a     vision_tuning_console.o (.rodata.str1.4859846923128959820.1)
                  00011b86    0000000a     vision_tuning_console.o (.rodata.str1.7225688704195888286.1)
                  00011b90    00000009     oled_ui.o (.rodata.str1.15917848551323629232.1)
                  00011b99    00000009     oled_ui.o (.rodata.str1.5965888106848176421.1)
                  00011ba2    00000002     ti_msp_dl_config.o (.rodata.gUART_VISIONClockConfig)
                  00011ba4    00000008     ti_msp_dl_config.o (.rodata.gPWM_MOTORConfig)
                  00011bac    00000008     oled_ui.o (.rodata.str1.10263419832828250601.1)
                  00011bb4    00000008     vision_tuning_console.o (.rodata.str1.11718269490974306969.1)
                  00011bbc    00000008     oled_ui.o (.rodata.str1.130772507669342127.1)
                  00011bc4    00000008     oled_ui.o (.rodata.str1.17464849429964608858.1)
                  00011bcc    00000008     oled_ui.o (.rodata.str1.17717236995185551183.1)
                  00011bd4    00000008     vision_tuning_console.o (.rodata.str1.3293472937029561918.1)
                  00011bdc    00000008     oled_ui.o (.rodata.str1.9646571805098343045.1)
                  00011be4    00000007     vision_tuning_console.o (.rodata.str1.10860306953068020798.1)
                  00011beb    00000007     mission_library.o (.rodata.str1.1440970855772709381.1)
                  00011bf2    00000007     oled_ui.o (.rodata.str1.16635595130967924751.1)
                  00011bf9    00000007     oled_ui.o (.rodata.str1.2603845803395459882.1)
                  00011c00    00000007     oled_ui.o (.rodata.str1.4610220316623841660.1)
                  00011c07    00000006     oled_ui.o (.rodata.str1.1019225241002246410.1)
                  00011c0d    00000006     vision_tuning_console.o (.rodata.str1.10319329813075420582.1)
                  00011c13    00000006     oled_ui.o (.rodata.str1.11232419324784801130.1)
                  00011c19    00000006     oled_ui.o (.rodata.str1.12888220461447056082.1)
                  00011c1f    00000006     oled_ui.o (.rodata.str1.1445687256832830955.1)
                  00011c25    00000006     oled_ui.o (.rodata.str1.15817398807211891688.1)
                  00011c2b    00000006     oled_ui.o (.rodata.str1.16411631209783952401.1)
                  00011c31    00000006     oled_ui.o (.rodata.str1.1974573040514735405.1)
                  00011c37    00000006     oled_ui.o (.rodata.str1.2983744876309220570.1)
                  00011c3d    00000006     vision_tuning_console.o (.rodata.str1.4028100529439820245.1)
                  00011c43    00000006     oled_ui.o (.rodata.str1.5689016102676777062.1)
                  00011c49    00000006     oled_ui.o (.rodata.str1.58703915094955230.1)
                  00011c4f    00000006     oled_ui.o (.rodata.str1.7481335054564682966.1)
                  00011c55    00000006     oled_ui.o (.rodata.str1.8783421139296713095.1)
                  00011c5b    00000006     oled_ui.o (.rodata.str1.9229350655415085.1)
                  00011c61    00000006     oled_ui.o (.rodata.str1.9544068167406571052.1)
                  00011c67    00000005     motion_action.o (.rodata..Lswitch.table.MotionAction_Update_20ms)
                  00011c6c    00000005     oled.o (.rodata.oled_get_glyph.colon)
                  00011c71    00000005     oled.o (.rodata.oled_get_glyph.eight)
                  00011c76    00000005     oled.o (.rodata.oled_get_glyph.five)
                  00011c7b    00000005     oled.o (.rodata.oled_get_glyph.four)
                  00011c80    00000005     oled.o (.rodata.oled_get_glyph.glyphA)
                  00011c85    00000005     oled.o (.rodata.oled_get_glyph.glyphB)
                  00011c8a    00000005     oled.o (.rodata.oled_get_glyph.glyphC)
                  00011c8f    00000005     oled.o (.rodata.oled_get_glyph.glyphD)
                  00011c94    00000005     oled.o (.rodata.oled_get_glyph.glyphE)
                  00011c99    00000005     oled.o (.rodata.oled_get_glyph.glyphF)
                  00011c9e    00000005     oled.o (.rodata.oled_get_glyph.glyphG)
                  00011ca3    00000005     oled.o (.rodata.oled_get_glyph.glyphH)
                  00011ca8    00000005     oled.o (.rodata.oled_get_glyph.glyphI)
                  00011cad    00000005     oled.o (.rodata.oled_get_glyph.glyphK)
                  00011cb2    00000005     oled.o (.rodata.oled_get_glyph.glyphL)
                  00011cb7    00000005     oled.o (.rodata.oled_get_glyph.glyphM)
                  00011cbc    00000005     oled.o (.rodata.oled_get_glyph.glyphN)
                  00011cc1    00000005     oled.o (.rodata.oled_get_glyph.glyphO)
                  00011cc6    00000005     oled.o (.rodata.oled_get_glyph.glyphP)
                  00011ccb    00000005     oled.o (.rodata.oled_get_glyph.glyphR)
                  00011cd0    00000005     oled.o (.rodata.oled_get_glyph.glyphS)
                  00011cd5    00000005     oled.o (.rodata.oled_get_glyph.glyphT)
                  00011cda    00000005     oled.o (.rodata.oled_get_glyph.glyphU)
                  00011cdf    00000005     oled.o (.rodata.oled_get_glyph.glyphV)
                  00011ce4    00000005     oled.o (.rodata.oled_get_glyph.glyphW)
                  00011ce9    00000005     oled.o (.rodata.oled_get_glyph.glyphX)
                  00011cee    00000005     oled.o (.rodata.oled_get_glyph.glyphY)
                  00011cf3    00000005     oled.o (.rodata.oled_get_glyph.glyphb)
                  00011cf8    00000005     oled.o (.rodata.oled_get_glyph.gt)
                  00011cfd    00000005     oled.o (.rodata.oled_get_glyph.minus)
                  00011d02    00000005     oled.o (.rodata.oled_get_glyph.nine)
                  00011d07    00000005     oled.o (.rodata.oled_get_glyph.one)
                  00011d0c    00000005     oled.o (.rodata.oled_get_glyph.seven)
                  00011d11    00000005     oled.o (.rodata.oled_get_glyph.six)
                  00011d16    00000005     oled.o (.rodata.oled_get_glyph.space)
                  00011d1b    00000005     oled.o (.rodata.oled_get_glyph.three)
                  00011d20    00000005     oled.o (.rodata.oled_get_glyph.two)
                  00011d25    00000005     oled.o (.rodata.oled_get_glyph.zero)
                  00011d2a    00000005     oled_ui.o (.rodata.str1.10077435089618835710.1)
                  00011d2f    00000005     oled_ui.o (.rodata.str1.10907125332684471422.1)
                  00011d34    00000005     oled_ui.o (.rodata.str1.11794000050372113979.1)
                  00011d39    00000005     oled_ui.o (.rodata.str1.12043213579996415112.1)
                  00011d3e    00000005     oled_ui.o (.rodata.str1.12182588061437138428.1)
                  00011d43    00000005     oled_ui.o (.rodata.str1.12359577037488465078.1)
                  00011d48    00000005     oled_ui.o (.rodata.str1.12493748764729730277.1)
                  00011d4d    00000005     oled_ui.o (.rodata.str1.12617122458660443890.1)
                  00011d52    00000005     oled_ui.o (.rodata.str1.13750180467131823662.1)
                  00011d57    00000005     vision_pitch_tuning.o (.rodata.str1.13915893147848268398.1)
                  00011d5c    00000005     oled_ui.o (.rodata.str1.14265077442249237877.1)
                  00011d61    00000005     fault.o (.rodata.str1.14435905801345341244.1)
                  00011d66    00000005     fault.o (.rodata.str1.1506612114648992996.1)
                  00011d6b    00000005     oled_ui.o (.rodata.str1.15575624326185233262.1)
                  00011d70    00000005     oled_ui.o (.rodata.str1.15577080202403550426.1)
                  00011d75    00000005     oled_ui.o (.rodata.str1.15613891207764622616.1)
                  00011d7a    00000005     oled_ui.o (.rodata.str1.15802367878353263018.1)
                  00011d7f    00000005     oled_ui.o (.rodata.str1.15829239520183577662.1)
                  00011d84    00000005     oled_ui.o (.rodata.str1.16526439943277383452.1)
                  00011d89    00000005     oled_ui.o (.rodata.str1.16939060351352778619.1)
                  00011d8e    00000005     fault.o (.rodata.str1.17097894860660336008.1)
                  00011d93    00000005     fault.o (.rodata.str1.17155043670132108083.1)
                  00011d98    00000005     vision_tuning_console.o (.rodata.str1.17265544270347038021.1)
                  00011d9d    00000005     oled_ui.o (.rodata.str1.17436941090773226089.1)
                  00011da2    00000005     oled_ui.o (.rodata.str1.17763996158807330232.1)
                  00011da7    00000005     oled_ui.o (.rodata.str1.17884296644359297425.1)
                  00011dac    00000005     oled_ui.o (.rodata.str1.182352409660151230.1)
                  00011db1    00000005     fault.o (.rodata.str1.2104670281202025270.1)
                  00011db6    00000005     oled_ui.o (.rodata.str1.2308938766145545715.1)
                  00011dbb    00000005     oled_ui.o (.rodata.str1.2522137003438374266.1)
                  00011dc0    00000005     oled_ui.o (.rodata.str1.2608729314174233125.1)
                  00011dc5    00000005     oled_ui.o (.rodata.str1.270145429241168923.1)
                  00011dca    00000005     oled_ui.o (.rodata.str1.2742282290834473644.1)
                  00011dcf    00000005     oled_ui.o (.rodata.str1.3455423528827705371.1)
                  00011dd4    00000005     oled_ui.o (.rodata.str1.4193589846040060630.1)
                  00011dd9    00000005     fault.o (.rodata.str1.4453281041433270631.1)
                  00011dde    00000005     fault.o (.rodata.str1.4549004730087743662.1)
                  00011de3    00000005     oled_ui.o (.rodata.str1.4581472623415959594.1)
                  00011de8    00000005     oled_ui.o (.rodata.str1.4582914374586912483.1)
                  00011ded    00000005     oled_ui.o (.rodata.str1.4691821198597473371.1)
                  00011df2    00000005     oled_ui.o (.rodata.str1.4723632947289500520.1)
                  00011df7    00000005     menu.o (.rodata.str1.4862307748908978627.1)
                  00011dfc    00000005     oled_ui.o (.rodata.str1.4932371652560868037.1)
                  00011e01    00000005     oled_ui.o (.rodata.str1.5376340479846291137.1)
                  00011e06    00000005     oled_ui.o (.rodata.str1.5965450730569173784.1)
                  00011e0b    00000005     fault.o (.rodata.str1.6372787129294360447.1)
                  00011e10    00000005     fault.o (.rodata.str1.6437946768974223044.1)
                  00011e15    00000005     oled_ui.o (.rodata.str1.6473435968988645044.1)
                  00011e1a    00000005     oled_ui.o (.rodata.str1.6806727740681590176.1)
                  00011e1f    00000005     oled_ui.o (.rodata.str1.6835749436006845616.1)
                  00011e24    00000005     oled_ui.o (.rodata.str1.6954814719705590448.1)
                  00011e29    00000005     vision_yaw_tuning.o (.rodata.str1.7764041101441114269.1)
                  00011e2e    00000005     oled_ui.o (.rodata.str1.7774807581888385879.1)
                  00011e33    00000005     fault.o (.rodata.str1.8185770893384132067.1)
                  00011e38    00000005     oled_ui.o (.rodata.str1.8426569189266129334.1)
                  00011e3d    00000005     oled_ui.o (.rodata.str1.8471462185882660445.1)
                  00011e42    00000005     oled_ui.o (.rodata.str1.8693388333057100694.1)
                  00011e47    00000005     oled_ui.o (.rodata.str1.9611283282870761829.1)
                  00011e4c    00000004     oled_ui.o (.rodata.str1.10568433575767188072.1)
                  00011e50    00000004     oled_ui.o (.rodata.str1.11149198520117834688.1)
                  00011e54    00000004     oled_ui.o (.rodata.str1.11428648044669318875.1)
                  00011e58    00000004     oled_ui.o (.rodata.str1.1276391367487699528.1)
                  00011e5c    00000004     oled_ui.o (.rodata.str1.12928245060369742404.1)
                  00011e60    00000004     oled_ui.o (.rodata.str1.13244290092665904221.1)
                  00011e64    00000004     oled_ui.o (.rodata.str1.13567883086814673087.1)
                  00011e68    00000004     fault.o (.rodata.str1.13582094816268305212.1)
                  00011e6c    00000004     oled_ui.o (.rodata.str1.13790669171379415506.1)
                  00011e70    00000004     oled_ui.o (.rodata.str1.13871579367539052597.1)
                  00011e74    00000004     oled_ui.o (.rodata.str1.13875148296791986931.1)
                  00011e78    00000004     vision_tuning_console.o (.rodata.str1.14084955404328172175.1)
                  00011e7c    00000004     oled_ui.o (.rodata.str1.14556837007311414654.1)
                  00011e80    00000004     oled_ui.o (.rodata.str1.14740362735394205067.1)
                  00011e84    00000004     oled_ui.o (.rodata.str1.15008238333949226094.1)
                  00011e88    00000004     oled_ui.o (.rodata.str1.15132332204781002199.1)
                  00011e8c    00000004     menu.o (.rodata.str1.16312125044762562515.1)
                  00011e90    00000004     fault.o (.rodata.str1.16482347271627360806.1)
                  00011e94    00000004     oled_ui.o (.rodata.str1.16554583589798097927.1)
                  00011e98    00000004     vision_pitch_tuning.o (.rodata.str1.16579632732967443104.1)
                  00011e9c    00000004     oled_ui.o (.rodata.str1.16849766574302683489.1)
                  00011ea0    00000004     oled_ui.o (.rodata.str1.16895433903389883335.1)
                  00011ea4    00000004     oled_ui.o (.rodata.str1.16931641404301806744.1)
                  00011ea8    00000004     menu.o (.rodata.str1.17041139162815566052.1)
                  00011eac    00000004     oled_ui.o (.rodata.str1.17242430504649735449.1)
                  00011eb0    00000004     oled_ui.o (.rodata.str1.17274519358952562110.1)
                  00011eb4    00000004     oled_ui.o (.rodata.str1.18266126048138325213.1)
                  00011eb8    00000004     oled_ui.o (.rodata.str1.18379317056176403938.1)
                  00011ebc    00000004     oled_ui.o (.rodata.str1.240075016795266086.1)
                  00011ec0    00000004     oled_ui.o (.rodata.str1.3407221357956504873.1)
                  00011ec4    00000004     oled_ui.o (.rodata.str1.3467953211977455017.1)
                  00011ec8    00000004     oled_ui.o (.rodata.str1.3702290527496711532.1)
                  00011ecc    00000004     oled_ui.o (.rodata.str1.4082595774073207366.1)
                  00011ed0    00000004     oled_ui.o (.rodata.str1.4581686099848791648.1)
                  00011ed4    00000004     menu.o (.rodata.str1.4646809750356241979.1)
                  00011ed8    00000004     oled_ui.o (.rodata.str1.5463568455719735.1)
                  00011edc    00000004     oled_ui.o (.rodata.str1.5853739094453432564.1)
                  00011ee0    00000004     oled_ui.o (.rodata.str1.7050595558965647569.1)
                  00011ee4    00000004     oled_ui.o (.rodata.str1.7185587941321649510.1)
                  00011ee8    00000004     oled_ui.o (.rodata.str1.7219546930854689545.1)
                  00011eec    00000004     fault.o (.rodata.str1.7255546073596598018.1)
                  00011ef0    00000004     oled_ui.o (.rodata.str1.7419768602719733415.1)
                  00011ef4    00000004     oled_ui.o (.rodata.str1.8236579331345056500.1)
                  00011ef8    00000004     oled_ui.o (.rodata.str1.8399051469953744892.1)
                  00011efc    00000004     oled_ui.o (.rodata.str1.8403269972884532600.1)
                  00011f00    00000004     oled_ui.o (.rodata.str1.8449035241871861290.1)
                  00011f04    00000004     oled_ui.o (.rodata.str1.8460525935980491721.1)
                  00011f08    00000004     oled_ui.o (.rodata.str1.8709745090823444516.1)
                  00011f0c    00000004     oled_ui.o (.rodata.str1.9102528229756940648.1)
                  00011f10    00000004     oled_ui.o (.rodata.str1.9159586779647977165.1)
                  00011f14    00000004     oled_ui.o (.rodata.str1.9250665025187963892.1)
                  00011f18    00000004     vision_tuning_console.o (.rodata.str1.9292707793305368794.1)
                  00011f1c    00000004     oled_ui.o (.rodata.str1.9295666102996717355.1)
                  00011f20    00000004     oled_ui.o (.rodata.str1.9351772214919528733.1)
                  00011f24    00000004     vision_yaw_tuning.o (.rodata.str1.9489746196023004463.1)
                  00011f28    00000004     menu.o (.rodata.str1.9546740394641817443.1)
                  00011f2c    00000004     oled_ui.o (.rodata.str1.967006512144173535.1)
                  00011f30    00000004     oled_ui.o (.rodata.str1.9822857334037886482.1)
                  00011f34    00000004     oled_ui.o (.rodata.str1.9854382722193312766.1)
                  00011f38    00000004     oled_ui.o (.rodata.str1.9992244628984851027.1)
                  00011f3c    00000003     ti_msp_dl_config.o (.rodata.gPWM_MOTORClockConfig)
                  00011f3f    00000003     oled_ui.o (.rodata.str1.10509309789429088155.1)
                  00011f42    00000003     vision_pitch_tuning.o (.rodata.str1.10553819018306626402.1)
                  00011f45    00000003     oled_ui.o (.rodata.str1.1108652269057166745.1)
                  00011f48    00000003     oled_ui.o (.rodata.str1.11178346780556493352.1)
                  00011f4b    00000003     menu.o (.rodata.str1.12110183915172842339.1)
                  00011f4e    00000003     vision_tuning_console.o (.rodata.str1.12197883643583142124.1)
                  00011f51    00000003     oled_ui.o (.rodata.str1.12571791089077708471.1)
                  00011f54    00000003     oled_ui.o (.rodata.str1.12983537867572525563.1)
                  00011f57    00000003     menu.o (.rodata.str1.13124720451672825294.1)
                  00011f5a    00000003     menu.o (.rodata.str1.14098755746347272832.1)
                  00011f5d    00000003     oled_ui.o (.rodata.str1.14134189893851348960.1)
                  00011f60    00000003     oled_ui.o (.rodata.str1.14358698208395374265.1)
                  00011f63    00000003     vision_pitch_tuning.o (.rodata.str1.15082469624955958926.1)
                  00011f66    00000003     vision_yaw_tuning.o (.rodata.str1.15455206247194842411.1)
                  00011f69    00000003     oled_ui.o (.rodata.str1.15859922799842739878.1)
                  00011f6c    00000003     oled_ui.o (.rodata.str1.15935041339501476673.1)
                  00011f6f    00000003     vision_tuning_console.o (.rodata.str1.16336339630363933256.1)
                  00011f72    00000003     oled_ui.o (.rodata.str1.16496169091617228061.1)
                  00011f75    00000003     vision_pitch_tuning.o (.rodata.str1.17185918124541117546.1)
                  00011f78    00000003     oled_ui.o (.rodata.str1.17812014771544466701.1)
                  00011f7b    00000003     vision_pitch_tuning.o (.rodata.str1.18308346119964257230.1)
                  00011f7e    00000003     vision_pitch_tuning.o (.rodata.str1.2353024170771920291.1)
                  00011f81    00000003     oled_ui.o (.rodata.str1.35417727660486075.1)
                  00011f84    00000003     vision_yaw_tuning.o (.rodata.str1.4032468970572441659.1)
                  00011f87    00000003     oled_ui.o (.rodata.str1.4402311448527872260.1)
                  00011f8a    00000003     oled_ui.o (.rodata.str1.5004483696121082904.1)
                  00011f8d    00000003     oled_ui.o (.rodata.str1.5291836437463020264.1)
                  00011f90    00000003     vision_yaw_tuning.o (.rodata.str1.6393086909333857079.1)
                  00011f93    00000003     vision_yaw_tuning.o (.rodata.str1.6657421771701333087.1)
                  00011f96    00000003     menu.o (.rodata.str1.6857549598058878762.1)
                  00011f99    00000003     oled_ui.o (.rodata.str1.8018480777946742726.1)
                  00011f9c    00000003     oled_ui.o (.rodata.str1.8124536758062367015.1)
                  00011f9f    00000003     fault.o (.rodata.str1.8193046109637024842.1)
                  00011fa2    00000003     oled_ui.o (.rodata.str1.8950259614286592359.1)
                  00011fa5    00000003     oled_ui.o (.rodata.str1.9554470707595806150.1)
                  00011fa8    00000002     oled_ui.o (.rodata.str1.3025253791635144717.1)
                  00011faa    00000006     --HOLE-- [fill = 0]

.init_array 
*          0    00000000    00000000     UNINITIALIZED

.binit     0    00012040    00000010     
                  00012040    00000010     (.binit)

.TI.bound:g_balanceCalibrationReservedSector 
*          0    0001fc00    00000400     
                  0001fc00    00000400     balance_calibration_store.o (.TI.bound:g_balanceCalibrationReservedSector)

.bss       0    20200000    0000110b     UNINITIALIZED
                  20200000    00000400     oled.o (.bss.g_oledFrame)
                  20200400    00000200     vision_receiver.o (.bss.g_ring)
                  20200600    000001d0     runtime_snapshot.o (.bss.g_snapshot)
                  202007d0    00000110     (.common:g_appConfig)
                  202008e0    00000100     vision_tuning_console.o (.bss.g_rxRing)
                  202009e0    00000100     vision_tuning_console.o (.bss.g_txRing)
                  20200ae0    00000084     (.common:g_imuRuntime)
                  20200b64    0000007c     motor_control.o (.bss.g_runtime)
                  20200be0    00000070     (.common:g_appRuntime)
                  20200c50    00000058     vision_receiver.o (.bss.g_status)
                  20200ca8    00000058     (.common:g_wheelSpeedEstimatorRuntime)
                  20200d00    00000040     gimbal.o (.bss.g_feedback)
                  20200d40    00000040     vision_tuning_console.o (.bss.g_line)
                  20200d80    00000040     line_controller.o (.bss.g_lineRuntime)
                  20200dc0    00000040     balance_soft_limits.o (.bss.g_runtime)
                  20200e00    00000030     (.common:gUART_VISIONBackup)
                  20200e30    0000002c     vision_receiver.o (.bss.g_observation)
                  20200e5c    0000002c     empty.o (.bss.g_schedulerStats)
                  20200e88    00000028     vision_receiver.o (.bss.g_frame)
                  20200eb0    00000020     bluetooth_uart.o (.bss.g_runtime)
                  20200ed0    0000001c     mission_manager.o (.bss.g_missionRuntime)
                  20200eec    0000001c     balance_encoder.o (.bss.g_runtime)
                  20200f08    0000001c     (.common:g_headingRuntime)
                  20200f24    00000018     obstacle_avoidance.o (.bss.g_avoidFeedback)
                  20200f3c    00000004     imu.o (.bss.g_elapsedSinceValidSampleMs)
                  20200f40    00000018     gimbal_stepper.o (.bss.g_feedback)
                  20200f58    00000018     vision_pitch_tuning.o (.bss.g_status)
                  20200f70    00000018     vision_tuning_console.o (.bss.g_status)
                  20200f88    00000014     motion_action.o (.bss.g_motionActionRuntime)
                  20200f9c    00000004     debug_telemetry.o (.bss.g_lastFrameMs)
                  20200fa0    00000014     vision_yaw_tuning.o (.bss.g_status)
                  20200fb4    00000014     watchdog_monitor.o (.bss.g_status)
                  20200fc8    00000010     fault.o (.bss.g_faultRecord)
                  20200fd8    00000010     motor.o (.bss.g_motorRuntime)
                  20200fe8    0000000e     car_controller.o (.bss.g_carControllerFeedback)
                  20200ff6    00000002     ultrasonic.o (.bss.g_echoTicks)
                  20200ff8    0000000e     ultrasonic.o (.bss.g_ultrasonicFeedback)
                  20201006    00000002     vision_receiver.o (.bss.g_ringHead)
                  20201008    0000000c     magnet.o (.bss.g_runtime)
                  20201014    0000000c     debug_telemetry.o (.bss.g_status)
                  20201020    0000000c     balance_soft_limits.o (.bss.g_storedLimits)
                  2020102c    00000008     obstacle_monitor.o (.bss.g_obstacleFeedback)
                  20201034    00000004     balance_calibration_store.o (.bss.g_lastSequence)
                  20201038    00000008     gimbal_stepper.o (.bss.g_stepperEstimatedSteps)
                  20201040    00000008     gimbal_stepper.o (.bss.g_stepperTargetEstimatedSteps)
                  20201048    00000008     gimbal.o (.bss.g_yawContinuousDegX10)
                  20201050    00000008     gimbal.o (.bss.g_yawLockedWorldYawDegX10)
                  20201058    00000008     gimbal.o (.bss.g_yawTargetContinuousDegX10)
                  20201060    00000008     gimbal.o (.bss.g_yawWorldTargetDegX10)
                  20201068    00000008     gimbal.o (.bss.g_yawWrappedDegX10)
                  20201070    00000006     ultrasonic.o (.bss.g_distanceSamples)
                  20201076    00000006     key.o (.bss.g_key1)
                  2020107c    00000006     key.o (.bss.g_key2)
                  20201082    00000006     key.o (.bss.g_key3)
                  20201088    00000004     watchdog_monitor.o (.bss.g_lastTickMs)
                  2020108c    00000004     wheel_speed_estimator.o (.bss.g_latchedErrorFlags)
                  20201090    00000004     empty.o (.bss.g_localTimeMs)
                  20201094    00000004     encoder.o (.bss.g_motorAPulses)
                  20201098    00000004     encoder.o (.bss.g_motorBPulses)
                  2020109c    00000004     imu.o (.bss.g_previousValidCorrectedGyroZDps)
                  202010a0    00000004     mission_manager.o (.bss.g_selectedDefinition)
                  202010a4    00000004     servo.o (.bss.g_servoFeedback)
                  202010a8    00000004     balance_encoder.o (.bss.g_speedLastCount)
                  202010ac    00000004     gimbal_stepper.o (.bss.g_stepperCompletedSteps)
                  202010b0    00000004     balance_soft_limits.o (.bss.g_testStartClampCount)
                  202010b4    00000004     gimbal.o (.bss.g_yawCommandedRpm)
                  202010b8    00000004     gimbal.o (.bss.g_yawTargetRpm)
                  202010bc    00000004     empty.o (.bss.main.lastAppUpdateMs)
                  202010c0    00000002     vision_receiver.o (.bss.g_ringTail)
                  202010c2    00000002     vision_tuning_console.o (.bss.g_rxHead)
                  202010c4    00000002     vision_tuning_console.o (.bss.g_rxTail)
                  202010c6    00000002     servo.o (.bss.g_servoPwmPhase)
                  202010c8    00000002     ultrasonic.o (.bss.g_stateTicks)
                  202010ca    00000002     gimbal_stepper.o (.bss.g_stepperHalfPeriodTicks)
                  202010cc    00000002     gimbal_stepper.o (.bss.g_stepperStepHalfPeriodTicks)
                  202010ce    00000002     vision_tuning_console.o (.bss.g_txHead)
                  202010d0    00000002     vision_tuning_console.o (.bss.g_txTail)
                  202010d2    00000002     (.common:g_trackError)
                  202010d4    00000001     oled_ui.o (.bss.OledUi_Update_20ms.flushRow)
                  202010d5    00000001     oled_ui.o (.bss.OledUi_Update_20ms.refreshDivider)
                  202010d6    00000001     empty.o (.bss.SysTick_Handler.balanceEncoderSpeedMsCount)
                  202010d7    00000001     empty.o (.bss.SysTick_Handler.controlMsCount)
                  202010d8    00000001     empty.o (.bss.SysTick_Handler.tick100usCount)
                  202010d9    00000001     ultrasonic.o (.bss.Ultrasonic_Update_20ms.triggerDivider)
                  202010da    00000001     empty.o (.bss.g_appUpdatePending)
                  202010db    00000001     vision_tuning_console.o (.bss.g_capturing)
                  202010dc    00000001     car_state.o (.bss.g_carState)
                  202010dd    00000001     obstacle_monitor.o (.bss.g_centerSettleTicks)
                  202010de    00000001     vision_tuning_console.o (.bss.g_commandTarget)
                  202010df    00000001     ultrasonic.o (.bss.g_distanceSampleCount)
                  202010e0    00000001     ultrasonic.o (.bss.g_distanceSampleIndex)
                  202010e1    00000001     emergency_stop.o (.bss.g_emergencyStopActive)
                  202010e2    00000001     watchdog_monitor.o (.bss.g_faultApplied)
                  202010e3    00000001     watchdog_monitor.o (.bss.g_faultPending)
                  202010e4    00000001     vision_receiver.o (.bss.g_frameSize)
                  202010e5    00000001     imu.o (.bss.g_integrationHistoryValid)
                  202010e6    00000001     wheel_speed_estimator.o (.bss.g_leftFilterInitialized)
                  202010e7    00000001     vision_tuning_console.o (.bss.g_lineSize)
                  202010e8    00000001     obstacle_safety.o (.bss.g_obstacleSafetyHolding)
                  202010e9    00000001     oled.o (.bss.g_oledColumn)
                  202010ea    00000001     menu.o (.bss.g_oledPage)
                  202010eb    00000001     oled.o (.bss.g_oledPage)
                  202010ec    00000001     encoder.o (.bss.g_overflowFlags)
                  202010ed    00000001     menu.o (.bss.g_paramItem)
                  202010ee    00000001     menu.o (.bss.g_paramReturnPage)
                  202010ef    00000001     key.o (.bss.g_pendingEvent)
                  202010f0    00000001     vision_tuning_console.o (.bss.g_prefixIndex)
                  202010f1    00000001     vision_tuning_console.o (.bss.g_prefixTarget)
                  202010f2    00000001     mission_manager.o (.bss.g_resumeCurrentAction)
                  202010f3    00000001     wheel_speed_estimator.o (.bss.g_rightFilterInitialized)
                  202010f4    00000001     car_controller.o (.bss.g_safetyHold)
                  202010f5    00000001     imu.o (.bss.g_shortGapPending)
                  202010f6    00000001     gimbal_stepper.o (.bss.g_stepperDirection)
                  202010f7    00000001     gimbal_stepper.o (.bss.g_stepperRunning)
                  202010f8    00000001     gimbal_stepper.o (.bss.g_stepperStepHigh)
                  202010f9    00000001     gimbal_stepper.o (.bss.g_stepperStopAfterStepLow)
                  202010fa    00000001     balance_soft_limits.o (.bss.g_storedLimitsValid)
                  202010fb    00000001     motor_control.o (.bss.g_targetRefreshed)
                  202010fc    00000001     mission_manager.o (.bss.g_transientActionActive)
                  202010fd    00000001     ultrasonic.o (.bss.g_triggerRequest)
                  202010fe    00000001     ultrasonic.o (.bss.g_ultrasonicState)
                  202010ff    00000001     gimbal.o (.bss.g_yawLimitClamped)
                  20201100    00000001     gimbal.o (.bss.g_yawLimitDirection)
                  20201101    00000001     gimbal.o (.bss.g_yawPositionValid)
                  20201102    00000001     gimbal.o (.bss.g_yawWorldLockEnabled)
                  20201103    00000001     (.common:g_carStateDebug)
                  20201104    00000001     (.common:g_keyEvent)
                  20201105    00000001     (.common:g_oledPageDebug)
                  20201106    00000001     (.common:g_paramItemDebug)
                  20201107    00000001     (.common:g_trackBlackCount)
                  20201108    00000001     (.common:g_trackModeDebug)
                  20201109    00000001     (.common:g_trackRaw)
                  2020110a    00000001     (.common:g_trackTurnDebug)

.data      0    2020110b    00000001     UNINITIALIZED
                  2020110b    00000001     car_controller.o (.data.g_followTurnPolicy)

.stack     0    20207e00    00000200     UNINITIALIZED
                  20207e00    00000004     libc.a : boot_cortex_m.c.obj (.stack)
                  20207e04    000001fc     --HOLE--

__llvm_prf_cnts 
*          0    20200000    00000000     UNINITIALIZED

__llvm_prf_bits 
*          0    20200000    00000000     UNINITIALIZED

MODULE SUMMARY

       Module                         code    ro data   rw data
       ------                         ----    -------   -------
    .\
       oled_ui.o                      17316   1040      2      
       vision_tuning_console.o        9616    102       613    
       imu.o                          5156    0         142    
       car_controller.o               4412    0         128    
       oled.o                         2006    406       1026   
       motor_control.o                2768    0         125    
       app_config.o                   2156    0         272    
       balance_soft_limits.o          2280    0         81     
       line_controller.o              2196    0         64     
       balance_calibration_store.o    1140    1024      4      
       vision_receiver.o              1072    0         689    
       runtime_snapshot.o             1212    0         464    
       menu.o                         1532    65        3      
       mission_manager.o              1472    0         34     
       motion_action.o                1400    5         20     
       wheel_speed_estimator.o        1292    0         94     
       gimbal_stepper.o               1280    0         52     
       gimbal.o                       896     0         116    
       mission_library.o              560     389       0      
       motor.o                        776     0         16     
       ti_msp_dl_config.o             672     23        48     
       vision_protocol.o              732     0         0      
       ultrasonic.o                   596     0         29     
       app.o                          612     0         10     
       empty.o                        488     0         56     
       key.o                          436     0         19     
       balance_encoder.o              404     16        32     
       fault.o                        312     65        16     
       track_sensor.o                 372     0         0      
       heading_control.o              340     0         28     
       watchdog_monitor.o             308     0         26     
       vision_pitch_tuning.o          260     48        24     
       vision_yaw_tuning.o            248     41        20     
       encoder.o                      276     0         9      
       obstacle_safety.o              272     0         1      
       obstacle_monitor.o             192     0         9      
       startup_mspm0g350x_ticlang.o   6       192       0      
       angle_utils.o                  192     0         0      
       emergency_stop.o               188     0         1      
       servo.o                        176     0         6      
       vision_uart.o                  164     0         0      
       obstacle_avoidance.o           62      0         24     
       magnet.o                       72      0         12     
       debug_telemetry.o              56      0         16     
       bluetooth_uart.o               8       0         32     
       car_state.o                    36      0         1      
    +--+------------------------------+-------+---------+---------+
       Total:                         68018   3416      4364   
                                                               
    C:/TI/mspm0_sdk_2_05_01_00/source/ti/driverlib/lib/ticlang/m0p/mspm0g1x0x_g3x0x/driverlib.a
       dl_flashctl.o                  488     0         0      
       dl_timer.o                     388     0         0      
       dl_uart.o                      90      0         0      
       dl_common.o                    10      0         0      
    +--+------------------------------+-------+---------+---------+
       Total:                         976     0         0      
                                                               
    D:\TI\CCS\ccs\tools\compiler\ti-cgt-armllvm_4.0.4.LTS\lib\armv6m-ti-none-eabi/c/libc.a
       memcpy16.S.obj                 154     0         0      
       strcmp-armv6m.S.obj            136     0         0      
       copy_decompress_lzss.c.obj     124     0         0      
       memset16.S.obj                 98      0         0      
       autoinit.c.obj                 76      0         0      
       cpy_tbl.c.obj                  76      0         0      
       boot_cortex_m.c.obj            40      0         0      
       memmov.c.obj                   40      0         0      
       copy_decompress_none.c.obj     18      0         0      
       copy_zero_init.c.obj           16      0         0      
       exit.c.obj                     6       0         0      
       pre_init.c.obj                 4       0         0      
    +--+------------------------------+-------+---------+---------+
       Total:                         788     0         0      
                                                               
    D:\TI\CCS\ccs\tools\compiler\ti-cgt-armllvm_4.0.4.LTS\lib\armv6m-ti-none-eabi/c/libsysbm.a
       hostexit.c.obj                 4       0         0      
    +--+------------------------------+-------+---------+---------+
       Total:                         4       0         0      
                                                               
    D:\TI\CCS\ccs\tools\compiler\ti-cgt-armllvm_4.0.4.LTS\lib\armv6m-ti-none-eabi/libclang_rt.builtins.a
       addsf3.S.obj                   216     0         0      
       udivmoddi4.S.obj               162     0         0      
       comparesf2.S.obj               140     0         0      
       mulsf3.S.obj                   140     0         0      
       divsf3.S.obj                   130     0         0      
       aeabi_fcmp.S.obj               98      0         0      
       fixsfdi.S.obj                  96      0         0      
       aeabi_idivmod.S.obj            86      0         0      
       floatdisf.S.obj                78      0         0      
       aeabi_uidivmod.S.obj           64      0         0      
       divmoddi4.c.obj                62      0         0      
       floatsisf.S.obj                60      0         0      
       muldsi3.S.obj                  58      0         0      
       fixsfsi.S.obj                  56      0         0      
       floatunsisf.S.obj              40      0         0      
       muldi3.S.obj                   36      0         0      
       ashldi3.S.obj                  30      0         0      
       aeabi_ldivmod.S.obj            20      0         0      
       aeabi_uldivmod.S.obj           20      0         0      
       aeabi_memset.S.obj             12      0         0      
       aeabi_memcpy.S.obj             8       0         0      
       aeabi_memmove.S.obj            8       0         0      
       aeabi_div0.c.obj               4       0         0      
    +--+------------------------------+-------+---------+---------+
       Total:                         1624    0         0      
                                                               
       Stack:                         0       0         512    
       Linker Generated:              0       57        0      
    +--+------------------------------+-------+---------+---------+
       Grand Total:                   71410   3473      4876   


LINKER GENERATED COPY TABLES

__TI_cinit_table @ 0001202c records: 2, size/record: 8, table size: 16
	.bss: load addr=0001201c, load size=00000008 bytes, run addr=20200000, run size=0000110b bytes, compression=zero_init
	.data: load addr=00012024, load size=00000005 bytes, run addr=2020110b, run size=00000001 bytes, compression=lzss
binit @ 00012040 records: 1, size/record: 12, table size: 16
	.TI.ramfunc: load addr=00011fb0, load size=00000060, run addr=20201110, run size=00000060, compression=none


LINKER GENERATED HANDLER TABLE

__TI_handler_table @ 00012010 records: 3, size/record: 4, table size: 12
	index: 0, handler: __TI_decompress_lzss
	index: 1, handler: __TI_decompress_none
	index: 2, handler: __TI_zero_init


FAR CALL TRAMPOLINES

callee name               trampoline name
   callee addr  tramp addr   call addr  call info
--------------  -----------  ---------  ----------------
DL_FlashCTL_executeCommandFromRAM  $Tramp$TT$L$PI$$DL_FlashCTL_executeCommandFromRAM
   20201111     000116f8     00010e00   driverlib.a : dl_flashctl.o (.text.DL_FlashCTL_programMemoryFromRAM64WithECCGenerated)
                             000112ca               : dl_flashctl.o (.text.DL_FlashCTL_eraseMemoryFromRAM)

[1 trampolines]
[2 trampoline calls]


SEGMENT ATTRIBUTES

    id tag       seg value 
    -- ---       --- ----- 
     0 PHA_BOUND 3   (null)


GLOBAL SYMBOLS: SORTED ALPHABETICALLY BY Name 

address   name                                              
-------   ----                                              
0000ebe7  ADC0_IRQHandler                                   
0000ebe7  ADC1_IRQHandler                                   
0000ebe7  AES_IRQHandler                                    
0000e501  Angle_Normalize180                                
0000a4b9  AppConfig_InitDefault                             
00006065  AppConfig_LimitAll                                
0000f5cd  App_Init                                          
0000fc7d  App_ResetToReady                                  
0000bc6d  App_Update_20ms                                   
0000c7b1  BalanceCalibrationStore_Load                      
00009889  BalanceCalibrationStore_Save                      
000114d9  BalanceEncoder_GetCountAtomic                     
000106d1  BalanceEncoder_GetSnapshot                        
0000e36d  BalanceEncoder_HandleGpioInterrupt                
0000ffd9  BalanceEncoder_Init                               
00010f29  BalanceEncoder_SampleSpeed10msFromIsr             
0000ef7d  BalanceSoftLimits_AbortCalibration                
0000f839  BalanceSoftLimits_ArmRecalibration                
0000d7f5  BalanceSoftLimits_BeginAtCurrentAsZero            
0000f239  BalanceSoftLimits_CancelRecalibration             
00010dc1  BalanceSoftLimits_CancelTravelTest                
0000c665  BalanceSoftLimits_CaptureCurrentStage             
0000f64d  BalanceSoftLimits_Enforce100usFromIsr             
0000fda5  BalanceSoftLimits_GetSnapshot                     
0000e7ed  BalanceSoftLimits_Init                            
000114e5  BalanceSoftLimits_IsCalibrationActive             
000114f1  BalanceSoftLimits_IsTravelTestActive              
0000dd79  BalanceSoftLimits_StartTravelTest                 
0000bdf1  BalanceSoftLimits_Update20ms                      
00011629  BluetoothUart_GetRuntime                          
0000f1ac  C$$EXIT                                           
0000ebe7  CANFD0_IRQHandler                                 
00011631  CarController_GetFeedback                         
000114fd  CarController_GetRunMode                          
00011509  CarController_Init                                
00011515  CarController_IsSafetyHoldActive                  
0000e5c1  CarController_ResetRuntime                        
0000eeed  CarController_ResetTransientState                 
00010711  CarController_ResumeFollowLine                    
0000f2bd  CarController_SetSafetyHold                       
0000e1c5  CarController_StartDriveDistance                  
0000b7ad  CarController_StartDriveDistanceAtYaw             
0000f4cd  CarController_StartDriveHeading                   
00010539  CarController_StartFollowLine                     
0000ee59  CarController_StartTurnToYawRelative              
00010191  CarController_Stop                                
0000badd  CarController_Update_20ms                         
00011521  CarState_Get                                      
0001152d  CarState_Init                                     
00011539  CarState_Set                                      
0000ebe7  DAC0_IRQHandler                                   
000115ed  DL_Common_delayCycles                             
000112bd  DL_FlashCTL_eraseMemoryFromRAM                    
00010de9  DL_FlashCTL_programMemoryFromRAM64WithECCGenerated
[...]
0000d8e9  HeadingControl_Update                             
0000d9d5  main                                              
0000dac1  MissionManager_SelectPrevious                     
0000dba9  ObstacleSafety_Update_20ms                        
0000dd79  BalanceSoftLimits_StartTravelTest                 
0000de5d  WheelSpeedEstimator_Init                          
0000df3d  DL_FlashCTL_unprotectSector                       
0000e015  OLED_PrintUInt16                                  
0000e0ed  __aeabi_fsub                                      
0000e0ed  __subsf3                                          
0000e0f7  __addsf3                                          
0000e0f7  __aeabi_fadd                                      
0000e1c5  CarController_StartDriveDistance                  
0000e299  GimbalStepper_MoveRelativeSteps                   
0000e36d  BalanceEncoder_HandleGpioInterrupt                
0000e439  FaultCode_ToShortString                           
0000e501  Angle_Normalize180                                
0000e5c1  CarController_ResetRuntime                        
0000e67d  Menu_GetParamValue                                
0000e739  GimbalStepper_StopHold                            
0000e7ed  BalanceSoftLimits_Init                            
0000e89d  GimbalStepper_Init                                
0000e94d  SysTick_Handler                                   
0000e9fd  Encoder_HandleGpioInterrupt                       
0000eb45  __udivmoddi4                                      
0000ebe7  ADC0_IRQHandler                                   
0000ebe7  ADC1_IRQHandler                                   
0000ebe7  AES_IRQHandler                                    
0000ebe7  CANFD0_IRQHandler                                 
0000ebe7  DAC0_IRQHandler                                   
0000ebe7  DMA_IRQHandler                                    
0000ebe7  Default_Handler                                   
0000ebe7  GROUP0_IRQHandler                                 
0000ebe7  HardFault_Handler                                 
0000ebe7  I2C0_IRQHandler                                   
0000ebe7  I2C1_IRQHandler                                   
0000ebe7  NMI_Handler                                       
0000ebe7  PendSV_Handler                                    
0000ebe7  RTC_IRQHandler                                    
0000ebe7  SPI0_IRQHandler                                   
0000ebe7  SPI1_IRQHandler                                   
0000ebe7  SVC_Handler                                       
0000ebe7  TIMA0_IRQHandler                                  
0000ebe7  TIMA1_IRQHandler                                  
0000ebe7  TIMG0_IRQHandler                                  
0000ebe7  TIMG12_IRQHandler                                 
0000ebe7  TIMG6_IRQHandler                                  
0000ebe7  TIMG7_IRQHandler                                  
0000ebe7  TIMG8_IRQHandler                                  
0000ebe7  UART0_IRQHandler                                  
0000ebe7  UART1_IRQHandler                                  
0000ebe7  UART2_IRQHandler                                  
0000ec89  ObstacleMonitor_Update_20ms                       
0000ed25  memcpy                                            
0000edbf  ObstacleAvoidance_Update_20ms                     
0000ee59  CarController_StartTurnToYawRelative              
0000eeed  CarController_ResetTransientState                 
0000ef7d  BalanceSoftLimits_AbortCalibration                
0000f009  SYSCFG_DL_PWM_MOTOR_init                          
0000f095  __aeabi_fmul                                      
0000f095  __mulsf3                                          
0000f1ac  C$$EXIT                                           
0000f1ad  HOSTexit                                          
0000f1b1  strcmp                                            
0000f239  BalanceSoftLimits_CancelRecalibration             
0000f2bd  CarController_SetSafetyHold                       
0000f341  GimbalStepper_ConfirmZero                         
0000f3c5  Motor_Init                                        
0000f449  __aeabi_fdiv                                      
0000f449  __divsf3                                          
0000f4cb  TrackSensor_Init                                  
0000f4cd  CarController_StartDriveHeading                   
0000f54d  Motor_Stop                                        
0000f5cd  App_Init                                          
0000f64b  __aeabi_idiv0                                     
0000f64d  BalanceSoftLimits_Enforce100usFromIsr             
0000f6c9  VisionPitchTuning_Set                             
0000f745  __TI_decompress_lzss                              
0000f839  BalanceSoftLimits_ArmRecalibration                
0000f921  GimbalStepper_Release                             
0000f991  SYSCFG_DL_UART_VISION_init                        
0000fa01  VisionYawTuning_Set                               
0000fa71  TrackSensor_DetectTurn                            
0000fadf  __aeabi_ldiv0                                     
0000fae1  MissionManager_GetSelectedMissionIndex            
0000fbb1  TrackSensor_GetErrorFromRaw                       
0000fc19  MissionManager_Start                              
0000fc7d  App_ResetToReady                                  
0000fce1  __aeabi_fcmpeq                                    
0000fcf5  __aeabi_fcmplt                                    
0000fd09  __aeabi_fcmple                                    
0000fd1d  __aeabi_fcmpge                                    
0000fd31  __aeabi_fcmpgt                                    
0000fd43  memset                                            
0000fda5  BalanceSoftLimits_GetSnapshot                     
0000fe05  VisionTuningConsole_Init                          
0000fe65  __aeabi_f2lz                                      
0000fe65  __fixsfdi                                         
0000fec5  UART3_IRQHandler                                  
0000ff21  Ultrasonic_Update_20ms                            
0000ffd9  BalanceEncoder_Init                               
00010031  MissionManager_Init                               
00010089  OLED_PrintChar                                    
00010139  __aeabi_idiv                                      
00010139  __aeabi_idivmod                                   
00010191  CarController_Stop                                
000101e5  TrackSensor_ReadRaw                               
00010239  WatchdogMonitor_ApplyFaultIfNeeded                
0001028d  Ultrasonic_Init                                   
000102dd  WatchdogMonitor_Tick1msFromIsr                    
0001032d  __aeabi_l2f                                       
0001032d  __floatdisf                                       
0001037d  MotorControl_Stop                                 
000103c9  copy_in                                           
00010415  __TI_auto_init_nopinit                            
00010461  DL_UART_init                                      
000104a9  MissionManager_Cancel                             
00010539  CarController_StartFollowLine                     
0001057d  EmergencyStop_Reset                               
000105c1  Encoder_GetAndClearPulseDeltas                    
00010605  Imu_ResetYaw                                      
00010649  MissionManager_Reset                              
0001068d  Servo_Tick100us                                   
000106d1  BalanceEncoder_GetSnapshot                        
00010711  CarController_ResumeFollowLine                    
00010751  Fault_Raise                                       
00010791  SYSCFG_DL_SYSCTL_init                             
000107d1  SYSCFG_DL_initPower                               
00010811  VisionReceiver_PushByteFromIsr                    
00010851  __aeabi_uidiv                                     
00010851  __aeabi_uidivmod                                  
00010891  __divmoddi4                                       
000108d1  MissionManager_Resume                             
0001090d  Servo_SetAngleDeg                                 
00010949  VisionTuningConsole_PushByteFromIsr               
00010985  __aeabi_i2f                                       
00010985  __floatsisf                                       
000109c1  __gesf2                                           
000109c1  __gtsf2                                           
000109fd  __cmpsf2                                          
000109fd  __eqsf2                                           
000109fd  __lesf2                                           
000109fd  __ltsf2                                           
000109fd  __nesf2                                           
00010a39  __muldsi3                                         
00010a75  EmergencyStop_Trigger                             
00010aad  VisionReceiver_Init                               
00010ae5  __aeabi_f2iz                                      
00010ae5  __fixsfsi                                         
00010b1d  Imu_IsReady                                       
00010b51  MissionLibrary_FindById                           
00010b85  VisionTuningConsole_TryPopTxByte                  
00010bb9  VisionUart_Process                                
00010bed  OLED_PrintString                                  
00010c21  Key_Init                                          
00010c51  LineController_ObserveSensors                     
00010c81  VisionPitchTuning_RestoreDefault                  
00010cb1  WatchdogMonitor_Init                              
00010ce1  WatchdogMonitor_Reset                             
00010d11  Encoder_Reset                                     
00010d3d  MissionManager_Pause                              
00010d69  TrackSensor_CountBlack                            
00010d95  VisionYawTuning_RestoreDefault                    
00010dc1  BalanceSoftLimits_CancelTravelTest                
00010de9  DL_FlashCTL_programMemoryFromRAM64WithECCGenerated
00010e11  EmergencyStop_Enforce                             
00010e39  Magnet_ForceOff                                   
00010e61  Servo_Init                                        
00010e89  VisionPitchTuning_Init                            
00010eb1  __aeabi_ui2f                                      
00010eb1  __floatunsisf                                     
00010ed9  memmove                                           
00010f01  _c_int00_noargs                                   
00010f29  BalanceEncoder_SampleSpeed10msFromIsr             
00010f4d  GimbalStepper_GetFeedbackSnapshot                 
00010f71  MissionManager_ReportExternalFailure              
00010f95  MotorControl_Init                                 
00010fb9  MotorControl_Reset                                
00010fdd  OLED_ClearBuffer                                  
00011001  SYSCFG_DL_init                                    
00011025  VisionYawTuning_Init                              
00011049  __aeabi_lmul                                      
00011049  __muldi3                                          
0001106d  DL_Timer_overrideCCPOut                           
0001108d  DebugTelemetry_Update                             
000110ad  GROUP1_IRQHandler                                 
000110cd  Magnet_Init                                       
000110ed  OLED_SetCursor                                    
0001110d  SchedulerMonitor_GetStats                         
0001114d  __aeabi_llsl                                      
0001114d  __ashldi3                                         
0001116d  DL_Timer_setCaptCompUpdateMethod                  
00011189  DL_Timer_setClockConfig                           
000111a5  HeadingControl_SetTargetYaw                       
000111c1  Menu_Init                                         
000111dd  MotionAction_Cancel                               
000111f9  ObstacleMonitor_Init                              
00011215  ObstacleSafety_Init                               
00011231  VisionPitchTuning_ParamName                       
0001124d  VisionYawTuning_GetSnapshot                       
00011269  VisionYawTuning_ParamName                         
00011285  WatchdogMonitor_NotifyControlCycleComplete        
000112bd  DL_FlashCTL_eraseMemoryFromRAM                    
000112d5  DL_Timer_setCaptureCompareOutCtl                  
000112ed  DebugTelemetry_Init                               
00011305  HeadingControl_Init                               
0001131d  HeadingControl_Reset                              
00011335  Menu_ParamItemToString                            
0001134d  MotionAction_Init                                 
00011365  ObstacleAvoidance_Init                            
0001137d  RuntimeSnapshot_Init                              
00011395  __aeabi_fcmpun                                    
00011395  __unordsf2                                        
000113ad  Fault_Clear                                       
000113c1  Fault_Init                                        
000113d5  GimbalStepper_SetStepHalfPeriodTicks              
000113e9  HeadingControl_Enable                             
000113fd  MissionLibrary_GetByIndex                         
00011411  MissionManager_GetSelectedMissionId               
00011425  VisionPitchTuning_GetSnapshot                     
00011439  VisionUart_Init                                   
0001144d  __aeabi_ldivmod                                   
00011461  __aeabi_uldivmod                                  
00011475  DL_UART_setClockConfig                            
00011487  __TI_decompress_none                              
00011499  DL_Timer_setCaptureCompareValue                   
000114a9  Gimbal_YawGetFeedback                             
000114b9  Key_GetEvent                                      
000114c9  __TI_zero_init                                    
000114d9  BalanceEncoder_GetCountAtomic                     
000114e5  BalanceSoftLimits_IsCalibrationActive             
000114f1  BalanceSoftLimits_IsTravelTestActive              
000114fd  CarController_GetRunMode                          
00011509  CarController_Init                                
00011515  CarController_IsSafetyHoldActive                  
00011521  CarState_Get                                      
0001152d  CarState_Init                                     
00011539  CarState_Set                                      
00011545  EmergencyStop_Init                                
00011551  EmergencyStop_IsActive                            
0001155d  Imu_GetCorrectedGyroZDps                          
00011569  Imu_GetYaw                                        
00011575  Menu_GetPage                                      
00011581  Menu_GetParamItem                                 
0001158d  MissionManager_IsExternallyHeld                   
00011599  MissionManager_SetExternalHold                    
000115a5  ObstacleAvoidance_IsActive                        
000115b1  ObstacleAvoidance_IsFailed                        
000115bd  ObstacleSafety_IsHolding                          
000115c9  SystemTime_GetMs                                  
000115d5  WatchdogMonitor_HasTripped                        
000115e1  __aeabi_memclr                                    
000115e1  __aeabi_memclr4                                   
000115e1  __aeabi_memclr8                                   
000115ed  DL_Common_delayCycles                             
000115f7  MotionAction_Resume                               
00011601  MotionAction_Start                                
0001160b  TrackSensor_IsCenterDetected                      
00011615  TrackSensor_IsLineDetected                        
0001161f  TrackSensor_IsLineLost                            
00011629  BluetoothUart_GetRuntime                          
00011631  CarController_GetFeedback                         
00011639  Fault_GetRecord                                   
00011641  GimbalStepper_GetFeedback                         
00011649  HeadingControl_GetRuntime                         
00011651  Imu_GetRuntime                                    
00011659  LineController_GetRuntime                         
00011661  MissionManager_GetMissionCount                    
00011669  MissionManager_GetRuntime                         
00011671  MotionAction_GetRuntime                           
00011679  MotorControl_GetRuntime                           
00011681  ObstacleAvoidance_GetFeedback                     
00011689  ObstacleMonitor_GetFeedback                       
00011691  OledUi_Init                                       
00011699  RuntimeSnapshot_Get                               
000116a1  Servo_GetFeedback                                 
000116a9  Ultrasonic_GetFeedback                            
000116b1  VisionReceiver_GetStatus                          
000116b9  VisionTuningConsole_GetStatus                     
000116c1  WatchdogMonitor_GetStatus                         
000116c9  WheelSpeedEstimator_GetRuntime                    
000116d1  __aeabi_memcpy                                    
000116d1  __aeabi_memcpy4                                   
000116d1  __aeabi_memcpy8                                   
000116d9  __aeabi_memmove                                   
000116d9  __aeabi_memmove4                                  
000116d9  __aeabi_memmove8                                  
000116e1  abort                                             
000116e7  MissionLibrary_GetCount                           
000116eb  ObstacleAvoidance_IsResumeGraceActive             
000116ef  Reset_Handler                                     
000116f3  _system_pre_init                                  
00012010  __TI_Handler_Table_Base                           
0001201c  __TI_Handler_Table_Limit                          
0001202c  __TI_CINIT_Base                                   
0001203c  __TI_CINIT_Limit                                  
0001203c  __TI_CINIT_Warm                                   
00012040  __TI_table_binit                                  
00012040  __binit__                                         
00012040  binit                                             
0001fc00  g_balanceCalibrationReservedSector                
20200000  __start___llvm_prf_bits                           
20200000  __start___llvm_prf_cnts                           
20200000  __stop___llvm_prf_bits                            
20200000  __stop___llvm_prf_cnts                            
202007d0  g_appConfig                                       
20200ae0  g_imuRuntime                                      
20200be0  g_appRuntime                                      
20200ca8  g_wheelSpeedEstimatorRuntime                      
20200e00  gUART_VISIONBackup                                
20200f08  g_headingRuntime                                  
202010d2  g_trackError                                      
20201103  g_carStateDebug                                   
20201104  g_keyEvent                                        
20201105  g_oledPageDebug                                   
20201106  g_paramItemDebug                                  
20201107  g_trackBlackCount                                 
20201108  g_trackModeDebug                                  
20201109  g_trackRaw                                        
2020110a  g_trackTurnDebug                                  
20207e00  __stack                                           
20208000  __STACK_END                                       
ffffffff  __TI_pprof_out_hndl                               
ffffffff  __TI_prof_data_size                               
ffffffff  __TI_prof_data_start                              
UNDEFED   __mpu_init                                        
UNDEFED   _system_post_cinit                                

[378 symbols]
