******************************************************************************
            TI ARM Clang Linker PC v4.0.4                      
******************************************************************************
>> Linked Sat Aug  1 15:51:06 2026

OUTPUT FILE NAME:   <diansaikaishi.out>
ENTRY POINT SYMBOL: "_c_int00_noargs"  address: 0001bd65


MEMORY CONFIGURATION

         name            origin    length      used     unused   attr    fill
----------------------  --------  ---------  --------  --------  ----  --------
  FLASH                 00000000   00020000  0001da48  000025b8  R  X
  SRAM                  20200000   00008000  00001cb4  0000634c  RW X
  BCR_CONFIG            41c00000   000000ff  00000000  000000ff  R   
  BSL_CONFIG            41c00100   00000080  00000000  00000080  R   


SEGMENT ALLOCATION MAP

run origin  load origin   length   init length attrs members
----------  ----------- ---------- ----------- ----- -------
00000000    00000000    0001d5a8   0001d5a8    r-x
  00000000    00000000    000000c0   000000c0    r-- .intvecs
  000000c0    000000c0    0001c630   0001c630    r-x .text
  0001c6f0    0001c6f0    00000eb8   00000eb8    r-- .rodata
0001d608    0001d608    00000040   00000040    r--
  0001d608    0001d608    00000030   00000030    r-- .cinit
  0001d638    0001d638    00000010   00000010    r-- .binit
0001fc00    0001fc00    00000400   00000400    r--
  0001fc00    0001fc00    00000400   00000400    r-- .TI.bound:g_balanceCalibrationReservedSector
20200000    20200000    00001a54   00000000    rw-
  20200000    20200000    00001a53   00000000    rw- .bss
  20201a53    20201a53    00000001   00000000    rw- .data
20201a58    0001d5a8    00000060   00000060    r-x
  20201a58    0001d5a8    00000060   00000060    r-x .TI.ramfunc
20207e00    20207e00    00000200   00000000    rw-
  20207e00    20207e00    00000200   00000000    rw- .stack


SECTION ALLOCATION MAP

 output                                  attributes/
section   page    origin      length       input sections
--------  ----  ----------  ----------   ----------------
.intvecs   0    00000000    000000c0     
                  00000000    000000c0     startup_mspm0g350x_ticlang.o (.intvecs)

.text      0    000000c0    0001c630     
                  000000c0    00001910     balance_tuning.o (.text.send_debug_filter)
                  000019d0    00001700     oled_ui.o (.text.print_balance_stepper_test_page)
                  000030d0    0000166c     balance_tuning.o (.text.send_debug_receiver)
                  0000473c    00001000     balance_tuning.o (.text.send_config)
                  0000573c    00000f6c     balance_tuning.o (.text.send_debug_controller)
                  000066a8    00000ad8     oled_ui.o (.text.print_imu_counters_page)
                  00007180    00000ac4     balance_tuning.o (.text.send_debug_position_fault)
                  00007c44    00000a5c     balance_tuning.o (.text.send_calibration_status)
                  000086a0    00000a34     balance_tuning.o (.text.consume_rx_byte)
                  000090d4    00000884     balance_tuning.o (.text.send_debug_axis)
                  00009958    00000820     balance_tuning.o (.text.send_debug_limit)
                  0000a178    0000081c     oled_ui.o (.text.print_balance_vision_page)
                  0000a994    00000648     app_config.o (.text.AppConfig_LimitAll)
                  0000afdc    0000061c     balance_ball_control.o (.text.BalanceBallControl_Update20ms)
                  0000b5f8    000005ac     imu.o (.text.Imu_CalibrateGyroBias)
                  0000bba4    00000528     line_controller.o (.text.LineController_Update)
                  0000c0cc    000004bc     oled_ui.o (.text.print_encoder_page)
                  0000c588    000004a0     runtime_snapshot.o (.text.RuntimeSnapshot_Update)
                  0000ca28    00000498     balance_tuning.o (.text.BalanceTuning_Update20ms)
                  0000cec0    00000480     vision_receiver.o (.text.VisionReceiver_Process)
                  0000d340    00000478     menu.o (.text.Menu_HandleKeyEvent)
                  0000d7b8    00000458     menu.o (.text.menu_adjust_param)
                  0000dc10    0000044c     motor_control.o (.text.update_wheel)
                  0000e05c    00000428     motion_action.o (.text.MotionAction_Update_20ms)
                  0000e484    00000424     wheel_speed_estimator.o (.text.WheelSpeedEstimator_Update)
                  0000e8a8    000003f4     vision_protocol.o (.text.VisionProtocol_ParseBallAsciiLine)
                  0000ec9c    000003e0     balance_position_control.o (.text.BalancePositionControl_Update20ms)
                  0000f07c    000003e0     imu.o (.text.Imu_Update)
                  0000f45c    000003c4     oled_ui.o (.text.print_motor_control_detail_page)
                  0000f820    00000394     balance_tuning.o (.text.apply_parameter)
                  0000fbb4    00000380     imu.o (.text.Imu_Init)
                  0000ff34    0000037c     oled_ui.o (.text.print_heading_page)
                  000102b0    00000370     gimbal.o (.text.gimbal_update_feedback)
                  00010620    0000034c     motion_action.o (.text.motion_action_start_internal)
                  0001096c    0000033c     oled_ui.o (.text.print_drive_distance_page)
                  00010ca8    00000324     oled_ui.o (.text.print_imu_detail_page)
                  00010fcc    00000300     oled_ui.o (.text.print_motor_control_page)
                  000112cc    000002f0     imu.o (.text.mpu6050_read_regs)
                  000115bc    000002cc     car_controller.o (.text.handle_drive_distance)
                  00011888    000002bc     oled_ui.o (.text.print_elapsed_mm_ss_t)
                  00011b44    000002b4     motor_control.o (.text.MotorControl_Update)
                  00011df8    000002ac     balance_ball_control.o (.text.calculate_cascade_request)
                  000120a4    00000290     balance_calibration_store.o (.text.BalanceCalibrationStore_Save)
                  00012334    0000028c     balance_soft_limits.o (.text.BalanceSoftLimits_Update20ms)
                  000125c0    00000288     h_task_controller.o (.text.HTaskController_Update20ms)
                  00012848    00000288     oled_ui.o (.text.print_param_page)
                  00012ad0    00000268     car_controller.o (.text.handle_turn_to_yaw)
                  00012d38    00000254     mission_library.o (.text.MissionLibrary_Validate)
                  00012f8c    00000230     oled_ui.o (.text.print_status_page)
                  000131bc    0000021c     app_config.o (.text.AppConfig_InitDefault)
                  000133d8    0000021c     balance_tuning.o (.text.BalanceTuning_Process)
                  000135f4    0000021c     h_task_controller.o (.text.HTaskController_Start)
                  00013810    00000204     motor.o (.text.Motor_SetSpeed)
                  00013a14    000001e8     motor_control.o (.text.config_is_valid)
                  00013bfc    000001d0     oled_ui.o (.text.print_sensor_page)
                  00013dcc    000001cc     imu.o (.text.imu_i2c_write_byte)
                  00013f98    000001b8     oled.o (.text.oled_i2c_write_byte)
                  00014150    000001a8     app.o (.text.App_Update_20ms)
                  000142f8    000001a8     key.o (.text.Key_Update_20ms)
                  000144a0    000001a0     ultrasonic.o (.text.Ultrasonic_Tick100us)
                  00014640    0000019c     car_controller.o (.text.CarController_StartDriveDistanceAtYaw)
                  000147dc    00000194     gimbal_stepper.o (.text.GimbalStepper_Tick100us)
                  00014970    00000190     car_controller.o (.text.CarController_Update_20ms)
                  00014b00    00000188     oled_ui.o (.text.print_imu_page)
                  00014c88    00000174     oled_ui.o (.text.print_h_task_status_page)
                  00014dfc    00000170     oled.o (.text.OLED_FlushPage)
                  00014f6c    0000016c     oled.o (.text.OLED_PrintInt16)
                  000150d8    0000016c     balance_tuning.o (.text.parse_x100)
                  00015244    00000160     oled_ui.o (.text.print_balance_limit_value)
                  000153a4    0000015c     oled_ui.o (.text.print_signed_total_tail)
                  00015500    00000158     balance_ball_control.o (.text.BalanceBallControl_SetConfig)
                  00015658    00000150     h_task_controller.o (.text.h_update_start_verify)
                  000157a8    00000150     vision_protocol.o (.text.parse_decimal_x1000)
                  000158f8    0000014c     balance_position_control.o (.text.BalancePositionControl_Start)
                  00015a44    0000014c     balance_soft_limits.o (.text.BalanceSoftLimits_CaptureCurrentStage)
                  00015b90    00000140     balance_calibration_store.o (.text.BalanceCalibrationStore_Load)
                  00015cd0    0000013c     oled_ui.o (.text.print_balance_vision_rx_debug_page)
                  00015e0c    00000130     balance_ball_control.o (.text.BalanceBallControl_Enable)
                  00015f3c    0000012c     imu.o (.text.imu_i2c_recover_bus)
                  00016068    0000012c     oled_ui.o (.text.print_uint64_decimal)
                  00016194    00000128     line_controller.o (.text.LineController_Reset)
                  000162bc    00000128     mission_manager.o (.text.MissionManager_Update_20ms)
                  000163e4    00000124     oled.o (.text.OLED_Init)
                  00016508    00000120     line_controller.o (.text.LineController_Init)
                  00016628    00000120     car_controller.o (.text.handle_follow_line)
                  00016748    00000120     oled_ui.o (.text.print_bluetooth_page)
                  00016868    0000011c     car_controller.o (.text.handle_drive_heading)
                  00016984    00000118     vision_receiver.o (.text.accept_packet)
                  00016a9c    00000118     oled_ui.o (.text.print_obstacle_page)
                  00016bb4    00000110     h_task_controller.o (.text.h_update_vehicle_supervision)
                  00016cc4    0000010c     balance_soft_limits.o (.text.BalanceSoftLimits_BeginAtCurrentAsZero)
                  00016dd0    0000010c     line_controller.o (.text.LineController_ResetControlState)
                  00016edc    00000104     driverlib.a : dl_timer.o (.text.DL_Timer_initFourCCPWMMode)
                  00016fe0    00000104     menu.o (.text.Menu_GetParamValue)
                  000170e4    00000104     ti_msp_dl_config.o (.text.SYSCFG_DL_GPIO_init)
                  000171e8    00000104     balance_tuning.o (.text.send_text)
                  000172ec    00000100     motor_control.o (.text.MotorControl_SetNormalizedTarget)
                  000173ec    000000fc     mission_manager.o (.text.MissionManager_SelectNext)
                  000174e8    000000fc     h_task_controller.o (.text.h_update_h3)
                  000175e4    000000f4     empty.o (.text.main)
                  000176d8    000000ec     heading_control.o (.text.HeadingControl_Update)
                  000177c4    000000e8     balance_soft_limits.o (.text.BalanceSoftLimits_StartRelativePositionMoveSteps)
                  000178ac    000000e8     mission_manager.o (.text.MissionManager_SelectPrevious)
                  00017994    000000e8     obstacle_safety.o (.text.ObstacleSafety_Update_20ms)
                  00017a7c    000000e0     wheel_speed_estimator.o (.text.WheelSpeedEstimator_Init)
                  00017b5c    000000d8     driverlib.a : dl_flashctl.o (.text.DL_FlashCTL_unprotectSector)
                  00017c34    000000d8     oled.o (.text.OLED_PrintUInt16)
                  00017d0c    000000d8     balance_ball_control.o (.text.return_toward_zero)
                  00017de4    000000d8     libclang_rt.builtins.a : addsf3.S.obj (.text)
                  00017ebc    000000d4     car_controller.o (.text.CarController_StartDriveDistance)
                  00017f90    000000d4     gimbal_stepper.o (.text.GimbalStepper_MoveRelativeSteps)
                  00018064    000000cc     balance_encoder.o (.text.BalanceEncoder_HandleGpioInterrupt)
                  00018130    000000cc     oled_ui.o (.text.OledUi_Update_20ms)
                  000181fc    000000c8     car_controller.o (.text.CarController_ResetRuntime)
                  000182c4    000000c8     fault.o (.text.FaultCode_ToShortString)
                  0001838c    000000c4     balance_soft_limits.o (.text.BalanceSoftLimits_Init)
                  00018450    000000c4     h_task_controller.o (.text.h_update_vision_hold)
                  00018514    000000c0     angle_utils.o (.text.Angle_Normalize180)
                  000185d4    000000c0     balance_soft_limits.o (.text.oscillation_target_for_phase)
                  00018694    000000b4     gimbal_stepper.o (.text.GimbalStepper_StopHold)
                  00018748    000000b0     gimbal_stepper.o (.text.GimbalStepper_Init)
                  000187f8    000000b0     empty.o (.text.SysTick_Handler)
                  000188a8    000000ac     balance_soft_limits.o (.text.BalanceSoftLimits_StartPositionMoveToLogicalCount)
                  00018954    000000a8     balance_ball_control.o (.text.BalanceBallControl_Init)
                  000189fc    000000a8     balance_soft_limits.o (.text.BalanceSoftLimits_ArmRecalibration)
                  00018aa4    000000a4     encoder.o (.text.Encoder_HandleGpioInterrupt)
                  00018b48    000000a4     balance_calibration_store.o (.text.calibration_crc32)
                  00018bec    000000a2     libclang_rt.builtins.a : udivmoddi4.S.obj (.text)
                  00018c8e    00000002     startup_mspm0g350x_ticlang.o (.text.Default_Handler)
                  00018c90    000000a0     balance_soft_limits.o (.text.BalanceSoftLimits_AbortCalibration)
                  00018d30    000000a0     car_controller.o (.text.drive_distance_high_decel_zone_cm)
                  00018dd0    0000009c     obstacle_monitor.o (.text.ObstacleMonitor_Update_20ms)
                  00018e6c    0000009a     libc.a : memcpy16.S.obj (.text:memcpy)
                  00018f06    00000002     obstacle_avoidance.o (.text.ObstacleAvoidance_Update_20ms)
                  00018f08    00000098     balance_position_control.o (.text.BalancePositionControl_ResetFault)
                  00018fa0    00000098     balance_soft_limits.o (.text.BalanceSoftLimits_CancelRecalibration)
                  00019038    00000098     car_controller.o (.text.CarController_ResetTransientState)
                  000190d0    00000098     imu.o (.text.mpu6050_write_reg)
                  00019168    00000094     car_controller.o (.text.CarController_StartTurnToYawRelative)
                  000191fc    00000090     balance_tuning.o (.text.BalanceTuning_Init)
                  0001928c    00000090     ti_msp_dl_config.o (.text.SYSCFG_DL_UART_VISION_init)
                  0001931c    0000008c     h_task_controller.o (.text.HTaskController_Init)
                  000193a8    0000008c     motion_action.o (.text.MotionAction_RefreshFollowLineTuning)
                  00019434    0000008c     ti_msp_dl_config.o (.text.SYSCFG_DL_PWM_MOTOR_init)
                  000194c0    0000008c     ti_msp_dl_config.o (.text.SYSCFG_DL_UART_BALANCE_TUNING_init)
                  0001954c    0000008c     libclang_rt.builtins.a : mulsf3.S.obj (.text.__mulsf3)
                  000195d8    0000008c     car_controller.o (.text.heading_imu_wait_or_fail)
                  00019664    00000088     balance_soft_limits.o (.text.BalanceSoftLimits_Enforce100usFromIsr)
                  000196ec    00000004     libsysbm.a : hostexit.c.obj (.text.HOSTexit)
                  000196f0    00000088     libc.a : strcmp-armv6m.S.obj (.text:strcmp)
                  00019778    00000084     app.o (.text.App_Init)
                  000197fc    00000084     car_controller.o (.text.CarController_SetSafetyHold)
                  00019880    00000084     gimbal_stepper.o (.text.GimbalStepper_ConfirmZero)
                  00019904    00000084     line_controller.o (.text.LineController_SetProfileOverride)
                  00019988    00000084     motor.o (.text.Motor_Init)
                  00019a0c    00000084     balance_tuning.o (.text.parse_i16)
                  00019a90    00000082     libclang_rt.builtins.a : divsf3.S.obj (.text.__divsf3)
                  00019b12    00000002     track_sensor.o (.text.TrackSensor_Init)
                  00019b14    00000080     balance_position_control.o (.text.BalancePositionControl_Init)
                  00019b94    00000080     car_controller.o (.text.CarController_StartDriveHeading)
                  00019c14    00000080     motor.o (.text.Motor_Stop)
                  00019c94    00000080     vision_uart.o (.text.UART3_IRQHandler)
                  00019d14    0000007c     oled_ui.o (.text.OledUi_ShowBootStatus)
                  00019d90    0000007c     libc.a : copy_decompress_lzss.c.obj (.text:decompress:lzss)
                  00019e0c    00000078     mission_manager.o (.text.MissionManager_Pause)
                  00019e84    00000078     balance_ball_control.o (.text.command_offset_limited)
                  00019efc    00000078     h_task_controller.o (.text.h_start_car)
                  00019f74    00000078     oled.o (.text.oled_write_command)
                  00019fec    00000074     balance_ball_control.o (.text.command_offset)
                  0001a060    00000074     motor_control.o (.text.latch_control_error)
                  0001a0d4    00000070     gimbal_stepper.o (.text.GimbalStepper_Release)
                  0001a144    00000070     h_task_controller.o (.text.HTaskController_SetChassisTuning)
                  0001a1b4    00000070     h_task_controller.o (.text.h_apply_chassis_profile)
                  0001a224    00000070     balance_tuning.o (.text.serial_calibration_confirm)
                  0001a294    0000006e     track_sensor.o (.text.TrackSensor_DetectTurn)
                  0001a302    00000002     vision_uart.o (.text.VisionUart_Process)
                  0001a304    00000068     mission_manager.o (.text.MissionManager_GetSelectedMissionIndex)
                  0001a36c    00000068     motor_control.o (.text.MotorControl_SetFeedforwardOverride)
                  0001a3d4    00000068     car_controller.o (.text.set_output_speed)
                  0001a43c    00000066     track_sensor.o (.text.TrackSensor_GetErrorFromRaw)
                  0001a4a2    00000002     libclang_rt.builtins.a : aeabi_div0.c.obj (.text.__aeabi_idiv0)
                  0001a4a4    00000064     balance_soft_limits.o (.text.BalanceSoftLimits_ResetPositionFault)
                  0001a508    00000064     balance_soft_limits.o (.text.BalanceSoftLimits_StartCalibrationJogSteps)
                  0001a56c    00000064     mission_manager.o (.text.MissionManager_Start)
                  0001a5d0    00000062     app.o (.text.App_ResetToReady)
                  0001a632    00000002     libclang_rt.builtins.a : aeabi_div0.c.obj (.text.__aeabi_ldiv0)
                  0001a634    00000062                            : aeabi_fcmp.S.obj (.text.__aeabi_fcmp)
                  0001a696    00000062     libc.a : memset16.S.obj (.text:memset)
                  0001a6f8    00000060     balance_tuning.o (.text.UART2_IRQHandler)
                  0001a758    00000060     libclang_rt.builtins.a : fixsfdi.S.obj (.text.__fixsfdi)
                  0001a7b8    0000005c     ultrasonic.o (.text.Ultrasonic_Update_20ms)
                  0001a814    0000005c     vision_receiver.o (.text.VisionReceiver_Init)
                  0001a870    0000005c     motion_action.o (.text.motion_action_start_imu_controller)
                  0001a8cc    0000005c     vision_protocol.o (.text.parse_u32)
                  0001a928    0000005c     car_controller.o (.text.speed_cmps_to_normalized_command)
                  0001a984    0000005c     balance_soft_limits.o (.text.test_start_target)
                  0001a9e0    00000058     balance_encoder.o (.text.BalanceEncoder_Init)
                  0001aa38    00000058     car_controller.o (.text.CarController_StartFollowLineAtCommand)
                  0001aa90    00000058     mission_manager.o (.text.MissionManager_Init)
                  0001aae8    00000058     oled.o (.text.OLED_PrintChar)
                  0001ab40    00000058     balance_ball_control.o (.text.ensure_tracking_started)
                  0001ab98    00000056     libclang_rt.builtins.a : aeabi_idivmod.S.obj (.text.__aeabi_idivmod)
                  0001abee    00000002     --HOLE-- [fill = 0]
                  0001abf0    00000054     balance_soft_limits.o (.text.BalanceSoftLimits_BeginFullCalibrationAtCurrentAsZero)
                  0001ac44    00000054     car_controller.o (.text.CarController_Stop)
                  0001ac98    00000054     mission_manager.o (.text.MissionManager_Reset)
                  0001acec    00000054     track_sensor.o (.text.TrackSensor_ReadRaw)
                  0001ad40    00000054     watchdog_monitor.o (.text.WatchdogMonitor_ApplyFaultIfNeeded)
                  0001ad94    00000050     balance_position_control.o (.text.BalancePositionControl_SetTrackingTarget)
                  0001ade4    00000050     balance_soft_limits.o (.text.BalanceSoftLimits_GetSnapshot)
                  0001ae34    00000050     ultrasonic.o (.text.Ultrasonic_Init)
                  0001ae84    00000050     watchdog_monitor.o (.text.WatchdogMonitor_Tick1msFromIsr)
                  0001aed4    0000004e     libclang_rt.builtins.a : floatdisf.S.obj (.text.__floatdisf)
                  0001af22    00000002     --HOLE-- [fill = 0]
                  0001af24    0000004c     car_controller.o (.text.CarController_StartFollowLine)
                  0001af70    0000004c     motor_control.o (.text.MotorControl_Stop)
                  0001afbc    0000004c     libc.a : cpy_tbl.c.obj (.text.copy_in)
                  0001b008    0000004c     vision_protocol.o (.text.state_is_valid)
                  0001b054    0000004c     libc.a : autoinit.c.obj (.text:__TI_auto_init_nopinit)
                  0001b0a0    00000048     balance_ball_control.o (.text.BalanceBallControl_ResetConfig)
                  0001b0e8    00000048     car_controller.o (.text.CarController_ResumeFollowLine)
                  0001b130    00000048     driverlib.a : dl_uart.o (.text.DL_UART_init)
                  0001b178    00000048     mission_manager.o (.text.MissionManager_Cancel)
                  0001b1c0    00000048     ti_msp_dl_config.o (.text.SYSCFG_DL_initPower)
                  0001b208    00000046     balance_tuning.o (.text.parse_u16)
                  0001b24e    00000002     --HOLE-- [fill = 0]
                  0001b250    00000044     balance_tuning.o (.text.BalanceTuning_AbortCalibrationSession)
                  0001b294    00000044     emergency_stop.o (.text.EmergencyStop_Reset)
                  0001b2d8    00000044     encoder.o (.text.Encoder_GetAndClearPulseDeltas)
                  0001b31c    00000044     imu.o (.text.Imu_ResetYaw)
                  0001b360    00000044     servo.o (.text.Servo_Tick100us)
                  0001b3a4    00000044     menu.o (.text.menu_recover_balance_axis_after_reset)
                  0001b3e8    00000040     balance_encoder.o (.text.BalanceEncoder_GetSnapshot)
                  0001b428    00000040     balance_soft_limits.o (.text.BalanceSoftLimits_StopMotion)
                  0001b468    00000040     fault.o (.text.Fault_Raise)
                  0001b4a8    00000040     ti_msp_dl_config.o (.text.SYSCFG_DL_SYSCTL_init)
                  0001b4e8    00000040     vision_receiver.o (.text.VisionReceiver_PushByteFromIsr)
                  0001b528    00000040     vision_uart.o (.text.VisionUart_Init)
                  0001b568    00000040     libclang_rt.builtins.a : aeabi_uidivmod.S.obj (.text.__aeabi_uidivmod)
                  0001b5a8    00000040     balance_tuning.o (.text.abort_serial_calibration)
                  0001b5e8    00000040     vision_protocol.o (.text.parse_confidence)
                  0001b628    0000003e     libclang_rt.builtins.a : divmoddi4.c.obj (.text.__divmoddi4)
                  0001b666    00000002     --HOLE-- [fill = 0]
                  0001b668    0000003c     balance_position_control.o (.text.BalancePositionControl_Cancel)
                  0001b6a4    0000003c     mission_manager.o (.text.MissionManager_Resume)
                  0001b6e0    0000003c     motor_control.o (.text.MotorControl_Init)
                  0001b71c    0000003c     servo.o (.text.Servo_SetAngleDeg)
                  0001b758    0000003c     libclang_rt.builtins.a : floatsisf.S.obj (.text.__floatsisf)
                  0001b794    0000003c                            : comparesf2.S.obj (.text.__gtsf2)
                  0001b7d0    0000003c     balance_position_control.o (.text.latch_fault)
                  0001b80c    0000003a     libclang_rt.builtins.a : comparesf2.S.obj (.text.__eqsf2)
                  0001b846    00000002     --HOLE-- [fill = 0]
                  0001b848    0000003a                            : muldsi3.S.obj (.text.__muldsi3)
                  0001b882    00000002     --HOLE-- [fill = 0]
                  0001b884    00000038     balance_ball_control.o (.text.BalanceBallControl_SetTargetMm)
                  0001b8bc    00000038     emergency_stop.o (.text.EmergencyStop_Trigger)
                  0001b8f4    00000038     motion_action.o (.text.MotionAction_Cancel)
                  0001b92c    00000038     libclang_rt.builtins.a : fixsfsi.S.obj (.text.__fixsfsi)
                  0001b964    00000034     balance_position_control.o (.text.BalancePositionControl_SetTrackingThresholds)
                  0001b998    00000034     h_task_controller.o (.text.HTaskController_RequestNormalStop)
                  0001b9cc    00000034     imu.o (.text.Imu_IsReady)
                  0001ba00    00000034     h_task_controller.o (.text.h_enter_vision_hold)
                  0001ba34    00000034     balance_tuning.o (.text.serial_calibration_jog)
                  0001ba68    00000032     oled.o (.text.OLED_PrintString)
                  0001ba9a    00000002     --HOLE-- [fill = 0]
                  0001ba9c    00000030     key.o (.text.Key_Init)
                  0001bacc    00000030     line_controller.o (.text.LineController_ObserveSensors)
                  0001bafc    00000030     watchdog_monitor.o (.text.WatchdogMonitor_Init)
                  0001bb2c    00000030     watchdog_monitor.o (.text.WatchdogMonitor_Reset)
                  0001bb5c    00000030     h_task_controller.o (.text.h_fault)
                  0001bb8c    0000002c     balance_position_control.o (.text.BalancePositionControl_StartTracking)
                  0001bbb8    0000002c     car_controller.o (.text.CarController_SetFollowLineBaseCommand)
                  0001bbe4    0000002c     encoder.o (.text.Encoder_Reset)
                  0001bc10    0000002c     track_sensor.o (.text.TrackSensor_CountBlack)
                  0001bc3c    00000028     balance_soft_limits.o (.text.BalanceSoftLimits_CancelTravelTest)
                  0001bc64    00000028     driverlib.a : dl_flashctl.o (.text.DL_FlashCTL_programMemoryFromRAM64WithECCGenerated)
                  0001bc8c    00000010                 : dl_flashctl.o (.tramp.DL_FlashCTL_executeCommandFromRAM.1)
                  0001bc9c    00000028     emergency_stop.o (.text.EmergencyStop_Enforce)
                  0001bcc4    00000028     magnet.o (.text.Magnet_ForceOff)
                  0001bcec    00000028     ti_msp_dl_config.o (.text.SYSCFG_DL_init)
                  0001bd14    00000028     servo.o (.text.Servo_Init)
                  0001bd3c    00000028     libclang_rt.builtins.a : floatunsisf.S.obj (.text.__floatunsisf)
                  0001bd64    00000028     libc.a : boot_cortex_m.c.obj (.text:_c_int00_noargs)
                  0001bd8c    00000024     balance_encoder.o (.text.BalanceEncoder_SampleSpeed10msFromIsr)
                  0001bdb0    00000024     balance_position_control.o (.text.BalancePositionControl_GetSnapshot)
                  0001bdd4    00000024     balance_soft_limits.o (.text.BalanceSoftLimits_CancelOscillationTest)
                  0001bdf8    00000024     gimbal_stepper.o (.text.GimbalStepper_GetFeedbackSnapshot)
                  0001be1c    00000024     h_task_controller.o (.text.HTaskController_VehicleToString)
                  0001be40    00000024     line_controller.o (.text.LineController_ClearProfileOverride)
                  0001be64    00000024     menu.o (.text.Menu_Init)
                  0001be88    00000024     mission_manager.o (.text.MissionManager_ReportExternalFailure)
                  0001beac    00000024     motion_action.o (.text.MotionAction_Init)
                  0001bed0    00000024     motor_control.o (.text.MotorControl_Reset)
                  0001bef4    00000024     oled.o (.text.OLED_ClearBuffer)
                  0001bf18    00000024     libclang_rt.builtins.a : muldi3.S.obj (.text.__muldi3)
                  0001bf3c    00000020     balance_ball_control.o (.text.BalanceBallControl_ForceStop)
                  0001bf5c    00000020     driverlib.a : dl_timer.o (.text.DL_Timer_overrideCCPOut)
                  0001bf7c    00000020     debug_telemetry.o (.text.DebugTelemetry_Update)
                  0001bf9c    00000020     empty.o (.text.GROUP1_IRQHandler)
                  0001bfbc    00000020     magnet.o (.text.Magnet_Init)
                  0001bfdc    00000020     oled.o (.text.OLED_SetCursor)
                  0001bffc    00000020     empty.o (.text.SchedulerMonitor_GetStats)
                  0001c01c    00000020     vision_receiver.o (.text.VisionReceiver_GetProtocolErrorCount)
                  0001c03c    00000020     libc.a : memcmp.c.obj (.text.memcmp)
                  0001c05c    00000020     mission_manager.o (.text.mission_finish_error)
                  0001c07c    0000001e     libclang_rt.builtins.a : ashldi3.S.obj (.text.__ashldi3)
                  0001c09a    00000002     --HOLE-- [fill = 0]
                  0001c09c    0000001c     balance_ball_control.o (.text.BalanceBallControl_Disable)
                  0001c0b8    0000001c     balance_ball_control.o (.text.BalanceBallControl_GetConfig)
                  0001c0d4    0000001c     driverlib.a : dl_timer.o (.text.DL_Timer_setCaptCompUpdateMethod)
                  0001c0f0    0000001c                 : dl_timer.o (.text.DL_Timer_setClockConfig)
                  0001c10c    0000001c     h_task_controller.o (.text.HTaskController_GetSnapshot)
                  0001c128    0000001c     h_task_controller.o (.text.HTaskController_IsActive)
                  0001c144    0000001c     h_task_controller.o (.text.HTaskController_StateToString)
                  0001c160    0000001c     heading_control.o (.text.HeadingControl_SetTargetYaw)
                  0001c17c    0000001c     motor_control.o (.text.MotorControl_ClearFeedforwardOverride)
                  0001c198    0000001c     obstacle_monitor.o (.text.ObstacleMonitor_Init)
                  0001c1b4    0000001c     obstacle_safety.o (.text.ObstacleSafety_Init)
                  0001c1d0    0000001c     watchdog_monitor.o (.text.WatchdogMonitor_NotifyControlCycleComplete)
                  0001c1ec    0000001c     mission_manager.o (.text.mission_finish_success)
                  0001c208    00000018     driverlib.a : dl_flashctl.o (.text.DL_FlashCTL_eraseMemoryFromRAM)
                  0001c220    00000018                 : dl_timer.o (.text.DL_Timer_setCaptureCompareOutCtl)
                  0001c238    00000018     debug_telemetry.o (.text.DebugTelemetry_Init)
                  0001c250    00000018     heading_control.o (.text.HeadingControl_Init)
                  0001c268    00000018     heading_control.o (.text.HeadingControl_Reset)
                  0001c280    00000018     menu.o (.text.Menu_ParamItemToString)
                  0001c298    00000018     mission_library.o (.text.MissionLibrary_FindById)
                  0001c2b0    00000018     obstacle_avoidance.o (.text.ObstacleAvoidance_Init)
                  0001c2c8    00000018     runtime_snapshot.o (.text.RuntimeSnapshot_Init)
                  0001c2e0    00000016     libclang_rt.builtins.a : comparesf2.S.obj (.text.__unordsf2)
                  0001c2f6    00000002     --HOLE-- [fill = 0]
                  0001c2f8    00000014     balance_ball_control.o (.text.BalanceBallControl_GetSnapshot)
                  0001c30c    00000014     fault.o (.text.Fault_Clear)
                  0001c320    00000014     fault.o (.text.Fault_Init)
                  0001c334    00000014     gimbal_stepper.o (.text.GimbalStepper_SetStepHalfPeriodTicks)
                  0001c348    00000014     h_task_controller.o (.text.HTaskController_GetChassisTuning)
                  0001c35c    00000014     heading_control.o (.text.HeadingControl_Enable)
                  0001c370    00000014     mission_library.o (.text.MissionLibrary_GetByIndex)
                  0001c384    00000014     mission_manager.o (.text.MissionManager_GetSelectedMissionId)
                  0001c398    00000014     libclang_rt.builtins.a : aeabi_ldivmod.S.obj (.text.__aeabi_ldivmod)
                  0001c3ac    00000014                            : aeabi_uldivmod.S.obj (.text.__aeabi_uldivmod)
                  0001c3c0    00000012     driverlib.a : dl_uart.o (.text.DL_UART_setClockConfig)
                  0001c3d2    00000012     libc.a : copy_decompress_none.c.obj (.text:decompress:none)
                  0001c3e4    00000010     balance_position_control.o (.text.BalancePositionControl_HasFault)
                  0001c3f4    00000010     driverlib.a : dl_timer.o (.text.DL_Timer_setCaptureCompareValue)
                  0001c404    00000010     gimbal.o (.text.Gimbal_YawGetFeedback)
                  0001c414    00000010     h_task_controller.o (.text.HTaskController_HasFault)
                  0001c424    00000010     key.o (.text.Key_GetEvent)
                  0001c434    00000010     vision_receiver.o (.text.VisionReceiver_RecordUartBreakErrorFromIsr)
                  0001c444    00000010     vision_receiver.o (.text.VisionReceiver_RecordUartFramingErrorFromIsr)
                  0001c454    00000010     vision_receiver.o (.text.VisionReceiver_RecordUartOverrunFromIsr)
                  0001c464    00000010     vision_receiver.o (.text.VisionReceiver_RecordUartParityErrorFromIsr)
                  0001c474    00000010     libc.a : copy_zero_init.c.obj (.text:decompress:ZI)
                  0001c484    0000000c     balance_encoder.o (.text.BalanceEncoder_GetCountAtomic)
                  0001c490    0000000c     balance_position_control.o (.text.BalancePositionControl_IsBusy)
                  0001c49c    0000000c     balance_soft_limits.o (.text.BalanceSoftLimits_CancelCalibrationJog)
                  0001c4a8    0000000c     balance_soft_limits.o (.text.BalanceSoftLimits_IsCalibrationActive)
                  0001c4b4    0000000c     balance_soft_limits.o (.text.BalanceSoftLimits_IsOscillationTestActive)
                  0001c4c0    0000000c     balance_soft_limits.o (.text.BalanceSoftLimits_IsTravelTestActive)
                  0001c4cc    0000000c     car_controller.o (.text.CarController_GetRunMode)
                  0001c4d8    0000000c     car_controller.o (.text.CarController_Init)
                  0001c4e4    0000000c     car_controller.o (.text.CarController_IsSafetyHoldActive)
                  0001c4f0    0000000c     car_state.o (.text.CarState_Get)
                  0001c4fc    0000000c     car_state.o (.text.CarState_Init)
                  0001c508    0000000c     car_state.o (.text.CarState_Set)
                  0001c514    0000000c     emergency_stop.o (.text.EmergencyStop_Init)
                  0001c520    0000000c     emergency_stop.o (.text.EmergencyStop_IsActive)
                  0001c52c    0000000c     imu.o (.text.Imu_GetCorrectedGyroZDps)
                  0001c538    0000000c     imu.o (.text.Imu_GetYaw)
                  0001c544    0000000c     menu.o (.text.Menu_GetPage)
                  0001c550    0000000c     menu.o (.text.Menu_GetParamItem)
                  0001c55c    0000000c     mission_manager.o (.text.MissionManager_IsExternallyHeld)
                  0001c568    0000000c     mission_manager.o (.text.MissionManager_SetExternalHold)
                  0001c574    0000000c     obstacle_avoidance.o (.text.ObstacleAvoidance_IsActive)
                  0001c580    0000000c     obstacle_avoidance.o (.text.ObstacleAvoidance_IsFailed)
                  0001c58c    0000000c     obstacle_safety.o (.text.ObstacleSafety_IsHolding)
                  0001c598    0000000c     empty.o (.text.SystemTime_GetMs)
                  0001c5a4    0000000c     watchdog_monitor.o (.text.WatchdogMonitor_HasTripped)
                  0001c5b0    0000000c     libclang_rt.builtins.a : aeabi_memset.S.obj (.text.__aeabi_memclr)
                  0001c5bc    0000000a     driverlib.a : dl_common.o (.text.DL_Common_delayCycles)
                  0001c5c6    0000000a     motion_action.o (.text.MotionAction_Resume)
                  0001c5d0    0000000a     motion_action.o (.text.MotionAction_Start)
                  0001c5da    0000000a     track_sensor.o (.text.TrackSensor_IsCenterDetected)
                  0001c5e4    0000000a     track_sensor.o (.text.TrackSensor_IsLineDetected)
                  0001c5ee    0000000a     track_sensor.o (.text.TrackSensor_IsLineLost)
                  0001c5f8    00000008     balance_soft_limits.o (.text.BalanceSoftLimits_CancelPositionMove)
                  0001c600    00000008     balance_soft_limits.o (.text.BalanceSoftLimits_IsPositionMoveActive)
                  0001c608    00000008     bluetooth_uart.o (.text.BluetoothUart_GetRuntime)
                  0001c610    00000008     car_controller.o (.text.CarController_GetFeedback)
                  0001c618    00000008     fault.o (.text.Fault_GetRecord)
                  0001c620    00000008     gimbal_stepper.o (.text.GimbalStepper_GetFeedback)
                  0001c628    00000008     heading_control.o (.text.HeadingControl_GetRuntime)
                  0001c630    00000008     imu.o (.text.Imu_GetRuntime)
                  0001c638    00000008     line_controller.o (.text.LineController_GetRuntime)
                  0001c640    00000008     mission_manager.o (.text.MissionManager_GetMissionCount)
                  0001c648    00000008     mission_manager.o (.text.MissionManager_GetRuntime)
                  0001c650    00000008     motion_action.o (.text.MotionAction_GetRuntime)
                  0001c658    00000008     motor_control.o (.text.MotorControl_GetRuntime)
                  0001c660    00000008     obstacle_avoidance.o (.text.ObstacleAvoidance_GetFeedback)
                  0001c668    00000008     obstacle_monitor.o (.text.ObstacleMonitor_GetFeedback)
                  0001c670    00000008     oled_ui.o (.text.OledUi_Init)
                  0001c678    00000008     runtime_snapshot.o (.text.RuntimeSnapshot_Get)
                  0001c680    00000008     servo.o (.text.Servo_GetFeedback)
                  0001c688    00000008     ultrasonic.o (.text.Ultrasonic_GetFeedback)
                  0001c690    00000008     vision_receiver.o (.text.VisionReceiver_GetBallPositionObservation)
                  0001c698    00000008     vision_receiver.o (.text.VisionReceiver_GetStatus)
                  0001c6a0    00000008     vision_tuning_console.o (.text.VisionTuningConsole_GetStatus)
                  0001c6a8    00000008     watchdog_monitor.o (.text.WatchdogMonitor_GetStatus)
                  0001c6b0    00000008     wheel_speed_estimator.o (.text.WheelSpeedEstimator_GetRuntime)
                  0001c6b8    00000008     libclang_rt.builtins.a : aeabi_memcpy.S.obj (.text.__aeabi_memcpy)
                  0001c6c0    00000006     libc.a : exit.c.obj (.text:abort)
                  0001c6c6    00000004     mission_library.o (.text.MissionLibrary_GetCount)
                  0001c6ca    00000004     obstacle_avoidance.o (.text.ObstacleAvoidance_IsResumeGraceActive)
                  0001c6ce    00000004     startup_mspm0g350x_ticlang.o (.text.Reset_Handler)
                  0001c6d2    00000002     --HOLE-- [fill = 0]
                  0001c6d4    00000010     libc.a : boot_cortex_m.c.obj (.tramp._c_int00_noargs.1)
                  0001c6e4    00000004            : pre_init.c.obj (.text._system_pre_init)
                  0001c6e8    00000008     --HOLE-- [fill = 0]

.TI.ramfunc 
*          0    0001d5a8    00000060     RUN ADDR = 20201a58
                  0001d5a8    00000060     driverlib.a : dl_flashctl.o (.TI.ramfunc)

.cinit     0    0001d608    00000030     
                  0001d608    0000000c     (__TI_handler_table)
                  0001d614    00000008     (.cinit..bss.load) [load image, compression = zero_init]
                  0001d61c    00000005     (.cinit..data.load) [load image, compression = lzss]
                  0001d621    00000003     --HOLE-- [fill = 0]
                  0001d624    00000010     (__TI_cinit_table)
                  0001d634    00000004     --HOLE-- [fill = 0]

.rodata    0    0001c6f0    00000eb8     
                  0001c6f0    000000d8     oled.o (.rodata..Lswitch.table.OLED_PrintChar)
                  0001c7c8    00000050     mission_library.o (.rodata.g_missionRegistry)
                  0001c818    00000048     menu.o (.rodata..Lswitch.table.Menu_ParamItemToString)
                  0001c860    0000003c     balance_tuning.o (.rodata..Lswitch.table.send_debug_receiver)
                  0001c89c    00000038     oled_ui.o (.rodata..Lswitch.table.print_balance_vision_rx_debug_page)
                  0001c8d4    00000034     oled_ui.o (.rodata..Lswitch.table.print_status_page)
                  0001c908    00000030     mission_library.o (.rodata.g_missionH3)
                  0001c938    00000030     mission_library.o (.rodata.g_missionH4)
                  0001c968    00000030     mission_library.o (.rodata.g_missionH5)
                  0001c998    00000030     mission_library.o (.rodata.g_missionH6)
                  0001c9c8    00000030     mission_library.o (.rodata.g_missionTask1)
                  0001c9f8    0000002c     balance_tuning.o (.rodata..Lswitch.table.send_debug_controller.182)
                  0001ca24    00000028     oled_ui.o (.rodata..Lswitch.table.print_h_task_status_page.230)
                  0001ca4c    00000024     h_task_controller.o (.rodata..Lswitch.table.HTaskController_StateToString)
                  0001ca70    00000020     oled_ui.o (.rodata..Lswitch.table.print_balance_vision_page)
                  0001ca90    00000020     balance_tuning.o (.rodata..Lswitch.table.send_debug_controller.181)
                  0001cab0    00000020     balance_tuning.o (.rodata..Lswitch.table.send_debug_filter)
                  0001cad0    0000001c     oled_ui.o (.rodata..Lswitch.table.print_balance_stepper_test_page.226)
                  0001caec    0000001c     oled_ui.o (.rodata..Lswitch.table.print_balance_vision_page.227)
                  0001cb08    0000001c     oled_ui.o (.rodata..Lswitch.table.print_drive_distance_page)
                  0001cb24    0000001c     oled_ui.o (.rodata..Lswitch.table.print_h_task_status_page)
                  0001cb40    00000018     oled_ui.o (.rodata..Lswitch.table.print_status_page.228)
                  0001cb58    00000018     balance_tuning.o (.rodata..Lswitch.table.send_debug_position_fault)
                  0001cb70    00000018     balance_tuning.o (.rodata.str1.12203727298384633765.1)
                  0001cb88    00000017     balance_tuning.o (.rodata.str1.7429938449141376701.1)
                  0001cb9f    00000015     balance_tuning.o (.rodata.str1.12153495617120739732.1)
                  0001cbb4    00000014     mission_library.o (.rodata..Lswitch.table.MissionLibrary_FindById)
                  0001cbc8    00000014     oled_ui.o (.rodata..Lswitch.table.print_balance_stepper_test_page.220)
                  0001cbdc    00000014     oled_ui.o (.rodata..Lswitch.table.print_balance_stepper_test_page.222)
                  0001cbf0    00000014     oled_ui.o (.rodata..Lswitch.table.print_status_page.229)
                  0001cc04    00000014     balance_tuning.o (.rodata.str1.16828945227823925029.1)
                  0001cc18    00000013     oled_ui.o (.rodata.str1.13871579367539052597.1)
                  0001cc2b    00000013     balance_tuning.o (.rodata.str1.14264142961881584424.1)
                  0001cc3e    00000012     balance_tuning.o (.rodata.str1.8563474565901259281.1)
                  0001cc50    00000011     oled_ui.o (.rodata.str1.15132332204781002199.1)
                  0001cc61    00000011     oled_ui.o (.rodata.str1.17436941090773226089.1)
                  0001cc72    00000011     oled_ui.o (.rodata.str1.2603845803395459882.1)
                  0001cc83    00000011     oled_ui.o (.rodata.str1.2608729314174233125.1)
                  0001cc94    00000011     oled_ui.o (.rodata.str1.9992244628984851027.1)
                  0001cca5    00000003     ti_msp_dl_config.o (.rodata.gPWM_MOTORClockConfig)
                  0001cca8    00000010     oled_ui.o (.rodata..Lswitch.table.print_balance_stepper_test_page.223)
                  0001ccb8    00000010     balance_encoder.o (.rodata.cst16)
                  0001ccc8    00000010     oled_ui.o (.rodata.str1.2656948373757303877.1)
                  0001ccd8    0000000f     menu.o (.rodata..Lswitch.table.Menu_HandleKeyEvent)
                  0001cce7    0000000f     oled_ui.o (.rodata.str1.17274519358952562110.1)
                  0001ccf6    0000000f     oled_ui.o (.rodata.str1.2397705740312973058.1)
                  0001cd05    0000000f     oled_ui.o (.rodata.str1.9351772214919528733.1)
                  0001cd14    0000000f     oled_ui.o (.rodata.str1.9854382722193312766.1)
                  0001cd23    0000000e     oled_ui.o (.rodata.str1.11232419324784801130.1)
                  0001cd31    0000000e     balance_tuning.o (.rodata.str1.1264218299910966159.1)
                  0001cd3f    0000000e     balance_tuning.o (.rodata.str1.12833110812472946424.1)
                  0001cd4d    0000000e     mission_library.o (.rodata.str1.1440970855772709381.1)
                  0001cd5b    0000000e     oled_ui.o (.rodata.str1.14556837007311414654.1)
                  0001cd69    0000000e     oled_ui.o (.rodata.str1.15917848551323629232.1)
                  0001cd77    0000000e     oled_ui.o (.rodata.str1.18266126048138325213.1)
                  0001cd85    0000000e     oled_ui.o (.rodata.str1.2193316011307952170.1)
                  0001cd93    0000000e     balance_tuning.o (.rodata.str1.3233384059104302595.1)
                  0001cda1    0000000e     oled_ui.o (.rodata.str1.8124536758062367015.1)
                  0001cdaf    0000000d     balance_tuning.o (.rodata.str1.12787636963787307533.1)
                  0001cdbc    0000000d     mission_library.o (.rodata.str1.15668266851434757964.1)
                  0001cdc9    0000000d     balance_tuning.o (.rodata.str1.2068070733339245865.1)
                  0001cdd6    0000000d     balance_tuning.o (.rodata.str1.7303502640274702539.1)
                  0001cde3    0000000d     balance_tuning.o (.rodata.str1.7805572866881257290.1)
                  0001cdf0    0000000c     oled_ui.o (.rodata..Lswitch.table.print_balance_stepper_test_page.221)
                  0001cdfc    0000000c     oled_ui.o (.rodata..Lswitch.table.print_balance_stepper_test_page.224)
                  0001ce08    0000000c     oled_ui.o (.rodata..Lswitch.table.print_balance_stepper_test_page)
                  0001ce14    0000000c     oled_ui.o (.rodata..Lswitch.table.print_sensor_page)
                  0001ce20    0000000c     balance_tuning.o (.rodata..Lswitch.table.send_calibration_status)
                  0001ce2c    0000000c     oled_ui.o (.rodata.str1.1019225241002246410.1)
                  0001ce38    0000000c     balance_tuning.o (.rodata.str1.11153751536558257278.1)
                  0001ce44    0000000c     mission_library.o (.rodata.str1.11682660667400632204.1)
                  0001ce50    0000000c     oled_ui.o (.rodata.str1.12043213579996415112.1)
                  0001ce5c    0000000c     balance_tuning.o (.rodata.str1.14379570804519814092.1)
                  0001ce68    0000000c     oled_ui.o (.rodata.str1.5965450730569173784.1)
                  0001ce74    0000000b     oled_ui.o (.rodata.str1.130772507669342127.1)
                  0001ce7f    0000000b     balance_tuning.o (.rodata.str1.13927408975829028648.1)
                  0001ce8a    0000000b     balance_tuning.o (.rodata.str1.16995373371140357553.1)
                  0001ce95    0000000b     balance_tuning.o (.rodata.str1.2700731884220140365.1)
                  0001cea0    0000000b     oled_ui.o (.rodata.str1.3455423528827705371.1)
                  0001ceab    0000000b     oled_ui.o (.rodata.str1.3702290527496711532.1)
                  0001ceb6    0000000b     balance_tuning.o (.rodata.str1.4113204610233820215.1)
                  0001cec1    0000000b     balance_tuning.o (.rodata.str1.9462028229935726468.1)
                  0001cecc    0000000a     ti_msp_dl_config.o (.rodata.gUART_BALANCE_TUNINGConfig)
                  0001ced6    0000000a     ti_msp_dl_config.o (.rodata.gUART_VISIONConfig)
                  0001cee0    0000000a     oled_ui.o (.rodata.str1.1108652269057166745.1)
                  0001ceea    0000000a     balance_tuning.o (.rodata.str1.11429545149414127667.1)
                  0001cef4    0000000a     balance_tuning.o (.rodata.str1.11965935882277854026.1)
                  0001cefe    0000000a     balance_tuning.o (.rodata.str1.1225708768031363644.1)
                  0001cf08    0000000a     balance_tuning.o (.rodata.str1.12662652760121154555.1)
                  0001cf12    0000000a     mission_library.o (.rodata.str1.13636476544574750902.1)
                  0001cf1c    0000000a     balance_tuning.o (.rodata.str1.14407532796619091063.1)
                  0001cf26    0000000a     oled_ui.o (.rodata.str1.16931641404301806744.1)
                  0001cf30    0000000a     balance_tuning.o (.rodata.str1.190387033829999932.1)
                  0001cf3a    0000000a     oled_ui.o (.rodata.str1.1974573040514735405.1)
                  0001cf44    0000000a     mission_library.o (.rodata.str1.199678142196697465.1)
                  0001cf4e    0000000a     oled_ui.o (.rodata.str1.5291836437463020264.1)
                  0001cf58    0000000a     oled_ui.o (.rodata.str1.6381889798382488904.1)
                  0001cf62    00000009     balance_tuning.o (.rodata.str1.13060521858833474728.1)
                  0001cf6b    00000009     balance_tuning.o (.rodata.str1.16006537837561361483.1)
                  0001cf74    00000009     oled_ui.o (.rodata.str1.240075016795266086.1)
                  0001cf7d    00000009     oled_ui.o (.rodata.str1.4402311448527872260.1)
                  0001cf86    00000009     balance_tuning.o (.rodata.str1.9007449870089704693.1)
                  0001cf8f    00000009     oled_ui.o (.rodata.str1.9646571805098343045.1)
                  0001cf98    00000008     ti_msp_dl_config.o (.rodata.gPWM_MOTORConfig)
                  0001cfa0    00000008     balance_tuning.o (.rodata.str1.10864470326470540157.1)
                  0001cfa8    00000008     balance_tuning.o (.rodata.str1.12637522976786142932.1)
                  0001cfb0    00000008     balance_tuning.o (.rodata.str1.12835793291258929699.1)
                  0001cfb8    00000008     oled_ui.o (.rodata.str1.12928245060369742404.1)
                  0001cfc0    00000008     app.o (.rodata.str1.13935281678674483141.1)
                  0001cfc8    00000008     balance_tuning.o (.rodata.str1.15818174819141905252.1)
                  0001cfd0    00000008     oled_ui.o (.rodata.str1.270145429241168923.1)
                  0001cfd8    00000008     balance_tuning.o (.rodata.str1.3392284968516405332.1)
                  0001cfe0    00000008     balance_tuning.o (.rodata.str1.7071644105955104486.1)
                  0001cfe8    00000008     oled_ui.o (.rodata.str1.8703997732205428909.1)
                  0001cff0    00000007     oled_ui.o (.rodata.str1.10263419832828250601.1)
                  0001cff7    00000007     balance_tuning.o (.rodata.str1.11690988241288759035.1)
                  0001cffe    00000007     oled_ui.o (.rodata.str1.12571791089077708471.1)
                  0001d005    00000007     oled_ui.o (.rodata.str1.13750180467131823662.1)
                  0001d00c    00000007     oled_ui.o (.rodata.str1.14132186318895045592.1)
                  0001d013    00000007     oled_ui.o (.rodata.str1.15613891207764622616.1)
                  0001d01a    00000007     h_task_controller.o (.rodata.str1.15725356076850704266.1)
                  0001d021    00000007     balance_tuning.o (.rodata.str1.15769814967733252227.1)
                  0001d028    00000007     oled_ui.o (.rodata.str1.16635595130967924751.1)
                  0001d02f    00000007     oled_ui.o (.rodata.str1.16767111097834273992.1)
                  0001d036    00000007     h_task_controller.o (.rodata.str1.3267964509806984770.1)
                  0001d03d    00000007     balance_tuning.o (.rodata.str1.3829160663182747675.1)
                  0001d044    00000007     oled_ui.o (.rodata.str1.6473435968988645044.1)
                  0001d04b    00000007     oled_ui.o (.rodata.str1.6744096065564390185.1)
                  0001d052    00000007     balance_tuning.o (.rodata.str1.7224754546233542076.1)
                  0001d059    00000007     oled_ui.o (.rodata.str1.9135818829835424837.1)
                  0001d060    00000007     balance_tuning.o (.rodata.str1.9755989949770481844.1)
                  0001d067    00000006     oled_ui.o (.rodata.str1.11178346780556493352.1)
                  0001d06d    00000006     oled_ui.o (.rodata.str1.11388022865931857840.1)
                  0001d073    00000006     oled_ui.o (.rodata.str1.11794000050372113979.1)
                  0001d079    00000006     oled_ui.o (.rodata.str1.12617122458660443890.1)
                  0001d07f    00000006     oled_ui.o (.rodata.str1.1276391367487699528.1)
                  0001d085    00000006     balance_tuning.o (.rodata.str1.12987821060827392178.1)
                  0001d08b    00000006     balance_tuning.o (.rodata.str1.13102443532555841901.1)
                  0001d091    00000006     menu.o (.rodata.str1.13617062986815958976.1)
                  0001d097    00000006     oled_ui.o (.rodata.str1.13790669171379415506.1)
                  0001d09d    00000006     oled_ui.o (.rodata.str1.13875148296791986931.1)
                  0001d0a3    00000006     oled_ui.o (.rodata.str1.14824331111526742204.1)
                  0001d0a9    00000006     oled_ui.o (.rodata.str1.15802367878353263018.1)
                  0001d0af    00000006     oled_ui.o (.rodata.str1.15859922799842739878.1)
                  0001d0b5    00000006     balance_tuning.o (.rodata.str1.16284837996370273307.1)
                  0001d0bb    00000006     balance_tuning.o (.rodata.str1.16612448349671680203.1)
                  0001d0c1    00000006     oled_ui.o (.rodata.str1.17300182281883965258.1)
                  0001d0c7    00000006     oled_ui.o (.rodata.str1.17540787658903907660.1)
                  0001d0cd    00000006     balance_tuning.o (.rodata.str1.18012996296540459495.1)
                  0001d0d3    00000006     oled_ui.o (.rodata.str1.182352409660151230.1)
                  0001d0d9    00000006     balance_tuning.o (.rodata.str1.1862446224603202915.1)
                  0001d0df    00000006     oled_ui.o (.rodata.str1.2742282290834473644.1)
                  0001d0e5    00000006     oled_ui.o (.rodata.str1.3407221357956504873.1)
                  0001d0eb    00000006     oled_ui.o (.rodata.str1.35417727660486075.1)
                  0001d0f1    00000006     oled_ui.o (.rodata.str1.4206774382274784027.1)
                  0001d0f7    00000006     oled_ui.o (.rodata.str1.4723632947289500520.1)
                  0001d0fd    00000006     oled_ui.o (.rodata.str1.5359389153162985499.1)
                  0001d103    00000006     h_task_controller.o (.rodata.str1.6296723155108836847.1)
                  0001d109    00000006     oled_ui.o (.rodata.str1.6398192001994169976.1)
                  0001d10f    00000006     oled_ui.o (.rodata.str1.7050595558965647569.1)
                  0001d115    00000006     oled_ui.o (.rodata.str1.8709745090823444516.1)
                  0001d11b    00000006     oled_ui.o (.rodata.str1.967006512144173535.1)
                  0001d121    00000005     motion_action.o (.rodata..Lswitch.table.MotionAction_Update_20ms)
                  0001d126    00000005     oled.o (.rodata.oled_get_glyph.colon)
                  0001d12b    00000005     oled.o (.rodata.oled_get_glyph.eight)
                  0001d130    00000005     oled.o (.rodata.oled_get_glyph.five)
                  0001d135    00000005     oled.o (.rodata.oled_get_glyph.four)
                  0001d13a    00000005     oled.o (.rodata.oled_get_glyph.glyphA)
                  0001d13f    00000005     oled.o (.rodata.oled_get_glyph.glyphB)
                  0001d144    00000005     oled.o (.rodata.oled_get_glyph.glyphC)
                  0001d149    00000005     oled.o (.rodata.oled_get_glyph.glyphD)
                  0001d14e    00000005     oled.o (.rodata.oled_get_glyph.glyphE)
                  0001d153    00000005     oled.o (.rodata.oled_get_glyph.glyphF)
                  0001d158    00000005     oled.o (.rodata.oled_get_glyph.glyphG)
                  0001d15d    00000005     oled.o (.rodata.oled_get_glyph.glyphH)
                  0001d162    00000005     oled.o (.rodata.oled_get_glyph.glyphI)
                  0001d167    00000005     oled.o (.rodata.oled_get_glyph.glyphK)
                  0001d16c    00000005     oled.o (.rodata.oled_get_glyph.glyphL)
                  0001d171    00000005     oled.o (.rodata.oled_get_glyph.glyphM)
                  0001d176    00000005     oled.o (.rodata.oled_get_glyph.glyphN)
                  0001d17b    00000005     oled.o (.rodata.oled_get_glyph.glyphO)
                  0001d180    00000005     oled.o (.rodata.oled_get_glyph.glyphP)
                  0001d185    00000005     oled.o (.rodata.oled_get_glyph.glyphR)
                  0001d18a    00000005     oled.o (.rodata.oled_get_glyph.glyphS)
                  0001d18f    00000005     oled.o (.rodata.oled_get_glyph.glyphT)
                  0001d194    00000005     oled.o (.rodata.oled_get_glyph.glyphU)
                  0001d199    00000005     oled.o (.rodata.oled_get_glyph.glyphV)
                  0001d19e    00000005     oled.o (.rodata.oled_get_glyph.glyphW)
                  0001d1a3    00000005     oled.o (.rodata.oled_get_glyph.glyphX)
                  0001d1a8    00000005     oled.o (.rodata.oled_get_glyph.glyphY)
                  0001d1ad    00000005     oled.o (.rodata.oled_get_glyph.glyphb)
                  0001d1b2    00000005     oled.o (.rodata.oled_get_glyph.gt)
                  0001d1b7    00000005     oled.o (.rodata.oled_get_glyph.minus)
                  0001d1bc    00000005     oled.o (.rodata.oled_get_glyph.nine)
                  0001d1c1    00000005     oled.o (.rodata.oled_get_glyph.one)
                  0001d1c6    00000005     oled.o (.rodata.oled_get_glyph.seven)
                  0001d1cb    00000005     oled.o (.rodata.oled_get_glyph.six)
                  0001d1d0    00000005     oled.o (.rodata.oled_get_glyph.space)
                  0001d1d5    00000005     oled.o (.rodata.oled_get_glyph.three)
                  0001d1da    00000005     oled.o (.rodata.oled_get_glyph.two)
                  0001d1df    00000005     oled.o (.rodata.oled_get_glyph.zero)
                  0001d1e4    00000005     oled_ui.o (.rodata.str1.10077435089618835710.1)
                  0001d1e9    00000005     oled_ui.o (.rodata.str1.10509309789429088155.1)
                  0001d1ee    00000005     oled_ui.o (.rodata.str1.10568433575767188072.1)
                  0001d1f3    00000005     oled_ui.o (.rodata.str1.10600688730180713177.1)
                  0001d1f8    00000005     balance_tuning.o (.rodata.str1.10969382713942392268.1)
                  0001d1fd    00000005     oled_ui.o (.rodata.str1.11428648044669318875.1)
                  0001d202    00000005     oled_ui.o (.rodata.str1.1144361573494598876.1)
                  0001d207    00000005     balance_tuning.o (.rodata.str1.11520738983365952627.1)
                  0001d20c    00000005     oled_ui.o (.rodata.str1.11614055506586029288.1)
                  0001d211    00000005     oled_ui.o (.rodata.str1.11627403558423016802.1)
                  0001d216    00000005     oled_ui.o (.rodata.str1.11733562463285951762.1)
                  0001d21b    00000005     balance_tuning.o (.rodata.str1.11920933488914742755.1)
                  0001d220    00000005     menu.o (.rodata.str1.12110183915172842339.1)
                  0001d225    00000005     oled_ui.o (.rodata.str1.12182588061437138428.1)
                  0001d22a    00000005     oled_ui.o (.rodata.str1.12493748764729730277.1)
                  0001d22f    00000005     oled_ui.o (.rodata.str1.12595606217184830646.1)
                  0001d234    00000005     oled_ui.o (.rodata.str1.12888220461447056082.1)
                  0001d239    00000005     oled_ui.o (.rodata.str1.12983537867572525563.1)
                  0001d23e    00000005     oled_ui.o (.rodata.str1.13244290092665904221.1)
                  0001d243    00000005     oled_ui.o (.rodata.str1.13455707389137064912.1)
                  0001d248    00000005     oled_ui.o (.rodata.str1.13892659840332223045.1)
                  0001d24d    00000005     balance_tuning.o (.rodata.str1.14000290760835785496.1)
                  0001d252    00000005     oled_ui.o (.rodata.str1.14059743082376491124.1)
                  0001d257    00000005     fault.o (.rodata.str1.14435905801345341244.1)
                  0001d25c    00000005     oled_ui.o (.rodata.str1.1445687256832830955.1)
                  0001d261    00000005     oled_ui.o (.rodata.str1.14711868471336838103.1)
                  0001d266    00000005     oled_ui.o (.rodata.str1.14740362735394205067.1)
                  0001d26b    00000005     oled_ui.o (.rodata.str1.14774750633985060196.1)
                  0001d270    00000005     fault.o (.rodata.str1.1506612114648992996.1)
                  0001d275    00000005     balance_tuning.o (.rodata.str1.15919845898950636588.1)
                  0001d27a    00000005     oled_ui.o (.rodata.str1.15935041339501476673.1)
                  0001d27f    00000005     balance_tuning.o (.rodata.str1.16068706543213351269.1)
                  0001d284    00000005     balance_tuning.o (.rodata.str1.16276113701240659636.1)
                  0001d289    00000005     menu.o (.rodata.str1.1645282505431347711.1)
                  0001d28e    00000005     oled_ui.o (.rodata.str1.16496169091617228061.1)
                  0001d293    00000005     oled_ui.o (.rodata.str1.16895433903389883335.1)
                  0001d298    00000005     fault.o (.rodata.str1.17097894860660336008.1)
                  0001d29d    00000005     fault.o (.rodata.str1.17155043670132108083.1)
                  0001d2a2    00000005     oled_ui.o (.rodata.str1.17464849429964608858.1)
                  0001d2a7    00000005     balance_tuning.o (.rodata.str1.17549480707308297090.1)
                  0001d2ac    00000005     oled_ui.o (.rodata.str1.17678525341650131470.1)
                  0001d2b1    00000005     oled_ui.o (.rodata.str1.17719310104486814868.1)
                  0001d2b6    00000005     oled_ui.o (.rodata.str1.17763996158807330232.1)
                  0001d2bb    00000005     balance_tuning.o (.rodata.str1.17777434972134067752.1)
                  0001d2c0    00000005     oled_ui.o (.rodata.str1.17812014771544466701.1)
                  0001d2c5    00000005     oled_ui.o (.rodata.str1.18190418239766617312.1)
                  0001d2ca    00000005     fault.o (.rodata.str1.2104670281202025270.1)
                  0001d2cf    00000005     h_task_controller.o (.rodata.str1.2316076610917938976.1)
                  0001d2d4    00000005     oled_ui.o (.rodata.str1.2522137003438374266.1)
                  0001d2d9    00000005     balance_tuning.o (.rodata.str1.3025565282533664955.1)
                  0001d2de    00000005     oled_ui.o (.rodata.str1.3247264562726604308.1)
                  0001d2e3    00000005     balance_tuning.o (.rodata.str1.3946804622114928529.1)
                  0001d2e8    00000005     oled_ui.o (.rodata.str1.4145722311425911355.1)
                  0001d2ed    00000005     oled_ui.o (.rodata.str1.4193589846040060630.1)
                  0001d2f2    00000005     balance_tuning.o (.rodata.str1.4303511908001058520.1)
                  0001d2f7    00000005     fault.o (.rodata.str1.4453281041433270631.1)
                  0001d2fc    00000005     h_task_controller.o (.rodata.str1.4521604808130619732.1)
                  0001d301    00000005     fault.o (.rodata.str1.4549004730087743662.1)
                  0001d306    00000005     oled_ui.o (.rodata.str1.4551794666512319153.1)
                  0001d30b    00000005     oled_ui.o (.rodata.str1.4581472623415959594.1)
                  0001d310    00000005     balance_tuning.o (.rodata.str1.4612574170956397295.1)
                  0001d315    00000005     menu.o (.rodata.str1.4862307748908978627.1)
                  0001d31a    00000005     oled_ui.o (.rodata.str1.4932371652560868037.1)
                  0001d31f    00000005     balance_tuning.o (.rodata.str1.504352846468954294.1)
                  0001d324    00000005     balance_tuning.o (.rodata.str1.533910187409029848.1)
                  0001d329    00000005     oled_ui.o (.rodata.str1.5806700949489897179.1)
                  0001d32e    00000005     oled_ui.o (.rodata.str1.583767485161932155.1)
                  0001d333    00000005     oled_ui.o (.rodata.str1.5853739094453432564.1)
                  0001d338    00000005     oled_ui.o (.rodata.str1.58703915094955230.1)
                  0001d33d    00000005     oled_ui.o (.rodata.str1.5948326995020184415.1)
                  0001d342    00000005     h_task_controller.o (.rodata.str1.6223731695138908434.1)
                  0001d347    00000005     fault.o (.rodata.str1.6372787129294360447.1)
                  0001d34c    00000005     fault.o (.rodata.str1.6437946768974223044.1)
                  0001d351    00000005     oled_ui.o (.rodata.str1.6806727740681590176.1)
                  0001d356    00000005     oled_ui.o (.rodata.str1.7058381418100166061.1)
                  0001d35b    00000005     oled_ui.o (.rodata.str1.7419768602719733415.1)
                  0001d360    00000005     fault.o (.rodata.str1.8185770893384132067.1)
                  0001d365    00000005     oled_ui.o (.rodata.str1.8236579331345056500.1)
                  0001d36a    00000005     oled_ui.o (.rodata.str1.8353780705845994846.1)
                  0001d36f    00000005     oled_ui.o (.rodata.str1.8449035241871861290.1)
                  0001d374    00000005     oled_ui.o (.rodata.str1.8471462185882660445.1)
                  0001d379    00000005     oled_ui.o (.rodata.str1.8615431116298670950.1)
                  0001d37e    00000005     oled_ui.o (.rodata.str1.8693388333057100694.1)
                  0001d383    00000005     menu.o (.rodata.str1.8935930992971773687.1)
                  0001d388    00000005     oled_ui.o (.rodata.str1.9044019526854345694.1)
                  0001d38d    00000005     oled_ui.o (.rodata.str1.9159586779647977165.1)
                  0001d392    00000005     oled_ui.o (.rodata.str1.9229350655415085.1)
                  0001d397    00000005     h_task_controller.o (.rodata.str1.9476182539875367558.1)
                  0001d39c    00000005     balance_tuning.o (.rodata.str1.9478990218017967919.1)
                  0001d3a1    00000005     oled_ui.o (.rodata.str1.9554470707595806150.1)
                  0001d3a6    00000005     oled_ui.o (.rodata.str1.9584387800903135389.1)
                  0001d3ab    00000005     oled_ui.o (.rodata.str1.9822857334037886482.1)
                  0001d3b0    00000004     oled_ui.o (.rodata.str1.10163600690795753232.1)
                  0001d3b4    00000004     oled_ui.o (.rodata.str1.10416366799939242409.1)
                  0001d3b8    00000004     oled_ui.o (.rodata.str1.10418495993736659646.1)
                  0001d3bc    00000004     oled_ui.o (.rodata.str1.10430294223631918979.1)
                  0001d3c0    00000004     balance_tuning.o (.rodata.str1.10719393435742183532.1)
                  0001d3c4    00000004     oled_ui.o (.rodata.str1.11049990970699464748.1)
                  0001d3c8    00000004     oled_ui.o (.rodata.str1.11149198520117834688.1)
                  0001d3cc    00000004     oled_ui.o (.rodata.str1.11385560076888697311.1)
                  0001d3d0    00000004     oled_ui.o (.rodata.str1.12359577037488465078.1)
                  0001d3d4    00000004     oled_ui.o (.rodata.str1.12447783896598192203.1)
                  0001d3d8    00000004     menu.o (.rodata.str1.12621154128155039063.1)
                  0001d3dc    00000004     oled_ui.o (.rodata.str1.12697925274637991987.1)
                  0001d3e0    00000004     h_task_controller.o (.rodata.str1.13154793040940860060.1)
                  0001d3e4    00000004     oled_ui.o (.rodata.str1.13271657277589579873.1)
                  0001d3e8    00000004     oled_ui.o (.rodata.str1.13567883086814673087.1)
                  0001d3ec    00000004     fault.o (.rodata.str1.13582094816268305212.1)
                  0001d3f0    00000004     h_task_controller.o (.rodata.str1.13677751924825772483.1)
                  0001d3f4    00000004     oled_ui.o (.rodata.str1.14134189893851348960.1)
                  0001d3f8    00000004     oled_ui.o (.rodata.str1.14168333168339663346.1)
                  0001d3fc    00000004     oled_ui.o (.rodata.str1.14358698208395374265.1)
                  0001d400    00000004     oled_ui.o (.rodata.str1.14521350379984854626.1)
                  0001d404    00000004     oled_ui.o (.rodata.str1.14675223611663555778.1)
                  0001d408    00000004     oled_ui.o (.rodata.str1.14705090427839013503.1)
                  0001d40c    00000004     oled_ui.o (.rodata.str1.14748562464132904299.1)
                  0001d410    00000004     h_task_controller.o (.rodata.str1.15447513579622963267.1)
                  0001d414    00000004     oled_ui.o (.rodata.str1.15575624326185233262.1)
                  0001d418    00000004     oled_ui.o (.rodata.str1.15577080202403550426.1)
                  0001d41c    00000004     oled_ui.o (.rodata.str1.15829239520183577662.1)
                  0001d420    00000004     oled_ui.o (.rodata.str1.16290499236105125126.1)
                  0001d424    00000004     menu.o (.rodata.str1.16312125044762562515.1)
                  0001d428    00000004     oled_ui.o (.rodata.str1.16411631209783952401.1)
                  0001d42c    00000004     fault.o (.rodata.str1.16482347271627360806.1)
                  0001d430    00000004     oled_ui.o (.rodata.str1.16526439943277383452.1)
                  0001d434    00000004     oled_ui.o (.rodata.str1.16554583589798097927.1)
                  0001d438    00000004     oled_ui.o (.rodata.str1.16849766574302683489.1)
                  0001d43c    00000004     menu.o (.rodata.str1.17041139162815566052.1)
                  0001d440    00000004     oled_ui.o (.rodata.str1.17067061841413117831.1)
                  0001d444    00000004     oled_ui.o (.rodata.str1.17242430504649735449.1)
                  0001d448    00000004     oled_ui.o (.rodata.str1.17717236995185551183.1)
                  0001d44c    00000004     oled_ui.o (.rodata.str1.17747339173178619492.1)
                  0001d450    00000004     oled_ui.o (.rodata.str1.17881291656140238186.1)
                  0001d454    00000004     oled_ui.o (.rodata.str1.18128648927899109887.1)
                  0001d458    00000004     menu.o (.rodata.str1.1955320522770775823.1)
                  0001d45c    00000004     oled_ui.o (.rodata.str1.2002540315216928218.1)
                  0001d460    00000004     balance_tuning.o (.rodata.str1.212598471458399308.1)
                  0001d464    00000004     oled_ui.o (.rodata.str1.2308938766145545715.1)
                  0001d468    00000004     balance_tuning.o (.rodata.str1.2518525128920481353.1)
                  0001d46c    00000004     oled_ui.o (.rodata.str1.2714695401222167146.1)
                  0001d470    00000004     oled_ui.o (.rodata.str1.3025253791635144717.1)
                  0001d474    00000004     balance_tuning.o (.rodata.str1.3044366246123777871.1)
                  0001d478    00000004     oled_ui.o (.rodata.str1.344790106308886506.1)
                  0001d47c    00000004     oled_ui.o (.rodata.str1.3467953211977455017.1)
                  0001d480    00000004     balance_tuning.o (.rodata.str1.3496791163923278892.1)
                  0001d484    00000004     oled_ui.o (.rodata.str1.4082595774073207366.1)
                  0001d488    00000004     oled_ui.o (.rodata.str1.4333660085836505987.1)
                  0001d48c    00000004     oled_ui.o (.rodata.str1.4581686099848791648.1)
                  0001d490    00000004     oled_ui.o (.rodata.str1.4610220316623841660.1)
                  0001d494    00000004     menu.o (.rodata.str1.4646809750356241979.1)
                  0001d498    00000004     menu.o (.rodata.str1.5102509094067202407.1)
                  0001d49c    00000004     menu.o (.rodata.str1.5155000645726596423.1)
                  0001d4a0    00000004     balance_tuning.o (.rodata.str1.5425032234050588950.1)
                  0001d4a4    00000004     oled_ui.o (.rodata.str1.5689016102676777062.1)
                  0001d4a8    00000004     balance_tuning.o (.rodata.str1.5712957265389193314.1)
                  0001d4ac    00000004     oled_ui.o (.rodata.str1.5965888106848176421.1)
                  0001d4b0    00000004     oled_ui.o (.rodata.str1.6350830172869379626.1)
                  0001d4b4    00000004     balance_tuning.o (.rodata.str1.6600389014628918663.1)
                  0001d4b8    00000004     menu.o (.rodata.str1.6617442809723977961.1)
                  0001d4bc    00000004     oled_ui.o (.rodata.str1.6765272904519285768.1)
                  0001d4c0    00000004     oled_ui.o (.rodata.str1.6835749436006845616.1)
                  0001d4c4    00000004     oled_ui.o (.rodata.str1.6954814719705590448.1)
                  0001d4c8    00000004     oled_ui.o (.rodata.str1.7047564630061872329.1)
                  0001d4cc    00000004     oled_ui.o (.rodata.str1.7185587941321649510.1)
                  0001d4d0    00000004     oled_ui.o (.rodata.str1.7205245123442117851.1)
                  0001d4d4    00000004     oled_ui.o (.rodata.str1.7219546930854689545.1)
                  0001d4d8    00000004     fault.o (.rodata.str1.7255546073596598018.1)
                  0001d4dc    00000004     oled_ui.o (.rodata.str1.7481335054564682966.1)
                  0001d4e0    00000004     oled_ui.o (.rodata.str1.763101100280173925.1)
                  0001d4e4    00000004     oled_ui.o (.rodata.str1.7995683487334987046.1)
                  0001d4e8    00000004     oled_ui.o (.rodata.str1.799718701096035713.1)
                  0001d4ec    00000004     oled_ui.o (.rodata.str1.8018480777946742726.1)
                  0001d4f0    00000004     oled_ui.o (.rodata.str1.8403269972884532600.1)
                  0001d4f4    00000004     oled_ui.o (.rodata.str1.8426569189266129334.1)
                  0001d4f8    00000004     oled_ui.o (.rodata.str1.8460525935980491721.1)
                  0001d4fc    00000004     oled_ui.o (.rodata.str1.8950259614286592359.1)
                  0001d500    00000004     oled_ui.o (.rodata.str1.9102528229756940648.1)
                  0001d504    00000004     oled_ui.o (.rodata.str1.9295666102996717355.1)
                  0001d508    00000004     menu.o (.rodata.str1.9335743632997171283.1)
                  0001d50c    00000004     oled_ui.o (.rodata.str1.9544068167406571052.1)
                  0001d510    00000004     menu.o (.rodata.str1.9546740394641817443.1)
                  0001d514    00000004     oled_ui.o (.rodata.str1.9611283282870761829.1)
                  0001d518    00000003     oled_ui.o (.rodata.str1.10767072398481191905.1)
                  0001d51b    00000003     oled_ui.o (.rodata.str1.10907125332684471422.1)
                  0001d51e    00000003     oled_ui.o (.rodata.str1.11044102588127922728.1)
                  0001d521    00000003     balance_tuning.o (.rodata.str1.11278905947013221575.1)
                  0001d524    00000003     balance_tuning.o (.rodata.str1.11637300377853929957.1)
                  0001d527    00000003     oled_ui.o (.rodata.str1.12504350857748951577.1)
                  0001d52a    00000003     balance_tuning.o (.rodata.str1.12635714987897210726.1)
                  0001d52d    00000003     balance_tuning.o (.rodata.str1.12734032557881089407.1)
                  0001d530    00000003     menu.o (.rodata.str1.13124720451672825294.1)
                  0001d533    00000003     oled_ui.o (.rodata.str1.13882251010780863896.1)
                  0001d536    00000003     balance_tuning.o (.rodata.str1.13887619254000044375.1)
                  0001d539    00000003     menu.o (.rodata.str1.14098755746347272832.1)
                  0001d53c    00000003     oled_ui.o (.rodata.str1.14142815821055334776.1)
                  0001d53f    00000003     oled_ui.o (.rodata.str1.14265077442249237877.1)
                  0001d542    00000003     balance_tuning.o (.rodata.str1.14528236570236992956.1)
                  0001d545    00000003     oled_ui.o (.rodata.str1.15008238333949226094.1)
                  0001d548    00000003     menu.o (.rodata.str1.15382373691547772653.1)
                  0001d54b    00000003     oled_ui.o (.rodata.str1.16133855533230012141.1)
                  0001d54e    00000003     balance_tuning.o (.rodata.str1.16296215605590053309.1)
                  0001d551    00000003     balance_tuning.o (.rodata.str1.16547832629819082202.1)
                  0001d554    00000003     oled_ui.o (.rodata.str1.16583701629962107131.1)
                  0001d557    00000003     oled_ui.o (.rodata.str1.16939060351352778619.1)
                  0001d55a    00000003     oled_ui.o (.rodata.str1.17763087492223448992.1)
                  0001d55d    00000003     oled_ui.o (.rodata.str1.17884296644359297425.1)
                  0001d560    00000003     oled_ui.o (.rodata.str1.18379317056176403938.1)
                  0001d563    00000003     balance_tuning.o (.rodata.str1.2615500520006570324.1)
                  0001d566    00000003     oled_ui.o (.rodata.str1.2983744876309220570.1)
                  0001d569    00000003     oled_ui.o (.rodata.str1.4582914374586912483.1)
                  0001d56c    00000003     balance_tuning.o (.rodata.str1.4682479169720033769.1)
                  0001d56f    00000003     oled_ui.o (.rodata.str1.4691821198597473371.1)
                  0001d572    00000003     oled_ui.o (.rodata.str1.5004483696121082904.1)
                  0001d575    00000003     oled_ui.o (.rodata.str1.5376340479846291137.1)
                  0001d578    00000003     balance_tuning.o (.rodata.str1.5640802589498099742.1)
                  0001d57b    00000003     oled_ui.o (.rodata.str1.6006079671377294552.1)
                  0001d57e    00000003     menu.o (.rodata.str1.6857549598058878762.1)
[...]
00018c8f  TIMG8_IRQHandler                                     
00018c8f  UART0_IRQHandler                                     
00018c8f  UART1_IRQHandler                                     
00018c91  BalanceSoftLimits_AbortCalibration                   
00018dd1  ObstacleMonitor_Update_20ms                          
00018e6d  memcpy                                               
00018f07  ObstacleAvoidance_Update_20ms                        
00018f09  BalancePositionControl_ResetFault                    
00018fa1  BalanceSoftLimits_CancelRecalibration                
00019039  CarController_ResetTransientState                    
00019169  CarController_StartTurnToYawRelative                 
000191fd  BalanceTuning_Init                                   
0001928d  SYSCFG_DL_UART_VISION_init                           
0001931d  HTaskController_Init                                 
000193a9  MotionAction_RefreshFollowLineTuning                 
00019435  SYSCFG_DL_PWM_MOTOR_init                             
000194c1  SYSCFG_DL_UART_BALANCE_TUNING_init                   
0001954d  __aeabi_fmul                                         
0001954d  __mulsf3                                             
00019665  BalanceSoftLimits_Enforce100usFromIsr                
000196ec  C$$EXIT                                              
000196ed  HOSTexit                                             
000196f1  strcmp                                               
00019779  App_Init                                             
000197fd  CarController_SetSafetyHold                          
00019881  GimbalStepper_ConfirmZero                            
00019905  LineController_SetProfileOverride                    
00019989  Motor_Init                                           
00019a91  __aeabi_fdiv                                         
00019a91  __divsf3                                             
00019b13  TrackSensor_Init                                     
00019b15  BalancePositionControl_Init                          
00019b95  CarController_StartDriveHeading                      
00019c15  Motor_Stop                                           
00019c95  UART3_IRQHandler                                     
00019d15  OledUi_ShowBootStatus                                
00019d91  __TI_decompress_lzss                                 
00019e0d  MissionManager_Pause                                 
0001a0d5  GimbalStepper_Release                                
0001a145  HTaskController_SetChassisTuning                     
0001a295  TrackSensor_DetectTurn                               
0001a303  VisionUart_Process                                   
0001a305  MissionManager_GetSelectedMissionIndex               
0001a36d  MotorControl_SetFeedforwardOverride                  
0001a43d  TrackSensor_GetErrorFromRaw                          
0001a4a3  __aeabi_idiv0                                        
0001a4a5  BalanceSoftLimits_ResetPositionFault                 
0001a509  BalanceSoftLimits_StartCalibrationJogSteps           
0001a56d  MissionManager_Start                                 
0001a5d1  App_ResetToReady                                     
0001a633  __aeabi_ldiv0                                        
0001a635  __aeabi_fcmpeq                                       
0001a649  __aeabi_fcmplt                                       
0001a65d  __aeabi_fcmple                                       
0001a671  __aeabi_fcmpge                                       
0001a685  __aeabi_fcmpgt                                       
0001a697  memset                                               
0001a6f9  UART2_IRQHandler                                     
0001a759  __aeabi_f2lz                                         
0001a759  __fixsfdi                                            
0001a7b9  Ultrasonic_Update_20ms                               
0001a815  VisionReceiver_Init                                  
0001a9e1  BalanceEncoder_Init                                  
0001aa39  CarController_StartFollowLineAtCommand               
0001aa91  MissionManager_Init                                  
0001aae9  OLED_PrintChar                                       
0001ab99  __aeabi_idiv                                         
0001ab99  __aeabi_idivmod                                      
0001abf1  BalanceSoftLimits_BeginFullCalibrationAtCurrentAsZero
0001ac45  CarController_Stop                                   
0001ac99  MissionManager_Reset                                 
0001aced  TrackSensor_ReadRaw                                  
0001ad41  WatchdogMonitor_ApplyFaultIfNeeded                   
0001ad95  BalancePositionControl_SetTrackingTarget             
0001ade5  BalanceSoftLimits_GetSnapshot                        
0001ae35  Ultrasonic_Init                                      
0001ae85  WatchdogMonitor_Tick1msFromIsr                       
0001aed5  __aeabi_l2f                                          
0001aed5  __floatdisf                                          
0001af25  CarController_StartFollowLine                        
0001af71  MotorControl_Stop                                    
0001afbd  copy_in                                              
0001b055  __TI_auto_init_nopinit                               
0001b0a1  BalanceBallControl_ResetConfig                       
0001b0e9  CarController_ResumeFollowLine                       
0001b131  DL_UART_init                                         
0001b179  MissionManager_Cancel                                
0001b1c1  SYSCFG_DL_initPower                                  
0001b251  BalanceTuning_AbortCalibrationSession                
0001b295  EmergencyStop_Reset                                  
0001b2d9  Encoder_GetAndClearPulseDeltas                       
0001b31d  Imu_ResetYaw                                         
0001b361  Servo_Tick100us                                      
0001b3e9  BalanceEncoder_GetSnapshot                           
0001b429  BalanceSoftLimits_StopMotion                         
0001b469  Fault_Raise                                          
0001b4a9  SYSCFG_DL_SYSCTL_init                                
0001b4e9  VisionReceiver_PushByteFromIsr                       
0001b529  VisionUart_Init                                      
0001b569  __aeabi_uidiv                                        
0001b569  __aeabi_uidivmod                                     
0001b629  __divmoddi4                                          
0001b669  BalancePositionControl_Cancel                        
0001b6a5  MissionManager_Resume                                
0001b6e1  MotorControl_Init                                    
0001b71d  Servo_SetAngleDeg                                    
0001b759  __aeabi_i2f                                          
0001b759  __floatsisf                                          
0001b795  __gesf2                                              
0001b795  __gtsf2                                              
0001b80d  __cmpsf2                                             
0001b80d  __eqsf2                                              
0001b80d  __lesf2                                              
0001b80d  __ltsf2                                              
0001b80d  __nesf2                                              
0001b849  __muldsi3                                            
0001b885  BalanceBallControl_SetTargetMm                       
0001b8bd  EmergencyStop_Trigger                                
0001b8f5  MotionAction_Cancel                                  
0001b92d  __aeabi_f2iz                                         
0001b92d  __fixsfsi                                            
0001b965  BalancePositionControl_SetTrackingThresholds         
0001b999  HTaskController_RequestNormalStop                    
0001b9cd  Imu_IsReady                                          
0001ba69  OLED_PrintString                                     
0001ba9d  Key_Init                                             
0001bacd  LineController_ObserveSensors                        
0001bafd  WatchdogMonitor_Init                                 
0001bb2d  WatchdogMonitor_Reset                                
0001bb8d  BalancePositionControl_StartTracking                 
0001bbb9  CarController_SetFollowLineBaseCommand               
0001bbe5  Encoder_Reset                                        
0001bc11  TrackSensor_CountBlack                               
0001bc3d  BalanceSoftLimits_CancelTravelTest                   
0001bc65  DL_FlashCTL_programMemoryFromRAM64WithECCGenerated   
0001bc9d  EmergencyStop_Enforce                                
0001bcc5  Magnet_ForceOff                                      
0001bced  SYSCFG_DL_init                                       
0001bd15  Servo_Init                                           
0001bd3d  __aeabi_ui2f                                         
0001bd3d  __floatunsisf                                        
0001bd65  _c_int00_noargs                                      
0001bd8d  BalanceEncoder_SampleSpeed10msFromIsr                
0001bdb1  BalancePositionControl_GetSnapshot                   
0001bdd5  BalanceSoftLimits_CancelOscillationTest              
0001bdf9  GimbalStepper_GetFeedbackSnapshot                    
0001be1d  HTaskController_VehicleToString                      
0001be41  LineController_ClearProfileOverride                  
0001be65  Menu_Init                                            
0001be89  MissionManager_ReportExternalFailure                 
0001bead  MotionAction_Init                                    
0001bed1  MotorControl_Reset                                   
0001bef5  OLED_ClearBuffer                                     
0001bf19  __aeabi_lmul                                         
0001bf19  __muldi3                                             
0001bf3d  BalanceBallControl_ForceStop                         
0001bf5d  DL_Timer_overrideCCPOut                              
0001bf7d  DebugTelemetry_Update                                
0001bf9d  GROUP1_IRQHandler                                    
0001bfbd  Magnet_Init                                          
0001bfdd  OLED_SetCursor                                       
0001bffd  SchedulerMonitor_GetStats                            
0001c01d  VisionReceiver_GetProtocolErrorCount                 
0001c03d  memcmp                                               
0001c07d  __aeabi_llsl                                         
0001c07d  __ashldi3                                            
0001c09d  BalanceBallControl_Disable                           
0001c0b9  BalanceBallControl_GetConfig                         
0001c0d5  DL_Timer_setCaptCompUpdateMethod                     
0001c0f1  DL_Timer_setClockConfig                              
0001c10d  HTaskController_GetSnapshot                          
0001c129  HTaskController_IsActive                             
0001c145  HTaskController_StateToString                        
0001c161  HeadingControl_SetTargetYaw                          
0001c17d  MotorControl_ClearFeedforwardOverride                
0001c199  ObstacleMonitor_Init                                 
0001c1b5  ObstacleSafety_Init                                  
0001c1d1  WatchdogMonitor_NotifyControlCycleComplete           
0001c209  DL_FlashCTL_eraseMemoryFromRAM                       
0001c221  DL_Timer_setCaptureCompareOutCtl                     
0001c239  DebugTelemetry_Init                                  
0001c251  HeadingControl_Init                                  
0001c269  HeadingControl_Reset                                 
0001c281  Menu_ParamItemToString                               
0001c299  MissionLibrary_FindById                              
0001c2b1  ObstacleAvoidance_Init                               
0001c2c9  RuntimeSnapshot_Init                                 
0001c2e1  __aeabi_fcmpun                                       
0001c2e1  __unordsf2                                           
0001c2f9  BalanceBallControl_GetSnapshot                       
0001c30d  Fault_Clear                                          
0001c321  Fault_Init                                           
0001c335  GimbalStepper_SetStepHalfPeriodTicks                 
0001c349  HTaskController_GetChassisTuning                     
0001c35d  HeadingControl_Enable                                
0001c371  MissionLibrary_GetByIndex                            
0001c385  MissionManager_GetSelectedMissionId                  
0001c399  __aeabi_ldivmod                                      
0001c3ad  __aeabi_uldivmod                                     
0001c3c1  DL_UART_setClockConfig                               
0001c3d3  __TI_decompress_none                                 
0001c3e5  BalancePositionControl_HasFault                      
0001c3f5  DL_Timer_setCaptureCompareValue                      
0001c405  Gimbal_YawGetFeedback                                
0001c415  HTaskController_HasFault                             
0001c425  Key_GetEvent                                         
0001c435  VisionReceiver_RecordUartBreakErrorFromIsr           
0001c445  VisionReceiver_RecordUartFramingErrorFromIsr         
0001c455  VisionReceiver_RecordUartOverrunFromIsr              
0001c465  VisionReceiver_RecordUartParityErrorFromIsr          
0001c475  __TI_zero_init                                       
0001c485  BalanceEncoder_GetCountAtomic                        
0001c491  BalancePositionControl_IsBusy                        
0001c49d  BalanceSoftLimits_CancelCalibrationJog               
0001c4a9  BalanceSoftLimits_IsCalibrationActive                
0001c4b5  BalanceSoftLimits_IsOscillationTestActive            
0001c4c1  BalanceSoftLimits_IsTravelTestActive                 
0001c4cd  CarController_GetRunMode                             
0001c4d9  CarController_Init                                   
0001c4e5  CarController_IsSafetyHoldActive                     
0001c4f1  CarState_Get                                         
0001c4fd  CarState_Init                                        
0001c509  CarState_Set                                         
0001c515  EmergencyStop_Init                                   
0001c521  EmergencyStop_IsActive                               
0001c52d  Imu_GetCorrectedGyroZDps                             
0001c539  Imu_GetYaw                                           
0001c545  Menu_GetPage                                         
0001c551  Menu_GetParamItem                                    
0001c55d  MissionManager_IsExternallyHeld                      
0001c569  MissionManager_SetExternalHold                       
0001c575  ObstacleAvoidance_IsActive                           
0001c581  ObstacleAvoidance_IsFailed                           
0001c58d  ObstacleSafety_IsHolding                             
0001c599  SystemTime_GetMs                                     
0001c5a5  WatchdogMonitor_HasTripped                           
0001c5b1  __aeabi_memclr                                       
0001c5b1  __aeabi_memclr4                                      
0001c5b1  __aeabi_memclr8                                      
0001c5bd  DL_Common_delayCycles                                
0001c5c7  MotionAction_Resume                                  
0001c5d1  MotionAction_Start                                   
0001c5db  TrackSensor_IsCenterDetected                         
0001c5e5  TrackSensor_IsLineDetected                           
0001c5ef  TrackSensor_IsLineLost                               
0001c5f9  BalanceSoftLimits_CancelPositionMove                 
0001c601  BalanceSoftLimits_IsPositionMoveActive               
0001c609  BluetoothUart_GetRuntime                             
0001c611  CarController_GetFeedback                            
0001c619  Fault_GetRecord                                      
0001c621  GimbalStepper_GetFeedback                            
0001c629  HeadingControl_GetRuntime                            
0001c631  Imu_GetRuntime                                       
0001c639  LineController_GetRuntime                            
0001c641  MissionManager_GetMissionCount                       
0001c649  MissionManager_GetRuntime                            
0001c651  MotionAction_GetRuntime                              
0001c659  MotorControl_GetRuntime                              
0001c661  ObstacleAvoidance_GetFeedback                        
0001c669  ObstacleMonitor_GetFeedback                          
0001c671  OledUi_Init                                          
0001c679  RuntimeSnapshot_Get                                  
0001c681  Servo_GetFeedback                                    
0001c689  Ultrasonic_GetFeedback                               
0001c691  VisionReceiver_GetBallPositionObservation            
0001c699  VisionReceiver_GetStatus                             
0001c6a1  VisionTuningConsole_GetStatus                        
0001c6a9  WatchdogMonitor_GetStatus                            
0001c6b1  WheelSpeedEstimator_GetRuntime                       
0001c6b9  __aeabi_memcpy                                       
0001c6b9  __aeabi_memcpy4                                      
0001c6b9  __aeabi_memcpy8                                      
0001c6c1  abort                                                
0001c6c7  MissionLibrary_GetCount                              
0001c6cb  ObstacleAvoidance_IsResumeGraceActive                
0001c6cf  Reset_Handler                                        
0001c6e5  _system_pre_init                                     
0001d608  __TI_Handler_Table_Base                              
0001d614  __TI_Handler_Table_Limit                             
0001d624  __TI_CINIT_Base                                      
0001d634  __TI_CINIT_Limit                                     
0001d634  __TI_CINIT_Warm                                      
0001d638  __TI_table_binit                                     
0001d638  __binit__                                            
0001d638  binit                                                
0001fc00  g_balanceCalibrationReservedSector                   
20200000  __start___llvm_prf_bits                              
20200000  __start___llvm_prf_cnts                              
20200000  __stop___llvm_prf_bits                               
20200000  __stop___llvm_prf_cnts                               
20200fd0  g_appConfig                                          
202011e0  g_imuRuntime                                         
202013c4  g_appRuntime                                         
202014f0  g_wheelSpeedEstimatorRuntime                         
20201678  gUART_VISIONBackup                                   
20201818  g_headingRuntime                                     
20201a10  g_trackError                                         
20201a4b  g_carStateDebug                                      
20201a4c  g_keyEvent                                           
20201a4d  g_oledPageDebug                                      
20201a4e  g_paramItemDebug                                     
20201a4f  g_trackBlackCount                                    
20201a50  g_trackModeDebug                                     
20201a51  g_trackRaw                                           
20201a52  g_trackTurnDebug                                     
20207e00  __stack                                              
20208000  __STACK_END                                          
ffffffff  __TI_pprof_out_hndl                                  
ffffffff  __TI_prof_data_size                                  
ffffffff  __TI_prof_data_start                                 
UNDEFED   __mpu_init                                           
UNDEFED   _system_post_cinit                                   

[422 symbols]
