******************************************************************************
            TI ARM Clang Linker PC v4.0.4                      
******************************************************************************
>> Linked Tue Jul 28 21:26:03 2026

OUTPUT FILE NAME:   <diansaikaishi.out>
ENTRY POINT SYMBOL: "_c_int00_noargs"  address: 000112a1


MEMORY CONFIGURATION

         name            origin    length      used     unused   attr    fill
----------------------  --------  ---------  --------  --------  ----  --------
  FLASH                 00000000   00020000  00012450  0000dbb0  R  X
  SRAM                  20200000   00008000  00001496  00006b6a  RW X
  BCR_CONFIG            41c00000   000000ff  00000000  000000ff  R   
  BSL_CONFIG            41c00100   00000080  00000000  00000080  R   


SEGMENT ALLOCATION MAP

run origin  load origin   length   init length attrs members
----------  ----------- ---------- ----------- ----- -------
00000000    00000000    00012450   00012450    r-x
  00000000    00000000    000000c0   000000c0    r-- .intvecs
  000000c0    000000c0    00011970   00011970    r-x .text
  00011a30    00011a30    000009f0   000009f0    r-- .rodata
  00012420    00012420    00000030   00000030    r-- .cinit
20200000    20200000    00001296   00000000    rw-
  20200000    20200000    00001290   00000000    rw- .bss
  20201290    20201290    00000006   00000000    rw- .data
20207e00    20207e00    00000200   00000000    rw-
  20207e00    20207e00    00000200   00000000    rw- .stack


SECTION ALLOCATION MAP

 output                                  attributes/
section   page    origin      length       input sections
--------  ----  ----------  ----------   ----------------
.intvecs   0    00000000    000000c0     
                  00000000    000000c0     startup_mspm0g350x_ticlang.o (.intvecs)

.text      0    000000c0    00011970     
                  000000c0    00002760     oled_ui.o (.text.OledUi_Update_20ms)
                  00002820    00001fd8     app.o (.text.App_Update_20ms)
                  000047f8    00001dd4     vision_tuning_console.o (.text.VisionTuningConsole_Process)
                  000065cc    00000d00     app.o (.text.app_remote_update_result)
                  000072cc    00000648     app_config.o (.text.AppConfig_LimitAll)
                  00007914    00000524     line_controller.o (.text.LineController_Update)
                  00007e38    00000488     runtime_snapshot.o (.text.RuntimeSnapshot_Update)
                  000082c0    0000044c     motor_control.o (.text.update_wheel)
                  0000870c    00000424     wheel_speed_estimator.o (.text.WheelSpeedEstimator_Update)
                  00008b30    000003e0     imu.o (.text.Imu_Update)
                  00008f10    000003b0     vision_receiver.o (.text.VisionReceiver_Process)
                  000092c0    000003b0     app.o (.text.app_remote_send_action_ack)
                  00009670    00000374     imu.o (.text.Imu_Init)
                  000099e4    00000370     gimbal.o (.text.gimbal_update_feedback)
                  00009d54    00000310     vision_tuning_console.o (.text.append_scaled)
                  0000a064    000002f0     imu.o (.text.mpu6050_read_regs)
                  0000a354    000002cc     car_controller.o (.text.handle_drive_distance)
                  0000a620    000002b0     motion_action.o (.text.MotionAction_Update_20ms)
                  0000a8d0    0000028c     motor_control.o (.text.MotorControl_Update)
                  0000ab5c    00000268     car_controller.o (.text.handle_turn_to_yaw)
                  0000adc4    00000230     imu.o (.text.Imu_CalibrateGyroBias)
                  0000aff4    00000220     menu.o (.text.Menu_HandleKeyEvent)
                  0000b214    00000218     app_config.o (.text.AppConfig_InitDefault)
                  0000b42c    00000218     app.o (.text.app_remote_append_float_tenth)
                  0000b644    00000214     motion_action.o (.text.MotionAction_Start)
                  0000b858    00000204     motor.o (.text.Motor_SetSpeed)
                  0000ba5c    000001f4     vision_protocol.o (.text.VisionProtocol_ParseV1TargetFrame)
                  0000bc50    000001ec     bluetooth_uart.o (.text.BluetoothUart_TryWriteBuffer)
                  0000be3c    000001e8     motor_control.o (.text.config_is_valid)
                  0000c024    000001e4     mission_library.o (.text.MissionLibrary_Validate)
                  0000c208    000001cc     imu.o (.text.imu_i2c_write_byte)
                  0000c3d4    000001cc     oled_ui.o (.text.print_status_page)
                  0000c5a0    000001b8     oled.o (.text.oled_i2c_write_byte)
                  0000c758    000001a0     ultrasonic.o (.text.Ultrasonic_Tick100us)
                  0000c8f8    0000019c     car_controller.o (.text.CarController_StartDriveDistanceAtYaw)
                  0000ca94    00000190     car_controller.o (.text.CarController_Update_20ms)
                  0000cc24    00000174     key.o (.text.Key_Update_20ms)
                  0000cd98    00000170     oled.o (.text.OLED_FlushPage)
                  0000cf08    0000016c     oled.o (.text.OLED_PrintInt16)
                  0000d074    00000158     vision_tuning_console.o (.text.send_parameter_reply)
                  0000d1cc    00000158     vision_tuning_console.o (.text.send_yaw_parameter_reply)
                  0000d324    0000014c     bluetooth_uart.o (.text.BluetoothUart_Process)
                  0000d470    0000012c     imu.o (.text.imu_i2c_recover_bus)
                  0000d59c    00000128     line_controller.o (.text.LineController_Reset)
                  0000d6c4    00000124     oled.o (.text.OLED_Init)
                  0000d7e8    00000124     vision_tuning_console.o (.text.send_simple_reply)
                  0000d90c    0000011c     car_controller.o (.text.handle_drive_heading)
                  0000da28    0000010c     line_controller.o (.text.LineController_ResetControlState)
                  0000db34    0000010c     car_controller.o (.text.handle_follow_line)
                  0000dc40    00000104     driverlib.a : dl_timer.o (.text.DL_Timer_initFourCCPWMMode)
                  0000dd44    00000104     line_controller.o (.text.LineController_Init)
                  0000de48    00000104     mission_manager.o (.text.MissionManager_Update_20ms)
                  0000df4c    00000100     motor_control.o (.text.MotorControl_SetNormalizedTarget)
                  0000e04c    000000fc     app.o (.text.app_remote_handle_turn)
                  0000e148    000000f4     app.o (.text.App_Init)
                  0000e23c    000000f4     mission_manager.o (.text.MissionManager_SelectNext)
                  0000e330    000000ec     heading_control.o (.text.HeadingControl_Update)
                  0000e41c    000000e8     obstacle_safety.o (.text.ObstacleSafety_Update_20ms)
                  0000e504    000000e8     vision_protocol.o (.text.fields_are_valid)
                  0000e5ec    000000e4     bluetooth_uart.o (.text.UART1_IRQHandler)
                  0000e6d0    000000e0     mission_manager.o (.text.MissionManager_SelectPrevious)
                  0000e7b0    000000e0     wheel_speed_estimator.o (.text.WheelSpeedEstimator_Init)
                  0000e890    000000e0     empty.o (.text.main)
                  0000e970    000000dc     ti_msp_dl_config.o (.text.SYSCFG_DL_GPIO_init)
                  0000ea4c    000000d8     oled.o (.text.OLED_PrintUInt16)
                  0000eb24    000000d8     libclang_rt.builtins.a : addsf3.S.obj (.text)
                  0000ebfc    000000d4     car_controller.o (.text.CarController_StartDriveDistance)
                  0000ecd0    000000c8     fault.o (.text.FaultCode_ToShortString)
                  0000ed98    000000c0     angle_utils.o (.text.Angle_Normalize180)
                  0000ee58    000000bc     car_controller.o (.text.CarController_ResetRuntime)
                  0000ef14    000000b4     mission_manager.o (.text.MissionManager_StartTransientAction)
                  0000efc8    000000a4     encoder.o (.text.Encoder_HandleGpioInterrupt)
                  0000f06c    000000a2     libclang_rt.builtins.a : udivmoddi4.S.obj (.text)
                  0000f10e    00000002     startup_mspm0g350x_ticlang.o (.text.Default_Handler)
                  0000f110    000000a0     car_controller.o (.text.drive_distance_high_decel_zone_cm)
                  0000f1b0    0000009c     obstacle_monitor.o (.text.ObstacleMonitor_Update_20ms)
                  0000f24c    0000009a     libc.a : memcpy16.S.obj (.text:memcpy)
                  0000f2e6    00000002     obstacle_avoidance.o (.text.ObstacleAvoidance_Update_20ms)
                  0000f2e8    00000098     bluetooth_uart.o (.text.BluetoothUart_Init)
                  0000f380    00000098     imu.o (.text.mpu6050_write_reg)
                  0000f418    00000094     car_controller.o (.text.CarController_StartTurnToYawRelative)
                  0000f4ac    00000090     car_controller.o (.text.CarController_ResetTransientState)
                  0000f53c    0000008c     ti_msp_dl_config.o (.text.SYSCFG_DL_PWM_MOTOR_init)
                  0000f5c8    0000008c     ti_msp_dl_config.o (.text.SYSCFG_DL_UART_BLUETOOTH_init)
                  0000f654    0000008c     libclang_rt.builtins.a : mulsf3.S.obj (.text.__mulsf3)
                  0000f6e0    0000008c     car_controller.o (.text.heading_imu_wait_or_fail)
                  0000f76c    00000004     libsysbm.a : hostexit.c.obj (.text.HOSTexit)
                  0000f770    00000088     libc.a : strcmp-armv6m.S.obj (.text:strcmp)
                  0000f7f8    00000084     app.o (.text.App_ResetToReady)
                  0000f87c    00000084     car_controller.o (.text.CarController_SetSafetyHold)
                  0000f900    00000084     motor.o (.text.Motor_Init)
                  0000f984    00000084     app.o (.text.app_remote_start_action)
                  0000fa08    00000082     libclang_rt.builtins.a : divsf3.S.obj (.text.__divsf3)
                  0000fa8a    00000002     track_sensor.o (.text.TrackSensor_Init)
                  0000fa8c    00000080     car_controller.o (.text.CarController_StartDriveHeading)
                  0000fb0c    00000080     motor.o (.text.Motor_Stop)
                  0000fb8c    0000007c     vision_pitch_tuning.o (.text.VisionPitchTuning_Set)
                  0000fc08    0000007c     libc.a : copy_decompress_lzss.c.obj (.text:decompress:lzss)
                  0000fc84    00000078     empty.o (.text.SysTick_Handler)
                  0000fcfc    00000078     oled.o (.text.oled_write_command)
                  0000fd74    00000074     motor_control.o (.text.latch_control_error)
                  0000fde8    00000070     ti_msp_dl_config.o (.text.SYSCFG_DL_UART_VISION_init)
                  0000fe58    00000070     vision_yaw_tuning.o (.text.VisionYawTuning_Set)
                  0000fec8    0000006e     track_sensor.o (.text.TrackSensor_DetectTurn)
                  0000ff36    00000002     libclang_rt.builtins.a : aeabi_div0.c.obj (.text.__aeabi_idiv0)
                  0000ff38    00000068     mission_manager.o (.text.MissionManager_GetSelectedMissionIndex)
                  0000ffa0    00000068     car_controller.o (.text.set_output_speed)
                  00010008    00000066     track_sensor.o (.text.TrackSensor_GetErrorFromRaw)
                  0001006e    00000002     libclang_rt.builtins.a : aeabi_div0.c.obj (.text.__aeabi_ldiv0)
                  00010070    00000062                            : aeabi_fcmp.S.obj (.text.__aeabi_fcmp)
                  000100d2    00000062     libc.a : memset16.S.obj (.text:memset)
                  00010134    00000060     vision_tuning_console.o (.text.VisionTuningConsole_Init)
                  00010194    00000060     libclang_rt.builtins.a : fixsfdi.S.obj (.text.__fixsfdi)
                  000101f4    00000060     app.o (.text.app_remote_cancel_current_action)
                  00010254    0000005c     magnet.o (.text.Magnet_Set)
                  000102b0    0000005c     mission_manager.o (.text.MissionManager_Start)
                  0001030c    0000005c     vision_uart.o (.text.UART3_IRQHandler)
                  00010368    0000005c     ultrasonic.o (.text.Ultrasonic_Update_20ms)
                  000103c4    0000005c     car_controller.o (.text.speed_cmps_to_normalized_command)
                  00010420    00000058     oled.o (.text.OLED_PrintChar)
                  00010478    00000058     motion_action.o (.text.motion_action_start_imu_controller)
                  000104d0    00000056     libclang_rt.builtins.a : aeabi_idivmod.S.obj (.text.__aeabi_idivmod)
                  00010526    00000002     --HOLE-- [fill = 0]
                  00010528    00000054     car_controller.o (.text.CarController_Stop)
                  0001057c    00000054     menu.o (.text.Menu_GetParamValue)
                  000105d0    00000054     track_sensor.o (.text.TrackSensor_ReadRaw)
                  00010624    00000054     watchdog_monitor.o (.text.WatchdogMonitor_ApplyFaultIfNeeded)
                  00010678    00000054     app.o (.text.app_remote_parse_gear)
                  000106cc    00000050     mission_manager.o (.text.MissionManager_Init)
                  0001071c    00000050     ultrasonic.o (.text.Ultrasonic_Init)
                  0001076c    00000050     watchdog_monitor.o (.text.WatchdogMonitor_Tick1msFromIsr)
                  000107bc    0000004e     libclang_rt.builtins.a : floatdisf.S.obj (.text.__floatdisf)
                  0001080a    00000002     --HOLE-- [fill = 0]
                  0001080c    0000004c     motor_control.o (.text.MotorControl_Stop)
                  00010858    00000048     driverlib.a : dl_uart.o (.text.DL_UART_init)
                  000108a0    00000048     ti_msp_dl_config.o (.text.SYSCFG_DL_initPower)
                  000108e8    00000044     emergency_stop.o (.text.EmergencyStop_Reset)
                  0001092c    00000044     encoder.o (.text.Encoder_GetAndClearPulseDeltas)
                  00010970    00000044     imu.o (.text.Imu_ResetYaw)
                  000109b4    00000044     servo.o (.text.Servo_Tick100us)
                  000109f8    00000040     car_controller.o (.text.CarController_StartFollowLine)
                  00010a38    00000040     fault.o (.text.Fault_Raise)
                  00010a78    00000040     mission_manager.o (.text.MissionManager_Cancel)
                  00010ab8    00000040     ti_msp_dl_config.o (.text.SYSCFG_DL_SYSCTL_init)
                  00010af8    00000040     vision_receiver.o (.text.VisionReceiver_PushByteFromIsr)
                  00010b38    00000040     libclang_rt.builtins.a : aeabi_uidivmod.S.obj (.text.__aeabi_uidivmod)
                  00010b78    0000003e                            : divmoddi4.c.obj (.text.__divmoddi4)
                  00010bb6    00000002     --HOLE-- [fill = 0]
                  00010bb8    0000003c     mission_manager.o (.text.MissionManager_Reset)
                  00010bf4    0000003c     servo.o (.text.Servo_SetAngleDeg)
                  00010c30    0000003c     vision_tuning_console.o (.text.VisionTuningConsole_PushByteFromIsr)
                  00010c6c    0000003c     libclang_rt.builtins.a : floatsisf.S.obj (.text.__floatsisf)
                  00010ca8    0000003c                            : comparesf2.S.obj (.text.__gtsf2)
                  00010ce4    0000003c     libc.a : autoinit.c.obj (.text:__TI_auto_init_nobinit_nopinit)
                  00010d20    0000003a     libclang_rt.builtins.a : comparesf2.S.obj (.text.__eqsf2)
                  00010d5a    00000002     --HOLE-- [fill = 0]
                  00010d5c    0000003a                            : muldsi3.S.obj (.text.__muldsi3)
                  00010d96    00000002     --HOLE-- [fill = 0]
                  00010d98    00000038     emergency_stop.o (.text.EmergencyStop_Trigger)
                  00010dd0    00000038     vision_receiver.o (.text.VisionReceiver_Init)
                  00010e08    00000038     libclang_rt.builtins.a : fixsfsi.S.obj (.text.__fixsfsi)
                  00010e40    00000036     bluetooth_uart.o (.text.BluetoothUart_TryWriteString)
                  00010e76    00000002     --HOLE-- [fill = 0]
                  00010e78    00000034     bluetooth_uart.o (.text.BluetoothUart_TryReadByte)
                  00010eac    00000034     imu.o (.text.Imu_IsReady)
                  00010ee0    00000034     mission_library.o (.text.MissionLibrary_FindById)
                  00010f14    00000034     vision_tuning_console.o (.text.VisionTuningConsole_TryPopTxByte)
                  00010f48    00000034     vision_uart.o (.text.VisionUart_Process)
                  00010f7c    00000032     oled.o (.text.OLED_PrintString)
                  00010fae    00000002     --HOLE-- [fill = 0]
                  00010fb0    00000032     libclang_rt.builtins.a : fixunssfsi.S.obj (.text.__fixunssfsi)
                  00010fe2    00000002     --HOLE-- [fill = 0]
                  00010fe4    00000030     key.o (.text.Key_Init)
                  00011014    00000030     line_controller.o (.text.LineController_ObserveSensors)
                  00011044    00000030     mission_manager.o (.text.MissionManager_Resume)
                  00011074    00000030     vision_pitch_tuning.o (.text.VisionPitchTuning_RestoreDefault)
                  000110a4    00000030     watchdog_monitor.o (.text.WatchdogMonitor_Init)
                  000110d4    00000030     watchdog_monitor.o (.text.WatchdogMonitor_Reset)
                  00011104    0000002c     encoder.o (.text.Encoder_Reset)
                  00011130    0000002c     track_sensor.o (.text.TrackSensor_CountBlack)
                  0001115c    0000002c     vision_yaw_tuning.o (.text.VisionYawTuning_RestoreDefault)
                  00011188    00000028     emergency_stop.o (.text.EmergencyStop_Enforce)
                  000111b0    00000028     magnet.o (.text.Magnet_ForceOff)
                  000111d8    00000028     ti_msp_dl_config.o (.text.SYSCFG_DL_init)
                  00011200    00000028     servo.o (.text.Servo_Init)
                  00011228    00000028     vision_pitch_tuning.o (.text.VisionPitchTuning_Init)
                  00011250    00000028     libclang_rt.builtins.a : floatunsisf.S.obj (.text.__floatunsisf)
                  00011278    00000028     libc.a : memmov.c.obj (.text.memmove)
                  000112a0    00000028            : boot_cortex_m.c.obj (.text:_c_int00_noargs)
                  000112c8    00000024     mission_manager.o (.text.MissionManager_ReportExternalFailure)
                  000112ec    00000024     motor_control.o (.text.MotorControl_Init)
                  00011310    00000024     motor_control.o (.text.MotorControl_Reset)
                  00011334    00000024     oled.o (.text.OLED_ClearBuffer)
                  00011358    00000024     vision_yaw_tuning.o (.text.VisionYawTuning_Init)
                  0001137c    00000024     libclang_rt.builtins.a : muldi3.S.obj (.text.__muldi3)
                  000113a0    00000020     driverlib.a : dl_timer.o (.text.DL_Timer_overrideCCPOut)
                  000113c0    00000020     debug_telemetry.o (.text.DebugTelemetry_Update)
                  000113e0    00000020     magnet.o (.text.Magnet_Init)
                  00011400    00000020     mission_manager.o (.text.MissionManager_Pause)
                  00011420    00000020     oled.o (.text.OLED_SetCursor)
                  00011440    00000020     empty.o (.text.SchedulerMonitor_GetStats)
                  00011460    00000020     mission_manager.o (.text.mission_finish_error)
                  00011480    0000001e     libclang_rt.builtins.a : ashldi3.S.obj (.text.__ashldi3)
                  0001149e    00000002     --HOLE-- [fill = 0]
                  000114a0    0000001c     driverlib.a : dl_timer.o (.text.DL_Timer_setCaptCompUpdateMethod)
                  000114bc    0000001c                 : dl_timer.o (.text.DL_Timer_setClockConfig)
                  000114d8    0000001c     heading_control.o (.text.HeadingControl_SetTargetYaw)
                  000114f4    0000001c     menu.o (.text.Menu_Init)
                  00011510    0000001c     motion_action.o (.text.MotionAction_Cancel)
                  0001152c    0000001c     obstacle_monitor.o (.text.ObstacleMonitor_Init)
                  00011548    0000001c     obstacle_safety.o (.text.ObstacleSafety_Init)
                  00011564    0000001c     vision_pitch_tuning.o (.text.VisionPitchTuning_ParamName)
                  00011580    0000001c     vision_yaw_tuning.o (.text.VisionYawTuning_GetSnapshot)
                  0001159c    0000001c     vision_yaw_tuning.o (.text.VisionYawTuning_ParamName)
                  000115b8    0000001c     watchdog_monitor.o (.text.WatchdogMonitor_NotifyControlCycleComplete)
                  000115d4    0000001c     mission_manager.o (.text.mission_finish_success)
                  000115f0    00000018     car_controller.o (.text.CarController_RunModeToString)
                  00011608    00000018     car_state.o (.text.CarState_ToString)
                  00011620    00000018     driverlib.a : dl_timer.o (.text.DL_Timer_setCaptureCompareOutCtl)
                  00011638    00000018     debug_telemetry.o (.text.DebugTelemetry_Init)
                  00011650    00000018     heading_control.o (.text.HeadingControl_Init)
                  00011668    00000018     heading_control.o (.text.HeadingControl_Reset)
                  00011680    00000018     menu.o (.text.Menu_ParamItemToString)
                  00011698    00000018     motion_action.o (.text.MotionAction_Init)
                  000116b0    00000018     obstacle_avoidance.o (.text.ObstacleAvoidance_Init)
                  000116c8    00000018     runtime_snapshot.o (.text.RuntimeSnapshot_Init)
                  000116e0    00000016     libclang_rt.builtins.a : comparesf2.S.obj (.text.__unordsf2)
                  000116f6    00000002     --HOLE-- [fill = 0]
                  000116f8    00000014     fault.o (.text.Fault_Clear)
                  0001170c    00000014     fault.o (.text.Fault_Init)
                  00011720    00000014     empty.o (.text.GROUP1_IRQHandler)
                  00011734    00000014     heading_control.o (.text.HeadingControl_Enable)
                  00011748    00000014     mission_library.o (.text.MissionLibrary_GetByIndex)
                  0001175c    00000014     mission_manager.o (.text.MissionManager_GetSelectedMissionId)
                  00011770    00000014     vision_pitch_tuning.o (.text.VisionPitchTuning_GetSnapshot)
                  00011784    00000014     vision_uart.o (.text.VisionUart_Init)
                  00011798    00000014     libclang_rt.builtins.a : aeabi_ldivmod.S.obj (.text.__aeabi_ldivmod)
                  000117ac    00000014                            : aeabi_uldivmod.S.obj (.text.__aeabi_uldivmod)
                  000117c0    00000012     driverlib.a : dl_uart.o (.text.DL_UART_setClockConfig)
                  000117d2    00000012     libc.a : copy_decompress_none.c.obj (.text:decompress:none)
                  000117e4    00000010     driverlib.a : dl_timer.o (.text.DL_Timer_setCaptureCompareValue)
                  000117f4    00000010     gimbal.o (.text.Gimbal_YawGetFeedback)
                  00011804    00000010     key.o (.text.Key_GetEvent)
                  00011814    00000010     libc.a : copy_zero_init.c.obj (.text:decompress:ZI)
                  00011824    0000000c     car_controller.o (.text.CarController_GetRunMode)
                  00011830    0000000c     car_controller.o (.text.CarController_Init)
                  0001183c    0000000c     car_controller.o (.text.CarController_IsSafetyHoldActive)
                  00011848    0000000c     car_state.o (.text.CarState_Get)
                  00011854    0000000c     car_state.o (.text.CarState_Init)
                  00011860    0000000c     car_state.o (.text.CarState_Set)
                  0001186c    0000000c     emergency_stop.o (.text.EmergencyStop_Init)
                  00011878    0000000c     emergency_stop.o (.text.EmergencyStop_IsActive)
                  00011884    0000000c     imu.o (.text.Imu_GetCorrectedGyroZDps)
                  00011890    0000000c     imu.o (.text.Imu_GetYaw)
                  0001189c    0000000c     magnet.o (.text.Magnet_IsOn)
                  000118a8    0000000c     menu.o (.text.Menu_GetPage)
                  000118b4    0000000c     menu.o (.text.Menu_GetParamItem)
                  000118c0    0000000c     mission_manager.o (.text.MissionManager_IsExternallyHeld)
                  000118cc    0000000c     mission_manager.o (.text.MissionManager_IsTransientAction)
                  000118d8    0000000c     mission_manager.o (.text.MissionManager_SetExternalHold)
                  000118e4    0000000c     obstacle_avoidance.o (.text.ObstacleAvoidance_IsActive)
                  000118f0    0000000c     obstacle_avoidance.o (.text.ObstacleAvoidance_IsFailed)
                  000118fc    0000000c     obstacle_safety.o (.text.ObstacleSafety_IsHolding)
                  00011908    0000000c     empty.o (.text.SystemTime_GetMs)
                  00011914    0000000c     watchdog_monitor.o (.text.WatchdogMonitor_HasTripped)
                  00011920    0000000c     libclang_rt.builtins.a : aeabi_memset.S.obj (.text.__aeabi_memclr)
                  0001192c    0000000a     driverlib.a : dl_common.o (.text.DL_Common_delayCycles)
                  00011936    0000000a     track_sensor.o (.text.TrackSensor_IsCenterDetected)
                  00011940    0000000a     track_sensor.o (.text.TrackSensor_IsLineDetected)
                  0001194a    0000000a     track_sensor.o (.text.TrackSensor_IsLineLost)
                  00011954    00000008     bluetooth_uart.o (.text.BluetoothUart_GetRuntime)
                  0001195c    00000008     car_controller.o (.text.CarController_GetFeedback)
                  00011964    00000008     fault.o (.text.Fault_GetRecord)
                  0001196c    00000008     gimbal_stepper.o (.text.GimbalStepper_GetFeedback)
                  00011974    00000008     heading_control.o (.text.HeadingControl_GetRuntime)
                  0001197c    00000008     imu.o (.text.Imu_GetRuntime)
                  00011984    00000008     line_controller.o (.text.LineController_GetRuntime)
                  0001198c    00000008     mission_manager.o (.text.MissionManager_GetMissionCount)
                  00011994    00000008     mission_manager.o (.text.MissionManager_GetRuntime)
                  0001199c    00000008     motion_action.o (.text.MotionAction_GetRuntime)
                  000119a4    00000008     motor_control.o (.text.MotorControl_GetRuntime)
                  000119ac    00000008     obstacle_avoidance.o (.text.ObstacleAvoidance_GetFeedback)
                  000119b4    00000008     obstacle_monitor.o (.text.ObstacleMonitor_GetFeedback)
                  000119bc    00000008     oled_ui.o (.text.OledUi_Init)
                  000119c4    00000008     runtime_snapshot.o (.text.RuntimeSnapshot_Get)
                  000119cc    00000008     servo.o (.text.Servo_GetFeedback)
                  000119d4    00000008     ultrasonic.o (.text.Ultrasonic_GetFeedback)
                  000119dc    00000008     vision_receiver.o (.text.VisionReceiver_GetStatus)
                  000119e4    00000008     vision_tuning_console.o (.text.VisionTuningConsole_GetStatus)
                  000119ec    00000008     watchdog_monitor.o (.text.WatchdogMonitor_GetStatus)
                  000119f4    00000008     wheel_speed_estimator.o (.text.WheelSpeedEstimator_GetRuntime)
                  000119fc    00000008     libclang_rt.builtins.a : aeabi_memcpy.S.obj (.text.__aeabi_memcpy)
                  00011a04    00000008                            : aeabi_memmove.S.obj (.text.__aeabi_memmove)
                  00011a0c    00000006     libc.a : exit.c.obj (.text:abort)
                  00011a12    00000004     mission_library.o (.text.MissionLibrary_GetCount)
                  00011a16    00000004     obstacle_avoidance.o (.text.ObstacleAvoidance_IsResumeGraceActive)
                  00011a1a    00000004     startup_mspm0g350x_ticlang.o (.text.Reset_Handler)
                  00011a1e    00000004     libc.a : pre_init.c.obj (.text._system_pre_init)
                  00011a22    0000000e     --HOLE-- [fill = 0]

.cinit     0    00012420    00000030     
                  00012420    0000000c     (__TI_handler_table)
                  0001242c    00000008     (.cinit..bss.load) [load image, compression = zero_init]
                  00012434    00000008     (.cinit..data.load) [load image, compression = lzss]
                  0001243c    00000010     (__TI_cinit_table)
                  0001244c    00000004     --HOLE-- [fill = 0]

.rodata    0    00011a30    000009f0     
                  00011a30    000000d8     oled.o (.rodata..Lswitch.table.OLED_PrintChar)
                  00011b08    00000048     mission_library.o (.rodata.g_missionCompetitionMain)
                  00011b50    00000048     mission_library.o (.rodata.g_missionTestDistance20)
                  00011b98    00000048     mission_library.o (.rodata.g_missionTestLine)
                  00011be0    00000048     mission_library.o (.rodata.g_missionTestTurn)
                  00011c28    00000040     mission_library.o (.rodata.g_missionRegistry)
                  00011c68    0000002c     oled_ui.o (.rodata..Lswitch.table.print_status_page)
                  00011c94    00000028     car_controller.o (.rodata..Lswitch.table.CarController_RunModeToString)
                  00011cbc    0000001c     menu.o (.rodata..Lswitch.table.Menu_ParamItemToString)
                  00011cd8    0000001c     oled_ui.o (.rodata..Lswitch.table.OledUi_Update_20ms.115)
                  00011cf4    0000001c     vision_tuning_console.o (.rodata.str1.1836208005852235077.1)
                  00011d10    00000018     car_state.o (.rodata..Lswitch.table.CarState_ToString)
                  00011d28    00000018     vision_pitch_tuning.o (.rodata..Lswitch.table.VisionPitchTuning_ParamName)
                  00011d40    00000018     oled_ui.o (.rodata..Lswitch.table.print_status_page.116)
                  00011d58    00000018     app.o (.rodata.str1.1329290160258583221.1)
                  00011d70    00000016     app.o (.rodata.str1.1203029987332226495.1)
                  00011d86    00000016     app.o (.rodata.str1.13719379709283632147.1)
                  00011d9c    00000015     app.o (.rodata.str1.14614617329940285853.1)
                  00011db1    00000015     app.o (.rodata.str1.4360399834097859481.1)
                  00011dc6    00000002     ti_msp_dl_config.o (.rodata.gUART_BLUETOOTHClockConfig)
                  00011dc8    00000014     vision_yaw_tuning.o (.rodata..Lswitch.table.VisionYawTuning_ParamName)
                  00011ddc    00000014     oled_ui.o (.rodata..Lswitch.table.print_status_page.117)
                  00011df0    00000014     app.o (.rodata.str1.13047991517565047521.1)
                  00011e04    00000013     app.o (.rodata.str1.11496703787469058505.1)
                  00011e17    00000012     app.o (.rodata.str1.13595109925716521204.1)
                  00011e29    00000012     app.o (.rodata.str1.6810515665389614968.1)
                  00011e3b    00000011     app.o (.rodata.str1.11849843482968746561.1)
                  00011e4c    00000011     app.o (.rodata.str1.16143489755095309550.1)
                  00011e5d    00000011     app.o (.rodata.str1.5290328808575308624.1)
                  00011e6e    00000011     app.o (.rodata.str1.8149634197813164057.1)
                  00011e7f    00000011     app.o (.rodata.str1.9222971948914276833.1)
                  00011e90    00000010     app.o (.rodata.str1.1155299426122084162.1)
                  00011ea0    00000010     app.o (.rodata.str1.17399001118936924778.1)
                  00011eb0    0000000e     oled_ui.o (.rodata.str1.10416366799939242409.1)
                  00011ebe    0000000e     app.o (.rodata.str1.6838489472292434579.1)
                  00011ecc    0000000d     app.o (.rodata.str1.13935281678674483141.1)
                  00011ed9    00000003     ti_msp_dl_config.o (.rodata.gPWM_MOTORClockConfig)
                  00011edc    0000000c     app.o (.rodata..Lswitch.table.App_Update_20ms)
                  00011ee8    0000000c     oled_ui.o (.rodata..Lswitch.table.OledUi_Update_20ms)
                  00011ef4    0000000c     app.o (.rodata.str1.2540114484728192048.1)
                  00011f00    0000000c     app.o (.rodata.str1.300513063366140995.1)
                  00011f0c    0000000c     app.o (.rodata.str1.9736592238987147851.1)
                  00011f18    0000000b     app.o (.rodata.str1.1944712146988729081.1)
                  00011f23    00000001     --HOLE-- [fill = 0]
                  00011f24    0000000a     ti_msp_dl_config.o (.rodata.gUART_BLUETOOTHConfig)
                  00011f2e    0000000a     ti_msp_dl_config.o (.rodata.gUART_VISIONConfig)
                  00011f38    0000000a     oled_ui.o (.rodata.str1.12043213579996415112.1)
                  00011f42    0000000a     mission_library.o (.rodata.str1.13636476544574750902.1)
                  00011f4c    0000000a     mission_library.o (.rodata.str1.15668266851434757964.1)
                  00011f56    0000000a     mission_library.o (.rodata.str1.199678142196697465.1)
                  00011f60    0000000a     vision_tuning_console.o (.rodata.str1.4859846923128959820.1)
                  00011f6a    0000000a     vision_tuning_console.o (.rodata.str1.7225688704195888286.1)
                  00011f74    00000008     ti_msp_dl_config.o (.rodata.gPWM_MOTORConfig)
                  00011f7c    00000008     vision_tuning_console.o (.rodata.str1.11718269490974306969.1)
                  00011f84    00000008     oled_ui.o (.rodata.str1.17763996158807330232.1)
                  00011f8c    00000008     vision_tuning_console.o (.rodata.str1.3293472937029561918.1)
                  00011f94    00000008     oled_ui.o (.rodata.str1.9159586779647977165.1)
                  00011f9c    00000008     oled_ui.o (.rodata.str1.9611283282870761829.1)
                  00011fa4    00000008     oled_ui.o (.rodata.str1.9646571805098343045.1)
                  00011fac    00000007     app.o (.rodata.str1.10026493563230703648.1)
                  00011fb3    00000007     vision_tuning_console.o (.rodata.str1.10860306953068020798.1)
                  00011fba    00000007     app.o (.rodata.str1.14141965288680528547.1)
                  00011fc1    00000007     mission_library.o (.rodata.str1.1440970855772709381.1)
                  00011fc8    00000007     app.o (.rodata.str1.1796468832600293665.1)
                  00011fcf    00000007     app.o (.rodata.str1.17980129702820282969.1)
                  00011fd6    00000007     mission_manager.o (.rodata.str1.378057020374253378.1)
                  00011fdd    00000007     oled_ui.o (.rodata.str1.7219546930854689545.1)
                  00011fe4    00000007     app.o (.rodata.str1.8682387830711593804.1)
                  00011feb    00000006     oled_ui.o (.rodata.str1.10263419832828250601.1)
                  00011ff1    00000006     vision_tuning_console.o (.rodata.str1.10319329813075420582.1)
                  00011ff7    00000006     app.o (.rodata.str1.10450196737795524526.1)
                  00011ffd    00000006     oled_ui.o (.rodata.str1.1108652269057166745.1)
                  00012003    00000006     app.o (.rodata.str1.11879963978103418143.1)
                  00012009    00000006     app.o (.rodata.str1.1428064158287234977.1)
                  0001200f    00000006     oled_ui.o (.rodata.str1.1445687256832830955.1)
                  00012015    00000006     app.o (.rodata.str1.15806209423872462041.1)
                  0001201b    00000006     oled_ui.o (.rodata.str1.16526439943277383452.1)
                  00012021    00000006     oled_ui.o (.rodata.str1.16635595130967924751.1)
                  00012027    00000006     car_state.o (.rodata.str1.1675797584173499143.1)
                  0001202d    00000006     oled_ui.o (.rodata.str1.17540787658903907660.1)
                  00012033    00000006     oled_ui.o (.rodata.str1.2308938766145545715.1)
                  00012039    00000006     oled_ui.o (.rodata.str1.240075016795266086.1)
                  0001203f    00000006     app.o (.rodata.str1.2606929252065540862.1)
                  00012045    00000006     app.o (.rodata.str1.2636138999981784935.1)
                  0001204b    00000006     app.o (.rodata.str1.3437893941128827834.1)
                  00012051    00000006     vision_tuning_console.o (.rodata.str1.4028100529439820245.1)
                  00012057    00000006     car_state.o (.rodata.str1.41590466491370331.1)
                  0001205d    00000006     car_controller.o (.rodata.str1.5475209154116713896.1)
                  00012063    00000006     app.o (.rodata.str1.7777424699149452427.1)
                  00012069    00000006     oled_ui.o (.rodata.str1.8236579331345056500.1)
                  0001206f    00000006     oled_ui.o (.rodata.str1.9584387800903135389.1)
                  00012075    00000005     motion_action.o (.rodata..Lswitch.table.MotionAction_Update_20ms)
                  0001207a    00000005     oled.o (.rodata.oled_get_glyph.colon)
                  0001207f    00000005     oled.o (.rodata.oled_get_glyph.eight)
                  00012084    00000005     oled.o (.rodata.oled_get_glyph.five)
                  00012089    00000005     oled.o (.rodata.oled_get_glyph.four)
                  0001208e    00000005     oled.o (.rodata.oled_get_glyph.glyphA)
                  00012093    00000005     oled.o (.rodata.oled_get_glyph.glyphB)
                  00012098    00000005     oled.o (.rodata.oled_get_glyph.glyphC)
                  0001209d    00000005     oled.o (.rodata.oled_get_glyph.glyphD)
                  000120a2    00000005     oled.o (.rodata.oled_get_glyph.glyphE)
                  000120a7    00000005     oled.o (.rodata.oled_get_glyph.glyphF)
                  000120ac    00000005     oled.o (.rodata.oled_get_glyph.glyphG)
                  000120b1    00000005     oled.o (.rodata.oled_get_glyph.glyphH)
                  000120b6    00000005     oled.o (.rodata.oled_get_glyph.glyphI)
                  000120bb    00000005     oled.o (.rodata.oled_get_glyph.glyphK)
                  000120c0    00000005     oled.o (.rodata.oled_get_glyph.glyphL)
                  000120c5    00000005     oled.o (.rodata.oled_get_glyph.glyphM)
                  000120ca    00000005     oled.o (.rodata.oled_get_glyph.glyphN)
                  000120cf    00000005     oled.o (.rodata.oled_get_glyph.glyphO)
                  000120d4    00000005     oled.o (.rodata.oled_get_glyph.glyphP)
                  000120d9    00000005     oled.o (.rodata.oled_get_glyph.glyphR)
                  000120de    00000005     oled.o (.rodata.oled_get_glyph.glyphS)
                  000120e3    00000005     oled.o (.rodata.oled_get_glyph.glyphT)
                  000120e8    00000005     oled.o (.rodata.oled_get_glyph.glyphU)
                  000120ed    00000005     oled.o (.rodata.oled_get_glyph.glyphV)
                  000120f2    00000005     oled.o (.rodata.oled_get_glyph.glyphW)
                  000120f7    00000005     oled.o (.rodata.oled_get_glyph.glyphX)
                  000120fc    00000005     oled.o (.rodata.oled_get_glyph.glyphY)
                  00012101    00000005     oled.o (.rodata.oled_get_glyph.glyphb)
                  00012106    00000005     oled.o (.rodata.oled_get_glyph.gt)
                  0001210b    00000005     oled.o (.rodata.oled_get_glyph.minus)
                  00012110    00000005     oled.o (.rodata.oled_get_glyph.nine)
                  00012115    00000005     oled.o (.rodata.oled_get_glyph.one)
                  0001211a    00000005     oled.o (.rodata.oled_get_glyph.seven)
                  0001211f    00000005     oled.o (.rodata.oled_get_glyph.six)
                  00012124    00000005     oled.o (.rodata.oled_get_glyph.space)
                  00012129    00000005     oled.o (.rodata.oled_get_glyph.three)
                  0001212e    00000005     oled.o (.rodata.oled_get_glyph.two)
                  00012133    00000005     oled.o (.rodata.oled_get_glyph.zero)
                  00012138    00000005     app.o (.rodata.str1.10250497020811341304.1)
                  0001213d    00000005     app.o (.rodata.str1.10370861725203452414.1)
                  00012142    00000005     app.o (.rodata.str1.10678445697442035063.1)
                  00012147    00000005     app.o (.rodata.str1.11016788133198141870.1)
                  0001214c    00000005     app.o (.rodata.str1.11500503312727392459.1)
                  00012151    00000005     oled_ui.o (.rodata.str1.12182588061437138428.1)
                  00012156    00000005     app.o (.rodata.str1.12441497784875596899.1)
                  0001215b    00000005     car_controller.o (.rodata.str1.12442237994239546032.1)
                  00012160    00000005     oled_ui.o (.rodata.str1.12697925274637991987.1)
                  00012165    00000005     oled_ui.o (.rodata.str1.13567883086814673087.1)
                  0001216a    00000005     oled_ui.o (.rodata.str1.13790669171379415506.1)
                  0001216f    00000005     oled_ui.o (.rodata.str1.13871579367539052597.1)
                  00012174    00000005     vision_pitch_tuning.o (.rodata.str1.13915893147848268398.1)
                  00012179    00000005     oled_ui.o (.rodata.str1.14358698208395374265.1)
                  0001217e    00000005     fault.o (.rodata.str1.14435905801345341244.1)
                  00012183    00000005     oled_ui.o (.rodata.str1.14711868471336838103.1)
                  00012188    00000005     fault.o (.rodata.str1.1506612114648992996.1)
                  0001218d    00000005     oled_ui.o (.rodata.str1.15613891207764622616.1)
                  00012192    00000005     oled_ui.o (.rodata.str1.15817398807211891688.1)
                  00012197    00000005     oled_ui.o (.rodata.str1.16290499236105125126.1)
                  0001219c    00000005     oled_ui.o (.rodata.str1.16411631209783952401.1)
                  000121a1    00000005     car_controller.o (.rodata.str1.1652194605229746967.1)
                  000121a6    00000005     app.o (.rodata.str1.16810183106006904764.1)
                  000121ab    00000005     oled_ui.o (.rodata.str1.16931641404301806744.1)
                  000121b0    00000005     oled_ui.o (.rodata.str1.16939060351352778619.1)
                  000121b5    00000005     fault.o (.rodata.str1.17097894860660336008.1)
                  000121ba    00000005     fault.o (.rodata.str1.17155043670132108083.1)
                  000121bf    00000005     vision_tuning_console.o (.rodata.str1.17265544270347038021.1)
                  000121c4    00000005     app.o (.rodata.str1.17432819948416611743.1)
                  000121c9    00000005     oled_ui.o (.rodata.str1.17464849429964608858.1)
                  000121ce    00000005     oled_ui.o (.rodata.str1.17763087492223448992.1)
                  000121d3    00000005     oled_ui.o (.rodata.str1.1974573040514735405.1)
                  000121d8    00000005     fault.o (.rodata.str1.2104670281202025270.1)
                  000121dd    00000005     oled_ui.o (.rodata.str1.2522137003438374266.1)
                  000121e2    00000005     app.o (.rodata.str1.2568190970272041647.1)
                  000121e7    00000005     oled_ui.o (.rodata.str1.2742282290834473644.1)
                  000121ec    00000005     oled_ui.o (.rodata.str1.2983744876309220570.1)
                  000121f1    00000005     oled_ui.o (.rodata.str1.3467953211977455017.1)
                  000121f6    00000005     app.o (.rodata.str1.3543938948723267646.1)
                  000121fb    00000005     oled_ui.o (.rodata.str1.3702290527496711532.1)
                  00012200    00000005     app.o (.rodata.str1.3926683289694998730.1)
                  00012205    00000005     car_controller.o (.rodata.str1.4164979912472006574.1)
                  0001220a    00000005     fault.o (.rodata.str1.4453281041433270631.1)
                  0001220f    00000005     fault.o (.rodata.str1.4549004730087743662.1)
                  00012214    00000005     oled_ui.o (.rodata.str1.4581472623415959594.1)
                  00012219    00000005     oled_ui.o (.rodata.str1.4610220316623841660.1)
                  0001221e    00000005     car_controller.o (.rodata.str1.4850163232891874878.1)
                  00012223    00000005     menu.o (.rodata.str1.4862307748908978627.1)
                  00012228    00000005     app.o (.rodata.str1.5602021903949372904.1)
                  0001222d    00000005     app.o (.rodata.str1.5697808172495890429.1)
                  00012232    00000005     fault.o (.rodata.str1.6372787129294360447.1)
                  00012237    00000005     fault.o (.rodata.str1.6437946768974223044.1)
                  0001223c    00000005     app.o (.rodata.str1.6842359452639101718.1)
                  00012241    00000005     car_controller.o (.rodata.str1.702403006289709404.1)
                  00012246    00000005     app.o (.rodata.str1.7256834521257261525.1)
                  0001224b    00000005     oled_ui.o (.rodata.str1.7419768602719733415.1)
                  00012250    00000005     vision_yaw_tuning.o (.rodata.str1.7764041101441114269.1)
                  00012255    00000005     oled_ui.o (.rodata.str1.7774807581888385879.1)
                  0001225a    00000005     oled_ui.o (.rodata.str1.8124536758062367015.1)
                  0001225f    00000005     fault.o (.rodata.str1.8185770893384132067.1)
                  00012264    00000005     car_state.o (.rodata.str1.8223341253983108753.1)
                  00012269    00000005     oled_ui.o (.rodata.str1.8399051469953744892.1)
                  0001226e    00000005     oled_ui.o (.rodata.str1.8403269972884532600.1)
                  00012273    00000005     oled_ui.o (.rodata.str1.8426569189266129334.1)
                  00012278    00000005     oled_ui.o (.rodata.str1.8460525935980491721.1)
                  0001227d    00000005     app.o (.rodata.str1.8524103983287916360.1)
                  00012282    00000005     oled_ui.o (.rodata.str1.8693388333057100694.1)
                  00012287    00000005     car_state.o (.rodata.str1.8698975129455933903.1)
                  0001228c    00000005     oled_ui.o (.rodata.str1.8950259614286592359.1)
                  00012291    00000005     oled_ui.o (.rodata.str1.9102528229756940648.1)
                  00012296    00000005     oled_ui.o (.rodata.str1.9295666102996717355.1)
                  0001229b    00000005     oled_ui.o (.rodata.str1.9351772214919528733.1)
                  000122a0    00000005     oled_ui.o (.rodata.str1.9822857334037886482.1)
                  000122a5    00000005     car_controller.o (.rodata.str1.9981487771679760427.1)
                  000122aa    00000004     oled_ui.o (.rodata.str1.10077435089618835710.1)
                  000122ae    00000004     app.o (.rodata.str1.10188681061226583994.1)
                  000122b2    00000004     oled_ui.o (.rodata.str1.1019225241002246410.1)
                  000122b6    00000004     oled_ui.o (.rodata.str1.10430294223631918979.1)
                  000122ba    00000004     oled_ui.o (.rodata.str1.10568433575767188072.1)
                  000122be    00000004     oled_ui.o (.rodata.str1.11232419324784801130.1)
                  000122c2    00000004     oled_ui.o (.rodata.str1.11428648044669318875.1)
                  000122c6    00000004     menu.o (.rodata.str1.12110183915172842339.1)
                  000122ca    00000004     oled_ui.o (.rodata.str1.12493748764729730277.1)
                  000122ce    00000004     oled_ui.o (.rodata.str1.12617122458660443890.1)
                  000122d2    00000004     car_controller.o (.rodata.str1.12661897076542654461.1)
                  000122d6    00000004     oled_ui.o (.rodata.str1.12928245060369742404.1)
                  000122da    00000004     oled_ui.o (.rodata.str1.12983537867572525563.1)
                  000122de    00000004     oled_ui.o (.rodata.str1.13244290092665904221.1)
                  000122e2    00000004     fault.o (.rodata.str1.13582094816268305212.1)
                  000122e6    00000004     oled_ui.o (.rodata.str1.13882251010780863896.1)
                  000122ea    00000004     car_state.o (.rodata.str1.13986535679874659196.1)
                  000122ee    00000004     vision_tuning_console.o (.rodata.str1.14084955404328172175.1)
                  000122f2    00000004     oled_ui.o (.rodata.str1.14134189893851348960.1)
                  000122f6    00000004     oled_ui.o (.rodata.str1.14521350379984854626.1)
                  000122fa    00000004     oled_ui.o (.rodata.str1.15008238333949226094.1)
                  000122fe    00000004     oled_ui.o (.rodata.str1.15575624326185233262.1)
                  00012302    00000004     oled_ui.o (.rodata.str1.15577080202403550426.1)
                  00012306    00000004     oled_ui.o (.rodata.str1.15802367878353263018.1)
                  0001230a    00000004     oled_ui.o (.rodata.str1.15829239520183577662.1)
                  0001230e    00000004     oled_ui.o (.rodata.str1.15935041339501476673.1)
                  00012312    00000004     menu.o (.rodata.str1.16312125044762562515.1)
                  00012316    00000004     fault.o (.rodata.str1.16482347271627360806.1)
                  0001231a    00000004     oled_ui.o (.rodata.str1.16554583589798097927.1)
                  0001231e    00000004     vision_pitch_tuning.o (.rodata.str1.16579632732967443104.1)
                  00012322    00000004     oled_ui.o (.rodata.str1.16849766574302683489.1)
                  00012326    00000004     menu.o (.rodata.str1.17041139162815566052.1)
                  0001232a    00000004     car_controller.o (.rodata.str1.17172356789460551389.1)
                  0001232e    00000004     oled_ui.o (.rodata.str1.17274519358952562110.1)
                  00012332    00000004     car_controller.o (.rodata.str1.18191498530309206443.1)
                  00012336    00000004     oled_ui.o (.rodata.str1.18266126048138325213.1)
                  0001233a    00000004     oled_ui.o (.rodata.str1.18379317056176403938.1)
                  0001233e    00000004     oled_ui.o (.rodata.str1.2656948373757303877.1)
                  00012342    00000004     oled_ui.o (.rodata.str1.270145429241168923.1)
                  00012346    00000004     oled_ui.o (.rodata.str1.3407221357956504873.1)
                  0001234a    00000004     oled_ui.o (.rodata.str1.3455423528827705371.1)
                  0001234e    00000004     car_state.o (.rodata.str1.3601627812925153765.1)
                  00012352    00000004     oled_ui.o (.rodata.str1.4402311448527872260.1)
                  00012356    00000004     oled_ui.o (.rodata.str1.4581686099848791648.1)
                  0001235a    00000004     oled_ui.o (.rodata.str1.4582914374586912483.1)
                  0001235e    00000004     app.o (.rodata.str1.459633387597029752.1)
                  00012362    00000004     oled_ui.o (.rodata.str1.5004483696121082904.1)
                  00012366    00000004     app.o (.rodata.str1.5135238925662358659.1)
                  0001236a    00000004     oled_ui.o (.rodata.str1.5853739094453432564.1)
                  0001236e    00000004     oled_ui.o (.rodata.str1.5965450730569173784.1)
                  00012372    00000004     oled_ui.o (.rodata.str1.5965888106848176421.1)
                  00012376    00000004     oled_ui.o (.rodata.str1.6806727740681590176.1)
                  0001237a    00000004     menu.o (.rodata.str1.6857549598058878762.1)
                  0001237e    00000004     oled_ui.o (.rodata.str1.6954814719705590448.1)
                  00012382    00000004     oled_ui.o (.rodata.str1.7185587941321649510.1)
                  00012386    00000004     fault.o (.rodata.str1.7255546073596598018.1)
                  0001238a    00000004     oled_ui.o (.rodata.str1.8018480777946742726.1)
                  0001238e    00000004     oled_ui.o (.rodata.str1.8471462185882660445.1)
                  00012392    00000004     oled_ui.o (.rodata.str1.8783421139296713095.1)
                  00012396    00000004     car_controller.o (.rodata.str1.9234375891235759983.1)
                  0001239a    00000004     vision_tuning_console.o (.rodata.str1.9292707793305368794.1)
                  0001239e    00000004     vision_yaw_tuning.o (.rodata.str1.9489746196023004463.1)
                  000123a2    00000004     oled_ui.o (.rodata.str1.967006512144173535.1)
                  000123a6    00000004     oled_ui.o (.rodata.str1.9854382722193312766.1)
                  000123aa    00000003     app.o (.rodata.str1.10444262525283912398.1)
                  000123ad    00000003     oled_ui.o (.rodata.str1.10509309789429088155.1)
                  000123b0    00000003     vision_pitch_tuning.o (.rodata.str1.10553819018306626402.1)
                  000123b3    00000003     app.o (.rodata.str1.1201226133333828823.1)
                  000123b6    00000003     vision_tuning_console.o (.rodata.str1.12197883643583142124.1)
                  000123b9    00000003     oled_ui.o (.rodata.str1.130772507669342127.1)
                  000123bc    00000003     menu.o (.rodata.str1.13124720451672825294.1)
                  000123bf    00000003     menu.o (.rodata.str1.14098755746347272832.1)
                  000123c2    00000003     oled_ui.o (.rodata.str1.14556837007311414654.1)
                  000123c5    00000003     oled_ui.o (.rodata.str1.14740362735394205067.1)
                  000123c8    00000003     oled_ui.o (.rodata.str1.14774750633985060196.1)
                  000123cb    00000003     vision_pitch_tuning.o (.rodata.str1.15082469624955958926.1)
                  000123ce    00000003     oled_ui.o (.rodata.str1.15132332204781002199.1)
                  000123d1    00000003     app.o (.rodata.str1.15213098692428571688.1)
                  000123d4    00000003     vision_yaw_tuning.o (.rodata.str1.15455206247194842411.1)
                  000123d7    00000003     oled_ui.o (.rodata.str1.15859922799842739878.1)
                  000123da    00000003     vision_tuning_console.o (.rodata.str1.16336339630363933256.1)
                  000123dd    00000003     oled_ui.o (.rodata.str1.16895433903389883335.1)
                  000123e0    00000003     vision_pitch_tuning.o (.rodata.str1.17185918124541117546.1)
                  000123e3    00000003     oled_ui.o (.rodata.str1.17812014771544466701.1)
                  000123e6    00000003     oled_ui.o (.rodata.str1.17884296644359297425.1)
                  000123e9    00000003     vision_pitch_tuning.o (.rodata.str1.18308346119964257230.1)
                  000123ec    00000003     app.o (.rodata.str1.1893846744673705871.1)
                  000123ef    00000003     oled_ui.o (.rodata.str1.2193316011307952170.1)
                  000123f2    00000003     vision_pitch_tuning.o (.rodata.str1.2353024170771920291.1)
                  000123f5    00000003     oled_ui.o (.rodata.str1.2603845803395459882.1)
                  000123f8    00000003     oled_ui.o (.rodata.str1.2608729314174233125.1)
                  000123fb    00000003     oled_ui.o (.rodata.str1.3025253791635144717.1)
                  000123fe    00000003     vision_yaw_tuning.o (.rodata.str1.4032468970572441659.1)
                  00012401    00000003     app.o (.rodata.str1.4454204961402941108.1)
                  00012404    00000003     menu.o (.rodata.str1.4646809750356241979.1)
                  00012407    00000003     vision_yaw_tuning.o (.rodata.str1.6393086909333857079.1)
                  0001240a    00000003     vision_yaw_tuning.o (.rodata.str1.6657421771701333087.1)
                  0001240d    00000003     fault.o (.rodata.str1.8193046109637024842.1)
                  00012410    00000003     oled_ui.o (.rodata.str1.9229350655415085.1)
                  00012413    00000003     oled_ui.o (.rodata.str1.9544068167406571052.1)
                  00012416    00000002     ti_msp_dl_config.o (.rodata.gUART_VISIONClockConfig)
                  00012418    00000002     oled_ui.o (.rodata.str1.15917848551323629232.1)
                  0001241a    00000006     --HOLE-- [fill = 0]

.init_array 
*          0    00000000    00000000     UNINITIALIZED

.binit     0    00000000    00000000     

.bss       0    20200000    00001290     UNINITIALIZED
                  20200000    00000400     oled.o (.bss.g_oledFrame)
                  20200400    00000200     vision_receiver.o (.bss.g_ring)
                  20200600    000001c8     runtime_snapshot.o (.bss.g_snapshot)
                  202007c8    00000110     (.common:g_appConfig)
                  202008d8    00000100     vision_tuning_console.o (.bss.g_rxRing)
                  202009d8    00000100     bluetooth_uart.o (.bss.g_txRing)
                  20200ad8    00000100     vision_tuning_console.o (.bss.g_txRing)
                  20200bd8    00000084     (.common:g_imuRuntime)
                  20200c5c    00000080     bluetooth_uart.o (.bss.g_rxRing)
                  20200cdc    0000007c     motor_control.o (.bss.g_runtime)
                  20200d58    0000006c     (.common:g_appRuntime)
                  20200dc4    00000058     vision_receiver.o (.bss.g_status)
                  20200e1c    00000004     imu.o (.bss.g_elapsedSinceValidSampleMs)
                  20200e20    00000058     (.common:g_wheelSpeedEstimatorRuntime)
                  20200e78    00000040     gimbal.o (.bss.g_feedback)
                  20200eb8    00000040     vision_tuning_console.o (.bss.g_line)
                  20200ef8    00000040     line_controller.o (.bss.g_lineRuntime)
                  20200f38    00000040     app.o (.bss.g_remoteLine)
                  20200f78    00000030     mission_manager.o (.bss.g_transientActions)
                  20200fa8    00000030     (.common:gUART_VISIONBackup)
                  20200fd8    0000002c     vision_receiver.o (.bss.g_observation)
                  20201004    0000002c     empty.o (.bss.g_schedulerStats)
                  20201030    00000028     vision_receiver.o (.bss.g_frame)
                  20201058    00000020     bluetooth_uart.o (.bss.g_runtime)
                  20201078    0000001c     mission_manager.o (.bss.g_missionRuntime)
                  20201094    0000001c     (.common:g_headingRuntime)
                  202010b0    00000018     obstacle_avoidance.o (.bss.g_avoidFeedback)
                  202010c8    00000018     gimbal_stepper.o (.bss.g_feedback)
                  202010e0    00000018     vision_pitch_tuning.o (.bss.g_status)
                  202010f8    00000018     vision_tuning_console.o (.bss.g_status)
                  20201110    00000014     motion_action.o (.bss.g_motionActionRuntime)
                  20201124    00000004     debug_telemetry.o (.bss.g_lastFrameMs)
                  20201128    00000014     vision_yaw_tuning.o (.bss.g_status)
                  2020113c    00000014     watchdog_monitor.o (.bss.g_status)
                  20201150    00000010     fault.o (.bss.g_faultRecord)
                  20201160    00000010     motor.o (.bss.g_motorRuntime)
                  20201170    00000010     mission_manager.o (.bss.g_transientDefinition)
                  20201180    0000000e     car_controller.o (.bss.g_carControllerFeedback)
                  2020118e    00000002     ultrasonic.o (.bss.g_echoTicks)
                  20201190    0000000e     ultrasonic.o (.bss.g_ultrasonicFeedback)
                  2020119e    00000002     app.o (.bss.g_remoteLastErrorCode)
                  202011a0    0000000c     magnet.o (.bss.g_runtime)
                  202011ac    0000000c     debug_telemetry.o (.bss.g_status)
                  202011b8    00000008     obstacle_monitor.o (.bss.g_obstacleFeedback)
                  202011c0    00000008     gimbal.o (.bss.g_yawContinuousDegX10)
                  202011c8    00000008     gimbal.o (.bss.g_yawLockedWorldYawDegX10)
                  202011d0    00000008     gimbal.o (.bss.g_yawTargetContinuousDegX10)
                  202011d8    00000008     gimbal.o (.bss.g_yawWorldTargetDegX10)
                  202011e0    00000008     gimbal.o (.bss.g_yawWrappedDegX10)
                  202011e8    00000006     ultrasonic.o (.bss.g_distanceSamples)
                  202011ee    00000006     key.o (.bss.g_key1)
                  202011f4    00000006     key.o (.bss.g_key2)
                  202011fa    00000006     key.o (.bss.g_key3)
                  20201200    00000004     watchdog_monitor.o (.bss.g_lastTickMs)
                  20201204    00000004     wheel_speed_estimator.o (.bss.g_latchedErrorFlags)
                  20201208    00000004     empty.o (.bss.g_localTimeMs)
                  2020120c    00000004     encoder.o (.bss.g_motorAPulses)
                  20201210    00000004     encoder.o (.bss.g_motorBPulses)
                  20201214    00000004     imu.o (.bss.g_previousValidCorrectedGyroZDps)
                  20201218    00000004     app.o (.bss.g_remoteActionId)
                  2020121c    00000004     app.o (.bss.g_remoteActionStartMs)
                  20201220    00000004     app.o (.bss.g_remoteLastActionId)
                  20201224    00000004     app.o (.bss.g_remoteLastDurationMs)
                  20201228    00000004     app.o (.bss.g_remoteLineLastByteMs)
                  2020122c    00000004     mission_manager.o (.bss.g_selectedDefinition)
                  20201230    00000004     servo.o (.bss.g_servoFeedback)
                  20201234    00000004     gimbal.o (.bss.g_yawCommandedRpm)
                  20201238    00000004     gimbal.o (.bss.g_yawTargetRpm)
                  2020123c    00000004     empty.o (.bss.main.lastAppUpdateMs)
                  20201240    00000002     vision_receiver.o (.bss.g_ringHead)
                  20201242    00000002     vision_receiver.o (.bss.g_ringTail)
                  20201244    00000002     bluetooth_uart.o (.bss.g_rxHead)
                  20201246    00000002     vision_tuning_console.o (.bss.g_rxHead)
                  20201248    00000002     bluetooth_uart.o (.bss.g_rxTail)
                  2020124a    00000002     vision_tuning_console.o (.bss.g_rxTail)
                  2020124c    00000002     servo.o (.bss.g_servoPwmPhase)
                  2020124e    00000002     ultrasonic.o (.bss.g_stateTicks)
                  20201250    00000002     bluetooth_uart.o (.bss.g_txHead)
                  20201252    00000002     vision_tuning_console.o (.bss.g_txHead)
                  20201254    00000002     bluetooth_uart.o (.bss.g_txTail)
                  20201256    00000002     vision_tuning_console.o (.bss.g_txTail)
                  20201258    00000002     (.common:g_trackError)
                  2020125a    00000001     oled_ui.o (.bss.OledUi_Update_20ms.flushRow)
                  2020125b    00000001     oled_ui.o (.bss.OledUi_Update_20ms.refreshDivider)
                  2020125c    00000001     empty.o (.bss.SysTick_Handler.controlMsCount)
                  2020125d    00000001     empty.o (.bss.SysTick_Handler.tick100usCount)
                  2020125e    00000001     ultrasonic.o (.bss.Ultrasonic_Update_20ms.triggerDivider)
                  2020125f    00000001     empty.o (.bss.g_appUpdatePending)
                  20201260    00000001     vision_tuning_console.o (.bss.g_capturing)
                  20201261    00000001     car_state.o (.bss.g_carState)
                  20201262    00000001     obstacle_monitor.o (.bss.g_centerSettleTicks)
                  20201263    00000001     vision_tuning_console.o (.bss.g_commandTarget)
                  20201264    00000001     ultrasonic.o (.bss.g_distanceSampleCount)
                  20201265    00000001     ultrasonic.o (.bss.g_distanceSampleIndex)
                  20201266    00000001     emergency_stop.o (.bss.g_emergencyStopActive)
                  20201267    00000001     watchdog_monitor.o (.bss.g_faultApplied)
                  20201268    00000001     watchdog_monitor.o (.bss.g_faultPending)
                  20201269    00000001     vision_receiver.o (.bss.g_frameSize)
                  2020126a    00000001     imu.o (.bss.g_integrationHistoryValid)
                  2020126b    00000001     wheel_speed_estimator.o (.bss.g_leftFilterInitialized)
                  2020126c    00000001     vision_tuning_console.o (.bss.g_lineSize)
                  2020126d    00000001     obstacle_safety.o (.bss.g_obstacleSafetyHolding)
                  2020126e    00000001     oled.o (.bss.g_oledColumn)
                  2020126f    00000001     menu.o (.bss.g_oledPage)
                  20201270    00000001     oled.o (.bss.g_oledPage)
                  20201271    00000001     encoder.o (.bss.g_overflowFlags)
                  20201272    00000001     menu.o (.bss.g_paramItem)
                  20201273    00000001     menu.o (.bss.g_paramReturnPage)
                  20201274    00000001     key.o (.bss.g_pendingEvent)
                  20201275    00000001     vision_tuning_console.o (.bss.g_prefixIndex)
                  20201276    00000001     vision_tuning_console.o (.bss.g_prefixTarget)
                  20201277    00000001     app.o (.bss.g_remoteAction)
                  20201278    00000001     app.o (.bss.g_remoteDiscardInvalid)
                  20201279    00000001     app.o (.bss.g_remoteDiscardLine)
                  2020127a    00000001     app.o (.bss.g_remoteLastAction)
                  2020127b    00000001     app.o (.bss.g_remoteLastResult)
                  2020127c    00000001     app.o (.bss.g_remoteLineLength)
                  2020127d    00000001     wheel_speed_estimator.o (.bss.g_rightFilterInitialized)
                  2020127e    00000001     car_controller.o (.bss.g_safetyHold)
                  2020127f    00000001     imu.o (.bss.g_shortGapPending)
                  20201280    00000001     motor_control.o (.bss.g_targetRefreshed)
                  20201281    00000001     mission_manager.o (.bss.g_transientActionActive)
                  20201282    00000001     ultrasonic.o (.bss.g_triggerRequest)
                  20201283    00000001     ultrasonic.o (.bss.g_ultrasonicState)
                  20201284    00000001     gimbal.o (.bss.g_yawLimitClamped)
                  20201285    00000001     gimbal.o (.bss.g_yawLimitDirection)
                  20201286    00000001     gimbal.o (.bss.g_yawPositionValid)
                  20201287    00000001     gimbal.o (.bss.g_yawWorldLockEnabled)
                  20201288    00000001     (.common:g_carStateDebug)
                  20201289    00000001     (.common:g_keyEvent)
                  2020128a    00000001     (.common:g_oledPageDebug)
                  2020128b    00000001     (.common:g_paramItemDebug)
                  2020128c    00000001     (.common:g_trackBlackCount)
                  2020128d    00000001     (.common:g_trackModeDebug)
                  2020128e    00000001     (.common:g_trackRaw)
                  2020128f    00000001     (.common:g_trackTurnDebug)

.data      0    20201290    00000006     UNINITIALIZED
                  20201290    00000004     app.o (.data.g_remoteNextActionId)
                  20201294    00000001     car_controller.o (.data.g_followTurnPolicy)
                  20201295    00000001     app.o (.data.g_remoteGear)

.stack     0    20207e00    00000200     UNINITIALIZED
                  20207e00    00000004     libc.a : boot_cortex_m.c.obj (.stack)
                  20207e04    000001fc     --HOLE--

__llvm_prf_cnts 
*          0    20200000    00000000     UNINITIALIZED

__llvm_prf_bits 
*          0    20200000    00000000     UNINITIALIZED

MODULE SUMMARY

       Module                         code    ro data   rw data
       ------                         ----    -------   -------
    .\
       app.o                          13900   578       107    
       oled_ui.o                      10548   657       2      
       vision_tuning_console.o        9616    102       613    
       car_controller.o               4360    92        124    
       imu.o                          4252    0         142    
       oled.o                         2006    406       1026   
       motor_control.o                2768    0         125    
       app_config.o                   2144    0         272    
       line_controller.o              2196    0         64     
       vision_receiver.o              1072    0         689    
       bluetooth_uart.o               1318    0         424    
       mission_manager.o              1556    7         97     
       runtime_snapshot.o             1192    0         456    
       motion_action.o                1368    5         20     
       wheel_speed_estimator.o        1292    0         94     
       gimbal.o                       896     0         116    
       mission_library.o              560     389       0      
       ti_msp_dl_config.o             788     35        48     
       motor.o                        776     0         16     
       menu.o                         704     58        3      
       vision_protocol.o              732     0         0      
       ultrasonic.o                   596     0         29     
       empty.o                        408     0         55     
       key.o                          436     0         19     
       fault.o                        312     65        16     
       track_sensor.o                 372     0         0      
       heading_control.o              340     0         28     
       watchdog_monitor.o             308     0         26     
       vision_pitch_tuning.o          260     48        24     
       vision_yaw_tuning.o            248     41        20     
       encoder.o                      276     0         9      
       obstacle_safety.o              272     0         1      
       obstacle_monitor.o             192     0         9      
       startup_mspm0g350x_ticlang.o   6       192       0      
       angle_utils.o                  192     0         0      
       emergency_stop.o               188     0         1      
       magnet.o                       176     0         12     
       servo.o                        176     0         6      
       vision_uart.o                  164     0         0      
       car_state.o                    60      54        1      
       obstacle_avoidance.o           62      0         24     
       debug_telemetry.o              56      0         16     
       gimbal_stepper.o               8       0         24     
    +--+------------------------------+-------+---------+---------+
       Total:                         69152   2729      4758   
                                                               
    C:/TI/mspm0_sdk_2_05_01_00/source/ti/driverlib/lib/ticlang/m0p/mspm0g1x0x_g3x0x/driverlib.a
       dl_timer.o                     388     0         0      
       dl_uart.o                      90      0         0      
       dl_common.o                    10      0         0      
    +--+------------------------------+-------+---------+---------+
       Total:                         488     0         0      
                                                               
    D:\TI\CCS\ccs\tools\compiler\ti-cgt-armllvm_4.0.4.LTS\lib\armv6m-ti-none-eabi/c/libc.a
       memcpy16.S.obj                 154     0         0      
       strcmp-armv6m.S.obj            136     0         0      
       copy_decompress_lzss.c.obj     124     0         0      
       memset16.S.obj                 98      0         0      
       autoinit.c.obj                 60      0         0      
       boot_cortex_m.c.obj            40      0         0      
       memmov.c.obj                   40      0         0      
       copy_decompress_none.c.obj     18      0         0      
       copy_zero_init.c.obj           16      0         0      
       exit.c.obj                     6       0         0      
       pre_init.c.obj                 4       0         0      
    +--+------------------------------+-------+---------+---------+
       Total:                         696     0         0      
                                                               
    D:\TI\CCS\ccs\tools\compiler\ti-cgt-armllvm_4.0.4.LTS\lib\armv6m-ti-none-eabi/c/libsysbm.a
       hostexit.c.obj                 4       0         0      
    +--+------------------------------+-------+---------+---------+
       Total:                         4       0         0      
                                                               
    D:\TI\CCS\ccs\tools\compiler\ti-cgt-armllvm_4.0.4.LTS\lib\armv6m-ti-none-eabi/libclang_rt.builtins.a
       addsf3.S.obj                   216     0         0      
       udivmoddi4.S.obj               162     0         0      
       comparesf2.S.obj               140     0         0      
       mulsf3.S.obj                   140     0         0      
       divsf3.S.obj                   130     0         0      
       aeabi_fcmp.S.obj               98      0         0      
       fixsfdi.S.obj                  96      0         0      
       aeabi_idivmod.S.obj            86      0         0      
       floatdisf.S.obj                78      0         0      
       aeabi_uidivmod.S.obj           64      0         0      
       divmoddi4.c.obj                62      0         0      
       floatsisf.S.obj                60      0         0      
       muldsi3.S.obj                  58      0         0      
       fixsfsi.S.obj                  56      0         0      
       fixunssfsi.S.obj               50      0         0      
       floatunsisf.S.obj              40      0         0      
       muldi3.S.obj                   36      0         0      
       ashldi3.S.obj                  30      0         0      
       aeabi_ldivmod.S.obj            20      0         0      
       aeabi_uldivmod.S.obj           20      0         0      
       aeabi_memset.S.obj             12      0         0      
       aeabi_memcpy.S.obj             8       0         0      
       aeabi_memmove.S.obj            8       0         0      
       aeabi_div0.c.obj               4       0         0      
    +--+------------------------------+-------+---------+---------+
       Total:                         1674    0         0      
                                                               
       Stack:                         0       0         512    
       Linker Generated:              0       44        0      
    +--+------------------------------+-------+---------+---------+
       Grand Total:                   72014   2773      5270   


LINKER GENERATED COPY TABLES

__TI_cinit_table @ 0001243c records: 2, size/record: 8, table size: 16
	.bss: load addr=0001242c, load size=00000008 bytes, run addr=20200000, run size=00001290 bytes, compression=zero_init
	.data: load addr=00012434, load size=00000008 bytes, run addr=20201290, run size=00000006 bytes, compression=lzss


LINKER GENERATED HANDLER TABLE

__TI_handler_table @ 00012420 records: 3, size/record: 4, table size: 12
	index: 0, handler: __TI_decompress_lzss
	index: 1, handler: __TI_decompress_none
	index: 2, handler: __TI_zero_init


GLOBAL SYMBOLS: SORTED ALPHABETICALLY BY Name 

address   name                                      
-------   ----                                      
0000f10f  ADC0_IRQHandler                           
0000f10f  ADC1_IRQHandler                           
0000f10f  AES_IRQHandler                            
0000ed99  Angle_Normalize180                        
0000b215  AppConfig_InitDefault                     
000072cd  AppConfig_LimitAll                        
0000e149  App_Init                                  
0000f7f9  App_ResetToReady                          
00002821  App_Update_20ms                           
00011955  BluetoothUart_GetRuntime                  
0000f2e9  BluetoothUart_Init                        
0000d325  BluetoothUart_Process                     
00010e79  BluetoothUart_TryReadByte                 
0000bc51  BluetoothUart_TryWriteBuffer              
00010e41  BluetoothUart_TryWriteString              
0000f76c  C$$EXIT                                   
0000f10f  CANFD0_IRQHandler                         
0001195d  CarController_GetFeedback                 
00011825  CarController_GetRunMode                  
00011831  CarController_Init                        
0001183d  CarController_IsSafetyHoldActive          
0000ee59  CarController_ResetRuntime                
0000f4ad  CarController_ResetTransientState         
000115f1  CarController_RunModeToString             
0000f87d  CarController_SetSafetyHold               
0000ebfd  CarController_StartDriveDistance          
0000c8f9  CarController_StartDriveDistanceAtYaw     
0000fa8d  CarController_StartDriveHeading           
000109f9  CarController_StartFollowLine             
0000f419  CarController_StartTurnToYawRelative      
00010529  CarController_Stop                        
0000ca95  CarController_Update_20ms                 
00011849  CarState_Get                              
00011855  CarState_Init                             
00011861  CarState_Set                              
00011609  CarState_ToString                         
0000f10f  DAC0_IRQHandler                           
0001192d  DL_Common_delayCycles                     
0000dc41  DL_Timer_initFourCCPWMMode                
000113a1  DL_Timer_overrideCCPOut                   
000114a1  DL_Timer_setCaptCompUpdateMethod          
00011621  DL_Timer_setCaptureCompareOutCtl          
000117e5  DL_Timer_setCaptureCompareValue           
000114bd  DL_Timer_setClockConfig                   
00010859  DL_UART_init                              
000117c1  DL_UART_setClockConfig                    
0000f10f  DMA_IRQHandler                            
00011639  DebugTelemetry_Init                       
000113c1  DebugTelemetry_Update                     
0000f10f  Default_Handler                           
00011189  EmergencyStop_Enforce                     
0001186d  EmergencyStop_Init                        
00011879  EmergencyStop_IsActive                    
000108e9  EmergencyStop_Reset                       
00010d99  EmergencyStop_Trigger                     
0001092d  Encoder_GetAndClearPulseDeltas            
0000efc9  Encoder_HandleGpioInterrupt               
00011105  Encoder_Reset                             
0000ecd1  FaultCode_ToShortString                   
000116f9  Fault_Clear                               
00011965  Fault_GetRecord                           
0001170d  Fault_Init                                
00010a39  Fault_Raise                               
0000f10f  GROUP0_IRQHandler                         
00011721  GROUP1_IRQHandler                         
0001196d  GimbalStepper_GetFeedback                 
000117f5  Gimbal_YawGetFeedback                     
0000f76d  HOSTexit                                  
0000f10f  HardFault_Handler                         
00011735  HeadingControl_Enable                     
00011975  HeadingControl_GetRuntime                 
00011651  HeadingControl_Init                       
00011669  HeadingControl_Reset                      
000114d9  HeadingControl_SetTargetYaw               
0000e331  HeadingControl_Update                     
[...]
20201288  g_carStateDebug                           
20201094  g_headingRuntime                          
20200bd8  g_imuRuntime                              
20201289  g_keyEvent                                
2020128a  g_oledPageDebug                           
2020128b  g_paramItemDebug                          
2020128c  g_trackBlackCount                         
20201258  g_trackError                              
2020128d  g_trackModeDebug                          
2020128e  g_trackRaw                                
2020128f  g_trackTurnDebug                          
20200e20  g_wheelSpeedEstimatorRuntime              
00000000  interruptVectors                          
0000e891  main                                      
0000f24d  memcpy                                    
00011279  memmove                                   
000100d3  memset                                    
0000f771  strcmp                                    


GLOBAL SYMBOLS: SORTED BY Symbol Address 

address   name                                      
-------   ----                                      
00000000  __TI_ATRegion0_region_sz                  
00000000  __TI_ATRegion0_src_addr                   
00000000  __TI_ATRegion0_trg_addr                   
00000000  __TI_ATRegion1_region_sz                  
00000000  __TI_ATRegion1_src_addr                   
00000000  __TI_ATRegion1_trg_addr                   
00000000  __TI_ATRegion2_region_sz                  
00000000  __TI_ATRegion2_src_addr                   
00000000  __TI_ATRegion2_trg_addr                   
00000000  __TI_static_base__                        
00000000  interruptVectors                          
000000c1  OledUi_Update_20ms                        
00000200  __STACK_SIZE                              
00002821  App_Update_20ms                           
000047f9  VisionTuningConsole_Process               
000072cd  AppConfig_LimitAll                        
00007915  LineController_Update                     
00007e39  RuntimeSnapshot_Update                    
0000870d  WheelSpeedEstimator_Update                
00008b31  Imu_Update                                
00008f11  VisionReceiver_Process                    
00009671  Imu_Init                                  
0000a621  MotionAction_Update_20ms                  
0000a8d1  MotorControl_Update                       
0000adc5  Imu_CalibrateGyroBias                     
0000aff5  Menu_HandleKeyEvent                       
0000b215  AppConfig_InitDefault                     
0000b645  MotionAction_Start                        
0000b859  Motor_SetSpeed                            
0000ba5d  VisionProtocol_ParseV1TargetFrame         
0000bc51  BluetoothUart_TryWriteBuffer              
0000c025  MissionLibrary_Validate                   
0000c759  Ultrasonic_Tick100us                      
0000c8f9  CarController_StartDriveDistanceAtYaw     
0000ca95  CarController_Update_20ms                 
0000cc25  Key_Update_20ms                           
0000cd99  OLED_FlushPage                            
0000cf09  OLED_PrintInt16                           
0000d325  BluetoothUart_Process                     
0000d59d  LineController_Reset                      
0000d6c5  OLED_Init                                 
0000da29  LineController_ResetControlState          
0000dc41  DL_Timer_initFourCCPWMMode                
0000dd45  LineController_Init                       
0000de49  MissionManager_Update_20ms                
0000df4d  MotorControl_SetNormalizedTarget          
0000e149  App_Init                                  
0000e23d  MissionManager_SelectNext                 
0000e331  HeadingControl_Update                     
0000e41d  ObstacleSafety_Update_20ms                
0000e5ed  UART1_IRQHandler                          
0000e6d1  MissionManager_SelectPrevious             
0000e7b1  WheelSpeedEstimator_Init                  
0000e891  main                                      
0000e971  SYSCFG_DL_GPIO_init                       
0000ea4d  OLED_PrintUInt16                          
0000eb25  __aeabi_fsub                              
0000eb25  __subsf3                                  
0000eb2f  __addsf3                                  
0000eb2f  __aeabi_fadd                              
0000ebfd  CarController_StartDriveDistance          
0000ecd1  FaultCode_ToShortString                   
0000ed99  Angle_Normalize180                        
0000ee59  CarController_ResetRuntime                
0000ef15  MissionManager_StartTransientAction       
0000efc9  Encoder_HandleGpioInterrupt               
0000f06d  __udivmoddi4                              
0000f10f  ADC0_IRQHandler                           
0000f10f  ADC1_IRQHandler                           
0000f10f  AES_IRQHandler                            
0000f10f  CANFD0_IRQHandler                         
0000f10f  DAC0_IRQHandler                           
0000f10f  DMA_IRQHandler                            
0000f10f  Default_Handler                           
0000f10f  GROUP0_IRQHandler                         
0000f10f  HardFault_Handler                         
0000f10f  I2C0_IRQHandler                           
0000f10f  I2C1_IRQHandler                           
0000f10f  NMI_Handler                               
0000f10f  PendSV_Handler                            
0000f10f  RTC_IRQHandler                            
0000f10f  SPI0_IRQHandler                           
0000f10f  SPI1_IRQHandler                           
0000f10f  SVC_Handler                               
0000f10f  TIMA0_IRQHandler                          
0000f10f  TIMA1_IRQHandler                          
0000f10f  TIMG0_IRQHandler                          
0000f10f  TIMG12_IRQHandler                         
0000f10f  TIMG6_IRQHandler                          
0000f10f  TIMG7_IRQHandler                          
0000f10f  TIMG8_IRQHandler                          
0000f10f  UART0_IRQHandler                          
0000f10f  UART2_IRQHandler                          
0000f1b1  ObstacleMonitor_Update_20ms               
0000f24d  memcpy                                    
0000f2e7  ObstacleAvoidance_Update_20ms             
0000f2e9  BluetoothUart_Init                        
0000f419  CarController_StartTurnToYawRelative      
0000f4ad  CarController_ResetTransientState         
0000f53d  SYSCFG_DL_PWM_MOTOR_init                  
0000f5c9  SYSCFG_DL_UART_BLUETOOTH_init             
0000f655  __aeabi_fmul                              
0000f655  __mulsf3                                  
0000f76c  C$$EXIT                                   
0000f76d  HOSTexit                                  
0000f771  strcmp                                    
0000f7f9  App_ResetToReady                          
0000f87d  CarController_SetSafetyHold               
0000f901  Motor_Init                                
0000fa09  __aeabi_fdiv                              
0000fa09  __divsf3                                  
0000fa8b  TrackSensor_Init                          
0000fa8d  CarController_StartDriveHeading           
0000fb0d  Motor_Stop                                
0000fb8d  VisionPitchTuning_Set                     
0000fc09  __TI_decompress_lzss                      
0000fc85  SysTick_Handler                           
0000fde9  SYSCFG_DL_UART_VISION_init                
0000fe59  VisionYawTuning_Set                       
0000fec9  TrackSensor_DetectTurn                    
0000ff37  __aeabi_idiv0                             
0000ff39  MissionManager_GetSelectedMissionIndex    
00010009  TrackSensor_GetErrorFromRaw               
0001006f  __aeabi_ldiv0                             
00010071  __aeabi_fcmpeq                            
00010085  __aeabi_fcmplt                            
00010099  __aeabi_fcmple                            
000100ad  __aeabi_fcmpge                            
000100c1  __aeabi_fcmpgt                            
000100d3  memset                                    
00010135  VisionTuningConsole_Init                  
00010195  __aeabi_f2lz                              
00010195  __fixsfdi                                 
00010255  Magnet_Set                                
000102b1  MissionManager_Start                      
0001030d  UART3_IRQHandler                          
00010369  Ultrasonic_Update_20ms                    
00010421  OLED_PrintChar                            
000104d1  __aeabi_idiv                              
000104d1  __aeabi_idivmod                           
00010529  CarController_Stop                        
0001057d  Menu_GetParamValue                        
000105d1  TrackSensor_ReadRaw                       
00010625  WatchdogMonitor_ApplyFaultIfNeeded        
000106cd  MissionManager_Init                       
0001071d  Ultrasonic_Init                           
0001076d  WatchdogMonitor_Tick1msFromIsr            
000107bd  __aeabi_l2f                               
000107bd  __floatdisf                               
0001080d  MotorControl_Stop                         
00010859  DL_UART_init                              
000108a1  SYSCFG_DL_initPower                       
000108e9  EmergencyStop_Reset                       
0001092d  Encoder_GetAndClearPulseDeltas            
00010971  Imu_ResetYaw                              
000109b5  Servo_Tick100us                           
000109f9  CarController_StartFollowLine             
00010a39  Fault_Raise                               
00010a79  MissionManager_Cancel                     
00010ab9  SYSCFG_DL_SYSCTL_init                     
00010af9  VisionReceiver_PushByteFromIsr            
00010b39  __aeabi_uidiv                             
00010b39  __aeabi_uidivmod                          
00010b79  __divmoddi4                               
00010bb9  MissionManager_Reset                      
00010bf5  Servo_SetAngleDeg                         
00010c31  VisionTuningConsole_PushByteFromIsr       
00010c6d  __aeabi_i2f                               
00010c6d  __floatsisf                               
00010ca9  __gesf2                                   
00010ca9  __gtsf2                                   
00010ce5  __TI_auto_init_nobinit_nopinit            
00010d21  __cmpsf2                                  
00010d21  __eqsf2                                   
00010d21  __lesf2                                   
00010d21  __ltsf2                                   
00010d21  __nesf2                                   
00010d5d  __muldsi3                                 
00010d99  EmergencyStop_Trigger                     
00010dd1  VisionReceiver_Init                       
00010e09  __aeabi_f2iz                              
00010e09  __fixsfsi                                 
00010e41  BluetoothUart_TryWriteString              
00010e79  BluetoothUart_TryReadByte                 
00010ead  Imu_IsReady                               
00010ee1  MissionLibrary_FindById                   
00010f15  VisionTuningConsole_TryPopTxByte          
00010f49  VisionUart_Process                        
00010f7d  OLED_PrintString                          
00010fb1  __aeabi_f2uiz                             
00010fb1  __fixunssfsi                              
00010fe5  Key_Init                                  
00011015  LineController_ObserveSensors             
00011045  MissionManager_Resume                     
00011075  VisionPitchTuning_RestoreDefault          
000110a5  WatchdogMonitor_Init                      
000110d5  WatchdogMonitor_Reset                     
00011105  Encoder_Reset                             
00011131  TrackSensor_CountBlack                    
0001115d  VisionYawTuning_RestoreDefault            
00011189  EmergencyStop_Enforce                     
000111b1  Magnet_ForceOff                           
000111d9  SYSCFG_DL_init                            
00011201  Servo_Init                                
00011229  VisionPitchTuning_Init                    
00011251  __aeabi_ui2f                              
00011251  __floatunsisf                             
00011279  memmove                                   
000112a1  _c_int00_noargs                           
000112c9  MissionManager_ReportExternalFailure      
000112ed  MotorControl_Init                         
00011311  MotorControl_Reset                        
00011335  OLED_ClearBuffer                          
00011359  VisionYawTuning_Init                      
0001137d  __aeabi_lmul                              
0001137d  __muldi3                                  
000113a1  DL_Timer_overrideCCPOut                   
000113c1  DebugTelemetry_Update                     
000113e1  Magnet_Init                               
00011401  MissionManager_Pause                      
00011421  OLED_SetCursor                            
00011441  SchedulerMonitor_GetStats                 
00011481  __aeabi_llsl                              
00011481  __ashldi3                                 
000114a1  DL_Timer_setCaptCompUpdateMethod          
000114bd  DL_Timer_setClockConfig                   
000114d9  HeadingControl_SetTargetYaw               
000114f5  Menu_Init                                 
00011511  MotionAction_Cancel                       
0001152d  ObstacleMonitor_Init                      
00011549  ObstacleSafety_Init                       
00011565  VisionPitchTuning_ParamName               
00011581  VisionYawTuning_GetSnapshot               
0001159d  VisionYawTuning_ParamName                 
000115b9  WatchdogMonitor_NotifyControlCycleComplete
000115f1  CarController_RunModeToString             
00011609  CarState_ToString                         
00011621  DL_Timer_setCaptureCompareOutCtl          
00011639  DebugTelemetry_Init                       
00011651  HeadingControl_Init                       
00011669  HeadingControl_Reset                      
00011681  Menu_ParamItemToString                    
00011699  MotionAction_Init                         
000116b1  ObstacleAvoidance_Init                    
000116c9  RuntimeSnapshot_Init                      
000116e1  __aeabi_fcmpun                            
000116e1  __unordsf2                                
000116f9  Fault_Clear                               
0001170d  Fault_Init                                
00011721  GROUP1_IRQHandler                         
00011735  HeadingControl_Enable                     
00011749  MissionLibrary_GetByIndex                 
0001175d  MissionManager_GetSelectedMissionId       
00011771  VisionPitchTuning_GetSnapshot             
00011785  VisionUart_Init                           
00011799  __aeabi_ldivmod                           
000117ad  __aeabi_uldivmod                          
000117c1  DL_UART_setClockConfig                    
000117d3  __TI_decompress_none                      
000117e5  DL_Timer_setCaptureCompareValue           
000117f5  Gimbal_YawGetFeedback                     
00011805  Key_GetEvent                              
00011815  __TI_zero_init                            
00011825  CarController_GetRunMode                  
00011831  CarController_Init                        
0001183d  CarController_IsSafetyHoldActive          
00011849  CarState_Get                              
00011855  CarState_Init                             
00011861  CarState_Set                              
0001186d  EmergencyStop_Init                        
00011879  EmergencyStop_IsActive                    
00011885  Imu_GetCorrectedGyroZDps                  
00011891  Imu_GetYaw                                
0001189d  Magnet_IsOn                               
000118a9  Menu_GetPage                              
000118b5  Menu_GetParamItem                         
000118c1  MissionManager_IsExternallyHeld           
000118cd  MissionManager_IsTransientAction          
000118d9  MissionManager_SetExternalHold            
000118e5  ObstacleAvoidance_IsActive                
000118f1  ObstacleAvoidance_IsFailed                
000118fd  ObstacleSafety_IsHolding                  
00011909  SystemTime_GetMs                          
00011915  WatchdogMonitor_HasTripped                
00011921  __aeabi_memclr                            
00011921  __aeabi_memclr4                           
00011921  __aeabi_memclr8                           
0001192d  DL_Common_delayCycles                     
00011937  TrackSensor_IsCenterDetected              
00011941  TrackSensor_IsLineDetected                
0001194b  TrackSensor_IsLineLost                    
00011955  BluetoothUart_GetRuntime                  
0001195d  CarController_GetFeedback                 
00011965  Fault_GetRecord                           
0001196d  GimbalStepper_GetFeedback                 
00011975  HeadingControl_GetRuntime                 
0001197d  Imu_GetRuntime                            
00011985  LineController_GetRuntime                 
0001198d  MissionManager_GetMissionCount            
00011995  MissionManager_GetRuntime                 
0001199d  MotionAction_GetRuntime                   
000119a5  MotorControl_GetRuntime                   
000119ad  ObstacleAvoidance_GetFeedback             
000119b5  ObstacleMonitor_GetFeedback               
000119bd  OledUi_Init                               
000119c5  RuntimeSnapshot_Get                       
000119cd  Servo_GetFeedback                         
000119d5  Ultrasonic_GetFeedback                    
000119dd  VisionReceiver_GetStatus                  
000119e5  VisionTuningConsole_GetStatus             
000119ed  WatchdogMonitor_GetStatus                 
000119f5  WheelSpeedEstimator_GetRuntime            
000119fd  __aeabi_memcpy                            
000119fd  __aeabi_memcpy4                           
000119fd  __aeabi_memcpy8                           
00011a05  __aeabi_memmove                           
00011a05  __aeabi_memmove4                          
00011a05  __aeabi_memmove8                          
00011a0d  abort                                     
00011a13  MissionLibrary_GetCount                   
00011a17  ObstacleAvoidance_IsResumeGraceActive     
00011a1b  Reset_Handler                             
00011a1f  _system_pre_init                          
00012420  __TI_Handler_Table_Base                   
0001242c  __TI_Handler_Table_Limit                  
0001243c  __TI_CINIT_Base                           
0001244c  __TI_CINIT_Limit                          
0001244c  __TI_CINIT_Warm                           
20200000  __start___llvm_prf_bits                   
20200000  __start___llvm_prf_cnts                   
20200000  __stop___llvm_prf_bits                    
20200000  __stop___llvm_prf_cnts                    
202007c8  g_appConfig                               
20200bd8  g_imuRuntime                              
20200d58  g_appRuntime                              
20200e20  g_wheelSpeedEstimatorRuntime              
20200fa8  gUART_VISIONBackup                        
20201094  g_headingRuntime                          
20201258  g_trackError                              
20201288  g_carStateDebug                           
20201289  g_keyEvent                                
2020128a  g_oledPageDebug                           
2020128b  g_paramItemDebug                          
2020128c  g_trackBlackCount                         
2020128d  g_trackModeDebug                          
2020128e  g_trackRaw                                
2020128f  g_trackTurnDebug                          
20207e00  __stack                                   
20208000  __STACK_END                               
ffffffff  __TI_pprof_out_hndl                       
ffffffff  __TI_prof_data_size                       
ffffffff  __TI_prof_data_start                      
ffffffff  __binit__                                 
ffffffff  binit                                     
UNDEFED   __mpu_init                                
UNDEFED   _system_post_cinit                        

[356 symbols]
