******************************************************************************
            TI ARM Clang Linker PC v4.0.4                      
******************************************************************************
>> Linked Mon Jul 20 19:42:03 2026

OUTPUT FILE NAME:   <diansaikaishi.out>
ENTRY POINT SYMBOL: "_c_int00_noargs"  address: 0000c83d


MEMORY CONFIGURATION

         name            origin    length      used     unused   attr    fill
----------------------  --------  ---------  --------  --------  ----  --------
  FLASH                 00000000   00020000  0000d728  000128d8  R  X
  SRAM                  20200000   00008000  00000b00  00007500  RW X
  BCR_CONFIG            41c00000   000000ff  00000000  000000ff  R   
  BSL_CONFIG            41c00100   00000080  00000000  00000080  R   


SEGMENT ALLOCATION MAP

run origin  load origin   length   init length attrs members
----------  ----------- ---------- ----------- ----- -------
00000000    00000000    0000d728   0000d728    r-x
  00000000    00000000    000000c0   000000c0    r-- .intvecs
  000000c0    000000c0    0000cde0   0000cde0    r-x .text
  0000cea0    0000cea0    00000858   00000858    r-- .rodata
  0000d6f8    0000d6f8    00000030   00000030    r-- .cinit
20200000    20200000    00000900   00000000    rw-
  20200000    20200000    000008ff   00000000    rw- .bss
  202008ff    202008ff    00000001   00000000    rw- .data
20207e00    20207e00    00000200   00000000    rw-
  20207e00    20207e00    00000200   00000000    rw- .stack


SECTION ALLOCATION MAP

 output                                  attributes/
section   page    origin      length       input sections
--------  ----  ----------  ----------   ----------------
.intvecs   0    00000000    000000c0     
                  00000000    000000c0     startup_mspm0g350x_ticlang.o (.intvecs)

.text      0    000000c0    0000cde0     
                  000000c0    00001dd4     vision_tuning_console.o (.text.VisionTuningConsole_Process)
                  00001e94    000012fc     oled_ui.o (.text.OledUi_Update_20ms)
                  00003190    000006f4     car_controller.o (.text.CarController_Update_20ms)
                  00003884    0000047c     gimbal_tracker.o (.text.GimbalTracker_Update)
                  00003d00    000003b0     vision_receiver.o (.text.VisionReceiver_Process)
                  000040b0    00000388     gimbal_vision_yaw_tracker.o (.text.GimbalVisionYawTracker_Update10ms)
                  00004438    0000037c     menu.o (.text.Menu_HandleKeyEvent)
                  000047b4    00000370     gimbal.o (.text.gimbal_update_feedback)
                  00004b24    00000310     vision_tuning_console.o (.text.append_scaled)
                  00004e34    000002f0     imu.o (.text.mpu6050_read_regs)
                  00005124    000002d8     imu.o (.text.Imu_Init)
                  000053fc    000002a8     gimbal_tracker.o (.text.update_feedback)
                  000056a4    00000298     gimbal.o (.text.Gimbal_YawSetWrappedTargetDeg)
                  0000593c    00000294     gimbal.o (.text.Gimbal_YawUpdate5ms)
                  00005bd0    00000290     gimbal.o (.text.Gimbal_PitchSetTrackingSpeedDegS)
                  00005e60    00000288     app_config.o (.text.AppConfig_LimitAll)
                  000060e8    00000278     obstacle_avoidance.o (.text.ObstacleAvoidance_Update_20ms)
                  00006360    00000260     gimbal.o (.text.gimbal_pitch_set_target_steps)
                  000065c0    00000254     oled.o (.text.OLED_Clear)
                  00006814    00000238     gimbal.o (.text.gimbal_pitch_update_feedback)
                  00006a4c    00000228     gimbal_vision_pitch_tracker.o (.text.GimbalVisionPitchTracker_Update10ms)
                  00006c74    00000214     imu.o (.text.Imu_CalibrateGyroBias)
                  00006e88    00000208     motion_action.o (.text.MotionAction_Update_20ms)
                  00007090    000001f4     vision_protocol.o (.text.VisionProtocol_ParseV1TargetFrame)
                  00007284    000001cc     imu.o (.text.imu_i2c_write_byte)
                  00007450    000001bc     gimbal.o (.text.Gimbal_PitchUpdate5ms)
                  0000760c    000001b8     oled.o (.text.oled_i2c_write_byte)
                  000077c4    000001a0     ultrasonic.o (.text.Ultrasonic_Tick100us)
                  00007964    00000194     gimbal_stepper.o (.text.GimbalStepper_Tick100us)
                  00007af8    00000188     gimbal_vision_yaw_tracker.o (.text.GimbalVisionYawTracker_Enable)
                  00007c80    00000180     gimbal.o (.text.Gimbal_PitchTick100us)
                  00007e00    0000017c     gimbal_stepper.o (.text.GimbalStepper_MoveToEstimatedSteps)
                  00007f7c    00000174     key.o (.text.Key_Update_20ms)
                  000080f0    0000016c     gimbal.o (.text.Gimbal_Init)
                  0000825c    00000160     heading_control.o (.text.HeadingControl_Update)
                  000083bc    00000160     gimbal.o (.text.gimbal_yaw_set_target_x10)
                  0000851c    00000158     vision_tuning_console.o (.text.send_parameter_reply)
                  00008674    00000158     vision_tuning_console.o (.text.send_yaw_parameter_reply)
                  000087cc    00000140     motion_action.o (.text.MotionAction_Start)
                  0000890c    0000013c     oled.o (.text.OLED_PrintInt16)
                  00008a48    00000134     imu.o (.text.Imu_Update)
                  00008b7c    0000012c     imu.o (.text.imu_i2c_recover_bus)
                  00008ca8    00000128     gimbal.o (.text.Gimbal_YawEnableWorldLock)
                  00008dd0    00000124     vision_tuning_console.o (.text.send_simple_reply)
                  00008ef4    00000124     gimbal_vision_yaw_tracker.o (.text.sync_target_from_yaw)
                  00009018    0000010c     empty.o (.text.main)
                  00009124    000000fc     gimbal.o (.text.Gimbal_PitchRelease)
                  00009220    000000f8     mission_manager.o (.text.MissionManager_Update_20ms)
                  00009318    000000f0     gimbal.o (.text.Gimbal_PitchStopHold)
                  00009408    000000f0     mission_manager.o (.text.MissionManager_SelectNext)
                  000094f8    000000ec     car_controller.o (.text.handle_turn_90)
                  000095e4    000000ec     gimbal_tracker.o (.text.sync_targets_from_gimbal)
                  000096d0    000000e8     vision_protocol.o (.text.fields_are_valid)
                  000097b8    000000dc     gimbal.o (.text.Gimbal_PitchConfirmZero)
                  00009894    000000dc     oled_ui.o (.text.print_tuning_change_value)
                  00009970    000000d8     mission_manager.o (.text.MissionManager_SelectPrevious)
                  00009a48    000000d8     oled.o (.text.OLED_PrintUInt16)
                  00009b20    000000d8     menu.o (.text.menu_adjust_param)
                  00009bf8    000000d8     libclang_rt.builtins.a : addsf3.S.obj (.text)
                  00009cd0    000000d4     oled.o (.text.OLED_Init)
                  00009da4    000000d0     oled.o (.text.OLED_PrintChar)
                  00009e74    000000cc     ti_msp_dl_config.o (.text.SYSCFG_DL_GPIO_init)
                  00009f40    000000c8     gimbal.o (.text.Gimbal_YawConfirmZero)
                  0000a008    000000c4     app.o (.text.App_Update_20ms)
                  0000a0cc    000000bc     obstacle_safety.o (.text.ObstacleSafety_Update_20ms)
                  0000a188    000000b8     app_config.o (.text.AppConfig_InitDefault)
                  0000a240    000000b4     gimbal_stepper.o (.text.GimbalStepper_StopHold)
                  0000a2f4    000000b4     gimbal_vision_adapter.o (.text.GimbalVisionAdapter_Update)
                  0000a3a8    000000b0     gimbal_stepper.o (.text.GimbalStepper_Init)
                  0000a458    000000b0     gimbal.o (.text.Gimbal_PitchMoveRelativeDeg)
                  0000a508    000000b0     motor.o (.text.Motor_SetSpeed)
                  0000a5b8    000000aa     mission_library.o (.text.MissionLibrary_Validate)
                  0000a662    00000002     startup_mspm0g350x_ticlang.o (.text.Default_Handler)
                  0000a664    000000a8     gimbal_vision_pitch_tracker.o (.text.GimbalVisionPitchTracker_Enable)
                  0000a70c    000000a4     gimbal_vision_yaw_tracker.o (.text.wrap_deg_360)
                  0000a7b0    000000a2     libclang_rt.builtins.a : udivmoddi4.S.obj (.text)
                  0000a852    00000002     track_sensor.o (.text.TrackSensor_Init)
                  0000a854    000000a0     empty.o (.text.SysTick_Handler)
                  0000a8f4    0000009c     obstacle_monitor.o (.text.ObstacleMonitor_Update_20ms)
                  0000a990    0000009a     libc.a : memcpy16.S.obj (.text:memcpy)
                  0000aa2a    00000002     libclang_rt.builtins.a : aeabi_div0.c.obj (.text.__aeabi_idiv0)
                  0000aa2c    00000098     car_controller.o (.text.CarController_StartSeekLine)
                  0000aac4    00000098     imu.o (.text.mpu6050_write_reg)
                  0000ab5c    00000094     car_controller.o (.text.CarController_StartDriveHeading)
                  0000abf0    0000008c     gimbal.o (.text.Gimbal_YawDisableWorldLock)
                  0000ac7c    0000008c     gimbal.o (.text.Gimbal_YawStopHold)
                  0000ad08    0000008c     libclang_rt.builtins.a : mulsf3.S.obj (.text.__mulsf3)
                  0000ad94    00000088     car_controller.o (.text.CarController_StartTurnToYawRelative)
                  0000ae1c    00000004     libsysbm.a : hostexit.c.obj (.text.HOSTexit)
                  0000ae20    00000088     libc.a : strcmp-armv6m.S.obj (.text:strcmp)
                  0000aea8    00000084     gimbal_stepper.o (.text.GimbalStepper_ConfirmZero)
                  0000af2c    00000084     gimbal_tracker.o (.text.GimbalTracker_PushObservation)
                  0000afb0    00000082     libclang_rt.builtins.a : divsf3.S.obj (.text.__divsf3)
                  0000b032    00000002                            : aeabi_div0.c.obj (.text.__aeabi_ldiv0)
                  0000b034    00000080     gimbal_tracker.o (.text.GimbalTracker_Init)
                  0000b0b4    0000007c     car_controller.o (.text.CarController_Init)
                  0000b130    0000007c     car_controller.o (.text.CarController_ResetRuntime)
                  0000b1ac    0000007c     car_controller.o (.text.CarController_StartFollowLine)
                  0000b228    0000007c     vision_pitch_tuning.o (.text.VisionPitchTuning_Set)
                  0000b2a4    0000007c     libc.a : copy_decompress_lzss.c.obj (.text:decompress:lzss)
                  0000b320    00000078     oled.o (.text.oled_write_command)
                  0000b398    00000074     car_controller.o (.text.CarController_StartTurnRight90)
                  0000b40c    00000070     car_controller.o (.text.CarController_StartTurnLeft90)
                  0000b47c    00000070     gimbal_stepper.o (.text.GimbalStepper_Release)
                  0000b4ec    00000070     menu.o (.text.Menu_GetParamValue)
                  0000b55c    00000070     ti_msp_dl_config.o (.text.SYSCFG_DL_UART_VISION_init)
                  0000b5cc    00000070     vision_yaw_tuning.o (.text.VisionYawTuning_Set)
                  0000b63c    0000006e     track_sensor.o (.text.TrackSensor_DetectTurn)
                  0000b6aa    00000002     --HOLE-- [fill = 0]
                  0000b6ac    0000006c     encoder.o (.text.Encoder_HandleGpioInterrupt)
                  0000b718    0000006c     gimbal_vision_yaw_tracker.o (.text.GimbalVisionYawTracker_Init)
                  0000b784    00000068     mission_manager.o (.text.MissionManager_GetSelectedMissionIndex)
                  0000b7ec    00000066     track_sensor.o (.text.TrackSensor_GetErrorFromRaw)
                  0000b852    00000002     --HOLE-- [fill = 0]
                  0000b854    00000064     gimbal.o (.text.Gimbal_YawRelease)
                  0000b8b8    00000062     app.o (.text.App_Init)
                  0000b91a    00000002     --HOLE-- [fill = 0]
                  0000b91c    00000062     libclang_rt.builtins.a : aeabi_fcmp.S.obj (.text.__aeabi_fcmp)
                  0000b97e    00000062     libc.a : memset16.S.obj (.text:memset)
                  0000b9e0    00000060     gimbal_tracker.o (.text.GimbalTracker_Enable)
                  0000ba40    00000060     gimbal_tracker.o (.text.GimbalTracker_GetFeedback)
                  0000baa0    00000060     vision_tuning_console.o (.text.VisionTuningConsole_Init)
                  0000bb00    00000060     libclang_rt.builtins.a : fixsfdi.S.obj (.text.__fixsfdi)
                  0000bb60    0000005e     oled.o (.text.OLED_PrintBinary7)
                  0000bbbe    00000002     --HOLE-- [fill = 0]
                  0000bbc0    0000005c     vision_uart.o (.text.UART3_IRQHandler)
                  0000bc1c    0000005c     ultrasonic.o (.text.Ultrasonic_Update_20ms)
                  0000bc78    00000058     gimbal.o (.text.Gimbal_YawMoveRelativeDeg)
                  0000bcd0    00000056     libclang_rt.builtins.a : aeabi_idivmod.S.obj (.text.__aeabi_idivmod)
                  0000bd26    00000002     --HOLE-- [fill = 0]
                  0000bd28    00000054     track_sensor.o (.text.TrackSensor_ReadRaw)
                  0000bd7c    00000054     gimbal_vision_yaw_tracker.o (.text.float_to_scaled_i16)
                  0000bdd0    00000054     gimbal_vision_yaw_tracker.o (.text.stop_owned_tracking)
                  0000be24    00000050     car_controller.o (.text.CarController_SetSafetyHold)
                  0000be74    00000050     motor.o (.text.Motor_PwmTick100us)
                  0000bec4    00000050     ultrasonic.o (.text.Ultrasonic_Init)
                  0000bf14    00000048     driverlib.a : dl_uart.o (.text.DL_UART_init)
                  0000bf5c    00000048     mission_manager.o (.text.MissionManager_Init)
                  0000bfa4    00000048     menu.o (.text.menu_next_main_page)
                  0000bfec    00000044     servo.o (.text.Servo_Tick100us)
                  0000c030    00000040     gimbal_vision_pitch_tracker.o (.text.GimbalVisionPitchTracker_Init)
                  0000c070    00000040     mission_manager.o (.text.MissionManager_Start)
                  0000c0b0    00000040     ti_msp_dl_config.o (.text.SYSCFG_DL_SYSCTL_init)
                  0000c0f0    00000040     vision_receiver.o (.text.VisionReceiver_PushByteFromIsr)
                  0000c130    00000040     libclang_rt.builtins.a : aeabi_uidivmod.S.obj (.text.__aeabi_uidivmod)
                  0000c170    0000003e                            : divmoddi4.c.obj (.text.__divmoddi4)
                  0000c1ae    00000002     --HOLE-- [fill = 0]
                  0000c1b0    0000003c     gimbal_tracker.o (.text.GimbalTracker_ClearObservation)
                  0000c1ec    0000003c     servo.o (.text.Servo_SetAngleDeg)
                  0000c228    0000003c     vision_tuning_console.o (.text.VisionTuningConsole_PushByteFromIsr)
                  0000c264    0000003c     libclang_rt.builtins.a : floatsisf.S.obj (.text.__floatsisf)
                  0000c2a0    0000003c                            : comparesf2.S.obj (.text.__gtsf2)
                  0000c2dc    0000003c     libc.a : autoinit.c.obj (.text:__TI_auto_init_nobinit_nopinit)
                  0000c318    0000003a     libclang_rt.builtins.a : comparesf2.S.obj (.text.__eqsf2)
                  0000c352    00000002     --HOLE-- [fill = 0]
                  0000c354    0000003a                            : muldsi3.S.obj (.text.__muldsi3)
                  0000c38e    00000002     --HOLE-- [fill = 0]
                  0000c390    00000038     motion_action.o (.text.MotionAction_ReapplyControllerTarget)
                  0000c3c8    00000038     motor.o (.text.Motor_Init)
                  0000c400    00000038     vision_receiver.o (.text.VisionReceiver_Init)
                  0000c438    00000038     libclang_rt.builtins.a : fixsfsi.S.obj (.text.__fixsfsi)
                  0000c470    00000034     oled.o (.text.OLED_SetCursor)
                  0000c4a4    00000034     ti_msp_dl_config.o (.text.SYSCFG_DL_initPower)
                  0000c4d8    00000034     vision_tuning_console.o (.text.VisionTuningConsole_TryPopTxByte)
                  0000c50c    00000034     vision_uart.o (.text.VisionUart_Process)
                  0000c540    00000032     oled.o (.text.OLED_PrintString)
                  0000c572    00000002     --HOLE-- [fill = 0]
                  0000c574    00000030     gimbal_vision_yaw_tracker.o (.text.GimbalVisionYawTracker_GetFeedback)
                  0000c5a4    00000030     gimbal.o (.text.Gimbal_PitchGetFeedback)
                  0000c5d4    00000030     key.o (.text.Key_Init)
                  0000c604    00000030     mission_manager.o (.text.MissionManager_Cancel)
                  0000c634    00000030     mission_manager.o (.text.MissionManager_Reset)
                  0000c664    00000030     vision_pitch_tuning.o (.text.VisionPitchTuning_RestoreDefault)
                  0000c694    00000030     gimbal_vision_yaw_tracker.o (.text.refresh_yaw_feedback)
                  0000c6c4    0000002c     motor.o (.text.Motor_Stop)
                  0000c6f0    0000002c     track_sensor.o (.text.TrackSensor_CountBlack)
                  0000c71c    0000002c     vision_yaw_tuning.o (.text.VisionYawTuning_RestoreDefault)
                  0000c748    0000002c     gimbal_vision_pitch_tracker.o (.text.speed_to_x10)
                  0000c774    00000028     servo.o (.text.Servo_Init)
                  0000c79c    00000028     vision_pitch_tuning.o (.text.VisionPitchTuning_Init)
                  0000c7c4    00000028     libclang_rt.builtins.a : floatunsisf.S.obj (.text.__floatunsisf)
                  0000c7ec    00000028     obstacle_avoidance.o (.text.avoid_fail)
                  0000c814    00000028     libc.a : memmov.c.obj (.text.memmove)
                  0000c83c    00000028            : boot_cortex_m.c.obj (.text:_c_int00_noargs)
                  0000c864    00000024     encoder.o (.text.Encoder_Reset)
                  0000c888    00000024     gimbal_vision_pitch_tracker.o (.text.GimbalVisionPitchTracker_GetFeedback)
                  0000c8ac    00000024     vision_yaw_tuning.o (.text.VisionYawTuning_Init)
                  0000c8d0    00000024     libclang_rt.builtins.a : muldi3.S.obj (.text.__muldi3)
                  0000c8f4    00000020     car_controller.o (.text.CarController_Stop)
                  0000c914    00000020     mission_manager.o (.text.MissionManager_Pause)
                  0000c934    00000020     mission_manager.o (.text.MissionManager_Resume)
                  0000c954    00000020     motion_action.o (.text.MotionAction_GetCurrentBypassDirection)
                  0000c974    00000020     motion_action.o (.text.MotionAction_GetCurrentObstaclePolicy)
                  0000c994    00000020     obstacle_avoidance.o (.text.ObstacleAvoidance_Init)
                  0000c9b4    00000020     ti_msp_dl_config.o (.text.SYSCFG_DL_init)
                  0000c9d4    00000020     vision_receiver.o (.text.VisionReceiver_GetProtocolErrorCount)
                  0000c9f4    00000020     mission_manager.o (.text.mission_finish_error)
                  0000ca14    0000001e     libclang_rt.builtins.a : ashldi3.S.obj (.text.__ashldi3)
                  0000ca32    00000002     --HOLE-- [fill = 0]
                  0000ca34    0000001c     gimbal_vision_adapter.o (.text.GimbalVisionAdapter_Init)
                  0000ca50    0000001c     imu.o (.text.Imu_IsReady)
                  0000ca6c    0000001c     menu.o (.text.Menu_Init)
                  0000ca88    0000001c     obstacle_monitor.o (.text.ObstacleMonitor_Init)
                  0000caa4    0000001c     obstacle_safety.o (.text.ObstacleSafety_Init)
                  0000cac0    0000001c     vision_pitch_tuning.o (.text.VisionPitchTuning_ParamName)
                  0000cadc    0000001c     vision_yaw_tuning.o (.text.VisionYawTuning_GetSnapshot)
                  0000caf8    0000001c     vision_yaw_tuning.o (.text.VisionYawTuning_ParamName)
                  0000cb14    00000018     car_controller.o (.text.CarController_RunModeToString)
                  0000cb2c    00000018     heading_control.o (.text.HeadingControl_LockCurrentYaw)
                  0000cb44    00000018     heading_control.o (.text.HeadingControl_SetTargetYaw)
                  0000cb5c    00000018     menu.o (.text.Menu_ParamItemToString)
                  0000cb74    00000018     mission_library.o (.text.MissionLibrary_FindById)
                  0000cb8c    00000018     motion_action.o (.text.MotionAction_Cancel)
                  0000cba4    00000018     motion_action.o (.text.MotionAction_Init)
                  0000cbbc    00000014     empty.o (.text.GROUP1_IRQHandler)
                  0000cbd0    00000014     gimbal_stepper.o (.text.GimbalStepper_SetStepHalfPeriodTicks)
                  0000cbe4    00000014     heading_control.o (.text.HeadingControl_Enable)
                  0000cbf8    00000014     heading_control.o (.text.HeadingControl_Init)
                  0000cc0c    00000014     heading_control.o (.text.HeadingControl_Reset)
                  0000cc20    00000014     mission_library.o (.text.MissionLibrary_GetByIndex)
                  0000cc34    00000014     mission_manager.o (.text.MissionManager_GetSelectedMissionId)
                  0000cc48    00000014     vision_pitch_tuning.o (.text.VisionPitchTuning_GetSnapshot)
                  0000cc5c    00000014     vision_uart.o (.text.VisionUart_Init)
                  0000cc70    00000014     libclang_rt.builtins.a : aeabi_ldivmod.S.obj (.text.__aeabi_ldivmod)
                  0000cc84    00000014                            : aeabi_uldivmod.S.obj (.text.__aeabi_uldivmod)
                  0000cc98    00000012     driverlib.a : dl_uart.o (.text.DL_UART_setClockConfig)
                  0000ccaa    00000012     libc.a : copy_decompress_none.c.obj (.text:decompress:none)
                  0000ccbc    00000010     gimbal.o (.text.Gimbal_YawGetFeedback)
                  0000cccc    00000010     key.o (.text.Key_GetEvent)
                  0000ccdc    00000010     obstacle_avoidance.o (.text.ObstacleAvoidance_IsResumeGraceActive)
                  0000ccec    00000010     libc.a : copy_zero_init.c.obj (.text:decompress:ZI)
                  0000ccfc    0000000c     car_controller.o (.text.CarController_GetRunMode)
                  0000cd08    0000000c     car_state.o (.text.CarState_Get)
                  0000cd14    0000000c     car_state.o (.text.CarState_Init)
                  0000cd20    0000000c     car_state.o (.text.CarState_Set)
                  0000cd2c    0000000c     gimbal_vision_adapter.o (.text.GimbalVisionAdapter_GetObservation)
                  0000cd38    0000000c     gimbal.o (.text.Gimbal_Tick100us)
                  0000cd44    0000000c     gimbal.o (.text.Gimbal_Update5ms)
                  0000cd50    0000000c     imu.o (.text.Imu_GetCorrectedGyroZDps)
                  0000cd5c    0000000c     imu.o (.text.Imu_GetYaw)
                  0000cd68    0000000c     imu.o (.text.Imu_ResetYaw)
                  0000cd74    0000000c     menu.o (.text.Menu_GetPage)
                  0000cd80    0000000c     menu.o (.text.Menu_GetParamItem)
                  0000cd8c    0000000c     mission_manager.o (.text.MissionManager_SetExternalHold)
                  0000cd98    0000000c     obstacle_avoidance.o (.text.ObstacleAvoidance_IsActive)
                  0000cda4    0000000c     obstacle_avoidance.o (.text.ObstacleAvoidance_IsFailed)
                  0000cdb0    0000000c     obstacle_safety.o (.text.ObstacleSafety_IsHolding)
                  0000cdbc    0000000c     oled_ui.o (.text.OledUi_Init)
                  0000cdc8    0000000c     libclang_rt.builtins.a : aeabi_memset.S.obj (.text.__aeabi_memclr)
                  0000cdd4    0000000a     driverlib.a : dl_common.o (.text.DL_Common_delayCycles)
                  0000cdde    0000000a     track_sensor.o (.text.TrackSensor_IsCenterDetected)
                  0000cde8    0000000a     track_sensor.o (.text.TrackSensor_IsLineDetected)
                  0000cdf2    0000000a     track_sensor.o (.text.TrackSensor_IsLineLost)
                  0000cdfc    00000008     car_controller.o (.text.CarController_GetFeedback)
                  0000ce04    00000008     gimbal_stepper.o (.text.GimbalStepper_GetFeedback)
                  0000ce0c    00000008     gimbal_vision_adapter.o (.text.GimbalVisionAdapter_GetFeedback)
                  0000ce14    00000008     gimbal.o (.text.Gimbal_PitchStopTrackingHold)
                  0000ce1c    00000008     heading_control.o (.text.HeadingControl_GetRuntime)
                  0000ce24    00000008     imu.o (.text.Imu_GetRuntime)
                  0000ce2c    00000008     mission_manager.o (.text.MissionManager_GetMissionCount)
                  0000ce34    00000008     mission_manager.o (.text.MissionManager_GetRuntime)
                  0000ce3c    00000008     motion_action.o (.text.MotionAction_GetRuntime)
                  0000ce44    00000008     obstacle_avoidance.o (.text.ObstacleAvoidance_GetFeedback)
                  0000ce4c    00000008     obstacle_monitor.o (.text.ObstacleMonitor_GetFeedback)
                  0000ce54    00000008     servo.o (.text.Servo_GetFeedback)
                  0000ce5c    00000008     ultrasonic.o (.text.Ultrasonic_GetFeedback)
                  0000ce64    00000008     vision_pitch_tuning.o (.text.VisionPitchTuning_GetStatus)
                  0000ce6c    00000008     vision_receiver.o (.text.VisionReceiver_GetObservation)
                  0000ce74    00000008     vision_receiver.o (.text.VisionReceiver_GetStatus)
                  0000ce7c    00000008     libclang_rt.builtins.a : aeabi_memcpy.S.obj (.text.__aeabi_memcpy)
                  0000ce84    00000008                            : aeabi_memmove.S.obj (.text.__aeabi_memmove)
                  0000ce8c    00000006     libc.a : exit.c.obj (.text:abort)
                  0000ce92    00000004     mission_library.o (.text.MissionLibrary_GetCount)
                  0000ce96    00000004     startup_mspm0g350x_ticlang.o (.text.Reset_Handler)
                  0000ce9a    00000004     libc.a : pre_init.c.obj (.text._system_pre_init)
                  0000ce9e    00000002     --HOLE-- [fill = 0]

.cinit     0    0000d6f8    00000030     
                  0000d6f8    0000000c     (__TI_handler_table)
                  0000d704    00000008     (.cinit..bss.load) [load image, compression = zero_init]
                  0000d70c    00000005     (.cinit..data.load) [load image, compression = lzss]
                  0000d711    00000003     --HOLE-- [fill = 0]
                  0000d714    00000010     (__TI_cinit_table)
                  0000d724    00000004     --HOLE-- [fill = 0]

.rodata    0    0000cea0    00000858     
                  0000cea0    000000d8     oled.o (.rodata..Lswitch.table.OLED_PrintChar)
                  0000cf78    000000a8     mission_library.o (.rodata.g_missionMapA)
                  0000d020    000000a8     mission_library.o (.rodata.g_missionMapB)
                  0000d0c8    00000078     mission_library.o (.rodata.g_missionMapC)
                  0000d140    00000030     oled_ui.o (.rodata..Lswitch.table.OledUi_Update_20ms.149)
                  0000d170    00000030     mission_library.o (.rodata.g_missionRegistry)
                  0000d1a0    00000024     menu.o (.rodata..Lswitch.table.Menu_ParamItemToString)
                  0000d1c4    00000024     oled_ui.o (.rodata..Lswitch.table.OledUi_Update_20ms.153)
                  0000d1e8    00000024     oled_ui.o (.rodata..Lswitch.table.OledUi_Update_20ms.155)
                  0000d20c    00000020     oled_ui.o (.rodata..Lswitch.table.OledUi_Update_20ms.154)
                  0000d22c    0000001c     car_controller.o (.rodata..Lswitch.table.CarController_RunModeToString)
                  0000d248    0000001c     vision_tuning_console.o (.rodata.str1.1836208005852235077.1)
                  0000d264    00000018     oled_ui.o (.rodata..Lswitch.table.OledUi_Update_20ms.156)
                  0000d27c    00000018     vision_pitch_tuning.o (.rodata..Lswitch.table.VisionPitchTuning_ParamName)
                  0000d294    00000014     vision_yaw_tuning.o (.rodata..Lswitch.table.VisionYawTuning_ParamName)
                  0000d2a8    0000000e     oled_ui.o (.rodata.str1.10416366799939242409.1)
                  0000d2b6    00000002     ti_msp_dl_config.o (.rodata.gUART_VISIONClockConfig)
                  0000d2b8    0000000c     mission_library.o (.rodata..Lswitch.table.MissionLibrary_FindById)
                  0000d2c4    0000000c     oled_ui.o (.rodata..Lswitch.table.OledUi_Update_20ms.148)
                  0000d2d0    0000000c     oled_ui.o (.rodata..Lswitch.table.OledUi_Update_20ms.150)
                  0000d2dc    0000000a     menu.o (.rodata..Lswitch.table.Menu_HandleKeyEvent)
                  0000d2e6    0000000a     ti_msp_dl_config.o (.rodata.gUART_VISIONConfig)
                  0000d2f0    0000000a     vision_tuning_console.o (.rodata.str1.4859846923128959820.1)
                  0000d2fa    0000000a     vision_tuning_console.o (.rodata.str1.7225688704195888286.1)
                  0000d304    00000009     oled_ui.o (.rodata.str1.15008238333949226094.1)
                  0000d30d    00000008     vision_tuning_console.o (.rodata.str1.11718269490974306969.1)
                  0000d315    00000008     oled_ui.o (.rodata.str1.12571791089077708471.1)
                  0000d31d    00000008     vision_tuning_console.o (.rodata.str1.3293472937029561918.1)
                  0000d325    00000008     oled_ui.o (.rodata.str1.7185587941321649510.1)
                  0000d32d    00000008     oled_ui.o (.rodata.str1.8693388333057100694.1)
                  0000d335    00000008     oled_ui.o (.rodata.str1.9611283282870761829.1)
                  0000d33d    00000007     vision_tuning_console.o (.rodata.str1.10860306953068020798.1)
                  0000d344    00000007     oled_ui.o (.rodata.str1.13882251010780863896.1)
                  0000d34b    00000007     oled_ui.o (.rodata.str1.4193589846040060630.1)
                  0000d352    00000007     oled_ui.o (.rodata.str1.5376340479846291137.1)
                  0000d359    00000006     vision_tuning_console.o (.rodata.str1.10319329813075420582.1)
                  0000d35f    00000006     oled_ui.o (.rodata.str1.13567883086814673087.1)
                  0000d365    00000006     mission_library.o (.rodata.str1.13636476544574750902.1)
                  0000d36b    00000006     oled_ui.o (.rodata.str1.13750180467131823662.1)
                  0000d371    00000006     oled_ui.o (.rodata.str1.14265077442249237877.1)
                  0000d377    00000006     oled_ui.o (.rodata.str1.14358698208395374265.1)
                  0000d37d    00000006     oled_ui.o (.rodata.str1.1445687256832830955.1)
                  0000d383    00000006     mission_library.o (.rodata.str1.15668266851434757964.1)
                  0000d389    00000006     mission_library.o (.rodata.str1.199678142196697465.1)
                  0000d38f    00000006     oled_ui.o (.rodata.str1.3455423528827705371.1)
                  0000d395    00000006     oled_ui.o (.rodata.str1.35417727660486075.1)
                  0000d39b    00000006     oled_ui.o (.rodata.str1.3702290527496711532.1)
                  0000d3a1    00000006     vision_tuning_console.o (.rodata.str1.4028100529439820245.1)
                  0000d3a7    00000006     oled_ui.o (.rodata.str1.4610220316623841660.1)
                  0000d3ad    00000006     oled_ui.o (.rodata.str1.4723632947289500520.1)
                  0000d3b3    00000006     oled_ui.o (.rodata.str1.4932371652560868037.1)
                  0000d3b9    00000006     oled_ui.o (.rodata.str1.7219546930854689545.1)
                  0000d3bf    00000005     oled.o (.rodata.oled_get_glyph.colon)
                  0000d3c4    00000005     oled.o (.rodata.oled_get_glyph.eight)
                  0000d3c9    00000005     oled.o (.rodata.oled_get_glyph.five)
                  0000d3ce    00000005     oled.o (.rodata.oled_get_glyph.four)
                  0000d3d3    00000005     oled.o (.rodata.oled_get_glyph.glyphA)
                  0000d3d8    00000005     oled.o (.rodata.oled_get_glyph.glyphB)
                  0000d3dd    00000005     oled.o (.rodata.oled_get_glyph.glyphC)
                  0000d3e2    00000005     oled.o (.rodata.oled_get_glyph.glyphD)
                  0000d3e7    00000005     oled.o (.rodata.oled_get_glyph.glyphE)
                  0000d3ec    00000005     oled.o (.rodata.oled_get_glyph.glyphG)
                  0000d3f1    00000005     oled.o (.rodata.oled_get_glyph.glyphH)
                  0000d3f6    00000005     oled.o (.rodata.oled_get_glyph.glyphI)
                  0000d3fb    00000005     oled.o (.rodata.oled_get_glyph.glyphK)
                  0000d400    00000005     oled.o (.rodata.oled_get_glyph.glyphL)
                  0000d405    00000005     oled.o (.rodata.oled_get_glyph.glyphM)
                  0000d40a    00000005     oled.o (.rodata.oled_get_glyph.glyphN)
                  0000d40f    00000005     oled.o (.rodata.oled_get_glyph.glyphO)
                  0000d414    00000005     oled.o (.rodata.oled_get_glyph.glyphP)
                  0000d419    00000005     oled.o (.rodata.oled_get_glyph.glyphR)
                  0000d41e    00000005     oled.o (.rodata.oled_get_glyph.glyphS)
                  0000d423    00000005     oled.o (.rodata.oled_get_glyph.glyphT)
                  0000d428    00000005     oled.o (.rodata.oled_get_glyph.glyphU)
                  0000d42d    00000005     oled.o (.rodata.oled_get_glyph.glyphV)
                  0000d432    00000005     oled.o (.rodata.oled_get_glyph.glyphW)
                  0000d437    00000005     oled.o (.rodata.oled_get_glyph.glyphX)
                  0000d43c    00000005     oled.o (.rodata.oled_get_glyph.glyphY)
                  0000d441    00000005     oled.o (.rodata.oled_get_glyph.glyphb)
                  0000d446    00000005     oled.o (.rodata.oled_get_glyph.gt)
                  0000d44b    00000005     oled.o (.rodata.oled_get_glyph.minus)
                  0000d450    00000005     oled.o (.rodata.oled_get_glyph.nine)
                  0000d455    00000005     oled.o (.rodata.oled_get_glyph.one)
                  0000d45a    00000005     oled.o (.rodata.oled_get_glyph.seven)
                  0000d45f    00000005     oled.o (.rodata.oled_get_glyph.six)
                  0000d464    00000005     oled.o (.rodata.oled_get_glyph.space)
                  0000d469    00000005     oled.o (.rodata.oled_get_glyph.three)
                  0000d46e    00000005     oled.o (.rodata.oled_get_glyph.two)
                  0000d473    00000005     oled.o (.rodata.oled_get_glyph.zero)
                  0000d478    00000005     oled_ui.o (.rodata.str1.11428648044669318875.1)
                  0000d47d    00000005     oled_ui.o (.rodata.str1.12359577037488465078.1)
                  0000d482    00000005     oled_ui.o (.rodata.str1.12617122458660443890.1)
                  0000d487    00000005     oled_ui.o (.rodata.str1.1276391367487699528.1)
                  0000d48c    00000005     oled_ui.o (.rodata.str1.13875148296791986931.1)
                  0000d491    00000005     vision_pitch_tuning.o (.rodata.str1.13915893147848268398.1)
                  0000d496    00000005     oled_ui.o (.rodata.str1.14134189893851348960.1)
                  0000d49b    00000005     oled_ui.o (.rodata.str1.14740362735394205067.1)
                  0000d4a0    00000005     oled_ui.o (.rodata.str1.14774750633985060196.1)
                  0000d4a5    00000005     oled_ui.o (.rodata.str1.15132332204781002199.1)
                  0000d4aa    00000005     oled_ui.o (.rodata.str1.15613891207764622616.1)
                  0000d4af    00000005     oled_ui.o (.rodata.str1.15817398807211891688.1)
                  0000d4b4    00000005     oled_ui.o (.rodata.str1.15859922799842739878.1)
                  0000d4b9    00000005     oled_ui.o (.rodata.str1.16290499236105125126.1)
                  0000d4be    00000005     car_controller.o (.rodata.str1.1652194605229746967.1)
                  0000d4c3    00000005     oled_ui.o (.rodata.str1.16526439943277383452.1)
                  0000d4c8    00000005     oled_ui.o (.rodata.str1.17242430504649735449.1)
                  0000d4cd    00000005     vision_tuning_console.o (.rodata.str1.17265544270347038021.1)
                  0000d4d2    00000005     oled_ui.o (.rodata.str1.17274519358952562110.1)
                  0000d4d7    00000005     oled_ui.o (.rodata.str1.17540787658903907660.1)
                  0000d4dc    00000005     oled_ui.o (.rodata.str1.17717236995185551183.1)
                  0000d4e1    00000005     oled_ui.o (.rodata.str1.18379317056176403938.1)
                  0000d4e6    00000005     oled_ui.o (.rodata.str1.2308938766145545715.1)
                  0000d4eb    00000005     oled_ui.o (.rodata.str1.2522137003438374266.1)
                  0000d4f0    00000005     oled_ui.o (.rodata.str1.2603845803395459882.1)
                  0000d4f5    00000005     oled_ui.o (.rodata.str1.2742282290834473644.1)
                  0000d4fa    00000005     oled_ui.o (.rodata.str1.4082595774073207366.1)
                  0000d4ff    00000005     car_controller.o (.rodata.str1.4164979912472006574.1)
                  0000d504    00000005     oled_ui.o (.rodata.str1.4581472623415959594.1)
                  0000d509    00000005     menu.o (.rodata.str1.4862307748908978627.1)
                  0000d50e    00000005     oled_ui.o (.rodata.str1.5463568455719735.1)
                  0000d513    00000005     oled_ui.o (.rodata.str1.58703915094955230.1)
                  0000d518    00000005     vision_yaw_tuning.o (.rodata.str1.7764041101441114269.1)
                  0000d51d    00000005     oled_ui.o (.rodata.str1.8426569189266129334.1)
                  0000d522    00000005     oled_ui.o (.rodata.str1.9159586779647977165.1)
                  0000d527    00000005     car_controller.o (.rodata.str1.9234375891235759983.1)
                  0000d52c    00000005     oled_ui.o (.rodata.str1.9295666102996717355.1)
                  0000d531    00000005     car_controller.o (.rodata.str1.9981487771679760427.1)
                  0000d536    00000004     oled_ui.o (.rodata.str1.10077435089618835710.1)
                  0000d53a    00000004     oled_ui.o (.rodata.str1.1019225241002246410.1)
                  0000d53e    00000004     oled_ui.o (.rodata.str1.10263419832828250601.1)
                  0000d542    00000004     oled_ui.o (.rodata.str1.10430294223631918979.1)
                  0000d546    00000004     oled_ui.o (.rodata.str1.10509309789429088155.1)
                  0000d54a    00000004     oled_ui.o (.rodata.str1.10907125332684471422.1)
                  0000d54e    00000004     oled_ui.o (.rodata.str1.1108652269057166745.1)
                  0000d552    00000004     oled_ui.o (.rodata.str1.11149198520117834688.1)
                  0000d556    00000004     oled_ui.o (.rodata.str1.11232419324784801130.1)
                  0000d55a    00000004     oled_ui.o (.rodata.str1.11794000050372113979.1)
                  0000d55e    00000004     oled_ui.o (.rodata.str1.12043213579996415112.1)
                  0000d562    00000004     menu.o (.rodata.str1.12110183915172842339.1)
                  0000d566    00000004     oled_ui.o (.rodata.str1.12182588061437138428.1)
                  0000d56a    00000004     car_controller.o (.rodata.str1.12442237994239546032.1)
                  0000d56e    00000004     oled_ui.o (.rodata.str1.12493748764729730277.1)
                  0000d572    00000004     oled_ui.o (.rodata.str1.12595606217184830646.1)
                  0000d576    00000004     oled_ui.o (.rodata.str1.12697925274637991987.1)
                  0000d57a    00000004     oled_ui.o (.rodata.str1.12928245060369742404.1)
                  0000d57e    00000004     oled_ui.o (.rodata.str1.12983537867572525563.1)
                  0000d582    00000004     menu.o (.rodata.str1.13124720451672825294.1)
                  0000d586    00000004     oled_ui.o (.rodata.str1.13244290092665904221.1)
                  0000d58a    00000004     vision_tuning_console.o (.rodata.str1.14084955404328172175.1)
                  0000d58e    00000004     menu.o (.rodata.str1.14098755746347272832.1)
                  0000d592    00000004     oled_ui.o (.rodata.str1.14521350379984854626.1)
                  0000d596    00000004     oled_ui.o (.rodata.str1.15802367878353263018.1)
                  0000d59a    00000004     oled_ui.o (.rodata.str1.15829239520183577662.1)
                  0000d59e    00000004     oled_ui.o (.rodata.str1.15917848551323629232.1)
                  0000d5a2    00000004     oled_ui.o (.rodata.str1.15935041339501476673.1)
                  0000d5a6    00000004     oled_ui.o (.rodata.str1.16411631209783952401.1)
                  0000d5aa    00000004     vision_pitch_tuning.o (.rodata.str1.16579632732967443104.1)
                  0000d5ae    00000004     oled_ui.o (.rodata.str1.16635595130967924751.1)
                  0000d5b2    00000004     oled_ui.o (.rodata.str1.16849766574302683489.1)
                  0000d5b6    00000004     oled_ui.o (.rodata.str1.16931641404301806744.1)
                  0000d5ba    00000004     oled_ui.o (.rodata.str1.16939060351352778619.1)
                  0000d5be    00000004     menu.o (.rodata.str1.17041139162815566052.1)
                  0000d5c2    00000004     car_controller.o (.rodata.str1.17172356789460551389.1)
                  0000d5c6    00000004     oled_ui.o (.rodata.str1.17464849429964608858.1)
                  0000d5ca    00000004     oled_ui.o (.rodata.str1.17763087492223448992.1)
                  0000d5ce    00000004     oled_ui.o (.rodata.str1.17884296644359297425.1)
                  0000d5d2    00000004     car_controller.o (.rodata.str1.18191498530309206443.1)
                  0000d5d6    00000004     oled_ui.o (.rodata.str1.18266126048138325213.1)
                  0000d5da    00000004     oled_ui.o (.rodata.str1.1974573040514735405.1)
                  0000d5de    00000004     oled_ui.o (.rodata.str1.2193316011307952170.1)
                  0000d5e2    00000004     oled_ui.o (.rodata.str1.3407221357956504873.1)
                  0000d5e6    00000004     oled_ui.o (.rodata.str1.4402311448527872260.1)
                  0000d5ea    00000004     oled_ui.o (.rodata.str1.4581686099848791648.1)
                  0000d5ee    00000004     oled_ui.o (.rodata.str1.4582914374586912483.1)
                  0000d5f2    00000004     menu.o (.rodata.str1.5155000645726596423.1)
                  0000d5f6    00000004     oled_ui.o (.rodata.str1.5853739094453432564.1)
                  0000d5fa    00000004     oled_ui.o (.rodata.str1.5965450730569173784.1)
                  0000d5fe    00000004     oled_ui.o (.rodata.str1.5965888106848176421.1)
                  0000d602    00000004     oled_ui.o (.rodata.str1.6473435968988645044.1)
                  0000d606    00000004     oled_ui.o (.rodata.str1.6806727740681590176.1)
                  0000d60a    00000004     oled_ui.o (.rodata.str1.6835749436006845616.1)
                  0000d60e    00000004     oled_ui.o (.rodata.str1.6954814719705590448.1)
                  0000d612    00000004     car_controller.o (.rodata.str1.702403006289709404.1)
                  0000d616    00000004     oled_ui.o (.rodata.str1.7050595558965647569.1)
                  0000d61a    00000004     oled_ui.o (.rodata.str1.7774807581888385879.1)
                  0000d61e    00000004     oled_ui.o (.rodata.str1.8018480777946742726.1)
                  0000d622    00000004     oled_ui.o (.rodata.str1.8124536758062367015.1)
                  0000d626    00000004     oled_ui.o (.rodata.str1.8236579331345056500.1)
                  0000d62a    00000004     oled_ui.o (.rodata.str1.8399051469953744892.1)
                  0000d62e    00000004     oled_ui.o (.rodata.str1.8403269972884532600.1)
                  0000d632    00000004     oled_ui.o (.rodata.str1.8460525935980491721.1)
                  0000d636    00000004     oled_ui.o (.rodata.str1.8471462185882660445.1)
                  0000d63a    00000004     oled_ui.o (.rodata.str1.8709745090823444516.1)
                  0000d63e    00000004     oled_ui.o (.rodata.str1.8783421139296713095.1)
                  0000d642    00000004     oled_ui.o (.rodata.str1.8950259614286592359.1)
                  0000d646    00000004     oled_ui.o (.rodata.str1.9102528229756940648.1)
                  0000d64a    00000004     oled_ui.o (.rodata.str1.9250665025187963892.1)
                  0000d64e    00000004     vision_tuning_console.o (.rodata.str1.9292707793305368794.1)
                  0000d652    00000004     oled_ui.o (.rodata.str1.9351772214919528733.1)
                  0000d656    00000004     vision_yaw_tuning.o (.rodata.str1.9489746196023004463.1)
                  0000d65a    00000004     menu.o (.rodata.str1.9546740394641817443.1)
                  0000d65e    00000004     oled_ui.o (.rodata.str1.9584387800903135389.1)
                  0000d662    00000004     oled_ui.o (.rodata.str1.967006512144173535.1)
                  0000d666    00000004     oled_ui.o (.rodata.str1.9822857334037886482.1)
                  0000d66a    00000004     oled_ui.o (.rodata.str1.9854382722193312766.1)
                  0000d66e    00000003     vision_pitch_tuning.o (.rodata.str1.10553819018306626402.1)
                  0000d671    00000003     oled_ui.o (.rodata.str1.10568433575767188072.1)
                  0000d674    00000003     oled_ui.o (.rodata.str1.11178346780556493352.1)
                  0000d677    00000003     vision_tuning_console.o (.rodata.str1.12197883643583142124.1)
                  0000d67a    00000003     oled_ui.o (.rodata.str1.130772507669342127.1)
                  0000d67d    00000003     oled_ui.o (.rodata.str1.13790669171379415506.1)
                  0000d680    00000003     oled_ui.o (.rodata.str1.13871579367539052597.1)
                  0000d683    00000003     oled_ui.o (.rodata.str1.14556837007311414654.1)
                  0000d686    00000003     vision_pitch_tuning.o (.rodata.str1.15082469624955958926.1)
                  0000d689    00000003     vision_yaw_tuning.o (.rodata.str1.15455206247194842411.1)
                  0000d68c    00000003     oled_ui.o (.rodata.str1.15575624326185233262.1)
                  0000d68f    00000003     oled_ui.o (.rodata.str1.15577080202403550426.1)
                  0000d692    00000003     menu.o (.rodata.str1.16312125044762562515.1)
                  0000d695    00000003     vision_tuning_console.o (.rodata.str1.16336339630363933256.1)
                  0000d698    00000003     oled_ui.o (.rodata.str1.16496169091617228061.1)
                  0000d69b    00000003     oled_ui.o (.rodata.str1.16554583589798097927.1)
                  0000d69e    00000003     oled_ui.o (.rodata.str1.16895433903389883335.1)
                  0000d6a1    00000003     vision_pitch_tuning.o (.rodata.str1.17185918124541117546.1)
                  0000d6a4    00000003     oled_ui.o (.rodata.str1.17763996158807330232.1)
                  0000d6a7    00000003     oled_ui.o (.rodata.str1.17812014771544466701.1)
                  0000d6aa    00000003     vision_pitch_tuning.o (.rodata.str1.18308346119964257230.1)
                  0000d6ad    00000003     vision_pitch_tuning.o (.rodata.str1.2353024170771920291.1)
                  0000d6b0    00000003     oled_ui.o (.rodata.str1.240075016795266086.1)
                  0000d6b3    00000003     oled_ui.o (.rodata.str1.2608729314174233125.1)
                  0000d6b6    00000003     oled_ui.o (.rodata.str1.2656948373757303877.1)
                  0000d6b9    00000003     oled_ui.o (.rodata.str1.270145429241168923.1)
                  0000d6bc    00000003     oled_ui.o (.rodata.str1.2983744876309220570.1)
                  0000d6bf    00000003     oled_ui.o (.rodata.str1.3025253791635144717.1)
                  0000d6c2    00000003     vision_yaw_tuning.o (.rodata.str1.4032468970572441659.1)
                  0000d6c5    00000003     menu.o (.rodata.str1.4646809750356241979.1)
                  0000d6c8    00000003     oled_ui.o (.rodata.str1.4691821198597473371.1)
                  0000d6cb    00000003     oled_ui.o (.rodata.str1.5004483696121082904.1)
                  0000d6ce    00000003     oled_ui.o (.rodata.str1.5291836437463020264.1)
                  0000d6d1    00000003     vision_yaw_tuning.o (.rodata.str1.6393086909333857079.1)
                  0000d6d4    00000003     vision_yaw_tuning.o (.rodata.str1.6657421771701333087.1)
                  0000d6d7    00000003     menu.o (.rodata.str1.6857549598058878762.1)
                  0000d6da    00000003     oled_ui.o (.rodata.str1.7419768602719733415.1)
                  0000d6dd    00000003     oled_ui.o (.rodata.str1.9229350655415085.1)
                  0000d6e0    00000003     oled_ui.o (.rodata.str1.9544068167406571052.1)
                  0000d6e3    00000003     oled_ui.o (.rodata.str1.9554470707595806150.1)
                  0000d6e6    00000003     oled_ui.o (.rodata.str1.9646571805098343045.1)
                  0000d6e9    00000003     oled_ui.o (.rodata.str1.9992244628984851027.1)
                  0000d6ec    00000002     oled_ui.o (.rodata.str1.14711868471336838103.1)
                  0000d6ee    00000002     oled_ui.o (.rodata.str1.17436941090773226089.1)
                  0000d6f0    00000002     oled_ui.o (.rodata.str1.3467953211977455017.1)
                  0000d6f2    00000002     oled_ui.o (.rodata.str1.7481335054564682966.1)
                  0000d6f4    00000002     oled_ui.o (.rodata.str1.8449035241871861290.1)
                  0000d6f6    00000002     --HOLE-- [fill = 0]

.init_array 
*          0    00000000    00000000     UNINITIALIZED

.binit     0    00000000    00000000     

.bss       0    20200000    000008ff     UNINITIALIZED
                  20200000    00000200     vision_receiver.o (.bss.g_ring)
                  20200200    00000100     vision_tuning_console.o (.bss.g_rxRing)
                  20200300    00000100     vision_tuning_console.o (.bss.g_txRing)
                  20200400    0000005c     (.common:g_appConfig)
                  2020045c    00000058     vision_receiver.o (.bss.g_status)
                  202004b4    00000048     gimbal_vision_adapter.o (.bss.g_feedback)
                  202004fc    00000004     gimbal_tracker.o (.bss.g_filteredErrorX)
                  20200500    00000040     gimbal.o (.bss.g_feedback)
                  20200540    00000040     vision_tuning_console.o (.bss.g_line)
                  20200580    00000040     gimbal.o (.bss.g_pitchFeedback)
                  202005c0    00000038     (.common:g_appRuntime)
                  202005f8    00000030     (.common:gUART_VISIONBackup)
                  20200628    0000002c     vision_receiver.o (.bss.g_observation)
                  20200654    00000028     gimbal_tracker.o (.bss.g_feedback)
                  2020067c    00000028     vision_receiver.o (.bss.g_frame)
                  202006a4    00000028     (.common:g_imuRuntime)
                  202006cc    00000024     gimbal_vision_yaw_tracker.o (.bss.g_feedback)
                  202006f0    00000020     mission_manager.o (.bss.g_missionRuntime)
                  20200710    00000018     gimbal_stepper.o (.bss.g_feedback)
                  20200728    00000018     gimbal_vision_pitch_tracker.o (.bss.g_feedback)
                  20200740    00000018     vision_pitch_tuning.o (.bss.g_status)
                  20200758    00000018     vision_tuning_console.o (.bss.g_status)
                  20200770    00000014     motion_action.o (.bss.g_motionActionRuntime)
                  20200784    00000004     gimbal_tracker.o (.bss.g_filteredErrorY)
                  20200788    00000014     vision_yaw_tuning.o (.bss.g_status)
                  2020079c    00000014     (.common:g_headingRuntime)
                  202007b0    0000000e     car_controller.o (.bss.g_carControllerFeedback)
                  202007be    00000002     ultrasonic.o (.bss.g_echoTicks)
                  202007c0    0000000e     ultrasonic.o (.bss.g_ultrasonicFeedback)
                  202007ce    00000002     gimbal.o (.bss.g_pitchHalfPeriodTicks)
                  202007d0    0000000c     gimbal_tracker.o (.bss.g_observation)
                  202007dc    0000000a     obstacle_avoidance.o (.bss.g_avoidFeedback)
                  202007e6    00000008     obstacle_monitor.o (.bss.g_obstacleFeedback)
                  202007ee    00000002     gimbal.o (.bss.g_pitchStepHalfPeriodTicks)
                  202007f0    00000008     gimbal.o (.bss.g_pitchContinuousDegX10)
                  202007f8    00000008     gimbal.o (.bss.g_pitchEstimatedSteps)
                  20200800    00000008     gimbal.o (.bss.g_pitchTargetDegX10)
                  20200808    00000008     gimbal.o (.bss.g_pitchTargetEstimatedSteps)
                  20200810    00000008     gimbal_stepper.o (.bss.g_stepperEstimatedSteps)
                  20200818    00000008     gimbal_stepper.o (.bss.g_stepperTargetEstimatedSteps)
                  20200820    00000008     gimbal.o (.bss.g_yawContinuousDegX10)
                  20200828    00000008     gimbal.o (.bss.g_yawLockedWorldYawDegX10)
                  20200830    00000008     gimbal.o (.bss.g_yawTargetContinuousDegX10)
                  20200838    00000008     gimbal.o (.bss.g_yawWorldTargetDegX10)
                  20200840    00000008     gimbal.o (.bss.g_yawWrappedDegX10)
                  20200848    00000006     ultrasonic.o (.bss.g_distanceSamples)
                  2020084e    00000006     key.o (.bss.g_key1)
                  20200854    00000006     key.o (.bss.g_key2)
                  2020085a    00000006     key.o (.bss.g_key3)
                  20200860    00000004     gimbal_vision_adapter.o (.bss.g_lastAcceptedFrameCount)
                  20200864    00000004     empty.o (.bss.g_localTimeMs)
                  20200868    00000004     encoder.o (.bss.g_motorAPulses)
                  2020086c    00000004     encoder.o (.bss.g_motorBPulses)
                  20200870    00000004     gimbal.o (.bss.g_pitchCommandedRpm)
                  20200874    00000004     gimbal.o (.bss.g_pitchCompletedSteps)
                  20200878    00000004     gimbal_tracker.o (.bss.g_pitchTargetDeg)
                  2020087c    00000004     gimbal.o (.bss.g_pitchTargetRpm)
                  20200880    00000004     gimbal.o (.bss.g_pitchTrackingTargetRpm)
                  20200884    00000004     servo.o (.bss.g_servoFeedback)
                  20200888    00000004     gimbal_vision_yaw_tracker.o (.bss.g_sessionId)
                  2020088c    00000004     gimbal_stepper.o (.bss.g_stepperCompletedSteps)
                  20200890    00000004     gimbal_vision_yaw_tracker.o (.bss.g_targetWrappedDeg)
                  20200894    00000004     gimbal.o (.bss.g_yawCommandedRpm)
                  20200898    00000004     gimbal.o (.bss.g_yawTargetRpm)
                  2020089c    00000004     gimbal_tracker.o (.bss.g_yawTargetWrappedDeg)
                  202008a0    00000002     obstacle_avoidance.o (.bss.g_resumeGraceMs)
                  202008a2    00000002     vision_receiver.o (.bss.g_ringHead)
                  202008a4    00000002     vision_receiver.o (.bss.g_ringTail)
                  202008a6    00000002     vision_tuning_console.o (.bss.g_rxHead)
                  202008a8    00000002     vision_tuning_console.o (.bss.g_rxTail)
                  202008aa    00000002     servo.o (.bss.g_servoPwmPhase)
                  202008ac    00000002     ultrasonic.o (.bss.g_stateTicks)
                  202008ae    00000002     gimbal_stepper.o (.bss.g_stepperHalfPeriodTicks)
                  202008b0    00000002     gimbal_stepper.o (.bss.g_stepperStepHalfPeriodTicks)
                  202008b2    00000002     vision_tuning_console.o (.bss.g_txHead)
                  202008b4    00000002     vision_tuning_console.o (.bss.g_txTail)
                  202008b6    00000002     menu.o (.bss.menu_handle_status_key.trackerSequence)
                  202008b8    00000002     (.common:g_trackError)
                  202008ba    00000001     oled_ui.o (.bss.OledUi_Update_20ms.refreshDivider)
                  202008bb    00000001     empty.o (.bss.SysTick_Handler.controlMsCount)
                  202008bc    00000001     empty.o (.bss.SysTick_Handler.gimbalMsCount)
                  202008bd    00000001     empty.o (.bss.SysTick_Handler.tick100usCount)
                  202008be    00000001     empty.o (.bss.SysTick_Handler.trackerMsCount)
                  202008bf    00000001     ultrasonic.o (.bss.Ultrasonic_Update_20ms.triggerDivider)
                  202008c0    00000001     empty.o (.bss.g_appUpdateDue)
                  202008c1    00000001     vision_tuning_console.o (.bss.g_capturing)
                  202008c2    00000001     car_state.o (.bss.g_carState)
                  202008c3    00000001     obstacle_monitor.o (.bss.g_centerSettleTicks)
                  202008c4    00000001     vision_tuning_console.o (.bss.g_commandTarget)
                  202008c5    00000001     ultrasonic.o (.bss.g_distanceSampleCount)
                  202008c6    00000001     ultrasonic.o (.bss.g_distanceSampleIndex)
                  202008c7    00000001     gimbal_tracker.o (.bss.g_enabled)
                  202008c8    00000001     gimbal_vision_pitch_tracker.o (.bss.g_enabled)
                  202008c9    00000001     gimbal_vision_yaw_tracker.o (.bss.g_enabled)
                  202008ca    00000001     gimbal_tracker.o (.bss.g_filterReady)
                  202008cb    00000001     vision_receiver.o (.bss.g_frameSize)
                  202008cc    00000001     empty.o (.bss.g_gimbalUpdatePending)
                  202008cd    00000001     vision_tuning_console.o (.bss.g_lineSize)
                  202008ce    00000001     motor.o (.bss.g_motorADutyLevel)
                  202008cf    00000001     motor.o (.bss.g_motorBDutyLevel)
                  202008d0    00000001     obstacle_safety.o (.bss.g_obstacleSafetyHolding)
                  202008d1    00000001     oled.o (.bss.g_oledColumn)
                  202008d2    00000001     menu.o (.bss.g_oledPage)
                  202008d3    00000001     menu.o (.bss.g_paramItem)
                  202008d4    00000001     menu.o (.bss.g_paramReturnPage)
                  202008d5    00000001     key.o (.bss.g_pendingEvent)
                  202008d6    00000001     gimbal.o (.bss.g_pitchControlMode)
                  202008d7    00000001     gimbal.o (.bss.g_pitchDirection)
                  202008d8    00000001     gimbal.o (.bss.g_pitchInitialized)
                  202008d9    00000001     gimbal.o (.bss.g_pitchLimitClamped)
                  202008da    00000001     gimbal.o (.bss.g_pitchLimitDirection)
                  202008db    00000001     gimbal.o (.bss.g_pitchPositionValid)
                  202008dc    00000001     gimbal.o (.bss.g_pitchRunning)
                  202008dd    00000001     gimbal.o (.bss.g_pitchStepHigh)
                  202008de    00000001     gimbal.o (.bss.g_pitchStopAfterStepLow)
                  202008df    00000001     vision_tuning_console.o (.bss.g_prefixIndex)
                  202008e0    00000001     vision_tuning_console.o (.bss.g_prefixTarget)
                  202008e1    00000001     motor.o (.bss.g_pwmPhase)
                  202008e2    00000001     car_controller.o (.bss.g_safetyHold)
                  202008e3    00000001     gimbal_vision_yaw_tracker.o (.bss.g_sessionInitialized)
                  202008e4    00000001     gimbal_tracker.o (.bss.g_simObservationUpdatesRemaining)
                  202008e5    00000001     obstacle_avoidance.o (.bss.g_stateStarted)
                  202008e6    00000001     gimbal_stepper.o (.bss.g_stepperDirection)
                  202008e7    00000001     gimbal_stepper.o (.bss.g_stepperRunning)
                  202008e8    00000001     gimbal_stepper.o (.bss.g_stepperStepHigh)
                  202008e9    00000001     gimbal_stepper.o (.bss.g_stepperStopAfterStepLow)
                  202008ea    00000001     gimbal_vision_yaw_tracker.o (.bss.g_targetSynced)
                  202008eb    00000001     gimbal_tracker.o (.bss.g_targetValid)
                  202008ec    00000001     gimbal_tracker.o (.bss.g_targetsSynced)
                  202008ed    00000001     empty.o (.bss.g_trackerUpdatePending)
                  202008ee    00000001     gimbal_tracker.o (.bss.g_trackingActive)
                  202008ef    00000001     gimbal_vision_pitch_tracker.o (.bss.g_trackingActive)
                  202008f0    00000001     gimbal_vision_yaw_tracker.o (.bss.g_trackingActive)
                  202008f1    00000001     ultrasonic.o (.bss.g_triggerRequest)
                  202008f2    00000001     ultrasonic.o (.bss.g_ultrasonicState)
                  202008f3    00000001     gimbal.o (.bss.g_yawLimitClamped)
                  202008f4    00000001     gimbal.o (.bss.g_yawLimitDirection)
                  202008f5    00000001     gimbal.o (.bss.g_yawPositionValid)
                  202008f6    00000001     gimbal.o (.bss.g_yawWorldLockEnabled)
                  202008f7    00000001     (.common:g_carStateDebug)
                  202008f8    00000001     (.common:g_keyEvent)
                  202008f9    00000001     (.common:g_oledPageDebug)
                  202008fa    00000001     (.common:g_paramItemDebug)
                  202008fb    00000001     (.common:g_trackBlackCount)
                  202008fc    00000001     (.common:g_trackModeDebug)
                  202008fd    00000001     (.common:g_trackRaw)
                  202008fe    00000001     (.common:g_trackTurnDebug)

.data      0    202008ff    00000001     UNINITIALIZED
                  202008ff    00000001     car_controller.o (.data.g_followTurnPolicy)

.stack     0    20207e00    00000200     UNINITIALIZED
                  20207e00    00000004     libc.a : boot_cortex_m.c.obj (.stack)
                  20207e04    000001fc     --HOLE--

__llvm_prf_cnts 
*          0    20200000    00000000     UNINITIALIZED

__llvm_prf_bits 
*          0    20200000    00000000     UNINITIALIZED

MODULE SUMMARY

       Module                          code    ro data   rw data
       ------                          ----    -------   -------
    .\
       vision_tuning_console.o         9608    102       613    
       gimbal.o                        7528    0         241    
       oled_ui.o                       5092    848       1      
       car_controller.o                3208    64        72     
       imu.o                           3304    0         40     
       oled.o                          2304    401       1      
       gimbal_tracker.o                2576    0         74     
       gimbal_vision_yaw_tracker.o     2124    0         48     
       vision_receiver.o               1112    0         689    
       gimbal_stepper.o                1412    0         52     
       menu.o                          1368    84        5      
       mission_manager.o               1184    0         32     
       motion_action.o                 1016    0         20     
       app_config.o                    832     0         92     
       gimbal_vision_pitch_tracker.o   864     0         26     
       obstacle_avoidance.o            752     0         13     
       mission_library.o               218     534       0      
       vision_protocol.o               732     0         0      
       ultrasonic.o                    596     0         29     
       ti_msp_dl_config.o              464     12        48     
       heading_control.o               468     0         20     
       empty.o                         448     0         11     
       key.o                           436     0         19     
       track_sensor.o                  372     0         0      
       motor.o                         356     0         3      
       vision_pitch_tuning.o           268     48        24     
       vision_yaw_tuning.o             248     41        20     
       app.o                           294     0         10     
       gimbal_vision_adapter.o         228     0         76     
       obstacle_safety.o               228     0         1      
       obstacle_monitor.o              192     0         9      
       startup_mspm0g350x_ticlang.o    6       192       0      
       servo.o                         176     0         6      
       vision_uart.o                   164     0         0      
       encoder.o                       144     0         8      
       car_state.o                     36      0         1      
    +--+-------------------------------+-------+---------+---------+
       Total:                          50358   2326      2304   
                                                                
    C:/TI/mspm0_sdk_2_05_01_00/source/ti/driverlib/lib/ticlang/m0p/mspm0g1x0x_g3x0x/driverlib.a
       dl_uart.o                       90      0         0      
       dl_common.o                     10      0         0      
    +--+-------------------------------+-------+---------+---------+
       Total:                          100     0         0      
                                                                
    D:\TI\CCS\ccs\tools\compiler\ti-cgt-armllvm_4.0.4.LTS\lib\armv6m-ti-none-eabi/c/libc.a
       memcpy16.S.obj                  154     0         0      
       strcmp-armv6m.S.obj             136     0         0      
       copy_decompress_lzss.c.obj      124     0         0      
       memset16.S.obj                  98      0         0      
       autoinit.c.obj                  60      0         0      
       boot_cortex_m.c.obj             40      0         0      
       memmov.c.obj                    40      0         0      
       copy_decompress_none.c.obj      18      0         0      
       copy_zero_init.c.obj            16      0         0      
       exit.c.obj                      6       0         0      
       pre_init.c.obj                  4       0         0      
    +--+-------------------------------+-------+---------+---------+
       Total:                          696     0         0      
                                                                
    D:\TI\CCS\ccs\tools\compiler\ti-cgt-armllvm_4.0.4.LTS\lib\armv6m-ti-none-eabi/c/libsysbm.a
       hostexit.c.obj                  4       0         0      
    +--+-------------------------------+-------+---------+---------+
       Total:                          4       0         0      
                                                                
    D:\TI\CCS\ccs\tools\compiler\ti-cgt-armllvm_4.0.4.LTS\lib\armv6m-ti-none-eabi/libclang_rt.builtins.a
       addsf3.S.obj                    216     0         0      
       udivmoddi4.S.obj                162     0         0      
       mulsf3.S.obj                    140     0         0      
       divsf3.S.obj                    130     0         0      
       comparesf2.S.obj                118     0         0      
       aeabi_fcmp.S.obj                98      0         0      
       fixsfdi.S.obj                   96      0         0      
       aeabi_idivmod.S.obj             86      0         0      
       aeabi_uidivmod.S.obj            64      0         0      
       divmoddi4.c.obj                 62      0         0      
       floatsisf.S.obj                 60      0         0      
       muldsi3.S.obj                   58      0         0      
       fixsfsi.S.obj                   56      0         0      
       floatunsisf.S.obj               40      0         0      
       muldi3.S.obj                    36      0         0      
       ashldi3.S.obj                   30      0         0      
       aeabi_ldivmod.S.obj             20      0         0      
       aeabi_uldivmod.S.obj            20      0         0      
       aeabi_memset.S.obj              12      0         0      
       aeabi_memcpy.S.obj              8       0         0      
       aeabi_memmove.S.obj             8       0         0      
       aeabi_div0.c.obj                4       0         0      
    +--+-------------------------------+-------+---------+---------+
       Total:                          1524    0         0      
                                                                
       Stack:                          0       0         512    
       Linker Generated:               0       41        0      
    +--+-------------------------------+-------+---------+---------+
       Grand Total:                    52682   2367      2816   


LINKER GENERATED COPY TABLES

__TI_cinit_table @ 0000d714 records: 2, size/record: 8, table size: 16
	.bss: load addr=0000d704, load size=00000008 bytes, run addr=20200000, run size=000008ff bytes, compression=zero_init
	.data: load addr=0000d70c, load size=00000005 bytes, run addr=202008ff, run size=00000001 bytes, compression=lzss


LINKER GENERATED HANDLER TABLE

__TI_handler_table @ 0000d6f8 records: 3, size/record: 4, table size: 12
	index: 0, handler: __TI_decompress_lzss
	index: 1, handler: __TI_decompress_none
	index: 2, handler: __TI_zero_init


GLOBAL SYMBOLS: SORTED ALPHABETICALLY BY Name 

address   name                                  
-------   ----                                  
0000a663  ADC0_IRQHandler                       
0000a663  ADC1_IRQHandler                       
0000a663  AES_IRQHandler                        
0000a189  AppConfig_InitDefault                 
00005e61  AppConfig_LimitAll                    
0000b8b9  App_Init                              
0000a009  App_Update_20ms                       
0000ae1c  C$$EXIT                               
0000a663  CANFD0_IRQHandler                     
0000cdfd  CarController_GetFeedback             
0000ccfd  CarController_GetRunMode              
0000b0b5  CarController_Init                    
0000b131  CarController_ResetRuntime            
0000cb15  CarController_RunModeToString         
0000be25  CarController_SetSafetyHold           
0000ab5d  CarController_StartDriveHeading       
0000b1ad  CarController_StartFollowLine         
0000aa2d  CarController_StartSeekLine           
0000b40d  CarController_StartTurnLeft90         
0000b399  CarController_StartTurnRight90        
0000ad95  CarController_StartTurnToYawRelative  
0000c8f5  CarController_Stop                    
00003191  CarController_Update_20ms             
0000cd09  CarState_Get                          
0000cd15  CarState_Init                         
0000cd21  CarState_Set                          
0000a663  DAC0_IRQHandler                       
0000cdd5  DL_Common_delayCycles                 
0000bf15  DL_UART_init                          
0000cc99  DL_UART_setClockConfig                
0000a663  DMA_IRQHandler                        
0000a663  Default_Handler                       
0000b6ad  Encoder_HandleGpioInterrupt           
0000c865  Encoder_Reset                         
0000a663  GROUP0_IRQHandler                     
0000cbbd  GROUP1_IRQHandler                     
0000aea9  GimbalStepper_ConfirmZero             
0000ce05  GimbalStepper_GetFeedback             
0000a3a9  GimbalStepper_Init                    
00007e01  GimbalStepper_MoveToEstimatedSteps    
0000b47d  GimbalStepper_Release                 
0000cbd1  GimbalStepper_SetStepHalfPeriodTicks  
0000a241  GimbalStepper_StopHold                
00007965  GimbalStepper_Tick100us               
0000c1b1  GimbalTracker_ClearObservation        
0000b9e1  GimbalTracker_Enable                  
0000ba41  GimbalTracker_GetFeedback             
0000b035  GimbalTracker_Init                    
0000af2d  GimbalTracker_PushObservation         
00003885  GimbalTracker_Update                  
0000ce0d  GimbalVisionAdapter_GetFeedback       
0000cd2d  GimbalVisionAdapter_GetObservation    
0000ca35  GimbalVisionAdapter_Init              
0000a2f5  GimbalVisionAdapter_Update            
0000a665  GimbalVisionPitchTracker_Enable       
0000c889  GimbalVisionPitchTracker_GetFeedback  
0000c031  GimbalVisionPitchTracker_Init         
00006a4d  GimbalVisionPitchTracker_Update10ms   
00007af9  GimbalVisionYawTracker_Enable         
0000c575  GimbalVisionYawTracker_GetFeedback    
0000b719  GimbalVisionYawTracker_Init           
000040b1  GimbalVisionYawTracker_Update10ms     
000080f1  Gimbal_Init                           
000097b9  Gimbal_PitchConfirmZero               
0000c5a5  Gimbal_PitchGetFeedback               
0000a459  Gimbal_PitchMoveRelativeDeg           
00009125  Gimbal_PitchRelease                   
00005bd1  Gimbal_PitchSetTrackingSpeedDegS      
00009319  Gimbal_PitchStopHold                  
0000ce15  Gimbal_PitchStopTrackingHold          
00007c81  Gimbal_PitchTick100us                 
00007451  Gimbal_PitchUpdate5ms                 
0000cd39  Gimbal_Tick100us                      
0000cd45  Gimbal_Update5ms                      
00009f41  Gimbal_YawConfirmZero                 
0000abf1  Gimbal_YawDisableWorldLock            
00008ca9  Gimbal_YawEnableWorldLock             
0000ccbd  Gimbal_YawGetFeedback                 
0000bc79  Gimbal_YawMoveRelativeDeg             
0000b855  Gimbal_YawRelease                     
000056a5  Gimbal_YawSetWrappedTargetDeg         
0000ac7d  Gimbal_YawStopHold                    
0000593d  Gimbal_YawUpdate5ms                   
0000ae1d  HOSTexit                              
0000a663  HardFault_Handler                     
0000cbe5  HeadingControl_Enable                 
0000ce1d  HeadingControl_GetRuntime             
0000cbf9  HeadingControl_Init                   
0000cb2d  HeadingControl_LockCurrentYaw         
0000cc0d  HeadingControl_Reset                  
0000cb45  HeadingControl_SetTargetYaw           
0000825d  HeadingControl_Update                 
0000a663  I2C0_IRQHandler                       
0000a663  I2C1_IRQHandler                       
00006c75  Imu_CalibrateGyroBias                 
0000cd51  Imu_GetCorrectedGyroZDps              
0000ce25  Imu_GetRuntime                        
0000cd5d  Imu_GetYaw                            
00005125  Imu_Init                              
0000ca51  Imu_IsReady                           
0000cd69  Imu_ResetYaw                          
00008a49  Imu_Update                            
0000cccd  Key_GetEvent                          
0000c5d5  Key_Init                              
00007f7d  Key_Update_20ms                       
0000cd75  Menu_GetPage                          
0000cd81  Menu_GetParamItem                     
0000b4ed  Menu_GetParamValue                    
00004439  Menu_HandleKeyEvent                   
0000ca6d  Menu_Init                             
0000cb5d  Menu_ParamItemToString                
0000cb75  MissionLibrary_FindById               
0000cc21  MissionLibrary_GetByIndex             
0000ce93  MissionLibrary_GetCount               
0000a5b9  MissionLibrary_Validate               
0000c605  MissionManager_Cancel                 
0000ce2d  MissionManager_GetMissionCount        
0000ce35  MissionManager_GetRuntime             
0000cc35  MissionManager_GetSelectedMissionId   
0000b785  MissionManager_GetSelectedMissionIndex
0000bf5d  MissionManager_Init                   
0000c915  MissionManager_Pause                  
0000c635  MissionManager_Reset                  
0000c935  MissionManager_Resume                 
00009409  MissionManager_SelectNext             
00009971  MissionManager_SelectPrevious         
0000cd8d  MissionManager_SetExternalHold        
0000c071  MissionManager_Start                  
00009221  MissionManager_Update_20ms            
0000cb8d  MotionAction_Cancel                   
0000c955  MotionAction_GetCurrentBypassDirection
0000c975  MotionAction_GetCurrentObstaclePolicy 
0000ce3d  MotionAction_GetRuntime               
0000cba5  MotionAction_Init                     
0000c391  MotionAction_ReapplyControllerTarget  
000087cd  MotionAction_Start                    
00006e89  MotionAction_Update_20ms              
0000c3c9  Motor_Init                            
0000be75  Motor_PwmTick100us                    
0000a509  Motor_SetSpeed                        
0000c6c5  Motor_Stop                            
0000a663  NMI_Handler                           
000065c1  OLED_Clear                            
00009cd1  OLED_Init                             
0000bb61  OLED_PrintBinary7                     
00009da5  OLED_PrintChar                        
0000890d  OLED_PrintInt16                       
0000c541  OLED_PrintString                      
00009a49  OLED_PrintUInt16                      
0000c471  OLED_SetCursor                        
0000ce45  ObstacleAvoidance_GetFeedback         
0000c995  ObstacleAvoidance_Init                
0000cd99  ObstacleAvoidance_IsActive            
0000cda5  ObstacleAvoidance_IsFailed            
0000ccdd  ObstacleAvoidance_IsResumeGraceActive 
000060e9  ObstacleAvoidance_Update_20ms         
0000ce4d  ObstacleMonitor_GetFeedback           
0000ca89  ObstacleMonitor_Init                  
0000a8f5  ObstacleMonitor_Update_20ms           
0000caa5  ObstacleSafety_Init                   
0000cdb1  ObstacleSafety_IsHolding              
0000a0cd  ObstacleSafety_Update_20ms            
0000cdbd  OledUi_Init                           
00001e95  OledUi_Update_20ms                    
0000a663  PendSV_Handler                        
0000a663  RTC_IRQHandler                        
0000ce97  Reset_Handler                         
0000a663  SPI0_IRQHandler                       
0000a663  SPI1_IRQHandler                       
0000a663  SVC_Handler                           
00009e75  SYSCFG_DL_GPIO_init                   
0000c0b1  SYSCFG_DL_SYSCTL_init                 
0000b55d  SYSCFG_DL_UART_VISION_init            
0000c9b5  SYSCFG_DL_init                        
0000c4a5  SYSCFG_DL_initPower                   
0000ce55  Servo_GetFeedback                     
0000c775  Servo_Init                            
0000c1ed  Servo_SetAngleDeg                     
0000bfed  Servo_Tick100us                       
0000a855  SysTick_Handler                       
0000a663  TIMA0_IRQHandler                      
0000a663  TIMA1_IRQHandler                      
0000a663  TIMG0_IRQHandler                      
0000a663  TIMG12_IRQHandler                     
0000a663  TIMG6_IRQHandler                      
0000a663  TIMG7_IRQHandler                      
0000a663  TIMG8_IRQHandler                      
0000c6f1  TrackSensor_CountBlack                
0000b63d  TrackSensor_DetectTurn                
0000b7ed  TrackSensor_GetErrorFromRaw           
0000a853  TrackSensor_Init                      
0000cddf  TrackSensor_IsCenterDetected          
0000cde9  TrackSensor_IsLineDetected            
0000cdf3  TrackSensor_IsLineLost                
0000bd29  TrackSensor_ReadRaw                   
0000a663  UART0_IRQHandler                      
0000a663  UART1_IRQHandler                      
0000a663  UART2_IRQHandler                      
0000bbc1  UART3_IRQHandler                      
0000ce5d  Ultrasonic_GetFeedback                
0000bec5  Ultrasonic_Init                       
000077c5  Ultrasonic_Tick100us                  
0000bc1d  Ultrasonic_Update_20ms                
0000cc49  VisionPitchTuning_GetSnapshot         
[...]
0000bcd1  __aeabi_idivmod                       
0000b033  __aeabi_ldiv0                         
0000cc71  __aeabi_ldivmod                       
0000ca15  __aeabi_llsl                          
0000c8d1  __aeabi_lmul                          
0000cdc9  __aeabi_memclr                        
0000cdc9  __aeabi_memclr4                       
0000cdc9  __aeabi_memclr8                       
0000ce7d  __aeabi_memcpy                        
0000ce7d  __aeabi_memcpy4                       
0000ce7d  __aeabi_memcpy8                       
0000ce85  __aeabi_memmove                       
0000ce85  __aeabi_memmove4                      
0000ce85  __aeabi_memmove8                      
0000c7c5  __aeabi_ui2f                          
0000c131  __aeabi_uidiv                         
0000c131  __aeabi_uidivmod                      
0000cc85  __aeabi_uldivmod                      
0000ca15  __ashldi3                             
ffffffff  __binit__                             
0000c319  __cmpsf2                              
0000c171  __divmoddi4                           
0000afb1  __divsf3                              
0000c319  __eqsf2                               
0000bb01  __fixsfdi                             
0000c439  __fixsfsi                             
0000c265  __floatsisf                           
0000c7c5  __floatunsisf                         
0000c2a1  __gesf2                               
0000c2a1  __gtsf2                               
0000c319  __lesf2                               
0000c319  __ltsf2                               
UNDEFED   __mpu_init                            
0000c8d1  __muldi3                              
0000c355  __muldsi3                             
0000ad09  __mulsf3                              
0000c319  __nesf2                               
20207e00  __stack                               
20200000  __start___llvm_prf_bits               
20200000  __start___llvm_prf_cnts               
20200000  __stop___llvm_prf_bits                
20200000  __stop___llvm_prf_cnts                
00009bf9  __subsf3                              
0000a7b1  __udivmoddi4                          
0000c83d  _c_int00_noargs                       
UNDEFED   _system_post_cinit                    
0000ce9b  _system_pre_init                      
0000ce8d  abort                                 
ffffffff  binit                                 
202005f8  gUART_VISIONBackup                    
20200400  g_appConfig                           
202005c0  g_appRuntime                          
202008f7  g_carStateDebug                       
2020079c  g_headingRuntime                      
202006a4  g_imuRuntime                          
202008f8  g_keyEvent                            
202008f9  g_oledPageDebug                       
202008fa  g_paramItemDebug                      
202008fb  g_trackBlackCount                     
202008b8  g_trackError                          
202008fc  g_trackModeDebug                      
202008fd  g_trackRaw                            
202008fe  g_trackTurnDebug                      
00000000  interruptVectors                      
00009019  main                                  
0000a991  memcpy                                
0000c815  memmove                               
0000b97f  memset                                
0000ae21  strcmp                                


GLOBAL SYMBOLS: SORTED BY Symbol Address 

address   name                                  
-------   ----                                  
00000000  __TI_ATRegion0_region_sz              
00000000  __TI_ATRegion0_src_addr               
00000000  __TI_ATRegion0_trg_addr               
00000000  __TI_ATRegion1_region_sz              
00000000  __TI_ATRegion1_src_addr               
00000000  __TI_ATRegion1_trg_addr               
00000000  __TI_ATRegion2_region_sz              
00000000  __TI_ATRegion2_src_addr               
00000000  __TI_ATRegion2_trg_addr               
00000000  __TI_static_base__                    
00000000  interruptVectors                      
000000c1  VisionTuningConsole_Process           
00000200  __STACK_SIZE                          
00001e95  OledUi_Update_20ms                    
00003191  CarController_Update_20ms             
00003885  GimbalTracker_Update                  
00003d01  VisionReceiver_Process                
000040b1  GimbalVisionYawTracker_Update10ms     
00004439  Menu_HandleKeyEvent                   
00005125  Imu_Init                              
000056a5  Gimbal_YawSetWrappedTargetDeg         
0000593d  Gimbal_YawUpdate5ms                   
00005bd1  Gimbal_PitchSetTrackingSpeedDegS      
00005e61  AppConfig_LimitAll                    
000060e9  ObstacleAvoidance_Update_20ms         
000065c1  OLED_Clear                            
00006a4d  GimbalVisionPitchTracker_Update10ms   
00006c75  Imu_CalibrateGyroBias                 
00006e89  MotionAction_Update_20ms              
00007091  VisionProtocol_ParseV1TargetFrame     
00007451  Gimbal_PitchUpdate5ms                 
000077c5  Ultrasonic_Tick100us                  
00007965  GimbalStepper_Tick100us               
00007af9  GimbalVisionYawTracker_Enable         
00007c81  Gimbal_PitchTick100us                 
00007e01  GimbalStepper_MoveToEstimatedSteps    
00007f7d  Key_Update_20ms                       
000080f1  Gimbal_Init                           
0000825d  HeadingControl_Update                 
000087cd  MotionAction_Start                    
0000890d  OLED_PrintInt16                       
00008a49  Imu_Update                            
00008ca9  Gimbal_YawEnableWorldLock             
00009019  main                                  
00009125  Gimbal_PitchRelease                   
00009221  MissionManager_Update_20ms            
00009319  Gimbal_PitchStopHold                  
00009409  MissionManager_SelectNext             
000097b9  Gimbal_PitchConfirmZero               
00009971  MissionManager_SelectPrevious         
00009a49  OLED_PrintUInt16                      
00009bf9  __aeabi_fsub                          
00009bf9  __subsf3                              
00009c03  __addsf3                              
00009c03  __aeabi_fadd                          
00009cd1  OLED_Init                             
00009da5  OLED_PrintChar                        
00009e75  SYSCFG_DL_GPIO_init                   
00009f41  Gimbal_YawConfirmZero                 
0000a009  App_Update_20ms                       
0000a0cd  ObstacleSafety_Update_20ms            
0000a189  AppConfig_InitDefault                 
0000a241  GimbalStepper_StopHold                
0000a2f5  GimbalVisionAdapter_Update            
0000a3a9  GimbalStepper_Init                    
0000a459  Gimbal_PitchMoveRelativeDeg           
0000a509  Motor_SetSpeed                        
0000a5b9  MissionLibrary_Validate               
0000a663  ADC0_IRQHandler                       
0000a663  ADC1_IRQHandler                       
0000a663  AES_IRQHandler                        
0000a663  CANFD0_IRQHandler                     
0000a663  DAC0_IRQHandler                       
0000a663  DMA_IRQHandler                        
0000a663  Default_Handler                       
0000a663  GROUP0_IRQHandler                     
0000a663  HardFault_Handler                     
0000a663  I2C0_IRQHandler                       
0000a663  I2C1_IRQHandler                       
0000a663  NMI_Handler                           
0000a663  PendSV_Handler                        
0000a663  RTC_IRQHandler                        
0000a663  SPI0_IRQHandler                       
0000a663  SPI1_IRQHandler                       
0000a663  SVC_Handler                           
0000a663  TIMA0_IRQHandler                      
0000a663  TIMA1_IRQHandler                      
0000a663  TIMG0_IRQHandler                      
0000a663  TIMG12_IRQHandler                     
0000a663  TIMG6_IRQHandler                      
0000a663  TIMG7_IRQHandler                      
0000a663  TIMG8_IRQHandler                      
0000a663  UART0_IRQHandler                      
0000a663  UART1_IRQHandler                      
0000a663  UART2_IRQHandler                      
0000a665  GimbalVisionPitchTracker_Enable       
0000a7b1  __udivmoddi4                          
0000a853  TrackSensor_Init                      
0000a855  SysTick_Handler                       
0000a8f5  ObstacleMonitor_Update_20ms           
0000a991  memcpy                                
0000aa2b  __aeabi_idiv0                         
0000aa2d  CarController_StartSeekLine           
0000ab5d  CarController_StartDriveHeading       
0000abf1  Gimbal_YawDisableWorldLock            
0000ac7d  Gimbal_YawStopHold                    
0000ad09  __aeabi_fmul                          
0000ad09  __mulsf3                              
0000ad95  CarController_StartTurnToYawRelative  
0000ae1c  C$$EXIT                               
0000ae1d  HOSTexit                              
0000ae21  strcmp                                
0000aea9  GimbalStepper_ConfirmZero             
0000af2d  GimbalTracker_PushObservation         
0000afb1  __aeabi_fdiv                          
0000afb1  __divsf3                              
0000b033  __aeabi_ldiv0                         
0000b035  GimbalTracker_Init                    
0000b0b5  CarController_Init                    
0000b131  CarController_ResetRuntime            
0000b1ad  CarController_StartFollowLine         
0000b229  VisionPitchTuning_Set                 
0000b2a5  __TI_decompress_lzss                  
0000b399  CarController_StartTurnRight90        
0000b40d  CarController_StartTurnLeft90         
0000b47d  GimbalStepper_Release                 
0000b4ed  Menu_GetParamValue                    
0000b55d  SYSCFG_DL_UART_VISION_init            
0000b5cd  VisionYawTuning_Set                   
0000b63d  TrackSensor_DetectTurn                
0000b6ad  Encoder_HandleGpioInterrupt           
0000b719  GimbalVisionYawTracker_Init           
0000b785  MissionManager_GetSelectedMissionIndex
0000b7ed  TrackSensor_GetErrorFromRaw           
0000b855  Gimbal_YawRelease                     
0000b8b9  App_Init                              
0000b91d  __aeabi_fcmpeq                        
0000b931  __aeabi_fcmplt                        
0000b945  __aeabi_fcmple                        
0000b959  __aeabi_fcmpge                        
0000b96d  __aeabi_fcmpgt                        
0000b97f  memset                                
0000b9e1  GimbalTracker_Enable                  
0000ba41  GimbalTracker_GetFeedback             
0000baa1  VisionTuningConsole_Init              
0000bb01  __aeabi_f2lz                          
0000bb01  __fixsfdi                             
0000bb61  OLED_PrintBinary7                     
0000bbc1  UART3_IRQHandler                      
0000bc1d  Ultrasonic_Update_20ms                
0000bc79  Gimbal_YawMoveRelativeDeg             
0000bcd1  __aeabi_idiv                          
0000bcd1  __aeabi_idivmod                       
0000bd29  TrackSensor_ReadRaw                   
0000be25  CarController_SetSafetyHold           
0000be75  Motor_PwmTick100us                    
0000bec5  Ultrasonic_Init                       
0000bf15  DL_UART_init                          
0000bf5d  MissionManager_Init                   
0000bfed  Servo_Tick100us                       
0000c031  GimbalVisionPitchTracker_Init         
0000c071  MissionManager_Start                  
0000c0b1  SYSCFG_DL_SYSCTL_init                 
0000c0f1  VisionReceiver_PushByteFromIsr        
0000c131  __aeabi_uidiv                         
0000c131  __aeabi_uidivmod                      
0000c171  __divmoddi4                           
0000c1b1  GimbalTracker_ClearObservation        
0000c1ed  Servo_SetAngleDeg                     
0000c229  VisionTuningConsole_PushByteFromIsr   
0000c265  __aeabi_i2f                           
0000c265  __floatsisf                           
0000c2a1  __gesf2                               
0000c2a1  __gtsf2                               
0000c2dd  __TI_auto_init_nobinit_nopinit        
0000c319  __cmpsf2                              
0000c319  __eqsf2                               
0000c319  __lesf2                               
0000c319  __ltsf2                               
0000c319  __nesf2                               
0000c355  __muldsi3                             
0000c391  MotionAction_ReapplyControllerTarget  
0000c3c9  Motor_Init                            
0000c401  VisionReceiver_Init                   
0000c439  __aeabi_f2iz                          
0000c439  __fixsfsi                             
0000c471  OLED_SetCursor                        
0000c4a5  SYSCFG_DL_initPower                   
0000c4d9  VisionTuningConsole_TryPopTxByte      
0000c50d  VisionUart_Process                    
0000c541  OLED_PrintString                      
0000c575  GimbalVisionYawTracker_GetFeedback    
0000c5a5  Gimbal_PitchGetFeedback               
0000c5d5  Key_Init                              
0000c605  MissionManager_Cancel                 
0000c635  MissionManager_Reset                  
0000c665  VisionPitchTuning_RestoreDefault      
0000c6c5  Motor_Stop                            
0000c6f1  TrackSensor_CountBlack                
0000c71d  VisionYawTuning_RestoreDefault        
0000c775  Servo_Init                            
0000c79d  VisionPitchTuning_Init                
0000c7c5  __aeabi_ui2f                          
0000c7c5  __floatunsisf                         
0000c815  memmove                               
0000c83d  _c_int00_noargs                       
0000c865  Encoder_Reset                         
0000c889  GimbalVisionPitchTracker_GetFeedback  
0000c8ad  VisionYawTuning_Init                  
0000c8d1  __aeabi_lmul                          
0000c8d1  __muldi3                              
0000c8f5  CarController_Stop                    
0000c915  MissionManager_Pause                  
0000c935  MissionManager_Resume                 
0000c955  MotionAction_GetCurrentBypassDirection
0000c975  MotionAction_GetCurrentObstaclePolicy 
0000c995  ObstacleAvoidance_Init                
0000c9b5  SYSCFG_DL_init                        
0000c9d5  VisionReceiver_GetProtocolErrorCount  
0000ca15  __aeabi_llsl                          
0000ca15  __ashldi3                             
0000ca35  GimbalVisionAdapter_Init              
0000ca51  Imu_IsReady                           
0000ca6d  Menu_Init                             
0000ca89  ObstacleMonitor_Init                  
0000caa5  ObstacleSafety_Init                   
0000cac1  VisionPitchTuning_ParamName           
0000cadd  VisionYawTuning_GetSnapshot           
0000caf9  VisionYawTuning_ParamName             
0000cb15  CarController_RunModeToString         
0000cb2d  HeadingControl_LockCurrentYaw         
0000cb45  HeadingControl_SetTargetYaw           
0000cb5d  Menu_ParamItemToString                
0000cb75  MissionLibrary_FindById               
0000cb8d  MotionAction_Cancel                   
0000cba5  MotionAction_Init                     
0000cbbd  GROUP1_IRQHandler                     
0000cbd1  GimbalStepper_SetStepHalfPeriodTicks  
0000cbe5  HeadingControl_Enable                 
0000cbf9  HeadingControl_Init                   
0000cc0d  HeadingControl_Reset                  
0000cc21  MissionLibrary_GetByIndex             
0000cc35  MissionManager_GetSelectedMissionId   
0000cc49  VisionPitchTuning_GetSnapshot         
0000cc5d  VisionUart_Init                       
0000cc71  __aeabi_ldivmod                       
0000cc85  __aeabi_uldivmod                      
0000cc99  DL_UART_setClockConfig                
0000ccab  __TI_decompress_none                  
0000ccbd  Gimbal_YawGetFeedback                 
0000cccd  Key_GetEvent                          
0000ccdd  ObstacleAvoidance_IsResumeGraceActive 
0000cced  __TI_zero_init                        
0000ccfd  CarController_GetRunMode              
0000cd09  CarState_Get                          
0000cd15  CarState_Init                         
0000cd21  CarState_Set                          
0000cd2d  GimbalVisionAdapter_GetObservation    
0000cd39  Gimbal_Tick100us                      
0000cd45  Gimbal_Update5ms                      
0000cd51  Imu_GetCorrectedGyroZDps              
0000cd5d  Imu_GetYaw                            
0000cd69  Imu_ResetYaw                          
0000cd75  Menu_GetPage                          
0000cd81  Menu_GetParamItem                     
0000cd8d  MissionManager_SetExternalHold        
0000cd99  ObstacleAvoidance_IsActive            
0000cda5  ObstacleAvoidance_IsFailed            
0000cdb1  ObstacleSafety_IsHolding              
0000cdbd  OledUi_Init                           
0000cdc9  __aeabi_memclr                        
0000cdc9  __aeabi_memclr4                       
0000cdc9  __aeabi_memclr8                       
0000cdd5  DL_Common_delayCycles                 
0000cddf  TrackSensor_IsCenterDetected          
0000cde9  TrackSensor_IsLineDetected            
0000cdf3  TrackSensor_IsLineLost                
0000cdfd  CarController_GetFeedback             
0000ce05  GimbalStepper_GetFeedback             
0000ce0d  GimbalVisionAdapter_GetFeedback       
0000ce15  Gimbal_PitchStopTrackingHold          
0000ce1d  HeadingControl_GetRuntime             
0000ce25  Imu_GetRuntime                        
0000ce2d  MissionManager_GetMissionCount        
0000ce35  MissionManager_GetRuntime             
0000ce3d  MotionAction_GetRuntime               
0000ce45  ObstacleAvoidance_GetFeedback         
0000ce4d  ObstacleMonitor_GetFeedback           
0000ce55  Servo_GetFeedback                     
0000ce5d  Ultrasonic_GetFeedback                
0000ce65  VisionPitchTuning_GetStatus           
0000ce6d  VisionReceiver_GetObservation         
0000ce75  VisionReceiver_GetStatus              
0000ce7d  __aeabi_memcpy                        
0000ce7d  __aeabi_memcpy4                       
0000ce7d  __aeabi_memcpy8                       
0000ce85  __aeabi_memmove                       
0000ce85  __aeabi_memmove4                      
0000ce85  __aeabi_memmove8                      
0000ce8d  abort                                 
0000ce93  MissionLibrary_GetCount               
0000ce97  Reset_Handler                         
0000ce9b  _system_pre_init                      
0000d6f8  __TI_Handler_Table_Base               
0000d704  __TI_Handler_Table_Limit              
0000d714  __TI_CINIT_Base                       
0000d724  __TI_CINIT_Limit                      
0000d724  __TI_CINIT_Warm                       
20200000  __start___llvm_prf_bits               
20200000  __start___llvm_prf_cnts               
20200000  __stop___llvm_prf_bits                
20200000  __stop___llvm_prf_cnts                
20200400  g_appConfig                           
202005c0  g_appRuntime                          
202005f8  gUART_VISIONBackup                    
202006a4  g_imuRuntime                          
2020079c  g_headingRuntime                      
202008b8  g_trackError                          
202008f7  g_carStateDebug                       
202008f8  g_keyEvent                            
202008f9  g_oledPageDebug                       
202008fa  g_paramItemDebug                      
202008fb  g_trackBlackCount                     
202008fc  g_trackModeDebug                      
202008fd  g_trackRaw                            
202008fe  g_trackTurnDebug                      
20207e00  __stack                               
20208000  __STACK_END                           
ffffffff  __TI_pprof_out_hndl                   
ffffffff  __TI_prof_data_size                   
ffffffff  __TI_prof_data_start                  
ffffffff  __binit__                             
ffffffff  binit                                 
UNDEFED   __mpu_init                            
UNDEFED   _system_post_cinit                    

[335 symbols]
