<?xml version="1.0" encoding="ISO-8859-1" ?>
<link_info>
   <banner>TI ARM Clang Linker PC v4.0.4.LTS</banner>
   <copyright>Copyright (c) 1996-2018 Texas Instruments Incorporated</copyright>
   <command_line>D:\TI\CCS\ccs\tools\compiler\ti-cgt-armllvm_4.0.4.LTS\bin\tiarmlnk -ID:\TI\CCS\ccs\tools\compiler\ti-cgt-armllvm_4.0.4.LTS\lib -o diansaikaishi.out -mdiansaikaishi.map -iC:/TI/mspm0_sdk_2_05_01_00/source -iD:/selfthings/github_project/work_ti/79/diansaikaishi -iD:/selfthings/github_project/work_ti/79/diansaikaishi/Debug/syscfg -iD:/TI/CCS/ccs/tools/compiler/ti-cgt-armllvm_4.0.4.LTS/lib --diag_wrap=off --display_error_number --warn_sections --xml_link_info=diansaikaishi_linkInfo.xml --rom_model ./app.o ./app_config.o ./car_controller.o ./car_state.o ./empty.o ./ti_msp_dl_config.o ./startup_mspm0g350x_ticlang.o ./encoder.o ./gimbal.o ./gimbal_stepper.o ./gimbal_tracker.o ./heading_control.o ./imu.o ./key.o ./menu.o ./mission_library.o ./mission_manager.o ./motion_action.o ./motor.o ./obstacle_avoidance.o ./obstacle_monitor.o ./obstacle_safety.o ./obstacle_scanner.o ./oled.o ./oled_ui.o ./pid.o ./servo.o ./track_sensor.o ./ultrasonic.o -l./device_linker.cmd -ldevice.cmd.genlibs -llibc.a --start-group -llibc++.a -llibc++abi.a -llibc.a -llibsys.a -llibsysbm.a -llibclang_rt.builtins.a -llibclang_rt.profile.a --end-group --cg_opt_level=2</command_line>
   <link_time>0x6a5b50b8</link_time>
   <link_errors>0x0</link_errors>
   <output_file>D:\selfthings\github_project\work_ti\79\diansaikaishi\Debug\diansaikaishi.out</output_file>
   <entry_point>
      <name>_c_int00_noargs</name>
      <address>0x74bd</address>
   </entry_point>
   <input_file_list>
      <input_file id="fl-1">
         <path>D:\selfthings\github_project\work_ti\79\diansaikaishi\Debug\.\</path>
         <kind>object</kind>
         <file>app.o</file>
         <name>app.o</name>
      </input_file>
      <input_file id="fl-2">
         <path>D:\selfthings\github_project\work_ti\79\diansaikaishi\Debug\.\</path>
         <kind>object</kind>
         <file>app_config.o</file>
         <name>app_config.o</name>
      </input_file>
      <input_file id="fl-3">
         <path>D:\selfthings\github_project\work_ti\79\diansaikaishi\Debug\.\</path>
         <kind>object</kind>
         <file>car_controller.o</file>
         <name>car_controller.o</name>
      </input_file>
      <input_file id="fl-4">
         <path>D:\selfthings\github_project\work_ti\79\diansaikaishi\Debug\.\</path>
         <kind>object</kind>
         <file>car_state.o</file>
         <name>car_state.o</name>
      </input_file>
      <input_file id="fl-5">
         <path>D:\selfthings\github_project\work_ti\79\diansaikaishi\Debug\.\</path>
         <kind>object</kind>
         <file>empty.o</file>
         <name>empty.o</name>
      </input_file>
      <input_file id="fl-6">
         <path>D:\selfthings\github_project\work_ti\79\diansaikaishi\Debug\.\</path>
         <kind>object</kind>
         <file>ti_msp_dl_config.o</file>
         <name>ti_msp_dl_config.o</name>
      </input_file>
      <input_file id="fl-7">
         <path>D:\selfthings\github_project\work_ti\79\diansaikaishi\Debug\.\</path>
         <kind>object</kind>
         <file>startup_mspm0g350x_ticlang.o</file>
         <name>startup_mspm0g350x_ticlang.o</name>
      </input_file>
      <input_file id="fl-8">
         <path>D:\selfthings\github_project\work_ti\79\diansaikaishi\Debug\.\</path>
         <kind>object</kind>
         <file>encoder.o</file>
         <name>encoder.o</name>
      </input_file>
      <input_file id="fl-9">
         <path>D:\selfthings\github_project\work_ti\79\diansaikaishi\Debug\.\</path>
         <kind>object</kind>
         <file>gimbal.o</file>
         <name>gimbal.o</name>
      </input_file>
      <input_file id="fl-a">
         <path>D:\selfthings\github_project\work_ti\79\diansaikaishi\Debug\.\</path>
         <kind>object</kind>
         <file>gimbal_stepper.o</file>
         <name>gimbal_stepper.o</name>
      </input_file>
      <input_file id="fl-b">
         <path>D:\selfthings\github_project\work_ti\79\diansaikaishi\Debug\.\</path>
         <kind>object</kind>
         <file>gimbal_tracker.o</file>
         <name>gimbal_tracker.o</name>
      </input_file>
      <input_file id="fl-c">
         <path>D:\selfthings\github_project\work_ti\79\diansaikaishi\Debug\.\</path>
         <kind>object</kind>
         <file>heading_control.o</file>
         <name>heading_control.o</name>
      </input_file>
      <input_file id="fl-d">
         <path>D:\selfthings\github_project\work_ti\79\diansaikaishi\Debug\.\</path>
         <kind>object</kind>
         <file>imu.o</file>
         <name>imu.o</name>
      </input_file>
      <input_file id="fl-e">
         <path>D:\selfthings\github_project\work_ti\79\diansaikaishi\Debug\.\</path>
         <kind>object</kind>
         <file>key.o</file>
         <name>key.o</name>
      </input_file>
      <input_file id="fl-f">
         <path>D:\selfthings\github_project\work_ti\79\diansaikaishi\Debug\.\</path>
         <kind>object</kind>
         <file>menu.o</file>
         <name>menu.o</name>
      </input_file>
      <input_file id="fl-10">
         <path>D:\selfthings\github_project\work_ti\79\diansaikaishi\Debug\.\</path>
         <kind>object</kind>
         <file>mission_library.o</file>
         <name>mission_library.o</name>
      </input_file>
      <input_file id="fl-11">
         <path>D:\selfthings\github_project\work_ti\79\diansaikaishi\Debug\.\</path>
         <kind>object</kind>
         <file>mission_manager.o</file>
         <name>mission_manager.o</name>
      </input_file>
      <input_file id="fl-12">
         <path>D:\selfthings\github_project\work_ti\79\diansaikaishi\Debug\.\</path>
         <kind>object</kind>
         <file>motion_action.o</file>
         <name>motion_action.o</name>
      </input_file>
      <input_file id="fl-13">
         <path>D:\selfthings\github_project\work_ti\79\diansaikaishi\Debug\.\</path>
         <kind>object</kind>
         <file>motor.o</file>
         <name>motor.o</name>
      </input_file>
      <input_file id="fl-14">
         <path>D:\selfthings\github_project\work_ti\79\diansaikaishi\Debug\.\</path>
         <kind>object</kind>
         <file>obstacle_avoidance.o</file>
         <name>obstacle_avoidance.o</name>
      </input_file>
      <input_file id="fl-15">
         <path>D:\selfthings\github_project\work_ti\79\diansaikaishi\Debug\.\</path>
         <kind>object</kind>
         <file>obstacle_monitor.o</file>
         <name>obstacle_monitor.o</name>
      </input_file>
      <input_file id="fl-16">
         <path>D:\selfthings\github_project\work_ti\79\diansaikaishi\Debug\.\</path>
         <kind>object</kind>
         <file>obstacle_safety.o</file>
         <name>obstacle_safety.o</name>
      </input_file>
      <input_file id="fl-17">
         <path>D:\selfthings\github_project\work_ti\79\diansaikaishi\Debug\.\</path>
         <kind>object</kind>
         <file>obstacle_scanner.o</file>
         <name>obstacle_scanner.o</name>
      </input_file>
      <input_file id="fl-18">
         <path>D:\selfthings\github_project\work_ti\79\diansaikaishi\Debug\.\</path>
         <kind>object</kind>
         <file>oled.o</file>
         <name>oled.o</name>
      </input_file>
      <input_file id="fl-19">
         <path>D:\selfthings\github_project\work_ti\79\diansaikaishi\Debug\.\</path>
         <kind>object</kind>
         <file>oled_ui.o</file>
         <name>oled_ui.o</name>
      </input_file>
      <input_file id="fl-1a">
         <path>D:\selfthings\github_project\work_ti\79\diansaikaishi\Debug\.\</path>
         <kind>object</kind>
         <file>pid.o</file>
         <name>pid.o</name>
      </input_file>
      <input_file id="fl-1b">
         <path>D:\selfthings\github_project\work_ti\79\diansaikaishi\Debug\.\</path>
         <kind>object</kind>
         <file>servo.o</file>
         <name>servo.o</name>
      </input_file>
      <input_file id="fl-1c">
         <path>D:\selfthings\github_project\work_ti\79\diansaikaishi\Debug\.\</path>
         <kind>object</kind>
         <file>track_sensor.o</file>
         <name>track_sensor.o</name>
      </input_file>
      <input_file id="fl-1d">
         <path>D:\selfthings\github_project\work_ti\79\diansaikaishi\Debug\.\</path>
         <kind>object</kind>
         <file>ultrasonic.o</file>
         <name>ultrasonic.o</name>
      </input_file>
      <input_file id="fl-2a">
         <path>D:\selfthings\github_project\work_ti\79\diansaikaishi\Debug\</path>
         <kind>object</kind>
         <file>&lt;internal&gt;</file>
         <name>&lt;internal&gt;</name>
      </input_file>
      <input_file id="fl-2b">
         <path>C:\TI\mspm0_sdk_2_05_01_00\source\ti\driverlib\lib\ticlang\m0p\mspm0g1x0x_g3x0x\</path>
         <kind>archive</kind>
         <file>driverlib.a</file>
         <name>dl_common.o</name>
      </input_file>
      <input_file id="fl-42">
         <path>D:\TI\CCS\ccs\tools\compiler\ti-cgt-armllvm_4.0.4.LTS\lib\armv6m-ti-none-eabi\c\</path>
         <kind>archive</kind>
         <file>libc.a</file>
         <name>boot_cortex_m.c.obj</name>
      </input_file>
      <input_file id="fl-43">
         <path>D:\TI\CCS\ccs\tools\compiler\ti-cgt-armllvm_4.0.4.LTS\lib\armv6m-ti-none-eabi\c\</path>
         <kind>archive</kind>
         <file>libc.a</file>
         <name>mathacl_init.c.obj</name>
      </input_file>
      <input_file id="fl-44">
         <path>D:\TI\CCS\ccs\tools\compiler\ti-cgt-armllvm_4.0.4.LTS\lib\armv6m-ti-none-eabi\c\</path>
         <kind>archive</kind>
         <file>libc.a</file>
         <name>autoinit.c.obj</name>
      </input_file>
      <input_file id="fl-45">
         <path>D:\TI\CCS\ccs\tools\compiler\ti-cgt-armllvm_4.0.4.LTS\lib\armv6m-ti-none-eabi\c\</path>
         <kind>archive</kind>
         <file>libc.a</file>
         <name>pre_init.c.obj</name>
      </input_file>
      <input_file id="fl-46">
         <path>D:\TI\CCS\ccs\tools\compiler\ti-cgt-armllvm_4.0.4.LTS\lib\armv6m-ti-none-eabi\c\</path>
         <kind>archive</kind>
         <file>libc.a</file>
         <name>cpy_tbl.c.obj</name>
      </input_file>
      <input_file id="fl-47">
         <path>D:\TI\CCS\ccs\tools\compiler\ti-cgt-armllvm_4.0.4.LTS\lib\armv6m-ti-none-eabi\c\</path>
         <kind>archive</kind>
         <file>libc.a</file>
         <name>copy_zero_init.c.obj</name>
      </input_file>
      <input_file id="fl-48">
         <path>D:\TI\CCS\ccs\tools\compiler\ti-cgt-armllvm_4.0.4.LTS\lib\armv6m-ti-none-eabi\c\</path>
         <kind>archive</kind>
         <file>libc.a</file>
         <name>copy_decompress_none.c.obj</name>
      </input_file>
      <input_file id="fl-49">
         <path>D:\TI\CCS\ccs\tools\compiler\ti-cgt-armllvm_4.0.4.LTS\lib\armv6m-ti-none-eabi\c\</path>
         <kind>archive</kind>
         <file>libc.a</file>
         <name>copy_decompress_lzss.c.obj</name>
      </input_file>
      <input_file id="fl-4a">
         <path>D:\TI\CCS\ccs\tools\compiler\ti-cgt-armllvm_4.0.4.LTS\lib\armv6m-ti-none-eabi\c\</path>
         <kind>archive</kind>
         <file>libc.a</file>
         <name>exit.c.obj</name>
      </input_file>
      <input_file id="fl-4b">
         <path>D:\TI\CCS\ccs\tools\compiler\ti-cgt-armllvm_4.0.4.LTS\lib\armv6m-ti-none-eabi\c\</path>
         <kind>archive</kind>
         <file>libc.a</file>
         <name>_lock.c.obj</name>
      </input_file>
      <input_file id="fl-4c">
         <path>D:\TI\CCS\ccs\tools\compiler\ti-cgt-armllvm_4.0.4.LTS\lib\armv6m-ti-none-eabi\c\</path>
         <kind>archive</kind>
         <file>libc.a</file>
         <name>args_main.c.obj</name>
      </input_file>
      <input_file id="fl-ec">
         <path>D:\TI\CCS\ccs\tools\compiler\ti-cgt-armllvm_4.0.4.LTS\lib\armv6m-ti-none-eabi\c\</path>
         <kind>archive</kind>
         <file>libsysbm.a</file>
         <name>hostexit.c.obj</name>
      </input_file>
      <input_file id="fl-ed">
         <path>D:\TI\CCS\ccs\tools\compiler\ti-cgt-armllvm_4.0.4.LTS\lib\armv6m-ti-none-eabi\</path>
         <kind>archive</kind>
         <file>libclang_rt.builtins.a</file>
         <name>addsf3.S.obj</name>
      </input_file>
      <input_file id="fl-ee">
         <path>D:\TI\CCS\ccs\tools\compiler\ti-cgt-armllvm_4.0.4.LTS\lib\armv6m-ti-none-eabi\</path>
         <kind>archive</kind>
         <file>libclang_rt.builtins.a</file>
         <name>mulsf3.S.obj</name>
      </input_file>
      <input_file id="fl-ef">
         <path>D:\TI\CCS\ccs\tools\compiler\ti-cgt-armllvm_4.0.4.LTS\lib\armv6m-ti-none-eabi\</path>
         <kind>archive</kind>
         <file>libclang_rt.builtins.a</file>
         <name>divsf3.S.obj</name>
      </input_file>
      <input_file id="fl-f0">
         <path>D:\TI\CCS\ccs\tools\compiler\ti-cgt-armllvm_4.0.4.LTS\lib\armv6m-ti-none-eabi\</path>
         <kind>archive</kind>
         <file>libclang_rt.builtins.a</file>
         <name>fixsfdi.S.obj</name>
      </input_file>
      <input_file id="fl-f1">
         <path>D:\TI\CCS\ccs\tools\compiler\ti-cgt-armllvm_4.0.4.LTS\lib\armv6m-ti-none-eabi\</path>
         <kind>archive</kind>
         <file>libclang_rt.builtins.a</file>
         <name>fixsfsi.S.obj</name>
      </input_file>
      <input_file id="fl-f2">
         <path>D:\TI\CCS\ccs\tools\compiler\ti-cgt-armllvm_4.0.4.LTS\lib\armv6m-ti-none-eabi\</path>
         <kind>archive</kind>
         <file>libclang_rt.builtins.a</file>
         <name>floatsisf.S.obj</name>
      </input_file>
      <input_file id="fl-f3">
         <path>D:\TI\CCS\ccs\tools\compiler\ti-cgt-armllvm_4.0.4.LTS\lib\armv6m-ti-none-eabi\</path>
         <kind>archive</kind>
         <file>libclang_rt.builtins.a</file>
         <name>muldi3.S.obj</name>
      </input_file>
      <input_file id="fl-f4">
         <path>D:\TI\CCS\ccs\tools\compiler\ti-cgt-armllvm_4.0.4.LTS\lib\armv6m-ti-none-eabi\</path>
         <kind>archive</kind>
         <file>libclang_rt.builtins.a</file>
         <name>aeabi_fcmp.S.obj</name>
      </input_file>
      <input_file id="fl-f5">
         <path>D:\TI\CCS\ccs\tools\compiler\ti-cgt-armllvm_4.0.4.LTS\lib\armv6m-ti-none-eabi\</path>
         <kind>archive</kind>
         <file>libclang_rt.builtins.a</file>
         <name>aeabi_idivmod.S.obj</name>
      </input_file>
      <input_file id="fl-f6">
         <path>D:\TI\CCS\ccs\tools\compiler\ti-cgt-armllvm_4.0.4.LTS\lib\armv6m-ti-none-eabi\</path>
         <kind>archive</kind>
         <file>libclang_rt.builtins.a</file>
         <name>aeabi_ldivmod.S.obj</name>
      </input_file>
      <input_file id="fl-f7">
         <path>D:\TI\CCS\ccs\tools\compiler\ti-cgt-armllvm_4.0.4.LTS\lib\armv6m-ti-none-eabi\</path>
         <kind>archive</kind>
         <file>libclang_rt.builtins.a</file>
         <name>aeabi_memcpy.S.obj</name>
      </input_file>
      <input_file id="fl-f8">
         <path>D:\TI\CCS\ccs\tools\compiler\ti-cgt-armllvm_4.0.4.LTS\lib\armv6m-ti-none-eabi\</path>
         <kind>archive</kind>
         <file>libclang_rt.builtins.a</file>
         <name>aeabi_memset.S.obj</name>
      </input_file>
      <input_file id="fl-f9">
         <path>D:\TI\CCS\ccs\tools\compiler\ti-cgt-armllvm_4.0.4.LTS\lib\armv6m-ti-none-eabi\</path>
         <kind>archive</kind>
         <file>libclang_rt.builtins.a</file>
         <name>aeabi_uidivmod.S.obj</name>
      </input_file>
      <input_file id="fl-fa">
         <path>D:\TI\CCS\ccs\tools\compiler\ti-cgt-armllvm_4.0.4.LTS\lib\armv6m-ti-none-eabi\</path>
         <kind>archive</kind>
         <file>libclang_rt.builtins.a</file>
         <name>aeabi_uldivmod.S.obj</name>
      </input_file>
      <input_file id="fl-fb">
         <path>D:\TI\CCS\ccs\tools\compiler\ti-cgt-armllvm_4.0.4.LTS\lib\armv6m-ti-none-eabi\</path>
         <kind>archive</kind>
         <file>libclang_rt.builtins.a</file>
         <name>comparesf2.S.obj</name>
      </input_file>
      <input_file id="fl-fc">
         <path>D:\TI\CCS\ccs\tools\compiler\ti-cgt-armllvm_4.0.4.LTS\lib\armv6m-ti-none-eabi\</path>
         <kind>archive</kind>
         <file>libclang_rt.builtins.a</file>
         <name>udivmoddi4.S.obj</name>
      </input_file>
      <input_file id="fl-fd">
         <path>D:\TI\CCS\ccs\tools\compiler\ti-cgt-armllvm_4.0.4.LTS\lib\armv6m-ti-none-eabi\</path>
         <kind>archive</kind>
         <file>libclang_rt.builtins.a</file>
         <name>muldsi3.S.obj</name>
      </input_file>
      <input_file id="fl-fe">
         <path>D:\TI\CCS\ccs\tools\compiler\ti-cgt-armllvm_4.0.4.LTS\lib\armv6m-ti-none-eabi\</path>
         <kind>archive</kind>
         <file>libclang_rt.builtins.a</file>
         <name>ashldi3.S.obj</name>
      </input_file>
      <input_file id="fl-ff">
         <path>D:\TI\CCS\ccs\tools\compiler\ti-cgt-armllvm_4.0.4.LTS\lib\armv6m-ti-none-eabi\</path>
         <kind>archive</kind>
         <file>libclang_rt.builtins.a</file>
         <name>divmoddi4.c.obj</name>
      </input_file>
      <input_file id="fl-100">
         <path>D:\TI\CCS\ccs\tools\compiler\ti-cgt-armllvm_4.0.4.LTS\lib\armv6m-ti-none-eabi\</path>
         <kind>archive</kind>
         <file>libclang_rt.builtins.a</file>
         <name>aeabi_div0.c.obj</name>
      </input_file>
      <input_file id="fl-101">
         <path>D:\TI\CCS\ccs\tools\compiler\ti-cgt-armllvm_4.0.4.LTS\lib\armv6m-ti-none-eabi\c\</path>
         <kind>archive</kind>
         <file>libc.a</file>
         <name>memcpy16.S.obj</name>
      </input_file>
      <input_file id="fl-102">
         <path>D:\TI\CCS\ccs\tools\compiler\ti-cgt-armllvm_4.0.4.LTS\lib\armv6m-ti-none-eabi\c\</path>
         <kind>archive</kind>
         <file>libc.a</file>
         <name>memset16.S.obj</name>
      </input_file>
   </input_file_list>
   <object_component_list>
      <object_component id="oc-18">
         <name>.intvecs</name>
         <load_address>0x0</load_address>
         <readonly>true</readonly>
         <run_address>0x0</run_address>
         <size>0xc0</size>
         <alignment>0x4</alignment>
         <input_file_ref idref="fl-7"/>
      </object_component>
      <object_component id="oc-1b2">
         <name>.text.OledUi_Update_20ms</name>
         <load_address>0xc0</load_address>
         <readonly>true</readonly>
         <executable>true</executable>
         <run_address>0xc0</run_address>
         <size>0x830</size>
         <alignment>0x4</alignment>
         <input_file_ref idref="fl-19"/>
      </object_component>
      <object_component id="oc-1aa">
         <name>.text.CarController_Update_20ms</name>
         <load_address>0x8f0</load_address>
         <readonly>true</readonly>
         <executable>true</executable>
         <run_address>0x8f0</run_address>
         <size>0x6f4</size>
         <alignment>0x4</alignment>
         <input_file_ref idref="fl-3"/>
      </object_component>
      <object_component id="oc-d3">
         <name>.text.GimbalTracker_Update</name>
         <load_address>0xfe4</load_address>
         <readonly>true</readonly>
         <executable>true</executable>
         <run_address>0xfe4</run_address>
         <size>0x3b8</size>
         <alignment>0x4</alignment>
         <input_file_ref idref="fl-b"/>
      </object_component>
      <object_component id="oc-1ec">
         <name>.text.gimbal_update_feedback</name>
         <load_address>0x139c</load_address>
         <readonly>true</readonly>
         <executable>true</executable>
         <run_address>0x139c</run_address>
         <size>0x324</size>
         <alignment>0x4</alignment>
         <input_file_ref idref="fl-9"/>
      </object_component>
      <object_component id="oc-1a2">
         <name>.text.Menu_HandleKeyEvent</name>
         <load_address>0x16c0</load_address>
         <readonly>true</readonly>
         <executable>true</executable>
         <run_address>0x16c0</run_address>
         <size>0x2f0</size>
         <alignment>0x4</alignment>
         <input_file_ref idref="fl-f"/>
      </object_component>
      <object_component id="oc-1fb">
         <name>.text.mpu6050_read_regs</name>
         <load_address>0x19b0</load_address>
         <readonly>true</readonly>
         <executable>true</executable>
         <run_address>0x19b0</run_address>
         <size>0x2f0</size>
         <alignment>0x4</alignment>
         <input_file_ref idref="fl-d"/>
      </object_component>
      <object_component id="oc-12b">
         <name>.text.Imu_Init</name>
         <load_address>0x1ca0</load_address>
         <readonly>true</readonly>
         <executable>true</executable>
         <run_address>0x1ca0</run_address>
         <size>0x2d8</size>
         <alignment>0x4</alignment>
         <input_file_ref idref="fl-d"/>
      </object_component>
      <object_component id="oc-175">
         <name>.text.update_feedback</name>
         <load_address>0x1f78</load_address>
         <readonly>true</readonly>
         <executable>true</executable>
         <run_address>0x1f78</run_address>
         <size>0x2a8</size>
         <alignment>0x4</alignment>
         <input_file_ref idref="fl-b"/>
      </object_component>
      <object_component id="oc-276">
         <name>.text.AppConfig_LimitAll</name>
         <load_address>0x2220</load_address>
         <readonly>true</readonly>
         <executable>true</executable>
         <run_address>0x2220</run_address>
         <size>0x288</size>
         <alignment>0x4</alignment>
         <input_file_ref idref="fl-2"/>
      </object_component>
      <object_component id="oc-1a8">
         <name>.text.ObstacleAvoidance_Update_20ms</name>
         <load_address>0x24a8</load_address>
         <readonly>true</readonly>
         <executable>true</executable>
         <run_address>0x24a8</run_address>
         <size>0x278</size>
         <alignment>0x4</alignment>
         <input_file_ref idref="fl-14"/>
      </object_component>
      <object_component id="oc-240">
         <name>.text.OLED_Clear</name>
         <load_address>0x2720</load_address>
         <readonly>true</readonly>
         <executable>true</executable>
         <run_address>0x2720</run_address>
         <size>0x254</size>
         <alignment>0x4</alignment>
         <input_file_ref idref="fl-18"/>
      </object_component>
      <object_component id="oc-101">
         <name>.text.gimbal_pitch_update_feedback</name>
         <load_address>0x2974</load_address>
         <readonly>true</readonly>
         <executable>true</executable>
         <run_address>0x2974</run_address>
         <size>0x234</size>
         <alignment>0x4</alignment>
         <input_file_ref idref="fl-9"/>
      </object_component>
      <object_component id="oc-198">
         <name>.text.Gimbal_YawUpdate5ms</name>
         <load_address>0x2ba8</load_address>
         <readonly>true</readonly>
         <executable>true</executable>
         <run_address>0x2ba8</run_address>
         <size>0x22c</size>
         <alignment>0x4</alignment>
         <input_file_ref idref="fl-9"/>
      </object_component>
      <object_component id="oc-131">
         <name>.text.Imu_CalibrateGyroBias</name>
         <load_address>0x2dd4</load_address>
         <readonly>true</readonly>
         <executable>true</executable>
         <run_address>0x2dd4</run_address>
         <size>0x214</size>
         <alignment>0x4</alignment>
         <input_file_ref idref="fl-d"/>
      </object_component>
      <object_component id="oc-27e">
         <name>.text.MotionAction_Update_20ms</name>
         <load_address>0x2fe8</load_address>
         <readonly>true</readonly>
         <executable>true</executable>
         <run_address>0x2fe8</run_address>
         <size>0x208</size>
         <alignment>0x4</alignment>
         <input_file_ref idref="fl-12"/>
      </object_component>
      <object_component id="oc-25e">
         <name>.text.gimbal_pitch_set_target_steps</name>
         <load_address>0x31f0</load_address>
         <readonly>true</readonly>
         <executable>true</executable>
         <run_address>0x31f0</run_address>
         <size>0x1e4</size>
         <alignment>0x4</alignment>
         <input_file_ref idref="fl-9"/>
      </object_component>
      <object_component id="oc-304">
         <name>.text.imu_i2c_write_byte</name>
         <load_address>0x33d4</load_address>
         <readonly>true</readonly>
         <executable>true</executable>
         <run_address>0x33d4</run_address>
         <size>0x1cc</size>
         <alignment>0x4</alignment>
         <input_file_ref idref="fl-d"/>
      </object_component>
      <object_component id="oc-183">
         <name>.text.Gimbal_YawSetWrappedTargetDeg</name>
         <load_address>0x35a0</load_address>
         <readonly>true</readonly>
         <executable>true</executable>
         <run_address>0x35a0</run_address>
         <size>0x1b8</size>
         <alignment>0x4</alignment>
         <input_file_ref idref="fl-9"/>
      </object_component>
      <object_component id="oc-30e">
         <name>.text.oled_i2c_write_byte</name>
         <load_address>0x3758</load_address>
         <readonly>true</readonly>
         <executable>true</executable>
         <run_address>0x3758</run_address>
         <size>0x1b8</size>
         <alignment>0x4</alignment>
         <input_file_ref idref="fl-18"/>
      </object_component>
      <object_component id="oc-199">
         <name>.text.Gimbal_PitchUpdate5ms</name>
         <load_address>0x3910</load_address>
         <readonly>true</readonly>
         <executable>true</executable>
         <run_address>0x3910</run_address>
         <size>0x1ac</size>
         <alignment>0x4</alignment>
         <input_file_ref idref="fl-9"/>
      </object_component>
      <object_component id="oc-6b">
         <name>.text.Ultrasonic_Tick100us</name>
         <load_address>0x3abc</load_address>
         <readonly>true</readonly>
         <executable>true</executable>
         <run_address>0x3abc</run_address>
         <size>0x1a0</size>
         <alignment>0x4</alignment>
         <input_file_ref idref="fl-1d"/>
      </object_component>
      <object_component id="oc-9e">
         <name>.text.GimbalStepper_Tick100us</name>
         <load_address>0x3c5c</load_address>
         <readonly>true</readonly>
         <executable>true</executable>
         <run_address>0x3c5c</run_address>
         <size>0x194</size>
         <alignment>0x4</alignment>
         <input_file_ref idref="fl-a"/>
      </object_component>
      <object_component id="oc-24b">
         <name>.text.GimbalStepper_MoveToEstimatedSteps</name>
         <load_address>0x3df0</load_address>
         <readonly>true</readonly>
         <executable>true</executable>
         <run_address>0x3df0</run_address>
         <size>0x17c</size>
         <alignment>0x4</alignment>
         <input_file_ref idref="fl-a"/>
      </object_component>
      <object_component id="oc-19f">
         <name>.text.Key_Update_20ms</name>
         <load_address>0x3f6c</load_address>
         <readonly>true</readonly>
         <executable>true</executable>
         <run_address>0x3f6c</run_address>
         <size>0x174</size>
         <alignment>0x4</alignment>
         <input_file_ref idref="fl-e"/>
      </object_component>
      <object_component id="oc-297">
         <name>.text.HeadingControl_Update</name>
         <load_address>0x40e0</load_address>
         <readonly>true</readonly>
         <executable>true</executable>
         <run_address>0x40e0</run_address>
         <size>0x160</size>
         <alignment>0x4</alignment>
         <input_file_ref idref="fl-c"/>
      </object_component>
      <object_component id="oc-123">
         <name>.text.Gimbal_Init</name>
         <load_address>0x4240</load_address>
         <readonly>true</readonly>
         <executable>true</executable>
         <run_address>0x4240</run_address>
         <size>0x144</size>
         <alignment>0x4</alignment>
         <input_file_ref idref="fl-9"/>
      </object_component>
      <object_component id="oc-a4">
         <name>.text.Gimbal_PitchTick100us</name>
         <load_address>0x4384</load_address>
         <readonly>true</readonly>
         <executable>true</executable>
         <run_address>0x4384</run_address>
         <size>0x144</size>
         <alignment>0x4</alignment>
         <input_file_ref idref="fl-9"/>
      </object_component>
      <object_component id="oc-27b">
         <name>.text.MotionAction_Start</name>
         <load_address>0x44c8</load_address>
         <readonly>true</readonly>
         <executable>true</executable>
         <run_address>0x44c8</run_address>
         <size>0x140</size>
         <alignment>0x4</alignment>
         <input_file_ref idref="fl-12"/>
      </object_component>
      <object_component id="oc-2a0">
         <name>.text.OLED_PrintInt16</name>
         <load_address>0x4608</load_address>
         <readonly>true</readonly>
         <executable>true</executable>
         <run_address>0x4608</run_address>
         <size>0x13c</size>
         <alignment>0x4</alignment>
         <input_file_ref idref="fl-18"/>
      </object_component>
      <object_component id="oc-19a">
         <name>.text.Imu_Update</name>
         <load_address>0x4744</load_address>
         <readonly>true</readonly>
         <executable>true</executable>
         <run_address>0x4744</run_address>
         <size>0x134</size>
         <alignment>0x4</alignment>
         <input_file_ref idref="fl-d"/>
      </object_component>
      <object_component id="oc-1fa">
         <name>.text.imu_i2c_recover_bus</name>
         <load_address>0x4878</load_address>
         <readonly>true</readonly>
         <executable>true</executable>
         <run_address>0x4878</run_address>
         <size>0x12c</size>
         <alignment>0x4</alignment>
         <input_file_ref idref="fl-d"/>
      </object_component>
      <object_component id="oc-1a4">
         <name>.text.MissionManager_Update_20ms</name>
         <load_address>0x49a4</load_address>
         <readonly>true</readonly>
         <executable>true</executable>
         <run_address>0x49a4</run_address>
         <size>0xf8</size>
         <alignment>0x4</alignment>
         <input_file_ref idref="fl-11"/>
      </object_component>
      <object_component id="oc-8d">
         <name>.text.main</name>
         <load_address>0x4a9c</load_address>
         <readonly>true</readonly>
         <executable>true</executable>
         <run_address>0x4a9c</run_address>
         <size>0xf8</size>
         <alignment>0x4</alignment>
         <input_file_ref idref="fl-5"/>
      </object_component>
      <object_component id="oc-264">
         <name>.text.MissionManager_SelectNext</name>
         <load_address>0x4b94</load_address>
         <readonly>true</readonly>
         <executable>true</executable>
         <run_address>0x4b94</run_address>
         <size>0xf0</size>
         <alignment>0x4</alignment>
         <input_file_ref idref="fl-11"/>
      </object_component>
      <object_component id="oc-293">
         <name>.text.handle_turn_90</name>
         <load_address>0x4c84</load_address>
         <readonly>true</readonly>
         <executable>true</executable>
         <run_address>0x4c84</run_address>
         <size>0xec</size>
         <alignment>0x4</alignment>
         <input_file_ref idref="fl-3"/>
      </object_component>
      <object_component id="oc-176">
         <name>.text.sync_targets_from_gimbal</name>
         <load_address>0x4d70</load_address>
         <readonly>true</readonly>
         <executable>true</executable>
         <run_address>0x4d70</run_address>
         <size>0xec</size>
         <alignment>0x4</alignment>
         <input_file_ref idref="fl-b"/>
      </object_component>
      <object_component id="oc-266">
         <name>.text.MissionManager_SelectPrevious</name>
         <load_address>0x4e5c</load_address>
         <readonly>true</readonly>
         <executable>true</executable>
         <run_address>0x4e5c</run_address>
         <size>0xd8</size>
         <alignment>0x4</alignment>
         <input_file_ref idref="fl-11"/>
      </object_component>
      <object_component id="oc-17b">
         <name>.text</name>
         <load_address>0x4f34</load_address>
         <readonly>true</readonly>
         <executable>true</executable>
         <run_address>0x4f34</run_address>
         <size>0xd8</size>
         <alignment>0x4</alignment>
         <input_file_ref idref="fl-ed"/>
      </object_component>
      <object_component id="oc-23b">
         <name>.text.OLED_Init</name>
         <load_address>0x500c</load_address>
         <readonly>true</readonly>
         <executable>true</executable>
         <run_address>0x500c</run_address>
         <size>0xd4</size>
         <alignment>0x4</alignment>
         <input_file_ref idref="fl-18"/>
      </object_component>
      <object_component id="oc-29d">
         <name>.text.OLED_PrintChar</name>
         <load_address>0x50e0</load_address>
         <readonly>true</readonly>
         <executable>true</executable>
         <run_address>0x50e0</run_address>
         <size>0xd0</size>
         <alignment>0x4</alignment>
         <input_file_ref idref="fl-18"/>
      </object_component>
      <object_component id="oc-270">
         <name>.text.Gimbal_PitchRelease</name>
         <load_address>0x51b0</load_address>
         <readonly>true</readonly>
         <executable>true</executable>
         <run_address>0x51b0</run_address>
         <size>0xcc</size>
         <alignment>0x4</alignment>
         <input_file_ref idref="fl-9"/>
      </object_component>
      <object_component id="oc-da">
         <name>.text.App_Update_20ms</name>
         <load_address>0x527c</load_address>
         <readonly>true</readonly>
         <executable>true</executable>
         <run_address>0x527c</run_address>
         <size>0xc4</size>
         <alignment>0x4</alignment>
         <input_file_ref idref="fl-1"/>
      </object_component>
      <object_component id="oc-26e">
         <name>.text.Gimbal_PitchConfirmZero</name>
         <load_address>0x5340</load_address>
         <readonly>true</readonly>
         <executable>true</executable>
         <run_address>0x5340</run_address>
         <size>0xc4</size>
         <alignment>0x4</alignment>
         <input_file_ref idref="fl-9"/>
      </object_component>
      <object_component id="oc-174">
         <name>.text.Gimbal_PitchStopHold</name>
         <load_address>0x5404</load_address>
         <readonly>true</readonly>
         <executable>true</executable>
         <run_address>0x5404</run_address>
         <size>0xc4</size>
         <alignment>0x4</alignment>
         <input_file_ref idref="fl-9"/>
      </object_component>
      <object_component id="oc-11d">
         <name>.text.SYSCFG_DL_GPIO_init</name>
         <load_address>0x54c8</load_address>
         <readonly>true</readonly>
         <executable>true</executable>
         <run_address>0x54c8</run_address>
         <size>0xc0</size>
         <alignment>0x4</alignment>
         <input_file_ref idref="fl-6"/>
      </object_component>
      <object_component id="oc-1a6">
         <name>.text.ObstacleSafety_Update_20ms</name>
         <load_address>0x5588</load_address>
         <readonly>true</readonly>
         <executable>true</executable>
         <run_address>0x5588</run_address>
         <size>0xbc</size>
         <alignment>0x4</alignment>
         <input_file_ref idref="fl-16"/>
      </object_component>
      <object_component id="oc-126">
         <name>.text.AppConfig_InitDefault</name>
         <load_address>0x5644</load_address>
         <readonly>true</readonly>
         <executable>true</executable>
         <run_address>0x5644</run_address>
         <size>0xb8</size>
         <alignment>0x4</alignment>
         <input_file_ref idref="fl-2"/>
      </object_component>
      <object_component id="oc-24c">
         <name>.text.GimbalStepper_StopHold</name>
         <load_address>0x56fc</load_address>
         <readonly>true</readonly>
         <executable>true</executable>
         <run_address>0x56fc</run_address>
         <size>0xb4</size>
         <alignment>0x4</alignment>
         <input_file_ref idref="fl-a"/>
      </object_component>
      <object_component id="oc-274">
         <name>.text.Gimbal_YawMoveRelativeDeg</name>
         <load_address>0x57b0</load_address>
         <readonly>true</readonly>
         <executable>true</executable>
         <run_address>0x57b0</run_address>
         <size>0xb4</size>
         <alignment>0x4</alignment>
         <input_file_ref idref="fl-9"/>
      </object_component>
      <object_component id="oc-1eb">
         <name>.text.GimbalStepper_Init</name>
         <load_address>0x5864</load_address>
         <readonly>true</readonly>
         <executable>true</executable>
         <run_address>0x5864</run_address>
         <size>0xb0</size>
         <alignment>0x4</alignment>
         <input_file_ref idref="fl-a"/>
      </object_component>
      <object_component id="oc-26c">
         <name>.text.Gimbal_PitchMoveRelativeDeg</name>
         <load_address>0x5914</load_address>
         <readonly>true</readonly>
         <executable>true</executable>
         <run_address>0x5914</run_address>
         <size>0xb0</size>
         <alignment>0x4</alignment>
         <input_file_ref idref="fl-9"/>
      </object_component>
      <object_component id="oc-298">
         <name>.text.Motor_SetSpeed</name>
         <load_address>0x59c4</load_address>
         <readonly>true</readonly>
         <executable>true</executable>
         <run_address>0x59c4</run_address>
         <size>0xb0</size>
         <alignment>0x4</alignment>
         <input_file_ref idref="fl-13"/>
      </object_component>
      <object_component id="oc-218">
         <name>.text.MissionLibrary_Validate</name>
         <load_address>0x5a74</load_address>
         <readonly>true</readonly>
         <executable>true</executable>
         <run_address>0x5a74</run_address>
         <size>0xaa</size>
         <alignment>0x2</alignment>
         <input_file_ref idref="fl-10"/>
      </object_component>
      <object_component id="oc-33">
         <name>.text.Default_Handler</name>
         <load_address>0x5b1e</load_address>
         <readonly>true</readonly>
         <executable>true</executable>
         <run_address>0x5b1e</run_address>
         <size>0x2</size>
         <alignment>0x2</alignment>
         <input_file_ref idref="fl-7"/>
      </object_component>
      <object_component id="oc-184">
         <name>.text.Gimbal_PitchSetTargetDeg</name>
         <load_address>0x5b20</load_address>
         <readonly>true</readonly>
         <executable>true</executable>
         <run_address>0x5b20</run_address>
         <size>0xa4</size>
         <alignment>0x4</alignment>
         <input_file_ref idref="fl-9"/>
      </object_component>
      <object_component id="oc-318">
         <name>.text.Gimbal_YawEnableWorldLock</name>
         <load_address>0x5bc4</load_address>
         <readonly>true</readonly>
         <executable>true</executable>
         <run_address>0x5bc4</run_address>
         <size>0xa4</size>
         <alignment>0x4</alignment>
         <input_file_ref idref="fl-9"/>
      </object_component>
      <object_component id="oc-2f6">
         <name>.text</name>
         <load_address>0x5c68</load_address>
         <readonly>true</readonly>
         <executable>true</executable>
         <run_address>0x5c68</run_address>
         <size>0xa2</size>
         <alignment>0x4</alignment>
         <input_file_ref idref="fl-fc"/>
      </object_component>
      <object_component id="oc-147">
         <name>.text.TrackSensor_Init</name>
         <load_address>0x5d0a</load_address>
         <readonly>true</readonly>
         <executable>true</executable>
         <run_address>0x5d0a</run_address>
         <size>0x2</size>
         <alignment>0x2</alignment>
         <input_file_ref idref="fl-1c"/>
      </object_component>
      <object_component id="oc-19c">
         <name>.text.ObstacleMonitor_Update_20ms</name>
         <load_address>0x5d0c</load_address>
         <readonly>true</readonly>
         <executable>true</executable>
         <run_address>0x5d0c</run_address>
         <size>0x9c</size>
         <alignment>0x4</alignment>
         <input_file_ref idref="fl-15"/>
      </object_component>
      <object_component id="oc-c4">
         <name>.text:memcpy</name>
         <load_address>0x5da8</load_address>
         <readonly>true</readonly>
         <executable>true</executable>
         <run_address>0x5da8</run_address>
         <size>0x9a</size>
         <alignment>0x1</alignment>
         <input_file_ref idref="fl-101"/>
      </object_component>
      <object_component id="oc-10f">
         <name>.text.__aeabi_idiv0</name>
         <load_address>0x5e42</load_address>
         <readonly>true</readonly>
         <executable>true</executable>
         <run_address>0x5e42</run_address>
         <size>0x2</size>
         <alignment>0x2</alignment>
         <input_file_ref idref="fl-100"/>
      </object_component>
      <object_component id="oc-28c">
         <name>.text.CarController_StartSeekLine</name>
         <load_address>0x5e44</load_address>
         <readonly>true</readonly>
         <executable>true</executable>
         <run_address>0x5e44</run_address>
         <size>0x98</size>
         <alignment>0x4</alignment>
         <input_file_ref idref="fl-3"/>
      </object_component>
      <object_component id="oc-1fc">
         <name>.text.mpu6050_write_reg</name>
         <load_address>0x5edc</load_address>
         <readonly>true</readonly>
         <executable>true</executable>
         <run_address>0x5edc</run_address>
         <size>0x98</size>
         <alignment>0x4</alignment>
         <input_file_ref idref="fl-d"/>
      </object_component>
      <object_component id="oc-28d">
         <name>.text.CarController_StartDriveHeading</name>
         <load_address>0x5f74</load_address>
         <readonly>true</readonly>
         <executable>true</executable>
         <run_address>0x5f74</run_address>
         <size>0x94</size>
         <alignment>0x4</alignment>
         <input_file_ref idref="fl-3"/>
      </object_component>
      <object_component id="oc-34">
         <name>.text.SysTick_Handler</name>
         <load_address>0x6008</load_address>
         <readonly>true</readonly>
         <executable>true</executable>
         <run_address>0x6008</run_address>
         <size>0x94</size>
         <alignment>0x4</alignment>
         <input_file_ref idref="fl-5"/>
      </object_component>
      <object_component id="oc-17f">
         <name>.text.__mulsf3</name>
         <load_address>0x609c</load_address>
         <readonly>true</readonly>
         <executable>true</executable>
         <run_address>0x609c</run_address>
         <size>0x8c</size>
         <alignment>0x4</alignment>
         <input_file_ref idref="fl-ee"/>
      </object_component>
      <object_component id="oc-28e">
         <name>.text.CarController_StartTurnToYawRelative</name>
         <load_address>0x6128</load_address>
         <readonly>true</readonly>
         <executable>true</executable>
         <run_address>0x6128</run_address>
         <size>0x88</size>
         <alignment>0x4</alignment>
         <input_file_ref idref="fl-3"/>
      </object_component>
      <object_component id="oc-275">
         <name>.text.Gimbal_YawToggleWorldLock</name>
         <load_address>0x61b0</load_address>
         <readonly>true</readonly>
         <executable>true</executable>
         <run_address>0x61b0</run_address>
         <size>0x88</size>
         <alignment>0x4</alignment>
         <input_file_ref idref="fl-9"/>
      </object_component>
      <object_component id="oc-186">
         <name>.text.__divsf3</name>
         <load_address>0x6238</load_address>
         <readonly>true</readonly>
         <executable>true</executable>
         <run_address>0x6238</run_address>
         <size>0x82</size>
         <alignment>0x4</alignment>
         <input_file_ref idref="fl-ef"/>
      </object_component>
      <object_component id="oc-332">
         <name>.text.__aeabi_ldiv0</name>
         <load_address>0x62ba</load_address>
         <readonly>true</readonly>
         <executable>true</executable>
         <run_address>0x62ba</run_address>
         <size>0x2</size>
         <alignment>0x2</alignment>
         <input_file_ref idref="fl-100"/>
      </object_component>
      <object_component id="oc-124">
         <name>.text.GimbalTracker_Init</name>
         <load_address>0x62bc</load_address>
         <readonly>true</readonly>
         <executable>true</executable>
         <run_address>0x62bc</run_address>
         <size>0x80</size>
         <alignment>0x4</alignment>
         <input_file_ref idref="fl-b"/>
      </object_component>
      <object_component id="oc-15d">
         <name>.text.CarController_Init</name>
         <load_address>0x633c</load_address>
         <readonly>true</readonly>
         <executable>true</executable>
         <run_address>0x633c</run_address>
         <size>0x7c</size>
         <alignment>0x4</alignment>
         <input_file_ref idref="fl-3"/>
      </object_component>
      <object_component id="oc-271">
         <name>.text.CarController_ResetRuntime</name>
         <load_address>0x63b8</load_address>
         <readonly>true</readonly>
         <executable>true</executable>
         <run_address>0x63b8</run_address>
         <size>0x7c</size>
         <alignment>0x4</alignment>
         <input_file_ref idref="fl-3"/>
      </object_component>
      <object_component id="oc-28b">
         <name>.text.CarController_StartFollowLine</name>
         <load_address>0x6434</load_address>
         <readonly>true</readonly>
         <executable>true</executable>
         <run_address>0x6434</run_address>
         <size>0x7c</size>
         <alignment>0x4</alignment>
         <input_file_ref idref="fl-3"/>
      </object_component>
      <object_component id="oc-267">
         <name>.text.GimbalTracker_PushObservation</name>
         <load_address>0x64b0</load_address>
         <readonly>true</readonly>
         <executable>true</executable>
         <run_address>0x64b0</run_address>
         <size>0x7c</size>
         <alignment>0x4</alignment>
         <input_file_ref idref="fl-b"/>
      </object_component>
      <object_component id="oc-173">
         <name>.text.Gimbal_YawStopHold</name>
         <load_address>0x652c</load_address>
         <readonly>true</readonly>
         <executable>true</executable>
         <run_address>0x652c</run_address>
         <size>0x7c</size>
         <alignment>0x4</alignment>
         <input_file_ref idref="fl-9"/>
      </object_component>
      <object_component id="oc-1c">
         <name>.text:decompress:lzss</name>
         <load_address>0x65a8</load_address>
         <readonly>true</readonly>
         <executable>true</executable>
         <run_address>0x65a8</run_address>
         <size>0x7c</size>
         <alignment>0x4</alignment>
         <input_file_ref idref="fl-49"/>
      </object_component>
      <object_component id="oc-30b">
         <name>.text.oled_write_command</name>
         <load_address>0x6624</load_address>
         <readonly>true</readonly>
         <executable>true</executable>
         <run_address>0x6624</run_address>
         <size>0x78</size>
         <alignment>0x4</alignment>
         <input_file_ref idref="fl-18"/>
      </object_component>
      <object_component id="oc-31a">
         <name>.text.CarController_StartTurnRight90</name>
         <load_address>0x669c</load_address>
         <readonly>true</readonly>
         <executable>true</executable>
         <run_address>0x669c</run_address>
         <size>0x74</size>
         <alignment>0x4</alignment>
         <input_file_ref idref="fl-3"/>
      </object_component>
      <object_component id="oc-319">
         <name>.text.CarController_StartTurnLeft90</name>
         <load_address>0x6710</load_address>
         <readonly>true</readonly>
         <executable>true</executable>
         <run_address>0x6710</run_address>
         <size>0x70</size>
         <alignment>0x4</alignment>
         <input_file_ref idref="fl-3"/>
      </object_component>
      <object_component id="oc-317">
         <name>.text.GimbalStepper_Release</name>
         <load_address>0x6780</load_address>
         <readonly>true</readonly>
         <executable>true</executable>
         <run_address>0x6780</run_address>
         <size>0x70</size>
         <alignment>0x4</alignment>
         <input_file_ref idref="fl-a"/>
      </object_component>
      <object_component id="oc-1b0">
         <name>.text.TrackSensor_DetectTurn</name>
         <load_address>0x67f0</load_address>
         <readonly>true</readonly>
         <executable>true</executable>
         <run_address>0x67f0</run_address>
         <size>0x6e</size>
         <alignment>0x2</alignment>
         <input_file_ref idref="fl-1c"/>
      </object_component>
      <object_component id="oc-7a">
         <name>.text.Encoder_HandleGpioInterrupt</name>
         <load_address>0x6860</load_address>
         <readonly>true</readonly>
         <executable>true</executable>
         <run_address>0x6860</run_address>
         <size>0x6c</size>
         <alignment>0x4</alignment>
         <input_file_ref idref="fl-8"/>
      </object_component>
      <object_component id="oc-2c8">
         <name>.text.MissionManager_GetSelectedMissionIndex</name>
         <load_address>0x68cc</load_address>
         <readonly>true</readonly>
         <executable>true</executable>
         <run_address>0x68cc</run_address>
         <size>0x68</size>
         <alignment>0x4</alignment>
         <input_file_ref idref="fl-11"/>
      </object_component>
      <object_component id="oc-291">
         <name>.text.TrackSensor_GetErrorFromRaw</name>
         <load_address>0x6934</load_address>
         <readonly>true</readonly>
         <executable>true</executable>
         <run_address>0x6934</run_address>
         <size>0x66</size>
         <alignment>0x2</alignment>
         <input_file_ref idref="fl-1c"/>
      </object_component>
      <object_component id="oc-29f">
         <name>.text.Menu_GetParamValue</name>
         <load_address>0x699c</load_address>
         <readonly>true</readonly>
         <executable>true</executable>
         <run_address>0x699c</run_address>
         <size>0x64</size>
         <alignment>0x4</alignment>
         <input_file_ref idref="fl-f"/>
      </object_component>
      <object_component id="oc-ce">
         <name>.text.App_Init</name>
         <load_address>0x6a00</load_address>
         <readonly>true</readonly>
         <executable>true</executable>
         <run_address>0x6a00</run_address>
         <size>0x62</size>
         <alignment>0x2</alignment>
         <input_file_ref idref="fl-1"/>
      </object_component>
      <object_component id="oc-16f">
         <name>.text.__aeabi_fcmp</name>
         <load_address>0x6a64</load_address>
         <readonly>true</readonly>
         <executable>true</executable>
         <run_address>0x6a64</run_address>
         <size>0x62</size>
         <alignment>0x4</alignment>
         <input_file_ref idref="fl-f4"/>
      </object_component>
      <object_component id="oc-11b">
         <name>.text:memset</name>
         <load_address>0x6ac6</load_address>
         <readonly>true</readonly>
         <executable>true</executable>
         <run_address>0x6ac6</run_address>
         <size>0x62</size>
         <alignment>0x1</alignment>
         <input_file_ref idref="fl-102"/>
      </object_component>
      <object_component id="oc-268">
         <name>.text.GimbalTracker_GetFeedback</name>
         <load_address>0x6b28</load_address>
         <readonly>true</readonly>
         <executable>true</executable>
         <run_address>0x6b28</run_address>
         <size>0x60</size>
         <alignment>0x4</alignment>
         <input_file_ref idref="fl-b"/>
      </object_component>
      <object_component id="oc-1db">
         <name>.text.__fixsfdi</name>
         <load_address>0x6b88</load_address>
         <readonly>true</readonly>
         <executable>true</executable>
         <run_address>0x6b88</run_address>
         <size>0x60</size>
         <alignment>0x4</alignment>
         <input_file_ref idref="fl-f0"/>
      </object_component>
      <object_component id="oc-2a4">
         <name>.text.OLED_PrintBinary7</name>
         <load_address>0x6be8</load_address>
         <readonly>true</readonly>
         <executable>true</executable>
         <run_address>0x6be8</run_address>
         <size>0x5e</size>
         <alignment>0x2</alignment>
         <input_file_ref idref="fl-18"/>
      </object_component>
      <object_component id="oc-269">
         <name>.text.GimbalTracker_Enable</name>
         <load_address>0x6c48</load_address>
         <readonly>true</readonly>
         <executable>true</executable>
         <run_address>0x6c48</run_address>
         <size>0x5c</size>
         <alignment>0x4</alignment>
         <input_file_ref idref="fl-b"/>
      </object_component>
      <object_component id="oc-19b">
         <name>.text.Ultrasonic_Update_20ms</name>
         <load_address>0x6ca4</load_address>
         <readonly>true</readonly>
         <executable>true</executable>
         <run_address>0x6ca4</run_address>
         <size>0x5c</size>
         <alignment>0x4</alignment>
         <input_file_ref idref="fl-1d"/>
      </object_component>
      <object_component id="oc-25a">
         <name>.text.__aeabi_idivmod</name>
         <load_address>0x6d00</load_address>
         <readonly>true</readonly>
         <executable>true</executable>
         <run_address>0x6d00</run_address>
         <size>0x56</size>
         <alignment>0x4</alignment>
         <input_file_ref idref="fl-f5"/>
      </object_component>
      <object_component id="oc-28f">
         <name>.text.TrackSensor_ReadRaw</name>
         <load_address>0x6d58</load_address>
         <readonly>true</readonly>
         <executable>true</executable>
         <run_address>0x6d58</run_address>
         <size>0x54</size>
         <alignment>0x4</alignment>
         <input_file_ref idref="fl-1c"/>
      </object_component>
      <object_component id="oc-227">
         <name>.text.CarController_SetSafetyHold</name>
         <load_address>0x6dac</load_address>
         <readonly>true</readonly>
         <executable>true</executable>
         <run_address>0x6dac</run_address>
         <size>0x50</size>
         <alignment>0x4</alignment>
         <input_file_ref idref="fl-3"/>
      </object_component>
      <object_component id="oc-5c">
         <name>.text.Motor_PwmTick100us</name>
         <load_address>0x6dfc</load_address>
         <readonly>true</readonly>
         <executable>true</executable>
         <run_address>0x6dfc</run_address>
         <size>0x50</size>
         <alignment>0x4</alignment>
         <input_file_ref idref="fl-13"/>
      </object_component>
      <object_component id="oc-14c">
         <name>.text.Ultrasonic_Init</name>
         <load_address>0x6e4c</load_address>
         <readonly>true</readonly>
         <executable>true</executable>
         <run_address>0x6e4c</run_address>
         <size>0x50</size>
         <alignment>0x4</alignment>
         <input_file_ref idref="fl-1d"/>
      </object_component>
      <object_component id="oc-273">
         <name>.text.Gimbal_YawRelease</name>
         <load_address>0x6e9c</load_address>
         <readonly>true</readonly>
         <executable>true</executable>
         <run_address>0x6e9c</run_address>
         <size>0x4c</size>
         <alignment>0x4</alignment>
         <input_file_ref idref="fl-9"/>
      </object_component>
      <object_component id="oc-142">
         <name>.text.MissionManager_Init</name>
         <load_address>0x6ee8</load_address>
         <readonly>true</readonly>
         <executable>true</executable>
         <run_address>0x6ee8</run_address>
         <size>0x48</size>
         <alignment>0x4</alignment>
         <input_file_ref idref="fl-11"/>
      </object_component>
      <object_component id="oc-66">
         <name>.text.Servo_Tick100us</name>
         <load_address>0x6f30</load_address>
         <readonly>true</readonly>
         <executable>true</executable>
         <run_address>0x6f30</run_address>
         <size>0x44</size>
         <alignment>0x4</alignment>
         <input_file_ref idref="fl-1b"/>
      </object_component>
      <object_component id="oc-26d">
         <name>.text.MissionManager_Start</name>
         <load_address>0x6f74</load_address>
         <readonly>true</readonly>
         <executable>true</executable>
         <run_address>0x6f74</run_address>
         <size>0x40</size>
         <alignment>0x4</alignment>
         <input_file_ref idref="fl-11"/>
      </object_component>
      <object_component id="oc-11e">
         <name>.text.SYSCFG_DL_SYSCTL_init</name>
         <load_address>0x6fb4</load_address>
         <readonly>true</readonly>
         <executable>true</executable>
         <run_address>0x6fb4</run_address>
         <size>0x40</size>
         <alignment>0x4</alignment>
         <input_file_ref idref="fl-6"/>
      </object_component>
      <object_component id="oc-ad">
         <name>.text.__aeabi_uidivmod</name>
         <load_address>0x6ff4</load_address>
         <readonly>true</readonly>
         <executable>true</executable>
         <run_address>0x6ff4</run_address>
         <size>0x40</size>
         <alignment>0x4</alignment>
         <input_file_ref idref="fl-f9"/>
      </object_component>
      <object_component id="oc-2fb">
         <name>.text.__divmoddi4</name>
         <load_address>0x7034</load_address>
         <readonly>true</readonly>
         <executable>true</executable>
         <run_address>0x7034</run_address>
         <size>0x3e</size>
         <alignment>0x2</alignment>
         <input_file_ref idref="fl-ff"/>
      </object_component>
      <object_component id="oc-26a">
         <name>.text.GimbalTracker_ClearObservation</name>
         <load_address>0x7074</load_address>
         <readonly>true</readonly>
         <executable>true</executable>
         <run_address>0x7074</run_address>
         <size>0x3c</size>
         <alignment>0x4</alignment>
         <input_file_ref idref="fl-b"/>
      </object_component>
      <object_component id="oc-19e">
         <name>.text.Servo_SetAngleDeg</name>
         <load_address>0x70b0</load_address>
         <readonly>true</readonly>
         <executable>true</executable>
         <run_address>0x70b0</run_address>
         <size>0x3c</size>
         <alignment>0x4</alignment>
         <input_file_ref idref="fl-1b"/>
      </object_component>
      <object_component id="oc-177">
         <name>.text.__floatsisf</name>
         <load_address>0x70ec</load_address>
         <readonly>true</readonly>
         <executable>true</executable>
         <run_address>0x70ec</run_address>
         <size>0x3c</size>
         <alignment>0x4</alignment>
         <input_file_ref idref="fl-f2"/>
      </object_component>
      <object_component id="oc-249">
         <name>.text.__gtsf2</name>
         <load_address>0x7128</load_address>
         <readonly>true</readonly>
         <executable>true</executable>
         <run_address>0x7128</run_address>
         <size>0x3c</size>
         <alignment>0x4</alignment>
         <input_file_ref idref="fl-fb"/>
      </object_component>
      <object_component id="oc-e3">
         <name>.text:__TI_auto_init_nobinit_nopinit</name>
         <load_address>0x7164</load_address>
         <readonly>true</readonly>
         <executable>true</executable>
         <run_address>0x7164</run_address>
         <size>0x3c</size>
         <alignment>0x4</alignment>
         <input_file_ref idref="fl-44"/>
      </object_component>
      <object_component id="oc-244">
         <name>.text.__eqsf2</name>
         <load_address>0x71a0</load_address>
         <readonly>true</readonly>
         <executable>true</executable>
         <run_address>0x71a0</run_address>
         <size>0x3a</size>
         <alignment>0x4</alignment>
         <input_file_ref idref="fl-fb"/>
      </object_component>
      <object_component id="oc-255">
         <name>.text.__muldsi3</name>
         <load_address>0x71dc</load_address>
         <readonly>true</readonly>
         <executable>true</executable>
         <run_address>0x71dc</run_address>
         <size>0x3a</size>
         <alignment>0x4</alignment>
         <input_file_ref idref="fl-fd"/>
      </object_component>
      <object_component id="oc-28a">
         <name>.text.MotionAction_ReapplyControllerTarget</name>
         <load_address>0x7218</load_address>
         <readonly>true</readonly>
         <executable>true</executable>
         <run_address>0x7218</run_address>
         <size>0x38</size>
         <alignment>0x4</alignment>
         <input_file_ref idref="fl-12"/>
      </object_component>
      <object_component id="oc-122">
         <name>.text.Motor_Init</name>
         <load_address>0x7250</load_address>
         <readonly>true</readonly>
         <executable>true</executable>
         <run_address>0x7250</run_address>
         <size>0x38</size>
         <alignment>0x4</alignment>
         <input_file_ref idref="fl-13"/>
      </object_component>
      <object_component id="oc-24e">
         <name>.text.__fixsfsi</name>
         <load_address>0x7288</load_address>
         <readonly>true</readonly>
         <executable>true</executable>
         <run_address>0x7288</run_address>
         <size>0x38</size>
         <alignment>0x4</alignment>
         <input_file_ref idref="fl-f1"/>
      </object_component>
      <object_component id="oc-29b">
         <name>.text.OLED_SetCursor</name>
         <load_address>0x72c0</load_address>
         <readonly>true</readonly>
         <executable>true</executable>
         <run_address>0x72c0</run_address>
         <size>0x34</size>
         <alignment>0x4</alignment>
         <input_file_ref idref="fl-18"/>
      </object_component>
      <object_component id="oc-29c">
         <name>.text.OLED_PrintString</name>
         <load_address>0x72f4</load_address>
         <readonly>true</readonly>
         <executable>true</executable>
         <run_address>0x72f4</run_address>
         <size>0x32</size>
         <alignment>0x2</alignment>
         <input_file_ref idref="fl-18"/>
      </object_component>
      <object_component id="oc-185">
         <name>.text.Gimbal_PitchGetFeedback</name>
         <load_address>0x7328</load_address>
         <readonly>true</readonly>
         <executable>true</executable>
         <run_address>0x7328</run_address>
         <size>0x30</size>
         <alignment>0x4</alignment>
         <input_file_ref idref="fl-9"/>
      </object_component>
      <object_component id="oc-162">
         <name>.text.Key_Init</name>
         <load_address>0x7358</load_address>
         <readonly>true</readonly>
         <executable>true</executable>
         <run_address>0x7358</run_address>
         <size>0x30</size>
         <alignment>0x4</alignment>
         <input_file_ref idref="fl-e"/>
      </object_component>
      <object_component id="oc-26b">
         <name>.text.MissionManager_Cancel</name>
         <load_address>0x7388</load_address>
         <readonly>true</readonly>
         <executable>true</executable>
         <run_address>0x7388</run_address>
         <size>0x30</size>
         <alignment>0x4</alignment>
         <input_file_ref idref="fl-11"/>
      </object_component>
      <object_component id="oc-272">
         <name>.text.MissionManager_Reset</name>
         <load_address>0x73b8</load_address>
         <readonly>true</readonly>
         <executable>true</executable>
         <run_address>0x73b8</run_address>
         <size>0x30</size>
         <alignment>0x4</alignment>
         <input_file_ref idref="fl-11"/>
      </object_component>
      <object_component id="oc-16c">
         <name>.text.Motor_Stop</name>
         <load_address>0x73e8</load_address>
         <readonly>true</readonly>
         <executable>true</executable>
         <run_address>0x73e8</run_address>
         <size>0x2c</size>
         <alignment>0x4</alignment>
         <input_file_ref idref="fl-13"/>
      </object_component>
      <object_component id="oc-11c">
         <name>.text.SYSCFG_DL_initPower</name>
         <load_address>0x7414</load_address>
         <readonly>true</readonly>
         <executable>true</executable>
         <run_address>0x7414</run_address>
         <size>0x2c</size>
         <alignment>0x4</alignment>
         <input_file_ref idref="fl-6"/>
      </object_component>
      <object_component id="oc-290">
         <name>.text.TrackSensor_CountBlack</name>
         <load_address>0x7440</load_address>
         <readonly>true</readonly>
         <executable>true</executable>
         <run_address>0x7440</run_address>
         <size>0x2c</size>
         <alignment>0x2</alignment>
         <input_file_ref idref="fl-1c"/>
      </object_component>
      <object_component id="oc-15c">
         <name>.text.Servo_Init</name>
         <load_address>0x746c</load_address>
         <readonly>true</readonly>
         <executable>true</executable>
         <run_address>0x746c</run_address>
         <size>0x28</size>
         <alignment>0x4</alignment>
         <input_file_ref idref="fl-1b"/>
      </object_component>
      <object_component id="oc-289">
         <name>.text.avoid_fail</name>
         <load_address>0x7494</load_address>
         <readonly>true</readonly>
         <executable>true</executable>
         <run_address>0x7494</run_address>
         <size>0x28</size>
         <alignment>0x4</alignment>
         <input_file_ref idref="fl-14"/>
      </object_component>
      <object_component id="oc-55">
         <name>.text:_c_int00_noargs</name>
         <load_address>0x74bc</load_address>
         <readonly>true</readonly>
         <executable>true</executable>
         <run_address>0x74bc</run_address>
         <size>0x28</size>
         <alignment>0x4</alignment>
         <input_file_ref idref="fl-42"/>
      </object_component>
      <object_component id="oc-125">
         <name>.text.Encoder_Reset</name>
         <load_address>0x74e4</load_address>
         <readonly>true</readonly>
         <executable>true</executable>
         <run_address>0x74e4</run_address>
         <size>0x24</size>
         <alignment>0x4</alignment>
         <input_file_ref idref="fl-8"/>
      </object_component>
      <object_component id="oc-1cf">
         <name>.text.__muldi3</name>
         <load_address>0x7508</load_address>
         <readonly>true</readonly>
         <executable>true</executable>
         <run_address>0x7508</run_address>
         <size>0x24</size>
         <alignment>0x4</alignment>
         <input_file_ref idref="fl-f3"/>
      </object_component>
      <object_component id="oc-27d">
         <name>.text.CarController_Stop</name>
         <load_address>0x752c</load_address>
         <readonly>true</readonly>
         <executable>true</executable>
         <run_address>0x752c</run_address>
         <size>0x20</size>
         <alignment>0x4</alignment>
         <input_file_ref idref="fl-3"/>
      </object_component>
      <object_component id="oc-277">
         <name>.text.MissionManager_Pause</name>
         <load_address>0x754c</load_address>
         <readonly>true</readonly>
         <executable>true</executable>
         <run_address>0x754c</run_address>
         <size>0x20</size>
         <alignment>0x4</alignment>
         <input_file_ref idref="fl-11"/>
      </object_component>
      <object_component id="oc-26f">
         <name>.text.MissionManager_Resume</name>
         <load_address>0x756c</load_address>
         <readonly>true</readonly>
         <executable>true</executable>
         <run_address>0x756c</run_address>
         <size>0x20</size>
         <alignment>0x4</alignment>
         <input_file_ref idref="fl-11"/>
      </object_component>
      <object_component id="oc-288">
         <name>.text.MotionAction_GetCurrentBypassDirection</name>
         <load_address>0x758c</load_address>
         <readonly>true</readonly>
         <executable>true</executable>
         <run_address>0x758c</run_address>
         <size>0x20</size>
         <alignment>0x4</alignment>
         <input_file_ref idref="fl-12"/>
      </object_component>
      <object_component id="oc-287">
         <name>.text.MotionAction_GetCurrentObstaclePolicy</name>
         <load_address>0x75ac</load_address>
         <readonly>true</readonly>
         <executable>true</executable>
         <run_address>0x75ac</run_address>
         <size>0x20</size>
         <alignment>0x4</alignment>
         <input_file_ref idref="fl-12"/>
      </object_component>
      <object_component id="oc-152">
         <name>.text.ObstacleAvoidance_Init</name>
         <load_address>0x75cc</load_address>
         <readonly>true</readonly>
         <executable>true</executable>
         <run_address>0x75cc</run_address>
         <size>0x20</size>
         <alignment>0x4</alignment>
         <input_file_ref idref="fl-14"/>
      </object_component>
      <object_component id="oc-27f">
         <name>.text.mission_finish_error</name>
         <load_address>0x75ec</load_address>
         <readonly>true</readonly>
         <executable>true</executable>
         <run_address>0x75ec</run_address>
         <size>0x20</size>
         <alignment>0x4</alignment>
         <input_file_ref idref="fl-11"/>
      </object_component>
      <object_component id="oc-333">
         <name>.text.__ashldi3</name>
         <load_address>0x760c</load_address>
         <readonly>true</readonly>
         <executable>true</executable>
         <run_address>0x760c</run_address>
         <size>0x1e</size>
         <alignment>0x4</alignment>
         <input_file_ref idref="fl-fe"/>
      </object_component>
      <object_component id="oc-286">
         <name>.text.Imu_IsReady</name>
         <load_address>0x762c</load_address>
         <readonly>true</readonly>
         <executable>true</executable>
         <run_address>0x762c</run_address>
         <size>0x1c</size>
         <alignment>0x4</alignment>
         <input_file_ref idref="fl-d"/>
      </object_component>
      <object_component id="oc-14d">
         <name>.text.ObstacleMonitor_Init</name>
         <load_address>0x7648</load_address>
         <readonly>true</readonly>
         <executable>true</executable>
         <run_address>0x7648</run_address>
         <size>0x1c</size>
         <alignment>0x4</alignment>
         <input_file_ref idref="fl-15"/>
      </object_component>
      <object_component id="oc-157">
         <name>.text.ObstacleSafety_Init</name>
         <load_address>0x7664</load_address>
         <readonly>true</readonly>
         <executable>true</executable>
         <run_address>0x7664</run_address>
         <size>0x1c</size>
         <alignment>0x4</alignment>
         <input_file_ref idref="fl-16"/>
      </object_component>
      <object_component id="oc-2a3">
         <name>.text.CarController_RunModeToString</name>
         <load_address>0x7680</load_address>
         <readonly>true</readonly>
         <executable>true</executable>
         <run_address>0x7680</run_address>
         <size>0x18</size>
         <alignment>0x4</alignment>
         <input_file_ref idref="fl-3"/>
      </object_component>
      <object_component id="oc-299">
         <name>.text.HeadingControl_LockCurrentYaw</name>
         <load_address>0x7698</load_address>
         <readonly>true</readonly>
         <executable>true</executable>
         <run_address>0x7698</run_address>
         <size>0x18</size>
         <alignment>0x4</alignment>
         <input_file_ref idref="fl-c"/>
      </object_component>
      <object_component id="oc-294">
         <name>.text.HeadingControl_SetTargetYaw</name>
         <load_address>0x76b0</load_address>
         <readonly>true</readonly>
         <executable>true</executable>
         <run_address>0x76b0</run_address>
         <size>0x18</size>
         <alignment>0x4</alignment>
         <input_file_ref idref="fl-c"/>
      </object_component>
      <object_component id="oc-29e">
         <name>.text.Menu_ParamItemToString</name>
         <load_address>0x76c8</load_address>
         <readonly>true</readonly>
         <executable>true</executable>
         <run_address>0x76c8</run_address>
         <size>0x18</size>
         <alignment>0x4</alignment>
         <input_file_ref idref="fl-f"/>
      </object_component>
      <object_component id="oc-315">
         <name>.text.MissionLibrary_FindById</name>
         <load_address>0x76e0</load_address>
         <readonly>true</readonly>
         <executable>true</executable>
         <run_address>0x76e0</run_address>
         <size>0x18</size>
         <alignment>0x4</alignment>
         <input_file_ref idref="fl-10"/>
      </object_component>
      <object_component id="oc-316">
         <name>.text.MotionAction_Cancel</name>
         <load_address>0x76f8</load_address>
         <readonly>true</readonly>
         <executable>true</executable>
         <run_address>0x76f8</run_address>
         <size>0x18</size>
         <alignment>0x4</alignment>
         <input_file_ref idref="fl-12"/>
      </object_component>
      <object_component id="oc-20c">
         <name>.text.MotionAction_Init</name>
         <load_address>0x7710</load_address>
         <readonly>true</readonly>
         <executable>true</executable>
         <run_address>0x7710</run_address>
         <size>0x18</size>
         <alignment>0x4</alignment>
         <input_file_ref idref="fl-12"/>
      </object_component>
      <object_component id="oc-4c">
         <name>.text:decompress:ZI:__TI_zero_init_nomemset</name>
         <load_address>0x7728</load_address>
         <readonly>true</readonly>
         <executable>true</executable>
         <run_address>0x7728</run_address>
         <size>0x16</size>
         <alignment>0x2</alignment>
         <input_file_ref idref="fl-47"/>
      </object_component>
      <object_component id="oc-39">
         <name>.text.GROUP1_IRQHandler</name>
         <load_address>0x7740</load_address>
         <readonly>true</readonly>
         <executable>true</executable>
         <run_address>0x7740</run_address>
         <size>0x14</size>
         <alignment>0x4</alignment>
         <input_file_ref idref="fl-5"/>
      </object_component>
      <object_component id="oc-24d">
         <name>.text.GimbalStepper_SetStepHalfPeriodTicks</name>
         <load_address>0x7754</load_address>
         <readonly>true</readonly>
         <executable>true</executable>
         <run_address>0x7754</run_address>
         <size>0x14</size>
         <alignment>0x4</alignment>
         <input_file_ref idref="fl-a"/>
      </object_component>
      <object_component id="oc-295">
         <name>.text.HeadingControl_Enable</name>
         <load_address>0x7768</load_address>
         <readonly>true</readonly>
         <executable>true</executable>
         <run_address>0x7768</run_address>
         <size>0x14</size>
         <alignment>0x4</alignment>
         <input_file_ref idref="fl-c"/>
      </object_component>
      <object_component id="oc-133">
         <name>.text.HeadingControl_Init</name>
         <load_address>0x777c</load_address>
         <readonly>true</readonly>
         <executable>true</executable>
         <run_address>0x777c</run_address>
         <size>0x14</size>
         <alignment>0x4</alignment>
         <input_file_ref idref="fl-c"/>
      </object_component>
      <object_component id="oc-22f">
         <name>.text.HeadingControl_Reset</name>
         <load_address>0x7790</load_address>
         <readonly>true</readonly>
         <executable>true</executable>
         <run_address>0x7790</run_address>
         <size>0x14</size>
         <alignment>0x4</alignment>
         <input_file_ref idref="fl-c"/>
      </object_component>
      <object_component id="oc-13d">
         <name>.text.Menu_Init</name>
         <load_address>0x77a4</load_address>
         <readonly>true</readonly>
         <executable>true</executable>
         <run_address>0x77a4</run_address>
         <size>0x14</size>
         <alignment>0x4</alignment>
         <input_file_ref idref="fl-f"/>
      </object_component>
      <object_component id="oc-211">
         <name>.text.MissionLibrary_GetByIndex</name>
         <load_address>0x77b8</load_address>
         <readonly>true</readonly>
         <executable>true</executable>
         <run_address>0x77b8</run_address>
         <size>0x14</size>
         <alignment>0x4</alignment>
         <input_file_ref idref="fl-10"/>
      </object_component>
      <object_component id="oc-2ca">
         <name>.text.MissionManager_GetSelectedMissionId</name>
         <load_address>0x77cc</load_address>
         <readonly>true</readonly>
         <executable>true</executable>
         <run_address>0x77cc</run_address>
         <size>0x14</size>
         <alignment>0x4</alignment>
         <input_file_ref idref="fl-11"/>
      </object_component>
      <object_component id="oc-1d7">
         <name>.text.__aeabi_ldivmod</name>
         <load_address>0x77e0</load_address>
         <readonly>true</readonly>
         <executable>true</executable>
         <run_address>0x77e0</run_address>
         <size>0x14</size>
         <alignment>0x4</alignment>
         <input_file_ref idref="fl-f6"/>
      </object_component>
      <object_component id="oc-1d3">
         <name>.text.__aeabi_uldivmod</name>
         <load_address>0x77f4</load_address>
         <readonly>true</readonly>
         <executable>true</executable>
         <run_address>0x77f4</run_address>
         <size>0x14</size>
         <alignment>0x4</alignment>
         <input_file_ref idref="fl-fa"/>
      </object_component>
      <object_component id="oc-20">
         <name>.text:decompress:none</name>
         <load_address>0x7808</load_address>
         <readonly>true</readonly>
         <executable>true</executable>
         <run_address>0x7808</run_address>
         <size>0x12</size>
         <alignment>0x2</alignment>
         <input_file_ref idref="fl-48"/>
      </object_component>
      <object_component id="oc-252">
         <name>.text.Gimbal_YawGetFeedback</name>
         <load_address>0x781c</load_address>
         <readonly>true</readonly>
         <executable>true</executable>
         <run_address>0x781c</run_address>
         <size>0x10</size>
         <alignment>0x4</alignment>
         <input_file_ref idref="fl-9"/>
      </object_component>
      <object_component id="oc-1a1">
         <name>.text.Key_GetEvent</name>
         <load_address>0x782c</load_address>
         <readonly>true</readonly>
         <executable>true</executable>
         <run_address>0x782c</run_address>
         <size>0x10</size>
         <alignment>0x4</alignment>
         <input_file_ref idref="fl-e"/>
      </object_component>
      <object_component id="oc-284">
         <name>.text.ObstacleAvoidance_IsResumeGraceActive</name>
         <load_address>0x783c</load_address>
         <readonly>true</readonly>
         <executable>true</executable>
         <run_address>0x783c</run_address>
         <size>0x10</size>
         <alignment>0x4</alignment>
         <input_file_ref idref="fl-14"/>
      </object_component>
      <object_component id="oc-c9">
         <name>.text.SYSCFG_DL_init</name>
         <load_address>0x784c</load_address>
         <readonly>true</readonly>
         <executable>true</executable>
         <run_address>0x784c</run_address>
         <size>0x10</size>
         <alignment>0x2</alignment>
         <input_file_ref idref="fl-6"/>
      </object_component>
      <object_component id="oc-1af">
[...]
         <value>0x49a5</value>
         <object_component_ref idref="oc-1a4"/>
      </symbol>
      <symbol id="sm-359">
         <name>MissionManager_GetRuntime</name>
         <value>0x7979</value>
         <object_component_ref idref="oc-2c7"/>
      </symbol>
      <symbol id="sm-35a">
         <name>MissionManager_GetSelectedMissionId</name>
         <value>0x77cd</value>
         <object_component_ref idref="oc-2ca"/>
      </symbol>
      <symbol id="sm-35b">
         <name>MissionManager_GetSelectedMissionIndex</name>
         <value>0x68cd</value>
         <object_component_ref idref="oc-2c8"/>
      </symbol>
      <symbol id="sm-35c">
         <name>MissionManager_GetMissionCount</name>
         <value>0x7971</value>
         <object_component_ref idref="oc-2c9"/>
      </symbol>
      <symbol id="sm-35d">
         <name>MissionManager_SetExternalHold</name>
         <value>0x78e1</value>
         <object_component_ref idref="oc-228"/>
      </symbol>
      <symbol id="sm-387">
         <name>MotionAction_Init</name>
         <value>0x7711</value>
         <object_component_ref idref="oc-20c"/>
      </symbol>
      <symbol id="sm-388">
         <name>MotionAction_Start</name>
         <value>0x44c9</value>
         <object_component_ref idref="oc-27b"/>
      </symbol>
      <symbol id="sm-389">
         <name>MotionAction_Update_20ms</name>
         <value>0x2fe9</value>
         <object_component_ref idref="oc-27e"/>
      </symbol>
      <symbol id="sm-38a">
         <name>MotionAction_Cancel</name>
         <value>0x76f9</value>
         <object_component_ref idref="oc-316"/>
      </symbol>
      <symbol id="sm-38b">
         <name>MotionAction_ReapplyControllerTarget</name>
         <value>0x7219</value>
         <object_component_ref idref="oc-28a"/>
      </symbol>
      <symbol id="sm-38c">
         <name>MotionAction_GetCurrentObstaclePolicy</name>
         <value>0x75ad</value>
         <object_component_ref idref="oc-287"/>
      </symbol>
      <symbol id="sm-38d">
         <name>MotionAction_GetCurrentBypassDirection</name>
         <value>0x758d</value>
         <object_component_ref idref="oc-288"/>
      </symbol>
      <symbol id="sm-38e">
         <name>MotionAction_GetRuntime</name>
         <value>0x7981</value>
         <object_component_ref idref="oc-27a"/>
      </symbol>
      <symbol id="sm-3a8">
         <name>Motor_Init</name>
         <value>0x7251</value>
         <object_component_ref idref="oc-122"/>
      </symbol>
      <symbol id="sm-3a9">
         <name>Motor_Stop</name>
         <value>0x73e9</value>
         <object_component_ref idref="oc-16c"/>
      </symbol>
      <symbol id="sm-3aa">
         <name>Motor_SetSpeed</name>
         <value>0x59c5</value>
         <object_component_ref idref="oc-298"/>
      </symbol>
      <symbol id="sm-3ab">
         <name>Motor_PwmTick100us</name>
         <value>0x6dfd</value>
         <object_component_ref idref="oc-5c"/>
      </symbol>
      <symbol id="sm-3d1">
         <name>ObstacleAvoidance_Init</name>
         <value>0x75cd</value>
         <object_component_ref idref="oc-152"/>
      </symbol>
      <symbol id="sm-3d2">
         <name>ObstacleAvoidance_Update_20ms</name>
         <value>0x24a9</value>
         <object_component_ref idref="oc-1a8"/>
      </symbol>
      <symbol id="sm-3d3">
         <name>ObstacleAvoidance_IsActive</name>
         <value>0x78ed</value>
         <object_component_ref idref="oc-282"/>
      </symbol>
      <symbol id="sm-3d4">
         <name>ObstacleAvoidance_IsFailed</name>
         <value>0x78f9</value>
         <object_component_ref idref="oc-281"/>
      </symbol>
      <symbol id="sm-3d5">
         <name>ObstacleAvoidance_IsResumeGraceActive</name>
         <value>0x783d</value>
         <object_component_ref idref="oc-284"/>
      </symbol>
      <symbol id="sm-3d6">
         <name>ObstacleAvoidance_GetFeedback</name>
         <value>0x7989</value>
         <object_component_ref idref="oc-283"/>
      </symbol>
      <symbol id="sm-3eb">
         <name>ObstacleMonitor_Init</name>
         <value>0x7649</value>
         <object_component_ref idref="oc-14d"/>
      </symbol>
      <symbol id="sm-3ec">
         <name>ObstacleMonitor_Update_20ms</name>
         <value>0x5d0d</value>
         <object_component_ref idref="oc-19c"/>
      </symbol>
      <symbol id="sm-3ed">
         <name>ObstacleMonitor_GetFeedback</name>
         <value>0x7991</value>
         <object_component_ref idref="oc-280"/>
      </symbol>
      <symbol id="sm-400">
         <name>ObstacleSafety_Init</name>
         <value>0x7665</value>
         <object_component_ref idref="oc-157"/>
      </symbol>
      <symbol id="sm-401">
         <name>ObstacleSafety_Update_20ms</name>
         <value>0x5589</value>
         <object_component_ref idref="oc-1a6"/>
      </symbol>
      <symbol id="sm-402">
         <name>ObstacleSafety_IsHolding</name>
         <value>0x7905</value>
         <object_component_ref idref="oc-2a1"/>
      </symbol>
      <symbol id="sm-473">
         <name>OLED_Init</name>
         <value>0x500d</value>
         <object_component_ref idref="oc-23b"/>
      </symbol>
      <symbol id="sm-474">
         <name>OLED_Clear</name>
         <value>0x2721</value>
         <object_component_ref idref="oc-240"/>
      </symbol>
      <symbol id="sm-475">
         <name>OLED_SetCursor</name>
         <value>0x72c1</value>
         <object_component_ref idref="oc-29b"/>
      </symbol>
      <symbol id="sm-476">
         <name>OLED_PrintChar</name>
         <value>0x50e1</value>
         <object_component_ref idref="oc-29d"/>
      </symbol>
      <symbol id="sm-477">
         <name>OLED_PrintString</name>
         <value>0x72f5</value>
         <object_component_ref idref="oc-29c"/>
      </symbol>
      <symbol id="sm-478">
         <name>OLED_PrintInt16</name>
         <value>0x4609</value>
         <object_component_ref idref="oc-2a0"/>
      </symbol>
      <symbol id="sm-479">
         <name>OLED_PrintBinary7</name>
         <value>0x6be9</value>
         <object_component_ref idref="oc-2a4"/>
      </symbol>
      <symbol id="sm-4de">
         <name>OledUi_Init</name>
         <value>0x7911</value>
         <object_component_ref idref="oc-167"/>
      </symbol>
      <symbol id="sm-4df">
         <name>OledUi_Update_20ms</name>
         <value>0xc1</value>
         <object_component_ref idref="oc-1b2"/>
      </symbol>
      <symbol id="sm-4f8">
         <name>Servo_Init</name>
         <value>0x746d</value>
         <object_component_ref idref="oc-15c"/>
      </symbol>
      <symbol id="sm-4f9">
         <name>Servo_SetAngleDeg</name>
         <value>0x70b1</value>
         <object_component_ref idref="oc-19e"/>
      </symbol>
      <symbol id="sm-4fa">
         <name>Servo_Tick100us</name>
         <value>0x6f31</value>
         <object_component_ref idref="oc-66"/>
      </symbol>
      <symbol id="sm-4fb">
         <name>Servo_GetFeedback</name>
         <value>0x7999</value>
         <object_component_ref idref="oc-263"/>
      </symbol>
      <symbol id="sm-514">
         <name>TrackSensor_Init</name>
         <value>0x5d0b</value>
         <object_component_ref idref="oc-147"/>
      </symbol>
      <symbol id="sm-515">
         <name>TrackSensor_ReadRaw</name>
         <value>0x6d59</value>
         <object_component_ref idref="oc-28f"/>
      </symbol>
      <symbol id="sm-516">
         <name>TrackSensor_CountBlack</name>
         <value>0x7441</value>
         <object_component_ref idref="oc-290"/>
      </symbol>
      <symbol id="sm-517">
         <name>TrackSensor_GetErrorFromRaw</name>
         <value>0x6935</value>
         <object_component_ref idref="oc-291"/>
      </symbol>
      <symbol id="sm-518">
         <name>TrackSensor_IsLineLost</name>
         <value>0x7947</value>
         <object_component_ref idref="oc-22d"/>
      </symbol>
      <symbol id="sm-519">
         <name>TrackSensor_IsLineDetected</name>
         <value>0x793d</value>
         <object_component_ref idref="oc-22c"/>
      </symbol>
      <symbol id="sm-51a">
         <name>TrackSensor_IsCenterDetected</name>
         <value>0x7933</value>
         <object_component_ref idref="oc-22e"/>
      </symbol>
      <symbol id="sm-51b">
         <name>TrackSensor_DetectTurn</name>
         <value>0x67f1</value>
         <object_component_ref idref="oc-1b0"/>
      </symbol>
      <symbol id="sm-541">
         <name>Ultrasonic_Init</name>
         <value>0x6e4d</value>
         <object_component_ref idref="oc-14c"/>
      </symbol>
      <symbol id="sm-542">
         <name>Ultrasonic_Tick100us</name>
         <value>0x3abd</value>
         <object_component_ref idref="oc-6b"/>
      </symbol>
      <symbol id="sm-543">
         <name>Ultrasonic_Update_20ms</name>
         <value>0x6ca5</value>
         <object_component_ref idref="oc-19b"/>
      </symbol>
      <symbol id="sm-544">
         <name>Ultrasonic_GetFeedback</name>
         <value>0x79a1</value>
         <object_component_ref idref="oc-262"/>
      </symbol>
      <symbol id="sm-545">
         <name>__TI_ATRegion0_src_addr</name>
         <value>0x0</value>
      </symbol>
      <symbol id="sm-546">
         <name>__TI_ATRegion0_trg_addr</name>
         <value>0x0</value>
      </symbol>
      <symbol id="sm-547">
         <name>__TI_ATRegion0_region_sz</name>
         <value>0x0</value>
      </symbol>
      <symbol id="sm-548">
         <name>__TI_ATRegion1_src_addr</name>
         <value>0x0</value>
      </symbol>
      <symbol id="sm-549">
         <name>__TI_ATRegion1_trg_addr</name>
         <value>0x0</value>
      </symbol>
      <symbol id="sm-54a">
         <name>__TI_ATRegion1_region_sz</name>
         <value>0x0</value>
      </symbol>
      <symbol id="sm-54b">
         <name>__TI_ATRegion2_src_addr</name>
         <value>0x0</value>
      </symbol>
      <symbol id="sm-54c">
         <name>__TI_ATRegion2_trg_addr</name>
         <value>0x0</value>
      </symbol>
      <symbol id="sm-54d">
         <name>__TI_ATRegion2_region_sz</name>
         <value>0x0</value>
      </symbol>
      <symbol id="sm-556">
         <name>DL_Common_delayCycles</name>
         <value>0x7929</value>
         <object_component_ref idref="oc-1e7"/>
      </symbol>
      <symbol id="sm-561">
         <name>_c_int00_noargs</name>
         <value>0x74bd</value>
         <object_component_ref idref="oc-55"/>
      </symbol>
      <symbol id="sm-562">
         <name>__stack</name>
         <value>0x20207e00</value>
         <object_component_ref idref="oc-1a"/>
      </symbol>
      <symbol id="sm-56e">
         <name>__TI_auto_init_nobinit_nopinit</name>
         <value>0x7165</value>
         <object_component_ref idref="oc-e3"/>
      </symbol>
      <symbol id="sm-576">
         <name>_system_pre_init</name>
         <value>0x79c3</value>
         <object_component_ref idref="oc-89"/>
      </symbol>
      <symbol id="sm-581">
         <name>__TI_zero_init_nomemset</name>
         <value>0x7729</value>
         <object_component_ref idref="oc-4c"/>
      </symbol>
      <symbol id="sm-58a">
         <name>__TI_decompress_none</name>
         <value>0x7809</value>
         <object_component_ref idref="oc-20"/>
      </symbol>
      <symbol id="sm-595">
         <name>__TI_decompress_lzss</name>
         <value>0x65a9</value>
         <object_component_ref idref="oc-1c"/>
      </symbol>
      <symbol id="sm-59f">
         <name>abort</name>
         <value>0x79b1</value>
         <object_component_ref idref="oc-dc"/>
      </symbol>
      <symbol id="sm-5a9">
         <name>HOSTexit</name>
         <value>0x79b7</value>
         <object_component_ref idref="oc-1bf"/>
      </symbol>
      <symbol id="sm-5aa">
         <name>C$$EXIT</name>
         <value>0x79b6</value>
         <object_component_ref idref="oc-1bf"/>
      </symbol>
      <symbol id="sm-5b0">
         <name>__aeabi_fadd</name>
         <value>0x4f3f</value>
         <object_component_ref idref="oc-17b"/>
      </symbol>
      <symbol id="sm-5b1">
         <name>__addsf3</name>
         <value>0x4f3f</value>
         <object_component_ref idref="oc-17b"/>
      </symbol>
      <symbol id="sm-5b2">
         <name>__aeabi_fsub</name>
         <value>0x4f35</value>
         <object_component_ref idref="oc-17b"/>
      </symbol>
      <symbol id="sm-5b3">
         <name>__subsf3</name>
         <value>0x4f35</value>
         <object_component_ref idref="oc-17b"/>
      </symbol>
      <symbol id="sm-5b9">
         <name>__aeabi_fmul</name>
         <value>0x609d</value>
         <object_component_ref idref="oc-17f"/>
      </symbol>
      <symbol id="sm-5ba">
         <name>__mulsf3</name>
         <value>0x609d</value>
         <object_component_ref idref="oc-17f"/>
      </symbol>
      <symbol id="sm-5c0">
         <name>__aeabi_fdiv</name>
         <value>0x6239</value>
         <object_component_ref idref="oc-186"/>
      </symbol>
      <symbol id="sm-5c1">
         <name>__divsf3</name>
         <value>0x6239</value>
         <object_component_ref idref="oc-186"/>
      </symbol>
      <symbol id="sm-5c7">
         <name>__aeabi_f2lz</name>
         <value>0x6b89</value>
         <object_component_ref idref="oc-1db"/>
      </symbol>
      <symbol id="sm-5c8">
         <name>__fixsfdi</name>
         <value>0x6b89</value>
         <object_component_ref idref="oc-1db"/>
      </symbol>
      <symbol id="sm-5ce">
         <name>__aeabi_f2iz</name>
         <value>0x7289</value>
         <object_component_ref idref="oc-24e"/>
      </symbol>
      <symbol id="sm-5cf">
         <name>__fixsfsi</name>
         <value>0x7289</value>
         <object_component_ref idref="oc-24e"/>
      </symbol>
      <symbol id="sm-5d5">
         <name>__aeabi_i2f</name>
         <value>0x70ed</value>
         <object_component_ref idref="oc-177"/>
      </symbol>
      <symbol id="sm-5d6">
         <name>__floatsisf</name>
         <value>0x70ed</value>
         <object_component_ref idref="oc-177"/>
      </symbol>
      <symbol id="sm-5dc">
         <name>__aeabi_lmul</name>
         <value>0x7509</value>
         <object_component_ref idref="oc-1cf"/>
      </symbol>
      <symbol id="sm-5dd">
         <name>__muldi3</name>
         <value>0x7509</value>
         <object_component_ref idref="oc-1cf"/>
      </symbol>
      <symbol id="sm-5e3">
         <name>__aeabi_fcmpeq</name>
         <value>0x6a65</value>
         <object_component_ref idref="oc-16f"/>
      </symbol>
      <symbol id="sm-5e4">
         <name>__aeabi_fcmplt</name>
         <value>0x6a79</value>
         <object_component_ref idref="oc-16f"/>
      </symbol>
      <symbol id="sm-5e5">
         <name>__aeabi_fcmple</name>
         <value>0x6a8d</value>
         <object_component_ref idref="oc-16f"/>
      </symbol>
      <symbol id="sm-5e6">
         <name>__aeabi_fcmpge</name>
         <value>0x6aa1</value>
         <object_component_ref idref="oc-16f"/>
      </symbol>
      <symbol id="sm-5e7">
         <name>__aeabi_fcmpgt</name>
         <value>0x6ab5</value>
         <object_component_ref idref="oc-16f"/>
      </symbol>
      <symbol id="sm-5ed">
         <name>__aeabi_idiv</name>
         <value>0x6d01</value>
         <object_component_ref idref="oc-25a"/>
      </symbol>
      <symbol id="sm-5ee">
         <name>__aeabi_idivmod</name>
         <value>0x6d01</value>
         <object_component_ref idref="oc-25a"/>
      </symbol>
      <symbol id="sm-5f4">
         <name>__aeabi_ldivmod</name>
         <value>0x77e1</value>
         <object_component_ref idref="oc-1d7"/>
      </symbol>
      <symbol id="sm-5fa">
         <name>__aeabi_memcpy</name>
         <value>0x79a9</value>
         <object_component_ref idref="oc-45"/>
      </symbol>
      <symbol id="sm-5fb">
         <name>__aeabi_memcpy4</name>
         <value>0x79a9</value>
         <object_component_ref idref="oc-45"/>
      </symbol>
      <symbol id="sm-5fc">
         <name>__aeabi_memcpy8</name>
         <value>0x79a9</value>
         <object_component_ref idref="oc-45"/>
      </symbol>
      <symbol id="sm-603">
         <name>__aeabi_memclr</name>
         <value>0x791d</value>
         <object_component_ref idref="oc-84"/>
      </symbol>
      <symbol id="sm-604">
         <name>__aeabi_memclr4</name>
         <value>0x791d</value>
         <object_component_ref idref="oc-84"/>
      </symbol>
      <symbol id="sm-605">
         <name>__aeabi_memclr8</name>
         <value>0x791d</value>
         <object_component_ref idref="oc-84"/>
      </symbol>
      <symbol id="sm-60b">
         <name>__aeabi_uidiv</name>
         <value>0x6ff5</value>
         <object_component_ref idref="oc-ad"/>
      </symbol>
      <symbol id="sm-60c">
         <name>__aeabi_uidivmod</name>
         <value>0x6ff5</value>
         <object_component_ref idref="oc-ad"/>
      </symbol>
      <symbol id="sm-612">
         <name>__aeabi_uldivmod</name>
         <value>0x77f5</value>
         <object_component_ref idref="oc-1d3"/>
      </symbol>
      <symbol id="sm-61b">
         <name>__eqsf2</name>
         <value>0x71a1</value>
         <object_component_ref idref="oc-244"/>
      </symbol>
      <symbol id="sm-61c">
         <name>__lesf2</name>
         <value>0x71a1</value>
         <object_component_ref idref="oc-244"/>
      </symbol>
      <symbol id="sm-61d">
         <name>__ltsf2</name>
         <value>0x71a1</value>
         <object_component_ref idref="oc-244"/>
      </symbol>
      <symbol id="sm-61e">
         <name>__nesf2</name>
         <value>0x71a1</value>
         <object_component_ref idref="oc-244"/>
      </symbol>
      <symbol id="sm-61f">
         <name>__cmpsf2</name>
         <value>0x71a1</value>
         <object_component_ref idref="oc-244"/>
      </symbol>
      <symbol id="sm-620">
         <name>__gtsf2</name>
         <value>0x7129</value>
         <object_component_ref idref="oc-249"/>
      </symbol>
      <symbol id="sm-621">
         <name>__gesf2</name>
         <value>0x7129</value>
         <object_component_ref idref="oc-249"/>
      </symbol>
      <symbol id="sm-627">
         <name>__udivmoddi4</name>
         <value>0x5c69</value>
         <object_component_ref idref="oc-2f6"/>
      </symbol>
      <symbol id="sm-62d">
         <name>__muldsi3</name>
         <value>0x71dd</value>
         <object_component_ref idref="oc-255"/>
      </symbol>
      <symbol id="sm-633">
         <name>__aeabi_llsl</name>
         <value>0x760d</value>
         <object_component_ref idref="oc-333"/>
      </symbol>
      <symbol id="sm-634">
         <name>__ashldi3</name>
         <value>0x760d</value>
         <object_component_ref idref="oc-333"/>
      </symbol>
      <symbol id="sm-63d">
         <name>__divmoddi4</name>
         <value>0x7035</value>
         <object_component_ref idref="oc-2fb"/>
      </symbol>
      <symbol id="sm-649">
         <name>__aeabi_idiv0</name>
         <value>0x5e43</value>
         <object_component_ref idref="oc-10f"/>
      </symbol>
      <symbol id="sm-64a">
         <name>__aeabi_ldiv0</name>
         <value>0x62bb</value>
         <object_component_ref idref="oc-332"/>
      </symbol>
      <symbol id="sm-663">
         <name>memcpy</name>
         <value>0x5da9</value>
         <object_component_ref idref="oc-c4"/>
      </symbol>
      <symbol id="sm-672">
         <name>memset</name>
         <value>0x6ac7</value>
         <object_component_ref idref="oc-11b"/>
      </symbol>
      <symbol id="sm-673">
         <name>__TI_static_base__</name>
         <value>0x0</value>
      </symbol>
      <symbol id="sm-676">
         <name>__mpu_init</name>
         <value>0x0</value>
      </symbol>
      <symbol id="sm-677">
         <name>_system_post_cinit</name>
         <value>0x0</value>
      </symbol>
   </symbol_table>
   <title>Link successful</title>
</link_info>
