******************************************************************************
            TI ARM Clang Linker PC v4.0.4                      
******************************************************************************
>> Linked Thu Jul 23 17:15:28 2026

OUTPUT FILE NAME:   <diansaikaishi.out>
ENTRY POINT SYMBOL: "_c_int00_noargs"  address: 0000fd11


MEMORY CONFIGURATION

         name            origin    length      used     unused   attr    fill
----------------------  --------  ---------  --------  --------  ----  --------
  FLASH                 00000000   00020000  00011120  0000eee0  R  X
  SRAM                  20200000   00008000  00000e36  000071ca  RW X
  BCR_CONFIG            41c00000   000000ff  00000000  000000ff  R   
  BSL_CONFIG            41c00100   00000080  00000000  00000080  R   


SEGMENT ALLOCATION MAP

run origin  load origin   length   init length attrs members
----------  ----------- ---------- ----------- ----- -------
00000000    00000000    00011120   00011120    r-x
  00000000    00000000    000000c0   000000c0    r-- .intvecs
  000000c0    000000c0    000104f0   000104f0    r-x .text
  000105b0    000105b0    00000b40   00000b40    r-- .rodata
  000110f0    000110f0    00000030   00000030    r-- .cinit
20200000    20200000    00000c36   00000000    rw-
  20200000    20200000    00000c35   00000000    rw- .bss
  20200c35    20200c35    00000001   00000000    rw- .data
20207e00    20207e00    00000200   00000000    rw-
  20207e00    20207e00    00000200   00000000    rw- .stack


SECTION ALLOCATION MAP

 output                                  attributes/
section   page    origin      length       input sections
--------  ----  ----------  ----------   ----------------
.intvecs   0    00000000    000000c0     
                  00000000    000000c0     startup_mspm0g350x_ticlang.o (.intvecs)

.text      0    000000c0    000104f0     
                  000000c0    00002044     oled_ui.o (.text.OledUi_Update_20ms)
                  00002104    00001dd4     vision_tuning_console.o (.text.VisionTuningConsole_Process)
                  00003ed8    0000047c     gimbal_tracker.o (.text.GimbalTracker_Update)
                  00004354    00000448     motor_control.o (.text.update_wheel)
                  0000479c    0000041c     wheel_speed_estimator.o (.text.WheelSpeedEstimator_Update)
                  00004bb8    000003c0     line_controller.o (.text.LineController_Update)
                  00004f78    000003b0     vision_receiver.o (.text.VisionReceiver_Process)
                  00005328    000003a4     app_config.o (.text.AppConfig_LimitAll)
                  000056cc    00000388     gimbal_vision_yaw_tracker.o (.text.GimbalVisionYawTracker_Update10ms)
                  00005a54    0000037c     menu.o (.text.Menu_HandleKeyEvent)
                  00005dd0    00000370     gimbal.o (.text.gimbal_update_feedback)
                  00006140    00000340     obstacle_avoidance.o (.text.ObstacleAvoidance_Update_20ms)
                  00006480    00000310     vision_tuning_console.o (.text.append_scaled)
                  00006790    000002f0     imu.o (.text.mpu6050_read_regs)
                  00006a80    000002e4     runtime_snapshot.o (.text.RuntimeSnapshot_Update)
                  00006d64    000002d8     imu.o (.text.Imu_Init)
                  0000703c    000002a8     gimbal_tracker.o (.text.update_feedback)
                  000072e4    00000298     gimbal.o (.text.Gimbal_YawSetWrappedTargetDeg)
                  0000757c    00000294     gimbal.o (.text.Gimbal_YawUpdate5ms)
                  00007810    00000290     gimbal.o (.text.Gimbal_PitchSetTrackingSpeedDegS)
                  00007aa0    00000288     motor_control.o (.text.MotorControl_Update)
                  00007d28    00000278     car_controller.o (.text.handle_turn_to_yaw)
                  00007fa0    00000260     gimbal.o (.text.gimbal_pitch_set_target_steps)
                  00008200    00000254     oled.o (.text.OLED_Clear)
                  00008454    00000238     gimbal.o (.text.gimbal_pitch_update_feedback)
                  0000868c    00000234     motion_action.o (.text.MotionAction_Update_20ms)
                  000088c0    00000228     gimbal_vision_pitch_tracker.o (.text.GimbalVisionPitchTracker_Update10ms)
                  00008ae8    00000214     imu.o (.text.Imu_CalibrateGyroBias)
                  00008cfc    00000204     motor.o (.text.Motor_SetSpeed)
                  00008f00    000001f4     vision_protocol.o (.text.VisionProtocol_ParseV1TargetFrame)
                  000090f4    000001e4     motor_control.o (.text.config_is_valid)
                  000092d8    000001cc     imu.o (.text.imu_i2c_write_byte)
                  000094a4    000001bc     gimbal.o (.text.Gimbal_PitchUpdate5ms)
                  00009660    000001b8     oled.o (.text.oled_i2c_write_byte)
                  00009818    000001a0     ultrasonic.o (.text.Ultrasonic_Tick100us)
                  000099b8    00000194     gimbal_stepper.o (.text.GimbalStepper_Tick100us)
                  00009b4c    00000188     gimbal_vision_yaw_tracker.o (.text.GimbalVisionYawTracker_Enable)
                  00009cd4    00000184     app_config.o (.text.AppConfig_InitDefault)
                  00009e58    00000180     gimbal.o (.text.Gimbal_PitchTick100us)
                  00009fd8    0000017c     gimbal_stepper.o (.text.GimbalStepper_MoveToEstimatedSteps)
                  0000a154    00000174     key.o (.text.Key_Update_20ms)
                  0000a2c8    0000016c     gimbal.o (.text.Gimbal_Init)
                  0000a434    00000168     empty.o (.text.main)
                  0000a59c    00000164     heading_control.o (.text.HeadingControl_Update)
                  0000a700    00000160     gimbal.o (.text.gimbal_yaw_set_target_x10)
                  0000a860    00000160     car_controller.o (.text.handle_lost_recover)
                  0000a9c0    00000158     vision_tuning_console.o (.text.send_parameter_reply)
                  0000ab18    00000158     vision_tuning_console.o (.text.send_yaw_parameter_reply)
                  0000ac70    00000154     car_controller.o (.text.handle_seek_line)
                  0000adc4    00000150     car_controller.o (.text.CarController_Update_20ms)
                  0000af14    0000013c     oled.o (.text.OLED_PrintInt16)
                  0000b050    00000134     imu.o (.text.Imu_Update)
                  0000b184    00000134     car_controller.o (.text.handle_drive_heading)
                  0000b2b8    0000012c     imu.o (.text.imu_i2c_recover_bus)
                  0000b3e4    00000128     app.o (.text.App_Update_20ms)
                  0000b50c    00000128     gimbal.o (.text.Gimbal_YawEnableWorldLock)
                  0000b634    00000128     motion_action.o (.text.MotionAction_Start)
                  0000b75c    00000124     vision_tuning_console.o (.text.send_simple_reply)
                  0000b880    00000124     gimbal_vision_yaw_tracker.o (.text.sync_target_from_yaw)
                  0000b9a4    00000120     car_controller.o (.text.handle_follow_line)
                  0000bac4    00000108     car_controller.o (.text.handle_turn_90)
                  0000bbcc    00000104     driverlib.a : dl_timer.o (.text.DL_Timer_initFourCCPWMMode)
                  0000bcd0    00000100     motor_control.o (.text.MotorControl_SetNormalizedTarget)
                  0000bdd0    000000fc     gimbal.o (.text.Gimbal_PitchRelease)
                  0000becc    000000fc     mission_manager.o (.text.MissionManager_Update_20ms)
                  0000bfc8    000000fc     empty.o (.text.SysTick_Handler)
                  0000c0c4    000000f0     gimbal.o (.text.Gimbal_PitchStopHold)
                  0000c1b4    000000f0     mission_manager.o (.text.MissionManager_SelectNext)
                  0000c2a4    000000ec     gimbal_tracker.o (.text.sync_targets_from_gimbal)
                  0000c390    000000e8     vision_protocol.o (.text.fields_are_valid)
                  0000c478    000000e4     line_controller.o (.text.LineController_ResetControlState)
                  0000c55c    000000e0     line_controller.o (.text.LineController_Init)
                  0000c63c    000000e0     line_controller.o (.text.LineController_Reset)
                  0000c71c    000000e0     obstacle_safety.o (.text.ObstacleSafety_Update_20ms)
                  0000c7fc    000000dc     gimbal.o (.text.Gimbal_PitchConfirmZero)
                  0000c8d8    000000dc     ti_msp_dl_config.o (.text.SYSCFG_DL_GPIO_init)
                  0000c9b4    000000dc     oled_ui.o (.text.print_tuning_change_value)
                  0000ca90    000000d8     mission_manager.o (.text.MissionManager_SelectPrevious)
                  0000cb68    000000d8     oled.o (.text.OLED_PrintUInt16)
                  0000cc40    000000d8     wheel_speed_estimator.o (.text.WheelSpeedEstimator_Init)
                  0000cd18    000000d8     menu.o (.text.menu_adjust_param)
                  0000cdf0    000000d8     libclang_rt.builtins.a : addsf3.S.obj (.text)
                  0000cec8    000000d4     oled.o (.text.OLED_Init)
                  0000cf9c    000000d0     oled.o (.text.OLED_PrintChar)
                  0000d06c    000000c8     fault.o (.text.FaultCode_ToShortString)
                  0000d134    000000c8     gimbal.o (.text.Gimbal_YawConfirmZero)
                  0000d1fc    000000c0     car_controller.o (.text.CarController_StartSeekLine)
                  0000d2bc    000000bc     car_controller.o (.text.CarController_StartTurnToYawRelative)
                  0000d378    000000b4     car_controller.o (.text.CarController_StartDriveHeading)
                  0000d42c    000000b4     gimbal_stepper.o (.text.GimbalStepper_StopHold)
                  0000d4e0    000000b4     gimbal_vision_adapter.o (.text.GimbalVisionAdapter_Update)
                  0000d594    000000b0     gimbal_stepper.o (.text.GimbalStepper_Init)
                  0000d644    000000b0     gimbal.o (.text.Gimbal_PitchMoveRelativeDeg)
                  0000d6f4    000000a8     gimbal_vision_pitch_tracker.o (.text.GimbalVisionPitchTracker_Enable)
                  0000d79c    000000a4     encoder.o (.text.Encoder_HandleGpioInterrupt)
                  0000d840    000000a4     gimbal_vision_yaw_tracker.o (.text.wrap_deg_360)
                  0000d8e4    000000a2     libclang_rt.builtins.a : udivmoddi4.S.obj (.text)
                  0000d986    00000002     startup_mspm0g350x_ticlang.o (.text.Default_Handler)
                  0000d988    0000009c     car_controller.o (.text.CarController_StartFollowLine)
                  0000da24    0000009c     obstacle_monitor.o (.text.ObstacleMonitor_Update_20ms)
                  0000dac0    0000009a     libc.a : memcpy16.S.obj (.text:memcpy)
                  0000db5a    00000002     track_sensor.o (.text.TrackSensor_Init)
                  0000db5c    00000098     imu.o (.text.mpu6050_write_reg)
                  0000dbf4    00000090     car_controller.o (.text.CarController_Init)
                  0000dc84    00000090     car_controller.o (.text.CarController_StartTurnRight90)
                  0000dd14    0000008c     car_controller.o (.text.CarController_ResetRuntime)
                  0000dda0    0000008c     car_controller.o (.text.CarController_StartTurnLeft90)
                  0000de2c    0000008c     gimbal.o (.text.Gimbal_YawDisableWorldLock)
                  0000deb8    0000008c     gimbal.o (.text.Gimbal_YawStopHold)
                  0000df44    0000008c     ti_msp_dl_config.o (.text.SYSCFG_DL_PWM_MOTOR_init)
                  0000dfd0    0000008c     libclang_rt.builtins.a : mulsf3.S.obj (.text.__mulsf3)
                  0000e05c    00000004     libsysbm.a : hostexit.c.obj (.text.HOSTexit)
                  0000e060    00000088     libc.a : strcmp-armv6m.S.obj (.text:strcmp)
                  0000e0e8    00000084     gimbal_stepper.o (.text.GimbalStepper_ConfirmZero)
                  0000e16c    00000084     gimbal_tracker.o (.text.GimbalTracker_PushObservation)
                  0000e1f0    00000084     motor.o (.text.Motor_Init)
                  0000e274    00000082     app.o (.text.App_Init)
                  0000e2f6    00000082     mission_library.o (.text.MissionLibrary_Validate)
                  0000e378    00000082     libclang_rt.builtins.a : divsf3.S.obj (.text.__divsf3)
                  0000e3fa    00000002                            : aeabi_div0.c.obj (.text.__aeabi_idiv0)
                  0000e3fc    00000080     gimbal_tracker.o (.text.GimbalTracker_Init)
                  0000e47c    00000080     motor.o (.text.Motor_Stop)
                  0000e4fc    0000007c     car_controller.o (.text.CarController_SetSafetyHold)
                  0000e578    0000007c     vision_pitch_tuning.o (.text.VisionPitchTuning_Set)
                  0000e5f4    0000007c     libc.a : copy_decompress_lzss.c.obj (.text:decompress:lzss)
                  0000e670    00000078     oled.o (.text.oled_write_command)
                  0000e6e8    00000074     motor_control.o (.text.latch_control_error)
                  0000e75c    00000070     gimbal_stepper.o (.text.GimbalStepper_Release)
                  0000e7cc    00000070     menu.o (.text.Menu_GetParamValue)
                  0000e83c    00000070     ti_msp_dl_config.o (.text.SYSCFG_DL_UART_VISION_init)
                  0000e8ac    00000070     vision_yaw_tuning.o (.text.VisionYawTuning_Set)
                  0000e91c    0000006e     track_sensor.o (.text.TrackSensor_DetectTurn)
                  0000e98a    00000002     libclang_rt.builtins.a : aeabi_div0.c.obj (.text.__aeabi_ldiv0)
                  0000e98c    0000006c     gimbal_vision_yaw_tracker.o (.text.GimbalVisionYawTracker_Init)
                  0000e9f8    00000068     mission_manager.o (.text.MissionManager_GetSelectedMissionIndex)
                  0000ea60    00000066     track_sensor.o (.text.TrackSensor_GetErrorFromRaw)
                  0000eac6    00000002     --HOLE-- [fill = 0]
                  0000eac8    00000064     gimbal.o (.text.Gimbal_YawRelease)
                  0000eb2c    00000062     libclang_rt.builtins.a : aeabi_fcmp.S.obj (.text.__aeabi_fcmp)
                  0000eb8e    00000062     libc.a : memset16.S.obj (.text:memset)
                  0000ebf0    00000060     gimbal_tracker.o (.text.GimbalTracker_Enable)
                  0000ec50    00000060     gimbal_tracker.o (.text.GimbalTracker_GetFeedback)
                  0000ecb0    00000060     vision_tuning_console.o (.text.VisionTuningConsole_Init)
                  0000ed10    00000060     libclang_rt.builtins.a : fixsfdi.S.obj (.text.__fixsfdi)
                  0000ed70    00000060     motion_action.o (.text.motion_action_resolve_yaw_target)
                  0000edd0    0000005c     vision_uart.o (.text.UART3_IRQHandler)
                  0000ee2c    0000005c     ultrasonic.o (.text.Ultrasonic_Update_20ms)
                  0000ee88    0000005c     obstacle_avoidance.o (.text.avoid_fail)
                  0000eee4    00000058     gimbal.o (.text.Gimbal_YawMoveRelativeDeg)
                  0000ef3c    00000056     libclang_rt.builtins.a : aeabi_idivmod.S.obj (.text.__aeabi_idivmod)
                  0000ef92    00000002     --HOLE-- [fill = 0]
                  0000ef94    00000054     track_sensor.o (.text.TrackSensor_ReadRaw)
                  0000efe8    00000054     gimbal_vision_yaw_tracker.o (.text.float_to_scaled_i16)
                  0000f03c    00000054     gimbal_vision_yaw_tracker.o (.text.stop_owned_tracking)
                  0000f090    00000050     mission_manager.o (.text.MissionManager_Start)
                  0000f0e0    00000050     ultrasonic.o (.text.Ultrasonic_Init)
                  0000f130    00000050     watchdog_monitor.o (.text.WatchdogMonitor_ApplyFaultIfNeeded)
                  0000f180    0000004e     libclang_rt.builtins.a : floatdisf.S.obj (.text.__floatdisf)
                  0000f1ce    00000002     --HOLE-- [fill = 0]
                  0000f1d0    0000004c     motor_control.o (.text.MotorControl_Stop)
                  0000f21c    0000004c     watchdog_monitor.o (.text.WatchdogMonitor_Tick1msFromIsr)
                  0000f268    0000004a     obstacle_avoidance.o (.text.avoid_can_start)
                  0000f2b2    00000002     --HOLE-- [fill = 0]
                  0000f2b4    00000048     driverlib.a : dl_uart.o (.text.DL_UART_init)
                  0000f2fc    00000048     mission_manager.o (.text.MissionManager_Init)
                  0000f344    00000048     motion_action.o (.text.MotionAction_ReapplyControllerTarget)
                  0000f38c    00000044     encoder.o (.text.Encoder_GetAndClearPulseDeltas)
                  0000f3d0    00000044     servo.o (.text.Servo_Tick100us)
                  0000f414    00000040     emergency_stop.o (.text.EmergencyStop_Reset)
                  0000f454    00000040     gimbal_vision_pitch_tracker.o (.text.GimbalVisionPitchTracker_Init)
                  0000f494    00000040     ti_msp_dl_config.o (.text.SYSCFG_DL_SYSCTL_init)
                  0000f4d4    00000040     ti_msp_dl_config.o (.text.SYSCFG_DL_initPower)
                  0000f514    00000040     vision_receiver.o (.text.VisionReceiver_PushByteFromIsr)
                  0000f554    00000040     libclang_rt.builtins.a : aeabi_uidivmod.S.obj (.text.__aeabi_uidivmod)
                  0000f594    0000003e                            : divmoddi4.c.obj (.text.__divmoddi4)
                  0000f5d2    00000002     --HOLE-- [fill = 0]
                  0000f5d4    0000003c     gimbal_tracker.o (.text.GimbalTracker_ClearObservation)
                  0000f610    0000003c     servo.o (.text.Servo_SetAngleDeg)
                  0000f64c    0000003c     vision_tuning_console.o (.text.VisionTuningConsole_PushByteFromIsr)
                  0000f688    0000003c     libclang_rt.builtins.a : floatsisf.S.obj (.text.__floatsisf)
                  0000f6c4    0000003c                            : comparesf2.S.obj (.text.__gtsf2)
                  0000f700    0000003c     libc.a : autoinit.c.obj (.text:__TI_auto_init_nobinit_nopinit)
                  0000f73c    0000003a     libclang_rt.builtins.a : comparesf2.S.obj (.text.__eqsf2)
                  0000f776    00000002     --HOLE-- [fill = 0]
                  0000f778    0000003a                            : muldsi3.S.obj (.text.__muldsi3)
                  0000f7b2    00000002     --HOLE-- [fill = 0]
                  0000f7b4    00000038     vision_receiver.o (.text.VisionReceiver_Init)
                  0000f7ec    00000038     libclang_rt.builtins.a : fixsfsi.S.obj (.text.__fixsfsi)
                  0000f824    00000034     emergency_stop.o (.text.EmergencyStop_Trigger)
                  0000f858    00000034     mission_manager.o (.text.MissionManager_Cancel)
                  0000f88c    00000034     oled.o (.text.OLED_SetCursor)
                  0000f8c0    00000034     vision_tuning_console.o (.text.VisionTuningConsole_TryPopTxByte)
                  0000f8f4    00000034     vision_uart.o (.text.VisionUart_Process)
                  0000f928    00000034     obstacle_avoidance.o (.text.avoid_start)
                  0000f95c    00000032     oled.o (.text.OLED_PrintString)
                  0000f98e    00000002     --HOLE-- [fill = 0]
                  0000f990    00000030     fault.o (.text.Fault_Raise)
                  0000f9c0    00000030     gimbal_vision_yaw_tracker.o (.text.GimbalVisionYawTracker_GetFeedback)
                  0000f9f0    00000030     gimbal.o (.text.Gimbal_PitchGetFeedback)
                  0000fa20    00000030     key.o (.text.Key_Init)
                  0000fa50    00000030     line_controller.o (.text.LineController_ObserveSensors)
                  0000fa80    00000030     mission_manager.o (.text.MissionManager_Reset)
                  0000fab0    00000030     mission_manager.o (.text.MissionManager_Resume)
                  0000fae0    00000030     vision_pitch_tuning.o (.text.VisionPitchTuning_RestoreDefault)
                  0000fb10    00000030     watchdog_monitor.o (.text.WatchdogMonitor_Init)
                  0000fb40    00000030     gimbal_vision_yaw_tracker.o (.text.refresh_yaw_feedback)
                  0000fb70    0000002c     encoder.o (.text.Encoder_Reset)
                  0000fb9c    0000002c     track_sensor.o (.text.TrackSensor_CountBlack)
                  0000fbc8    0000002c     vision_yaw_tuning.o (.text.VisionYawTuning_RestoreDefault)
                  0000fbf4    0000002c     gimbal_vision_pitch_tracker.o (.text.speed_to_x10)
                  0000fc20    00000028     obstacle_avoidance.o (.text.ObstacleAvoidance_Init)
                  0000fc48    00000028     servo.o (.text.Servo_Init)
                  0000fc70    00000028     vision_pitch_tuning.o (.text.VisionPitchTuning_Init)
                  0000fc98    00000028     watchdog_monitor.o (.text.WatchdogMonitor_Reset)
                  0000fcc0    00000028     libclang_rt.builtins.a : floatunsisf.S.obj (.text.__floatunsisf)
                  0000fce8    00000028     libc.a : memmov.c.obj (.text.memmove)
                  0000fd10    00000028            : boot_cortex_m.c.obj (.text:_c_int00_noargs)
                  0000fd38    00000024     car_controller.o (.text.CarController_Stop)
                  0000fd5c    00000024     emergency_stop.o (.text.EmergencyStop_Enforce)
                  0000fd80    00000024     gimbal_vision_pitch_tracker.o (.text.GimbalVisionPitchTracker_GetFeedback)
                  0000fda4    00000024     mission_manager.o (.text.MissionManager_ReportExternalFailure)
                  0000fdc8    00000024     motor_control.o (.text.MotorControl_Init)
                  0000fdec    00000024     motor_control.o (.text.MotorControl_Reset)
                  0000fe10    00000024     ti_msp_dl_config.o (.text.SYSCFG_DL_init)
                  0000fe34    00000024     vision_yaw_tuning.o (.text.VisionYawTuning_Init)
                  0000fe58    00000024     libclang_rt.builtins.a : muldi3.S.obj (.text.__muldi3)
                  0000fe7c    00000020     driverlib.a : dl_timer.o (.text.DL_Timer_overrideCCPOut)
                  0000fe9c    00000020     debug_telemetry.o (.text.DebugTelemetry_Update)
                  0000febc    00000020     mission_manager.o (.text.MissionManager_Pause)
                  0000fedc    00000020     motion_action.o (.text.MotionAction_GetCurrentBypassDirection)
                  0000fefc    00000020     motion_action.o (.text.MotionAction_GetCurrentObstaclePolicy)
                  0000ff1c    00000020     motion_action.o (.text.MotionAction_Init)
                  0000ff3c    00000020     empty.o (.text.SchedulerMonitor_GetStats)
                  0000ff5c    00000020     vision_receiver.o (.text.VisionReceiver_GetProtocolErrorCount)
                  0000ff7c    00000020     menu.o (.text.menu_next_main_page)
                  0000ff9c    00000020     mission_manager.o (.text.mission_finish_error)
                  0000ffbc    0000001e     libclang_rt.builtins.a : ashldi3.S.obj (.text.__ashldi3)
                  0000ffda    00000002     --HOLE-- [fill = 0]
                  0000ffdc    0000001c     driverlib.a : dl_timer.o (.text.DL_Timer_setCaptCompUpdateMethod)
                  0000fff8    0000001c                 : dl_timer.o (.text.DL_Timer_setClockConfig)
                  00010014    0000001c     gimbal_vision_adapter.o (.text.GimbalVisionAdapter_Init)
                  00010030    0000001c     imu.o (.text.Imu_IsReady)
                  0001004c    0000001c     menu.o (.text.Menu_Init)
                  00010068    0000001c     obstacle_monitor.o (.text.ObstacleMonitor_Init)
                  00010084    0000001c     obstacle_safety.o (.text.ObstacleSafety_Init)
                  000100a0    0000001c     vision_pitch_tuning.o (.text.VisionPitchTuning_ParamName)
                  000100bc    0000001c     vision_yaw_tuning.o (.text.VisionYawTuning_GetSnapshot)
                  000100d8    0000001c     vision_yaw_tuning.o (.text.VisionYawTuning_ParamName)
                  000100f4    0000001c     watchdog_monitor.o (.text.WatchdogMonitor_NotifyControlCycleComplete)
                  00010110    0000001c     mission_manager.o (.text.mission_finish_success)
                  0001012c    00000018     car_controller.o (.text.CarController_RunModeToString)
                  00010144    00000018     driverlib.a : dl_timer.o (.text.DL_Timer_setCaptureCompareOutCtl)
                  0001015c    00000018     debug_telemetry.o (.text.DebugTelemetry_Init)
                  00010174    00000018     heading_control.o (.text.HeadingControl_SetTargetYaw)
                  0001018c    00000018     menu.o (.text.Menu_ParamItemToString)
                  000101a4    00000018     motion_action.o (.text.MotionAction_Cancel)
                  000101bc    00000018     runtime_snapshot.o (.text.RuntimeSnapshot_Init)
                  000101d4    00000016     libclang_rt.builtins.a : comparesf2.S.obj (.text.__unordsf2)
                  000101ea    00000002     --HOLE-- [fill = 0]
                  000101ec    00000014     fault.o (.text.Fault_Clear)
                  00010200    00000014     fault.o (.text.Fault_Init)
                  00010214    00000014     empty.o (.text.GROUP1_IRQHandler)
                  00010228    00000014     gimbal_stepper.o (.text.GimbalStepper_SetStepHalfPeriodTicks)
                  0001023c    00000014     heading_control.o (.text.HeadingControl_Enable)
                  00010250    00000014     heading_control.o (.text.HeadingControl_Init)
                  00010264    00000014     heading_control.o (.text.HeadingControl_Reset)
                  00010278    00000014     mission_library.o (.text.MissionLibrary_FindById)
                  0001028c    00000014     mission_library.o (.text.MissionLibrary_GetByIndex)
                  000102a0    00000014     mission_manager.o (.text.MissionManager_GetSelectedMissionId)
                  000102b4    00000014     vision_pitch_tuning.o (.text.VisionPitchTuning_GetSnapshot)
                  000102c8    00000014     vision_uart.o (.text.VisionUart_Init)
                  000102dc    00000014     libclang_rt.builtins.a : aeabi_ldivmod.S.obj (.text.__aeabi_ldivmod)
                  000102f0    00000014                            : aeabi_uldivmod.S.obj (.text.__aeabi_uldivmod)
                  00010304    00000012     driverlib.a : dl_uart.o (.text.DL_UART_setClockConfig)
                  00010316    00000012     libc.a : copy_decompress_none.c.obj (.text:decompress:none)
                  00010328    00000010     driverlib.a : dl_timer.o (.text.DL_Timer_setCaptureCompareValue)
                  00010338    00000010     gimbal.o (.text.Gimbal_YawGetFeedback)
                  00010348    00000010     key.o (.text.Key_GetEvent)
                  00010358    00000010     obstacle_avoidance.o (.text.ObstacleAvoidance_IsResumeGraceActive)
                  00010368    00000010     libc.a : copy_zero_init.c.obj (.text:decompress:ZI)
                  00010378    0000000c     car_controller.o (.text.CarController_GetRunMode)
                  00010384    0000000c     car_controller.o (.text.CarController_IsSafetyHoldActive)
                  00010390    0000000c     car_state.o (.text.CarState_Get)
                  0001039c    0000000c     car_state.o (.text.CarState_Init)
                  000103a8    0000000c     car_state.o (.text.CarState_Set)
                  000103b4    0000000c     emergency_stop.o (.text.EmergencyStop_Init)
                  000103c0    0000000c     emergency_stop.o (.text.EmergencyStop_IsActive)
                  000103cc    0000000c     gimbal_vision_adapter.o (.text.GimbalVisionAdapter_GetObservation)
                  000103d8    0000000c     gimbal.o (.text.Gimbal_Tick100us)
                  000103e4    0000000c     gimbal.o (.text.Gimbal_Update5ms)
                  000103f0    0000000c     imu.o (.text.Imu_GetCorrectedGyroZDps)
                  000103fc    0000000c     imu.o (.text.Imu_GetYaw)
                  00010408    0000000c     imu.o (.text.Imu_ResetYaw)
                  00010414    0000000c     menu.o (.text.Menu_GetPage)
                  00010420    0000000c     menu.o (.text.Menu_GetParamItem)
                  0001042c    0000000c     mission_manager.o (.text.MissionManager_IsExternallyHeld)
                  00010438    0000000c     mission_manager.o (.text.MissionManager_SetExternalHold)
                  00010444    0000000c     obstacle_avoidance.o (.text.ObstacleAvoidance_IsActive)
                  00010450    0000000c     obstacle_avoidance.o (.text.ObstacleAvoidance_IsFailed)
                  0001045c    0000000c     obstacle_safety.o (.text.ObstacleSafety_IsHolding)
                  00010468    0000000c     oled_ui.o (.text.OledUi_Init)
                  00010474    0000000c     empty.o (.text.SystemTime_GetMs)
                  00010480    0000000c     watchdog_monitor.o (.text.WatchdogMonitor_HasTripped)
                  0001048c    0000000c     libclang_rt.builtins.a : aeabi_memset.S.obj (.text.__aeabi_memclr)
                  00010498    0000000a     driverlib.a : dl_common.o (.text.DL_Common_delayCycles)
                  000104a2    0000000a     track_sensor.o (.text.TrackSensor_IsCenterDetected)
                  000104ac    0000000a     track_sensor.o (.text.TrackSensor_IsLineDetected)
                  000104b6    0000000a     track_sensor.o (.text.TrackSensor_IsLineLost)
                  000104c0    00000008     car_controller.o (.text.CarController_GetFeedback)
                  000104c8    00000008     fault.o (.text.Fault_GetRecord)
                  000104d0    00000008     gimbal_stepper.o (.text.GimbalStepper_GetFeedback)
                  000104d8    00000008     gimbal_vision_adapter.o (.text.GimbalVisionAdapter_GetFeedback)
                  000104e0    00000008     gimbal.o (.text.Gimbal_PitchStopTrackingHold)
                  000104e8    00000008     heading_control.o (.text.HeadingControl_GetRuntime)
                  000104f0    00000008     imu.o (.text.Imu_GetRuntime)
                  000104f8    00000008     line_controller.o (.text.LineController_GetRuntime)
                  00010500    00000008     mission_manager.o (.text.MissionManager_GetMissionCount)
                  00010508    00000008     mission_manager.o (.text.MissionManager_GetRuntime)
                  00010510    00000008     motion_action.o (.text.MotionAction_GetRuntime)
                  00010518    00000008     motor_control.o (.text.MotorControl_GetRuntime)
                  00010520    00000008     obstacle_avoidance.o (.text.ObstacleAvoidance_GetFeedback)
                  00010528    00000008     obstacle_monitor.o (.text.ObstacleMonitor_GetFeedback)
                  00010530    00000008     servo.o (.text.Servo_GetFeedback)
                  00010538    00000008     ultrasonic.o (.text.Ultrasonic_GetFeedback)
                  00010540    00000008     vision_pitch_tuning.o (.text.VisionPitchTuning_GetStatus)
                  00010548    00000008     vision_receiver.o (.text.VisionReceiver_GetObservation)
                  00010550    00000008     vision_receiver.o (.text.VisionReceiver_GetStatus)
                  00010558    00000008     vision_tuning_console.o (.text.VisionTuningConsole_GetStatus)
                  00010560    00000008     watchdog_monitor.o (.text.WatchdogMonitor_GetStatus)
                  00010568    00000008     wheel_speed_estimator.o (.text.WheelSpeedEstimator_GetRuntime)
                  00010570    00000008     libclang_rt.builtins.a : aeabi_memcpy.S.obj (.text.__aeabi_memcpy)
                  00010578    00000008                            : aeabi_memmove.S.obj (.text.__aeabi_memmove)
                  00010580    00000006     libc.a : exit.c.obj (.text:abort)
                  00010586    00000004     mission_library.o (.text.MissionLibrary_GetCount)
                  0001058a    00000004     startup_mspm0g350x_ticlang.o (.text.Reset_Handler)
                  0001058e    00000002     --HOLE-- [fill = 0]
                  00010590    00000010     libc.a : boot_cortex_m.c.obj (.tramp._c_int00_noargs.1)
                  000105a0    00000004            : pre_init.c.obj (.text._system_pre_init)
                  000105a4    0000000c     --HOLE-- [fill = 0]

.cinit     0    000110f0    00000030     
                  000110f0    0000000c     (__TI_handler_table)
                  000110fc    00000008     (.cinit..bss.load) [load image, compression = zero_init]
                  00011104    00000005     (.cinit..data.load) [load image, compression = lzss]
                  00011109    00000003     --HOLE-- [fill = 0]
                  0001110c    00000010     (__TI_cinit_table)
                  0001111c    00000004     --HOLE-- [fill = 0]

.rodata    0    000105b0    00000b40     
                  000105b0    000000d8     oled.o (.rodata..Lswitch.table.OLED_PrintChar)
                  00010688    000000a8     mission_library.o (.rodata.g_missionMapA)
                  00010730    000000a8     mission_library.o (.rodata.g_missionMapB)
                  000107d8    00000080     mission_library.o (.rodata.g_missionRegistry)
                  00010858    00000078     mission_library.o (.rodata.g_missionMapC)
                  000108d0    00000078     mission_library.o (.rodata.g_missionTestRight90Turn)
                  00010948    00000060     mission_library.o (.rodata.g_missionTestYawHeading)
                  000109a8    00000048     mission_library.o (.rodata.g_missionTestObstacleFixed)
                  000109f0    00000048     mission_library.o (.rodata.g_missionTestSeekThenFollow)
                  00010a38    00000048     mission_library.o (.rodata.g_missionTestStopOnly)
                  00010a80    00000034     mission_library.o (.rodata..Lswitch.table.MissionLibrary_FindById)
                  00010ab4    00000030     oled_ui.o (.rodata..Lswitch.table.OledUi_Update_20ms.166)
                  00010ae4    00000024     menu.o (.rodata..Lswitch.table.Menu_ParamItemToString)
                  00010b08    00000024     oled_ui.o (.rodata..Lswitch.table.OledUi_Update_20ms.170)
                  00010b2c    00000024     oled_ui.o (.rodata..Lswitch.table.OledUi_Update_20ms.172)
                  00010b50    00000020     oled_ui.o (.rodata..Lswitch.table.OledUi_Update_20ms.171)
                  00010b70    0000001c     car_controller.o (.rodata..Lswitch.table.CarController_RunModeToString)
                  00010b8c    0000001c     vision_tuning_console.o (.rodata.str1.1836208005852235077.1)
                  00010ba8    00000018     oled_ui.o (.rodata..Lswitch.table.OledUi_Update_20ms.173)
                  00010bc0    00000018     vision_pitch_tuning.o (.rodata..Lswitch.table.VisionPitchTuning_ParamName)
                  00010bd8    00000014     vision_yaw_tuning.o (.rodata..Lswitch.table.VisionYawTuning_ParamName)
                  00010bec    0000000e     oled_ui.o (.rodata.str1.10416366799939242409.1)
                  00010bfa    00000002     ti_msp_dl_config.o (.rodata.gUART_VISIONClockConfig)
                  00010bfc    0000000c     oled_ui.o (.rodata..Lswitch.table.OledUi_Update_20ms.165)
                  00010c08    0000000c     oled_ui.o (.rodata..Lswitch.table.OledUi_Update_20ms.167)
                  00010c14    0000000b     mission_library.o (.rodata.str1.1440970855772709381.1)
                  00010c1f    0000000b     mission_library.o (.rodata.str1.199678142196697465.1)
                  00010c2a    0000000a     ti_msp_dl_config.o (.rodata.gUART_VISIONConfig)
                  00010c34    0000000a     mission_library.o (.rodata.str1.11682660667400632204.1)
                  00010c3e    0000000a     vision_tuning_console.o (.rodata.str1.4859846923128959820.1)
                  00010c48    0000000a     vision_tuning_console.o (.rodata.str1.7225688704195888286.1)
                  00010c52    00000009     mission_library.o (.rodata.str1.13636476544574750902.1)
                  00010c5b    00000009     oled_ui.o (.rodata.str1.14134189893851348960.1)
                  00010c64    00000008     menu.o (.rodata.cst8)
                  00010c6c    00000008     ti_msp_dl_config.o (.rodata.gPWM_MOTORConfig)
                  00010c74    00000008     vision_tuning_console.o (.rodata.str1.11718269490974306969.1)
                  00010c7c    00000008     oled_ui.o (.rodata.str1.13750180467131823662.1)
                  00010c84    00000008     oled_ui.o (.rodata.str1.14521350379984854626.1)
                  00010c8c    00000008     mission_library.o (.rodata.str1.15668266851434757964.1)
                  00010c94    00000008     oled_ui.o (.rodata.str1.16895433903389883335.1)
                  00010c9c    00000008     vision_tuning_console.o (.rodata.str1.3293472937029561918.1)
                  00010ca4    00000008     oled_ui.o (.rodata.str1.3467953211977455017.1)
                  00010cac    00000007     vision_tuning_console.o (.rodata.str1.10860306953068020798.1)
                  00010cb3    00000007     oled_ui.o (.rodata.str1.11794000050372113979.1)
                  00010cba    00000007     oled_ui.o (.rodata.str1.14265077442249237877.1)
                  00010cc1    00000006     vision_tuning_console.o (.rodata.str1.10319329813075420582.1)
                  00010cc7    00000006     oled_ui.o (.rodata.str1.1108652269057166745.1)
                  00010ccd    00000006     oled_ui.o (.rodata.str1.11614055506586029288.1)
                  00010cd3    00000006     oled_ui.o (.rodata.str1.1445687256832830955.1)
                  00010cd9    00000006     mission_library.o (.rodata.str1.15604890807705439409.1)
                  00010cdf    00000006     oled_ui.o (.rodata.str1.15817398807211891688.1)
                  00010ce5    00000006     mission_library.o (.rodata.str1.1642528554392422750.1)
                  00010ceb    00000006     oled_ui.o (.rodata.str1.16496169091617228061.1)
                  00010cf1    00000006     oled_ui.o (.rodata.str1.2522137003438374266.1)
                  00010cf7    00000006     vision_tuning_console.o (.rodata.str1.4028100529439820245.1)
                  00010cfd    00000006     mission_library.o (.rodata.str1.4392264057376583881.1)
                  00010d03    00000006     oled_ui.o (.rodata.str1.5463568455719735.1)
                  00010d09    00000006     oled_ui.o (.rodata.str1.6350830172869379626.1)
                  00010d0f    00000006     oled_ui.o (.rodata.str1.799718701096035713.1)
                  00010d15    00000006     oled_ui.o (.rodata.str1.8471462185882660445.1)
                  00010d1b    00000006     oled_ui.o (.rodata.str1.8783421139296713095.1)
                  00010d21    00000005     menu.o (.rodata..Lswitch.table.Menu_HandleKeyEvent)
                  00010d26    00000005     oled.o (.rodata.oled_get_glyph.colon)
                  00010d2b    00000005     oled.o (.rodata.oled_get_glyph.eight)
                  00010d30    00000005     oled.o (.rodata.oled_get_glyph.five)
                  00010d35    00000005     oled.o (.rodata.oled_get_glyph.four)
                  00010d3a    00000005     oled.o (.rodata.oled_get_glyph.glyphA)
                  00010d3f    00000005     oled.o (.rodata.oled_get_glyph.glyphB)
                  00010d44    00000005     oled.o (.rodata.oled_get_glyph.glyphC)
                  00010d49    00000005     oled.o (.rodata.oled_get_glyph.glyphD)
                  00010d4e    00000005     oled.o (.rodata.oled_get_glyph.glyphE)
                  00010d53    00000005     oled.o (.rodata.oled_get_glyph.glyphG)
                  00010d58    00000005     oled.o (.rodata.oled_get_glyph.glyphH)
                  00010d5d    00000005     oled.o (.rodata.oled_get_glyph.glyphI)
                  00010d62    00000005     oled.o (.rodata.oled_get_glyph.glyphK)
                  00010d67    00000005     oled.o (.rodata.oled_get_glyph.glyphL)
                  00010d6c    00000005     oled.o (.rodata.oled_get_glyph.glyphM)
                  00010d71    00000005     oled.o (.rodata.oled_get_glyph.glyphN)
                  00010d76    00000005     oled.o (.rodata.oled_get_glyph.glyphO)
                  00010d7b    00000005     oled.o (.rodata.oled_get_glyph.glyphP)
                  00010d80    00000005     oled.o (.rodata.oled_get_glyph.glyphR)
                  00010d85    00000005     oled.o (.rodata.oled_get_glyph.glyphS)
                  00010d8a    00000005     oled.o (.rodata.oled_get_glyph.glyphT)
                  00010d8f    00000005     oled.o (.rodata.oled_get_glyph.glyphU)
                  00010d94    00000005     oled.o (.rodata.oled_get_glyph.glyphV)
                  00010d99    00000005     oled.o (.rodata.oled_get_glyph.glyphW)
                  00010d9e    00000005     oled.o (.rodata.oled_get_glyph.glyphX)
                  00010da3    00000005     oled.o (.rodata.oled_get_glyph.glyphY)
                  00010da8    00000005     oled.o (.rodata.oled_get_glyph.glyphb)
                  00010dad    00000005     oled.o (.rodata.oled_get_glyph.gt)
                  00010db2    00000005     oled.o (.rodata.oled_get_glyph.minus)
                  00010db7    00000005     oled.o (.rodata.oled_get_glyph.nine)
                  00010dbc    00000005     oled.o (.rodata.oled_get_glyph.one)
                  00010dc1    00000005     oled.o (.rodata.oled_get_glyph.seven)
                  00010dc6    00000005     oled.o (.rodata.oled_get_glyph.six)
                  00010dcb    00000005     oled.o (.rodata.oled_get_glyph.space)
                  00010dd0    00000005     oled.o (.rodata.oled_get_glyph.three)
                  00010dd5    00000005     oled.o (.rodata.oled_get_glyph.two)
                  00010dda    00000005     oled.o (.rodata.oled_get_glyph.zero)
                  00010ddf    00000005     oled_ui.o (.rodata.str1.10430294223631918979.1)
                  00010de4    00000005     oled_ui.o (.rodata.str1.10600688730180713177.1)
                  00010de9    00000005     oled_ui.o (.rodata.str1.11232419324784801130.1)
                  00010dee    00000005     oled_ui.o (.rodata.str1.11388022865931857840.1)
                  00010df3    00000005     oled_ui.o (.rodata.str1.11627403558423016802.1)
                  00010df8    00000005     oled_ui.o (.rodata.str1.12182588061437138428.1)
                  00010dfd    00000005     oled_ui.o (.rodata.str1.12504350857748951577.1)
                  00010e02    00000005     oled_ui.o (.rodata.str1.12697925274637991987.1)
                  00010e07    00000005     oled_ui.o (.rodata.str1.13790669171379415506.1)
                  00010e0c    00000005     vision_pitch_tuning.o (.rodata.str1.13915893147848268398.1)
                  00010e11    00000005     oled_ui.o (.rodata.str1.14358698208395374265.1)
                  00010e16    00000005     fault.o (.rodata.str1.14435905801345341244.1)
                  00010e1b    00000005     oled_ui.o (.rodata.str1.14740362735394205067.1)
                  00010e20    00000005     oled_ui.o (.rodata.str1.15008238333949226094.1)
                  00010e25    00000005     fault.o (.rodata.str1.1506612114648992996.1)
                  00010e2a    00000005     oled_ui.o (.rodata.str1.15577080202403550426.1)
                  00010e2f    00000005     oled_ui.o (.rodata.str1.15829239520183577662.1)
                  00010e34    00000005     oled_ui.o (.rodata.str1.15859922799842739878.1)
                  00010e39    00000005     car_controller.o (.rodata.str1.1652194605229746967.1)
                  00010e3e    00000005     oled_ui.o (.rodata.str1.16526439943277383452.1)
                  00010e43    00000005     fault.o (.rodata.str1.17097894860660336008.1)
                  00010e48    00000005     fault.o (.rodata.str1.17155043670132108083.1)
                  00010e4d    00000005     vision_tuning_console.o (.rodata.str1.17265544270347038021.1)
                  00010e52    00000005     oled_ui.o (.rodata.str1.17881291656140238186.1)
                  00010e57    00000005     fault.o (.rodata.str1.2104670281202025270.1)
                  00010e5c    00000005     oled_ui.o (.rodata.str1.240075016795266086.1)
                  00010e61    00000005     oled_ui.o (.rodata.str1.2983744876309220570.1)
                  00010e66    00000005     oled_ui.o (.rodata.str1.4082595774073207366.1)
                  00010e6b    00000005     car_controller.o (.rodata.str1.4164979912472006574.1)
                  00010e70    00000005     oled_ui.o (.rodata.str1.4193589846040060630.1)
                  00010e75    00000005     fault.o (.rodata.str1.4453281041433270631.1)
                  00010e7a    00000005     fault.o (.rodata.str1.4549004730087743662.1)
                  00010e7f    00000005     oled_ui.o (.rodata.str1.4581472623415959594.1)
                  00010e84    00000005     oled_ui.o (.rodata.str1.4581686099848791648.1)
                  00010e89    00000005     menu.o (.rodata.str1.4862307748908978627.1)
                  00010e8e    00000005     oled_ui.o (.rodata.str1.4932371652560868037.1)
                  00010e93    00000005     oled_ui.o (.rodata.str1.58703915094955230.1)
                  00010e98    00000005     fault.o (.rodata.str1.6372787129294360447.1)
                  00010e9d    00000005     fault.o (.rodata.str1.6437946768974223044.1)
                  00010ea2    00000005     oled_ui.o (.rodata.str1.6744096065564390185.1)
                  00010ea7    00000005     oled_ui.o (.rodata.str1.6806727740681590176.1)
                  00010eac    00000005     oled_ui.o (.rodata.str1.7419768602719733415.1)
                  00010eb1    00000005     vision_yaw_tuning.o (.rodata.str1.7764041101441114269.1)
                  00010eb6    00000005     fault.o (.rodata.str1.8185770893384132067.1)
                  00010ebb    00000005     oled_ui.o (.rodata.str1.8399051469953744892.1)
                  00010ec0    00000005     oled_ui.o (.rodata.str1.8403269972884532600.1)
                  00010ec5    00000005     oled_ui.o (.rodata.str1.8426569189266129334.1)
                  00010eca    00000005     car_controller.o (.rodata.str1.9234375891235759983.1)
                  00010ecf    00000005     oled_ui.o (.rodata.str1.9584387800903135389.1)
                  00010ed4    00000005     oled_ui.o (.rodata.str1.9822857334037886482.1)
                  00010ed9    00000005     car_controller.o (.rodata.str1.9981487771679760427.1)
                  00010ede    00000004     oled_ui.o (.rodata.str1.10077435089618835710.1)
                  00010ee2    00000004     oled_ui.o (.rodata.str1.1019225241002246410.1)
                  00010ee6    00000004     oled_ui.o (.rodata.str1.10509309789429088155.1)
                  00010eea    00000004     oled_ui.o (.rodata.str1.10907125332684471422.1)
                  00010eee    00000004     oled_ui.o (.rodata.str1.11149198520117834688.1)
                  00010ef2    00000004     oled_ui.o (.rodata.str1.11428648044669318875.1)
                  00010ef6    00000004     oled_ui.o (.rodata.str1.12043213579996415112.1)
                  00010efa    00000004     menu.o (.rodata.str1.12110183915172842339.1)
                  00010efe    00000004     oled_ui.o (.rodata.str1.12359577037488465078.1)
                  00010f02    00000004     car_controller.o (.rodata.str1.12442237994239546032.1)
                  00010f06    00000004     oled_ui.o (.rodata.str1.12493748764729730277.1)
                  00010f0a    00000004     oled_ui.o (.rodata.str1.12571791089077708471.1)
                  00010f0e    00000004     oled_ui.o (.rodata.str1.12617122458660443890.1)
                  00010f12    00000004     oled_ui.o (.rodata.str1.1276391367487699528.1)
                  00010f16    00000004     oled_ui.o (.rodata.str1.12928245060369742404.1)
                  00010f1a    00000004     oled_ui.o (.rodata.str1.12983537867572525563.1)
                  00010f1e    00000004     menu.o (.rodata.str1.13124720451672825294.1)
                  00010f22    00000004     oled_ui.o (.rodata.str1.13244290092665904221.1)
                  00010f26    00000004     oled_ui.o (.rodata.str1.13271657277589579873.1)
                  00010f2a    00000004     fault.o (.rodata.str1.13582094816268305212.1)
                  00010f2e    00000004     oled_ui.o (.rodata.str1.13871579367539052597.1)
                  00010f32    00000004     oled_ui.o (.rodata.str1.13882251010780863896.1)
                  00010f36    00000004     vision_tuning_console.o (.rodata.str1.14084955404328172175.1)
                  00010f3a    00000004     menu.o (.rodata.str1.14098755746347272832.1)
                  00010f3e    00000004     oled_ui.o (.rodata.str1.14132186318895045592.1)
                  00010f42    00000004     oled_ui.o (.rodata.str1.14556837007311414654.1)
                  00010f46    00000004     oled_ui.o (.rodata.str1.14711868471336838103.1)
                  00010f4a    00000004     oled_ui.o (.rodata.str1.15917848551323629232.1)
                  00010f4e    00000004     oled_ui.o (.rodata.str1.15935041339501476673.1)
                  00010f52    00000004     oled_ui.o (.rodata.str1.16290499236105125126.1)
                  00010f56    00000004     oled_ui.o (.rodata.str1.16411631209783952401.1)
                  00010f5a    00000004     fault.o (.rodata.str1.16482347271627360806.1)
                  00010f5e    00000004     oled_ui.o (.rodata.str1.16554583589798097927.1)
                  00010f62    00000004     vision_pitch_tuning.o (.rodata.str1.16579632732967443104.1)
                  00010f66    00000004     oled_ui.o (.rodata.str1.16849766574302683489.1)
                  00010f6a    00000004     oled_ui.o (.rodata.str1.16939060351352778619.1)
                  00010f6e    00000004     menu.o (.rodata.str1.17041139162815566052.1)
                  00010f72    00000004     car_controller.o (.rodata.str1.17172356789460551389.1)
                  00010f76    00000004     oled_ui.o (.rodata.str1.17274519358952562110.1)
                  00010f7a    00000004     oled_ui.o (.rodata.str1.17436941090773226089.1)
                  00010f7e    00000004     oled_ui.o (.rodata.str1.17717236995185551183.1)
                  00010f82    00000004     oled_ui.o (.rodata.str1.17763087492223448992.1)
                  00010f86    00000004     oled_ui.o (.rodata.str1.17763996158807330232.1)
                  00010f8a    00000004     oled_ui.o (.rodata.str1.17884296644359297425.1)
                  00010f8e    00000004     car_controller.o (.rodata.str1.18191498530309206443.1)
                  00010f92    00000004     oled_ui.o (.rodata.str1.182352409660151230.1)
                  00010f96    00000004     oled_ui.o (.rodata.str1.18266126048138325213.1)
                  00010f9a    00000004     oled_ui.o (.rodata.str1.18379317056176403938.1)
                  00010f9e    00000004     oled_ui.o (.rodata.str1.1974573040514735405.1)
                  00010fa2    00000004     oled_ui.o (.rodata.str1.2193316011307952170.1)
                  00010fa6    00000004     oled_ui.o (.rodata.str1.2308938766145545715.1)
                  00010faa    00000004     oled_ui.o (.rodata.str1.2656948373757303877.1)
                  00010fae    00000004     oled_ui.o (.rodata.str1.3025253791635144717.1)
                  00010fb2    00000004     oled_ui.o (.rodata.str1.3455423528827705371.1)
                  00010fb6    00000004     oled_ui.o (.rodata.str1.4402311448527872260.1)
                  00010fba    00000004     oled_ui.o (.rodata.str1.4551794666512319153.1)
                  00010fbe    00000004     oled_ui.o (.rodata.str1.4582914374586912483.1)
                  00010fc2    00000004     oled_ui.o (.rodata.str1.4610220316623841660.1)
                  00010fc6    00000004     oled_ui.o (.rodata.str1.4691821198597473371.1)
                  00010fca    00000004     oled_ui.o (.rodata.str1.4723632947289500520.1)
                  00010fce    00000004     menu.o (.rodata.str1.5155000645726596423.1)
                  00010fd2    00000004     oled_ui.o (.rodata.str1.5376340479846291137.1)
                  00010fd6    00000004     oled_ui.o (.rodata.str1.5853739094453432564.1)
                  00010fda    00000004     oled_ui.o (.rodata.str1.5965888106848176421.1)
                  00010fde    00000004     oled_ui.o (.rodata.str1.6835749436006845616.1)
                  00010fe2    00000004     oled_ui.o (.rodata.str1.6954814719705590448.1)
                  00010fe6    00000004     car_controller.o (.rodata.str1.702403006289709404.1)
                  00010fea    00000004     oled_ui.o (.rodata.str1.7219546930854689545.1)
                  00010fee    00000004     fault.o (.rodata.str1.7255546073596598018.1)
                  00010ff2    00000004     oled_ui.o (.rodata.str1.7481335054564682966.1)
                  00010ff6    00000004     oled_ui.o (.rodata.str1.763101100280173925.1)
                  00010ffa    00000004     oled_ui.o (.rodata.str1.8018480777946742726.1)
                  00010ffe    00000004     oled_ui.o (.rodata.str1.8124536758062367015.1)
                  00011002    00000004     oled_ui.o (.rodata.str1.8236579331345056500.1)
                  00011006    00000004     oled_ui.o (.rodata.str1.8449035241871861290.1)
                  0001100a    00000004     oled_ui.o (.rodata.str1.8693388333057100694.1)
                  0001100e    00000004     oled_ui.o (.rodata.str1.8950259614286592359.1)
                  00011012    00000004     oled_ui.o (.rodata.str1.9102528229756940648.1)
                  00011016    00000004     oled_ui.o (.rodata.str1.9135818829835424837.1)
                  0001101a    00000004     oled_ui.o (.rodata.str1.9159586779647977165.1)
                  0001101e    00000004     oled_ui.o (.rodata.str1.9229350655415085.1)
                  00011022    00000004     vision_tuning_console.o (.rodata.str1.9292707793305368794.1)
                  00011026    00000004     oled_ui.o (.rodata.str1.9295666102996717355.1)
                  0001102a    00000004     oled_ui.o (.rodata.str1.9351772214919528733.1)
                  0001102e    00000004     vision_yaw_tuning.o (.rodata.str1.9489746196023004463.1)
                  00011032    00000004     menu.o (.rodata.str1.9546740394641817443.1)
                  00011036    00000004     oled_ui.o (.rodata.str1.9554470707595806150.1)
                  0001103a    00000004     oled_ui.o (.rodata.str1.9611283282870761829.1)
                  0001103e    00000004     oled_ui.o (.rodata.str1.9646571805098343045.1)
                  00011042    00000004     oled_ui.o (.rodata.str1.967006512144173535.1)
                  00011046    00000004     oled_ui.o (.rodata.str1.9854382722193312766.1)
                  0001104a    00000003     ti_msp_dl_config.o (.rodata.gPWM_MOTORClockConfig)
                  0001104d    00000003     oled_ui.o (.rodata.str1.10263419832828250601.1)
                  00011050    00000003     vision_pitch_tuning.o (.rodata.str1.10553819018306626402.1)
                  00011053    00000003     oled_ui.o (.rodata.str1.10568433575767188072.1)
                  00011056    00000003     oled_ui.o (.rodata.str1.11178346780556493352.1)
                  00011059    00000003     vision_tuning_console.o (.rodata.str1.12197883643583142124.1)
                  0001105c    00000003     oled_ui.o (.rodata.str1.12888220461447056082.1)
                  0001105f    00000003     oled_ui.o (.rodata.str1.130772507669342127.1)
                  00011062    00000003     oled_ui.o (.rodata.str1.13567883086814673087.1)
                  00011065    00000003     oled_ui.o (.rodata.str1.13875148296791986931.1)
                  00011068    00000003     oled_ui.o (.rodata.str1.14774750633985060196.1)
                  0001106b    00000003     vision_pitch_tuning.o (.rodata.str1.15082469624955958926.1)
                  0001106e    00000003     oled_ui.o (.rodata.str1.15132332204781002199.1)
                  00011071    00000003     vision_yaw_tuning.o (.rodata.str1.15455206247194842411.1)
                  00011074    00000003     oled_ui.o (.rodata.str1.15575624326185233262.1)
                  00011077    00000003     oled_ui.o (.rodata.str1.15613891207764622616.1)
                  0001107a    00000003     oled_ui.o (.rodata.str1.15802367878353263018.1)
                  0001107d    00000003     menu.o (.rodata.str1.16312125044762562515.1)
                  00011080    00000003     vision_tuning_console.o (.rodata.str1.16336339630363933256.1)
                  00011083    00000003     oled_ui.o (.rodata.str1.16931641404301806744.1)
                  00011086    00000003     vision_pitch_tuning.o (.rodata.str1.17185918124541117546.1)
                  00011089    00000003     oled_ui.o (.rodata.str1.17464849429964608858.1)
                  0001108c    00000003     oled_ui.o (.rodata.str1.17540787658903907660.1)
                  0001108f    00000003     oled_ui.o (.rodata.str1.17812014771544466701.1)
                  00011092    00000003     vision_pitch_tuning.o (.rodata.str1.18308346119964257230.1)
                  00011095    00000003     vision_pitch_tuning.o (.rodata.str1.2353024170771920291.1)
                  00011098    00000003     oled_ui.o (.rodata.str1.2603845803395459882.1)
                  0001109b    00000003     oled_ui.o (.rodata.str1.2608729314174233125.1)
                  0001109e    00000003     oled_ui.o (.rodata.str1.270145429241168923.1)
                  000110a1    00000003     oled_ui.o (.rodata.str1.2742282290834473644.1)
                  000110a4    00000003     oled_ui.o (.rodata.str1.3407221357956504873.1)
                  000110a7    00000003     oled_ui.o (.rodata.str1.35417727660486075.1)
                  000110aa    00000003     oled_ui.o (.rodata.str1.3702290527496711532.1)
                  000110ad    00000003     vision_yaw_tuning.o (.rodata.str1.4032468970572441659.1)
                  000110b0    00000003     menu.o (.rodata.str1.4646809750356241979.1)
                  000110b3    00000003     oled_ui.o (.rodata.str1.5291836437463020264.1)
                  000110b6    00000003     oled_ui.o (.rodata.str1.5689016102676777062.1)
                  000110b9    00000003     oled_ui.o (.rodata.str1.5965450730569173784.1)
                  000110bc    00000003     vision_yaw_tuning.o (.rodata.str1.6393086909333857079.1)
                  000110bf    00000003     vision_yaw_tuning.o (.rodata.str1.6657421771701333087.1)
                  000110c2    00000003     menu.o (.rodata.str1.6857549598058878762.1)
                  000110c5    00000003     oled_ui.o (.rodata.str1.7050595558965647569.1)
                  000110c8    00000003     oled_ui.o (.rodata.str1.7185587941321649510.1)
                  000110cb    00000003     oled_ui.o (.rodata.str1.7774807581888385879.1)
                  000110ce    00000003     fault.o (.rodata.str1.8193046109637024842.1)
                  000110d1    00000003     oled_ui.o (.rodata.str1.8460525935980491721.1)
                  000110d4    00000003     oled_ui.o (.rodata.str1.8709745090823444516.1)
                  000110d7    00000003     oled_ui.o (.rodata.str1.9250665025187963892.1)
                  000110da    00000003     oled_ui.o (.rodata.str1.9544068167406571052.1)
                  000110dd    00000003     oled_ui.o (.rodata.str1.9992244628984851027.1)
                  000110e0    00000002     oled_ui.o (.rodata.str1.12595606217184830646.1)
                  000110e2    00000002     oled_ui.o (.rodata.str1.16635595130967924751.1)
                  000110e4    00000002     oled_ui.o (.rodata.str1.17242430504649735449.1)
                  000110e6    00000002     oled_ui.o (.rodata.str1.5004483696121082904.1)
                  000110e8    00000002     oled_ui.o (.rodata.str1.6473435968988645044.1)
                  000110ea    00000006     --HOLE-- [fill = 0]

.init_array 
*          0    00000000    00000000     UNINITIALIZED

.binit     0    00000000    00000000     

.bss       0    20200000    00000c35     UNINITIALIZED
                  20200000    00000200     vision_receiver.o (.bss.g_ring)
                  20200200    00000128     runtime_snapshot.o (.bss.g_snapshot)
                  20200328    00000100     vision_tuning_console.o (.bss.g_rxRing)
                  20200428    00000100     vision_tuning_console.o (.bss.g_txRing)
                  20200528    000000c8     (.common:g_appConfig)
                  202005f0    0000007c     motor_control.o (.bss.g_runtime)
                  2020066c    00000058     vision_receiver.o (.bss.g_status)
                  202006c4    00000004     gimbal_tracker.o (.bss.g_filteredErrorX)
                  202006c8    00000058     (.common:g_wheelSpeedEstimatorRuntime)
                  20200720    00000048     gimbal_vision_adapter.o (.bss.g_feedback)
                  20200768    00000040     gimbal.o (.bss.g_feedback)
                  202007a8    00000040     vision_tuning_console.o (.bss.g_line)
                  202007e8    00000040     gimbal.o (.bss.g_pitchFeedback)
                  20200828    00000040     (.common:g_appRuntime)
                  20200868    00000034     line_controller.o (.bss.g_lineRuntime)
                  2020089c    00000030     (.common:gUART_VISIONBackup)
                  202008cc    0000002c     vision_receiver.o (.bss.g_observation)
                  202008f8    0000002c     empty.o (.bss.g_schedulerStats)
                  20200924    00000028     gimbal_tracker.o (.bss.g_feedback)
                  2020094c    00000028     vision_receiver.o (.bss.g_frame)
                  20200974    00000028     (.common:g_imuRuntime)
                  2020099c    00000024     gimbal_vision_yaw_tracker.o (.bss.g_feedback)
                  202009c0    00000020     mission_manager.o (.bss.g_missionRuntime)
                  202009e0    00000018     obstacle_avoidance.o (.bss.g_avoidFeedback)
                  202009f8    00000018     gimbal_stepper.o (.bss.g_feedback)
                  20200a10    00000018     gimbal_vision_pitch_tracker.o (.bss.g_feedback)
                  20200a28    00000018     vision_pitch_tuning.o (.bss.g_status)
                  20200a40    00000018     vision_tuning_console.o (.bss.g_status)
                  20200a58    00000014     motion_action.o (.bss.g_motionActionRuntime)
                  20200a6c    00000004     gimbal_tracker.o (.bss.g_filteredErrorY)
                  20200a70    00000014     vision_yaw_tuning.o (.bss.g_status)
                  20200a84    00000014     watchdog_monitor.o (.bss.g_status)
                  20200a98    00000014     (.common:g_headingRuntime)
                  20200aac    00000010     fault.o (.bss.g_faultRecord)
                  20200abc    00000010     motor.o (.bss.g_motorRuntime)
                  20200acc    0000000e     car_controller.o (.bss.g_carControllerFeedback)
                  20200ada    00000002     ultrasonic.o (.bss.g_echoTicks)
                  20200adc    0000000e     ultrasonic.o (.bss.g_ultrasonicFeedback)
                  20200aea    00000002     gimbal.o (.bss.g_pitchHalfPeriodTicks)
                  20200aec    0000000c     gimbal_tracker.o (.bss.g_observation)
                  20200af8    0000000c     debug_telemetry.o (.bss.g_status)
                  20200b04    00000008     obstacle_monitor.o (.bss.g_obstacleFeedback)
                  20200b0c    00000004     gimbal_vision_adapter.o (.bss.g_lastAcceptedFrameCount)
                  20200b10    00000008     gimbal.o (.bss.g_pitchContinuousDegX10)
                  20200b18    00000008     gimbal.o (.bss.g_pitchEstimatedSteps)
                  20200b20    00000008     gimbal.o (.bss.g_pitchTargetDegX10)
                  20200b28    00000008     gimbal.o (.bss.g_pitchTargetEstimatedSteps)
                  20200b30    00000008     gimbal_stepper.o (.bss.g_stepperEstimatedSteps)
                  20200b38    00000008     gimbal_stepper.o (.bss.g_stepperTargetEstimatedSteps)
                  20200b40    00000008     gimbal.o (.bss.g_yawContinuousDegX10)
                  20200b48    00000008     gimbal.o (.bss.g_yawLockedWorldYawDegX10)
                  20200b50    00000008     gimbal.o (.bss.g_yawTargetContinuousDegX10)
                  20200b58    00000008     gimbal.o (.bss.g_yawWorldTargetDegX10)
                  20200b60    00000008     gimbal.o (.bss.g_yawWrappedDegX10)
                  20200b68    00000006     ultrasonic.o (.bss.g_distanceSamples)
                  20200b6e    00000006     key.o (.bss.g_key1)
                  20200b74    00000006     key.o (.bss.g_key2)
                  20200b7a    00000006     key.o (.bss.g_key3)
                  20200b80    00000004     debug_telemetry.o (.bss.g_lastFrameMs)
                  20200b84    00000004     watchdog_monitor.o (.bss.g_lastTickMs)
                  20200b88    00000004     wheel_speed_estimator.o (.bss.g_latchedErrorFlags)
                  20200b8c    00000004     empty.o (.bss.g_localTimeMs)
                  20200b90    00000004     motion_action.o (.bss.g_motionActionStartYawDeg)
                  20200b94    00000004     encoder.o (.bss.g_motorAPulses)
                  20200b98    00000004     encoder.o (.bss.g_motorBPulses)
                  20200b9c    00000004     gimbal.o (.bss.g_pitchCommandedRpm)
                  20200ba0    00000004     gimbal.o (.bss.g_pitchCompletedSteps)
                  20200ba4    00000004     gimbal_tracker.o (.bss.g_pitchTargetDeg)
                  20200ba8    00000004     gimbal.o (.bss.g_pitchTargetRpm)
                  20200bac    00000004     gimbal.o (.bss.g_pitchTrackingTargetRpm)
                  20200bb0    00000004     servo.o (.bss.g_servoFeedback)
                  20200bb4    00000004     gimbal_vision_yaw_tracker.o (.bss.g_sessionId)
                  20200bb8    00000004     gimbal_stepper.o (.bss.g_stepperCompletedSteps)
                  20200bbc    00000004     gimbal_vision_yaw_tracker.o (.bss.g_targetWrappedDeg)
                  20200bc0    00000004     gimbal.o (.bss.g_yawCommandedRpm)
                  20200bc4    00000004     gimbal.o (.bss.g_yawTargetRpm)
                  20200bc8    00000004     gimbal_tracker.o (.bss.g_yawTargetWrappedDeg)
                  20200bcc    00000004     empty.o (.bss.main.lastAppUpdateMs)
                  20200bd0    00000002     gimbal.o (.bss.g_pitchStepHalfPeriodTicks)
                  20200bd2    00000002     obstacle_avoidance.o (.bss.g_resumeGraceMs)
                  20200bd4    00000002     vision_receiver.o (.bss.g_ringHead)
                  20200bd6    00000002     vision_receiver.o (.bss.g_ringTail)
                  20200bd8    00000002     vision_tuning_console.o (.bss.g_rxHead)
                  20200bda    00000002     vision_tuning_console.o (.bss.g_rxTail)
                  20200bdc    00000002     servo.o (.bss.g_servoPwmPhase)
                  20200bde    00000002     ultrasonic.o (.bss.g_stateTicks)
                  20200be0    00000002     gimbal_stepper.o (.bss.g_stepperHalfPeriodTicks)
                  20200be2    00000002     gimbal_stepper.o (.bss.g_stepperStepHalfPeriodTicks)
                  20200be4    00000002     vision_tuning_console.o (.bss.g_txHead)
                  20200be6    00000002     vision_tuning_console.o (.bss.g_txTail)
                  20200be8    00000002     menu.o (.bss.menu_handle_status_key.trackerSequence)
                  20200bea    00000002     (.common:g_trackError)
                  20200bec    00000001     oled_ui.o (.bss.OledUi_Update_20ms.refreshDivider)
                  20200bed    00000001     empty.o (.bss.SysTick_Handler.controlMsCount)
                  20200bee    00000001     empty.o (.bss.SysTick_Handler.gimbalMsCount)
                  20200bef    00000001     empty.o (.bss.SysTick_Handler.tick100usCount)
                  20200bf0    00000001     empty.o (.bss.SysTick_Handler.trackerMsCount)
                  20200bf1    00000001     ultrasonic.o (.bss.Ultrasonic_Update_20ms.triggerDivider)
                  20200bf2    00000001     empty.o (.bss.g_appUpdatePending)
                  20200bf3    00000001     vision_tuning_console.o (.bss.g_capturing)
                  20200bf4    00000001     car_state.o (.bss.g_carState)
                  20200bf5    00000001     obstacle_monitor.o (.bss.g_centerSettleTicks)
                  20200bf6    00000001     vision_tuning_console.o (.bss.g_commandTarget)
                  20200bf7    00000001     ultrasonic.o (.bss.g_distanceSampleCount)
                  20200bf8    00000001     ultrasonic.o (.bss.g_distanceSampleIndex)
                  20200bf9    00000001     emergency_stop.o (.bss.g_emergencyStopActive)
                  20200bfa    00000001     gimbal_tracker.o (.bss.g_enabled)
                  20200bfb    00000001     gimbal_vision_pitch_tracker.o (.bss.g_enabled)
                  20200bfc    00000001     gimbal_vision_yaw_tracker.o (.bss.g_enabled)
                  20200bfd    00000001     watchdog_monitor.o (.bss.g_faultApplied)
                  20200bfe    00000001     watchdog_monitor.o (.bss.g_faultPending)
                  20200bff    00000001     gimbal_tracker.o (.bss.g_filterReady)
                  20200c00    00000001     vision_receiver.o (.bss.g_frameSize)
                  20200c01    00000001     empty.o (.bss.g_gimbalUpdatePending)
                  20200c02    00000001     wheel_speed_estimator.o (.bss.g_leftFilterInitialized)
                  20200c03    00000001     vision_tuning_console.o (.bss.g_lineSize)
                  20200c04    00000001     obstacle_safety.o (.bss.g_obstacleSafetyHolding)
                  20200c05    00000001     oled.o (.bss.g_oledColumn)
                  20200c06    00000001     menu.o (.bss.g_oledPage)
                  20200c07    00000001     encoder.o (.bss.g_overflowFlags)
                  20200c08    00000001     menu.o (.bss.g_paramItem)
                  20200c09    00000001     menu.o (.bss.g_paramReturnPage)
                  20200c0a    00000001     key.o (.bss.g_pendingEvent)
                  20200c0b    00000001     gimbal.o (.bss.g_pitchControlMode)
                  20200c0c    00000001     gimbal.o (.bss.g_pitchDirection)
                  20200c0d    00000001     gimbal.o (.bss.g_pitchInitialized)
                  20200c0e    00000001     gimbal.o (.bss.g_pitchLimitClamped)
                  20200c0f    00000001     gimbal.o (.bss.g_pitchLimitDirection)
                  20200c10    00000001     gimbal.o (.bss.g_pitchPositionValid)
                  20200c11    00000001     gimbal.o (.bss.g_pitchRunning)
                  20200c12    00000001     gimbal.o (.bss.g_pitchStepHigh)
                  20200c13    00000001     gimbal.o (.bss.g_pitchStopAfterStepLow)
                  20200c14    00000001     vision_tuning_console.o (.bss.g_prefixIndex)
                  20200c15    00000001     vision_tuning_console.o (.bss.g_prefixTarget)
                  20200c16    00000001     wheel_speed_estimator.o (.bss.g_rightFilterInitialized)
                  20200c17    00000001     car_controller.o (.bss.g_safetyHold)
                  20200c18    00000001     gimbal_vision_yaw_tracker.o (.bss.g_sessionInitialized)
                  20200c19    00000001     gimbal_tracker.o (.bss.g_simObservationUpdatesRemaining)
                  20200c1a    00000001     obstacle_avoidance.o (.bss.g_stateStarted)
                  20200c1b    00000001     gimbal_stepper.o (.bss.g_stepperDirection)
                  20200c1c    00000001     gimbal_stepper.o (.bss.g_stepperRunning)
                  20200c1d    00000001     gimbal_stepper.o (.bss.g_stepperStepHigh)
                  20200c1e    00000001     gimbal_stepper.o (.bss.g_stepperStopAfterStepLow)
                  20200c1f    00000001     motor_control.o (.bss.g_targetRefreshed)
                  20200c20    00000001     gimbal_vision_yaw_tracker.o (.bss.g_targetSynced)
                  20200c21    00000001     gimbal_tracker.o (.bss.g_targetValid)
                  20200c22    00000001     gimbal_tracker.o (.bss.g_targetsSynced)
                  20200c23    00000001     empty.o (.bss.g_trackerUpdatePending)
                  20200c24    00000001     gimbal_tracker.o (.bss.g_trackingActive)
                  20200c25    00000001     gimbal_vision_pitch_tracker.o (.bss.g_trackingActive)
                  20200c26    00000001     gimbal_vision_yaw_tracker.o (.bss.g_trackingActive)
                  20200c27    00000001     ultrasonic.o (.bss.g_triggerRequest)
                  20200c28    00000001     ultrasonic.o (.bss.g_ultrasonicState)
                  20200c29    00000001     gimbal.o (.bss.g_yawLimitClamped)
                  20200c2a    00000001     gimbal.o (.bss.g_yawLimitDirection)
                  20200c2b    00000001     gimbal.o (.bss.g_yawPositionValid)
                  20200c2c    00000001     gimbal.o (.bss.g_yawWorldLockEnabled)
                  20200c2d    00000001     (.common:g_carStateDebug)
                  20200c2e    00000001     (.common:g_keyEvent)
                  20200c2f    00000001     (.common:g_oledPageDebug)
                  20200c30    00000001     (.common:g_paramItemDebug)
                  20200c31    00000001     (.common:g_trackBlackCount)
                  20200c32    00000001     (.common:g_trackModeDebug)
                  20200c33    00000001     (.common:g_trackRaw)
                  20200c34    00000001     (.common:g_trackTurnDebug)

.data      0    20200c35    00000001     UNINITIALIZED
                  20200c35    00000001     car_controller.o (.data.g_followTurnPolicy)

.stack     0    20207e00    00000200     UNINITIALIZED
                  20207e00    00000004     libc.a : boot_cortex_m.c.obj (.stack)
                  20207e04    000001fc     --HOLE--

__llvm_prf_cnts 
*          0    20200000    00000000     UNINITIALIZED

__llvm_prf_bits 
*          0    20200000    00000000     UNINITIALIZED

MODULE SUMMARY

       Module                          code    ro data   rw data
       ------                          ----    -------   -------
    .\
       vision_tuning_console.o         9616    102       613    
       oled_ui.o                       8492    908       1      
       gimbal.o                        7528    0         241    
       car_controller.o                4020    64        80     
       imu.o                           3304    0         40     
       motor_control.o                 2756    0         125    
       gimbal_tracker.o                2576    0         74     
       oled.o                          2210    401       1      
       gimbal_vision_yaw_tracker.o     2124    0         48     
       vision_receiver.o               1112    0         689    
       line_controller.o               1692    0         52     
       app_config.o                    1320    0         200    
       gimbal_stepper.o                1412    0         52     
       menu.o                          1328    87        5      
       wheel_speed_estimator.o         1276    0         94     
       mission_manager.o               1300    0         32     
       mission_library.o               174     1135      0      
       motion_action.o                 1156    0         24     
       obstacle_avoidance.o            1138    0         27     
       runtime_snapshot.o              764     0         296    
       gimbal_vision_pitch_tracker.o   864     0         26     
       motor.o                         776     0         16     
       empty.o                         676     0         59     
       vision_protocol.o               732     0         0      
       ti_msp_dl_config.o              636     23        48     
       ultrasonic.o                    596     0         29     
       heading_control.o               448     0         20     
       key.o                           436     0         19     
       app.o                           426     0         10     
       fault.o                         296     65        16     
       track_sensor.o                  372     0         0      
       vision_pitch_tuning.o           268     48        24     
       watchdog_monitor.o              292     0         26     
       vision_yaw_tuning.o             248     41        20     
       gimbal_vision_adapter.o         228     0         76     
       encoder.o                       276     0         9      
       obstacle_safety.o               264     0         1      
       obstacle_monitor.o              192     0         9      
       startup_mspm0g350x_ticlang.o    6       192       0      
       servo.o                         176     0         6      
       emergency_stop.o                176     0         1      
       vision_uart.o                   164     0         0      
       debug_telemetry.o               56      0         16     
       car_state.o                     36      0         1      
    +--+-------------------------------+-------+---------+---------+
       Total:                          63938   3066      3126   
                                                                
    C:/TI/mspm0_sdk_2_05_01_00/source/ti/driverlib/lib/ticlang/m0p/mspm0g1x0x_g3x0x/driverlib.a
       dl_timer.o                      388     0         0      
       dl_uart.o                       90      0         0      
       dl_common.o                     10      0         0      
    +--+-------------------------------+-------+---------+---------+
       Total:                          488     0         0      
                                                                
    D:\TI\CCS\ccs\tools\compiler\ti-cgt-armllvm_4.0.4.LTS\lib\armv6m-ti-none-eabi/c/libc.a
       memcpy16.S.obj                  154     0         0      
       strcmp-armv6m.S.obj             136     0         0      
       copy_decompress_lzss.c.obj      124     0         0      
       memset16.S.obj                  98      0         0      
       autoinit.c.obj                  60      0         0      
       boot_cortex_m.c.obj             56      0         0      
       memmov.c.obj                    40      0         0      
       copy_decompress_none.c.obj      18      0         0      
       copy_zero_init.c.obj            16      0         0      
       exit.c.obj                      6       0         0      
       pre_init.c.obj                  4       0         0      
    +--+-------------------------------+-------+---------+---------+
       Total:                          712     0         0      
                                                                
    D:\TI\CCS\ccs\tools\compiler\ti-cgt-armllvm_4.0.4.LTS\lib\armv6m-ti-none-eabi/c/libsysbm.a
       hostexit.c.obj                  4       0         0      
    +--+-------------------------------+-------+---------+---------+
       Total:                          4       0         0      
                                                                
    D:\TI\CCS\ccs\tools\compiler\ti-cgt-armllvm_4.0.4.LTS\lib\armv6m-ti-none-eabi/libclang_rt.builtins.a
       addsf3.S.obj                    216     0         0      
       udivmoddi4.S.obj                162     0         0      
       comparesf2.S.obj                140     0         0      
       mulsf3.S.obj                    140     0         0      
       divsf3.S.obj                    130     0         0      
       aeabi_fcmp.S.obj                98      0         0      
       fixsfdi.S.obj                   96      0         0      
       aeabi_idivmod.S.obj             86      0         0      
       floatdisf.S.obj                 78      0         0      
       aeabi_uidivmod.S.obj            64      0         0      
[...]
00000000  interruptVectors                          
000000c1  OledUi_Update_20ms                        
00000200  __STACK_SIZE                              
00002105  VisionTuningConsole_Process               
00003ed9  GimbalTracker_Update                      
0000479d  WheelSpeedEstimator_Update                
00004bb9  LineController_Update                     
00004f79  VisionReceiver_Process                    
00005329  AppConfig_LimitAll                        
000056cd  GimbalVisionYawTracker_Update10ms         
00005a55  Menu_HandleKeyEvent                       
00006141  ObstacleAvoidance_Update_20ms             
00006a81  RuntimeSnapshot_Update                    
00006d65  Imu_Init                                  
000072e5  Gimbal_YawSetWrappedTargetDeg             
0000757d  Gimbal_YawUpdate5ms                       
00007811  Gimbal_PitchSetTrackingSpeedDegS          
00007aa1  MotorControl_Update                       
00008201  OLED_Clear                                
0000868d  MotionAction_Update_20ms                  
000088c1  GimbalVisionPitchTracker_Update10ms       
00008ae9  Imu_CalibrateGyroBias                     
00008cfd  Motor_SetSpeed                            
00008f01  VisionProtocol_ParseV1TargetFrame         
000094a5  Gimbal_PitchUpdate5ms                     
00009819  Ultrasonic_Tick100us                      
000099b9  GimbalStepper_Tick100us                   
00009b4d  GimbalVisionYawTracker_Enable             
00009cd5  AppConfig_InitDefault                     
00009e59  Gimbal_PitchTick100us                     
00009fd9  GimbalStepper_MoveToEstimatedSteps        
0000a155  Key_Update_20ms                           
0000a2c9  Gimbal_Init                               
0000a435  main                                      
0000a59d  HeadingControl_Update                     
0000adc5  CarController_Update_20ms                 
0000af15  OLED_PrintInt16                           
0000b051  Imu_Update                                
0000b3e5  App_Update_20ms                           
0000b50d  Gimbal_YawEnableWorldLock                 
0000b635  MotionAction_Start                        
0000bbcd  DL_Timer_initFourCCPWMMode                
0000bcd1  MotorControl_SetNormalizedTarget          
0000bdd1  Gimbal_PitchRelease                       
0000becd  MissionManager_Update_20ms                
0000bfc9  SysTick_Handler                           
0000c0c5  Gimbal_PitchStopHold                      
0000c1b5  MissionManager_SelectNext                 
0000c479  LineController_ResetControlState          
0000c55d  LineController_Init                       
0000c63d  LineController_Reset                      
0000c71d  ObstacleSafety_Update_20ms                
0000c7fd  Gimbal_PitchConfirmZero                   
0000c8d9  SYSCFG_DL_GPIO_init                       
0000ca91  MissionManager_SelectPrevious             
0000cb69  OLED_PrintUInt16                          
0000cc41  WheelSpeedEstimator_Init                  
0000cdf1  __aeabi_fsub                              
0000cdf1  __subsf3                                  
0000cdfb  __addsf3                                  
0000cdfb  __aeabi_fadd                              
0000cec9  OLED_Init                                 
0000cf9d  OLED_PrintChar                            
0000d06d  FaultCode_ToShortString                   
0000d135  Gimbal_YawConfirmZero                     
0000d1fd  CarController_StartSeekLine               
0000d2bd  CarController_StartTurnToYawRelative      
0000d379  CarController_StartDriveHeading           
0000d42d  GimbalStepper_StopHold                    
0000d4e1  GimbalVisionAdapter_Update                
0000d595  GimbalStepper_Init                        
0000d645  Gimbal_PitchMoveRelativeDeg               
0000d6f5  GimbalVisionPitchTracker_Enable           
0000d79d  Encoder_HandleGpioInterrupt               
0000d8e5  __udivmoddi4                              
0000d987  ADC0_IRQHandler                           
0000d987  ADC1_IRQHandler                           
0000d987  AES_IRQHandler                            
0000d987  CANFD0_IRQHandler                         
0000d987  DAC0_IRQHandler                           
0000d987  DMA_IRQHandler                            
0000d987  Default_Handler                           
0000d987  GROUP0_IRQHandler                         
0000d987  HardFault_Handler                         
0000d987  I2C0_IRQHandler                           
0000d987  I2C1_IRQHandler                           
0000d987  NMI_Handler                               
0000d987  PendSV_Handler                            
0000d987  RTC_IRQHandler                            
0000d987  SPI0_IRQHandler                           
0000d987  SPI1_IRQHandler                           
0000d987  SVC_Handler                               
0000d987  TIMA0_IRQHandler                          
0000d987  TIMA1_IRQHandler                          
0000d987  TIMG0_IRQHandler                          
0000d987  TIMG12_IRQHandler                         
0000d987  TIMG6_IRQHandler                          
0000d987  TIMG7_IRQHandler                          
0000d987  TIMG8_IRQHandler                          
0000d987  UART0_IRQHandler                          
0000d987  UART1_IRQHandler                          
0000d987  UART2_IRQHandler                          
0000d989  CarController_StartFollowLine             
0000da25  ObstacleMonitor_Update_20ms               
0000dac1  memcpy                                    
0000db5b  TrackSensor_Init                          
0000dbf5  CarController_Init                        
0000dc85  CarController_StartTurnRight90            
0000dd15  CarController_ResetRuntime                
0000dda1  CarController_StartTurnLeft90             
0000de2d  Gimbal_YawDisableWorldLock                
0000deb9  Gimbal_YawStopHold                        
0000df45  SYSCFG_DL_PWM_MOTOR_init                  
0000dfd1  __aeabi_fmul                              
0000dfd1  __mulsf3                                  
0000e05c  C$$EXIT                                   
0000e05d  HOSTexit                                  
0000e061  strcmp                                    
0000e0e9  GimbalStepper_ConfirmZero                 
0000e16d  GimbalTracker_PushObservation             
0000e1f1  Motor_Init                                
0000e275  App_Init                                  
0000e2f7  MissionLibrary_Validate                   
0000e379  __aeabi_fdiv                              
0000e379  __divsf3                                  
0000e3fb  __aeabi_idiv0                             
0000e3fd  GimbalTracker_Init                        
0000e47d  Motor_Stop                                
0000e4fd  CarController_SetSafetyHold               
0000e579  VisionPitchTuning_Set                     
0000e5f5  __TI_decompress_lzss                      
0000e75d  GimbalStepper_Release                     
0000e7cd  Menu_GetParamValue                        
0000e83d  SYSCFG_DL_UART_VISION_init                
0000e8ad  VisionYawTuning_Set                       
0000e91d  TrackSensor_DetectTurn                    
0000e98b  __aeabi_ldiv0                             
0000e98d  GimbalVisionYawTracker_Init               
0000e9f9  MissionManager_GetSelectedMissionIndex    
0000ea61  TrackSensor_GetErrorFromRaw               
0000eac9  Gimbal_YawRelease                         
0000eb2d  __aeabi_fcmpeq                            
0000eb41  __aeabi_fcmplt                            
0000eb55  __aeabi_fcmple                            
0000eb69  __aeabi_fcmpge                            
0000eb7d  __aeabi_fcmpgt                            
0000eb8f  memset                                    
0000ebf1  GimbalTracker_Enable                      
0000ec51  GimbalTracker_GetFeedback                 
0000ecb1  VisionTuningConsole_Init                  
0000ed11  __aeabi_f2lz                              
0000ed11  __fixsfdi                                 
0000edd1  UART3_IRQHandler                          
0000ee2d  Ultrasonic_Update_20ms                    
0000eee5  Gimbal_YawMoveRelativeDeg                 
0000ef3d  __aeabi_idiv                              
0000ef3d  __aeabi_idivmod                           
0000ef95  TrackSensor_ReadRaw                       
0000f091  MissionManager_Start                      
0000f0e1  Ultrasonic_Init                           
0000f131  WatchdogMonitor_ApplyFaultIfNeeded        
0000f181  __aeabi_l2f                               
0000f181  __floatdisf                               
0000f1d1  MotorControl_Stop                         
0000f21d  WatchdogMonitor_Tick1msFromIsr            
0000f2b5  DL_UART_init                              
0000f2fd  MissionManager_Init                       
0000f345  MotionAction_ReapplyControllerTarget      
0000f38d  Encoder_GetAndClearPulseDeltas            
0000f3d1  Servo_Tick100us                           
0000f415  EmergencyStop_Reset                       
0000f455  GimbalVisionPitchTracker_Init             
0000f495  SYSCFG_DL_SYSCTL_init                     
0000f4d5  SYSCFG_DL_initPower                       
0000f515  VisionReceiver_PushByteFromIsr            
0000f555  __aeabi_uidiv                             
0000f555  __aeabi_uidivmod                          
0000f595  __divmoddi4                               
0000f5d5  GimbalTracker_ClearObservation            
0000f611  Servo_SetAngleDeg                         
0000f64d  VisionTuningConsole_PushByteFromIsr       
0000f689  __aeabi_i2f                               
0000f689  __floatsisf                               
0000f6c5  __gesf2                                   
0000f6c5  __gtsf2                                   
0000f701  __TI_auto_init_nobinit_nopinit            
0000f73d  __cmpsf2                                  
0000f73d  __eqsf2                                   
0000f73d  __lesf2                                   
0000f73d  __ltsf2                                   
0000f73d  __nesf2                                   
0000f779  __muldsi3                                 
0000f7b5  VisionReceiver_Init                       
0000f7ed  __aeabi_f2iz                              
0000f7ed  __fixsfsi                                 
0000f825  EmergencyStop_Trigger                     
0000f859  MissionManager_Cancel                     
0000f88d  OLED_SetCursor                            
0000f8c1  VisionTuningConsole_TryPopTxByte          
0000f8f5  VisionUart_Process                        
0000f95d  OLED_PrintString                          
0000f991  Fault_Raise                               
0000f9c1  GimbalVisionYawTracker_GetFeedback        
0000f9f1  Gimbal_PitchGetFeedback                   
0000fa21  Key_Init                                  
0000fa51  LineController_ObserveSensors             
0000fa81  MissionManager_Reset                      
0000fab1  MissionManager_Resume                     
0000fae1  VisionPitchTuning_RestoreDefault          
0000fb11  WatchdogMonitor_Init                      
0000fb71  Encoder_Reset                             
0000fb9d  TrackSensor_CountBlack                    
0000fbc9  VisionYawTuning_RestoreDefault            
0000fc21  ObstacleAvoidance_Init                    
0000fc49  Servo_Init                                
0000fc71  VisionPitchTuning_Init                    
0000fc99  WatchdogMonitor_Reset                     
0000fcc1  __aeabi_ui2f                              
0000fcc1  __floatunsisf                             
0000fce9  memmove                                   
0000fd11  _c_int00_noargs                           
0000fd39  CarController_Stop                        
0000fd5d  EmergencyStop_Enforce                     
0000fd81  GimbalVisionPitchTracker_GetFeedback      
0000fda5  MissionManager_ReportExternalFailure      
0000fdc9  MotorControl_Init                         
0000fded  MotorControl_Reset                        
0000fe11  SYSCFG_DL_init                            
0000fe35  VisionYawTuning_Init                      
0000fe59  __aeabi_lmul                              
0000fe59  __muldi3                                  
0000fe7d  DL_Timer_overrideCCPOut                   
0000fe9d  DebugTelemetry_Update                     
0000febd  MissionManager_Pause                      
0000fedd  MotionAction_GetCurrentBypassDirection    
0000fefd  MotionAction_GetCurrentObstaclePolicy     
0000ff1d  MotionAction_Init                         
0000ff3d  SchedulerMonitor_GetStats                 
0000ff5d  VisionReceiver_GetProtocolErrorCount      
0000ffbd  __aeabi_llsl                              
0000ffbd  __ashldi3                                 
0000ffdd  DL_Timer_setCaptCompUpdateMethod          
0000fff9  DL_Timer_setClockConfig                   
00010015  GimbalVisionAdapter_Init                  
00010031  Imu_IsReady                               
0001004d  Menu_Init                                 
00010069  ObstacleMonitor_Init                      
00010085  ObstacleSafety_Init                       
000100a1  VisionPitchTuning_ParamName               
000100bd  VisionYawTuning_GetSnapshot               
000100d9  VisionYawTuning_ParamName                 
000100f5  WatchdogMonitor_NotifyControlCycleComplete
0001012d  CarController_RunModeToString             
00010145  DL_Timer_setCaptureCompareOutCtl          
0001015d  DebugTelemetry_Init                       
00010175  HeadingControl_SetTargetYaw               
0001018d  Menu_ParamItemToString                    
000101a5  MotionAction_Cancel                       
000101bd  RuntimeSnapshot_Init                      
000101d5  __aeabi_fcmpun                            
000101d5  __unordsf2                                
000101ed  Fault_Clear                               
00010201  Fault_Init                                
00010215  GROUP1_IRQHandler                         
00010229  GimbalStepper_SetStepHalfPeriodTicks      
0001023d  HeadingControl_Enable                     
00010251  HeadingControl_Init                       
00010265  HeadingControl_Reset                      
00010279  MissionLibrary_FindById                   
0001028d  MissionLibrary_GetByIndex                 
000102a1  MissionManager_GetSelectedMissionId       
000102b5  VisionPitchTuning_GetSnapshot             
000102c9  VisionUart_Init                           
000102dd  __aeabi_ldivmod                           
000102f1  __aeabi_uldivmod                          
00010305  DL_UART_setClockConfig                    
00010317  __TI_decompress_none                      
00010329  DL_Timer_setCaptureCompareValue           
00010339  Gimbal_YawGetFeedback                     
00010349  Key_GetEvent                              
00010359  ObstacleAvoidance_IsResumeGraceActive     
00010369  __TI_zero_init                            
00010379  CarController_GetRunMode                  
00010385  CarController_IsSafetyHoldActive          
00010391  CarState_Get                              
0001039d  CarState_Init                             
000103a9  CarState_Set                              
000103b5  EmergencyStop_Init                        
000103c1  EmergencyStop_IsActive                    
000103cd  GimbalVisionAdapter_GetObservation        
000103d9  Gimbal_Tick100us                          
000103e5  Gimbal_Update5ms                          
000103f1  Imu_GetCorrectedGyroZDps                  
000103fd  Imu_GetYaw                                
00010409  Imu_ResetYaw                              
00010415  Menu_GetPage                              
00010421  Menu_GetParamItem                         
0001042d  MissionManager_IsExternallyHeld           
00010439  MissionManager_SetExternalHold            
00010445  ObstacleAvoidance_IsActive                
00010451  ObstacleAvoidance_IsFailed                
0001045d  ObstacleSafety_IsHolding                  
00010469  OledUi_Init                               
00010475  SystemTime_GetMs                          
00010481  WatchdogMonitor_HasTripped                
0001048d  __aeabi_memclr                            
0001048d  __aeabi_memclr4                           
0001048d  __aeabi_memclr8                           
00010499  DL_Common_delayCycles                     
000104a3  TrackSensor_IsCenterDetected              
000104ad  TrackSensor_IsLineDetected                
000104b7  TrackSensor_IsLineLost                    
000104c1  CarController_GetFeedback                 
000104c9  Fault_GetRecord                           
000104d1  GimbalStepper_GetFeedback                 
000104d9  GimbalVisionAdapter_GetFeedback           
000104e1  Gimbal_PitchStopTrackingHold              
000104e9  HeadingControl_GetRuntime                 
000104f1  Imu_GetRuntime                            
000104f9  LineController_GetRuntime                 
00010501  MissionManager_GetMissionCount            
00010509  MissionManager_GetRuntime                 
00010511  MotionAction_GetRuntime                   
00010519  MotorControl_GetRuntime                   
00010521  ObstacleAvoidance_GetFeedback             
00010529  ObstacleMonitor_GetFeedback               
00010531  Servo_GetFeedback                         
00010539  Ultrasonic_GetFeedback                    
00010541  VisionPitchTuning_GetStatus               
00010549  VisionReceiver_GetObservation             
00010551  VisionReceiver_GetStatus                  
00010559  VisionTuningConsole_GetStatus             
00010561  WatchdogMonitor_GetStatus                 
00010569  WheelSpeedEstimator_GetRuntime            
00010571  __aeabi_memcpy                            
00010571  __aeabi_memcpy4                           
00010571  __aeabi_memcpy8                           
00010579  __aeabi_memmove                           
00010579  __aeabi_memmove4                          
00010579  __aeabi_memmove8                          
00010581  abort                                     
00010587  MissionLibrary_GetCount                   
0001058b  Reset_Handler                             
000105a1  _system_pre_init                          
000110f0  __TI_Handler_Table_Base                   
000110fc  __TI_Handler_Table_Limit                  
0001110c  __TI_CINIT_Base                           
0001111c  __TI_CINIT_Limit                          
0001111c  __TI_CINIT_Warm                           
20200000  __start___llvm_prf_bits                   
20200000  __start___llvm_prf_cnts                   
20200000  __stop___llvm_prf_bits                    
20200000  __stop___llvm_prf_cnts                    
20200528  g_appConfig                               
202006c8  g_wheelSpeedEstimatorRuntime              
20200828  g_appRuntime                              
2020089c  gUART_VISIONBackup                        
20200974  g_imuRuntime                              
20200a98  g_headingRuntime                          
20200bea  g_trackError                              
20200c2d  g_carStateDebug                           
20200c2e  g_keyEvent                                
20200c2f  g_oledPageDebug                           
20200c30  g_paramItemDebug                          
20200c31  g_trackBlackCount                         
20200c32  g_trackModeDebug                          
20200c33  g_trackRaw                                
20200c34  g_trackTurnDebug                          
20207e00  __stack                                   
20208000  __STACK_END                               
ffffffff  __TI_pprof_out_hndl                       
ffffffff  __TI_prof_data_size                       
ffffffff  __TI_prof_data_start                      
ffffffff  __binit__                                 
ffffffff  binit                                     
UNDEFED   __mpu_init                                
UNDEFED   _system_post_cinit                        

[387 symbols]
